COMMAND:
/shared/generate_rom_data/extrudate_swell2d_c_cluster

STDOUT:
 comppar: model =   2
 comppar: lambda,mobility/eps,betav,eta_0 =  1.0000E+00  3.0000E-01  1.0000E-01  1.0000E+00
 comppar: eta_s,eta_p,G =  1.0000E-01  9.0000E-01  9.0000E-01
 comppar: U_avg,deltat,flowrate,nsteps =  2.0000E-01  4.0000E-01  6.2832E-01     700
 comppar: geometry = axisymmetric
 comppar: steady stop change,gap,hold,min =  1.0000E-05  1.0000E-02      10      80
 comppar: ncompc,ncompg =     4     5
 mesh nnodes = 5765
 mesh nelem = 2780
 P1 BC   5.0000000000000000     
 P2 BC   0.0000000000000000     
     1  4.00000000E-01  1.00996361E+00  1.00000000E+00  1.00996361E+00
     2  8.00000000E-01  1.01944622E+00  1.00000000E+00  1.01944622E+00
     3  1.20000000E+00  1.02851029E+00  1.00000001E+00  1.02851029E+00
     4  1.60000000E+00  1.03771216E+00  1.00000001E+00  1.03771216E+00
     5  2.00000000E+00  1.04706800E+00  1.00000001E+00  1.04706800E+00
     6  2.40000000E+00  1.05655557E+00  9.99999999E-01  1.05655557E+00
     7  2.80000000E+00  1.06591878E+00  9.99999984E-01  1.06591878E+00
     8  3.20000000E+00  1.07482397E+00  9.99999957E-01  1.07482397E+00
     9  3.60000000E+00  1.08325553E+00  9.99999914E-01  1.08325553E+00
    10  4.00000000E+00  1.09123859E+00  9.99999851E-01  1.09123859E+00
    11  4.40000000E+00  1.09884147E+00  9.99999762E-01  1.09884147E+00
    12  4.80000000E+00  1.10607069E+00  9.99999639E-01  1.10607069E+00
    13  5.20000000E+00  1.11295566E+00  9.99999474E-01  1.11295566E+00
    14  5.60000000E+00  1.11947564E+00  9.99999257E-01  1.11947564E+00
    15  6.00000000E+00  1.12556881E+00  9.99998977E-01  1.12556881E+00
    16  6.40000000E+00  1.13145677E+00  9.99998619E-01  1.13145677E+00
    17  6.80000000E+00  1.13695375E+00  9.99998167E-01  1.13695375E+00
    18  7.20000000E+00  1.14202459E+00  9.99997600E-01  1.14202459E+00
    19  7.60000000E+00  1.14684999E+00  9.99996898E-01  1.14684999E+00
    20  8.00000000E+00  1.15139655E+00  9.99996035E-01  1.15139655E+00
    21  8.40000000E+00  1.15556278E+00  9.99994982E-01  1.15556278E+00
    22  8.80000000E+00  1.15948658E+00  9.99993707E-01  1.15948658E+00
    23  9.20000000E+00  1.16319978E+00  9.99992172E-01  1.16319978E+00
    24  9.60000000E+00  1.16658357E+00  9.99990337E-01  1.16658357E+00
    25  1.00000000E+01  1.16967467E+00  9.99988155E-01  1.16967467E+00
    26  1.04000000E+01  1.17265577E+00  9.99985575E-01  1.17265577E+00
    27  1.08000000E+01  1.17534913E+00  9.99982544E-01  1.17534913E+00
    28  1.12000000E+01  1.17778751E+00  9.99979003E-01  1.17778751E+00
    29  1.16000000E+01  1.18002962E+00  9.99974888E-01  1.18002962E+00
    30  1.20000000E+01  1.18216063E+00  9.99970136E-01  1.18216063E+00
    31  1.24000000E+01  1.18407124E+00  9.99964680E-01  1.18407124E+00
    32  1.28000000E+01  1.18578205E+00  9.99958454E-01  1.18578205E+00
    33  1.32000000E+01  1.18731274E+00  9.99951396E-01  1.18731274E+00
    34  1.36000000E+01  1.18872362E+00  9.99943452E-01  1.18872362E+00
    35  1.40000000E+01  1.19002829E+00  9.99934576E-01  1.19002829E+00
    36  1.44000000E+01  1.19118541E+00  9.99924743E-01  1.19118541E+00
    37  1.48000000E+01  1.19221130E+00  9.99913950E-01  1.19221130E+00
    38  1.52000000E+01  1.19311660E+00  9.99902229E-01  1.19311660E+00
    39  1.56000000E+01  1.19391753E+00  9.99889654E-01  1.19391753E+00
    40  1.60000000E+01  1.19461908E+00  9.99876362E-01  1.19461908E+00
    41  1.64000000E+01  1.19523656E+00  9.99862562E-01  1.19523656E+00
    42  1.68000000E+01  1.19579617E+00  9.99848561E-01  1.19579617E+00
    43  1.72000000E+01  1.19628653E+00  9.99834788E-01  1.19628653E+00
    44  1.76000000E+01  1.19671364E+00  9.99821820E-01  1.19671364E+00
    45  1.80000000E+01  1.19707773E+00  9.99810425E-01  1.19707773E+00
    46  1.84000000E+01  1.19739346E+00  9.99801593E-01  1.19739346E+00
    47  1.88000000E+01  1.19765855E+00  9.99796597E-01  1.19765855E+00
    48  1.92000000E+01  1.19788759E+00  9.99797040E-01  1.19788759E+00
    49  1.96000000E+01  1.19807544E+00  9.99804931E-01  1.19807544E+00
    50  2.00000000E+01  1.19823640E+00  9.99822757E-01  1.19823640E+00
    51  2.04000000E+01  1.19836478E+00  9.99853575E-01  1.19836478E+00
    52  2.08000000E+01  1.19847447E+00  9.99901113E-01  1.19847447E+00
    53  2.12000000E+01  1.19855781E+00  9.99969891E-01  1.19855781E+00
    54  2.16000000E+01  1.19862855E+00  1.00006535E+00  1.19862855E+00
    55  2.20000000E+01  1.19869468E+00  1.00019399E+00  1.19869468E+00
    56  2.24000000E+01  1.19874865E+00  1.00036354E+00  1.19874865E+00
    57  2.28000000E+01  1.19879693E+00  1.00058317E+00  1.19879693E+00
    58  2.32000000E+01  1.19882980E+00  1.00086361E+00  1.19882980E+00
    59  2.36000000E+01  1.19885986E+00  1.00121741E+00  1.19885986E+00
    60  2.40000000E+01  1.19887698E+00  1.00165915E+00  1.19887698E+00
    61  2.44000000E+01  1.19889352E+00  1.00220561E+00  1.19889352E+00
    62  2.48000000E+01  1.19889862E+00  1.00287602E+00  1.19889862E+00
    63  2.52000000E+01  1.19890469E+00  1.00369222E+00  1.19890469E+00
    64  2.56000000E+01  1.19890951E+00  1.00467878E+00  1.19890951E+00
    65  2.60000000E+01  1.19892652E+00  1.00586316E+00  1.19892652E+00
    66  2.64000000E+01  1.19894561E+00  1.00727563E+00  1.19894561E+00
    67  2.68000000E+01  1.19895515E+00  1.00894921E+00  1.19895515E+00
    68  2.72000000E+01  1.19896735E+00  1.01091941E+00  1.19896735E+00
    69  2.76000000E+01  1.19897040E+00  1.01322383E+00  1.19897040E+00
    70  2.80000000E+01  1.19897671E+00  1.01590143E+00  1.19897671E+00
    71  2.84000000E+01  1.19897421E+00  1.01899172E+00  1.19897421E+00
    72  2.88000000E+01  1.19899016E+00  1.02253356E+00  1.19899016E+00
    73  2.92000000E+01  1.19901488E+00  1.02656368E+00  1.19901488E+00
    74  2.96000000E+01  1.19903025E+00  1.03111499E+00  1.19903025E+00
    75  3.00000000E+01  1.19904886E+00  1.03621455E+00  1.19904886E+00
    76  3.04000000E+01  1.19905828E+00  1.04188141E+00  1.19905828E+00
    77  3.08000000E+01  1.19907118E+00  1.04812433E+00  1.19907118E+00
    78  3.12000000E+01  1.19907501E+00  1.05493950E+00  1.19907501E+00
    79  3.16000000E+01  1.19908998E+00  1.06230850E+00  1.19908998E+00
    80  3.20000000E+01  1.19912144E+00  1.07019659E+00  1.19912144E+00
    81  3.24000000E+01  1.19914299E+00  1.07855154E+00  1.19914299E+00
    82  3.28000000E+01  1.19916774E+00  1.08730329E+00  1.19916774E+00
    83  3.32000000E+01  1.19918270E+00  1.09636448E+00  1.19918270E+00
    84  3.36000000E+01  1.19920104E+00  1.10563200E+00  1.19920104E+00
    85  3.40000000E+01  1.19920970E+00  1.11498968E+00  1.19920970E+00
    86  3.44000000E+01  1.19922309E+00  1.12431202E+00  1.19922309E+00
    87  3.48000000E+01  1.19925942E+00  1.13346877E+00  1.19925942E+00
    88  3.52000000E+01  1.19928521E+00  1.14233021E+00  1.19928521E+00
    89  3.56000000E+01  1.19931418E+00  1.15077276E+00  1.19931418E+00
    90  3.60000000E+01  1.19933276E+00  1.15868447E+00  1.19933276E+00
    91  3.64000000E+01  1.19935467E+00  1.16597009E+00  1.19935467E+00
    92  3.68000000E+01  1.19936636E+00  1.17255509E+00  1.19936636E+00
    93  3.72000000E+01  1.19938153E+00  1.17838855E+00  1.19938153E+00
    94  3.76000000E+01  1.19941631E+00  1.18344447E+00  1.19941631E+00
    95  3.80000000E+01  1.19944493E+00  1.18772147E+00  1.19944493E+00
    96  3.84000000E+01  1.19947675E+00  1.19124101E+00  1.19947675E+00
    97  3.88000000E+01  1.19949771E+00  1.19404430E+00  1.19949771E+00
    98  3.92000000E+01  1.19952205E+00  1.19618831E+00  1.19952205E+00
    99  3.96000000E+01  1.19953573E+00  1.19774131E+00  1.19953573E+00
   100  4.00000000E+01  1.19955296E+00  1.19877849E+00  1.19955296E+00
   101  4.04000000E+01  1.19958452E+00  1.19937796E+00  1.19958452E+00
   102  4.08000000E+01  1.19961760E+00  1.19961760E+00  1.19961760E+00
   103  4.12000000E+01  1.19957279E+00  1.19957279E+00  1.19957279E+00
   104  4.16000000E+01  1.19931496E+00  1.19931496E+00  1.19931496E+00
   105  4.20000000E+01  1.19891075E+00  1.19891075E+00  1.19891075E+00
   106  4.24000000E+01  1.19842154E+00  1.19842154E+00  1.19842154E+00
   107  4.28000000E+01  1.19790285E+00  1.19790285E+00  1.19790285E+00
   108  4.32000000E+01  1.19740336E+00  1.19740336E+00  1.19740336E+00
   109  4.36000000E+01  1.19714250E+00  1.19696364E+00  1.19714250E+00
   110  4.40000000E+01  1.19714248E+00  1.19661439E+00  1.19714248E+00
   111  4.44000000E+01  1.19714246E+00  1.19637484E+00  1.19714246E+00
   112  4.48000000E+01  1.19714244E+00  1.19625153E+00  1.19714244E+00
   113  4.52000000E+01  1.19714243E+00  1.19623821E+00  1.19714243E+00
   114  4.56000000E+01  1.19714242E+00  1.19631696E+00  1.19714242E+00
   115  4.60000000E+01  1.19714242E+00  1.19646098E+00  1.19714242E+00
   116  4.64000000E+01  1.19714241E+00  1.19663853E+00  1.19714241E+00
   117  4.68000000E+01  1.19714241E+00  1.19681772E+00  1.19714241E+00
   118  4.72000000E+01  1.19714240E+00  1.19697113E+00  1.19714240E+00
   119  4.76000000E+01  1.19714239E+00  1.19707963E+00  1.19714239E+00
   120  4.80000000E+01  1.19714239E+00  1.19713454E+00  1.19714239E+00
   121  4.84000000E+01  1.19714239E+00  1.19713777E+00  1.19714239E+00
   122  4.88000000E+01  1.19714238E+00  1.19710001E+00  1.19714238E+00
   123  4.92000000E+01  1.19714238E+00  1.19703742E+00  1.19714238E+00
   124  4.96000000E+01  1.19714238E+00  1.19696761E+00  1.19714238E+00
   125  5.00000000E+01  1.19714238E+00  1.19690593E+00  1.19714238E+00
   126  5.04000000E+01  1.19714238E+00  1.19686268E+00  1.19714238E+00
   127  5.08000000E+01  1.19714238E+00  1.19684191E+00  1.19714238E+00
   128  5.12000000E+01  1.19714237E+00  1.19684185E+00  1.19714237E+00
   129  5.16000000E+01  1.19714237E+00  1.19685649E+00  1.19714237E+00
   130  5.20000000E+01  1.19714237E+00  1.19687800E+00  1.19714237E+00
   131  5.24000000E+01  1.19714237E+00  1.19689899E+00  1.19714237E+00
   132  5.28000000E+01  1.19714237E+00  1.19691423E+00  1.19714237E+00
   133  5.32000000E+01  1.19714237E+00  1.19692141E+00  1.19714237E+00
   134  5.36000000E+01  1.19714237E+00  1.19692103E+00  1.19714237E+00
   135  5.40000000E+01  1.19714237E+00  1.19691547E+00  1.19714237E+00
   136  5.44000000E+01  1.19714237E+00  1.19690784E+00  1.19714237E+00
   137  5.48000000E+01  1.19714237E+00  1.19690090E+00  1.19714237E+00
   138  5.52000000E+01  1.19714237E+00  1.19689637E+00  1.19714237E+00
   139  5.56000000E+01  1.19714237E+00  1.19689473E+00  1.19714237E+00
   140  5.60000000E+01  1.19714237E+00  1.19689545E+00  1.19714237E+00
   141  5.64000000E+01  1.19714237E+00  1.19689746E+00  1.19714237E+00
   142  5.68000000E+01  1.19714237E+00  1.19689962E+00  1.19714237E+00
 steady-height stop at step    142: changes <=   1.0000E-05, max-end <=   1.0000E-02, max/end/gap/profile_change =   1.19714237E+00  1.19689962E+00  2.42750400E-04  2.16555182E-06


STDERR:
