COMMAND:
/shared/generate_rom_data/extrudate_swell2d_c_cluster

STDOUT:
 comppar: model =   2
 comppar: lambda,mobility/eps,betav,eta_0 =  1.0000E+00  3.0000E-01  5.0000E-01  1.0000E+00
 comppar: eta_s,eta_p,G =  5.0000E-01  5.0000E-01  5.0000E-01
 comppar: U_avg,deltat,flowrate,nsteps =  2.0000E-01  4.0000E-01  6.2832E-01     700
 comppar: geometry = axisymmetric
 comppar: steady stop change,gap,hold,min =  1.0000E-05  1.0000E-02      10      80
 comppar: ncompc,ncompg =     4     5
 mesh nnodes = 5765
 mesh nelem = 2780
 P1 BC   5.0000000000000000     
 P2 BC   0.0000000000000000     
     1  4.00000000E-01  1.00997587E+00  1.00000000E+00  1.00997587E+00
     2  8.00000000E-01  1.01942885E+00  1.00000000E+00  1.01942885E+00
     3  1.20000000E+00  1.02852930E+00  1.00000000E+00  1.02852930E+00
     4  1.60000000E+00  1.03748703E+00  1.00000000E+00  1.03748703E+00
     5  2.00000000E+00  1.04629452E+00  1.00000000E+00  1.04629452E+00
     6  2.40000000E+00  1.05493468E+00  9.99999990E-01  1.05493468E+00
     7  2.80000000E+00  1.06332798E+00  9.99999970E-01  1.06332798E+00
     8  3.20000000E+00  1.07135856E+00  9.99999937E-01  1.07135856E+00
     9  3.60000000E+00  1.07896688E+00  9.99999887E-01  1.07896688E+00
    10  4.00000000E+00  1.08617204E+00  9.99999814E-01  1.08617204E+00
    11  4.40000000E+00  1.09297191E+00  9.99999711E-01  1.09297191E+00
    12  4.80000000E+00  1.09937700E+00  9.99999569E-01  1.09937700E+00
    13  5.20000000E+00  1.10538879E+00  9.99999380E-01  1.10538879E+00
    14  5.60000000E+00  1.11099682E+00  9.99999131E-01  1.11099682E+00
    15  6.00000000E+00  1.11622957E+00  9.99998808E-01  1.11622957E+00
    16  6.40000000E+00  1.12114342E+00  9.99998396E-01  1.12114342E+00
    17  6.80000000E+00  1.12581117E+00  9.99997875E-01  1.12581117E+00
    18  7.20000000E+00  1.13010874E+00  9.99997223E-01  1.13010874E+00
    19  7.60000000E+00  1.13404859E+00  9.99996415E-01  1.13404859E+00
    20  8.00000000E+00  1.13774789E+00  9.99995422E-01  1.13774789E+00
    21  8.40000000E+00  1.14123409E+00  9.99994211E-01  1.14123409E+00
    22  8.80000000E+00  1.14441713E+00  9.99992745E-01  1.14441713E+00
    23  9.20000000E+00  1.14731024E+00  9.99990980E-01  1.14731024E+00
    24  9.60000000E+00  1.14997668E+00  9.99988872E-01  1.14997668E+00
    25  1.00000000E+01  1.15250289E+00  9.99986367E-01  1.15250289E+00
    26  1.04000000E+01  1.15478356E+00  9.99983412E-01  1.15478356E+00
    27  1.08000000E+01  1.15685131E+00  9.99979947E-01  1.15685131E+00
    28  1.12000000E+01  1.15870726E+00  9.99975908E-01  1.15870726E+00
    29  1.16000000E+01  1.16044863E+00  9.99971232E-01  1.16044863E+00
    30  1.20000000E+01  1.16204088E+00  9.99965855E-01  1.16204088E+00
    31  1.24000000E+01  1.16345966E+00  9.99959715E-01  1.16345966E+00
    32  1.28000000E+01  1.16473205E+00  9.99952755E-01  1.16473205E+00
    33  1.32000000E+01  1.16585987E+00  9.99944931E-01  1.16585987E+00
    34  1.36000000E+01  1.16688042E+00  9.99936214E-01  1.16688042E+00
    35  1.40000000E+01  1.16782351E+00  9.99926598E-01  1.16782351E+00
    36  1.44000000E+01  1.16865003E+00  9.99916111E-01  1.16865003E+00
    37  1.48000000E+01  1.16938129E+00  9.99904827E-01  1.16938129E+00
    38  1.52000000E+01  1.17001739E+00  9.99892878E-01  1.17001739E+00
    39  1.56000000E+01  1.17057770E+00  9.99880477E-01  1.17057770E+00
    40  1.60000000E+01  1.17106052E+00  9.99867933E-01  1.17106052E+00
    41  1.64000000E+01  1.17148378E+00  9.99855685E-01  1.17148378E+00
    42  1.68000000E+01  1.17184503E+00  9.99844331E-01  1.17184503E+00
    43  1.72000000E+01  1.17216015E+00  9.99834665E-01  1.17216015E+00
    44  1.76000000E+01  1.17242536E+00  9.99827727E-01  1.17242536E+00
    45  1.80000000E+01  1.17265568E+00  9.99824853E-01  1.17265568E+00
    46  1.84000000E+01  1.17284576E+00  9.99827744E-01  1.17284576E+00
    47  1.88000000E+01  1.17300930E+00  9.99838538E-01  1.17300930E+00
    48  1.92000000E+01  1.17314073E+00  9.99859895E-01  1.17314073E+00
    49  1.96000000E+01  1.17325270E+00  9.99895101E-01  1.17325270E+00
    50  2.00000000E+01  1.17333884E+00  9.99948183E-01  1.17333884E+00
    51  2.04000000E+01  1.17341097E+00  1.00002404E+00  1.17341097E+00
    52  2.08000000E+01  1.17346239E+00  1.00012858E+00  1.17346239E+00
    53  2.12000000E+01  1.17350404E+00  1.00026890E+00  1.17350404E+00
    54  2.16000000E+01  1.17353036E+00  1.00045346E+00  1.17353036E+00
    55  2.20000000E+01  1.17356485E+00  1.00069228E+00  1.17356485E+00
    56  2.24000000E+01  1.17359513E+00  1.00099716E+00  1.17359513E+00
    57  2.28000000E+01  1.17361146E+00  1.00138187E+00  1.17361146E+00
    58  2.32000000E+01  1.17362548E+00  1.00186241E+00  1.17362548E+00
    59  2.36000000E+01  1.17362747E+00  1.00245720E+00  1.17362747E+00
    60  2.40000000E+01  1.17363968E+00  1.00318728E+00  1.17363968E+00
    61  2.44000000E+01  1.17366018E+00  1.00407650E+00  1.17366018E+00
    62  2.48000000E+01  1.17366874E+00  1.00515158E+00  1.17366874E+00
    63  2.52000000E+01  1.17367805E+00  1.00644217E+00  1.17367805E+00
    64  2.56000000E+01  1.17367653E+00  1.00798071E+00  1.17367653E+00
    65  2.60000000E+01  1.17369590E+00  1.00980225E+00  1.17369590E+00
    66  2.64000000E+01  1.17371769E+00  1.01194398E+00  1.17371769E+00
    67  2.68000000E+01  1.17372763E+00  1.01444455E+00  1.17372763E+00
    68  2.72000000E+01  1.17373941E+00  1.01734320E+00  1.17373941E+00
    69  2.76000000E+01  1.17375091E+00  1.02067848E+00  1.17375091E+00
    70  2.80000000E+01  1.17377449E+00  1.02448676E+00  1.17377449E+00
    71  2.84000000E+01  1.17380010E+00  1.02880035E+00  1.17380010E+00
    72  2.88000000E+01  1.17381326E+00  1.03364543E+00  1.17381326E+00
    73  2.92000000E+01  1.17382865E+00  1.03903964E+00  1.17382865E+00
    74  2.96000000E+01  1.17385379E+00  1.04498967E+00  1.17385379E+00
    75  3.00000000E+01  1.17388084E+00  1.05148876E+00  1.17388084E+00
    76  3.04000000E+01  1.17391005E+00  1.05851451E+00  1.17391005E+00
    77  3.08000000E+01  1.17392604E+00  1.06602698E+00  1.17392604E+00
    78  3.12000000E+01  1.17394437E+00  1.07396746E+00  1.17394437E+00
    79  3.16000000E+01  1.17397968E+00  1.08225812E+00  1.17397968E+00
    80  3.20000000E+01  1.17400959E+00  1.09080267E+00  1.17400959E+00
    81  3.24000000E+01  1.17404163E+00  1.09948823E+00  1.17404163E+00
    82  3.28000000E+01  1.17405975E+00  1.10818846E+00  1.17405975E+00
    83  3.32000000E+01  1.17408025E+00  1.11676801E+00  1.17408025E+00
    84  3.36000000E+01  1.17412174E+00  1.12508791E+00  1.17412174E+00
    85  3.40000000E+01  1.17415403E+00  1.13301196E+00  1.17415403E+00
    86  3.44000000E+01  1.17418840E+00  1.14041341E+00  1.17418840E+00
    87  3.48000000E+01  1.17420821E+00  1.14718163E+00  1.17420821E+00
    88  3.52000000E+01  1.17423039E+00  1.15322812E+00  1.17423039E+00
    89  3.56000000E+01  1.17427428E+00  1.15849141E+00  1.17427428E+00
    90  3.60000000E+01  1.17430884E+00  1.16294024E+00  1.17430884E+00
    91  3.64000000E+01  1.17434536E+00  1.16657467E+00  1.17434536E+00
    92  3.68000000E+01  1.17436679E+00  1.16942501E+00  1.17436679E+00
    93  3.72000000E+01  1.17439056E+00  1.17154852E+00  1.17439056E+00
    94  3.76000000E+01  1.17443337E+00  1.17302415E+00  1.17443337E+00
    95  3.80000000E+01  1.17447055E+00  1.17394592E+00  1.17447055E+00
    96  3.84000000E+01  1.17450941E+00  1.17441559E+00  1.17450941E+00
    97  3.88000000E+01  1.17453537E+00  1.17453537E+00  1.17453537E+00
    98  3.92000000E+01  1.17440155E+00  1.17440155E+00  1.17440155E+00
    99  3.96000000E+01  1.17409958E+00  1.17409958E+00  1.17409958E+00
   100  4.00000000E+01  1.17370109E+00  1.17370109E+00  1.17370109E+00
   101  4.04000000E+01  1.17326293E+00  1.17326293E+00  1.17326293E+00
   102  4.08000000E+01  1.17282785E+00  1.17282785E+00  1.17282785E+00
   103  4.12000000E+01  1.17242656E+00  1.17242656E+00  1.17242656E+00
   104  4.16000000E+01  1.17233802E+00  1.17208018E+00  1.17233802E+00
   105  4.20000000E+01  1.17233798E+00  1.17180267E+00  1.17233798E+00
   106  4.24000000E+01  1.17233769E+00  1.17160248E+00  1.17233769E+00
   107  4.28000000E+01  1.17233711E+00  1.17148335E+00  1.17233711E+00
   108  4.32000000E+01  1.17233609E+00  1.17144420E+00  1.17233609E+00
   109  4.36000000E+01  1.17233639E+00  1.17147866E+00  1.17233639E+00
   110  4.40000000E+01  1.17233849E+00  1.17157468E+00  1.17233849E+00
   111  4.44000000E+01  1.17234064E+00  1.17171479E+00  1.17234064E+00
   112  4.48000000E+01  1.17234198E+00  1.17187752E+00  1.17234198E+00
   113  4.52000000E+01  1.17234320E+00  1.17203982E+00  1.17234320E+00
   114  4.56000000E+01  1.17234380E+00  1.17218025E+00  1.17234380E+00
   115  4.60000000E+01  1.17234408E+00  1.17228228E+00  1.17234408E+00
   116  4.64000000E+01  1.17234398E+00  1.17233679E+00  1.17234398E+00
   117  4.68000000E+01  1.17234338E+00  1.17234338E+00  1.17234338E+00
   118  4.72000000E+01  1.17231785E+00  1.17230977E+00  1.17231785E+00
   119  4.76000000E+01  1.17231785E+00  1.17224971E+00  1.17231785E+00
   120  4.80000000E+01  1.17231785E+00  1.17217966E+00  1.17231785E+00
   121  4.84000000E+01  1.17231785E+00  1.17211516E+00  1.17231785E+00
   122  4.88000000E+01  1.17231785E+00  1.17206780E+00  1.17231785E+00
   123  4.92000000E+01  1.17231785E+00  1.17204335E+00  1.17231785E+00
   124  4.96000000E+01  1.17231785E+00  1.17204146E+00  1.17231785E+00
   125  5.00000000E+01  1.17231785E+00  1.17205691E+00  1.17231785E+00
   126  5.04000000E+01  1.17231785E+00  1.17208168E+00  1.17231785E+00
   127  5.08000000E+01  1.17231785E+00  1.17210750E+00  1.17231785E+00
   128  5.12000000E+01  1.17231785E+00  1.17212787E+00  1.17231785E+00
   129  5.16000000E+01  1.17231785E+00  1.17213928E+00  1.17231785E+00
   130  5.20000000E+01  1.17231785E+00  1.17214141E+00  1.17231785E+00
   131  5.24000000E+01  1.17231785E+00  1.17213642E+00  1.17231785E+00
   132  5.28000000E+01  1.17231785E+00  1.17212773E+00  1.17231785E+00
   133  5.32000000E+01  1.17231785E+00  1.17211879E+00  1.17231785E+00
   134  5.36000000E+01  1.17231785E+00  1.17211211E+00  1.17231785E+00
   135  5.40000000E+01  1.17231785E+00  1.17210881E+00  1.17231785E+00
   136  5.44000000E+01  1.17231785E+00  1.17210871E+00  1.17231785E+00
   137  5.48000000E+01  1.17231785E+00  1.17211076E+00  1.17231785E+00
   138  5.52000000E+01  1.17231785E+00  1.17211362E+00  1.17231785E+00
   139  5.56000000E+01  1.17231785E+00  1.17211614E+00  1.17231785E+00
 steady-height stop at step    139: changes <=   1.0000E-05, max-end <=   1.0000E-02, max/end/gap/profile_change =   1.17231785E+00  1.17211614E+00  2.01712157E-04  2.52093292E-06


STDERR:
