COMMAND:
/shared/generate_rom_data/extrudate_swell2d_c_cluster

STDOUT:
 comppar: model =   2
 comppar: lambda,mobility/eps,betav,eta_0 =  8.2000E+00  3.0000E-01  9.0000E-01  1.0000E+00
 comppar: eta_s,eta_p,G =  9.0000E-01  1.0000E-01  1.2195E-02
 comppar: U_avg,deltat,flowrate,nsteps =  2.0000E-01  4.0000E-01  6.2832E-01     700
 comppar: geometry = axisymmetric
 comppar: steady stop change,gap,hold,min =  1.0000E-05  1.0000E-02      10      80
 comppar: ncompc,ncompg =     4     5
 mesh nnodes = 5765
 mesh nelem = 2780
 P1 BC   5.0000000000000000     
 P2 BC   0.0000000000000000     
     1  4.00000000E-01  1.00998275E+00  1.00000000E+00  1.00998275E+00
     2  8.00000000E-01  1.01933772E+00  1.00000000E+00  1.01933772E+00
     3  1.20000000E+00  1.02812767E+00  1.00000000E+00  1.02812767E+00
     4  1.60000000E+00  1.03645264E+00  1.00000000E+00  1.03645264E+00
     5  2.00000000E+00  1.04433288E+00  9.99999996E-01  1.04433288E+00
     6  2.40000000E+00  1.05181063E+00  9.99999984E-01  1.05181063E+00
     7  2.80000000E+00  1.05887253E+00  9.99999961E-01  1.05887253E+00
     8  3.20000000E+00  1.06564479E+00  9.99999925E-01  1.06564479E+00
     9  3.60000000E+00  1.07205573E+00  9.99999870E-01  1.07205573E+00
    10  4.00000000E+00  1.07816298E+00  9.99999789E-01  1.07816298E+00
    11  4.40000000E+00  1.08398067E+00  9.99999676E-01  1.08398067E+00
    12  4.80000000E+00  1.08955121E+00  9.99999524E-01  1.08955121E+00
    13  5.20000000E+00  1.09486157E+00  9.99999320E-01  1.09486157E+00
    14  5.60000000E+00  1.09994741E+00  9.99999056E-01  1.09994741E+00
    15  6.00000000E+00  1.10486361E+00  9.99998718E-01  1.10486361E+00
    16  6.40000000E+00  1.10969010E+00  9.99998292E-01  1.10969010E+00
    17  6.80000000E+00  1.11430149E+00  9.99997761E-01  1.11430149E+00
    18  7.20000000E+00  1.11870711E+00  9.99997108E-01  1.11870711E+00
    19  7.60000000E+00  1.12318446E+00  9.99996314E-01  1.12318446E+00
    20  8.00000000E+00  1.12745664E+00  9.99995358E-01  1.12745664E+00
    21  8.40000000E+00  1.13170645E+00  9.99994216E-01  1.13170645E+00
    22  8.80000000E+00  1.13591481E+00  9.99992865E-01  1.13591481E+00
    23  9.20000000E+00  1.14013564E+00  9.99991278E-01  1.14013564E+00
    24  9.60000000E+00  1.14432958E+00  9.99989431E-01  1.14432958E+00
    25  1.00000000E+01  1.14866441E+00  9.99987294E-01  1.14866441E+00
    26  1.04000000E+01  1.15310368E+00  9.99984841E-01  1.15310368E+00
    27  1.08000000E+01  1.15767553E+00  9.99982043E-01  1.15767553E+00
    28  1.12000000E+01  1.16238997E+00  9.99978871E-01  1.16238997E+00
    29  1.16000000E+01  1.16722382E+00  9.99975300E-01  1.16722382E+00
    30  1.20000000E+01  1.17213699E+00  9.99971304E-01  1.17213699E+00
    31  1.24000000E+01  1.17709087E+00  9.99966859E-01  1.17709087E+00
    32  1.28000000E+01  1.18214428E+00  9.99961943E-01  1.18214428E+00
    33  1.32000000E+01  1.18726795E+00  9.99956541E-01  1.18726795E+00
    34  1.36000000E+01  1.19240515E+00  9.99950639E-01  1.19240515E+00
    35  1.40000000E+01  1.19756963E+00  9.99944230E-01  1.19756963E+00
    36  1.44000000E+01  1.20278215E+00  9.99937314E-01  1.20278215E+00
    37  1.48000000E+01  1.20805745E+00  9.99929900E-01  1.20805745E+00
    38  1.52000000E+01  1.21339392E+00  9.99922003E-01  1.21339392E+00
    39  1.56000000E+01  1.21878701E+00  9.99913653E-01  1.21878701E+00
    40  1.60000000E+01  1.22426012E+00  9.99904891E-01  1.22426012E+00
    41  1.64000000E+01  1.22973612E+00  9.99895774E-01  1.22973612E+00
    42  1.68000000E+01  1.23517017E+00  9.99886375E-01  1.23517017E+00
    43  1.72000000E+01  1.24053762E+00  9.99876788E-01  1.24053762E+00
    44  1.76000000E+01  1.24598808E+00  9.99867127E-01  1.24598808E+00
    45  1.80000000E+01  1.25132595E+00  9.99857534E-01  1.25132595E+00
    46  1.84000000E+01  1.25666390E+00  9.99848177E-01  1.25666390E+00
    47  1.88000000E+01  1.26197182E+00  9.99839258E-01  1.26197182E+00
    48  1.92000000E+01  1.26714157E+00  9.99831015E-01  1.26714157E+00
    49  1.96000000E+01  1.27231178E+00  9.99823724E-01  1.27231178E+00
    50  2.00000000E+01  1.27744331E+00  9.99817708E-01  1.27744331E+00
    51  2.04000000E+01  1.28245234E+00  9.99813339E-01  1.28245234E+00
    52  2.08000000E+01  1.28738252E+00  9.99811046E-01  1.28738252E+00
    53  2.12000000E+01  1.29235691E+00  9.99811317E-01  1.29235691E+00
    54  2.16000000E+01  1.29723511E+00  9.99814709E-01  1.29723511E+00
    55  2.20000000E+01  1.30202782E+00  9.99821856E-01  1.30202782E+00
    56  2.24000000E+01  1.30673835E+00  9.99833472E-01  1.30673835E+00
    57  2.28000000E+01  1.31150208E+00  9.99850361E-01  1.31150208E+00
    58  2.32000000E+01  1.31618213E+00  9.99873430E-01  1.31618213E+00
    59  2.36000000E+01  1.32077146E+00  9.99903692E-01  1.32077146E+00
    60  2.40000000E+01  1.32526206E+00  9.99942280E-01  1.32526206E+00
    61  2.44000000E+01  1.32978316E+00  9.99990455E-01  1.32978316E+00
    62  2.48000000E+01  1.33422675E+00  1.00004962E+00  1.33422675E+00
    63  2.52000000E+01  1.33856013E+00  1.00012133E+00  1.33856013E+00
    64  2.56000000E+01  1.34287298E+00  1.00020732E+00  1.34287298E+00
    65  2.60000000E+01  1.34715233E+00  1.00030947E+00  1.34715233E+00
    66  2.64000000E+01  1.35131857E+00  1.00042989E+00  1.35131857E+00
    67  2.68000000E+01  1.35544377E+00  1.00057087E+00  1.35544377E+00
    68  2.72000000E+01  1.35955327E+00  1.00073495E+00  1.35955327E+00
    69  2.76000000E+01  1.36355301E+00  1.00092488E+00  1.36355301E+00
    70  2.80000000E+01  1.36744690E+00  1.00114368E+00  1.36744690E+00
    71  2.84000000E+01  1.37137240E+00  1.00139463E+00  1.37137240E+00
    72  2.88000000E+01  1.37521266E+00  1.00168132E+00  1.37521266E+00
    73  2.92000000E+01  1.37895215E+00  1.00200761E+00  1.37895215E+00
    74  2.96000000E+01  1.38259332E+00  1.00237769E+00  1.38259332E+00
    75  3.00000000E+01  1.38627835E+00  1.00279608E+00  1.38627835E+00
    76  3.04000000E+01  1.38986762E+00  1.00326763E+00  1.38986762E+00
    77  3.08000000E+01  1.39336069E+00  1.00379757E+00  1.39336069E+00
    78  3.12000000E+01  1.39680690E+00  1.00439147E+00  1.39680690E+00
    79  3.16000000E+01  1.40024787E+00  1.00505527E+00  1.40024787E+00
    80  3.20000000E+01  1.40359395E+00  1.00579528E+00  1.40359395E+00
    81  3.24000000E+01  1.40684599E+00  1.00661819E+00  1.40684599E+00
    82  3.28000000E+01  1.41012608E+00  1.00753104E+00  1.41012608E+00
    83  3.32000000E+01  1.41332723E+00  1.00854121E+00  1.41332723E+00
    84  3.36000000E+01  1.41643642E+00  1.00965642E+00  1.41643642E+00
    85  3.40000000E+01  1.41949117E+00  1.01088468E+00  1.41949117E+00
    86  3.44000000E+01  1.42255063E+00  1.01223426E+00  1.42255063E+00
    87  3.48000000E+01  1.42552105E+00  1.01371366E+00  1.42552105E+00
    88  3.52000000E+01  1.42840446E+00  1.01533152E+00  1.42840446E+00
    89  3.56000000E+01  1.43127135E+00  1.01709656E+00  1.43127135E+00
    90  3.60000000E+01  1.43410760E+00  1.01901753E+00  1.43410760E+00
    91  3.64000000E+01  1.43686014E+00  1.02110307E+00  1.43686014E+00
    92  3.68000000E+01  1.43953092E+00  1.02336161E+00  1.43953092E+00
    93  3.72000000E+01  1.44220639E+00  1.02580126E+00  1.44220639E+00
    94  3.76000000E+01  1.44483276E+00  1.02842970E+00  1.44483276E+00
    95  3.80000000E+01  1.44738024E+00  1.03125395E+00  1.44738024E+00
    96  3.84000000E+01  1.44985776E+00  1.03428031E+00  1.44985776E+00
    97  3.88000000E+01  1.45236256E+00  1.03751410E+00  1.45236256E+00
    98  3.92000000E+01  1.45479121E+00  1.04095957E+00  1.45479121E+00
    99  3.96000000E+01  1.45714535E+00  1.04461967E+00  1.45714535E+00
   100  4.00000000E+01  1.45948507E+00  1.04849588E+00  1.45948507E+00
   101  4.04000000E+01  1.46179899E+00  1.05258808E+00  1.46179899E+00
   102  4.08000000E+01  1.46404109E+00  1.05689437E+00  1.46404109E+00
   103  4.12000000E+01  1.46621305E+00  1.06141092E+00  1.46621305E+00
   104  4.16000000E+01  1.46839829E+00  1.06613191E+00  1.46839829E+00
   105  4.20000000E+01  1.47053254E+00  1.07104942E+00  1.47053254E+00
   106  4.24000000E+01  1.47259934E+00  1.07615342E+00  1.47259934E+00
   107  4.28000000E+01  1.47460571E+00  1.08143179E+00  1.47460571E+00
   108  4.32000000E+01  1.47663635E+00  1.08687037E+00  1.47663635E+00
   109  4.36000000E+01  1.47860220E+00  1.09245312E+00  1.47860220E+00
   110  4.40000000E+01  1.48050487E+00  1.09816229E+00  1.48050487E+00
   111  4.44000000E+01  1.48237467E+00  1.10397873E+00  1.48237467E+00
   112  4.48000000E+01  1.48424367E+00  1.10988218E+00  1.48424367E+00
   113  4.52000000E+01  1.48605202E+00  1.11585166E+00  1.48605202E+00
   114  4.56000000E+01  1.48780125E+00  1.12186594E+00  1.48780125E+00
   115  4.60000000E+01  1.48955600E+00  1.12790404E+00  1.48955600E+00
   116  4.64000000E+01  1.49127386E+00  1.13394573E+00  1.49127386E+00
   117  4.68000000E+01  1.49293500E+00  1.13997209E+00  1.49293500E+00
   118  4.72000000E+01  1.49456148E+00  1.14596609E+00  1.49456148E+00
   119  4.76000000E+01  1.49619259E+00  1.15191305E+00  1.49619259E+00
   120  4.80000000E+01  1.49776928E+00  1.15780116E+00  1.49776928E+00
   121  4.84000000E+01  1.49929301E+00  1.16362187E+00  1.49929301E+00
   122  4.88000000E+01  1.50080726E+00  1.16937020E+00  1.50080726E+00
   123  4.92000000E+01  1.50230310E+00  1.17504493E+00  1.50230310E+00
   124  4.96000000E+01  1.50374823E+00  1.18064865E+00  1.50374823E+00
   125  5.00000000E+01  1.50514406E+00  1.18618763E+00  1.50514406E+00
   126  5.04000000E+01  1.50654648E+00  1.19167160E+00  1.50654648E+00
   127  5.08000000E+01  1.50791651E+00  1.19711324E+00  1.50791651E+00
   128  5.12000000E+01  1.50923942E+00  1.20252765E+00  1.50923942E+00
   129  5.16000000E+01  1.51051658E+00  1.20793156E+00  1.51051658E+00
   130  5.20000000E+01  1.51180524E+00  1.21334249E+00  1.51180524E+00
   131  5.24000000E+01  1.51305859E+00  1.21877783E+00  1.51305859E+00
   132  5.28000000E+01  1.51426828E+00  1.22425387E+00  1.51426828E+00
   133  5.32000000E+01  1.51543998E+00  1.22978492E+00  1.51543998E+00
   134  5.36000000E+01  1.51662708E+00  1.23538246E+00  1.51662708E+00
   135  5.40000000E+01  1.51777254E+00  1.24105446E+00  1.51777254E+00
   136  5.44000000E+01  1.51887764E+00  1.24680496E+00  1.51887764E+00
   137  5.48000000E+01  1.51997222E+00  1.25263385E+00  1.51997222E+00
   138  5.52000000E+01  1.52105653E+00  1.25853695E+00  1.52105653E+00
   139  5.56000000E+01  1.52210239E+00  1.26450636E+00  1.52210239E+00
   140  5.60000000E+01  1.52311101E+00  1.27053111E+00  1.52311101E+00
   141  5.64000000E+01  1.52413039E+00  1.27659796E+00  1.52413039E+00
   142  5.68000000E+01  1.52511990E+00  1.28269241E+00  1.52511990E+00
   143  5.72000000E+01  1.52607397E+00  1.28879971E+00  1.52607397E+00
   144  5.76000000E+01  1.52699537E+00  1.29490584E+00  1.52699537E+00
   145  5.80000000E+01  1.52793130E+00  1.30099835E+00  1.52793130E+00
   146  5.84000000E+01  1.52883350E+00  1.30706691E+00  1.52883350E+00
   147  5.88000000E+01  1.52970308E+00  1.31310358E+00  1.52970308E+00
   148  5.92000000E+01  1.53054864E+00  1.31910278E+00  1.53054864E+00
   149  5.96000000E+01  1.53140160E+00  1.32506086E+00  1.53140160E+00
   150  6.00000000E+01  1.53222353E+00  1.33097550E+00  1.53222353E+00
   151  6.04000000E+01  1.53301542E+00  1.33684482E+00  1.53301542E+00
   152  6.08000000E+01  1.53379682E+00  1.34266657E+00  1.53379682E+00
   153  6.12000000E+01  1.53457348E+00  1.34843738E+00  1.53457348E+00
   154  6.16000000E+01  1.53532160E+00  1.35415214E+00  1.53532160E+00
   155  6.20000000E+01  1.53604212E+00  1.35980385E+00  1.53604212E+00
   156  6.24000000E+01  1.53676388E+00  1.36538370E+00  1.53676388E+00
   157  6.28000000E+01  1.53747046E+00  1.37088166E+00  1.53747046E+00
   158  6.32000000E+01  1.53815082E+00  1.37628720E+00  1.53815082E+00
   159  6.36000000E+01  1.53880584E+00  1.38159037E+00  1.53880584E+00
   160  6.40000000E+01  1.53946912E+00  1.38678279E+00  1.53946912E+00
   161  6.44000000E+01  1.54011137E+00  1.39185852E+00  1.54011137E+00
   162  6.48000000E+01  1.54072957E+00  1.39681472E+00  1.54072957E+00
   163  6.52000000E+01  1.54132569E+00  1.40165177E+00  1.54132569E+00
   164  6.56000000E+01  1.54193183E+00  1.40637314E+00  1.54193183E+00
   165  6.60000000E+01  1.54251514E+00  1.41098467E+00  1.54251514E+00
   166  6.64000000E+01  1.54307643E+00  1.41549363E+00  1.54307643E+00
   167  6.68000000E+01  1.54362465E+00  1.41990762E+00  1.54362465E+00
   168  6.72000000E+01  1.54417491E+00  1.42423342E+00  1.54417491E+00
   169  6.76000000E+01  1.54470429E+00  1.42847611E+00  1.54470429E+00
   170  6.80000000E+01  1.54521352E+00  1.43263845E+00  1.54521352E+00
   171  6.84000000E+01  1.54571976E+00  1.43672074E+00  1.54571976E+00
   172  6.88000000E+01  1.54621894E+00  1.44072104E+00  1.54621894E+00
   173  6.92000000E+01  1.54669903E+00  1.44463577E+00  1.54669903E+00
   174  6.96000000E+01  1.54716071E+00  1.44846054E+00  1.54716071E+00
   175  7.00000000E+01  1.54762293E+00  1.45219106E+00  1.54762293E+00
   176  7.04000000E+01  1.54807545E+00  1.45582395E+00  1.54807545E+00
   177  7.08000000E+01  1.54851054E+00  1.45935729E+00  1.54851054E+00
   178  7.12000000E+01  1.54892882E+00  1.46279096E+00  1.54892882E+00
   179  7.16000000E+01  1.54934916E+00  1.46612652E+00  1.54934916E+00
   180  7.20000000E+01  1.54975912E+00  1.46936694E+00  1.54975912E+00
   181  7.24000000E+01  1.55015318E+00  1.47251607E+00  1.55015318E+00
   182  7.28000000E+01  1.55053192E+00  1.47557802E+00  1.55053192E+00
   183  7.32000000E+01  1.55091487E+00  1.47855664E+00  1.55091487E+00
   184  7.36000000E+01  1.55128603E+00  1.48145510E+00  1.55128603E+00
   185  7.40000000E+01  1.55164271E+00  1.48427571E+00  1.55164271E+00
   186  7.44000000E+01  1.55198548E+00  1.48701991E+00  1.55198548E+00
   187  7.48000000E+01  1.55233501E+00  1.48968842E+00  1.55233501E+00
   188  7.52000000E+01  1.55267085E+00  1.49228155E+00  1.55267085E+00
   189  7.56000000E+01  1.55299349E+00  1.49479953E+00  1.55299349E+00
   190  7.60000000E+01  1.55330579E+00  1.49724275E+00  1.55330579E+00
   191  7.64000000E+01  1.55362194E+00  1.49961198E+00  1.55362194E+00
   192  7.68000000E+01  1.55392563E+00  1.50190843E+00  1.55392563E+00
   193  7.72000000E+01  1.55421731E+00  1.50413371E+00  1.55421731E+00
   194  7.76000000E+01  1.55450106E+00  1.50628977E+00  1.55450106E+00
   195  7.80000000E+01  1.55478686E+00  1.50837866E+00  1.55478686E+00
   196  7.84000000E+01  1.55506132E+00  1.51040244E+00  1.55506132E+00
   197  7.88000000E+01  1.55532486E+00  1.51236306E+00  1.55532486E+00
   198  7.92000000E+01  1.55558297E+00  1.51426224E+00  1.55558297E+00
   199  7.96000000E+01  1.55584117E+00  1.51610153E+00  1.55584117E+00
   200  8.00000000E+01  1.55608907E+00  1.51788229E+00  1.55608907E+00
   201  8.04000000E+01  1.55632706E+00  1.51960578E+00  1.55632706E+00
   202  8.08000000E+01  1.55656196E+00  1.52127321E+00  1.55656196E+00
   203  8.12000000E+01  1.55679511E+00  1.52288584E+00  1.55679511E+00
   204  8.16000000E+01  1.55701892E+00  1.52444495E+00  1.55701892E+00
   205  8.20000000E+01  1.55723373E+00  1.52595190E+00  1.55723373E+00
   206  8.24000000E+01  1.55744566E+00  1.52740811E+00  1.55744566E+00
   207  8.28000000E+01  1.55765608E+00  1.52881500E+00  1.55765608E+00
   208  8.32000000E+01  1.55785802E+00  1.53017401E+00  1.55785802E+00
   209  8.36000000E+01  1.55805181E+00  1.53148655E+00  1.55805181E+00
   210  8.40000000E+01  1.55824201E+00  1.53275400E+00  1.55824201E+00
   211  8.44000000E+01  1.55843182E+00  1.53397767E+00  1.55843182E+00
   212  8.48000000E+01  1.55861395E+00  1.53515884E+00  1.55861395E+00
   213  8.52000000E+01  1.55878869E+00  1.53629876E+00  1.55878869E+00
   214  8.56000000E+01  1.55896046E+00  1.53739865E+00  1.55896046E+00
   215  8.60000000E+01  1.55913160E+00  1.53845971E+00  1.55913160E+00
   216  8.64000000E+01  1.55929578E+00  1.53948314E+00  1.55929578E+00
   217  8.68000000E+01  1.55945326E+00  1.54047011E+00  1.55945326E+00
   218  8.72000000E+01  1.55960931E+00  1.54142178E+00  1.55960931E+00
   219  8.76000000E+01  1.55976355E+00  1.54233928E+00  1.55976355E+00
   220  8.80000000E+01  1.55991148E+00  1.54322373E+00  1.55991148E+00
   221  8.84000000E+01  1.56005335E+00  1.54407619E+00  1.56005335E+00
   222  8.88000000E+01  1.56019329E+00  1.54489771E+00  1.56019329E+00
   223  8.92000000E+01  1.56033222E+00  1.54568930E+00  1.56033222E+00
   224  8.96000000E+01  1.56046545E+00  1.54645192E+00  1.56046545E+00
   225  9.00000000E+01  1.56059320E+00  1.54718653E+00  1.56059320E+00
   226  9.04000000E+01  1.56071809E+00  1.54789405E+00  1.56071809E+00
   227  9.08000000E+01  1.56084319E+00  1.54857536E+00  1.56084319E+00
   228  9.12000000E+01  1.56096313E+00  1.54923134E+00  1.56096313E+00
   229  9.16000000E+01  1.56107812E+00  1.54986283E+00  1.56107812E+00
   230  9.20000000E+01  1.56118964E+00  1.55047066E+00  1.56118964E+00
   231  9.24000000E+01  1.56130224E+00  1.55105564E+00  1.56130224E+00
   232  9.28000000E+01  1.56141017E+00  1.55161854E+00  1.56141017E+00
   233  9.32000000E+01  1.56151362E+00  1.55216012E+00  1.56151362E+00
   234  9.36000000E+01  1.56161353E+00  1.55268113E+00  1.56161353E+00
   235  9.40000000E+01  1.56171483E+00  1.55318228E+00  1.56171483E+00
   236  9.44000000E+01  1.56181191E+00  1.55366428E+00  1.56181191E+00
   237  9.48000000E+01  1.56190496E+00  1.55412780E+00  1.56190496E+00
   238  9.52000000E+01  1.56199429E+00  1.55457349E+00  1.56199429E+00
   239  9.56000000E+01  1.56208539E+00  1.55500200E+00  1.56208539E+00
   240  9.60000000E+01  1.56217269E+00  1.55541395E+00  1.56217269E+00
   241  9.64000000E+01  1.56225634E+00  1.55580993E+00  1.56225634E+00
   242  9.68000000E+01  1.56233649E+00  1.55619052E+00  1.56233649E+00
   243  9.72000000E+01  1.56241789E+00  1.55655627E+00  1.56241789E+00
   244  9.76000000E+01  1.56249636E+00  1.55690774E+00  1.56249636E+00
   245  9.80000000E+01  1.56257154E+00  1.55724545E+00  1.56257154E+00
   246  9.84000000E+01  1.56264357E+00  1.55756989E+00  1.56264357E+00
   247  9.88000000E+01  1.56271606E+00  1.55788156E+00  1.56271606E+00
   248  9.92000000E+01  1.56278656E+00  1.55818093E+00  1.56278656E+00
   249  9.96000000E+01  1.56285410E+00  1.55846846E+00  1.56285410E+00
   250  1.00000000E+02  1.56291880E+00  1.55874459E+00  1.56291880E+00
   251  1.00400000E+02  1.56298342E+00  1.55900975E+00  1.56298342E+00
   252  1.00800000E+02  1.56304675E+00  1.55926434E+00  1.56304675E+00
   253  1.01200000E+02  1.56310741E+00  1.55950878E+00  1.56310741E+00
   254  1.01600000E+02  1.56316551E+00  1.55974343E+00  1.56316551E+00
   255  1.02000000E+02  1.56322258E+00  1.55996867E+00  1.56322258E+00
   256  1.02400000E+02  1.56327945E+00  1.56018487E+00  1.56327945E+00
   257  1.02800000E+02  1.56333391E+00  1.56039236E+00  1.56333391E+00
   258  1.03200000E+02  1.56338606E+00  1.56059148E+00  1.56338606E+00
   259  1.03600000E+02  1.56343634E+00  1.56078256E+00  1.56343634E+00
   260  1.04000000E+02  1.56348739E+00  1.56096589E+00  1.56348739E+00
   261  1.04400000E+02  1.56353627E+00  1.56114179E+00  1.56353627E+00
   262  1.04800000E+02  1.56358308E+00  1.56131054E+00  1.56358308E+00
   263  1.05200000E+02  1.56362790E+00  1.56147241E+00  1.56362790E+00
   264  1.05600000E+02  1.56367316E+00  1.56162768E+00  1.56367316E+00
   265  1.06000000E+02  1.56371702E+00  1.56177661E+00  1.56371702E+00
   266  1.06400000E+02  1.56375902E+00  1.56191943E+00  1.56375902E+00
   267  1.06800000E+02  1.56379922E+00  1.56205640E+00  1.56379922E+00
   268  1.07200000E+02  1.56383932E+00  1.56218773E+00  1.56383932E+00
   269  1.07600000E+02  1.56387866E+00  1.56231367E+00  1.56387866E+00
   270  1.08000000E+02  1.56391632E+00  1.56243441E+00  1.56391632E+00
   271  1.08400000E+02  1.56395238E+00  1.56255016E+00  1.56395238E+00
   272  1.08800000E+02  1.56398791E+00  1.56266113E+00  1.56398791E+00
   273  1.09200000E+02  1.56402319E+00  1.56276750E+00  1.56402319E+00
   274  1.09600000E+02  1.56405696E+00  1.56286945E+00  1.56405696E+00
   275  1.10000000E+02  1.56408929E+00  1.56296717E+00  1.56408929E+00
   276  1.10400000E+02  1.56412057E+00  1.56306083E+00  1.56412057E+00
   277  1.10800000E+02  1.56415220E+00  1.56315058E+00  1.56415220E+00
   278  1.11200000E+02  1.56418248E+00  1.56323658E+00  1.56418248E+00
   279  1.11600000E+02  1.56421145E+00  1.56331899E+00  1.56421145E+00
   280  1.12000000E+02  1.56423917E+00  1.56339795E+00  1.56423917E+00
   281  1.12400000E+02  1.56426730E+00  1.56347360E+00  1.56426730E+00
   282  1.12800000E+02  1.56429443E+00  1.56354608E+00  1.56429443E+00
   283  1.13200000E+02  1.56432039E+00  1.56361551E+00  1.56432039E+00
   284  1.13600000E+02  1.56434524E+00  1.56368203E+00  1.56434524E+00
   285  1.14000000E+02  1.56437010E+00  1.56374574E+00  1.56437010E+00
   286  1.14400000E+02  1.56439441E+00  1.56380676E+00  1.56439441E+00
   287  1.14800000E+02  1.56441767E+00  1.56386520E+00  1.56441767E+00
   288  1.15200000E+02  1.56443992E+00  1.56392118E+00  1.56443992E+00
   289  1.15600000E+02  1.56446165E+00  1.56397478E+00  1.56446165E+00
   290  1.16000000E+02  1.56448343E+00  1.56402612E+00  1.56448343E+00
   291  1.16400000E+02  1.56450425E+00  1.56407527E+00  1.56450425E+00
   292  1.16800000E+02  1.56452418E+00  1.56412234E+00  1.56452418E+00
   293  1.17200000E+02  1.56454324E+00  1.56416741E+00  1.56454324E+00
   294  1.17600000E+02  1.56456266E+00  1.56421055E+00  1.56456266E+00
   295  1.18000000E+02  1.56458131E+00  1.56425186E+00  1.56458131E+00
   296  1.18400000E+02  1.56459915E+00  1.56429141E+00  1.56459915E+00
   297  1.18800000E+02  1.56461622E+00  1.56432927E+00  1.56461622E+00
   298  1.19200000E+02  1.56463334E+00  1.56436551E+00  1.56463334E+00
   299  1.19600000E+02  1.56465003E+00  1.56440019E+00  1.56465003E+00
   300  1.20000000E+02  1.56466600E+00  1.56443340E+00  1.56466600E+00
   301  1.20400000E+02  1.56468127E+00  1.56446518E+00  1.56468127E+00
   302  1.20800000E+02  1.56469649E+00  1.56449559E+00  1.56469649E+00
   303  1.21200000E+02  1.56471143E+00  1.56452470E+00  1.56471143E+00
   304  1.21600000E+02  1.56472572E+00  1.56455255E+00  1.56472572E+00
   305  1.22000000E+02  1.56473939E+00  1.56457921E+00  1.56473939E+00
   306  1.22400000E+02  1.56475274E+00  1.56460472E+00  1.56475274E+00
   307  1.22800000E+02  1.56476611E+00  1.56462913E+00  1.56476611E+00
   308  1.23200000E+02  1.56477889E+00  1.56465248E+00  1.56477889E+00
   309  1.23600000E+02  1.56479112E+00  1.56467483E+00  1.56479112E+00
   310  1.24000000E+02  1.56480294E+00  1.56469620E+00  1.56480294E+00
   311  1.24400000E+02  1.56481490E+00  1.56471666E+00  1.56481490E+00
   312  1.24800000E+02  1.56482633E+00  1.56473622E+00  1.56482633E+00
   313  1.25200000E+02  1.56483727E+00  1.56475494E+00  1.56483727E+00
   314  1.25600000E+02  1.56484791E+00  1.56477285E+00  1.56484791E+00
   315  1.26000000E+02  1.56485860E+00  1.56478997E+00  1.56485860E+00
   316  1.26400000E+02  1.56486883E+00  1.56480636E+00  1.56486883E+00
   317  1.26800000E+02  1.56487860E+00  1.56482203E+00  1.56487860E+00
   318  1.27200000E+02  1.56488823E+00  1.56483701E+00  1.56488823E+00
   319  1.27600000E+02  1.56489779E+00  1.56485135E+00  1.56489779E+00
   320  1.28000000E+02  1.56490694E+00  1.56486505E+00  1.56490694E+00
   321  1.28400000E+02  1.56491568E+00  1.56487816E+00  1.56491568E+00
   322  1.28800000E+02  1.56492449E+00  1.56489070E+00  1.56492449E+00
   323  1.29200000E+02  1.56493303E+00  1.56490269E+00  1.56493303E+00
   324  1.29600000E+02  1.56494121E+00  1.56491415E+00  1.56494121E+00
   325  1.30000000E+02  1.56494914E+00  1.56492511E+00  1.56494914E+00
   326  1.30400000E+02  1.56495713E+00  1.56493559E+00  1.56495713E+00
   327  1.30800000E+02  1.56496478E+00  1.56494561E+00  1.56496478E+00
   328  1.31200000E+02  1.56497208E+00  1.56495519E+00  1.56497208E+00
   329  1.31600000E+02  1.56497913E+00  1.56496435E+00  1.56497913E+00
   330  1.32000000E+02  1.56498628E+00  1.56497311E+00  1.56498628E+00
   331  1.32400000E+02  1.56499311E+00  1.56498148E+00  1.56499311E+00
   332  1.32800000E+02  1.56499963E+00  1.56498949E+00  1.56499963E+00
   333  1.33200000E+02  1.56500587E+00  1.56499714E+00  1.56500587E+00
   334  1.33600000E+02  1.56501185E+00  1.56500445E+00  1.56501185E+00
   335  1.34000000E+02  1.56501795E+00  1.56501144E+00  1.56501795E+00
   336  1.34400000E+02  1.56502378E+00  1.56501812E+00  1.56502378E+00
   337  1.34800000E+02  1.56502967E+00  1.56502451E+00  1.56502967E+00
 steady-height stop at step    337: changes <=   1.0000E-05, max-end <=   1.0000E-02, max/end/gap/profile_change =   1.56502967E+00  1.56502451E+00  5.15867968E-06  6.38736814E-06


STDERR:
