COMMAND:
/shared/generate_rom_data/extrudate_swell2d_c_cluster

STDOUT:
 comppar: model =   2
 comppar: lambda,mobility/eps,betav,eta_0 =  6.4000E+00  3.0000E-01  5.0000E-01  1.0000E+00
 comppar: eta_s,eta_p,G =  5.0000E-01  5.0000E-01  7.8125E-02
 comppar: U_avg,deltat,flowrate,nsteps =  2.0000E-01  4.0000E-01  6.2832E-01     700
 comppar: geometry = axisymmetric
 comppar: steady stop change,gap,hold,min =  1.0000E-05  1.0000E-02      10      80
 comppar: ncompc,ncompg =     4     5
 mesh nnodes = 5765
 mesh nelem = 2780
 P1 BC   5.0000000000000000     
 P2 BC   0.0000000000000000     
     1  4.00000000E-01  1.00997337E+00  1.00000000E+00  1.00997337E+00
     2  8.00000000E-01  1.01932727E+00  1.00000000E+00  1.01932727E+00
     3  1.20000000E+00  1.02822593E+00  1.00000000E+00  1.02822593E+00
     4  1.60000000E+00  1.03689506E+00  1.00000000E+00  1.03689506E+00
     5  2.00000000E+00  1.04538063E+00  9.99999998E-01  1.04538063E+00
     6  2.40000000E+00  1.05382747E+00  9.99999987E-01  1.05382747E+00
     7  2.80000000E+00  1.06234269E+00  9.99999968E-01  1.06234269E+00
     8  3.20000000E+00  1.07099265E+00  9.99999937E-01  1.07099265E+00
     9  3.60000000E+00  1.07982738E+00  9.99999893E-01  1.07982738E+00
    10  4.00000000E+00  1.08887144E+00  9.99999831E-01  1.08887144E+00
    11  4.40000000E+00  1.09831574E+00  9.99999748E-01  1.09831574E+00
    12  4.80000000E+00  1.10804749E+00  9.99999641E-01  1.10804749E+00
    13  5.20000000E+00  1.11820077E+00  9.99999508E-01  1.11820077E+00
    14  5.60000000E+00  1.12866326E+00  9.99999343E-01  1.12866326E+00
    15  6.00000000E+00  1.13958305E+00  9.99999145E-01  1.13958305E+00
    16  6.40000000E+00  1.15085814E+00  9.99998910E-01  1.15085814E+00
    17  6.80000000E+00  1.16241002E+00  9.99998633E-01  1.16241002E+00
    18  7.20000000E+00  1.17418803E+00  9.99998312E-01  1.17418803E+00
    19  7.60000000E+00  1.18619441E+00  9.99997943E-01  1.18619441E+00
    20  8.00000000E+00  1.19838944E+00  9.99997522E-01  1.19838944E+00
    21  8.40000000E+00  1.21062438E+00  9.99997044E-01  1.21062438E+00
    22  8.80000000E+00  1.22283653E+00  9.99996505E-01  1.22283653E+00
    23  9.20000000E+00  1.23497046E+00  9.99995901E-01  1.23497046E+00
    24  9.60000000E+00  1.24719958E+00  9.99995225E-01  1.24719958E+00
    25  1.00000000E+01  1.25933818E+00  9.99994475E-01  1.25933818E+00
    26  1.04000000E+01  1.27130493E+00  9.99993644E-01  1.27130493E+00
    27  1.08000000E+01  1.28307462E+00  9.99992726E-01  1.28307462E+00
    28  1.12000000E+01  1.29465950E+00  9.99991717E-01  1.29465950E+00
    29  1.16000000E+01  1.30629993E+00  9.99990610E-01  1.30629993E+00
    30  1.20000000E+01  1.31771339E+00  9.99989400E-01  1.31771339E+00
    31  1.24000000E+01  1.32889116E+00  9.99988079E-01  1.32889116E+00
    32  1.28000000E+01  1.33988896E+00  9.99986642E-01  1.33988896E+00
    33  1.32000000E+01  1.35094297E+00  9.99985082E-01  1.35094297E+00
    34  1.36000000E+01  1.36175647E+00  9.99983391E-01  1.36175647E+00
    35  1.40000000E+01  1.37232246E+00  9.99981563E-01  1.37232246E+00
    36  1.44000000E+01  1.38274928E+00  9.99979589E-01  1.38274928E+00
    37  1.48000000E+01  1.39319054E+00  9.99977462E-01  1.39319054E+00
    38  1.52000000E+01  1.40338206E+00  9.99975173E-01  1.40338206E+00
    39  1.56000000E+01  1.41330969E+00  9.99972713E-01  1.41330969E+00
    40  1.60000000E+01  1.42301784E+00  9.99970075E-01  1.42301784E+00
    41  1.64000000E+01  1.43283291E+00  9.99967248E-01  1.43283291E+00
    42  1.68000000E+01  1.44237449E+00  9.99964224E-01  1.44237449E+00
    43  1.72000000E+01  1.45161671E+00  9.99960992E-01  1.45161671E+00
    44  1.76000000E+01  1.46067074E+00  9.99957543E-01  1.46067074E+00
    45  1.80000000E+01  1.46984180E+00  9.99953867E-01  1.46984180E+00
    46  1.84000000E+01  1.47870149E+00  9.99949952E-01  1.47870149E+00
    47  1.88000000E+01  1.48721834E+00  9.99945789E-01  1.48721834E+00
    48  1.92000000E+01  1.49578449E+00  9.99941366E-01  1.49578449E+00
    49  1.96000000E+01  1.50425245E+00  9.99936671E-01  1.50425245E+00
    50  2.00000000E+01  1.51236920E+00  9.99931695E-01  1.51236920E+00
    51  2.04000000E+01  1.52031415E+00  9.99926424E-01  1.52031415E+00
    52  2.08000000E+01  1.52840795E+00  9.99920847E-01  1.52840795E+00
    53  2.12000000E+01  1.53614421E+00  9.99914953E-01  1.53614421E+00
    54  2.16000000E+01  1.54351276E+00  9.99908728E-01  1.54351276E+00
    55  2.20000000E+01  1.55101409E+00  9.99902163E-01  1.55101409E+00
    56  2.24000000E+01  1.55838596E+00  9.99895243E-01  1.55838596E+00
    57  2.28000000E+01  1.56540761E+00  9.99887958E-01  1.56540761E+00
    58  2.32000000E+01  1.57229017E+00  9.99880295E-01  1.57229017E+00
    59  2.36000000E+01  1.57932198E+00  9.99872243E-01  1.57932198E+00
    60  2.40000000E+01  1.58601948E+00  9.99863790E-01  1.58601948E+00
    61  2.44000000E+01  1.59241070E+00  9.99854924E-01  1.59241070E+00
    62  2.48000000E+01  1.59904916E+00  9.99845634E-01  1.59904916E+00
    63  2.52000000E+01  1.60546689E+00  9.99835910E-01  1.60546689E+00
    64  2.56000000E+01  1.61161323E+00  9.99825740E-01  1.61161323E+00
    65  2.60000000E+01  1.61769564E+00  9.99815113E-01  1.61769564E+00
    66  2.64000000E+01  1.62384269E+00  9.99804022E-01  1.62384269E+00
    67  2.68000000E+01  1.62975263E+00  9.99792457E-01  1.62975263E+00
    68  2.72000000E+01  1.63547687E+00  9.99780410E-01  1.63547687E+00
    69  2.76000000E+01  1.64116734E+00  9.99767875E-01  1.64116734E+00
    70  2.80000000E+01  1.64689807E+00  9.99754845E-01  1.64689807E+00
    71  2.84000000E+01  1.65247924E+00  9.99741316E-01  1.65247924E+00
    72  2.88000000E+01  1.65796164E+00  9.99727284E-01  1.65796164E+00
    73  2.92000000E+01  1.66339128E+00  9.99712749E-01  1.66339128E+00
    74  2.96000000E+01  1.66880541E+00  9.99697710E-01  1.66880541E+00
    75  3.00000000E+01  1.67422970E+00  9.99682170E-01  1.67422970E+00
    76  3.04000000E+01  1.67967643E+00  9.99666133E-01  1.67967643E+00
    77  3.08000000E+01  1.68516122E+00  9.99649606E-01  1.68516122E+00
    78  3.12000000E+01  1.69061628E+00  9.99632599E-01  1.69061628E+00
    79  3.16000000E+01  1.69606620E+00  9.99615126E-01  1.69606620E+00
    80  3.20000000E+01  1.70145629E+00  9.99597201E-01  1.70145629E+00
    81  3.24000000E+01  1.70674341E+00  9.99578846E-01  1.70674341E+00
    82  3.28000000E+01  1.71188321E+00  9.99560083E-01  1.71188321E+00
    83  3.32000000E+01  1.71688831E+00  9.99540941E-01  1.71688831E+00
    84  3.36000000E+01  1.72204408E+00  9.99521453E-01  1.72204408E+00
    85  3.40000000E+01  1.72702622E+00  9.99501656E-01  1.72702622E+00
    86  3.44000000E+01  1.73179871E+00  9.99481594E-01  1.73179871E+00
    87  3.48000000E+01  1.73641595E+00  9.99461316E-01  1.73641595E+00
    88  3.52000000E+01  1.74122388E+00  9.99440878E-01  1.74122388E+00
    89  3.56000000E+01  1.74581261E+00  9.99420342E-01  1.74581261E+00
    90  3.60000000E+01  1.75016547E+00  9.99399778E-01  1.75016547E+00
    91  3.64000000E+01  1.75467267E+00  9.99379266E-01  1.75467267E+00
    92  3.68000000E+01  1.75907389E+00  9.99358894E-01  1.75907389E+00
    93  3.72000000E+01  1.76323498E+00  9.99338758E-01  1.76323498E+00
    94  3.76000000E+01  1.76727266E+00  9.99318967E-01  1.76727266E+00
    95  3.80000000E+01  1.77149800E+00  9.99299642E-01  1.77149800E+00
    96  3.84000000E+01  1.77548991E+00  9.99280913E-01  1.77548991E+00
    97  3.88000000E+01  1.77925939E+00  9.99262927E-01  1.77925939E+00
    98  3.92000000E+01  1.78323301E+00  9.99245843E-01  1.78323301E+00
    99  3.96000000E+01  1.78704565E+00  9.99229837E-01  1.78704565E+00
   100  4.00000000E+01  1.79064847E+00  9.99215101E-01  1.79064847E+00
   101  4.04000000E+01  1.79420869E+00  9.99201845E-01  1.79420869E+00
   102  4.08000000E+01  1.79787188E+00  9.99190297E-01  1.79787188E+00
   103  4.12000000E+01  1.80134063E+00  9.99180709E-01  1.80134063E+00
   104  4.16000000E+01  1.80464106E+00  9.99173353E-01  1.80464106E+00
   105  4.20000000E+01  1.80804234E+00  9.99168523E-01  1.80804234E+00
   106  4.24000000E+01  1.81137125E+00  9.99166543E-01  1.81137125E+00
   107  4.28000000E+01  1.81455149E+00  9.99167760E-01  1.81455149E+00
   108  4.32000000E+01  1.81760991E+00  9.99172552E-01  1.81760991E+00
   109  4.36000000E+01  1.82081222E+00  9.99181330E-01  1.82081222E+00
   110  4.40000000E+01  1.82389599E+00  9.99194534E-01  1.82389599E+00
   111  4.44000000E+01  1.82686984E+00  9.99212644E-01  1.82686984E+00
   112  4.48000000E+01  1.82975360E+00  9.99236175E-01  1.82975360E+00
   113  4.52000000E+01  1.83263916E+00  9.99265684E-01  1.83263916E+00
   114  4.56000000E+01  1.83553512E+00  9.99301773E-01  1.83553512E+00
   115  4.60000000E+01  1.83835328E+00  9.99345087E-01  1.83835328E+00
   116  4.64000000E+01  1.84110395E+00  9.99396322E-01  1.84110395E+00
   117  4.68000000E+01  1.84379242E+00  9.99456228E-01  1.84379242E+00
   118  4.72000000E+01  1.84646760E+00  9.99525608E-01  1.84646760E+00
   119  4.76000000E+01  1.84915809E+00  9.99605327E-01  1.84915809E+00
   120  4.80000000E+01  1.85178908E+00  9.99696312E-01  1.85178908E+00
   121  4.84000000E+01  1.85436178E+00  9.99799559E-01  1.85436178E+00
   122  4.88000000E+01  1.85687609E+00  9.99916135E-01  1.85687609E+00
   123  4.92000000E+01  1.85933172E+00  1.00004718E+00  1.85933172E+00
   124  4.96000000E+01  1.86181823E+00  1.00019393E+00  1.86181823E+00
   125  5.00000000E+01  1.86428635E+00  1.00035767E+00  1.86428635E+00
   126  5.04000000E+01  1.86669553E+00  1.00053983E+00  1.86669553E+00
   127  5.08000000E+01  1.86904635E+00  1.00074189E+00  1.86904635E+00
   128  5.12000000E+01  1.87133991E+00  1.00096545E+00  1.87133991E+00
   129  5.16000000E+01  1.87360943E+00  1.00121222E+00  1.87360943E+00
   130  5.20000000E+01  1.87591542E+00  1.00148402E+00  1.87591542E+00
   131  5.24000000E+01  1.87816476E+00  1.00178280E+00  1.87816476E+00
   132  5.28000000E+01  1.88035752E+00  1.00211063E+00  1.88035752E+00
   133  5.32000000E+01  1.88249294E+00  1.00246970E+00  1.88249294E+00
   134  5.36000000E+01  1.88457106E+00  1.00286238E+00  1.88457106E+00
   135  5.40000000E+01  1.88671913E+00  1.00329114E+00  1.88671913E+00
   136  5.44000000E+01  1.88880886E+00  1.00375866E+00  1.88880886E+00
   137  5.48000000E+01  1.89083762E+00  1.00426774E+00  1.89083762E+00
   138  5.52000000E+01  1.89280176E+00  1.00482139E+00  1.89280176E+00
   139  5.56000000E+01  1.89472430E+00  1.00542276E+00  1.89472430E+00
   140  5.60000000E+01  1.89670314E+00  1.00607523E+00  1.89670314E+00
   141  5.64000000E+01  1.89861495E+00  1.00678235E+00  1.89861495E+00
   142  5.68000000E+01  1.90045625E+00  1.00754790E+00  1.90045625E+00
   143  5.72000000E+01  1.90222426E+00  1.00837585E+00  1.90222426E+00
   144  5.76000000E+01  1.90405279E+00  1.00927040E+00  1.90405279E+00
   145  5.80000000E+01  1.90584116E+00  1.01023599E+00  1.90584116E+00
   146  5.84000000E+01  1.90755508E+00  1.01127728E+00  1.90755508E+00
   147  5.88000000E+01  1.90919424E+00  1.01239918E+00  1.90919424E+00
   148  5.92000000E+01  1.91085457E+00  1.01360686E+00  1.91085457E+00
   149  5.96000000E+01  1.91251589E+00  1.01490572E+00  1.91251589E+00
   150  6.00000000E+01  1.91410417E+00  1.01630143E+00  1.91410417E+00
   151  6.04000000E+01  1.91562203E+00  1.01779992E+00  1.91562203E+00
   152  6.08000000E+01  1.91714383E+00  1.01940736E+00  1.91714383E+00
   153  6.12000000E+01  1.91868113E+00  1.02113019E+00  1.91868113E+00
   154  6.16000000E+01  1.92015046E+00  1.02297511E+00  1.92015046E+00
   155  6.20000000E+01  1.92155694E+00  1.02494903E+00  1.92155694E+00
   156  6.24000000E+01  1.92293816E+00  1.02705913E+00  1.92293816E+00
   157  6.28000000E+01  1.92436451E+00  1.02931279E+00  1.92436451E+00
   158  6.32000000E+01  1.92573150E+00  1.03171759E+00  1.92573150E+00
   159  6.36000000E+01  1.92704494E+00  1.03428131E+00  1.92704494E+00
   160  6.40000000E+01  1.92831050E+00  1.03701186E+00  1.92831050E+00
   161  6.44000000E+01  1.92960723E+00  1.03991729E+00  1.92960723E+00
   162  6.48000000E+01  1.93088513E+00  1.04300571E+00  1.93088513E+00
   163  6.52000000E+01  1.93211877E+00  1.04628531E+00  1.93211877E+00
   164  6.56000000E+01  1.93331257E+00  1.04976425E+00  1.93331257E+00
   165  6.60000000E+01  1.93446974E+00  1.05345064E+00  1.93446974E+00
   166  6.64000000E+01  1.93566259E+00  1.05735246E+00  1.93566259E+00
   167  6.68000000E+01  1.93682859E+00  1.06147753E+00  1.93682859E+00
   168  6.72000000E+01  1.93795908E+00  1.06583340E+00  1.93795908E+00
   169  6.76000000E+01  1.93905555E+00  1.07042729E+00  1.93905555E+00
   170  6.80000000E+01  1.94011857E+00  1.07526604E+00  1.94011857E+00
   171  6.84000000E+01  1.94119149E+00  1.08035597E+00  1.94119149E+00
   172  6.88000000E+01  1.94226455E+00  1.08570287E+00  1.94226455E+00
   173  6.92000000E+01  1.94330431E+00  1.09131183E+00  1.94330431E+00
   174  6.96000000E+01  1.94431033E+00  1.09718725E+00  1.94431033E+00
   175  7.00000000E+01  1.94528208E+00  1.10333269E+00  1.94528208E+00
   176  7.04000000E+01  1.94625600E+00  1.10975084E+00  1.94625600E+00
   177  7.08000000E+01  1.94723748E+00  1.11644341E+00  1.94723748E+00
   178  7.12000000E+01  1.94818491E+00  1.12341114E+00  1.94818491E+00
   179  7.16000000E+01  1.94909810E+00  1.13065367E+00  1.94909810E+00
   180  7.20000000E+01  1.94997720E+00  1.13816957E+00  1.94997720E+00
   181  7.24000000E+01  1.95087201E+00  1.14595628E+00  1.95087201E+00
   182  7.28000000E+01  1.95176192E+00  1.15401015E+00  1.95176192E+00
   183  7.32000000E+01  1.95261800E+00  1.16232638E+00  1.95261800E+00
   184  7.36000000E+01  1.95344115E+00  1.17089912E+00  1.95344115E+00
   185  7.40000000E+01  1.95423269E+00  1.17972147E+00  1.95423269E+00
   186  7.44000000E+01  1.95505510E+00  1.18878558E+00  1.95505510E+00
   187  7.48000000E+01  1.95585718E+00  1.19808267E+00  1.95585718E+00
   188  7.52000000E+01  1.95662857E+00  1.20760318E+00  1.95662857E+00
   189  7.56000000E+01  1.95737091E+00  1.21733680E+00  1.95737091E+00
   190  7.60000000E+01  1.95808589E+00  1.22727265E+00  1.95808589E+00
   191  7.64000000E+01  1.95883505E+00  1.23739933E+00  1.95883505E+00
   192  7.68000000E+01  1.95955843E+00  1.24770508E+00  1.95955843E+00
   193  7.72000000E+01  1.96025558E+00  1.25817784E+00  1.96025558E+00
   194  7.76000000E+01  1.96092813E+00  1.26880541E+00  1.96092813E+00
   195  7.80000000E+01  1.96157752E+00  1.27957549E+00  1.96157752E+00
   196  7.84000000E+01  1.96225085E+00  1.29047583E+00  1.96225085E+00
   197  7.88000000E+01  1.96290747E+00  1.30149425E+00  1.96290747E+00
   198  7.92000000E+01  1.96354162E+00  1.31261873E+00  1.96354162E+00
   199  7.96000000E+01  1.96415440E+00  1.32383743E+00  1.96415440E+00
   200  8.00000000E+01  1.96474665E+00  1.33513876E+00  1.96474665E+00
   201  8.04000000E+01  1.96534301E+00  1.34651137E+00  1.96534301E+00
   202  8.08000000E+01  1.96594196E+00  1.35794416E+00  1.96594196E+00
   203  8.12000000E+01  1.96652085E+00  1.36942627E+00  1.96652085E+00
   204  8.16000000E+01  1.96708017E+00  1.38094711E+00  1.96708017E+00
   205  8.20000000E+01  1.96762020E+00  1.39249626E+00  1.96762020E+00
   206  8.24000000E+01  1.96814767E+00  1.40406352E+00  1.96814767E+00
   207  8.28000000E+01  1.96869384E+00  1.41563888E+00  1.96869384E+00
   208  8.32000000E+01  1.96922092E+00  1.42721244E+00  1.96922092E+00
   209  8.36000000E+01  1.96972906E+00  1.43877448E+00  1.96972906E+00
   210  8.40000000E+01  1.97021833E+00  1.45031538E+00  1.97021833E+00
   211  8.44000000E+01  1.97068883E+00  1.46182567E+00  1.97068883E+00
   212  8.48000000E+01  1.97118066E+00  1.47329597E+00  1.97118066E+00
   213  8.52000000E+01  1.97165771E+00  1.48471708E+00  1.97165771E+00
   214  8.56000000E+01  1.97211606E+00  1.49607993E+00  1.97211606E+00
   215  8.60000000E+01  1.97255589E+00  1.50737563E+00  1.97255589E+00
   216  8.64000000E+01  1.97297748E+00  1.51859551E+00  1.97297748E+00
   217  8.68000000E+01  1.97341496E+00  1.52973113E+00  1.97341496E+00
   218  8.72000000E+01  1.97384303E+00  1.54077432E+00  1.97384303E+00
   219  8.76000000E+01  1.97425317E+00  1.55171724E+00  1.97425317E+00
   220  8.80000000E+01  1.97464586E+00  1.56255235E+00  1.97464586E+00
   221  8.84000000E+01  1.97502174E+00  1.57327251E+00  1.97502174E+00
   222  8.88000000E+01  1.97541256E+00  1.58387097E+00  1.97541256E+00
   223  8.92000000E+01  1.97579435E+00  1.59434139E+00  1.97579435E+00
   224  8.96000000E+01  1.97615978E+00  1.60467788E+00  1.97615978E+00
   225  9.00000000E+01  1.97650969E+00  1.61487498E+00  1.97650969E+00
   226  9.04000000E+01  1.97684503E+00  1.62492770E+00  1.97684503E+00
   227  9.08000000E+01  1.97719080E+00  1.63483147E+00  1.97719080E+00
   228  9.12000000E+01  1.97753148E+00  1.64458213E+00  1.97753148E+00
   229  9.16000000E+01  1.97785817E+00  1.65417590E+00  1.97785817E+00
   230  9.20000000E+01  1.97817185E+00  1.66360929E+00  1.97817185E+00
   231  9.24000000E+01  1.97847348E+00  1.67287906E+00  1.97847348E+00
   232  9.28000000E+01  1.97877262E+00  1.68198207E+00  1.97877262E+00
   233  9.32000000E+01  1.97907847E+00  1.69091520E+00  1.97907847E+00
   234  9.36000000E+01  1.97937285E+00  1.69967518E+00  1.97937285E+00
   235  9.40000000E+01  1.97965657E+00  1.70825846E+00  1.97965657E+00
   236  9.44000000E+01  1.97993030E+00  1.71666107E+00  1.97993030E+00
   237  9.48000000E+01  1.98019453E+00  1.72487854E+00  1.98019453E+00
   238  9.52000000E+01  1.98046081E+00  1.73290580E+00  1.98046081E+00
   239  9.56000000E+01  1.98072830E+00  1.74073721E+00  1.98072830E+00
   240  9.60000000E+01  1.98098646E+00  1.74836670E+00  1.98098646E+00
   241  9.64000000E+01  1.98123554E+00  1.75578792E+00  1.98123554E+00
   242  9.68000000E+01  1.98147558E+00  1.76299468E+00  1.98147558E+00
   243  9.72000000E+01  1.98170654E+00  1.76998133E+00  1.98170654E+00
   244  9.76000000E+01  1.98194083E+00  1.77674340E+00  1.98194083E+00
   245  9.80000000E+01  1.98217529E+00  1.78327822E+00  1.98217529E+00
   246  9.84000000E+01  1.98240060E+00  1.78958558E+00  1.98240060E+00
   247  9.88000000E+01  1.98261658E+00  1.79566840E+00  1.98261658E+00
   248  9.92000000E+01  1.98282304E+00  1.80153323E+00  1.98282304E+00
   249  9.96000000E+01  1.98302033E+00  1.80719052E+00  1.98302033E+00
   250  1.00000000E+02  1.98323035E+00  1.81265473E+00  1.98323035E+00
   251  1.00400000E+02  1.98343082E+00  1.81794403E+00  1.98343082E+00
   252  1.00800000E+02  1.98362160E+00  1.82307963E+00  1.98362160E+00
   253  1.01200000E+02  1.98380260E+00  1.82808486E+00  1.98380260E+00
   254  1.01600000E+02  1.98397381E+00  1.83298381E+00  1.98397381E+00
   255  1.02000000E+02  1.98415672E+00  1.83779985E+00  1.98415672E+00
   256  1.02400000E+02  1.98433172E+00  1.84255397E+00  1.98433172E+00
   257  1.02800000E+02  1.98449692E+00  1.84726319E+00  1.98449692E+00
   258  1.03200000E+02  1.98465239E+00  1.85193918E+00  1.98465239E+00
   259  1.03600000E+02  1.98479823E+00  1.85658713E+00  1.98479823E+00
   260  1.04000000E+02  1.98495748E+00  1.86120525E+00  1.98495748E+00
   261  1.04400000E+02  1.98510713E+00  1.86578470E+00  1.98510713E+00
   262  1.04800000E+02  1.98524719E+00  1.87031022E+00  1.98524719E+00
   263  1.05200000E+02  1.98537779E+00  1.87476129E+00  1.98537779E+00
   264  1.05600000E+02  1.98550632E+00  1.87911385E+00  1.98550632E+00
   265  1.06000000E+02  1.98564059E+00  1.88334229E+00  1.98564059E+00
   266  1.06400000E+02  1.98576549E+00  1.88742170E+00  1.98576549E+00
   267  1.06800000E+02  1.98588117E+00  1.89133004E+00  1.98588117E+00
   268  1.07200000E+02  1.98598781E+00  1.89505006E+00  1.98598781E+00
   269  1.07600000E+02  1.98610163E+00  1.89857082E+00  1.98610163E+00
   270  1.08000000E+02  1.98621184E+00  1.90188859E+00  1.98621184E+00
   271  1.08400000E+02  1.98631316E+00  1.90500710E+00  1.98631316E+00
   272  1.08800000E+02  1.98640587E+00  1.90793717E+00  1.98640587E+00
   273  1.09200000E+02  1.98649674E+00  1.91069566E+00  1.98649674E+00
   274  1.09600000E+02  1.98659283E+00  1.91330396E+00  1.98659283E+00
   275  1.10000000E+02  1.98668052E+00  1.91578614E+00  1.98668052E+00
   276  1.10400000E+02  1.98676022E+00  1.91816695E+00  1.98676022E+00
   277  1.10800000E+02  1.98683244E+00  1.92046995E+00  1.98683244E+00
   278  1.11200000E+02  1.98691380E+00  1.92271585E+00  1.98691380E+00
   279  1.11600000E+02  1.98698906E+00  1.92492122E+00  1.98698906E+00
   280  1.12000000E+02  1.98705722E+00  1.92709771E+00  1.98705722E+00
   281  1.12400000E+02  1.98711891E+00  1.92925185E+00  1.98711891E+00
   282  1.12800000E+02  1.98718089E+00  1.93138523E+00  1.98718089E+00
   283  1.13200000E+02  1.98724505E+00  1.93349519E+00  1.98724505E+00
   284  1.13600000E+02  1.98730316E+00  1.93557580E+00  1.98730316E+00
   285  1.14000000E+02  1.98735598E+00  1.93761892E+00  1.98735598E+00
   286  1.14400000E+02  1.98740426E+00  1.93961547E+00  1.98740426E+00
   287  1.14800000E+02  1.98745556E+00  1.94155642E+00  1.98745556E+00
   288  1.15200000E+02  1.98750565E+00  1.94343374E+00  1.98750565E+00
   289  1.15600000E+02  1.98755160E+00  1.94524102E+00  1.98755160E+00
   290  1.16000000E+02  1.98759411E+00  1.94697389E+00  1.98759411E+00
   291  1.16400000E+02  1.98763377E+00  1.94863011E+00  1.98763377E+00
   292  1.16800000E+02  1.98767110E+00  1.95020954E+00  1.98767110E+00
   293  1.17200000E+02  1.98771016E+00  1.95171385E+00  1.98771016E+00
   294  1.17600000E+02  1.98774835E+00  1.95314616E+00  1.98774835E+00
   295  1.18000000E+02  1.98778444E+00  1.95451069E+00  1.98778444E+00
   296  1.18400000E+02  1.98781873E+00  1.95581229E+00  1.98781873E+00
   297  1.18800000E+02  1.98785137E+00  1.95705616E+00  1.98785137E+00
   298  1.19200000E+02  1.98788239E+00  1.95824749E+00  1.98788239E+00
   299  1.19600000E+02  1.98791172E+00  1.95939127E+00  1.98791172E+00
   300  1.20000000E+02  1.98793927E+00  1.96049205E+00  1.98793927E+00
   301  1.20400000E+02  1.98796833E+00  1.96155391E+00  1.98796833E+00
   302  1.20800000E+02  1.98799647E+00  1.96258030E+00  1.98799647E+00
   303  1.21200000E+02  1.98802280E+00  1.96357408E+00  1.98802280E+00
   304  1.21600000E+02  1.98804721E+00  1.96453745E+00  1.98804721E+00
   305  1.22000000E+02  1.98806961E+00  1.96547199E+00  1.98806961E+00
   306  1.22400000E+02  1.98808996E+00  1.96637874E+00  1.98808996E+00
   307  1.22800000E+02  1.98810857E+00  1.96725823E+00  1.98810857E+00
   308  1.23200000E+02  1.98812979E+00  1.96811060E+00  1.98812979E+00
   309  1.23600000E+02  1.98814896E+00  1.96893573E+00  1.98814896E+00
   310  1.24000000E+02  1.98816612E+00  1.96973335E+00  1.98816612E+00
   311  1.24400000E+02  1.98818139E+00  1.97050321E+00  1.98818139E+00
   312  1.24800000E+02  1.98819494E+00  1.97124514E+00  1.98819494E+00
   313  1.25200000E+02  1.98820695E+00  1.97195922E+00  1.98820695E+00
   314  1.25600000E+02  1.98821912E+00  1.97264578E+00  1.98821912E+00
   315  1.26000000E+02  1.98823181E+00  1.97330546E+00  1.98823181E+00
   316  1.26400000E+02  1.98824306E+00  1.97393920E+00  1.98824306E+00
   317  1.26800000E+02  1.98825305E+00  1.97454817E+00  1.98825305E+00
   318  1.27200000E+02  1.98826196E+00  1.97513369E+00  1.98826196E+00
   319  1.27600000E+02  1.98826995E+00  1.97569716E+00  1.98826995E+00
   320  1.28000000E+02  1.98827714E+00  1.97623992E+00  1.98827714E+00
   321  1.28400000E+02  1.98828362E+00  1.97676322E+00  1.98828362E+00
   322  1.28800000E+02  1.98828946E+00  1.97726810E+00  1.98828946E+00
   323  1.29200000E+02  1.98829473E+00  1.97775537E+00  1.98829473E+00
   324  1.29600000E+02  1.98830083E+00  1.97822564E+00  1.98830083E+00
   325  1.30000000E+02  1.98830631E+00  1.97867926E+00  1.98830631E+00
   326  1.30400000E+02  1.98831121E+00  1.97911645E+00  1.98831121E+00
   327  1.30800000E+02  1.98831555E+00  1.97953732E+00  1.98831555E+00
   328  1.31200000E+02  1.98831933E+00  1.97994191E+00  1.98831933E+00
   329  1.31600000E+02  1.98832258E+00  1.98033031E+00  1.98832258E+00
   330  1.32000000E+02  1.98832533E+00  1.98070268E+00  1.98832533E+00
   331  1.32400000E+02  1.98832761E+00  1.98105931E+00  1.98832761E+00
   332  1.32800000E+02  1.98832946E+00  1.98140062E+00  1.98832946E+00
   333  1.33200000E+02  1.98833093E+00  1.98172718E+00  1.98833093E+00
   334  1.33600000E+02  1.98833206E+00  1.98203968E+00  1.98833206E+00
   335  1.34000000E+02  1.98833291E+00  1.98233890E+00  1.98833291E+00
   336  1.34400000E+02  1.98833352E+00  1.98262570E+00  1.98833352E+00
   337  1.34800000E+02  1.98833393E+00  1.98290091E+00  1.98833393E+00
   338  1.35200000E+02  1.98833416E+00  1.98316532E+00  1.98833416E+00
   339  1.35600000E+02  1.98833424E+00  1.98341967E+00  1.98833424E+00
   340  1.36000000E+02  1.98833420E+00  1.98366455E+00  1.98833420E+00
   341  1.36400000E+02  1.98833409E+00  1.98390041E+00  1.98833409E+00
   342  1.36800000E+02  1.98833409E+00  1.98412758E+00  1.98833409E+00
   343  1.37200000E+02  1.98833397E+00  1.98434621E+00  1.98833397E+00
   344  1.37600000E+02  1.98833375E+00  1.98455633E+00  1.98833375E+00
   345  1.38000000E+02  1.98833345E+00  1.98475786E+00  1.98833345E+00
   346  1.38400000E+02  1.98833308E+00  1.98495064E+00  1.98833308E+00
   347  1.38800000E+02  1.98833264E+00  1.98513447E+00  1.98833264E+00
   348  1.39200000E+02  1.98833216E+00  1.98530911E+00  1.98833216E+00
   349  1.39600000E+02  1.98833165E+00  1.98547438E+00  1.98833165E+00
   350  1.40000000E+02  1.98833111E+00  1.98563011E+00  1.98833111E+00
   351  1.40400000E+02  1.98833056E+00  1.98577621E+00  1.98833056E+00
   352  1.40800000E+02  1.98833002E+00  1.98591266E+00  1.98833002E+00
   353  1.41200000E+02  1.98832948E+00  1.98603953E+00  1.98832948E+00
   354  1.41600000E+02  1.98832896E+00  1.98615697E+00  1.98832896E+00
   355  1.42000000E+02  1.98832845E+00  1.98626522E+00  1.98832845E+00
   356  1.42400000E+02  1.98832798E+00  1.98636458E+00  1.98832798E+00
   357  1.42800000E+02  1.98832753E+00  1.98645542E+00  1.98832753E+00
   358  1.43200000E+02  1.98832712E+00  1.98653818E+00  1.98832712E+00
   359  1.43600000E+02  1.98832674E+00  1.98661334E+00  1.98832674E+00
   360  1.44000000E+02  1.98832639E+00  1.98668144E+00  1.98832639E+00
   361  1.44400000E+02  1.98832607E+00  1.98674304E+00  1.98832607E+00
   362  1.44800000E+02  1.98832579E+00  1.98679874E+00  1.98832579E+00
   363  1.45200000E+02  1.98832555E+00  1.98684917E+00  1.98832555E+00
   364  1.45600000E+02  1.98832533E+00  1.98689495E+00  1.98832533E+00
   365  1.46000000E+02  1.98832515E+00  1.98693670E+00  1.98832515E+00
   366  1.46400000E+02  1.98832501E+00  1.98697502E+00  1.98832501E+00
   367  1.46800000E+02  1.98832494E+00  1.98701046E+00  1.98832494E+00
   368  1.47200000E+02  1.98832494E+00  1.98704351E+00  1.98832494E+00
   369  1.47600000E+02  1.98832496E+00  1.98707458E+00  1.98832496E+00
   370  1.48000000E+02  1.98832500E+00  1.98710398E+00  1.98832500E+00
   371  1.48400000E+02  1.98832508E+00  1.98713193E+00  1.98832508E+00
   372  1.48800000E+02  1.98832518E+00  1.98715856E+00  1.98832518E+00
   373  1.49200000E+02  1.98832530E+00  1.98718391E+00  1.98832530E+00
   374  1.49600000E+02  1.98832544E+00  1.98720795E+00  1.98832544E+00
   375  1.50000000E+02  1.98832560E+00  1.98723059E+00  1.98832560E+00
   376  1.50400000E+02  1.98832577E+00  1.98725172E+00  1.98832577E+00
   377  1.50800000E+02  1.98832596E+00  1.98727125E+00  1.98832596E+00
   378  1.51200000E+02  1.98832617E+00  1.98728909E+00  1.98832617E+00
   379  1.51600000E+02  1.98832639E+00  1.98730517E+00  1.98832639E+00
   380  1.52000000E+02  1.98832662E+00  1.98731951E+00  1.98832662E+00
   381  1.52400000E+02  1.98832686E+00  1.98733216E+00  1.98832686E+00
   382  1.52800000E+02  1.98832711E+00  1.98734320E+00  1.98832711E+00
   383  1.53200000E+02  1.98832736E+00  1.98735279E+00  1.98832736E+00
   384  1.53600000E+02  1.98832762E+00  1.98736109E+00  1.98832762E+00
   385  1.54000000E+02  1.98832789E+00  1.98736827E+00  1.98832789E+00
   386  1.54400000E+02  1.98832816E+00  1.98737451E+00  1.98832816E+00
   387  1.54800000E+02  1.98832843E+00  1.98737998E+00  1.98832843E+00
   388  1.55200000E+02  1.98832870E+00  1.98738481E+00  1.98832870E+00
   389  1.55600000E+02  1.98832897E+00  1.98738910E+00  1.98832897E+00
   390  1.56000000E+02  1.98832925E+00  1.98739294E+00  1.98832925E+00
   391  1.56400000E+02  1.98832952E+00  1.98739638E+00  1.98832952E+00
   392  1.56800000E+02  1.98832979E+00  1.98739943E+00  1.98832979E+00
 steady-height stop at step    392: changes <=   1.0000E-05, max-end <=   1.0000E-02, max/end/gap/profile_change =   1.98832979E+00  1.98739943E+00  9.30357358E-04  3.05520775E-06


STDERR:
