COMMAND:
/shared/generate_rom_data/extrudate_swell2d_c_cluster

STDOUT:
 comppar: model =   2
 comppar: lambda,mobility/eps,betav,eta_0 =  1.0000E+01  3.0000E-01  3.0000E-01  1.0000E+00
 comppar: eta_s,eta_p,G =  3.0000E-01  7.0000E-01  7.0000E-02
 comppar: U_avg,deltat,flowrate,nsteps =  2.0000E-01  4.0000E-01  6.2832E-01     700
 comppar: geometry = axisymmetric
 comppar: steady stop change,gap,hold,min =  1.0000E-05  1.0000E-02      10      80
 comppar: ncompc,ncompg =     4     5
 mesh nnodes = 5765
 mesh nelem = 2780
 P1 BC   5.0000000000000000     
 P2 BC   0.0000000000000000     
     1  4.00000000E-01  1.00996215E+00  1.00000000E+00  1.00996215E+00
     2  8.00000000E-01  1.01930443E+00  1.00000000E+00  1.01930443E+00
     3  1.20000000E+00  1.02823373E+00  1.00000000E+00  1.02823373E+00
     4  1.60000000E+00  1.03704397E+00  1.00000000E+00  1.03704397E+00
     5  2.00000000E+00  1.04583866E+00  9.99999999E-01  1.04583866E+00
     6  2.40000000E+00  1.05481888E+00  9.99999989E-01  1.05481888E+00
     7  2.80000000E+00  1.06413044E+00  9.99999971E-01  1.06413044E+00
     8  3.20000000E+00  1.07384712E+00  9.99999945E-01  1.07384712E+00
     9  3.60000000E+00  1.08412755E+00  9.99999906E-01  1.08412755E+00
    10  4.00000000E+00  1.09499836E+00  9.99999854E-01  1.09499836E+00
    11  4.40000000E+00  1.10653992E+00  9.99999787E-01  1.10653992E+00
    12  4.80000000E+00  1.11872581E+00  9.99999703E-01  1.11872581E+00
    13  5.20000000E+00  1.13158919E+00  9.99999602E-01  1.13158919E+00
    14  5.60000000E+00  1.14511123E+00  9.99999481E-01  1.14511123E+00
    15  6.00000000E+00  1.15913184E+00  9.99999339E-01  1.15913184E+00
    16  6.40000000E+00  1.17353676E+00  9.99999176E-01  1.17353676E+00
    17  6.80000000E+00  1.18820277E+00  9.99998990E-01  1.18820277E+00
    18  7.20000000E+00  1.20301205E+00  9.99998779E-01  1.20301205E+00
    19  7.60000000E+00  1.21800616E+00  9.99998542E-01  1.21800616E+00
    20  8.00000000E+00  1.23299724E+00  9.99998277E-01  1.23299724E+00
    21  8.40000000E+00  1.24789547E+00  9.99997984E-01  1.24789547E+00
    22  8.80000000E+00  1.26265278E+00  9.99997661E-01  1.26265278E+00
    23  9.20000000E+00  1.27745360E+00  9.99997305E-01  1.27745360E+00
    24  9.60000000E+00  1.29204459E+00  9.99996916E-01  1.29204459E+00
    25  1.00000000E+01  1.30639971E+00  9.99996491E-01  1.30639971E+00
    26  1.04000000E+01  1.32072134E+00  9.99996029E-01  1.32072134E+00
    27  1.08000000E+01  1.33485240E+00  9.99995528E-01  1.33485240E+00
    28  1.12000000E+01  1.34872103E+00  9.99994986E-01  1.34872103E+00
    29  1.16000000E+01  1.36232475E+00  9.99994401E-01  1.36232475E+00
    30  1.20000000E+01  1.37566471E+00  9.99993771E-01  1.37566471E+00
    31  1.24000000E+01  1.38898051E+00  9.99993096E-01  1.38898051E+00
    32  1.28000000E+01  1.40210455E+00  9.99992371E-01  1.40210455E+00
    33  1.32000000E+01  1.41497791E+00  9.99991597E-01  1.41497791E+00
    34  1.36000000E+01  1.42760760E+00  9.99990772E-01  1.42760760E+00
    35  1.40000000E+01  1.44000210E+00  9.99989893E-01  1.44000210E+00
    36  1.44000000E+01  1.45217227E+00  9.99988960E-01  1.45217227E+00
    37  1.48000000E+01  1.46412370E+00  9.99987973E-01  1.46412370E+00
    38  1.52000000E+01  1.47603197E+00  9.99986928E-01  1.47603197E+00
    39  1.56000000E+01  1.48780875E+00  9.99985824E-01  1.48780875E+00
    40  1.60000000E+01  1.49938231E+00  9.99984658E-01  1.49938231E+00
    41  1.64000000E+01  1.51075944E+00  9.99983430E-01  1.51075944E+00
    42  1.68000000E+01  1.52194739E+00  9.99982135E-01  1.52194739E+00
    43  1.72000000E+01  1.53295311E+00  9.99980773E-01  1.53295311E+00
    44  1.76000000E+01  1.54378230E+00  9.99979340E-01  1.54378230E+00
    45  1.80000000E+01  1.55456581E+00  9.99977834E-01  1.55456581E+00
    46  1.84000000E+01  1.56528390E+00  9.99976250E-01  1.56528390E+00
    47  1.88000000E+01  1.57583935E+00  9.99974587E-01  1.57583935E+00
    48  1.92000000E+01  1.58623794E+00  9.99972838E-01  1.58623794E+00
    49  1.96000000E+01  1.59648511E+00  9.99971001E-01  1.59648511E+00
    50  2.00000000E+01  1.60658548E+00  9.99969069E-01  1.60658548E+00
    51  2.04000000E+01  1.61654421E+00  9.99967039E-01  1.61654421E+00
    52  2.08000000E+01  1.62636524E+00  9.99964905E-01  1.62636524E+00
    53  2.12000000E+01  1.63617694E+00  9.99962663E-01  1.63617694E+00
    54  2.16000000E+01  1.64592384E+00  9.99960306E-01  1.64592384E+00
    55  2.20000000E+01  1.65554526E+00  9.99957823E-01  1.65554526E+00
    56  2.24000000E+01  1.66504941E+00  9.99955205E-01  1.66504941E+00
    57  2.28000000E+01  1.67444564E+00  9.99952429E-01  1.67444564E+00
    58  2.32000000E+01  1.68375088E+00  9.99949482E-01  1.68375088E+00
    59  2.36000000E+01  1.69297538E+00  9.99946320E-01  1.69297538E+00
    60  2.40000000E+01  1.70212061E+00  9.99942879E-01  1.70212061E+00
    61  2.44000000E+01  1.71115805E+00  9.99939126E-01  1.71115805E+00
    62  2.48000000E+01  1.72025220E+00  9.99935072E-01  1.72025220E+00
    63  2.52000000E+01  1.72924263E+00  9.99930758E-01  1.72924263E+00
    64  2.56000000E+01  1.73805941E+00  9.99926223E-01  1.73805941E+00
    65  2.60000000E+01  1.74670459E+00  9.99921495E-01  1.74670459E+00
    66  2.64000000E+01  1.75518448E+00  9.99916582E-01  1.75518448E+00
    67  2.68000000E+01  1.76350519E+00  9.99911477E-01  1.76350519E+00
    68  2.72000000E+01  1.77170893E+00  9.99906167E-01  1.77170893E+00
    69  2.76000000E+01  1.78001597E+00  9.99900646E-01  1.78001597E+00
    70  2.80000000E+01  1.78816871E+00  9.99894909E-01  1.78816871E+00
    71  2.84000000E+01  1.79617535E+00  9.99888958E-01  1.79617535E+00
    72  2.88000000E+01  1.80405125E+00  9.99882789E-01  1.80405125E+00
    73  2.92000000E+01  1.81181147E+00  9.99876395E-01  1.81181147E+00
    74  2.96000000E+01  1.81946279E+00  9.99869767E-01  1.81946279E+00
    75  3.00000000E+01  1.82700472E+00  9.99862895E-01  1.82700472E+00
    76  3.04000000E+01  1.83464961E+00  9.99855767E-01  1.83464961E+00
    77  3.08000000E+01  1.84218374E+00  9.99848377E-01  1.84218374E+00
    78  3.12000000E+01  1.84960642E+00  9.99840713E-01  1.84960642E+00
    79  3.16000000E+01  1.85691949E+00  9.99832767E-01  1.85691949E+00
    80  3.20000000E+01  1.86413222E+00  9.99824527E-01  1.86413222E+00
    81  3.24000000E+01  1.87126156E+00  9.99815984E-01  1.87126156E+00
    82  3.28000000E+01  1.87832570E+00  9.99807128E-01  1.87832570E+00
    83  3.32000000E+01  1.88533216E+00  9.99797949E-01  1.88533216E+00
    84  3.36000000E+01  1.89230129E+00  9.99788439E-01  1.89230129E+00
    85  3.40000000E+01  1.89927000E+00  9.99778589E-01  1.89927000E+00
    86  3.44000000E+01  1.90619084E+00  9.99768390E-01  1.90619084E+00
    87  3.48000000E+01  1.91304956E+00  9.99757834E-01  1.91304956E+00
    88  3.52000000E+01  1.91979568E+00  9.99746913E-01  1.91979568E+00
    89  3.56000000E+01  1.92634157E+00  9.99735618E-01  1.92634157E+00
    90  3.60000000E+01  1.93272633E+00  9.99723945E-01  1.93272633E+00
    91  3.64000000E+01  1.93933456E+00  9.99711885E-01  1.93933456E+00
    92  3.68000000E+01  1.94571939E+00  9.99699434E-01  1.94571939E+00
    93  3.72000000E+01  1.95178453E+00  9.99686583E-01  1.95178453E+00
    94  3.76000000E+01  1.95782719E+00  9.99673328E-01  1.95782719E+00
    95  3.80000000E+01  1.96416703E+00  9.99659662E-01  1.96416703E+00
    96  3.84000000E+01  1.97018490E+00  9.99645579E-01  1.97018490E+00
    97  3.88000000E+01  1.97578064E+00  9.99631074E-01  1.97578064E+00
    98  3.92000000E+01  1.98142189E+00  9.99616139E-01  1.98142189E+00
    99  3.96000000E+01  1.98730590E+00  9.99600769E-01  1.98730590E+00
   100  4.00000000E+01  1.99278825E+00  9.99584958E-01  1.99278825E+00
   101  4.04000000E+01  1.99788834E+00  9.99568700E-01  1.99788834E+00
   102  4.08000000E+01  2.00373151E+00  9.99551990E-01  2.00373151E+00
   103  4.12000000E+01  2.00916218E+00  9.99534821E-01  2.00916218E+00
   104  4.16000000E+01  2.01412424E+00  9.99517191E-01  2.01412424E+00
   105  4.20000000E+01  2.01898712E+00  9.99499094E-01  2.01898712E+00
   106  4.24000000E+01  2.02432670E+00  9.99480527E-01  2.02432670E+00
   107  4.28000000E+01  2.02923594E+00  9.99461487E-01  2.02923594E+00
   108  4.32000000E+01  2.03371383E+00  9.99441973E-01  2.03371383E+00
   109  4.36000000E+01  2.03889228E+00  9.99421983E-01  2.03889228E+00
   110  4.40000000E+01  2.04374721E+00  9.99401518E-01  2.04374721E+00
   111  4.44000000E+01  2.04815855E+00  9.99380578E-01  2.04815855E+00
   112  4.48000000E+01  2.05235261E+00  9.99359167E-01  2.05235261E+00
   113  4.52000000E+01  2.05717365E+00  9.99337285E-01  2.05717365E+00
   114  4.56000000E+01  2.06159052E+00  9.99314939E-01  2.06159052E+00
   115  4.60000000E+01  2.06564622E+00  9.99292132E-01  2.06564622E+00
   116  4.64000000E+01  2.07007583E+00  9.99268872E-01  2.07007583E+00
   117  4.68000000E+01  2.07444094E+00  9.99245165E-01  2.07444094E+00
   118  4.72000000E+01  2.07843701E+00  9.99221020E-01  2.07843701E+00
   119  4.76000000E+01  2.08214570E+00  9.99196445E-01  2.08214570E+00
   120  4.80000000E+01  2.08638982E+00  9.99171449E-01  2.08638982E+00
   121  4.84000000E+01  2.09043109E+00  9.99146042E-01  2.09043109E+00
   122  4.88000000E+01  2.09419967E+00  9.99120235E-01  2.09419967E+00
   123  4.92000000E+01  2.09778487E+00  9.99094040E-01  2.09778487E+00
   124  4.96000000E+01  2.10176903E+00  9.99067468E-01  2.10176903E+00
   125  5.00000000E+01  2.10548415E+00  9.99040532E-01  2.10548415E+00
   126  5.04000000E+01  2.10901407E+00  9.99013245E-01  2.10901407E+00
   127  5.08000000E+01  2.11245932E+00  9.98985621E-01  2.11245932E+00
   128  5.12000000E+01  2.11613107E+00  9.98957679E-01  2.11613107E+00
   129  5.16000000E+01  2.11971738E+00  9.98929436E-01  2.11971738E+00
   130  5.20000000E+01  2.12342520E+00  9.98900916E-01  2.12342520E+00
   131  5.24000000E+01  2.12717538E+00  9.98872142E-01  2.12717538E+00
   132  5.28000000E+01  2.13075361E+00  9.98843145E-01  2.13075361E+00
   133  5.32000000E+01  2.13451387E+00  9.98813956E-01  2.13451387E+00
   134  5.36000000E+01  2.13827831E+00  9.98784613E-01  2.13827831E+00
   135  5.40000000E+01  2.14186811E+00  9.98755157E-01  2.14186811E+00
   136  5.44000000E+01  2.14518660E+00  9.98725640E-01  2.14518660E+00
   137  5.48000000E+01  2.14859343E+00  9.98696117E-01  2.14859343E+00
   138  5.52000000E+01  2.15210230E+00  9.98666654E-01  2.15210230E+00
   139  5.56000000E+01  2.15535828E+00  9.98637326E-01  2.15535828E+00
   140  5.60000000E+01  2.15837478E+00  9.98608214E-01  2.15837478E+00
   141  5.64000000E+01  2.16189481E+00  9.98579408E-01  2.16189481E+00
   142  5.68000000E+01  2.16515668E+00  9.98551005E-01  2.16515668E+00
   143  5.72000000E+01  2.16807327E+00  9.98523109E-01  2.16807327E+00
   144  5.76000000E+01  2.17090476E+00  9.98495663E-01  2.17090476E+00
   145  5.80000000E+01  2.17411022E+00  9.98468951E-01  2.17411022E+00
   146  5.84000000E+01  2.17699128E+00  9.98443128E-01  2.17699128E+00
   147  5.88000000E+01  2.17952698E+00  9.98418305E-01  2.17952698E+00
   148  5.92000000E+01  2.18274945E+00  9.98394564E-01  2.18274945E+00
   149  5.96000000E+01  2.18564329E+00  9.98371972E-01  2.18564329E+00
   150  6.00000000E+01  2.18813148E+00  9.98350626E-01  2.18813148E+00
   151  6.04000000E+01  2.19057713E+00  9.98330671E-01  2.19057713E+00
   152  6.08000000E+01  2.19343273E+00  9.98312296E-01  2.19343273E+00
   153  6.12000000E+01  2.19590309E+00  9.98295706E-01  2.19590309E+00
   154  6.16000000E+01  2.19809532E+00  9.98281098E-01  2.19809532E+00
   155  6.20000000E+01  2.20097175E+00  9.98268652E-01  2.20097175E+00
   156  6.24000000E+01  2.20346800E+00  9.98258536E-01  2.20346800E+00
   157  6.28000000E+01  2.20553227E+00  9.98250919E-01  2.20553227E+00
   158  6.32000000E+01  2.20775014E+00  9.98245972E-01  2.20775014E+00
   159  6.36000000E+01  2.21026782E+00  9.98243885E-01  2.21026782E+00
   160  6.40000000E+01  2.21238527E+00  9.98244858E-01  2.21238527E+00
   161  6.44000000E+01  2.21432371E+00  9.98249115E-01  2.21432371E+00
   162  6.48000000E+01  2.21690021E+00  9.98256896E-01  2.21690021E+00
   163  6.52000000E+01  2.21907845E+00  9.98268460E-01  2.21907845E+00
   164  6.56000000E+01  2.22081774E+00  9.98284084E-01  2.22081774E+00
   165  6.60000000E+01  2.22279263E+00  9.98304062E-01  2.22279263E+00
   166  6.64000000E+01  2.22502706E+00  9.98328705E-01  2.22502706E+00
   167  6.68000000E+01  2.22684549E+00  9.98358339E-01  2.22684549E+00
   168  6.72000000E+01  2.22851880E+00  9.98393305E-01  2.22851880E+00
   169  6.76000000E+01  2.23082262E+00  9.98433960E-01  2.23082262E+00
   170  6.80000000E+01  2.23270937E+00  9.98480674E-01  2.23270937E+00
   171  6.84000000E+01  2.23415079E+00  9.98533841E-01  2.23415079E+00
   172  6.88000000E+01  2.23589031E+00  9.98593875E-01  2.23589031E+00
   173  6.92000000E+01  2.23785587E+00  9.98661222E-01  2.23785587E+00
   174  6.96000000E+01  2.23939706E+00  9.98736368E-01  2.23939706E+00
   175  7.00000000E+01  2.24082486E+00  9.98819838E-01  2.24082486E+00
   176  7.04000000E+01  2.24286930E+00  9.98912191E-01  2.24286930E+00
   177  7.08000000E+01  2.24448548E+00  9.99014030E-01  2.24448548E+00
   178  7.12000000E+01  2.24565424E+00  9.99126015E-01  2.24565424E+00
   179  7.16000000E+01  2.24718861E+00  9.99248873E-01  2.24718861E+00
   180  7.20000000E+01  2.24889678E+00  9.99383397E-01  2.24889678E+00
   181  7.24000000E+01  2.25016945E+00  9.99530454E-01  2.25016945E+00
   182  7.28000000E+01  2.25140864E+00  9.99690986E-01  2.25140864E+00
   183  7.32000000E+01  2.25319006E+00  9.99866032E-01  2.25319006E+00
   184  7.36000000E+01  2.25452296E+00  1.00005669E+00  2.25452296E+00
   185  7.40000000E+01  2.25539509E+00  1.00026413E+00  2.25539509E+00
   186  7.44000000E+01  2.25684103E+00  1.00048956E+00  2.25684103E+00
   187  7.48000000E+01  2.25825650E+00  1.00073424E+00  2.25825650E+00
   188  7.52000000E+01  2.25921526E+00  1.00099949E+00  2.25921526E+00
   189  7.56000000E+01  2.26044190E+00  1.00128665E+00  2.26044190E+00
   190  7.60000000E+01  2.26190547E+00  1.00159710E+00  2.26190547E+00
   191  7.64000000E+01  2.26289681E+00  1.00193223E+00  2.26289681E+00
   192  7.68000000E+01  2.26346857E+00  1.00229348E+00  2.26346857E+00
   193  7.72000000E+01  2.26499491E+00  1.00268229E+00  2.26499491E+00
   194  7.76000000E+01  2.26605978E+00  1.00310013E+00  2.26605978E+00
   195  7.80000000E+01  2.26666364E+00  1.00354847E+00  2.26666364E+00
   196  7.84000000E+01  2.26806436E+00  1.00402882E+00  2.26806436E+00
   197  7.88000000E+01  2.26916243E+00  1.00454266E+00  2.26916243E+00
   198  7.92000000E+01  2.26979245E+00  1.00509150E+00  2.26979245E+00
   199  7.96000000E+01  2.27060149E+00  1.00567686E+00  2.27060149E+00
   200  8.00000000E+01  2.27177615E+00  1.00630029E+00  2.27177615E+00
   201  8.04000000E+01  2.27250044E+00  1.00696336E+00  2.27250044E+00
   202  8.08000000E+01  2.27313590E+00  1.00766767E+00  2.27313590E+00
   203  8.12000000E+01  2.27436759E+00  1.00841488E+00  2.27436759E+00
   204  8.16000000E+01  2.27515008E+00  1.00920677E+00  2.27515008E+00
   205  8.20000000E+01  2.27550190E+00  1.01004523E+00  2.27550190E+00
   206  8.24000000E+01  2.27647245E+00  1.01093233E+00  2.27647245E+00
   207  8.28000000E+01  2.27737782E+00  1.01187036E+00  2.27737782E+00
   208  8.32000000E+01  2.27786778E+00  1.01286178E+00  2.27786778E+00
   209  8.36000000E+01  2.27858061E+00  1.01390927E+00  2.27858061E+00
   210  8.40000000E+01  2.27958009E+00  1.01501571E+00  2.27958009E+00
   211  8.44000000E+01  2.28016081E+00  1.01618416E+00  2.28016081E+00
   212  8.48000000E+01  2.28034599E+00  1.01741784E+00  2.28034599E+00
   213  8.52000000E+01  2.28133291E+00  1.01872016E+00  2.28133291E+00
   214  8.56000000E+01  2.28206580E+00  1.02009469E+00  2.28206580E+00
   215  8.60000000E+01  2.28240755E+00  1.02154514E+00  2.28240755E+00
   216  8.64000000E+01  2.28308011E+00  1.02307538E+00  2.28308011E+00
   217  8.68000000E+01  2.28392360E+00  1.02468942E+00  2.28392360E+00
   218  8.72000000E+01  2.28436572E+00  1.02639143E+00  2.28436572E+00
   219  8.76000000E+01  2.28443220E+00  1.02818565E+00  2.28443220E+00
   220  8.80000000E+01  2.28535334E+00  1.03007643E+00  2.28535334E+00
   221  8.84000000E+01  2.28595721E+00  1.03206824E+00  2.28595721E+00
   222  8.88000000E+01  2.28618423E+00  1.03416567E+00  2.28618423E+00
   223  8.92000000E+01  2.28677117E+00  1.03637342E+00  2.28677117E+00
   224  8.96000000E+01  2.28749023E+00  1.03869627E+00  2.28749023E+00
   225  9.00000000E+01  2.28781956E+00  1.04113906E+00  2.28781956E+00
   226  9.04000000E+01  2.28778818E+00  1.04370667E+00  2.28778818E+00
   227  9.08000000E+01  2.28862024E+00  1.04640399E+00  2.28862024E+00
   228  9.12000000E+01  2.28911630E+00  1.04923618E+00  2.28911630E+00
   229  9.16000000E+01  2.28924821E+00  1.05220858E+00  2.28924821E+00
   230  9.20000000E+01  2.28973837E+00  1.05532682E+00  2.28973837E+00
   231  9.24000000E+01  2.29035391E+00  1.05859683E+00  2.29035391E+00
   232  9.28000000E+01  2.29059109E+00  1.06202504E+00  2.29059109E+00
   233  9.32000000E+01  2.29048073E+00  1.06561819E+00  2.29048073E+00
   234  9.36000000E+01  2.29122112E+00  1.06938303E+00  2.29122112E+00
   235  9.40000000E+01  2.29162781E+00  1.07332664E+00  2.29162781E+00
   236  9.44000000E+01  2.29167921E+00  1.07745654E+00  2.29167921E+00
   237  9.48000000E+01  2.29208316E+00  1.08178092E+00  2.29208316E+00
   238  9.52000000E+01  2.29281557E+00  1.08630854E+00  2.29281557E+00
   239  9.56000000E+01  2.29350735E+00  1.09104852E+00  2.29350735E+00
   240  9.60000000E+01  2.29419757E+00  1.09601028E+00  2.29419757E+00
   241  9.64000000E+01  2.29495664E+00  1.10120377E+00  2.29495664E+00
   242  9.68000000E+01  2.29570203E+00  1.10663845E+00  2.29570203E+00
   243  9.72000000E+01  2.29663829E+00  1.11232273E+00  2.29663829E+00
   244  9.76000000E+01  2.29754078E+00  1.11826384E+00  2.29754078E+00
   245  9.80000000E+01  2.29844596E+00  1.12446753E+00  2.29844596E+00
   246  9.84000000E+01  2.29938579E+00  1.13093794E+00  2.29938579E+00
   247  9.88000000E+01  2.30029613E+00  1.13767748E+00  2.30029613E+00
   248  9.92000000E+01  2.30117237E+00  1.14468693E+00  2.30117237E+00
   249  9.96000000E+01  2.30201333E+00  1.15196553E+00  2.30201333E+00
   250  1.00000000E+02  2.30284357E+00  1.15951097E+00  2.30284357E+00
   251  1.00400000E+02  2.30372160E+00  1.16731944E+00  2.30372160E+00
   252  1.00800000E+02  2.30456258E+00  1.17538593E+00  2.30456258E+00
   253  1.01200000E+02  2.30536870E+00  1.18370335E+00  2.30536870E+00
   254  1.01600000E+02  2.30614463E+00  1.19226442E+00  2.30614463E+00
   255  1.02000000E+02  2.30689648E+00  1.20106151E+00  2.30689648E+00
   256  1.02400000E+02  2.30765184E+00  1.21008641E+00  2.30765184E+00
   257  1.02800000E+02  2.30844063E+00  1.21932980E+00  2.30844063E+00
   258  1.03200000E+02  2.30920407E+00  1.22878340E+00  2.30920407E+00
   259  1.03600000E+02  2.30994834E+00  1.23843809E+00  2.30994834E+00
   260  1.04000000E+02  2.31067964E+00  1.24828496E+00  2.31067964E+00
   261  1.04400000E+02  2.31140336E+00  1.25831602E+00  2.31140336E+00
   262  1.04800000E+02  2.31212353E+00  1.26852460E+00  2.31212353E+00
   263  1.05200000E+02  2.31284258E+00  1.27890560E+00  2.31284258E+00
   264  1.05600000E+02  2.31356124E+00  1.28945561E+00  2.31356124E+00
   265  1.06000000E+02  2.31427879E+00  1.30017268E+00  2.31427879E+00
   266  1.06400000E+02  2.31499330E+00  1.31105577E+00  2.31499330E+00
   267  1.06800000E+02  2.31570202E+00  1.32210391E+00  2.31570202E+00
   268  1.07200000E+02  2.31640760E+00  1.33331555E+00  2.31640760E+00
   269  1.07600000E+02  2.31712820E+00  1.34468810E+00  2.31712820E+00
   270  1.08000000E+02  2.31784337E+00  1.35621795E+00  2.31784337E+00
   271  1.08400000E+02  2.31854989E+00  1.36790057E+00  2.31854989E+00
   272  1.08800000E+02  2.31924447E+00  1.37973069E+00  2.31924447E+00
   273  1.09200000E+02  2.31992404E+00  1.39170239E+00  2.31992404E+00
   274  1.09600000E+02  2.32058606E+00  1.40380935E+00  2.32058606E+00
   275  1.10000000E+02  2.32122868E+00  1.41604462E+00  2.32122868E+00
   276  1.10400000E+02  2.32185945E+00  1.42840022E+00  2.32185945E+00
   277  1.10800000E+02  2.32252584E+00  1.44086739E+00  2.32252584E+00
   278  1.11200000E+02  2.32317412E+00  1.45343700E+00  2.32317412E+00
   279  1.11600000E+02  2.32380286E+00  1.46609959E+00  2.32380286E+00
   280  1.12000000E+02  2.32441137E+00  1.47884530E+00  2.32441137E+00
   281  1.12400000E+02  2.32499968E+00  1.49166367E+00  2.32499968E+00
   282  1.12800000E+02  2.32556849E+00  1.50454438E+00  2.32556849E+00
   283  1.13200000E+02  2.32617594E+00  1.51747796E+00  2.32617594E+00
   284  1.13600000E+02  2.32676882E+00  1.53045592E+00  2.32676882E+00
   285  1.14000000E+02  2.32734170E+00  1.54347125E+00  2.32734170E+00
   286  1.14400000E+02  2.32789562E+00  1.55651904E+00  2.32789562E+00
   287  1.14800000E+02  2.32843187E+00  1.56959409E+00  2.32843187E+00
   288  1.15200000E+02  2.32895198E+00  1.58269138E+00  2.32895198E+00
   289  1.15600000E+02  2.32947306E+00  1.59580705E+00  2.32947306E+00
   290  1.16000000E+02  2.33001445E+00  1.60893896E+00  2.33001445E+00
   291  1.16400000E+02  2.33053848E+00  1.62208647E+00  2.33053848E+00
   292  1.16800000E+02  2.33104648E+00  1.63524980E+00  2.33104648E+00
   293  1.17200000E+02  2.33153984E+00  1.64843127E+00  2.33153984E+00
   294  1.17600000E+02  2.33201980E+00  1.66163080E+00  2.33201980E+00
   295  1.18000000E+02  2.33248743E+00  1.67484592E+00  2.33248743E+00
   296  1.18400000E+02  2.33294360E+00  1.68807182E+00  2.33294360E+00
   297  1.18800000E+02  2.33342074E+00  1.70130130E+00  2.33342074E+00
   298  1.19200000E+02  2.33388786E+00  1.71452460E+00  2.33388786E+00
   299  1.19600000E+02  2.33434352E+00  1.72772953E+00  2.33434352E+00
   300  1.20000000E+02  2.33478835E+00  1.74090210E+00  2.33478835E+00
   301  1.20400000E+02  2.33522263E+00  1.75402732E+00  2.33522263E+00
   302  1.20800000E+02  2.33564631E+00  1.76708991E+00  2.33564631E+00
   303  1.21200000E+02  2.33605909E+00  1.78007457E+00  2.33605909E+00
   304  1.21600000E+02  2.33646585E+00  1.79296611E+00  2.33646585E+00
   305  1.22000000E+02  2.33688821E+00  1.80574952E+00  2.33688821E+00
   306  1.22400000E+02  2.33729967E+00  1.81840991E+00  2.33729967E+00
   307  1.22800000E+02  2.33770003E+00  1.83093463E+00  2.33770003E+00
   308  1.23200000E+02  2.33808895E+00  1.84331298E+00  2.33808895E+00
   309  1.23600000E+02  2.33846615E+00  1.85553569E+00  2.33846615E+00
   310  1.24000000E+02  2.33883144E+00  1.86759469E+00  2.33883144E+00
   311  1.24400000E+02  2.33918489E+00  1.87948306E+00  2.33918489E+00
   312  1.24800000E+02  2.33956236E+00  1.89119488E+00  2.33956236E+00
   313  1.25200000E+02  2.33993143E+00  1.90272539E+00  2.33993143E+00
   314  1.25600000E+02  2.34028987E+00  1.91406996E+00  2.34028987E+00
   315  1.26000000E+02  2.34063791E+00  1.92522740E+00  2.34063791E+00
   316  1.26400000E+02  2.34097585E+00  1.93619733E+00  2.34097585E+00
   317  1.26800000E+02  2.34130417E+00  1.94698086E+00  2.34130417E+00
   318  1.27200000E+02  2.34162422E+00  1.95758059E+00  2.34162422E+00
   319  1.27600000E+02  2.34197055E+00  1.96800013E+00  2.34197055E+00
   320  1.28000000E+02  2.34230750E+00  1.97824361E+00  2.34230750E+00
   321  1.28400000E+02  2.34263525E+00  1.98831561E+00  2.34263525E+00
   322  1.28800000E+02  2.34295411E+00  1.99822103E+00  2.34295411E+00
   323  1.29200000E+02  2.34326458E+00  2.00796486E+00  2.34326458E+00
   324  1.29600000E+02  2.34356734E+00  2.01755169E+00  2.34356734E+00
   325  1.30000000E+02  2.34386325E+00  2.02698536E+00  2.34386325E+00
   326  1.30400000E+02  2.34417143E+00  2.03626883E+00  2.34417143E+00
   327  1.30800000E+02  2.34447791E+00  2.04540428E+00  2.34447791E+00
   328  1.31200000E+02  2.34477672E+00  2.05439334E+00  2.34477672E+00
   329  1.31600000E+02  2.34506893E+00  2.06323729E+00  2.34506893E+00
   330  1.32000000E+02  2.34535580E+00  2.07193695E+00  2.34535580E+00
   331  1.32400000E+02  2.34563874E+00  2.08049261E+00  2.34563874E+00
   332  1.32800000E+02  2.34591933E+00  2.08890454E+00  2.34591933E+00
   333  1.33200000E+02  2.34619916E+00  2.09717323E+00  2.34619916E+00
   334  1.33600000E+02  2.34647986E+00  2.10529936E+00  2.34647986E+00
   335  1.34000000E+02  2.34676302E+00  2.11328353E+00  2.34676302E+00
   336  1.34400000E+02  2.34705007E+00  2.12112658E+00  2.34705007E+00
   337  1.34800000E+02  2.34735343E+00  2.12883003E+00  2.34735343E+00
   338  1.35200000E+02  2.34766811E+00  2.13639590E+00  2.34766811E+00
   339  1.35600000E+02  2.34798366E+00  2.14382662E+00  2.34798366E+00
   340  1.36000000E+02  2.34829687E+00  2.15112516E+00  2.34829687E+00
   341  1.36400000E+02  2.34860379E+00  2.15829335E+00  2.34860379E+00
   342  1.36800000E+02  2.34890018E+00  2.16533110E+00  2.34890018E+00
   343  1.37200000E+02  2.34919726E+00  2.17223704E+00  2.34919726E+00
   344  1.37600000E+02  2.34950663E+00  2.17900845E+00  2.34950663E+00
   345  1.38000000E+02  2.34980676E+00  2.18564090E+00  2.34980676E+00
   346  1.38400000E+02  2.35009307E+00  2.19212792E+00  2.35009307E+00
   347  1.38800000E+02  2.35036115E+00  2.19846103E+00  2.35036115E+00
   348  1.39200000E+02  2.35060726E+00  2.20463030E+00  2.35060726E+00
   349  1.39600000E+02  2.35085955E+00  2.21062361E+00  2.35085955E+00
   350  1.40000000E+02  2.35112964E+00  2.21642742E+00  2.35112964E+00
   351  1.40400000E+02  2.35137955E+00  2.22202790E+00  2.35137955E+00
   352  1.40800000E+02  2.35160645E+00  2.22741225E+00  2.35160645E+00
   353  1.41200000E+02  2.35180886E+00  2.23256994E+00  2.35180886E+00
   354  1.41600000E+02  2.35206231E+00  2.23749393E+00  2.35206231E+00
   355  1.42000000E+02  2.35229457E+00  2.24218167E+00  2.35229457E+00
   356  1.42400000E+02  2.35250140E+00  2.24663568E+00  2.35250140E+00
   357  1.42800000E+02  2.35268254E+00  2.25086356E+00  2.35268254E+00
   358  1.43200000E+02  2.35286275E+00  2.25487714E+00  2.35286275E+00
   359  1.43600000E+02  2.35307626E+00  2.25869121E+00  2.35307626E+00
   360  1.44000000E+02  2.35326508E+00  2.26232211E+00  2.35326508E+00
   361  1.44400000E+02  2.35343048E+00  2.26578574E+00  2.35343048E+00
   362  1.44800000E+02  2.35358074E+00  2.26909543E+00  2.35358074E+00
   363  1.45200000E+02  2.35377293E+00  2.27226013E+00  2.35377293E+00
   364  1.45600000E+02  2.35394052E+00  2.27528292E+00  2.35394052E+00
   365  1.46000000E+02  2.35408663E+00  2.27816014E+00  2.35408663E+00
   366  1.46400000E+02  2.35421613E+00  2.28088122E+00  2.35421613E+00
   367  1.46800000E+02  2.35435658E+00  2.28342940E+00  2.35435658E+00
   368  1.47200000E+02  2.35451310E+00  2.28578312E+00  2.35451310E+00
   369  1.47600000E+02  2.35465335E+00  2.28791804E+00  2.35465335E+00
   370  1.48000000E+02  2.35478247E+00  2.28980917E+00  2.35478247E+00
   371  1.48400000E+02  2.35490614E+00  2.29143320E+00  2.35490614E+00
   372  1.48800000E+02  2.35502993E+00  2.29277050E+00  2.35502993E+00
   373  1.49200000E+02  2.35515876E+00  2.29380749E+00  2.35515876E+00
   374  1.49600000E+02  2.35531663E+00  2.29453809E+00  2.35531663E+00
   375  1.50000000E+02  2.35548957E+00  2.29496517E+00  2.35548957E+00
   376  1.50400000E+02  2.35565687E+00  2.29510150E+00  2.35565687E+00
   377  1.50800000E+02  2.35580964E+00  2.29497001E+00  2.35580964E+00
   378  1.51200000E+02  2.35593868E+00  2.29460356E+00  2.35593868E+00
   379  1.51600000E+02  2.35610444E+00  2.29404407E+00  2.35610444E+00
   380  1.52000000E+02  2.35625958E+00  2.29334104E+00  2.35625958E+00
   381  1.52400000E+02  2.35639527E+00  2.29254978E+00  2.35639527E+00
   382  1.52800000E+02  2.35650321E+00  2.29172912E+00  2.35650321E+00
   383  1.53200000E+02  2.35665812E+00  2.29093899E+00  2.35665812E+00
   384  1.53600000E+02  2.35680703E+00  2.29023774E+00  2.35680703E+00
   385  1.54000000E+02  2.35693055E+00  2.28967938E+00  2.35693055E+00
   386  1.54400000E+02  2.35702048E+00  2.28931098E+00  2.35702048E+00
   387  1.54800000E+02  2.35711833E+00  2.28917031E+00  2.35711833E+00
   388  1.55200000E+02  2.35724719E+00  2.28928404E+00  2.35724719E+00
   389  1.55600000E+02  2.35734732E+00  2.28966659E+00  2.35734732E+00
   390  1.56000000E+02  2.35741178E+00  2.29031971E+00  2.35741178E+00
   391  1.56400000E+02  2.35752696E+00  2.29123269E+00  2.35752696E+00
   392  1.56800000E+02  2.35764222E+00  2.29238349E+00  2.35764222E+00
   393  1.57200000E+02  2.35772371E+00  2.29374044E+00  2.35772371E+00
   394  1.57600000E+02  2.35776512E+00  2.29526443E+00  2.35776512E+00
   395  1.58000000E+02  2.35783688E+00  2.29691142E+00  2.35783688E+00
   396  1.58400000E+02  2.35792906E+00  2.29863520E+00  2.35792906E+00
   397  1.58800000E+02  2.35798564E+00  2.30038965E+00  2.35798564E+00
   398  1.59200000E+02  2.35800446E+00  2.30213103E+00  2.35800446E+00
   399  1.59600000E+02  2.35811151E+00  2.30382030E+00  2.35811151E+00
   400  1.60000000E+02  2.35818456E+00  2.30542491E+00  2.35818456E+00
   401  1.60400000E+02  2.35821738E+00  2.30691994E+00  2.35821738E+00
   402  1.60800000E+02  2.35820551E+00  2.30828886E+00  2.35820551E+00
   403  1.61200000E+02  2.35828863E+00  2.30952364E+00  2.35828863E+00
   404  1.61600000E+02  2.35833548E+00  2.31062469E+00  2.35833548E+00
   405  1.62000000E+02  2.35834062E+00  2.31159985E+00  2.35834062E+00
   406  1.62400000E+02  2.35838087E+00  2.31246345E+00  2.35838087E+00
   407  1.62800000E+02  2.35844304E+00  2.31323497E+00  2.35844304E+00
   408  1.63200000E+02  2.35846330E+00  2.31393742E+00  2.35846330E+00
   409  1.63600000E+02  2.35843720E+00  2.31459557E+00  2.35843720E+00
   410  1.64000000E+02  2.35847055E+00  2.31523409E+00  2.35847055E+00
   411  1.64400000E+02  2.35850397E+00  2.31587576E+00  2.35850397E+00
   412  1.64800000E+02  2.35849367E+00  2.31654002E+00  2.35849367E+00
   413  1.65200000E+02  2.35850099E+00  2.31724172E+00  2.35850099E+00
   414  1.65600000E+02  2.35854824E+00  2.31799049E+00  2.35854824E+00
   415  1.66000000E+02  2.35855124E+00  2.31879055E+00  2.35855124E+00
   416  1.66400000E+02  2.35850650E+00  2.31964093E+00  2.35850650E+00
   417  1.66800000E+02  2.35852399E+00  2.32053617E+00  2.35852399E+00
   418  1.67200000E+02  2.35853931E+00  2.32146733E+00  2.35853931E+00
   419  1.67600000E+02  2.35850995E+00  2.32242312E+00  2.35850995E+00
   420  1.68000000E+02  2.35850792E+00  2.32339116E+00  2.35850792E+00
   421  1.68400000E+02  2.35853638E+00  2.32435912E+00  2.35853638E+00
   422  1.68800000E+02  2.35861852E+00  2.32531572E+00  2.35861852E+00
   423  1.69200000E+02  2.35878611E+00  2.32625151E+00  2.35878611E+00
   424  1.69600000E+02  2.35891658E+00  2.32715935E+00  2.35891658E+00
   425  1.70000000E+02  2.35903051E+00  2.32803466E+00  2.35903051E+00
   426  1.70400000E+02  2.35921322E+00  2.32887527E+00  2.35921322E+00
   427  1.70800000E+02  2.35936058E+00  2.32968117E+00  2.35936058E+00
   428  1.71200000E+02  2.35947199E+00  2.33045405E+00  2.35947199E+00
   429  1.71600000E+02  2.35959395E+00  2.33119682E+00  2.35959395E+00
   430  1.72000000E+02  2.35975606E+00  2.33191308E+00  2.35975606E+00
   431  1.72400000E+02  2.35988275E+00  2.33260665E+00  2.35988275E+00
   432  1.72800000E+02  2.35997368E+00  2.33328119E+00  2.35997368E+00
   433  1.73200000E+02  2.36006462E+00  2.33393990E+00  2.36006462E+00
   434  1.73600000E+02  2.36020981E+00  2.33458525E+00  2.36020981E+00
   435  1.74000000E+02  2.36031935E+00  2.33521903E+00  2.36031935E+00
   436  1.74400000E+02  2.36039311E+00  2.33584218E+00  2.36039311E+00
   437  1.74800000E+02  2.36049134E+00  2.33645486E+00  2.36049134E+00
   438  1.75200000E+02  2.36061562E+00  2.33705668E+00  2.36061562E+00
   439  1.75600000E+02  2.36070396E+00  2.33764681E+00  2.36070396E+00
   440  1.76000000E+02  2.36075663E+00  2.33822418E+00  2.36075663E+00
   441  1.76400000E+02  2.36083221E+00  2.33878768E+00  2.36083221E+00
   442  1.76800000E+02  2.36093862E+00  2.33933625E+00  2.36093862E+00
   443  1.77200000E+02  2.36100891E+00  2.33986909E+00  2.36100891E+00
   444  1.77600000E+02  2.36104358E+00  2.34038568E+00  2.36104358E+00
   445  1.78000000E+02  2.36112967E+00  2.34088586E+00  2.36112967E+00
   446  1.78400000E+02  2.36121356E+00  2.34136975E+00  2.36121356E+00
   447  1.78800000E+02  2.36126123E+00  2.34183778E+00  2.36126123E+00
   448  1.79200000E+02  2.36127365E+00  2.34229066E+00  2.36127365E+00
   449  1.79600000E+02  2.36134953E+00  2.34272931E+00  2.36134953E+00
   450  1.80000000E+02  2.36141454E+00  2.34315480E+00  2.36141454E+00
   451  1.80400000E+02  2.36144379E+00  2.34356823E+00  2.36144379E+00
   452  1.80800000E+02  2.36145005E+00  2.34397073E+00  2.36145005E+00
   453  1.81200000E+02  2.36152893E+00  2.34436327E+00  2.36152893E+00
   454  1.81600000E+02  2.36157135E+00  2.34474665E+00  2.36157135E+00
   455  1.82000000E+02  2.36157824E+00  2.34512150E+00  2.36157824E+00
   456  1.82400000E+02  2.36158197E+00  2.34548832E+00  2.36158197E+00
   457  1.82800000E+02  2.36164172E+00  2.34584746E+00  2.36164172E+00
   458  1.83200000E+02  2.36166495E+00  2.34619917E+00  2.36166495E+00
   459  1.83600000E+02  2.36165264E+00  2.34654360E+00  2.36165264E+00
   460  1.84000000E+02  2.36168108E+00  2.34688089E+00  2.36168108E+00
   461  1.84400000E+02  2.36171661E+00  2.34721115E+00  2.36171661E+00
   462  1.84800000E+02  2.36171525E+00  2.34753456E+00  2.36171525E+00
   463  1.85200000E+02  2.36167835E+00  2.34785136E+00  2.36167835E+00
   464  1.85600000E+02  2.36172288E+00  2.34816193E+00  2.36172288E+00
   465  1.86000000E+02  2.36173668E+00  2.34846684E+00  2.36173668E+00
   466  1.86400000E+02  2.36171340E+00  2.34876682E+00  2.36171340E+00
   467  1.86800000E+02  2.36171183E+00  2.34906283E+00  2.36171183E+00
   468  1.87200000E+02  2.36173651E+00  2.34935596E+00  2.36173651E+00
   469  1.87600000E+02  2.36172275E+00  2.34964745E+00  2.36172275E+00
   470  1.88000000E+02  2.36167237E+00  2.34993857E+00  2.36167237E+00
   471  1.88400000E+02  2.36170315E+00  2.35023051E+00  2.36170315E+00
   472  1.88800000E+02  2.36170268E+00  2.35052429E+00  2.36170268E+00
   473  1.89200000E+02  2.36166448E+00  2.35082057E+00  2.36166448E+00
   474  1.89600000E+02  2.36165769E+00  2.35111963E+00  2.36165769E+00
   475  1.90000000E+02  2.36166643E+00  2.35142121E+00  2.36166643E+00
   476  1.90400000E+02  2.36163709E+00  2.35172452E+00  2.36163709E+00
   477  1.90800000E+02  2.36158070E+00  2.35202821E+00  2.36158070E+00
   478  1.91200000E+02  2.36160431E+00  2.35233042E+00  2.36160431E+00
   479  1.91600000E+02  2.36158998E+00  2.35262891E+00  2.36158998E+00
   480  1.92000000E+02  2.36154026E+00  2.35292117E+00  2.36154026E+00
   481  1.92400000E+02  2.36153546E+00  2.35320464E+00  2.36153546E+00
   482  1.92800000E+02  2.36153396E+00  2.35347686E+00  2.36153396E+00
   483  1.93200000E+02  2.36149708E+00  2.35373564E+00  2.36149708E+00
   484  1.93600000E+02  2.36144199E+00  2.35397930E+00  2.36144199E+00
   485  1.94000000E+02  2.36145908E+00  2.35420669E+00  2.36145908E+00
   486  1.94400000E+02  2.36144045E+00  2.35441739E+00  2.36144045E+00
   487  1.94800000E+02  2.36138834E+00  2.35461169E+00  2.36138834E+00
   488  1.95200000E+02  2.36138052E+00  2.35479058E+00  2.36138052E+00
   489  1.95600000E+02  2.36137660E+00  2.35495567E+00  2.36137660E+00
   490  1.96000000E+02  2.36133837E+00  2.35510907E+00  2.36133837E+00
   491  1.96400000E+02  2.36127916E+00  2.35525314E+00  2.36127916E+00
   492  1.96800000E+02  2.36129467E+00  2.35539028E+00  2.36129467E+00
   493  1.97200000E+02  2.36127495E+00  2.35552268E+00  2.36127495E+00
   494  1.97600000E+02  2.36122200E+00  2.35565200E+00  2.36122200E+00
   495  1.98000000E+02  2.36120808E+00  2.35577922E+00  2.36120808E+00
   496  1.98400000E+02  2.36120301E+00  2.35590438E+00  2.36120301E+00
   497  1.98800000E+02  2.36116359E+00  2.35602651E+00  2.36116359E+00
   498  1.99200000E+02  2.36109816E+00  2.35614361E+00  2.36109816E+00
   499  1.99600000E+02  2.36111238E+00  2.35625268E+00  2.36111238E+00
   500  2.00000000E+02  2.36109120E+00  2.35634996E+00  2.36109120E+00
   501  2.00400000E+02  2.36103662E+00  2.35643114E+00  2.36103662E+00
   502  2.00800000E+02  2.36101863E+00  2.35649171E+00  2.36101863E+00
   503  2.01200000E+02  2.36101194E+00  2.35652733E+00  2.36101194E+00
   504  2.01600000E+02  2.36097084E+00  2.35653419E+00  2.36097084E+00
   505  2.02000000E+02  2.36090376E+00  2.35650943E+00  2.36090376E+00
   506  2.02400000E+02  2.36091665E+00  2.35645134E+00  2.36091665E+00
   507  2.02800000E+02  2.36089435E+00  2.35635959E+00  2.36089435E+00
   508  2.03200000E+02  2.36083887E+00  2.35623528E+00  2.36083887E+00
   509  2.03600000E+02  2.36082016E+00  2.35608095E+00  2.36082016E+00
   510  2.04000000E+02  2.36081296E+00  2.35590052E+00  2.36081296E+00
   511  2.04400000E+02  2.36077137E+00  2.35569906E+00  2.36077137E+00
   512  2.04800000E+02  2.36070304E+00  2.35548257E+00  2.36070304E+00
   513  2.05200000E+02  2.36071557E+00  2.35525770E+00  2.36071557E+00
   514  2.05600000E+02  2.36069241E+00  2.35503146E+00  2.36069241E+00
   515  2.06000000E+02  2.36063527E+00  2.35481087E+00  2.36063527E+00
   516  2.06400000E+02  2.36061940E+00  2.35460268E+00  2.36061940E+00
   517  2.06800000E+02  2.36061036E+00  2.35441312E+00  2.36061036E+00
   518  2.07200000E+02  2.36056557E+00  2.35424768E+00  2.36056557E+00
   519  2.07600000E+02  2.36050775E+00  2.35411094E+00  2.36050775E+00
   520  2.08000000E+02  2.36051690E+00  2.35400644E+00  2.36051690E+00
   521  2.08400000E+02  2.36048858E+00  2.35393669E+00  2.36048858E+00
   522  2.08800000E+02  2.36042463E+00  2.35390315E+00  2.36042463E+00
   523  2.09200000E+02  2.36042955E+00  2.35390637E+00  2.36042955E+00
   524  2.09600000E+02  2.36041279E+00  2.35394613E+00  2.36041279E+00
   525  2.10000000E+02  2.36035878E+00  2.35402160E+00  2.36035878E+00
   526  2.10400000E+02  2.36033116E+00  2.35413152E+00  2.36033116E+00
   527  2.10800000E+02  2.36032989E+00  2.35427438E+00  2.36032989E+00
   528  2.11200000E+02  2.36029019E+00  2.35444845E+00  2.36029019E+00
   529  2.11600000E+02  2.36024441E+00  2.35465186E+00  2.36024441E+00
   530  2.12000000E+02  2.36025397E+00  2.35488260E+00  2.36025397E+00
   531  2.12400000E+02  2.36022441E+00  2.35513846E+00  2.36022441E+00
   532  2.12800000E+02  2.36015827E+00  2.35541698E+00  2.36015827E+00
   533  2.13200000E+02  2.36016894E+00  2.35571537E+00  2.36016894E+00
   534  2.13600000E+02  2.36015495E+00  2.35603049E+00  2.36015495E+00
   535  2.14000000E+02  2.36010411E+00  2.35635873E+00  2.36010411E+00
   536  2.14400000E+02  2.36009536E+00  2.35669611E+00  2.36009536E+00
   537  2.14800000E+02  2.36009379E+00  2.35703829E+00  2.36009379E+00
   538  2.15200000E+02  2.36005528E+00  2.35738060E+00  2.36005528E+00
   539  2.15600000E+02  2.36000960E+00  2.35771823E+00  2.36000960E+00
   540  2.16000000E+02  2.36002608E+00  2.35804625E+00  2.36002608E+00
   541  2.16400000E+02  2.36000558E+00  2.35835980E+00  2.36000558E+00
   542  2.16800000E+02  2.35995033E+00  2.35865418E+00  2.35995033E+00
   543  2.17200000E+02  2.35997209E+00  2.35892502E+00  2.35997209E+00
   544  2.17600000E+02  2.35996623E+00  2.35916835E+00  2.35996623E+00
   545  2.18000000E+02  2.35992500E+00  2.35938078E+00  2.35992500E+00
   546  2.18400000E+02  2.35991118E+00  2.35955953E+00  2.35991118E+00
   547  2.18800000E+02  2.35992508E+00  2.35970252E+00  2.35992508E+00
   548  2.19200000E+02  2.35990302E+00  2.35980843E+00  2.35990302E+00
   549  2.19600000E+02  2.35987669E+00  2.35987669E+00  2.35987669E+00
   550  2.20000000E+02  2.35990751E+00  2.35990751E+00  2.35990751E+00
   551  2.20400000E+02  2.35990179E+00  2.35990179E+00  2.35990179E+00
   552  2.20800000E+02  2.35986112E+00  2.35986112E+00  2.35986112E+00
   553  2.21200000E+02  2.35978769E+00  2.35978769E+00  2.35978769E+00
   554  2.21600000E+02  2.35968421E+00  2.35968421E+00  2.35968421E+00
   555  2.22000000E+02  2.35955378E+00  2.35955378E+00  2.35955378E+00
   556  2.22400000E+02  2.35939985E+00  2.35939985E+00  2.35939985E+00
   557  2.22800000E+02  2.35922605E+00  2.35922605E+00  2.35922605E+00
   558  2.23200000E+02  2.35918744E+00  2.35903608E+00  2.35918744E+00
   559  2.23600000E+02  2.35918109E+00  2.35883364E+00  2.35918109E+00
   560  2.24000000E+02  2.35913590E+00  2.35862228E+00  2.35913590E+00
   561  2.24400000E+02  2.35908725E+00  2.35840534E+00  2.35908725E+00
   562  2.24800000E+02  2.35909795E+00  2.35818582E+00  2.35909795E+00
   563  2.25200000E+02  2.35906943E+00  2.35796634E+00  2.35906943E+00
   564  2.25600000E+02  2.35900221E+00  2.35774913E+00  2.35900221E+00
   565  2.26000000E+02  2.35898141E+00  2.35753600E+00  2.35898141E+00
   566  2.26400000E+02  2.35897431E+00  2.35732840E+00  2.35897431E+00
   567  2.26800000E+02  2.35892843E+00  2.35712736E+00  2.35892843E+00
   568  2.27200000E+02  2.35888107E+00  2.35693356E+00  2.35888107E+00
   569  2.27600000E+02  2.35889123E+00  2.35674739E+00  2.35889123E+00
   570  2.28000000E+02  2.35886200E+00  2.35656901E+00  2.35886200E+00
   571  2.28400000E+02  2.35879361E+00  2.35639848E+00  2.35879361E+00
   572  2.28800000E+02  2.35877796E+00  2.35623584E+00  2.35877796E+00
   573  2.29200000E+02  2.35876948E+00  2.35608127E+00  2.35876948E+00
   574  2.29600000E+02  2.35872101E+00  2.35593515E+00  2.35872101E+00
   575  2.30000000E+02  2.35868468E+00  2.35579817E+00  2.35868468E+00
   576  2.30400000E+02  2.35869179E+00  2.35567137E+00  2.35869179E+00
   577  2.30800000E+02  2.35865753E+00  2.35555617E+00  2.35865753E+00
   578  2.31200000E+02  2.35858199E+00  2.35545435E+00  2.35858199E+00
   579  2.31600000E+02  2.35858860E+00  2.35536807E+00  2.35858860E+00
   580  2.32000000E+02  2.35857227E+00  2.35529971E+00  2.35857227E+00
   581  2.32400000E+02  2.35851385E+00  2.35525180E+00  2.35851385E+00
   582  2.32800000E+02  2.35850903E+00  2.35522685E+00  2.35850903E+00
   583  2.33200000E+02  2.35850518E+00  2.35522721E+00  2.35850518E+00
   584  2.33600000E+02  2.35845834E+00  2.35525480E+00  2.35845834E+00
   585  2.34000000E+02  2.35840389E+00  2.35531097E+00  2.35840389E+00
   586  2.34400000E+02  2.35841626E+00  2.35539633E+00  2.35841626E+00
   587  2.34800000E+02  2.35838607E+00  2.35551061E+00  2.35838607E+00
   588  2.35200000E+02  2.35832665E+00  2.35565256E+00  2.35832665E+00
   589  2.35600000E+02  2.35835139E+00  2.35581994E+00  2.35835139E+00
   590  2.36000000E+02  2.35833387E+00  2.35600953E+00  2.35833387E+00
   591  2.36400000E+02  2.35827458E+00  2.35621721E+00  2.35827458E+00
   592  2.36800000E+02  2.35826315E+00  2.35643812E+00  2.35826315E+00
   593  2.37200000E+02  2.35826367E+00  2.35666678E+00  2.35826367E+00
   594  2.37600000E+02  2.35822350E+00  2.35689734E+00  2.35822350E+00
   595  2.38000000E+02  2.35820490E+00  2.35712377E+00  2.35820490E+00
   596  2.38400000E+02  2.35822032E+00  2.35734003E+00  2.35822032E+00
   597  2.38800000E+02  2.35819555E+00  2.35754031E+00  2.35819555E+00
   598  2.39200000E+02  2.35813120E+00  2.35771916E+00  2.35813120E+00
   599  2.39600000E+02  2.35815877E+00  2.35787169E+00  2.35815877E+00
   600  2.40000000E+02  2.35815462E+00  2.35799367E+00  2.35815462E+00
   601  2.40400000E+02  2.35811149E+00  2.35808166E+00  2.35811149E+00
   602  2.40800000E+02  2.35813313E+00  2.35813313E+00  2.35813313E+00
   603  2.41200000E+02  2.35814646E+00  2.35814646E+00  2.35814646E+00
   604  2.41600000E+02  2.35812101E+00  2.35812101E+00  2.35812101E+00
   605  2.42000000E+02  2.35817701E+00  2.35805710E+00  2.35817701E+00
   606  2.42400000E+02  2.35828853E+00  2.35795599E+00  2.35828853E+00
   607  2.42800000E+02  2.35836261E+00  2.35781978E+00  2.35836261E+00
   608  2.43200000E+02  2.35839968E+00  2.35765133E+00  2.35839968E+00
   609  2.43600000E+02  2.35847316E+00  2.35745416E+00  2.35847316E+00
   610  2.44000000E+02  2.35856147E+00  2.35723228E+00  2.35856147E+00
   611  2.44400000E+02  2.35861222E+00  2.35699007E+00  2.35861222E+00
   612  2.44800000E+02  2.35862628E+00  2.35673209E+00  2.35862628E+00
   613  2.45200000E+02  2.35869264E+00  2.35646291E+00  2.35869264E+00
   614  2.45600000E+02  2.35876129E+00  2.35618695E+00  2.35876129E+00
   615  2.46000000E+02  2.35879255E+00  2.35590836E+00  2.35879255E+00
   616  2.46400000E+02  2.35879032E+00  2.35563087E+00  2.35879032E+00
   617  2.46800000E+02  2.35887307E+00  2.35535766E+00  2.35887307E+00
   618  2.47200000E+02  2.35891804E+00  2.35509135E+00  2.35891804E+00
   619  2.47600000E+02  2.35892622E+00  2.35483392E+00  2.35892622E+00
   620  2.48000000E+02  2.35892395E+00  2.35458674E+00  2.35892395E+00
   621  2.48400000E+02  2.35898724E+00  2.35435062E+00  2.35898724E+00
   622  2.48800000E+02  2.35901296E+00  2.35412589E+00  2.35901296E+00
   623  2.49200000E+02  2.35900225E+00  2.35391258E+00  2.35900225E+00
   624  2.49600000E+02  2.35902602E+00  2.35371042E+00  2.35902602E+00
   625  2.50000000E+02  2.35906541E+00  2.35351903E+00  2.35906541E+00
   626  2.50400000E+02  2.35906744E+00  2.35333807E+00  2.35906744E+00
   627  2.50800000E+02  2.35903342E+00  2.35316737E+00  2.35903342E+00
   628  2.51200000E+02  2.35906935E+00  2.35300708E+00  2.35906935E+00
   629  2.51600000E+02  2.35908821E+00  2.35285774E+00  2.35908821E+00
   630  2.52000000E+02  2.35906949E+00  2.35272046E+00  2.35906949E+00
   631  2.52400000E+02  2.35905262E+00  2.35259689E+00  2.35905262E+00
   632  2.52800000E+02  2.35908425E+00  2.35248925E+00  2.35908425E+00
   633  2.53200000E+02  2.35907690E+00  2.35240026E+00  2.35907690E+00
   634  2.53600000E+02  2.35903200E+00  2.35233303E+00  2.35903200E+00
   635  2.54000000E+02  2.35904428E+00  2.35229091E+00  2.35904428E+00
   636  2.54400000E+02  2.35905244E+00  2.35227721E+00  2.35905244E+00
   637  2.54800000E+02  2.35902145E+00  2.35229499E+00  2.35902145E+00
   638  2.55200000E+02  2.35899505E+00  2.35234681E+00  2.35899505E+00
   639  2.55600000E+02  2.35901384E+00  2.35243442E+00  2.35901384E+00
   640  2.56000000E+02  2.35899235E+00  2.35255859E+00  2.35899235E+00
   641  2.56400000E+02  2.35893269E+00  2.35271890E+00  2.35893269E+00
   642  2.56800000E+02  2.35894809E+00  2.35291366E+00  2.35894809E+00
   643  2.57200000E+02  2.35894058E+00  2.35313988E+00  2.35894058E+00
   644  2.57600000E+02  2.35889417E+00  2.35339333E+00  2.35889417E+00
   645  2.58000000E+02  2.35887502E+00  2.35366870E+00  2.35887502E+00
   646  2.58400000E+02  2.35887805E+00  2.35395976E+00  2.35887805E+00
   647  2.58800000E+02  2.35884221E+00  2.35425964E+00  2.35884221E+00
   648  2.59200000E+02  2.35877461E+00  2.35456112E+00  2.35877461E+00
   649  2.59600000E+02  2.35879450E+00  2.35485694E+00  2.35879450E+00
   650  2.60000000E+02  2.35877564E+00  2.35514007E+00  2.35877564E+00
   651  2.60400000E+02  2.35872053E+00  2.35540395E+00  2.35872053E+00
   652  2.60800000E+02  2.35870934E+00  2.35564270E+00  2.35870934E+00
   653  2.61200000E+02  2.35870475E+00  2.35585130E+00  2.35870475E+00
   654  2.61600000E+02  2.35866369E+00  2.35602564E+00  2.35866369E+00
   655  2.62000000E+02  2.35860293E+00  2.35616262E+00  2.35860293E+00
   656  2.62400000E+02  2.35861812E+00  2.35626019E+00  2.35861812E+00
   657  2.62800000E+02  2.35859621E+00  2.35631731E+00  2.35859621E+00
   658  2.63200000E+02  2.35853936E+00  2.35633394E+00  2.35853936E+00
   659  2.63600000E+02  2.35852919E+00  2.35631100E+00  2.35852919E+00
   660  2.64000000E+02  2.35852267E+00  2.35625021E+00  2.35852267E+00
   661  2.64400000E+02  2.35861607E+00  2.35615409E+00  2.35861607E+00
   662  2.64800000E+02  2.35870733E+00  2.35602574E+00  2.35870733E+00
   663  2.65200000E+02  2.35876077E+00  2.35586881E+00  2.35876077E+00
   664  2.65600000E+02  2.35879526E+00  2.35568729E+00  2.35879526E+00
   665  2.66000000E+02  2.35890136E+00  2.35548541E+00  2.35890136E+00
   666  2.66400000E+02  2.35896932E+00  2.35526753E+00  2.35896932E+00
   667  2.66800000E+02  2.35899921E+00  2.35503799E+00  2.35899921E+00
   668  2.67200000E+02  2.35902250E+00  2.35480097E+00  2.35902250E+00
   669  2.67600000E+02  2.35910882E+00  2.35456042E+00  2.35910882E+00
   670  2.68000000E+02  2.35915686E+00  2.35431992E+00  2.35915686E+00
   671  2.68400000E+02  2.35916708E+00  2.35408266E+00  2.35916708E+00
   672  2.68800000E+02  2.35921631E+00  2.35385133E+00  2.35921631E+00
   673  2.69200000E+02  2.35927871E+00  2.35362811E+00  2.35927871E+00
   674  2.69600000E+02  2.35930288E+00  2.35341469E+00  2.35930288E+00
   675  2.70000000E+02  2.35928977E+00  2.35321221E+00  2.35928977E+00
   676  2.70400000E+02  2.35933838E+00  2.35302141E+00  2.35933838E+00
   677  2.70800000E+02  2.35938112E+00  2.35284264E+00  2.35938112E+00
   678  2.71200000E+02  2.35938594E+00  2.35267598E+00  2.35938594E+00
   679  2.71600000E+02  2.35937300E+00  2.35252139E+00  2.35937300E+00
   680  2.72000000E+02  2.35943027E+00  2.35237875E+00  2.35943027E+00
   681  2.72400000E+02  2.35944891E+00  2.35224802E+00  2.35944891E+00
   682  2.72800000E+02  2.35942976E+00  2.35212935E+00  2.35942976E+00
   683  2.73200000E+02  2.35942487E+00  2.35202314E+00  2.35942487E+00
   684  2.73600000E+02  2.35946168E+00  2.35193022E+00  2.35946168E+00
   685  2.74000000E+02  2.35945959E+00  2.35185180E+00  2.35945959E+00
   686  2.74400000E+02  2.35941962E+00  2.35178959E+00  2.35941962E+00
   687  2.74800000E+02  2.35945423E+00  2.35174578E+00  2.35945423E+00
   688  2.75200000E+02  2.35946486E+00  2.35172291E+00  2.35946486E+00
   689  2.75600000E+02  2.35943611E+00  2.35172382E+00  2.35943611E+00
   690  2.76000000E+02  2.35940417E+00  2.35175149E+00  2.35940417E+00
   691  2.76400000E+02  2.35943179E+00  2.35180878E+00  2.35943179E+00
   692  2.76800000E+02  2.35941870E+00  2.35189827E+00  2.35941870E+00
   693  2.77200000E+02  2.35936623E+00  2.35202198E+00  2.35936623E+00
   694  2.77600000E+02  2.35938997E+00  2.35218115E+00  2.35938997E+00
   695  2.78000000E+02  2.35938757E+00  2.35237605E+00  2.35938757E+00
   696  2.78400000E+02  2.35934456E+00  2.35260585E+00  2.35934456E+00
   697  2.78800000E+02  2.35931537E+00  2.35286851E+00  2.35931537E+00
   698  2.79200000E+02  2.35932792E+00  2.35316077E+00  2.35932792E+00
   699  2.79600000E+02  2.35929918E+00  2.35347825E+00  2.35929918E+00
   700  2.80000000E+02  2.35923900E+00  2.35381559E+00  2.35923900E+00


STDERR:
