COMMAND:
/shared/generate_rom_data/extrudate_swell2d_c_cluster

STDOUT:
 comppar: model =   2
 comppar: lambda,mobility/eps,betav,eta_0 =  1.0000E+00  3.0000E-01  1.0000E-01  1.0000E+00
 comppar: eta_s,eta_p,G =  1.0000E-01  9.0000E-01  9.0000E-01
 comppar: U_avg,deltat,flowrate,nsteps =  5.0000E-02  4.0000E-01  1.5708E-01     700
 comppar: geometry = axisymmetric
 comppar: steady stop change,gap,hold,min =  1.0000E-05  1.0000E-02      10      80
 comppar: ncompc,ncompg =     4     5
 mesh nnodes = 5765
 mesh nelem = 2780
 P1 BC   5.0000000000000000     
 P2 BC   0.0000000000000000     
     1  4.00000000E-01  1.00252825E+00  1.00000000E+00  1.00252825E+00
     2  8.00000000E-01  1.00498007E+00  1.00000000E+00  1.00498007E+00
     3  1.20000000E+00  1.00733676E+00  1.00000000E+00  1.00733676E+00
     4  1.60000000E+00  1.00965358E+00  1.00000000E+00  1.00965358E+00
     5  2.00000000E+00  1.01194275E+00  1.00000000E+00  1.01194275E+00
     6  2.40000000E+00  1.01420433E+00  1.00000000E+00  1.01420433E+00
     7  2.80000000E+00  1.01644175E+00  1.00000000E+00  1.01644175E+00
     8  3.20000000E+00  1.01865513E+00  1.00000000E+00  1.01865513E+00
     9  3.60000000E+00  1.02083755E+00  1.00000000E+00  1.02083755E+00
    10  4.00000000E+00  1.02300318E+00  1.00000000E+00  1.02300318E+00
    11  4.40000000E+00  1.02512948E+00  1.00000001E+00  1.02512948E+00
    12  4.80000000E+00  1.02724136E+00  1.00000001E+00  1.02724136E+00
    13  5.20000000E+00  1.02931672E+00  1.00000001E+00  1.02931672E+00
    14  5.60000000E+00  1.03137173E+00  1.00000001E+00  1.03137173E+00
    15  6.00000000E+00  1.03339667E+00  1.00000001E+00  1.03339667E+00
    16  6.40000000E+00  1.03538183E+00  1.00000001E+00  1.03538183E+00
    17  6.80000000E+00  1.03736466E+00  1.00000001E+00  1.03736466E+00
    18  7.20000000E+00  1.03929056E+00  1.00000001E+00  1.03929056E+00
    19  7.60000000E+00  1.04121925E+00  1.00000000E+00  1.04121925E+00
    20  8.00000000E+00  1.04310372E+00  1.00000000E+00  1.04310372E+00
    21  8.40000000E+00  1.04494472E+00  1.00000000E+00  1.04494472E+00
    22  8.80000000E+00  1.04679909E+00  1.00000000E+00  1.04679909E+00
    23  9.20000000E+00  1.04859233E+00  9.99999997E-01  1.04859233E+00
    24  9.60000000E+00  1.05036932E+00  9.99999994E-01  1.05036932E+00
    25  1.00000000E+01  1.05213398E+00  9.99999990E-01  1.05213398E+00
    26  1.04000000E+01  1.05383409E+00  9.99999986E-01  1.05383409E+00
    27  1.08000000E+01  1.05552571E+00  9.99999981E-01  1.05552571E+00
    28  1.12000000E+01  1.05721187E+00  9.99999976E-01  1.05721187E+00
    29  1.16000000E+01  1.05883122E+00  9.99999969E-01  1.05883122E+00
    30  1.20000000E+01  1.06044824E+00  9.99999962E-01  1.06044824E+00
    31  1.24000000E+01  1.06205545E+00  9.99999953E-01  1.06205545E+00
    32  1.28000000E+01  1.06359358E+00  9.99999944E-01  1.06359358E+00
    33  1.32000000E+01  1.06511111E+00  9.99999933E-01  1.06511111E+00
    34  1.36000000E+01  1.06665520E+00  9.99999922E-01  1.06665520E+00
    35  1.40000000E+01  1.06812896E+00  9.99999909E-01  1.06812896E+00
    36  1.44000000E+01  1.06954103E+00  9.99999894E-01  1.06954103E+00
    37  1.48000000E+01  1.07102207E+00  9.99999878E-01  1.07102207E+00
    38  1.52000000E+01  1.07243144E+00  9.99999860E-01  1.07243144E+00
    39  1.56000000E+01  1.07376634E+00  9.99999841E-01  1.07376634E+00
    40  1.60000000E+01  1.07511932E+00  9.99999820E-01  1.07511932E+00
    41  1.64000000E+01  1.07648478E+00  9.99999797E-01  1.07648478E+00
    42  1.68000000E+01  1.07777551E+00  9.99999771E-01  1.07777551E+00
    43  1.72000000E+01  1.07898911E+00  9.99999744E-01  1.07898911E+00
    44  1.76000000E+01  1.08030198E+00  9.99999714E-01  1.08030198E+00
    45  1.80000000E+01  1.08154855E+00  9.99999681E-01  1.08154855E+00
    46  1.84000000E+01  1.08271772E+00  9.99999646E-01  1.08271772E+00
    47  1.88000000E+01  1.08382977E+00  9.99999607E-01  1.08382977E+00
    48  1.92000000E+01  1.08505671E+00  9.99999566E-01  1.08505671E+00
    49  1.96000000E+01  1.08620671E+00  9.99999522E-01  1.08620671E+00
    50  2.00000000E+01  1.08727794E+00  9.99999474E-01  1.08727794E+00
    51  2.04000000E+01  1.08831687E+00  9.99999422E-01  1.08831687E+00
    52  2.08000000E+01  1.08944741E+00  9.99999366E-01  1.08944741E+00
    53  2.12000000E+01  1.09049951E+00  9.99999307E-01  1.09049951E+00
    54  2.16000000E+01  1.09147176E+00  9.99999242E-01  1.09147176E+00
    55  2.20000000E+01  1.09238058E+00  9.99999174E-01  1.09238058E+00
    56  2.24000000E+01  1.09343661E+00  9.99999100E-01  1.09343661E+00
    57  2.28000000E+01  1.09441364E+00  9.99999022E-01  1.09441364E+00
    58  2.32000000E+01  1.09531070E+00  9.99998937E-01  1.09531070E+00
    59  2.36000000E+01  1.09612741E+00  9.99998848E-01  1.09612741E+00
    60  2.40000000E+01  1.09709029E+00  9.99998752E-01  1.09709029E+00
    61  2.44000000E+01  1.09799151E+00  9.99998650E-01  1.09799151E+00
    62  2.48000000E+01  1.09881277E+00  9.99998541E-01  1.09881277E+00
    63  2.52000000E+01  1.09955422E+00  9.99998425E-01  1.09955422E+00
    64  2.56000000E+01  1.10039504E+00  9.99998302E-01  1.10039504E+00
    65  2.60000000E+01  1.10122375E+00  9.99998171E-01  1.10122375E+00
    66  2.64000000E+01  1.10197320E+00  9.99998032E-01  1.10197320E+00
    67  2.68000000E+01  1.10264425E+00  9.99997885E-01  1.10264425E+00
    68  2.72000000E+01  1.10339837E+00  9.99997728E-01  1.10339837E+00
    69  2.76000000E+01  1.10415402E+00  9.99997562E-01  1.10415402E+00
    70  2.80000000E+01  1.10483127E+00  9.99997386E-01  1.10483127E+00
    71  2.84000000E+01  1.10543170E+00  9.99997200E-01  1.10543170E+00
    72  2.88000000E+01  1.10609592E+00  9.99997003E-01  1.10609592E+00
    73  2.92000000E+01  1.10678112E+00  9.99996795E-01  1.10678112E+00
    74  2.96000000E+01  1.10738986E+00  9.99996575E-01  1.10738986E+00
    75  3.00000000E+01  1.10792458E+00  9.99996342E-01  1.10792458E+00
    76  3.04000000E+01  1.10852646E+00  9.99996097E-01  1.10852646E+00
    77  3.08000000E+01  1.10914091E+00  9.99995838E-01  1.10914091E+00
    78  3.12000000E+01  1.10968102E+00  9.99995564E-01  1.10968102E+00
    79  3.16000000E+01  1.11015011E+00  9.99995276E-01  1.11015011E+00
    80  3.20000000E+01  1.11069213E+00  9.99994973E-01  1.11069213E+00
    81  3.24000000E+01  1.11124049E+00  9.99994653E-01  1.11124049E+00
    82  3.28000000E+01  1.11171791E+00  9.99994317E-01  1.11171791E+00
    83  3.32000000E+01  1.11212851E+00  9.99993963E-01  1.11212851E+00
    84  3.36000000E+01  1.11262529E+00  9.99993591E-01  1.11262529E+00
    85  3.40000000E+01  1.11310762E+00  9.99993200E-01  1.11310762E+00
    86  3.44000000E+01  1.11352261E+00  9.99992789E-01  1.11352261E+00
    87  3.48000000E+01  1.11387518E+00  9.99992358E-01  1.11387518E+00
    88  3.52000000E+01  1.11433689E+00  9.99991905E-01  1.11433689E+00
    89  3.56000000E+01  1.11476001E+00  9.99991430E-01  1.11476001E+00
    90  3.60000000E+01  1.11512035E+00  9.99990932E-01  1.11512035E+00
    91  3.64000000E+01  1.11542332E+00  9.99990410E-01  1.11542332E+00
    92  3.68000000E+01  1.11584462E+00  9.99989864E-01  1.11584462E+00
    93  3.72000000E+01  1.11620895E+00  9.99989291E-01  1.11620895E+00
    94  3.76000000E+01  1.11651536E+00  9.99988692E-01  1.11651536E+00
    95  3.80000000E+01  1.11679993E+00  9.99988065E-01  1.11679993E+00
    96  3.84000000E+01  1.11717212E+00  9.99987409E-01  1.11717212E+00
    97  3.88000000E+01  1.11748580E+00  9.99986724E-01  1.11748580E+00
    98  3.92000000E+01  1.11774669E+00  9.99986008E-01  1.11774669E+00
    99  3.96000000E+01  1.11800717E+00  9.99985260E-01  1.11800717E+00
   100  4.00000000E+01  1.11832455E+00  9.99984479E-01  1.11832455E+00
   101  4.04000000E+01  1.11858859E+00  9.99983665E-01  1.11858859E+00
   102  4.08000000E+01  1.11880536E+00  9.99982815E-01  1.11880536E+00
   103  4.12000000E+01  1.11906609E+00  9.99981930E-01  1.11906609E+00
   104  4.16000000E+01  1.11933685E+00  9.99981007E-01  1.11933685E+00
   105  4.20000000E+01  1.11955937E+00  9.99980046E-01  1.11955937E+00
   106  4.24000000E+01  1.11973964E+00  9.99979046E-01  1.11973964E+00
   107  4.28000000E+01  1.11997342E+00  9.99978005E-01  1.11997342E+00
   108  4.32000000E+01  1.12019887E+00  9.99976922E-01  1.12019887E+00
   109  4.36000000E+01  1.12038164E+00  9.99975796E-01  1.12038164E+00
   110  4.40000000E+01  1.12053692E+00  9.99974627E-01  1.12053692E+00
   111  4.44000000E+01  1.12076846E+00  9.99973412E-01  1.12076846E+00
   112  4.48000000E+01  1.12095626E+00  9.99972151E-01  1.12095626E+00
   113  4.52000000E+01  1.12110620E+00  9.99970843E-01  1.12110620E+00
   114  4.56000000E+01  1.12124378E+00  9.99969487E-01  1.12124378E+00
   115  4.60000000E+01  1.12143433E+00  9.99968081E-01  1.12143433E+00
   116  4.64000000E+01  1.12158662E+00  9.99966625E-01  1.12158662E+00
   117  4.68000000E+01  1.12170639E+00  9.99965117E-01  1.12170639E+00
   118  4.72000000E+01  1.12186239E+00  9.99963556E-01  1.12186239E+00
   119  4.76000000E+01  1.12201898E+00  9.99961943E-01  1.12201898E+00
   120  4.80000000E+01  1.12214192E+00  9.99960275E-01  1.12214192E+00
   121  4.84000000E+01  1.12223656E+00  9.99958552E-01  1.12223656E+00
   122  4.88000000E+01  1.12236980E+00  9.99956773E-01  1.12236980E+00
   123  4.92000000E+01  1.12249495E+00  9.99954937E-01  1.12249495E+00
   124  4.96000000E+01  1.12259152E+00  9.99953045E-01  1.12259152E+00
   125  5.00000000E+01  1.12268714E+00  9.99951095E-01  1.12268714E+00
   126  5.04000000E+01  1.12281588E+00  9.99949087E-01  1.12281588E+00
   127  5.08000000E+01  1.12291494E+00  9.99947020E-01  1.12291494E+00
   128  5.12000000E+01  1.12298937E+00  9.99944895E-01  1.12298937E+00
   129  5.16000000E+01  1.12306799E+00  9.99942711E-01  1.12306799E+00
   130  5.20000000E+01  1.12316912E+00  9.99940469E-01  1.12316912E+00
   131  5.24000000E+01  1.12324538E+00  9.99938169E-01  1.12324538E+00
   132  5.28000000E+01  1.12330135E+00  9.99935810E-01  1.12330135E+00
   133  5.32000000E+01  1.12340405E+00  9.99933395E-01  1.12340405E+00
   134  5.36000000E+01  1.12348217E+00  9.99930923E-01  1.12348217E+00
   135  5.40000000E+01  1.12353908E+00  9.99928396E-01  1.12353908E+00
   136  5.44000000E+01  1.12358087E+00  9.99925814E-01  1.12358087E+00
   137  5.48000000E+01  1.12366092E+00  9.99923180E-01  1.12366092E+00
   138  5.52000000E+01  1.12371952E+00  9.99920495E-01  1.12371952E+00
   139  5.56000000E+01  1.12376092E+00  9.99917761E-01  1.12376092E+00
   140  5.60000000E+01  1.12383038E+00  9.99914981E-01  1.12383038E+00
   141  5.64000000E+01  1.12389027E+00  9.99912157E-01  1.12389027E+00
   142  5.68000000E+01  1.12393213E+00  9.99909292E-01  1.12393213E+00
   143  5.72000000E+01  1.12395978E+00  9.99906390E-01  1.12395978E+00
   144  5.76000000E+01  1.12401205E+00  9.99903455E-01  1.12401205E+00
   145  5.80000000E+01  1.12405548E+00  9.99900492E-01  1.12405548E+00
   146  5.84000000E+01  1.12408452E+00  9.99897504E-01  1.12408452E+00
   147  5.88000000E+01  1.12413236E+00  9.99894497E-01  1.12413236E+00
   148  5.92000000E+01  1.12417656E+00  9.99891478E-01  1.12417656E+00
   149  5.96000000E+01  1.12420564E+00  9.99888452E-01  1.12420564E+00
   150  6.00000000E+01  1.12422307E+00  9.99885427E-01  1.12422307E+00
   151  6.04000000E+01  1.12425619E+00  9.99882411E-01  1.12425619E+00
   152  6.08000000E+01  1.12428671E+00  9.99879412E-01  1.12428671E+00
   153  6.12000000E+01  1.12430541E+00  9.99876439E-01  1.12430541E+00
   154  6.16000000E+01  1.12434006E+00  9.99873502E-01  1.12434006E+00
   155  6.20000000E+01  1.12437088E+00  9.99870612E-01  1.12437088E+00
   156  6.24000000E+01  1.12438926E+00  9.99867781E-01  1.12438926E+00
   157  6.28000000E+01  1.12439831E+00  9.99865022E-01  1.12439831E+00
   158  6.32000000E+01  1.12441989E+00  9.99862347E-01  1.12441989E+00
   159  6.36000000E+01  1.12443958E+00  9.99859773E-01  1.12443958E+00
   160  6.40000000E+01  1.12444978E+00  9.99857314E-01  1.12444978E+00
   161  6.44000000E+01  1.12447732E+00  9.99854987E-01  1.12447732E+00
   162  6.48000000E+01  1.12449690E+00  9.99852812E-01  1.12449690E+00
   163  6.52000000E+01  1.12450647E+00  9.99850806E-01  1.12450647E+00
   164  6.56000000E+01  1.12450880E+00  9.99848993E-01  1.12450880E+00
   165  6.60000000E+01  1.12452417E+00  9.99847393E-01  1.12452417E+00
   166  6.64000000E+01  1.12453492E+00  9.99846030E-01  1.12453492E+00
   167  6.68000000E+01  1.12454166E+00  9.99844932E-01  1.12454166E+00
   168  6.72000000E+01  1.12456270E+00  9.99844124E-01  1.12456270E+00
   169  6.76000000E+01  1.12457298E+00  9.99843636E-01  1.12457298E+00
   170  6.80000000E+01  1.12457546E+00  9.99843500E-01  1.12457546E+00
   171  6.84000000E+01  1.12457378E+00  9.99843748E-01  1.12457378E+00
   172  6.88000000E+01  1.12458527E+00  9.99844415E-01  1.12458527E+00
   173  6.92000000E+01  1.12458879E+00  9.99845540E-01  1.12458879E+00
   174  6.96000000E+01  1.12459935E+00  9.99847161E-01  1.12459935E+00
   175  7.00000000E+01  1.12461055E+00  9.99849322E-01  1.12461055E+00
   176  7.04000000E+01  1.12461331E+00  9.99852066E-01  1.12461331E+00
   177  7.08000000E+01  1.12461022E+00  9.99855441E-01  1.12461022E+00
   178  7.12000000E+01  1.12461177E+00  9.99859498E-01  1.12461177E+00
   179  7.16000000E+01  1.12461560E+00  9.99864290E-01  1.12461560E+00
   180  7.20000000E+01  1.12461626E+00  9.99869873E-01  1.12461626E+00
   181  7.24000000E+01  1.12462862E+00  9.99876306E-01  1.12462862E+00
   182  7.28000000E+01  1.12463181E+00  9.99883653E-01  1.12463181E+00
   183  7.32000000E+01  1.12462863E+00  9.99891981E-01  1.12462863E+00
   184  7.36000000E+01  1.12462252E+00  9.99901359E-01  1.12462252E+00
   185  7.40000000E+01  1.12462681E+00  9.99911861E-01  1.12462681E+00
   186  7.44000000E+01  1.12462457E+00  9.99923568E-01  1.12462457E+00
   187  7.48000000E+01  1.12463404E+00  9.99936560E-01  1.12463404E+00
   188  7.52000000E+01  1.12463786E+00  9.99950925E-01  1.12463786E+00
   189  7.56000000E+01  1.12463471E+00  9.99966755E-01  1.12463471E+00
   190  7.60000000E+01  1.12462701E+00  9.99984146E-01  1.12462701E+00
   191  7.64000000E+01  1.12462834E+00  1.00000320E+00  1.12462834E+00
   192  7.68000000E+01  1.12462614E+00  1.00002403E+00  1.12462614E+00
   193  7.72000000E+01  1.12463184E+00  1.00004673E+00  1.12463184E+00
   194  7.76000000E+01  1.12463648E+00  1.00007144E+00  1.12463648E+00
   195  7.80000000E+01  1.12463349E+00  1.00009827E+00  1.12463349E+00
   196  7.84000000E+01  1.12462547E+00  1.00012736E+00  1.12462547E+00
   197  7.88000000E+01  1.12462433E+00  1.00015884E+00  1.12462433E+00
   198  7.92000000E+01  1.12462232E+00  1.00019286E+00  1.12462232E+00
   199  7.96000000E+01  1.12462540E+00  1.00022956E+00  1.12462540E+00
   200  8.00000000E+01  1.12463110E+00  1.00026911E+00  1.12463110E+00
   201  8.04000000E+01  1.12462843E+00  1.00031166E+00  1.12462843E+00
   202  8.08000000E+01  1.12462018E+00  1.00035740E+00  1.12462018E+00
   203  8.12000000E+01  1.12461765E+00  1.00040650E+00  1.12461765E+00
   204  8.16000000E+01  1.12461773E+00  1.00045916E+00  1.12461773E+00
   205  8.20000000E+01  1.12461954E+00  1.00051556E+00  1.12461954E+00
   206  8.24000000E+01  1.12462406E+00  1.00057592E+00  1.12462406E+00
   207  8.28000000E+01  1.12462193E+00  1.00064046E+00  1.12462193E+00
   208  8.32000000E+01  1.12462318E+00  1.00070940E+00  1.12462318E+00
   209  8.36000000E+01  1.12462469E+00  1.00078298E+00  1.12462469E+00
   210  8.40000000E+01  1.12462581E+00  1.00086143E+00  1.12462581E+00
   211  8.44000000E+01  1.12462664E+00  1.00094503E+00  1.12462664E+00
   212  8.48000000E+01  1.12462727E+00  1.00103404E+00  1.12462727E+00
   213  8.52000000E+01  1.12462776E+00  1.00112873E+00  1.12462776E+00
   214  8.56000000E+01  1.12462818E+00  1.00122941E+00  1.12462818E+00
   215  8.60000000E+01  1.12462855E+00  1.00133636E+00  1.12462855E+00
   216  8.64000000E+01  1.12462889E+00  1.00144992E+00  1.12462889E+00
   217  8.68000000E+01  1.12462922E+00  1.00157039E+00  1.12462922E+00
   218  8.72000000E+01  1.12462953E+00  1.00169814E+00  1.12462953E+00
   219  8.76000000E+01  1.12462980E+00  1.00183350E+00  1.12462980E+00
   220  8.80000000E+01  1.12463004E+00  1.00197685E+00  1.12463004E+00
   221  8.84000000E+01  1.12463022E+00  1.00212857E+00  1.12463022E+00
   222  8.88000000E+01  1.12463040E+00  1.00228906E+00  1.12463040E+00
   223  8.92000000E+01  1.12463065E+00  1.00245872E+00  1.12463065E+00
   224  8.96000000E+01  1.12463085E+00  1.00263797E+00  1.12463085E+00
   225  9.00000000E+01  1.12463099E+00  1.00282727E+00  1.12463099E+00
   226  9.04000000E+01  1.12463105E+00  1.00302706E+00  1.12463105E+00
   227  9.08000000E+01  1.12463104E+00  1.00323781E+00  1.12463104E+00
   228  9.12000000E+01  1.12463097E+00  1.00346001E+00  1.12463097E+00
   229  9.16000000E+01  1.12463083E+00  1.00369416E+00  1.12463083E+00
   230  9.20000000E+01  1.12463064E+00  1.00394078E+00  1.12463064E+00
   231  9.24000000E+01  1.12463041E+00  1.00420039E+00  1.12463041E+00
   232  9.28000000E+01  1.12463014E+00  1.00447355E+00  1.12463014E+00
   233  9.32000000E+01  1.12462984E+00  1.00476083E+00  1.12462984E+00
   234  9.36000000E+01  1.12462953E+00  1.00506280E+00  1.12462953E+00
   235  9.40000000E+01  1.12462921E+00  1.00538007E+00  1.12462921E+00
   236  9.44000000E+01  1.12462887E+00  1.00571323E+00  1.12462887E+00
   237  9.48000000E+01  1.12462854E+00  1.00606293E+00  1.12462854E+00
   238  9.52000000E+01  1.12462820E+00  1.00642981E+00  1.12462820E+00
   239  9.56000000E+01  1.12462786E+00  1.00681451E+00  1.12462786E+00
   240  9.60000000E+01  1.12462752E+00  1.00721773E+00  1.12462752E+00
   241  9.64000000E+01  1.12462718E+00  1.00764013E+00  1.12462718E+00
   242  9.68000000E+01  1.12462685E+00  1.00808242E+00  1.12462685E+00
   243  9.72000000E+01  1.12462652E+00  1.00854532E+00  1.12462652E+00
   244  9.76000000E+01  1.12462619E+00  1.00902953E+00  1.12462619E+00
   245  9.80000000E+01  1.12462586E+00  1.00953581E+00  1.12462586E+00
   246  9.84000000E+01  1.12462554E+00  1.01006489E+00  1.12462554E+00
   247  9.88000000E+01  1.12462523E+00  1.01061752E+00  1.12462523E+00
   248  9.92000000E+01  1.12462492E+00  1.01119445E+00  1.12462492E+00
   249  9.96000000E+01  1.12462461E+00  1.01179647E+00  1.12462461E+00
   250  1.00000000E+02  1.12462432E+00  1.01242432E+00  1.12462432E+00
   251  1.00400000E+02  1.12462403E+00  1.01307879E+00  1.12462403E+00
   252  1.00800000E+02  1.12462376E+00  1.01376063E+00  1.12462376E+00
   253  1.01200000E+02  1.12462349E+00  1.01447062E+00  1.12462349E+00
   254  1.01600000E+02  1.12462323E+00  1.01520952E+00  1.12462323E+00
   255  1.02000000E+02  1.12462298E+00  1.01597807E+00  1.12462298E+00
   256  1.02400000E+02  1.12462274E+00  1.01677702E+00  1.12462274E+00
   257  1.02800000E+02  1.12462250E+00  1.01760709E+00  1.12462250E+00
   258  1.03200000E+02  1.12462228E+00  1.01846901E+00  1.12462228E+00
   259  1.03600000E+02  1.12462207E+00  1.01936345E+00  1.12462207E+00
   260  1.04000000E+02  1.12462186E+00  1.02029109E+00  1.12462186E+00
   261  1.04400000E+02  1.12462166E+00  1.02125256E+00  1.12462166E+00
   262  1.04800000E+02  1.12462148E+00  1.02224847E+00  1.12462148E+00
   263  1.05200000E+02  1.12462130E+00  1.02327940E+00  1.12462130E+00
   264  1.05600000E+02  1.12462112E+00  1.02434586E+00  1.12462112E+00
   265  1.06000000E+02  1.12462096E+00  1.02544836E+00  1.12462096E+00
   266  1.06400000E+02  1.12462080E+00  1.02658732E+00  1.12462080E+00
   267  1.06800000E+02  1.12462065E+00  1.02776313E+00  1.12462065E+00
   268  1.07200000E+02  1.12462051E+00  1.02897612E+00  1.12462051E+00
   269  1.07600000E+02  1.12462037E+00  1.03022653E+00  1.12462037E+00
   270  1.08000000E+02  1.12462024E+00  1.03151458E+00  1.12462024E+00
   271  1.08400000E+02  1.12462012E+00  1.03284036E+00  1.12462012E+00
   272  1.08800000E+02  1.12462000E+00  1.03420392E+00  1.12462000E+00
   273  1.09200000E+02  1.12462286E+00  1.03560521E+00  1.12462286E+00
   274  1.09600000E+02  1.12462688E+00  1.03704409E+00  1.12462688E+00
   275  1.10000000E+02  1.12461969E+00  1.03852031E+00  1.12461969E+00
   276  1.10400000E+02  1.12461959E+00  1.04003354E+00  1.12461959E+00
   277  1.10800000E+02  1.12462013E+00  1.04158334E+00  1.12462013E+00
   278  1.11200000E+02  1.12461942E+00  1.04316913E+00  1.12461942E+00
   279  1.11600000E+02  1.12462787E+00  1.04479026E+00  1.12462787E+00
   280  1.12000000E+02  1.12463471E+00  1.04644591E+00  1.12463471E+00
   281  1.12400000E+02  1.12462785E+00  1.04813516E+00  1.12462785E+00
   282  1.12800000E+02  1.12461967E+00  1.04985697E+00  1.12461967E+00
   283  1.13200000E+02  1.12462805E+00  1.05161015E+00  1.12462805E+00
   284  1.13600000E+02  1.12462239E+00  1.05339337E+00  1.12462239E+00
   285  1.14000000E+02  1.12463270E+00  1.05520517E+00  1.12463270E+00
   286  1.14400000E+02  1.12464271E+00  1.05704397E+00  1.12464271E+00
   287  1.14800000E+02  1.12463786E+00  1.05890803E+00  1.12463786E+00
   288  1.15200000E+02  1.12462441E+00  1.06079546E+00  1.12462441E+00
   289  1.15600000E+02  1.12463606E+00  1.06270426E+00  1.12463606E+00
   290  1.16000000E+02  1.12463249E+00  1.06463227E+00  1.12463249E+00
   291  1.16400000E+02  1.12463715E+00  1.06657721E+00  1.12463715E+00
   292  1.16800000E+02  1.12465068E+00  1.06853664E+00  1.12465068E+00
   293  1.17200000E+02  1.12464815E+00  1.07050803E+00  1.12464815E+00
   294  1.17600000E+02  1.12463378E+00  1.07248868E+00  1.12463378E+00
   295  1.18000000E+02  1.12464396E+00  1.07447580E+00  1.12464396E+00
   296  1.18400000E+02  1.12464280E+00  1.07646648E+00  1.12464280E+00
   297  1.18800000E+02  1.12464102E+00  1.07845768E+00  1.12464102E+00
   298  1.19200000E+02  1.12465843E+00  1.08044628E+00  1.12465843E+00
   299  1.19600000E+02  1.12465854E+00  1.08242907E+00  1.12465854E+00
   300  1.20000000E+02  1.12464571E+00  1.08440273E+00  1.12464571E+00
   301  1.20400000E+02  1.12465157E+00  1.08636389E+00  1.12465157E+00
   302  1.20800000E+02  1.12465315E+00  1.08830910E+00  1.12465315E+00
   303  1.21200000E+02  1.12464412E+00  1.09023486E+00  1.12464412E+00
   304  1.21600000E+02  1.12466577E+00  1.09213763E+00  1.12466577E+00
   305  1.22000000E+02  1.12466887E+00  1.09401386E+00  1.12466887E+00
   306  1.22400000E+02  1.12465788E+00  1.09585995E+00  1.12465788E+00
   307  1.22800000E+02  1.12465872E+00  1.09767234E+00  1.12465872E+00
   308  1.23200000E+02  1.12466338E+00  1.09944745E+00  1.12466338E+00
   309  1.23600000E+02  1.12465360E+00  1.10118178E+00  1.12465360E+00
   310  1.24000000E+02  1.12467256E+00  1.10287184E+00  1.12467256E+00
   311  1.24400000E+02  1.12467898E+00  1.10451424E+00  1.12467898E+00
   312  1.24800000E+02  1.12467014E+00  1.10610567E+00  1.12467014E+00
   313  1.25200000E+02  1.12466526E+00  1.10764293E+00  1.12466526E+00
   314  1.25600000E+02  1.12467335E+00  1.10912297E+00  1.12467335E+00
   315  1.26000000E+02  1.12466581E+00  1.11054289E+00  1.12466581E+00
   316  1.26400000E+02  1.12467864E+00  1.11189999E+00  1.12467864E+00
   317  1.26800000E+02  1.12468874E+00  1.11319175E+00  1.12468874E+00
   318  1.27200000E+02  1.12468237E+00  1.11441595E+00  1.12468237E+00
   319  1.27600000E+02  1.12467104E+00  1.11557059E+00  1.12467104E+00
   320  1.28000000E+02  1.12468292E+00  1.11665401E+00  1.12468292E+00
   321  1.28400000E+02  1.12467794E+00  1.11766491E+00  1.12467794E+00
   322  1.28800000E+02  1.12468387E+00  1.11860234E+00  1.12468387E+00
   323  1.29200000E+02  1.12469801E+00  1.11946579E+00  1.12469801E+00
   324  1.29600000E+02  1.12469444E+00  1.12025521E+00  1.12469444E+00
   325  1.30000000E+02  1.12467756E+00  1.12097103E+00  1.12467756E+00
   326  1.30400000E+02  1.12469195E+00  1.12161420E+00  1.12469195E+00
   327  1.30800000E+02  1.12468986E+00  1.12218621E+00  1.12468986E+00
   328  1.31200000E+02  1.12468813E+00  1.12268910E+00  1.12468813E+00
   329  1.31600000E+02  1.12470668E+00  1.12312546E+00  1.12470668E+00
   330  1.32000000E+02  1.12470623E+00  1.12349841E+00  1.12470623E+00
   331  1.32400000E+02  1.12469134E+00  1.12381160E+00  1.12469134E+00
   332  1.32800000E+02  1.12470048E+00  1.12406911E+00  1.12470048E+00
   333  1.33200000E+02  1.12470168E+00  1.12427545E+00  1.12470168E+00
   334  1.33600000E+02  1.12469166E+00  1.12443542E+00  1.12469166E+00
   335  1.34000000E+02  1.12471501E+00  1.12455407E+00  1.12471501E+00
   336  1.34400000E+02  1.12471808E+00  1.12463660E+00  1.12471808E+00
   337  1.34800000E+02  1.12470549E+00  1.12468821E+00  1.12470549E+00
   338  1.35200000E+02  1.12471404E+00  1.12471404E+00  1.12471404E+00
   339  1.35600000E+02  1.12471904E+00  1.12471904E+00  1.12471904E+00
   340  1.36000000E+02  1.12470788E+00  1.12470788E+00  1.12470788E+00
   341  1.36400000E+02  1.12468486E+00  1.12468486E+00  1.12468486E+00
   342  1.36800000E+02  1.12465385E+00  1.12465385E+00  1.12465385E+00
   343  1.37200000E+02  1.12461823E+00  1.12461823E+00  1.12461823E+00
   344  1.37600000E+02  1.12461802E+00  1.12458086E+00  1.12461802E+00
   345  1.38000000E+02  1.12461801E+00  1.12454406E+00  1.12461801E+00
   346  1.38400000E+02  1.12461801E+00  1.12450965E+00  1.12461801E+00
   347  1.38800000E+02  1.12461801E+00  1.12447894E+00  1.12461801E+00
   348  1.39200000E+02  1.12461801E+00  1.12445277E+00  1.12461801E+00
   349  1.39600000E+02  1.12461801E+00  1.12443162E+00  1.12461801E+00
   350  1.40000000E+02  1.12461801E+00  1.12441558E+00  1.12461801E+00
   351  1.40400000E+02  1.12461801E+00  1.12440450E+00  1.12461801E+00
   352  1.40800000E+02  1.12461800E+00  1.12439801E+00  1.12461800E+00
   353  1.41200000E+02  1.12461800E+00  1.12439558E+00  1.12461800E+00
   354  1.41600000E+02  1.12461800E+00  1.12439662E+00  1.12461800E+00
   355  1.42000000E+02  1.12461800E+00  1.12440045E+00  1.12461800E+00
   356  1.42400000E+02  1.12461800E+00  1.12440643E+00  1.12461800E+00
   357  1.42800000E+02  1.12461800E+00  1.12441394E+00  1.12461800E+00
   358  1.43200000E+02  1.12461800E+00  1.12442241E+00  1.12461800E+00
   359  1.43600000E+02  1.12461800E+00  1.12443135E+00  1.12461800E+00
   360  1.44000000E+02  1.12461800E+00  1.12444033E+00  1.12461800E+00
   361  1.44400000E+02  1.12461800E+00  1.12444901E+00  1.12461800E+00
 steady-height stop at step    361: changes <=   1.0000E-05, max-end <=   1.0000E-02, max/end/gap/profile_change =   1.12461800E+00  1.12444901E+00  1.68989018E-04  8.68058771E-06


STDERR:
