COMMAND:
/shared/generate_rom_data/extrudate_swell2d_c_cluster

STDOUT:
 comppar: model =   2
 comppar: lambda,mobility/eps,betav,eta_0 =  6.4000E+00  3.0000E-01  9.0000E-01  1.0000E+00
 comppar: eta_s,eta_p,G =  9.0000E-01  1.0000E-01  1.5625E-02
 comppar: U_avg,deltat,flowrate,nsteps =  5.0000E-02  4.0000E-01  1.5708E-01     700
 comppar: geometry = axisymmetric
 comppar: steady stop change,gap,hold,min =  1.0000E-05  1.0000E-02      10      80
 comppar: ncompc,ncompg =     4     5
 mesh nnodes = 5765
 mesh nelem = 2780
 P1 BC   5.0000000000000000     
 P2 BC   0.0000000000000000     
     1  4.00000000E-01  1.00253247E+00  1.00000000E+00  1.00253247E+00
     2  8.00000000E-01  1.00503066E+00  1.00000000E+00  1.00503066E+00
     3  1.20000000E+00  1.00749459E+00  1.00000000E+00  1.00749459E+00
     4  1.60000000E+00  1.00992275E+00  1.00000000E+00  1.00992275E+00
     5  2.00000000E+00  1.01232171E+00  1.00000000E+00  1.01232171E+00
     6  2.40000000E+00  1.01468213E+00  1.00000000E+00  1.01468213E+00
     7  2.80000000E+00  1.01700897E+00  1.00000000E+00  1.01700897E+00
     8  3.20000000E+00  1.01930653E+00  1.00000000E+00  1.01930653E+00
     9  3.60000000E+00  1.02155985E+00  1.00000000E+00  1.02155985E+00
    10  4.00000000E+00  1.02379685E+00  1.00000000E+00  1.02379685E+00
    11  4.40000000E+00  1.02598571E+00  1.00000000E+00  1.02598571E+00
    12  4.80000000E+00  1.02816229E+00  1.00000000E+00  1.02816229E+00
    13  5.20000000E+00  1.03028434E+00  1.00000000E+00  1.03028434E+00
    14  5.60000000E+00  1.03240681E+00  1.00000000E+00  1.03240681E+00
    15  6.00000000E+00  1.03447401E+00  1.00000000E+00  1.03447401E+00
    16  6.40000000E+00  1.03653831E+00  1.00000000E+00  1.03653831E+00
    17  6.80000000E+00  1.03855484E+00  1.00000000E+00  1.03855484E+00
    18  7.20000000E+00  1.04055248E+00  1.00000000E+00  1.04055248E+00
    19  7.60000000E+00  1.04253008E+00  1.00000000E+00  1.04253008E+00
    20  8.00000000E+00  1.04445770E+00  1.00000000E+00  1.04445770E+00
    21  8.40000000E+00  1.04639944E+00  1.00000000E+00  1.04639944E+00
    22  8.80000000E+00  1.04828358E+00  9.99999998E-01  1.04828358E+00
    23  9.20000000E+00  1.05015044E+00  9.99999995E-01  1.05015044E+00
    24  9.60000000E+00  1.05201275E+00  9.99999992E-01  1.05201275E+00
    25  1.00000000E+01  1.05381573E+00  9.99999989E-01  1.05381573E+00
    26  1.04000000E+01  1.05563124E+00  9.99999985E-01  1.05563124E+00
    27  1.08000000E+01  1.05741562E+00  9.99999980E-01  1.05741562E+00
    28  1.12000000E+01  1.05913900E+00  9.99999975E-01  1.05913900E+00
    29  1.16000000E+01  1.06088508E+00  9.99999968E-01  1.06088508E+00
    30  1.20000000E+01  1.06260584E+00  9.99999961E-01  1.06260584E+00
    31  1.24000000E+01  1.06426483E+00  9.99999953E-01  1.06426483E+00
    32  1.28000000E+01  1.06593772E+00  9.99999944E-01  1.06593772E+00
    33  1.32000000E+01  1.06759593E+00  9.99999934E-01  1.06759593E+00
    34  1.36000000E+01  1.06919147E+00  9.99999923E-01  1.06919147E+00
    35  1.40000000E+01  1.07076163E+00  9.99999910E-01  1.07076163E+00
    36  1.44000000E+01  1.07237417E+00  9.99999896E-01  1.07237417E+00
    37  1.48000000E+01  1.07392388E+00  9.99999881E-01  1.07392388E+00
    38  1.52000000E+01  1.07540875E+00  9.99999864E-01  1.07540875E+00
    39  1.56000000E+01  1.07695295E+00  9.99999846E-01  1.07695295E+00
    40  1.60000000E+01  1.07845737E+00  9.99999825E-01  1.07845737E+00
    41  1.64000000E+01  1.07989681E+00  9.99999803E-01  1.07989681E+00
    42  1.68000000E+01  1.08128825E+00  9.99999779E-01  1.08128825E+00
    43  1.72000000E+01  1.08276717E+00  9.99999753E-01  1.08276717E+00
    44  1.76000000E+01  1.08418155E+00  9.99999724E-01  1.08418155E+00
    45  1.80000000E+01  1.08552987E+00  9.99999693E-01  1.08552987E+00
    46  1.84000000E+01  1.08685932E+00  9.99999660E-01  1.08685932E+00
    47  1.88000000E+01  1.08824828E+00  9.99999624E-01  1.08824828E+00
    48  1.92000000E+01  1.08957153E+00  9.99999585E-01  1.08957153E+00
    49  1.96000000E+01  1.09082794E+00  9.99999543E-01  1.09082794E+00
    50  2.00000000E+01  1.09203892E+00  9.99999497E-01  1.09203892E+00
    51  2.04000000E+01  1.09335953E+00  9.99999449E-01  1.09335953E+00
    52  2.08000000E+01  1.09461414E+00  9.99999397E-01  1.09461414E+00
    53  2.12000000E+01  1.09580193E+00  9.99999341E-01  1.09580193E+00
    54  2.16000000E+01  1.09692247E+00  9.99999281E-01  1.09692247E+00
    55  2.20000000E+01  1.09814792E+00  9.99999217E-01  1.09814792E+00
    56  2.24000000E+01  1.09933305E+00  9.99999148E-01  1.09933305E+00
    57  2.28000000E+01  1.10045155E+00  9.99999075E-01  1.10045155E+00
    58  2.32000000E+01  1.10150341E+00  9.99998997E-01  1.10150341E+00
    59  2.36000000E+01  1.10256150E+00  9.99998913E-01  1.10256150E+00
    60  2.40000000E+01  1.10369814E+00  9.99998825E-01  1.10369814E+00
    61  2.44000000E+01  1.10476884E+00  9.99998730E-01  1.10476884E+00
    62  2.48000000E+01  1.10577405E+00  9.99998630E-01  1.10577405E+00
    63  2.52000000E+01  1.10671480E+00  9.99998523E-01  1.10671480E+00
    64  2.56000000E+01  1.10774212E+00  9.99998410E-01  1.10774212E+00
    65  2.60000000E+01  1.10876395E+00  9.99998290E-01  1.10876395E+00
    66  2.64000000E+01  1.10972131E+00  9.99998163E-01  1.10972131E+00
    67  2.68000000E+01  1.11061568E+00  9.99998027E-01  1.11061568E+00
    68  2.72000000E+01  1.11145230E+00  9.99997884E-01  1.11145230E+00
    69  2.76000000E+01  1.11242880E+00  9.99997733E-01  1.11242880E+00
    70  2.80000000E+01  1.11334251E+00  9.99997573E-01  1.11334251E+00
    71  2.84000000E+01  1.11419537E+00  9.99997404E-01  1.11419537E+00
    72  2.88000000E+01  1.11498993E+00  9.99997225E-01  1.11498993E+00
    73  2.92000000E+01  1.11579749E+00  9.99997036E-01  1.11579749E+00
    74  2.96000000E+01  1.11666625E+00  9.99996837E-01  1.11666625E+00
    75  3.00000000E+01  1.11747614E+00  9.99996627E-01  1.11747614E+00
    76  3.04000000E+01  1.11823016E+00  9.99996406E-01  1.11823016E+00
    77  3.08000000E+01  1.11893181E+00  9.99996172E-01  1.11893181E+00
    78  3.12000000E+01  1.11970269E+00  9.99995927E-01  1.11970269E+00
    79  3.16000000E+01  1.12047375E+00  9.99995668E-01  1.12047375E+00
    80  3.20000000E+01  1.12119166E+00  9.99995396E-01  1.12119166E+00
    81  3.24000000E+01  1.12186005E+00  9.99995110E-01  1.12186005E+00
    82  3.28000000E+01  1.12248279E+00  9.99994809E-01  1.12248279E+00
    83  3.32000000E+01  1.12320367E+00  9.99994493E-01  1.12320367E+00
    84  3.36000000E+01  1.12388435E+00  9.99994161E-01  1.12388435E+00
    85  3.40000000E+01  1.12451852E+00  9.99993813E-01  1.12451852E+00
    86  3.44000000E+01  1.12511017E+00  9.99993447E-01  1.12511017E+00
    87  3.48000000E+01  1.12568842E+00  9.99993064E-01  1.12568842E+00
    88  3.52000000E+01  1.12633630E+00  9.99992662E-01  1.12633630E+00
    89  3.56000000E+01  1.12694042E+00  9.99992241E-01  1.12694042E+00
    90  3.60000000E+01  1.12750474E+00  9.99991800E-01  1.12750474E+00
    91  3.64000000E+01  1.12803316E+00  9.99991339E-01  1.12803316E+00
    92  3.68000000E+01  1.12855099E+00  9.99990856E-01  1.12855099E+00
    93  3.72000000E+01  1.12912485E+00  9.99990350E-01  1.12912485E+00
    94  3.76000000E+01  1.12966197E+00  9.99989822E-01  1.12966197E+00
    95  3.80000000E+01  1.13016622E+00  9.99989269E-01  1.13016622E+00
    96  3.84000000E+01  1.13064131E+00  9.99988692E-01  1.13064131E+00
    97  3.88000000E+01  1.13111428E+00  9.99988089E-01  1.13111428E+00
    98  3.92000000E+01  1.13162738E+00  9.99987460E-01  1.13162738E+00
    99  3.96000000E+01  1.13211009E+00  9.99986803E-01  1.13211009E+00
   100  4.00000000E+01  1.13256603E+00  9.99986118E-01  1.13256603E+00
   101  4.04000000E+01  1.13299859E+00  9.99985404E-01  1.13299859E+00
   102  4.08000000E+01  1.13341094E+00  9.99984659E-01  1.13341094E+00
   103  4.12000000E+01  1.13385080E+00  9.99983884E-01  1.13385080E+00
   104  4.16000000E+01  1.13428907E+00  9.99983076E-01  1.13428907E+00
   105  4.20000000E+01  1.13470645E+00  9.99982235E-01  1.13470645E+00
   106  4.24000000E+01  1.13510591E+00  9.99981360E-01  1.13510591E+00
   107  4.28000000E+01  1.13549011E+00  9.99980449E-01  1.13549011E+00
   108  4.32000000E+01  1.13586142E+00  9.99979503E-01  1.13586142E+00
   109  4.36000000E+01  1.13625968E+00  9.99978519E-01  1.13625968E+00
   110  4.40000000E+01  1.13664703E+00  9.99977497E-01  1.13664703E+00
   111  4.44000000E+01  1.13702078E+00  9.99976436E-01  1.13702078E+00
   112  4.48000000E+01  1.13738306E+00  9.99975334E-01  1.13738306E+00
   113  4.52000000E+01  1.13773561E+00  9.99974191E-01  1.13773561E+00
   114  4.56000000E+01  1.13807981E+00  9.99973005E-01  1.13807981E+00
   115  4.60000000E+01  1.13841667E+00  9.99971776E-01  1.13841667E+00
   116  4.64000000E+01  1.13874682E+00  9.99970502E-01  1.13874682E+00
   117  4.68000000E+01  1.13908908E+00  9.99969183E-01  1.13908908E+00
   118  4.72000000E+01  1.13942824E+00  9.99967817E-01  1.13942824E+00
   119  4.76000000E+01  1.13976062E+00  9.99966403E-01  1.13976062E+00
   120  4.80000000E+01  1.14008658E+00  9.99964941E-01  1.14008658E+00
   121  4.84000000E+01  1.14040622E+00  9.99963430E-01  1.14040622E+00
   122  4.88000000E+01  1.14071937E+00  9.99961868E-01  1.14071937E+00
   123  4.92000000E+01  1.14102572E+00  9.99960254E-01  1.14102572E+00
   124  4.96000000E+01  1.14132483E+00  9.99958588E-01  1.14132483E+00
   125  5.00000000E+01  1.14161625E+00  9.99956870E-01  1.14161625E+00
   126  5.04000000E+01  1.14191647E+00  9.99955097E-01  1.14191647E+00
   127  5.08000000E+01  1.14221671E+00  9.99953270E-01  1.14221671E+00
   128  5.12000000E+01  1.14250957E+00  9.99951388E-01  1.14250957E+00
   129  5.16000000E+01  1.14279463E+00  9.99949450E-01  1.14279463E+00
   130  5.20000000E+01  1.14307150E+00  9.99947456E-01  1.14307150E+00
   131  5.24000000E+01  1.14333987E+00  9.99945405E-01  1.14333987E+00
   132  5.28000000E+01  1.14359954E+00  9.99943297E-01  1.14359954E+00
   133  5.32000000E+01  1.14385234E+00  9.99941132E-01  1.14385234E+00
   134  5.36000000E+01  1.14412308E+00  9.99938910E-01  1.14412308E+00
   135  5.40000000E+01  1.14438508E+00  9.99936630E-01  1.14438508E+00
   136  5.44000000E+01  1.14463823E+00  9.99934294E-01  1.14463823E+00
   137  5.48000000E+01  1.14488252E+00  9.99931900E-01  1.14488252E+00
   138  5.52000000E+01  1.14511805E+00  9.99929449E-01  1.14511805E+00
   139  5.56000000E+01  1.14534501E+00  9.99926943E-01  1.14534501E+00
   140  5.60000000E+01  1.14556362E+00  9.99924382E-01  1.14556362E+00
   141  5.64000000E+01  1.14580110E+00  9.99921766E-01  1.14580110E+00
   142  5.68000000E+01  1.14603055E+00  9.99919098E-01  1.14603055E+00
   143  5.72000000E+01  1.14625156E+00  9.99916378E-01  1.14625156E+00
   144  5.76000000E+01  1.14646438E+00  9.99913608E-01  1.14646438E+00
   145  5.80000000E+01  1.14666926E+00  9.99910790E-01  1.14666926E+00
   146  5.84000000E+01  1.14686648E+00  9.99907926E-01  1.14686648E+00
   147  5.88000000E+01  1.14705920E+00  9.99905019E-01  1.14705920E+00
   148  5.92000000E+01  1.14726599E+00  9.99902071E-01  1.14726599E+00
   149  5.96000000E+01  1.14746505E+00  9.99899086E-01  1.14746505E+00
   150  6.00000000E+01  1.14765668E+00  9.99896067E-01  1.14765668E+00
   151  6.04000000E+01  1.14784114E+00  9.99893017E-01  1.14784114E+00
   152  6.08000000E+01  1.14801868E+00  9.99889942E-01  1.14801868E+00
   153  6.12000000E+01  1.14818950E+00  9.99886845E-01  1.14818950E+00
   154  6.16000000E+01  1.14835724E+00  9.99883733E-01  1.14835724E+00
   155  6.20000000E+01  1.14853655E+00  9.99880609E-01  1.14853655E+00
   156  6.24000000E+01  1.14870905E+00  9.99877482E-01  1.14870905E+00
   157  6.28000000E+01  1.14887499E+00  9.99874356E-01  1.14887499E+00
   158  6.32000000E+01  1.14903455E+00  9.99871241E-01  1.14903455E+00
   159  6.36000000E+01  1.14918792E+00  9.99868143E-01  1.14918792E+00
   160  6.40000000E+01  1.14933528E+00  9.99865071E-01  1.14933528E+00
   161  6.44000000E+01  1.14948066E+00  9.99862035E-01  1.14948066E+00
   162  6.48000000E+01  1.14963563E+00  9.99859045E-01  1.14963563E+00
   163  6.52000000E+01  1.14978456E+00  9.99856111E-01  1.14978456E+00
   164  6.56000000E+01  1.14992760E+00  9.99853245E-01  1.14992760E+00
   165  6.60000000E+01  1.15006492E+00  9.99850460E-01  1.15006492E+00
   166  6.64000000E+01  1.15019668E+00  9.99847769E-01  1.15019668E+00
   167  6.68000000E+01  1.15032305E+00  9.99845186E-01  1.15032305E+00
   168  6.72000000E+01  1.15044916E+00  9.99842727E-01  1.15044916E+00
   169  6.76000000E+01  1.15058234E+00  9.99840409E-01  1.15058234E+00
   170  6.80000000E+01  1.15071009E+00  9.99838249E-01  1.15071009E+00
   171  6.84000000E+01  1.15083258E+00  9.99836265E-01  1.15083258E+00
   172  6.88000000E+01  1.15094998E+00  9.99834478E-01  1.15094998E+00
   173  6.92000000E+01  1.15106245E+00  9.99832909E-01  1.15106245E+00
   174  6.96000000E+01  1.15117017E+00  9.99831582E-01  1.15117017E+00
   175  7.00000000E+01  1.15127953E+00  9.99830519E-01  1.15127953E+00
   176  7.04000000E+01  1.15139329E+00  9.99829748E-01  1.15139329E+00
   177  7.08000000E+01  1.15150225E+00  9.99829295E-01  1.15150225E+00
   178  7.12000000E+01  1.15160658E+00  9.99829190E-01  1.15160658E+00
   179  7.16000000E+01  1.15170644E+00  9.99829463E-01  1.15170644E+00
   180  7.20000000E+01  1.15180202E+00  9.99830147E-01  1.15180202E+00
   181  7.24000000E+01  1.15189346E+00  9.99831277E-01  1.15189346E+00
   182  7.28000000E+01  1.15198777E+00  9.99832890E-01  1.15198777E+00
   183  7.32000000E+01  1.15208447E+00  9.99835025E-01  1.15208447E+00
   184  7.36000000E+01  1.15217699E+00  9.99837722E-01  1.15217699E+00
   185  7.40000000E+01  1.15226550E+00  9.99841026E-01  1.15226550E+00
   186  7.44000000E+01  1.15235014E+00  9.99844981E-01  1.15235014E+00
   187  7.48000000E+01  1.15243108E+00  9.99849638E-01  1.15243108E+00
   188  7.52000000E+01  1.15250846E+00  9.99855047E-01  1.15250846E+00
   189  7.56000000E+01  1.15258903E+00  9.99861262E-01  1.15258903E+00
   190  7.60000000E+01  1.15267095E+00  9.99868339E-01  1.15267095E+00
   191  7.64000000E+01  1.15274928E+00  9.99876340E-01  1.15274928E+00
   192  7.68000000E+01  1.15282414E+00  9.99885327E-01  1.15282414E+00
   193  7.72000000E+01  1.15289569E+00  9.99895367E-01  1.15289569E+00
   194  7.76000000E+01  1.15296406E+00  9.99906529E-01  1.15296406E+00
   195  7.80000000E+01  1.15302936E+00  9.99918888E-01  1.15302936E+00
   196  7.84000000E+01  1.15309747E+00  9.99932521E-01  1.15309747E+00
   197  7.88000000E+01  1.15316666E+00  9.99947510E-01  1.15316666E+00
   198  7.92000000E+01  1.15323277E+00  9.99963939E-01  1.15323277E+00
   199  7.96000000E+01  1.15329590E+00  9.99981899E-01  1.15329590E+00
   200  8.00000000E+01  1.15335620E+00  1.00000148E+00  1.15335620E+00
   201  8.04000000E+01  1.15341376E+00  1.00002279E+00  1.15341376E+00
   202  8.08000000E+01  1.15346871E+00  1.00004593E+00  1.15346871E+00
   203  8.12000000E+01  1.15352540E+00  1.00007100E+00  1.15352540E+00
   204  8.16000000E+01  1.15358370E+00  1.00009813E+00  1.15358370E+00
   205  8.20000000E+01  1.15363935E+00  1.00012742E+00  1.15363935E+00
   206  8.24000000E+01  1.15369247E+00  1.00015901E+00  1.15369247E+00
   207  8.28000000E+01  1.15374315E+00  1.00019302E+00  1.15374315E+00
   208  8.32000000E+01  1.15379151E+00  1.00022960E+00  1.15379151E+00
   209  8.36000000E+01  1.15383764E+00  1.00026888E+00  1.15383764E+00
   210  8.40000000E+01  1.15388428E+00  1.00031102E+00  1.15388428E+00
   211  8.44000000E+01  1.15393325E+00  1.00035618E+00  1.15393325E+00
   212  8.48000000E+01  1.15397997E+00  1.00040450E+00  1.15397997E+00
   213  8.52000000E+01  1.15402452E+00  1.00045618E+00  1.15402452E+00
   214  8.56000000E+01  1.15406701E+00  1.00051138E+00  1.15406701E+00
   215  8.60000000E+01  1.15410752E+00  1.00057029E+00  1.15410752E+00
   216  8.64000000E+01  1.15414614E+00  1.00063310E+00  1.15414614E+00
   217  8.68000000E+01  1.15418354E+00  1.00070002E+00  1.15418354E+00
   218  8.72000000E+01  1.15422459E+00  1.00077126E+00  1.15422459E+00
   219  8.76000000E+01  1.15426373E+00  1.00084704E+00  1.15426373E+00
   220  8.80000000E+01  1.15430103E+00  1.00092758E+00  1.15430103E+00
   221  8.84000000E+01  1.15433659E+00  1.00101313E+00  1.15433659E+00
   222  8.88000000E+01  1.15437047E+00  1.00110393E+00  1.15437047E+00
   223  8.92000000E+01  1.15440275E+00  1.00120023E+00  1.15440275E+00
   224  8.96000000E+01  1.15443350E+00  1.00130231E+00  1.15443350E+00
   225  9.00000000E+01  1.15446629E+00  1.00141045E+00  1.15446629E+00
   226  9.04000000E+01  1.15449900E+00  1.00152492E+00  1.15449900E+00
   227  9.08000000E+01  1.15453015E+00  1.00164604E+00  1.15453015E+00
   228  9.12000000E+01  1.15455983E+00  1.00177411E+00  1.15455983E+00
   229  9.16000000E+01  1.15458810E+00  1.00190946E+00  1.15458810E+00
   230  9.20000000E+01  1.15461501E+00  1.00205242E+00  1.15461501E+00
   231  9.24000000E+01  1.15464064E+00  1.00220333E+00  1.15464064E+00
   232  9.28000000E+01  1.15466561E+00  1.00236255E+00  1.15466561E+00
   233  9.32000000E+01  1.15469290E+00  1.00253047E+00  1.15469290E+00
   234  9.36000000E+01  1.15471888E+00  1.00270745E+00  1.15471888E+00
   235  9.40000000E+01  1.15474362E+00  1.00289390E+00  1.15474362E+00
   236  9.44000000E+01  1.15476717E+00  1.00309023E+00  1.15476717E+00
   237  9.48000000E+01  1.15478959E+00  1.00329686E+00  1.15478959E+00
   238  9.52000000E+01  1.15481092E+00  1.00351423E+00  1.15481092E+00
   239  9.56000000E+01  1.15483122E+00  1.00374279E+00  1.15483122E+00
   240  9.60000000E+01  1.15485179E+00  1.00398301E+00  1.15485179E+00
   241  9.64000000E+01  1.15487341E+00  1.00423536E+00  1.15487341E+00
   242  9.68000000E+01  1.15489399E+00  1.00450034E+00  1.15489399E+00
   243  9.72000000E+01  1.15491356E+00  1.00477845E+00  1.15491356E+00
   244  9.76000000E+01  1.15493219E+00  1.00507022E+00  1.15493219E+00
   245  9.80000000E+01  1.15494991E+00  1.00537618E+00  1.15494991E+00
   246  9.84000000E+01  1.15496676E+00  1.00569689E+00  1.15496676E+00
   247  9.88000000E+01  1.15498278E+00  1.00603290E+00  1.15498278E+00
   248  9.92000000E+01  1.15499897E+00  1.00638480E+00  1.15499897E+00
   249  9.96000000E+01  1.15501607E+00  1.00675317E+00  1.15501607E+00
   250  1.00000000E+02  1.15503232E+00  1.00713862E+00  1.15503232E+00
   251  1.00400000E+02  1.15504778E+00  1.00754176E+00  1.15504778E+00
   252  1.00800000E+02  1.15506248E+00  1.00796323E+00  1.15506248E+00
   253  1.01200000E+02  1.15507646E+00  1.00840367E+00  1.15507646E+00
   254  1.01600000E+02  1.15508974E+00  1.00886372E+00  1.15508974E+00
   255  1.02000000E+02  1.15510237E+00  1.00934406E+00  1.15510237E+00
   256  1.02400000E+02  1.15511437E+00  1.00984535E+00  1.15511437E+00
   257  1.02800000E+02  1.15512781E+00  1.01036828E+00  1.15512781E+00
   258  1.03200000E+02  1.15514061E+00  1.01091354E+00  1.15514061E+00
   259  1.03600000E+02  1.15515278E+00  1.01148183E+00  1.15515278E+00
   260  1.04000000E+02  1.15516435E+00  1.01207385E+00  1.15516435E+00
   261  1.04400000E+02  1.15517534E+00  1.01269032E+00  1.15517534E+00
   262  1.04800000E+02  1.15518579E+00  1.01333194E+00  1.15518579E+00
   263  1.05200000E+02  1.15519571E+00  1.01399943E+00  1.15519571E+00
   264  1.05600000E+02  1.15520513E+00  1.01469352E+00  1.15520513E+00
   265  1.06000000E+02  1.15521443E+00  1.01541490E+00  1.15521443E+00
   266  1.06400000E+02  1.15522449E+00  1.01616429E+00  1.15522449E+00
   267  1.06800000E+02  1.15523406E+00  1.01694240E+00  1.15523406E+00
   268  1.07200000E+02  1.15524315E+00  1.01774993E+00  1.15524315E+00
   269  1.07600000E+02  1.15525178E+00  1.01858755E+00  1.15525178E+00
   270  1.08000000E+02  1.15525998E+00  1.01945594E+00  1.15525998E+00
   271  1.08400000E+02  1.15526776E+00  1.02035576E+00  1.15526776E+00
   272  1.08800000E+02  1.15527515E+00  1.02128765E+00  1.15527515E+00
   273  1.09200000E+02  1.15528217E+00  1.02225222E+00  1.15528217E+00
   274  1.09600000E+02  1.15528884E+00  1.02325007E+00  1.15528884E+00
   275  1.10000000E+02  1.15529601E+00  1.02428176E+00  1.15529601E+00
   276  1.10400000E+02  1.15530313E+00  1.02534782E+00  1.15530313E+00
   277  1.10800000E+02  1.15530989E+00  1.02644875E+00  1.15530989E+00
   278  1.11200000E+02  1.15531630E+00  1.02758501E+00  1.15531630E+00
   279  1.11600000E+02  1.15532240E+00  1.02875701E+00  1.15532240E+00
   280  1.12000000E+02  1.15532818E+00  1.02996513E+00  1.15532818E+00
   281  1.12400000E+02  1.15533366E+00  1.03120967E+00  1.15533366E+00
   282  1.12800000E+02  1.15533887E+00  1.03249091E+00  1.15533887E+00
   283  1.13200000E+02  1.15534381E+00  1.03380904E+00  1.15534381E+00
   284  1.13600000E+02  1.15534850E+00  1.03516421E+00  1.15534850E+00
   285  1.14000000E+02  1.15535329E+00  1.03655649E+00  1.15535329E+00
   286  1.14400000E+02  1.15535831E+00  1.03798588E+00  1.15535831E+00
   287  1.14800000E+02  1.15536307E+00  1.03945231E+00  1.15536307E+00
   288  1.15200000E+02  1.15536759E+00  1.04095563E+00  1.15536759E+00
   289  1.15600000E+02  1.15537187E+00  1.04249560E+00  1.15537187E+00
   290  1.16000000E+02  1.15537594E+00  1.04407189E+00  1.15537594E+00
   291  1.16400000E+02  1.15537980E+00  1.04568408E+00  1.15537980E+00
   292  1.16800000E+02  1.15538345E+00  1.04733166E+00  1.15538345E+00
   293  1.17200000E+02  1.15538692E+00  1.04901401E+00  1.15538692E+00
   294  1.17600000E+02  1.15539021E+00  1.05073044E+00  1.15539021E+00
   295  1.18000000E+02  1.15539333E+00  1.05248011E+00  1.15539333E+00
   296  1.18400000E+02  1.15539629E+00  1.05426209E+00  1.15539629E+00
   297  1.18800000E+02  1.15539931E+00  1.05607536E+00  1.15539931E+00
   298  1.19200000E+02  1.15540248E+00  1.05791876E+00  1.15540248E+00
   299  1.19600000E+02  1.15540548E+00  1.05979104E+00  1.15540548E+00
   300  1.20000000E+02  1.15540833E+00  1.06169082E+00  1.15540833E+00
   301  1.20400000E+02  1.15541103E+00  1.06361661E+00  1.15541103E+00
   302  1.20800000E+02  1.15541359E+00  1.06556682E+00  1.15541359E+00
   303  1.21200000E+02  1.15541601E+00  1.06753973E+00  1.15541601E+00
   304  1.21600000E+02  1.15541831E+00  1.06953352E+00  1.15541831E+00
   305  1.22000000E+02  1.15542049E+00  1.07154625E+00  1.15542049E+00
   306  1.22400000E+02  1.15542256E+00  1.07357588E+00  1.15542256E+00
   307  1.22800000E+02  1.15542452E+00  1.07562026E+00  1.15542452E+00
   308  1.23200000E+02  1.15542637E+00  1.07767717E+00  1.15542637E+00
   309  1.23600000E+02  1.15542813E+00  1.07974424E+00  1.15542813E+00
   310  1.24000000E+02  1.15542980E+00  1.08181906E+00  1.15542980E+00
   311  1.24400000E+02  1.15543138E+00  1.08389911E+00  1.15543138E+00
   312  1.24800000E+02  1.15543295E+00  1.08598180E+00  1.15543295E+00
   313  1.25200000E+02  1.15543464E+00  1.08806446E+00  1.15543464E+00
   314  1.25600000E+02  1.15543624E+00  1.09014435E+00  1.15543624E+00
   315  1.26000000E+02  1.15543776E+00  1.09221869E+00  1.15543776E+00
   316  1.26400000E+02  1.15543920E+00  1.09428464E+00  1.15543920E+00
   317  1.26800000E+02  1.15544056E+00  1.09633932E+00  1.15544056E+00
   318  1.27200000E+02  1.15544186E+00  1.09837983E+00  1.15544186E+00
   319  1.27600000E+02  1.15544308E+00  1.10040322E+00  1.15544308E+00
   320  1.28000000E+02  1.15544424E+00  1.10240656E+00  1.15544424E+00
   321  1.28400000E+02  1.15544534E+00  1.10438690E+00  1.15544534E+00
   322  1.28800000E+02  1.15544638E+00  1.10634131E+00  1.15544638E+00
   323  1.29200000E+02  1.15544736E+00  1.10826688E+00  1.15544736E+00
   324  1.29600000E+02  1.15544829E+00  1.11016074E+00  1.15544829E+00
   325  1.30000000E+02  1.15544918E+00  1.11202006E+00  1.15544918E+00
   326  1.30400000E+02  1.15545001E+00  1.11384208E+00  1.15545001E+00
   327  1.30800000E+02  1.15545081E+00  1.11562411E+00  1.15545081E+00
   328  1.31200000E+02  1.15545156E+00  1.11736354E+00  1.15545156E+00
   329  1.31600000E+02  1.15545226E+00  1.11905790E+00  1.15545226E+00
   330  1.32000000E+02  1.15545294E+00  1.12070480E+00  1.15545294E+00
   331  1.32400000E+02  1.15545357E+00  1.12230201E+00  1.15545357E+00
   332  1.32800000E+02  1.15545418E+00  1.12384745E+00  1.15545418E+00
   333  1.33200000E+02  1.15545474E+00  1.12533922E+00  1.15545474E+00
   334  1.33600000E+02  1.15545528E+00  1.12677559E+00  1.15545528E+00
   335  1.34000000E+02  1.15545579E+00  1.12815508E+00  1.15545579E+00
   336  1.34400000E+02  1.15545628E+00  1.12947641E+00  1.15545628E+00
   337  1.34800000E+02  1.15545674E+00  1.13073858E+00  1.15545674E+00
   338  1.35200000E+02  1.15545717E+00  1.13194087E+00  1.15545717E+00
   339  1.35600000E+02  1.15545758E+00  1.13308285E+00  1.15545758E+00
   340  1.36000000E+02  1.15545799E+00  1.13416441E+00  1.15545799E+00
   341  1.36400000E+02  1.15545843E+00  1.13518581E+00  1.15545843E+00
   342  1.36800000E+02  1.15545884E+00  1.13614762E+00  1.15545884E+00
   343  1.37200000E+02  1.15545924E+00  1.13705083E+00  1.15545924E+00
   344  1.37600000E+02  1.15545961E+00  1.13789676E+00  1.15545961E+00
   345  1.38000000E+02  1.15545996E+00  1.13868711E+00  1.15545996E+00
   346  1.38400000E+02  1.15546030E+00  1.13942396E+00  1.15546030E+00
   347  1.38800000E+02  1.15546061E+00  1.14010970E+00  1.15546061E+00
   348  1.39200000E+02  1.15546091E+00  1.14074706E+00  1.15546091E+00
   349  1.39600000E+02  1.15546119E+00  1.14133904E+00  1.15546119E+00
   350  1.40000000E+02  1.15546146E+00  1.14188887E+00  1.15546146E+00
   351  1.40400000E+02  1.15546171E+00  1.14239997E+00  1.15546171E+00
   352  1.40800000E+02  1.15546195E+00  1.14287588E+00  1.15546195E+00
   353  1.41200000E+02  1.15546218E+00  1.14332022E+00  1.15546218E+00
   354  1.41600000E+02  1.15546239E+00  1.14373658E+00  1.15546239E+00
   355  1.42000000E+02  1.15546259E+00  1.14412851E+00  1.15546259E+00
   356  1.42400000E+02  1.15546278E+00  1.14449940E+00  1.15546278E+00
   357  1.42800000E+02  1.15546296E+00  1.14485247E+00  1.15546296E+00
   358  1.43200000E+02  1.15546313E+00  1.14519069E+00  1.15546313E+00
   359  1.43600000E+02  1.15546330E+00  1.14551672E+00  1.15546330E+00
   360  1.44000000E+02  1.15546345E+00  1.14583291E+00  1.15546345E+00
   361  1.44400000E+02  1.15546359E+00  1.14614125E+00  1.15546359E+00
   362  1.44800000E+02  1.15546373E+00  1.14644337E+00  1.15546373E+00
   363  1.45200000E+02  1.15546386E+00  1.14674051E+00  1.15546386E+00
   364  1.45600000E+02  1.15546398E+00  1.14703358E+00  1.15546398E+00
   365  1.46000000E+02  1.15546410E+00  1.14732312E+00  1.15546410E+00
   366  1.46400000E+02  1.15546421E+00  1.14760940E+00  1.15546421E+00
   367  1.46800000E+02  1.15546431E+00  1.14789237E+00  1.15546431E+00
   368  1.47200000E+02  1.15546441E+00  1.14817181E+00  1.15546441E+00
   369  1.47600000E+02  1.15546450E+00  1.14844726E+00  1.15546450E+00
   370  1.48000000E+02  1.15546459E+00  1.14871819E+00  1.15546459E+00
   371  1.48400000E+02  1.15546467E+00  1.14898396E+00  1.15546467E+00
   372  1.48800000E+02  1.15546475E+00  1.14924388E+00  1.15546475E+00
   373  1.49200000E+02  1.15546482E+00  1.14949732E+00  1.15546482E+00
   374  1.49600000E+02  1.15546489E+00  1.14974365E+00  1.15546489E+00
   375  1.50000000E+02  1.15546496E+00  1.14998235E+00  1.15546496E+00
   376  1.50400000E+02  1.15546502E+00  1.15021297E+00  1.15546502E+00
   377  1.50800000E+02  1.15546508E+00  1.15043520E+00  1.15546508E+00
   378  1.51200000E+02  1.15546513E+00  1.15064884E+00  1.15546513E+00
   379  1.51600000E+02  1.15546519E+00  1.15085381E+00  1.15546519E+00
   380  1.52000000E+02  1.15546523E+00  1.15105015E+00  1.15546523E+00
   381  1.52400000E+02  1.15546528E+00  1.15123800E+00  1.15546528E+00
   382  1.52800000E+02  1.15546533E+00  1.15141758E+00  1.15546533E+00
   383  1.53200000E+02  1.15546537E+00  1.15158920E+00  1.15546537E+00
   384  1.53600000E+02  1.15546541E+00  1.15175321E+00  1.15546541E+00
   385  1.54000000E+02  1.15546545E+00  1.15190999E+00  1.15546545E+00
   386  1.54400000E+02  1.15546548E+00  1.15205992E+00  1.15546548E+00
   387  1.54800000E+02  1.15546551E+00  1.15220342E+00  1.15546551E+00
   388  1.55200000E+02  1.15546555E+00  1.15234084E+00  1.15546555E+00
   389  1.55600000E+02  1.15546558E+00  1.15247255E+00  1.15546558E+00
   390  1.56000000E+02  1.15546560E+00  1.15259886E+00  1.15546560E+00
   391  1.56400000E+02  1.15546563E+00  1.15272006E+00  1.15546563E+00
   392  1.56800000E+02  1.15546566E+00  1.15283640E+00  1.15546566E+00
   393  1.57200000E+02  1.15546568E+00  1.15294808E+00  1.15546568E+00
   394  1.57600000E+02  1.15546570E+00  1.15305529E+00  1.15546570E+00
   395  1.58000000E+02  1.15546572E+00  1.15315818E+00  1.15546572E+00
   396  1.58400000E+02  1.15546574E+00  1.15325688E+00  1.15546574E+00
   397  1.58800000E+02  1.15546576E+00  1.15335152E+00  1.15546576E+00
   398  1.59200000E+02  1.15546578E+00  1.15344220E+00  1.15546578E+00
   399  1.59600000E+02  1.15546580E+00  1.15352903E+00  1.15546580E+00
   400  1.60000000E+02  1.15546581E+00  1.15361211E+00  1.15546581E+00
   401  1.60400000E+02  1.15546583E+00  1.15369155E+00  1.15546583E+00
   402  1.60800000E+02  1.15546584E+00  1.15376746E+00  1.15546584E+00
   403  1.61200000E+02  1.15546586E+00  1.15383995E+00  1.15546586E+00
   404  1.61600000E+02  1.15546587E+00  1.15390916E+00  1.15546587E+00
   405  1.62000000E+02  1.15546588E+00  1.15397519E+00  1.15546588E+00
   406  1.62400000E+02  1.15546589E+00  1.15403819E+00  1.15546589E+00
   407  1.62800000E+02  1.15546590E+00  1.15409828E+00  1.15546590E+00
   408  1.63200000E+02  1.15546591E+00  1.15415558E+00  1.15546591E+00
   409  1.63600000E+02  1.15546592E+00  1.15421024E+00  1.15546592E+00
   410  1.64000000E+02  1.15546593E+00  1.15426236E+00  1.15546593E+00
   411  1.64400000E+02  1.15546594E+00  1.15431207E+00  1.15546594E+00
   412  1.64800000E+02  1.15546595E+00  1.15435949E+00  1.15546595E+00
   413  1.65200000E+02  1.15546596E+00  1.15440471E+00  1.15546596E+00
   414  1.65600000E+02  1.15546596E+00  1.15444784E+00  1.15546596E+00
   415  1.66000000E+02  1.15546597E+00  1.15448897E+00  1.15546597E+00
   416  1.66400000E+02  1.15546598E+00  1.15452819E+00  1.15546598E+00
   417  1.66800000E+02  1.15546598E+00  1.15456559E+00  1.15546598E+00
   418  1.67200000E+02  1.15546599E+00  1.15460125E+00  1.15546599E+00
   419  1.67600000E+02  1.15546599E+00  1.15463523E+00  1.15546599E+00
   420  1.68000000E+02  1.15546600E+00  1.15466762E+00  1.15546600E+00
   421  1.68400000E+02  1.15546600E+00  1.15469847E+00  1.15546600E+00
   422  1.68800000E+02  1.15546601E+00  1.15472786E+00  1.15546601E+00
   423  1.69200000E+02  1.15546601E+00  1.15475585E+00  1.15546601E+00
   424  1.69600000E+02  1.15546602E+00  1.15478250E+00  1.15546602E+00
   425  1.70000000E+02  1.15546602E+00  1.15480787E+00  1.15546602E+00
   426  1.70400000E+02  1.15546602E+00  1.15483202E+00  1.15546602E+00
   427  1.70800000E+02  1.15546603E+00  1.15485500E+00  1.15546603E+00
   428  1.71200000E+02  1.15546603E+00  1.15487687E+00  1.15546603E+00
   429  1.71600000E+02  1.15546603E+00  1.15489767E+00  1.15546603E+00
   430  1.72000000E+02  1.15546604E+00  1.15491746E+00  1.15546604E+00
   431  1.72400000E+02  1.15546604E+00  1.15493629E+00  1.15546604E+00
   432  1.72800000E+02  1.15546604E+00  1.15495420E+00  1.15546604E+00
   433  1.73200000E+02  1.15546604E+00  1.15497123E+00  1.15546604E+00
   434  1.73600000E+02  1.15546605E+00  1.15498743E+00  1.15546605E+00
   435  1.74000000E+02  1.15546605E+00  1.15500283E+00  1.15546605E+00
   436  1.74400000E+02  1.15546605E+00  1.15501748E+00  1.15546605E+00
   437  1.74800000E+02  1.15546605E+00  1.15503140E+00  1.15546605E+00
   438  1.75200000E+02  1.15546605E+00  1.15504464E+00  1.15546605E+00
   439  1.75600000E+02  1.15546606E+00  1.15505722E+00  1.15546606E+00
   440  1.76000000E+02  1.15546606E+00  1.15506918E+00  1.15546606E+00
   441  1.76400000E+02  1.15546606E+00  1.15508055E+00  1.15546606E+00
   442  1.76800000E+02  1.15546606E+00  1.15509135E+00  1.15546606E+00
   443  1.77200000E+02  1.15546606E+00  1.15510161E+00  1.15546606E+00
   444  1.77600000E+02  1.15546606E+00  1.15511135E+00  1.15546606E+00
   445  1.78000000E+02  1.15546606E+00  1.15512061E+00  1.15546606E+00
   446  1.78400000E+02  1.15546606E+00  1.15512941E+00  1.15546606E+00
   447  1.78800000E+02  1.15546607E+00  1.15513776E+00  1.15546607E+00
   448  1.79200000E+02  1.15546607E+00  1.15514569E+00  1.15546607E+00
   449  1.79600000E+02  1.15546607E+00  1.15515322E+00  1.15546607E+00
   450  1.80000000E+02  1.15546607E+00  1.15516037E+00  1.15546607E+00
   451  1.80400000E+02  1.15546607E+00  1.15516716E+00  1.15546607E+00
   452  1.80800000E+02  1.15546607E+00  1.15517360E+00  1.15546607E+00
   453  1.81200000E+02  1.15546607E+00  1.15517972E+00  1.15546607E+00
 steady-height stop at step    453: changes <=   1.0000E-05, max-end <=   1.0000E-02, max/end/gap/profile_change =   1.15546607E+00  1.15517972E+00  2.86348825E-04  6.11755922E-06


STDERR:
