COMMAND:
/shared/generate_rom_data/extrudate_swell2d_c_cluster

STDOUT:
 comppar: model =   2
 comppar: lambda,mobility/eps,betav,eta_0 =  1.0000E+01  3.0000E-01  1.0000E-01  1.0000E+00
 comppar: eta_s,eta_p,G =  1.0000E-01  9.0000E-01  9.0000E-02
 comppar: U_avg,deltat,flowrate,nsteps =  5.0000E-02  4.0000E-01  1.5708E-01     700
 comppar: geometry = axisymmetric
 comppar: steady stop change,gap,hold,min =  1.0000E-05  1.0000E-02      10      80
 comppar: ncompc,ncompg =     4     5
 mesh nnodes = 5765
 mesh nelem = 2780
 P1 BC   5.0000000000000000     
 P2 BC   0.0000000000000000     
     1  4.00000000E-01  1.00252385E+00  1.00000000E+00  1.00252385E+00
     2  8.00000000E-01  1.00498580E+00  1.00000000E+00  1.00498580E+00
     3  1.20000000E+00  1.00737176E+00  1.00000000E+00  1.00737176E+00
     4  1.60000000E+00  1.00969552E+00  1.00000000E+00  1.00969552E+00
     5  2.00000000E+00  1.01196033E+00  1.00000000E+00  1.01196033E+00
     6  2.40000000E+00  1.01417673E+00  1.00000000E+00  1.01417673E+00
     7  2.80000000E+00  1.01635175E+00  1.00000000E+00  1.01635175E+00
     8  3.20000000E+00  1.01851874E+00  1.00000000E+00  1.01851874E+00
     9  3.60000000E+00  1.02066881E+00  1.00000000E+00  1.02066881E+00
    10  4.00000000E+00  1.02282150E+00  1.00000001E+00  1.02282150E+00
    11  4.40000000E+00  1.02498373E+00  1.00000001E+00  1.02498373E+00
    12  4.80000000E+00  1.02716708E+00  1.00000001E+00  1.02716708E+00
    13  5.20000000E+00  1.02936509E+00  1.00000001E+00  1.02936509E+00
    14  5.60000000E+00  1.03160573E+00  1.00000001E+00  1.03160573E+00
    15  6.00000000E+00  1.03385783E+00  1.00000001E+00  1.03385783E+00
    16  6.40000000E+00  1.03615053E+00  1.00000001E+00  1.03615053E+00
    17  6.80000000E+00  1.03848746E+00  1.00000001E+00  1.03848746E+00
    18  7.20000000E+00  1.04084384E+00  1.00000001E+00  1.04084384E+00
    19  7.60000000E+00  1.04322924E+00  1.00000001E+00  1.04322924E+00
    20  8.00000000E+00  1.04567755E+00  1.00000001E+00  1.04567755E+00
    21  8.40000000E+00  1.04814878E+00  1.00000001E+00  1.04814878E+00
    22  8.80000000E+00  1.05064309E+00  1.00000001E+00  1.05064309E+00
    23  9.20000000E+00  1.05316056E+00  1.00000001E+00  1.05316056E+00
    24  9.60000000E+00  1.05575025E+00  1.00000001E+00  1.05575025E+00
    25  1.00000000E+01  1.05836594E+00  1.00000001E+00  1.05836594E+00
    26  1.04000000E+01  1.06100436E+00  1.00000001E+00  1.06100436E+00
    27  1.08000000E+01  1.06366488E+00  1.00000001E+00  1.06366488E+00
    28  1.12000000E+01  1.06634684E+00  1.00000001E+00  1.06634684E+00
    29  1.16000000E+01  1.06905065E+00  1.00000000E+00  1.06905065E+00
    30  1.20000000E+01  1.07181716E+00  1.00000000E+00  1.07181716E+00
    31  1.24000000E+01  1.07460204E+00  9.99999997E-01  1.07460204E+00
    32  1.28000000E+01  1.07740410E+00  9.99999993E-01  1.07740410E+00
    33  1.32000000E+01  1.08022217E+00  9.99999989E-01  1.08022217E+00
    34  1.36000000E+01  1.08305503E+00  9.99999984E-01  1.08305503E+00
    35  1.40000000E+01  1.08590141E+00  9.99999978E-01  1.08590141E+00
    36  1.44000000E+01  1.08876004E+00  9.99999972E-01  1.08876004E+00
    37  1.48000000E+01  1.09162957E+00  9.99999965E-01  1.09162957E+00
    38  1.52000000E+01  1.09450862E+00  9.99999958E-01  1.09450862E+00
    39  1.56000000E+01  1.09739581E+00  9.99999949E-01  1.09739581E+00
    40  1.60000000E+01  1.10028978E+00  9.99999940E-01  1.10028978E+00
    41  1.64000000E+01  1.10322316E+00  9.99999930E-01  1.10322316E+00
    42  1.68000000E+01  1.10616458E+00  9.99999919E-01  1.10616458E+00
    43  1.72000000E+01  1.10910837E+00  9.99999907E-01  1.10910837E+00
    44  1.76000000E+01  1.11205330E+00  9.99999894E-01  1.11205330E+00
    45  1.80000000E+01  1.11499825E+00  9.99999880E-01  1.11499825E+00
    46  1.84000000E+01  1.11794228E+00  9.99999865E-01  1.11794228E+00
    47  1.88000000E+01  1.12088450E+00  9.99999849E-01  1.12088450E+00
    48  1.92000000E+01  1.12382396E+00  9.99999832E-01  1.12382396E+00
    49  1.96000000E+01  1.12675951E+00  9.99999813E-01  1.12675951E+00
    50  2.00000000E+01  1.12968961E+00  9.99999793E-01  1.12968961E+00
    51  2.04000000E+01  1.13261222E+00  9.99999772E-01  1.13261222E+00
    52  2.08000000E+01  1.13552476E+00  9.99999749E-01  1.13552476E+00
    53  2.12000000E+01  1.13842413E+00  9.99999725E-01  1.13842413E+00
    54  2.16000000E+01  1.14130697E+00  9.99999699E-01  1.14130697E+00
    55  2.20000000E+01  1.14422678E+00  9.99999671E-01  1.14422678E+00
    56  2.24000000E+01  1.14713443E+00  9.99999642E-01  1.14713443E+00
    57  2.28000000E+01  1.15002435E+00  9.99999610E-01  1.15002435E+00
    58  2.32000000E+01  1.15289313E+00  9.99999577E-01  1.15289313E+00
    59  2.36000000E+01  1.15573764E+00  9.99999542E-01  1.15573764E+00
    60  2.40000000E+01  1.15855535E+00  9.99999505E-01  1.15855535E+00
    61  2.44000000E+01  1.16134460E+00  9.99999466E-01  1.16134460E+00
    62  2.48000000E+01  1.16411560E+00  9.99999424E-01  1.16411560E+00
    63  2.52000000E+01  1.16694496E+00  9.99999380E-01  1.16694496E+00
    64  2.56000000E+01  1.16974687E+00  9.99999334E-01  1.16974687E+00
    65  2.60000000E+01  1.17252034E+00  9.99999285E-01  1.17252034E+00
    66  2.64000000E+01  1.17526521E+00  9.99999234E-01  1.17526521E+00
    67  2.68000000E+01  1.17798210E+00  9.99999180E-01  1.17798210E+00
    68  2.72000000E+01  1.18067218E+00  9.99999123E-01  1.18067218E+00
    69  2.76000000E+01  1.18333692E+00  9.99999063E-01  1.18333692E+00
    70  2.80000000E+01  1.18604696E+00  9.99999000E-01  1.18604696E+00
    71  2.84000000E+01  1.18874026E+00  9.99998934E-01  1.18874026E+00
    72  2.88000000E+01  1.19140668E+00  9.99998865E-01  1.19140668E+00
    73  2.92000000E+01  1.19404790E+00  9.99998792E-01  1.19404790E+00
    74  2.96000000E+01  1.19666548E+00  9.99998716E-01  1.19666548E+00
    75  3.00000000E+01  1.19926059E+00  9.99998636E-01  1.19926059E+00
    76  3.04000000E+01  1.20183381E+00  9.99998553E-01  1.20183381E+00
    77  3.08000000E+01  1.20438505E+00  9.99998465E-01  1.20438505E+00
    78  3.12000000E+01  1.20691350E+00  9.99998374E-01  1.20691350E+00
    79  3.16000000E+01  1.20944128E+00  9.99998278E-01  1.20944128E+00
    80  3.20000000E+01  1.21199628E+00  9.99998178E-01  1.21199628E+00
    81  3.24000000E+01  1.21452831E+00  9.99998073E-01  1.21452831E+00
    82  3.28000000E+01  1.21703701E+00  9.99997964E-01  1.21703701E+00
    83  3.32000000E+01  1.21952176E+00  9.99997850E-01  1.21952176E+00
    84  3.36000000E+01  1.22198188E+00  9.99997732E-01  1.22198188E+00
    85  3.40000000E+01  1.22441675E+00  9.99997608E-01  1.22441675E+00
    86  3.44000000E+01  1.22682582E+00  9.99997479E-01  1.22682582E+00
    87  3.48000000E+01  1.22920841E+00  9.99997344E-01  1.22920841E+00
    88  3.52000000E+01  1.23156329E+00  9.99997204E-01  1.23156329E+00
    89  3.56000000E+01  1.23394416E+00  9.99997057E-01  1.23394416E+00
    90  3.60000000E+01  1.23633656E+00  9.99996905E-01  1.23633656E+00
    91  3.64000000E+01  1.23870388E+00  9.99996747E-01  1.23870388E+00
    92  3.68000000E+01  1.24104536E+00  9.99996582E-01  1.24104536E+00
    93  3.72000000E+01  1.24335912E+00  9.99996411E-01  1.24335912E+00
    94  3.76000000E+01  1.24564153E+00  9.99996233E-01  1.24564153E+00
    95  3.80000000E+01  1.24788681E+00  9.99996048E-01  1.24788681E+00
    96  3.84000000E+01  1.25008704E+00  9.99995855E-01  1.25008704E+00
    97  3.88000000E+01  1.25223255E+00  9.99995655E-01  1.25223255E+00
    98  3.92000000E+01  1.25442331E+00  9.99995448E-01  1.25442331E+00
    99  3.96000000E+01  1.25666371E+00  9.99995232E-01  1.25666371E+00
   100  4.00000000E+01  1.25886012E+00  9.99995008E-01  1.25886012E+00
   101  4.04000000E+01  1.26100416E+00  9.99994776E-01  1.26100416E+00
   102  4.08000000E+01  1.26308699E+00  9.99994535E-01  1.26308699E+00
   103  4.12000000E+01  1.26510028E+00  9.99994285E-01  1.26510028E+00
   104  4.16000000E+01  1.26703723E+00  9.99994026E-01  1.26703723E+00
   105  4.20000000E+01  1.26913529E+00  9.99993758E-01  1.26913529E+00
   106  4.24000000E+01  1.27124123E+00  9.99993479E-01  1.27124123E+00
   107  4.28000000E+01  1.27328035E+00  9.99993191E-01  1.27328035E+00
   108  4.32000000E+01  1.27524397E+00  9.99992892E-01  1.27524397E+00
   109  4.36000000E+01  1.27712582E+00  9.99992582E-01  1.27712582E+00
   110  4.40000000E+01  1.27892300E+00  9.99992262E-01  1.27892300E+00
   111  4.44000000E+01  1.28069373E+00  9.99991930E-01  1.28069373E+00
   112  4.48000000E+01  1.28269682E+00  9.99991587E-01  1.28269682E+00
   113  4.52000000E+01  1.28462756E+00  9.99991231E-01  1.28462756E+00
   114  4.56000000E+01  1.28648230E+00  9.99990864E-01  1.28648230E+00
   115  4.60000000E+01  1.28826026E+00  9.99990483E-01  1.28826026E+00
   116  4.64000000E+01  1.28996366E+00  9.99990090E-01  1.28996366E+00
   117  4.68000000E+01  1.29159752E+00  9.99989684E-01  1.29159752E+00
   118  4.72000000E+01  1.29342928E+00  9.99989263E-01  1.29342928E+00
   119  4.76000000E+01  1.29525743E+00  9.99988829E-01  1.29525743E+00
   120  4.80000000E+01  1.29700622E+00  9.99988380E-01  1.29700622E+00
   121  4.84000000E+01  1.29867921E+00  9.99987916E-01  1.29867921E+00
   122  4.88000000E+01  1.30028300E+00  9.99987437E-01  1.30028300E+00
   123  4.92000000E+01  1.30182631E+00  9.99986943E-01  1.30182631E+00
   124  4.96000000E+01  1.30331898E+00  9.99986432E-01  1.30331898E+00
   125  5.00000000E+01  1.30491845E+00  9.99985905E-01  1.30491845E+00
   126  5.04000000E+01  1.30658775E+00  9.99985361E-01  1.30658775E+00
   127  5.08000000E+01  1.30819418E+00  9.99984799E-01  1.30819418E+00
   128  5.12000000E+01  1.30974437E+00  9.99984220E-01  1.30974437E+00
   129  5.16000000E+01  1.31124546E+00  9.99983622E-01  1.31124546E+00
   130  5.20000000E+01  1.31270430E+00  9.99983005E-01  1.31270430E+00
   131  5.24000000E+01  1.31412674E+00  9.99982369E-01  1.31412674E+00
   132  5.28000000E+01  1.31551719E+00  9.99981714E-01  1.31551719E+00
   133  5.32000000E+01  1.31701187E+00  9.99981038E-01  1.31701187E+00
   134  5.36000000E+01  1.31849340E+00  9.99980342E-01  1.31849340E+00
   135  5.40000000E+01  1.31993578E+00  9.99979624E-01  1.31993578E+00
   136  5.44000000E+01  1.32134482E+00  9.99978885E-01  1.32134482E+00
   137  5.48000000E+01  1.32272451E+00  9.99978123E-01  1.32272451E+00
   138  5.52000000E+01  1.32407690E+00  9.99977338E-01  1.32407690E+00
   139  5.56000000E+01  1.32540220E+00  9.99976530E-01  1.32540220E+00
   140  5.60000000E+01  1.32669919E+00  9.99975698E-01  1.32669919E+00
   141  5.64000000E+01  1.32802599E+00  9.99974842E-01  1.32802599E+00
   142  5.68000000E+01  1.32939950E+00  9.99973960E-01  1.32939950E+00
   143  5.72000000E+01  1.33074099E+00  9.99973053E-01  1.33074099E+00
   144  5.76000000E+01  1.33205130E+00  9.99972120E-01  1.33205130E+00
   145  5.80000000E+01  1.33333034E+00  9.99971159E-01  1.33333034E+00
   146  5.84000000E+01  1.33457749E+00  9.99970171E-01  1.33457749E+00
   147  5.88000000E+01  1.33579185E+00  9.99969155E-01  1.33579185E+00
   148  5.92000000E+01  1.33697264E+00  9.99968110E-01  1.33697264E+00
   149  5.96000000E+01  1.33811937E+00  9.99967036E-01  1.33811937E+00
   150  6.00000000E+01  1.33934182E+00  9.99965931E-01  1.33934182E+00
   151  6.04000000E+01  1.34058149E+00  9.99964796E-01  1.34058149E+00
   152  6.08000000E+01  1.34178826E+00  9.99963629E-01  1.34178826E+00
   153  6.12000000E+01  1.34296124E+00  9.99962431E-01  1.34296124E+00
   154  6.16000000E+01  1.34409998E+00  9.99961199E-01  1.34409998E+00
   155  6.20000000E+01  1.34520451E+00  9.99959934E-01  1.34520451E+00
   156  6.24000000E+01  1.34627544E+00  9.99958635E-01  1.34627544E+00
   157  6.28000000E+01  1.34731377E+00  9.99957301E-01  1.34731377E+00
   158  6.32000000E+01  1.34838745E+00  9.99955932E-01  1.34838745E+00
   159  6.36000000E+01  1.34951428E+00  9.99954526E-01  1.34951428E+00
   160  6.40000000E+01  1.35060883E+00  9.99953083E-01  1.35060883E+00
   161  6.44000000E+01  1.35167160E+00  9.99951603E-01  1.35167160E+00
   162  6.48000000E+01  1.35270331E+00  9.99950084E-01  1.35270331E+00
   163  6.52000000E+01  1.35370489E+00  9.99948526E-01  1.35370489E+00
   164  6.56000000E+01  1.35467739E+00  9.99946927E-01  1.35467739E+00
   165  6.60000000E+01  1.35562192E+00  9.99945288E-01  1.35562192E+00
   166  6.64000000E+01  1.35659267E+00  9.99943608E-01  1.35659267E+00
   167  6.68000000E+01  1.35761768E+00  9.99941885E-01  1.35761768E+00
   168  6.72000000E+01  1.35861259E+00  9.99940119E-01  1.35861259E+00
   169  6.76000000E+01  1.35957848E+00  9.99938310E-01  1.35957848E+00
   170  6.80000000E+01  1.36051648E+00  9.99936456E-01  1.36051648E+00
   171  6.84000000E+01  1.36142779E+00  9.99934556E-01  1.36142779E+00
   172  6.88000000E+01  1.36231358E+00  9.99932611E-01  1.36231358E+00
   173  6.92000000E+01  1.36317504E+00  9.99930618E-01  1.36317504E+00
   174  6.96000000E+01  1.36407002E+00  9.99928578E-01  1.36407002E+00
   175  7.00000000E+01  1.36500298E+00  9.99926490E-01  1.36500298E+00
   176  7.04000000E+01  1.36590949E+00  9.99924352E-01  1.36590949E+00
   177  7.08000000E+01  1.36679062E+00  9.99922164E-01  1.36679062E+00
   178  7.12000000E+01  1.36764748E+00  9.99919926E-01  1.36764748E+00
   179  7.16000000E+01  1.36848120E+00  9.99917636E-01  1.36848120E+00
   180  7.20000000E+01  1.36929287E+00  9.99915293E-01  1.36929287E+00
   181  7.24000000E+01  1.37008356E+00  9.99912898E-01  1.37008356E+00
   182  7.28000000E+01  1.37085423E+00  9.99910449E-01  1.37085423E+00
   183  7.32000000E+01  1.37169454E+00  9.99907946E-01  1.37169454E+00
   184  7.36000000E+01  1.37252291E+00  9.99905387E-01  1.37252291E+00
   185  7.40000000E+01  1.37332948E+00  9.99902772E-01  1.37332948E+00
   186  7.44000000E+01  1.37411535E+00  9.99900101E-01  1.37411535E+00
   187  7.48000000E+01  1.37488149E+00  9.99897372E-01  1.37488149E+00
   188  7.52000000E+01  1.37562880E+00  9.99894586E-01  1.37562880E+00
   189  7.56000000E+01  1.37635804E+00  9.99891741E-01  1.37635804E+00
   190  7.60000000E+01  1.37706985E+00  9.99888837E-01  1.37706985E+00
   191  7.64000000E+01  1.37776476E+00  9.99885872E-01  1.37776476E+00
   192  7.68000000E+01  1.37851534E+00  9.99882848E-01  1.37851534E+00
   193  7.72000000E+01  1.37925862E+00  9.99879762E-01  1.37925862E+00
   194  7.76000000E+01  1.37998370E+00  9.99876615E-01  1.37998370E+00
   195  7.80000000E+01  1.38069123E+00  9.99873406E-01  1.38069123E+00
   196  7.84000000E+01  1.38138177E+00  9.99870135E-01  1.38138177E+00
   197  7.88000000E+01  1.38205579E+00  9.99866800E-01  1.38205579E+00
   198  7.92000000E+01  1.38271370E+00  9.99863403E-01  1.38271370E+00
   199  7.96000000E+01  1.38335582E+00  9.99859941E-01  1.38335582E+00
   200  8.00000000E+01  1.38398246E+00  9.99856415E-01  1.38398246E+00
   201  8.04000000E+01  1.38462651E+00  9.99852825E-01  1.38462651E+00
   202  8.08000000E+01  1.38529763E+00  9.99849171E-01  1.38529763E+00
   203  8.12000000E+01  1.38595272E+00  9.99845451E-01  1.38595272E+00
   204  8.16000000E+01  1.38659209E+00  9.99841666E-01  1.38659209E+00
   205  8.20000000E+01  1.38721603E+00  9.99837816E-01  1.38721603E+00
   206  8.24000000E+01  1.38782479E+00  9.99833901E-01  1.38782479E+00
   207  8.28000000E+01  1.38841861E+00  9.99829921E-01  1.38841861E+00
   208  8.32000000E+01  1.38899775E+00  9.99825875E-01  1.38899775E+00
   209  8.36000000E+01  1.38956246E+00  9.99821764E-01  1.38956246E+00
   210  8.40000000E+01  1.39013376E+00  9.99817588E-01  1.39013376E+00
   211  8.44000000E+01  1.39073906E+00  9.99813347E-01  1.39073906E+00
   212  8.48000000E+01  1.39132957E+00  9.99809043E-01  1.39132957E+00
   213  8.52000000E+01  1.39190555E+00  9.99804674E-01  1.39190555E+00
   214  8.56000000E+01  1.39246724E+00  9.99800242E-01  1.39246724E+00
   215  8.60000000E+01  1.39301490E+00  9.99795747E-01  1.39301490E+00
   216  8.64000000E+01  1.39354876E+00  9.99791190E-01  1.39354876E+00
   217  8.68000000E+01  1.39406907E+00  9.99786572E-01  1.39406907E+00
   218  8.72000000E+01  1.39457610E+00  9.99781893E-01  1.39457610E+00
   219  8.76000000E+01  1.39507659E+00  9.99777155E-01  1.39507659E+00
   220  8.80000000E+01  1.39562205E+00  9.99772359E-01  1.39562205E+00
   221  8.84000000E+01  1.39615373E+00  9.99767506E-01  1.39615373E+00
   222  8.88000000E+01  1.39667186E+00  9.99762598E-01  1.39667186E+00
   223  8.92000000E+01  1.39717672E+00  9.99757635E-01  1.39717672E+00
   224  8.96000000E+01  1.39766856E+00  9.99752620E-01  1.39766856E+00
   225  9.00000000E+01  1.39814766E+00  9.99747555E-01  1.39814766E+00
   226  9.04000000E+01  1.39861429E+00  9.99742440E-01  1.39861429E+00
   227  9.08000000E+01  1.39906872E+00  9.99737279E-01  1.39906872E+00
   228  9.12000000E+01  1.39951122E+00  9.99732073E-01  1.39951122E+00
   229  9.16000000E+01  1.40000032E+00  9.99726825E-01  1.40000032E+00
   230  9.20000000E+01  1.40047738E+00  9.99721538E-01  1.40047738E+00
   231  9.24000000E+01  1.40094204E+00  9.99716213E-01  1.40094204E+00
   232  9.28000000E+01  1.40139454E+00  9.99710855E-01  1.40139454E+00
   233  9.32000000E+01  1.40183515E+00  9.99705466E-01  1.40183515E+00
   234  9.36000000E+01  1.40226414E+00  9.99700049E-01  1.40226414E+00
   235  9.40000000E+01  1.40268175E+00  9.99694607E-01  1.40268175E+00
   236  9.44000000E+01  1.40308825E+00  9.99689146E-01  1.40308825E+00
   237  9.48000000E+01  1.40348388E+00  9.99683668E-01  1.40348388E+00
   238  9.52000000E+01  1.40390985E+00  9.99678178E-01  1.40390985E+00
   239  9.56000000E+01  1.40433716E+00  9.99672681E-01  1.40433716E+00
   240  9.60000000E+01  1.40475314E+00  9.99667180E-01  1.40475314E+00
   241  9.64000000E+01  1.40515804E+00  9.99661682E-01  1.40515804E+00
   242  9.68000000E+01  1.40555210E+00  9.99656192E-01  1.40555210E+00
   243  9.72000000E+01  1.40593557E+00  9.99650714E-01  1.40593557E+00
   244  9.76000000E+01  1.40630868E+00  9.99645256E-01  1.40630868E+00
   245  9.80000000E+01  1.40667168E+00  9.99639824E-01  1.40667168E+00
   246  9.84000000E+01  1.40702477E+00  9.99634424E-01  1.40702477E+00
   247  9.88000000E+01  1.40739172E+00  9.99629063E-01  1.40739172E+00
   248  9.92000000E+01  1.40777375E+00  9.99623748E-01  1.40777375E+00
   249  9.96000000E+01  1.40814544E+00  9.99618488E-01  1.40814544E+00
   250  1.00000000E+02  1.40850702E+00  9.99613290E-01  1.40850702E+00
   251  1.00400000E+02  1.40885873E+00  9.99608162E-01  1.40885873E+00
   252  1.00800000E+02  1.40920079E+00  9.99603114E-01  1.40920079E+00
   253  1.01200000E+02  1.40953341E+00  9.99598156E-01  1.40953341E+00
   254  1.01600000E+02  1.40985681E+00  9.99593295E-01  1.40985681E+00
   255  1.02000000E+02  1.41017121E+00  9.99588544E-01  1.41017121E+00
   256  1.02400000E+02  1.41048065E+00  9.99583912E-01  1.41048065E+00
   257  1.02800000E+02  1.41082156E+00  9.99579411E-01  1.41082156E+00
   258  1.03200000E+02  1.41115305E+00  9.99575052E-01  1.41115305E+00
   259  1.03600000E+02  1.41147535E+00  9.99570847E-01  1.41147535E+00
   260  1.04000000E+02  1.41178865E+00  9.99566810E-01  1.41178865E+00
   261  1.04400000E+02  1.41209318E+00  9.99562953E-01  1.41209318E+00
   262  1.04800000E+02  1.41238913E+00  9.99559289E-01  1.41238913E+00
   263  1.05200000E+02  1.41267671E+00  9.99555835E-01  1.41267671E+00
   264  1.05600000E+02  1.41295611E+00  9.99552604E-01  1.41295611E+00
   265  1.06000000E+02  1.41322753E+00  9.99549613E-01  1.41322753E+00
   266  1.06400000E+02  1.41352012E+00  9.99546877E-01  1.41352012E+00
   267  1.06800000E+02  1.41381506E+00  9.99544414E-01  1.41381506E+00
   268  1.07200000E+02  1.41410165E+00  9.99542242E-01  1.41410165E+00
   269  1.07600000E+02  1.41438009E+00  9.99540379E-01  1.41438009E+00
   270  1.08000000E+02  1.41465057E+00  9.99538845E-01  1.41465057E+00
   271  1.08400000E+02  1.41491328E+00  9.99537659E-01  1.41491328E+00
   272  1.08800000E+02  1.41516842E+00  9.99536842E-01  1.41516842E+00
   273  1.09200000E+02  1.41541617E+00  9.99536417E-01  1.41541617E+00
   274  1.09600000E+02  1.41565672E+00  9.99536406E-01  1.41565672E+00
   275  1.10000000E+02  1.41590109E+00  9.99536832E-01  1.41590109E+00
   276  1.10400000E+02  1.41616303E+00  9.99537720E-01  1.41616303E+00
   277  1.10800000E+02  1.41641742E+00  9.99539095E-01  1.41641742E+00
   278  1.11200000E+02  1.41666444E+00  9.99540983E-01  1.41666444E+00
   279  1.11600000E+02  1.41690427E+00  9.99543413E-01  1.41690427E+00
   280  1.12000000E+02  1.41713709E+00  9.99546412E-01  1.41713709E+00
   281  1.12400000E+02  1.41736309E+00  9.99550011E-01  1.41736309E+00
   282  1.12800000E+02  1.41758245E+00  9.99554239E-01  1.41758245E+00
   283  1.13200000E+02  1.41779532E+00  9.99559129E-01  1.41779532E+00
   284  1.13600000E+02  1.41800189E+00  9.99564713E-01  1.41800189E+00
   285  1.14000000E+02  1.41823179E+00  9.99571026E-01  1.41823179E+00
   286  1.14400000E+02  1.41845713E+00  9.99578104E-01  1.41845713E+00
   287  1.14800000E+02  1.41867584E+00  9.99585984E-01  1.41867584E+00
   288  1.15200000E+02  1.41888808E+00  9.99594703E-01  1.41888808E+00
   289  1.15600000E+02  1.41909403E+00  9.99604302E-01  1.41909403E+00
   290  1.16000000E+02  1.41929386E+00  9.99614821E-01  1.41929386E+00
   291  1.16400000E+02  1.41948771E+00  9.99626304E-01  1.41948771E+00
   292  1.16800000E+02  1.41967577E+00  9.99638794E-01  1.41967577E+00
   293  1.17200000E+02  1.41985817E+00  9.99652336E-01  1.41985817E+00
   294  1.17600000E+02  1.42004843E+00  9.99666979E-01  1.42004843E+00
   295  1.18000000E+02  1.42024777E+00  9.99682772E-01  1.42024777E+00
   296  1.18400000E+02  1.42044115E+00  9.99699764E-01  1.42044115E+00
   297  1.18800000E+02  1.42062874E+00  9.99718008E-01  1.42062874E+00
   298  1.19200000E+02  1.42081069E+00  9.99737558E-01  1.42081069E+00
   299  1.19600000E+02  1.42098715E+00  9.99758470E-01  1.42098715E+00
   300  1.20000000E+02  1.42115829E+00  9.99780803E-01  1.42115829E+00
   301  1.20400000E+02  1.42132423E+00  9.99804615E-01  1.42132423E+00
   302  1.20800000E+02  1.42148512E+00  9.99829968E-01  1.42148512E+00
   303  1.21200000E+02  1.42164265E+00  9.99856927E-01  1.42164265E+00
   304  1.21600000E+02  1.42181867E+00  9.99885557E-01  1.42181867E+00
   305  1.22000000E+02  1.42198937E+00  9.99915926E-01  1.42198937E+00
   306  1.22400000E+02  1.42215488E+00  9.99948104E-01  1.42215488E+00
   307  1.22800000E+02  1.42231536E+00  9.99982164E-01  1.42231536E+00
   308  1.23200000E+02  1.42247094E+00  1.00001818E+00  1.42247094E+00
   309  1.23600000E+02  1.42262177E+00  1.00005623E+00  1.42262177E+00
   310  1.24000000E+02  1.42276796E+00  1.00009640E+00  1.42276796E+00
   311  1.24400000E+02  1.42290967E+00  1.00013876E+00  1.42290967E+00
   312  1.24800000E+02  1.42304700E+00  1.00018340E+00  1.42304700E+00
   313  1.25200000E+02  1.42319038E+00  1.00023042E+00  1.42319038E+00
   314  1.25600000E+02  1.42334091E+00  1.00027989E+00  1.42334091E+00
   315  1.26000000E+02  1.42348681E+00  1.00033192E+00  1.42348681E+00
   316  1.26400000E+02  1.42362823E+00  1.00038660E+00  1.42362823E+00
   317  1.26800000E+02  1.42376529E+00  1.00044403E+00  1.42376529E+00
   318  1.27200000E+02  1.42389811E+00  1.00050431E+00  1.42389811E+00
   319  1.27600000E+02  1.42402682E+00  1.00056756E+00  1.42402682E+00
   320  1.28000000E+02  1.42415154E+00  1.00063387E+00  1.42415154E+00
   321  1.28400000E+02  1.42427237E+00  1.00070337E+00  1.42427237E+00
   322  1.28800000E+02  1.42438944E+00  1.00077616E+00  1.42438944E+00
   323  1.29200000E+02  1.42451870E+00  1.00085237E+00  1.42451870E+00
   324  1.29600000E+02  1.42464713E+00  1.00093212E+00  1.42464713E+00
   325  1.30000000E+02  1.42477157E+00  1.00101554E+00  1.42477157E+00
   326  1.30400000E+02  1.42489214E+00  1.00110275E+00  1.42489214E+00
   327  1.30800000E+02  1.42500895E+00  1.00119390E+00  1.42500895E+00
   328  1.31200000E+02  1.42512211E+00  1.00128912E+00  1.42512211E+00
   329  1.31600000E+02  1.42523173E+00  1.00138855E+00  1.42523173E+00
   330  1.32000000E+02  1.42533791E+00  1.00149234E+00  1.42533791E+00
   331  1.32400000E+02  1.42544076E+00  1.00160064E+00  1.42544076E+00
   332  1.32800000E+02  1.42554037E+00  1.00171360E+00  1.42554037E+00
   333  1.33200000E+02  1.42565081E+00  1.00183139E+00  1.42565081E+00
   334  1.33600000E+02  1.42576026E+00  1.00195417E+00  1.42576026E+00
   335  1.34000000E+02  1.42586628E+00  1.00208210E+00  1.42586628E+00
   336  1.34400000E+02  1.42596897E+00  1.00221536E+00  1.42596897E+00
   337  1.34800000E+02  1.42606843E+00  1.00235412E+00  1.42606843E+00
   338  1.35200000E+02  1.42616476E+00  1.00249858E+00  1.42616476E+00
   339  1.35600000E+02  1.42625804E+00  1.00264892E+00  1.42625804E+00
   340  1.36000000E+02  1.42634838E+00  1.00280532E+00  1.42634838E+00
   341  1.36400000E+02  1.42643586E+00  1.00296800E+00  1.42643586E+00
   342  1.36800000E+02  1.42652057E+00  1.00313715E+00  1.42652057E+00
   343  1.37200000E+02  1.42661308E+00  1.00331299E+00  1.42661308E+00
   344  1.37600000E+02  1.42670620E+00  1.00349573E+00  1.42670620E+00
   345  1.38000000E+02  1.42679637E+00  1.00368558E+00  1.42679637E+00
   346  1.38400000E+02  1.42688369E+00  1.00388279E+00  1.42688369E+00
   347  1.38800000E+02  1.42696824E+00  1.00408757E+00  1.42696824E+00
   348  1.39200000E+02  1.42705012E+00  1.00430017E+00  1.42705012E+00
   349  1.39600000E+02  1.42712939E+00  1.00452082E+00  1.42712939E+00
   350  1.40000000E+02  1.42720614E+00  1.00474979E+00  1.42720614E+00
   351  1.40400000E+02  1.42728046E+00  1.00498733E+00  1.42728046E+00
   352  1.40800000E+02  1.42735241E+00  1.00523369E+00  1.42735241E+00
   353  1.41200000E+02  1.42742790E+00  1.00548915E+00  1.42742790E+00
   354  1.41600000E+02  1.42750709E+00  1.00575398E+00  1.42750709E+00
   355  1.42000000E+02  1.42758376E+00  1.00602846E+00  1.42758376E+00
   356  1.42400000E+02  1.42765800E+00  1.00631289E+00  1.42765800E+00
   357  1.42800000E+02  1.42772987E+00  1.00660754E+00  1.42772987E+00
   358  1.43200000E+02  1.42779945E+00  1.00691273E+00  1.42779945E+00
   359  1.43600000E+02  1.42786682E+00  1.00722876E+00  1.42786682E+00
   360  1.44000000E+02  1.42793205E+00  1.00755595E+00  1.42793205E+00
   361  1.44400000E+02  1.42799519E+00  1.00789461E+00  1.42799519E+00
   362  1.44800000E+02  1.42805633E+00  1.00824508E+00  1.42805633E+00
   363  1.45200000E+02  1.42811670E+00  1.00860769E+00  1.42811670E+00
   364  1.45600000E+02  1.42818397E+00  1.00898277E+00  1.42818397E+00
   365  1.46000000E+02  1.42824910E+00  1.00937069E+00  1.42824910E+00
   366  1.46400000E+02  1.42831216E+00  1.00977180E+00  1.42831216E+00
   367  1.46800000E+02  1.42837320E+00  1.01018646E+00  1.42837320E+00
   368  1.47200000E+02  1.42843231E+00  1.01061504E+00  1.42843231E+00
   369  1.47600000E+02  1.42848953E+00  1.01105792E+00  1.42848953E+00
   370  1.48000000E+02  1.42854493E+00  1.01151549E+00  1.42854493E+00
   371  1.48400000E+02  1.42859858E+00  1.01198813E+00  1.42859858E+00
   372  1.48800000E+02  1.42865052E+00  1.01247626E+00  1.42865052E+00
   373  1.49200000E+02  1.42870081E+00  1.01298026E+00  1.42870081E+00
   374  1.49600000E+02  1.42875180E+00  1.01350057E+00  1.42875180E+00
   375  1.50000000E+02  1.42880716E+00  1.01403759E+00  1.42880716E+00
   376  1.50400000E+02  1.42886077E+00  1.01459175E+00  1.42886077E+00
   377  1.50800000E+02  1.42891268E+00  1.01516349E+00  1.42891268E+00
   378  1.51200000E+02  1.42896294E+00  1.01575324E+00  1.42896294E+00
   379  1.51600000E+02  1.42901160E+00  1.01636145E+00  1.42901160E+00
   380  1.52000000E+02  1.42905873E+00  1.01698857E+00  1.42905873E+00
   381  1.52400000E+02  1.42910437E+00  1.01763505E+00  1.42910437E+00
   382  1.52800000E+02  1.42914857E+00  1.01830135E+00  1.42914857E+00
   383  1.53200000E+02  1.42919138E+00  1.01898794E+00  1.42919138E+00
   384  1.53600000E+02  1.42923284E+00  1.01969528E+00  1.42923284E+00
   385  1.54000000E+02  1.42927339E+00  1.02042384E+00  1.42927339E+00
   386  1.54400000E+02  1.42931898E+00  1.02117410E+00  1.42931898E+00
   387  1.54800000E+02  1.42936313E+00  1.02194653E+00  1.42936313E+00
   388  1.55200000E+02  1.42940589E+00  1.02274162E+00  1.42940589E+00
   389  1.55600000E+02  1.42944730E+00  1.02355985E+00  1.42944730E+00
   390  1.56000000E+02  1.42948742E+00  1.02440169E+00  1.42948742E+00
   391  1.56400000E+02  1.42952628E+00  1.02526763E+00  1.42952628E+00
   392  1.56800000E+02  1.42956393E+00  1.02615815E+00  1.42956393E+00
   393  1.57200000E+02  1.42960041E+00  1.02707374E+00  1.42960041E+00
   394  1.57600000E+02  1.42963575E+00  1.02801487E+00  1.42963575E+00
   395  1.58000000E+02  1.42967000E+00  1.02898204E+00  1.42967000E+00
   396  1.58400000E+02  1.42970320E+00  1.02997571E+00  1.42970320E+00
   397  1.58800000E+02  1.42973719E+00  1.03099636E+00  1.42973719E+00
   398  1.59200000E+02  1.42977365E+00  1.03204446E+00  1.42977365E+00
   399  1.59600000E+02  1.42980899E+00  1.03312048E+00  1.42980899E+00
   400  1.60000000E+02  1.42984323E+00  1.03422488E+00  1.42984323E+00
   401  1.60400000E+02  1.42987641E+00  1.03535812E+00  1.42987641E+00
   402  1.60800000E+02  1.42990858E+00  1.03652065E+00  1.42990858E+00
   403  1.61200000E+02  1.42993975E+00  1.03771290E+00  1.42993975E+00
   404  1.61600000E+02  1.42996997E+00  1.03893532E+00  1.42996997E+00
   405  1.62000000E+02  1.42999928E+00  1.04018832E+00  1.42999928E+00
   406  1.62400000E+02  1.43002769E+00  1.04147232E+00  1.43002769E+00
   407  1.62800000E+02  1.43005524E+00  1.04278771E+00  1.43005524E+00
   408  1.63200000E+02  1.43008195E+00  1.04413489E+00  1.43008195E+00
   409  1.63600000E+02  1.43010813E+00  1.04551423E+00  1.43010813E+00
   410  1.64000000E+02  1.43013741E+00  1.04692608E+00  1.43013741E+00
   411  1.64400000E+02  1.43016580E+00  1.04837079E+00  1.43016580E+00
   412  1.64800000E+02  1.43019332E+00  1.04984867E+00  1.43019332E+00
   413  1.65200000E+02  1.43022002E+00  1.05136004E+00  1.43022002E+00
   414  1.65600000E+02  1.43024592E+00  1.05290516E+00  1.43024592E+00
   415  1.66000000E+02  1.43027103E+00  1.05448431E+00  1.43027103E+00
   416  1.66400000E+02  1.43029540E+00  1.05609772E+00  1.43029540E+00
   417  1.66800000E+02  1.43031905E+00  1.05774561E+00  1.43031905E+00
   418  1.67200000E+02  1.43034199E+00  1.05942814E+00  1.43034199E+00
   419  1.67600000E+02  1.43036426E+00  1.06114550E+00  1.43036426E+00
   420  1.68000000E+02  1.43038588E+00  1.06289780E+00  1.43038588E+00
   421  1.68400000E+02  1.43040686E+00  1.06468515E+00  1.43040686E+00
   422  1.68800000E+02  1.43042723E+00  1.06650761E+00  1.43042723E+00
   423  1.69200000E+02  1.43044954E+00  1.06836522E+00  1.43044954E+00
   424  1.69600000E+02  1.43047181E+00  1.07025799E+00  1.43047181E+00
   425  1.70000000E+02  1.43049342E+00  1.07218589E+00  1.43049342E+00
   426  1.70400000E+02  1.43051441E+00  1.07414884E+00  1.43051441E+00
   427  1.70800000E+02  1.43053478E+00  1.07614674E+00  1.43053478E+00
   428  1.71200000E+02  1.43055456E+00  1.07817946E+00  1.43055456E+00
   429  1.71600000E+02  1.43057377E+00  1.08024683E+00  1.43057377E+00
   430  1.72000000E+02  1.43059243E+00  1.08234862E+00  1.43059243E+00
   431  1.72400000E+02  1.43061055E+00  1.08448459E+00  1.43061055E+00
   432  1.72800000E+02  1.43062815E+00  1.08665444E+00  1.43062815E+00
   433  1.73200000E+02  1.43064525E+00  1.08885786E+00  1.43064525E+00
   434  1.73600000E+02  1.43066187E+00  1.09109448E+00  1.43066187E+00
   435  1.74000000E+02  1.43067802E+00  1.09336390E+00  1.43067802E+00
   436  1.74400000E+02  1.43069371E+00  1.09566568E+00  1.43069371E+00
   437  1.74800000E+02  1.43070896E+00  1.09799935E+00  1.43070896E+00
   438  1.75200000E+02  1.43072598E+00  1.10036442E+00  1.43072598E+00
   439  1.75600000E+02  1.43074259E+00  1.10276033E+00  1.43074259E+00
   440  1.76000000E+02  1.43075872E+00  1.10518653E+00  1.43075872E+00
   441  1.76400000E+02  1.43077441E+00  1.10764241E+00  1.43077441E+00
   442  1.76800000E+02  1.43078965E+00  1.11012734E+00  1.43078965E+00
   443  1.77200000E+02  1.43080447E+00  1.11264065E+00  1.43080447E+00
   444  1.77600000E+02  1.43081888E+00  1.11518167E+00  1.43081888E+00
   445  1.78000000E+02  1.43083288E+00  1.11774967E+00  1.43083288E+00
   446  1.78400000E+02  1.43084650E+00  1.12034391E+00  1.43084650E+00
   447  1.78800000E+02  1.43085974E+00  1.12296363E+00  1.43085974E+00
   448  1.79200000E+02  1.43087261E+00  1.12560803E+00  1.43087261E+00
   449  1.79600000E+02  1.43088513E+00  1.12827629E+00  1.43088513E+00
   450  1.80000000E+02  1.43089731E+00  1.13096759E+00  1.43089731E+00
   451  1.80400000E+02  1.43090916E+00  1.13368107E+00  1.43090916E+00
   452  1.80800000E+02  1.43092068E+00  1.13641586E+00  1.43092068E+00
   453  1.81200000E+02  1.43093189E+00  1.13917107E+00  1.43093189E+00
   454  1.81600000E+02  1.43094279E+00  1.14194581E+00  1.43094279E+00
   455  1.82000000E+02  1.43095468E+00  1.14473917E+00  1.43095468E+00
   456  1.82400000E+02  1.43096653E+00  1.14755025E+00  1.43096653E+00
   457  1.82800000E+02  1.43097805E+00  1.15037814E+00  1.43097805E+00
   458  1.83200000E+02  1.43098926E+00  1.15322194E+00  1.43098926E+00
   459  1.83600000E+02  1.43100017E+00  1.15608075E+00  1.43100017E+00
   460  1.84000000E+02  1.43101078E+00  1.15895368E+00  1.43101078E+00
   461  1.84400000E+02  1.43102111E+00  1.16183988E+00  1.43102111E+00
   462  1.84800000E+02  1.43103115E+00  1.16473847E+00  1.43103115E+00
   463  1.85200000E+02  1.43104092E+00  1.16764864E+00  1.43104092E+00
   464  1.85600000E+02  1.43105043E+00  1.17056955E+00  1.43105043E+00
   465  1.86000000E+02  1.43105968E+00  1.17350042E+00  1.43105968E+00
   466  1.86400000E+02  1.43106868E+00  1.17644045E+00  1.43106868E+00
   467  1.86800000E+02  1.43107744E+00  1.17938889E+00  1.43107744E+00
   468  1.87200000E+02  1.43108596E+00  1.18234498E+00  1.43108596E+00
   469  1.87600000E+02  1.43109425E+00  1.18530797E+00  1.43109425E+00
   470  1.88000000E+02  1.43110232E+00  1.18827712E+00  1.43110232E+00
   471  1.88400000E+02  1.43111017E+00  1.19125169E+00  1.43111017E+00
   472  1.88800000E+02  1.43111780E+00  1.19423095E+00  1.43111780E+00
   473  1.89200000E+02  1.43112523E+00  1.19721416E+00  1.43112523E+00
   474  1.89600000E+02  1.43113246E+00  1.20020056E+00  1.43113246E+00
   475  1.90000000E+02  1.43113968E+00  1.20318942E+00  1.43113968E+00
   476  1.90400000E+02  1.43114752E+00  1.20617998E+00  1.43114752E+00
   477  1.90800000E+02  1.43115516E+00  1.20917148E+00  1.43115516E+00
   478  1.91200000E+02  1.43116259E+00  1.21216320E+00  1.43116259E+00
   479  1.91600000E+02  1.43116982E+00  1.21515438E+00  1.43116982E+00
   480  1.92000000E+02  1.43117685E+00  1.21814432E+00  1.43117685E+00
   481  1.92400000E+02  1.43118369E+00  1.22113232E+00  1.43118369E+00
   482  1.92800000E+02  1.43119035E+00  1.22411770E+00  1.43119035E+00
   483  1.93200000E+02  1.43119682E+00  1.22709985E+00  1.43119682E+00
   484  1.93600000E+02  1.43120312E+00  1.23007816E+00  1.43120312E+00
   485  1.94000000E+02  1.43120924E+00  1.23305208E+00  1.43120924E+00
   486  1.94400000E+02  1.43121520E+00  1.23602110E+00  1.43121520E+00
   487  1.94800000E+02  1.43122099E+00  1.23898475E+00  1.43122099E+00
   488  1.95200000E+02  1.43122662E+00  1.24194259E+00  1.43122662E+00
   489  1.95600000E+02  1.43123210E+00  1.24489421E+00  1.43123210E+00
   490  1.96000000E+02  1.43123742E+00  1.24783921E+00  1.43123742E+00
   491  1.96400000E+02  1.43124260E+00  1.25077721E+00  1.43124260E+00
   492  1.96800000E+02  1.43124763E+00  1.25370780E+00  1.43124763E+00
   493  1.97200000E+02  1.43125252E+00  1.25663056E+00  1.43125252E+00
   494  1.97600000E+02  1.43125728E+00  1.25954504E+00  1.43125728E+00
   495  1.98000000E+02  1.43126190E+00  1.26245071E+00  1.43126190E+00
   496  1.98400000E+02  1.43126639E+00  1.26534701E+00  1.43126639E+00
   497  1.98800000E+02  1.43127075E+00  1.26823330E+00  1.43127075E+00
   498  1.99200000E+02  1.43127498E+00  1.27110884E+00  1.43127498E+00
   499  1.99600000E+02  1.43127910E+00  1.27397283E+00  1.43127910E+00
   500  2.00000000E+02  1.43128337E+00  1.27682440E+00  1.43128337E+00
   501  2.00400000E+02  1.43128786E+00  1.27966260E+00  1.43128786E+00
   502  2.00800000E+02  1.43129223E+00  1.28248643E+00  1.43129223E+00
   503  2.01200000E+02  1.43129647E+00  1.28529485E+00  1.43129647E+00
   504  2.01600000E+02  1.43130058E+00  1.28808679E+00  1.43130058E+00
   505  2.02000000E+02  1.43130458E+00  1.29086119E+00  1.43130458E+00
   506  2.02400000E+02  1.43130847E+00  1.29361701E+00  1.43130847E+00
   507  2.02800000E+02  1.43131224E+00  1.29635326E+00  1.43131224E+00
   508  2.03200000E+02  1.43131590E+00  1.29906902E+00  1.43131590E+00
   509  2.03600000E+02  1.43131945E+00  1.30176345E+00  1.43131945E+00
   510  2.04000000E+02  1.43132290E+00  1.30443581E+00  1.43132290E+00
   511  2.04400000E+02  1.43132625E+00  1.30708550E+00  1.43132625E+00
   512  2.04800000E+02  1.43132949E+00  1.30971200E+00  1.43132949E+00
   513  2.05200000E+02  1.43133264E+00  1.31231494E+00  1.43133264E+00
   514  2.05600000E+02  1.43133570E+00  1.31489404E+00  1.43133570E+00
   515  2.06000000E+02  1.43133866E+00  1.31744912E+00  1.43133866E+00
   516  2.06400000E+02  1.43134154E+00  1.31998007E+00  1.43134154E+00
   517  2.06800000E+02  1.43134432E+00  1.32248685E+00  1.43134432E+00
   518  2.07200000E+02  1.43134703E+00  1.32496940E+00  1.43134703E+00
   519  2.07600000E+02  1.43134964E+00  1.32742769E+00  1.43134964E+00
   520  2.08000000E+02  1.43135218E+00  1.32986160E+00  1.43135218E+00
   521  2.08400000E+02  1.43135464E+00  1.33227097E+00  1.43135464E+00
   522  2.08800000E+02  1.43135702E+00  1.33465551E+00  1.43135702E+00
   523  2.09200000E+02  1.43135932E+00  1.33701479E+00  1.43135932E+00
   524  2.09600000E+02  1.43136156E+00  1.33934823E+00  1.43136156E+00
   525  2.10000000E+02  1.43136372E+00  1.34165505E+00  1.43136372E+00
   526  2.10400000E+02  1.43136581E+00  1.34393432E+00  1.43136581E+00
   527  2.10800000E+02  1.43136784E+00  1.34618489E+00  1.43136784E+00
   528  2.11200000E+02  1.43136980E+00  1.34840547E+00  1.43136980E+00
   529  2.11600000E+02  1.43137169E+00  1.35059457E+00  1.43137169E+00
   530  2.12000000E+02  1.43137353E+00  1.35275057E+00  1.43137353E+00
   531  2.12400000E+02  1.43137530E+00  1.35487177E+00  1.43137530E+00
   532  2.12800000E+02  1.43137701E+00  1.35695636E+00  1.43137701E+00
   533  2.13200000E+02  1.43137867E+00  1.35900252E+00  1.43137867E+00
   534  2.13600000E+02  1.43138027E+00  1.36100843E+00  1.43138027E+00
   535  2.14000000E+02  1.43138182E+00  1.36297232E+00  1.43138182E+00
   536  2.14400000E+02  1.43138332E+00  1.36489255E+00  1.43138332E+00
   537  2.14800000E+02  1.43138494E+00  1.36676758E+00  1.43138494E+00
   538  2.15200000E+02  1.43138660E+00  1.36859608E+00  1.43138660E+00
   539  2.15600000E+02  1.43138820E+00  1.37037692E+00  1.43138820E+00
   540  2.16000000E+02  1.43138975E+00  1.37210922E+00  1.43138975E+00
   541  2.16400000E+02  1.43139125E+00  1.37379235E+00  1.43139125E+00
   542  2.16800000E+02  1.43139269E+00  1.37542597E+00  1.43139269E+00
   543  2.17200000E+02  1.43139409E+00  1.37701002E+00  1.43139409E+00
   544  2.17600000E+02  1.43139543E+00  1.37854471E+00  1.43139543E+00
   545  2.18000000E+02  1.43139673E+00  1.38003053E+00  1.43139673E+00
   546  2.18400000E+02  1.43139799E+00  1.38146823E+00  1.43139799E+00
   547  2.18800000E+02  1.43139920E+00  1.38285879E+00  1.43139920E+00
   548  2.19200000E+02  1.43140037E+00  1.38420340E+00  1.43140037E+00
   549  2.19600000E+02  1.43140150E+00  1.38550343E+00  1.43140150E+00
   550  2.20000000E+02  1.43140258E+00  1.38676041E+00  1.43140258E+00
   551  2.20400000E+02  1.43140363E+00  1.38797597E+00  1.43140363E+00
   552  2.20800000E+02  1.43140464E+00  1.38915182E+00  1.43140464E+00
   553  2.21200000E+02  1.43140561E+00  1.39028974E+00  1.43140561E+00
   554  2.21600000E+02  1.43140655E+00  1.39139149E+00  1.43140655E+00
   555  2.22000000E+02  1.43140745E+00  1.39245885E+00  1.43140745E+00
   556  2.22400000E+02  1.43140832E+00  1.39349356E+00  1.43140832E+00
   557  2.22800000E+02  1.43140916E+00  1.39449729E+00  1.43140916E+00
   558  2.23200000E+02  1.43140996E+00  1.39547163E+00  1.43140996E+00
   559  2.23600000E+02  1.43141074E+00  1.39641810E+00  1.43141074E+00
   560  2.24000000E+02  1.43141148E+00  1.39733811E+00  1.43141148E+00
   561  2.24400000E+02  1.43141220E+00  1.39823295E+00  1.43141220E+00
   562  2.24800000E+02  1.43141289E+00  1.39910382E+00  1.43141289E+00
   563  2.25200000E+02  1.43141355E+00  1.39995182E+00  1.43141355E+00
   564  2.25600000E+02  1.43141419E+00  1.40077792E+00  1.43141419E+00
   565  2.26000000E+02  1.43141480E+00  1.40158301E+00  1.43141480E+00
   566  2.26400000E+02  1.43141539E+00  1.40236790E+00  1.43141539E+00
   567  2.26800000E+02  1.43141595E+00  1.40313328E+00  1.43141595E+00
   568  2.27200000E+02  1.43141650E+00  1.40387981E+00  1.43141650E+00
   569  2.27600000E+02  1.43141702E+00  1.40460806E+00  1.43141702E+00
   570  2.28000000E+02  1.43141752E+00  1.40531854E+00  1.43141752E+00
   571  2.28400000E+02  1.43141799E+00  1.40601172E+00  1.43141799E+00
   572  2.28800000E+02  1.43141845E+00  1.40668805E+00  1.43141845E+00
   573  2.29200000E+02  1.43141889E+00  1.40734792E+00  1.43141889E+00
   574  2.29600000E+02  1.43141932E+00  1.40799170E+00  1.43141932E+00
   575  2.30000000E+02  1.43141972E+00  1.40861976E+00  1.43141972E+00
   576  2.30400000E+02  1.43142011E+00  1.40923243E+00  1.43142011E+00
   577  2.30800000E+02  1.43142048E+00  1.40983002E+00  1.43142048E+00
   578  2.31200000E+02  1.43142083E+00  1.41041287E+00  1.43142083E+00
   579  2.31600000E+02  1.43142117E+00  1.41098127E+00  1.43142117E+00
   580  2.32000000E+02  1.43142150E+00  1.41153551E+00  1.43142150E+00
   581  2.32400000E+02  1.43142181E+00  1.41207590E+00  1.43142181E+00
   582  2.32800000E+02  1.43142211E+00  1.41260270E+00  1.43142211E+00
   583  2.33200000E+02  1.43142239E+00  1.41311620E+00  1.43142239E+00
   584  2.33600000E+02  1.43142266E+00  1.41361667E+00  1.43142266E+00
   585  2.34000000E+02  1.43142292E+00  1.41410437E+00  1.43142292E+00
   586  2.34400000E+02  1.43142317E+00  1.41457955E+00  1.43142317E+00
   587  2.34800000E+02  1.43142341E+00  1.41504248E+00  1.43142341E+00
   588  2.35200000E+02  1.43142363E+00  1.41549339E+00  1.43142363E+00
   589  2.35600000E+02  1.43142385E+00  1.41593252E+00  1.43142385E+00
   590  2.36000000E+02  1.43142405E+00  1.41636012E+00  1.43142405E+00
   591  2.36400000E+02  1.43142425E+00  1.41677640E+00  1.43142425E+00
   592  2.36800000E+02  1.43142444E+00  1.41718159E+00  1.43142444E+00
   593  2.37200000E+02  1.43142462E+00  1.41757593E+00  1.43142462E+00
   594  2.37600000E+02  1.43142478E+00  1.41795962E+00  1.43142478E+00
   595  2.38000000E+02  1.43142495E+00  1.41833288E+00  1.43142495E+00
   596  2.38400000E+02  1.43142510E+00  1.41869594E+00  1.43142510E+00
   597  2.38800000E+02  1.43142525E+00  1.41904899E+00  1.43142525E+00
   598  2.39200000E+02  1.43142538E+00  1.41939226E+00  1.43142538E+00
   599  2.39600000E+02  1.43142552E+00  1.41972596E+00  1.43142552E+00
   600  2.40000000E+02  1.43142564E+00  1.42005030E+00  1.43142564E+00
   601  2.40400000E+02  1.43142576E+00  1.42036549E+00  1.43142576E+00
   602  2.40800000E+02  1.43142587E+00  1.42067174E+00  1.43142587E+00
   603  2.41200000E+02  1.43142598E+00  1.42096926E+00  1.43142598E+00
   604  2.41600000E+02  1.43142608E+00  1.42125825E+00  1.43142608E+00
   605  2.42000000E+02  1.43142618E+00  1.42153892E+00  1.43142618E+00
   606  2.42400000E+02  1.43142627E+00  1.42181148E+00  1.43142627E+00
   607  2.42800000E+02  1.43142636E+00  1.42207614E+00  1.43142636E+00
   608  2.43200000E+02  1.43142644E+00  1.42233307E+00  1.43142644E+00
   609  2.43600000E+02  1.43142652E+00  1.42258250E+00  1.43142652E+00
   610  2.44000000E+02  1.43142659E+00  1.42282461E+00  1.43142659E+00
   611  2.44400000E+02  1.43142666E+00  1.42305959E+00  1.43142666E+00
   612  2.44800000E+02  1.43142672E+00  1.42328762E+00  1.43142672E+00
   613  2.45200000E+02  1.43142678E+00  1.42350890E+00  1.43142678E+00
   614  2.45600000E+02  1.43142684E+00  1.42372360E+00  1.43142684E+00
   615  2.46000000E+02  1.43142690E+00  1.42393190E+00  1.43142690E+00
   616  2.46400000E+02  1.43142695E+00  1.42413397E+00  1.43142695E+00
   617  2.46800000E+02  1.43142700E+00  1.42432998E+00  1.43142700E+00
   618  2.47200000E+02  1.43142704E+00  1.42452009E+00  1.43142704E+00
   619  2.47600000E+02  1.43142709E+00  1.42470447E+00  1.43142709E+00
   620  2.48000000E+02  1.43142713E+00  1.42488326E+00  1.43142713E+00
   621  2.48400000E+02  1.43142716E+00  1.42505663E+00  1.43142716E+00
   622  2.48800000E+02  1.43142720E+00  1.42522472E+00  1.43142720E+00
   623  2.49200000E+02  1.43142723E+00  1.42538767E+00  1.43142723E+00
   624  2.49600000E+02  1.43142726E+00  1.42554564E+00  1.43142726E+00
   625  2.50000000E+02  1.43142729E+00  1.42569875E+00  1.43142729E+00
   626  2.50400000E+02  1.43142732E+00  1.42584715E+00  1.43142732E+00
   627  2.50800000E+02  1.43142735E+00  1.42599097E+00  1.43142735E+00
   628  2.51200000E+02  1.43142737E+00  1.42613034E+00  1.43142737E+00
   629  2.51600000E+02  1.43142739E+00  1.42626539E+00  1.43142739E+00
   630  2.52000000E+02  1.43142741E+00  1.42639623E+00  1.43142741E+00
   631  2.52400000E+02  1.43142743E+00  1.42652300E+00  1.43142743E+00
   632  2.52800000E+02  1.43142745E+00  1.42664580E+00  1.43142745E+00
   633  2.53200000E+02  1.43142746E+00  1.42676476E+00  1.43142746E+00
   634  2.53600000E+02  1.43142748E+00  1.42687999E+00  1.43142748E+00
   635  2.54000000E+02  1.43142749E+00  1.42699160E+00  1.43142749E+00
   636  2.54400000E+02  1.43142751E+00  1.42709969E+00  1.43142751E+00
   637  2.54800000E+02  1.43142752E+00  1.42720438E+00  1.43142752E+00
   638  2.55200000E+02  1.43142753E+00  1.42730576E+00  1.43142753E+00
   639  2.55600000E+02  1.43142754E+00  1.42740393E+00  1.43142754E+00
   640  2.56000000E+02  1.43142755E+00  1.42749900E+00  1.43142755E+00
   641  2.56400000E+02  1.43142756E+00  1.42759105E+00  1.43142756E+00
   642  2.56800000E+02  1.43142756E+00  1.42768017E+00  1.43142756E+00
   643  2.57200000E+02  1.43142757E+00  1.42776647E+00  1.43142757E+00
   644  2.57600000E+02  1.43142758E+00  1.42785002E+00  1.43142758E+00
   645  2.58000000E+02  1.43142758E+00  1.42793091E+00  1.43142758E+00
   646  2.58400000E+02  1.43142759E+00  1.42800922E+00  1.43142759E+00
   647  2.58800000E+02  1.43142759E+00  1.42808503E+00  1.43142759E+00
   648  2.59200000E+02  1.43142759E+00  1.42815843E+00  1.43142759E+00
   649  2.59600000E+02  1.43142760E+00  1.42822948E+00  1.43142760E+00
   650  2.60000000E+02  1.43142760E+00  1.42829827E+00  1.43142760E+00
   651  2.60400000E+02  1.43142760E+00  1.42836486E+00  1.43142760E+00
   652  2.60800000E+02  1.43142760E+00  1.42842932E+00  1.43142760E+00
   653  2.61200000E+02  1.43142761E+00  1.42849172E+00  1.43142761E+00
   654  2.61600000E+02  1.43142761E+00  1.42855213E+00  1.43142761E+00
   655  2.62000000E+02  1.43142761E+00  1.42861061E+00  1.43142761E+00
   656  2.62400000E+02  1.43142761E+00  1.42866723E+00  1.43142761E+00
   657  2.62800000E+02  1.43142761E+00  1.42872204E+00  1.43142761E+00
   658  2.63200000E+02  1.43142761E+00  1.42877510E+00  1.43142761E+00
   659  2.63600000E+02  1.43142761E+00  1.42882648E+00  1.43142761E+00
   660  2.64000000E+02  1.43142761E+00  1.42887622E+00  1.43142761E+00
   661  2.64400000E+02  1.43142761E+00  1.42892438E+00  1.43142761E+00
   662  2.64800000E+02  1.43142761E+00  1.42897101E+00  1.43142761E+00
   663  2.65200000E+02  1.43142761E+00  1.42901617E+00  1.43142761E+00
   664  2.65600000E+02  1.43142761E+00  1.42905990E+00  1.43142761E+00
   665  2.66000000E+02  1.43142761E+00  1.42910225E+00  1.43142761E+00
   666  2.66400000E+02  1.43142761E+00  1.42914327E+00  1.43142761E+00
   667  2.66800000E+02  1.43142760E+00  1.42918299E+00  1.43142760E+00
   668  2.67200000E+02  1.43142760E+00  1.42922148E+00  1.43142760E+00
   669  2.67600000E+02  1.43142760E+00  1.42925876E+00  1.43142760E+00
   670  2.68000000E+02  1.43142760E+00  1.42929488E+00  1.43142760E+00
   671  2.68400000E+02  1.43142760E+00  1.42932987E+00  1.43142760E+00
   672  2.68800000E+02  1.43142760E+00  1.42936378E+00  1.43142760E+00
   673  2.69200000E+02  1.43142760E+00  1.42939664E+00  1.43142760E+00
   674  2.69600000E+02  1.43142759E+00  1.42942849E+00  1.43142759E+00
   675  2.70000000E+02  1.43142759E+00  1.42945936E+00  1.43142759E+00
   676  2.70400000E+02  1.43142759E+00  1.42948929E+00  1.43142759E+00
   677  2.70800000E+02  1.43142759E+00  1.42951830E+00  1.43142759E+00
   678  2.71200000E+02  1.43142759E+00  1.42954643E+00  1.43142759E+00
   679  2.71600000E+02  1.43142759E+00  1.42957371E+00  1.43142759E+00
   680  2.72000000E+02  1.43142758E+00  1.42960017E+00  1.43142758E+00
   681  2.72400000E+02  1.43142758E+00  1.42962583E+00  1.43142758E+00
   682  2.72800000E+02  1.43142758E+00  1.42965073E+00  1.43142758E+00
   683  2.73200000E+02  1.43142758E+00  1.42967488E+00  1.43142758E+00
   684  2.73600000E+02  1.43142758E+00  1.42969831E+00  1.43142758E+00
   685  2.74000000E+02  1.43142758E+00  1.42972105E+00  1.43142758E+00
   686  2.74400000E+02  1.43142758E+00  1.42974312E+00  1.43142758E+00
   687  2.74800000E+02  1.43142757E+00  1.42976455E+00  1.43142757E+00
   688  2.75200000E+02  1.43142757E+00  1.42978534E+00  1.43142757E+00
   689  2.75600000E+02  1.43142757E+00  1.42980554E+00  1.43142757E+00
   690  2.76000000E+02  1.43142757E+00  1.42982514E+00  1.43142757E+00
   691  2.76400000E+02  1.43142757E+00  1.42984418E+00  1.43142757E+00
   692  2.76800000E+02  1.43142757E+00  1.42986267E+00  1.43142757E+00
   693  2.77200000E+02  1.43142757E+00  1.42988064E+00  1.43142757E+00
   694  2.77600000E+02  1.43142756E+00  1.42989809E+00  1.43142756E+00
   695  2.78000000E+02  1.43142756E+00  1.42991504E+00  1.43142756E+00
   696  2.78400000E+02  1.43142756E+00  1.42993152E+00  1.43142756E+00
   697  2.78800000E+02  1.43142756E+00  1.42994753E+00  1.43142756E+00
   698  2.79200000E+02  1.43142756E+00  1.42996309E+00  1.43142756E+00
   699  2.79600000E+02  1.43142756E+00  1.42997821E+00  1.43142756E+00
   700  2.80000000E+02  1.43142756E+00  1.42999292E+00  1.43142756E+00


STDERR:
