COMMAND:
/shared/generate_rom_data/extrudate_swell2d_c_cluster

STDOUT:
 comppar: model =   2
 comppar: lambda,mobility/eps,betav,eta_0 =  1.0000E+01  3.0000E-01  3.0000E-01  1.0000E+00
 comppar: eta_s,eta_p,G =  3.0000E-01  7.0000E-01  7.0000E-02
 comppar: U_avg,deltat,flowrate,nsteps =  5.0000E-02  4.0000E-01  1.5708E-01     700
 comppar: geometry = axisymmetric
 comppar: steady stop change,gap,hold,min =  1.0000E-05  1.0000E-02      10      80
 comppar: ncompc,ncompg =     4     5
 mesh nnodes = 5765
 mesh nelem = 2780
 P1 BC   5.0000000000000000     
 P2 BC   0.0000000000000000     
     1  4.00000000E-01  1.00252796E+00  1.00000000E+00  1.00252796E+00
     2  8.00000000E-01  1.00501332E+00  1.00000000E+00  1.00501332E+00
     3  1.20000000E+00  1.00745270E+00  1.00000000E+00  1.00745270E+00
     4  1.60000000E+00  1.00984535E+00  1.00000000E+00  1.00984535E+00
     5  2.00000000E+00  1.01218805E+00  1.00000000E+00  1.01218805E+00
     6  2.40000000E+00  1.01449360E+00  1.00000000E+00  1.01449360E+00
     7  2.80000000E+00  1.01675583E+00  1.00000000E+00  1.01675583E+00
     8  3.20000000E+00  1.01897548E+00  1.00000000E+00  1.01897548E+00
     9  3.60000000E+00  1.02117775E+00  1.00000000E+00  1.02117775E+00
    10  4.00000000E+00  1.02334409E+00  1.00000000E+00  1.02334409E+00
    11  4.40000000E+00  1.02550141E+00  1.00000000E+00  1.02550141E+00
    12  4.80000000E+00  1.02763349E+00  1.00000001E+00  1.02763349E+00
    13  5.20000000E+00  1.02977066E+00  1.00000001E+00  1.02977066E+00
    14  5.60000000E+00  1.03188750E+00  1.00000001E+00  1.03188750E+00
    15  6.00000000E+00  1.03402530E+00  1.00000001E+00  1.03402530E+00
    16  6.40000000E+00  1.03614126E+00  1.00000001E+00  1.03614126E+00
    17  6.80000000E+00  1.03828618E+00  1.00000001E+00  1.03828618E+00
    18  7.20000000E+00  1.04043513E+00  1.00000001E+00  1.04043513E+00
    19  7.60000000E+00  1.04257361E+00  1.00000001E+00  1.04257361E+00
    20  8.00000000E+00  1.04476722E+00  1.00000001E+00  1.04476722E+00
    21  8.40000000E+00  1.04695508E+00  1.00000001E+00  1.04695508E+00
    22  8.80000000E+00  1.04913834E+00  1.00000001E+00  1.04913834E+00
    23  9.20000000E+00  1.05138207E+00  1.00000000E+00  1.05138207E+00
    24  9.60000000E+00  1.05363667E+00  1.00000000E+00  1.05363667E+00
    25  1.00000000E+01  1.05589241E+00  1.00000000E+00  1.05589241E+00
    26  1.04000000E+01  1.05815888E+00  9.99999998E-01  1.05815888E+00
    27  1.08000000E+01  1.06049018E+00  9.99999995E-01  1.06049018E+00
    28  1.12000000E+01  1.06282619E+00  9.99999992E-01  1.06282619E+00
    29  1.16000000E+01  1.06516727E+00  9.99999988E-01  1.06516727E+00
    30  1.20000000E+01  1.06751382E+00  9.99999984E-01  1.06751382E+00
    31  1.24000000E+01  1.06986629E+00  9.99999979E-01  1.06986629E+00
    32  1.28000000E+01  1.07229107E+00  9.99999973E-01  1.07229107E+00
    33  1.32000000E+01  1.07472686E+00  9.99999967E-01  1.07472686E+00
    34  1.36000000E+01  1.07716927E+00  9.99999960E-01  1.07716927E+00
    35  1.40000000E+01  1.07961837E+00  9.99999952E-01  1.07961837E+00
    36  1.44000000E+01  1.08207429E+00  9.99999943E-01  1.08207429E+00
    37  1.48000000E+01  1.08453714E+00  9.99999934E-01  1.08453714E+00
    38  1.52000000E+01  1.08703102E+00  9.99999924E-01  1.08703102E+00
    39  1.56000000E+01  1.08956223E+00  9.99999912E-01  1.08956223E+00
    40  1.60000000E+01  1.09209891E+00  9.99999900E-01  1.09209891E+00
    41  1.64000000E+01  1.09464091E+00  9.99999887E-01  1.09464091E+00
    42  1.68000000E+01  1.09718811E+00  9.99999872E-01  1.09718811E+00
    43  1.72000000E+01  1.09974036E+00  9.99999857E-01  1.09974036E+00
    44  1.76000000E+01  1.10229744E+00  9.99999840E-01  1.10229744E+00
    45  1.80000000E+01  1.10485911E+00  9.99999822E-01  1.10485911E+00
    46  1.84000000E+01  1.10742502E+00  9.99999803E-01  1.10742502E+00
    47  1.88000000E+01  1.11002385E+00  9.99999782E-01  1.11002385E+00
    48  1.92000000E+01  1.11263996E+00  9.99999760E-01  1.11263996E+00
    49  1.96000000E+01  1.11525751E+00  9.99999736E-01  1.11525751E+00
    50  2.00000000E+01  1.11787599E+00  9.99999711E-01  1.11787599E+00
    51  2.04000000E+01  1.12049481E+00  9.99999684E-01  1.12049481E+00
    52  2.08000000E+01  1.12311329E+00  9.99999656E-01  1.12311329E+00
    53  2.12000000E+01  1.12573067E+00  9.99999625E-01  1.12573067E+00
    54  2.16000000E+01  1.12834613E+00  9.99999593E-01  1.12834613E+00
    55  2.20000000E+01  1.13095878E+00  9.99999558E-01  1.13095878E+00
    56  2.24000000E+01  1.13356775E+00  9.99999522E-01  1.13356775E+00
    57  2.28000000E+01  1.13617213E+00  9.99999483E-01  1.13617213E+00
    58  2.32000000E+01  1.13877615E+00  9.99999443E-01  1.13877615E+00
    59  2.36000000E+01  1.14140732E+00  9.99999399E-01  1.14140732E+00
    60  2.40000000E+01  1.14403162E+00  9.99999354E-01  1.14403162E+00
    61  2.44000000E+01  1.14664827E+00  9.99999306E-01  1.14664827E+00
    62  2.48000000E+01  1.14925653E+00  9.99999255E-01  1.14925653E+00
    63  2.52000000E+01  1.15185571E+00  9.99999202E-01  1.15185571E+00
    64  2.56000000E+01  1.15444513E+00  9.99999145E-01  1.15444513E+00
    65  2.60000000E+01  1.15702411E+00  9.99999086E-01  1.15702411E+00
    66  2.64000000E+01  1.15959196E+00  9.99999024E-01  1.15959196E+00
    67  2.68000000E+01  1.16214790E+00  9.99998958E-01  1.16214790E+00
    68  2.72000000E+01  1.16469102E+00  9.99998890E-01  1.16469102E+00
    69  2.76000000E+01  1.16722026E+00  9.99998817E-01  1.16722026E+00
    70  2.80000000E+01  1.16973436E+00  9.99998741E-01  1.16973436E+00
    71  2.84000000E+01  1.17226492E+00  9.99998662E-01  1.17226492E+00
    72  2.88000000E+01  1.17480217E+00  9.99998579E-01  1.17480217E+00
    73  2.92000000E+01  1.17732418E+00  9.99998491E-01  1.17732418E+00
    74  2.96000000E+01  1.17982979E+00  9.99998400E-01  1.17982979E+00
    75  3.00000000E+01  1.18231763E+00  9.99998304E-01  1.18231763E+00
    76  3.04000000E+01  1.18478615E+00  9.99998204E-01  1.18478615E+00
    77  3.08000000E+01  1.18723358E+00  9.99998099E-01  1.18723358E+00
    78  3.12000000E+01  1.18965795E+00  9.99997990E-01  1.18965795E+00
    79  3.16000000E+01  1.19205717E+00  9.99997875E-01  1.19205717E+00
    80  3.20000000E+01  1.19442902E+00  9.99997756E-01  1.19442902E+00
    81  3.24000000E+01  1.19682954E+00  9.99997631E-01  1.19682954E+00
    82  3.28000000E+01  1.19924136E+00  9.99997501E-01  1.19924136E+00
    83  3.32000000E+01  1.20162763E+00  9.99997366E-01  1.20162763E+00
    84  3.36000000E+01  1.20398619E+00  9.99997224E-01  1.20398619E+00
    85  3.40000000E+01  1.20631479E+00  9.99997077E-01  1.20631479E+00
    86  3.44000000E+01  1.20861118E+00  9.99996923E-01  1.20861118E+00
    87  3.48000000E+01  1.21087313E+00  9.99996763E-01  1.21087313E+00
    88  3.52000000E+01  1.21309852E+00  9.99996596E-01  1.21309852E+00
    89  3.56000000E+01  1.21528535E+00  9.99996422E-01  1.21528535E+00
    90  3.60000000E+01  1.21752180E+00  9.99996242E-01  1.21752180E+00
    91  3.64000000E+01  1.21978127E+00  9.99996054E-01  1.21978127E+00
    92  3.68000000E+01  1.22200531E+00  9.99995859E-01  1.22200531E+00
    93  3.72000000E+01  1.22419197E+00  9.99995656E-01  1.22419197E+00
    94  3.76000000E+01  1.22633946E+00  9.99995445E-01  1.22633946E+00
    95  3.80000000E+01  1.22844621E+00  9.99995225E-01  1.22844621E+00
    96  3.84000000E+01  1.23051085E+00  9.99994997E-01  1.23051085E+00
    97  3.88000000E+01  1.23253235E+00  9.99994761E-01  1.23253235E+00
    98  3.92000000E+01  1.23462540E+00  9.99994515E-01  1.23462540E+00
    99  3.96000000E+01  1.23673351E+00  9.99994260E-01  1.23673351E+00
   100  4.00000000E+01  1.23880011E+00  9.99993996E-01  1.23880011E+00
   101  4.04000000E+01  1.24082403E+00  9.99993721E-01  1.24082403E+00
   102  4.08000000E+01  1.24280440E+00  9.99993437E-01  1.24280440E+00
   103  4.12000000E+01  1.24474069E+00  9.99993142E-01  1.24474069E+00
   104  4.16000000E+01  1.24663270E+00  9.99992836E-01  1.24663270E+00
   105  4.20000000E+01  1.24848057E+00  9.99992519E-01  1.24848057E+00
   106  4.24000000E+01  1.25045204E+00  9.99992191E-01  1.25045204E+00
   107  4.28000000E+01  1.25240992E+00  9.99991851E-01  1.25240992E+00
   108  4.32000000E+01  1.25432448E+00  9.99991499E-01  1.25432448E+00
   109  4.36000000E+01  1.25619556E+00  9.99991134E-01  1.25619556E+00
   110  4.40000000E+01  1.25802332E+00  9.99990757E-01  1.25802332E+00
   111  4.44000000E+01  1.25980822E+00  9.99990366E-01  1.25980822E+00
   112  4.48000000E+01  1.26155096E+00  9.99989962E-01  1.26155096E+00
   113  4.52000000E+01  1.26325619E+00  9.99989544E-01  1.26325619E+00
   114  4.56000000E+01  1.26510325E+00  9.99989112E-01  1.26510325E+00
   115  4.60000000E+01  1.26690726E+00  9.99988664E-01  1.26690726E+00
   116  4.64000000E+01  1.26866878E+00  9.99988202E-01  1.26866878E+00
   117  4.68000000E+01  1.27038862E+00  9.99987725E-01  1.27038862E+00
   118  4.72000000E+01  1.27206782E+00  9.99987231E-01  1.27206782E+00
   119  4.76000000E+01  1.27370754E+00  9.99986721E-01  1.27370754E+00
   120  4.80000000E+01  1.27530903E+00  9.99986194E-01  1.27530903E+00
   121  4.84000000E+01  1.27687355E+00  9.99985650E-01  1.27687355E+00
   122  4.88000000E+01  1.27852484E+00  9.99985088E-01  1.27852484E+00
   123  4.92000000E+01  1.28018706E+00  9.99984508E-01  1.28018706E+00
   124  4.96000000E+01  1.28181028E+00  9.99983910E-01  1.28181028E+00
   125  5.00000000E+01  1.28339564E+00  9.99983292E-01  1.28339564E+00
   126  5.04000000E+01  1.28494429E+00  9.99982655E-01  1.28494429E+00
   127  5.08000000E+01  1.28645734E+00  9.99981997E-01  1.28645734E+00
   128  5.12000000E+01  1.28793583E+00  9.99981319E-01  1.28793583E+00
   129  5.16000000E+01  1.28938067E+00  9.99980620E-01  1.28938067E+00
   130  5.20000000E+01  1.29084041E+00  9.99979899E-01  1.29084041E+00
   131  5.24000000E+01  1.29237084E+00  9.99979156E-01  1.29237084E+00
   132  5.28000000E+01  1.29386640E+00  9.99978390E-01  1.29386640E+00
   133  5.32000000E+01  1.29532810E+00  9.99977601E-01  1.29532810E+00
   134  5.36000000E+01  1.29675682E+00  9.99976788E-01  1.29675682E+00
   135  5.40000000E+01  1.29815327E+00  9.99975951E-01  1.29815327E+00
   136  5.44000000E+01  1.29951804E+00  9.99975088E-01  1.29951804E+00
   137  5.48000000E+01  1.30085154E+00  9.99974200E-01  1.30085154E+00
   138  5.52000000E+01  1.30215406E+00  9.99973286E-01  1.30215406E+00
   139  5.56000000E+01  1.30355315E+00  9.99972345E-01  1.30355315E+00
   140  5.60000000E+01  1.30493457E+00  9.99971376E-01  1.30493457E+00
   141  5.64000000E+01  1.30628430E+00  9.99970379E-01  1.30628430E+00
   142  5.68000000E+01  1.30760278E+00  9.99969354E-01  1.30760278E+00
   143  5.72000000E+01  1.30889036E+00  9.99968299E-01  1.30889036E+00
   144  5.76000000E+01  1.31014729E+00  9.99967214E-01  1.31014729E+00
   145  5.80000000E+01  1.31137376E+00  9.99966099E-01  1.31137376E+00
   146  5.84000000E+01  1.31256992E+00  9.99964952E-01  1.31256992E+00
   147  5.88000000E+01  1.31378455E+00  9.99963773E-01  1.31378455E+00
   148  5.92000000E+01  1.31505875E+00  9.99962562E-01  1.31505875E+00
   149  5.96000000E+01  1.31630256E+00  9.99961317E-01  1.31630256E+00
   150  6.00000000E+01  1.31751613E+00  9.99960038E-01  1.31751613E+00
   151  6.04000000E+01  1.31869958E+00  9.99958725E-01  1.31869958E+00
   152  6.08000000E+01  1.31985301E+00  9.99957376E-01  1.31985301E+00
   153  6.12000000E+01  1.32097658E+00  9.99955990E-01  1.32097658E+00
   154  6.16000000E+01  1.32207047E+00  9.99954568E-01  1.32207047E+00
   155  6.20000000E+01  1.32313493E+00  9.99953108E-01  1.32313493E+00
   156  6.24000000E+01  1.32428316E+00  9.99951610E-01  1.32428316E+00
   157  6.28000000E+01  1.32542346E+00  9.99950073E-01  1.32542346E+00
   158  6.32000000E+01  1.32653424E+00  9.99948496E-01  1.32653424E+00
   159  6.36000000E+01  1.32761571E+00  9.99946879E-01  1.32761571E+00
   160  6.40000000E+01  1.32866813E+00  9.99945220E-01  1.32866813E+00
   161  6.44000000E+01  1.32969183E+00  9.99943519E-01  1.32969183E+00
   162  6.48000000E+01  1.33068717E+00  9.99941776E-01  1.33068717E+00
   163  6.52000000E+01  1.33165460E+00  9.99939989E-01  1.33165460E+00
   164  6.56000000E+01  1.33268183E+00  9.99938158E-01  1.33268183E+00
   165  6.60000000E+01  1.33372291E+00  9.99936281E-01  1.33372291E+00
   166  6.64000000E+01  1.33473540E+00  9.99934359E-01  1.33473540E+00
   167  6.68000000E+01  1.33571969E+00  9.99932391E-01  1.33571969E+00
   168  6.72000000E+01  1.33667625E+00  9.99930376E-01  1.33667625E+00
   169  6.76000000E+01  1.33760557E+00  9.99928312E-01  1.33760557E+00
   170  6.80000000E+01  1.33850823E+00  9.99926200E-01  1.33850823E+00
   171  6.84000000E+01  1.33938483E+00  9.99924039E-01  1.33938483E+00
   172  6.88000000E+01  1.34032561E+00  9.99921828E-01  1.34032561E+00
   173  6.92000000E+01  1.34127208E+00  9.99919566E-01  1.34127208E+00
   174  6.96000000E+01  1.34219162E+00  9.99917252E-01  1.34219162E+00
   175  7.00000000E+01  1.34308477E+00  9.99914887E-01  1.34308477E+00
   176  7.04000000E+01  1.34395210E+00  9.99912468E-01  1.34395210E+00
   177  7.08000000E+01  1.34479425E+00  9.99909997E-01  1.34479425E+00
   178  7.12000000E+01  1.34561184E+00  9.99907471E-01  1.34561184E+00
   179  7.16000000E+01  1.34640552E+00  9.99904891E-01  1.34640552E+00
   180  7.20000000E+01  1.34725063E+00  9.99902256E-01  1.34725063E+00
   181  7.24000000E+01  1.34810844E+00  9.99899565E-01  1.34810844E+00
   182  7.28000000E+01  1.34894128E+00  9.99896817E-01  1.34894128E+00
   183  7.32000000E+01  1.34974982E+00  9.99894013E-01  1.34974982E+00
   184  7.36000000E+01  1.35053471E+00  9.99891152E-01  1.35053471E+00
   185  7.40000000E+01  1.35129662E+00  9.99888233E-01  1.35129662E+00
   186  7.44000000E+01  1.35203625E+00  9.99885256E-01  1.35203625E+00
   187  7.48000000E+01  1.35275428E+00  9.99882220E-01  1.35275428E+00
   188  7.52000000E+01  1.35349960E+00  9.99879125E-01  1.35349960E+00
   189  7.56000000E+01  1.35427656E+00  9.99875971E-01  1.35427656E+00
   190  7.60000000E+01  1.35503074E+00  9.99872758E-01  1.35503074E+00
   191  7.64000000E+01  1.35576283E+00  9.99869485E-01  1.35576283E+00
   192  7.68000000E+01  1.35647349E+00  9.99866152E-01  1.35647349E+00
   193  7.72000000E+01  1.35716341E+00  9.99862759E-01  1.35716341E+00
   194  7.76000000E+01  1.35783327E+00  9.99859306E-01  1.35783327E+00
   195  7.80000000E+01  1.35848373E+00  9.99855792E-01  1.35848373E+00
   196  7.84000000E+01  1.35912865E+00  9.99852219E-01  1.35912865E+00
   197  7.88000000E+01  1.35983200E+00  9.99848585E-01  1.35983200E+00
   198  7.92000000E+01  1.36051485E+00  9.99844892E-01  1.36051485E+00
   199  7.96000000E+01  1.36117787E+00  9.99841138E-01  1.36117787E+00
   200  8.00000000E+01  1.36182173E+00  9.99837325E-01  1.36182173E+00
   201  8.04000000E+01  1.36244708E+00  9.99833454E-01  1.36244708E+00
   202  8.08000000E+01  1.36305456E+00  9.99829523E-01  1.36305456E+00
   203  8.12000000E+01  1.36364481E+00  9.99825534E-01  1.36364481E+00
   204  8.16000000E+01  1.36421842E+00  9.99821488E-01  1.36421842E+00
   205  8.20000000E+01  1.36484151E+00  9.99817386E-01  1.36484151E+00
   206  8.24000000E+01  1.36546086E+00  9.99813227E-01  1.36546086E+00
   207  8.28000000E+01  1.36606250E+00  9.99809013E-01  1.36606250E+00
   208  8.32000000E+01  1.36664708E+00  9.99804746E-01  1.36664708E+00
   209  8.36000000E+01  1.36721518E+00  9.99800426E-01  1.36721518E+00
   210  8.40000000E+01  1.36776742E+00  9.99796054E-01  1.36776742E+00
   211  8.44000000E+01  1.36830435E+00  9.99791633E-01  1.36830435E+00
   212  8.48000000E+01  1.36882653E+00  9.99787163E-01  1.36882653E+00
   213  8.52000000E+01  1.36934879E+00  9.99782647E-01  1.36934879E+00
   214  8.56000000E+01  1.36991171E+00  9.99778085E-01  1.36991171E+00
   215  8.60000000E+01  1.37045896E+00  9.99773481E-01  1.37045896E+00
   216  8.64000000E+01  1.37099108E+00  9.99768836E-01  1.37099108E+00
   217  8.68000000E+01  1.37150862E+00  9.99764153E-01  1.37150862E+00
   218  8.72000000E+01  1.37201210E+00  9.99759434E-01  1.37201210E+00
   219  8.76000000E+01  1.37250201E+00  9.99754681E-01  1.37250201E+00
   220  8.80000000E+01  1.37297881E+00  9.99749898E-01  1.37297881E+00
   221  8.84000000E+01  1.37344296E+00  9.99745088E-01  1.37344296E+00
   222  8.88000000E+01  1.37392829E+00  9.99740254E-01  1.37392829E+00
   223  8.92000000E+01  1.37442728E+00  9.99735399E-01  1.37442728E+00
   224  8.96000000E+01  1.37491283E+00  9.99730527E-01  1.37491283E+00
   225  9.00000000E+01  1.37538539E+00  9.99725642E-01  1.37538539E+00
   226  9.04000000E+01  1.37584540E+00  9.99720749E-01  1.37584540E+00
   227  9.08000000E+01  1.37629328E+00  9.99715851E-01  1.37629328E+00
   228  9.12000000E+01  1.37672942E+00  9.99710953E-01  1.37672942E+00
   229  9.16000000E+01  1.37715418E+00  9.99706060E-01  1.37715418E+00
   230  9.20000000E+01  1.37756790E+00  9.99701178E-01  1.37756790E+00
   231  9.24000000E+01  1.37799630E+00  9.99696312E-01  1.37799630E+00
   232  9.28000000E+01  1.37844066E+00  9.99691469E-01  1.37844066E+00
   233  9.32000000E+01  1.37887338E+00  9.99686653E-01  1.37887338E+00
   234  9.36000000E+01  1.37929483E+00  9.99681872E-01  1.37929483E+00
   235  9.40000000E+01  1.37970534E+00  9.99677133E-01  1.37970534E+00
   236  9.44000000E+01  1.38010521E+00  9.99672443E-01  1.38010521E+00
   237  9.48000000E+01  1.38049474E+00  9.99667810E-01  1.38049474E+00
   238  9.52000000E+01  1.38087420E+00  9.99663242E-01  1.38087420E+00
   239  9.56000000E+01  1.38124384E+00  9.99658747E-01  1.38124384E+00
   240  9.60000000E+01  1.38161914E+00  9.99654334E-01  1.38161914E+00
   241  9.64000000E+01  1.38201570E+00  9.99650013E-01  1.38201570E+00
   242  9.68000000E+01  1.38240199E+00  9.99645793E-01  1.38240199E+00
   243  9.72000000E+01  1.38277829E+00  9.99641685E-01  1.38277829E+00
   244  9.76000000E+01  1.38314486E+00  9.99637699E-01  1.38314486E+00
   245  9.80000000E+01  1.38350192E+00  9.99633847E-01  1.38350192E+00
   246  9.84000000E+01  1.38384971E+00  9.99630140E-01  1.38384971E+00
   247  9.88000000E+01  1.38418843E+00  9.99626590E-01  1.38418843E+00
   248  9.92000000E+01  1.38451829E+00  9.99623212E-01  1.38451829E+00
   249  9.96000000E+01  1.38483947E+00  9.99620017E-01  1.38483947E+00
   250  1.00000000E+02  1.38519042E+00  9.99617020E-01  1.38519042E+00
   251  1.00400000E+02  1.38553570E+00  9.99614235E-01  1.38553570E+00
   252  1.00800000E+02  1.38587196E+00  9.99611679E-01  1.38587196E+00
   253  1.01200000E+02  1.38619940E+00  9.99609366E-01  1.38619940E+00
   254  1.01600000E+02  1.38651820E+00  9.99607314E-01  1.38651820E+00
   255  1.02000000E+02  1.38682856E+00  9.99605539E-01  1.38682856E+00
   256  1.02400000E+02  1.38713065E+00  9.99604061E-01  1.38713065E+00
   257  1.02800000E+02  1.38742462E+00  9.99602897E-01  1.38742462E+00
   258  1.03200000E+02  1.38771065E+00  9.99602068E-01  1.38771065E+00
   259  1.03600000E+02  1.38801032E+00  9.99601594E-01  1.38801032E+00
   260  1.04000000E+02  1.38831825E+00  9.99601496E-01  1.38831825E+00
   261  1.04400000E+02  1.38861796E+00  9.99601797E-01  1.38861796E+00
   262  1.04800000E+02  1.38890962E+00  9.99602520E-01  1.38890962E+00
   263  1.05200000E+02  1.38919339E+00  9.99603688E-01  1.38919339E+00
   264  1.05600000E+02  1.38946943E+00  9.99605327E-01  1.38946943E+00
   265  1.06000000E+02  1.38973789E+00  9.99607463E-01  1.38973789E+00
   266  1.06400000E+02  1.38999893E+00  9.99610123E-01  1.38999893E+00
   267  1.06800000E+02  1.39025270E+00  9.99613334E-01  1.39025270E+00
   268  1.07200000E+02  1.39050459E+00  9.99617127E-01  1.39050459E+00
   269  1.07600000E+02  1.39077865E+00  9.99621532E-01  1.39077865E+00
   270  1.08000000E+02  1.39104516E+00  9.99626580E-01  1.39104516E+00
   271  1.08400000E+02  1.39130429E+00  9.99632304E-01  1.39130429E+00
   272  1.08800000E+02  1.39155618E+00  9.99638738E-01  1.39155618E+00
   273  1.09200000E+02  1.39180098E+00  9.99645918E-01  1.39180098E+00
   274  1.09600000E+02  1.39203883E+00  9.99653879E-01  1.39203883E+00
   275  1.10000000E+02  1.39226989E+00  9.99662661E-01  1.39226989E+00
   276  1.10400000E+02  1.39249430E+00  9.99672302E-01  1.39249430E+00
   277  1.10800000E+02  1.39271219E+00  9.99682845E-01  1.39271219E+00
   278  1.11200000E+02  1.39294932E+00  9.99694330E-01  1.39294932E+00
   279  1.11600000E+02  1.39318538E+00  9.99706802E-01  1.39318538E+00
   280  1.12000000E+02  1.39341468E+00  9.99720308E-01  1.39341468E+00
   281  1.12400000E+02  1.39363738E+00  9.99734893E-01  1.39363738E+00
   282  1.12800000E+02  1.39385360E+00  9.99750607E-01  1.39385360E+00
   283  1.13200000E+02  1.39406349E+00  9.99767501E-01  1.39406349E+00
   284  1.13600000E+02  1.39426720E+00  9.99785628E-01  1.39426720E+00
   285  1.14000000E+02  1.39446486E+00  9.99805041E-01  1.39446486E+00
   286  1.14400000E+02  1.39465662E+00  9.99825797E-01  1.39465662E+00
   287  1.14800000E+02  1.39485714E+00  9.99847954E-01  1.39485714E+00
   288  1.15200000E+02  1.39506551E+00  9.99871572E-01  1.39506551E+00
   289  1.15600000E+02  1.39526772E+00  9.99896714E-01  1.39526772E+00
   290  1.16000000E+02  1.39546391E+00  9.99923443E-01  1.39546391E+00
   291  1.16400000E+02  1.39565424E+00  9.99951827E-01  1.39565424E+00
   292  1.16800000E+02  1.39583882E+00  9.99981934E-01  1.39583882E+00
   293  1.17200000E+02  1.39601781E+00  1.00001384E+00  1.39601781E+00
   294  1.17600000E+02  1.39619134E+00  1.00004760E+00  1.39619134E+00
   295  1.18000000E+02  1.39635955E+00  1.00008332E+00  1.39635955E+00
   296  1.18400000E+02  1.39652931E+00  1.00012105E+00  1.39652931E+00
   297  1.18800000E+02  1.39671253E+00  1.00016089E+00  1.39671253E+00
   298  1.19200000E+02  1.39689019E+00  1.00020291E+00  1.39689019E+00
   299  1.19600000E+02  1.39706242E+00  1.00024721E+00  1.39706242E+00
   300  1.20000000E+02  1.39722936E+00  1.00029386E+00  1.39722936E+00
   301  1.20400000E+02  1.39739114E+00  1.00034298E+00  1.39739114E+00
   302  1.20800000E+02  1.39754789E+00  1.00039464E+00  1.39754789E+00
   303  1.21200000E+02  1.39769975E+00  1.00044894E+00  1.39769975E+00
   304  1.21600000E+02  1.39784684E+00  1.00050600E+00  1.39784684E+00
   305  1.22000000E+02  1.39798930E+00  1.00056591E+00  1.39798930E+00
   306  1.22400000E+02  1.39814928E+00  1.00062878E+00  1.39814928E+00
   307  1.22800000E+02  1.39830490E+00  1.00069472E+00  1.39830490E+00
   308  1.23200000E+02  1.39845565E+00  1.00076384E+00  1.39845565E+00
   309  1.23600000E+02  1.39860166E+00  1.00083628E+00  1.39860166E+00
   310  1.24000000E+02  1.39874306E+00  1.00091213E+00  1.39874306E+00
   311  1.24400000E+02  1.39887998E+00  1.00099154E+00  1.39887998E+00
   312  1.24800000E+02  1.39901254E+00  1.00107463E+00  1.39901254E+00
   313  1.25200000E+02  1.39914086E+00  1.00116154E+00  1.39914086E+00
   314  1.25600000E+02  1.39926506E+00  1.00125239E+00  1.39926506E+00
   315  1.26000000E+02  1.39939934E+00  1.00134734E+00  1.39939934E+00
   316  1.26400000E+02  1.39953526E+00  1.00144653E+00  1.39953526E+00
   317  1.26800000E+02  1.39966684E+00  1.00155010E+00  1.39966684E+00
   318  1.27200000E+02  1.39979421E+00  1.00165821E+00  1.39979421E+00
   319  1.27600000E+02  1.39991748E+00  1.00177102E+00  1.39991748E+00
   320  1.28000000E+02  1.40003678E+00  1.00188870E+00  1.40003678E+00
   321  1.28400000E+02  1.40015222E+00  1.00201140E+00  1.40015222E+00
   322  1.28800000E+02  1.40026391E+00  1.00213931E+00  1.40026391E+00
   323  1.29200000E+02  1.40037196E+00  1.00227260E+00  1.40037196E+00
   324  1.29600000E+02  1.40048012E+00  1.00241144E+00  1.40048012E+00
   325  1.30000000E+02  1.40059858E+00  1.00255604E+00  1.40059858E+00
   326  1.30400000E+02  1.40071320E+00  1.00270657E+00  1.40071320E+00
   327  1.30800000E+02  1.40082410E+00  1.00286325E+00  1.40082410E+00
   328  1.31200000E+02  1.40093139E+00  1.00302626E+00  1.40093139E+00
   329  1.31600000E+02  1.40103516E+00  1.00319583E+00  1.40103516E+00
   330  1.32000000E+02  1.40113554E+00  1.00337216E+00  1.40113554E+00
   331  1.32400000E+02  1.40123261E+00  1.00355548E+00  1.40123261E+00
   332  1.32800000E+02  1.40132649E+00  1.00374600E+00  1.40132649E+00
   333  1.33200000E+02  1.40141726E+00  1.00394397E+00  1.40141726E+00
   334  1.33600000E+02  1.40151466E+00  1.00414962E+00  1.40151466E+00
   335  1.34000000E+02  1.40161431E+00  1.00436319E+00  1.40161431E+00
   336  1.34400000E+02  1.40171067E+00  1.00458493E+00  1.40171067E+00
   337  1.34800000E+02  1.40180386E+00  1.00481511E+00  1.40180386E+00
   338  1.35200000E+02  1.40189397E+00  1.00505397E+00  1.40189397E+00
   339  1.35600000E+02  1.40198109E+00  1.00530179E+00  1.40198109E+00
   340  1.36000000E+02  1.40206532E+00  1.00555885E+00  1.40206532E+00
   341  1.36400000E+02  1.40214674E+00  1.00582542E+00  1.40214674E+00
   342  1.36800000E+02  1.40222544E+00  1.00610180E+00  1.40222544E+00
   343  1.37200000E+02  1.40230152E+00  1.00638827E+00  1.40230152E+00
   344  1.37600000E+02  1.40238686E+00  1.00668513E+00  1.40238686E+00
   345  1.38000000E+02  1.40247052E+00  1.00699271E+00  1.40247052E+00
   346  1.38400000E+02  1.40255139E+00  1.00731130E+00  1.40255139E+00
   347  1.38800000E+02  1.40262956E+00  1.00764123E+00  1.40262956E+00
   348  1.39200000E+02  1.40270512E+00  1.00798283E+00  1.40270512E+00
   349  1.39600000E+02  1.40277815E+00  1.00833644E+00  1.40277815E+00
   350  1.40000000E+02  1.40284873E+00  1.00870239E+00  1.40284873E+00
   351  1.40400000E+02  1.40291694E+00  1.00908103E+00  1.40291694E+00
   352  1.40800000E+02  1.40298286E+00  1.00947273E+00  1.40298286E+00
   353  1.41200000E+02  1.40304781E+00  1.00987784E+00  1.40304781E+00
   354  1.41600000E+02  1.40312033E+00  1.01029673E+00  1.40312033E+00
   355  1.42000000E+02  1.40319041E+00  1.01072978E+00  1.40319041E+00
   356  1.42400000E+02  1.40325813E+00  1.01117739E+00  1.40325813E+00
   357  1.42800000E+02  1.40332357E+00  1.01163992E+00  1.40332357E+00
   358  1.43200000E+02  1.40338681E+00  1.01211780E+00  1.40338681E+00
   359  1.43600000E+02  1.40344792E+00  1.01261141E+00  1.40344792E+00
   360  1.44000000E+02  1.40350696E+00  1.01312117E+00  1.40350696E+00
   361  1.44400000E+02  1.40356400E+00  1.01364750E+00  1.40356400E+00
   362  1.44800000E+02  1.40361911E+00  1.01419081E+00  1.40361911E+00
   363  1.45200000E+02  1.40367236E+00  1.01475155E+00  1.40367236E+00
   364  1.45600000E+02  1.40373284E+00  1.01533015E+00  1.40373284E+00
   365  1.46000000E+02  1.40379150E+00  1.01592704E+00  1.40379150E+00
   366  1.46400000E+02  1.40384818E+00  1.01654267E+00  1.40384818E+00
   367  1.46800000E+02  1.40390294E+00  1.01717749E+00  1.40390294E+00
   368  1.47200000E+02  1.40395584E+00  1.01783196E+00  1.40395584E+00
   369  1.47600000E+02  1.40400695E+00  1.01850653E+00  1.40400695E+00
   370  1.48000000E+02  1.40405632E+00  1.01920167E+00  1.40405632E+00
   371  1.48400000E+02  1.40410402E+00  1.01991784E+00  1.40410402E+00
   372  1.48800000E+02  1.40415009E+00  1.02065551E+00  1.40415009E+00
   373  1.49200000E+02  1.40419460E+00  1.02141515E+00  1.40419460E+00
   374  1.49600000E+02  1.40424250E+00  1.02219723E+00  1.40424250E+00
   375  1.50000000E+02  1.40429153E+00  1.02300222E+00  1.40429153E+00
   376  1.50400000E+02  1.40433890E+00  1.02383061E+00  1.40433890E+00
   377  1.50800000E+02  1.40438466E+00  1.02468285E+00  1.40438466E+00
   378  1.51200000E+02  1.40442886E+00  1.02555944E+00  1.40442886E+00
   379  1.51600000E+02  1.40447155E+00  1.02646083E+00  1.40447155E+00
   380  1.52000000E+02  1.40451279E+00  1.02738749E+00  1.40451279E+00
   381  1.52400000E+02  1.40455263E+00  1.02833990E+00  1.40455263E+00
   382  1.52800000E+02  1.40459111E+00  1.02931853E+00  1.40459111E+00
   383  1.53200000E+02  1.40462828E+00  1.03032382E+00  1.40462828E+00
   384  1.53600000E+02  1.40466418E+00  1.03135623E+00  1.40466418E+00
   385  1.54000000E+02  1.40470479E+00  1.03241623E+00  1.40470479E+00
   386  1.54400000E+02  1.40474439E+00  1.03350424E+00  1.40474439E+00
   387  1.54800000E+02  1.40478264E+00  1.03462070E+00  1.40478264E+00
   388  1.55200000E+02  1.40481958E+00  1.03576605E+00  1.40481958E+00
   389  1.55600000E+02  1.40485526E+00  1.03694070E+00  1.40485526E+00
   390  1.56000000E+02  1.40488973E+00  1.03814507E+00  1.40488973E+00
   391  1.56400000E+02  1.40492302E+00  1.03937953E+00  1.40492302E+00
   392  1.56800000E+02  1.40495518E+00  1.04064449E+00  1.40495518E+00
   393  1.57200000E+02  1.40498624E+00  1.04194031E+00  1.40498624E+00
   394  1.57600000E+02  1.40501624E+00  1.04326735E+00  1.40501624E+00
   395  1.58000000E+02  1.40504521E+00  1.04462594E+00  1.40504521E+00
   396  1.58400000E+02  1.40507792E+00  1.04601641E+00  1.40507792E+00
   397  1.58800000E+02  1.40510987E+00  1.04743907E+00  1.40510987E+00
   398  1.59200000E+02  1.40514072E+00  1.04889418E+00  1.40514072E+00
   399  1.59600000E+02  1.40517052E+00  1.05038203E+00  1.40517052E+00
   400  1.60000000E+02  1.40519930E+00  1.05190284E+00  1.40519930E+00
   401  1.60400000E+02  1.40522710E+00  1.05345683E+00  1.40522710E+00
   402  1.60800000E+02  1.40525396E+00  1.05504419E+00  1.40525396E+00
   403  1.61200000E+02  1.40527989E+00  1.05666508E+00  1.40527989E+00
   404  1.61600000E+02  1.40530495E+00  1.05831964E+00  1.40530495E+00
   405  1.62000000E+02  1.40532915E+00  1.06000797E+00  1.40532915E+00
   406  1.62400000E+02  1.40535252E+00  1.06173015E+00  1.40535252E+00
   407  1.62800000E+02  1.40537665E+00  1.06348622E+00  1.40537665E+00
   408  1.63200000E+02  1.40540244E+00  1.06527620E+00  1.40540244E+00
   409  1.63600000E+02  1.40542735E+00  1.06710006E+00  1.40542735E+00
   410  1.64000000E+02  1.40545140E+00  1.06895774E+00  1.40545140E+00
   411  1.64400000E+02  1.40547464E+00  1.07084916E+00  1.40547464E+00
   412  1.64800000E+02  1.40549709E+00  1.07277417E+00  1.40549709E+00
   413  1.65200000E+02  1.40551877E+00  1.07473263E+00  1.40551877E+00
   414  1.65600000E+02  1.40553972E+00  1.07672433E+00  1.40553972E+00
   415  1.66000000E+02  1.40555995E+00  1.07874903E+00  1.40555995E+00
   416  1.66400000E+02  1.40557949E+00  1.08080645E+00  1.40557949E+00
   417  1.66800000E+02  1.40559836E+00  1.08289628E+00  1.40559836E+00
   418  1.67200000E+02  1.40561659E+00  1.08501816E+00  1.40561659E+00
   419  1.67600000E+02  1.40563469E+00  1.08717170E+00  1.40563469E+00
   420  1.68000000E+02  1.40565479E+00  1.08935648E+00  1.40565479E+00
   421  1.68400000E+02  1.40567420E+00  1.09157203E+00  1.40567420E+00
   422  1.68800000E+02  1.40569296E+00  1.09381785E+00  1.40569296E+00
   423  1.69200000E+02  1.40571107E+00  1.09609339E+00  1.40571107E+00
   424  1.69600000E+02  1.40572857E+00  1.09839808E+00  1.40572857E+00
   425  1.70000000E+02  1.40574548E+00  1.10073131E+00  1.40574548E+00
   426  1.70400000E+02  1.40576180E+00  1.10309244E+00  1.40576180E+00
   427  1.70800000E+02  1.40577758E+00  1.10548079E+00  1.40577758E+00
   428  1.71200000E+02  1.40579281E+00  1.10789564E+00  1.40579281E+00
   429  1.71600000E+02  1.40580753E+00  1.11033627E+00  1.40580753E+00
   430  1.72000000E+02  1.40582175E+00  1.11280190E+00  1.40582175E+00
   431  1.72400000E+02  1.40583548E+00  1.11529173E+00  1.40583548E+00
   432  1.72800000E+02  1.40584874E+00  1.11780495E+00  1.40584874E+00
   433  1.73200000E+02  1.40586328E+00  1.12034071E+00  1.40586328E+00
   434  1.73600000E+02  1.40587791E+00  1.12289815E+00  1.40587791E+00
   435  1.74000000E+02  1.40589205E+00  1.12547637E+00  1.40589205E+00
   436  1.74400000E+02  1.40590571E+00  1.12807449E+00  1.40590571E+00
   437  1.74800000E+02  1.40591891E+00  1.13069158E+00  1.40591891E+00
   438  1.75200000E+02  1.40593165E+00  1.13332670E+00  1.40593165E+00
   439  1.75600000E+02  1.40594396E+00  1.13597893E+00  1.40594396E+00
   440  1.76000000E+02  1.40595586E+00  1.13864731E+00  1.40595586E+00
   441  1.76400000E+02  1.40596734E+00  1.14133089E+00  1.40596734E+00
   442  1.76800000E+02  1.40597844E+00  1.14402872E+00  1.40597844E+00
   443  1.77200000E+02  1.40598916E+00  1.14673982E+00  1.40598916E+00
   444  1.77600000E+02  1.40599952E+00  1.14946326E+00  1.40599952E+00
   445  1.78000000E+02  1.40600952E+00  1.15219807E+00  1.40600952E+00
   446  1.78400000E+02  1.40601919E+00  1.15494331E+00  1.40601919E+00
   447  1.78800000E+02  1.40602852E+00  1.15769803E+00  1.40602852E+00
   448  1.79200000E+02  1.40603866E+00  1.16046132E+00  1.40603866E+00
   449  1.79600000E+02  1.40604895E+00  1.16323224E+00  1.40604895E+00
   450  1.80000000E+02  1.40605890E+00  1.16600991E+00  1.40605890E+00
   451  1.80400000E+02  1.40606850E+00  1.16879341E+00  1.40606850E+00
   452  1.80800000E+02  1.40607778E+00  1.17158189E+00  1.40607778E+00
   453  1.81200000E+02  1.40608674E+00  1.17437449E+00  1.40608674E+00
   454  1.81600000E+02  1.40609539E+00  1.17717037E+00  1.40609539E+00
   455  1.82000000E+02  1.40610375E+00  1.17996872E+00  1.40610375E+00
   456  1.82400000E+02  1.40611183E+00  1.18276875E+00  1.40611183E+00
   457  1.82800000E+02  1.40611963E+00  1.18556970E+00  1.40611963E+00
   458  1.83200000E+02  1.40612716E+00  1.18837081E+00  1.40612716E+00
   459  1.83600000E+02  1.40613444E+00  1.19117138E+00  1.40613444E+00
   460  1.84000000E+02  1.40614147E+00  1.19397071E+00  1.40614147E+00
   461  1.84400000E+02  1.40614826E+00  1.19676813E+00  1.40614826E+00
   462  1.84800000E+02  1.40615482E+00  1.19956302E+00  1.40615482E+00
   463  1.85200000E+02  1.40616115E+00  1.20235475E+00  1.40616115E+00
   464  1.85600000E+02  1.40616726E+00  1.20514275E+00  1.40616726E+00
   465  1.86000000E+02  1.40617378E+00  1.20792643E+00  1.40617378E+00
   466  1.86400000E+02  1.40618054E+00  1.21070527E+00  1.40618054E+00
   467  1.86800000E+02  1.40618706E+00  1.21347874E+00  1.40618706E+00
   468  1.87200000E+02  1.40619336E+00  1.21624635E+00  1.40619336E+00
   469  1.87600000E+02  1.40619944E+00  1.21900759E+00  1.40619944E+00
   470  1.88000000E+02  1.40620531E+00  1.22176201E+00  1.40620531E+00
   471  1.88400000E+02  1.40621099E+00  1.22450915E+00  1.40621099E+00
   472  1.88800000E+02  1.40621646E+00  1.22724854E+00  1.40621646E+00
   473  1.89200000E+02  1.40622175E+00  1.22997975E+00  1.40622175E+00
   474  1.89600000E+02  1.40622686E+00  1.23270235E+00  1.40622686E+00
   475  1.90000000E+02  1.40623179E+00  1.23541589E+00  1.40623179E+00
   476  1.90400000E+02  1.40623655E+00  1.23811995E+00  1.40623655E+00
   477  1.90800000E+02  1.40624115E+00  1.24081410E+00  1.40624115E+00
   478  1.91200000E+02  1.40624559E+00  1.24349792E+00  1.40624559E+00
   479  1.91600000E+02  1.40624987E+00  1.24617099E+00  1.40624987E+00
   480  1.92000000E+02  1.40625401E+00  1.24883290E+00  1.40625401E+00
   481  1.92400000E+02  1.40625800E+00  1.25148324E+00  1.40625800E+00
   482  1.92800000E+02  1.40626185E+00  1.25412163E+00  1.40626185E+00
   483  1.93200000E+02  1.40626557E+00  1.25674767E+00  1.40626557E+00
   484  1.93600000E+02  1.40626916E+00  1.25936101E+00  1.40626916E+00
   485  1.94000000E+02  1.40627262E+00  1.26196129E+00  1.40627262E+00
   486  1.94400000E+02  1.40627596E+00  1.26454818E+00  1.40627596E+00
   487  1.94800000E+02  1.40627951E+00  1.26712135E+00  1.40627951E+00
   488  1.95200000E+02  1.40628321E+00  1.26968052E+00  1.40628321E+00
   489  1.95600000E+02  1.40628677E+00  1.27222538E+00  1.40628677E+00
   490  1.96000000E+02  1.40629021E+00  1.27475568E+00  1.40629021E+00
   491  1.96400000E+02  1.40629354E+00  1.27727114E+00  1.40629354E+00
   492  1.96800000E+02  1.40629674E+00  1.27977150E+00  1.40629674E+00
   493  1.97200000E+02  1.40629983E+00  1.28225648E+00  1.40629983E+00
   494  1.97600000E+02  1.40630281E+00  1.28472579E+00  1.40630281E+00
   495  1.98000000E+02  1.40630569E+00  1.28717911E+00  1.40630569E+00
   496  1.98400000E+02  1.40630847E+00  1.28961610E+00  1.40630847E+00
   497  1.98800000E+02  1.40631114E+00  1.29203636E+00  1.40631114E+00
   498  1.99200000E+02  1.40631372E+00  1.29443943E+00  1.40631372E+00
   499  1.99600000E+02  1.40631621E+00  1.29682478E+00  1.40631621E+00
   500  2.00000000E+02  1.40631862E+00  1.29919184E+00  1.40631862E+00
   501  2.00400000E+02  1.40632093E+00  1.30153991E+00  1.40632093E+00
   502  2.00800000E+02  1.40632316E+00  1.30386823E+00  1.40632316E+00
   503  2.01200000E+02  1.40632531E+00  1.30617595E+00  1.40632531E+00
   504  2.01600000E+02  1.40632739E+00  1.30846212E+00  1.40632739E+00
   505  2.02000000E+02  1.40632938E+00  1.31072571E+00  1.40632938E+00
   506  2.02400000E+02  1.40633131E+00  1.31296563E+00  1.40633131E+00
   507  2.02800000E+02  1.40633317E+00  1.31518068E+00  1.40633317E+00
   508  2.03200000E+02  1.40633496E+00  1.31736963E+00  1.40633496E+00
   509  2.03600000E+02  1.40633668E+00  1.31953121E+00  1.40633668E+00
   510  2.04000000E+02  1.40633834E+00  1.32166411E+00  1.40633834E+00
   511  2.04400000E+02  1.40633994E+00  1.32376703E+00  1.40633994E+00
   512  2.04800000E+02  1.40634148E+00  1.32583865E+00  1.40634148E+00
   513  2.05200000E+02  1.40634296E+00  1.32787774E+00  1.40634296E+00
   514  2.05600000E+02  1.40634439E+00  1.32988308E+00  1.40634439E+00
   515  2.06000000E+02  1.40634576E+00  1.33185354E+00  1.40634576E+00
   516  2.06400000E+02  1.40634708E+00  1.33378810E+00  1.40634708E+00
   517  2.06800000E+02  1.40634836E+00  1.33568584E+00  1.40634836E+00
   518  2.07200000E+02  1.40634958E+00  1.33754597E+00  1.40634958E+00
   519  2.07600000E+02  1.40635076E+00  1.33936784E+00  1.40635076E+00
   520  2.08000000E+02  1.40635190E+00  1.34115094E+00  1.40635190E+00
   521  2.08400000E+02  1.40635299E+00  1.34289492E+00  1.40635299E+00
   522  2.08800000E+02  1.40635407E+00  1.34459960E+00  1.40635407E+00
   523  2.09200000E+02  1.40635529E+00  1.34626492E+00  1.40635529E+00
   524  2.09600000E+02  1.40635646E+00  1.34789098E+00  1.40635646E+00
   525  2.10000000E+02  1.40635759E+00  1.34947803E+00  1.40635759E+00
   526  2.10400000E+02  1.40635868E+00  1.35102643E+00  1.40635868E+00
   527  2.10800000E+02  1.40635972E+00  1.35253666E+00  1.40635972E+00
   528  2.11200000E+02  1.40636072E+00  1.35400928E+00  1.40636072E+00
   529  2.11600000E+02  1.40636169E+00  1.35544496E+00  1.40636169E+00
   530  2.12000000E+02  1.40636262E+00  1.35684442E+00  1.40636262E+00
   531  2.12400000E+02  1.40636351E+00  1.35820840E+00  1.40636351E+00
   532  2.12800000E+02  1.40636437E+00  1.35953770E+00  1.40636437E+00
   533  2.13200000E+02  1.40636519E+00  1.36083314E+00  1.40636519E+00
   534  2.13600000E+02  1.40636599E+00  1.36209550E+00  1.40636599E+00
   535  2.14000000E+02  1.40636675E+00  1.36332557E+00  1.40636675E+00
   536  2.14400000E+02  1.40636748E+00  1.36452413E+00  1.40636748E+00
   537  2.14800000E+02  1.40636818E+00  1.36569190E+00  1.40636818E+00
   538  2.15200000E+02  1.40636886E+00  1.36682958E+00  1.40636886E+00
   539  2.15600000E+02  1.40636950E+00  1.36793783E+00  1.40636950E+00
   540  2.16000000E+02  1.40637013E+00  1.36901725E+00  1.40637013E+00
   541  2.16400000E+02  1.40637072E+00  1.37006842E+00  1.40637072E+00
   542  2.16800000E+02  1.40637130E+00  1.37109188E+00  1.40637130E+00
   543  2.17200000E+02  1.40637185E+00  1.37208813E+00  1.40637185E+00
   544  2.17600000E+02  1.40637237E+00  1.37305763E+00  1.40637237E+00
   545  2.18000000E+02  1.40637288E+00  1.37400084E+00  1.40637288E+00
   546  2.18400000E+02  1.40637336E+00  1.37491820E+00  1.40637336E+00
   547  2.18800000E+02  1.40637383E+00  1.37581013E+00  1.40637383E+00
   548  2.19200000E+02  1.40637428E+00  1.37667706E+00  1.40637428E+00
   549  2.19600000E+02  1.40637470E+00  1.37751942E+00  1.40637470E+00
   550  2.20000000E+02  1.40637511E+00  1.37833766E+00  1.40637511E+00
   551  2.20400000E+02  1.40637551E+00  1.37913223E+00  1.40637551E+00
   552  2.20800000E+02  1.40637588E+00  1.37990361E+00  1.40637588E+00
   553  2.21200000E+02  1.40637624E+00  1.38065230E+00  1.40637624E+00
   554  2.21600000E+02  1.40637659E+00  1.38137881E+00  1.40637659E+00
   555  2.22000000E+02  1.40637692E+00  1.38208371E+00  1.40637692E+00
   556  2.22400000E+02  1.40637724E+00  1.38276754E+00  1.40637724E+00
   557  2.22800000E+02  1.40637754E+00  1.38343090E+00  1.40637754E+00
   558  2.23200000E+02  1.40637783E+00  1.38407440E+00  1.40637783E+00
   559  2.23600000E+02  1.40637811E+00  1.38469866E+00  1.40637811E+00
   560  2.24000000E+02  1.40637837E+00  1.38530430E+00  1.40637837E+00
   561  2.24400000E+02  1.40637863E+00  1.38589197E+00  1.40637863E+00
   562  2.24800000E+02  1.40637887E+00  1.38646229E+00  1.40637887E+00
   563  2.25200000E+02  1.40637910E+00  1.38701592E+00  1.40637910E+00
   564  2.25600000E+02  1.40637932E+00  1.38755346E+00  1.40637932E+00
   565  2.26000000E+02  1.40637953E+00  1.38807555E+00  1.40637953E+00
   566  2.26400000E+02  1.40637974E+00  1.38858277E+00  1.40637974E+00
   567  2.26800000E+02  1.40637993E+00  1.38907571E+00  1.40637993E+00
   568  2.27200000E+02  1.40638011E+00  1.38955493E+00  1.40638011E+00
   569  2.27600000E+02  1.40638029E+00  1.39002095E+00  1.40638029E+00
   570  2.28000000E+02  1.40638046E+00  1.39047428E+00  1.40638046E+00
   571  2.28400000E+02  1.40638062E+00  1.39091539E+00  1.40638062E+00
   572  2.28800000E+02  1.40638077E+00  1.39134475E+00  1.40638077E+00
   573  2.29200000E+02  1.40638092E+00  1.39176275E+00  1.40638092E+00
   574  2.29600000E+02  1.40638106E+00  1.39216979E+00  1.40638106E+00
   575  2.30000000E+02  1.40638119E+00  1.39256623E+00  1.40638119E+00
   576  2.30400000E+02  1.40638132E+00  1.39295241E+00  1.40638132E+00
   577  2.30800000E+02  1.40638144E+00  1.39332862E+00  1.40638144E+00
   578  2.31200000E+02  1.40638156E+00  1.39369516E+00  1.40638156E+00
   579  2.31600000E+02  1.40638167E+00  1.39405228E+00  1.40638167E+00
   580  2.32000000E+02  1.40638177E+00  1.39440023E+00  1.40638177E+00
   581  2.32400000E+02  1.40638187E+00  1.39473922E+00  1.40638187E+00
   582  2.32800000E+02  1.40638196E+00  1.39506947E+00  1.40638196E+00
   583  2.33200000E+02  1.40638206E+00  1.39539116E+00  1.40638206E+00
   584  2.33600000E+02  1.40638214E+00  1.39570447E+00  1.40638214E+00
   585  2.34000000E+02  1.40638222E+00  1.39600957E+00  1.40638222E+00
   586  2.34400000E+02  1.40638230E+00  1.39630663E+00  1.40638230E+00
   587  2.34800000E+02  1.40638237E+00  1.39659579E+00  1.40638237E+00
   588  2.35200000E+02  1.40638245E+00  1.39687720E+00  1.40638245E+00
   589  2.35600000E+02  1.40638251E+00  1.39715101E+00  1.40638251E+00
   590  2.36000000E+02  1.40638258E+00  1.39741735E+00  1.40638258E+00
   591  2.36400000E+02  1.40638264E+00  1.39767636E+00  1.40638264E+00
   592  2.36800000E+02  1.40638269E+00  1.39792819E+00  1.40638269E+00
   593  2.37200000E+02  1.40638275E+00  1.39817296E+00  1.40638275E+00
   594  2.37600000E+02  1.40638280E+00  1.39841080E+00  1.40638280E+00
   595  2.38000000E+02  1.40638285E+00  1.39864186E+00  1.40638285E+00
   596  2.38400000E+02  1.40638290E+00  1.39886627E+00  1.40638290E+00
   597  2.38800000E+02  1.40638294E+00  1.39908415E+00  1.40638294E+00
   598  2.39200000E+02  1.40638298E+00  1.39929565E+00  1.40638298E+00
   599  2.39600000E+02  1.40638302E+00  1.39950091E+00  1.40638302E+00
   600  2.40000000E+02  1.40638306E+00  1.39970005E+00  1.40638306E+00
   601  2.40400000E+02  1.40638310E+00  1.39989322E+00  1.40638310E+00
   602  2.40800000E+02  1.40638313E+00  1.40008055E+00  1.40638313E+00
   603  2.41200000E+02  1.40638316E+00  1.40026218E+00  1.40638316E+00
   604  2.41600000E+02  1.40638319E+00  1.40043824E+00  1.40638319E+00
   605  2.42000000E+02  1.40638322E+00  1.40060888E+00  1.40638322E+00
   606  2.42400000E+02  1.40638325E+00  1.40077421E+00  1.40638325E+00
   607  2.42800000E+02  1.40638327E+00  1.40093439E+00  1.40638327E+00
   608  2.43200000E+02  1.40638330E+00  1.40108954E+00  1.40638330E+00
   609  2.43600000E+02  1.40638332E+00  1.40123980E+00  1.40638332E+00
   610  2.44000000E+02  1.40638334E+00  1.40138530E+00  1.40638334E+00
   611  2.44400000E+02  1.40638336E+00  1.40152616E+00  1.40638336E+00
   612  2.44800000E+02  1.40638338E+00  1.40166252E+00  1.40638338E+00
   613  2.45200000E+02  1.40638340E+00  1.40179450E+00  1.40638340E+00
   614  2.45600000E+02  1.40638342E+00  1.40192222E+00  1.40638342E+00
   615  2.46000000E+02  1.40638344E+00  1.40204581E+00  1.40638344E+00
   616  2.46400000E+02  1.40638345E+00  1.40216538E+00  1.40638345E+00
   617  2.46800000E+02  1.40638347E+00  1.40228106E+00  1.40638347E+00
   618  2.47200000E+02  1.40638348E+00  1.40239296E+00  1.40638348E+00
   619  2.47600000E+02  1.40638350E+00  1.40250118E+00  1.40638350E+00
   620  2.48000000E+02  1.40638351E+00  1.40260585E+00  1.40638351E+00
   621  2.48400000E+02  1.40638352E+00  1.40270707E+00  1.40638352E+00
   622  2.48800000E+02  1.40638353E+00  1.40280495E+00  1.40638353E+00
   623  2.49200000E+02  1.40638354E+00  1.40289958E+00  1.40638354E+00
   624  2.49600000E+02  1.40638355E+00  1.40299107E+00  1.40638355E+00
   625  2.50000000E+02  1.40638356E+00  1.40307952E+00  1.40638356E+00
   626  2.50400000E+02  1.40638357E+00  1.40316501E+00  1.40638357E+00
   627  2.50800000E+02  1.40638358E+00  1.40324766E+00  1.40638358E+00
   628  2.51200000E+02  1.40638359E+00  1.40332753E+00  1.40638359E+00
   629  2.51600000E+02  1.40638360E+00  1.40340473E+00  1.40638360E+00
   630  2.52000000E+02  1.40638360E+00  1.40347933E+00  1.40638360E+00
   631  2.52400000E+02  1.40638361E+00  1.40355143E+00  1.40638361E+00
   632  2.52800000E+02  1.40638362E+00  1.40362110E+00  1.40638362E+00
   633  2.53200000E+02  1.40638362E+00  1.40368841E+00  1.40638362E+00
   634  2.53600000E+02  1.40638363E+00  1.40375346E+00  1.40638363E+00
   635  2.54000000E+02  1.40638363E+00  1.40381630E+00  1.40638363E+00
   636  2.54400000E+02  1.40638364E+00  1.40387702E+00  1.40638364E+00
   637  2.54800000E+02  1.40638364E+00  1.40393568E+00  1.40638364E+00
   638  2.55200000E+02  1.40638365E+00  1.40399235E+00  1.40638365E+00
   639  2.55600000E+02  1.40638365E+00  1.40404709E+00  1.40638365E+00
   640  2.56000000E+02  1.40638366E+00  1.40409998E+00  1.40638366E+00
   641  2.56400000E+02  1.40638366E+00  1.40415107E+00  1.40638366E+00
   642  2.56800000E+02  1.40638367E+00  1.40420041E+00  1.40638367E+00
   643  2.57200000E+02  1.40638367E+00  1.40424808E+00  1.40638367E+00
   644  2.57600000E+02  1.40638367E+00  1.40429413E+00  1.40638367E+00
   645  2.58000000E+02  1.40638368E+00  1.40433860E+00  1.40638368E+00
   646  2.58400000E+02  1.40638368E+00  1.40438156E+00  1.40638368E+00
   647  2.58800000E+02  1.40638368E+00  1.40442305E+00  1.40638368E+00
   648  2.59200000E+02  1.40638369E+00  1.40446313E+00  1.40638369E+00
   649  2.59600000E+02  1.40638369E+00  1.40450184E+00  1.40638369E+00
   650  2.60000000E+02  1.40638369E+00  1.40453922E+00  1.40638369E+00
   651  2.60400000E+02  1.40638369E+00  1.40457533E+00  1.40638369E+00
   652  2.60800000E+02  1.40638370E+00  1.40461021E+00  1.40638370E+00
   653  2.61200000E+02  1.40638370E+00  1.40464390E+00  1.40638370E+00
   654  2.61600000E+02  1.40638370E+00  1.40467643E+00  1.40638370E+00
   655  2.62000000E+02  1.40638370E+00  1.40470786E+00  1.40638370E+00
   656  2.62400000E+02  1.40638371E+00  1.40473821E+00  1.40638371E+00
   657  2.62800000E+02  1.40638371E+00  1.40476752E+00  1.40638371E+00
   658  2.63200000E+02  1.40638371E+00  1.40479583E+00  1.40638371E+00
   659  2.63600000E+02  1.40638371E+00  1.40482318E+00  1.40638371E+00
   660  2.64000000E+02  1.40638371E+00  1.40484959E+00  1.40638371E+00
   661  2.64400000E+02  1.40638372E+00  1.40487510E+00  1.40638372E+00
   662  2.64800000E+02  1.40638372E+00  1.40489974E+00  1.40638372E+00
   663  2.65200000E+02  1.40638372E+00  1.40492354E+00  1.40638372E+00
   664  2.65600000E+02  1.40638372E+00  1.40494653E+00  1.40638372E+00
   665  2.66000000E+02  1.40638372E+00  1.40496873E+00  1.40638372E+00
   666  2.66400000E+02  1.40638373E+00  1.40499018E+00  1.40638373E+00
   667  2.66800000E+02  1.40638373E+00  1.40501089E+00  1.40638373E+00
   668  2.67200000E+02  1.40638373E+00  1.40503090E+00  1.40638373E+00
   669  2.67600000E+02  1.40638373E+00  1.40505023E+00  1.40638373E+00
   670  2.68000000E+02  1.40638373E+00  1.40506889E+00  1.40638373E+00
   671  2.68400000E+02  1.40638373E+00  1.40508693E+00  1.40638373E+00
   672  2.68800000E+02  1.40638373E+00  1.40510434E+00  1.40638373E+00
   673  2.69200000E+02  1.40638374E+00  1.40512117E+00  1.40638374E+00
   674  2.69600000E+02  1.40638374E+00  1.40513742E+00  1.40638374E+00
   675  2.70000000E+02  1.40638374E+00  1.40515312E+00  1.40638374E+00
   676  2.70400000E+02  1.40638374E+00  1.40516828E+00  1.40638374E+00
   677  2.70800000E+02  1.40638374E+00  1.40518293E+00  1.40638374E+00
   678  2.71200000E+02  1.40638374E+00  1.40519708E+00  1.40638374E+00
   679  2.71600000E+02  1.40638374E+00  1.40521075E+00  1.40638374E+00
   680  2.72000000E+02  1.40638375E+00  1.40522395E+00  1.40638375E+00
   681  2.72400000E+02  1.40638375E+00  1.40523671E+00  1.40638375E+00
   682  2.72800000E+02  1.40638375E+00  1.40524903E+00  1.40638375E+00
   683  2.73200000E+02  1.40638375E+00  1.40526093E+00  1.40638375E+00
   684  2.73600000E+02  1.40638375E+00  1.40527243E+00  1.40638375E+00
   685  2.74000000E+02  1.40638375E+00  1.40528354E+00  1.40638375E+00
   686  2.74400000E+02  1.40638375E+00  1.40529426E+00  1.40638375E+00
   687  2.74800000E+02  1.40638375E+00  1.40530463E+00  1.40638375E+00
   688  2.75200000E+02  1.40638375E+00  1.40531464E+00  1.40638375E+00
   689  2.75600000E+02  1.40638376E+00  1.40532431E+00  1.40638376E+00
   690  2.76000000E+02  1.40638376E+00  1.40533365E+00  1.40638376E+00
   691  2.76400000E+02  1.40638376E+00  1.40534267E+00  1.40638376E+00
   692  2.76800000E+02  1.40638376E+00  1.40535139E+00  1.40638376E+00
   693  2.77200000E+02  1.40638376E+00  1.40535981E+00  1.40638376E+00
   694  2.77600000E+02  1.40638376E+00  1.40536794E+00  1.40638376E+00
   695  2.78000000E+02  1.40638376E+00  1.40537580E+00  1.40638376E+00
   696  2.78400000E+02  1.40638376E+00  1.40538338E+00  1.40638376E+00
   697  2.78800000E+02  1.40638376E+00  1.40539071E+00  1.40638376E+00
   698  2.79200000E+02  1.40638377E+00  1.40539779E+00  1.40638377E+00
 steady-height stop at step    698: changes <=   1.0000E-05, max-end <=   1.0000E-02, max/end/gap/profile_change =   1.40638377E+00  1.40539779E+00  9.85975406E-04  7.07803013E-06


STDERR:
