COMMAND:
/shared/generate_rom_data/extrudate_swell2d_c_cluster

STDOUT:
 comppar: model =   2
 comppar: lambda,mobility/eps,betav,eta_0 =  2.8000E+00  3.0000E-01  9.0000E-01  1.0000E+00
 comppar: eta_s,eta_p,G =  9.0000E-01  1.0000E-01  3.5714E-02
 comppar: U_avg,deltat,flowrate,nsteps =  5.0000E-02  4.0000E-01  1.5708E-01     700
 comppar: geometry = axisymmetric
 comppar: steady stop change,gap,hold,min =  1.0000E-05  1.0000E-02      10      80
 comppar: ncompc,ncompg =     4     5
 mesh nnodes = 5765
 mesh nelem = 2780
 P1 BC   5.0000000000000000     
 P2 BC   0.0000000000000000     
     1  4.00000000E-01  1.00253247E+00  1.00000000E+00  1.00253247E+00
     2  8.00000000E-01  1.00502998E+00  1.00000000E+00  1.00502998E+00
     3  1.20000000E+00  1.00749196E+00  1.00000000E+00  1.00749196E+00
     4  1.60000000E+00  1.00991706E+00  1.00000000E+00  1.00991706E+00
     5  2.00000000E+00  1.01231242E+00  1.00000000E+00  1.01231242E+00
     6  2.40000000E+00  1.01466906E+00  1.00000000E+00  1.01466906E+00
     7  2.80000000E+00  1.01699087E+00  1.00000000E+00  1.01699087E+00
     8  3.20000000E+00  1.01928470E+00  1.00000000E+00  1.01928470E+00
     9  3.60000000E+00  1.02153273E+00  1.00000000E+00  1.02153273E+00
    10  4.00000000E+00  1.02376693E+00  1.00000000E+00  1.02376693E+00
    11  4.40000000E+00  1.02595352E+00  1.00000000E+00  1.02595352E+00
    12  4.80000000E+00  1.02812519E+00  1.00000000E+00  1.02812519E+00
    13  5.20000000E+00  1.03024582E+00  1.00000000E+00  1.03024582E+00
    14  5.60000000E+00  1.03236312E+00  1.00000000E+00  1.03236312E+00
    15  6.00000000E+00  1.03442456E+00  1.00000000E+00  1.03442456E+00
    16  6.40000000E+00  1.03648682E+00  1.00000000E+00  1.03648682E+00
    17  6.80000000E+00  1.03849609E+00  1.00000000E+00  1.03849609E+00
    18  7.20000000E+00  1.04049077E+00  1.00000000E+00  1.04049077E+00
    19  7.60000000E+00  1.04245859E+00  1.00000000E+00  1.04245859E+00
    20  8.00000000E+00  1.04438090E+00  1.00000000E+00  1.04438090E+00
    21  8.40000000E+00  1.04630929E+00  1.00000000E+00  1.04630929E+00
    22  8.80000000E+00  1.04817744E+00  9.99999998E-01  1.04817744E+00
    23  9.20000000E+00  1.05003500E+00  9.99999995E-01  1.05003500E+00
    24  9.60000000E+00  1.05187624E+00  9.99999992E-01  1.05187624E+00
    25  1.00000000E+01  1.05365451E+00  9.99999989E-01  1.05365451E+00
    26  1.04000000E+01  1.05545476E+00  9.99999985E-01  1.05545476E+00
    27  1.08000000E+01  1.05720792E+00  9.99999980E-01  1.05720792E+00
    28  1.12000000E+01  1.05889541E+00  9.99999974E-01  1.05889541E+00
    29  1.16000000E+01  1.06062309E+00  9.99999968E-01  1.06062309E+00
    30  1.20000000E+01  1.06230077E+00  9.99999961E-01  1.06230077E+00
    31  1.24000000E+01  1.06391108E+00  9.99999952E-01  1.06391108E+00
    32  1.28000000E+01  1.06556209E+00  9.99999943E-01  1.06556209E+00
    33  1.32000000E+01  1.06716390E+00  9.99999933E-01  1.06716390E+00
    34  1.36000000E+01  1.06869660E+00  9.99999921E-01  1.06869660E+00
    35  1.40000000E+01  1.07024767E+00  9.99999909E-01  1.07024767E+00
    36  1.44000000E+01  1.07179002E+00  9.99999894E-01  1.07179002E+00
    37  1.48000000E+01  1.07326240E+00  9.99999879E-01  1.07326240E+00
    38  1.52000000E+01  1.07470580E+00  9.99999861E-01  1.07470580E+00
    39  1.56000000E+01  1.07618869E+00  9.99999842E-01  1.07618869E+00
    40  1.60000000E+01  1.07760069E+00  9.99999822E-01  1.07760069E+00
    41  1.64000000E+01  1.07893948E+00  9.99999799E-01  1.07893948E+00
    42  1.68000000E+01  1.08032928E+00  9.99999774E-01  1.08032928E+00
    43  1.72000000E+01  1.08170154E+00  9.99999747E-01  1.08170154E+00
    44  1.76000000E+01  1.08300059E+00  9.99999717E-01  1.08300059E+00
    45  1.80000000E+01  1.08423453E+00  9.99999685E-01  1.08423453E+00
    46  1.84000000E+01  1.08556702E+00  9.99999651E-01  1.08556702E+00
    47  1.88000000E+01  1.08682614E+00  9.99999613E-01  1.08682614E+00
    48  1.92000000E+01  1.08801008E+00  9.99999573E-01  1.08801008E+00
    49  1.96000000E+01  1.08914290E+00  9.99999529E-01  1.08914290E+00
    50  2.00000000E+01  1.09038636E+00  9.99999482E-01  1.09038636E+00
    51  2.04000000E+01  1.09155521E+00  9.99999431E-01  1.09155521E+00
    52  2.08000000E+01  1.09264799E+00  9.99999377E-01  1.09264799E+00
    53  2.12000000E+01  1.09369483E+00  9.99999319E-01  1.09369483E+00
    54  2.16000000E+01  1.09484806E+00  9.99999256E-01  1.09484806E+00
    55  2.20000000E+01  1.09592565E+00  9.99999189E-01  1.09592565E+00
    56  2.24000000E+01  1.09692653E+00  9.99999117E-01  1.09692653E+00
    57  2.28000000E+01  1.09785010E+00  9.99999040E-01  1.09785010E+00
    58  2.32000000E+01  1.09891516E+00  9.99998958E-01  1.09891516E+00
    59  2.36000000E+01  1.09992408E+00  9.99998870E-01  1.09992408E+00
    60  2.40000000E+01  1.10085645E+00  9.99998777E-01  1.10085645E+00
    61  2.44000000E+01  1.10171215E+00  9.99998678E-01  1.10171215E+00
    62  2.48000000E+01  1.10264833E+00  9.99998571E-01  1.10264833E+00
    63  2.52000000E+01  1.10358798E+00  9.99998459E-01  1.10358798E+00
    64  2.56000000E+01  1.10445126E+00  9.99998339E-01  1.10445126E+00
    65  2.60000000E+01  1.10523858E+00  9.99998211E-01  1.10523858E+00
    66  2.64000000E+01  1.10603620E+00  9.99998076E-01  1.10603620E+00
    67  2.68000000E+01  1.10690999E+00  9.99997933E-01  1.10690999E+00
    68  2.72000000E+01  1.10770833E+00  9.99997780E-01  1.10770833E+00
    69  2.76000000E+01  1.10843227E+00  9.99997619E-01  1.10843227E+00
    70  2.80000000E+01  1.10912538E+00  9.99997448E-01  1.10912538E+00
    71  2.84000000E+01  1.10993275E+00  9.99997268E-01  1.10993275E+00
    72  2.88000000E+01  1.11066563E+00  9.99997077E-01  1.11066563E+00
    73  2.92000000E+01  1.11132567E+00  9.99996875E-01  1.11132567E+00
    74  2.96000000E+01  1.11191532E+00  9.99996661E-01  1.11191532E+00
    75  3.00000000E+01  1.11265781E+00  9.99996436E-01  1.11265781E+00
    76  3.04000000E+01  1.11332890E+00  9.99996198E-01  1.11332890E+00
    77  3.08000000E+01  1.11392962E+00  9.99995947E-01  1.11392962E+00
    78  3.12000000E+01  1.11446295E+00  9.99995682E-01  1.11446295E+00
    79  3.16000000E+01  1.11511875E+00  9.99995404E-01  1.11511875E+00
    80  3.20000000E+01  1.11572762E+00  9.99995110E-01  1.11572762E+00
    81  3.24000000E+01  1.11626867E+00  9.99994801E-01  1.11626867E+00
    82  3.28000000E+01  1.11674545E+00  9.99994476E-01  1.11674545E+00
    83  3.32000000E+01  1.11732359E+00  9.99994134E-01  1.11732359E+00
    84  3.36000000E+01  1.11787526E+00  9.99993775E-01  1.11787526E+00
    85  3.40000000E+01  1.11836228E+00  9.99993397E-01  1.11836228E+00
    86  3.44000000E+01  1.11878854E+00  9.99993000E-01  1.11878854E+00
    87  3.48000000E+01  1.11929755E+00  9.99992584E-01  1.11929755E+00
    88  3.52000000E+01  1.11979185E+00  9.99992147E-01  1.11979185E+00
    89  3.56000000E+01  1.12022487E+00  9.99991689E-01  1.12022487E+00
    90  3.60000000E+01  1.12060094E+00  9.99991209E-01  1.12060094E+00
    91  3.64000000E+01  1.12105874E+00  9.99990706E-01  1.12105874E+00
    92  3.68000000E+01  1.12150148E+00  9.99990179E-01  1.12150148E+00
    93  3.72000000E+01  1.12188656E+00  9.99989628E-01  1.12188656E+00
    94  3.76000000E+01  1.12221850E+00  9.99989050E-01  1.12221850E+00
    95  3.80000000E+01  1.12261868E+00  9.99988447E-01  1.12261868E+00
    96  3.84000000E+01  1.12301015E+00  9.99987815E-01  1.12301015E+00
    97  3.88000000E+01  1.12334791E+00  9.99987156E-01  1.12334791E+00
    98  3.92000000E+01  1.12363674E+00  9.99986466E-01  1.12363674E+00
    99  3.96000000E+01  1.12400406E+00  9.99985747E-01  1.12400406E+00
   100  4.00000000E+01  1.12435027E+00  9.99984996E-01  1.12435027E+00
   101  4.04000000E+01  1.12464666E+00  9.99984212E-01  1.12464666E+00
   102  4.08000000E+01  1.12489811E+00  9.99983395E-01  1.12489811E+00
   103  4.12000000E+01  1.12521655E+00  9.99982544E-01  1.12521655E+00
   104  4.16000000E+01  1.12551843E+00  9.99981657E-01  1.12551843E+00
   105  4.20000000E+01  1.12577477E+00  9.99980733E-01  1.12577477E+00
   106  4.24000000E+01  1.12599057E+00  9.99979771E-01  1.12599057E+00
   107  4.28000000E+01  1.12629051E+00  9.99978770E-01  1.12629051E+00
   108  4.32000000E+01  1.12655386E+00  9.99977729E-01  1.12655386E+00
   109  4.36000000E+01  1.12677569E+00  9.99976648E-01  1.12677569E+00
   110  4.40000000E+01  1.12696102E+00  9.99975523E-01  1.12696102E+00
   111  4.44000000E+01  1.12721675E+00  9.99974356E-01  1.12721675E+00
   112  4.48000000E+01  1.12744315E+00  9.99973144E-01  1.12744315E+00
   113  4.52000000E+01  1.12763244E+00  9.99971887E-01  1.12763244E+00
   114  4.56000000E+01  1.12780345E+00  9.99970582E-01  1.12780345E+00
   115  4.60000000E+01  1.12803634E+00  9.99969231E-01  1.12803634E+00
   116  4.64000000E+01  1.12823112E+00  9.99967830E-01  1.12823112E+00
   117  4.68000000E+01  1.12839280E+00  9.99966380E-01  1.12839280E+00
   118  4.72000000E+01  1.12853198E+00  9.99964879E-01  1.12853198E+00
   119  4.76000000E+01  1.12873101E+00  9.99963326E-01  1.12873101E+00
   120  4.80000000E+01  1.12889633E+00  9.99961721E-01  1.12889633E+00
   121  4.84000000E+01  1.12903286E+00  9.99960062E-01  1.12903286E+00
   122  4.88000000E+01  1.12917622E+00  9.99958349E-01  1.12917622E+00
   123  4.92000000E+01  1.12934648E+00  9.99956580E-01  1.12934648E+00
   124  4.96000000E+01  1.12948696E+00  9.99954756E-01  1.12948696E+00
   125  5.00000000E+01  1.12960244E+00  9.99952876E-01  1.12960244E+00
   126  5.04000000E+01  1.12971392E+00  9.99950939E-01  1.12971392E+00
   127  5.08000000E+01  1.12985773E+00  9.99948944E-01  1.12985773E+00
   128  5.12000000E+01  1.12997598E+00  9.99946891E-01  1.12997598E+00
   129  5.16000000E+01  1.13007326E+00  9.99944781E-01  1.13007326E+00
   130  5.20000000E+01  1.13019138E+00  9.99942612E-01  1.13019138E+00
   131  5.24000000E+01  1.13031303E+00  9.99940386E-01  1.13031303E+00
   132  5.28000000E+01  1.13041275E+00  9.99938101E-01  1.13041275E+00
   133  5.32000000E+01  1.13049488E+00  9.99935759E-01  1.13049488E+00
   134  5.36000000E+01  1.13058022E+00  9.99933359E-01  1.13058022E+00
   135  5.40000000E+01  1.13068243E+00  9.99930904E-01  1.13068243E+00
   136  5.44000000E+01  1.13076656E+00  9.99928392E-01  1.13076656E+00
   137  5.48000000E+01  1.13083662E+00  9.99925826E-01  1.13083662E+00
   138  5.52000000E+01  1.13092857E+00  9.99923207E-01  1.13092857E+00
   139  5.56000000E+01  1.13101462E+00  9.99920536E-01  1.13101462E+00
   140  5.60000000E+01  1.13108574E+00  9.99917816E-01  1.13108574E+00
   141  5.64000000E+01  1.13114559E+00  9.99915048E-01  1.13114559E+00
   142  5.68000000E+01  1.13120438E+00  9.99912235E-01  1.13120438E+00
   143  5.72000000E+01  1.13127727E+00  9.99909379E-01  1.13127727E+00
   144  5.76000000E+01  1.13133851E+00  9.99906484E-01  1.13133851E+00
   145  5.80000000E+01  1.13139135E+00  9.99903554E-01  1.13139135E+00
   146  5.84000000E+01  1.13145528E+00  9.99900592E-01  1.13145528E+00
   147  5.88000000E+01  1.13151711E+00  9.99897602E-01  1.13151711E+00
   148  5.92000000E+01  1.13156985E+00  9.99894590E-01  1.13156985E+00
   149  5.96000000E+01  1.13161631E+00  9.99891560E-01  1.13161631E+00
   150  6.00000000E+01  1.13165879E+00  9.99888519E-01  1.13165879E+00
   151  6.04000000E+01  1.13170169E+00  9.99885473E-01  1.13170169E+00
   152  6.08000000E+01  1.13174911E+00  9.99882430E-01  1.13174911E+00
   153  6.12000000E+01  1.13179237E+00  9.99879395E-01  1.13179237E+00
   154  6.16000000E+01  1.13183330E+00  9.99876379E-01  1.13183330E+00
   155  6.20000000E+01  1.13187386E+00  9.99873390E-01  1.13187386E+00
   156  6.24000000E+01  1.13191614E+00  9.99870438E-01  1.13191614E+00
   157  6.28000000E+01  1.13195574E+00  9.99867534E-01  1.13195574E+00
   158  6.32000000E+01  1.13199407E+00  9.99864690E-01  1.13199407E+00
   159  6.36000000E+01  1.13203268E+00  9.99861916E-01  1.13203268E+00
   160  6.40000000E+01  1.13207219E+00  9.99859229E-01  1.13207219E+00
   161  6.44000000E+01  1.13211072E+00  9.99856640E-01  1.13211072E+00
   162  6.48000000E+01  1.13214774E+00  9.99854167E-01  1.13214774E+00
   163  6.52000000E+01  1.13218617E+00  9.99851826E-01  1.13218617E+00
   164  6.56000000E+01  1.13222408E+00  9.99849635E-01  1.13222408E+00
   165  6.60000000E+01  1.13226082E+00  9.99847612E-01  1.13226082E+00
   166  6.64000000E+01  1.13229587E+00  9.99845779E-01  1.13229587E+00
   167  6.68000000E+01  1.13232879E+00  9.99844156E-01  1.13232879E+00
   168  6.72000000E+01  1.13235927E+00  9.99842768E-01  1.13235927E+00
   169  6.76000000E+01  1.13238913E+00  9.99841640E-01  1.13238913E+00
   170  6.80000000E+01  1.13242264E+00  9.99840797E-01  1.13242264E+00
   171  6.84000000E+01  1.13245364E+00  9.99840268E-01  1.13245364E+00
   172  6.88000000E+01  1.13248192E+00  9.99840084E-01  1.13248192E+00
   173  6.92000000E+01  1.13250740E+00  9.99840277E-01  1.13250740E+00
   174  6.96000000E+01  1.13253012E+00  9.99840880E-01  1.13253012E+00
   175  7.00000000E+01  1.13255634E+00  9.99841929E-01  1.13255634E+00
   176  7.04000000E+01  1.13258252E+00  9.99843465E-01  1.13258252E+00
   177  7.08000000E+01  1.13260599E+00  9.99845526E-01  1.13260599E+00
   178  7.12000000E+01  1.13262682E+00  9.99848157E-01  1.13262682E+00
   179  7.16000000E+01  1.13264521E+00  9.99851403E-01  1.13264521E+00
   180  7.20000000E+01  1.13266730E+00  9.99855312E-01  1.13266730E+00
   181  7.24000000E+01  1.13268844E+00  9.99859937E-01  1.13268844E+00
   182  7.28000000E+01  1.13270706E+00  9.99865332E-01  1.13270706E+00
   183  7.32000000E+01  1.13272341E+00  9.99871553E-01  1.13272341E+00
   184  7.36000000E+01  1.13273779E+00  9.99878661E-01  1.13273779E+00
   185  7.40000000E+01  1.13275501E+00  9.99886721E-01  1.13275501E+00
   186  7.44000000E+01  1.13277199E+00  9.99895801E-01  1.13277199E+00
   187  7.48000000E+01  1.13278689E+00  9.99905970E-01  1.13278689E+00
   188  7.52000000E+01  1.13279998E+00  9.99917305E-01  1.13279998E+00
   189  7.56000000E+01  1.13281154E+00  9.99929885E-01  1.13281154E+00
   190  7.60000000E+01  1.13282439E+00  9.99943792E-01  1.13282439E+00
   191  7.64000000E+01  1.13283762E+00  9.99959116E-01  1.13283762E+00
   192  7.68000000E+01  1.13284929E+00  9.99975947E-01  1.13284929E+00
   193  7.72000000E+01  1.13285968E+00  9.99994384E-01  1.13285968E+00
   194  7.76000000E+01  1.13286902E+00  1.00001453E+00  1.13286902E+00
   195  7.80000000E+01  1.13287825E+00  1.00003649E+00  1.13287825E+00
   196  7.84000000E+01  1.13288889E+00  1.00006038E+00  1.13288889E+00
   197  7.88000000E+01  1.13289837E+00  1.00008631E+00  1.13289837E+00
   198  7.92000000E+01  1.13290692E+00  1.00011441E+00  1.13290692E+00
   199  7.96000000E+01  1.13291471E+00  1.00014482E+00  1.13291471E+00
   200  8.00000000E+01  1.13292187E+00  1.00017766E+00  1.13292187E+00
   201  8.04000000E+01  1.13292849E+00  1.00021308E+00  1.13292849E+00
   202  8.08000000E+01  1.13293541E+00  1.00025124E+00  1.13293541E+00
   203  8.12000000E+01  1.13294266E+00  1.00029228E+00  1.13294266E+00
   204  8.16000000E+01  1.13294938E+00  1.00033637E+00  1.13294938E+00
   205  8.20000000E+01  1.13295562E+00  1.00038369E+00  1.13295562E+00
   206  8.24000000E+01  1.13296141E+00  1.00043442E+00  1.13296141E+00
   207  8.28000000E+01  1.13296678E+00  1.00048874E+00  1.13296678E+00
   208  8.32000000E+01  1.13297172E+00  1.00054685E+00  1.13297172E+00
   209  8.36000000E+01  1.13297627E+00  1.00060896E+00  1.13297627E+00
   210  8.40000000E+01  1.13298160E+00  1.00067528E+00  1.13298160E+00
   211  8.44000000E+01  1.13298654E+00  1.00074603E+00  1.13298654E+00
   212  8.48000000E+01  1.13299107E+00  1.00082146E+00  1.13299107E+00
   213  8.52000000E+01  1.13299522E+00  1.00090180E+00  1.13299522E+00
   214  8.56000000E+01  1.13299898E+00  1.00098730E+00  1.13299898E+00
   215  8.60000000E+01  1.13300237E+00  1.00107823E+00  1.13300237E+00
   216  8.64000000E+01  1.13300539E+00  1.00117488E+00  1.13300539E+00
   217  8.68000000E+01  1.13300854E+00  1.00127751E+00  1.13300854E+00
   218  8.72000000E+01  1.13301200E+00  1.00138644E+00  1.13301200E+00
   219  8.76000000E+01  1.13301509E+00  1.00150198E+00  1.13301509E+00
   220  8.80000000E+01  1.13301783E+00  1.00162443E+00  1.13301783E+00
   221  8.84000000E+01  1.13302026E+00  1.00175415E+00  1.13302026E+00
   222  8.88000000E+01  1.13302240E+00  1.00189148E+00  1.13302240E+00
   223  8.92000000E+01  1.13302429E+00  1.00203677E+00  1.13302429E+00
   224  8.96000000E+01  1.13302595E+00  1.00219041E+00  1.13302595E+00
   225  9.00000000E+01  1.13302786E+00  1.00235278E+00  1.13302786E+00
   226  9.04000000E+01  1.13302980E+00  1.00252428E+00  1.13302980E+00
   227  9.08000000E+01  1.13303149E+00  1.00270533E+00  1.13303149E+00
   228  9.12000000E+01  1.13303299E+00  1.00289636E+00  1.13303299E+00
   229  9.16000000E+01  1.13303430E+00  1.00309782E+00  1.13303430E+00
   230  9.20000000E+01  1.13303545E+00  1.00331016E+00  1.13303545E+00
   231  9.24000000E+01  1.13303647E+00  1.00353387E+00  1.13303647E+00
   232  9.28000000E+01  1.13303737E+00  1.00376942E+00  1.13303737E+00
   233  9.32000000E+01  1.13303816E+00  1.00401733E+00  1.13303816E+00
   234  9.36000000E+01  1.13303885E+00  1.00427812E+00  1.13303885E+00
   235  9.40000000E+01  1.13303946E+00  1.00455233E+00  1.13303946E+00
   236  9.44000000E+01  1.13304025E+00  1.00484050E+00  1.13304025E+00
   237  9.48000000E+01  1.13304096E+00  1.00514320E+00  1.13304096E+00
   238  9.52000000E+01  1.13304158E+00  1.00546102E+00  1.13304158E+00
   239  9.56000000E+01  1.13304212E+00  1.00579456E+00  1.13304212E+00
   240  9.60000000E+01  1.13304259E+00  1.00614442E+00  1.13304259E+00
   241  9.64000000E+01  1.13304300E+00  1.00651124E+00  1.13304300E+00
   242  9.68000000E+01  1.13304334E+00  1.00689566E+00  1.13304334E+00
   243  9.72000000E+01  1.13304363E+00  1.00729833E+00  1.13304363E+00
   244  9.76000000E+01  1.13304386E+00  1.00771993E+00  1.13304386E+00
   245  9.80000000E+01  1.13304405E+00  1.00816113E+00  1.13304405E+00
   246  9.84000000E+01  1.13304420E+00  1.00862263E+00  1.13304420E+00
   247  9.88000000E+01  1.13304432E+00  1.00910514E+00  1.13304432E+00
   248  9.92000000E+01  1.13304440E+00  1.00960937E+00  1.13304440E+00
   249  9.96000000E+01  1.13304446E+00  1.01013605E+00  1.13304446E+00
   250  1.00000000E+02  1.13304449E+00  1.01068591E+00  1.13304449E+00
   251  1.00400000E+02  1.13304450E+00  1.01125970E+00  1.13304450E+00
   252  1.00800000E+02  1.13304450E+00  1.01185816E+00  1.13304450E+00
   253  1.01200000E+02  1.13304448E+00  1.01248206E+00  1.13304448E+00
   254  1.01600000E+02  1.13304444E+00  1.01313213E+00  1.13304444E+00
   255  1.02000000E+02  1.13304440E+00  1.01380914E+00  1.13304440E+00
   256  1.02400000E+02  1.13304435E+00  1.01451384E+00  1.13304435E+00
   257  1.02800000E+02  1.13304429E+00  1.01524699E+00  1.13304429E+00
   258  1.03200000E+02  1.13304422E+00  1.01600933E+00  1.13304422E+00
   259  1.03600000E+02  1.13304415E+00  1.01680159E+00  1.13304415E+00
   260  1.04000000E+02  1.13304407E+00  1.01762451E+00  1.13304407E+00
   261  1.04400000E+02  1.13304400E+00  1.01847879E+00  1.13304400E+00
   262  1.04800000E+02  1.13304391E+00  1.01936514E+00  1.13304391E+00
   263  1.05200000E+02  1.13304383E+00  1.02028422E+00  1.13304383E+00
   264  1.05600000E+02  1.13304375E+00  1.02123668E+00  1.13304375E+00
   265  1.06000000E+02  1.13304366E+00  1.02222316E+00  1.13304366E+00
   266  1.06400000E+02  1.13304358E+00  1.02324423E+00  1.13304358E+00
   267  1.06800000E+02  1.13304350E+00  1.02430047E+00  1.13304350E+00
   268  1.07200000E+02  1.13304341E+00  1.02539238E+00  1.13304341E+00
   269  1.07600000E+02  1.13304333E+00  1.02652045E+00  1.13304333E+00
   270  1.08000000E+02  1.13304325E+00  1.02768509E+00  1.13304325E+00
   271  1.08400000E+02  1.13304318E+00  1.02888668E+00  1.13304318E+00
   272  1.08800000E+02  1.13304310E+00  1.03012553E+00  1.13304310E+00
   273  1.09200000E+02  1.13304303E+00  1.03140191E+00  1.13304303E+00
   274  1.09600000E+02  1.13304296E+00  1.03271600E+00  1.13304296E+00
   275  1.10000000E+02  1.13304289E+00  1.03406790E+00  1.13304289E+00
   276  1.10400000E+02  1.13304282E+00  1.03545767E+00  1.13304282E+00
   277  1.10800000E+02  1.13304276E+00  1.03688526E+00  1.13304276E+00
   278  1.11200000E+02  1.13304270E+00  1.03835053E+00  1.13304270E+00
   279  1.11600000E+02  1.13304264E+00  1.03985327E+00  1.13304264E+00
   280  1.12000000E+02  1.13304258E+00  1.04139316E+00  1.13304258E+00
   281  1.12400000E+02  1.13304253E+00  1.04296979E+00  1.13304253E+00
   282  1.12800000E+02  1.13304248E+00  1.04458262E+00  1.13304248E+00
   283  1.13200000E+02  1.13304243E+00  1.04623103E+00  1.13304243E+00
   284  1.13600000E+02  1.13304238E+00  1.04791426E+00  1.13304238E+00
   285  1.14000000E+02  1.13304234E+00  1.04963147E+00  1.13304234E+00
   286  1.14400000E+02  1.13304229E+00  1.05138166E+00  1.13304229E+00
   287  1.14800000E+02  1.13304225E+00  1.05316373E+00  1.13304225E+00
   288  1.15200000E+02  1.13304222E+00  1.05497644E+00  1.13304222E+00
   289  1.15600000E+02  1.13304218E+00  1.05681843E+00  1.13304218E+00
   290  1.16000000E+02  1.13304215E+00  1.05868822E+00  1.13304215E+00
   291  1.16400000E+02  1.13304211E+00  1.06058419E+00  1.13304211E+00
   292  1.16800000E+02  1.13304208E+00  1.06250459E+00  1.13304208E+00
   293  1.17200000E+02  1.13304205E+00  1.06444753E+00  1.13304205E+00
   294  1.17600000E+02  1.13304203E+00  1.06641101E+00  1.13304203E+00
   295  1.18000000E+02  1.13304200E+00  1.06839290E+00  1.13304200E+00
   296  1.18400000E+02  1.13304198E+00  1.07039094E+00  1.13304198E+00
   297  1.18800000E+02  1.13304195E+00  1.07240274E+00  1.13304195E+00
   298  1.19200000E+02  1.13304193E+00  1.07442580E+00  1.13304193E+00
   299  1.19600000E+02  1.13304191E+00  1.07645752E+00  1.13304191E+00
   300  1.20000000E+02  1.13304189E+00  1.07849518E+00  1.13304189E+00
   301  1.20400000E+02  1.13304188E+00  1.08053595E+00  1.13304188E+00
   302  1.20800000E+02  1.13304186E+00  1.08257691E+00  1.13304186E+00
   303  1.21200000E+02  1.13304184E+00  1.08461508E+00  1.13304184E+00
   304  1.21600000E+02  1.13304183E+00  1.08664735E+00  1.13304183E+00
   305  1.22000000E+02  1.13304181E+00  1.08867057E+00  1.13304181E+00
   306  1.22400000E+02  1.13304180E+00  1.09068153E+00  1.13304180E+00
   307  1.22800000E+02  1.13304179E+00  1.09267695E+00  1.13304179E+00
   308  1.23200000E+02  1.13304178E+00  1.09465353E+00  1.13304178E+00
   309  1.23600000E+02  1.13304177E+00  1.09660792E+00  1.13304177E+00
   310  1.24000000E+02  1.13304176E+00  1.09853676E+00  1.13304176E+00
   311  1.24400000E+02  1.13304175E+00  1.10043668E+00  1.13304175E+00
   312  1.24800000E+02  1.13304174E+00  1.10230433E+00  1.13304174E+00
   313  1.25200000E+02  1.13304173E+00  1.10413637E+00  1.13304173E+00
   314  1.25600000E+02  1.13304172E+00  1.10592949E+00  1.13304172E+00
   315  1.26000000E+02  1.13304172E+00  1.10768044E+00  1.13304172E+00
   316  1.26400000E+02  1.13304171E+00  1.10938605E+00  1.13304171E+00
   317  1.26800000E+02  1.13304171E+00  1.11104321E+00  1.13304171E+00
   318  1.27200000E+02  1.13304170E+00  1.11264894E+00  1.13304170E+00
   319  1.27600000E+02  1.13304169E+00  1.11420036E+00  1.13304169E+00
   320  1.28000000E+02  1.13304169E+00  1.11569475E+00  1.13304169E+00
   321  1.28400000E+02  1.13304169E+00  1.11712953E+00  1.13304169E+00
   322  1.28800000E+02  1.13304168E+00  1.11850235E+00  1.13304168E+00
   323  1.29200000E+02  1.13304168E+00  1.11981102E+00  1.13304168E+00
   324  1.29600000E+02  1.13304167E+00  1.12105363E+00  1.13304167E+00
   325  1.30000000E+02  1.13304167E+00  1.12222851E+00  1.13304167E+00
   326  1.30400000E+02  1.13304167E+00  1.12333429E+00  1.13304167E+00
   327  1.30800000E+02  1.13304166E+00  1.12436994E+00  1.13304166E+00
   328  1.31200000E+02  1.13304166E+00  1.12533476E+00  1.13304166E+00
   329  1.31600000E+02  1.13304166E+00  1.12622844E+00  1.13304166E+00
   330  1.32000000E+02  1.13304166E+00  1.12705110E+00  1.13304166E+00
   331  1.32400000E+02  1.13304165E+00  1.12780325E+00  1.13304165E+00
   332  1.32800000E+02  1.13304165E+00  1.12848590E+00  1.13304165E+00
   333  1.33200000E+02  1.13304165E+00  1.12910049E+00  1.13304165E+00
   334  1.33600000E+02  1.13304165E+00  1.12964896E+00  1.13304165E+00
   335  1.34000000E+02  1.13304165E+00  1.13013370E+00  1.13304165E+00
   336  1.34400000E+02  1.13304165E+00  1.13055758E+00  1.13304165E+00
   337  1.34800000E+02  1.13304164E+00  1.13092387E+00  1.13304164E+00
   338  1.35200000E+02  1.13304164E+00  1.13123626E+00  1.13304164E+00
   339  1.35600000E+02  1.13304164E+00  1.13149879E+00  1.13304164E+00
   340  1.36000000E+02  1.13304164E+00  1.13171577E+00  1.13304164E+00
   341  1.36400000E+02  1.13304164E+00  1.13189174E+00  1.13304164E+00
   342  1.36800000E+02  1.13304164E+00  1.13203139E+00  1.13304164E+00
   343  1.37200000E+02  1.13304164E+00  1.13213947E+00  1.13304164E+00
   344  1.37600000E+02  1.13304164E+00  1.13222069E+00  1.13304164E+00
   345  1.38000000E+02  1.13304164E+00  1.13227967E+00  1.13304164E+00
   346  1.38400000E+02  1.13304164E+00  1.13232080E+00  1.13304164E+00
   347  1.38800000E+02  1.13304163E+00  1.13234822E+00  1.13304163E+00
   348  1.39200000E+02  1.13304163E+00  1.13236571E+00  1.13304163E+00
   349  1.39600000E+02  1.13304163E+00  1.13237664E+00  1.13304163E+00
   350  1.40000000E+02  1.13304163E+00  1.13238393E+00  1.13304163E+00
   351  1.40400000E+02  1.13304163E+00  1.13239003E+00  1.13304163E+00
   352  1.40800000E+02  1.13304163E+00  1.13239688E+00  1.13304163E+00
   353  1.41200000E+02  1.13304163E+00  1.13240593E+00  1.13304163E+00
   354  1.41600000E+02  1.13304163E+00  1.13241817E+00  1.13304163E+00
   355  1.42000000E+02  1.13304163E+00  1.13243413E+00  1.13304163E+00
   356  1.42400000E+02  1.13304163E+00  1.13245397E+00  1.13304163E+00
   357  1.42800000E+02  1.13304163E+00  1.13247750E+00  1.13304163E+00
   358  1.43200000E+02  1.13304163E+00  1.13250426E+00  1.13304163E+00
   359  1.43600000E+02  1.13304163E+00  1.13253362E+00  1.13304163E+00
   360  1.44000000E+02  1.13304163E+00  1.13256476E+00  1.13304163E+00
   361  1.44400000E+02  1.13304163E+00  1.13259686E+00  1.13304163E+00
   362  1.44800000E+02  1.13304163E+00  1.13262904E+00  1.13304163E+00
   363  1.45200000E+02  1.13304163E+00  1.13266050E+00  1.13304163E+00
   364  1.45600000E+02  1.13304163E+00  1.13269052E+00  1.13304163E+00
   365  1.46000000E+02  1.13304163E+00  1.13271852E+00  1.13304163E+00
   366  1.46400000E+02  1.13304163E+00  1.13274403E+00  1.13304163E+00
   367  1.46800000E+02  1.13304163E+00  1.13276677E+00  1.13304163E+00
   368  1.47200000E+02  1.13304163E+00  1.13278659E+00  1.13304163E+00
   369  1.47600000E+02  1.13304163E+00  1.13280349E+00  1.13304163E+00
   370  1.48000000E+02  1.13304163E+00  1.13281759E+00  1.13304163E+00
   371  1.48400000E+02  1.13304163E+00  1.13282911E+00  1.13304163E+00
   372  1.48800000E+02  1.13304163E+00  1.13283835E+00  1.13304163E+00
   373  1.49200000E+02  1.13304163E+00  1.13284564E+00  1.13304163E+00
   374  1.49600000E+02  1.13304163E+00  1.13285134E+00  1.13304163E+00
   375  1.50000000E+02  1.13304163E+00  1.13285581E+00  1.13304163E+00
   376  1.50400000E+02  1.13304163E+00  1.13285938E+00  1.13304163E+00
   377  1.50800000E+02  1.13304163E+00  1.13286234E+00  1.13304163E+00
   378  1.51200000E+02  1.13304163E+00  1.13286493E+00  1.13304163E+00
   379  1.51600000E+02  1.13304163E+00  1.13286734E+00  1.13304163E+00
   380  1.52000000E+02  1.13304163E+00  1.13286971E+00  1.13304163E+00
   381  1.52400000E+02  1.13304163E+00  1.13287210E+00  1.13304163E+00
 steady-height stop at step    381: changes <=   1.0000E-05, max-end <=   1.0000E-02, max/end/gap/profile_change =   1.13304163E+00  1.13287210E+00  1.69525028E-04  2.56282207E-06


STDERR:
