COMMAND:
/shared/generate_rom_data/extrudate_swell2d_c_cluster

STDOUT:
 comppar: model =   2
 comppar: lambda,mobility/eps,betav,eta_0 =  1.0000E+01  3.0000E-01  9.0000E-01  1.0000E+00
 comppar: eta_s,eta_p,G =  9.0000E-01  1.0000E-01  1.0000E-02
 comppar: U_avg,deltat,flowrate,nsteps =  5.0000E-02  4.0000E-01  1.5708E-01     700
 comppar: geometry = axisymmetric
 comppar: steady stop change,gap,hold,min =  1.0000E-05  1.0000E-02      10      80
 comppar: ncompc,ncompg =     4     5
 mesh nnodes = 5765
 mesh nelem = 2780
 P1 BC   5.0000000000000000     
 P2 BC   0.0000000000000000     
     1  4.00000000E-01  1.00253247E+00  1.00000000E+00  1.00253247E+00
     2  8.00000000E-01  1.00503088E+00  1.00000000E+00  1.00503088E+00
     3  1.20000000E+00  1.00749546E+00  1.00000000E+00  1.00749546E+00
     4  1.60000000E+00  1.00992472E+00  1.00000000E+00  1.00992472E+00
     5  2.00000000E+00  1.01232510E+00  1.00000000E+00  1.01232510E+00
     6  2.40000000E+00  1.01468715E+00  1.00000000E+00  1.01468715E+00
     7  2.80000000E+00  1.01701627E+00  1.00000000E+00  1.01701627E+00
     8  3.20000000E+00  1.01931572E+00  1.00000000E+00  1.01931572E+00
     9  3.60000000E+00  1.02157173E+00  1.00000000E+00  1.02157173E+00
    10  4.00000000E+00  1.02381034E+00  1.00000000E+00  1.02381034E+00
    11  4.40000000E+00  1.02600048E+00  1.00000000E+00  1.02600048E+00
    12  4.80000000E+00  1.02817952E+00  1.00000000E+00  1.02817952E+00
    13  5.20000000E+00  1.03030343E+00  1.00000000E+00  1.03030343E+00
    14  5.60000000E+00  1.03242655E+00  1.00000000E+00  1.03242655E+00
    15  6.00000000E+00  1.03449569E+00  1.00000000E+00  1.03449569E+00
    16  6.40000000E+00  1.03655933E+00  1.00000000E+00  1.03655933E+00
    17  6.80000000E+00  1.03857736E+00  1.00000000E+00  1.03857736E+00
    18  7.20000000E+00  1.04057341E+00  1.00000000E+00  1.04057341E+00
    19  7.60000000E+00  1.04255217E+00  1.00000000E+00  1.04255217E+00
    20  8.00000000E+00  1.04447787E+00  1.00000000E+00  1.04447787E+00
    21  8.40000000E+00  1.04642070E+00  1.00000000E+00  1.04642070E+00
    22  8.80000000E+00  1.04830612E+00  9.99999998E-01  1.04830612E+00
    23  9.20000000E+00  1.05017070E+00  9.99999995E-01  1.05017070E+00
    24  9.60000000E+00  1.05203479E+00  9.99999992E-01  1.05203479E+00
    25  1.00000000E+01  1.05384010E+00  9.99999989E-01  1.05384010E+00
    26  1.04000000E+01  1.05565443E+00  9.99999985E-01  1.05565443E+00
    27  1.08000000E+01  1.05744241E+00  9.99999980E-01  1.05744241E+00
    28  1.12000000E+01  1.05917043E+00  9.99999974E-01  1.05917043E+00
    29  1.16000000E+01  1.06091675E+00  9.99999968E-01  1.06091675E+00
    30  1.20000000E+01  1.06264421E+00  9.99999961E-01  1.06264421E+00
    31  1.24000000E+01  1.06431151E+00  9.99999953E-01  1.06431151E+00
    32  1.28000000E+01  1.06598699E+00  9.99999944E-01  1.06598699E+00
    33  1.32000000E+01  1.06765639E+00  9.99999934E-01  1.06765639E+00
    34  1.36000000E+01  1.06926538E+00  9.99999923E-01  1.06926538E+00
    35  1.40000000E+01  1.07083971E+00  9.99999910E-01  1.07083971E+00
    36  1.44000000E+01  1.07246921E+00  9.99999896E-01  1.07246921E+00
    37  1.48000000E+01  1.07403880E+00  9.99999881E-01  1.07403880E+00
    38  1.52000000E+01  1.07554677E+00  9.99999864E-01  1.07554677E+00
    39  1.56000000E+01  1.07709849E+00  9.99999846E-01  1.07709849E+00
    40  1.60000000E+01  1.07863055E+00  9.99999826E-01  1.07863055E+00
    41  1.64000000E+01  1.08010155E+00  9.99999804E-01  1.08010155E+00
    42  1.68000000E+01  1.08151025E+00  9.99999780E-01  1.08151025E+00
    43  1.72000000E+01  1.08301426E+00  9.99999754E-01  1.08301426E+00
    44  1.76000000E+01  1.08446942E+00  9.99999726E-01  1.08446942E+00
    45  1.80000000E+01  1.08586349E+00  9.99999695E-01  1.08586349E+00
    46  1.84000000E+01  1.08719821E+00  9.99999662E-01  1.08719821E+00
    47  1.88000000E+01  1.08863804E+00  9.99999626E-01  1.08863804E+00
    48  1.92000000E+01  1.09001778E+00  9.99999588E-01  1.09001778E+00
    49  1.96000000E+01  1.09133667E+00  9.99999546E-01  1.09133667E+00
    50  2.00000000E+01  1.09259424E+00  9.99999502E-01  1.09259424E+00
    51  2.04000000E+01  1.09392754E+00  9.99999454E-01  1.09392754E+00
    52  2.08000000E+01  1.09525552E+00  9.99999403E-01  1.09525552E+00
    53  2.12000000E+01  1.09652356E+00  9.99999348E-01  1.09652356E+00
    54  2.16000000E+01  1.09773157E+00  9.99999289E-01  1.09773157E+00
    55  2.20000000E+01  1.09893476E+00  9.99999226E-01  1.09893476E+00
    56  2.24000000E+01  1.10021160E+00  9.99999159E-01  1.10021160E+00
    57  2.28000000E+01  1.10142949E+00  9.99999088E-01  1.10142949E+00
    58  2.32000000E+01  1.10258869E+00  9.99999012E-01  1.10258869E+00
    59  2.36000000E+01  1.10368997E+00  9.99998931E-01  1.10368997E+00
    60  2.40000000E+01  1.10483981E+00  9.99998845E-01  1.10483981E+00
    61  2.44000000E+01  1.10602876E+00  9.99998753E-01  1.10602876E+00
    62  2.48000000E+01  1.10716069E+00  9.99998656E-01  1.10716069E+00
    63  2.52000000E+01  1.10823674E+00  9.99998552E-01  1.10823674E+00
    64  2.56000000E+01  1.10925863E+00  9.99998443E-01  1.10925863E+00
    65  2.60000000E+01  1.11033782E+00  9.99998327E-01  1.11033782E+00
    66  2.64000000E+01  1.11144169E+00  9.99998204E-01  1.11144169E+00
    67  2.68000000E+01  1.11249144E+00  9.99998074E-01  1.11249144E+00
    68  2.72000000E+01  1.11348914E+00  9.99997937E-01  1.11348914E+00
    69  2.76000000E+01  1.11443744E+00  9.99997792E-01  1.11443744E+00
    70  2.80000000E+01  1.11542054E+00  9.99997638E-01  1.11542054E+00
    71  2.84000000E+01  1.11644824E+00  9.99997477E-01  1.11644824E+00
    72  2.88000000E+01  1.11742638E+00  9.99997306E-01  1.11742638E+00
    73  2.92000000E+01  1.11835783E+00  9.99997126E-01  1.11835783E+00
    74  2.96000000E+01  1.11924588E+00  9.99996937E-01  1.11924588E+00
    75  3.00000000E+01  1.12012810E+00  9.99996737E-01  1.12012810E+00
    76  3.04000000E+01  1.12108472E+00  9.99996527E-01  1.12108472E+00
    77  3.08000000E+01  1.12199711E+00  9.99996306E-01  1.12199711E+00
    78  3.12000000E+01  1.12286874E+00  9.99996074E-01  1.12286874E+00
    79  3.16000000E+01  1.12370330E+00  9.99995830E-01  1.12370330E+00
    80  3.20000000E+01  1.12450455E+00  9.99995573E-01  1.12450455E+00
    81  3.24000000E+01  1.12537491E+00  9.99995304E-01  1.12537491E+00
    82  3.28000000E+01  1.12623335E+00  9.99995022E-01  1.12623335E+00
    83  3.32000000E+01  1.12705704E+00  9.99994725E-01  1.12705704E+00
    84  3.36000000E+01  1.12784957E+00  9.99994415E-01  1.12784957E+00
    85  3.40000000E+01  1.12861446E+00  9.99994089E-01  1.12861446E+00
    86  3.44000000E+01  1.12935507E+00  9.99993748E-01  1.12935507E+00
    87  3.48000000E+01  1.13014929E+00  9.99993391E-01  1.13014929E+00
    88  3.52000000E+01  1.13093184E+00  9.99993018E-01  1.13093184E+00
    89  3.56000000E+01  1.13168908E+00  9.99992627E-01  1.13168908E+00
    90  3.60000000E+01  1.13242421E+00  9.99992218E-01  1.13242421E+00
    91  3.64000000E+01  1.13314018E+00  9.99991791E-01  1.13314018E+00
    92  3.68000000E+01  1.13383974E+00  9.99991344E-01  1.13383974E+00
    93  3.72000000E+01  1.13453454E+00  9.99990878E-01  1.13453454E+00
    94  3.76000000E+01  1.13526449E+00  9.99990391E-01  1.13526449E+00
    95  3.80000000E+01  1.13597678E+00  9.99989883E-01  1.13597678E+00
    96  3.84000000E+01  1.13667403E+00  9.99989353E-01  1.13667403E+00
    97  3.88000000E+01  1.13735862E+00  9.99988801E-01  1.13735862E+00
    98  3.92000000E+01  1.13803267E+00  9.99988224E-01  1.13803267E+00
    99  3.96000000E+01  1.13869804E+00  9.99987624E-01  1.13869804E+00
   100  4.00000000E+01  1.13935631E+00  9.99986999E-01  1.13935631E+00
   101  4.04000000E+01  1.14000875E+00  9.99986348E-01  1.14000875E+00
   102  4.08000000E+01  1.14065631E+00  9.99985670E-01  1.14065631E+00
   103  4.12000000E+01  1.14129961E+00  9.99984965E-01  1.14129961E+00
   104  4.16000000E+01  1.14195366E+00  9.99984231E-01  1.14195366E+00
   105  4.20000000E+01  1.14260877E+00  9.99983469E-01  1.14260877E+00
   106  4.24000000E+01  1.14325935E+00  9.99982676E-01  1.14325935E+00
   107  4.28000000E+01  1.14390583E+00  9.99981853E-01  1.14390583E+00
   108  4.32000000E+01  1.14454832E+00  9.99980998E-01  1.14454832E+00
   109  4.36000000E+01  1.14518668E+00  9.99980110E-01  1.14518668E+00
   110  4.40000000E+01  1.14582054E+00  9.99979189E-01  1.14582054E+00
   111  4.44000000E+01  1.14644935E+00  9.99978233E-01  1.14644935E+00
   112  4.48000000E+01  1.14707248E+00  9.99977242E-01  1.14707248E+00
   113  4.52000000E+01  1.14768925E+00  9.99976215E-01  1.14768925E+00
   114  4.56000000E+01  1.14829899E+00  9.99975151E-01  1.14829899E+00
   115  4.60000000E+01  1.14890110E+00  9.99974049E-01  1.14890110E+00
   116  4.64000000E+01  1.14949507E+00  9.99972907E-01  1.14949507E+00
   117  4.68000000E+01  1.15008865E+00  9.99971726E-01  1.15008865E+00
   118  4.72000000E+01  1.15069732E+00  9.99970504E-01  1.15069732E+00
   119  4.76000000E+01  1.15129815E+00  9.99969240E-01  1.15129815E+00
   120  4.80000000E+01  1.15189067E+00  9.99967933E-01  1.15189067E+00
   121  4.84000000E+01  1.15247451E+00  9.99966583E-01  1.15247451E+00
   122  4.88000000E+01  1.15304940E+00  9.99965188E-01  1.15304940E+00
   123  4.92000000E+01  1.15361515E+00  9.99963749E-01  1.15361515E+00
   124  4.96000000E+01  1.15417167E+00  9.99962263E-01  1.15417167E+00
   125  5.00000000E+01  1.15471890E+00  9.99960730E-01  1.15471890E+00
   126  5.04000000E+01  1.15525685E+00  9.99959149E-01  1.15525685E+00
   127  5.08000000E+01  1.15580378E+00  9.99957520E-01  1.15580378E+00
   128  5.12000000E+01  1.15635748E+00  9.99955841E-01  1.15635748E+00
   129  5.16000000E+01  1.15690182E+00  9.99954113E-01  1.15690182E+00
   130  5.20000000E+01  1.15743683E+00  9.99952334E-01  1.15743683E+00
   131  5.24000000E+01  1.15796254E+00  9.99950504E-01  1.15796254E+00
   132  5.28000000E+01  1.15847901E+00  9.99948622E-01  1.15847901E+00
   133  5.32000000E+01  1.15898626E+00  9.99946687E-01  1.15898626E+00
   134  5.36000000E+01  1.15948432E+00  9.99944700E-01  1.15948432E+00
   135  5.40000000E+01  1.15997321E+00  9.99942660E-01  1.15997321E+00
   136  5.44000000E+01  1.16045374E+00  9.99940567E-01  1.16045374E+00
   137  5.48000000E+01  1.16095775E+00  9.99938420E-01  1.16095775E+00
   138  5.52000000E+01  1.16145251E+00  9.99936219E-01  1.16145251E+00
   139  5.56000000E+01  1.16193804E+00  9.99933965E-01  1.16193804E+00
   140  5.60000000E+01  1.16241438E+00  9.99931657E-01  1.16241438E+00
   141  5.64000000E+01  1.16288153E+00  9.99929295E-01  1.16288153E+00
   142  5.68000000E+01  1.16333953E+00  9.99926881E-01  1.16333953E+00
   143  5.72000000E+01  1.16378840E+00  9.99924414E-01  1.16378840E+00
   144  5.76000000E+01  1.16422818E+00  9.99921894E-01  1.16422818E+00
   145  5.80000000E+01  1.16465890E+00  9.99919324E-01  1.16465890E+00
   146  5.84000000E+01  1.16511285E+00  9.99916703E-01  1.16511285E+00
   147  5.88000000E+01  1.16555798E+00  9.99914033E-01  1.16555798E+00
   148  5.92000000E+01  1.16599401E+00  9.99911314E-01  1.16599401E+00
   149  5.96000000E+01  1.16642098E+00  9.99908549E-01  1.16642098E+00
   150  6.00000000E+01  1.16683895E+00  9.99905740E-01  1.16683895E+00
   151  6.04000000E+01  1.16724799E+00  9.99902887E-01  1.16724799E+00
   152  6.08000000E+01  1.16764818E+00  9.99899994E-01  1.16764818E+00
   153  6.12000000E+01  1.16803961E+00  9.99897062E-01  1.16803961E+00
   154  6.16000000E+01  1.16842654E+00  9.99894094E-01  1.16842654E+00
   155  6.20000000E+01  1.16883172E+00  9.99891094E-01  1.16883172E+00
   156  6.24000000E+01  1.16922807E+00  9.99888064E-01  1.16922807E+00
   157  6.28000000E+01  1.16961569E+00  9.99885008E-01  1.16961569E+00
   158  6.32000000E+01  1.16999468E+00  9.99881930E-01  1.16999468E+00
   159  6.36000000E+01  1.17036513E+00  9.99878835E-01  1.17036513E+00
   160  6.40000000E+01  1.17072717E+00  9.99875726E-01  1.17072717E+00
   161  6.44000000E+01  1.17108091E+00  9.99872610E-01  1.17108091E+00
   162  6.48000000E+01  1.17142646E+00  9.99869491E-01  1.17142646E+00
   163  6.52000000E+01  1.17178003E+00  9.99866377E-01  1.17178003E+00
   164  6.56000000E+01  1.17213822E+00  9.99863272E-01  1.17213822E+00
   165  6.60000000E+01  1.17248815E+00  9.99860185E-01  1.17248815E+00
   166  6.64000000E+01  1.17282995E+00  9.99857122E-01  1.17282995E+00
   167  6.68000000E+01  1.17316372E+00  9.99854093E-01  1.17316372E+00
   168  6.72000000E+01  1.17348961E+00  9.99851106E-01  1.17348961E+00
   169  6.76000000E+01  1.17380773E+00  9.99848170E-01  1.17380773E+00
   170  6.80000000E+01  1.17411821E+00  9.99845295E-01  1.17411821E+00
   171  6.84000000E+01  1.17442222E+00  9.99842493E-01  1.17442222E+00
   172  6.88000000E+01  1.17474443E+00  9.99839774E-01  1.17474443E+00
   173  6.92000000E+01  1.17505892E+00  9.99837151E-01  1.17505892E+00
   174  6.96000000E+01  1.17536582E+00  9.99834638E-01  1.17536582E+00
   175  7.00000000E+01  1.17566527E+00  9.99832247E-01  1.17566527E+00
   176  7.04000000E+01  1.17595738E+00  9.99829995E-01  1.17595738E+00
   177  7.08000000E+01  1.17624230E+00  9.99827896E-01  1.17624230E+00
   178  7.12000000E+01  1.17652015E+00  9.99825968E-01  1.17652015E+00
   179  7.16000000E+01  1.17679106E+00  9.99824229E-01  1.17679106E+00
   180  7.20000000E+01  1.17707076E+00  9.99822697E-01  1.17707076E+00
   181  7.24000000E+01  1.17735225E+00  9.99821393E-01  1.17735225E+00
   182  7.28000000E+01  1.17762672E+00  9.99820338E-01  1.17762672E+00
   183  7.32000000E+01  1.17789431E+00  9.99819554E-01  1.17789431E+00
   184  7.36000000E+01  1.17815516E+00  9.99819067E-01  1.17815516E+00
   185  7.40000000E+01  1.17840939E+00  9.99818900E-01  1.17840939E+00
   186  7.44000000E+01  1.17865713E+00  9.99819081E-01  1.17865713E+00
   187  7.48000000E+01  1.17889852E+00  9.99819638E-01  1.17889852E+00
   188  7.52000000E+01  1.17913765E+00  9.99820602E-01  1.17913765E+00
   189  7.56000000E+01  1.17938868E+00  9.99822003E-01  1.17938868E+00
   190  7.60000000E+01  1.17963329E+00  9.99823875E-01  1.17963329E+00
   191  7.64000000E+01  1.17987160E+00  9.99826254E-01  1.17987160E+00
   192  7.68000000E+01  1.18010374E+00  9.99829175E-01  1.18010374E+00
   193  7.72000000E+01  1.18032984E+00  9.99832679E-01  1.18032984E+00
   194  7.76000000E+01  1.18055003E+00  9.99836806E-01  1.18055003E+00
   195  7.80000000E+01  1.18076444E+00  9.99841599E-01  1.18076444E+00
   196  7.84000000E+01  1.18097318E+00  9.99847104E-01  1.18097318E+00
   197  7.88000000E+01  1.18119162E+00  9.99853368E-01  1.18119162E+00
   198  7.92000000E+01  1.18140892E+00  9.99860442E-01  1.18140892E+00
   199  7.96000000E+01  1.18162050E+00  9.99868378E-01  1.18162050E+00
   200  8.00000000E+01  1.18182648E+00  9.99877232E-01  1.18182648E+00
   201  8.04000000E+01  1.18202698E+00  9.99887061E-01  1.18202698E+00
   202  8.08000000E+01  1.18222212E+00  9.99897927E-01  1.18222212E+00
   203  8.12000000E+01  1.18241202E+00  9.99909893E-01  1.18241202E+00
   204  8.16000000E+01  1.18259680E+00  9.99923027E-01  1.18259680E+00
   205  8.20000000E+01  1.18278235E+00  9.99937398E-01  1.18278235E+00
   206  8.24000000E+01  1.18297486E+00  9.99953080E-01  1.18297486E+00
   207  8.28000000E+01  1.18316218E+00  9.99970149E-01  1.18316218E+00
   208  8.32000000E+01  1.18334443E+00  9.99988688E-01  1.18334443E+00
   209  8.36000000E+01  1.18352175E+00  1.00000878E+00  1.18352175E+00
   210  8.40000000E+01  1.18369422E+00  1.00003051E+00  1.18369422E+00
   211  8.44000000E+01  1.18386198E+00  1.00005398E+00  1.18386198E+00
   212  8.48000000E+01  1.18402513E+00  1.00007927E+00  1.18402513E+00
   213  8.52000000E+01  1.18418377E+00  1.00010650E+00  1.18418377E+00
   214  8.56000000E+01  1.18435228E+00  1.00013576E+00  1.18435228E+00
   215  8.60000000E+01  1.18451771E+00  1.00016716E+00  1.18451771E+00
   216  8.64000000E+01  1.18467859E+00  1.00020083E+00  1.18467859E+00
   217  8.68000000E+01  1.18483502E+00  1.00023687E+00  1.18483502E+00
   218  8.72000000E+01  1.18498710E+00  1.00027542E+00  1.18498710E+00
   219  8.76000000E+01  1.18513496E+00  1.00031660E+00  1.18513496E+00
   220  8.80000000E+01  1.18527868E+00  1.00036056E+00  1.18527868E+00
   221  8.84000000E+01  1.18541837E+00  1.00040742E+00  1.18541837E+00
   222  8.88000000E+01  1.18555932E+00  1.00045735E+00  1.18555932E+00
   223  8.92000000E+01  1.18570507E+00  1.00051048E+00  1.18570507E+00
   224  8.96000000E+01  1.18584674E+00  1.00056699E+00  1.18584674E+00
   225  9.00000000E+01  1.18598443E+00  1.00062704E+00  1.18598443E+00
   226  9.04000000E+01  1.18611823E+00  1.00069079E+00  1.18611823E+00
   227  9.08000000E+01  1.18624825E+00  1.00075844E+00  1.18624825E+00
   228  9.12000000E+01  1.18637458E+00  1.00083016E+00  1.18637458E+00
   229  9.16000000E+01  1.18649731E+00  1.00090615E+00  1.18649731E+00
   230  9.20000000E+01  1.18661653E+00  1.00098661E+00  1.18661653E+00
   231  9.24000000E+01  1.18674278E+00  1.00107176E+00  1.18674278E+00
   232  9.28000000E+01  1.18686728E+00  1.00116180E+00  1.18686728E+00
   233  9.32000000E+01  1.18698823E+00  1.00125696E+00  1.18698823E+00
   234  9.36000000E+01  1.18710572E+00  1.00135748E+00  1.18710572E+00
   235  9.40000000E+01  1.18721984E+00  1.00146360E+00  1.18721984E+00
   236  9.44000000E+01  1.18733067E+00  1.00157556E+00  1.18733067E+00
   237  9.48000000E+01  1.18743829E+00  1.00169364E+00  1.18743829E+00
   238  9.52000000E+01  1.18754280E+00  1.00181809E+00  1.18754280E+00
   239  9.56000000E+01  1.18764649E+00  1.00194920E+00  1.18764649E+00
   240  9.60000000E+01  1.18775569E+00  1.00208725E+00  1.18775569E+00
   241  9.64000000E+01  1.18786172E+00  1.00223255E+00  1.18786172E+00
   242  9.68000000E+01  1.18796468E+00  1.00238539E+00  1.18796468E+00
   243  9.72000000E+01  1.18806464E+00  1.00254611E+00  1.18806464E+00
   244  9.76000000E+01  1.18816168E+00  1.00271502E+00  1.18816168E+00
   245  9.80000000E+01  1.18825588E+00  1.00289247E+00  1.18825588E+00
   246  9.84000000E+01  1.18834732E+00  1.00307880E+00  1.18834732E+00
   247  9.88000000E+01  1.18843607E+00  1.00327439E+00  1.18843607E+00
   248  9.92000000E+01  1.18852745E+00  1.00347959E+00  1.18852745E+00
   249  9.96000000E+01  1.18862025E+00  1.00369479E+00  1.18862025E+00
   250  1.00000000E+02  1.18871032E+00  1.00392040E+00  1.18871032E+00
   251  1.00400000E+02  1.18879774E+00  1.00415680E+00  1.18879774E+00
   252  1.00800000E+02  1.18888257E+00  1.00440443E+00  1.18888257E+00
   253  1.01200000E+02  1.18896489E+00  1.00466371E+00  1.18896489E+00
   254  1.01600000E+02  1.18904477E+00  1.00493508E+00  1.18904477E+00
   255  1.02000000E+02  1.18912227E+00  1.00521899E+00  1.18912227E+00
   256  1.02400000E+02  1.18919746E+00  1.00551591E+00  1.18919746E+00
   257  1.02800000E+02  1.18927694E+00  1.00582632E+00  1.18927694E+00
   258  1.03200000E+02  1.18935561E+00  1.00615070E+00  1.18935561E+00
   259  1.03600000E+02  1.18943192E+00  1.00648954E+00  1.18943192E+00
   260  1.04000000E+02  1.18950596E+00  1.00684337E+00  1.18950596E+00
   261  1.04400000E+02  1.18957778E+00  1.00721269E+00  1.18957778E+00
   262  1.04800000E+02  1.18964744E+00  1.00759805E+00  1.18964744E+00
   263  1.05200000E+02  1.18971501E+00  1.00799998E+00  1.18971501E+00
   264  1.05600000E+02  1.18978054E+00  1.00841904E+00  1.18978054E+00
   265  1.06000000E+02  1.18984409E+00  1.00885578E+00  1.18984409E+00
   266  1.06400000E+02  1.18991256E+00  1.00931078E+00  1.18991256E+00
   267  1.06800000E+02  1.18997910E+00  1.00978463E+00  1.18997910E+00
   268  1.07200000E+02  1.19004362E+00  1.01027790E+00  1.19004362E+00
   269  1.07600000E+02  1.19010619E+00  1.01079119E+00  1.19010619E+00
   270  1.08000000E+02  1.19016687E+00  1.01132512E+00  1.19016687E+00
   271  1.08400000E+02  1.19022570E+00  1.01188028E+00  1.19022570E+00
   272  1.08800000E+02  1.19028274E+00  1.01245729E+00  1.19028274E+00
   273  1.09200000E+02  1.19033804E+00  1.01305677E+00  1.19033804E+00
   274  1.09600000E+02  1.19039164E+00  1.01367935E+00  1.19039164E+00
   275  1.10000000E+02  1.19044932E+00  1.01432565E+00  1.19044932E+00
   276  1.10400000E+02  1.19050547E+00  1.01499630E+00  1.19050547E+00
   277  1.10800000E+02  1.19055991E+00  1.01569191E+00  1.19055991E+00
   278  1.11200000E+02  1.19061267E+00  1.01641311E+00  1.19061267E+00
   279  1.11600000E+02  1.19066382E+00  1.01716053E+00  1.19066382E+00
   280  1.12000000E+02  1.19071340E+00  1.01793477E+00  1.19071340E+00
   281  1.12400000E+02  1.19076144E+00  1.01873644E+00  1.19076144E+00
   282  1.12800000E+02  1.19080801E+00  1.01956615E+00  1.19080801E+00
   283  1.13200000E+02  1.19085314E+00  1.02042447E+00  1.19085314E+00
   284  1.13600000E+02  1.19090119E+00  1.02131198E+00  1.19090119E+00
   285  1.14000000E+02  1.19094849E+00  1.02222924E+00  1.19094849E+00
   286  1.14400000E+02  1.19099433E+00  1.02317680E+00  1.19099433E+00
   287  1.14800000E+02  1.19103875E+00  1.02415516E+00  1.19103875E+00
   288  1.15200000E+02  1.19108179E+00  1.02516483E+00  1.19108179E+00
   289  1.15600000E+02  1.19112350E+00  1.02620629E+00  1.19112350E+00
   290  1.16000000E+02  1.19116391E+00  1.02727997E+00  1.19116391E+00
   291  1.16400000E+02  1.19120306E+00  1.02838629E+00  1.19120306E+00
   292  1.16800000E+02  1.19124099E+00  1.02952564E+00  1.19124099E+00
   293  1.17200000E+02  1.19127998E+00  1.03069834E+00  1.19127998E+00
   294  1.17600000E+02  1.19131974E+00  1.03190472E+00  1.19131974E+00
   295  1.18000000E+02  1.19135827E+00  1.03314502E+00  1.19135827E+00
   296  1.18400000E+02  1.19139559E+00  1.03441947E+00  1.19139559E+00
   297  1.18800000E+02  1.19143175E+00  1.03572822E+00  1.19143175E+00
   298  1.19200000E+02  1.19146677E+00  1.03707140E+00  1.19146677E+00
   299  1.19600000E+02  1.19150069E+00  1.03844906E+00  1.19150069E+00
   300  1.20000000E+02  1.19153354E+00  1.03986119E+00  1.19153354E+00
   301  1.20400000E+02  1.19156536E+00  1.04130775E+00  1.19156536E+00
   302  1.20800000E+02  1.19159645E+00  1.04278859E+00  1.19159645E+00
   303  1.21200000E+02  1.19162983E+00  1.04430352E+00  1.19162983E+00
   304  1.21600000E+02  1.19166216E+00  1.04585228E+00  1.19166216E+00
   305  1.22000000E+02  1.19169347E+00  1.04743453E+00  1.19169347E+00
   306  1.22400000E+02  1.19172380E+00  1.04904984E+00  1.19172380E+00
   307  1.22800000E+02  1.19175316E+00  1.05069772E+00  1.19175316E+00
   308  1.23200000E+02  1.19178160E+00  1.05237760E+00  1.19178160E+00
   309  1.23600000E+02  1.19180913E+00  1.05408882E+00  1.19180913E+00
   310  1.24000000E+02  1.19183579E+00  1.05583062E+00  1.19183579E+00
   311  1.24400000E+02  1.19186160E+00  1.05760218E+00  1.19186160E+00
   312  1.24800000E+02  1.19188731E+00  1.05940257E+00  1.19188731E+00
   313  1.25200000E+02  1.19191440E+00  1.06123080E+00  1.19191440E+00
   314  1.25600000E+02  1.19194063E+00  1.06308575E+00  1.19194063E+00
   315  1.26000000E+02  1.19196602E+00  1.06496624E+00  1.19196602E+00
   316  1.26400000E+02  1.19199060E+00  1.06687100E+00  1.19199060E+00
   317  1.26800000E+02  1.19201440E+00  1.06879865E+00  1.19201440E+00
   318  1.27200000E+02  1.19203743E+00  1.07074775E+00  1.19203743E+00
   319  1.27600000E+02  1.19205973E+00  1.07271676E+00  1.19205973E+00
   320  1.28000000E+02  1.19208132E+00  1.07470404E+00  1.19208132E+00
   321  1.28400000E+02  1.19210221E+00  1.07670790E+00  1.19210221E+00
   322  1.28800000E+02  1.19212299E+00  1.07872656E+00  1.19212299E+00
   323  1.29200000E+02  1.19214493E+00  1.08075815E+00  1.19214493E+00
   324  1.29600000E+02  1.19216617E+00  1.08280073E+00  1.19216617E+00
   325  1.30000000E+02  1.19218672E+00  1.08485231E+00  1.19218672E+00
   326  1.30400000E+02  1.19220662E+00  1.08691083E+00  1.19220662E+00
   327  1.30800000E+02  1.19222587E+00  1.08897416E+00  1.19222587E+00
   328  1.31200000E+02  1.19224450E+00  1.09104013E+00  1.19224450E+00
   329  1.31600000E+02  1.19226253E+00  1.09310651E+00  1.19226253E+00
   330  1.32000000E+02  1.19227998E+00  1.09517104E+00  1.19227998E+00
   331  1.32400000E+02  1.19229687E+00  1.09723141E+00  1.19229687E+00
   332  1.32800000E+02  1.19231320E+00  1.09928530E+00  1.19231320E+00
   333  1.33200000E+02  1.19233034E+00  1.10133035E+00  1.19233034E+00
   334  1.33600000E+02  1.19234750E+00  1.10336420E+00  1.19234750E+00
   335  1.34000000E+02  1.19236410E+00  1.10538448E+00  1.19236410E+00
   336  1.34400000E+02  1.19238017E+00  1.10738882E+00  1.19238017E+00
   337  1.34800000E+02  1.19239572E+00  1.10937486E+00  1.19239572E+00
   338  1.35200000E+02  1.19241076E+00  1.11134027E+00  1.19241076E+00
   339  1.35600000E+02  1.19242531E+00  1.11328273E+00  1.19242531E+00
   340  1.36000000E+02  1.19243939E+00  1.11519997E+00  1.19243939E+00
   341  1.36400000E+02  1.19245301E+00  1.11708976E+00  1.19245301E+00
   342  1.36800000E+02  1.19246619E+00  1.11894996E+00  1.19246619E+00
   343  1.37200000E+02  1.19247893E+00  1.12077845E+00  1.19247893E+00
   344  1.37600000E+02  1.19249257E+00  1.12257322E+00  1.19249257E+00
   345  1.38000000E+02  1.19250597E+00  1.12433233E+00  1.19250597E+00
   346  1.38400000E+02  1.19251893E+00  1.12605397E+00  1.19251893E+00
   347  1.38800000E+02  1.19253146E+00  1.12773641E+00  1.19253146E+00
   348  1.39200000E+02  1.19254359E+00  1.12937805E+00  1.19254359E+00
   349  1.39600000E+02  1.19255532E+00  1.13097745E+00  1.19255532E+00
   350  1.40000000E+02  1.19256666E+00  1.13253330E+00  1.19256666E+00
   351  1.40400000E+02  1.19257763E+00  1.13404445E+00  1.19257763E+00
   352  1.40800000E+02  1.19258824E+00  1.13550996E+00  1.19258824E+00
   353  1.41200000E+02  1.19259851E+00  1.13692906E+00  1.19259851E+00
   354  1.41600000E+02  1.19260843E+00  1.13830121E+00  1.19260843E+00
   355  1.42000000E+02  1.19261848E+00  1.13962608E+00  1.19261848E+00
   356  1.42400000E+02  1.19262891E+00  1.14090361E+00  1.19262891E+00
   357  1.42800000E+02  1.19263900E+00  1.14213398E+00  1.19263900E+00
   358  1.43200000E+02  1.19264876E+00  1.14331762E+00  1.19264876E+00
   359  1.43600000E+02  1.19265820E+00  1.14445528E+00  1.19265820E+00
   360  1.44000000E+02  1.19266732E+00  1.14554795E+00  1.19266732E+00
   361  1.44400000E+02  1.19267615E+00  1.14659690E+00  1.19267615E+00
   362  1.44800000E+02  1.19268468E+00  1.14760369E+00  1.19268468E+00
   363  1.45200000E+02  1.19269293E+00  1.14857013E+00  1.19269293E+00
   364  1.45600000E+02  1.19270091E+00  1.14949825E+00  1.19270091E+00
   365  1.46000000E+02  1.19270862E+00  1.15039033E+00  1.19270862E+00
   366  1.46400000E+02  1.19271608E+00  1.15124880E+00  1.19271608E+00
   367  1.46800000E+02  1.19272344E+00  1.15207625E+00  1.19272344E+00
   368  1.47200000E+02  1.19273128E+00  1.15287539E+00  1.19273128E+00
   369  1.47600000E+02  1.19273887E+00  1.15364895E+00  1.19273887E+00
   370  1.48000000E+02  1.19274620E+00  1.15439973E+00  1.19274620E+00
   371  1.48400000E+02  1.19275329E+00  1.15513044E+00  1.19275329E+00
   372  1.48800000E+02  1.19276015E+00  1.15584376E+00  1.19276015E+00
   373  1.49200000E+02  1.19276677E+00  1.15654220E+00  1.19276677E+00
   374  1.49600000E+02  1.19277318E+00  1.15722812E+00  1.19277318E+00
   375  1.50000000E+02  1.19277937E+00  1.15790368E+00  1.19277937E+00
   376  1.50400000E+02  1.19278536E+00  1.15857079E+00  1.19278536E+00
   377  1.50800000E+02  1.19279114E+00  1.15923110E+00  1.19279114E+00
   378  1.51200000E+02  1.19279674E+00  1.15988599E+00  1.19279674E+00
   379  1.51600000E+02  1.19280214E+00  1.16053653E+00  1.19280214E+00
   380  1.52000000E+02  1.19280737E+00  1.16118352E+00  1.19280737E+00
   381  1.52400000E+02  1.19281263E+00  1.16182750E+00  1.19281263E+00
   382  1.52800000E+02  1.19281813E+00  1.16246870E+00  1.19281813E+00
   383  1.53200000E+02  1.19282344E+00  1.16310715E+00  1.19282344E+00
   384  1.53600000E+02  1.19282858E+00  1.16374264E+00  1.19282858E+00
   385  1.54000000E+02  1.19283354E+00  1.16437478E+00  1.19283354E+00
   386  1.54400000E+02  1.19283834E+00  1.16500306E+00  1.19283834E+00
   387  1.54800000E+02  1.19284298E+00  1.16562682E+00  1.19284298E+00
   388  1.55200000E+02  1.19284746E+00  1.16624535E+00  1.19284746E+00
   389  1.55600000E+02  1.19285179E+00  1.16685788E+00  1.19285179E+00
   390  1.56000000E+02  1.19285598E+00  1.16746367E+00  1.19285598E+00
   391  1.56400000E+02  1.19286002E+00  1.16806197E+00  1.19286002E+00
   392  1.56800000E+02  1.19286393E+00  1.16865209E+00  1.19286393E+00
   393  1.57200000E+02  1.19286770E+00  1.16923342E+00  1.19286770E+00
   394  1.57600000E+02  1.19287135E+00  1.16980541E+00  1.19287135E+00
   395  1.58000000E+02  1.19287488E+00  1.17036762E+00  1.19287488E+00
   396  1.58400000E+02  1.19287829E+00  1.17091972E+00  1.19287829E+00
   397  1.58800000E+02  1.19288194E+00  1.17146145E+00  1.19288194E+00
   398  1.59200000E+02  1.19288553E+00  1.17199268E+00  1.19288553E+00
   399  1.59600000E+02  1.19288900E+00  1.17251332E+00  1.19288900E+00
   400  1.60000000E+02  1.19289235E+00  1.17302340E+00  1.19289235E+00
   401  1.60400000E+02  1.19289558E+00  1.17352299E+00  1.19289558E+00
   402  1.60800000E+02  1.19289871E+00  1.17401222E+00  1.19289871E+00
   403  1.61200000E+02  1.19290173E+00  1.17449124E+00  1.19290173E+00
   404  1.61600000E+02  1.19290465E+00  1.17496024E+00  1.19290465E+00
   405  1.62000000E+02  1.19290747E+00  1.17541942E+00  1.19290747E+00
   406  1.62400000E+02  1.19291019E+00  1.17586898E+00  1.19291019E+00
   407  1.62800000E+02  1.19291283E+00  1.17630911E+00  1.19291283E+00
   408  1.63200000E+02  1.19291537E+00  1.17674000E+00  1.19291537E+00
   409  1.63600000E+02  1.19291783E+00  1.17716180E+00  1.19291783E+00
   410  1.64000000E+02  1.19292020E+00  1.17757467E+00  1.19292020E+00
   411  1.64400000E+02  1.19292249E+00  1.17797874E+00  1.19292249E+00
   412  1.64800000E+02  1.19292471E+00  1.17837412E+00  1.19292471E+00
   413  1.65200000E+02  1.19292685E+00  1.17876092E+00  1.19292685E+00
   414  1.65600000E+02  1.19292891E+00  1.17913922E+00  1.19292891E+00
   415  1.66000000E+02  1.19293091E+00  1.17950910E+00  1.19293091E+00
   416  1.66400000E+02  1.19293289E+00  1.17987065E+00  1.19293289E+00
   417  1.66800000E+02  1.19293500E+00  1.18022394E+00  1.19293500E+00
   418  1.67200000E+02  1.19293703E+00  1.18056906E+00  1.19293703E+00
   419  1.67600000E+02  1.19293899E+00  1.18090609E+00  1.19293899E+00
   420  1.68000000E+02  1.19294088E+00  1.18123513E+00  1.19294088E+00
   421  1.68400000E+02  1.19294271E+00  1.18155627E+00  1.19294271E+00
   422  1.68800000E+02  1.19294448E+00  1.18186963E+00  1.19294448E+00
   423  1.69200000E+02  1.19294619E+00  1.18217533E+00  1.19294619E+00
   424  1.69600000E+02  1.19294783E+00  1.18247350E+00  1.19294783E+00
   425  1.70000000E+02  1.19294943E+00  1.18276425E+00  1.19294943E+00
   426  1.70400000E+02  1.19295096E+00  1.18304774E+00  1.19295096E+00
   427  1.70800000E+02  1.19295245E+00  1.18332410E+00  1.19295245E+00
   428  1.71200000E+02  1.19295388E+00  1.18359347E+00  1.19295388E+00
   429  1.71600000E+02  1.19295527E+00  1.18385600E+00  1.19295527E+00
   430  1.72000000E+02  1.19295660E+00  1.18411182E+00  1.19295660E+00
   431  1.72400000E+02  1.19295790E+00  1.18436109E+00  1.19295790E+00
   432  1.72800000E+02  1.19295914E+00  1.18460394E+00  1.19295914E+00
   433  1.73200000E+02  1.19296035E+00  1.18484050E+00  1.19296035E+00
   434  1.73600000E+02  1.19296151E+00  1.18507092E+00  1.19296151E+00
   435  1.74000000E+02  1.19296263E+00  1.18529532E+00  1.19296263E+00
   436  1.74400000E+02  1.19296372E+00  1.18551383E+00  1.19296372E+00
   437  1.74800000E+02  1.19296476E+00  1.18572659E+00  1.19296476E+00
   438  1.75200000E+02  1.19296578E+00  1.18593371E+00  1.19296578E+00
   439  1.75600000E+02  1.19296675E+00  1.18613531E+00  1.19296675E+00
   440  1.76000000E+02  1.19296769E+00  1.18633152E+00  1.19296769E+00
   441  1.76400000E+02  1.19296860E+00  1.18652246E+00  1.19296860E+00
   442  1.76800000E+02  1.19296948E+00  1.18670825E+00  1.19296948E+00
   443  1.77200000E+02  1.19297033E+00  1.18688899E+00  1.19297033E+00
   444  1.77600000E+02  1.19297115E+00  1.18706481E+00  1.19297115E+00
   445  1.78000000E+02  1.19297201E+00  1.18723581E+00  1.19297201E+00
   446  1.78400000E+02  1.19297287E+00  1.18740212E+00  1.19297287E+00
   447  1.78800000E+02  1.19297371E+00  1.18756384E+00  1.19297371E+00
   448  1.79200000E+02  1.19297451E+00  1.18772107E+00  1.19297451E+00
   449  1.79600000E+02  1.19297529E+00  1.18787394E+00  1.19297529E+00
   450  1.80000000E+02  1.19297604E+00  1.18802254E+00  1.19297604E+00
   451  1.80400000E+02  1.19297676E+00  1.18816698E+00  1.19297676E+00
   452  1.80800000E+02  1.19297746E+00  1.18830735E+00  1.19297746E+00
   453  1.81200000E+02  1.19297814E+00  1.18844378E+00  1.19297814E+00
   454  1.81600000E+02  1.19297879E+00  1.18857634E+00  1.19297879E+00
   455  1.82000000E+02  1.19297942E+00  1.18870514E+00  1.19297942E+00
   456  1.82400000E+02  1.19298003E+00  1.18883027E+00  1.19298003E+00
   457  1.82800000E+02  1.19298061E+00  1.18895183E+00  1.19298061E+00
   458  1.83200000E+02  1.19298118E+00  1.18906990E+00  1.19298118E+00
   459  1.83600000E+02  1.19298172E+00  1.18918459E+00  1.19298172E+00
   460  1.84000000E+02  1.19298225E+00  1.18929596E+00  1.19298225E+00
   461  1.84400000E+02  1.19298276E+00  1.18940412E+00  1.19298276E+00
   462  1.84800000E+02  1.19298325E+00  1.18950913E+00  1.19298325E+00
   463  1.85200000E+02  1.19298372E+00  1.18961110E+00  1.19298372E+00
   464  1.85600000E+02  1.19298418E+00  1.18971009E+00  1.19298418E+00
   465  1.86000000E+02  1.19298462E+00  1.18980618E+00  1.19298462E+00
   466  1.86400000E+02  1.19298505E+00  1.18989945E+00  1.19298505E+00
   467  1.86800000E+02  1.19298546E+00  1.18998998E+00  1.19298546E+00
   468  1.87200000E+02  1.19298586E+00  1.19007785E+00  1.19298586E+00
   469  1.87600000E+02  1.19298624E+00  1.19016311E+00  1.19298624E+00
   470  1.88000000E+02  1.19298661E+00  1.19024584E+00  1.19298661E+00
   471  1.88400000E+02  1.19298697E+00  1.19032612E+00  1.19298697E+00
   472  1.88800000E+02  1.19298731E+00  1.19040400E+00  1.19298731E+00
   473  1.89200000E+02  1.19298764E+00  1.19047956E+00  1.19298764E+00
   474  1.89600000E+02  1.19298797E+00  1.19055286E+00  1.19298797E+00
   475  1.90000000E+02  1.19298828E+00  1.19062396E+00  1.19298828E+00
   476  1.90400000E+02  1.19298857E+00  1.19069292E+00  1.19298857E+00
   477  1.90800000E+02  1.19298886E+00  1.19075980E+00  1.19298886E+00
   478  1.91200000E+02  1.19298914E+00  1.19082466E+00  1.19298914E+00
   479  1.91600000E+02  1.19298941E+00  1.19088755E+00  1.19298941E+00
   480  1.92000000E+02  1.19298967E+00  1.19094854E+00  1.19298967E+00
   481  1.92400000E+02  1.19298992E+00  1.19100767E+00  1.19298992E+00
   482  1.92800000E+02  1.19299016E+00  1.19106500E+00  1.19299016E+00
   483  1.93200000E+02  1.19299039E+00  1.19112058E+00  1.19299039E+00
   484  1.93600000E+02  1.19299062E+00  1.19117446E+00  1.19299062E+00
   485  1.94000000E+02  1.19299083E+00  1.19122669E+00  1.19299083E+00
   486  1.94400000E+02  1.19299104E+00  1.19127731E+00  1.19299104E+00
   487  1.94800000E+02  1.19299124E+00  1.19132637E+00  1.19299124E+00
   488  1.95200000E+02  1.19299144E+00  1.19137393E+00  1.19299144E+00
   489  1.95600000E+02  1.19299163E+00  1.19142001E+00  1.19299163E+00
   490  1.96000000E+02  1.19299181E+00  1.19146466E+00  1.19299181E+00
   491  1.96400000E+02  1.19299198E+00  1.19150793E+00  1.19299198E+00
   492  1.96800000E+02  1.19299215E+00  1.19154986E+00  1.19299215E+00
   493  1.97200000E+02  1.19299232E+00  1.19159048E+00  1.19299232E+00
   494  1.97600000E+02  1.19299247E+00  1.19162984E+00  1.19299247E+00
   495  1.98000000E+02  1.19299262E+00  1.19166796E+00  1.19299262E+00
   496  1.98400000E+02  1.19299277E+00  1.19170490E+00  1.19299277E+00
   497  1.98800000E+02  1.19299291E+00  1.19174067E+00  1.19299291E+00
   498  1.99200000E+02  1.19299305E+00  1.19177533E+00  1.19299305E+00
   499  1.99600000E+02  1.19299318E+00  1.19180889E+00  1.19299318E+00
   500  2.00000000E+02  1.19299331E+00  1.19184140E+00  1.19299331E+00
   501  2.00400000E+02  1.19299343E+00  1.19187288E+00  1.19299343E+00
   502  2.00800000E+02  1.19299355E+00  1.19190337E+00  1.19299355E+00
   503  2.01200000E+02  1.19299366E+00  1.19193289E+00  1.19299366E+00
   504  2.01600000E+02  1.19299377E+00  1.19196148E+00  1.19299377E+00
   505  2.02000000E+02  1.19299388E+00  1.19198916E+00  1.19299388E+00
   506  2.02400000E+02  1.19299398E+00  1.19201596E+00  1.19299398E+00
   507  2.02800000E+02  1.19299408E+00  1.19204191E+00  1.19299408E+00
   508  2.03200000E+02  1.19299417E+00  1.19206703E+00  1.19299417E+00
   509  2.03600000E+02  1.19299426E+00  1.19209135E+00  1.19299426E+00
   510  2.04000000E+02  1.19299435E+00  1.19211489E+00  1.19299435E+00
   511  2.04400000E+02  1.19299444E+00  1.19213768E+00  1.19299444E+00
   512  2.04800000E+02  1.19299452E+00  1.19215974E+00  1.19299452E+00
   513  2.05200000E+02  1.19299460E+00  1.19218110E+00  1.19299460E+00
   514  2.05600000E+02  1.19299467E+00  1.19220176E+00  1.19299467E+00
   515  2.06000000E+02  1.19299475E+00  1.19222177E+00  1.19299475E+00
   516  2.06400000E+02  1.19299482E+00  1.19224112E+00  1.19299482E+00
   517  2.06800000E+02  1.19299489E+00  1.19225986E+00  1.19299489E+00
   518  2.07200000E+02  1.19299495E+00  1.19227799E+00  1.19299495E+00
   519  2.07600000E+02  1.19299502E+00  1.19229553E+00  1.19299502E+00
   520  2.08000000E+02  1.19299508E+00  1.19231251E+00  1.19299508E+00
   521  2.08400000E+02  1.19299514E+00  1.19232893E+00  1.19299514E+00
   522  2.08800000E+02  1.19299520E+00  1.19234482E+00  1.19299520E+00
   523  2.09200000E+02  1.19299525E+00  1.19236020E+00  1.19299525E+00
   524  2.09600000E+02  1.19299531E+00  1.19237508E+00  1.19299531E+00
   525  2.10000000E+02  1.19299536E+00  1.19238947E+00  1.19299536E+00
   526  2.10400000E+02  1.19299541E+00  1.19240339E+00  1.19299541E+00
   527  2.10800000E+02  1.19299546E+00  1.19241686E+00  1.19299546E+00
   528  2.11200000E+02  1.19299550E+00  1.19242989E+00  1.19299550E+00
   529  2.11600000E+02  1.19299555E+00  1.19244250E+00  1.19299555E+00
   530  2.12000000E+02  1.19299559E+00  1.19245469E+00  1.19299559E+00
   531  2.12400000E+02  1.19299563E+00  1.19246648E+00  1.19299563E+00
   532  2.12800000E+02  1.19299567E+00  1.19247789E+00  1.19299567E+00
   533  2.13200000E+02  1.19299571E+00  1.19248892E+00  1.19299571E+00
   534  2.13600000E+02  1.19299575E+00  1.19249959E+00  1.19299575E+00
   535  2.14000000E+02  1.19299578E+00  1.19250991E+00  1.19299578E+00
   536  2.14400000E+02  1.19299582E+00  1.19251989E+00  1.19299582E+00
   537  2.14800000E+02  1.19299585E+00  1.19252954E+00  1.19299585E+00
   538  2.15200000E+02  1.19299588E+00  1.19253887E+00  1.19299588E+00
   539  2.15600000E+02  1.19299591E+00  1.19254789E+00  1.19299591E+00
   540  2.16000000E+02  1.19299594E+00  1.19255662E+00  1.19299594E+00
   541  2.16400000E+02  1.19299597E+00  1.19256506E+00  1.19299597E+00
   542  2.16800000E+02  1.19299600E+00  1.19257322E+00  1.19299600E+00
   543  2.17200000E+02  1.19299603E+00  1.19258110E+00  1.19299603E+00
   544  2.17600000E+02  1.19299605E+00  1.19258873E+00  1.19299605E+00
   545  2.18000000E+02  1.19299608E+00  1.19259610E+00  1.19299608E+00
 steady-height stop at step    545: changes <=   1.0000E-05, max-end <=   1.0000E-02, max/end/gap/profile_change =   1.19299608E+00  1.19259610E+00  3.99974416E-04  7.37325385E-06


STDERR:
