COMMAND:
/shared/generate_rom_data/extrudate_swell2d_c_cluster

STDOUT:
 comppar: model =   2
 comppar: lambda,mobility/eps,betav,eta_0 =  8.2000E+00  3.0000E-01  9.0000E-01  1.0000E+00
 comppar: eta_s,eta_p,G =  9.0000E-01  1.0000E-01  1.2195E-02
 comppar: U_avg,deltat,flowrate,nsteps =  5.0000E-02  4.0000E-01  1.5708E-01     700
 comppar: geometry = axisymmetric
 comppar: steady stop change,gap,hold,min =  1.0000E-05  1.0000E-02      10      80
 comppar: ncompc,ncompg =     4     5
 mesh nnodes = 5765
 mesh nelem = 2780
 P1 BC   5.0000000000000000     
 P2 BC   0.0000000000000000     
     1  4.00000000E-01  1.00253247E+00  1.00000000E+00  1.00253247E+00
     2  8.00000000E-01  1.00503079E+00  1.00000000E+00  1.00503079E+00
     3  1.20000000E+00  1.00749511E+00  1.00000000E+00  1.00749511E+00
     4  1.60000000E+00  1.00992393E+00  1.00000000E+00  1.00992393E+00
     5  2.00000000E+00  1.01232373E+00  1.00000000E+00  1.01232373E+00
     6  2.40000000E+00  1.01468511E+00  1.00000000E+00  1.01468511E+00
     7  2.80000000E+00  1.01701329E+00  1.00000000E+00  1.01701329E+00
     8  3.20000000E+00  1.01931194E+00  1.00000000E+00  1.01931194E+00
     9  3.60000000E+00  1.02156682E+00  1.00000000E+00  1.02156682E+00
    10  4.00000000E+00  1.02380475E+00  1.00000000E+00  1.02380475E+00
    11  4.40000000E+00  1.02599434E+00  1.00000000E+00  1.02599434E+00
    12  4.80000000E+00  1.02817235E+00  1.00000000E+00  1.02817235E+00
    13  5.20000000E+00  1.03029526E+00  1.00000000E+00  1.03029526E+00
    14  5.60000000E+00  1.03241836E+00  1.00000000E+00  1.03241836E+00
    15  6.00000000E+00  1.03448675E+00  1.00000000E+00  1.03448675E+00
    16  6.40000000E+00  1.03655078E+00  1.00000000E+00  1.03655078E+00
    17  6.80000000E+00  1.03856832E+00  1.00000000E+00  1.03856832E+00
    18  7.20000000E+00  1.04056525E+00  1.00000000E+00  1.04056525E+00
    19  7.60000000E+00  1.04254380E+00  1.00000000E+00  1.04254380E+00
    20  8.00000000E+00  1.04447065E+00  1.00000000E+00  1.04447065E+00
    21  8.40000000E+00  1.04641346E+00  1.00000000E+00  1.04641346E+00
    22  8.80000000E+00  1.04829889E+00  9.99999998E-01  1.04829889E+00
    23  9.20000000E+00  1.05016501E+00  9.99999995E-01  1.05016501E+00
    24  9.60000000E+00  1.05202912E+00  9.99999992E-01  1.05202912E+00
    25  1.00000000E+01  1.05383437E+00  9.99999989E-01  1.05383437E+00
    26  1.04000000E+01  1.05565003E+00  9.99999985E-01  1.05565003E+00
    27  1.08000000E+01  1.05743767E+00  9.99999980E-01  1.05743767E+00
    28  1.12000000E+01  1.05916509E+00  9.99999975E-01  1.05916509E+00
    29  1.16000000E+01  1.06091229E+00  9.99999968E-01  1.06091229E+00
    30  1.20000000E+01  1.06263855E+00  9.99999961E-01  1.06263855E+00
    31  1.24000000E+01  1.06430417E+00  9.99999953E-01  1.06430417E+00
    32  1.28000000E+01  1.06597964E+00  9.99999944E-01  1.06597964E+00
    33  1.32000000E+01  1.06764640E+00  9.99999934E-01  1.06764640E+00
    34  1.36000000E+01  1.06925203E+00  9.99999923E-01  1.06925203E+00
    35  1.40000000E+01  1.07082553E+00  9.99999910E-01  1.07082553E+00
    36  1.44000000E+01  1.07245039E+00  9.99999896E-01  1.07245039E+00
    37  1.48000000E+01  1.07401432E+00  9.99999881E-01  1.07401432E+00
    38  1.52000000E+01  1.07551550E+00  9.99999864E-01  1.07551550E+00
    39  1.56000000E+01  1.07706478E+00  9.99999846E-01  1.07706478E+00
    40  1.60000000E+01  1.07858829E+00  9.99999826E-01  1.07858829E+00
    41  1.64000000E+01  1.08004929E+00  9.99999804E-01  1.08004929E+00
    42  1.68000000E+01  1.08144637E+00  9.99999780E-01  1.08144637E+00
    43  1.72000000E+01  1.08294754E+00  9.99999754E-01  1.08294754E+00
    44  1.76000000E+01  1.08438906E+00  9.99999725E-01  1.08438906E+00
    45  1.80000000E+01  1.08576757E+00  9.99999695E-01  1.08576757E+00
    46  1.84000000E+01  1.08709937E+00  9.99999661E-01  1.08709937E+00
    47  1.88000000E+01  1.08852144E+00  9.99999626E-01  1.08852144E+00
    48  1.92000000E+01  1.08988121E+00  9.99999587E-01  1.08988121E+00
    49  1.96000000E+01  1.09117773E+00  9.99999545E-01  1.09117773E+00
    50  2.00000000E+01  1.09241038E+00  9.99999501E-01  1.09241038E+00
    51  2.04000000E+01  1.09374509E+00  9.99999452E-01  1.09374509E+00
    52  2.08000000E+01  1.09504604E+00  9.99999401E-01  1.09504604E+00
    53  2.12000000E+01  1.09628424E+00  9.99999346E-01  1.09628424E+00
    54  2.16000000E+01  1.09745943E+00  9.99999286E-01  1.09745943E+00
    55  2.20000000E+01  1.09866827E+00  9.99999223E-01  1.09866827E+00
    56  2.24000000E+01  1.09991024E+00  9.99999156E-01  1.09991024E+00
    57  2.28000000E+01  1.10109003E+00  9.99999083E-01  1.10109003E+00
    58  2.32000000E+01  1.10220778E+00  9.99999007E-01  1.10220778E+00
    59  2.36000000E+01  1.10326414E+00  9.99998925E-01  1.10326414E+00
    60  2.40000000E+01  1.10443294E+00  9.99998837E-01  1.10443294E+00
    61  2.44000000E+01  1.10557545E+00  9.99998745E-01  1.10557545E+00
    62  2.48000000E+01  1.10665729E+00  9.99998646E-01  1.10665729E+00
    63  2.52000000E+01  1.10767953E+00  9.99998542E-01  1.10767953E+00
    64  2.56000000E+01  1.10865048E+00  9.99998431E-01  1.10865048E+00
    65  2.60000000E+01  1.10975477E+00  9.99998313E-01  1.10975477E+00
    66  2.64000000E+01  1.11079959E+00  9.99998188E-01  1.11079959E+00
    67  2.68000000E+01  1.11178636E+00  9.99998056E-01  1.11178636E+00
    68  2.72000000E+01  1.11271716E+00  9.99997917E-01  1.11271716E+00
    69  2.76000000E+01  1.11361526E+00  9.99997769E-01  1.11361526E+00
    70  2.80000000E+01  1.11462687E+00  9.99997613E-01  1.11462687E+00
    71  2.84000000E+01  1.11558254E+00  9.99997448E-01  1.11558254E+00
    72  2.88000000E+01  1.11648468E+00  9.99997274E-01  1.11648468E+00
    73  2.92000000E+01  1.11733624E+00  9.99997091E-01  1.11733624E+00
    74  2.96000000E+01  1.11816693E+00  9.99996897E-01  1.11816693E+00
    75  3.00000000E+01  1.11908981E+00  9.99996693E-01  1.11908981E+00
    76  3.04000000E+01  1.11996138E+00  9.99996478E-01  1.11996138E+00
    77  3.08000000E+01  1.12078490E+00  9.99996252E-01  1.12078490E+00
    78  3.12000000E+01  1.12156399E+00  9.99996014E-01  1.12156399E+00
    79  3.16000000E+01  1.12231991E+00  9.99995764E-01  1.12231991E+00
    80  3.20000000E+01  1.12316469E+00  9.99995501E-01  1.12316469E+00
    81  3.24000000E+01  1.12396399E+00  9.99995224E-01  1.12396399E+00
    82  3.28000000E+01  1.12472140E+00  9.99994934E-01  1.12472140E+00
    83  3.32000000E+01  1.12544067E+00  9.99994629E-01  1.12544067E+00
    84  3.36000000E+01  1.12612551E+00  9.99994310E-01  1.12612551E+00
    85  3.40000000E+01  1.12687761E+00  9.99993974E-01  1.12687761E+00
    86  3.44000000E+01  1.12761200E+00  9.99993623E-01  1.12761200E+00
    87  3.48000000E+01  1.12831098E+00  9.99993254E-01  1.12831098E+00
    88  3.52000000E+01  1.12897825E+00  9.99992868E-01  1.12897825E+00
    89  3.56000000E+01  1.12961730E+00  9.99992464E-01  1.12961730E+00
    90  3.60000000E+01  1.13026745E+00  9.99992041E-01  1.13026745E+00
    91  3.64000000E+01  1.13094870E+00  9.99991599E-01  1.13094870E+00
    92  3.68000000E+01  1.13160033E+00  9.99991136E-01  1.13160033E+00
    93  3.72000000E+01  1.13222574E+00  9.99990653E-01  1.13222574E+00
    94  3.76000000E+01  1.13282813E+00  9.99990148E-01  1.13282813E+00
    95  3.80000000E+01  1.13341051E+00  9.99989620E-01  1.13341051E+00
    96  3.84000000E+01  1.13398284E+00  9.99989069E-01  1.13398284E+00
    97  3.88000000E+01  1.13459495E+00  9.99988494E-01  1.13459495E+00
    98  3.92000000E+01  1.13518618E+00  9.99987894E-01  1.13518618E+00
    99  3.96000000E+01  1.13575935E+00  9.99987268E-01  1.13575935E+00
   100  4.00000000E+01  1.13631703E+00  9.99986616E-01  1.13631703E+00
   101  4.04000000E+01  1.13686152E+00  9.99985936E-01  1.13686152E+00
   102  4.08000000E+01  1.13739486E+00  9.99985228E-01  1.13739486E+00
   103  4.12000000E+01  1.13791879E+00  9.99984491E-01  1.13791879E+00
   104  4.16000000E+01  1.13846734E+00  9.99983724E-01  1.13846734E+00
   105  4.20000000E+01  1.13900557E+00  9.99982926E-01  1.13900557E+00
   106  4.24000000E+01  1.13953372E+00  9.99982096E-01  1.13953372E+00
   107  4.28000000E+01  1.14005328E+00  9.99981233E-01  1.14005328E+00
   108  4.32000000E+01  1.14056545E+00  9.99980336E-01  1.14056545E+00
   109  4.36000000E+01  1.14107106E+00  9.99979404E-01  1.14107106E+00
   110  4.40000000E+01  1.14157062E+00  9.99978436E-01  1.14157062E+00
   111  4.44000000E+01  1.14206434E+00  9.99977432E-01  1.14206434E+00
   112  4.48000000E+01  1.14255215E+00  9.99976390E-01  1.14255215E+00
   113  4.52000000E+01  1.14303378E+00  9.99975309E-01  1.14303378E+00
   114  4.56000000E+01  1.14350879E+00  9.99974189E-01  1.14350879E+00
   115  4.60000000E+01  1.14399180E+00  9.99973027E-01  1.14399180E+00
   116  4.64000000E+01  1.14447747E+00  9.99971824E-01  1.14447747E+00
   117  4.68000000E+01  1.14495661E+00  9.99970578E-01  1.14495661E+00
   118  4.72000000E+01  1.14542868E+00  9.99969289E-01  1.14542868E+00
   119  4.76000000E+01  1.14589314E+00  9.99967955E-01  1.14589314E+00
   120  4.80000000E+01  1.14634940E+00  9.99966575E-01  1.14634940E+00
   121  4.84000000E+01  1.14679697E+00  9.99965149E-01  1.14679697E+00
   122  4.88000000E+01  1.14723545E+00  9.99963675E-01  1.14723545E+00
   123  4.92000000E+01  1.14766451E+00  9.99962153E-01  1.14766451E+00
   124  4.96000000E+01  1.14808398E+00  9.99960582E-01  1.14808398E+00
   125  5.00000000E+01  1.14852158E+00  9.99958961E-01  1.14852158E+00
   126  5.04000000E+01  1.14895486E+00  9.99957289E-01  1.14895486E+00
   127  5.08000000E+01  1.14937867E+00  9.99955565E-01  1.14937867E+00
   128  5.12000000E+01  1.14979287E+00  9.99953789E-01  1.14979287E+00
   129  5.16000000E+01  1.15019739E+00  9.99951959E-01  1.15019739E+00
   130  5.20000000E+01  1.15059224E+00  9.99950077E-01  1.15059224E+00
   131  5.24000000E+01  1.15097751E+00  9.99948140E-01  1.15097751E+00
   132  5.28000000E+01  1.15135330E+00  9.99946148E-01  1.15135330E+00
   133  5.32000000E+01  1.15173917E+00  9.99944101E-01  1.15173917E+00
   134  5.36000000E+01  1.15212821E+00  9.99941999E-01  1.15212821E+00
   135  5.40000000E+01  1.15250770E+00  9.99939841E-01  1.15250770E+00
   136  5.44000000E+01  1.15287779E+00  9.99937628E-01  1.15287779E+00
   137  5.48000000E+01  1.15323866E+00  9.99935358E-01  1.15323866E+00
   138  5.52000000E+01  1.15359044E+00  9.99933033E-01  1.15359044E+00
   139  5.56000000E+01  1.15393330E+00  9.99930653E-01  1.15393330E+00
   140  5.60000000E+01  1.15426736E+00  9.99928217E-01  1.15426736E+00
   141  5.64000000E+01  1.15460484E+00  9.99925727E-01  1.15460484E+00
   142  5.68000000E+01  1.15495125E+00  9.99923183E-01  1.15495125E+00
   143  5.72000000E+01  1.15528876E+00  9.99920586E-01  1.15528876E+00
   144  5.76000000E+01  1.15561752E+00  9.99917937E-01  1.15561752E+00
   145  5.80000000E+01  1.15593765E+00  9.99915236E-01  1.15593765E+00
   146  5.84000000E+01  1.15624928E+00  9.99912487E-01  1.15624928E+00
   147  5.88000000E+01  1.15655252E+00  9.99909690E-01  1.15655252E+00
   148  5.92000000E+01  1.15684748E+00  9.99906847E-01  1.15684748E+00
   149  5.96000000E+01  1.15714604E+00  9.99903960E-01  1.15714604E+00
   150  6.00000000E+01  1.15745247E+00  9.99901033E-01  1.15745247E+00
   151  6.04000000E+01  1.15775058E+00  9.99898066E-01  1.15775058E+00
   152  6.08000000E+01  1.15804047E+00  9.99895065E-01  1.15804047E+00
   153  6.12000000E+01  1.15832227E+00  9.99892031E-01  1.15832227E+00
   154  6.16000000E+01  1.15859610E+00  9.99888969E-01  1.15859610E+00
   155  6.20000000E+01  1.15886207E+00  9.99885883E-01  1.15886207E+00
   156  6.24000000E+01  1.15912034E+00  9.99882777E-01  1.15912034E+00
   157  6.28000000E+01  1.15938522E+00  9.99879656E-01  1.15938522E+00
   158  6.32000000E+01  1.15965414E+00  9.99876525E-01  1.15965414E+00
   159  6.36000000E+01  1.15991530E+00  9.99873392E-01  1.15991530E+00
   160  6.40000000E+01  1.16016883E+00  9.99870261E-01  1.16016883E+00
   161  6.44000000E+01  1.16041488E+00  9.99867140E-01  1.16041488E+00
   162  6.48000000E+01  1.16065361E+00  9.99864036E-01  1.16065361E+00
   163  6.52000000E+01  1.16088517E+00  9.99860958E-01  1.16088517E+00
   164  6.56000000E+01  1.16110971E+00  9.99857914E-01  1.16110971E+00
   165  6.60000000E+01  1.16134716E+00  9.99854914E-01  1.16134716E+00
   166  6.64000000E+01  1.16158136E+00  9.99851968E-01  1.16158136E+00
   167  6.68000000E+01  1.16180848E+00  9.99849087E-01  1.16180848E+00
   168  6.72000000E+01  1.16202869E+00  9.99846282E-01  1.16202869E+00
   169  6.76000000E+01  1.16224213E+00  9.99843566E-01  1.16224213E+00
   170  6.80000000E+01  1.16244899E+00  9.99840953E-01  1.16244899E+00
   171  6.84000000E+01  1.16264941E+00  9.99838456E-01  1.16264941E+00
   172  6.88000000E+01  1.16284580E+00  9.99836092E-01  1.16284580E+00
   173  6.92000000E+01  1.16305509E+00  9.99833876E-01  1.16305509E+00
   174  6.96000000E+01  1.16325788E+00  9.99831825E-01  1.16325788E+00
   175  7.00000000E+01  1.16345432E+00  9.99829959E-01  1.16345432E+00
   176  7.04000000E+01  1.16364459E+00  9.99828297E-01  1.16364459E+00
   177  7.08000000E+01  1.16382884E+00  9.99826860E-01  1.16382884E+00
   178  7.12000000E+01  1.16400721E+00  9.99825670E-01  1.16400721E+00
   179  7.16000000E+01  1.16417987E+00  9.99824751E-01  1.16417987E+00
   180  7.20000000E+01  1.16435508E+00  9.99824129E-01  1.16435508E+00
   181  7.24000000E+01  1.16453560E+00  9.99823829E-01  1.16453560E+00
   182  7.28000000E+01  1.16471035E+00  9.99823879E-01  1.16471035E+00
   183  7.32000000E+01  1.16487947E+00  9.99824311E-01  1.16487947E+00
   184  7.36000000E+01  1.16504313E+00  9.99825155E-01  1.16504313E+00
   185  7.40000000E+01  1.16520146E+00  9.99826446E-01  1.16520146E+00
   186  7.44000000E+01  1.16535461E+00  9.99828217E-01  1.16535461E+00
   187  7.48000000E+01  1.16550273E+00  9.99830508E-01  1.16550273E+00
   188  7.52000000E+01  1.16565811E+00  9.99833356E-01  1.16565811E+00
   189  7.56000000E+01  1.16581314E+00  9.99836805E-01  1.16581314E+00
   190  7.60000000E+01  1.16596309E+00  9.99840897E-01  1.16596309E+00
   191  7.64000000E+01  1.16610808E+00  9.99845679E-01  1.16610808E+00
   192  7.68000000E+01  1.16624827E+00  9.99851201E-01  1.16624827E+00
   193  7.72000000E+01  1.16638378E+00  9.99857512E-01  1.16638378E+00
   194  7.76000000E+01  1.16651475E+00  9.99864668E-01  1.16651475E+00
   195  7.80000000E+01  1.16664148E+00  9.99872725E-01  1.16664148E+00
   196  7.84000000E+01  1.16677870E+00  9.99881742E-01  1.16677870E+00
   197  7.88000000E+01  1.16691134E+00  9.99891784E-01  1.16691134E+00
   198  7.92000000E+01  1.16703951E+00  9.99902916E-01  1.16703951E+00
   199  7.96000000E+01  1.16716337E+00  9.99915207E-01  1.16716337E+00
   200  8.00000000E+01  1.16728302E+00  9.99928731E-01  1.16728302E+00
   201  8.04000000E+01  1.16739861E+00  9.99943563E-01  1.16739861E+00
   202  8.08000000E+01  1.16751024E+00  9.99959784E-01  1.16751024E+00
   203  8.12000000E+01  1.16762112E+00  9.99977479E-01  1.16762112E+00
   204  8.16000000E+01  1.16773818E+00  9.99996735E-01  1.16773818E+00
   205  8.20000000E+01  1.16785125E+00  1.00001765E+00  1.16785125E+00
   206  8.24000000E+01  1.16796044E+00  1.00004031E+00  1.16796044E+00
   207  8.28000000E+01  1.16806588E+00  1.00006482E+00  1.16806588E+00
   208  8.32000000E+01  1.16816767E+00  1.00009129E+00  1.16816767E+00
   209  8.36000000E+01  1.16826593E+00  1.00011983E+00  1.16826593E+00
   210  8.40000000E+01  1.16836077E+00  1.00015056E+00  1.16836077E+00
   211  8.44000000E+01  1.16845735E+00  1.00018359E+00  1.16845735E+00
   212  8.48000000E+01  1.16855690E+00  1.00021906E+00  1.16855690E+00
   213  8.52000000E+01  1.16865300E+00  1.00025709E+00  1.16865300E+00
   214  8.56000000E+01  1.16874575E+00  1.00029783E+00  1.16874575E+00
   215  8.60000000E+01  1.16883525E+00  1.00034142E+00  1.16883525E+00
   216  8.64000000E+01  1.16892161E+00  1.00038801E+00  1.16892161E+00
   217  8.68000000E+01  1.16900492E+00  1.00043775E+00  1.16900492E+00
   218  8.72000000E+01  1.16908528E+00  1.00049082E+00  1.16908528E+00
   219  8.76000000E+01  1.16916817E+00  1.00054739E+00  1.16916817E+00
   220  8.80000000E+01  1.16925259E+00  1.00060762E+00  1.16925259E+00
   221  8.84000000E+01  1.16933403E+00  1.00067171E+00  1.16933403E+00
   222  8.88000000E+01  1.16941257E+00  1.00073985E+00  1.16941257E+00
   223  8.92000000E+01  1.16948833E+00  1.00081225E+00  1.16948833E+00
   224  8.96000000E+01  1.16956138E+00  1.00088910E+00  1.16956138E+00
   225  9.00000000E+01  1.16963182E+00  1.00097064E+00  1.16963182E+00
   226  9.04000000E+01  1.16969973E+00  1.00105707E+00  1.16969973E+00
   227  9.08000000E+01  1.16977034E+00  1.00114865E+00  1.16977034E+00
   228  9.12000000E+01  1.16984174E+00  1.00124561E+00  1.16984174E+00
   229  9.16000000E+01  1.16991058E+00  1.00134821E+00  1.16991058E+00
   230  9.20000000E+01  1.16997695E+00  1.00145672E+00  1.16997695E+00
   231  9.24000000E+01  1.17004092E+00  1.00157139E+00  1.17004092E+00
   232  9.28000000E+01  1.17010258E+00  1.00169252E+00  1.17010258E+00
   233  9.32000000E+01  1.17016200E+00  1.00182041E+00  1.17016200E+00
   234  9.36000000E+01  1.17021926E+00  1.00195535E+00  1.17021926E+00
   235  9.40000000E+01  1.17027852E+00  1.00209766E+00  1.17027852E+00
   236  9.44000000E+01  1.17033876E+00  1.00224766E+00  1.17033876E+00
   237  9.48000000E+01  1.17039680E+00  1.00240570E+00  1.17039680E+00
   238  9.52000000E+01  1.17045274E+00  1.00257212E+00  1.17045274E+00
   239  9.56000000E+01  1.17050662E+00  1.00274728E+00  1.17050662E+00
   240  9.60000000E+01  1.17055854E+00  1.00293156E+00  1.17055854E+00
   241  9.64000000E+01  1.17060854E+00  1.00312534E+00  1.17060854E+00
   242  9.68000000E+01  1.17065671E+00  1.00332902E+00  1.17065671E+00
   243  9.72000000E+01  1.17070567E+00  1.00354300E+00  1.17070567E+00
   244  9.76000000E+01  1.17075638E+00  1.00376771E+00  1.17075638E+00
   245  9.80000000E+01  1.17080523E+00  1.00400359E+00  1.17080523E+00
   246  9.84000000E+01  1.17085228E+00  1.00425107E+00  1.17085228E+00
   247  9.88000000E+01  1.17089758E+00  1.00451063E+00  1.17089758E+00
   248  9.92000000E+01  1.17094121E+00  1.00478273E+00  1.17094121E+00
   249  9.96000000E+01  1.17098322E+00  1.00506786E+00  1.17098322E+00
   250  1.00000000E+02  1.17102366E+00  1.00536652E+00  1.17102366E+00
   251  1.00400000E+02  1.17106303E+00  1.00567923E+00  1.17106303E+00
   252  1.00800000E+02  1.17110563E+00  1.00600650E+00  1.17110563E+00
   253  1.01200000E+02  1.17114664E+00  1.00634888E+00  1.17114664E+00
   254  1.01600000E+02  1.17118612E+00  1.00670692E+00  1.17118612E+00
   255  1.02000000E+02  1.17122413E+00  1.00708117E+00  1.17122413E+00
   256  1.02400000E+02  1.17126071E+00  1.00747222E+00  1.17126071E+00
   257  1.02800000E+02  1.17129592E+00  1.00788065E+00  1.17129592E+00
   258  1.03200000E+02  1.17132980E+00  1.00830706E+00  1.17132980E+00
   259  1.03600000E+02  1.17136240E+00  1.00875205E+00  1.17136240E+00
   260  1.04000000E+02  1.17139649E+00  1.00921624E+00  1.17139649E+00
   261  1.04400000E+02  1.17143087E+00  1.00970027E+00  1.17143087E+00
   262  1.04800000E+02  1.17146395E+00  1.01020477E+00  1.17146395E+00
   263  1.05200000E+02  1.17149578E+00  1.01073038E+00  1.17149578E+00
   264  1.05600000E+02  1.17152641E+00  1.01127776E+00  1.17152641E+00
   265  1.06000000E+02  1.17155587E+00  1.01184758E+00  1.17155587E+00
   266  1.06400000E+02  1.17158422E+00  1.01244048E+00  1.17158422E+00
   267  1.06800000E+02  1.17161149E+00  1.01305716E+00  1.17161149E+00
   268  1.07200000E+02  1.17163771E+00  1.01369827E+00  1.17163771E+00
   269  1.07600000E+02  1.17166621E+00  1.01436450E+00  1.17166621E+00
   270  1.08000000E+02  1.17169387E+00  1.01505651E+00  1.17169387E+00
   271  1.08400000E+02  1.17172048E+00  1.01577499E+00  1.17172048E+00
   272  1.08800000E+02  1.17174607E+00  1.01652059E+00  1.17174607E+00
   273  1.09200000E+02  1.17177068E+00  1.01729399E+00  1.17177068E+00
   274  1.09600000E+02  1.17179435E+00  1.01809585E+00  1.17179435E+00
   275  1.10000000E+02  1.17181711E+00  1.01892681E+00  1.17181711E+00
   276  1.10400000E+02  1.17183899E+00  1.01978750E+00  1.17183899E+00
   277  1.10800000E+02  1.17186011E+00  1.02067856E+00  1.17186011E+00
   278  1.11200000E+02  1.17188321E+00  1.02160058E+00  1.17188321E+00
   279  1.11600000E+02  1.17190543E+00  1.02255416E+00  1.17190543E+00
   280  1.12000000E+02  1.17192678E+00  1.02353986E+00  1.17192678E+00
   281  1.12400000E+02  1.17194732E+00  1.02455822E+00  1.17194732E+00
   282  1.12800000E+02  1.17196705E+00  1.02560974E+00  1.17196705E+00
   283  1.13200000E+02  1.17198603E+00  1.02669492E+00  1.17198603E+00
   284  1.13600000E+02  1.17200427E+00  1.02781419E+00  1.17200427E+00
   285  1.14000000E+02  1.17202179E+00  1.02896797E+00  1.17202179E+00
   286  1.14400000E+02  1.17203864E+00  1.03015661E+00  1.17203864E+00
   287  1.14800000E+02  1.17205650E+00  1.03138045E+00  1.17205650E+00
   288  1.15200000E+02  1.17207429E+00  1.03263976E+00  1.17207429E+00
   289  1.15600000E+02  1.17209139E+00  1.03393476E+00  1.17209139E+00
   290  1.16000000E+02  1.17210782E+00  1.03526561E+00  1.17210782E+00
   291  1.16400000E+02  1.17212361E+00  1.03663243E+00  1.17212361E+00
   292  1.16800000E+02  1.17213879E+00  1.03803525E+00  1.17213879E+00
   293  1.17200000E+02  1.17215337E+00  1.03947404E+00  1.17215337E+00
   294  1.17600000E+02  1.17216737E+00  1.04094873E+00  1.17216737E+00
   295  1.18000000E+02  1.17218083E+00  1.04245914E+00  1.17218083E+00
   296  1.18400000E+02  1.17219398E+00  1.04400501E+00  1.17219398E+00
   297  1.18800000E+02  1.17220820E+00  1.04558603E+00  1.17220820E+00
   298  1.19200000E+02  1.17222187E+00  1.04720179E+00  1.17222187E+00
   299  1.19600000E+02  1.17223500E+00  1.04885178E+00  1.17223500E+00
   300  1.20000000E+02  1.17224761E+00  1.05053542E+00  1.17224761E+00
   301  1.20400000E+02  1.17225972E+00  1.05225201E+00  1.17225972E+00
   302  1.20800000E+02  1.17227136E+00  1.05400080E+00  1.17227136E+00
   303  1.21200000E+02  1.17228254E+00  1.05578089E+00  1.17228254E+00
   304  1.21600000E+02  1.17229327E+00  1.05759132E+00  1.17229327E+00
   305  1.22000000E+02  1.17230358E+00  1.05943101E+00  1.17230358E+00
   306  1.22400000E+02  1.17231348E+00  1.06129879E+00  1.17231348E+00
   307  1.22800000E+02  1.17232415E+00  1.06319337E+00  1.17232415E+00
   308  1.23200000E+02  1.17233461E+00  1.06511338E+00  1.17233461E+00
   309  1.23600000E+02  1.17234466E+00  1.06705734E+00  1.17234466E+00
   310  1.24000000E+02  1.17235431E+00  1.06902366E+00  1.17235431E+00
   311  1.24400000E+02  1.17236358E+00  1.07101066E+00  1.17236358E+00
   312  1.24800000E+02  1.17237248E+00  1.07301657E+00  1.17237248E+00
   313  1.25200000E+02  1.17238103E+00  1.07503952E+00  1.17238103E+00
   314  1.25600000E+02  1.17238923E+00  1.07707753E+00  1.17238923E+00
   315  1.26000000E+02  1.17239710E+00  1.07912855E+00  1.17239710E+00
   316  1.26400000E+02  1.17240466E+00  1.08119045E+00  1.17240466E+00
   317  1.26800000E+02  1.17241192E+00  1.08326102E+00  1.17241192E+00
   318  1.27200000E+02  1.17241990E+00  1.08533795E+00  1.17241990E+00
   319  1.27600000E+02  1.17242758E+00  1.08741889E+00  1.17242758E+00
   320  1.28000000E+02  1.17243495E+00  1.08950142E+00  1.17243495E+00
   321  1.28400000E+02  1.17244202E+00  1.09158305E+00  1.17244202E+00
   322  1.28800000E+02  1.17244882E+00  1.09366125E+00  1.17244882E+00
   323  1.29200000E+02  1.17245534E+00  1.09573345E+00  1.17245534E+00
   324  1.29600000E+02  1.17246159E+00  1.09779704E+00  1.17246159E+00
   325  1.30000000E+02  1.17246760E+00  1.09984938E+00  1.17246760E+00
   326  1.30400000E+02  1.17247336E+00  1.10188783E+00  1.17247336E+00
   327  1.30800000E+02  1.17247889E+00  1.10390971E+00  1.17247889E+00
   328  1.31200000E+02  1.17248420E+00  1.10591237E+00  1.17248420E+00
   329  1.31600000E+02  1.17248929E+00  1.10789316E+00  1.17248929E+00
   330  1.32000000E+02  1.17249485E+00  1.10984945E+00  1.17249485E+00
   331  1.32400000E+02  1.17250024E+00  1.11177863E+00  1.17250024E+00
   332  1.32800000E+02  1.17250541E+00  1.11367816E+00  1.17250541E+00
   333  1.33200000E+02  1.17251038E+00  1.11554554E+00  1.17251038E+00
   334  1.33600000E+02  1.17251514E+00  1.11737832E+00  1.17251514E+00
   335  1.34000000E+02  1.17251970E+00  1.11917416E+00  1.17251970E+00
   336  1.34400000E+02  1.17252409E+00  1.12093078E+00  1.17252409E+00
   337  1.34800000E+02  1.17252829E+00  1.12264604E+00  1.17252829E+00
   338  1.35200000E+02  1.17253233E+00  1.12431789E+00  1.17253233E+00
   339  1.35600000E+02  1.17253620E+00  1.12594442E+00  1.17253620E+00
   340  1.36000000E+02  1.17253991E+00  1.12752386E+00  1.17253991E+00
   341  1.36400000E+02  1.17254347E+00  1.12905463E+00  1.17254347E+00
   342  1.36800000E+02  1.17254688E+00  1.13053530E+00  1.17254688E+00
   343  1.37200000E+02  1.17255026E+00  1.13196466E+00  1.17255026E+00
   344  1.37600000E+02  1.17255388E+00  1.13334170E+00  1.17255388E+00
   345  1.38000000E+02  1.17255735E+00  1.13466567E+00  1.17255735E+00
   346  1.38400000E+02  1.17256068E+00  1.13593605E+00  1.17256068E+00
   347  1.38800000E+02  1.17256387E+00  1.13715261E+00  1.17256387E+00
   348  1.39200000E+02  1.17256693E+00  1.13831541E+00  1.17256693E+00
   349  1.39600000E+02  1.17256987E+00  1.13942480E+00  1.17256987E+00
   350  1.40000000E+02  1.17257268E+00  1.14048147E+00  1.17257268E+00
   351  1.40400000E+02  1.17257538E+00  1.14148640E+00  1.17257538E+00
   352  1.40800000E+02  1.17257797E+00  1.14244091E+00  1.17257797E+00
   353  1.41200000E+02  1.17258045E+00  1.14334664E+00  1.17258045E+00
   354  1.41600000E+02  1.17258284E+00  1.14420554E+00  1.17258284E+00
   355  1.42000000E+02  1.17258512E+00  1.14501983E+00  1.17258512E+00
   356  1.42400000E+02  1.17258731E+00  1.14579201E+00  1.17258731E+00
   357  1.42800000E+02  1.17258941E+00  1.14652478E+00  1.17258941E+00
   358  1.43200000E+02  1.17259142E+00  1.14722104E+00  1.17259142E+00
   359  1.43600000E+02  1.17259335E+00  1.14788385E+00  1.17259335E+00
   360  1.44000000E+02  1.17259520E+00  1.14851632E+00  1.17259520E+00
   361  1.44400000E+02  1.17259707E+00  1.14912160E+00  1.17259707E+00
   362  1.44800000E+02  1.17259903E+00  1.14970285E+00  1.17259903E+00
   363  1.45200000E+02  1.17260091E+00  1.15026309E+00  1.17260091E+00
   364  1.45600000E+02  1.17260271E+00  1.15080527E+00  1.17260271E+00
   365  1.46000000E+02  1.17260444E+00  1.15133210E+00  1.17260444E+00
   366  1.46400000E+02  1.17260609E+00  1.15184610E+00  1.17260609E+00
   367  1.46800000E+02  1.17260768E+00  1.15234949E+00  1.17260768E+00
   368  1.47200000E+02  1.17260920E+00  1.15284422E+00  1.17260920E+00
   369  1.47600000E+02  1.17261066E+00  1.15333191E+00  1.17261066E+00
   370  1.48000000E+02  1.17261205E+00  1.15381386E+00  1.17261205E+00
   371  1.48400000E+02  1.17261339E+00  1.15429105E+00  1.17261339E+00
   372  1.48800000E+02  1.17261468E+00  1.15476412E+00  1.17261468E+00
   373  1.49200000E+02  1.17261591E+00  1.15523345E+00  1.17261591E+00
   374  1.49600000E+02  1.17261708E+00  1.15569911E+00  1.17261708E+00
   375  1.50000000E+02  1.17261821E+00  1.15616097E+00  1.17261821E+00
   376  1.50400000E+02  1.17261930E+00  1.15661868E+00  1.17261930E+00
   377  1.50800000E+02  1.17262033E+00  1.15707173E+00  1.17262033E+00
   378  1.51200000E+02  1.17262133E+00  1.15751951E+00  1.17262133E+00
   379  1.51600000E+02  1.17262228E+00  1.15796133E+00  1.17262228E+00
   380  1.52000000E+02  1.17262319E+00  1.15839646E+00  1.17262319E+00
   381  1.52400000E+02  1.17262407E+00  1.15882419E+00  1.17262407E+00
   382  1.52800000E+02  1.17262490E+00  1.15924385E+00  1.17262490E+00
   383  1.53200000E+02  1.17262571E+00  1.15965483E+00  1.17262571E+00
   384  1.53600000E+02  1.17262648E+00  1.16005659E+00  1.17262648E+00
   385  1.54000000E+02  1.17262721E+00  1.16044873E+00  1.17262721E+00
   386  1.54400000E+02  1.17262792E+00  1.16083092E+00  1.17262792E+00
   387  1.54800000E+02  1.17262860E+00  1.16120297E+00  1.17262860E+00
   388  1.55200000E+02  1.17262924E+00  1.16156478E+00  1.17262924E+00
   389  1.55600000E+02  1.17262994E+00  1.16191635E+00  1.17262994E+00
   390  1.56000000E+02  1.17263062E+00  1.16225779E+00  1.17263062E+00
   391  1.56400000E+02  1.17263128E+00  1.16258926E+00  1.17263128E+00
   392  1.56800000E+02  1.17263191E+00  1.16291098E+00  1.17263191E+00
   393  1.57200000E+02  1.17263252E+00  1.16322323E+00  1.17263252E+00
   394  1.57600000E+02  1.17263310E+00  1.16352629E+00  1.17263310E+00
   395  1.58000000E+02  1.17263365E+00  1.16382048E+00  1.17263365E+00
   396  1.58400000E+02  1.17263418E+00  1.16410610E+00  1.17263418E+00
   397  1.58800000E+02  1.17263469E+00  1.16438344E+00  1.17263469E+00
   398  1.59200000E+02  1.17263518E+00  1.16465278E+00  1.17263518E+00
   399  1.59600000E+02  1.17263565E+00  1.16491437E+00  1.17263565E+00
   400  1.60000000E+02  1.17263609E+00  1.16516845E+00  1.17263609E+00
   401  1.60400000E+02  1.17263652E+00  1.16541520E+00  1.17263652E+00
   402  1.60800000E+02  1.17263693E+00  1.16565482E+00  1.17263693E+00
   403  1.61200000E+02  1.17263733E+00  1.16588745E+00  1.17263733E+00
   404  1.61600000E+02  1.17263770E+00  1.16611325E+00  1.17263770E+00
   405  1.62000000E+02  1.17263806E+00  1.16633232E+00  1.17263806E+00
   406  1.62400000E+02  1.17263841E+00  1.16654480E+00  1.17263841E+00
   407  1.62800000E+02  1.17263874E+00  1.16675080E+00  1.17263874E+00
   408  1.63200000E+02  1.17263905E+00  1.16695044E+00  1.17263905E+00
   409  1.63600000E+02  1.17263936E+00  1.16714383E+00  1.17263936E+00
   410  1.64000000E+02  1.17263965E+00  1.16733109E+00  1.17263965E+00
   411  1.64400000E+02  1.17263993E+00  1.16751237E+00  1.17263993E+00
   412  1.64800000E+02  1.17264019E+00  1.16768778E+00  1.17264019E+00
   413  1.65200000E+02  1.17264045E+00  1.16785748E+00  1.17264045E+00
   414  1.65600000E+02  1.17264069E+00  1.16802161E+00  1.17264069E+00
   415  1.66000000E+02  1.17264092E+00  1.16818031E+00  1.17264092E+00
   416  1.66400000E+02  1.17264115E+00  1.16833376E+00  1.17264115E+00
   417  1.66800000E+02  1.17264136E+00  1.16848209E+00  1.17264136E+00
   418  1.67200000E+02  1.17264157E+00  1.16862547E+00  1.17264157E+00
   419  1.67600000E+02  1.17264176E+00  1.16876404E+00  1.17264176E+00
   420  1.68000000E+02  1.17264195E+00  1.16889795E+00  1.17264195E+00
   421  1.68400000E+02  1.17264213E+00  1.16902735E+00  1.17264213E+00
   422  1.68800000E+02  1.17264230E+00  1.16915237E+00  1.17264230E+00
   423  1.69200000E+02  1.17264247E+00  1.16927316E+00  1.17264247E+00
   424  1.69600000E+02  1.17264263E+00  1.16938984E+00  1.17264263E+00
   425  1.70000000E+02  1.17264278E+00  1.16950254E+00  1.17264278E+00
   426  1.70400000E+02  1.17264292E+00  1.16961138E+00  1.17264292E+00
   427  1.70800000E+02  1.17264306E+00  1.16971648E+00  1.17264306E+00
   428  1.71200000E+02  1.17264319E+00  1.16981794E+00  1.17264319E+00
   429  1.71600000E+02  1.17264332E+00  1.16991589E+00  1.17264332E+00
   430  1.72000000E+02  1.17264344E+00  1.17001043E+00  1.17264344E+00
   431  1.72400000E+02  1.17264356E+00  1.17010166E+00  1.17264356E+00
   432  1.72800000E+02  1.17264367E+00  1.17018969E+00  1.17264367E+00
   433  1.73200000E+02  1.17264377E+00  1.17027461E+00  1.17264377E+00
   434  1.73600000E+02  1.17264388E+00  1.17035652E+00  1.17264388E+00
   435  1.74000000E+02  1.17264397E+00  1.17043553E+00  1.17264397E+00
   436  1.74400000E+02  1.17264407E+00  1.17051172E+00  1.17264407E+00
   437  1.74800000E+02  1.17264416E+00  1.17058519E+00  1.17264416E+00
   438  1.75200000E+02  1.17264424E+00  1.17065602E+00  1.17264424E+00
   439  1.75600000E+02  1.17264432E+00  1.17072430E+00  1.17264432E+00
   440  1.76000000E+02  1.17264440E+00  1.17079012E+00  1.17264440E+00
   441  1.76400000E+02  1.17264448E+00  1.17085356E+00  1.17264448E+00
   442  1.76800000E+02  1.17264455E+00  1.17091470E+00  1.17264455E+00
   443  1.77200000E+02  1.17264462E+00  1.17097361E+00  1.17264462E+00
   444  1.77600000E+02  1.17264468E+00  1.17103038E+00  1.17264468E+00
   445  1.78000000E+02  1.17264475E+00  1.17108507E+00  1.17264475E+00
   446  1.78400000E+02  1.17264481E+00  1.17113776E+00  1.17264481E+00
   447  1.78800000E+02  1.17264486E+00  1.17118851E+00  1.17264486E+00
   448  1.79200000E+02  1.17264492E+00  1.17123740E+00  1.17264492E+00
   449  1.79600000E+02  1.17264497E+00  1.17128447E+00  1.17264497E+00
   450  1.80000000E+02  1.17264502E+00  1.17132981E+00  1.17264502E+00
   451  1.80400000E+02  1.17264507E+00  1.17137346E+00  1.17264507E+00
   452  1.80800000E+02  1.17264512E+00  1.17141549E+00  1.17264512E+00
   453  1.81200000E+02  1.17264516E+00  1.17145595E+00  1.17264516E+00
   454  1.81600000E+02  1.17264520E+00  1.17149490E+00  1.17264520E+00
   455  1.82000000E+02  1.17264524E+00  1.17153239E+00  1.17264524E+00
   456  1.82400000E+02  1.17264528E+00  1.17156847E+00  1.17264528E+00
   457  1.82800000E+02  1.17264532E+00  1.17160319E+00  1.17264532E+00
   458  1.83200000E+02  1.17264536E+00  1.17163660E+00  1.17264536E+00
   459  1.83600000E+02  1.17264539E+00  1.17166876E+00  1.17264539E+00
   460  1.84000000E+02  1.17264542E+00  1.17169969E+00  1.17264542E+00
   461  1.84400000E+02  1.17264545E+00  1.17172945E+00  1.17264545E+00
   462  1.84800000E+02  1.17264548E+00  1.17175808E+00  1.17264548E+00
   463  1.85200000E+02  1.17264551E+00  1.17178561E+00  1.17264551E+00
   464  1.85600000E+02  1.17264554E+00  1.17181210E+00  1.17264554E+00
   465  1.86000000E+02  1.17264556E+00  1.17183757E+00  1.17264556E+00
   466  1.86400000E+02  1.17264559E+00  1.17186207E+00  1.17264559E+00
   467  1.86800000E+02  1.17264561E+00  1.17188563E+00  1.17264561E+00
   468  1.87200000E+02  1.17264564E+00  1.17190828E+00  1.17264564E+00
   469  1.87600000E+02  1.17264566E+00  1.17193005E+00  1.17264566E+00
   470  1.88000000E+02  1.17264568E+00  1.17195099E+00  1.17264568E+00
   471  1.88400000E+02  1.17264570E+00  1.17197112E+00  1.17264570E+00
   472  1.88800000E+02  1.17264572E+00  1.17199047E+00  1.17264572E+00
   473  1.89200000E+02  1.17264574E+00  1.17200907E+00  1.17264574E+00
   474  1.89600000E+02  1.17264575E+00  1.17202694E+00  1.17264575E+00
   475  1.90000000E+02  1.17264577E+00  1.17204412E+00  1.17264577E+00
   476  1.90400000E+02  1.17264579E+00  1.17206063E+00  1.17264579E+00
   477  1.90800000E+02  1.17264580E+00  1.17207650E+00  1.17264580E+00
   478  1.91200000E+02  1.17264582E+00  1.17209174E+00  1.17264582E+00
   479  1.91600000E+02  1.17264583E+00  1.17210639E+00  1.17264583E+00
   480  1.92000000E+02  1.17264584E+00  1.17212046E+00  1.17264584E+00
   481  1.92400000E+02  1.17264586E+00  1.17213398E+00  1.17264586E+00
   482  1.92800000E+02  1.17264587E+00  1.17214697E+00  1.17264587E+00
   483  1.93200000E+02  1.17264588E+00  1.17215945E+00  1.17264588E+00
   484  1.93600000E+02  1.17264589E+00  1.17217143E+00  1.17264589E+00
   485  1.94000000E+02  1.17264590E+00  1.17218294E+00  1.17264590E+00
   486  1.94400000E+02  1.17264591E+00  1.17219400E+00  1.17264591E+00
   487  1.94800000E+02  1.17264592E+00  1.17220462E+00  1.17264592E+00
   488  1.95200000E+02  1.17264593E+00  1.17221481E+00  1.17264593E+00
   489  1.95600000E+02  1.17264594E+00  1.17222460E+00  1.17264594E+00
   490  1.96000000E+02  1.17264595E+00  1.17223401E+00  1.17264595E+00
   491  1.96400000E+02  1.17264596E+00  1.17224303E+00  1.17264596E+00
   492  1.96800000E+02  1.17264596E+00  1.17225170E+00  1.17264596E+00
   493  1.97200000E+02  1.17264597E+00  1.17226002E+00  1.17264597E+00
   494  1.97600000E+02  1.17264598E+00  1.17226801E+00  1.17264598E+00
   495  1.98000000E+02  1.17264599E+00  1.17227568E+00  1.17264599E+00
   496  1.98400000E+02  1.17264599E+00  1.17228304E+00  1.17264599E+00
   497  1.98800000E+02  1.17264600E+00  1.17229011E+00  1.17264600E+00
   498  1.99200000E+02  1.17264601E+00  1.17229689E+00  1.17264601E+00
 steady-height stop at step    498: changes <=   1.0000E-05, max-end <=   1.0000E-02, max/end/gap/profile_change =   1.17264601E+00  1.17229689E+00  3.49113253E-04  6.78293086E-06


STDERR:
