COMMAND:
/shared/extrudate_rom/generate_rom_data/extrudate_swell2d_c_cluster

STDOUT:
 comppar: model =   3
 comppar: lambda,mobility/eps,betav,eta_0 =  8.2000E+00  3.6667E-01  3.0000E-01  1.0000E+00
 comppar: eta_s,eta_p,G =  3.0000E-01  7.0000E-01  8.5366E-02
 comppar: U_avg,deltat,flowrate,nsteps =  2.0000E-01  1.5000E-01  6.2832E-01     700
 comppar: geometry = axisymmetric
 comppar: steady stop change,gap,hold,min =  1.0000E-05  1.0000E-02      10      80
 comppar: ncompc,ncompg =     4     5
 mesh nnodes = 5765
 mesh nelem = 2780
 P1 BC   5.0000000000000000     
 P2 BC   0.0000000000000000     
     1  1.50000000E-01  1.00378756E+00  1.00000000E+00  1.00378756E+00
     2  3.00000000E-01  1.00748727E+00  1.00000000E+00  1.00748727E+00
     3  4.50000000E-01  1.01109803E+00  1.00000000E+00  1.01109803E+00
     4  6.00000000E-01  1.01462358E+00  1.00000000E+00  1.01462358E+00
     5  7.50000000E-01  1.01806689E+00  1.00000000E+00  1.01806689E+00
     6  9.00000000E-01  1.02142932E+00  1.00000000E+00  1.02142932E+00
     7  1.05000000E+00  1.02471863E+00  1.00000000E+00  1.02471863E+00
     8  1.20000000E+00  1.02794824E+00  1.00000000E+00  1.02794824E+00
     9  1.35000000E+00  1.03112893E+00  1.00000000E+00  1.03112893E+00
    10  1.50000000E+00  1.03425269E+00  1.00000001E+00  1.03425269E+00
    11  1.65000000E+00  1.03733031E+00  1.00000001E+00  1.03733031E+00
    12  1.80000000E+00  1.04039368E+00  1.00000000E+00  1.04039368E+00
    13  1.95000000E+00  1.04340023E+00  1.00000000E+00  1.04340023E+00
    14  2.10000000E+00  1.04642345E+00  1.00000000E+00  1.04642345E+00
    15  2.25000000E+00  1.04939107E+00  1.00000000E+00  1.04939107E+00
    16  2.40000000E+00  1.05239269E+00  9.99999997E-01  1.05239269E+00
    17  2.55000000E+00  1.05533927E+00  9.99999993E-01  1.05533927E+00
    18  2.70000000E+00  1.05834282E+00  9.99999988E-01  1.05834282E+00
    19  2.85000000E+00  1.06129374E+00  9.99999981E-01  1.06129374E+00
    20  3.00000000E+00  1.06425562E+00  9.99999974E-01  1.06425562E+00
    21  3.15000000E+00  1.06725065E+00  9.99999964E-01  1.06725065E+00
    22  3.30000000E+00  1.07020721E+00  9.99999954E-01  1.07020721E+00
    23  3.45000000E+00  1.07318596E+00  9.99999941E-01  1.07318596E+00
    24  3.60000000E+00  1.07620112E+00  9.99999927E-01  1.07620112E+00
    25  3.75000000E+00  1.07918930E+00  9.99999911E-01  1.07918930E+00
    26  3.90000000E+00  1.08215450E+00  9.99999892E-01  1.08215450E+00
    27  4.05000000E+00  1.08520303E+00  9.99999871E-01  1.08520303E+00
    28  4.20000000E+00  1.08824914E+00  9.99999848E-01  1.08824914E+00
    29  4.35000000E+00  1.09127932E+00  9.99999821E-01  1.09127932E+00
    30  4.50000000E+00  1.09429712E+00  9.99999792E-01  1.09429712E+00
    31  4.65000000E+00  1.09733230E+00  9.99999760E-01  1.09733230E+00
    32  4.80000000E+00  1.10042041E+00  9.99999724E-01  1.10042041E+00
    33  4.95000000E+00  1.10349831E+00  9.99999685E-01  1.10349831E+00
    34  5.10000000E+00  1.10656879E+00  9.99999642E-01  1.10656879E+00
    35  5.25000000E+00  1.10963466E+00  9.99999594E-01  1.10963466E+00
    36  5.40000000E+00  1.11269860E+00  9.99999542E-01  1.11269860E+00
    37  5.55000000E+00  1.11576272E+00  9.99999486E-01  1.11576272E+00
    38  5.70000000E+00  1.11882794E+00  9.99999424E-01  1.11882794E+00
    39  5.85000000E+00  1.12192159E+00  9.99999356E-01  1.12192159E+00
    40  6.00000000E+00  1.12502517E+00  9.99999283E-01  1.12502517E+00
    41  6.15000000E+00  1.12812244E+00  9.99999204E-01  1.12812244E+00
    42  6.30000000E+00  1.13120902E+00  9.99999118E-01  1.13120902E+00
    43  6.45000000E+00  1.13427660E+00  9.99999024E-01  1.13427660E+00
    44  6.60000000E+00  1.13731257E+00  9.99998923E-01  1.13731257E+00
    45  6.75000000E+00  1.14030013E+00  9.99998814E-01  1.14030013E+00
    46  6.90000000E+00  1.14321934E+00  9.99998696E-01  1.14321934E+00
    47  7.05000000E+00  1.14617730E+00  9.99998568E-01  1.14617730E+00
    48  7.20000000E+00  1.14909485E+00  9.99998431E-01  1.14909485E+00
    49  7.35000000E+00  1.15191742E+00  9.99998282E-01  1.15191742E+00
    50  7.50000000E+00  1.15462453E+00  9.99998123E-01  1.15462453E+00
    51  7.65000000E+00  1.15723357E+00  9.99997951E-01  1.15723357E+00
    52  7.80000000E+00  1.15994961E+00  9.99997766E-01  1.15994961E+00
    53  7.95000000E+00  1.16253429E+00  9.99997567E-01  1.16253429E+00
    54  8.10000000E+00  1.16497519E+00  9.99997353E-01  1.16497519E+00
    55  8.25000000E+00  1.16730136E+00  9.99997124E-01  1.16730136E+00
    56  8.40000000E+00  1.16974578E+00  9.99996877E-01  1.16974578E+00
    57  8.55000000E+00  1.17203713E+00  9.99996613E-01  1.17203713E+00
    58  8.70000000E+00  1.17417433E+00  9.99996330E-01  1.17417433E+00
    59  8.85000000E+00  1.17619350E+00  9.99996027E-01  1.17619350E+00
    60  9.00000000E+00  1.17836711E+00  9.99995702E-01  1.17836711E+00
    61  9.15000000E+00  1.18038763E+00  9.99995355E-01  1.18038763E+00
    62  9.30000000E+00  1.18226082E+00  9.99994983E-01  1.18226082E+00
    63  9.45000000E+00  1.18401134E+00  9.99994585E-01  1.18401134E+00
    64  9.60000000E+00  1.18590656E+00  9.99994161E-01  1.18590656E+00
    65  9.75000000E+00  1.18765915E+00  9.99993707E-01  1.18765915E+00
    66  9.90000000E+00  1.18927844E+00  9.99993223E-01  1.18927844E+00
    67  1.00500000E+01  1.19077312E+00  9.99992707E-01  1.19077312E+00
    68  1.02000000E+01  1.19237897E+00  9.99992157E-01  1.19237897E+00
    69  1.03500000E+01  1.19389425E+00  9.99991571E-01  1.19389425E+00
    70  1.05000000E+01  1.19528818E+00  9.99990947E-01  1.19528818E+00
    71  1.06500000E+01  1.19656731E+00  9.99990282E-01  1.19656731E+00
    72  1.08000000E+01  1.19787226E+00  9.99989576E-01  1.19787226E+00
    73  1.09500000E+01  1.19916926E+00  9.99988824E-01  1.19916926E+00
    74  1.11000000E+01  1.20035609E+00  9.99988026E-01  1.20035609E+00
    75  1.12500000E+01  1.20143687E+00  9.99987179E-01  1.20143687E+00
    76  1.14000000E+01  1.20250967E+00  9.99986279E-01  1.20250967E+00
    77  1.15500000E+01  1.20360743E+00  9.99985325E-01  1.20360743E+00
    78  1.17000000E+01  1.20460240E+00  9.99984314E-01  1.20460240E+00
    79  1.18500000E+01  1.20549854E+00  9.99983243E-01  1.20549854E+00
    80  1.20000000E+01  1.20635128E+00  9.99982109E-01  1.20635128E+00
    81  1.21500000E+01  1.20726777E+00  9.99980909E-01  1.20726777E+00
    82  1.23000000E+01  1.20808881E+00  9.99979641E-01  1.20808881E+00
    83  1.24500000E+01  1.20881904E+00  9.99978300E-01  1.20881904E+00
    84  1.26000000E+01  1.20946406E+00  9.99976884E-01  1.20946406E+00
    85  1.27500000E+01  1.21020967E+00  9.99975389E-01  1.21020967E+00
    86  1.29000000E+01  1.21087404E+00  9.99973813E-01  1.21087404E+00
    87  1.30500000E+01  1.21145852E+00  9.99972152E-01  1.21145852E+00
    88  1.32000000E+01  1.21196975E+00  9.99970402E-01  1.21196975E+00
    89  1.33500000E+01  1.21251857E+00  9.99968560E-01  1.21251857E+00
    90  1.35000000E+01  1.21304753E+00  9.99966623E-01  1.21304753E+00
    91  1.36500000E+01  1.21350850E+00  9.99964586E-01  1.21350850E+00
    92  1.38000000E+01  1.21390868E+00  9.99962448E-01  1.21390868E+00
    93  1.39500000E+01  1.21431880E+00  9.99960204E-01  1.21431880E+00
    94  1.41000000E+01  1.21473602E+00  9.99957851E-01  1.21473602E+00
    95  1.42500000E+01  1.21509741E+00  9.99955385E-01  1.21509741E+00
    96  1.44000000E+01  1.21540959E+00  9.99952803E-01  1.21540959E+00
    97  1.45500000E+01  1.21567864E+00  9.99950103E-01  1.21567864E+00
    98  1.47000000E+01  1.21600419E+00  9.99947281E-01  1.21600419E+00
    99  1.48500000E+01  1.21628656E+00  9.99944334E-01  1.21628656E+00
   100  1.50000000E+01  1.21653010E+00  9.99941259E-01  1.21653010E+00
   101  1.51500000E+01  1.21673963E+00  9.99938055E-01  1.21673963E+00
   102  1.53000000E+01  1.21692297E+00  9.99934719E-01  1.21692297E+00
   103  1.54500000E+01  1.21714395E+00  9.99931249E-01  1.21714395E+00
   104  1.56000000E+01  1.21733403E+00  9.99927644E-01  1.21733403E+00
   105  1.57500000E+01  1.21749700E+00  9.99923903E-01  1.21749700E+00
   106  1.59000000E+01  1.21763609E+00  9.99920024E-01  1.21763609E+00
   107  1.60500000E+01  1.21775410E+00  9.99916009E-01  1.21775410E+00
   108  1.62000000E+01  1.21786052E+00  9.99911857E-01  1.21786052E+00
   109  1.63500000E+01  1.21798883E+00  9.99907569E-01  1.21798883E+00
   110  1.65000000E+01  1.21809791E+00  9.99903148E-01  1.21809791E+00
   111  1.66500000E+01  1.21819000E+00  9.99898595E-01  1.21819000E+00
   112  1.68000000E+01  1.21826716E+00  9.99893915E-01  1.21826716E+00
   113  1.69500000E+01  1.21833128E+00  9.99889112E-01  1.21833128E+00
   114  1.71000000E+01  1.21838408E+00  9.99884192E-01  1.21838408E+00
   115  1.72500000E+01  1.21842716E+00  9.99879160E-01  1.21842716E+00
   116  1.74000000E+01  1.21848413E+00  9.99874026E-01  1.21848413E+00
   117  1.75500000E+01  1.21853443E+00  9.99868798E-01  1.21853443E+00
   118  1.77000000E+01  1.21857598E+00  9.99863488E-01  1.21857598E+00
   119  1.78500000E+01  1.21861009E+00  9.99858109E-01  1.21861009E+00
   120  1.80000000E+01  1.21863788E+00  9.99852674E-01  1.21863788E+00
   121  1.81500000E+01  1.21866035E+00  9.99847202E-01  1.21866035E+00
   122  1.83000000E+01  1.21867835E+00  9.99841711E-01  1.21867835E+00
   123  1.84500000E+01  1.21869260E+00  9.99836222E-01  1.21869260E+00
   124  1.86000000E+01  1.21870373E+00  9.99830758E-01  1.21870373E+00
   125  1.87500000E+01  1.21871228E+00  9.99825348E-01  1.21871228E+00
   126  1.89000000E+01  1.21871870E+00  9.99820020E-01  1.21871870E+00
   127  1.90500000E+01  1.21872340E+00  9.99814807E-01  1.21872340E+00
   128  1.92000000E+01  1.21873282E+00  9.99809747E-01  1.21873282E+00
   129  1.93500000E+01  1.21874226E+00  9.99804879E-01  1.21874226E+00
   130  1.95000000E+01  1.21875015E+00  9.99800248E-01  1.21875015E+00
   131  1.96500000E+01  1.21875677E+00  9.99795904E-01  1.21875677E+00
   132  1.98000000E+01  1.21876242E+00  9.99791899E-01  1.21876242E+00
   133  1.99500000E+01  1.21876732E+00  9.99788294E-01  1.21876732E+00
   134  2.01000000E+01  1.21877168E+00  9.99785151E-01  1.21877168E+00
   135  2.02500000E+01  1.21877568E+00  9.99782542E-01  1.21877568E+00
   136  2.04000000E+01  1.21877947E+00  9.99780543E-01  1.21877947E+00
   137  2.05500000E+01  1.21878317E+00  9.99779236E-01  1.21878317E+00
   138  2.07000000E+01  1.21878688E+00  9.99778713E-01  1.21878688E+00
   139  2.08500000E+01  1.21879071E+00  9.99779071E-01  1.21879071E+00
   140  2.10000000E+01  1.21879473E+00  9.99780416E-01  1.21879473E+00
   141  2.11500000E+01  1.21879899E+00  9.99782863E-01  1.21879899E+00
   142  2.13000000E+01  1.21880355E+00  9.99786537E-01  1.21880355E+00
   143  2.14500000E+01  1.21880845E+00  9.99791570E-01  1.21880845E+00
   144  2.16000000E+01  1.21881372E+00  9.99798108E-01  1.21881372E+00
   145  2.17500000E+01  1.21881940E+00  9.99806307E-01  1.21881940E+00
   146  2.19000000E+01  1.21882550E+00  9.99816335E-01  1.21882550E+00
   147  2.20500000E+01  1.21883205E+00  9.99828373E-01  1.21883205E+00
   148  2.22000000E+01  1.21883905E+00  9.99842615E-01  1.21883905E+00
   149  2.23500000E+01  1.21884652E+00  9.99859269E-01  1.21884652E+00
   150  2.25000000E+01  1.21885446E+00  9.99878561E-01  1.21885446E+00
   151  2.26500000E+01  1.21886288E+00  9.99900731E-01  1.21886288E+00
   152  2.28000000E+01  1.21887177E+00  9.99926035E-01  1.21887177E+00
   153  2.29500000E+01  1.21888113E+00  9.99954750E-01  1.21888113E+00
   154  2.31000000E+01  1.21889097E+00  9.99987169E-01  1.21889097E+00
   155  2.32500000E+01  1.21890127E+00  1.00002361E+00  1.21890127E+00
   156  2.34000000E+01  1.21891202E+00  1.00006441E+00  1.21891202E+00
   157  2.35500000E+01  1.21892323E+00  1.00010992E+00  1.21892323E+00
   158  2.37000000E+01  1.21893487E+00  1.00016052E+00  1.21893487E+00
   159  2.38500000E+01  1.21894694E+00  1.00021663E+00  1.21894694E+00
   160  2.40000000E+01  1.21895943E+00  1.00027868E+00  1.21895943E+00
   161  2.41500000E+01  1.21897232E+00  1.00034713E+00  1.21897232E+00
   162  2.43000000E+01  1.21898560E+00  1.00042247E+00  1.21898560E+00
   163  2.44500000E+01  1.21899925E+00  1.00050521E+00  1.21899925E+00
   164  2.46000000E+01  1.21901327E+00  1.00059592E+00  1.21901327E+00
   165  2.47500000E+01  1.21902762E+00  1.00069517E+00  1.21902762E+00
   166  2.49000000E+01  1.21904231E+00  1.00080359E+00  1.21904231E+00
   167  2.50500000E+01  1.21905730E+00  1.00092184E+00  1.21905730E+00
   168  2.52000000E+01  1.21907259E+00  1.00105060E+00  1.21907259E+00
   169  2.53500000E+01  1.21908815E+00  1.00119063E+00  1.21908815E+00
   170  2.55000000E+01  1.21910397E+00  1.00134269E+00  1.21910397E+00
   171  2.56500000E+01  1.21912002E+00  1.00150761E+00  1.21912002E+00
   172  2.58000000E+01  1.21913630E+00  1.00168625E+00  1.21913630E+00
   173  2.59500000E+01  1.21915277E+00  1.00187953E+00  1.21915277E+00
   174  2.61000000E+01  1.21916943E+00  1.00208840E+00  1.21916943E+00
   175  2.62500000E+01  1.21918625E+00  1.00231388E+00  1.21918625E+00
   176  2.64000000E+01  1.21920322E+00  1.00255703E+00  1.21920322E+00
   177  2.65500000E+01  1.21922030E+00  1.00281896E+00  1.21922030E+00
   178  2.67000000E+01  1.21923750E+00  1.00310086E+00  1.21923750E+00
   179  2.68500000E+01  1.21925478E+00  1.00340393E+00  1.21925478E+00
   180  2.70000000E+01  1.21927213E+00  1.00372948E+00  1.21927213E+00
   181  2.71500000E+01  1.21928953E+00  1.00407883E+00  1.21928953E+00
   182  2.73000000E+01  1.21930697E+00  1.00445340E+00  1.21930697E+00
   183  2.74500000E+01  1.21932441E+00  1.00485465E+00  1.21932441E+00
   184  2.76000000E+01  1.21934186E+00  1.00528409E+00  1.21934186E+00
   185  2.77500000E+01  1.21935929E+00  1.00574332E+00  1.21935929E+00
   186  2.79000000E+01  1.21937668E+00  1.00623399E+00  1.21937668E+00
   187  2.80500000E+01  1.21939403E+00  1.00675779E+00  1.21939403E+00
   188  2.82000000E+01  1.21941130E+00  1.00731649E+00  1.21941130E+00
   189  2.83500000E+01  1.21942850E+00  1.00791193E+00  1.21942850E+00
   190  2.85000000E+01  1.21944560E+00  1.00854598E+00  1.21944560E+00
   191  2.86500000E+01  1.21946259E+00  1.00922057E+00  1.21946259E+00
   192  2.88000000E+01  1.21947946E+00  1.00993771E+00  1.21947946E+00
   193  2.89500000E+01  1.21949619E+00  1.01069942E+00  1.21949619E+00
   194  2.91000000E+01  1.21951278E+00  1.01150777E+00  1.21951278E+00
   195  2.92500000E+01  1.21952921E+00  1.01236490E+00  1.21952921E+00
   196  2.94000000E+01  1.21954547E+00  1.01327292E+00  1.21954547E+00
   197  2.95500000E+01  1.21956156E+00  1.01423402E+00  1.21956156E+00
   198  2.97000000E+01  1.21957745E+00  1.01525036E+00  1.21957745E+00
   199  2.98500000E+01  1.21959315E+00  1.01632412E+00  1.21959315E+00
   200  3.00000000E+01  1.21960865E+00  1.01745748E+00  1.21960865E+00
   201  3.01500000E+01  1.21962393E+00  1.01865258E+00  1.21962393E+00
   202  3.03000000E+01  1.21963899E+00  1.01991152E+00  1.21963899E+00
   203  3.04500000E+01  1.21965383E+00  1.02123638E+00  1.21965383E+00
   204  3.06000000E+01  1.21966844E+00  1.02262915E+00  1.21966844E+00
   205  3.07500000E+01  1.21968281E+00  1.02409175E+00  1.21968281E+00
   206  3.09000000E+01  1.21969694E+00  1.02562598E+00  1.21969694E+00
   207  3.10500000E+01  1.21971082E+00  1.02723355E+00  1.21971082E+00
   208  3.12000000E+01  1.21972446E+00  1.02891601E+00  1.21972446E+00
   209  3.13500000E+01  1.21973784E+00  1.03067476E+00  1.21973784E+00
   210  3.15000000E+01  1.21975097E+00  1.03251101E+00  1.21975097E+00
   211  3.16500000E+01  1.21976384E+00  1.03442578E+00  1.21976384E+00
   212  3.18000000E+01  1.21977646E+00  1.03641985E+00  1.21977646E+00
   213  3.19500000E+01  1.21978882E+00  1.03849377E+00  1.21978882E+00
   214  3.21000000E+01  1.21980092E+00  1.04064779E+00  1.21980092E+00
   215  3.22500000E+01  1.21981276E+00  1.04288191E+00  1.21981276E+00
   216  3.24000000E+01  1.21982434E+00  1.04519581E+00  1.21982434E+00
   217  3.25500000E+01  1.21983567E+00  1.04758883E+00  1.21983567E+00
   218  3.27000000E+01  1.21984673E+00  1.05006000E+00  1.21984673E+00
   219  3.28500000E+01  1.21985754E+00  1.05260801E+00  1.21985754E+00
   220  3.30000000E+01  1.21986809E+00  1.05523119E+00  1.21986809E+00
   221  3.31500000E+01  1.21987840E+00  1.05792751E+00  1.21987840E+00
   222  3.33000000E+01  1.21988845E+00  1.06069464E+00  1.21988845E+00
   223  3.34500000E+01  1.21989825E+00  1.06352985E+00  1.21989825E+00
   224  3.36000000E+01  1.21990781E+00  1.06643014E+00  1.21990781E+00
   225  3.37500000E+01  1.21991712E+00  1.06939215E+00  1.21991712E+00
   226  3.39000000E+01  1.21992619E+00  1.07241226E+00  1.21992619E+00
   227  3.40500000E+01  1.21993503E+00  1.07548656E+00  1.21993503E+00
   228  3.42000000E+01  1.21994364E+00  1.07861090E+00  1.21994364E+00
   229  3.43500000E+01  1.21995201E+00  1.08178090E+00  1.21995201E+00
   230  3.45000000E+01  1.21996016E+00  1.08499199E+00  1.21996016E+00
   231  3.46500000E+01  1.21996809E+00  1.08823945E+00  1.21996809E+00
   232  3.48000000E+01  1.21997580E+00  1.09151841E+00  1.21997580E+00
   233  3.49500000E+01  1.21998329E+00  1.09482393E+00  1.21998329E+00
   234  3.51000000E+01  1.21999058E+00  1.09815100E+00  1.21999058E+00
   235  3.52500000E+01  1.21999765E+00  1.10149461E+00  1.21999765E+00
   236  3.54000000E+01  1.22000453E+00  1.10484977E+00  1.22000453E+00
   237  3.55500000E+01  1.22001121E+00  1.10821157E+00  1.22001121E+00
   238  3.57000000E+01  1.22001770E+00  1.11157522E+00  1.22001770E+00
   239  3.58500000E+01  1.22002400E+00  1.11493609E+00  1.22002400E+00
   240  3.60000000E+01  1.22003055E+00  1.11828980E+00  1.22003055E+00
   241  3.61500000E+01  1.22003694E+00  1.12163222E+00  1.22003694E+00
   242  3.63000000E+01  1.22004314E+00  1.12495952E+00  1.22004314E+00
   243  3.64500000E+01  1.22004916E+00  1.12826826E+00  1.22004916E+00
   244  3.66000000E+01  1.22005501E+00  1.13155533E+00  1.22005501E+00
   245  3.67500000E+01  1.22006068E+00  1.13481801E+00  1.22006068E+00
   246  3.69000000E+01  1.22006618E+00  1.13805396E+00  1.22006618E+00
   247  3.70500000E+01  1.22007151E+00  1.14126111E+00  1.22007151E+00
   248  3.72000000E+01  1.22007669E+00  1.14443763E+00  1.22007669E+00
   249  3.73500000E+01  1.22008171E+00  1.14758176E+00  1.22008171E+00
   250  3.75000000E+01  1.22008658E+00  1.15069169E+00  1.22008658E+00
   251  3.76500000E+01  1.22009130E+00  1.15376535E+00  1.22009130E+00
   252  3.78000000E+01  1.22009588E+00  1.15680018E+00  1.22009588E+00
   253  3.79500000E+01  1.22010032E+00  1.15979292E+00  1.22010032E+00
   254  3.81000000E+01  1.22010462E+00  1.16273937E+00  1.22010462E+00
   255  3.82500000E+01  1.22010879E+00  1.16563426E+00  1.22010879E+00
   256  3.84000000E+01  1.22011284E+00  1.16847107E+00  1.22011284E+00
   257  3.85500000E+01  1.22011676E+00  1.17124201E+00  1.22011676E+00
   258  3.87000000E+01  1.22012056E+00  1.17393808E+00  1.22012056E+00
   259  3.88500000E+01  1.22012424E+00  1.17654926E+00  1.22012424E+00
   260  3.90000000E+01  1.22012781E+00  1.17906480E+00  1.22012781E+00
   261  3.91500000E+01  1.22013127E+00  1.18147361E+00  1.22013127E+00
   262  3.93000000E+01  1.22013463E+00  1.18376481E+00  1.22013463E+00
   263  3.94500000E+01  1.22013788E+00  1.18592827E+00  1.22013788E+00
   264  3.96000000E+01  1.22014103E+00  1.18795521E+00  1.22014103E+00
   265  3.97500000E+01  1.22014409E+00  1.18983873E+00  1.22014409E+00
   266  3.99000000E+01  1.22014705E+00  1.19157432E+00  1.22014705E+00
   267  4.00500000E+01  1.22014992E+00  1.19316019E+00  1.22014992E+00
   268  4.02000000E+01  1.22015271E+00  1.19459746E+00  1.22015271E+00
   269  4.03500000E+01  1.22015541E+00  1.19589014E+00  1.22015541E+00
   270  4.05000000E+01  1.22015803E+00  1.19704494E+00  1.22015803E+00
   271  4.06500000E+01  1.22016057E+00  1.19807088E+00  1.22016057E+00
   272  4.08000000E+01  1.22016303E+00  1.19897875E+00  1.22016303E+00
   273  4.09500000E+01  1.22016542E+00  1.19978053E+00  1.22016542E+00
   274  4.11000000E+01  1.22016774E+00  1.20048864E+00  1.22016774E+00
   275  4.12500000E+01  1.22016998E+00  1.20111538E+00  1.22016998E+00
   276  4.14000000E+01  1.22017217E+00  1.20167230E+00  1.22017217E+00
   277  4.15500000E+01  1.22017428E+00  1.20216975E+00  1.22017428E+00
   278  4.17000000E+01  1.22017634E+00  1.20261660E+00  1.22017634E+00
   279  4.18500000E+01  1.22017833E+00  1.20302014E+00  1.22017833E+00
   280  4.20000000E+01  1.22018027E+00  1.20338603E+00  1.22018027E+00
   281  4.21500000E+01  1.22018215E+00  1.20371855E+00  1.22018215E+00
   282  4.23000000E+01  1.22018397E+00  1.20402078E+00  1.22018397E+00
   283  4.24500000E+01  1.22018574E+00  1.20429501E+00  1.22018574E+00
   284  4.26000000E+01  1.22018747E+00  1.20454299E+00  1.22018747E+00
   285  4.27500000E+01  1.22018914E+00  1.20476624E+00  1.22018914E+00
   286  4.29000000E+01  1.22019076E+00  1.20496632E+00  1.22019076E+00
   287  4.30500000E+01  1.22019234E+00  1.20514495E+00  1.22019234E+00
   288  4.32000000E+01  1.22019388E+00  1.20530408E+00  1.22019388E+00
   289  4.33500000E+01  1.22019537E+00  1.20544588E+00  1.22019537E+00
   290  4.35000000E+01  1.22019682E+00  1.20557268E+00  1.22019682E+00
   291  4.36500000E+01  1.22019823E+00  1.20568681E+00  1.22019823E+00
   292  4.38000000E+01  1.22019960E+00  1.20579052E+00  1.22019960E+00
   293  4.39500000E+01  1.22020094E+00  1.20588585E+00  1.22020094E+00
   294  4.41000000E+01  1.22020224E+00  1.20597451E+00  1.22020224E+00
   295  4.42500000E+01  1.22020350E+00  1.20605785E+00  1.22020350E+00
   296  4.44000000E+01  1.22020473E+00  1.20613685E+00  1.22020473E+00
   297  4.45500000E+01  1.22020592E+00  1.20621217E+00  1.22020592E+00
   298  4.47000000E+01  1.22020709E+00  1.20628415E+00  1.22020709E+00
   299  4.48500000E+01  1.22020822E+00  1.20635296E+00  1.22020822E+00
   300  4.50000000E+01  1.22020933E+00  1.20641863E+00  1.22020933E+00
   301  4.51500000E+01  1.22021040E+00  1.20648115E+00  1.22021040E+00
   302  4.53000000E+01  1.22021145E+00  1.20654053E+00  1.22021145E+00
   303  4.54500000E+01  1.22021247E+00  1.20659684E+00  1.22021247E+00
   304  4.56000000E+01  1.22021347E+00  1.20665023E+00  1.22021347E+00
   305  4.57500000E+01  1.22021444E+00  1.20670092E+00  1.22021444E+00
   306  4.59000000E+01  1.22021538E+00  1.20674920E+00  1.22021538E+00
   307  4.60500000E+01  1.22021631E+00  1.20679537E+00  1.22021631E+00
   308  4.62000000E+01  1.22021720E+00  1.20683975E+00  1.22021720E+00
   309  4.63500000E+01  1.22021808E+00  1.20688264E+00  1.22021808E+00
   310  4.65000000E+01  1.22021893E+00  1.20692428E+00  1.22021893E+00
   311  4.66500000E+01  1.22021977E+00  1.20696486E+00  1.22021977E+00
   312  4.68000000E+01  1.22022058E+00  1.20700452E+00  1.22022058E+00
   313  4.69500000E+01  1.22022137E+00  1.20704335E+00  1.22022137E+00
   314  4.71000000E+01  1.22022215E+00  1.20708137E+00  1.22022215E+00
   315  4.72500000E+01  1.22022290E+00  1.20711861E+00  1.22022290E+00
   316  4.74000000E+01  1.22022364E+00  1.20715507E+00  1.22022364E+00
   317  4.75500000E+01  1.22022436E+00  1.20719073E+00  1.22022436E+00
   318  4.77000000E+01  1.22022506E+00  1.20722560E+00  1.22022506E+00
   319  4.78500000E+01  1.22022575E+00  1.20725969E+00  1.22022575E+00
   320  4.80000000E+01  1.22022642E+00  1.20729303E+00  1.22022642E+00
   321  4.81500000E+01  1.22022707E+00  1.20732565E+00  1.22022707E+00
   322  4.83000000E+01  1.22022771E+00  1.20735761E+00  1.22022771E+00
   323  4.84500000E+01  1.22022834E+00  1.20738895E+00  1.22022834E+00
   324  4.86000000E+01  1.22022895E+00  1.20741973E+00  1.22022895E+00
   325  4.87500000E+01  1.22022954E+00  1.20744998E+00  1.22022954E+00
   326  4.89000000E+01  1.22023012E+00  1.20747975E+00  1.22023012E+00
   327  4.90500000E+01  1.22023069E+00  1.20750908E+00  1.22023069E+00
   328  4.92000000E+01  1.22023125E+00  1.20753799E+00  1.22023125E+00
   329  4.93500000E+01  1.22023179E+00  1.20756649E+00  1.22023179E+00
   330  4.95000000E+01  1.22023232E+00  1.20759462E+00  1.22023232E+00
   331  4.96500000E+01  1.22023284E+00  1.20762238E+00  1.22023284E+00
   332  4.98000000E+01  1.22023335E+00  1.20764978E+00  1.22023335E+00
   333  4.99500000E+01  1.22023384E+00  1.20767683E+00  1.22023384E+00
   334  5.01000000E+01  1.22023432E+00  1.20770355E+00  1.22023432E+00
   335  5.02500000E+01  1.22023480E+00  1.20772995E+00  1.22023480E+00
   336  5.04000000E+01  1.22023526E+00  1.20775605E+00  1.22023526E+00
   337  5.05500000E+01  1.22023571E+00  1.20778185E+00  1.22023571E+00
   338  5.07000000E+01  1.22023615E+00  1.20780737E+00  1.22023615E+00
   339  5.08500000E+01  1.22023659E+00  1.20783262E+00  1.22023659E+00
   340  5.10000000E+01  1.22023701E+00  1.20785761E+00  1.22023701E+00
   341  5.11500000E+01  1.22023742E+00  1.20788235E+00  1.22023742E+00
   342  5.13000000E+01  1.22023782E+00  1.20790685E+00  1.22023782E+00
   343  5.14500000E+01  1.22023822E+00  1.20793111E+00  1.22023822E+00
   344  5.16000000E+01  1.22023861E+00  1.20795514E+00  1.22023861E+00
   345  5.17500000E+01  1.22023898E+00  1.20797894E+00  1.22023898E+00
   346  5.19000000E+01  1.22023935E+00  1.20800250E+00  1.22023935E+00
   347  5.20500000E+01  1.22023971E+00  1.20802585E+00  1.22023971E+00
   348  5.22000000E+01  1.22024007E+00  1.20804897E+00  1.22024007E+00
   349  5.23500000E+01  1.22024041E+00  1.20807186E+00  1.22024041E+00
   350  5.25000000E+01  1.22024075E+00  1.20809453E+00  1.22024075E+00
   351  5.26500000E+01  1.22024108E+00  1.20811697E+00  1.22024108E+00
   352  5.28000000E+01  1.22024140E+00  1.20813919E+00  1.22024140E+00
   353  5.29500000E+01  1.22024172E+00  1.20816118E+00  1.22024172E+00
   354  5.31000000E+01  1.22024202E+00  1.20818294E+00  1.22024202E+00
   355  5.32500000E+01  1.22024233E+00  1.20820447E+00  1.22024233E+00
   356  5.34000000E+01  1.22024262E+00  1.20822576E+00  1.22024262E+00
   357  5.35500000E+01  1.22024291E+00  1.20824681E+00  1.22024291E+00
   358  5.37000000E+01  1.22024319E+00  1.20826762E+00  1.22024319E+00
   359  5.38500000E+01  1.22024347E+00  1.20828819E+00  1.22024347E+00
   360  5.40000000E+01  1.22024374E+00  1.20830851E+00  1.22024374E+00
   361  5.41500000E+01  1.22024400E+00  1.20832858E+00  1.22024400E+00
   362  5.43000000E+01  1.22024426E+00  1.20834839E+00  1.22024426E+00
   363  5.44500000E+01  1.22024451E+00  1.20836794E+00  1.22024451E+00
   364  5.46000000E+01  1.22024476E+00  1.20838723E+00  1.22024476E+00
   365  5.47500000E+01  1.22024500E+00  1.20840626E+00  1.22024500E+00
   366  5.49000000E+01  1.22024524E+00  1.20842501E+00  1.22024524E+00
   367  5.50500000E+01  1.22024547E+00  1.20844349E+00  1.22024547E+00
   368  5.52000000E+01  1.22024569E+00  1.20846170E+00  1.22024569E+00
   369  5.53500000E+01  1.22024591E+00  1.20847963E+00  1.22024591E+00
   370  5.55000000E+01  1.22024613E+00  1.20849728E+00  1.22024613E+00
   371  5.56500000E+01  1.22024634E+00  1.20851464E+00  1.22024634E+00
   372  5.58000000E+01  1.22024655E+00  1.20853172E+00  1.22024655E+00
   373  5.59500000E+01  1.22024675E+00  1.20854851E+00  1.22024675E+00
   374  5.61000000E+01  1.22024695E+00  1.20856501E+00  1.22024695E+00
   375  5.62500000E+01  1.22024714E+00  1.20858122E+00  1.22024714E+00
   376  5.64000000E+01  1.22024733E+00  1.20859713E+00  1.22024733E+00
   377  5.65500000E+01  1.22024751E+00  1.20861276E+00  1.22024751E+00
   378  5.67000000E+01  1.22024769E+00  1.20862809E+00  1.22024769E+00
   379  5.68500000E+01  1.22024787E+00  1.20864312E+00  1.22024787E+00
   380  5.70000000E+01  1.22024804E+00  1.20865786E+00  1.22024804E+00
   381  5.71500000E+01  1.22024821E+00  1.20867231E+00  1.22024821E+00
   382  5.73000000E+01  1.22024837E+00  1.20868647E+00  1.22024837E+00
   383  5.74500000E+01  1.22024854E+00  1.20870033E+00  1.22024854E+00
   384  5.76000000E+01  1.22024869E+00  1.20871390E+00  1.22024869E+00
   385  5.77500000E+01  1.22024885E+00  1.20872718E+00  1.22024885E+00
   386  5.79000000E+01  1.22024900E+00  1.20874017E+00  1.22024900E+00
   387  5.80500000E+01  1.22024915E+00  1.20875287E+00  1.22024915E+00
   388  5.82000000E+01  1.22024929E+00  1.20876529E+00  1.22024929E+00
   389  5.83500000E+01  1.22024943E+00  1.20877743E+00  1.22024943E+00
   390  5.85000000E+01  1.22024957E+00  1.20878928E+00  1.22024957E+00
   391  5.86500000E+01  1.22024970E+00  1.20880086E+00  1.22024970E+00
   392  5.88000000E+01  1.22024983E+00  1.20881217E+00  1.22024983E+00
   393  5.89500000E+01  1.22024996E+00  1.20882320E+00  1.22024996E+00
   394  5.91000000E+01  1.22025009E+00  1.20883397E+00  1.22025009E+00
   395  5.92500000E+01  1.22025021E+00  1.20884446E+00  1.22025021E+00
   396  5.94000000E+01  1.22025033E+00  1.20885470E+00  1.22025033E+00
   397  5.95500000E+01  1.22025045E+00  1.20886468E+00  1.22025045E+00
   398  5.97000000E+01  1.22025057E+00  1.20887441E+00  1.22025057E+00
   399  5.98500000E+01  1.22025068E+00  1.20888389E+00  1.22025068E+00
   400  6.00000000E+01  1.22025079E+00  1.20889312E+00  1.22025079E+00
   401  6.01500000E+01  1.22025090E+00  1.20890211E+00  1.22025090E+00
   402  6.03000000E+01  1.22025100E+00  1.20891086E+00  1.22025100E+00
   403  6.04500000E+01  1.22025110E+00  1.20891938E+00  1.22025110E+00
   404  6.06000000E+01  1.22025120E+00  1.20892767E+00  1.22025120E+00
   405  6.07500000E+01  1.22025130E+00  1.20893574E+00  1.22025130E+00
   406  6.09000000E+01  1.22025140E+00  1.20894358E+00  1.22025140E+00
   407  6.10500000E+01  1.22025149E+00  1.20895121E+00  1.22025149E+00
   408  6.12000000E+01  1.22025158E+00  1.20895863E+00  1.22025158E+00
   409  6.13500000E+01  1.22025167E+00  1.20896584E+00  1.22025167E+00
   410  6.15000000E+01  1.22025176E+00  1.20897285E+00  1.22025176E+00
   411  6.16500000E+01  1.22025185E+00  1.20897966E+00  1.22025185E+00
   412  6.18000000E+01  1.22025193E+00  1.20898628E+00  1.22025193E+00
   413  6.19500000E+01  1.22025201E+00  1.20899271E+00  1.22025201E+00
   414  6.21000000E+01  1.22025209E+00  1.20899896E+00  1.22025209E+00
   415  6.22500000E+01  1.22025217E+00  1.20900503E+00  1.22025217E+00
   416  6.24000000E+01  1.22025225E+00  1.20901092E+00  1.22025225E+00
   417  6.25500000E+01  1.22025233E+00  1.20901664E+00  1.22025233E+00
   418  6.27000000E+01  1.22025240E+00  1.20902219E+00  1.22025240E+00
   419  6.28500000E+01  1.22025247E+00  1.20902759E+00  1.22025247E+00
   420  6.30000000E+01  1.22025254E+00  1.20903282E+00  1.22025254E+00
   421  6.31500000E+01  1.22025261E+00  1.20903790E+00  1.22025261E+00
   422  6.33000000E+01  1.22025268E+00  1.20904283E+00  1.22025268E+00
   423  6.34500000E+01  1.22025274E+00  1.20904762E+00  1.22025274E+00
   424  6.36000000E+01  1.22025281E+00  1.20905227E+00  1.22025281E+00
   425  6.37500000E+01  1.22025287E+00  1.20905677E+00  1.22025287E+00
   426  6.39000000E+01  1.22025293E+00  1.20906115E+00  1.22025293E+00
   427  6.40500000E+01  1.22025299E+00  1.20906539E+00  1.22025299E+00
   428  6.42000000E+01  1.22025305E+00  1.20906951E+00  1.22025305E+00
   429  6.43500000E+01  1.22025311E+00  1.20907350E+00  1.22025311E+00
   430  6.45000000E+01  1.22025316E+00  1.20907738E+00  1.22025316E+00
   431  6.46500000E+01  1.22025322E+00  1.20908114E+00  1.22025322E+00
   432  6.48000000E+01  1.22025327E+00  1.20908479E+00  1.22025327E+00
   433  6.49500000E+01  1.22025332E+00  1.20908833E+00  1.22025332E+00
   434  6.51000000E+01  1.22025338E+00  1.20909177E+00  1.22025338E+00
   435  6.52500000E+01  1.22025343E+00  1.20909510E+00  1.22025343E+00
   436  6.54000000E+01  1.22025348E+00  1.20909834E+00  1.22025348E+00
   437  6.55500000E+01  1.22025352E+00  1.20910148E+00  1.22025352E+00
   438  6.57000000E+01  1.22025357E+00  1.20910452E+00  1.22025357E+00
   439  6.58500000E+01  1.22025362E+00  1.20910748E+00  1.22025362E+00
   440  6.60000000E+01  1.22025366E+00  1.20911035E+00  1.22025366E+00
   441  6.61500000E+01  1.22025371E+00  1.20911313E+00  1.22025371E+00
   442  6.63000000E+01  1.22025375E+00  1.20911584E+00  1.22025375E+00
   443  6.64500000E+01  1.22025379E+00  1.20911846E+00  1.22025379E+00
   444  6.66000000E+01  1.22025383E+00  1.20912101E+00  1.22025383E+00
   445  6.67500000E+01  1.22025387E+00  1.20912348E+00  1.22025387E+00
   446  6.69000000E+01  1.22025391E+00  1.20912588E+00  1.22025391E+00
   447  6.70500000E+01  1.22025395E+00  1.20912821E+00  1.22025395E+00
   448  6.72000000E+01  1.22025399E+00  1.20913048E+00  1.22025399E+00
   449  6.73500000E+01  1.22025403E+00  1.20913268E+00  1.22025403E+00
   450  6.75000000E+01  1.22025406E+00  1.20913482E+00  1.22025406E+00
   451  6.76500000E+01  1.22025410E+00  1.20913689E+00  1.22025410E+00
   452  6.78000000E+01  1.22025413E+00  1.20913891E+00  1.22025413E+00
   453  6.79500000E+01  1.22025417E+00  1.20914087E+00  1.22025417E+00
   454  6.81000000E+01  1.22025420E+00  1.20914277E+00  1.22025420E+00
   455  6.82500000E+01  1.22025423E+00  1.20914462E+00  1.22025423E+00
   456  6.84000000E+01  1.22025426E+00  1.20914642E+00  1.22025426E+00
   457  6.85500000E+01  1.22025429E+00  1.20914817E+00  1.22025429E+00
   458  6.87000000E+01  1.22025432E+00  1.20914987E+00  1.22025432E+00
   459  6.88500000E+01  1.22025435E+00  1.20915153E+00  1.22025435E+00
   460  6.90000000E+01  1.22025438E+00  1.20915314E+00  1.22025438E+00
   461  6.91500000E+01  1.22025441E+00  1.20915470E+00  1.22025441E+00
   462  6.93000000E+01  1.22025444E+00  1.20915622E+00  1.22025444E+00
   463  6.94500000E+01  1.22025447E+00  1.20915770E+00  1.22025447E+00
   464  6.96000000E+01  1.22025449E+00  1.20915914E+00  1.22025449E+00
   465  6.97500000E+01  1.22025452E+00  1.20916055E+00  1.22025452E+00
   466  6.99000000E+01  1.22025454E+00  1.20916191E+00  1.22025454E+00
   467  7.00500000E+01  1.22025457E+00  1.20916324E+00  1.22025457E+00
   468  7.02000000E+01  1.22025459E+00  1.20916454E+00  1.22025459E+00
   469  7.03500000E+01  1.22025462E+00  1.20916580E+00  1.22025462E+00
   470  7.05000000E+01  1.22025464E+00  1.20916702E+00  1.22025464E+00
   471  7.06500000E+01  1.22025466E+00  1.20916822E+00  1.22025466E+00
   472  7.08000000E+01  1.22025469E+00  1.20916938E+00  1.22025469E+00
   473  7.09500000E+01  1.22025471E+00  1.20917052E+00  1.22025471E+00
   474  7.11000000E+01  1.22025473E+00  1.20917162E+00  1.22025473E+00
   475  7.12500000E+01  1.22025475E+00  1.20917270E+00  1.22025475E+00
   476  7.14000000E+01  1.22025477E+00  1.20917375E+00  1.22025477E+00
   477  7.15500000E+01  1.22025479E+00  1.20917478E+00  1.22025479E+00
   478  7.17000000E+01  1.22025481E+00  1.20917577E+00  1.22025481E+00
   479  7.18500000E+01  1.22025483E+00  1.20917675E+00  1.22025483E+00
   480  7.20000000E+01  1.22025485E+00  1.20917770E+00  1.22025485E+00
   481  7.21500000E+01  1.22025487E+00  1.20917862E+00  1.22025487E+00
   482  7.23000000E+01  1.22025488E+00  1.20917953E+00  1.22025488E+00
   483  7.24500000E+01  1.22025490E+00  1.20918041E+00  1.22025490E+00
   484  7.26000000E+01  1.22025492E+00  1.20918127E+00  1.22025492E+00
   485  7.27500000E+01  1.22025494E+00  1.20918210E+00  1.22025494E+00
   486  7.29000000E+01  1.22025495E+00  1.20918292E+00  1.22025495E+00
   487  7.30500000E+01  1.22025497E+00  1.20918372E+00  1.22025497E+00
   488  7.32000000E+01  1.22025498E+00  1.20918450E+00  1.22025498E+00
   489  7.33500000E+01  1.22025500E+00  1.20918526E+00  1.22025500E+00
   490  7.35000000E+01  1.22025502E+00  1.20918600E+00  1.22025502E+00
   491  7.36500000E+01  1.22025503E+00  1.20918673E+00  1.22025503E+00
   492  7.38000000E+01  1.22025504E+00  1.20918744E+00  1.22025504E+00
   493  7.39500000E+01  1.22025506E+00  1.20918813E+00  1.22025506E+00
   494  7.41000000E+01  1.22025507E+00  1.20918880E+00  1.22025507E+00
   495  7.42500000E+01  1.22025509E+00  1.20918946E+00  1.22025509E+00
   496  7.44000000E+01  1.22025510E+00  1.20919011E+00  1.22025510E+00
   497  7.45500000E+01  1.22025511E+00  1.20919073E+00  1.22025511E+00
   498  7.47000000E+01  1.22025513E+00  1.20919135E+00  1.22025513E+00
   499  7.48500000E+01  1.22025514E+00  1.20919195E+00  1.22025514E+00
   500  7.50000000E+01  1.22025515E+00  1.20919253E+00  1.22025515E+00
   501  7.51500000E+01  1.22025516E+00  1.20919311E+00  1.22025516E+00
   502  7.53000000E+01  1.22025517E+00  1.20919367E+00  1.22025517E+00
   503  7.54500000E+01  1.22025519E+00  1.20919421E+00  1.22025519E+00
   504  7.56000000E+01  1.22025520E+00  1.20919475E+00  1.22025520E+00
   505  7.57500000E+01  1.22025521E+00  1.20919527E+00  1.22025521E+00
   506  7.59000000E+01  1.22025522E+00  1.20919578E+00  1.22025522E+00
   507  7.60500000E+01  1.22025523E+00  1.20919628E+00  1.22025523E+00
   508  7.62000000E+01  1.22025524E+00  1.20919677E+00  1.22025524E+00
   509  7.63500000E+01  1.22025525E+00  1.20919724E+00  1.22025525E+00
   510  7.65000000E+01  1.22025526E+00  1.20919771E+00  1.22025526E+00
   511  7.66500000E+01  1.22025527E+00  1.20919816E+00  1.22025527E+00
   512  7.68000000E+01  1.22025528E+00  1.20919861E+00  1.22025528E+00
   513  7.69500000E+01  1.22025529E+00  1.20919904E+00  1.22025529E+00
   514  7.71000000E+01  1.22025530E+00  1.20919947E+00  1.22025530E+00
   515  7.72500000E+01  1.22025531E+00  1.20919988E+00  1.22025531E+00
   516  7.74000000E+01  1.22025531E+00  1.20920029E+00  1.22025531E+00
   517  7.75500000E+01  1.22025532E+00  1.20920069E+00  1.22025532E+00
   518  7.77000000E+01  1.22025533E+00  1.20920107E+00  1.22025533E+00
   519  7.78500000E+01  1.22025534E+00  1.20920145E+00  1.22025534E+00
   520  7.80000000E+01  1.22025535E+00  1.20920183E+00  1.22025535E+00
   521  7.81500000E+01  1.22025536E+00  1.20920219E+00  1.22025536E+00
   522  7.83000000E+01  1.22025536E+00  1.20920254E+00  1.22025536E+00
   523  7.84500000E+01  1.22025537E+00  1.20920289E+00  1.22025537E+00
   524  7.86000000E+01  1.22025538E+00  1.20920323E+00  1.22025538E+00
   525  7.87500000E+01  1.22025539E+00  1.20920356E+00  1.22025539E+00
   526  7.89000000E+01  1.22025539E+00  1.20920388E+00  1.22025539E+00
   527  7.90500000E+01  1.22025540E+00  1.20920420E+00  1.22025540E+00
   528  7.92000000E+01  1.22025541E+00  1.20920451E+00  1.22025541E+00
   529  7.93500000E+01  1.22025541E+00  1.20920481E+00  1.22025541E+00
   530  7.95000000E+01  1.22025542E+00  1.20920511E+00  1.22025542E+00
   531  7.96500000E+01  1.22025543E+00  1.20920540E+00  1.22025543E+00
   532  7.98000000E+01  1.22025543E+00  1.20920568E+00  1.22025543E+00
   533  7.99500000E+01  1.22025544E+00  1.20920596E+00  1.22025544E+00
   534  8.01000000E+01  1.22025544E+00  1.20920623E+00  1.22025544E+00
   535  8.02500000E+01  1.22025545E+00  1.20920649E+00  1.22025545E+00
   536  8.04000000E+01  1.22025545E+00  1.20920675E+00  1.22025545E+00
   537  8.05500000E+01  1.22025546E+00  1.20920700E+00  1.22025546E+00
   538  8.07000000E+01  1.22025547E+00  1.20920725E+00  1.22025547E+00
   539  8.08500000E+01  1.22025547E+00  1.20920749E+00  1.22025547E+00
   540  8.10000000E+01  1.22025548E+00  1.20920773E+00  1.22025548E+00
   541  8.11500000E+01  1.22025548E+00  1.20920796E+00  1.22025548E+00
   542  8.13000000E+01  1.22025549E+00  1.20920819E+00  1.22025549E+00
   543  8.14500000E+01  1.22025549E+00  1.20920841E+00  1.22025549E+00
   544  8.16000000E+01  1.22025550E+00  1.20920862E+00  1.22025550E+00
   545  8.17500000E+01  1.22025550E+00  1.20920884E+00  1.22025550E+00
   546  8.19000000E+01  1.22025551E+00  1.20920904E+00  1.22025551E+00
   547  8.20500000E+01  1.22025551E+00  1.20920924E+00  1.22025551E+00
   548  8.22000000E+01  1.22025551E+00  1.20920944E+00  1.22025551E+00
   549  8.23500000E+01  1.22025552E+00  1.20920963E+00  1.22025552E+00
   550  8.25000000E+01  1.22025552E+00  1.20920982E+00  1.22025552E+00
   551  8.26500000E+01  1.22025553E+00  1.20921001E+00  1.22025553E+00
   552  8.28000000E+01  1.22025553E+00  1.20921019E+00  1.22025553E+00
   553  8.29500000E+01  1.22025554E+00  1.20921036E+00  1.22025554E+00
   554  8.31000000E+01  1.22025554E+00  1.20921054E+00  1.22025554E+00
   555  8.32500000E+01  1.22025554E+00  1.20921071E+00  1.22025554E+00
   556  8.34000000E+01  1.22025555E+00  1.20921087E+00  1.22025555E+00
   557  8.35500000E+01  1.22025555E+00  1.20921103E+00  1.22025555E+00
   558  8.37000000E+01  1.22025555E+00  1.20921119E+00  1.22025555E+00
   559  8.38500000E+01  1.22025556E+00  1.20921134E+00  1.22025556E+00
   560  8.40000000E+01  1.22025556E+00  1.20921149E+00  1.22025556E+00
   561  8.41500000E+01  1.22025556E+00  1.20921164E+00  1.22025556E+00
   562  8.43000000E+01  1.22025557E+00  1.20921179E+00  1.22025557E+00
   563  8.44500000E+01  1.22025557E+00  1.20921193E+00  1.22025557E+00
   564  8.46000000E+01  1.22025557E+00  1.20921206E+00  1.22025557E+00
   565  8.47500000E+01  1.22025558E+00  1.20921220E+00  1.22025558E+00
   566  8.49000000E+01  1.22025558E+00  1.20921233E+00  1.22025558E+00
   567  8.50500000E+01  1.22025558E+00  1.20921246E+00  1.22025558E+00
   568  8.52000000E+01  1.22025559E+00  1.20921258E+00  1.22025559E+00
   569  8.53500000E+01  1.22025559E+00  1.20921271E+00  1.22025559E+00
   570  8.55000000E+01  1.22025559E+00  1.20921283E+00  1.22025559E+00
   571  8.56500000E+01  1.22025559E+00  1.20921295E+00  1.22025559E+00
   572  8.58000000E+01  1.22025560E+00  1.20921306E+00  1.22025560E+00
   573  8.59500000E+01  1.22025560E+00  1.20921317E+00  1.22025560E+00
   574  8.61000000E+01  1.22025560E+00  1.20921328E+00  1.22025560E+00
   575  8.62500000E+01  1.22025560E+00  1.20921339E+00  1.22025560E+00
   576  8.64000000E+01  1.22025561E+00  1.20921350E+00  1.22025561E+00
   577  8.65500000E+01  1.22025561E+00  1.20921360E+00  1.22025561E+00
   578  8.67000000E+01  1.22025561E+00  1.20921370E+00  1.22025561E+00
   579  8.68500000E+01  1.22025561E+00  1.20921380E+00  1.22025561E+00
   580  8.70000000E+01  1.22025562E+00  1.20921389E+00  1.22025562E+00
   581  8.71500000E+01  1.22025562E+00  1.20921399E+00  1.22025562E+00
   582  8.73000000E+01  1.22025562E+00  1.20921408E+00  1.22025562E+00
   583  8.74500000E+01  1.22025562E+00  1.20921417E+00  1.22025562E+00
   584  8.76000000E+01  1.22025562E+00  1.20921426E+00  1.22025562E+00
   585  8.77500000E+01  1.22025563E+00  1.20921434E+00  1.22025563E+00
   586  8.79000000E+01  1.22025563E+00  1.20921443E+00  1.22025563E+00
   587  8.80500000E+01  1.22025563E+00  1.20921451E+00  1.22025563E+00
   588  8.82000000E+01  1.22025563E+00  1.20921459E+00  1.22025563E+00
   589  8.83500000E+01  1.22025563E+00  1.20921467E+00  1.22025563E+00
   590  8.85000000E+01  1.22025564E+00  1.20921474E+00  1.22025564E+00
   591  8.86500000E+01  1.22025564E+00  1.20921482E+00  1.22025564E+00
   592  8.88000000E+01  1.22025564E+00  1.20921489E+00  1.22025564E+00
   593  8.89500000E+01  1.22025564E+00  1.20921496E+00  1.22025564E+00
   594  8.91000000E+01  1.22025564E+00  1.20921503E+00  1.22025564E+00
   595  8.92500000E+01  1.22025565E+00  1.20921510E+00  1.22025565E+00
   596  8.94000000E+01  1.22025565E+00  1.20921517E+00  1.22025565E+00
   597  8.95500000E+01  1.22025565E+00  1.20921523E+00  1.22025565E+00
   598  8.97000000E+01  1.22025565E+00  1.20921530E+00  1.22025565E+00
   599  8.98500000E+01  1.22025565E+00  1.20921536E+00  1.22025565E+00
   600  9.00000000E+01  1.22025565E+00  1.20921542E+00  1.22025565E+00
   601  9.01500000E+01  1.22025565E+00  1.20921548E+00  1.22025565E+00
   602  9.03000000E+01  1.22025566E+00  1.20921554E+00  1.22025566E+00
   603  9.04500000E+01  1.22025566E+00  1.20921560E+00  1.22025566E+00
   604  9.06000000E+01  1.22025566E+00  1.20921566E+00  1.22025566E+00
   605  9.07500000E+01  1.22025566E+00  1.20921571E+00  1.22025566E+00
   606  9.09000000E+01  1.22025566E+00  1.20921576E+00  1.22025566E+00
   607  9.10500000E+01  1.22025566E+00  1.20921582E+00  1.22025566E+00
   608  9.12000000E+01  1.22025566E+00  1.20921587E+00  1.22025566E+00
   609  9.13500000E+01  1.22025566E+00  1.20921592E+00  1.22025566E+00
   610  9.15000000E+01  1.22025567E+00  1.20921597E+00  1.22025567E+00
   611  9.16500000E+01  1.22025567E+00  1.20921602E+00  1.22025567E+00
   612  9.18000000E+01  1.22025567E+00  1.20921606E+00  1.22025567E+00
   613  9.19500000E+01  1.22025567E+00  1.20921611E+00  1.22025567E+00
   614  9.21000000E+01  1.22025567E+00  1.20921615E+00  1.22025567E+00
   615  9.22500000E+01  1.22025567E+00  1.20921620E+00  1.22025567E+00
   616  9.24000000E+01  1.22025567E+00  1.20921624E+00  1.22025567E+00
   617  9.25500000E+01  1.22025567E+00  1.20921628E+00  1.22025567E+00
   618  9.27000000E+01  1.22025567E+00  1.20921632E+00  1.22025567E+00
   619  9.28500000E+01  1.22025568E+00  1.20921636E+00  1.22025568E+00
   620  9.30000000E+01  1.22025568E+00  1.20921640E+00  1.22025568E+00
   621  9.31500000E+01  1.22025568E+00  1.20921644E+00  1.22025568E+00
   622  9.33000000E+01  1.22025568E+00  1.20921648E+00  1.22025568E+00
   623  9.34500000E+01  1.22025568E+00  1.20921652E+00  1.22025568E+00
   624  9.36000000E+01  1.22025568E+00  1.20921655E+00  1.22025568E+00
   625  9.37500000E+01  1.22025568E+00  1.20921659E+00  1.22025568E+00
   626  9.39000000E+01  1.22025568E+00  1.20921662E+00  1.22025568E+00
   627  9.40500000E+01  1.22025568E+00  1.20921666E+00  1.22025568E+00
   628  9.42000000E+01  1.22025568E+00  1.20921669E+00  1.22025568E+00
   629  9.43500000E+01  1.22025568E+00  1.20921672E+00  1.22025568E+00
   630  9.45000000E+01  1.22025569E+00  1.20921675E+00  1.22025569E+00
   631  9.46500000E+01  1.22025569E+00  1.20921678E+00  1.22025569E+00
   632  9.48000000E+01  1.22025569E+00  1.20921681E+00  1.22025569E+00
   633  9.49500000E+01  1.22025569E+00  1.20921684E+00  1.22025569E+00
   634  9.51000000E+01  1.22025569E+00  1.20921687E+00  1.22025569E+00
   635  9.52500000E+01  1.22025569E+00  1.20921690E+00  1.22025569E+00
   636  9.54000000E+01  1.22025569E+00  1.20921693E+00  1.22025569E+00
   637  9.55500000E+01  1.22025569E+00  1.20921696E+00  1.22025569E+00
   638  9.57000000E+01  1.22025569E+00  1.20921698E+00  1.22025569E+00
   639  9.58500000E+01  1.22025569E+00  1.20921701E+00  1.22025569E+00
   640  9.60000000E+01  1.22025569E+00  1.20921703E+00  1.22025569E+00
   641  9.61500000E+01  1.22025569E+00  1.20921706E+00  1.22025569E+00
   642  9.63000000E+01  1.22025569E+00  1.20921708E+00  1.22025569E+00
   643  9.64500000E+01  1.22025569E+00  1.20921711E+00  1.22025569E+00
   644  9.66000000E+01  1.22025570E+00  1.20921713E+00  1.22025570E+00
   645  9.67500000E+01  1.22025570E+00  1.20921715E+00  1.22025570E+00
   646  9.69000000E+01  1.22025570E+00  1.20921718E+00  1.22025570E+00
   647  9.70500000E+01  1.22025570E+00  1.20921720E+00  1.22025570E+00
   648  9.72000000E+01  1.22025570E+00  1.20921722E+00  1.22025570E+00
   649  9.73500000E+01  1.22025570E+00  1.20921724E+00  1.22025570E+00
   650  9.75000000E+01  1.22025570E+00  1.20921726E+00  1.22025570E+00
   651  9.76500000E+01  1.22025570E+00  1.20921728E+00  1.22025570E+00
   652  9.78000000E+01  1.22025570E+00  1.20921730E+00  1.22025570E+00
   653  9.79500000E+01  1.22025570E+00  1.20921732E+00  1.22025570E+00
   654  9.81000000E+01  1.22025570E+00  1.20921734E+00  1.22025570E+00
   655  9.82500000E+01  1.22025570E+00  1.20921736E+00  1.22025570E+00
   656  9.84000000E+01  1.22025570E+00  1.20921737E+00  1.22025570E+00
   657  9.85500000E+01  1.22025570E+00  1.20921739E+00  1.22025570E+00
   658  9.87000000E+01  1.22025570E+00  1.20921741E+00  1.22025570E+00
   659  9.88500000E+01  1.22025570E+00  1.20921743E+00  1.22025570E+00
   660  9.90000000E+01  1.22025570E+00  1.20921744E+00  1.22025570E+00
   661  9.91500000E+01  1.22025570E+00  1.20921746E+00  1.22025570E+00
   662  9.93000000E+01  1.22025570E+00  1.20921747E+00  1.22025570E+00
   663  9.94500000E+01  1.22025570E+00  1.20921749E+00  1.22025570E+00
   664  9.96000000E+01  1.22025571E+00  1.20921751E+00  1.22025571E+00
   665  9.97500000E+01  1.22025571E+00  1.20921752E+00  1.22025571E+00
   666  9.99000000E+01  1.22025571E+00  1.20921753E+00  1.22025571E+00
   667  1.00050000E+02  1.22025571E+00  1.20921755E+00  1.22025571E+00
   668  1.00200000E+02  1.22025571E+00  1.20921756E+00  1.22025571E+00
   669  1.00350000E+02  1.22025571E+00  1.20921758E+00  1.22025571E+00
   670  1.00500000E+02  1.22025571E+00  1.20921759E+00  1.22025571E+00
   671  1.00650000E+02  1.22025571E+00  1.20921760E+00  1.22025571E+00
   672  1.00800000E+02  1.22025571E+00  1.20921762E+00  1.22025571E+00
   673  1.00950000E+02  1.22025571E+00  1.20921763E+00  1.22025571E+00
   674  1.01100000E+02  1.22025571E+00  1.20921764E+00  1.22025571E+00
   675  1.01250000E+02  1.22025571E+00  1.20921765E+00  1.22025571E+00
   676  1.01400000E+02  1.22025571E+00  1.20921766E+00  1.22025571E+00
   677  1.01550000E+02  1.22025571E+00  1.20921768E+00  1.22025571E+00
   678  1.01700000E+02  1.22025571E+00  1.20921769E+00  1.22025571E+00
   679  1.01850000E+02  1.22025571E+00  1.20921770E+00  1.22025571E+00
   680  1.02000000E+02  1.22025571E+00  1.20921771E+00  1.22025571E+00
   681  1.02150000E+02  1.22025571E+00  1.20921772E+00  1.22025571E+00
   682  1.02300000E+02  1.22025571E+00  1.20921773E+00  1.22025571E+00
   683  1.02450000E+02  1.22025571E+00  1.20921774E+00  1.22025571E+00
   684  1.02600000E+02  1.22025571E+00  1.20921775E+00  1.22025571E+00
   685  1.02750000E+02  1.22025571E+00  1.20921776E+00  1.22025571E+00
   686  1.02900000E+02  1.22025571E+00  1.20921777E+00  1.22025571E+00
   687  1.03050000E+02  1.22025571E+00  1.20921778E+00  1.22025571E+00
   688  1.03200000E+02  1.22025571E+00  1.20921779E+00  1.22025571E+00
   689  1.03350000E+02  1.22025571E+00  1.20921780E+00  1.22025571E+00
   690  1.03500000E+02  1.22025571E+00  1.20921780E+00  1.22025571E+00
   691  1.03650000E+02  1.22025571E+00  1.20921781E+00  1.22025571E+00
   692  1.03800000E+02  1.22025571E+00  1.20921782E+00  1.22025571E+00
   693  1.03950000E+02  1.22025571E+00  1.20921783E+00  1.22025571E+00
   694  1.04100000E+02  1.22025571E+00  1.20921784E+00  1.22025571E+00
   695  1.04250000E+02  1.22025571E+00  1.20921784E+00  1.22025571E+00
   696  1.04400000E+02  1.22025571E+00  1.20921785E+00  1.22025571E+00
   697  1.04550000E+02  1.22025571E+00  1.20921786E+00  1.22025571E+00
   698  1.04700000E+02  1.22025571E+00  1.20921787E+00  1.22025571E+00
   699  1.04850000E+02  1.22025572E+00  1.20921787E+00  1.22025572E+00
   700  1.05000000E+02  1.22025572E+00  1.20921788E+00  1.22025572E+00


STDERR:
