COMMAND:
/shared/extrudate_rom/generate_rom_data/extrudate_swell2d_c_cluster

STDOUT:
 comppar: model =   3
 comppar: lambda,mobility/eps,betav,eta_0 =  6.4000E+00  2.3333E-01  5.0000E-01  1.0000E+00
 comppar: eta_s,eta_p,G =  5.0000E-01  5.0000E-01  7.8125E-02
 comppar: U_avg,deltat,flowrate,nsteps =  2.0000E-01  1.5000E-01  6.2832E-01     700
 comppar: geometry = axisymmetric
 comppar: steady stop change,gap,hold,min =  1.0000E-05  1.0000E-02      10      80
 comppar: ncompc,ncompg =     4     5
 mesh nnodes = 5765
 mesh nelem = 2780
 P1 BC   5.0000000000000000     
 P2 BC   0.0000000000000000     
     1  1.50000000E-01  1.00379150E+00  1.00000000E+00  1.00379150E+00
     2  3.00000000E-01  1.00749896E+00  1.00000000E+00  1.00749896E+00
     3  4.50000000E-01  1.01112302E+00  1.00000000E+00  1.01112302E+00
     4  6.00000000E-01  1.01466522E+00  1.00000000E+00  1.01466522E+00
     5  7.50000000E-01  1.01812807E+00  1.00000000E+00  1.01812807E+00
     6  9.00000000E-01  1.02150997E+00  1.00000000E+00  1.02150997E+00
     7  1.05000000E+00  1.02482125E+00  1.00000000E+00  1.02482125E+00
     8  1.20000000E+00  1.02807436E+00  1.00000000E+00  1.02807436E+00
     9  1.35000000E+00  1.03126029E+00  1.00000000E+00  1.03126029E+00
    10  1.50000000E+00  1.03437929E+00  1.00000000E+00  1.03437929E+00
    11  1.65000000E+00  1.03746099E+00  1.00000000E+00  1.03746099E+00
    12  1.80000000E+00  1.04049176E+00  1.00000000E+00  1.04049176E+00
    13  1.95000000E+00  1.04346190E+00  1.00000000E+00  1.04346190E+00
    14  2.10000000E+00  1.04643016E+00  1.00000000E+00  1.04643016E+00
    15  2.25000000E+00  1.04931582E+00  9.99999998E-01  1.04931582E+00
    16  2.40000000E+00  1.05222751E+00  9.99999994E-01  1.05222751E+00
    17  2.55000000E+00  1.05506113E+00  9.99999989E-01  1.05506113E+00
    18  2.70000000E+00  1.05792300E+00  9.99999983E-01  1.05792300E+00
    19  2.85000000E+00  1.06069594E+00  9.99999976E-01  1.06069594E+00
    20  3.00000000E+00  1.06351342E+00  9.99999967E-01  1.06351342E+00
    21  3.15000000E+00  1.06627499E+00  9.99999956E-01  1.06627499E+00
    22  3.30000000E+00  1.06901665E+00  9.99999943E-01  1.06901665E+00
    23  3.45000000E+00  1.07177605E+00  9.99999929E-01  1.07177605E+00
    24  3.60000000E+00  1.07446182E+00  9.99999912E-01  1.07446182E+00
    25  3.75000000E+00  1.07718601E+00  9.99999892E-01  1.07718601E+00
    26  3.90000000E+00  1.07990278E+00  9.99999870E-01  1.07990278E+00
    27  4.05000000E+00  1.08255472E+00  9.99999844E-01  1.08255472E+00
    28  4.20000000E+00  1.08524562E+00  9.99999816E-01  1.08524562E+00
    29  4.35000000E+00  1.08793587E+00  9.99999783E-01  1.08793587E+00
    30  4.50000000E+00  1.09056968E+00  9.99999747E-01  1.09056968E+00
    31  4.65000000E+00  1.09316337E+00  9.99999707E-01  1.09316337E+00
    32  4.80000000E+00  1.09585852E+00  9.99999663E-01  1.09585852E+00
    33  4.95000000E+00  1.09850441E+00  9.99999614E-01  1.09850441E+00
    34  5.10000000E+00  1.10110527E+00  9.99999560E-01  1.10110527E+00
    35  5.25000000E+00  1.10366620E+00  9.99999501E-01  1.10366620E+00
    36  5.40000000E+00  1.10631411E+00  9.99999435E-01  1.10631411E+00
    37  5.55000000E+00  1.10893431E+00  9.99999364E-01  1.10893431E+00
    38  5.70000000E+00  1.11152043E+00  9.99999286E-01  1.11152043E+00
    39  5.85000000E+00  1.11407807E+00  9.99999201E-01  1.11407807E+00
    40  6.00000000E+00  1.11661289E+00  9.99999108E-01  1.11661289E+00
    41  6.15000000E+00  1.11915679E+00  9.99999008E-01  1.11915679E+00
    42  6.30000000E+00  1.12175268E+00  9.99998899E-01  1.12175268E+00
    43  6.45000000E+00  1.12432729E+00  9.99998781E-01  1.12432729E+00
    44  6.60000000E+00  1.12688409E+00  9.99998653E-01  1.12688409E+00
    45  6.75000000E+00  1.12942481E+00  9.99998515E-01  1.12942481E+00
    46  6.90000000E+00  1.13194882E+00  9.99998365E-01  1.13194882E+00
    47  7.05000000E+00  1.13445277E+00  9.99998204E-01  1.13445277E+00
    48  7.20000000E+00  1.13693061E+00  9.99998031E-01  1.13693061E+00
    49  7.35000000E+00  1.13940417E+00  9.99997845E-01  1.13940417E+00
    50  7.50000000E+00  1.14191676E+00  9.99997644E-01  1.14191676E+00
    51  7.65000000E+00  1.14439370E+00  9.99997429E-01  1.14439370E+00
    52  7.80000000E+00  1.14682532E+00  9.99997198E-01  1.14682532E+00
    53  7.95000000E+00  1.14920125E+00  9.99996950E-01  1.14920125E+00
    54  8.10000000E+00  1.15151162E+00  9.99996684E-01  1.15151162E+00
    55  8.25000000E+00  1.15380919E+00  9.99996399E-01  1.15380919E+00
    56  8.40000000E+00  1.15616014E+00  9.99996095E-01  1.15616014E+00
    57  8.55000000E+00  1.15843903E+00  9.99995769E-01  1.15843903E+00
    58  8.70000000E+00  1.16063882E+00  9.99995421E-01  1.16063882E+00
    59  8.85000000E+00  1.16275459E+00  9.99995050E-01  1.16275459E+00
    60  9.00000000E+00  1.16486721E+00  9.99994653E-01  1.16486721E+00
    61  9.15000000E+00  1.16702167E+00  9.99994230E-01  1.16702167E+00
    62  9.30000000E+00  1.16908800E+00  9.99993779E-01  1.16908800E+00
    63  9.45000000E+00  1.17106487E+00  9.99993299E-01  1.17106487E+00
    64  9.60000000E+00  1.17295257E+00  9.99992787E-01  1.17295257E+00
    65  9.75000000E+00  1.17487856E+00  9.99992243E-01  1.17487856E+00
    66  9.90000000E+00  1.17680432E+00  9.99991664E-01  1.17680432E+00
    67  1.00500000E+01  1.17863999E+00  9.99991049E-01  1.17863999E+00
    68  1.02000000E+01  1.18038702E+00  9.99990395E-01  1.18038702E+00
    69  1.03500000E+01  1.18204712E+00  9.99989701E-01  1.18204712E+00
    70  1.05000000E+01  1.18381272E+00  9.99988965E-01  1.18381272E+00
    71  1.06500000E+01  1.18550295E+00  9.99988185E-01  1.18550295E+00
    72  1.08000000E+01  1.18710677E+00  9.99987357E-01  1.18710677E+00
    73  1.09500000E+01  1.18862579E+00  9.99986481E-01  1.18862579E+00
    74  1.11000000E+01  1.19014124E+00  9.99985553E-01  1.19014124E+00
    75  1.12500000E+01  1.19168943E+00  9.99984572E-01  1.19168943E+00
    76  1.14000000E+01  1.19315274E+00  9.99983534E-01  1.19315274E+00
    77  1.15500000E+01  1.19453259E+00  9.99982437E-01  1.19453259E+00
    78  1.17000000E+01  1.19583029E+00  9.99981278E-01  1.19583029E+00
    79  1.18500000E+01  1.19723015E+00  9.99980055E-01  1.19723015E+00
    80  1.20000000E+01  1.19855519E+00  9.99978765E-01  1.19855519E+00
    81  1.21500000E+01  1.19979875E+00  9.99977405E-01  1.19979875E+00
    82  1.23000000E+01  1.20096233E+00  9.99975971E-01  1.20096233E+00
    83  1.24500000E+01  1.20214035E+00  9.99974462E-01  1.20214035E+00
    84  1.26000000E+01  1.20333035E+00  9.99972873E-01  1.20333035E+00
    85  1.27500000E+01  1.20444161E+00  9.99971202E-01  1.20444161E+00
    86  1.29000000E+01  1.20547632E+00  9.99969445E-01  1.20547632E+00
    87  1.30500000E+01  1.20646372E+00  9.99967600E-01  1.20646372E+00
    88  1.32000000E+01  1.20752427E+00  9.99965664E-01  1.20752427E+00
    89  1.33500000E+01  1.20850971E+00  9.99963632E-01  1.20850971E+00
    90  1.35000000E+01  1.20942295E+00  9.99961502E-01  1.20942295E+00
    91  1.36500000E+01  1.21026731E+00  9.99959271E-01  1.21026731E+00
    92  1.38000000E+01  1.21120262E+00  9.99956935E-01  1.21120262E+00
    93  1.39500000E+01  1.21207093E+00  9.99954493E-01  1.21207093E+00
    94  1.41000000E+01  1.21287254E+00  9.99951939E-01  1.21287254E+00
    95  1.42500000E+01  1.21361114E+00  9.99949273E-01  1.21361114E+00
    96  1.44000000E+01  1.21440528E+00  9.99946490E-01  1.21440528E+00
    97  1.45500000E+01  1.21516554E+00  9.99943588E-01  1.21516554E+00
    98  1.47000000E+01  1.21586515E+00  9.99940566E-01  1.21586515E+00
    99  1.48500000E+01  1.21650794E+00  9.99937419E-01  1.21650794E+00
   100  1.50000000E+01  1.21717127E+00  9.99934148E-01  1.21717127E+00
   101  1.51500000E+01  1.21783448E+00  9.99930749E-01  1.21783448E+00
   102  1.53000000E+01  1.21844308E+00  9.99927221E-01  1.21844308E+00
   103  1.54500000E+01  1.21900080E+00  9.99923563E-01  1.21900080E+00
   104  1.56000000E+01  1.21953694E+00  9.99919776E-01  1.21953694E+00
   105  1.57500000E+01  1.22011315E+00  9.99915857E-01  1.22011315E+00
   106  1.59000000E+01  1.22064076E+00  9.99911808E-01  1.22064076E+00
   107  1.60500000E+01  1.22112322E+00  9.99907630E-01  1.22112322E+00
   108  1.62000000E+01  1.22156372E+00  9.99903323E-01  1.22156372E+00
   109  1.63500000E+01  1.22205103E+00  9.99898890E-01  1.22205103E+00
   110  1.65000000E+01  1.22250710E+00  9.99894335E-01  1.22250710E+00
   111  1.66500000E+01  1.22292307E+00  9.99889660E-01  1.22292307E+00
   112  1.68000000E+01  1.22330185E+00  9.99884871E-01  1.22330185E+00
   113  1.69500000E+01  1.22368194E+00  9.99879973E-01  1.22368194E+00
   114  1.71000000E+01  1.22407531E+00  9.99874973E-01  1.22407531E+00
   115  1.72500000E+01  1.22443320E+00  9.99869879E-01  1.22443320E+00
   116  1.74000000E+01  1.22475819E+00  9.99864700E-01  1.22475819E+00
   117  1.75500000E+01  1.22505458E+00  9.99859448E-01  1.22505458E+00
   118  1.77000000E+01  1.22539251E+00  9.99854135E-01  1.22539251E+00
   119  1.78500000E+01  1.22569907E+00  9.99848775E-01  1.22569907E+00
   120  1.80000000E+01  1.22597660E+00  9.99843385E-01  1.22597660E+00
   121  1.81500000E+01  1.22622727E+00  9.99837982E-01  1.22622727E+00
   122  1.83000000E+01  1.22648156E+00  9.99832587E-01  1.22648156E+00
   123  1.84500000E+01  1.22674355E+00  9.99827224E-01  1.22674355E+00
   124  1.86000000E+01  1.22697994E+00  9.99821916E-01  1.22697994E+00
   125  1.87500000E+01  1.22719270E+00  9.99816694E-01  1.22719270E+00
   126  1.89000000E+01  1.22738369E+00  9.99811588E-01  1.22738369E+00
   127  1.90500000E+01  1.22759687E+00  9.99806632E-01  1.22759687E+00
   128  1.92000000E+01  1.22779710E+00  9.99801865E-01  1.22779710E+00
   129  1.93500000E+01  1.22797662E+00  9.99797329E-01  1.22797662E+00
   130  1.95000000E+01  1.22813711E+00  9.99793068E-01  1.22813711E+00
   131  1.96500000E+01  1.22828011E+00  9.99789135E-01  1.22828011E+00
   132  1.98000000E+01  1.22844623E+00  9.99785583E-01  1.22844623E+00
   133  1.99500000E+01  1.22859716E+00  9.99782472E-01  1.22859716E+00
   134  2.01000000E+01  1.22873147E+00  9.99779868E-01  1.22873147E+00
   135  2.02500000E+01  1.22885052E+00  9.99777841E-01  1.22885052E+00
   136  2.04000000E+01  1.22895584E+00  9.99776469E-01  1.22895584E+00
   137  2.05500000E+01  1.22908178E+00  9.99775835E-01  1.22908178E+00
   138  2.07000000E+01  1.22919322E+00  9.99776030E-01  1.22919322E+00
   139  2.08500000E+01  1.22929139E+00  9.99777150E-01  1.22929139E+00
   140  2.10000000E+01  1.22937740E+00  9.99779303E-01  1.22937740E+00
   141  2.11500000E+01  1.22945230E+00  9.99782601E-01  1.22945230E+00
   142  2.13000000E+01  1.22953744E+00  9.99787168E-01  1.22953744E+00
   143  2.14500000E+01  1.22961777E+00  9.99793136E-01  1.22961777E+00
   144  2.16000000E+01  1.22968752E+00  9.99800647E-01  1.22968752E+00
   145  2.17500000E+01  1.22974762E+00  9.99809856E-01  1.22974762E+00
   146  2.19000000E+01  1.22979889E+00  9.99820925E-01  1.22979889E+00
   147  2.20500000E+01  1.22984677E+00  9.99834033E-01  1.22984677E+00
   148  2.22000000E+01  1.22990235E+00  9.99849368E-01  1.22990235E+00
   149  2.23500000E+01  1.22994955E+00  9.99867133E-01  1.22994955E+00
   150  2.25000000E+01  1.22998912E+00  9.99887547E-01  1.22998912E+00
   151  2.26500000E+01  1.23002176E+00  9.99910841E-01  1.23002176E+00
   152  2.28000000E+01  1.23004809E+00  9.99937264E-01  1.23004809E+00
   153  2.29500000E+01  1.23007094E+00  9.99967083E-01  1.23007094E+00
   154  2.31000000E+01  1.23010062E+00  1.00000058E+00  1.23010062E+00
   155  2.32500000E+01  1.23012432E+00  1.00003806E+00  1.23012432E+00
   156  2.34000000E+01  1.23014261E+00  1.00007984E+00  1.23014261E+00
   157  2.35500000E+01  1.23015601E+00  1.00012627E+00  1.23015601E+00
   158  2.37000000E+01  1.23016501E+00  1.00017771E+00  1.23016501E+00
   159  2.38500000E+01  1.23017005E+00  1.00023456E+00  1.23017005E+00
   160  2.40000000E+01  1.23017315E+00  1.00029721E+00  1.23017315E+00
   161  2.41500000E+01  1.23018036E+00  1.00036612E+00  1.23018036E+00
   162  2.43000000E+01  1.23018385E+00  1.00044175E+00  1.23018385E+00
   163  2.44500000E+01  1.23018400E+00  1.00052459E+00  1.23018400E+00
   164  2.46000000E+01  1.23018120E+00  1.00061516E+00  1.23018120E+00
   165  2.47500000E+01  1.23017576E+00  1.00071402E+00  1.23017576E+00
   166  2.49000000E+01  1.23016801E+00  1.00082175E+00  1.23016801E+00
   167  2.50500000E+01  1.23015824E+00  1.00093898E+00  1.23015824E+00
   168  2.52000000E+01  1.23014670E+00  1.00106635E+00  1.23014670E+00
   169  2.53500000E+01  1.23013388E+00  1.00120457E+00  1.23013388E+00
   170  2.55000000E+01  1.23012352E+00  1.00135436E+00  1.23012352E+00
   171  2.56500000E+01  1.23011152E+00  1.00151648E+00  1.23011152E+00
   172  2.58000000E+01  1.23009811E+00  1.00169176E+00  1.23009811E+00
   173  2.59500000E+01  1.23008351E+00  1.00188104E+00  1.23008351E+00
   174  2.61000000E+01  1.23006791E+00  1.00208522E+00  1.23006791E+00
   175  2.62500000E+01  1.23005150E+00  1.00230525E+00  1.23005150E+00
   176  2.64000000E+01  1.23003443E+00  1.00254212E+00  1.23003443E+00
   177  2.65500000E+01  1.23001687E+00  1.00279686E+00  1.23001687E+00
   178  2.67000000E+01  1.22999894E+00  1.00307057E+00  1.22999894E+00
   179  2.68500000E+01  1.22998078E+00  1.00336439E+00  1.22998078E+00
   180  2.70000000E+01  1.22996249E+00  1.00367950E+00  1.22996249E+00
   181  2.71500000E+01  1.22994419E+00  1.00401717E+00  1.22994419E+00
   182  2.73000000E+01  1.22992595E+00  1.00437869E+00  1.22992595E+00
   183  2.74500000E+01  1.22990786E+00  1.00476542E+00  1.22990786E+00
   184  2.76000000E+01  1.22989001E+00  1.00517877E+00  1.22989001E+00
   185  2.77500000E+01  1.22987245E+00  1.00562022E+00  1.22987245E+00
   186  2.79000000E+01  1.22985523E+00  1.00609129E+00  1.22985523E+00
   187  2.80500000E+01  1.22983842E+00  1.00659357E+00  1.22983842E+00
   188  2.82000000E+01  1.22982206E+00  1.00712869E+00  1.22982206E+00
   189  2.83500000E+01  1.22980618E+00  1.00769836E+00  1.22980618E+00
   190  2.85000000E+01  1.22979082E+00  1.00830432E+00  1.22979082E+00
   191  2.86500000E+01  1.22977600E+00  1.00894839E+00  1.22977600E+00
   192  2.88000000E+01  1.22976174E+00  1.00963240E+00  1.22976174E+00
   193  2.89500000E+01  1.22974807E+00  1.01035828E+00  1.22974807E+00
   194  2.91000000E+01  1.22973499E+00  1.01112795E+00  1.22973499E+00
   195  2.92500000E+01  1.22972251E+00  1.01194342E+00  1.22972251E+00
   196  2.94000000E+01  1.22971065E+00  1.01280671E+00  1.22971065E+00
   197  2.95500000E+01  1.22969939E+00  1.01371986E+00  1.22969939E+00
   198  2.97000000E+01  1.22968875E+00  1.01468496E+00  1.22968875E+00
   199  2.98500000E+01  1.22967872E+00  1.01570410E+00  1.22967872E+00
   200  3.00000000E+01  1.22966994E+00  1.01677938E+00  1.22966994E+00
   201  3.01500000E+01  1.22966243E+00  1.01791289E+00  1.22966243E+00
   202  3.03000000E+01  1.22965548E+00  1.01910673E+00  1.22965548E+00
   203  3.04500000E+01  1.22964907E+00  1.02036296E+00  1.22964907E+00
   204  3.06000000E+01  1.22964320E+00  1.02168361E+00  1.22964320E+00
   205  3.07500000E+01  1.22963783E+00  1.02307064E+00  1.22963783E+00
   206  3.09000000E+01  1.22963296E+00  1.02452598E+00  1.22963296E+00
   207  3.10500000E+01  1.22962857E+00  1.02605146E+00  1.22962857E+00
   208  3.12000000E+01  1.22962463E+00  1.02764880E+00  1.22962463E+00
   209  3.13500000E+01  1.22962114E+00  1.02931965E+00  1.22962114E+00
   210  3.15000000E+01  1.22961806E+00  1.03106550E+00  1.22961806E+00
   211  3.16500000E+01  1.22961538E+00  1.03288768E+00  1.22961538E+00
   212  3.18000000E+01  1.22961309E+00  1.03478738E+00  1.22961309E+00
   213  3.19500000E+01  1.22961115E+00  1.03676558E+00  1.22961115E+00
   214  3.21000000E+01  1.22960956E+00  1.03882307E+00  1.22960956E+00
   215  3.22500000E+01  1.22960829E+00  1.04096039E+00  1.22960829E+00
   216  3.24000000E+01  1.22960733E+00  1.04317784E+00  1.22960733E+00
   217  3.25500000E+01  1.22960665E+00  1.04547547E+00  1.22960665E+00
   218  3.27000000E+01  1.22960625E+00  1.04785303E+00  1.22960625E+00
   219  3.28500000E+01  1.22960609E+00  1.05030995E+00  1.22960609E+00
   220  3.30000000E+01  1.22960617E+00  1.05284538E+00  1.22960617E+00
   221  3.31500000E+01  1.22960646E+00  1.05545811E+00  1.22960646E+00
   222  3.33000000E+01  1.22960696E+00  1.05814660E+00  1.22960696E+00
   223  3.34500000E+01  1.22960764E+00  1.06090898E+00  1.22960764E+00
   224  3.36000000E+01  1.22960849E+00  1.06374300E+00  1.22960849E+00
   225  3.37500000E+01  1.22960950E+00  1.06664610E+00  1.22960950E+00
   226  3.39000000E+01  1.22961066E+00  1.06961532E+00  1.22961066E+00
   227  3.40500000E+01  1.22961194E+00  1.07264742E+00  1.22961194E+00
   228  3.42000000E+01  1.22961333E+00  1.07573879E+00  1.22961333E+00
   229  3.43500000E+01  1.22961484E+00  1.07888554E+00  1.22961484E+00
   230  3.45000000E+01  1.22961643E+00  1.08208345E+00  1.22961643E+00
   231  3.46500000E+01  1.22961810E+00  1.08532807E+00  1.22961810E+00
   232  3.48000000E+01  1.22961985E+00  1.08861469E+00  1.22961985E+00
   233  3.49500000E+01  1.22962166E+00  1.09193836E+00  1.22962166E+00
   234  3.51000000E+01  1.22962352E+00  1.09529399E+00  1.22962352E+00
   235  3.52500000E+01  1.22962542E+00  1.09867631E+00  1.22962542E+00
   236  3.54000000E+01  1.22962736E+00  1.10207993E+00  1.22962736E+00
   237  3.55500000E+01  1.22962933E+00  1.10549940E+00  1.22962933E+00
   238  3.57000000E+01  1.22963131E+00  1.10892922E+00  1.22963131E+00
   239  3.58500000E+01  1.22963331E+00  1.11236390E+00  1.22963331E+00
   240  3.60000000E+01  1.22963532E+00  1.11579798E+00  1.22963532E+00
   241  3.61500000E+01  1.22963733E+00  1.11922610E+00  1.22963733E+00
   242  3.63000000E+01  1.22963933E+00  1.12264302E+00  1.22963933E+00
   243  3.64500000E+01  1.22964133E+00  1.12604370E+00  1.22964133E+00
   244  3.66000000E+01  1.22964331E+00  1.12942329E+00  1.22964331E+00
   245  3.67500000E+01  1.22964528E+00  1.13277724E+00  1.22964528E+00
   246  3.69000000E+01  1.22964722E+00  1.13610128E+00  1.22964722E+00
   247  3.70500000E+01  1.22964915E+00  1.13939151E+00  1.22964915E+00
   248  3.72000000E+01  1.22965104E+00  1.14264444E+00  1.22965104E+00
   249  3.73500000E+01  1.22965290E+00  1.14585697E+00  1.22965290E+00
   250  3.75000000E+01  1.22965473E+00  1.14902645E+00  1.22965473E+00
   251  3.76500000E+01  1.22965653E+00  1.15215069E+00  1.22965653E+00
   252  3.78000000E+01  1.22965829E+00  1.15522793E+00  1.22965829E+00
   253  3.79500000E+01  1.22966001E+00  1.15825684E+00  1.22966001E+00
   254  3.81000000E+01  1.22966169E+00  1.16123643E+00  1.22966169E+00
   255  3.82500000E+01  1.22966333E+00  1.16416602E+00  1.22966333E+00
   256  3.84000000E+01  1.22966493E+00  1.16704511E+00  1.22966493E+00
   257  3.85500000E+01  1.22966649E+00  1.16987329E+00  1.22966649E+00
   258  3.87000000E+01  1.22966800E+00  1.17265009E+00  1.22966800E+00
   259  3.88500000E+01  1.22966947E+00  1.17537485E+00  1.22966947E+00
   260  3.90000000E+01  1.22967090E+00  1.17804658E+00  1.22967090E+00
   261  3.91500000E+01  1.22967228E+00  1.18066382E+00  1.22967228E+00
   262  3.93000000E+01  1.22967362E+00  1.18322455E+00  1.22967362E+00
   263  3.94500000E+01  1.22967492E+00  1.18572612E+00  1.22967492E+00
   264  3.96000000E+01  1.22967617E+00  1.18816524E+00  1.22967617E+00
   265  3.97500000E+01  1.22967738E+00  1.19053800E+00  1.22967738E+00
   266  3.99000000E+01  1.22967855E+00  1.19283996E+00  1.22967855E+00
   267  4.00500000E+01  1.22967968E+00  1.19506634E+00  1.22967968E+00
   268  4.02000000E+01  1.22968077E+00  1.19721215E+00  1.22968077E+00
   269  4.03500000E+01  1.22968181E+00  1.19927252E+00  1.22968181E+00
   270  4.05000000E+01  1.22968282E+00  1.20124286E+00  1.22968282E+00
   271  4.06500000E+01  1.22968378E+00  1.20311921E+00  1.22968378E+00
   272  4.08000000E+01  1.22968471E+00  1.20489839E+00  1.22968471E+00
   273  4.09500000E+01  1.22968560E+00  1.20657828E+00  1.22968560E+00
   274  4.11000000E+01  1.22968646E+00  1.20815789E+00  1.22968646E+00
   275  4.12500000E+01  1.22968728E+00  1.20963746E+00  1.22968728E+00
   276  4.14000000E+01  1.22968807E+00  1.21101845E+00  1.22968807E+00
   277  4.15500000E+01  1.22968882E+00  1.21230344E+00  1.22968882E+00
   278  4.17000000E+01  1.22968954E+00  1.21349599E+00  1.22968954E+00
   279  4.18500000E+01  1.22969022E+00  1.21460044E+00  1.22969022E+00
   280  4.20000000E+01  1.22969088E+00  1.21562169E+00  1.22969088E+00
   281  4.21500000E+01  1.22969151E+00  1.21656494E+00  1.22969151E+00
   282  4.23000000E+01  1.22969211E+00  1.21743545E+00  1.22969211E+00
   283  4.24500000E+01  1.22969268E+00  1.21823840E+00  1.22969268E+00
   284  4.26000000E+01  1.22969323E+00  1.21897865E+00  1.22969323E+00
   285  4.27500000E+01  1.22969375E+00  1.21966073E+00  1.22969375E+00
   286  4.29000000E+01  1.22969424E+00  1.22028872E+00  1.22969424E+00
   287  4.30500000E+01  1.22969472E+00  1.22086626E+00  1.22969472E+00
   288  4.32000000E+01  1.22969517E+00  1.22139665E+00  1.22969517E+00
   289  4.33500000E+01  1.22969559E+00  1.22188284E+00  1.22969559E+00
   290  4.35000000E+01  1.22969600E+00  1.22232754E+00  1.22969600E+00
   291  4.36500000E+01  1.22969639E+00  1.22273333E+00  1.22969639E+00
   292  4.38000000E+01  1.22969675E+00  1.22310268E+00  1.22969675E+00
   293  4.39500000E+01  1.22969710E+00  1.22343803E+00  1.22969710E+00
   294  4.41000000E+01  1.22969744E+00  1.22374180E+00  1.22969744E+00
   295  4.42500000E+01  1.22969775E+00  1.22401640E+00  1.22969775E+00
   296  4.44000000E+01  1.22969805E+00  1.22426420E+00  1.22969805E+00
   297  4.45500000E+01  1.22969833E+00  1.22448753E+00  1.22969833E+00
   298  4.47000000E+01  1.22969860E+00  1.22468859E+00  1.22969860E+00
   299  4.48500000E+01  1.22969886E+00  1.22486945E+00  1.22969886E+00
   300  4.50000000E+01  1.22969910E+00  1.22503203E+00  1.22969910E+00
   301  4.51500000E+01  1.22969933E+00  1.22517802E+00  1.22969933E+00
   302  4.53000000E+01  1.22969955E+00  1.22530894E+00  1.22969955E+00
   303  4.54500000E+01  1.22969975E+00  1.22542611E+00  1.22969975E+00
   304  4.56000000E+01  1.22969995E+00  1.22553068E+00  1.22969995E+00
   305  4.57500000E+01  1.22970014E+00  1.22562362E+00  1.22970014E+00
   306  4.59000000E+01  1.22970031E+00  1.22570583E+00  1.22970031E+00
   307  4.60500000E+01  1.22970048E+00  1.22577809E+00  1.22970048E+00
   308  4.62000000E+01  1.22970064E+00  1.22584111E+00  1.22970064E+00
   309  4.63500000E+01  1.22970079E+00  1.22589557E+00  1.22970079E+00
   310  4.65000000E+01  1.22970093E+00  1.22594214E+00  1.22970093E+00
   311  4.66500000E+01  1.22970107E+00  1.22598145E+00  1.22970107E+00
   312  4.68000000E+01  1.22970119E+00  1.22601413E+00  1.22970119E+00
   313  4.69500000E+01  1.22970132E+00  1.22604077E+00  1.22970132E+00
   314  4.71000000E+01  1.22970143E+00  1.22606195E+00  1.22970143E+00
   315  4.72500000E+01  1.22970154E+00  1.22607822E+00  1.22970154E+00
   316  4.74000000E+01  1.22970165E+00  1.22609010E+00  1.22970165E+00
   317  4.75500000E+01  1.22970174E+00  1.22609805E+00  1.22970174E+00
   318  4.77000000E+01  1.22970184E+00  1.22610250E+00  1.22970184E+00
   319  4.78500000E+01  1.22970193E+00  1.22610384E+00  1.22970193E+00
   320  4.80000000E+01  1.22970201E+00  1.22610241E+00  1.22970201E+00
   321  4.81500000E+01  1.22970210E+00  1.22609852E+00  1.22970210E+00
   322  4.83000000E+01  1.22970217E+00  1.22609246E+00  1.22970217E+00
   323  4.84500000E+01  1.22970225E+00  1.22608447E+00  1.22970225E+00
   324  4.86000000E+01  1.22970232E+00  1.22607480E+00  1.22970232E+00
   325  4.87500000E+01  1.22970239E+00  1.22606365E+00  1.22970239E+00
   326  4.89000000E+01  1.22970245E+00  1.22605124E+00  1.22970245E+00
   327  4.90500000E+01  1.22970251E+00  1.22603774E+00  1.22970251E+00
   328  4.92000000E+01  1.22970257E+00  1.22602334E+00  1.22970257E+00
   329  4.93500000E+01  1.22970263E+00  1.22600820E+00  1.22970263E+00
   330  4.95000000E+01  1.22970268E+00  1.22599248E+00  1.22970268E+00
   331  4.96500000E+01  1.22970274E+00  1.22597632E+00  1.22970274E+00
   332  4.98000000E+01  1.22970279E+00  1.22595984E+00  1.22970279E+00
   333  4.99500000E+01  1.22970284E+00  1.22594317E+00  1.22970284E+00
   334  5.01000000E+01  1.22970288E+00  1.22592641E+00  1.22970288E+00
   335  5.02500000E+01  1.22970293E+00  1.22590966E+00  1.22970293E+00
   336  5.04000000E+01  1.22970297E+00  1.22589300E+00  1.22970297E+00
   337  5.05500000E+01  1.22970301E+00  1.22587650E+00  1.22970301E+00
   338  5.07000000E+01  1.22970305E+00  1.22586024E+00  1.22970305E+00
   339  5.08500000E+01  1.22970309E+00  1.22584426E+00  1.22970309E+00
   340  5.10000000E+01  1.22970313E+00  1.22582863E+00  1.22970313E+00
   341  5.11500000E+01  1.22970317E+00  1.22581339E+00  1.22970317E+00
   342  5.13000000E+01  1.22970320E+00  1.22579857E+00  1.22970320E+00
   343  5.14500000E+01  1.22970324E+00  1.22578421E+00  1.22970324E+00
   344  5.16000000E+01  1.22970327E+00  1.22577034E+00  1.22970327E+00
   345  5.17500000E+01  1.22970330E+00  1.22575699E+00  1.22970330E+00
   346  5.19000000E+01  1.22970334E+00  1.22574416E+00  1.22970334E+00
   347  5.20500000E+01  1.22970337E+00  1.22573189E+00  1.22970337E+00
   348  5.22000000E+01  1.22970340E+00  1.22572017E+00  1.22970340E+00
   349  5.23500000E+01  1.22970343E+00  1.22570903E+00  1.22970343E+00
   350  5.25000000E+01  1.22970345E+00  1.22569845E+00  1.22970345E+00
   351  5.26500000E+01  1.22970348E+00  1.22568845E+00  1.22970348E+00
   352  5.28000000E+01  1.22970351E+00  1.22567902E+00  1.22970351E+00
   353  5.29500000E+01  1.22970354E+00  1.22567016E+00  1.22970354E+00
   354  5.31000000E+01  1.22970356E+00  1.22566187E+00  1.22970356E+00
   355  5.32500000E+01  1.22970359E+00  1.22565412E+00  1.22970359E+00
   356  5.34000000E+01  1.22970361E+00  1.22564692E+00  1.22970361E+00
   357  5.35500000E+01  1.22970364E+00  1.22564026E+00  1.22970364E+00
   358  5.37000000E+01  1.22970366E+00  1.22563411E+00  1.22970366E+00
   359  5.38500000E+01  1.22970368E+00  1.22562847E+00  1.22970368E+00
   360  5.40000000E+01  1.22970370E+00  1.22562332E+00  1.22970370E+00
   361  5.41500000E+01  1.22970373E+00  1.22561865E+00  1.22970373E+00
 steady-height stop at step    361: changes <=   1.0000E-05, max-end <=   1.0000E-02, max/end/gap/profile_change =   1.22970373E+00  1.22561865E+00  4.08507803E-03  4.67311820E-06


STDERR:
