COMMAND:
/shared/extrudate_rom/generate_rom_data/extrudate_swell2d_c_cluster

STDOUT:
 comppar: model =   3
 comppar: lambda,mobility/eps,betav,eta_0 =  1.0000E+00  5.0000E-01  9.0000E-01  1.0000E+00
 comppar: eta_s,eta_p,G =  9.0000E-01  1.0000E-01  1.0000E-01
 comppar: U_avg,deltat,flowrate,nsteps =  2.0000E-01  1.5000E-01  6.2832E-01     700
 comppar: geometry = axisymmetric
 comppar: steady stop change,gap,hold,min =  1.0000E-05  1.0000E-02      10      80
 comppar: ncompc,ncompg =     4     5
 mesh nnodes = 5765
 mesh nelem = 2780
 P1 BC   5.0000000000000000     
 P2 BC   0.0000000000000000     
     1  1.50000000E-01  1.00379479E+00  1.00000000E+00  1.00379479E+00
     2  3.00000000E-01  1.00750605E+00  1.00000000E+00  1.00750605E+00
     3  4.50000000E-01  1.01113456E+00  1.00000000E+00  1.01113456E+00
     4  6.00000000E-01  1.01468072E+00  1.00000000E+00  1.01468072E+00
     5  7.50000000E-01  1.01814655E+00  1.00000000E+00  1.01814655E+00
     6  9.00000000E-01  1.02152794E+00  1.00000000E+00  1.02152794E+00
     7  1.05000000E+00  1.02484233E+00  1.00000000E+00  1.02484233E+00
     8  1.20000000E+00  1.02808242E+00  1.00000000E+00  1.02808242E+00
     9  1.35000000E+00  1.03124212E+00  1.00000000E+00  1.03124212E+00
    10  1.50000000E+00  1.03432106E+00  1.00000000E+00  1.03432106E+00
    11  1.65000000E+00  1.03735759E+00  1.00000000E+00  1.03735759E+00
    12  1.80000000E+00  1.04030727E+00  1.00000000E+00  1.04030727E+00
    13  1.95000000E+00  1.04318609E+00  1.00000000E+00  1.04318609E+00
    14  2.10000000E+00  1.04602373E+00  9.99999999E-01  1.04602373E+00
    15  2.25000000E+00  1.04875238E+00  9.99999996E-01  1.04875238E+00
    16  2.40000000E+00  1.05147323E+00  9.99999992E-01  1.05147323E+00
    17  2.55000000E+00  1.05409208E+00  9.99999986E-01  1.05409208E+00
    18  2.70000000E+00  1.05667486E+00  9.99999979E-01  1.05667486E+00
    19  2.85000000E+00  1.05916475E+00  9.99999970E-01  1.05916475E+00
    20  3.00000000E+00  1.06162915E+00  9.99999960E-01  1.06162915E+00
    21  3.15000000E+00  1.06400073E+00  9.99999947E-01  1.06400073E+00
    22  3.30000000E+00  1.06634705E+00  9.99999932E-01  1.06634705E+00
    23  3.45000000E+00  1.06857332E+00  9.99999914E-01  1.06857332E+00
    24  3.60000000E+00  1.07082666E+00  9.99999893E-01  1.07082666E+00
    25  3.75000000E+00  1.07291989E+00  9.99999868E-01  1.07291989E+00
    26  3.90000000E+00  1.07507708E+00  9.99999840E-01  1.07507708E+00
    27  4.05000000E+00  1.07707583E+00  9.99999808E-01  1.07707583E+00
    28  4.20000000E+00  1.07907416E+00  9.99999771E-01  1.07907416E+00
    29  4.35000000E+00  1.08101028E+00  9.99999729E-01  1.08101028E+00
    30  4.50000000E+00  1.08283822E+00  9.99999682E-01  1.08283822E+00
    31  4.65000000E+00  1.08471180E+00  9.99999628E-01  1.08471180E+00
    32  4.80000000E+00  1.08641607E+00  9.99999568E-01  1.08641607E+00
    33  4.95000000E+00  1.08814791E+00  9.99999501E-01  1.08814791E+00
    34  5.10000000E+00  1.08982712E+00  9.99999426E-01  1.08982712E+00
    35  5.25000000E+00  1.09133871E+00  9.99999342E-01  1.09133871E+00
    36  5.40000000E+00  1.09299203E+00  9.99999249E-01  1.09299203E+00
    37  5.55000000E+00  1.09447397E+00  9.99999145E-01  1.09447397E+00
    38  5.70000000E+00  1.09586335E+00  9.99999031E-01  1.09586335E+00
    39  5.85000000E+00  1.09735459E+00  9.99998904E-01  1.09735459E+00
    40  6.00000000E+00  1.09867417E+00  9.99998765E-01  1.09867417E+00
    41  6.15000000E+00  1.09997063E+00  9.99998612E-01  1.09997063E+00
    42  6.30000000E+00  1.10129865E+00  9.99998443E-01  1.10129865E+00
    43  6.45000000E+00  1.10245619E+00  9.99998259E-01  1.10245619E+00
    44  6.60000000E+00  1.10365167E+00  9.99998057E-01  1.10365167E+00
    45  6.75000000E+00  1.10482314E+00  9.99997836E-01  1.10482314E+00
    46  6.90000000E+00  1.10582793E+00  9.99997595E-01  1.10582793E+00
    47  7.05000000E+00  1.10695335E+00  9.99997333E-01  1.10695335E+00
    48  7.20000000E+00  1.10796958E+00  9.99997047E-01  1.10796958E+00
    49  7.35000000E+00  1.10885049E+00  9.99996736E-01  1.10885049E+00
    50  7.50000000E+00  1.10988065E+00  9.99996399E-01  1.10988065E+00
    51  7.65000000E+00  1.11075001E+00  9.99996033E-01  1.11075001E+00
    52  7.80000000E+00  1.11158802E+00  9.99995637E-01  1.11158802E+00
    53  7.95000000E+00  1.11246821E+00  9.99995208E-01  1.11246821E+00
    54  8.10000000E+00  1.11319512E+00  9.99994745E-01  1.11319512E+00
    55  8.25000000E+00  1.11399246E+00  9.99994245E-01  1.11399246E+00
    56  8.40000000E+00  1.11473305E+00  9.99993706E-01  1.11473305E+00
    57  8.55000000E+00  1.11534357E+00  9.99993126E-01  1.11534357E+00
    58  8.70000000E+00  1.11609439E+00  9.99992502E-01  1.11609439E+00
    59  8.85000000E+00  1.11670126E+00  9.99991830E-01  1.11670126E+00
    60  9.00000000E+00  1.11729820E+00  9.99991110E-01  1.11729820E+00
    61  9.15000000E+00  1.11791813E+00  9.99990337E-01  1.11791813E+00
    62  9.30000000E+00  1.11840588E+00  9.99989509E-01  1.11840588E+00
    63  9.45000000E+00  1.11898424E+00  9.99988622E-01  1.11898424E+00
    64  9.60000000E+00  1.11948049E+00  9.99987674E-01  1.11948049E+00
    65  9.75000000E+00  1.11992316E+00  9.99986662E-01  1.11992316E+00
    66  9.90000000E+00  1.12043168E+00  9.99985581E-01  1.12043168E+00
    67  1.00500000E+01  1.12082010E+00  9.99984429E-01  1.12082010E+00
    68  1.02000000E+01  1.12125598E+00  9.99983201E-01  1.12125598E+00
    69  1.03500000E+01  1.12165198E+00  9.99981896E-01  1.12165198E+00
    70  1.05000000E+01  1.12198106E+00  9.99980508E-01  1.12198106E+00
    71  1.06500000E+01  1.12238834E+00  9.99979034E-01  1.12238834E+00
    72  1.08000000E+01  1.12268845E+00  9.99977471E-01  1.12268845E+00
    73  1.09500000E+01  1.12301752E+00  9.99975814E-01  1.12301752E+00
    74  1.11000000E+01  1.12332425E+00  9.99974061E-01  1.12332425E+00
    75  1.12500000E+01  1.12357169E+00  9.99972208E-01  1.12357169E+00
    76  1.14000000E+01  1.12388851E+00  9.99970250E-01  1.12388851E+00
    77  1.15500000E+01  1.12411164E+00  9.99968185E-01  1.12411164E+00
    78  1.17000000E+01  1.12436215E+00  9.99966010E-01  1.12436215E+00
    79  1.18500000E+01  1.12459091E+00  9.99963720E-01  1.12459091E+00
    80  1.20000000E+01  1.12478131E+00  9.99961314E-01  1.12478131E+00
    81  1.21500000E+01  1.12501877E+00  9.99958788E-01  1.12501877E+00
    82  1.23000000E+01  1.12517625E+00  9.99956140E-01  1.12517625E+00
    83  1.24500000E+01  1.12537011E+00  9.99953369E-01  1.12537011E+00
    84  1.26000000E+01  1.12553220E+00  9.99950471E-01  1.12553220E+00
    85  1.27500000E+01  1.12568424E+00  9.99947447E-01  1.12568424E+00
    86  1.29000000E+01  1.12585351E+00  9.99944296E-01  1.12585351E+00
    87  1.30500000E+01  1.12595639E+00  9.99941018E-01  1.12595639E+00
    88  1.32000000E+01  1.12610988E+00  9.99937614E-01  1.12610988E+00
    89  1.33500000E+01  1.12621636E+00  9.99934086E-01  1.12621636E+00
    90  1.35000000E+01  1.12634313E+00  9.99930436E-01  1.12634313E+00
    91  1.36500000E+01  1.12645518E+00  9.99926669E-01  1.12645518E+00
    92  1.38000000E+01  1.12652273E+00  9.99922789E-01  1.12652273E+00
    93  1.39500000E+01  1.12663883E+00  9.99918802E-01  1.12663883E+00
    94  1.41000000E+01  1.12670029E+00  9.99914718E-01  1.12670029E+00
    95  1.42500000E+01  1.12681066E+00  9.99910545E-01  1.12681066E+00
    96  1.44000000E+01  1.12687604E+00  9.99906295E-01  1.12687604E+00
    97  1.45500000E+01  1.12693622E+00  9.99901981E-01  1.12693622E+00
    98  1.47000000E+01  1.12700463E+00  9.99897620E-01  1.12700463E+00
    99  1.48500000E+01  1.12705737E+00  9.99893230E-01  1.12705737E+00
   100  1.50000000E+01  1.12713031E+00  9.99888832E-01  1.12713031E+00
   101  1.51500000E+01  1.12715896E+00  9.99884451E-01  1.12715896E+00
   102  1.53000000E+01  1.12721581E+00  9.99880113E-01  1.12721581E+00
   103  1.54500000E+01  1.12724653E+00  9.99875851E-01  1.12724653E+00
   104  1.56000000E+01  1.12730410E+00  9.99871700E-01  1.12730410E+00
   105  1.57500000E+01  1.12733771E+00  9.99867699E-01  1.12733771E+00
   106  1.59000000E+01  1.12735778E+00  9.99863893E-01  1.12735778E+00
   107  1.60500000E+01  1.12739384E+00  9.99860332E-01  1.12739384E+00
   108  1.62000000E+01  1.12741864E+00  9.99857071E-01  1.12741864E+00
   109  1.63500000E+01  1.12745817E+00  9.99854172E-01  1.12745817E+00
   110  1.65000000E+01  1.12746177E+00  9.99851703E-01  1.12746177E+00
   111  1.66500000E+01  1.12749162E+00  9.99849739E-01  1.12749162E+00
   112  1.68000000E+01  1.12749673E+00  9.99848365E-01  1.12749673E+00
   113  1.69500000E+01  1.12753665E+00  9.99847670E-01  1.12753665E+00
   114  1.71000000E+01  1.12754363E+00  9.99847758E-01  1.12754363E+00
   115  1.72500000E+01  1.12755406E+00  9.99848737E-01  1.12755406E+00
   116  1.74000000E+01  1.12756289E+00  9.99850729E-01  1.12756289E+00
   117  1.75500000E+01  1.12758548E+00  9.99853867E-01  1.12758548E+00
   118  1.77000000E+01  1.12759674E+00  9.99858296E-01  1.12759674E+00
   119  1.78500000E+01  1.12759181E+00  9.99864174E-01  1.12759181E+00
   120  1.80000000E+01  1.12760526E+00  9.99871673E-01  1.12760526E+00
   121  1.81500000E+01  1.12761384E+00  9.99880982E-01  1.12761384E+00
   122  1.83000000E+01  1.12763028E+00  9.99892302E-01  1.12763028E+00
   123  1.84500000E+01  1.12761526E+00  9.99905856E-01  1.12761526E+00
   124  1.86000000E+01  1.12763169E+00  9.99921884E-01  1.12763169E+00
   125  1.87500000E+01  1.12762830E+00  9.99940645E-01  1.12762830E+00
   126  1.89000000E+01  1.12765082E+00  9.99962419E-01  1.12765082E+00
   127  1.90500000E+01  1.12764874E+00  9.99987511E-01  1.12764874E+00
   128  1.92000000E+01  1.12766187E+00  1.00001625E+00  1.12766187E+00
   129  1.93500000E+01  1.12767138E+00  1.00004898E+00  1.12767138E+00
   130  1.95000000E+01  1.12768605E+00  1.00008609E+00  1.12768605E+00
   131  1.96500000E+01  1.12769541E+00  1.00012799E+00  1.12769541E+00
   132  1.98000000E+01  1.12770404E+00  1.00017511E+00  1.12770404E+00
   133  1.99500000E+01  1.12771367E+00  1.00022793E+00  1.12771367E+00
   134  2.01000000E+01  1.12771896E+00  1.00028696E+00  1.12771896E+00
   135  2.02500000E+01  1.12772571E+00  1.00035274E+00  1.12772571E+00
   136  2.04000000E+01  1.12773201E+00  1.00042585E+00  1.12773201E+00
   137  2.05500000E+01  1.12773487E+00  1.00050691E+00  1.12773487E+00
   138  2.07000000E+01  1.12773969E+00  1.00059659E+00  1.12773969E+00
   139  2.08500000E+01  1.12774257E+00  1.00069559E+00  1.12774257E+00
   140  2.10000000E+01  1.12774383E+00  1.00080469E+00  1.12774383E+00
   141  2.11500000E+01  1.12774747E+00  1.00092467E+00  1.12774747E+00
   142  2.13000000E+01  1.12774846E+00  1.00105640E+00  1.12774846E+00
   143  2.14500000E+01  1.12774825E+00  1.00120079E+00  1.12774825E+00
   144  2.16000000E+01  1.12774918E+00  1.00135882E+00  1.12774918E+00
   145  2.17500000E+01  1.12774863E+00  1.00153150E+00  1.12774863E+00
   146  2.19000000E+01  1.12774887E+00  1.00171993E+00  1.12774887E+00
   147  2.20500000E+01  1.12774900E+00  1.00192526E+00  1.12774900E+00
   148  2.22000000E+01  1.12775123E+00  1.00214871E+00  1.12775123E+00
   149  2.23500000E+01  1.12775317E+00  1.00239156E+00  1.12775317E+00
   150  2.25000000E+01  1.12775468E+00  1.00265517E+00  1.12775468E+00
   151  2.26500000E+01  1.12775618E+00  1.00294097E+00  1.12775618E+00
   152  2.28000000E+01  1.12775782E+00  1.00325045E+00  1.12775782E+00
   153  2.29500000E+01  1.12775901E+00  1.00358520E+00  1.12775901E+00
   154  2.31000000E+01  1.12775972E+00  1.00394685E+00  1.12775972E+00
   155  2.32500000E+01  1.12776004E+00  1.00433714E+00  1.12776004E+00
   156  2.34000000E+01  1.12776024E+00  1.00475787E+00  1.12776024E+00
   157  2.35500000E+01  1.12776057E+00  1.00521092E+00  1.12776057E+00
   158  2.37000000E+01  1.12776058E+00  1.00569824E+00  1.12776058E+00
   159  2.38500000E+01  1.12776038E+00  1.00622185E+00  1.12776038E+00
   160  2.40000000E+01  1.12776009E+00  1.00678387E+00  1.12776009E+00
   161  2.41500000E+01  1.12775978E+00  1.00738645E+00  1.12775978E+00
   162  2.43000000E+01  1.12775950E+00  1.00803183E+00  1.12775950E+00
   163  2.44500000E+01  1.12775927E+00  1.00872231E+00  1.12775927E+00
   164  2.46000000E+01  1.12775909E+00  1.00946022E+00  1.12775909E+00
   165  2.47500000E+01  1.12775894E+00  1.01024797E+00  1.12775894E+00
   166  2.49000000E+01  1.12775881E+00  1.01108798E+00  1.12775881E+00
   167  2.50500000E+01  1.12775867E+00  1.01198271E+00  1.12775867E+00
   168  2.52000000E+01  1.12775852E+00  1.01293464E+00  1.12775852E+00
   169  2.53500000E+01  1.12775835E+00  1.01394625E+00  1.12775835E+00
   170  2.55000000E+01  1.12775816E+00  1.01502000E+00  1.12775816E+00
   171  2.56500000E+01  1.12775795E+00  1.01615835E+00  1.12775795E+00
   172  2.58000000E+01  1.12776862E+00  1.01736367E+00  1.12776862E+00
   173  2.59500000E+01  1.12775753E+00  1.01863829E+00  1.12775753E+00
   174  2.61000000E+01  1.12776834E+00  1.01998444E+00  1.12776834E+00
   175  2.62500000E+01  1.12776320E+00  1.02140425E+00  1.12776320E+00
   176  2.64000000E+01  1.12778666E+00  1.02289969E+00  1.12778666E+00
   177  2.65500000E+01  1.12776397E+00  1.02447255E+00  1.12776397E+00
   178  2.67000000E+01  1.12778636E+00  1.02612445E+00  1.12778636E+00
   179  2.68500000E+01  1.12777091E+00  1.02785676E+00  1.12777091E+00
   180  2.70000000E+01  1.12780427E+00  1.02967057E+00  1.12780427E+00
   181  2.71500000E+01  1.12778807E+00  1.03156669E+00  1.12778807E+00
   182  2.73000000E+01  1.12780379E+00  1.03354558E+00  1.12780379E+00
   183  2.74500000E+01  1.12779068E+00  1.03560733E+00  1.12779068E+00
   184  2.76000000E+01  1.12782111E+00  1.03775163E+00  1.12782111E+00
   185  2.77500000E+01  1.12781216E+00  1.03997772E+00  1.12781216E+00
   186  2.79000000E+01  1.12782029E+00  1.04228436E+00  1.12782029E+00
   187  2.80500000E+01  1.12781477E+00  1.04466979E+00  1.12781477E+00
   188  2.82000000E+01  1.12783685E+00  1.04713173E+00  1.12783685E+00
   189  2.83500000E+01  1.12783594E+00  1.04966731E+00  1.12783594E+00
   190  2.85000000E+01  1.12783556E+00  1.05227307E+00  1.12783556E+00
   191  2.86500000E+01  1.12783839E+00  1.05494494E+00  1.12783839E+00
   192  2.88000000E+01  1.12785120E+00  1.05767819E+00  1.12785120E+00
   193  2.89500000E+01  1.12785908E+00  1.06046749E+00  1.12785908E+00
   194  2.91000000E+01  1.12784931E+00  1.06330683E+00  1.12784931E+00
   195  2.92500000E+01  1.12786126E+00  1.06618957E+00  1.12786126E+00
   196  2.94000000E+01  1.12786389E+00  1.06910842E+00  1.12786389E+00
   197  2.95500000E+01  1.12788132E+00  1.07205549E+00  1.12788132E+00
   198  2.97000000E+01  1.12786128E+00  1.07502228E+00  1.12786128E+00
   199  2.98500000E+01  1.12788310E+00  1.07799975E+00  1.12788310E+00
   200  3.00000000E+01  1.12787466E+00  1.08097833E+00  1.12787466E+00
   201  3.01500000E+01  1.12790240E+00  1.08394800E+00  1.12790240E+00
   202  3.03000000E+01  1.12787887E+00  1.08689834E+00  1.12787887E+00
   203  3.04500000E+01  1.12790366E+00  1.08981858E+00  1.12790366E+00
   204  3.06000000E+01  1.12788343E+00  1.09269771E+00  1.12788343E+00
   205  3.07500000E+01  1.12792206E+00  1.09552457E+00  1.12792206E+00
   206  3.09000000E+01  1.12790625E+00  1.09828792E+00  1.12790625E+00
   207  3.10500000E+01  1.12792271E+00  1.10097657E+00  1.12792271E+00
   208  3.12000000E+01  1.12791051E+00  1.10357948E+00  1.12791051E+00
   209  3.13500000E+01  1.12794010E+00  1.10608592E+00  1.12794010E+00
   210  3.15000000E+01  1.12793274E+00  1.10848555E+00  1.12793274E+00
   211  3.16500000E+01  1.12794003E+00  1.11076862E+00  1.12794003E+00
   212  3.18000000E+01  1.12793660E+00  1.11292608E+00  1.12793660E+00
   213  3.19500000E+01  1.12795629E+00  1.11494977E+00  1.12795629E+00
   214  3.21000000E+01  1.12795812E+00  1.11683254E+00  1.12795812E+00
   215  3.22500000E+01  1.12795542E+00  1.11856845E+00  1.12795542E+00
   216  3.24000000E+01  1.12796150E+00  1.12015295E+00  1.12796150E+00
   217  3.25500000E+01  1.12797046E+00  1.12158295E+00  1.12797046E+00
   218  3.27000000E+01  1.12798220E+00  1.12285707E+00  1.12798220E+00
   219  3.28500000E+01  1.12796869E+00  1.12397568E+00  1.12796869E+00
   220  3.30000000E+01  1.12798500E+00  1.12494104E+00  1.12798500E+00
   221  3.31500000E+01  1.12798242E+00  1.12575732E+00  1.12798242E+00
   222  3.33000000E+01  1.12800480E+00  1.12643065E+00  1.12800480E+00
   223  3.34500000E+01  1.12797976E+00  1.12696907E+00  1.12797976E+00
   224  3.36000000E+01  1.12800707E+00  1.12738237E+00  1.12800707E+00
   225  3.37500000E+01  1.12799228E+00  1.12768201E+00  1.12799228E+00
   226  3.39000000E+01  1.12802605E+00  1.12788079E+00  1.12802605E+00
   227  3.40500000E+01  1.12800384E+00  1.12799262E+00  1.12800384E+00
   228  3.42000000E+01  1.12803208E+00  1.12803208E+00  1.12803208E+00
   229  3.43500000E+01  1.12801405E+00  1.12801405E+00  1.12801405E+00
   230  3.45000000E+01  1.12795323E+00  1.12795323E+00  1.12795323E+00
   231  3.46500000E+01  1.12786372E+00  1.12786372E+00  1.12786372E+00
   232  3.48000000E+01  1.12775852E+00  1.12775852E+00  1.12775852E+00
   233  3.49500000E+01  1.12775497E+00  1.12764916E+00  1.12775497E+00
   234  3.51000000E+01  1.12775497E+00  1.12754534E+00  1.12775497E+00
   235  3.52500000E+01  1.12775497E+00  1.12745468E+00  1.12775497E+00
   236  3.54000000E+01  1.12775497E+00  1.12738260E+00  1.12775497E+00
   237  3.55500000E+01  1.12775497E+00  1.12733227E+00  1.12775497E+00
   238  3.57000000E+01  1.12775497E+00  1.12730472E+00  1.12775497E+00
   239  3.58500000E+01  1.12775497E+00  1.12729908E+00  1.12775497E+00
   240  3.60000000E+01  1.12775497E+00  1.12731289E+00  1.12775497E+00
   241  3.61500000E+01  1.12775497E+00  1.12734247E+00  1.12775497E+00
   242  3.63000000E+01  1.12775496E+00  1.12738342E+00  1.12775496E+00
   243  3.64500000E+01  1.12775496E+00  1.12743104E+00  1.12775496E+00
   244  3.66000000E+01  1.12775496E+00  1.12748076E+00  1.12775496E+00
   245  3.67500000E+01  1.12775496E+00  1.12752850E+00  1.12775496E+00
   246  3.69000000E+01  1.12775496E+00  1.12757097E+00  1.12775496E+00
   247  3.70500000E+01  1.12775496E+00  1.12760586E+00  1.12775496E+00
   248  3.72000000E+01  1.12775496E+00  1.12763187E+00  1.12775496E+00
   249  3.73500000E+01  1.12775496E+00  1.12764873E+00  1.12775496E+00
   250  3.75000000E+01  1.12775496E+00  1.12765702E+00  1.12775496E+00
   251  3.76500000E+01  1.12775496E+00  1.12765801E+00  1.12775496E+00
   252  3.78000000E+01  1.12775496E+00  1.12765343E+00  1.12775496E+00
   253  3.79500000E+01  1.12775496E+00  1.12764520E+00  1.12775496E+00
   254  3.81000000E+01  1.12775496E+00  1.12763520E+00  1.12775496E+00
   255  3.82500000E+01  1.12775496E+00  1.12762510E+00  1.12775496E+00
   256  3.84000000E+01  1.12775496E+00  1.12761621E+00  1.12775496E+00
   257  3.85500000E+01  1.12775496E+00  1.12760939E+00  1.12775496E+00
   258  3.87000000E+01  1.12775496E+00  1.12760506E+00  1.12775496E+00
   259  3.88500000E+01  1.12775496E+00  1.12760323E+00  1.12775496E+00
   260  3.90000000E+01  1.12775496E+00  1.12760359E+00  1.12775496E+00
   261  3.91500000E+01  1.12775496E+00  1.12760561E+00  1.12775496E+00
   262  3.93000000E+01  1.12775496E+00  1.12760865E+00  1.12775496E+00
   263  3.94500000E+01  1.12775496E+00  1.12761209E+00  1.12775496E+00
   264  3.96000000E+01  1.12775496E+00  1.12761535E+00  1.12775496E+00
   265  3.97500000E+01  1.12775496E+00  1.12761805E+00  1.12775496E+00
 steady-height stop at step    265: changes <=   1.0000E-05, max-end <=   1.0000E-02, max/end/gap/profile_change =   1.12775496E+00  1.12761805E+00  1.36914507E-04  2.69431767E-06


STDERR:
