COMMAND:
/shared/extrudate_rom/generate_rom_data/extrudate_swell2d_c_cluster

STDOUT:
 comppar: model =   3
 comppar: lambda,mobility/eps,betav,eta_0 =  2.8000E+00  5.0000E-01  5.0000E-01  1.0000E+00
 comppar: eta_s,eta_p,G =  5.0000E-01  5.0000E-01  1.7857E-01
 comppar: U_avg,deltat,flowrate,nsteps =  2.0000E-01  1.5000E-01  6.2832E-01     700
 comppar: geometry = axisymmetric
 comppar: steady stop change,gap,hold,min =  1.0000E-05  1.0000E-02      10      80
 comppar: ncompc,ncompg =     4     5
 mesh nnodes = 5765
 mesh nelem = 2780
 P1 BC   5.0000000000000000     
 P2 BC   0.0000000000000000     
     1  1.50000000E-01  1.00379160E+00  1.00000000E+00  1.00379160E+00
     2  3.00000000E-01  1.00749411E+00  1.00000000E+00  1.00749411E+00
     3  4.50000000E-01  1.01110337E+00  1.00000000E+00  1.01110337E+00
     4  6.00000000E-01  1.01462248E+00  1.00000000E+00  1.01462248E+00
     5  7.50000000E-01  1.01805311E+00  1.00000000E+00  1.01805311E+00
     6  9.00000000E-01  1.02139442E+00  1.00000000E+00  1.02139442E+00
     7  1.05000000E+00  1.02465213E+00  1.00000000E+00  1.02465213E+00
     8  1.20000000E+00  1.02784004E+00  1.00000000E+00  1.02784004E+00
     9  1.35000000E+00  1.03095818E+00  1.00000001E+00  1.03095818E+00
    10  1.50000000E+00  1.03399910E+00  1.00000001E+00  1.03399910E+00
    11  1.65000000E+00  1.03697286E+00  1.00000001E+00  1.03697286E+00
    12  1.80000000E+00  1.03990157E+00  1.00000000E+00  1.03990157E+00
    13  1.95000000E+00  1.04274457E+00  1.00000000E+00  1.04274457E+00
    14  2.10000000E+00  1.04556402E+00  1.00000000E+00  1.04556402E+00
    15  2.25000000E+00  1.04829985E+00  1.00000000E+00  1.04829985E+00
    16  2.40000000E+00  1.05100703E+00  9.99999997E-01  1.05100703E+00
    17  2.55000000E+00  1.05364510E+00  9.99999992E-01  1.05364510E+00
    18  2.70000000E+00  1.05624467E+00  9.99999987E-01  1.05624467E+00
    19  2.85000000E+00  1.05874837E+00  9.99999980E-01  1.05874837E+00
    20  3.00000000E+00  1.06125928E+00  9.99999971E-01  1.06125928E+00
    21  3.15000000E+00  1.06364296E+00  9.99999961E-01  1.06364296E+00
    22  3.30000000E+00  1.06605465E+00  9.99999948E-01  1.06605465E+00
    23  3.45000000E+00  1.06834718E+00  9.99999934E-01  1.06834718E+00
    24  3.60000000E+00  1.07061182E+00  9.99999917E-01  1.07061182E+00
    25  3.75000000E+00  1.07283389E+00  9.99999897E-01  1.07283389E+00
    26  3.90000000E+00  1.07493428E+00  9.99999874E-01  1.07493428E+00
    27  4.05000000E+00  1.07708339E+00  9.99999848E-01  1.07708339E+00
    28  4.20000000E+00  1.07909592E+00  9.99999818E-01  1.07909592E+00
    29  4.35000000E+00  1.08105589E+00  9.99999784E-01  1.08105589E+00
    30  4.50000000E+00  1.08301965E+00  9.99999746E-01  1.08301965E+00
    31  4.65000000E+00  1.08484421E+00  9.99999703E-01  1.08484421E+00
    32  4.80000000E+00  1.08667198E+00  9.99999654E-01  1.08667198E+00
    33  4.95000000E+00  1.08844551E+00  9.99999600E-01  1.08844551E+00
    34  5.10000000E+00  1.09008074E+00  9.99999539E-01  1.09008074E+00
    35  5.25000000E+00  1.09174243E+00  9.99999472E-01  1.09174243E+00
    36  5.40000000E+00  1.09335702E+00  9.99999396E-01  1.09335702E+00
    37  5.55000000E+00  1.09483862E+00  9.99999313E-01  1.09483862E+00
    38  5.70000000E+00  1.09632904E+00  9.99999221E-01  1.09632904E+00
    39  5.85000000E+00  1.09778741E+00  9.99999119E-01  1.09778741E+00
    40  6.00000000E+00  1.09912138E+00  9.99999006E-01  1.09912138E+00
    41  6.15000000E+00  1.10041355E+00  9.99998882E-01  1.10041355E+00
    42  6.30000000E+00  1.10175155E+00  9.99998747E-01  1.10175155E+00
    43  6.45000000E+00  1.10297528E+00  9.99998597E-01  1.10297528E+00
    44  6.60000000E+00  1.10409710E+00  9.99998434E-01  1.10409710E+00
    45  6.75000000E+00  1.10528323E+00  9.99998255E-01  1.10528323E+00
    46  6.90000000E+00  1.10640378E+00  9.99998060E-01  1.10640378E+00
    47  7.05000000E+00  1.10743516E+00  9.99997847E-01  1.10743516E+00
    48  7.20000000E+00  1.10842090E+00  9.99997615E-01  1.10842090E+00
    49  7.35000000E+00  1.10945536E+00  9.99997363E-01  1.10945536E+00
    50  7.50000000E+00  1.11041198E+00  9.99997088E-01  1.11041198E+00
    51  7.65000000E+00  1.11130243E+00  9.99996791E-01  1.11130243E+00
    52  7.80000000E+00  1.11215092E+00  9.99996468E-01  1.11215092E+00
    53  7.95000000E+00  1.11304100E+00  9.99996118E-01  1.11304100E+00
    54  8.10000000E+00  1.11387416E+00  9.99995739E-01  1.11387416E+00
    55  8.25000000E+00  1.11465692E+00  9.99995330E-01  1.11465692E+00
    56  8.40000000E+00  1.11539259E+00  9.99994888E-01  1.11539259E+00
    57  8.55000000E+00  1.11616531E+00  9.99994412E-01  1.11616531E+00
    58  8.70000000E+00  1.11689850E+00  9.99993898E-01  1.11689850E+00
    59  8.85000000E+00  1.11758551E+00  9.99993346E-01  1.11758551E+00
    60  9.00000000E+00  1.11822563E+00  9.99992751E-01  1.11822563E+00
    61  9.15000000E+00  1.11887260E+00  9.99992113E-01  1.11887260E+00
    62  9.30000000E+00  1.11951521E+00  9.99991427E-01  1.11951521E+00
    63  9.45000000E+00  1.12010961E+00  9.99990692E-01  1.12010961E+00
    64  9.60000000E+00  1.12065380E+00  9.99989905E-01  1.12065380E+00
    65  9.75000000E+00  1.12120500E+00  9.99989062E-01  1.12120500E+00
    66  9.90000000E+00  1.12175108E+00  9.99988161E-01  1.12175108E+00
    67  1.00500000E+01  1.12224683E+00  9.99987199E-01  1.12224683E+00
    68  1.02000000E+01  1.12269181E+00  9.99986172E-01  1.12269181E+00
    69  1.03500000E+01  1.12318064E+00  9.99985077E-01  1.12318064E+00
    70  1.05000000E+01  1.12362921E+00  9.99983910E-01  1.12362921E+00
    71  1.06500000E+01  1.12402761E+00  9.99982669E-01  1.12402761E+00
    72  1.08000000E+01  1.12441557E+00  9.99981350E-01  1.12441557E+00
    73  1.09500000E+01  1.12481853E+00  9.99979949E-01  1.12481853E+00
    74  1.11000000E+01  1.12517344E+00  9.99978462E-01  1.12517344E+00
    75  1.12500000E+01  1.12548311E+00  9.99976887E-01  1.12548311E+00
    76  1.14000000E+01  1.12583925E+00  9.99975219E-01  1.12583925E+00
    77  1.15500000E+01  1.12615187E+00  9.99973454E-01  1.12615187E+00
    78  1.17000000E+01  1.12642246E+00  9.99971591E-01  1.12642246E+00
    79  1.18500000E+01  1.12670364E+00  9.99969624E-01  1.12670364E+00
    80  1.20000000E+01  1.12697843E+00  9.99967550E-01  1.12697843E+00
    81  1.21500000E+01  1.12721464E+00  9.99965367E-01  1.12721464E+00
    82  1.23000000E+01  1.12743202E+00  9.99963072E-01  1.12743202E+00
    83  1.24500000E+01  1.12767074E+00  9.99960660E-01  1.12767074E+00
    84  1.26000000E+01  1.12787478E+00  9.99958131E-01  1.12787478E+00
    85  1.27500000E+01  1.12804845E+00  9.99955482E-01  1.12804845E+00
    86  1.29000000E+01  1.12824855E+00  9.99952710E-01  1.12824855E+00
    87  1.30500000E+01  1.12842468E+00  9.99949815E-01  1.12842468E+00
    88  1.32000000E+01  1.12857383E+00  9.99946796E-01  1.12857383E+00
    89  1.33500000E+01  1.12872168E+00  9.99943652E-01  1.12872168E+00
    90  1.35000000E+01  1.12887261E+00  9.99940384E-01  1.12887261E+00
    91  1.36500000E+01  1.12900014E+00  9.99936992E-01  1.12900014E+00
    92  1.38000000E+01  1.12911072E+00  9.99933480E-01  1.12911072E+00
    93  1.39500000E+01  1.12923975E+00  9.99929849E-01  1.12923975E+00
    94  1.41000000E+01  1.12934836E+00  9.99926104E-01  1.12934836E+00
    95  1.42500000E+01  1.12943962E+00  9.99922251E-01  1.12943962E+00
    96  1.44000000E+01  1.12953059E+00  9.99918295E-01  1.12953059E+00
    97  1.45500000E+01  1.12962315E+00  9.99914245E-01  1.12962315E+00
    98  1.47000000E+01  1.12970085E+00  9.99910112E-01  1.12970085E+00
    99  1.48500000E+01  1.12976593E+00  9.99905906E-01  1.12976593E+00
   100  1.50000000E+01  1.12984200E+00  9.99901641E-01  1.12984200E+00
   101  1.51500000E+01  1.12990756E+00  9.99897335E-01  1.12990756E+00
   102  1.53000000E+01  1.12996231E+00  9.99893004E-01  1.12996231E+00
   103  1.54500000E+01  1.13000789E+00  9.99888671E-01  1.13000789E+00
   104  1.56000000E+01  1.13006230E+00  9.99884361E-01  1.13006230E+00
   105  1.57500000E+01  1.13010872E+00  9.99880100E-01  1.13010872E+00
   106  1.59000000E+01  1.13014726E+00  9.99875921E-01  1.13014726E+00
   107  1.60500000E+01  1.13017910E+00  9.99871859E-01  1.13017910E+00
   108  1.62000000E+01  1.13021709E+00  9.99867954E-01  1.13021709E+00
   109  1.63500000E+01  1.13024924E+00  9.99864250E-01  1.13024924E+00
   110  1.65000000E+01  1.13027572E+00  9.99860798E-01  1.13027572E+00
   111  1.66500000E+01  1.13029740E+00  9.99857653E-01  1.13029740E+00
   112  1.68000000E+01  1.13031770E+00  9.99854876E-01  1.13031770E+00
   113  1.69500000E+01  1.13033985E+00  9.99852535E-01  1.13033985E+00
   114  1.71000000E+01  1.13035790E+00  9.99850705E-01  1.13035790E+00
   115  1.72500000E+01  1.13037255E+00  9.99849470E-01  1.13037255E+00
   116  1.74000000E+01  1.13038438E+00  9.99848921E-01  1.13038438E+00
   117  1.75500000E+01  1.13039390E+00  9.99849158E-01  1.13039390E+00
   118  1.77000000E+01  1.13040556E+00  9.99850292E-01  1.13040556E+00
   119  1.78500000E+01  1.13041519E+00  9.99852443E-01  1.13041519E+00
   120  1.80000000E+01  1.13042292E+00  9.99855742E-01  1.13042292E+00
   121  1.81500000E+01  1.13042912E+00  9.99860334E-01  1.13042912E+00
   122  1.83000000E+01  1.13043413E+00  9.99866376E-01  1.13043413E+00
   123  1.84500000E+01  1.13043822E+00  9.99874037E-01  1.13043822E+00
   124  1.86000000E+01  1.13044162E+00  9.99883505E-01  1.13044162E+00
   125  1.87500000E+01  1.13044452E+00  9.99894981E-01  1.13044452E+00
   126  1.89000000E+01  1.13044709E+00  9.99908683E-01  1.13044709E+00
   127  1.90500000E+01  1.13044946E+00  9.99924848E-01  1.13044946E+00
   128  1.92000000E+01  1.13045172E+00  9.99943733E-01  1.13045172E+00
   129  1.93500000E+01  1.13045395E+00  9.99965616E-01  1.13045395E+00
   130  1.95000000E+01  1.13045622E+00  9.99990796E-01  1.13045622E+00
   131  1.96500000E+01  1.13045855E+00  1.00001960E+00  1.13045855E+00
   132  1.98000000E+01  1.13046099E+00  1.00005237E+00  1.13046099E+00
   133  1.99500000E+01  1.13046354E+00  1.00008948E+00  1.13046354E+00
   134  2.01000000E+01  1.13046621E+00  1.00013135E+00  1.13046621E+00
   135  2.02500000E+01  1.13046901E+00  1.00017840E+00  1.13046901E+00
   136  2.04000000E+01  1.13047194E+00  1.00023110E+00  1.13047194E+00
   137  2.05500000E+01  1.13047498E+00  1.00028995E+00  1.13047498E+00
   138  2.07000000E+01  1.13047814E+00  1.00035548E+00  1.13047814E+00
   139  2.08500000E+01  1.13048139E+00  1.00042828E+00  1.13048139E+00
   140  2.10000000E+01  1.13048473E+00  1.00050895E+00  1.13048473E+00
   141  2.11500000E+01  1.13048814E+00  1.00059814E+00  1.13048814E+00
   142  2.13000000E+01  1.13049160E+00  1.00069657E+00  1.13049160E+00
   143  2.14500000E+01  1.13049510E+00  1.00080497E+00  1.13049510E+00
   144  2.16000000E+01  1.13049862E+00  1.00092413E+00  1.13049862E+00
   145  2.17500000E+01  1.13050214E+00  1.00105490E+00  1.13050214E+00
   146  2.19000000E+01  1.13050566E+00  1.00119818E+00  1.13050566E+00
   147  2.20500000E+01  1.13050915E+00  1.00135491E+00  1.13050915E+00
   148  2.22000000E+01  1.13051260E+00  1.00152612E+00  1.13051260E+00
   149  2.23500000E+01  1.13051601E+00  1.00171287E+00  1.13051601E+00
   150  2.25000000E+01  1.13051935E+00  1.00191628E+00  1.13051935E+00
   151  2.26500000E+01  1.13052263E+00  1.00213756E+00  1.13052263E+00
   152  2.28000000E+01  1.13052583E+00  1.00237797E+00  1.13052583E+00
   153  2.29500000E+01  1.13052894E+00  1.00263884E+00  1.13052894E+00
   154  2.31000000E+01  1.13053196E+00  1.00292157E+00  1.13053196E+00
   155  2.32500000E+01  1.13053488E+00  1.00322762E+00  1.13053488E+00
   156  2.34000000E+01  1.13053771E+00  1.00355855E+00  1.13053771E+00
   157  2.35500000E+01  1.13054043E+00  1.00391597E+00  1.13054043E+00
   158  2.37000000E+01  1.13054304E+00  1.00430156E+00  1.13054304E+00
   159  2.38500000E+01  1.13054554E+00  1.00471710E+00  1.13054554E+00
   160  2.40000000E+01  1.13054794E+00  1.00516442E+00  1.13054794E+00
   161  2.41500000E+01  1.13055022E+00  1.00564543E+00  1.13055022E+00
   162  2.43000000E+01  1.13055240E+00  1.00616212E+00  1.13055240E+00
   163  2.44500000E+01  1.13055447E+00  1.00671653E+00  1.13055447E+00
   164  2.46000000E+01  1.13055652E+00  1.00731078E+00  1.13055652E+00
   165  2.47500000E+01  1.13055860E+00  1.00794705E+00  1.13055860E+00
   166  2.49000000E+01  1.13056058E+00  1.00862758E+00  1.13056058E+00
   167  2.50500000E+01  1.13056245E+00  1.00935464E+00  1.13056245E+00
   168  2.52000000E+01  1.13056422E+00  1.01013058E+00  1.13056422E+00
   169  2.53500000E+01  1.13056589E+00  1.01095774E+00  1.13056589E+00
   170  2.55000000E+01  1.13056747E+00  1.01183853E+00  1.13056747E+00
   171  2.56500000E+01  1.13056895E+00  1.01277534E+00  1.13056895E+00
   172  2.58000000E+01  1.13057034E+00  1.01377056E+00  1.13057034E+00
   173  2.59500000E+01  1.13057165E+00  1.01482658E+00  1.13057165E+00
   174  2.61000000E+01  1.13057288E+00  1.01594574E+00  1.13057288E+00
   175  2.62500000E+01  1.13057402E+00  1.01713033E+00  1.13057402E+00
   176  2.64000000E+01  1.13057509E+00  1.01838257E+00  1.13057509E+00
   177  2.65500000E+01  1.13057610E+00  1.01970457E+00  1.13057610E+00
   178  2.67000000E+01  1.13057703E+00  1.02109832E+00  1.13057703E+00
   179  2.68500000E+01  1.13057790E+00  1.02256566E+00  1.13057790E+00
   180  2.70000000E+01  1.13057871E+00  1.02410825E+00  1.13057871E+00
   181  2.71500000E+01  1.13057946E+00  1.02572754E+00  1.13057946E+00
   182  2.73000000E+01  1.13058015E+00  1.02742472E+00  1.13058015E+00
   183  2.74500000E+01  1.13058080E+00  1.02920073E+00  1.13058080E+00
   184  2.76000000E+01  1.13058140E+00  1.03105618E+00  1.13058140E+00
   185  2.77500000E+01  1.13058195E+00  1.03299134E+00  1.13058195E+00
   186  2.79000000E+01  1.13058246E+00  1.03500608E+00  1.13058246E+00
   187  2.80500000E+01  1.13058294E+00  1.03709989E+00  1.13058294E+00
   188  2.82000000E+01  1.13058337E+00  1.03927176E+00  1.13058337E+00
   189  2.83500000E+01  1.13058378E+00  1.04152021E+00  1.13058378E+00
   190  2.85000000E+01  1.13058415E+00  1.04384325E+00  1.13058415E+00
   191  2.86500000E+01  1.13058449E+00  1.04623832E+00  1.13058449E+00
   192  2.88000000E+01  1.13058481E+00  1.04870227E+00  1.13058481E+00
   193  2.89500000E+01  1.13058510E+00  1.05123136E+00  1.13058510E+00
   194  2.91000000E+01  1.13058536E+00  1.05382122E+00  1.13058536E+00
   195  2.92500000E+01  1.13058561E+00  1.05646685E+00  1.13058561E+00
   196  2.94000000E+01  1.13058583E+00  1.05916260E+00  1.13058583E+00
   197  2.95500000E+01  1.13058604E+00  1.06190219E+00  1.13058604E+00
   198  2.97000000E+01  1.13058623E+00  1.06467870E+00  1.13058623E+00
   199  2.98500000E+01  1.13058641E+00  1.06748464E+00  1.13058641E+00
   200  3.00000000E+01  1.13058657E+00  1.07031190E+00  1.13058657E+00
   201  3.01500000E+01  1.13058671E+00  1.07315186E+00  1.13058671E+00
   202  3.03000000E+01  1.13058685E+00  1.07599541E+00  1.13058685E+00
   203  3.04500000E+01  1.13058697E+00  1.07883303E+00  1.13058697E+00
   204  3.06000000E+01  1.13058709E+00  1.08165483E+00  1.13058709E+00
   205  3.07500000E+01  1.13058719E+00  1.08445067E+00  1.13058719E+00
   206  3.09000000E+01  1.13058729E+00  1.08721024E+00  1.13058729E+00
   207  3.10500000E+01  1.13058738E+00  1.08992317E+00  1.13058738E+00
   208  3.12000000E+01  1.13058746E+00  1.09257913E+00  1.13058746E+00
   209  3.13500000E+01  1.13058753E+00  1.09516801E+00  1.13058753E+00
   210  3.15000000E+01  1.13058760E+00  1.09767999E+00  1.13058760E+00
   211  3.16500000E+01  1.13058767E+00  1.10010576E+00  1.13058767E+00
   212  3.18000000E+01  1.13058773E+00  1.10243661E+00  1.13058773E+00
   213  3.19500000E+01  1.13058778E+00  1.10466466E+00  1.13058778E+00
   214  3.21000000E+01  1.13058783E+00  1.10678297E+00  1.13058783E+00
   215  3.22500000E+01  1.13058788E+00  1.10878574E+00  1.13058788E+00
   216  3.24000000E+01  1.13058792E+00  1.11066845E+00  1.13058792E+00
   217  3.25500000E+01  1.13058796E+00  1.11242797E+00  1.13058796E+00
   218  3.27000000E+01  1.13058800E+00  1.11406274E+00  1.13058800E+00
   219  3.28500000E+01  1.13058803E+00  1.11557277E+00  1.13058803E+00
   220  3.30000000E+01  1.13058806E+00  1.11695974E+00  1.13058806E+00
   221  3.31500000E+01  1.13058809E+00  1.11822695E+00  1.13058809E+00
   222  3.33000000E+01  1.13058812E+00  1.11937926E+00  1.13058812E+00
   223  3.34500000E+01  1.13058814E+00  1.12042296E+00  1.13058814E+00
   224  3.36000000E+01  1.13058817E+00  1.12136555E+00  1.13058817E+00
   225  3.37500000E+01  1.13058819E+00  1.12221547E+00  1.13058819E+00
   226  3.39000000E+01  1.13058821E+00  1.12298182E+00  1.13058821E+00
   227  3.40500000E+01  1.13058823E+00  1.12367395E+00  1.13058823E+00
   228  3.42000000E+01  1.13058825E+00  1.12430112E+00  1.13058825E+00
   229  3.43500000E+01  1.13058827E+00  1.12487210E+00  1.13058827E+00
   230  3.45000000E+01  1.13058828E+00  1.12539484E+00  1.13058828E+00
   231  3.46500000E+01  1.13058830E+00  1.12587619E+00  1.13058830E+00
   232  3.48000000E+01  1.13058831E+00  1.12632165E+00  1.13058831E+00
   233  3.49500000E+01  1.13058833E+00  1.12673532E+00  1.13058833E+00
   234  3.51000000E+01  1.13058834E+00  1.12711986E+00  1.13058834E+00
   235  3.52500000E+01  1.13058835E+00  1.12747660E+00  1.13058835E+00
   236  3.54000000E+01  1.13058836E+00  1.12780581E+00  1.13058836E+00
   237  3.55500000E+01  1.13058837E+00  1.12810692E+00  1.13058837E+00
   238  3.57000000E+01  1.13058838E+00  1.12837893E+00  1.13058838E+00
   239  3.58500000E+01  1.13058839E+00  1.12862077E+00  1.13058839E+00
   240  3.60000000E+01  1.13058840E+00  1.12883161E+00  1.13058840E+00
   241  3.61500000E+01  1.13058841E+00  1.12901119E+00  1.13058841E+00
   242  3.63000000E+01  1.13058842E+00  1.12916002E+00  1.13058842E+00
   243  3.64500000E+01  1.13058842E+00  1.12927949E+00  1.13058842E+00
   244  3.66000000E+01  1.13058843E+00  1.12937185E+00  1.13058843E+00
   245  3.67500000E+01  1.13058844E+00  1.12944015E+00  1.13058844E+00
   246  3.69000000E+01  1.13058844E+00  1.12948798E+00  1.13058844E+00
   247  3.70500000E+01  1.13058845E+00  1.12951928E+00  1.13058845E+00
   248  3.72000000E+01  1.13058846E+00  1.12953806E+00  1.13058846E+00
   249  3.73500000E+01  1.13058846E+00  1.12954811E+00  1.13058846E+00
   250  3.75000000E+01  1.13058847E+00  1.12955276E+00  1.13058847E+00
   251  3.76500000E+01  1.13058847E+00  1.12955476E+00  1.13058847E+00
   252  3.78000000E+01  1.13058848E+00  1.12955616E+00  1.13058848E+00
   253  3.79500000E+01  1.13058848E+00  1.12955829E+00  1.13058848E+00
   254  3.81000000E+01  1.13058848E+00  1.12956182E+00  1.13058848E+00
   255  3.82500000E+01  1.13058849E+00  1.12956689E+00  1.13058849E+00
   256  3.84000000E+01  1.13058849E+00  1.12957321E+00  1.13058849E+00
   257  3.85500000E+01  1.13058849E+00  1.12958028E+00  1.13058849E+00
   258  3.87000000E+01  1.13058850E+00  1.12958749E+00  1.13058850E+00
   259  3.88500000E+01  1.13058850E+00  1.12959428E+00  1.13058850E+00
 steady-height stop at step    259: changes <=   1.0000E-05, max-end <=   1.0000E-02, max/end/gap/profile_change =   1.13058850E+00  1.12959428E+00  9.94224087E-04  6.78591755E-06


STDERR:
