COMMAND:
/shared/extrudate_rom/generate_rom_data/extrudate_swell2d_c_cluster

STDOUT:
 comppar: model =   3
 comppar: lambda,mobility/eps,betav,eta_0 =  1.0000E+01  3.6667E-01  9.0000E-01  1.0000E+00
 comppar: eta_s,eta_p,G =  9.0000E-01  1.0000E-01  1.0000E-02
 comppar: U_avg,deltat,flowrate,nsteps =  2.0000E-01  1.5000E-01  6.2832E-01     700
 comppar: geometry = axisymmetric
 comppar: steady stop change,gap,hold,min =  1.0000E-05  1.0000E-02      10      80
 comppar: ncompc,ncompg =     4     5
 mesh nnodes = 5765
 mesh nelem = 2780
 P1 BC   5.0000000000000000     
 P2 BC   0.0000000000000000     
     1  1.50000000E-01  1.00379478E+00  1.00000000E+00  1.00379478E+00
     2  3.00000000E-01  1.00750847E+00  1.00000000E+00  1.00750847E+00
     3  4.50000000E-01  1.01114451E+00  1.00000000E+00  1.01114451E+00
     4  6.00000000E-01  1.01470250E+00  1.00000000E+00  1.01470250E+00
     5  7.50000000E-01  1.01818479E+00  1.00000000E+00  1.01818479E+00
     6  9.00000000E-01  1.02158816E+00  1.00000000E+00  1.02158816E+00
     7  1.05000000E+00  1.02492980E+00  1.00000000E+00  1.02492980E+00
     8  1.20000000E+00  1.02819822E+00  1.00000000E+00  1.02819822E+00
     9  1.35000000E+00  1.03138831E+00  1.00000000E+00  1.03138831E+00
    10  1.50000000E+00  1.03450878E+00  1.00000000E+00  1.03450878E+00
    11  1.65000000E+00  1.03758124E+00  1.00000000E+00  1.03758124E+00
    12  1.80000000E+00  1.04056752E+00  1.00000000E+00  1.04056752E+00
    13  1.95000000E+00  1.04349818E+00  1.00000000E+00  1.04349818E+00
    14  2.10000000E+00  1.04637721E+00  9.99999999E-01  1.04637721E+00
    15  2.25000000E+00  1.04915535E+00  9.99999995E-01  1.04915535E+00
    16  2.40000000E+00  1.05192972E+00  9.99999991E-01  1.05192972E+00
    17  2.55000000E+00  1.05459407E+00  9.99999985E-01  1.05459407E+00
    18  2.70000000E+00  1.05724788E+00  9.99999978E-01  1.05724788E+00
    19  2.85000000E+00  1.05978558E+00  9.99999969E-01  1.05978558E+00
    20  3.00000000E+00  1.06233100E+00  9.99999959E-01  1.06233100E+00
    21  3.15000000E+00  1.06475424E+00  9.99999946E-01  1.06475424E+00
    22  3.30000000E+00  1.06719313E+00  9.99999931E-01  1.06719313E+00
    23  3.45000000E+00  1.06948299E+00  9.99999913E-01  1.06948299E+00
    24  3.60000000E+00  1.07182743E+00  9.99999892E-01  1.07182743E+00
    25  3.75000000E+00  1.07403658E+00  9.99999868E-01  1.07403658E+00
    26  3.90000000E+00  1.07624821E+00  9.99999840E-01  1.07624821E+00
    27  4.05000000E+00  1.07837841E+00  9.99999808E-01  1.07837841E+00
    28  4.20000000E+00  1.08042058E+00  9.99999771E-01  1.08042058E+00
    29  4.35000000E+00  1.08250363E+00  9.99999730E-01  1.08250363E+00
    30  4.50000000E+00  1.08443249E+00  9.99999683E-01  1.08443249E+00
    31  4.65000000E+00  1.08640822E+00  9.99999631E-01  1.08640822E+00
    32  4.80000000E+00  1.08829220E+00  9.99999572E-01  1.08829220E+00
    33  4.95000000E+00  1.09003691E+00  9.99999506E-01  1.09003691E+00
    34  5.10000000E+00  1.09191178E+00  9.99999432E-01  1.09191178E+00
    35  5.25000000E+00  1.09363270E+00  9.99999351E-01  1.09363270E+00
    36  5.40000000E+00  1.09528667E+00  9.99999260E-01  1.09528667E+00
    37  5.55000000E+00  1.09699967E+00  9.99999159E-01  1.09699967E+00
    38  5.70000000E+00  1.09855919E+00  9.99999049E-01  1.09855919E+00
    39  5.85000000E+00  1.10007822E+00  9.99998926E-01  1.10007822E+00
    40  6.00000000E+00  1.10166385E+00  9.99998792E-01  1.10166385E+00
    41  6.15000000E+00  1.10309878E+00  9.99998645E-01  1.10309878E+00
    42  6.30000000E+00  1.10449186E+00  9.99998483E-01  1.10449186E+00
    43  6.45000000E+00  1.10595166E+00  9.99998306E-01  1.10595166E+00
    44  6.60000000E+00  1.10726448E+00  9.99998113E-01  1.10726448E+00
    45  6.75000000E+00  1.10851964E+00  9.99997903E-01  1.10851964E+00
    46  6.90000000E+00  1.10986228E+00  9.99997674E-01  1.10986228E+00
    47  7.05000000E+00  1.11106351E+00  9.99997424E-01  1.11106351E+00
    48  7.20000000E+00  1.11220446E+00  9.99997154E-01  1.11220446E+00
    49  7.35000000E+00  1.11343245E+00  9.99996860E-01  1.11343245E+00
    50  7.50000000E+00  1.11452562E+00  9.99996542E-01  1.11452562E+00
    51  7.65000000E+00  1.11555331E+00  9.99996198E-01  1.11555331E+00
    52  7.80000000E+00  1.11667533E+00  9.99995826E-01  1.11667533E+00
    53  7.95000000E+00  1.11767088E+00  9.99995425E-01  1.11767088E+00
    54  8.10000000E+00  1.11859725E+00  9.99994992E-01  1.11859725E+00
    55  8.25000000E+00  1.11961736E+00  9.99994526E-01  1.11961736E+00
    56  8.40000000E+00  1.12052033E+00  9.99994024E-01  1.12052033E+00
    57  8.55000000E+00  1.12135058E+00  9.99993485E-01  1.12135058E+00
    58  8.70000000E+00  1.12227983E+00  9.99992906E-01  1.12227983E+00
    59  8.85000000E+00  1.12310249E+00  9.99992285E-01  1.12310249E+00
    60  9.00000000E+00  1.12383554E+00  9.99991619E-01  1.12383554E+00
    61  9.15000000E+00  1.12467944E+00  9.99990906E-01  1.12467944E+00
    62  9.30000000E+00  1.12542814E+00  9.99990144E-01  1.12542814E+00
    63  9.45000000E+00  1.12609557E+00  9.99989329E-01  1.12609557E+00
    64  9.60000000E+00  1.12685425E+00  9.99988459E-01  1.12685425E+00
    65  9.75000000E+00  1.12754175E+00  9.99987531E-01  1.12754175E+00
    66  9.90000000E+00  1.12815986E+00  9.99986542E-01  1.12815986E+00
    67  1.00500000E+01  1.12880694E+00  9.99985489E-01  1.12880694E+00
    68  1.02000000E+01  1.12944056E+00  9.99984368E-01  1.12944056E+00
    69  1.03500000E+01  1.13001700E+00  9.99983178E-01  1.13001700E+00
    70  1.05000000E+01  1.13058117E+00  9.99981913E-01  1.13058117E+00
    71  1.06500000E+01  1.13117256E+00  9.99980572E-01  1.13117256E+00
    72  1.08000000E+01  1.13171762E+00  9.99979151E-01  1.13171762E+00
    73  1.09500000E+01  1.13222875E+00  9.99977646E-01  1.13222875E+00
    74  1.11000000E+01  1.13272773E+00  9.99976054E-01  1.13272773E+00
    75  1.12500000E+01  1.13324897E+00  9.99974371E-01  1.13324897E+00
    76  1.14000000E+01  1.13374571E+00  9.99972595E-01  1.13374571E+00
    77  1.15500000E+01  1.13422698E+00  9.99970721E-01  1.13422698E+00
    78  1.17000000E+01  1.13469955E+00  9.99968747E-01  1.13469955E+00
    79  1.18500000E+01  1.13516781E+00  9.99966670E-01  1.13516781E+00
    80  1.20000000E+01  1.13563387E+00  9.99964485E-01  1.13563387E+00
    81  1.21500000E+01  1.13609785E+00  9.99962191E-01  1.13609785E+00
    82  1.23000000E+01  1.13656650E+00  9.99959784E-01  1.13656650E+00
    83  1.24500000E+01  1.13703378E+00  9.99957262E-01  1.13703378E+00
    84  1.26000000E+01  1.13749800E+00  9.99954622E-01  1.13749800E+00
    85  1.27500000E+01  1.13795687E+00  9.99951863E-01  1.13795687E+00
    86  1.29000000E+01  1.13840736E+00  9.99948982E-01  1.13840736E+00
    87  1.30500000E+01  1.13884629E+00  9.99945979E-01  1.13884629E+00
    88  1.32000000E+01  1.13927070E+00  9.99942852E-01  1.13927070E+00
    89  1.33500000E+01  1.13968888E+00  9.99939602E-01  1.13968888E+00
    90  1.35000000E+01  1.14012059E+00  9.99936229E-01  1.14012059E+00
    91  1.36500000E+01  1.14053538E+00  9.99932733E-01  1.14053538E+00
    92  1.38000000E+01  1.14093149E+00  9.99929117E-01  1.14093149E+00
    93  1.39500000E+01  1.14130797E+00  9.99925383E-01  1.14130797E+00
    94  1.41000000E+01  1.14168367E+00  9.99921535E-01  1.14168367E+00
    95  1.42500000E+01  1.14206791E+00  9.99917577E-01  1.14206791E+00
    96  1.44000000E+01  1.14243219E+00  9.99913517E-01  1.14243219E+00
    97  1.45500000E+01  1.14277673E+00  9.99909360E-01  1.14277673E+00
    98  1.47000000E+01  1.14310499E+00  9.99905116E-01  1.14310499E+00
    99  1.48500000E+01  1.14345572E+00  9.99900796E-01  1.14345572E+00
   100  1.50000000E+01  1.14378707E+00  9.99896411E-01  1.14378707E+00
   101  1.51500000E+01  1.14410004E+00  9.99891977E-01  1.14410004E+00
   102  1.53000000E+01  1.14439577E+00  9.99887509E-01  1.14439577E+00
   103  1.54500000E+01  1.14470221E+00  9.99883026E-01  1.14470221E+00
   104  1.56000000E+01  1.14500363E+00  9.99878550E-01  1.14500363E+00
   105  1.57500000E+01  1.14528833E+00  9.99874105E-01  1.14528833E+00
   106  1.59000000E+01  1.14555732E+00  9.99869719E-01  1.14555732E+00
   107  1.60500000E+01  1.14582173E+00  9.99865423E-01  1.14582173E+00
   108  1.62000000E+01  1.14609544E+00  9.99861252E-01  1.14609544E+00
   109  1.63500000E+01  1.14635408E+00  9.99857244E-01  1.14635408E+00
   110  1.65000000E+01  1.14659833E+00  9.99853443E-01  1.14659833E+00
   111  1.66500000E+01  1.14682868E+00  9.99849896E-01  1.14682868E+00
   112  1.68000000E+01  1.14707518E+00  9.99846658E-01  1.14707518E+00
   113  1.69500000E+01  1.14730953E+00  9.99843785E-01  1.14730953E+00
   114  1.71000000E+01  1.14753022E+00  9.99841344E-01  1.14753022E+00
   115  1.72500000E+01  1.14773761E+00  9.99839406E-01  1.14773761E+00
   116  1.74000000E+01  1.14795151E+00  9.99838048E-01  1.14795151E+00
   117  1.75500000E+01  1.14816290E+00  9.99837357E-01  1.14816290E+00
   118  1.77000000E+01  1.14836116E+00  9.99837427E-01  1.14836116E+00
   119  1.78500000E+01  1.14854660E+00  9.99838360E-01  1.14854660E+00
   120  1.80000000E+01  1.14873362E+00  9.99840268E-01  1.14873362E+00
   121  1.81500000E+01  1.14892270E+00  9.99843274E-01  1.14892270E+00
   122  1.83000000E+01  1.14909922E+00  9.99847511E-01  1.14909922E+00
   123  1.84500000E+01  1.14926357E+00  9.99853123E-01  1.14926357E+00
   124  1.86000000E+01  1.14942867E+00  9.99860267E-01  1.14942867E+00
   125  1.87500000E+01  1.14959646E+00  9.99869114E-01  1.14959646E+00
   126  1.89000000E+01  1.14975234E+00  9.99879848E-01  1.14975234E+00
   127  1.90500000E+01  1.14989679E+00  9.99892668E-01  1.14989679E+00
   128  1.92000000E+01  1.15004349E+00  9.99907790E-01  1.15004349E+00
   129  1.93500000E+01  1.15019114E+00  9.99925447E-01  1.15019114E+00
   130  1.95000000E+01  1.15032772E+00  9.99945890E-01  1.15032772E+00
   131  1.96500000E+01  1.15045375E+00  9.99969390E-01  1.15045375E+00
   132  1.98000000E+01  1.15058537E+00  9.99996236E-01  1.15058537E+00
   133  1.99500000E+01  1.15071423E+00  1.00002674E+00  1.15071423E+00
   134  2.01000000E+01  1.15083292E+00  1.00006125E+00  1.15083292E+00
   135  2.02500000E+01  1.15094196E+00  1.00010011E+00  1.15094196E+00
   136  2.04000000E+01  1.15106146E+00  1.00014371E+00  1.15106146E+00
   137  2.05500000E+01  1.15117308E+00  1.00019248E+00  1.15117308E+00
   138  2.07000000E+01  1.15127540E+00  1.00024685E+00  1.15127540E+00
   139  2.08500000E+01  1.15137280E+00  1.00030730E+00  1.15137280E+00
   140  2.10000000E+01  1.15147755E+00  1.00037433E+00  1.15147755E+00
   141  2.11500000E+01  1.15157338E+00  1.00044849E+00  1.15157338E+00
   142  2.13000000E+01  1.15166075E+00  1.00053035E+00  1.15166075E+00
   143  2.14500000E+01  1.15175090E+00  1.00062054E+00  1.15175090E+00
   144  2.16000000E+01  1.15184045E+00  1.00071970E+00  1.15184045E+00
   145  2.17500000E+01  1.15192185E+00  1.00082854E+00  1.15192185E+00
   146  2.19000000E+01  1.15199572E+00  1.00094780E+00  1.15199572E+00
   147  2.20500000E+01  1.15207923E+00  1.00107825E+00  1.15207923E+00
   148  2.22000000E+01  1.15215491E+00  1.00122074E+00  1.15215491E+00
   149  2.23500000E+01  1.15222317E+00  1.00137615E+00  1.15222317E+00
   150  2.25000000E+01  1.15229376E+00  1.00154542E+00  1.15229376E+00
   151  2.26500000E+01  1.15236389E+00  1.00172954E+00  1.15236389E+00
   152  2.28000000E+01  1.15242688E+00  1.00192954E+00  1.15242688E+00
   153  2.29500000E+01  1.15248574E+00  1.00214654E+00  1.15248574E+00
   154  2.31000000E+01  1.15255056E+00  1.00238169E+00  1.15255056E+00
   155  2.32500000E+01  1.15260851E+00  1.00263622E+00  1.15260851E+00
   156  2.34000000E+01  1.15265997E+00  1.00291141E+00  1.15265997E+00
   157  2.35500000E+01  1.15271809E+00  1.00320862E+00  1.15271809E+00
   158  2.37000000E+01  1.15277116E+00  1.00352925E+00  1.15277116E+00
   159  2.38500000E+01  1.15281801E+00  1.00387480E+00  1.15281801E+00
   160  2.40000000E+01  1.15286781E+00  1.00424680E+00  1.15286781E+00
   161  2.41500000E+01  1.15291623E+00  1.00464689E+00  1.15291623E+00
   162  2.43000000E+01  1.15295866E+00  1.00507673E+00  1.15295866E+00
   163  2.44500000E+01  1.15300230E+00  1.00553809E+00  1.15300230E+00
   164  2.46000000E+01  1.15304620E+00  1.00603279E+00  1.15304620E+00
   165  2.47500000E+01  1.15308438E+00  1.00656271E+00  1.15308438E+00
   166  2.49000000E+01  1.15312265E+00  1.00712979E+00  1.15312265E+00
   167  2.50500000E+01  1.15316225E+00  1.00773606E+00  1.15316225E+00
   168  2.52000000E+01  1.15319637E+00  1.00838357E+00  1.15319637E+00
   169  2.53500000E+01  1.15323132E+00  1.00907445E+00  1.15323132E+00
   170  2.55000000E+01  1.15326677E+00  1.00981087E+00  1.15326677E+00
   171  2.56500000E+01  1.15329699E+00  1.01059504E+00  1.15329699E+00
   172  2.58000000E+01  1.15332859E+00  1.01142920E+00  1.15332859E+00
   173  2.59500000E+01  1.15336008E+00  1.01231564E+00  1.15336008E+00
   174  2.61000000E+01  1.15338657E+00  1.01325665E+00  1.15338657E+00
   175  2.62500000E+01  1.15341636E+00  1.01425451E+00  1.15341636E+00
   176  2.64000000E+01  1.15344405E+00  1.01531153E+00  1.15344405E+00
   177  2.65500000E+01  1.15346697E+00  1.01642998E+00  1.15346697E+00
   178  2.67000000E+01  1.15349490E+00  1.01761209E+00  1.15349490E+00
   179  2.68500000E+01  1.15351896E+00  1.01886005E+00  1.15351896E+00
   180  2.70000000E+01  1.15354081E+00  1.02017597E+00  1.15354081E+00
   181  2.71500000E+01  1.15356602E+00  1.02156188E+00  1.15356602E+00
   182  2.73000000E+01  1.15358662E+00  1.02301968E+00  1.15358662E+00
   183  2.74500000E+01  1.15360801E+00  1.02455115E+00  1.15360801E+00
   184  2.76000000E+01  1.15362969E+00  1.02615790E+00  1.15362969E+00
   185  2.77500000E+01  1.15364699E+00  1.02784135E+00  1.15364699E+00
   186  2.79000000E+01  1.15366911E+00  1.02960271E+00  1.15366911E+00
   187  2.80500000E+01  1.15368742E+00  1.03144294E+00  1.15368742E+00
   188  2.82000000E+01  1.15370447E+00  1.03336274E+00  1.15370447E+00
   189  2.83500000E+01  1.15372382E+00  1.03536250E+00  1.15372382E+00
   190  2.85000000E+01  1.15373894E+00  1.03744228E+00  1.15373894E+00
   191  2.86500000E+01  1.15375755E+00  1.03960178E+00  1.15375755E+00
   192  2.88000000E+01  1.15377363E+00  1.04184030E+00  1.15377363E+00
   193  2.89500000E+01  1.15378810E+00  1.04415675E+00  1.15378810E+00
   194  2.91000000E+01  1.15380518E+00  1.04654957E+00  1.15380518E+00
   195  2.92500000E+01  1.15381816E+00  1.04901674E+00  1.15381816E+00
   196  2.94000000E+01  1.15383465E+00  1.05155575E+00  1.15383465E+00
   197  2.95500000E+01  1.15384855E+00  1.05416359E+00  1.15384855E+00
   198  2.97000000E+01  1.15386148E+00  1.05683672E+00  1.15386148E+00
   199  2.98500000E+01  1.15387633E+00  1.05957106E+00  1.15387633E+00
   200  3.00000000E+01  1.15388722E+00  1.06236200E+00  1.15388722E+00
   201  3.01500000E+01  1.15390256E+00  1.06520437E+00  1.15390256E+00
   202  3.03000000E+01  1.15391434E+00  1.06809249E+00  1.15391434E+00
   203  3.04500000E+01  1.15392667E+00  1.07102013E+00  1.15392667E+00
   204  3.06000000E+01  1.15393933E+00  1.07398055E+00  1.15393933E+00
   205  3.07500000E+01  1.15394962E+00  1.07696654E+00  1.15394962E+00
   206  3.09000000E+01  1.15396318E+00  1.07997041E+00  1.15396318E+00
   207  3.10500000E+01  1.15397287E+00  1.08298407E+00  1.15397287E+00
   208  3.12000000E+01  1.15398515E+00  1.08599904E+00  1.15398515E+00
   209  3.13500000E+01  1.15399568E+00  1.08900653E+00  1.15399568E+00
   210  3.15000000E+01  1.15400624E+00  1.09199746E+00  1.15400624E+00
   211  3.16500000E+01  1.15401761E+00  1.09496258E+00  1.15401761E+00
   212  3.18000000E+01  1.15402565E+00  1.09789247E+00  1.15402565E+00
   213  3.19500000E+01  1.15403789E+00  1.10077771E+00  1.15403789E+00
   214  3.21000000E+01  1.15404634E+00  1.10360887E+00  1.15404634E+00
   215  3.22500000E+01  1.15405741E+00  1.10637667E+00  1.15405741E+00
   216  3.24000000E+01  1.15406666E+00  1.10907205E+00  1.15406666E+00
   217  3.25500000E+01  1.15407538E+00  1.11168629E+00  1.15407538E+00
   218  3.27000000E+01  1.15408544E+00  1.11421110E+00  1.15408544E+00
   219  3.28500000E+01  1.15409273E+00  1.11663875E+00  1.15409273E+00
   220  3.30000000E+01  1.15410361E+00  1.11896221E+00  1.15410361E+00
   221  3.31500000E+01  1.15411078E+00  1.12117523E+00  1.15411078E+00
   222  3.33000000E+01  1.15412036E+00  1.12327249E+00  1.15412036E+00
   223  3.34500000E+01  1.15412830E+00  1.12524974E+00  1.15412830E+00
   224  3.36000000E+01  1.15413651E+00  1.12710389E+00  1.15413651E+00
   225  3.37500000E+01  1.15414521E+00  1.12883313E+00  1.15414521E+00
   226  3.39000000E+01  1.15415125E+00  1.13043702E+00  1.15415125E+00
   227  3.40500000E+01  1.15416072E+00  1.13191659E+00  1.15416072E+00
   228  3.42000000E+01  1.15416659E+00  1.13327432E+00  1.15416659E+00
   229  3.43500000E+01  1.15417567E+00  1.13451425E+00  1.15417567E+00
   230  3.45000000E+01  1.15418225E+00  1.13564186E+00  1.15418225E+00
   231  3.46500000E+01  1.15418929E+00  1.13666404E+00  1.15418929E+00
   232  3.48000000E+01  1.15419659E+00  1.13758896E+00  1.15419659E+00
   233  3.49500000E+01  1.15420236E+00  1.13842590E+00  1.15420236E+00
   234  3.51000000E+01  1.15421040E+00  1.13918500E+00  1.15421040E+00
   235  3.52500000E+01  1.15421491E+00  1.13987698E+00  1.15421491E+00
   236  3.54000000E+01  1.15422286E+00  1.14051285E+00  1.15422286E+00
   237  3.55500000E+01  1.15422807E+00  1.14110356E+00  1.15422807E+00
   238  3.57000000E+01  1.15423480E+00  1.14165962E+00  1.15423480E+00
   239  3.58500000E+01  1.15424069E+00  1.14219078E+00  1.15424069E+00
   240  3.60000000E+01  1.15424542E+00  1.14270570E+00  1.15424542E+00
   241  3.61500000E+01  1.15425200E+00  1.14321165E+00  1.15425200E+00
   242  3.63000000E+01  1.15425547E+00  1.14371434E+00  1.15425547E+00
   243  3.64500000E+01  1.15426276E+00  1.14421778E+00  1.15426276E+00
   244  3.66000000E+01  1.15426657E+00  1.14472420E+00  1.15426657E+00
   245  3.67500000E+01  1.15427223E+00  1.14523417E+00  1.15427223E+00
   246  3.69000000E+01  1.15427670E+00  1.14574672E+00  1.15427670E+00
   247  3.70500000E+01  1.15428116E+00  1.14625958E+00  1.15428116E+00
   248  3.72000000E+01  1.15428629E+00  1.14676946E+00  1.15428629E+00
   249  3.73500000E+01  1.15428886E+00  1.14727245E+00  1.15428886E+00
   250  3.75000000E+01  1.15429467E+00  1.14776433E+00  1.15429467E+00
   251  3.76500000E+01  1.15429709E+00  1.14824094E+00  1.15429709E+00
   252  3.78000000E+01  1.15430260E+00  1.14869851E+00  1.15430260E+00
   253  3.79500000E+01  1.15430566E+00  1.14913393E+00  1.15430566E+00
   254  3.81000000E+01  1.15430938E+00  1.14954488E+00  1.15430938E+00
   255  3.82500000E+01  1.15431308E+00  1.14992999E+00  1.15431308E+00
   256  3.84000000E+01  1.15431580E+00  1.15028881E+00  1.15431580E+00
   257  3.85500000E+01  1.15432015E+00  1.15062177E+00  1.15432015E+00
   258  3.87000000E+01  1.15432123E+00  1.15093002E+00  1.15432123E+00
   259  3.88500000E+01  1.15432624E+00  1.15121527E+00  1.15432624E+00
   260  3.90000000E+01  1.15432792E+00  1.15147958E+00  1.15432792E+00
   261  3.91500000E+01  1.15433214E+00  1.15172513E+00  1.15433214E+00
   262  3.93000000E+01  1.15433444E+00  1.15195408E+00  1.15433444E+00
   263  3.94500000E+01  1.15433727E+00  1.15216836E+00  1.15433727E+00
   264  3.96000000E+01  1.15434020E+00  1.15236961E+00  1.15434020E+00
   265  3.97500000E+01  1.15434245E+00  1.15255910E+00  1.15434245E+00
   266  3.99000000E+01  1.15434603E+00  1.15273769E+00  1.15434603E+00
   267  4.00500000E+01  1.15434719E+00  1.15290596E+00  1.15434719E+00
   268  4.02000000E+01  1.15435143E+00  1.15306415E+00  1.15435143E+00
   269  4.03500000E+01  1.15435238E+00  1.15321236E+00  1.15435238E+00
   270  4.05000000E+01  1.15435722E+00  1.15335057E+00  1.15435722E+00
   271  4.06500000E+01  1.15435878E+00  1.15347873E+00  1.15435878E+00
   272  4.08000000E+01  1.15436298E+00  1.15359685E+00  1.15436298E+00
   273  4.09500000E+01  1.15436517E+00  1.15370506E+00  1.15436517E+00
   274  4.11000000E+01  1.15436955E+00  1.15380358E+00  1.15436955E+00
   275  4.12500000E+01  1.15437238E+00  1.15389276E+00  1.15437238E+00
   276  4.14000000E+01  1.15437652E+00  1.15397306E+00  1.15437652E+00
   277  4.15500000E+01  1.15438000E+00  1.15404502E+00  1.15438000E+00
   278  4.17000000E+01  1.15438478E+00  1.15410920E+00  1.15438478E+00
   279  4.18500000E+01  1.15438890E+00  1.15416620E+00  1.15438890E+00
   280  4.20000000E+01  1.15439375E+00  1.15421656E+00  1.15439375E+00
   281  4.21500000E+01  1.15439854E+00  1.15426081E+00  1.15439854E+00
   282  4.23000000E+01  1.15440393E+00  1.15429938E+00  1.15440393E+00
   283  4.24500000E+01  1.15440937E+00  1.15433266E+00  1.15440937E+00
   284  4.26000000E+01  1.15441367E+00  1.15436100E+00  1.15441367E+00
   285  4.27500000E+01  1.15441977E+00  1.15438468E+00  1.15441977E+00
   286  4.29000000E+01  1.15442551E+00  1.15440396E+00  1.15442551E+00
   287  4.30500000E+01  1.15443227E+00  1.15441906E+00  1.15443227E+00
   288  4.32000000E+01  1.15443556E+00  1.15443021E+00  1.15443556E+00
   289  4.33500000E+01  1.15443762E+00  1.15443762E+00  1.15443762E+00
   290  4.35000000E+01  1.15444154E+00  1.15444154E+00  1.15444154E+00
   291  4.36500000E+01  1.15444217E+00  1.15444217E+00  1.15444217E+00
   292  4.38000000E+01  1.15443976E+00  1.15443976E+00  1.15443976E+00
   293  4.39500000E+01  1.15443454E+00  1.15443454E+00  1.15443454E+00
   294  4.41000000E+01  1.15442673E+00  1.15442673E+00  1.15442673E+00
   295  4.42500000E+01  1.15441655E+00  1.15441655E+00  1.15441655E+00
   296  4.44000000E+01  1.15440421E+00  1.15440421E+00  1.15440421E+00
   297  4.45500000E+01  1.15438991E+00  1.15438991E+00  1.15438991E+00
   298  4.47000000E+01  1.15437382E+00  1.15437382E+00  1.15437382E+00
   299  4.48500000E+01  1.15435610E+00  1.15435610E+00  1.15435610E+00
   300  4.50000000E+01  1.15433693E+00  1.15433693E+00  1.15433693E+00
   301  4.51500000E+01  1.15431643E+00  1.15431643E+00  1.15431643E+00
   302  4.53000000E+01  1.15429475E+00  1.15429475E+00  1.15429475E+00
   303  4.54500000E+01  1.15427201E+00  1.15427201E+00  1.15427201E+00
   304  4.56000000E+01  1.15424833E+00  1.15424833E+00  1.15424833E+00
   305  4.57500000E+01  1.15422384E+00  1.15422384E+00  1.15422384E+00
   306  4.59000000E+01  1.15419863E+00  1.15419863E+00  1.15419863E+00
   307  4.60500000E+01  1.15417282E+00  1.15417282E+00  1.15417282E+00
   308  4.62000000E+01  1.15414650E+00  1.15414650E+00  1.15414650E+00
   309  4.63500000E+01  1.15411976E+00  1.15411976E+00  1.15411976E+00
   310  4.65000000E+01  1.15409271E+00  1.15409271E+00  1.15409271E+00
   311  4.66500000E+01  1.15406541E+00  1.15406541E+00  1.15406541E+00
   312  4.68000000E+01  1.15403795E+00  1.15403795E+00  1.15403795E+00
   313  4.69500000E+01  1.15401039E+00  1.15401039E+00  1.15401039E+00
   314  4.71000000E+01  1.15398281E+00  1.15398281E+00  1.15398281E+00
   315  4.72500000E+01  1.15395526E+00  1.15395526E+00  1.15395526E+00
   316  4.74000000E+01  1.15392779E+00  1.15392779E+00  1.15392779E+00
   317  4.75500000E+01  1.15390047E+00  1.15390047E+00  1.15390047E+00
   318  4.77000000E+01  1.15387334E+00  1.15387334E+00  1.15387334E+00
   319  4.78500000E+01  1.15384645E+00  1.15384645E+00  1.15384645E+00
   320  4.80000000E+01  1.15381982E+00  1.15381982E+00  1.15381982E+00
   321  4.81500000E+01  1.15379351E+00  1.15379351E+00  1.15379351E+00
   322  4.83000000E+01  1.15376754E+00  1.15376754E+00  1.15376754E+00
   323  4.84500000E+01  1.15374195E+00  1.15374195E+00  1.15374195E+00
   324  4.86000000E+01  1.15371677E+00  1.15371677E+00  1.15371677E+00
   325  4.87500000E+01  1.15369201E+00  1.15369201E+00  1.15369201E+00
   326  4.89000000E+01  1.15366770E+00  1.15366770E+00  1.15366770E+00
   327  4.90500000E+01  1.15364386E+00  1.15364386E+00  1.15364386E+00
   328  4.92000000E+01  1.15362051E+00  1.15362051E+00  1.15362051E+00
   329  4.93500000E+01  1.15359766E+00  1.15359766E+00  1.15359766E+00
   330  4.95000000E+01  1.15357532E+00  1.15357532E+00  1.15357532E+00
   331  4.96500000E+01  1.15355350E+00  1.15355350E+00  1.15355350E+00
   332  4.98000000E+01  1.15353222E+00  1.15353222E+00  1.15353222E+00
   333  4.99500000E+01  1.15351148E+00  1.15351148E+00  1.15351148E+00
   334  5.01000000E+01  1.15349127E+00  1.15349127E+00  1.15349127E+00
   335  5.02500000E+01  1.15347162E+00  1.15347162E+00  1.15347162E+00
   336  5.04000000E+01  1.15345252E+00  1.15345252E+00  1.15345252E+00
   337  5.05500000E+01  1.15343396E+00  1.15343396E+00  1.15343396E+00
   338  5.07000000E+01  1.15341595E+00  1.15341595E+00  1.15341595E+00
   339  5.08500000E+01  1.15339849E+00  1.15339849E+00  1.15339849E+00
   340  5.10000000E+01  1.15338158E+00  1.15338158E+00  1.15338158E+00
   341  5.11500000E+01  1.15336520E+00  1.15336520E+00  1.15336520E+00
   342  5.13000000E+01  1.15334936E+00  1.15334936E+00  1.15334936E+00
   343  5.14500000E+01  1.15333405E+00  1.15333405E+00  1.15333405E+00
   344  5.16000000E+01  1.15331926E+00  1.15331926E+00  1.15331926E+00
   345  5.17500000E+01  1.15330499E+00  1.15330499E+00  1.15330499E+00
   346  5.19000000E+01  1.15329123E+00  1.15329123E+00  1.15329123E+00
   347  5.20500000E+01  1.15327796E+00  1.15327796E+00  1.15327796E+00
   348  5.22000000E+01  1.15326519E+00  1.15326519E+00  1.15326519E+00
   349  5.23500000E+01  1.15325289E+00  1.15325289E+00  1.15325289E+00
   350  5.25000000E+01  1.15324107E+00  1.15324107E+00  1.15324107E+00
   351  5.26500000E+01  1.15322972E+00  1.15322972E+00  1.15322972E+00
   352  5.28000000E+01  1.15321881E+00  1.15321881E+00  1.15321881E+00
   353  5.29500000E+01  1.15320834E+00  1.15320834E+00  1.15320834E+00
   354  5.31000000E+01  1.15319831E+00  1.15319831E+00  1.15319831E+00
   355  5.32500000E+01  1.15318869E+00  1.15318869E+00  1.15318869E+00
   356  5.34000000E+01  1.15317949E+00  1.15317949E+00  1.15317949E+00
   357  5.35500000E+01  1.15317068E+00  1.15317068E+00  1.15317068E+00
   358  5.37000000E+01  1.15316225E+00  1.15316225E+00  1.15316225E+00
   359  5.38500000E+01  1.15315420E+00  1.15315420E+00  1.15315420E+00
   360  5.40000000E+01  1.15314652E+00  1.15314652E+00  1.15314652E+00
   361  5.41500000E+01  1.15313918E+00  1.15313918E+00  1.15313918E+00
   362  5.43000000E+01  1.15313219E+00  1.15313219E+00  1.15313219E+00
   363  5.44500000E+01  1.15312553E+00  1.15312553E+00  1.15312553E+00
   364  5.46000000E+01  1.15311919E+00  1.15311919E+00  1.15311919E+00
 steady-height stop at step    364: changes <=   1.0000E-05, max-end <=   1.0000E-02, max/end/gap/profile_change =   1.15311919E+00  1.15311919E+00  0.00000000E+00  6.34112431E-06


STDERR:
