COMMAND:
/shared/extrudate_rom/generate_rom_data/extrudate_swell2d_c_cluster

STDOUT:
 comppar: model =   3
 comppar: lambda,mobility/eps,betav,eta_0 =  1.0000E+00  1.0000E-01  3.0000E-01  1.0000E+00
 comppar: eta_s,eta_p,G =  3.0000E-01  7.0000E-01  7.0000E-01
 comppar: U_avg,deltat,flowrate,nsteps =  2.0000E-01  1.5000E-01  6.2832E-01     700
 comppar: geometry = axisymmetric
 comppar: steady stop change,gap,hold,min =  1.0000E-05  1.0000E-02      10      80
 comppar: ncompc,ncompg =     4     5
 mesh nnodes = 5765
 mesh nelem = 2780
 P1 BC   5.0000000000000000     
 P2 BC   0.0000000000000000     
     1  1.50000000E-01  1.00378900E+00  1.00000000E+00  1.00378900E+00
     2  3.00000000E-01  1.00745700E+00  1.00000000E+00  1.00745700E+00
     3  4.50000000E-01  1.01097974E+00  1.00000000E+00  1.01097974E+00
     4  6.00000000E-01  1.01439448E+00  1.00000000E+00  1.01439448E+00
     5  7.50000000E-01  1.01771914E+00  1.00000000E+00  1.01771914E+00
     6  9.00000000E-01  1.02097381E+00  1.00000000E+00  1.02097381E+00
     7  1.05000000E+00  1.02417460E+00  1.00000001E+00  1.02417460E+00
     8  1.20000000E+00  1.02732594E+00  1.00000001E+00  1.02732594E+00
     9  1.35000000E+00  1.03043076E+00  1.00000001E+00  1.03043076E+00
    10  1.50000000E+00  1.03352792E+00  1.00000001E+00  1.03352792E+00
    11  1.65000000E+00  1.03657093E+00  1.00000001E+00  1.03657093E+00
    12  1.80000000E+00  1.03958677E+00  1.00000001E+00  1.03958677E+00
    13  1.95000000E+00  1.04257473E+00  1.00000001E+00  1.04257473E+00
    14  2.10000000E+00  1.04550455E+00  1.00000001E+00  1.04550455E+00
    15  2.25000000E+00  1.04842802E+00  1.00000000E+00  1.04842802E+00
    16  2.40000000E+00  1.05127875E+00  1.00000000E+00  1.05127875E+00
    17  2.55000000E+00  1.05411863E+00  9.99999996E-01  1.05411863E+00
    18  2.70000000E+00  1.05688177E+00  9.99999991E-01  1.05688177E+00
    19  2.85000000E+00  1.05958688E+00  9.99999984E-01  1.05958688E+00
    20  3.00000000E+00  1.06227153E+00  9.99999975E-01  1.06227153E+00
    21  3.15000000E+00  1.06484644E+00  9.99999965E-01  1.06484644E+00
    22  3.30000000E+00  1.06744619E+00  9.99999952E-01  1.06744619E+00
    23  3.45000000E+00  1.06991639E+00  9.99999937E-01  1.06991639E+00
    24  3.60000000E+00  1.07239480E+00  9.99999920E-01  1.07239480E+00
    25  3.75000000E+00  1.07479502E+00  9.99999899E-01  1.07479502E+00
    26  3.90000000E+00  1.07711309E+00  9.99999875E-01  1.07711309E+00
    27  4.05000000E+00  1.07944114E+00  9.99999848E-01  1.07944114E+00
    28  4.20000000E+00  1.08162899E+00  9.99999817E-01  1.08162899E+00
    29  4.35000000E+00  1.08381637E+00  9.99999781E-01  1.08381637E+00
    30  4.50000000E+00  1.08595805E+00  9.99999741E-01  1.08595805E+00
    31  4.65000000E+00  1.08795637E+00  9.99999695E-01  1.08795637E+00
    32  4.80000000E+00  1.09002216E+00  9.99999644E-01  1.09002216E+00
    33  4.95000000E+00  1.09197342E+00  9.99999586E-01  1.09197342E+00
    34  5.10000000E+00  1.09378142E+00  9.99999522E-01  1.09378142E+00
    35  5.25000000E+00  1.09570636E+00  9.99999450E-01  1.09570636E+00
    36  5.40000000E+00  1.09750050E+00  9.99999370E-01  1.09750050E+00
    37  5.55000000E+00  1.09915507E+00  9.99999281E-01  1.09915507E+00
    38  5.70000000E+00  1.10092942E+00  9.99999183E-01  1.10092942E+00
    39  5.85000000E+00  1.10256872E+00  9.99999074E-01  1.10256872E+00
    40  6.00000000E+00  1.10407431E+00  9.99998954E-01  1.10407431E+00
    41  6.15000000E+00  1.10567606E+00  9.99998822E-01  1.10567606E+00
    42  6.30000000E+00  1.10719571E+00  9.99998677E-01  1.10719571E+00
    43  6.45000000E+00  1.10858862E+00  9.99998518E-01  1.10858862E+00
    44  6.60000000E+00  1.11000210E+00  9.99998344E-01  1.11000210E+00
    45  6.75000000E+00  1.11140508E+00  9.99998153E-01  1.11140508E+00
    46  6.90000000E+00  1.11268917E+00  9.99997945E-01  1.11268917E+00
    47  7.05000000E+00  1.11392303E+00  9.99997718E-01  1.11392303E+00
    48  7.20000000E+00  1.11522182E+00  9.99997470E-01  1.11522182E+00
    49  7.35000000E+00  1.11641032E+00  9.99997201E-01  1.11641032E+00
    50  7.50000000E+00  1.11749917E+00  9.99996909E-01  1.11749917E+00
    51  7.65000000E+00  1.11867250E+00  9.99996592E-01  1.11867250E+00
    52  7.80000000E+00  1.11976999E+00  9.99996248E-01  1.11976999E+00
    53  7.95000000E+00  1.12077701E+00  9.99995876E-01  1.12077701E+00
    54  8.10000000E+00  1.12179585E+00  9.99995473E-01  1.12179585E+00
    55  8.25000000E+00  1.12281250E+00  9.99995038E-01  1.12281250E+00
    56  8.40000000E+00  1.12374612E+00  9.99994569E-01  1.12374612E+00
    57  8.55000000E+00  1.12460482E+00  9.99994064E-01  1.12460482E+00
    58  8.70000000E+00  1.12554270E+00  9.99993519E-01  1.12554270E+00
    59  8.85000000E+00  1.12640785E+00  9.99992933E-01  1.12640785E+00
    60  9.00000000E+00  1.12720361E+00  9.99992304E-01  1.12720361E+00
    61  9.15000000E+00  1.12800655E+00  9.99991628E-01  1.12800655E+00
    62  9.30000000E+00  1.12880716E+00  9.99990903E-01  1.12880716E+00
    63  9.45000000E+00  1.12954095E+00  9.99990126E-01  1.12954095E+00
    64  9.60000000E+00  1.13020970E+00  9.99989295E-01  1.13020970E+00
    65  9.75000000E+00  1.13095026E+00  9.99988405E-01  1.13095026E+00
    66  9.90000000E+00  1.13162632E+00  9.99987455E-01  1.13162632E+00
    67  1.00500000E+01  1.13223783E+00  9.99986440E-01  1.13223783E+00
    68  1.02000000E+01  1.13287385E+00  9.99985358E-01  1.13287385E+00
    69  1.03500000E+01  1.13348992E+00  9.99984205E-01  1.13348992E+00
    70  1.05000000E+01  1.13404118E+00  9.99982978E-01  1.13404118E+00
    71  1.06500000E+01  1.13457974E+00  9.99981672E-01  1.13457974E+00
    72  1.08000000E+01  1.13513957E+00  9.99980285E-01  1.13513957E+00
    73  1.09500000E+01  1.13563404E+00  9.99978812E-01  1.13563404E+00
    74  1.11000000E+01  1.13609320E+00  9.99977250E-01  1.13609320E+00
    75  1.12500000E+01  1.13659425E+00  9.99975595E-01  1.13659425E+00
    76  1.14000000E+01  1.13703062E+00  9.99973844E-01  1.13703062E+00
    77  1.15500000E+01  1.13742755E+00  9.99971991E-01  1.13742755E+00
    78  1.17000000E+01  1.13787308E+00  9.99970035E-01  1.13787308E+00
    79  1.18500000E+01  1.13825436E+00  9.99967970E-01  1.13825436E+00
    80  1.20000000E+01  1.13859708E+00  9.99965793E-01  1.13859708E+00
    81  1.21500000E+01  1.13898699E+00  9.99963501E-01  1.13898699E+00
    82  1.23000000E+01  1.13931548E+00  9.99961089E-01  1.13931548E+00
    83  1.24500000E+01  1.13961808E+00  9.99958556E-01  1.13961808E+00
    84  1.26000000E+01  1.13995522E+00  9.99955898E-01  1.13995522E+00
    85  1.27500000E+01  1.14023365E+00  9.99953111E-01  1.14023365E+00
    86  1.29000000E+01  1.14049991E+00  9.99950194E-01  1.14049991E+00
    87  1.30500000E+01  1.14078782E+00  9.99947145E-01  1.14078782E+00
    88  1.32000000E+01  1.14102203E+00  9.99943961E-01  1.14102203E+00
    89  1.33500000E+01  1.14125985E+00  9.99940641E-01  1.14125985E+00
    90  1.35000000E+01  1.14150117E+00  9.99937186E-01  1.14150117E+00
    91  1.36500000E+01  1.14169387E+00  9.99933595E-01  1.14169387E+00
    92  1.38000000E+01  1.14190875E+00  9.99929868E-01  1.14190875E+00
    93  1.39500000E+01  1.14211004E+00  9.99926008E-01  1.14211004E+00
    94  1.41000000E+01  1.14226902E+00  9.99922016E-01  1.14226902E+00
    95  1.42500000E+01  1.14245783E+00  9.99917897E-01  1.14245783E+00
    96  1.44000000E+01  1.14262181E+00  9.99913656E-01  1.14262181E+00
    97  1.45500000E+01  1.14275129E+00  9.99909298E-01  1.14275129E+00
    98  1.47000000E+01  1.14292310E+00  9.99904831E-01  1.14292310E+00
    99  1.48500000E+01  1.14305751E+00  9.99900264E-01  1.14305751E+00
   100  1.50000000E+01  1.14316922E+00  9.99895609E-01  1.14316922E+00
   101  1.51500000E+01  1.14330791E+00  9.99890879E-01  1.14330791E+00
   102  1.53000000E+01  1.14341574E+00  9.99886088E-01  1.14341574E+00
   103  1.54500000E+01  1.14352173E+00  9.99881254E-01  1.14352173E+00
   104  1.56000000E+01  1.14363477E+00  9.99876398E-01  1.14363477E+00
   105  1.57500000E+01  1.14372293E+00  9.99871544E-01  1.14372293E+00
   106  1.59000000E+01  1.14380814E+00  9.99866717E-01  1.14380814E+00
   107  1.60500000E+01  1.14389860E+00  9.99861947E-01  1.14389860E+00
   108  1.62000000E+01  1.14397037E+00  9.99857269E-01  1.14397037E+00
   109  1.63500000E+01  1.14405119E+00  9.99852721E-01  1.14405119E+00
   110  1.65000000E+01  1.14412521E+00  9.99848344E-01  1.14412521E+00
   111  1.66500000E+01  1.14418521E+00  9.99844187E-01  1.14418521E+00
   112  1.68000000E+01  1.14424262E+00  9.99840302E-01  1.14424262E+00
   113  1.69500000E+01  1.14430352E+00  9.99836748E-01  1.14430352E+00
   114  1.71000000E+01  1.14435515E+00  9.99833589E-01  1.14435515E+00
   115  1.72500000E+01  1.14440803E+00  9.99830898E-01  1.14440803E+00
   116  1.74000000E+01  1.14445949E+00  9.99828753E-01  1.14445949E+00
   117  1.75500000E+01  1.14450464E+00  9.99827240E-01  1.14450464E+00
   118  1.77000000E+01  1.14454640E+00  9.99826456E-01  1.14454640E+00
   119  1.78500000E+01  1.14458623E+00  9.99826506E-01  1.14458623E+00
   120  1.80000000E+01  1.14462434E+00  9.99827503E-01  1.14462434E+00
   121  1.81500000E+01  1.14466169E+00  9.99829573E-01  1.14466169E+00
   122  1.83000000E+01  1.14470027E+00  9.99832853E-01  1.14470027E+00
   123  1.84500000E+01  1.14473683E+00  9.99837491E-01  1.14473683E+00
   124  1.86000000E+01  1.14477035E+00  9.99843650E-01  1.14477035E+00
   125  1.87500000E+01  1.14479978E+00  9.99851506E-01  1.14479978E+00
   126  1.89000000E+01  1.14482982E+00  9.99861251E-01  1.14482982E+00
   127  1.90500000E+01  1.14485948E+00  9.99873090E-01  1.14485948E+00
   128  1.92000000E+01  1.14488488E+00  9.99887249E-01  1.14488488E+00
   129  1.93500000E+01  1.14490576E+00  9.99903971E-01  1.14490576E+00
   130  1.95000000E+01  1.14493221E+00  9.99923518E-01  1.14493221E+00
   131  1.96500000E+01  1.14495385E+00  9.99946174E-01  1.14495385E+00
   132  1.98000000E+01  1.14497055E+00  9.99972245E-01  1.14497055E+00
   133  1.99500000E+01  1.14498811E+00  1.00000206E+00  1.14498811E+00
   134  2.01000000E+01  1.14500605E+00  1.00003598E+00  1.14500605E+00
   135  2.02500000E+01  1.14501943E+00  1.00007438E+00  1.14501943E+00
   136  2.04000000E+01  1.14503227E+00  1.00011767E+00  1.14503227E+00
   137  2.05500000E+01  1.14504639E+00  1.00016629E+00  1.14504639E+00
   138  2.07000000E+01  1.14505626E+00  1.00022073E+00  1.14505626E+00
   139  2.08500000E+01  1.14506376E+00  1.00028147E+00  1.14506376E+00
   140  2.10000000E+01  1.14507485E+00  1.00034907E+00  1.14507485E+00
   141  2.11500000E+01  1.14508225E+00  1.00042411E+00  1.14508225E+00
   142  2.13000000E+01  1.14508678E+00  1.00050719E+00  1.14508678E+00
   143  2.14500000E+01  1.14509455E+00  1.00059900E+00  1.14509455E+00
   144  2.16000000E+01  1.14509933E+00  1.00070022E+00  1.14509933E+00
   145  2.17500000E+01  1.14510199E+00  1.00081161E+00  1.14510199E+00
   146  2.19000000E+01  1.14510665E+00  1.00093397E+00  1.14510665E+00
   147  2.20500000E+01  1.14510983E+00  1.00106814E+00  1.14510983E+00
   148  2.22000000E+01  1.14511142E+00  1.00121504E+00  1.14511142E+00
   149  2.23500000E+01  1.14511225E+00  1.00137561E+00  1.14511225E+00
   150  2.25000000E+01  1.14511387E+00  1.00155087E+00  1.14511387E+00
   151  2.26500000E+01  1.14511456E+00  1.00174191E+00  1.14511456E+00
   152  2.28000000E+01  1.14511494E+00  1.00194985E+00  1.14511494E+00
   153  2.29500000E+01  1.14511539E+00  1.00217589E+00  1.14511539E+00
   154  2.31000000E+01  1.14511604E+00  1.00242132E+00  1.14511604E+00
   155  2.32500000E+01  1.14511690E+00  1.00268746E+00  1.14511690E+00
   156  2.34000000E+01  1.14511783E+00  1.00297572E+00  1.14511783E+00
   157  2.35500000E+01  1.14511868E+00  1.00328759E+00  1.14511868E+00
   158  2.37000000E+01  1.14511930E+00  1.00362461E+00  1.14511930E+00
   159  2.38500000E+01  1.14511962E+00  1.00398842E+00  1.14511962E+00
   160  2.40000000E+01  1.14511960E+00  1.00438071E+00  1.14511960E+00
   161  2.41500000E+01  1.14511927E+00  1.00480327E+00  1.14511927E+00
   162  2.43000000E+01  1.14511870E+00  1.00525795E+00  1.14511870E+00
   163  2.44500000E+01  1.14511810E+00  1.00574669E+00  1.14511810E+00
   164  2.46000000E+01  1.14511763E+00  1.00627148E+00  1.14511763E+00
   165  2.47500000E+01  1.14511696E+00  1.00683441E+00  1.14511696E+00
   166  2.49000000E+01  1.14511619E+00  1.00743763E+00  1.14511619E+00
   167  2.50500000E+01  1.14511537E+00  1.00808335E+00  1.14511537E+00
   168  2.52000000E+01  1.14511456E+00  1.00877386E+00  1.14511456E+00
   169  2.53500000E+01  1.14511380E+00  1.00951149E+00  1.14511380E+00
   170  2.55000000E+01  1.14511310E+00  1.01029864E+00  1.14511310E+00
   171  2.56500000E+01  1.14511245E+00  1.01113774E+00  1.14511245E+00
   172  2.58000000E+01  1.14511190E+00  1.01203128E+00  1.14511190E+00
   173  2.59500000E+01  1.14511137E+00  1.01298174E+00  1.14511137E+00
   174  2.61000000E+01  1.14511085E+00  1.01399164E+00  1.14511085E+00
   175  2.62500000E+01  1.14511035E+00  1.01506349E+00  1.14511035E+00
   176  2.64000000E+01  1.14510986E+00  1.01619979E+00  1.14510986E+00
   177  2.65500000E+01  1.14510940E+00  1.01740300E+00  1.14510940E+00
   178  2.67000000E+01  1.14510897E+00  1.01867554E+00  1.14510897E+00
   179  2.68500000E+01  1.14510856E+00  1.02001974E+00  1.14510856E+00
   180  2.70000000E+01  1.14510819E+00  1.02143784E+00  1.14510819E+00
   181  2.71500000E+01  1.14510784E+00  1.02293197E+00  1.14510784E+00
   182  2.73000000E+01  1.14510751E+00  1.02450410E+00  1.14510751E+00
   183  2.74500000E+01  1.14510721E+00  1.02615602E+00  1.14510721E+00
   184  2.76000000E+01  1.14510692E+00  1.02788932E+00  1.14510692E+00
   185  2.77500000E+01  1.14510666E+00  1.02970536E+00  1.14510666E+00
   186  2.79000000E+01  1.14510641E+00  1.03160521E+00  1.14510641E+00
   187  2.80500000E+01  1.14510618E+00  1.03358967E+00  1.14510618E+00
   188  2.82000000E+01  1.14510597E+00  1.03565917E+00  1.14510597E+00
   189  2.83500000E+01  1.14510577E+00  1.03781380E+00  1.14510577E+00
   190  2.85000000E+01  1.14510559E+00  1.04005321E+00  1.14510559E+00
   191  2.86500000E+01  1.14510542E+00  1.04237665E+00  1.14510542E+00
   192  2.88000000E+01  1.14510527E+00  1.04478287E+00  1.14510527E+00
   193  2.89500000E+01  1.14510512E+00  1.04727013E+00  1.14510512E+00
   194  2.91000000E+01  1.14510499E+00  1.04983615E+00  1.14510499E+00
   195  2.92500000E+01  1.14510487E+00  1.05247809E+00  1.14510487E+00
   196  2.94000000E+01  1.14510476E+00  1.05519253E+00  1.14510476E+00
   197  2.95500000E+01  1.14510466E+00  1.05797546E+00  1.14510466E+00
   198  2.97000000E+01  1.14510456E+00  1.06082223E+00  1.14510456E+00
   199  2.98500000E+01  1.14510448E+00  1.06372759E+00  1.14510448E+00
   200  3.00000000E+01  1.14510440E+00  1.06668568E+00  1.14510440E+00
   201  3.01500000E+01  1.14510432E+00  1.06969000E+00  1.14510432E+00
   202  3.03000000E+01  1.14510426E+00  1.07273349E+00  1.14510426E+00
   203  3.04500000E+01  1.14510420E+00  1.07580848E+00  1.14510420E+00
   204  3.06000000E+01  1.14510414E+00  1.07890679E+00  1.14510414E+00
   205  3.07500000E+01  1.14510409E+00  1.08201974E+00  1.14510409E+00
   206  3.09000000E+01  1.14510404E+00  1.08513820E+00  1.14510404E+00
   207  3.10500000E+01  1.14510400E+00  1.08825265E+00  1.14510400E+00
   208  3.12000000E+01  1.14510396E+00  1.09135325E+00  1.14510396E+00
   209  3.13500000E+01  1.14510393E+00  1.09442992E+00  1.14510393E+00
   210  3.15000000E+01  1.14510390E+00  1.09747243E+00  1.14510390E+00
   211  3.16500000E+01  1.14510387E+00  1.10047047E+00  1.14510387E+00
   212  3.18000000E+01  1.14510384E+00  1.10341377E+00  1.14510384E+00
   213  3.19500000E+01  1.14510382E+00  1.10629220E+00  1.14510382E+00
   214  3.21000000E+01  1.14510379E+00  1.10909591E+00  1.14510379E+00
   215  3.22500000E+01  1.14510377E+00  1.11181540E+00  1.14510377E+00
   216  3.24000000E+01  1.14510375E+00  1.11444171E+00  1.14510375E+00
   217  3.25500000E+01  1.14510374E+00  1.11696650E+00  1.14510374E+00
   218  3.27000000E+01  1.14510372E+00  1.11938221E+00  1.14510372E+00
   219  3.28500000E+01  1.14510371E+00  1.12168218E+00  1.14510371E+00
   220  3.30000000E+01  1.14510370E+00  1.12386079E+00  1.14510370E+00
   221  3.31500000E+01  1.14510369E+00  1.12591355E+00  1.14510369E+00
   222  3.33000000E+01  1.14510368E+00  1.12783723E+00  1.14510368E+00
   223  3.34500000E+01  1.14510367E+00  1.12962993E+00  1.14510367E+00
   224  3.36000000E+01  1.14510366E+00  1.13129112E+00  1.14510366E+00
   225  3.37500000E+01  1.14510365E+00  1.13282169E+00  1.14510365E+00
   226  3.39000000E+01  1.14510364E+00  1.13422393E+00  1.14510364E+00
   227  3.40500000E+01  1.14510364E+00  1.13550146E+00  1.14510364E+00
   228  3.42000000E+01  1.14510363E+00  1.13665917E+00  1.14510363E+00
   229  3.43500000E+01  1.14510363E+00  1.13770300E+00  1.14510363E+00
   230  3.45000000E+01  1.14510362E+00  1.13863984E+00  1.14510362E+00
   231  3.46500000E+01  1.14510362E+00  1.13947723E+00  1.14510362E+00
   232  3.48000000E+01  1.14510361E+00  1.14022315E+00  1.14510361E+00
   233  3.49500000E+01  1.14510361E+00  1.14088573E+00  1.14510361E+00
   234  3.51000000E+01  1.14510361E+00  1.14147297E+00  1.14510361E+00
   235  3.52500000E+01  1.14510360E+00  1.14199250E+00  1.14510360E+00
   236  3.54000000E+01  1.14510360E+00  1.14245139E+00  1.14510360E+00
   237  3.55500000E+01  1.14510360E+00  1.14285593E+00  1.14510360E+00
   238  3.57000000E+01  1.14510360E+00  1.14321155E+00  1.14510360E+00
   239  3.58500000E+01  1.14510359E+00  1.14352285E+00  1.14510359E+00
   240  3.60000000E+01  1.14510359E+00  1.14379357E+00  1.14510359E+00
   241  3.61500000E+01  1.14510359E+00  1.14402677E+00  1.14510359E+00
   242  3.63000000E+01  1.14510359E+00  1.14422499E+00  1.14510359E+00
   243  3.64500000E+01  1.14510359E+00  1.14439048E+00  1.14510359E+00
   244  3.66000000E+01  1.14510359E+00  1.14452537E+00  1.14510359E+00
   245  3.67500000E+01  1.14510358E+00  1.14463194E+00  1.14510358E+00
   246  3.69000000E+01  1.14510358E+00  1.14471274E+00  1.14510358E+00
   247  3.70500000E+01  1.14510358E+00  1.14477069E+00  1.14510358E+00
   248  3.72000000E+01  1.14510358E+00  1.14480911E+00  1.14510358E+00
   249  3.73500000E+01  1.14510358E+00  1.14483164E+00  1.14510358E+00
   250  3.75000000E+01  1.14510358E+00  1.14484209E+00  1.14510358E+00
   251  3.76500000E+01  1.14510358E+00  1.14484431E+00  1.14510358E+00
   252  3.78000000E+01  1.14510358E+00  1.14484191E+00  1.14510358E+00
   253  3.79500000E+01  1.14510358E+00  1.14483804E+00  1.14510358E+00
   254  3.81000000E+01  1.14510358E+00  1.14483526E+00  1.14510358E+00
   255  3.82500000E+01  1.14510358E+00  1.14483535E+00  1.14510358E+00
   256  3.84000000E+01  1.14510358E+00  1.14483930E+00  1.14510358E+00
   257  3.85500000E+01  1.14510357E+00  1.14484728E+00  1.14510357E+00
   258  3.87000000E+01  1.14510357E+00  1.14485883E+00  1.14510357E+00
   259  3.88500000E+01  1.14510357E+00  1.14487292E+00  1.14510357E+00
   260  3.90000000E+01  1.14510357E+00  1.14488825E+00  1.14510357E+00
   261  3.91500000E+01  1.14510357E+00  1.14490340E+00  1.14510357E+00
   262  3.93000000E+01  1.14510357E+00  1.14491709E+00  1.14510357E+00
   263  3.94500000E+01  1.14510357E+00  1.14492828E+00  1.14510357E+00
   264  3.96000000E+01  1.14510357E+00  1.14493633E+00  1.14510357E+00
   265  3.97500000E+01  1.14510357E+00  1.14494101E+00  1.14510357E+00
   266  3.99000000E+01  1.14510357E+00  1.14494249E+00  1.14510357E+00
   267  4.00500000E+01  1.14510357E+00  1.14494129E+00  1.14510357E+00
   268  4.02000000E+01  1.14510357E+00  1.14493811E+00  1.14510357E+00
   269  4.03500000E+01  1.14510357E+00  1.14493376E+00  1.14510357E+00
   270  4.05000000E+01  1.14510357E+00  1.14492905E+00  1.14510357E+00
   271  4.06500000E+01  1.14510357E+00  1.14492463E+00  1.14510357E+00
   272  4.08000000E+01  1.14510357E+00  1.14492099E+00  1.14510357E+00
   273  4.09500000E+01  1.14510357E+00  1.14491839E+00  1.14510357E+00
 steady-height stop at step    273: changes <=   1.0000E-05, max-end <=   1.0000E-02, max/end/gap/profile_change =   1.14510357E+00  1.14491839E+00  1.85178982E-04  2.59826907E-06


STDERR:
