COMMAND:
/shared/extrudate_rom/generate_rom_data/extrudate_swell2d_c_cluster

STDOUT:
 comppar: model =   3
 comppar: lambda,mobility/eps,betav,eta_0 =  1.0000E+01  5.0000E-01  3.0000E-01  1.0000E+00
 comppar: eta_s,eta_p,G =  3.0000E-01  7.0000E-01  7.0000E-02
 comppar: U_avg,deltat,flowrate,nsteps =  2.0000E-01  1.5000E-01  6.2832E-01     700
 comppar: geometry = axisymmetric
 comppar: steady stop change,gap,hold,min =  1.0000E-05  1.0000E-02      10      80
 comppar: ncompc,ncompg =     4     5
 mesh nnodes = 5765
 mesh nelem = 2780
 P1 BC   5.0000000000000000     
 P2 BC   0.0000000000000000     
     1  1.50000000E-01  1.00378751E+00  1.00000000E+00  1.00378751E+00
     2  3.00000000E-01  1.00748850E+00  1.00000000E+00  1.00748850E+00
     3  4.50000000E-01  1.01110286E+00  1.00000000E+00  1.01110286E+00
     4  6.00000000E-01  1.01463360E+00  1.00000000E+00  1.01463360E+00
     5  7.50000000E-01  1.01808325E+00  1.00000000E+00  1.01808325E+00
     6  9.00000000E-01  1.02145203E+00  1.00000000E+00  1.02145203E+00
     7  1.05000000E+00  1.02474658E+00  1.00000000E+00  1.02474658E+00
     8  1.20000000E+00  1.02798243E+00  1.00000000E+00  1.02798243E+00
     9  1.35000000E+00  1.03116257E+00  1.00000000E+00  1.03116257E+00
    10  1.50000000E+00  1.03428116E+00  1.00000000E+00  1.03428116E+00
    11  1.65000000E+00  1.03735253E+00  1.00000000E+00  1.03735253E+00
    12  1.80000000E+00  1.04039843E+00  1.00000000E+00  1.04039843E+00
    13  1.95000000E+00  1.04338110E+00  1.00000000E+00  1.04338110E+00
    14  2.10000000E+00  1.04637575E+00  1.00000000E+00  1.04637575E+00
    15  2.25000000E+00  1.04930419E+00  9.99999999E-01  1.04930419E+00
    16  2.40000000E+00  1.05225811E+00  9.99999996E-01  1.05225811E+00
    17  2.55000000E+00  1.05515126E+00  9.99999992E-01  1.05515126E+00
    18  2.70000000E+00  1.05808594E+00  9.99999986E-01  1.05808594E+00
    19  2.85000000E+00  1.06095422E+00  9.99999979E-01  1.06095422E+00
    20  3.00000000E+00  1.06384678E+00  9.99999971E-01  1.06384678E+00
    21  3.15000000E+00  1.06673751E+00  9.99999962E-01  1.06673751E+00
    22  3.30000000E+00  1.06957464E+00  9.99999951E-01  1.06957464E+00
    23  3.45000000E+00  1.07247374E+00  9.99999938E-01  1.07247374E+00
    24  3.60000000E+00  1.07534946E+00  9.99999923E-01  1.07534946E+00
    25  3.75000000E+00  1.07818310E+00  9.99999905E-01  1.07818310E+00
    26  3.90000000E+00  1.08105766E+00  9.99999886E-01  1.08105766E+00
    27  4.05000000E+00  1.08395324E+00  9.99999864E-01  1.08395324E+00
    28  4.20000000E+00  1.08681565E+00  9.99999839E-01  1.08681565E+00
    29  4.35000000E+00  1.08964874E+00  9.99999812E-01  1.08964874E+00
    30  4.50000000E+00  1.09253536E+00  9.99999781E-01  1.09253536E+00
    31  4.65000000E+00  1.09542899E+00  9.99999747E-01  1.09542899E+00
    32  4.80000000E+00  1.09829861E+00  9.99999709E-01  1.09829861E+00
    33  4.95000000E+00  1.10114811E+00  9.99999667E-01  1.10114811E+00
    34  5.10000000E+00  1.10398172E+00  9.99999622E-01  1.10398172E+00
    35  5.25000000E+00  1.10684000E+00  9.99999571E-01  1.10684000E+00
    36  5.40000000E+00  1.10973164E+00  9.99999516E-01  1.10973164E+00
    37  5.55000000E+00  1.11260818E+00  9.99999456E-01  1.11260818E+00
    38  5.70000000E+00  1.11547335E+00  9.99999391E-01  1.11547335E+00
    39  5.85000000E+00  1.11833020E+00  9.99999320E-01  1.11833020E+00
    40  6.00000000E+00  1.12118032E+00  9.99999242E-01  1.12118032E+00
    41  6.15000000E+00  1.12402274E+00  9.99999158E-01  1.12402274E+00
    42  6.30000000E+00  1.12685297E+00  9.99999066E-01  1.12685297E+00
    43  6.45000000E+00  1.12966232E+00  9.99998967E-01  1.12966232E+00
    44  6.60000000E+00  1.13246944E+00  9.99998860E-01  1.13246944E+00
    45  6.75000000E+00  1.13529302E+00  9.99998744E-01  1.13529302E+00
    46  6.90000000E+00  1.13807741E+00  9.99998619E-01  1.13807741E+00
    47  7.05000000E+00  1.14080548E+00  9.99998484E-01  1.14080548E+00
    48  7.20000000E+00  1.14345791E+00  9.99998338E-01  1.14345791E+00
    49  7.35000000E+00  1.14601528E+00  9.99998180E-01  1.14601528E+00
    50  7.50000000E+00  1.14859512E+00  9.99998011E-01  1.14859512E+00
    51  7.65000000E+00  1.15115910E+00  9.99997829E-01  1.15115910E+00
    52  7.80000000E+00  1.15361085E+00  9.99997632E-01  1.15361085E+00
    53  7.95000000E+00  1.15593695E+00  9.99997422E-01  1.15593695E+00
    54  8.10000000E+00  1.15821923E+00  9.99997195E-01  1.15821923E+00
    55  8.25000000E+00  1.16054562E+00  9.99996952E-01  1.16054562E+00
    56  8.40000000E+00  1.16273510E+00  9.99996690E-01  1.16273510E+00
    57  8.55000000E+00  1.16478408E+00  9.99996410E-01  1.16478408E+00
    58  8.70000000E+00  1.16675055E+00  9.99996110E-01  1.16675055E+00
    59  8.85000000E+00  1.16882719E+00  9.99995789E-01  1.16882719E+00
    60  9.00000000E+00  1.17076259E+00  9.99995444E-01  1.17076259E+00
    61  9.15000000E+00  1.17256000E+00  9.99995076E-01  1.17256000E+00
    62  9.30000000E+00  1.17424723E+00  9.99994682E-01  1.17424723E+00
    63  9.45000000E+00  1.17606028E+00  9.99994261E-01  1.17606028E+00
    64  9.60000000E+00  1.17773845E+00  9.99993811E-01  1.17773845E+00
    65  9.75000000E+00  1.17928905E+00  9.99993330E-01  1.17928905E+00
    66  9.90000000E+00  1.18071938E+00  9.99992818E-01  1.18071938E+00
    67  1.00500000E+01  1.18224405E+00  9.99992271E-01  1.18224405E+00
    68  1.02000000E+01  1.18368930E+00  9.99991688E-01  1.18368930E+00
    69  1.03500000E+01  1.18501755E+00  9.99991067E-01  1.18501755E+00
    70  1.05000000E+01  1.18623498E+00  9.99990406E-01  1.18623498E+00
    71  1.06500000E+01  1.18746041E+00  9.99989703E-01  1.18746041E+00
    72  1.08000000E+01  1.18868975E+00  9.99988955E-01  1.18868975E+00
    73  1.09500000E+01  1.18981298E+00  9.99988160E-01  1.18981298E+00
    74  1.11000000E+01  1.19083464E+00  9.99987316E-01  1.19083464E+00
    75  1.12500000E+01  1.19181642E+00  9.99986420E-01  1.19181642E+00
    76  1.14000000E+01  1.19284966E+00  9.99985469E-01  1.19284966E+00
    77  1.15500000E+01  1.19378513E+00  9.99984460E-01  1.19378513E+00
    78  1.17000000E+01  1.19462741E+00  9.99983392E-01  1.19462741E+00
    79  1.18500000E+01  1.19538131E+00  9.99982260E-01  1.19538131E+00
    80  1.20000000E+01  1.19623453E+00  9.99981063E-01  1.19623453E+00
    81  1.21500000E+01  1.19700153E+00  9.99979796E-01  1.19700153E+00
    82  1.23000000E+01  1.19768457E+00  9.99978458E-01  1.19768457E+00
    83  1.24500000E+01  1.19828943E+00  9.99977044E-01  1.19828943E+00
    84  1.26000000E+01  1.19891027E+00  9.99975551E-01  1.19891027E+00
    85  1.27500000E+01  1.19952856E+00  9.99973977E-01  1.19952856E+00
    86  1.29000000E+01  1.20007420E+00  9.99972317E-01  1.20007420E+00
    87  1.30500000E+01  1.20055362E+00  9.99970569E-01  1.20055362E+00
    88  1.32000000E+01  1.20097337E+00  9.99968730E-01  1.20097337E+00
    89  1.33500000E+01  1.20145621E+00  9.99966795E-01  1.20145621E+00
    90  1.35000000E+01  1.20188767E+00  9.99964762E-01  1.20188767E+00
    91  1.36500000E+01  1.20226493E+00  9.99962627E-01  1.20226493E+00
    92  1.38000000E+01  1.20259420E+00  9.99960387E-01  1.20259420E+00
    93  1.39500000E+01  1.20290469E+00  9.99958039E-01  1.20290469E+00
    94  1.41000000E+01  1.20324540E+00  9.99955580E-01  1.20324540E+00
    95  1.42500000E+01  1.20354268E+00  9.99953006E-01  1.20354268E+00
    96  1.44000000E+01  1.20380178E+00  9.99950316E-01  1.20380178E+00
    97  1.45500000E+01  1.20402733E+00  9.99947506E-01  1.20402733E+00
    98  1.47000000E+01  1.20422335E+00  9.99944574E-01  1.20422335E+00
    99  1.48500000E+01  1.20444832E+00  9.99941518E-01  1.20444832E+00
   100  1.50000000E+01  1.20465446E+00  9.99938335E-01  1.20465446E+00
   101  1.51500000E+01  1.20483416E+00  9.99935026E-01  1.20483416E+00
   102  1.53000000E+01  1.20499046E+00  9.99931588E-01  1.20499046E+00
   103  1.54500000E+01  1.20512605E+00  9.99928021E-01  1.20512605E+00
   104  1.56000000E+01  1.20524331E+00  9.99924325E-01  1.20524331E+00
   105  1.57500000E+01  1.20535585E+00  9.99920500E-01  1.20535585E+00
   106  1.59000000E+01  1.20548193E+00  9.99916547E-01  1.20548193E+00
   107  1.60500000E+01  1.20559165E+00  9.99912469E-01  1.20559165E+00
   108  1.62000000E+01  1.20568695E+00  9.99908268E-01  1.20568695E+00
   109  1.63500000E+01  1.20576961E+00  9.99903946E-01  1.20576961E+00
   110  1.65000000E+01  1.20584122E+00  9.99899510E-01  1.20584122E+00
   111  1.66500000E+01  1.20590324E+00  9.99894964E-01  1.20590324E+00
   112  1.68000000E+01  1.20595695E+00  9.99890315E-01  1.20595695E+00
   113  1.69500000E+01  1.20600348E+00  9.99885572E-01  1.20600348E+00
   114  1.71000000E+01  1.20604475E+00  9.99880743E-01  1.20604475E+00
   115  1.72500000E+01  1.20609939E+00  9.99875840E-01  1.20609939E+00
   116  1.74000000E+01  1.20614766E+00  9.99870877E-01  1.20614766E+00
   117  1.75500000E+01  1.20619043E+00  9.99865866E-01  1.20619043E+00
   118  1.77000000E+01  1.20622845E+00  9.99860827E-01  1.20622845E+00
   119  1.78500000E+01  1.20626236E+00  9.99855778E-01  1.20626236E+00
   120  1.80000000E+01  1.20629272E+00  9.99850740E-01  1.20629272E+00
   121  1.81500000E+01  1.20632001E+00  9.99845738E-01  1.20632001E+00
   122  1.83000000E+01  1.20634464E+00  9.99840799E-01  1.20634464E+00
   123  1.84500000E+01  1.20636698E+00  9.99835954E-01  1.20636698E+00
   124  1.86000000E+01  1.20638734E+00  9.99831236E-01  1.20638734E+00
   125  1.87500000E+01  1.20640599E+00  9.99826683E-01  1.20640599E+00
   126  1.89000000E+01  1.20642318E+00  9.99822335E-01  1.20642318E+00
   127  1.90500000E+01  1.20643912E+00  9.99818240E-01  1.20643912E+00
   128  1.92000000E+01  1.20645398E+00  9.99814446E-01  1.20645398E+00
   129  1.93500000E+01  1.20646793E+00  9.99811010E-01  1.20646793E+00
   130  1.95000000E+01  1.20648110E+00  9.99807992E-01  1.20648110E+00
   131  1.96500000E+01  1.20649362E+00  9.99805457E-01  1.20649362E+00
   132  1.98000000E+01  1.20650558E+00  9.99803479E-01  1.20650558E+00
   133  1.99500000E+01  1.20652397E+00  9.99802135E-01  1.20652397E+00
   134  2.01000000E+01  1.20654181E+00  9.99801513E-01  1.20654181E+00
   135  2.02500000E+01  1.20655907E+00  9.99801704E-01  1.20655907E+00
   136  2.04000000E+01  1.20657581E+00  9.99802810E-01  1.20657581E+00
   137  2.05500000E+01  1.20659213E+00  9.99804941E-01  1.20659213E+00
   138  2.07000000E+01  1.20660807E+00  9.99808215E-01  1.20660807E+00
   139  2.08500000E+01  1.20662370E+00  9.99812761E-01  1.20662370E+00
   140  2.10000000E+01  1.20663907E+00  9.99818717E-01  1.20663907E+00
   141  2.11500000E+01  1.20665422E+00  9.99826234E-01  1.20665422E+00
   142  2.13000000E+01  1.20666921E+00  9.99835473E-01  1.20666921E+00
   143  2.14500000E+01  1.20668407E+00  9.99846608E-01  1.20668407E+00
   144  2.16000000E+01  1.20669884E+00  9.99859828E-01  1.20669884E+00
   145  2.17500000E+01  1.20671356E+00  9.99875333E-01  1.20671356E+00
   146  2.19000000E+01  1.20672826E+00  9.99893341E-01  1.20672826E+00
   147  2.20500000E+01  1.20674298E+00  9.99914085E-01  1.20674298E+00
   148  2.22000000E+01  1.20675774E+00  9.99937815E-01  1.20675774E+00
   149  2.23500000E+01  1.20677258E+00  9.99964797E-01  1.20677258E+00
   150  2.25000000E+01  1.20678752E+00  9.99995320E-01  1.20678752E+00
   151  2.26500000E+01  1.20680258E+00  1.00002969E+00  1.20680258E+00
   152  2.28000000E+01  1.20681779E+00  1.00006823E+00  1.20681779E+00
   153  2.29500000E+01  1.20683318E+00  1.00011130E+00  1.20683318E+00
   154  2.31000000E+01  1.20684875E+00  1.00015926E+00  1.20684875E+00
   155  2.32500000E+01  1.20686454E+00  1.00021252E+00  1.20686454E+00
   156  2.34000000E+01  1.20688056E+00  1.00027150E+00  1.20688056E+00
   157  2.35500000E+01  1.20689683E+00  1.00033664E+00  1.20689683E+00
   158  2.37000000E+01  1.20691335E+00  1.00040844E+00  1.20691335E+00
   159  2.38500000E+01  1.20693015E+00  1.00048740E+00  1.20693015E+00
   160  2.40000000E+01  1.20694723E+00  1.00057406E+00  1.20694723E+00
   161  2.41500000E+01  1.20696460E+00  1.00066899E+00  1.20696460E+00
   162  2.43000000E+01  1.20698228E+00  1.00077282E+00  1.20698228E+00
   163  2.44500000E+01  1.20700026E+00  1.00088617E+00  1.20700026E+00
   164  2.46000000E+01  1.20701855E+00  1.00100975E+00  1.20701855E+00
   165  2.47500000E+01  1.20703716E+00  1.00114426E+00  1.20703716E+00
   166  2.49000000E+01  1.20705608E+00  1.00129048E+00  1.20705608E+00
   167  2.50500000E+01  1.20707532E+00  1.00144921E+00  1.20707532E+00
   168  2.52000000E+01  1.20709487E+00  1.00162130E+00  1.20709487E+00
   169  2.53500000E+01  1.20711473E+00  1.00180766E+00  1.20711473E+00
   170  2.55000000E+01  1.20713490E+00  1.00200923E+00  1.20713490E+00
   171  2.56500000E+01  1.20715536E+00  1.00222700E+00  1.20715536E+00
   172  2.58000000E+01  1.20717612E+00  1.00246202E+00  1.20717612E+00
   173  2.59500000E+01  1.20719715E+00  1.00271539E+00  1.20719715E+00
   174  2.61000000E+01  1.20721846E+00  1.00298825E+00  1.20721846E+00
   175  2.62500000E+01  1.20724004E+00  1.00328183E+00  1.20724004E+00
   176  2.64000000E+01  1.20726186E+00  1.00359737E+00  1.20726186E+00
   177  2.65500000E+01  1.20728392E+00  1.00393620E+00  1.20728392E+00
   178  2.67000000E+01  1.20730620E+00  1.00429970E+00  1.20730620E+00
   179  2.68500000E+01  1.20732869E+00  1.00468930E+00  1.20732869E+00
   180  2.70000000E+01  1.20735137E+00  1.00510650E+00  1.20735137E+00
   181  2.71500000E+01  1.20737422E+00  1.00555285E+00  1.20737422E+00
   182  2.73000000E+01  1.20739724E+00  1.00602996E+00  1.20739724E+00
   183  2.74500000E+01  1.20742040E+00  1.00653950E+00  1.20742040E+00
   184  2.76000000E+01  1.20744369E+00  1.00708320E+00  1.20744369E+00
   185  2.77500000E+01  1.20746708E+00  1.00766283E+00  1.20746708E+00
   186  2.79000000E+01  1.20749057E+00  1.00828023E+00  1.20749057E+00
   187  2.80500000E+01  1.20751412E+00  1.00893728E+00  1.20751412E+00
   188  2.82000000E+01  1.20753774E+00  1.00963590E+00  1.20753774E+00
   189  2.83500000E+01  1.20756138E+00  1.01037806E+00  1.20756138E+00
   190  2.85000000E+01  1.20758505E+00  1.01116576E+00  1.20758505E+00
   191  2.86500000E+01  1.20760871E+00  1.01200103E+00  1.20760871E+00
   192  2.88000000E+01  1.20763236E+00  1.01288591E+00  1.20763236E+00
   193  2.89500000E+01  1.20765612E+00  1.01382246E+00  1.20765612E+00
   194  2.91000000E+01  1.20768047E+00  1.01481273E+00  1.20768047E+00
   195  2.92500000E+01  1.20770476E+00  1.01585878E+00  1.20770476E+00
   196  2.94000000E+01  1.20772897E+00  1.01696263E+00  1.20772897E+00
   197  2.95500000E+01  1.20775308E+00  1.01812625E+00  1.20775308E+00
   198  2.97000000E+01  1.20777709E+00  1.01935158E+00  1.20777709E+00
   199  2.98500000E+01  1.20780097E+00  1.02064049E+00  1.20780097E+00
   200  3.00000000E+01  1.20782471E+00  1.02199475E+00  1.20782471E+00
   201  3.01500000E+01  1.20784829E+00  1.02341604E+00  1.20784829E+00
   202  3.03000000E+01  1.20787172E+00  1.02490592E+00  1.20787172E+00
   203  3.04500000E+01  1.20789496E+00  1.02646581E+00  1.20789496E+00
   204  3.06000000E+01  1.20791800E+00  1.02809694E+00  1.20791800E+00
   205  3.07500000E+01  1.20794085E+00  1.02980040E+00  1.20794085E+00
   206  3.09000000E+01  1.20796347E+00  1.03157705E+00  1.20796347E+00
   207  3.10500000E+01  1.20798587E+00  1.03342754E+00  1.20798587E+00
   208  3.12000000E+01  1.20800803E+00  1.03535225E+00  1.20800803E+00
   209  3.13500000E+01  1.20802995E+00  1.03735132E+00  1.20802995E+00
   210  3.15000000E+01  1.20805160E+00  1.03942459E+00  1.20805160E+00
   211  3.16500000E+01  1.20807300E+00  1.04157161E+00  1.20807300E+00
   212  3.18000000E+01  1.20809412E+00  1.04379159E+00  1.20809412E+00
   213  3.19500000E+01  1.20811495E+00  1.04608344E+00  1.20811495E+00
   214  3.21000000E+01  1.20813550E+00  1.04844573E+00  1.20813550E+00
   215  3.22500000E+01  1.20815576E+00  1.05087667E+00  1.20815576E+00
   216  3.24000000E+01  1.20817572E+00  1.05337413E+00  1.20817572E+00
   217  3.25500000E+01  1.20819537E+00  1.05593567E+00  1.20819537E+00
   218  3.27000000E+01  1.20821472E+00  1.05855846E+00  1.20821472E+00
   219  3.28500000E+01  1.20823375E+00  1.06123940E+00  1.20823375E+00
   220  3.30000000E+01  1.20825247E+00  1.06397502E+00  1.20825247E+00
   221  3.31500000E+01  1.20827087E+00  1.06676160E+00  1.20827087E+00
   222  3.33000000E+01  1.20828895E+00  1.06959510E+00  1.20828895E+00
   223  3.34500000E+01  1.20830670E+00  1.07247124E+00  1.20830670E+00
   224  3.36000000E+01  1.20832413E+00  1.07538549E+00  1.20832413E+00
   225  3.37500000E+01  1.20834124E+00  1.07833313E+00  1.20834124E+00
   226  3.39000000E+01  1.20835802E+00  1.08130925E+00  1.20835802E+00
   227  3.40500000E+01  1.20837447E+00  1.08430882E+00  1.20837447E+00
   228  3.42000000E+01  1.20839060E+00  1.08732671E+00  1.20839060E+00
   229  3.43500000E+01  1.20840641E+00  1.09035775E+00  1.20840641E+00
   230  3.45000000E+01  1.20842189E+00  1.09339677E+00  1.20842189E+00
   231  3.46500000E+01  1.20843705E+00  1.09643872E+00  1.20843705E+00
   232  3.48000000E+01  1.20845189E+00  1.09947865E+00  1.20845189E+00
   233  3.49500000E+01  1.20846642E+00  1.10251188E+00  1.20846642E+00
   234  3.51000000E+01  1.20848063E+00  1.10553402E+00  1.20848063E+00
   235  3.52500000E+01  1.20849452E+00  1.10854107E+00  1.20849452E+00
   236  3.54000000E+01  1.20850811E+00  1.11152947E+00  1.20850811E+00
   237  3.55500000E+01  1.20852139E+00  1.11449622E+00  1.20852139E+00
   238  3.57000000E+01  1.20853437E+00  1.11743886E+00  1.20853437E+00
   239  3.58500000E+01  1.20854705E+00  1.12035553E+00  1.20854705E+00
   240  3.60000000E+01  1.20855944E+00  1.12324494E+00  1.20855944E+00
   241  3.61500000E+01  1.20857153E+00  1.12610631E+00  1.20857153E+00
   242  3.63000000E+01  1.20858334E+00  1.12893927E+00  1.20858334E+00
   243  3.64500000E+01  1.20859486E+00  1.13174371E+00  1.20859486E+00
   244  3.66000000E+01  1.20860611E+00  1.13451956E+00  1.20860611E+00
   245  3.67500000E+01  1.20861708E+00  1.13726654E+00  1.20861708E+00
   246  3.69000000E+01  1.20862778E+00  1.13998391E+00  1.20862778E+00
   247  3.70500000E+01  1.20863822E+00  1.14267016E+00  1.20863822E+00
   248  3.72000000E+01  1.20864840E+00  1.14532274E+00  1.20864840E+00
   249  3.73500000E+01  1.20865832E+00  1.14793783E+00  1.20865832E+00
   250  3.75000000E+01  1.20866800E+00  1.15051017E+00  1.20866800E+00
   251  3.76500000E+01  1.20867743E+00  1.15303298E+00  1.20867743E+00
   252  3.78000000E+01  1.20868662E+00  1.15549802E+00  1.20868662E+00
   253  3.79500000E+01  1.20869557E+00  1.15789576E+00  1.20869557E+00
   254  3.81000000E+01  1.20870429E+00  1.16021571E+00  1.20870429E+00
   255  3.82500000E+01  1.20871279E+00  1.16244683E+00  1.20871279E+00
   256  3.84000000E+01  1.20872107E+00  1.16457806E+00  1.20872107E+00
   257  3.85500000E+01  1.20872913E+00  1.16659899E+00  1.20872913E+00
   258  3.87000000E+01  1.20873699E+00  1.16850042E+00  1.20873699E+00
   259  3.88500000E+01  1.20874464E+00  1.17027495E+00  1.20874464E+00
   260  3.90000000E+01  1.20875208E+00  1.17191754E+00  1.20875208E+00
   261  3.91500000E+01  1.20875933E+00  1.17342580E+00  1.20875933E+00
   262  3.93000000E+01  1.20876639E+00  1.17480026E+00  1.20876639E+00
   263  3.94500000E+01  1.20877327E+00  1.17604430E+00  1.20877327E+00
   264  3.96000000E+01  1.20877996E+00  1.17716396E+00  1.20877996E+00
   265  3.97500000E+01  1.20878648E+00  1.17816759E+00  1.20878648E+00
   266  3.99000000E+01  1.20879282E+00  1.17906527E+00  1.20879282E+00
   267  4.00500000E+01  1.20879900E+00  1.17986821E+00  1.20879900E+00
   268  4.02000000E+01  1.20880501E+00  1.18058806E+00  1.20880501E+00
   269  4.03500000E+01  1.20881086E+00  1.18123629E+00  1.20881086E+00
   270  4.05000000E+01  1.20881656E+00  1.18182364E+00  1.20881656E+00
   271  4.06500000E+01  1.20882211E+00  1.18235963E+00  1.20882211E+00
   272  4.08000000E+01  1.20882751E+00  1.18285236E+00  1.20882751E+00
   273  4.09500000E+01  1.20883276E+00  1.18330835E+00  1.20883276E+00
   274  4.11000000E+01  1.20883788E+00  1.18373257E+00  1.20883788E+00
   275  4.12500000E+01  1.20884287E+00  1.18412867E+00  1.20884287E+00
   276  4.14000000E+01  1.20884772E+00  1.18449919E+00  1.20884772E+00
   277  4.15500000E+01  1.20885245E+00  1.18484588E+00  1.20885245E+00
   278  4.17000000E+01  1.20885705E+00  1.18517005E+00  1.20885705E+00
   279  4.18500000E+01  1.20886153E+00  1.18547280E+00  1.20886153E+00
   280  4.20000000E+01  1.20886590E+00  1.18575527E+00  1.20886590E+00
   281  4.21500000E+01  1.20887015E+00  1.18601878E+00  1.20887015E+00
   282  4.23000000E+01  1.20887430E+00  1.18626486E+00  1.20887430E+00
   283  4.24500000E+01  1.20887833E+00  1.18649526E+00  1.20887833E+00
   284  4.26000000E+01  1.20888226E+00  1.18671185E+00  1.20888226E+00
   285  4.27500000E+01  1.20888610E+00  1.18691654E+00  1.20888610E+00
   286  4.29000000E+01  1.20888983E+00  1.18711115E+00  1.20888983E+00
   287  4.30500000E+01  1.20889347E+00  1.18729731E+00  1.20889347E+00
   288  4.32000000E+01  1.20889702E+00  1.18747636E+00  1.20889702E+00
   289  4.33500000E+01  1.20890048E+00  1.18764937E+00  1.20890048E+00
   290  4.35000000E+01  1.20890385E+00  1.18781708E+00  1.20890385E+00
   291  4.36500000E+01  1.20890714E+00  1.18797993E+00  1.20890714E+00
   292  4.38000000E+01  1.20891034E+00  1.18813818E+00  1.20891034E+00
   293  4.39500000E+01  1.20891347E+00  1.18829190E+00  1.20891347E+00
   294  4.41000000E+01  1.20891652E+00  1.18844111E+00  1.20891652E+00
   295  4.42500000E+01  1.20891950E+00  1.18858578E+00  1.20891950E+00
   296  4.44000000E+01  1.20892240E+00  1.18872593E+00  1.20892240E+00
   297  4.45500000E+01  1.20892523E+00  1.18886162E+00  1.20892523E+00
   298  4.47000000E+01  1.20892800E+00  1.18899301E+00  1.20892800E+00
   299  4.48500000E+01  1.20893070E+00  1.18912027E+00  1.20893070E+00
   300  4.50000000E+01  1.20893333E+00  1.18924366E+00  1.20893333E+00
   301  4.51500000E+01  1.20893591E+00  1.18936342E+00  1.20893591E+00
   302  4.53000000E+01  1.20893842E+00  1.18947981E+00  1.20893842E+00
   303  4.54500000E+01  1.20894087E+00  1.18959305E+00  1.20894087E+00
   304  4.56000000E+01  1.20894327E+00  1.18970333E+00  1.20894327E+00
   305  4.57500000E+01  1.20894561E+00  1.18981079E+00  1.20894561E+00
   306  4.59000000E+01  1.20894790E+00  1.18991552E+00  1.20894790E+00
   307  4.60500000E+01  1.20895014E+00  1.19001760E+00  1.20895014E+00
   308  4.62000000E+01  1.20895232E+00  1.19011704E+00  1.20895232E+00
   309  4.63500000E+01  1.20895446E+00  1.19021389E+00  1.20895446E+00
   310  4.65000000E+01  1.20895655E+00  1.19030814E+00  1.20895655E+00
   311  4.66500000E+01  1.20895859E+00  1.19039985E+00  1.20895859E+00
   312  4.68000000E+01  1.20896059E+00  1.19048903E+00  1.20896059E+00
   313  4.69500000E+01  1.20896254E+00  1.19057574E+00  1.20896254E+00
   314  4.71000000E+01  1.20896445E+00  1.19066005E+00  1.20896445E+00
   315  4.72500000E+01  1.20896632E+00  1.19074202E+00  1.20896632E+00
   316  4.74000000E+01  1.20896815E+00  1.19082175E+00  1.20896815E+00
   317  4.75500000E+01  1.20896994E+00  1.19089931E+00  1.20896994E+00
   318  4.77000000E+01  1.20897169E+00  1.19097478E+00  1.20897169E+00
   319  4.78500000E+01  1.20897341E+00  1.19104825E+00  1.20897341E+00
   320  4.80000000E+01  1.20897509E+00  1.19111979E+00  1.20897509E+00
   321  4.81500000E+01  1.20897673E+00  1.19118947E+00  1.20897673E+00
   322  4.83000000E+01  1.20897834E+00  1.19125736E+00  1.20897834E+00
   323  4.84500000E+01  1.20897991E+00  1.19132351E+00  1.20897991E+00
   324  4.86000000E+01  1.20898146E+00  1.19138799E+00  1.20898146E+00
   325  4.87500000E+01  1.20898297E+00  1.19145086E+00  1.20898297E+00
   326  4.89000000E+01  1.20898445E+00  1.19151218E+00  1.20898445E+00
   327  4.90500000E+01  1.20898590E+00  1.19157200E+00  1.20898590E+00
   328  4.92000000E+01  1.20898732E+00  1.19163039E+00  1.20898732E+00
   329  4.93500000E+01  1.20898871E+00  1.19168740E+00  1.20898871E+00
   330  4.95000000E+01  1.20899008E+00  1.19174310E+00  1.20899008E+00
   331  4.96500000E+01  1.20899142E+00  1.19179754E+00  1.20899142E+00
   332  4.98000000E+01  1.20899273E+00  1.19185078E+00  1.20899273E+00
   333  4.99500000E+01  1.20899401E+00  1.19190287E+00  1.20899401E+00
   334  5.01000000E+01  1.20899527E+00  1.19195386E+00  1.20899527E+00
   335  5.02500000E+01  1.20899651E+00  1.19200381E+00  1.20899651E+00
   336  5.04000000E+01  1.20899772E+00  1.19205276E+00  1.20899772E+00
   337  5.05500000E+01  1.20899891E+00  1.19210075E+00  1.20899891E+00
   338  5.07000000E+01  1.20900007E+00  1.19214783E+00  1.20900007E+00
   339  5.08500000E+01  1.20900121E+00  1.19219403E+00  1.20900121E+00
   340  5.10000000E+01  1.20900233E+00  1.19223940E+00  1.20900233E+00
   341  5.11500000E+01  1.20900343E+00  1.19228397E+00  1.20900343E+00
   342  5.13000000E+01  1.20900451E+00  1.19232777E+00  1.20900451E+00
   343  5.14500000E+01  1.20900557E+00  1.19237083E+00  1.20900557E+00
   344  5.16000000E+01  1.20900660E+00  1.19241319E+00  1.20900660E+00
   345  5.17500000E+01  1.20900762E+00  1.19245487E+00  1.20900762E+00
   346  5.19000000E+01  1.20900862E+00  1.19249589E+00  1.20900862E+00
   347  5.20500000E+01  1.20900960E+00  1.19253629E+00  1.20900960E+00
   348  5.22000000E+01  1.20901056E+00  1.19257608E+00  1.20901056E+00
   349  5.23500000E+01  1.20901150E+00  1.19261528E+00  1.20901150E+00
   350  5.25000000E+01  1.20901242E+00  1.19265391E+00  1.20901242E+00
   351  5.26500000E+01  1.20901333E+00  1.19269199E+00  1.20901333E+00
   352  5.28000000E+01  1.20901422E+00  1.19272953E+00  1.20901422E+00
   353  5.29500000E+01  1.20901510E+00  1.19276655E+00  1.20901510E+00
   354  5.31000000E+01  1.20901595E+00  1.19280306E+00  1.20901595E+00
   355  5.32500000E+01  1.20901679E+00  1.19283906E+00  1.20901679E+00
   356  5.34000000E+01  1.20901762E+00  1.19287458E+00  1.20901762E+00
   357  5.35500000E+01  1.20901843E+00  1.19290961E+00  1.20901843E+00
   358  5.37000000E+01  1.20901923E+00  1.19294416E+00  1.20901923E+00
   359  5.38500000E+01  1.20902001E+00  1.19297825E+00  1.20902001E+00
   360  5.40000000E+01  1.20902077E+00  1.19301187E+00  1.20902077E+00
   361  5.41500000E+01  1.20902153E+00  1.19304503E+00  1.20902153E+00
   362  5.43000000E+01  1.20902226E+00  1.19307775E+00  1.20902226E+00
   363  5.44500000E+01  1.20902299E+00  1.19311001E+00  1.20902299E+00
   364  5.46000000E+01  1.20902370E+00  1.19314182E+00  1.20902370E+00
   365  5.47500000E+01  1.20902440E+00  1.19317319E+00  1.20902440E+00
   366  5.49000000E+01  1.20902508E+00  1.19320411E+00  1.20902508E+00
   367  5.50500000E+01  1.20902576E+00  1.19323459E+00  1.20902576E+00
   368  5.52000000E+01  1.20902642E+00  1.19326464E+00  1.20902642E+00
   369  5.53500000E+01  1.20902707E+00  1.19329424E+00  1.20902707E+00
   370  5.55000000E+01  1.20902770E+00  1.19332340E+00  1.20902770E+00
   371  5.56500000E+01  1.20902833E+00  1.19335213E+00  1.20902833E+00
   372  5.58000000E+01  1.20902894E+00  1.19338042E+00  1.20902894E+00
   373  5.59500000E+01  1.20902954E+00  1.19340828E+00  1.20902954E+00
   374  5.61000000E+01  1.20903013E+00  1.19343569E+00  1.20903013E+00
   375  5.62500000E+01  1.20903071E+00  1.19346268E+00  1.20903071E+00
   376  5.64000000E+01  1.20903128E+00  1.19348922E+00  1.20903128E+00
   377  5.65500000E+01  1.20903184E+00  1.19351533E+00  1.20903184E+00
   378  5.67000000E+01  1.20903239E+00  1.19354101E+00  1.20903239E+00
   379  5.68500000E+01  1.20903293E+00  1.19356626E+00  1.20903293E+00
   380  5.70000000E+01  1.20903346E+00  1.19359107E+00  1.20903346E+00
   381  5.71500000E+01  1.20903398E+00  1.19361545E+00  1.20903398E+00
   382  5.73000000E+01  1.20903449E+00  1.19363940E+00  1.20903449E+00
   383  5.74500000E+01  1.20903499E+00  1.19366292E+00  1.20903499E+00
   384  5.76000000E+01  1.20903548E+00  1.19368602E+00  1.20903548E+00
   385  5.77500000E+01  1.20903596E+00  1.19370868E+00  1.20903596E+00
   386  5.79000000E+01  1.20903644E+00  1.19373093E+00  1.20903644E+00
   387  5.80500000E+01  1.20903690E+00  1.19375276E+00  1.20903690E+00
   388  5.82000000E+01  1.20903736E+00  1.19377416E+00  1.20903736E+00
   389  5.83500000E+01  1.20903780E+00  1.19379515E+00  1.20903780E+00
   390  5.85000000E+01  1.20903824E+00  1.19381573E+00  1.20903824E+00
   391  5.86500000E+01  1.20903868E+00  1.19383589E+00  1.20903868E+00
   392  5.88000000E+01  1.20903910E+00  1.19385565E+00  1.20903910E+00
   393  5.89500000E+01  1.20903951E+00  1.19387501E+00  1.20903951E+00
   394  5.91000000E+01  1.20903992E+00  1.19389397E+00  1.20903992E+00
   395  5.92500000E+01  1.20904032E+00  1.19391253E+00  1.20904032E+00
   396  5.94000000E+01  1.20904072E+00  1.19393069E+00  1.20904072E+00
   397  5.95500000E+01  1.20904110E+00  1.19394847E+00  1.20904110E+00
   398  5.97000000E+01  1.20904148E+00  1.19396587E+00  1.20904148E+00
   399  5.98500000E+01  1.20904186E+00  1.19398289E+00  1.20904186E+00
   400  6.00000000E+01  1.20904222E+00  1.19399954E+00  1.20904222E+00
   401  6.01500000E+01  1.20904258E+00  1.19401581E+00  1.20904258E+00
   402  6.03000000E+01  1.20904293E+00  1.19403172E+00  1.20904293E+00
   403  6.04500000E+01  1.20904328E+00  1.19404727E+00  1.20904328E+00
   404  6.06000000E+01  1.20904362E+00  1.19406247E+00  1.20904362E+00
   405  6.07500000E+01  1.20904395E+00  1.19407732E+00  1.20904395E+00
   406  6.09000000E+01  1.20904428E+00  1.19409183E+00  1.20904428E+00
   407  6.10500000E+01  1.20904460E+00  1.19410599E+00  1.20904460E+00
   408  6.12000000E+01  1.20904491E+00  1.19411983E+00  1.20904491E+00
   409  6.13500000E+01  1.20904522E+00  1.19413334E+00  1.20904522E+00
   410  6.15000000E+01  1.20904553E+00  1.19414653E+00  1.20904553E+00
   411  6.16500000E+01  1.20904583E+00  1.19415940E+00  1.20904583E+00
   412  6.18000000E+01  1.20904612E+00  1.19417197E+00  1.20904612E+00
   413  6.19500000E+01  1.20904641E+00  1.19418423E+00  1.20904641E+00
   414  6.21000000E+01  1.20904669E+00  1.19419619E+00  1.20904669E+00
   415  6.22500000E+01  1.20904696E+00  1.19420786E+00  1.20904696E+00
   416  6.24000000E+01  1.20904724E+00  1.19421924E+00  1.20904724E+00
   417  6.25500000E+01  1.20904750E+00  1.19423035E+00  1.20904750E+00
   418  6.27000000E+01  1.20904777E+00  1.19424118E+00  1.20904777E+00
   419  6.28500000E+01  1.20904802E+00  1.19425174E+00  1.20904802E+00
   420  6.30000000E+01  1.20904828E+00  1.19426203E+00  1.20904828E+00
   421  6.31500000E+01  1.20904852E+00  1.19427207E+00  1.20904852E+00
   422  6.33000000E+01  1.20904877E+00  1.19428186E+00  1.20904877E+00
   423  6.34500000E+01  1.20904901E+00  1.19429140E+00  1.20904901E+00
   424  6.36000000E+01  1.20904924E+00  1.19430070E+00  1.20904924E+00
   425  6.37500000E+01  1.20904947E+00  1.19430977E+00  1.20904947E+00
   426  6.39000000E+01  1.20904970E+00  1.19431860E+00  1.20904970E+00
   427  6.40500000E+01  1.20904992E+00  1.19432722E+00  1.20904992E+00
   428  6.42000000E+01  1.20905014E+00  1.19433561E+00  1.20905014E+00
   429  6.43500000E+01  1.20905035E+00  1.19434379E+00  1.20905035E+00
   430  6.45000000E+01  1.20905056E+00  1.19435176E+00  1.20905056E+00
   431  6.46500000E+01  1.20905077E+00  1.19435953E+00  1.20905077E+00
   432  6.48000000E+01  1.20905097E+00  1.19436710E+00  1.20905097E+00
   433  6.49500000E+01  1.20905117E+00  1.19437448E+00  1.20905117E+00
   434  6.51000000E+01  1.20905137E+00  1.19438167E+00  1.20905137E+00
   435  6.52500000E+01  1.20905156E+00  1.19438867E+00  1.20905156E+00
   436  6.54000000E+01  1.20905175E+00  1.19439550E+00  1.20905175E+00
   437  6.55500000E+01  1.20905193E+00  1.19440215E+00  1.20905193E+00
   438  6.57000000E+01  1.20905211E+00  1.19440864E+00  1.20905211E+00
   439  6.58500000E+01  1.20905229E+00  1.19441496E+00  1.20905229E+00
   440  6.60000000E+01  1.20905247E+00  1.19442111E+00  1.20905247E+00
   441  6.61500000E+01  1.20905264E+00  1.19442712E+00  1.20905264E+00
   442  6.63000000E+01  1.20905281E+00  1.19443297E+00  1.20905281E+00
   443  6.64500000E+01  1.20905297E+00  1.19443867E+00  1.20905297E+00
   444  6.66000000E+01  1.20905313E+00  1.19444422E+00  1.20905313E+00
   445  6.67500000E+01  1.20905329E+00  1.19444964E+00  1.20905329E+00
   446  6.69000000E+01  1.20905345E+00  1.19445492E+00  1.20905345E+00
   447  6.70500000E+01  1.20905360E+00  1.19446007E+00  1.20905360E+00
   448  6.72000000E+01  1.20905376E+00  1.19446509E+00  1.20905376E+00
   449  6.73500000E+01  1.20905390E+00  1.19446998E+00  1.20905390E+00
   450  6.75000000E+01  1.20905405E+00  1.19447476E+00  1.20905405E+00
   451  6.76500000E+01  1.20905419E+00  1.19447941E+00  1.20905419E+00
   452  6.78000000E+01  1.20905433E+00  1.19448395E+00  1.20905433E+00
   453  6.79500000E+01  1.20905447E+00  1.19448838E+00  1.20905447E+00
   454  6.81000000E+01  1.20905461E+00  1.19449269E+00  1.20905461E+00
   455  6.82500000E+01  1.20905474E+00  1.19449691E+00  1.20905474E+00
   456  6.84000000E+01  1.20905487E+00  1.19450102E+00  1.20905487E+00
   457  6.85500000E+01  1.20905500E+00  1.19450503E+00  1.20905500E+00
   458  6.87000000E+01  1.20905513E+00  1.19450894E+00  1.20905513E+00
   459  6.88500000E+01  1.20905525E+00  1.19451276E+00  1.20905525E+00
   460  6.90000000E+01  1.20905537E+00  1.19451648E+00  1.20905537E+00
   461  6.91500000E+01  1.20905549E+00  1.19452012E+00  1.20905549E+00
   462  6.93000000E+01  1.20905561E+00  1.19452367E+00  1.20905561E+00
   463  6.94500000E+01  1.20905572E+00  1.19452714E+00  1.20905572E+00
   464  6.96000000E+01  1.20905584E+00  1.19453052E+00  1.20905584E+00
   465  6.97500000E+01  1.20905595E+00  1.19453383E+00  1.20905595E+00
   466  6.99000000E+01  1.20905606E+00  1.19453705E+00  1.20905606E+00
   467  7.00500000E+01  1.20905617E+00  1.19454021E+00  1.20905617E+00
   468  7.02000000E+01  1.20905627E+00  1.19454329E+00  1.20905627E+00
   469  7.03500000E+01  1.20905637E+00  1.19454629E+00  1.20905637E+00
   470  7.05000000E+01  1.20905648E+00  1.19454923E+00  1.20905648E+00
   471  7.06500000E+01  1.20905658E+00  1.19455211E+00  1.20905658E+00
   472  7.08000000E+01  1.20905667E+00  1.19455491E+00  1.20905667E+00
   473  7.09500000E+01  1.20905677E+00  1.19455766E+00  1.20905677E+00
   474  7.11000000E+01  1.20905686E+00  1.19456034E+00  1.20905686E+00
   475  7.12500000E+01  1.20905696E+00  1.19456296E+00  1.20905696E+00
   476  7.14000000E+01  1.20905705E+00  1.19456552E+00  1.20905705E+00
   477  7.15500000E+01  1.20905714E+00  1.19456803E+00  1.20905714E+00
   478  7.17000000E+01  1.20905723E+00  1.19457048E+00  1.20905723E+00
   479  7.18500000E+01  1.20905731E+00  1.19457288E+00  1.20905731E+00
   480  7.20000000E+01  1.20905740E+00  1.19457522E+00  1.20905740E+00
   481  7.21500000E+01  1.20905748E+00  1.19457752E+00  1.20905748E+00
   482  7.23000000E+01  1.20905756E+00  1.19457976E+00  1.20905756E+00
   483  7.24500000E+01  1.20905764E+00  1.19458196E+00  1.20905764E+00
   484  7.26000000E+01  1.20905772E+00  1.19458411E+00  1.20905772E+00
   485  7.27500000E+01  1.20905780E+00  1.19458621E+00  1.20905780E+00
   486  7.29000000E+01  1.20905788E+00  1.19458827E+00  1.20905788E+00
   487  7.30500000E+01  1.20905795E+00  1.19459028E+00  1.20905795E+00
   488  7.32000000E+01  1.20905803E+00  1.19459226E+00  1.20905803E+00
   489  7.33500000E+01  1.20905810E+00  1.19459419E+00  1.20905810E+00
   490  7.35000000E+01  1.20905817E+00  1.19459608E+00  1.20905817E+00
   491  7.36500000E+01  1.20905824E+00  1.19459793E+00  1.20905824E+00
   492  7.38000000E+01  1.20905831E+00  1.19459975E+00  1.20905831E+00
   493  7.39500000E+01  1.20905837E+00  1.19460152E+00  1.20905837E+00
   494  7.41000000E+01  1.20905844E+00  1.19460326E+00  1.20905844E+00
   495  7.42500000E+01  1.20905851E+00  1.19460497E+00  1.20905851E+00
   496  7.44000000E+01  1.20905857E+00  1.19460664E+00  1.20905857E+00
   497  7.45500000E+01  1.20905863E+00  1.19460827E+00  1.20905863E+00
   498  7.47000000E+01  1.20905869E+00  1.19460987E+00  1.20905869E+00
   499  7.48500000E+01  1.20905876E+00  1.19461144E+00  1.20905876E+00
   500  7.50000000E+01  1.20905882E+00  1.19461298E+00  1.20905882E+00
   501  7.51500000E+01  1.20905887E+00  1.19461449E+00  1.20905887E+00
   502  7.53000000E+01  1.20905893E+00  1.19461597E+00  1.20905893E+00
   503  7.54500000E+01  1.20905899E+00  1.19461742E+00  1.20905899E+00
   504  7.56000000E+01  1.20905904E+00  1.19461884E+00  1.20905904E+00
   505  7.57500000E+01  1.20905910E+00  1.19462023E+00  1.20905910E+00
   506  7.59000000E+01  1.20905915E+00  1.19462160E+00  1.20905915E+00
   507  7.60500000E+01  1.20905920E+00  1.19462294E+00  1.20905920E+00
   508  7.62000000E+01  1.20905926E+00  1.19462425E+00  1.20905926E+00
   509  7.63500000E+01  1.20905931E+00  1.19462554E+00  1.20905931E+00
   510  7.65000000E+01  1.20905936E+00  1.19462680E+00  1.20905936E+00
   511  7.66500000E+01  1.20905941E+00  1.19462803E+00  1.20905941E+00
   512  7.68000000E+01  1.20905945E+00  1.19462925E+00  1.20905945E+00
   513  7.69500000E+01  1.20905950E+00  1.19463044E+00  1.20905950E+00
   514  7.71000000E+01  1.20905955E+00  1.19463161E+00  1.20905955E+00
   515  7.72500000E+01  1.20905959E+00  1.19463275E+00  1.20905959E+00
   516  7.74000000E+01  1.20905964E+00  1.19463387E+00  1.20905964E+00
   517  7.75500000E+01  1.20905968E+00  1.19463497E+00  1.20905968E+00
   518  7.77000000E+01  1.20905973E+00  1.19463605E+00  1.20905973E+00
   519  7.78500000E+01  1.20905977E+00  1.19463711E+00  1.20905977E+00
   520  7.80000000E+01  1.20905981E+00  1.19463815E+00  1.20905981E+00
   521  7.81500000E+01  1.20905985E+00  1.19463917E+00  1.20905985E+00
   522  7.83000000E+01  1.20905989E+00  1.19464017E+00  1.20905989E+00
   523  7.84500000E+01  1.20905993E+00  1.19464116E+00  1.20905993E+00
   524  7.86000000E+01  1.20905997E+00  1.19464212E+00  1.20905997E+00
   525  7.87500000E+01  1.20906001E+00  1.19464306E+00  1.20906001E+00
   526  7.89000000E+01  1.20906005E+00  1.19464399E+00  1.20906005E+00
   527  7.90500000E+01  1.20906008E+00  1.19464490E+00  1.20906008E+00
   528  7.92000000E+01  1.20906012E+00  1.19464579E+00  1.20906012E+00
   529  7.93500000E+01  1.20906016E+00  1.19464667E+00  1.20906016E+00
   530  7.95000000E+01  1.20906019E+00  1.19464753E+00  1.20906019E+00
   531  7.96500000E+01  1.20906023E+00  1.19464837E+00  1.20906023E+00
   532  7.98000000E+01  1.20906026E+00  1.19464920E+00  1.20906026E+00
   533  7.99500000E+01  1.20906029E+00  1.19465001E+00  1.20906029E+00
   534  8.01000000E+01  1.20906033E+00  1.19465081E+00  1.20906033E+00
   535  8.02500000E+01  1.20906036E+00  1.19465159E+00  1.20906036E+00
   536  8.04000000E+01  1.20906039E+00  1.19465236E+00  1.20906039E+00
   537  8.05500000E+01  1.20906042E+00  1.19465311E+00  1.20906042E+00
   538  8.07000000E+01  1.20906045E+00  1.19465385E+00  1.20906045E+00
   539  8.08500000E+01  1.20906048E+00  1.19465457E+00  1.20906048E+00
   540  8.10000000E+01  1.20906051E+00  1.19465528E+00  1.20906051E+00
   541  8.11500000E+01  1.20906054E+00  1.19465598E+00  1.20906054E+00
   542  8.13000000E+01  1.20906057E+00  1.19465667E+00  1.20906057E+00
   543  8.14500000E+01  1.20906060E+00  1.19465734E+00  1.20906060E+00
   544  8.16000000E+01  1.20906063E+00  1.19465800E+00  1.20906063E+00
   545  8.17500000E+01  1.20906065E+00  1.19465865E+00  1.20906065E+00
   546  8.19000000E+01  1.20906068E+00  1.19465928E+00  1.20906068E+00
   547  8.20500000E+01  1.20906071E+00  1.19465991E+00  1.20906071E+00
   548  8.22000000E+01  1.20906073E+00  1.19466052E+00  1.20906073E+00
   549  8.23500000E+01  1.20906076E+00  1.19466112E+00  1.20906076E+00
   550  8.25000000E+01  1.20906078E+00  1.19466171E+00  1.20906078E+00
   551  8.26500000E+01  1.20906081E+00  1.19466229E+00  1.20906081E+00
   552  8.28000000E+01  1.20906083E+00  1.19466286E+00  1.20906083E+00
   553  8.29500000E+01  1.20906085E+00  1.19466342E+00  1.20906085E+00
   554  8.31000000E+01  1.20906088E+00  1.19466396E+00  1.20906088E+00
   555  8.32500000E+01  1.20906090E+00  1.19466450E+00  1.20906090E+00
   556  8.34000000E+01  1.20906092E+00  1.19466503E+00  1.20906092E+00
   557  8.35500000E+01  1.20906094E+00  1.19466554E+00  1.20906094E+00
   558  8.37000000E+01  1.20906097E+00  1.19466605E+00  1.20906097E+00
   559  8.38500000E+01  1.20906099E+00  1.19466655E+00  1.20906099E+00
   560  8.40000000E+01  1.20906101E+00  1.19466704E+00  1.20906101E+00
   561  8.41500000E+01  1.20906103E+00  1.19466752E+00  1.20906103E+00
   562  8.43000000E+01  1.20906105E+00  1.19466799E+00  1.20906105E+00
   563  8.44500000E+01  1.20906107E+00  1.19466845E+00  1.20906107E+00
   564  8.46000000E+01  1.20906109E+00  1.19466891E+00  1.20906109E+00
   565  8.47500000E+01  1.20906111E+00  1.19466935E+00  1.20906111E+00
   566  8.49000000E+01  1.20906113E+00  1.19466979E+00  1.20906113E+00
   567  8.50500000E+01  1.20906114E+00  1.19467022E+00  1.20906114E+00
   568  8.52000000E+01  1.20906116E+00  1.19467064E+00  1.20906116E+00
   569  8.53500000E+01  1.20906118E+00  1.19467106E+00  1.20906118E+00
   570  8.55000000E+01  1.20906120E+00  1.19467146E+00  1.20906120E+00
   571  8.56500000E+01  1.20906122E+00  1.19467186E+00  1.20906122E+00
   572  8.58000000E+01  1.20906123E+00  1.19467225E+00  1.20906123E+00
   573  8.59500000E+01  1.20906125E+00  1.19467264E+00  1.20906125E+00
   574  8.61000000E+01  1.20906127E+00  1.19467301E+00  1.20906127E+00
   575  8.62500000E+01  1.20906128E+00  1.19467338E+00  1.20906128E+00
   576  8.64000000E+01  1.20906130E+00  1.19467375E+00  1.20906130E+00
   577  8.65500000E+01  1.20906131E+00  1.19467410E+00  1.20906131E+00
   578  8.67000000E+01  1.20906133E+00  1.19467445E+00  1.20906133E+00
   579  8.68500000E+01  1.20906134E+00  1.19467479E+00  1.20906134E+00
   580  8.70000000E+01  1.20906136E+00  1.19467513E+00  1.20906136E+00
   581  8.71500000E+01  1.20906137E+00  1.19467546E+00  1.20906137E+00
   582  8.73000000E+01  1.20906139E+00  1.19467579E+00  1.20906139E+00
   583  8.74500000E+01  1.20906140E+00  1.19467611E+00  1.20906140E+00
   584  8.76000000E+01  1.20906142E+00  1.19467642E+00  1.20906142E+00
   585  8.77500000E+01  1.20906143E+00  1.19467673E+00  1.20906143E+00
   586  8.79000000E+01  1.20906144E+00  1.19467703E+00  1.20906144E+00
   587  8.80500000E+01  1.20906146E+00  1.19467732E+00  1.20906146E+00
   588  8.82000000E+01  1.20906147E+00  1.19467761E+00  1.20906147E+00
   589  8.83500000E+01  1.20906148E+00  1.19467790E+00  1.20906148E+00
   590  8.85000000E+01  1.20906149E+00  1.19467818E+00  1.20906149E+00
   591  8.86500000E+01  1.20906151E+00  1.19467845E+00  1.20906151E+00
   592  8.88000000E+01  1.20906152E+00  1.19467872E+00  1.20906152E+00
   593  8.89500000E+01  1.20906153E+00  1.19467899E+00  1.20906153E+00
   594  8.91000000E+01  1.20906154E+00  1.19467925E+00  1.20906154E+00
   595  8.92500000E+01  1.20906155E+00  1.19467950E+00  1.20906155E+00
   596  8.94000000E+01  1.20906156E+00  1.19467975E+00  1.20906156E+00
   597  8.95500000E+01  1.20906158E+00  1.19468000E+00  1.20906158E+00
   598  8.97000000E+01  1.20906159E+00  1.19468024E+00  1.20906159E+00
   599  8.98500000E+01  1.20906160E+00  1.19468048E+00  1.20906160E+00
   600  9.00000000E+01  1.20906161E+00  1.19468071E+00  1.20906161E+00
   601  9.01500000E+01  1.20906162E+00  1.19468094E+00  1.20906162E+00
   602  9.03000000E+01  1.20906163E+00  1.19468116E+00  1.20906163E+00
   603  9.04500000E+01  1.20906164E+00  1.19468138E+00  1.20906164E+00
   604  9.06000000E+01  1.20906165E+00  1.19468160E+00  1.20906165E+00
   605  9.07500000E+01  1.20906166E+00  1.19468181E+00  1.20906166E+00
   606  9.09000000E+01  1.20906167E+00  1.19468202E+00  1.20906167E+00
   607  9.10500000E+01  1.20906168E+00  1.19468222E+00  1.20906168E+00
   608  9.12000000E+01  1.20906169E+00  1.19468242E+00  1.20906169E+00
   609  9.13500000E+01  1.20906170E+00  1.19468262E+00  1.20906170E+00
   610  9.15000000E+01  1.20906170E+00  1.19468282E+00  1.20906170E+00
   611  9.16500000E+01  1.20906171E+00  1.19468301E+00  1.20906171E+00
   612  9.18000000E+01  1.20906172E+00  1.19468319E+00  1.20906172E+00
   613  9.19500000E+01  1.20906173E+00  1.19468338E+00  1.20906173E+00
   614  9.21000000E+01  1.20906174E+00  1.19468356E+00  1.20906174E+00
   615  9.22500000E+01  1.20906175E+00  1.19468373E+00  1.20906175E+00
   616  9.24000000E+01  1.20906175E+00  1.19468391E+00  1.20906175E+00
   617  9.25500000E+01  1.20906176E+00  1.19468408E+00  1.20906176E+00
   618  9.27000000E+01  1.20906177E+00  1.19468424E+00  1.20906177E+00
   619  9.28500000E+01  1.20906178E+00  1.19468441E+00  1.20906178E+00
   620  9.30000000E+01  1.20906179E+00  1.19468457E+00  1.20906179E+00
   621  9.31500000E+01  1.20906179E+00  1.19468473E+00  1.20906179E+00
   622  9.33000000E+01  1.20906180E+00  1.19468488E+00  1.20906180E+00
   623  9.34500000E+01  1.20906181E+00  1.19468503E+00  1.20906181E+00
   624  9.36000000E+01  1.20906181E+00  1.19468518E+00  1.20906181E+00
   625  9.37500000E+01  1.20906182E+00  1.19468533E+00  1.20906182E+00
   626  9.39000000E+01  1.20906183E+00  1.19468548E+00  1.20906183E+00
   627  9.40500000E+01  1.20906183E+00  1.19468562E+00  1.20906183E+00
   628  9.42000000E+01  1.20906184E+00  1.19468576E+00  1.20906184E+00
   629  9.43500000E+01  1.20906185E+00  1.19468589E+00  1.20906185E+00
   630  9.45000000E+01  1.20906185E+00  1.19468603E+00  1.20906185E+00
   631  9.46500000E+01  1.20906186E+00  1.19468616E+00  1.20906186E+00
   632  9.48000000E+01  1.20906187E+00  1.19468629E+00  1.20906187E+00
   633  9.49500000E+01  1.20906187E+00  1.19468642E+00  1.20906187E+00
   634  9.51000000E+01  1.20906188E+00  1.19468654E+00  1.20906188E+00
   635  9.52500000E+01  1.20906188E+00  1.19468666E+00  1.20906188E+00
   636  9.54000000E+01  1.20906189E+00  1.19468679E+00  1.20906189E+00
   637  9.55500000E+01  1.20906190E+00  1.19468690E+00  1.20906190E+00
   638  9.57000000E+01  1.20906190E+00  1.19468702E+00  1.20906190E+00
   639  9.58500000E+01  1.20906191E+00  1.19468713E+00  1.20906191E+00
   640  9.60000000E+01  1.20906191E+00  1.19468725E+00  1.20906191E+00
   641  9.61500000E+01  1.20906192E+00  1.19468736E+00  1.20906192E+00
   642  9.63000000E+01  1.20906192E+00  1.19468746E+00  1.20906192E+00
   643  9.64500000E+01  1.20906193E+00  1.19468757E+00  1.20906193E+00
   644  9.66000000E+01  1.20906193E+00  1.19468768E+00  1.20906193E+00
   645  9.67500000E+01  1.20906194E+00  1.19468778E+00  1.20906194E+00
   646  9.69000000E+01  1.20906194E+00  1.19468788E+00  1.20906194E+00
   647  9.70500000E+01  1.20906195E+00  1.19468798E+00  1.20906195E+00
   648  9.72000000E+01  1.20906195E+00  1.19468807E+00  1.20906195E+00
   649  9.73500000E+01  1.20906196E+00  1.19468817E+00  1.20906196E+00
   650  9.75000000E+01  1.20906196E+00  1.19468826E+00  1.20906196E+00
   651  9.76500000E+01  1.20906197E+00  1.19468836E+00  1.20906197E+00
   652  9.78000000E+01  1.20906197E+00  1.19468845E+00  1.20906197E+00
   653  9.79500000E+01  1.20906197E+00  1.19468853E+00  1.20906197E+00
   654  9.81000000E+01  1.20906198E+00  1.19468862E+00  1.20906198E+00
   655  9.82500000E+01  1.20906198E+00  1.19468871E+00  1.20906198E+00
   656  9.84000000E+01  1.20906199E+00  1.19468879E+00  1.20906199E+00
   657  9.85500000E+01  1.20906199E+00  1.19468887E+00  1.20906199E+00
   658  9.87000000E+01  1.20906199E+00  1.19468896E+00  1.20906199E+00
   659  9.88500000E+01  1.20906200E+00  1.19468904E+00  1.20906200E+00
   660  9.90000000E+01  1.20906200E+00  1.19468911E+00  1.20906200E+00
   661  9.91500000E+01  1.20906201E+00  1.19468919E+00  1.20906201E+00
   662  9.93000000E+01  1.20906201E+00  1.19468927E+00  1.20906201E+00
   663  9.94500000E+01  1.20906201E+00  1.19468934E+00  1.20906201E+00
   664  9.96000000E+01  1.20906202E+00  1.19468941E+00  1.20906202E+00
   665  9.97500000E+01  1.20906202E+00  1.19468949E+00  1.20906202E+00
   666  9.99000000E+01  1.20906202E+00  1.19468956E+00  1.20906202E+00
   667  1.00050000E+02  1.20906203E+00  1.19468962E+00  1.20906203E+00
   668  1.00200000E+02  1.20906203E+00  1.19468969E+00  1.20906203E+00
   669  1.00350000E+02  1.20906203E+00  1.19468976E+00  1.20906203E+00
   670  1.00500000E+02  1.20906204E+00  1.19468982E+00  1.20906204E+00
   671  1.00650000E+02  1.20906204E+00  1.19468989E+00  1.20906204E+00
   672  1.00800000E+02  1.20906204E+00  1.19468995E+00  1.20906204E+00
   673  1.00950000E+02  1.20906205E+00  1.19469001E+00  1.20906205E+00
   674  1.01100000E+02  1.20906205E+00  1.19469008E+00  1.20906205E+00
   675  1.01250000E+02  1.20906205E+00  1.19469014E+00  1.20906205E+00
   676  1.01400000E+02  1.20906206E+00  1.19469019E+00  1.20906206E+00
   677  1.01550000E+02  1.20906206E+00  1.19469025E+00  1.20906206E+00
   678  1.01700000E+02  1.20906206E+00  1.19469031E+00  1.20906206E+00
   679  1.01850000E+02  1.20906206E+00  1.19469037E+00  1.20906206E+00
   680  1.02000000E+02  1.20906207E+00  1.19469042E+00  1.20906207E+00
   681  1.02150000E+02  1.20906207E+00  1.19469047E+00  1.20906207E+00
   682  1.02300000E+02  1.20906207E+00  1.19469053E+00  1.20906207E+00
   683  1.02450000E+02  1.20906207E+00  1.19469058E+00  1.20906207E+00
   684  1.02600000E+02  1.20906208E+00  1.19469063E+00  1.20906208E+00
   685  1.02750000E+02  1.20906208E+00  1.19469068E+00  1.20906208E+00
   686  1.02900000E+02  1.20906208E+00  1.19469073E+00  1.20906208E+00
   687  1.03050000E+02  1.20906208E+00  1.19469078E+00  1.20906208E+00
   688  1.03200000E+02  1.20906209E+00  1.19469083E+00  1.20906209E+00
   689  1.03350000E+02  1.20906209E+00  1.19469087E+00  1.20906209E+00
   690  1.03500000E+02  1.20906209E+00  1.19469092E+00  1.20906209E+00
   691  1.03650000E+02  1.20906209E+00  1.19469097E+00  1.20906209E+00
   692  1.03800000E+02  1.20906210E+00  1.19469101E+00  1.20906210E+00
   693  1.03950000E+02  1.20906210E+00  1.19469105E+00  1.20906210E+00
   694  1.04100000E+02  1.20906210E+00  1.19469110E+00  1.20906210E+00
   695  1.04250000E+02  1.20906210E+00  1.19469114E+00  1.20906210E+00
   696  1.04400000E+02  1.20906210E+00  1.19469118E+00  1.20906210E+00
   697  1.04550000E+02  1.20906211E+00  1.19469122E+00  1.20906211E+00
   698  1.04700000E+02  1.20906211E+00  1.19469126E+00  1.20906211E+00
   699  1.04850000E+02  1.20906211E+00  1.19469130E+00  1.20906211E+00
   700  1.05000000E+02  1.20906211E+00  1.19469134E+00  1.20906211E+00


STDERR:
