COMMAND:
/shared/extrudate_rom/generate_rom_data/extrudate_swell2d_c_cluster

STDOUT:
 comppar: model =   3
 comppar: lambda,mobility/eps,betav,eta_0 =  1.0000E+00  5.0000E-01  1.0000E-01  1.0000E+00
 comppar: eta_s,eta_p,G =  1.0000E-01  9.0000E-01  9.0000E-01
 comppar: U_avg,deltat,flowrate,nsteps =  2.0000E-01  1.5000E-01  6.2832E-01     700
 comppar: geometry = axisymmetric
 comppar: steady stop change,gap,hold,min =  1.0000E-05  1.0000E-02      10      80
 comppar: ncompc,ncompg =     4     5
 mesh nnodes = 5765
 mesh nelem = 2780
 P1 BC   5.0000000000000000     
 P2 BC   0.0000000000000000     
     1  1.50000000E-01  1.00378410E+00  1.00000000E+00  1.00378410E+00
     2  3.00000000E-01  1.00739148E+00  1.00000000E+00  1.00739148E+00
     3  4.50000000E-01  1.01076683E+00  1.00000000E+00  1.01076683E+00
     4  6.00000000E-01  1.01399668E+00  1.00000000E+00  1.01399668E+00
     5  7.50000000E-01  1.01709452E+00  1.00000000E+00  1.01709452E+00
     6  9.00000000E-01  1.02008185E+00  1.00000000E+00  1.02008185E+00
     7  1.05000000E+00  1.02296413E+00  1.00000001E+00  1.02296413E+00
     8  1.20000000E+00  1.02576964E+00  1.00000001E+00  1.02576964E+00
     9  1.35000000E+00  1.02848863E+00  1.00000001E+00  1.02848863E+00
    10  1.50000000E+00  1.03110385E+00  1.00000001E+00  1.03110385E+00
    11  1.65000000E+00  1.03365545E+00  1.00000001E+00  1.03365545E+00
    12  1.80000000E+00  1.03612436E+00  1.00000001E+00  1.03612436E+00
    13  1.95000000E+00  1.03849163E+00  1.00000001E+00  1.03849163E+00
    14  2.10000000E+00  1.04083205E+00  1.00000001E+00  1.04083205E+00
    15  2.25000000E+00  1.04305463E+00  1.00000001E+00  1.04305463E+00
    16  2.40000000E+00  1.04524864E+00  1.00000000E+00  1.04524864E+00
    17  2.55000000E+00  1.04730350E+00  9.99999997E-01  1.04730350E+00
    18  2.70000000E+00  1.04936009E+00  9.99999991E-01  1.04936009E+00
    19  2.85000000E+00  1.05129667E+00  9.99999983E-01  1.05129667E+00
    20  3.00000000E+00  1.05321516E+00  9.99999974E-01  1.05321516E+00
    21  3.15000000E+00  1.05504447E+00  9.99999963E-01  1.05504447E+00
    22  3.30000000E+00  1.05684860E+00  9.99999949E-01  1.05684860E+00
    23  3.45000000E+00  1.05856955E+00  9.99999933E-01  1.05856955E+00
    24  3.60000000E+00  1.06025811E+00  9.99999914E-01  1.06025811E+00
    25  3.75000000E+00  1.06181516E+00  9.99999891E-01  1.06181516E+00
    26  3.90000000E+00  1.06341773E+00  9.99999866E-01  1.06341773E+00
    27  4.05000000E+00  1.06483998E+00  9.99999836E-01  1.06483998E+00
    28  4.20000000E+00  1.06635603E+00  9.99999802E-01  1.06635603E+00
    29  4.35000000E+00  1.06767834E+00  9.99999763E-01  1.06767834E+00
    30  4.50000000E+00  1.06905235E+00  9.99999719E-01  1.06905235E+00
    31  4.65000000E+00  1.07032385E+00  9.99999669E-01  1.07032385E+00
    32  4.80000000E+00  1.07154125E+00  9.99999613E-01  1.07154125E+00
    33  4.95000000E+00  1.07276139E+00  9.99999550E-01  1.07276139E+00
    34  5.10000000E+00  1.07377860E+00  9.99999479E-01  1.07377860E+00
    35  5.25000000E+00  1.07496080E+00  9.99999400E-01  1.07496080E+00
    36  5.40000000E+00  1.07596636E+00  9.99999312E-01  1.07596636E+00
    37  5.55000000E+00  1.07695637E+00  9.99999214E-01  1.07695637E+00
    38  5.70000000E+00  1.07794788E+00  9.99999104E-01  1.07794788E+00
    39  5.85000000E+00  1.07873791E+00  9.99998984E-01  1.07873791E+00
    40  6.00000000E+00  1.07970947E+00  9.99998850E-01  1.07970947E+00
    41  6.15000000E+00  1.08049308E+00  9.99998702E-01  1.08049308E+00
    42  6.30000000E+00  1.08129410E+00  9.99998540E-01  1.08129410E+00
    43  6.45000000E+00  1.08206748E+00  9.99998361E-01  1.08206748E+00
    44  6.60000000E+00  1.08268943E+00  9.99998164E-01  1.08268943E+00
    45  6.75000000E+00  1.08345666E+00  9.99997949E-01  1.08345666E+00
    46  6.90000000E+00  1.08403329E+00  9.99997713E-01  1.08403329E+00
    47  7.05000000E+00  1.08469333E+00  9.99997455E-01  1.08469333E+00
    48  7.20000000E+00  1.08526056E+00  9.99997173E-01  1.08526056E+00
    49  7.35000000E+00  1.08577493E+00  9.99996866E-01  1.08577493E+00
    50  7.50000000E+00  1.08633809E+00  9.99996531E-01  1.08633809E+00
    51  7.65000000E+00  1.08673673E+00  9.99996168E-01  1.08673673E+00
    52  7.80000000E+00  1.08729063E+00  9.99995773E-01  1.08729063E+00
    53  7.95000000E+00  1.08767037E+00  9.99995344E-01  1.08767037E+00
    54  8.10000000E+00  1.08812618E+00  9.99994879E-01  1.08812618E+00
    55  8.25000000E+00  1.08850369E+00  9.99994377E-01  1.08850369E+00
    56  8.40000000E+00  1.08885757E+00  9.99993833E-01  1.08885757E+00
    57  8.55000000E+00  1.08922667E+00  9.99993247E-01  1.08922667E+00
    58  8.70000000E+00  1.08949277E+00  9.99992614E-01  1.08949277E+00
    59  8.85000000E+00  1.08985979E+00  9.99991933E-01  1.08985979E+00
    60  9.00000000E+00  1.09007584E+00  9.99991199E-01  1.09007584E+00
    61  9.15000000E+00  1.09040534E+00  9.99990411E-01  1.09040534E+00
    62  9.30000000E+00  1.09061393E+00  9.99989565E-01  1.09061393E+00
    63  9.45000000E+00  1.09088289E+00  9.99988657E-01  1.09088289E+00
    64  9.60000000E+00  1.09109063E+00  9.99987685E-01  1.09109063E+00
    65  9.75000000E+00  1.09128967E+00  9.99986646E-01  1.09128967E+00
    66  9.90000000E+00  1.09149019E+00  9.99985534E-01  1.09149019E+00
    67  1.00500000E+01  1.09164465E+00  9.99984348E-01  1.09164465E+00
    68  1.02000000E+01  1.09184438E+00  9.99983083E-01  1.09184438E+00
    69  1.03500000E+01  1.09194390E+00  9.99981736E-01  1.09194390E+00
    70  1.05000000E+01  1.09213671E+00  9.99980303E-01  1.09213671E+00
    71  1.06500000E+01  1.09220626E+00  9.99978780E-01  1.09220626E+00
    72  1.08000000E+01  1.09239797E+00  9.99977165E-01  1.09239797E+00
    73  1.09500000E+01  1.09246727E+00  9.99975453E-01  1.09246727E+00
    74  1.11000000E+01  1.09260805E+00  9.99973641E-01  1.09260805E+00
    75  1.12500000E+01  1.09267129E+00  9.99971726E-01  1.09267129E+00
    76  1.14000000E+01  1.09279697E+00  9.99969705E-01  1.09279697E+00
    77  1.15500000E+01  1.09286000E+00  9.99967575E-01  1.09286000E+00
    78  1.17000000E+01  1.09294444E+00  9.99965333E-01  1.09294444E+00
    79  1.18500000E+01  1.09300165E+00  9.99962978E-01  1.09300165E+00
    80  1.20000000E+01  1.09308044E+00  9.99960508E-01  1.09308044E+00
    81  1.21500000E+01  1.09313747E+00  9.99957921E-01  1.09313747E+00
    82  1.23000000E+01  1.09318274E+00  9.99955217E-01  1.09318274E+00
    83  1.24500000E+01  1.09323414E+00  9.99952395E-01  1.09323414E+00
    84  1.26000000E+01  1.09327996E+00  9.99949458E-01  1.09327996E+00
    85  1.27500000E+01  1.09333121E+00  9.99946405E-01  1.09333121E+00
    86  1.29000000E+01  1.09334900E+00  9.99943241E-01  1.09334900E+00
    87  1.30500000E+01  1.09339480E+00  9.99939969E-01  1.09339480E+00
    88  1.32000000E+01  1.09341817E+00  9.99936593E-01  1.09341817E+00
    89  1.33500000E+01  1.09346383E+00  9.99933122E-01  1.09346383E+00
    90  1.35000000E+01  1.09346331E+00  9.99929562E-01  1.09346331E+00
    91  1.36500000E+01  1.09350368E+00  9.99925925E-01  1.09350368E+00
    92  1.38000000E+01  1.09351236E+00  9.99922221E-01  1.09351236E+00
    93  1.39500000E+01  1.09355259E+00  9.99918466E-01  1.09355259E+00
    94  1.41000000E+01  1.09354090E+00  9.99914677E-01  1.09354090E+00
    95  1.42500000E+01  1.09357597E+00  9.99910873E-01  1.09357597E+00
    96  1.44000000E+01  1.09357640E+00  9.99907077E-01  1.09357640E+00
    97  1.45500000E+01  1.09361132E+00  9.99903316E-01  1.09361132E+00
    98  1.47000000E+01  1.09359377E+00  9.99899619E-01  1.09359377E+00
    99  1.48500000E+01  1.09362365E+00  9.99896021E-01  1.09362365E+00
   100  1.50000000E+01  1.09362030E+00  9.99892561E-01  1.09362030E+00
   101  1.51500000E+01  1.09365000E+00  9.99889283E-01  1.09365000E+00
   102  1.53000000E+01  1.09363045E+00  9.99886235E-01  1.09363045E+00
   103  1.54500000E+01  1.09365520E+00  9.99883474E-01  1.09365520E+00
   104  1.56000000E+01  1.09365124E+00  9.99881061E-01  1.09365124E+00
   105  1.57500000E+01  1.09367579E+00  9.99879065E-01  1.09367579E+00
   106  1.59000000E+01  1.09365687E+00  9.99877562E-01  1.09365687E+00
   107  1.60500000E+01  1.09367656E+00  9.99876638E-01  1.09367656E+00
   108  1.62000000E+01  1.09367412E+00  9.99876387E-01  1.09367412E+00
   109  1.63500000E+01  1.09369359E+00  9.99876913E-01  1.09369359E+00
   110  1.65000000E+01  1.09367704E+00  9.99878331E-01  1.09367704E+00
   111  1.66500000E+01  1.09369172E+00  9.99880768E-01  1.09369172E+00
   112  1.68000000E+01  1.09369246E+00  9.99884363E-01  1.09369246E+00
   113  1.69500000E+01  1.09370686E+00  9.99889268E-01  1.09370686E+00
   114  1.71000000E+01  1.09369420E+00  9.99895652E-01  1.09369420E+00
   115  1.72500000E+01  1.09370387E+00  9.99903696E-01  1.09370387E+00
   116  1.74000000E+01  1.09370884E+00  9.99913602E-01  1.09370884E+00
   117  1.75500000E+01  1.09371821E+00  9.99925586E-01  1.09371821E+00
   118  1.77000000E+01  1.09371012E+00  9.99939887E-01  1.09371012E+00
   119  1.78500000E+01  1.09371482E+00  9.99956763E-01  1.09371482E+00
   120  1.80000000E+01  1.09372463E+00  9.99976495E-01  1.09372463E+00
   121  1.81500000E+01  1.09372897E+00  9.99999388E-01  1.09372897E+00
   122  1.83000000E+01  1.09372598E+00  1.00002577E+00  1.09372598E+00
   123  1.84500000E+01  1.09372571E+00  1.00005601E+00  1.09372571E+00
   124  1.86000000E+01  1.09374073E+00  1.00009049E+00  1.09374073E+00
   125  1.87500000E+01  1.09374006E+00  1.00012962E+00  1.09374006E+00
   126  1.89000000E+01  1.09374246E+00  1.00017387E+00  1.09374246E+00
   127  1.90500000E+01  1.09373722E+00  1.00022372E+00  1.09373722E+00
   128  1.92000000E+01  1.09375773E+00  1.00027969E+00  1.09375773E+00
   129  1.93500000E+01  1.09375205E+00  1.00034235E+00  1.09375205E+00
   130  1.95000000E+01  1.09375999E+00  1.00041231E+00  1.09375999E+00
   131  1.96500000E+01  1.09374978E+00  1.00049022E+00  1.09374978E+00
   132  1.98000000E+01  1.09377577E+00  1.00057678E+00  1.09377577E+00
   133  1.99500000E+01  1.09376509E+00  1.00067272E+00  1.09376509E+00
   134  2.01000000E+01  1.09377855E+00  1.00077886E+00  1.09377855E+00
   135  2.02500000E+01  1.09376338E+00  1.00089604E+00  1.09376338E+00
   136  2.04000000E+01  1.09379490E+00  1.00102518E+00  1.09379490E+00
   137  2.05500000E+01  1.09377920E+00  1.00116723E+00  1.09377920E+00
   138  2.07000000E+01  1.09379819E+00  1.00132324E+00  1.09379819E+00
   139  2.08500000E+01  1.09377805E+00  1.00149431E+00  1.09377805E+00
   140  2.10000000E+01  1.09381503E+00  1.00168158E+00  1.09381503E+00
   141  2.11500000E+01  1.09379432E+00  1.00188631E+00  1.09379432E+00
   142  2.13000000E+01  1.09381876E+00  1.00210980E+00  1.09381876E+00
   143  2.14500000E+01  1.09379364E+00  1.00235342E+00  1.09379364E+00
   144  2.16000000E+01  1.09383603E+00  1.00261863E+00  1.09383603E+00
   145  2.17500000E+01  1.09381031E+00  1.00290696E+00  1.09381031E+00
   146  2.19000000E+01  1.09384013E+00  1.00322003E+00  1.09384013E+00
   147  2.20500000E+01  1.09381004E+00  1.00355952E+00  1.09381004E+00
   148  2.22000000E+01  1.09385773E+00  1.00392719E+00  1.09385773E+00
   149  2.23500000E+01  1.09382700E+00  1.00432490E+00  1.09382700E+00
   150  2.25000000E+01  1.09386208E+00  1.00475456E+00  1.09386208E+00
   151  2.26500000E+01  1.09382702E+00  1.00521818E+00  1.09382702E+00
   152  2.28000000E+01  1.09387994E+00  1.00571781E+00  1.09387994E+00
   153  2.29500000E+01  1.09384420E+00  1.00625561E+00  1.09384420E+00
   154  2.31000000E+01  1.09388448E+00  1.00683378E+00  1.09388448E+00
   155  2.32500000E+01  1.09384443E+00  1.00745459E+00  1.09384443E+00
   156  2.34000000E+01  1.09390250E+00  1.00812035E+00  1.09390250E+00
   157  2.35500000E+01  1.09386174E+00  1.00883342E+00  1.09386174E+00
   158  2.37000000E+01  1.09390713E+00  1.00959621E+00  1.09390713E+00
   159  2.38500000E+01  1.09386613E+00  1.01041111E+00  1.09386613E+00
   160  2.40000000E+01  1.09392523E+00  1.01128056E+00  1.09392523E+00
   161  2.41500000E+01  1.09387947E+00  1.01220696E+00  1.09387947E+00
   162  2.43000000E+01  1.09392989E+00  1.01319269E+00  1.09392989E+00
   163  2.44500000E+01  1.09389475E+00  1.01424007E+00  1.09389475E+00
   164  2.46000000E+01  1.09394802E+00  1.01535136E+00  1.09394802E+00
   165  2.47500000E+01  1.09390414E+00  1.01652869E+00  1.09390414E+00
   166  2.49000000E+01  1.09395265E+00  1.01777408E+00  1.09395265E+00
   167  2.50500000E+01  1.09392330E+00  1.01908939E+00  1.09392330E+00
   168  2.52000000E+01  1.09397075E+00  1.02047627E+00  1.09397075E+00
   169  2.53500000E+01  1.09393258E+00  1.02193614E+00  1.09393258E+00
   170  2.55000000E+01  1.09397529E+00  1.02347015E+00  1.09397529E+00
   171  2.56500000E+01  1.09395168E+00  1.02507914E+00  1.09395168E+00
   172  2.58000000E+01  1.09399332E+00  1.02676360E+00  1.09399332E+00
   173  2.59500000E+01  1.09396080E+00  1.02852362E+00  1.09396080E+00
   174  2.61000000E+01  1.09399773E+00  1.03035886E+00  1.09399773E+00
   175  2.62500000E+01  1.09397981E+00  1.03226848E+00  1.09397981E+00
   176  2.64000000E+01  1.09401564E+00  1.03425110E+00  1.09401564E+00
   177  2.65500000E+01  1.09398874E+00  1.03630478E+00  1.09398874E+00
   178  2.67000000E+01  1.09401989E+00  1.03842692E+00  1.09401989E+00
   179  2.68500000E+01  1.09400764E+00  1.04061428E+00  1.09400764E+00
   180  2.70000000E+01  1.09403766E+00  1.04286288E+00  1.09403766E+00
   181  2.71500000E+01  1.09401634E+00  1.04516798E+00  1.09401634E+00
   182  2.73000000E+01  1.09404172E+00  1.04752409E+00  1.09404172E+00
   183  2.74500000E+01  1.09403509E+00  1.04992486E+00  1.09403509E+00
   184  2.76000000E+01  1.09405933E+00  1.05236313E+00  1.09405933E+00
   185  2.77500000E+01  1.09404355E+00  1.05483091E+00  1.09404355E+00
   186  2.79000000E+01  1.09406317E+00  1.05731934E+00  1.09406317E+00
   187  2.80500000E+01  1.09406215E+00  1.05981876E+00  1.09406215E+00
   188  2.82000000E+01  1.09408060E+00  1.06231871E+00  1.09408060E+00
   189  2.83500000E+01  1.09407035E+00  1.06480798E+00  1.09407035E+00
   190  2.85000000E+01  1.09408422E+00  1.06727465E+00  1.09408422E+00
   191  2.86500000E+01  1.09408877E+00  1.06970621E+00  1.09408877E+00
   192  2.88000000E+01  1.09410146E+00  1.07208963E+00  1.09410146E+00
   193  2.89500000E+01  1.09409670E+00  1.07441150E+00  1.09409670E+00
   194  2.91000000E+01  1.09410484E+00  1.07665815E+00  1.09410484E+00
   195  2.92500000E+01  1.09411493E+00  1.07881589E+00  1.09411493E+00
   196  2.94000000E+01  1.09412187E+00  1.08087117E+00  1.09412187E+00
   197  2.95500000E+01  1.09412259E+00  1.08281086E+00  1.09412259E+00
   198  2.97000000E+01  1.09412501E+00  1.08462249E+00  1.09412501E+00
   199  2.98500000E+01  1.09414063E+00  1.08629460E+00  1.09414063E+00
   200  3.00000000E+01  1.09414183E+00  1.08781707E+00  1.09414183E+00
   201  3.01500000E+01  1.09414799E+00  1.08918142E+00  1.09414799E+00
   202  3.03000000E+01  1.09414470E+00  1.09038125E+00  1.09414470E+00
   203  3.04500000E+01  1.09416584E+00  1.09141251E+00  1.09416584E+00
   204  3.06000000E+01  1.09416132E+00  1.09227386E+00  1.09416132E+00
   205  3.07500000E+01  1.09417281E+00  1.09296694E+00  1.09417281E+00
   206  3.09000000E+01  1.09416389E+00  1.09349652E+00  1.09416389E+00
   207  3.10500000E+01  1.09419070E+00  1.09387061E+00  1.09419070E+00
   208  3.12000000E+01  1.09418056E+00  1.09410040E+00  1.09418056E+00
   209  3.13500000E+01  1.09420007E+00  1.09420007E+00  1.09420007E+00
   210  3.15000000E+01  1.09418644E+00  1.09418644E+00  1.09418644E+00
   211  3.16500000E+01  1.09407843E+00  1.09407843E+00  1.09407843E+00
   212  3.18000000E+01  1.09389642E+00  1.09389642E+00  1.09389642E+00
   213  3.19500000E+01  1.09366147E+00  1.09366147E+00  1.09366147E+00
   214  3.21000000E+01  1.09339440E+00  1.09339440E+00  1.09339440E+00
   215  3.22500000E+01  1.09311494E+00  1.09311494E+00  1.09311494E+00
   216  3.24000000E+01  1.09284084E+00  1.09284084E+00  1.09284084E+00
   217  3.25500000E+01  1.09258710E+00  1.09258710E+00  1.09258710E+00
   218  3.27000000E+01  1.09236538E+00  1.09236538E+00  1.09236538E+00
   219  3.28500000E+01  1.09220357E+00  1.09218361E+00  1.09220357E+00
   220  3.30000000E+01  1.09220357E+00  1.09204586E+00  1.09220357E+00
   221  3.31500000E+01  1.09220356E+00  1.09195250E+00  1.09220356E+00
   222  3.33000000E+01  1.09220356E+00  1.09190060E+00  1.09220356E+00
   223  3.34500000E+01  1.09220356E+00  1.09188458E+00  1.09220356E+00
   224  3.36000000E+01  1.09220356E+00  1.09189701E+00  1.09220356E+00
   225  3.37500000E+01  1.09220356E+00  1.09192946E+00  1.09220356E+00
   226  3.39000000E+01  1.09220356E+00  1.09197342E+00  1.09220356E+00
   227  3.40500000E+01  1.09220356E+00  1.09202107E+00  1.09220356E+00
   228  3.42000000E+01  1.09220356E+00  1.09206591E+00  1.09220356E+00
   229  3.43500000E+01  1.09220356E+00  1.09210317E+00  1.09220356E+00
   230  3.45000000E+01  1.09220356E+00  1.09212998E+00  1.09220356E+00
   231  3.46500000E+01  1.09220356E+00  1.09214534E+00  1.09220356E+00
   232  3.48000000E+01  1.09220356E+00  1.09214983E+00  1.09220356E+00
   233  3.49500000E+01  1.09220356E+00  1.09214525E+00  1.09220356E+00
   234  3.51000000E+01  1.09220356E+00  1.09213412E+00  1.09220356E+00
   235  3.52500000E+01  1.09220356E+00  1.09211922E+00  1.09220356E+00
   236  3.54000000E+01  1.09220356E+00  1.09210317E+00  1.09220356E+00
   237  3.55500000E+01  1.09220356E+00  1.09208812E+00  1.09220356E+00
   238  3.57000000E+01  1.09220356E+00  1.09207557E+00  1.09220356E+00
   239  3.58500000E+01  1.09220356E+00  1.09206629E+00  1.09220356E+00
   240  3.60000000E+01  1.09220356E+00  1.09206042E+00  1.09220356E+00
   241  3.61500000E+01  1.09220356E+00  1.09205758E+00  1.09220356E+00
   242  3.63000000E+01  1.09220356E+00  1.09205708E+00  1.09220356E+00
   243  3.64500000E+01  1.09220356E+00  1.09205810E+00  1.09220356E+00
   244  3.66000000E+01  1.09220356E+00  1.09205986E+00  1.09220356E+00
   245  3.67500000E+01  1.09220356E+00  1.09206172E+00  1.09220356E+00
   246  3.69000000E+01  1.09220356E+00  1.09206328E+00  1.09220356E+00
   247  3.70500000E+01  1.09220356E+00  1.09206432E+00  1.09220356E+00
   248  3.72000000E+01  1.09220356E+00  1.09206485E+00  1.09220356E+00
 steady-height stop at step    248: changes <=   1.0000E-05, max-end <=   1.0000E-02, max/end/gap/profile_change =   1.09220356E+00  1.09206485E+00  1.38715883E-04  5.24380011E-07


STDERR:
