COMMAND:
/shared/extrudate_rom/generate_rom_data/extrudate_swell2d_c_cluster

STDOUT:
 comppar: model =   3
 comppar: lambda,mobility/eps,betav,eta_0 =  2.8000E+00  3.6667E-01  9.0000E-01  1.0000E+00
 comppar: eta_s,eta_p,G =  9.0000E-01  1.0000E-01  3.5714E-02
 comppar: U_avg,deltat,flowrate,nsteps =  2.0000E-01  1.5000E-01  6.2832E-01     700
 comppar: geometry = axisymmetric
 comppar: steady stop change,gap,hold,min =  1.0000E-05  1.0000E-02      10      80
 comppar: ncompc,ncompg =     4     5
 mesh nnodes = 5765
 mesh nelem = 2780
 P1 BC   5.0000000000000000     
 P2 BC   0.0000000000000000     
     1  1.50000000E-01  1.00379478E+00  1.00000000E+00  1.00379478E+00
     2  3.00000000E-01  1.00750770E+00  1.00000000E+00  1.00750770E+00
     3  4.50000000E-01  1.01114147E+00  1.00000000E+00  1.01114147E+00
     4  6.00000000E-01  1.01469603E+00  1.00000000E+00  1.01469603E+00
     5  7.50000000E-01  1.01817366E+00  1.00000000E+00  1.01817366E+00
     6  9.00000000E-01  1.02157016E+00  1.00000000E+00  1.02157016E+00
     7  1.05000000E+00  1.02490501E+00  1.00000000E+00  1.02490501E+00
     8  1.20000000E+00  1.02816614E+00  1.00000000E+00  1.02816614E+00
     9  1.35000000E+00  1.03134889E+00  1.00000000E+00  1.03134889E+00
    10  1.50000000E+00  1.03445856E+00  1.00000000E+00  1.03445856E+00
    11  1.65000000E+00  1.03752318E+00  1.00000000E+00  1.03752318E+00
    12  1.80000000E+00  1.04050207E+00  1.00000000E+00  1.04050207E+00
    13  1.95000000E+00  1.04342098E+00  1.00000000E+00  1.04342098E+00
    14  2.10000000E+00  1.04629239E+00  9.99999999E-01  1.04629239E+00
    15  2.25000000E+00  1.04905860E+00  9.99999996E-01  1.04905860E+00
    16  2.40000000E+00  1.05182575E+00  9.99999992E-01  1.05182575E+00
    17  2.55000000E+00  1.05448224E+00  9.99999986E-01  1.05448224E+00
    18  2.70000000E+00  1.05712354E+00  9.99999979E-01  1.05712354E+00
    19  2.85000000E+00  1.05965149E+00  9.99999970E-01  1.05965149E+00
    20  3.00000000E+00  1.06218336E+00  9.99999960E-01  1.06218336E+00
    21  3.15000000E+00  1.06459408E+00  9.99999947E-01  1.06459408E+00
    22  3.30000000E+00  1.06701759E+00  9.99999932E-01  1.06701759E+00
    23  3.45000000E+00  1.06929122E+00  9.99999915E-01  1.06929122E+00
    24  3.60000000E+00  1.07161806E+00  9.99999894E-01  1.07161806E+00
    25  3.75000000E+00  1.07380744E+00  9.99999870E-01  1.07380744E+00
    26  3.90000000E+00  1.07599696E+00  9.99999843E-01  1.07599696E+00
    27  4.05000000E+00  1.07810273E+00  9.99999811E-01  1.07810273E+00
    28  4.20000000E+00  1.08011814E+00  9.99999775E-01  1.08011814E+00
    29  4.35000000E+00  1.08217100E+00  9.99999734E-01  1.08217100E+00
    30  4.50000000E+00  1.08406606E+00  9.99999688E-01  1.08406606E+00
    31  4.65000000E+00  1.08600762E+00  9.99999636E-01  1.08600762E+00
    32  4.80000000E+00  1.08785016E+00  9.99999577E-01  1.08785016E+00
    33  4.95000000E+00  1.08955895E+00  9.99999512E-01  1.08955895E+00
    34  5.10000000E+00  1.09138432E+00  9.99999439E-01  1.09138432E+00
    35  5.25000000E+00  1.09304981E+00  9.99999358E-01  1.09304981E+00
    36  5.40000000E+00  1.09466509E+00  9.99999268E-01  1.09466509E+00
    37  5.55000000E+00  1.09631336E+00  9.99999168E-01  1.09631336E+00
    38  5.70000000E+00  1.09780090E+00  9.99999057E-01  1.09780090E+00
    39  5.85000000E+00  1.09928408E+00  9.99998935E-01  1.09928408E+00
    40  6.00000000E+00  1.10078804E+00  9.99998801E-01  1.10078804E+00
    41  6.15000000E+00  1.10213301E+00  9.99998654E-01  1.10213301E+00
    42  6.30000000E+00  1.10349453E+00  9.99998492E-01  1.10349453E+00
    43  6.45000000E+00  1.10485395E+00  9.99998314E-01  1.10485395E+00
    44  6.60000000E+00  1.10605737E+00  9.99998120E-01  1.10605737E+00
    45  6.75000000E+00  1.10729019E+00  9.99997909E-01  1.10729019E+00
    46  6.90000000E+00  1.10851286E+00  9.99997678E-01  1.10851286E+00
    47  7.05000000E+00  1.10958477E+00  9.99997426E-01  1.10958477E+00
    48  7.20000000E+00  1.11071424E+00  9.99997153E-01  1.11071424E+00
    49  7.35000000E+00  1.11180196E+00  9.99996856E-01  1.11180196E+00
    50  7.50000000E+00  1.11274556E+00  9.99996533E-01  1.11274556E+00
    51  7.65000000E+00  1.11377605E+00  9.99996184E-01  1.11377605E+00
    52  7.80000000E+00  1.11473771E+00  9.99995806E-01  1.11473771E+00
    53  7.95000000E+00  1.11556410E+00  9.99995398E-01  1.11556410E+00
    54  8.10000000E+00  1.11650691E+00  9.99994956E-01  1.11650691E+00
    55  8.25000000E+00  1.11734683E+00  9.99994480E-01  1.11734683E+00
    56  8.40000000E+00  1.11807040E+00  9.99993967E-01  1.11807040E+00
    57  8.55000000E+00  1.11892710E+00  9.99993415E-01  1.11892710E+00
    58  8.70000000E+00  1.11965764E+00  9.99992821E-01  1.11965764E+00
    59  8.85000000E+00  1.12031654E+00  9.99992183E-01  1.12031654E+00
    60  9.00000000E+00  1.12105923E+00  9.99991499E-01  1.12105923E+00
    61  9.15000000E+00  1.12168715E+00  9.99990764E-01  1.12168715E+00
    62  9.30000000E+00  1.12229735E+00  9.99989978E-01  1.12229735E+00
    63  9.45000000E+00  1.12293935E+00  9.99989136E-01  1.12293935E+00
    64  9.60000000E+00  1.12347897E+00  9.99988236E-01  1.12347897E+00
    65  9.75000000E+00  1.12402616E+00  9.99987275E-01  1.12402616E+00
    66  9.90000000E+00  1.12457511E+00  9.99986250E-01  1.12457511E+00
    67  1.00500000E+01  1.12503507E+00  9.99985156E-01  1.12503507E+00
    68  1.02000000E+01  1.12554233E+00  9.99983992E-01  1.12554233E+00
    69  1.03500000E+01  1.12601269E+00  9.99982753E-01  1.12601269E+00
    70  1.05000000E+01  1.12640718E+00  9.99981436E-01  1.12640718E+00
    71  1.06500000E+01  1.12684894E+00  9.99980037E-01  1.12684894E+00
    72  1.08000000E+01  1.12724986E+00  9.99978554E-01  1.12724986E+00
    73  1.09500000E+01  1.12758850E+00  9.99976981E-01  1.12758850E+00
    74  1.11000000E+01  1.12799473E+00  9.99975317E-01  1.12799473E+00
    75  1.12500000E+01  1.12833967E+00  9.99973556E-01  1.12833967E+00
    76  1.14000000E+01  1.12863448E+00  9.99971696E-01  1.12863448E+00
    77  1.15500000E+01  1.12897151E+00  9.99969732E-01  1.12897151E+00
    78  1.17000000E+01  1.12927016E+00  9.99967663E-01  1.12927016E+00
    79  1.18500000E+01  1.12953071E+00  9.99965483E-01  1.12953071E+00
    80  1.20000000E+01  1.12983306E+00  9.99963191E-01  1.12983306E+00
    81  1.21500000E+01  1.13009602E+00  9.99960782E-01  1.13009602E+00
    82  1.23000000E+01  1.13033067E+00  9.99958255E-01  1.13033067E+00
    83  1.24500000E+01  1.13056284E+00  9.99955607E-01  1.13056284E+00
    84  1.26000000E+01  1.13079934E+00  9.99952836E-01  1.13079934E+00
    85  1.27500000E+01  1.13101664E+00  9.99949940E-01  1.13101664E+00
    86  1.29000000E+01  1.13122253E+00  9.99946918E-01  1.13122253E+00
    87  1.30500000E+01  1.13143031E+00  9.99943769E-01  1.13143031E+00
    88  1.32000000E+01  1.13163437E+00  9.99940493E-01  1.13163437E+00
    89  1.33500000E+01  1.13183164E+00  9.99937091E-01  1.13183164E+00
    90  1.35000000E+01  1.13202553E+00  9.99933564E-01  1.13202553E+00
    91  1.36500000E+01  1.13221734E+00  9.99929914E-01  1.13221734E+00
    92  1.38000000E+01  1.13240661E+00  9.99926145E-01  1.13240661E+00
    93  1.39500000E+01  1.13259167E+00  9.99922260E-01  1.13259167E+00
    94  1.41000000E+01  1.13277012E+00  9.99918267E-01  1.13277012E+00
    95  1.42500000E+01  1.13293942E+00  9.99914171E-01  1.13293942E+00
    96  1.44000000E+01  1.13311084E+00  9.99909982E-01  1.13311084E+00
    97  1.45500000E+01  1.13328190E+00  9.99905709E-01  1.13328190E+00
    98  1.47000000E+01  1.13344165E+00  9.99901366E-01  1.13344165E+00
    99  1.48500000E+01  1.13358829E+00  9.99896966E-01  1.13358829E+00
   100  1.50000000E+01  1.13372613E+00  9.99892526E-01  1.13372613E+00
   101  1.51500000E+01  1.13387481E+00  9.99888066E-01  1.13387481E+00
   102  1.53000000E+01  1.13400977E+00  9.99883608E-01  1.13400977E+00
   103  1.54500000E+01  1.13413051E+00  9.99879176E-01  1.13413051E+00
   104  1.56000000E+01  1.13425296E+00  9.99874800E-01  1.13425296E+00
   105  1.57500000E+01  1.13437544E+00  9.99870511E-01  1.13437544E+00
   106  1.59000000E+01  1.13448380E+00  9.99866346E-01  1.13448380E+00
   107  1.60500000E+01  1.13457893E+00  9.99862345E-01  1.13457893E+00
   108  1.62000000E+01  1.13468582E+00  9.99858554E-01  1.13468582E+00
   109  1.63500000E+01  1.13478331E+00  9.99855024E-01  1.13478331E+00
   110  1.65000000E+01  1.13486856E+00  9.99851811E-01  1.13486856E+00
   111  1.66500000E+01  1.13495130E+00  9.99848977E-01  1.13495130E+00
   112  1.68000000E+01  1.13503770E+00  9.99846592E-01  1.13503770E+00
   113  1.69500000E+01  1.13511312E+00  9.99844731E-01  1.13511312E+00
   114  1.71000000E+01  1.13517921E+00  9.99843479E-01  1.13517921E+00
   115  1.72500000E+01  1.13525184E+00  9.99842927E-01  1.13525184E+00
   116  1.74000000E+01  1.13531920E+00  9.99843176E-01  1.13531920E+00
   117  1.75500000E+01  1.13537835E+00  9.99844339E-01  1.13537835E+00
   118  1.77000000E+01  1.13543070E+00  9.99846535E-01  1.13543070E+00
   119  1.78500000E+01  1.13549014E+00  9.99849898E-01  1.13549014E+00
   120  1.80000000E+01  1.13554302E+00  9.99854572E-01  1.13554302E+00
   121  1.81500000E+01  1.13559019E+00  9.99860714E-01  1.13559019E+00
   122  1.83000000E+01  1.13563354E+00  9.99868497E-01  1.13563354E+00
   123  1.84500000E+01  1.13568104E+00  9.99878105E-01  1.13568104E+00
   124  1.86000000E+01  1.13572355E+00  9.99889742E-01  1.13572355E+00
   125  1.87500000E+01  1.13576177E+00  9.99903627E-01  1.13576177E+00
   126  1.89000000E+01  1.13579618E+00  9.99919996E-01  1.13579618E+00
   127  1.90500000E+01  1.13583180E+00  9.99939106E-01  1.13583180E+00
   128  1.92000000E+01  1.13586665E+00  9.99961235E-01  1.13586665E+00
   129  1.93500000E+01  1.13589796E+00  9.99986680E-01  1.13589796E+00
   130  1.95000000E+01  1.13592590E+00  1.00001577E+00  1.13592590E+00
   131  1.96500000E+01  1.13595213E+00  1.00004884E+00  1.13595213E+00
   132  1.98000000E+01  1.13598024E+00  1.00008627E+00  1.13598024E+00
   133  1.99500000E+01  1.13600517E+00  1.00012847E+00  1.13600517E+00
   134  2.01000000E+01  1.13602703E+00  1.00017586E+00  1.13602703E+00
   135  2.02500000E+01  1.13604597E+00  1.00022891E+00  1.13604597E+00
   136  2.04000000E+01  1.13606765E+00  1.00028811E+00  1.13606765E+00
   137  2.05500000E+01  1.13608696E+00  1.00035399E+00  1.13608696E+00
   138  2.07000000E+01  1.13610348E+00  1.00042713E+00  1.13610348E+00
   139  2.08500000E+01  1.13611745E+00  1.00050813E+00  1.13611745E+00
   140  2.10000000E+01  1.13613267E+00  1.00059764E+00  1.13613267E+00
   141  2.11500000E+01  1.13614698E+00  1.00069636E+00  1.13614698E+00
   142  2.13000000E+01  1.13615897E+00  1.00080501E+00  1.13615897E+00
   143  2.14500000E+01  1.13616890E+00  1.00092439E+00  1.13616890E+00
   144  2.16000000E+01  1.13617874E+00  1.00105533E+00  1.13617874E+00
   145  2.17500000E+01  1.13618888E+00  1.00119872E+00  1.13618888E+00
   146  2.19000000E+01  1.13619720E+00  1.00135551E+00  1.13619720E+00
   147  2.20500000E+01  1.13620398E+00  1.00152668E+00  1.13620398E+00
   148  2.22000000E+01  1.13620944E+00  1.00171330E+00  1.13620944E+00
   149  2.23500000E+01  1.13621621E+00  1.00191648E+00  1.13621621E+00
   150  2.25000000E+01  1.13622180E+00  1.00213742E+00  1.13622180E+00
   151  2.26500000E+01  1.13622624E+00  1.00237735E+00  1.13622624E+00
   152  2.28000000E+01  1.13622971E+00  1.00263758E+00  1.13622971E+00
   153  2.29500000E+01  1.13623237E+00  1.00291951E+00  1.13623237E+00
   154  2.31000000E+01  1.13623541E+00  1.00322458E+00  1.13623541E+00
   155  2.32500000E+01  1.13623815E+00  1.00355433E+00  1.13623815E+00
   156  2.34000000E+01  1.13624019E+00  1.00391035E+00  1.13624019E+00
   157  2.35500000E+01  1.13624160E+00  1.00429430E+00  1.13624160E+00
   158  2.37000000E+01  1.13624248E+00  1.00470795E+00  1.13624248E+00
   159  2.38500000E+01  1.13624287E+00  1.00515311E+00  1.13624287E+00
   160  2.40000000E+01  1.13624307E+00  1.00563168E+00  1.13624307E+00
   161  2.41500000E+01  1.13624349E+00  1.00614561E+00  1.13624349E+00
   162  2.43000000E+01  1.13624350E+00  1.00669696E+00  1.13624350E+00
   163  2.44500000E+01  1.13624315E+00  1.00728782E+00  1.13624315E+00
   164  2.46000000E+01  1.13624250E+00  1.00792036E+00  1.13624250E+00
   165  2.47500000E+01  1.13624159E+00  1.00859682E+00  1.13624159E+00
   166  2.49000000E+01  1.13624049E+00  1.00931948E+00  1.13624049E+00
   167  2.50500000E+01  1.13623922E+00  1.01009067E+00  1.13623922E+00
   168  2.52000000E+01  1.13623784E+00  1.01091278E+00  1.13623784E+00
   169  2.53500000E+01  1.13623638E+00  1.01178820E+00  1.13623638E+00
   170  2.55000000E+01  1.13623486E+00  1.01271938E+00  1.13623486E+00
   171  2.56500000E+01  1.13623332E+00  1.01370874E+00  1.13623332E+00
   172  2.58000000E+01  1.13623176E+00  1.01475872E+00  1.13623176E+00
   173  2.59500000E+01  1.13623021E+00  1.01587175E+00  1.13623021E+00
   174  2.61000000E+01  1.13622868E+00  1.01705020E+00  1.13622868E+00
   175  2.62500000E+01  1.13622717E+00  1.01829640E+00  1.13622717E+00
   176  2.64000000E+01  1.13622570E+00  1.01961259E+00  1.13622570E+00
   177  2.65500000E+01  1.13622427E+00  1.02100094E+00  1.13622427E+00
   178  2.67000000E+01  1.13622290E+00  1.02246347E+00  1.13622290E+00
   179  2.68500000E+01  1.13622157E+00  1.02400207E+00  1.13622157E+00
   180  2.70000000E+01  1.13622031E+00  1.02561843E+00  1.13622031E+00
   181  2.71500000E+01  1.13621910E+00  1.02731405E+00  1.13621910E+00
   182  2.73000000E+01  1.13621795E+00  1.02909019E+00  1.13621795E+00
   183  2.74500000E+01  1.13621686E+00  1.03094783E+00  1.13621686E+00
   184  2.76000000E+01  1.13621584E+00  1.03288767E+00  1.13621584E+00
   185  2.77500000E+01  1.13621487E+00  1.03491004E+00  1.13621487E+00
   186  2.79000000E+01  1.13621397E+00  1.03701492E+00  1.13621397E+00
   187  2.80500000E+01  1.13621312E+00  1.03920187E+00  1.13621312E+00
   188  2.82000000E+01  1.13621232E+00  1.04147004E+00  1.13621232E+00
   189  2.83500000E+01  1.13621158E+00  1.04381807E+00  1.13621158E+00
   190  2.85000000E+01  1.13621089E+00  1.04624413E+00  1.13621089E+00
   191  2.86500000E+01  1.13621025E+00  1.04874584E+00  1.13621025E+00
   192  2.88000000E+01  1.13620966E+00  1.05132028E+00  1.13620966E+00
   193  2.89500000E+01  1.13620911E+00  1.05396394E+00  1.13620911E+00
   194  2.91000000E+01  1.13620861E+00  1.05667273E+00  1.13620861E+00
   195  2.92500000E+01  1.13620814E+00  1.05944194E+00  1.13620814E+00
   196  2.94000000E+01  1.13620771E+00  1.06226625E+00  1.13620771E+00
   197  2.95500000E+01  1.13620731E+00  1.06513974E+00  1.13620731E+00
   198  2.97000000E+01  1.13620695E+00  1.06805585E+00  1.13620695E+00
   199  2.98500000E+01  1.13620662E+00  1.07100745E+00  1.13620662E+00
   200  3.00000000E+01  1.13620632E+00  1.07398682E+00  1.13620632E+00
   201  3.01500000E+01  1.13620604E+00  1.07698571E+00  1.13620604E+00
   202  3.03000000E+01  1.13620578E+00  1.07999535E+00  1.13620578E+00
   203  3.04500000E+01  1.13620555E+00  1.08300648E+00  1.13620555E+00
   204  3.06000000E+01  1.13620534E+00  1.08600946E+00  1.13620534E+00
   205  3.07500000E+01  1.13620515E+00  1.08899428E+00  1.13620515E+00
   206  3.09000000E+01  1.13620498E+00  1.09195066E+00  1.13620498E+00
   207  3.10500000E+01  1.13620482E+00  1.09486811E+00  1.13620482E+00
   208  3.12000000E+01  1.13620468E+00  1.09773602E+00  1.13620468E+00
   209  3.13500000E+01  1.13620455E+00  1.10054377E+00  1.13620455E+00
   210  3.15000000E+01  1.13620443E+00  1.10328080E+00  1.13620443E+00
   211  3.16500000E+01  1.13620433E+00  1.10593677E+00  1.13620433E+00
   212  3.18000000E+01  1.13620423E+00  1.10850162E+00  1.13620423E+00
   213  3.19500000E+01  1.13620415E+00  1.11096576E+00  1.13620415E+00
   214  3.21000000E+01  1.13620407E+00  1.11332013E+00  1.13620407E+00
   215  3.22500000E+01  1.13620400E+00  1.11555643E+00  1.13620400E+00
   216  3.24000000E+01  1.13620394E+00  1.11766716E+00  1.13620394E+00
   217  3.25500000E+01  1.13620388E+00  1.11964586E+00  1.13620388E+00
   218  3.27000000E+01  1.13620383E+00  1.12148718E+00  1.13620383E+00
   219  3.28500000E+01  1.13620379E+00  1.12318709E+00  1.13620379E+00
   220  3.30000000E+01  1.13620375E+00  1.12474295E+00  1.13620375E+00
   221  3.31500000E+01  1.13620371E+00  1.12615367E+00  1.13620371E+00
   222  3.33000000E+01  1.13620368E+00  1.12741981E+00  1.13620368E+00
   223  3.34500000E+01  1.13620365E+00  1.12854362E+00  1.13620365E+00
   224  3.36000000E+01  1.13620363E+00  1.12952910E+00  1.13620363E+00
   225  3.37500000E+01  1.13620360E+00  1.13038198E+00  1.13620360E+00
   226  3.39000000E+01  1.13620358E+00  1.13110966E+00  1.13620358E+00
   227  3.40500000E+01  1.13620356E+00  1.13172110E+00  1.13620356E+00
   228  3.42000000E+01  1.13620355E+00  1.13222665E+00  1.13620355E+00
   229  3.43500000E+01  1.13620353E+00  1.13263778E+00  1.13620353E+00
   230  3.45000000E+01  1.13620352E+00  1.13296684E+00  1.13620352E+00
   231  3.46500000E+01  1.13620351E+00  1.13322668E+00  1.13620351E+00
   232  3.48000000E+01  1.13620350E+00  1.13343025E+00  1.13620350E+00
   233  3.49500000E+01  1.13620349E+00  1.13359027E+00  1.13620349E+00
   234  3.51000000E+01  1.13620348E+00  1.13371876E+00  1.13620348E+00
   235  3.52500000E+01  1.13620347E+00  1.13382669E+00  1.13620347E+00
   236  3.54000000E+01  1.13620346E+00  1.13392364E+00  1.13620346E+00
   237  3.55500000E+01  1.13620346E+00  1.13401751E+00  1.13620346E+00
   238  3.57000000E+01  1.13620345E+00  1.13411438E+00  1.13620345E+00
   239  3.58500000E+01  1.13620345E+00  1.13421838E+00  1.13620345E+00
   240  3.60000000E+01  1.13620344E+00  1.13433173E+00  1.13620344E+00
   241  3.61500000E+01  1.13620344E+00  1.13445487E+00  1.13620344E+00
   242  3.63000000E+01  1.13620343E+00  1.13458668E+00  1.13620343E+00
   243  3.64500000E+01  1.13620343E+00  1.13472483E+00  1.13620343E+00
   244  3.66000000E+01  1.13620343E+00  1.13486607E+00  1.13620343E+00
   245  3.67500000E+01  1.13620342E+00  1.13500670E+00  1.13620342E+00
   246  3.69000000E+01  1.13620342E+00  1.13514291E+00  1.13620342E+00
   247  3.70500000E+01  1.13620342E+00  1.13527115E+00  1.13620342E+00
   248  3.72000000E+01  1.13620342E+00  1.13538846E+00  1.13620342E+00
   249  3.73500000E+01  1.13620341E+00  1.13549263E+00  1.13620341E+00
   250  3.75000000E+01  1.13620341E+00  1.13558237E+00  1.13620341E+00
   251  3.76500000E+01  1.13620341E+00  1.13565731E+00  1.13620341E+00
   252  3.78000000E+01  1.13620341E+00  1.13571797E+00  1.13620341E+00
   253  3.79500000E+01  1.13620341E+00  1.13576557E+00  1.13620341E+00
   254  3.81000000E+01  1.13620341E+00  1.13580189E+00  1.13620341E+00
   255  3.82500000E+01  1.13620341E+00  1.13582903E+00  1.13620341E+00
   256  3.84000000E+01  1.13620340E+00  1.13584920E+00  1.13620340E+00
   257  3.85500000E+01  1.13620340E+00  1.13586450E+00  1.13620340E+00
   258  3.87000000E+01  1.13620340E+00  1.13587676E+00  1.13620340E+00
   259  3.88500000E+01  1.13620340E+00  1.13588744E+00  1.13620340E+00
   260  3.90000000E+01  1.13620340E+00  1.13589758E+00  1.13620340E+00
   261  3.91500000E+01  1.13620340E+00  1.13590777E+00  1.13620340E+00
   262  3.93000000E+01  1.13620340E+00  1.13591822E+00  1.13620340E+00
   263  3.94500000E+01  1.13620340E+00  1.13592884E+00  1.13620340E+00
   264  3.96000000E+01  1.13620340E+00  1.13593933E+00  1.13620340E+00
   265  3.97500000E+01  1.13620340E+00  1.13594928E+00  1.13620340E+00
   266  3.99000000E+01  1.13620340E+00  1.13595829E+00  1.13620340E+00
   267  4.00500000E+01  1.13620340E+00  1.13596599E+00  1.13620340E+00
   268  4.02000000E+01  1.13620340E+00  1.13597217E+00  1.13620340E+00
   269  4.03500000E+01  1.13620339E+00  1.13597673E+00  1.13620339E+00
   270  4.05000000E+01  1.13620339E+00  1.13597970E+00  1.13620339E+00
   271  4.06500000E+01  1.13620339E+00  1.13598126E+00  1.13620339E+00
   272  4.08000000E+01  1.13620339E+00  1.13598163E+00  1.13620339E+00
   273  4.09500000E+01  1.13620339E+00  1.13598110E+00  1.13620339E+00
   274  4.11000000E+01  1.13620339E+00  1.13597994E+00  1.13620339E+00
 steady-height stop at step    274: changes <=   1.0000E-05, max-end <=   1.0000E-02, max/end/gap/profile_change =   1.13620339E+00  1.13597994E+00  2.23453385E-04  1.67715924E-06


STDERR:
