COMMAND:
/shared/extrudate_rom/generate_rom_data/extrudate_swell2d_c_cluster

STDOUT:
 comppar: model =   3
 comppar: lambda,mobility/eps,betav,eta_0 =  1.0000E+00  1.0000E-01  1.0000E-01  1.0000E+00
 comppar: eta_s,eta_p,G =  1.0000E-01  9.0000E-01  9.0000E-01
 comppar: U_avg,deltat,flowrate,nsteps =  2.0000E-01  1.5000E-01  6.2832E-01     700
 comppar: geometry = axisymmetric
 comppar: steady stop change,gap,hold,min =  1.0000E-05  1.0000E-02      10      80
 comppar: ncompc,ncompg =     4     5
 mesh nnodes = 5765
 mesh nelem = 2780
 P1 BC   5.0000000000000000     
 P2 BC   0.0000000000000000     
     1  1.50000000E-01  1.00378410E+00  1.00000000E+00  1.00378410E+00
     2  3.00000000E-01  1.00739535E+00  1.00000000E+00  1.00739535E+00
     3  4.50000000E-01  1.01079934E+00  1.00000000E+00  1.01079934E+00
     4  6.00000000E-01  1.01410469E+00  1.00000000E+00  1.01410469E+00
     5  7.50000000E-01  1.01734003E+00  1.00000000E+00  1.01734003E+00
     6  9.00000000E-01  1.02053568E+00  1.00000000E+00  1.02053568E+00
     7  1.05000000E+00  1.02370141E+00  1.00000001E+00  1.02370141E+00
     8  1.20000000E+00  1.02687304E+00  1.00000001E+00  1.02687304E+00
     9  1.35000000E+00  1.03001995E+00  1.00000001E+00  1.03001995E+00
    10  1.50000000E+00  1.03313828E+00  1.00000001E+00  1.03313828E+00
    11  1.65000000E+00  1.03625053E+00  1.00000001E+00  1.03625053E+00
    12  1.80000000E+00  1.03930614E+00  1.00000001E+00  1.03930614E+00
    13  1.95000000E+00  1.04236683E+00  1.00000001E+00  1.04236683E+00
    14  2.10000000E+00  1.04534473E+00  1.00000001E+00  1.04534473E+00
    15  2.25000000E+00  1.04834200E+00  1.00000001E+00  1.04834200E+00
    16  2.40000000E+00  1.05124526E+00  1.00000000E+00  1.05124526E+00
    17  2.55000000E+00  1.05414468E+00  1.00000000E+00  1.05414468E+00
    18  2.70000000E+00  1.05696346E+00  9.99999996E-01  1.05696346E+00
    19  2.85000000E+00  1.05969699E+00  9.99999989E-01  1.05969699E+00
    20  3.00000000E+00  1.06243819E+00  9.99999981E-01  1.06243819E+00
    21  3.15000000E+00  1.06505935E+00  9.99999971E-01  1.06505935E+00
    22  3.30000000E+00  1.06768668E+00  9.99999960E-01  1.06768668E+00
    23  3.45000000E+00  1.07021944E+00  9.99999945E-01  1.07021944E+00
    24  3.60000000E+00  1.07271419E+00  9.99999929E-01  1.07271419E+00
    25  3.75000000E+00  1.07517781E+00  9.99999909E-01  1.07517781E+00
    26  3.90000000E+00  1.07750869E+00  9.99999887E-01  1.07750869E+00
    27  4.05000000E+00  1.07989974E+00  9.99999861E-01  1.07989974E+00
    28  4.20000000E+00  1.08215882E+00  9.99999831E-01  1.08215882E+00
    29  4.35000000E+00  1.08432360E+00  9.99999797E-01  1.08432360E+00
    30  4.50000000E+00  1.08653807E+00  9.99999759E-01  1.08653807E+00
    31  4.65000000E+00  1.08861638E+00  9.99999715E-01  1.08861638E+00
    32  4.80000000E+00  1.09064109E+00  9.99999666E-01  1.09064109E+00
    33  4.95000000E+00  1.09267425E+00  9.99999611E-01  1.09267425E+00
    34  5.10000000E+00  1.09457233E+00  9.99999550E-01  1.09457233E+00
    35  5.25000000E+00  1.09642398E+00  9.99999481E-01  1.09642398E+00
    36  5.40000000E+00  1.09830837E+00  9.99999405E-01  1.09830837E+00
    37  5.55000000E+00  1.10006223E+00  9.99999320E-01  1.10006223E+00
    38  5.70000000E+00  1.10174803E+00  9.99999225E-01  1.10174803E+00
    39  5.85000000E+00  1.10348712E+00  9.99999121E-01  1.10348712E+00
    40  6.00000000E+00  1.10510219E+00  9.99999006E-01  1.10510219E+00
    41  6.15000000E+00  1.10660121E+00  9.99998879E-01  1.10660121E+00
    42  6.30000000E+00  1.10820994E+00  9.99998740E-01  1.10820994E+00
    43  6.45000000E+00  1.10972075E+00  9.99998587E-01  1.10972075E+00
    44  6.60000000E+00  1.11112375E+00  9.99998420E-01  1.11112375E+00
    45  6.75000000E+00  1.11251909E+00  9.99998236E-01  1.11251909E+00
    46  6.90000000E+00  1.11392967E+00  9.99998036E-01  1.11392967E+00
    47  7.05000000E+00  1.11524120E+00  9.99997818E-01  1.11524120E+00
    48  7.20000000E+00  1.11646411E+00  9.99997579E-01  1.11646411E+00
    49  7.35000000E+00  1.11776180E+00  9.99997320E-01  1.11776180E+00
    50  7.50000000E+00  1.11899370E+00  9.99997038E-01  1.11899370E+00
    51  7.65000000E+00  1.12014422E+00  9.99996733E-01  1.12014422E+00
    52  7.80000000E+00  1.12123503E+00  9.99996401E-01  1.12123503E+00
    53  7.95000000E+00  1.12239157E+00  9.99996042E-01  1.12239157E+00
    54  8.10000000E+00  1.12347365E+00  9.99995653E-01  1.12347365E+00
    55  8.25000000E+00  1.12448700E+00  9.99995233E-01  1.12448700E+00
    56  8.40000000E+00  1.12548111E+00  9.99994780E-01  1.12548111E+00
    57  8.55000000E+00  1.12649844E+00  9.99994291E-01  1.12649844E+00
    58  8.70000000E+00  1.12744799E+00  9.99993765E-01  1.12744799E+00
    59  8.85000000E+00  1.12832896E+00  9.99993198E-01  1.12832896E+00
    60  9.00000000E+00  1.12921955E+00  9.99992589E-01  1.12921955E+00
    61  9.15000000E+00  1.13010784E+00  9.99991935E-01  1.13010784E+00
    62  9.30000000E+00  1.13092496E+00  9.99991232E-01  1.13092496E+00
    63  9.45000000E+00  1.13167397E+00  9.99990480E-01  1.13167397E+00
    64  9.60000000E+00  1.13249491E+00  9.99989673E-01  1.13249491E+00
    65  9.75000000E+00  1.13323977E+00  9.99988811E-01  1.13323977E+00
    66  9.90000000E+00  1.13390160E+00  9.99987888E-01  1.13390160E+00
    67  1.00500000E+01  1.13463024E+00  9.99986903E-01  1.13463024E+00
    68  1.02000000E+01  1.13530444E+00  9.99985852E-01  1.13530444E+00
    69  1.03500000E+01  1.13589044E+00  9.99984732E-01  1.13589044E+00
    70  1.05000000E+01  1.13652533E+00  9.99983539E-01  1.13652533E+00
    71  1.06500000E+01  1.13712183E+00  9.99982269E-01  1.13712183E+00
    72  1.08000000E+01  1.13762814E+00  9.99980919E-01  1.13762814E+00
    73  1.09500000E+01  1.13820236E+00  9.99979485E-01  1.13820236E+00
    74  1.11000000E+01  1.13872277E+00  9.99977963E-01  1.13872277E+00
    75  1.12500000E+01  1.13915120E+00  9.99976350E-01  1.13915120E+00
    76  1.14000000E+01  1.13965972E+00  9.99974641E-01  1.13965972E+00
    77  1.15500000E+01  1.14010298E+00  9.99972834E-01  1.14010298E+00
    78  1.17000000E+01  1.14047762E+00  9.99970923E-01  1.14047762E+00
    79  1.18500000E+01  1.14093492E+00  9.99968905E-01  1.14093492E+00
    80  1.20000000E+01  1.14130298E+00  9.99966776E-01  1.14130298E+00
    81  1.21500000E+01  1.14164077E+00  9.99964533E-01  1.14164077E+00
    82  1.23000000E+01  1.14202441E+00  9.99962171E-01  1.14202441E+00
    83  1.24500000E+01  1.14232398E+00  9.99959688E-01  1.14232398E+00
    84  1.26000000E+01  1.14264840E+00  9.99957080E-01  1.14264840E+00
    85  1.27500000E+01  1.14296039E+00  9.99954345E-01  1.14296039E+00
    86  1.29000000E+01  1.14319386E+00  9.99951478E-01  1.14319386E+00
    87  1.30500000E+01  1.14349846E+00  9.99948478E-01  1.14349846E+00
    88  1.32000000E+01  1.14374770E+00  9.99945343E-01  1.14374770E+00
    89  1.33500000E+01  1.14395858E+00  9.99942071E-01  1.14395858E+00
    90  1.35000000E+01  1.14421917E+00  9.99938660E-01  1.14421917E+00
    91  1.36500000E+01  1.14440828E+00  9.99935111E-01  1.14440828E+00
    92  1.38000000E+01  1.14461593E+00  9.99931423E-01  1.14461593E+00
    93  1.39500000E+01  1.14481982E+00  9.99927598E-01  1.14481982E+00
    94  1.41000000E+01  1.14496219E+00  9.99923636E-01  1.14496219E+00
    95  1.42500000E+01  1.14516256E+00  9.99919541E-01  1.14516256E+00
    96  1.44000000E+01  1.14531261E+00  9.99915317E-01  1.14531261E+00
    97  1.45500000E+01  1.14544887E+00  9.99910967E-01  1.14544887E+00
    98  1.47000000E+01  1.14561239E+00  9.99906500E-01  1.14561239E+00
    99  1.48500000E+01  1.14572222E+00  9.99901921E-01  1.14572222E+00
   100  1.50000000E+01  1.14585558E+00  9.99897242E-01  1.14585558E+00
   101  1.51500000E+01  1.14597173E+00  9.99892473E-01  1.14597173E+00
   102  1.53000000E+01  1.14605984E+00  9.99887628E-01  1.14605984E+00
   103  1.54500000E+01  1.14618792E+00  9.99882721E-01  1.14618792E+00
   104  1.56000000E+01  1.14627009E+00  9.99877772E-01  1.14627009E+00
   105  1.57500000E+01  1.14635741E+00  9.99872801E-01  1.14635741E+00
   106  1.59000000E+01  1.14644459E+00  9.99867831E-01  1.14644459E+00
   107  1.60500000E+01  1.14650099E+00  9.99862890E-01  1.14650099E+00
   108  1.62000000E+01  1.14659840E+00  9.99858009E-01  1.14659840E+00
   109  1.63500000E+01  1.14665749E+00  9.99853221E-01  1.14665749E+00
   110  1.65000000E+01  1.14671257E+00  9.99848565E-01  1.14671257E+00
   111  1.66500000E+01  1.14677545E+00  9.99844086E-01  1.14677545E+00
   112  1.68000000E+01  1.14681175E+00  9.99839830E-01  1.14681175E+00
   113  1.69500000E+01  1.14688304E+00  9.99835851E-01  1.14688304E+00
   114  1.71000000E+01  1.14692331E+00  9.99832209E-01  1.14692331E+00
   115  1.72500000E+01  1.14695647E+00  9.99828969E-01  1.14695647E+00
   116  1.74000000E+01  1.14699939E+00  9.99826204E-01  1.14699939E+00
   117  1.75500000E+01  1.14702343E+00  9.99823994E-01  1.14702343E+00
   118  1.77000000E+01  1.14707294E+00  9.99822427E-01  1.14707294E+00
   119  1.78500000E+01  1.14709827E+00  9.99821600E-01  1.14709827E+00
   120  1.80000000E+01  1.14711720E+00  9.99821618E-01  1.14711720E+00
   121  1.81500000E+01  1.14714417E+00  9.99822599E-01  1.14714417E+00
   122  1.83000000E+01  1.14716201E+00  9.99824668E-01  1.14716201E+00
   123  1.84500000E+01  1.14719376E+00  9.99827963E-01  1.14719376E+00
   124  1.86000000E+01  1.14720768E+00  9.99832636E-01  1.14720768E+00
   125  1.87500000E+01  1.14722840E+00  9.99838851E-01  1.14722840E+00
   126  1.89000000E+01  1.14725961E+00  9.99846785E-01  1.14725961E+00
   127  1.90500000E+01  1.14728415E+00  9.99856631E-01  1.14728415E+00
   128  1.92000000E+01  1.14731268E+00  9.99868599E-01  1.14731268E+00
   129  1.93500000E+01  1.14733927E+00  9.99882915E-01  1.14733927E+00
   130  1.95000000E+01  1.14735909E+00  9.99899825E-01  1.14735909E+00
   131  1.96500000E+01  1.14738415E+00  9.99919594E-01  1.14738415E+00
   132  1.98000000E+01  1.14740546E+00  9.99942508E-01  1.14740546E+00
   133  1.99500000E+01  1.14741960E+00  9.99968876E-01  1.14741960E+00
   134  2.01000000E+01  1.14743545E+00  9.99999032E-01  1.14743545E+00
   135  2.02500000E+01  1.14745220E+00  1.00003333E+00  1.14745220E+00
   136  2.04000000E+01  1.14746237E+00  1.00007217E+00  1.14746237E+00
   137  2.05500000E+01  1.14747715E+00  1.00011594E+00  1.14747715E+00
   138  2.07000000E+01  1.14748833E+00  1.00016511E+00  1.14748833E+00
   139  2.08500000E+01  1.14749358E+00  1.00022015E+00  1.14749358E+00
   140  2.10000000E+01  1.14750376E+00  1.00028156E+00  1.14750376E+00
   141  2.11500000E+01  1.14751128E+00  1.00034990E+00  1.14751128E+00
   142  2.13000000E+01  1.14751427E+00  1.00042575E+00  1.14751427E+00
   143  2.14500000E+01  1.14752264E+00  1.00050973E+00  1.14752264E+00
   144  2.16000000E+01  1.14752562E+00  1.00060250E+00  1.14752562E+00
   145  2.17500000E+01  1.14752681E+00  1.00070479E+00  1.14752681E+00
   146  2.19000000E+01  1.14753185E+00  1.00081733E+00  1.14753185E+00
   147  2.20500000E+01  1.14753248E+00  1.00094095E+00  1.14753248E+00
   148  2.22000000E+01  1.14753359E+00  1.00107648E+00  1.14753359E+00
   149  2.23500000E+01  1.14753454E+00  1.00122485E+00  1.14753454E+00
   150  2.25000000E+01  1.14753239E+00  1.00138702E+00  1.14753239E+00
   151  2.26500000E+01  1.14753349E+00  1.00156400E+00  1.14753349E+00
   152  2.28000000E+01  1.14753244E+00  1.00175689E+00  1.14753244E+00
   153  2.29500000E+01  1.14752924E+00  1.00196683E+00  1.14752924E+00
   154  2.31000000E+01  1.14752827E+00  1.00219503E+00  1.14752827E+00
   155  2.32500000E+01  1.14752495E+00  1.00244277E+00  1.14752495E+00
   156  2.34000000E+01  1.14752303E+00  1.00271140E+00  1.14752303E+00
   157  2.35500000E+01  1.14752092E+00  1.00300233E+00  1.14752092E+00
   158  2.37000000E+01  1.14752164E+00  1.00331706E+00  1.14752164E+00
   159  2.38500000E+01  1.14752211E+00  1.00365715E+00  1.14752211E+00
   160  2.40000000E+01  1.14752213E+00  1.00402423E+00  1.14752213E+00
   161  2.41500000E+01  1.14752166E+00  1.00442004E+00  1.14752166E+00
   162  2.43000000E+01  1.14752077E+00  1.00484634E+00  1.14752077E+00
   163  2.44500000E+01  1.14751959E+00  1.00530503E+00  1.14751959E+00
   164  2.46000000E+01  1.14751845E+00  1.00579803E+00  1.14751845E+00
   165  2.47500000E+01  1.14751744E+00  1.00632736E+00  1.14751744E+00
   166  2.49000000E+01  1.14751622E+00  1.00689513E+00  1.14751622E+00
   167  2.50500000E+01  1.14751492E+00  1.00750350E+00  1.14751492E+00
   168  2.52000000E+01  1.14751377E+00  1.00815469E+00  1.14751377E+00
   169  2.53500000E+01  1.14751296E+00  1.00885101E+00  1.14751296E+00
   170  2.55000000E+01  1.14751223E+00  1.00959481E+00  1.14751223E+00
   171  2.56500000E+01  1.14751155E+00  1.01038850E+00  1.14751155E+00
   172  2.58000000E+01  1.14751089E+00  1.01123453E+00  1.14751089E+00
   173  2.59500000E+01  1.14751024E+00  1.01213541E+00  1.14751024E+00
   174  2.61000000E+01  1.14750960E+00  1.01309364E+00  1.14750960E+00
   175  2.62500000E+01  1.14750897E+00  1.01411175E+00  1.14750897E+00
   176  2.64000000E+01  1.14750837E+00  1.01519228E+00  1.14750837E+00
   177  2.65500000E+01  1.14750779E+00  1.01633774E+00  1.14750779E+00
   178  2.67000000E+01  1.14750724E+00  1.01755061E+00  1.14750724E+00
   179  2.68500000E+01  1.14750674E+00  1.01883331E+00  1.14750674E+00
   180  2.70000000E+01  1.14750627E+00  1.02018820E+00  1.14750627E+00
   181  2.71500000E+01  1.14750585E+00  1.02161754E+00  1.14750585E+00
   182  2.73000000E+01  1.14750545E+00  1.02312344E+00  1.14750545E+00
   183  2.74500000E+01  1.14750508E+00  1.02470789E+00  1.14750508E+00
   184  2.76000000E+01  1.14750474E+00  1.02637269E+00  1.14750474E+00
   185  2.77500000E+01  1.14750443E+00  1.02811944E+00  1.14750443E+00
   186  2.79000000E+01  1.14750413E+00  1.02994947E+00  1.14750413E+00
   187  2.80500000E+01  1.14750385E+00  1.03186389E+00  1.14750385E+00
   188  2.82000000E+01  1.14750360E+00  1.03386345E+00  1.14750360E+00
   189  2.83500000E+01  1.14750336E+00  1.03594860E+00  1.14750336E+00
   190  2.85000000E+01  1.14750314E+00  1.03811941E+00  1.14750314E+00
   191  2.86500000E+01  1.14750293E+00  1.04037553E+00  1.14750293E+00
   192  2.88000000E+01  1.14750274E+00  1.04271617E+00  1.14750274E+00
   193  2.89500000E+01  1.14750257E+00  1.04514008E+00  1.14750257E+00
   194  2.91000000E+01  1.14750241E+00  1.04764547E+00  1.14750241E+00
   195  2.92500000E+01  1.14750227E+00  1.05023006E+00  1.14750227E+00
   196  2.94000000E+01  1.14750213E+00  1.05289097E+00  1.14750213E+00
   197  2.95500000E+01  1.14750201E+00  1.05562473E+00  1.14750201E+00
   198  2.97000000E+01  1.14750189E+00  1.05842729E+00  1.14750189E+00
   199  2.98500000E+01  1.14750179E+00  1.06129397E+00  1.14750179E+00
   200  3.00000000E+01  1.14750169E+00  1.06421947E+00  1.14750169E+00
   201  3.01500000E+01  1.14750160E+00  1.06719788E+00  1.14750160E+00
   202  3.03000000E+01  1.14750152E+00  1.07022265E+00  1.14750152E+00
   203  3.04500000E+01  1.14750145E+00  1.07328669E+00  1.14750145E+00
   204  3.06000000E+01  1.14750138E+00  1.07638230E+00  1.14750138E+00
   205  3.07500000E+01  1.14750132E+00  1.07950128E+00  1.14750132E+00
   206  3.09000000E+01  1.14750126E+00  1.08263494E+00  1.14750126E+00
   207  3.10500000E+01  1.14750121E+00  1.08577416E+00  1.14750121E+00
   208  3.12000000E+01  1.14750116E+00  1.08890946E+00  1.14750116E+00
   209  3.13500000E+01  1.14750112E+00  1.09203106E+00  1.14750112E+00
   210  3.15000000E+01  1.14750108E+00  1.09512897E+00  1.14750108E+00
   211  3.16500000E+01  1.14750104E+00  1.09819307E+00  1.14750104E+00
   212  3.18000000E+01  1.14750101E+00  1.10121324E+00  1.14750101E+00
   213  3.19500000E+01  1.14750098E+00  1.10417939E+00  1.14750098E+00
   214  3.21000000E+01  1.14750095E+00  1.10708167E+00  1.14750095E+00
   215  3.22500000E+01  1.14750093E+00  1.10991050E+00  1.14750093E+00
   216  3.24000000E+01  1.14750090E+00  1.11265675E+00  1.14750090E+00
   217  3.25500000E+01  1.14750088E+00  1.11531186E+00  1.14750088E+00
   218  3.27000000E+01  1.14750087E+00  1.11786795E+00  1.14750087E+00
   219  3.28500000E+01  1.14750085E+00  1.12031796E+00  1.14750085E+00
   220  3.30000000E+01  1.14750083E+00  1.12265579E+00  1.14750083E+00
   221  3.31500000E+01  1.14750082E+00  1.12487637E+00  1.14750082E+00
   222  3.33000000E+01  1.14750081E+00  1.12697582E+00  1.14750081E+00
   223  3.34500000E+01  1.14750079E+00  1.12895146E+00  1.14750079E+00
   224  3.36000000E+01  1.14750078E+00  1.13080195E+00  1.14750078E+00
   225  3.37500000E+01  1.14750077E+00  1.13252723E+00  1.14750077E+00
   226  3.39000000E+01  1.14750076E+00  1.13412857E+00  1.14750076E+00
   227  3.40500000E+01  1.14750076E+00  1.13560845E+00  1.14750076E+00
   228  3.42000000E+01  1.14750075E+00  1.13697054E+00  1.14750075E+00
   229  3.43500000E+01  1.14750074E+00  1.13821949E+00  1.14750074E+00
   230  3.45000000E+01  1.14750074E+00  1.13936077E+00  1.14750074E+00
   231  3.46500000E+01  1.14750073E+00  1.14040047E+00  1.14750073E+00
   232  3.48000000E+01  1.14750072E+00  1.14134499E+00  1.14750072E+00
   233  3.49500000E+01  1.14750072E+00  1.14220084E+00  1.14750072E+00
   234  3.51000000E+01  1.14750072E+00  1.14297434E+00  1.14750072E+00
   235  3.52500000E+01  1.14750071E+00  1.14367141E+00  1.14750071E+00
   236  3.54000000E+01  1.14750071E+00  1.14429737E+00  1.14750071E+00
   237  3.55500000E+01  1.14750070E+00  1.14485679E+00  1.14750070E+00
   238  3.57000000E+01  1.14750070E+00  1.14535348E+00  1.14750070E+00
   239  3.58500000E+01  1.14750070E+00  1.14579049E+00  1.14750070E+00
   240  3.60000000E+01  1.14750070E+00  1.14617022E+00  1.14750070E+00
   241  3.61500000E+01  1.14750069E+00  1.14649467E+00  1.14750069E+00
   242  3.63000000E+01  1.14750069E+00  1.14676565E+00  1.14750069E+00
   243  3.64500000E+01  1.14750069E+00  1.14698513E+00  1.14750069E+00
   244  3.66000000E+01  1.14750069E+00  1.14715547E+00  1.14750069E+00
   245  3.67500000E+01  1.14750069E+00  1.14727974E+00  1.14750069E+00
   246  3.69000000E+01  1.14750068E+00  1.14736187E+00  1.14750068E+00
   247  3.70500000E+01  1.14750068E+00  1.14740677E+00  1.14750068E+00
   248  3.72000000E+01  1.14750068E+00  1.14742025E+00  1.14750068E+00
   249  3.73500000E+01  1.14750068E+00  1.14740887E+00  1.14750068E+00
   250  3.75000000E+01  1.14750068E+00  1.14737965E+00  1.14750068E+00
   251  3.76500000E+01  1.14750068E+00  1.14733973E+00  1.14750068E+00
   252  3.78000000E+01  1.14750068E+00  1.14729586E+00  1.14750068E+00
   253  3.79500000E+01  1.14750068E+00  1.14725407E+00  1.14750068E+00
   254  3.81000000E+01  1.14750068E+00  1.14721920E+00  1.14750068E+00
   255  3.82500000E+01  1.14750068E+00  1.14719470E+00  1.14750068E+00
   256  3.84000000E+01  1.14750067E+00  1.14718239E+00  1.14750067E+00
   257  3.85500000E+01  1.14750067E+00  1.14718256E+00  1.14750067E+00
   258  3.87000000E+01  1.14750067E+00  1.14719404E+00  1.14750067E+00
   259  3.88500000E+01  1.14750067E+00  1.14721454E+00  1.14750067E+00
   260  3.90000000E+01  1.14750067E+00  1.14724101E+00  1.14750067E+00
   261  3.91500000E+01  1.14750067E+00  1.14727007E+00  1.14750067E+00
   262  3.93000000E+01  1.14750067E+00  1.14729847E+00  1.14750067E+00
   263  3.94500000E+01  1.14750067E+00  1.14732341E+00  1.14750067E+00
   264  3.96000000E+01  1.14750067E+00  1.14734285E+00  1.14750067E+00
   265  3.97500000E+01  1.14750067E+00  1.14735562E+00  1.14750067E+00
   266  3.99000000E+01  1.14750067E+00  1.14736151E+00  1.14750067E+00
   267  4.00500000E+01  1.14750067E+00  1.14736111E+00  1.14750067E+00
   268  4.02000000E+01  1.14750067E+00  1.14735563E+00  1.14750067E+00
   269  4.03500000E+01  1.14750067E+00  1.14734671E+00  1.14750067E+00
   270  4.05000000E+01  1.14750067E+00  1.14733606E+00  1.14750067E+00
   271  4.06500000E+01  1.14750067E+00  1.14732531E+00  1.14750067E+00
   272  4.08000000E+01  1.14750067E+00  1.14731576E+00  1.14750067E+00
   273  4.09500000E+01  1.14750067E+00  1.14730831E+00  1.14750067E+00
   274  4.11000000E+01  1.14750067E+00  1.14730338E+00  1.14750067E+00
   275  4.12500000E+01  1.14750067E+00  1.14730094E+00  1.14750067E+00
   276  4.14000000E+01  1.14750067E+00  1.14730065E+00  1.14750067E+00
   277  4.15500000E+01  1.14750067E+00  1.14730191E+00  1.14750067E+00
   278  4.17000000E+01  1.14750067E+00  1.14730405E+00  1.14750067E+00
   279  4.18500000E+01  1.14750067E+00  1.14730642E+00  1.14750067E+00
   280  4.20000000E+01  1.14750067E+00  1.14730847E+00  1.14750067E+00
   281  4.21500000E+01  1.14750067E+00  1.14730985E+00  1.14750067E+00
 steady-height stop at step    281: changes <=   1.0000E-05, max-end <=   1.0000E-02, max/end/gap/profile_change =   1.14750067E+00  1.14730985E+00  1.90815325E-04  1.70094953E-06


STDERR:
