COMMAND:
/shared/extrudate_rom/generate_rom_data/extrudate_swell2d_c_cluster

STDOUT:
 comppar: model =   3
 comppar: lambda,mobility/eps,betav,eta_0 =  1.0000E+00  2.3333E-01  1.0000E-01  1.0000E+00
 comppar: eta_s,eta_p,G =  1.0000E-01  9.0000E-01  9.0000E-01
 comppar: U_avg,deltat,flowrate,nsteps =  2.0000E-01  1.5000E-01  6.2832E-01     700
 comppar: geometry = axisymmetric
 comppar: steady stop change,gap,hold,min =  1.0000E-05  1.0000E-02      10      80
 comppar: ncompc,ncompg =     4     5
 mesh nnodes = 5765
 mesh nelem = 2780
 P1 BC   5.0000000000000000     
 P2 BC   0.0000000000000000     
     1  1.50000000E-01  1.00378410E+00  1.00000000E+00  1.00378410E+00
     2  3.00000000E-01  1.00739406E+00  1.00000000E+00  1.00739406E+00
     3  4.50000000E-01  1.01078836E+00  1.00000000E+00  1.01078836E+00
     4  6.00000000E-01  1.01406760E+00  1.00000000E+00  1.01406760E+00
     5  7.50000000E-01  1.01725427E+00  1.00000000E+00  1.01725427E+00
     6  9.00000000E-01  1.02037448E+00  1.00000000E+00  1.02037448E+00
     7  1.05000000E+00  1.02343413E+00  1.00000001E+00  1.02343413E+00
     8  1.20000000E+00  1.02646927E+00  1.00000001E+00  1.02646927E+00
     9  1.35000000E+00  1.02945129E+00  1.00000001E+00  1.02945129E+00
    10  1.50000000E+00  1.03236738E+00  1.00000001E+00  1.03236738E+00
    11  1.65000000E+00  1.03526243E+00  1.00000001E+00  1.03526243E+00
    12  1.80000000E+00  1.03807628E+00  1.00000001E+00  1.03807628E+00
    13  1.95000000E+00  1.04085901E+00  1.00000001E+00  1.04085901E+00
    14  2.10000000E+00  1.04356791E+00  1.00000001E+00  1.04356791E+00
    15  2.25000000E+00  1.04623752E+00  1.00000001E+00  1.04623752E+00
    16  2.40000000E+00  1.04883041E+00  1.00000000E+00  1.04883041E+00
    17  2.55000000E+00  1.05138179E+00  1.00000000E+00  1.05138179E+00
    18  2.70000000E+00  1.05380438E+00  9.99999994E-01  1.05380438E+00
    19  2.85000000E+00  1.05624904E+00  9.99999988E-01  1.05624904E+00
    20  3.00000000E+00  1.05855365E+00  9.99999979E-01  1.05855365E+00
    21  3.15000000E+00  1.06087304E+00  9.99999969E-01  1.06087304E+00
    22  3.30000000E+00  1.06306149E+00  9.99999956E-01  1.06306149E+00
    23  3.45000000E+00  1.06527031E+00  9.99999941E-01  1.06527031E+00
    24  3.60000000E+00  1.06736579E+00  9.99999924E-01  1.06736579E+00
    25  3.75000000E+00  1.06943549E+00  9.99999904E-01  1.06943549E+00
    26  3.90000000E+00  1.07143728E+00  9.99999880E-01  1.07143728E+00
    27  4.05000000E+00  1.07330648E+00  9.99999852E-01  1.07330648E+00
    28  4.20000000E+00  1.07524417E+00  9.99999821E-01  1.07524417E+00
    29  4.35000000E+00  1.07701969E+00  9.99999785E-01  1.07701969E+00
    30  4.50000000E+00  1.07880129E+00  9.99999745E-01  1.07880129E+00
    31  4.65000000E+00  1.08051188E+00  9.99999699E-01  1.08051188E+00
    32  4.80000000E+00  1.08206421E+00  9.99999647E-01  1.08206421E+00
    33  4.95000000E+00  1.08374492E+00  9.99999588E-01  1.08374492E+00
    34  5.10000000E+00  1.08526142E+00  9.99999523E-01  1.08526142E+00
    35  5.25000000E+00  1.08672559E+00  9.99999450E-01  1.08672559E+00
    36  5.40000000E+00  1.08821224E+00  9.99999368E-01  1.08821224E+00
    37  5.55000000E+00  1.08953737E+00  9.99999277E-01  1.08953737E+00
    38  5.70000000E+00  1.09087845E+00  9.99999177E-01  1.09087845E+00
    39  5.85000000E+00  1.09220851E+00  9.99999065E-01  1.09220851E+00
    40  6.00000000E+00  1.09338406E+00  9.99998942E-01  1.09338406E+00
    41  6.15000000E+00  1.09461481E+00  9.99998806E-01  1.09461481E+00
    42  6.30000000E+00  1.09579196E+00  9.99998656E-01  1.09579196E+00
    43  6.45000000E+00  1.09682413E+00  9.99998492E-01  1.09682413E+00
    44  6.60000000E+00  1.09794245E+00  9.99998311E-01  1.09794245E+00
    45  6.75000000E+00  1.09898290E+00  9.99998113E-01  1.09898290E+00
    46  6.90000000E+00  1.09989120E+00  9.99997897E-01  1.09989120E+00
    47  7.05000000E+00  1.10090379E+00  9.99997660E-01  1.10090379E+00
    48  7.20000000E+00  1.10181495E+00  9.99997402E-01  1.10181495E+00
    49  7.35000000E+00  1.10260855E+00  9.99997121E-01  1.10260855E+00
    50  7.50000000E+00  1.10352762E+00  9.99996815E-01  1.10352762E+00
    51  7.65000000E+00  1.10432782E+00  9.99996482E-01  1.10432782E+00
    52  7.80000000E+00  1.10503371E+00  9.99996121E-01  1.10503371E+00
    53  7.95000000E+00  1.10583617E+00  9.99995729E-01  1.10583617E+00
    54  8.10000000E+00  1.10653509E+00  9.99995305E-01  1.10653509E+00
    55  8.25000000E+00  1.10717264E+00  9.99994846E-01  1.10717264E+00
    56  8.40000000E+00  1.10787692E+00  9.99994350E-01  1.10787692E+00
    57  8.55000000E+00  1.10849213E+00  9.99993815E-01  1.10849213E+00
    58  8.70000000E+00  1.10904514E+00  9.99993238E-01  1.10904514E+00
    59  8.85000000E+00  1.10966113E+00  9.99992617E-01  1.10966113E+00
    60  9.00000000E+00  1.11020239E+00  9.99991948E-01  1.11020239E+00
    61  9.15000000E+00  1.11070254E+00  9.99991229E-01  1.11070254E+00
    62  9.30000000E+00  1.11124517E+00  9.99990457E-01  1.11124517E+00
    63  9.45000000E+00  1.11172344E+00  9.99989629E-01  1.11172344E+00
    64  9.60000000E+00  1.11214660E+00  9.99988742E-01  1.11214660E+00
    65  9.75000000E+00  1.11261666E+00  9.99987793E-01  1.11261666E+00
    66  9.90000000E+00  1.11304026E+00  9.99986778E-01  1.11304026E+00
    67  1.00500000E+01  1.11341447E+00  9.99985693E-01  1.11341447E+00
    68  1.02000000E+01  1.11382919E+00  9.99984536E-01  1.11382919E+00
    69  1.03500000E+01  1.11420043E+00  9.99983302E-01  1.11420043E+00
    70  1.05000000E+01  1.11452388E+00  9.99981988E-01  1.11452388E+00
    71  1.06500000E+01  1.11487214E+00  9.99980590E-01  1.11487214E+00
    72  1.08000000E+01  1.11519731E+00  9.99979104E-01  1.11519731E+00
    73  1.09500000E+01  1.11547530E+00  9.99977527E-01  1.11547530E+00
    74  1.11000000E+01  1.11578471E+00  9.99975855E-01  1.11578471E+00
    75  1.12500000E+01  1.11606062E+00  9.99974083E-01  1.11606062E+00
    76  1.14000000E+01  1.11628911E+00  9.99972208E-01  1.11628911E+00
    77  1.15500000E+01  1.11656045E+00  9.99970227E-01  1.11656045E+00
    78  1.17000000E+01  1.11679189E+00  9.99968135E-01  1.11679189E+00
    79  1.18500000E+01  1.11699060E+00  9.99965930E-01  1.11699060E+00
    80  1.20000000E+01  1.11722118E+00  9.99963608E-01  1.11722118E+00
    81  1.21500000E+01  1.11740531E+00  9.99961166E-01  1.11740531E+00
    82  1.23000000E+01  1.11758595E+00  9.99958602E-01  1.11758595E+00
    83  1.24500000E+01  1.11777328E+00  9.99955912E-01  1.11777328E+00
    84  1.26000000E+01  1.11791422E+00  9.99953095E-01  1.11791422E+00
    85  1.27500000E+01  1.11808378E+00  9.99950149E-01  1.11808378E+00
    86  1.29000000E+01  1.11822679E+00  9.99947074E-01  1.11822679E+00
    87  1.30500000E+01  1.11834471E+00  9.99943868E-01  1.11834471E+00
    88  1.32000000E+01  1.11849093E+00  9.99940533E-01  1.11849093E+00
    89  1.33500000E+01  1.11859359E+00  9.99937069E-01  1.11859359E+00
    90  1.35000000E+01  1.11870952E+00  9.99933478E-01  1.11870952E+00
    91  1.36500000E+01  1.11881518E+00  9.99929764E-01  1.11881518E+00
    92  1.38000000E+01  1.11889131E+00  9.99925930E-01  1.11889131E+00
    93  1.39500000E+01  1.11900001E+00  9.99921983E-01  1.11900001E+00
    94  1.41000000E+01  1.11906901E+00  9.99917930E-01  1.11906901E+00
    95  1.42500000E+01  1.11915149E+00  9.99913779E-01  1.11915149E+00
    96  1.44000000E+01  1.11922408E+00  9.99909540E-01  1.11922408E+00
    97  1.45500000E+01  1.11927587E+00  9.99905227E-01  1.11927587E+00
    98  1.47000000E+01  1.11935115E+00  9.99900855E-01  1.11935115E+00
    99  1.48500000E+01  1.11939148E+00  9.99896440E-01  1.11939148E+00
   100  1.50000000E+01  1.11945385E+00  9.99892003E-01  1.11945385E+00
   101  1.51500000E+01  1.11949797E+00  9.99887568E-01  1.11949797E+00
   102  1.53000000E+01  1.11953587E+00  9.99883160E-01  1.11953587E+00
   103  1.54500000E+01  1.11958220E+00  9.99878811E-01  1.11958220E+00
   104  1.56000000E+01  1.11960019E+00  9.99874555E-01  1.11960019E+00
   105  1.57500000E+01  1.11964999E+00  9.99870429E-01  1.11964999E+00
   106  1.59000000E+01  1.11967045E+00  9.99866479E-01  1.11967045E+00
   107  1.60500000E+01  1.11970145E+00  9.99862752E-01  1.11970145E+00
   108  1.62000000E+01  1.11972359E+00  9.99859303E-01  1.11972359E+00
   109  1.63500000E+01  1.11974102E+00  9.99856194E-01  1.11974102E+00
   110  1.65000000E+01  1.11976663E+00  9.99853490E-01  1.11976663E+00
   111  1.66500000E+01  1.11976920E+00  9.99851268E-01  1.11976920E+00
   112  1.68000000E+01  1.11979668E+00  9.99849609E-01  1.11979668E+00
   113  1.69500000E+01  1.11979943E+00  9.99848605E-01  1.11979943E+00
   114  1.71000000E+01  1.11982005E+00  9.99848357E-01  1.11982005E+00
   115  1.72500000E+01  1.11982599E+00  9.99848976E-01  1.11982599E+00
   116  1.74000000E+01  1.11983415E+00  9.99850583E-01  1.11983415E+00
   117  1.75500000E+01  1.11984143E+00  9.99853311E-01  1.11984143E+00
   118  1.77000000E+01  1.11984404E+00  9.99857306E-01  1.11984404E+00
   119  1.78500000E+01  1.11985442E+00  9.99862729E-01  1.11985442E+00
   120  1.80000000E+01  1.11984747E+00  9.99869752E-01  1.11984747E+00
   121  1.81500000E+01  1.11985938E+00  9.99878565E-01  1.11985938E+00
   122  1.83000000E+01  1.11985094E+00  9.99889374E-01  1.11985094E+00
   123  1.84500000E+01  1.11986327E+00  9.99902403E-01  1.11986327E+00
   124  1.86000000E+01  1.11985755E+00  9.99917896E-01  1.11985755E+00
   125  1.87500000E+01  1.11986142E+00  9.99936116E-01  1.11986142E+00
   126  1.89000000E+01  1.11985672E+00  9.99957349E-01  1.11985672E+00
   127  1.90500000E+01  1.11985941E+00  9.99981905E-01  1.11985941E+00
   128  1.92000000E+01  1.11985741E+00  1.00001012E+00  1.11985741E+00
   129  1.93500000E+01  1.11985328E+00  1.00004235E+00  1.11985328E+00
   130  1.95000000E+01  1.11985248E+00  1.00007899E+00  1.11985248E+00
   131  1.96500000E+01  1.11984776E+00  1.00012047E+00  1.11984776E+00
   132  1.98000000E+01  1.11984958E+00  1.00016722E+00  1.11984958E+00
   133  1.99500000E+01  1.11983944E+00  1.00021975E+00  1.11983944E+00
   134  2.01000000E+01  1.11984260E+00  1.00027856E+00  1.11984260E+00
   135  2.02500000E+01  1.11983209E+00  1.00034423E+00  1.11983209E+00
   136  2.04000000E+01  1.11983774E+00  1.00041735E+00  1.11983774E+00
   137  2.05500000E+01  1.11982588E+00  1.00049856E+00  1.11982588E+00
   138  2.07000000E+01  1.11982979E+00  1.00058856E+00  1.11982979E+00
   139  2.08500000E+01  1.11981882E+00  1.00068808E+00  1.11981882E+00
   140  2.10000000E+01  1.11982399E+00  1.00079790E+00  1.11982399E+00
   141  2.11500000E+01  1.11981529E+00  1.00091886E+00  1.11981529E+00
   142  2.13000000E+01  1.11981585E+00  1.00105184E+00  1.11981585E+00
   143  2.14500000E+01  1.11980819E+00  1.00119781E+00  1.11980819E+00
   144  2.16000000E+01  1.11980982E+00  1.00135776E+00  1.11980982E+00
   145  2.17500000E+01  1.11980436E+00  1.00153277E+00  1.11980436E+00
   146  2.19000000E+01  1.11980197E+00  1.00172397E+00  1.11980197E+00
   147  2.20500000E+01  1.11979767E+00  1.00193256E+00  1.11979767E+00
   148  2.22000000E+01  1.11979619E+00  1.00215982E+00  1.11979619E+00
   149  2.23500000E+01  1.11979399E+00  1.00240709E+00  1.11979399E+00
   150  2.25000000E+01  1.11978890E+00  1.00267579E+00  1.11978890E+00
   151  2.26500000E+01  1.11978797E+00  1.00296740E+00  1.11978797E+00
   152  2.28000000E+01  1.11978355E+00  1.00328351E+00  1.11978355E+00
   153  2.29500000E+01  1.11978457E+00  1.00362575E+00  1.11978457E+00
   154  2.31000000E+01  1.11977687E+00  1.00399584E+00  1.11977687E+00
   155  2.32500000E+01  1.11977923E+00  1.00439560E+00  1.11977923E+00
   156  2.34000000E+01  1.11977212E+00  1.00482690E+00  1.11977212E+00
   157  2.35500000E+01  1.11977629E+00  1.00529171E+00  1.11977629E+00
   158  2.37000000E+01  1.11976610E+00  1.00579207E+00  1.11976610E+00
   159  2.38500000E+01  1.11977166E+00  1.00633008E+00  1.11977166E+00
   160  2.40000000E+01  1.11976198E+00  1.00690794E+00  1.11976198E+00
   161  2.41500000E+01  1.11976917E+00  1.00752789E+00  1.11976917E+00
   162  2.43000000E+01  1.11976036E+00  1.00819226E+00  1.11976036E+00
   163  2.44500000E+01  1.11976517E+00  1.00890342E+00  1.11976517E+00
   164  2.46000000E+01  1.11975743E+00  1.00966381E+00  1.11975743E+00
   165  2.47500000E+01  1.11976316E+00  1.01047588E+00  1.11976316E+00
   166  2.49000000E+01  1.11975708E+00  1.01134213E+00  1.11975708E+00
   167  2.50500000E+01  1.11975972E+00  1.01226509E+00  1.11975972E+00
   168  2.52000000E+01  1.11975478E+00  1.01324727E+00  1.11975478E+00
   169  2.53500000E+01  1.11975812E+00  1.01429118E+00  1.11975812E+00
   170  2.55000000E+01  1.11975471E+00  1.01539930E+00  1.11975471E+00
   171  2.56500000E+01  1.11975512E+00  1.01657404E+00  1.11975512E+00
   172  2.58000000E+01  1.11975289E+00  1.01781775E+00  1.11975289E+00
   173  2.59500000E+01  1.11975392E+00  1.01913269E+00  1.11975392E+00
   174  2.61000000E+01  1.11975307E+00  1.02052096E+00  1.11975307E+00
   175  2.62500000E+01  1.11975127E+00  1.02198453E+00  1.11975127E+00
   176  2.64000000E+01  1.11975164E+00  1.02352516E+00  1.11975164E+00
   177  2.65500000E+01  1.11975041E+00  1.02514442E+00  1.11975041E+00
   178  2.67000000E+01  1.11975200E+00  1.02684359E+00  1.11975200E+00
   179  2.68500000E+01  1.11974799E+00  1.02862367E+00  1.11974799E+00
   180  2.70000000E+01  1.11975083E+00  1.03048533E+00  1.11975083E+00
   181  2.71500000E+01  1.11974747E+00  1.03242887E+00  1.11974747E+00
   182  2.73000000E+01  1.11975135E+00  1.03445419E+00  1.11975135E+00
   183  2.74500000E+01  1.11974523E+00  1.03656073E+00  1.11974523E+00
   184  2.76000000E+01  1.11975036E+00  1.03874743E+00  1.11975036E+00
   185  2.77500000E+01  1.11974500E+00  1.04101272E+00  1.11974500E+00
   186  2.79000000E+01  1.11975099E+00  1.04335445E+00  1.11975099E+00
   187  2.80500000E+01  1.11974344E+00  1.04576987E+00  1.11974344E+00
   188  2.82000000E+01  1.11975009E+00  1.04825559E+00  1.11975009E+00
   189  2.83500000E+01  1.11974358E+00  1.05080754E+00  1.11974358E+00
   190  2.85000000E+01  1.11975084E+00  1.05342098E+00  1.11975084E+00
   191  2.86500000E+01  1.11974535E+00  1.05609045E+00  1.11974535E+00
   192  2.88000000E+01  1.11974998E+00  1.05880977E+00  1.11974998E+00
   193  2.89500000E+01  1.11974556E+00  1.06157204E+00  1.11974556E+00
   194  2.91000000E+01  1.11975081E+00  1.06436965E+00  1.11975081E+00
   195  2.92500000E+01  1.11974727E+00  1.06719431E+00  1.11974727E+00
   196  2.94000000E+01  1.11974994E+00  1.07003706E+00  1.11974994E+00
   197  2.95500000E+01  1.11974747E+00  1.07288830E+00  1.11974747E+00
   198  2.97000000E+01  1.11975087E+00  1.07573790E+00  1.11975087E+00
   199  2.98500000E+01  1.11974912E+00  1.07857518E+00  1.11974912E+00
   200  3.00000000E+01  1.11974994E+00  1.08138906E+00  1.11974994E+00
   201  3.01500000E+01  1.11974926E+00  1.08416814E+00  1.11974926E+00
   202  3.03000000E+01  1.11975098E+00  1.08690077E+00  1.11975098E+00
   203  3.04500000E+01  1.11975087E+00  1.08957519E+00  1.11975087E+00
   204  3.06000000E+01  1.11974997E+00  1.09217969E+00  1.11974997E+00
   205  3.07500000E+01  1.11975093E+00  1.09470272E+00  1.11975093E+00
   206  3.09000000E+01  1.11975114E+00  1.09713311E+00  1.11975114E+00
   207  3.10500000E+01  1.11975250E+00  1.09946020E+00  1.11975250E+00
   208  3.12000000E+01  1.11975003E+00  1.10167406E+00  1.11975003E+00
   209  3.13500000E+01  1.11975244E+00  1.10376569E+00  1.11975244E+00
   210  3.15000000E+01  1.11975135E+00  1.10572722E+00  1.11975135E+00
   211  3.16500000E+01  1.11975400E+00  1.10755213E+00  1.11975400E+00
   212  3.18000000E+01  1.11975014E+00  1.10923544E+00  1.11975014E+00
   213  3.19500000E+01  1.11975382E+00  1.11077385E+00  1.11975382E+00
   214  3.21000000E+01  1.11975163E+00  1.11216595E+00  1.11975163E+00
   215  3.22500000E+01  1.11975539E+00  1.11341228E+00  1.11975539E+00
   216  3.24000000E+01  1.11975032E+00  1.11451537E+00  1.11975032E+00
   217  3.25500000E+01  1.11975508E+00  1.11547976E+00  1.11975508E+00
   218  3.27000000E+01  1.11975200E+00  1.11631190E+00  1.11975200E+00
   219  3.28500000E+01  1.11975670E+00  1.11701997E+00  1.11975670E+00
   220  3.30000000E+01  1.11975118E+00  1.11761363E+00  1.11975118E+00
   221  3.31500000E+01  1.11975625E+00  1.11810375E+00  1.11975625E+00
   222  3.33000000E+01  1.11975251E+00  1.11850195E+00  1.11975251E+00
   223  3.34500000E+01  1.11975795E+00  1.11882027E+00  1.11975795E+00
   224  3.36000000E+01  1.11975351E+00  1.11907063E+00  1.11975351E+00
   225  3.37500000E+01  1.11975740E+00  1.11926449E+00  1.11975740E+00
   226  3.39000000E+01  1.11975384E+00  1.11941238E+00  1.11975384E+00
   227  3.40500000E+01  1.11975922E+00  1.11952363E+00  1.11975922E+00
   228  3.42000000E+01  1.11975568E+00  1.11960615E+00  1.11975568E+00
   229  3.43500000E+01  1.11975881E+00  1.11966630E+00  1.11975881E+00
   230  3.45000000E+01  1.11975610E+00  1.11970894E+00  1.11975610E+00
   231  3.46500000E+01  1.11976064E+00  1.11973754E+00  1.11976064E+00
   232  3.48000000E+01  1.11975781E+00  1.11975445E+00  1.11975781E+00
   233  3.49500000E+01  1.11976119E+00  1.11976119E+00  1.11976119E+00
   234  3.51000000E+01  1.11975880E+00  1.11975880E+00  1.11975880E+00
   235  3.52500000E+01  1.11974817E+00  1.11974817E+00  1.11974817E+00
   236  3.54000000E+01  1.11973030E+00  1.11973030E+00  1.11973030E+00
   237  3.55500000E+01  1.11972784E+00  1.11970649E+00  1.11972784E+00
   238  3.57000000E+01  1.11972784E+00  1.11967845E+00  1.11972784E+00
   239  3.58500000E+01  1.11972784E+00  1.11964821E+00  1.11972784E+00
   240  3.60000000E+01  1.11972784E+00  1.11961804E+00  1.11972784E+00
   241  3.61500000E+01  1.11972784E+00  1.11959021E+00  1.11972784E+00
   242  3.63000000E+01  1.11972784E+00  1.11956677E+00  1.11972784E+00
   243  3.64500000E+01  1.11972784E+00  1.11954928E+00  1.11972784E+00
   244  3.66000000E+01  1.11972784E+00  1.11953865E+00  1.11972784E+00
   245  3.67500000E+01  1.11972784E+00  1.11953504E+00  1.11972784E+00
   246  3.69000000E+01  1.11972784E+00  1.11953783E+00  1.11972784E+00
   247  3.70500000E+01  1.11972784E+00  1.11954575E+00  1.11972784E+00
   248  3.72000000E+01  1.11972784E+00  1.11955703E+00  1.11972784E+00
   249  3.73500000E+01  1.11972784E+00  1.11956971E+00  1.11972784E+00
   250  3.75000000E+01  1.11972784E+00  1.11958183E+00  1.11972784E+00
   251  3.76500000E+01  1.11972784E+00  1.11959175E+00  1.11972784E+00
   252  3.78000000E+01  1.11972784E+00  1.11959828E+00  1.11972784E+00
   253  3.79500000E+01  1.11972784E+00  1.11960082E+00  1.11972784E+00
   254  3.81000000E+01  1.11972784E+00  1.11959940E+00  1.11972784E+00
   255  3.82500000E+01  1.11972784E+00  1.11959456E+00  1.11972784E+00
   256  3.84000000E+01  1.11972784E+00  1.11958726E+00  1.11972784E+00
   257  3.85500000E+01  1.11972784E+00  1.11957865E+00  1.11972784E+00
   258  3.87000000E+01  1.11972784E+00  1.11956992E+00  1.11972784E+00
   259  3.88500000E+01  1.11972784E+00  1.11956209E+00  1.11972784E+00
   260  3.90000000E+01  1.11972784E+00  1.11955592E+00  1.11972784E+00
 steady-height stop at step    260: changes <=   1.0000E-05, max-end <=   1.0000E-02, max/end/gap/profile_change =   1.11972784E+00  1.11955592E+00  1.71918900E-04  6.17175803E-06


STDERR:
