COMMAND:
/shared/extrudate_rom/generate_rom_data/extrudate_swell2d_c_cluster

STDOUT:
 comppar: model =   3
 comppar: lambda,mobility/eps,betav,eta_0 =  4.6000E+00  2.3333E-01  5.0000E-01  1.0000E+00
 comppar: eta_s,eta_p,G =  5.0000E-01  5.0000E-01  1.0870E-01
 comppar: U_avg,deltat,flowrate,nsteps =  2.0000E-01  1.5000E-01  6.2832E-01     700
 comppar: geometry = axisymmetric
 comppar: steady stop change,gap,hold,min =  1.0000E-05  1.0000E-02      10      80
 comppar: ncompc,ncompg =     4     5
 mesh nnodes = 5765
 mesh nelem = 2780
 P1 BC   5.0000000000000000     
 P2 BC   0.0000000000000000     
     1  1.50000000E-01  1.00379153E+00  1.00000000E+00  1.00379153E+00
     2  3.00000000E-01  1.00749744E+00  1.00000000E+00  1.00749744E+00
     3  4.50000000E-01  1.01111704E+00  1.00000000E+00  1.01111704E+00
     4  6.00000000E-01  1.01465266E+00  1.00000000E+00  1.01465266E+00
     5  7.50000000E-01  1.01810706E+00  1.00000000E+00  1.01810706E+00
     6  9.00000000E-01  1.02147953E+00  1.00000000E+00  1.02147953E+00
     7  1.05000000E+00  1.02477780E+00  1.00000000E+00  1.02477780E+00
     8  1.20000000E+00  1.02802099E+00  1.00000000E+00  1.02802099E+00
     9  1.35000000E+00  1.03119868E+00  1.00000000E+00  1.03119868E+00
    10  1.50000000E+00  1.03431096E+00  1.00000000E+00  1.03431096E+00
    11  1.65000000E+00  1.03738172E+00  1.00000000E+00  1.03738172E+00
    12  1.80000000E+00  1.04040979E+00  1.00000000E+00  1.04040979E+00
    13  1.95000000E+00  1.04337254E+00  1.00000000E+00  1.04337254E+00
    14  2.10000000E+00  1.04634109E+00  1.00000000E+00  1.04634109E+00
    15  2.25000000E+00  1.04922872E+00  9.99999999E-01  1.04922872E+00
    16  2.40000000E+00  1.05213790E+00  9.99999995E-01  1.05213790E+00
    17  2.55000000E+00  1.05497309E+00  9.99999991E-01  1.05497309E+00
    18  2.70000000E+00  1.05783410E+00  9.99999985E-01  1.05783410E+00
    19  2.85000000E+00  1.06060726E+00  9.99999978E-01  1.06060726E+00
    20  3.00000000E+00  1.06341848E+00  9.99999969E-01  1.06341848E+00
    21  3.15000000E+00  1.06617732E+00  9.99999959E-01  1.06617732E+00
    22  3.30000000E+00  1.06890290E+00  9.99999946E-01  1.06890290E+00
    23  3.45000000E+00  1.07165288E+00  9.99999932E-01  1.07165288E+00
    24  3.60000000E+00  1.07432560E+00  9.99999915E-01  1.07432560E+00
    25  3.75000000E+00  1.07701376E+00  9.99999896E-01  1.07701376E+00
    26  3.90000000E+00  1.07970440E+00  9.99999875E-01  1.07970440E+00
    27  4.05000000E+00  1.08232270E+00  9.99999850E-01  1.08232270E+00
    28  4.20000000E+00  1.08495413E+00  9.99999822E-01  1.08495413E+00
    29  4.35000000E+00  1.08759194E+00  9.99999790E-01  1.08759194E+00
    30  4.50000000E+00  1.09016184E+00  9.99999755E-01  1.09016184E+00
    31  4.65000000E+00  1.09267044E+00  9.99999716E-01  1.09267044E+00
    32  4.80000000E+00  1.09527876E+00  9.99999672E-01  1.09527876E+00
    33  4.95000000E+00  1.09782301E+00  9.99999623E-01  1.09782301E+00
    34  5.10000000E+00  1.10030623E+00  9.99999570E-01  1.10030623E+00
    35  5.25000000E+00  1.10274167E+00  9.99999511E-01  1.10274167E+00
    36  5.40000000E+00  1.10525665E+00  9.99999445E-01  1.10525665E+00
    37  5.55000000E+00  1.10771451E+00  9.99999374E-01  1.10771451E+00
    38  5.70000000E+00  1.11012001E+00  9.99999295E-01  1.11012001E+00
    39  5.85000000E+00  1.11247865E+00  9.99999209E-01  1.11247865E+00
    40  6.00000000E+00  1.11480539E+00  9.99999116E-01  1.11480539E+00
    41  6.15000000E+00  1.11720218E+00  9.99999013E-01  1.11720218E+00
    42  6.30000000E+00  1.11955483E+00  9.99998902E-01  1.11955483E+00
    43  6.45000000E+00  1.12186801E+00  9.99998781E-01  1.12186801E+00
    44  6.60000000E+00  1.12414514E+00  9.99998649E-01  1.12414514E+00
    45  6.75000000E+00  1.12638752E+00  9.99998506E-01  1.12638752E+00
    46  6.90000000E+00  1.12859377E+00  9.99998351E-01  1.12859377E+00
    47  7.05000000E+00  1.13081056E+00  9.99998184E-01  1.13081056E+00
    48  7.20000000E+00  1.13303427E+00  9.99998003E-01  1.13303427E+00
    49  7.35000000E+00  1.13521630E+00  9.99997807E-01  1.13521630E+00
    50  7.50000000E+00  1.13734995E+00  9.99997596E-01  1.13734995E+00
    51  7.65000000E+00  1.13942649E+00  9.99997368E-01  1.13942649E+00
    52  7.80000000E+00  1.14143624E+00  9.99997123E-01  1.14143624E+00
    53  7.95000000E+00  1.14347654E+00  9.99996859E-01  1.14347654E+00
    54  8.10000000E+00  1.14550929E+00  9.99996575E-01  1.14550929E+00
    55  8.25000000E+00  1.14746832E+00  9.99996269E-01  1.14746832E+00
    56  8.40000000E+00  1.14934569E+00  9.99995942E-01  1.14934569E+00
    57  8.55000000E+00  1.15113537E+00  9.99995590E-01  1.15113537E+00
    58  8.70000000E+00  1.15301168E+00  9.99995213E-01  1.15301168E+00
    59  8.85000000E+00  1.15482745E+00  9.99994809E-01  1.15482745E+00
    60  9.00000000E+00  1.15655123E+00  9.99994376E-01  1.15655123E+00
    61  9.15000000E+00  1.15818125E+00  9.99993913E-01  1.15818125E+00
    62  9.30000000E+00  1.15979424E+00  9.99993418E-01  1.15979424E+00
    63  9.45000000E+00  1.16145286E+00  9.99992889E-01  1.16145286E+00
    64  9.60000000E+00  1.16301746E+00  9.99992325E-01  1.16301746E+00
    65  9.75000000E+00  1.16448936E+00  9.99991722E-01  1.16448936E+00
    66  9.90000000E+00  1.16588863E+00  9.99991080E-01  1.16588863E+00
    67  1.00500000E+01  1.16738391E+00  9.99990396E-01  1.16738391E+00
    68  1.02000000E+01  1.16878763E+00  9.99989667E-01  1.16878763E+00
    69  1.03500000E+01  1.17010315E+00  9.99988892E-01  1.17010315E+00
    70  1.05000000E+01  1.17133402E+00  9.99988067E-01  1.17133402E+00
    71  1.06500000E+01  1.17264979E+00  9.99987191E-01  1.17264979E+00
    72  1.08000000E+01  1.17390279E+00  9.99986261E-01  1.17390279E+00
    73  1.09500000E+01  1.17507255E+00  9.99985274E-01  1.17507255E+00
    74  1.11000000E+01  1.17616234E+00  9.99984227E-01  1.17616234E+00
    75  1.12500000E+01  1.17729949E+00  9.99983117E-01  1.17729949E+00
    76  1.14000000E+01  1.17840877E+00  9.99981942E-01  1.17840877E+00
    77  1.15500000E+01  1.17944032E+00  9.99980698E-01  1.17944032E+00
    78  1.17000000E+01  1.18039683E+00  9.99979383E-01  1.18039683E+00
    79  1.18500000E+01  1.18136412E+00  9.99977993E-01  1.18136412E+00
    80  1.20000000E+01  1.18233917E+00  9.99976524E-01  1.18233917E+00
    81  1.21500000E+01  1.18324092E+00  9.99974975E-01  1.18324092E+00
    82  1.23000000E+01  1.18407206E+00  9.99973341E-01  1.18407206E+00
    83  1.24500000E+01  1.18489112E+00  9.99971619E-01  1.18489112E+00
    84  1.26000000E+01  1.18574073E+00  9.99969806E-01  1.18574073E+00
    85  1.27500000E+01  1.18652174E+00  9.99967898E-01  1.18652174E+00
    86  1.29000000E+01  1.18723702E+00  9.99965892E-01  1.18723702E+00
    87  1.30500000E+01  1.18794734E+00  9.99963784E-01  1.18794734E+00
    88  1.32000000E+01  1.18868013E+00  9.99961572E-01  1.18868013E+00
    89  1.33500000E+01  1.18934967E+00  9.99959252E-01  1.18934967E+00
    90  1.35000000E+01  1.18995931E+00  9.99956821E-01  1.18995931E+00
    91  1.36500000E+01  1.19056924E+00  9.99954275E-01  1.19056924E+00
    92  1.38000000E+01  1.19119536E+00  9.99951612E-01  1.19119536E+00
    93  1.39500000E+01  1.19176408E+00  9.99948829E-01  1.19176408E+00
    94  1.41000000E+01  1.19227921E+00  9.99945923E-01  1.19227921E+00
    95  1.42500000E+01  1.19279789E+00  9.99942893E-01  1.19279789E+00
    96  1.44000000E+01  1.19332841E+00  9.99939735E-01  1.19332841E+00
    97  1.45500000E+01  1.19380808E+00  9.99936448E-01  1.19380808E+00
    98  1.47000000E+01  1.19424081E+00  9.99933031E-01  1.19424081E+00
    99  1.48500000E+01  1.19467088E+00  9.99929482E-01  1.19467088E+00
   100  1.50000000E+01  1.19511703E+00  9.99925801E-01  1.19511703E+00
   101  1.51500000E+01  1.19551894E+00  9.99921987E-01  1.19551894E+00
   102  1.53000000E+01  1.19588042E+00  9.99918042E-01  1.19588042E+00
   103  1.54500000E+01  1.19623638E+00  9.99913967E-01  1.19623638E+00
   104  1.56000000E+01  1.19660980E+00  9.99909762E-01  1.19660980E+00
   105  1.57500000E+01  1.19694514E+00  9.99905432E-01  1.19694514E+00
   106  1.59000000E+01  1.19724582E+00  9.99900978E-01  1.19724582E+00
   107  1.60500000E+01  1.19752856E+00  9.99896407E-01  1.19752856E+00
   108  1.62000000E+01  1.19783968E+00  9.99891724E-01  1.19783968E+00
   109  1.63500000E+01  1.19811837E+00  9.99886934E-01  1.19811837E+00
   110  1.65000000E+01  1.19836758E+00  9.99882047E-01  1.19836758E+00
   111  1.66500000E+01  1.19859468E+00  9.99877073E-01  1.19859468E+00
   112  1.68000000E+01  1.19885265E+00  9.99872021E-01  1.19885265E+00
   113  1.69500000E+01  1.19908293E+00  9.99866906E-01  1.19908293E+00
   114  1.71000000E+01  1.19928803E+00  9.99861741E-01  1.19928803E+00
   115  1.72500000E+01  1.19947018E+00  9.99856545E-01  1.19947018E+00
   116  1.74000000E+01  1.19967092E+00  9.99851335E-01  1.19967092E+00
   117  1.75500000E+01  1.19986048E+00  9.99846134E-01  1.19986048E+00
   118  1.77000000E+01  1.20002851E+00  9.99840966E-01  1.20002851E+00
   119  1.78500000E+01  1.20017691E+00  9.99835858E-01  1.20017691E+00
   120  1.80000000E+01  1.20032688E+00  9.99830841E-01  1.20032688E+00
   121  1.81500000E+01  1.20048135E+00  9.99825947E-01  1.20048135E+00
   122  1.83000000E+01  1.20061745E+00  9.99821215E-01  1.20061745E+00
   123  1.84500000E+01  1.20073685E+00  9.99816685E-01  1.20073685E+00
   124  1.86000000E+01  1.20084107E+00  9.99812403E-01  1.20084107E+00
   125  1.87500000E+01  1.20096173E+00  9.99808420E-01  1.20096173E+00
   126  1.89000000E+01  1.20107110E+00  9.99804789E-01  1.20107110E+00
   127  1.90500000E+01  1.20116625E+00  9.99801572E-01  1.20116625E+00
   128  1.92000000E+01  1.20124856E+00  9.99798833E-01  1.20124856E+00
   129  1.93500000E+01  1.20132790E+00  9.99796646E-01  1.20132790E+00
   130  1.95000000E+01  1.20141441E+00  9.99795089E-01  1.20141441E+00
   131  1.96500000E+01  1.20148894E+00  9.99794247E-01  1.20148894E+00
   132  1.98000000E+01  1.20155269E+00  9.99794214E-01  1.20155269E+00
   133  1.99500000E+01  1.20160675E+00  9.99795090E-01  1.20160675E+00
   134  2.01000000E+01  1.20166101E+00  9.99796984E-01  1.20166101E+00
   135  2.02500000E+01  1.20171846E+00  9.99800017E-01  1.20171846E+00
   136  2.04000000E+01  1.20176690E+00  9.99804315E-01  1.20176690E+00
   137  2.05500000E+01  1.20180729E+00  9.99810017E-01  1.20180729E+00
   138  2.07000000E+01  1.20184049E+00  9.99817274E-01  1.20184049E+00
   139  2.08500000E+01  1.20187117E+00  9.99826246E-01  1.20187117E+00
   140  2.10000000E+01  1.20190678E+00  9.99837107E-01  1.20190678E+00
   141  2.11500000E+01  1.20193573E+00  9.99850046E-01  1.20193573E+00
   142  2.13000000E+01  1.20195876E+00  9.99865263E-01  1.20195876E+00
   143  2.14500000E+01  1.20197655E+00  9.99882975E-01  1.20197655E+00
   144  2.16000000E+01  1.20198968E+00  9.99903415E-01  1.20198968E+00
   145  2.17500000E+01  1.20200322E+00  9.99926832E-01  1.20200322E+00
   146  2.19000000E+01  1.20201806E+00  9.99953494E-01  1.20201806E+00
   147  2.20500000E+01  1.20202863E+00  9.99983687E-01  1.20202863E+00
   148  2.22000000E+01  1.20203541E+00  1.00001772E+00  1.20203541E+00
   149  2.23500000E+01  1.20203889E+00  1.00005592E+00  1.20203889E+00
   150  2.25000000E+01  1.20203948E+00  1.00009863E+00  1.20203948E+00
   151  2.26500000E+01  1.20203758E+00  1.00014624E+00  1.20203758E+00
   152  2.28000000E+01  1.20203565E+00  1.00019913E+00  1.20203565E+00
   153  2.29500000E+01  1.20203462E+00  1.00025774E+00  1.20203462E+00
   154  2.31000000E+01  1.20203134E+00  1.00032252E+00  1.20203134E+00
   155  2.32500000E+01  1.20202613E+00  1.00039394E+00  1.20202613E+00
   156  2.34000000E+01  1.20201928E+00  1.00047253E+00  1.20201928E+00
   157  2.35500000E+01  1.20201106E+00  1.00055883E+00  1.20201106E+00
   158  2.37000000E+01  1.20200173E+00  1.00065341E+00  1.20200173E+00
   159  2.38500000E+01  1.20199149E+00  1.00075688E+00  1.20199149E+00
   160  2.40000000E+01  1.20198055E+00  1.00086991E+00  1.20198055E+00
   161  2.41500000E+01  1.20196907E+00  1.00099317E+00  1.20196907E+00
   162  2.43000000E+01  1.20195720E+00  1.00112739E+00  1.20195720E+00
   163  2.44500000E+01  1.20194510E+00  1.00127336E+00  1.20194510E+00
   164  2.46000000E+01  1.20193286E+00  1.00143187E+00  1.20193286E+00
   165  2.47500000E+01  1.20192061E+00  1.00160380E+00  1.20192061E+00
   166  2.49000000E+01  1.20190843E+00  1.00179004E+00  1.20190843E+00
   167  2.50500000E+01  1.20189640E+00  1.00199156E+00  1.20189640E+00
   168  2.52000000E+01  1.20188459E+00  1.00220936E+00  1.20188459E+00
   169  2.53500000E+01  1.20187306E+00  1.00244450E+00  1.20187306E+00
   170  2.55000000E+01  1.20186186E+00  1.00269810E+00  1.20186186E+00
   171  2.56500000E+01  1.20185103E+00  1.00297132E+00  1.20185103E+00
   172  2.58000000E+01  1.20184061E+00  1.00326539E+00  1.20184061E+00
   173  2.59500000E+01  1.20183061E+00  1.00358160E+00  1.20183061E+00
   174  2.61000000E+01  1.20182107E+00  1.00392128E+00  1.20182107E+00
   175  2.62500000E+01  1.20181200E+00  1.00428584E+00  1.20181200E+00
   176  2.64000000E+01  1.20180341E+00  1.00467676E+00  1.20180341E+00
   177  2.65500000E+01  1.20179530E+00  1.00509555E+00  1.20179530E+00
   178  2.67000000E+01  1.20178767E+00  1.00554380E+00  1.20178767E+00
   179  2.68500000E+01  1.20178053E+00  1.00602317E+00  1.20178053E+00
   180  2.70000000E+01  1.20177387E+00  1.00653538E+00  1.20177387E+00
   181  2.71500000E+01  1.20176769E+00  1.00708220E+00  1.20176769E+00
   182  2.73000000E+01  1.20176197E+00  1.00766547E+00  1.20176197E+00
   183  2.74500000E+01  1.20175670E+00  1.00828707E+00  1.20175670E+00
   184  2.76000000E+01  1.20175188E+00  1.00894898E+00  1.20175188E+00
   185  2.77500000E+01  1.20174748E+00  1.00965318E+00  1.20174748E+00
   186  2.79000000E+01  1.20174349E+00  1.01040174E+00  1.20174349E+00
   187  2.80500000E+01  1.20173990E+00  1.01119675E+00  1.20173990E+00
   188  2.82000000E+01  1.20173668E+00  1.01204036E+00  1.20173668E+00
   189  2.83500000E+01  1.20173383E+00  1.01293474E+00  1.20173383E+00
   190  2.85000000E+01  1.20173133E+00  1.01388210E+00  1.20173133E+00
   191  2.86500000E+01  1.20172914E+00  1.01488466E+00  1.20172914E+00
   192  2.88000000E+01  1.20172727E+00  1.01594463E+00  1.20172727E+00
   193  2.89500000E+01  1.20172569E+00  1.01706426E+00  1.20172569E+00
   194  2.91000000E+01  1.20172471E+00  1.01824575E+00  1.20172471E+00
   195  2.92500000E+01  1.20172418E+00  1.01949129E+00  1.20172418E+00
   196  2.94000000E+01  1.20172385E+00  1.02080302E+00  1.20172385E+00
   197  2.95500000E+01  1.20172370E+00  1.02218304E+00  1.20172370E+00
   198  2.97000000E+01  1.20172373E+00  1.02363335E+00  1.20172373E+00
   199  2.98500000E+01  1.20172391E+00  1.02515587E+00  1.20172391E+00
   200  3.00000000E+01  1.20172423E+00  1.02675242E+00  1.20172423E+00
   201  3.01500000E+01  1.20172468E+00  1.02842467E+00  1.20172468E+00
   202  3.03000000E+01  1.20172525E+00  1.03017415E+00  1.20172525E+00
   203  3.04500000E+01  1.20172591E+00  1.03200221E+00  1.20172591E+00
   204  3.06000000E+01  1.20172667E+00  1.03391001E+00  1.20172667E+00
   205  3.07500000E+01  1.20172751E+00  1.03589846E+00  1.20172751E+00
   206  3.09000000E+01  1.20172842E+00  1.03796827E+00  1.20172842E+00
   207  3.10500000E+01  1.20172940E+00  1.04011985E+00  1.20172940E+00
   208  3.12000000E+01  1.20173042E+00  1.04235333E+00  1.20173042E+00
   209  3.13500000E+01  1.20173149E+00  1.04466850E+00  1.20173149E+00
   210  3.15000000E+01  1.20173260E+00  1.04706483E+00  1.20173260E+00
   211  3.16500000E+01  1.20173373E+00  1.04954144E+00  1.20173373E+00
   212  3.18000000E+01  1.20173489E+00  1.05209705E+00  1.20173489E+00
   213  3.19500000E+01  1.20173606E+00  1.05472999E+00  1.20173606E+00
   214  3.21000000E+01  1.20173724E+00  1.05743819E+00  1.20173724E+00
   215  3.22500000E+01  1.20173843E+00  1.06021915E+00  1.20173843E+00
   216  3.24000000E+01  1.20173962E+00  1.06306995E+00  1.20173962E+00
   217  3.25500000E+01  1.20174080E+00  1.06598727E+00  1.20174080E+00
   218  3.27000000E+01  1.20174198E+00  1.06896732E+00  1.20174198E+00
   219  3.28500000E+01  1.20174315E+00  1.07200596E+00  1.20174315E+00
   220  3.30000000E+01  1.20174430E+00  1.07509861E+00  1.20174430E+00
   221  3.31500000E+01  1.20174543E+00  1.07824033E+00  1.20174543E+00
   222  3.33000000E+01  1.20174655E+00  1.08142583E+00  1.20174655E+00
   223  3.34500000E+01  1.20174764E+00  1.08464950E+00  1.20174764E+00
   224  3.36000000E+01  1.20174871E+00  1.08790543E+00  1.20174871E+00
   225  3.37500000E+01  1.20174975E+00  1.09118749E+00  1.20174975E+00
   226  3.39000000E+01  1.20175077E+00  1.09448930E+00  1.20175077E+00
   227  3.40500000E+01  1.20175176E+00  1.09780437E+00  1.20175176E+00
   228  3.42000000E+01  1.20175273E+00  1.10112607E+00  1.20175273E+00
   229  3.43500000E+01  1.20175366E+00  1.10444773E+00  1.20175366E+00
   230  3.45000000E+01  1.20175456E+00  1.10776266E+00  1.20175456E+00
   231  3.46500000E+01  1.20175543E+00  1.11106425E+00  1.20175543E+00
   232  3.48000000E+01  1.20175628E+00  1.11434599E+00  1.20175628E+00
   233  3.49500000E+01  1.20175709E+00  1.11760156E+00  1.20175709E+00
   234  3.51000000E+01  1.20175787E+00  1.12082486E+00  1.20175787E+00
   235  3.52500000E+01  1.20175862E+00  1.12401012E+00  1.20175862E+00
   236  3.54000000E+01  1.20175935E+00  1.12715190E+00  1.20175935E+00
   237  3.55500000E+01  1.20176004E+00  1.13024520E+00  1.20176004E+00
   238  3.57000000E+01  1.20176070E+00  1.13328550E+00  1.20176070E+00
   239  3.58500000E+01  1.20176134E+00  1.13626880E+00  1.20176134E+00
   240  3.60000000E+01  1.20176195E+00  1.13919166E+00  1.20176195E+00
   241  3.61500000E+01  1.20176253E+00  1.14205126E+00  1.20176253E+00
   242  3.63000000E+01  1.20176308E+00  1.14484539E+00  1.20176308E+00
   243  3.64500000E+01  1.20176361E+00  1.14757245E+00  1.20176361E+00
   244  3.66000000E+01  1.20176411E+00  1.15023146E+00  1.20176411E+00
   245  3.67500000E+01  1.20176459E+00  1.15282197E+00  1.20176459E+00
   246  3.69000000E+01  1.20176505E+00  1.15534399E+00  1.20176505E+00
   247  3.70500000E+01  1.20176548E+00  1.15779795E+00  1.20176548E+00
   248  3.72000000E+01  1.20176589E+00  1.16018450E+00  1.20176589E+00
   249  3.73500000E+01  1.20176628E+00  1.16250440E+00  1.20176628E+00
   250  3.75000000E+01  1.20176665E+00  1.16475838E+00  1.20176665E+00
   251  3.76500000E+01  1.20176700E+00  1.16694696E+00  1.20176700E+00
   252  3.78000000E+01  1.20176733E+00  1.16907028E+00  1.20176733E+00
   253  3.79500000E+01  1.20176764E+00  1.17112801E+00  1.20176764E+00
   254  3.81000000E+01  1.20176793E+00  1.17311923E+00  1.20176793E+00
   255  3.82500000E+01  1.20176821E+00  1.17504239E+00  1.20176821E+00
   256  3.84000000E+01  1.20176847E+00  1.17689530E+00  1.20176847E+00
   257  3.85500000E+01  1.20176872E+00  1.17867523E+00  1.20176872E+00
   258  3.87000000E+01  1.20176896E+00  1.18037904E+00  1.20176896E+00
   259  3.88500000E+01  1.20176918E+00  1.18200334E+00  1.20176918E+00
   260  3.90000000E+01  1.20176938E+00  1.18354476E+00  1.20176938E+00
   261  3.91500000E+01  1.20176958E+00  1.18500021E+00  1.20176958E+00
   262  3.93000000E+01  1.20176976E+00  1.18636709E+00  1.20176976E+00
   263  3.94500000E+01  1.20176993E+00  1.18764360E+00  1.20176993E+00
   264  3.96000000E+01  1.20177009E+00  1.18882893E+00  1.20177009E+00
   265  3.97500000E+01  1.20177024E+00  1.18992337E+00  1.20177024E+00
   266  3.99000000E+01  1.20177039E+00  1.19092841E+00  1.20177039E+00
   267  4.00500000E+01  1.20177052E+00  1.19184671E+00  1.20177052E+00
   268  4.02000000E+01  1.20177065E+00  1.19268199E+00  1.20177065E+00
   269  4.03500000E+01  1.20177076E+00  1.19343890E+00  1.20177076E+00
   270  4.05000000E+01  1.20177087E+00  1.19412277E+00  1.20177087E+00
   271  4.06500000E+01  1.20177098E+00  1.19473934E+00  1.20177098E+00
   272  4.08000000E+01  1.20177107E+00  1.19529454E+00  1.20177107E+00
   273  4.09500000E+01  1.20177116E+00  1.19579420E+00  1.20177116E+00
   274  4.11000000E+01  1.20177125E+00  1.19624387E+00  1.20177125E+00
   275  4.12500000E+01  1.20177133E+00  1.19664862E+00  1.20177133E+00
   276  4.14000000E+01  1.20177140E+00  1.19701300E+00  1.20177140E+00
   277  4.15500000E+01  1.20177147E+00  1.19734095E+00  1.20177147E+00
   278  4.17000000E+01  1.20177154E+00  1.19763584E+00  1.20177154E+00
   279  4.18500000E+01  1.20177160E+00  1.19790055E+00  1.20177160E+00
   280  4.20000000E+01  1.20177165E+00  1.19813752E+00  1.20177165E+00
   281  4.21500000E+01  1.20177171E+00  1.19834890E+00  1.20177171E+00
   282  4.23000000E+01  1.20177176E+00  1.19853662E+00  1.20177176E+00
   283  4.24500000E+01  1.20177181E+00  1.19870249E+00  1.20177181E+00
   284  4.26000000E+01  1.20177185E+00  1.19884826E+00  1.20177185E+00
   285  4.27500000E+01  1.20177189E+00  1.19897565E+00  1.20177189E+00
   286  4.29000000E+01  1.20177193E+00  1.19908639E+00  1.20177193E+00
   287  4.30500000E+01  1.20177197E+00  1.19918215E+00  1.20177197E+00
   288  4.32000000E+01  1.20177200E+00  1.19926456E+00  1.20177200E+00
   289  4.33500000E+01  1.20177203E+00  1.19933517E+00  1.20177203E+00
   290  4.35000000E+01  1.20177206E+00  1.19939539E+00  1.20177206E+00
   291  4.36500000E+01  1.20177209E+00  1.19944648E+00  1.20177209E+00
   292  4.38000000E+01  1.20177212E+00  1.19948956E+00  1.20177212E+00
   293  4.39500000E+01  1.20177215E+00  1.19952556E+00  1.20177215E+00
   294  4.41000000E+01  1.20177217E+00  1.19955527E+00  1.20177217E+00
   295  4.42500000E+01  1.20177219E+00  1.19957936E+00  1.20177219E+00
   296  4.44000000E+01  1.20177222E+00  1.19959837E+00  1.20177222E+00
   297  4.45500000E+01  1.20177224E+00  1.19961280E+00  1.20177224E+00
   298  4.47000000E+01  1.20177226E+00  1.19962307E+00  1.20177226E+00
   299  4.48500000E+01  1.20177227E+00  1.19962958E+00  1.20177227E+00
   300  4.50000000E+01  1.20177229E+00  1.19963272E+00  1.20177229E+00
   301  4.51500000E+01  1.20177231E+00  1.19963289E+00  1.20177231E+00
   302  4.53000000E+01  1.20177232E+00  1.19963046E+00  1.20177232E+00
   303  4.54500000E+01  1.20177234E+00  1.19962580E+00  1.20177234E+00
   304  4.56000000E+01  1.20177235E+00  1.19961926E+00  1.20177235E+00
   305  4.57500000E+01  1.20177237E+00  1.19961117E+00  1.20177237E+00
   306  4.59000000E+01  1.20177238E+00  1.19960184E+00  1.20177238E+00
   307  4.60500000E+01  1.20177240E+00  1.19959154E+00  1.20177240E+00
   308  4.62000000E+01  1.20177241E+00  1.19958049E+00  1.20177241E+00
   309  4.63500000E+01  1.20177242E+00  1.19956888E+00  1.20177242E+00
   310  4.65000000E+01  1.20177243E+00  1.19955689E+00  1.20177243E+00
   311  4.66500000E+01  1.20177244E+00  1.19954465E+00  1.20177244E+00
   312  4.68000000E+01  1.20177245E+00  1.19953226E+00  1.20177245E+00
   313  4.69500000E+01  1.20177246E+00  1.19951983E+00  1.20177246E+00
   314  4.71000000E+01  1.20177247E+00  1.19950744E+00  1.20177247E+00
   315  4.72500000E+01  1.20177248E+00  1.19949515E+00  1.20177248E+00
   316  4.74000000E+01  1.20177249E+00  1.19948305E+00  1.20177249E+00
   317  4.75500000E+01  1.20177250E+00  1.19947119E+00  1.20177250E+00
   318  4.77000000E+01  1.20177251E+00  1.19945962E+00  1.20177251E+00
   319  4.78500000E+01  1.20177252E+00  1.19944840E+00  1.20177252E+00
   320  4.80000000E+01  1.20177253E+00  1.19943756E+00  1.20177253E+00
   321  4.81500000E+01  1.20177253E+00  1.19942715E+00  1.20177253E+00
   322  4.83000000E+01  1.20177254E+00  1.19941718E+00  1.20177254E+00
   323  4.84500000E+01  1.20177255E+00  1.19940769E+00  1.20177255E+00
   324  4.86000000E+01  1.20177256E+00  1.19939869E+00  1.20177256E+00
   325  4.87500000E+01  1.20177256E+00  1.19939019E+00  1.20177256E+00
   326  4.89000000E+01  1.20177257E+00  1.19938218E+00  1.20177257E+00
   327  4.90500000E+01  1.20177258E+00  1.19937467E+00  1.20177258E+00
   328  4.92000000E+01  1.20177258E+00  1.19936765E+00  1.20177258E+00
   329  4.93500000E+01  1.20177259E+00  1.19936112E+00  1.20177259E+00
   330  4.95000000E+01  1.20177259E+00  1.19935507E+00  1.20177259E+00
   331  4.96500000E+01  1.20177260E+00  1.19934949E+00  1.20177260E+00
 steady-height stop at step    331: changes <=   1.0000E-05, max-end <=   1.0000E-02, max/end/gap/profile_change =   1.20177260E+00  1.19934949E+00  2.42311406E-03  5.58634714E-06


STDERR:
