COMMAND:
/shared/extrudate_rom/generate_rom_data/extrudate_swell2d_c_cluster

STDOUT:
 comppar: model =   3
 comppar: lambda,mobility/eps,betav,eta_0 =  6.4000E+00  3.6667E-01  3.0000E-01  1.0000E+00
 comppar: eta_s,eta_p,G =  3.0000E-01  7.0000E-01  1.0937E-01
 comppar: U_avg,deltat,flowrate,nsteps =  2.0000E-01  1.5000E-01  6.2832E-01     700
 comppar: geometry = axisymmetric
 comppar: steady stop change,gap,hold,min =  1.0000E-05  1.0000E-02      10      80
 comppar: ncompc,ncompg =     4     5
 mesh nnodes = 5765
 mesh nelem = 2780
 P1 BC   5.0000000000000000     
 P2 BC   0.0000000000000000     
     1  1.50000000E-01  1.00378762E+00  1.00000000E+00  1.00378762E+00
     2  3.00000000E-01  1.00748541E+00  1.00000000E+00  1.00748541E+00
     3  4.50000000E-01  1.01109056E+00  1.00000000E+00  1.01109056E+00
     4  6.00000000E-01  1.01460784E+00  1.00000000E+00  1.01460784E+00
     5  7.50000000E-01  1.01804050E+00  1.00000000E+00  1.01804050E+00
     6  9.00000000E-01  1.02139103E+00  1.00000000E+00  1.02139103E+00
     7  1.05000000E+00  1.02466810E+00  1.00000000E+00  1.02466810E+00
     8  1.20000000E+00  1.02788120E+00  1.00000000E+00  1.02788120E+00
     9  1.35000000E+00  1.03105116E+00  1.00000001E+00  1.03105116E+00
    10  1.50000000E+00  1.03416572E+00  1.00000001E+00  1.03416572E+00
    11  1.65000000E+00  1.03722943E+00  1.00000001E+00  1.03722943E+00
    12  1.80000000E+00  1.04028735E+00  1.00000001E+00  1.04028735E+00
    13  1.95000000E+00  1.04328916E+00  1.00000000E+00  1.04328916E+00
    14  2.10000000E+00  1.04630309E+00  1.00000000E+00  1.04630309E+00
    15  2.25000000E+00  1.04926743E+00  1.00000000E+00  1.04926743E+00
    16  2.40000000E+00  1.05226131E+00  9.99999998E-01  1.05226131E+00
    17  2.55000000E+00  1.05520045E+00  9.99999994E-01  1.05520045E+00
    18  2.70000000E+00  1.05819459E+00  9.99999989E-01  1.05819459E+00
    19  2.85000000E+00  1.06113514E+00  9.99999983E-01  1.06113514E+00
    20  3.00000000E+00  1.06407209E+00  9.99999976E-01  1.06407209E+00
    21  3.15000000E+00  1.06704738E+00  9.99999968E-01  1.06704738E+00
    22  3.30000000E+00  1.06997901E+00  9.99999957E-01  1.06997901E+00
    23  3.45000000E+00  1.07290610E+00  9.99999946E-01  1.07290610E+00
    24  3.60000000E+00  1.07587848E+00  9.99999932E-01  1.07587848E+00
    25  3.75000000E+00  1.07881361E+00  9.99999916E-01  1.07881361E+00
    26  3.90000000E+00  1.08171355E+00  9.99999898E-01  1.08171355E+00
    27  4.05000000E+00  1.08466278E+00  9.99999878E-01  1.08466278E+00
    28  4.20000000E+00  1.08761535E+00  9.99999855E-01  1.08761535E+00
    29  4.35000000E+00  1.09053537E+00  9.99999830E-01  1.09053537E+00
    30  4.50000000E+00  1.09342500E+00  9.99999801E-01  1.09342500E+00
    31  4.65000000E+00  1.09631186E+00  9.99999769E-01  1.09631186E+00
    32  4.80000000E+00  1.09923798E+00  9.99999734E-01  1.09923798E+00
    33  4.95000000E+00  1.10213400E+00  9.99999695E-01  1.10213400E+00
    34  5.10000000E+00  1.10500285E+00  9.99999652E-01  1.10500285E+00
    35  5.25000000E+00  1.10784804E+00  9.99999605E-01  1.10784804E+00
    36  5.40000000E+00  1.11067334E+00  9.99999552E-01  1.11067334E+00
    37  5.55000000E+00  1.11348202E+00  9.99999495E-01  1.11348202E+00
    38  5.70000000E+00  1.11630525E+00  9.99999433E-01  1.11630525E+00
    39  5.85000000E+00  1.11912889E+00  9.99999364E-01  1.11912889E+00
    40  6.00000000E+00  1.12193272E+00  9.99999289E-01  1.12193272E+00
    41  6.15000000E+00  1.12471502E+00  9.99999207E-01  1.12471502E+00
    42  6.30000000E+00  1.12746962E+00  9.99999118E-01  1.12746962E+00
    43  6.45000000E+00  1.13018514E+00  9.99999021E-01  1.13018514E+00
    44  6.60000000E+00  1.13284498E+00  9.99998916E-01  1.13284498E+00
    45  6.75000000E+00  1.13542841E+00  9.99998801E-01  1.13542841E+00
    46  6.90000000E+00  1.13807179E+00  9.99998677E-01  1.13807179E+00
    47  7.05000000E+00  1.14063576E+00  9.99998542E-01  1.14063576E+00
    48  7.20000000E+00  1.14309482E+00  9.99998396E-01  1.14309482E+00
    49  7.35000000E+00  1.14542724E+00  9.99998238E-01  1.14542724E+00
    50  7.50000000E+00  1.14775886E+00  9.99998067E-01  1.14775886E+00
    51  7.65000000E+00  1.15008424E+00  9.99997883E-01  1.15008424E+00
    52  7.80000000E+00  1.15226704E+00  9.99997683E-01  1.15226704E+00
    53  7.95000000E+00  1.15429605E+00  9.99997468E-01  1.15429605E+00
    54  8.10000000E+00  1.15639472E+00  9.99997236E-01  1.15639472E+00
    55  8.25000000E+00  1.15841284E+00  9.99996986E-01  1.15841284E+00
    56  8.40000000E+00  1.16027077E+00  9.99996717E-01  1.16027077E+00
    57  8.55000000E+00  1.16197131E+00  9.99996427E-01  1.16197131E+00
    58  8.70000000E+00  1.16384348E+00  9.99996116E-01  1.16384348E+00
    59  8.85000000E+00  1.16556857E+00  9.99995781E-01  1.16556857E+00
    60  9.00000000E+00  1.16714121E+00  9.99995422E-01  1.16714121E+00
    61  9.15000000E+00  1.16863546E+00  9.99995036E-01  1.16863546E+00
    62  9.30000000E+00  1.17022186E+00  9.99994623E-01  1.17022186E+00
    63  9.45000000E+00  1.17166264E+00  9.99994180E-01  1.17166264E+00
    64  9.60000000E+00  1.17296990E+00  9.99993706E-01  1.17296990E+00
    65  9.75000000E+00  1.17423855E+00  9.99993198E-01  1.17423855E+00
    66  9.90000000E+00  1.17556528E+00  9.99992655E-01  1.17556528E+00
    67  1.00500000E+01  1.17676558E+00  9.99992075E-01  1.17676558E+00
    68  1.02000000E+01  1.17785061E+00  9.99991456E-01  1.17785061E+00
    69  1.03500000E+01  1.17889449E+00  9.99990795E-01  1.17889449E+00
    70  1.05000000E+01  1.17999136E+00  9.99990089E-01  1.17999136E+00
    71  1.06500000E+01  1.18098158E+00  9.99989338E-01  1.18098158E+00
    72  1.08000000E+01  1.18187291E+00  9.99988537E-01  1.18187291E+00
    73  1.09500000E+01  1.18274363E+00  9.99987685E-01  1.18274363E+00
    74  1.11000000E+01  1.18364635E+00  9.99986779E-01  1.18364635E+00
    75  1.12500000E+01  1.18445490E+00  9.99985816E-01  1.18445490E+00
    76  1.14000000E+01  1.18517482E+00  9.99984793E-01  1.18517482E+00
    77  1.15500000E+01  1.18586720E+00  9.99983707E-01  1.18586720E+00
    78  1.17000000E+01  1.18660184E+00  9.99982555E-01  1.18660184E+00
    79  1.18500000E+01  1.18725237E+00  9.99981334E-01  1.18725237E+00
    80  1.20000000E+01  1.18782326E+00  9.99980041E-01  1.18782326E+00
    81  1.21500000E+01  1.18835138E+00  9.99978672E-01  1.18835138E+00
    82  1.23000000E+01  1.18893607E+00  9.99977224E-01  1.18893607E+00
    83  1.24500000E+01  1.18944626E+00  9.99975694E-01  1.18944626E+00
    84  1.26000000E+01  1.18988728E+00  9.99974078E-01  1.18988728E+00
    85  1.27500000E+01  1.19027087E+00  9.99972373E-01  1.19027087E+00
    86  1.29000000E+01  1.19072707E+00  9.99970575E-01  1.19072707E+00
    87  1.30500000E+01  1.19111878E+00  9.99968681E-01  1.19111878E+00
    88  1.32000000E+01  1.19145239E+00  9.99966687E-01  1.19145239E+00
    89  1.33500000E+01  1.19174338E+00  9.99964589E-01  1.19174338E+00
    90  1.35000000E+01  1.19209154E+00  9.99962385E-01  1.19209154E+00
    91  1.36500000E+01  1.19238700E+00  9.99960070E-01  1.19238700E+00
    92  1.38000000E+01  1.19263627E+00  9.99957642E-01  1.19263627E+00
    93  1.39500000E+01  1.19284563E+00  9.99955097E-01  1.19284563E+00
    94  1.41000000E+01  1.19309239E+00  9.99952432E-01  1.19309239E+00
    95  1.42500000E+01  1.19331255E+00  9.99949644E-01  1.19331255E+00
    96  1.44000000E+01  1.19349748E+00  9.99946730E-01  1.19349748E+00
    97  1.45500000E+01  1.19365251E+00  9.99943688E-01  1.19365251E+00
    98  1.47000000E+01  1.19379587E+00  9.99940516E-01  1.19379587E+00
    99  1.48500000E+01  1.19395994E+00  9.99937211E-01  1.19395994E+00
   100  1.50000000E+01  1.19409740E+00  9.99933773E-01  1.19409740E+00
   101  1.51500000E+01  1.19421225E+00  9.99930200E-01  1.19421225E+00
   102  1.53000000E+01  1.19430779E+00  9.99926492E-01  1.19430779E+00
   103  1.54500000E+01  1.19438670E+00  9.99922648E-01  1.19438670E+00
   104  1.56000000E+01  1.19447301E+00  9.99918670E-01  1.19447301E+00
   105  1.57500000E+01  1.19455940E+00  9.99914558E-01  1.19455940E+00
   106  1.59000000E+01  1.19463092E+00  9.99910315E-01  1.19463092E+00
   107  1.60500000E+01  1.19468948E+00  9.99905943E-01  1.19468948E+00
   108  1.62000000E+01  1.19473674E+00  9.99901446E-01  1.19473674E+00
   109  1.63500000E+01  1.19477424E+00  9.99896829E-01  1.19477424E+00
   110  1.65000000E+01  1.19480337E+00  9.99892099E-01  1.19480337E+00
   111  1.66500000E+01  1.19483584E+00  9.99887263E-01  1.19483584E+00
   112  1.68000000E+01  1.19487020E+00  9.99882330E-01  1.19487020E+00
   113  1.69500000E+01  1.19489720E+00  9.99877309E-01  1.19489720E+00
   114  1.71000000E+01  1.19491802E+00  9.99872214E-01  1.19491802E+00
   115  1.72500000E+01  1.19493373E+00  9.99867058E-01  1.19493373E+00
   116  1.74000000E+01  1.19494530E+00  9.99861858E-01  1.19494530E+00
   117  1.75500000E+01  1.19495357E+00  9.99856632E-01  1.19495357E+00
   118  1.77000000E+01  1.19495925E+00  9.99851401E-01  1.19495925E+00
   119  1.78500000E+01  1.19496293E+00  9.99846189E-01  1.19496293E+00
   120  1.80000000E+01  1.19496512E+00  9.99841022E-01  1.19496512E+00
   121  1.81500000E+01  1.19496622E+00  9.99835929E-01  1.19496622E+00
   122  1.83000000E+01  1.19496656E+00  9.99830945E-01  1.19496656E+00
   123  1.84500000E+01  1.19496642E+00  9.99826104E-01  1.19496642E+00
   124  1.86000000E+01  1.19496605E+00  9.99821450E-01  1.19496605E+00
   125  1.87500000E+01  1.19496565E+00  9.99817025E-01  1.19496565E+00
   126  1.89000000E+01  1.19496537E+00  9.99812882E-01  1.19496537E+00
   127  1.90500000E+01  1.19496726E+00  9.99809073E-01  1.19496726E+00
   128  1.92000000E+01  1.19496934E+00  9.99805660E-01  1.19496934E+00
   129  1.93500000E+01  1.19497158E+00  9.99802709E-01  1.19497158E+00
   130  1.95000000E+01  1.19497410E+00  9.99800292E-01  1.19497410E+00
   131  1.96500000E+01  1.19497701E+00  9.99798488E-01  1.19497701E+00
   132  1.98000000E+01  1.19498040E+00  9.99797383E-01  1.19498040E+00
   133  1.99500000E+01  1.19498432E+00  9.99797072E-01  1.19498432E+00
   134  2.01000000E+01  1.19498883E+00  9.99797656E-01  1.19498883E+00
   135  2.02500000E+01  1.19499396E+00  9.99799247E-01  1.19499396E+00
   136  2.04000000E+01  1.19499973E+00  9.99801964E-01  1.19499973E+00
   137  2.05500000E+01  1.19500616E+00  9.99805938E-01  1.19500616E+00
   138  2.07000000E+01  1.19501324E+00  9.99811311E-01  1.19501324E+00
   139  2.08500000E+01  1.19502098E+00  9.99818235E-01  1.19502098E+00
   140  2.10000000E+01  1.19502936E+00  9.99826874E-01  1.19502936E+00
   141  2.11500000E+01  1.19503837E+00  9.99837408E-01  1.19503837E+00
   142  2.13000000E+01  1.19504800E+00  9.99850028E-01  1.19504800E+00
   143  2.14500000E+01  1.19505821E+00  9.99864942E-01  1.19505821E+00
   144  2.16000000E+01  1.19506900E+00  9.99882371E-01  1.19506900E+00
   145  2.17500000E+01  1.19508033E+00  9.99902557E-01  1.19508033E+00
   146  2.19000000E+01  1.19509217E+00  9.99925757E-01  1.19509217E+00
   147  2.20500000E+01  1.19510450E+00  9.99952247E-01  1.19510450E+00
   148  2.22000000E+01  1.19511728E+00  9.99982324E-01  1.19511728E+00
   149  2.23500000E+01  1.19513049E+00  1.00001630E+00  1.19513049E+00
   150  2.25000000E+01  1.19514409E+00  1.00005453E+00  1.19514409E+00
   151  2.26500000E+01  1.19515805E+00  1.00009736E+00  1.19515805E+00
   152  2.28000000E+01  1.19517233E+00  1.00014520E+00  1.19517233E+00
   153  2.29500000E+01  1.19518692E+00  1.00019844E+00  1.19518692E+00
   154  2.31000000E+01  1.19520177E+00  1.00025754E+00  1.19520177E+00
   155  2.32500000E+01  1.19521685E+00  1.00032296E+00  1.19521685E+00
   156  2.34000000E+01  1.19523214E+00  1.00039521E+00  1.19523214E+00
   157  2.35500000E+01  1.19524760E+00  1.00047483E+00  1.19524760E+00
   158  2.37000000E+01  1.19526320E+00  1.00056238E+00  1.19526320E+00
   159  2.38500000E+01  1.19527892E+00  1.00065847E+00  1.19527892E+00
   160  2.40000000E+01  1.19529472E+00  1.00076374E+00  1.19529472E+00
   161  2.41500000E+01  1.19531059E+00  1.00087887E+00  1.19531059E+00
   162  2.43000000E+01  1.19532650E+00  1.00100459E+00  1.19532650E+00
   163  2.44500000E+01  1.19534241E+00  1.00114165E+00  1.19534241E+00
   164  2.46000000E+01  1.19535831E+00  1.00129088E+00  1.19535831E+00
   165  2.47500000E+01  1.19537418E+00  1.00145312E+00  1.19537418E+00
   166  2.49000000E+01  1.19538999E+00  1.00162929E+00  1.19538999E+00
   167  2.50500000E+01  1.19540572E+00  1.00182034E+00  1.19540572E+00
   168  2.52000000E+01  1.19542136E+00  1.00202728E+00  1.19542136E+00
   169  2.53500000E+01  1.19543688E+00  1.00225116E+00  1.19543688E+00
   170  2.55000000E+01  1.19545228E+00  1.00249311E+00  1.19545228E+00
   171  2.56500000E+01  1.19546752E+00  1.00275430E+00  1.19546752E+00
   172  2.58000000E+01  1.19548260E+00  1.00303597E+00  1.19548260E+00
   173  2.59500000E+01  1.19549751E+00  1.00333941E+00  1.19549751E+00
   174  2.61000000E+01  1.19551223E+00  1.00366598E+00  1.19551223E+00
   175  2.62500000E+01  1.19552674E+00  1.00401709E+00  1.19552674E+00
   176  2.64000000E+01  1.19554105E+00  1.00439423E+00  1.19554105E+00
   177  2.65500000E+01  1.19555513E+00  1.00479896E+00  1.19555513E+00
   178  2.67000000E+01  1.19556899E+00  1.00523288E+00  1.19556899E+00
   179  2.68500000E+01  1.19558261E+00  1.00569767E+00  1.19558261E+00
   180  2.70000000E+01  1.19559598E+00  1.00619508E+00  1.19559598E+00
   181  2.71500000E+01  1.19560910E+00  1.00672692E+00  1.19560910E+00
   182  2.73000000E+01  1.19562197E+00  1.00729506E+00  1.19562197E+00
   183  2.74500000E+01  1.19563458E+00  1.00790143E+00  1.19563458E+00
   184  2.76000000E+01  1.19564692E+00  1.00854804E+00  1.19564692E+00
   185  2.77500000E+01  1.19565900E+00  1.00923692E+00  1.19565900E+00
   186  2.79000000E+01  1.19567081E+00  1.00997019E+00  1.19567081E+00
   187  2.80500000E+01  1.19568235E+00  1.01074999E+00  1.19568235E+00
   188  2.82000000E+01  1.19569362E+00  1.01157851E+00  1.19569362E+00
   189  2.83500000E+01  1.19570461E+00  1.01245798E+00  1.19570461E+00
   190  2.85000000E+01  1.19571533E+00  1.01339065E+00  1.19571533E+00
   191  2.86500000E+01  1.19572579E+00  1.01437879E+00  1.19572579E+00
   192  2.88000000E+01  1.19573597E+00  1.01542466E+00  1.19573597E+00
   193  2.89500000E+01  1.19574588E+00  1.01653054E+00  1.19574588E+00
   194  2.91000000E+01  1.19575553E+00  1.01769867E+00  1.19575553E+00
   195  2.92500000E+01  1.19576492E+00  1.01893126E+00  1.19576492E+00
   196  2.94000000E+01  1.19577404E+00  1.02023046E+00  1.19577404E+00
   197  2.95500000E+01  1.19578291E+00  1.02159838E+00  1.19578291E+00
   198  2.97000000E+01  1.19579152E+00  1.02303701E+00  1.19579152E+00
   199  2.98500000E+01  1.19579988E+00  1.02454824E+00  1.19579988E+00
   200  3.00000000E+01  1.19580800E+00  1.02613385E+00  1.19580800E+00
   201  3.01500000E+01  1.19581587E+00  1.02779545E+00  1.19581587E+00
   202  3.03000000E+01  1.19582350E+00  1.02953449E+00  1.19582350E+00
   203  3.04500000E+01  1.19583090E+00  1.03135220E+00  1.19583090E+00
   204  3.06000000E+01  1.19583807E+00  1.03324960E+00  1.19583807E+00
   205  3.07500000E+01  1.19584501E+00  1.03522745E+00  1.19584501E+00
   206  3.09000000E+01  1.19585174E+00  1.03728625E+00  1.19585174E+00
   207  3.10500000E+01  1.19585825E+00  1.03942617E+00  1.19585825E+00
   208  3.12000000E+01  1.19586455E+00  1.04164708E+00  1.19586455E+00
   209  3.13500000E+01  1.19587064E+00  1.04394846E+00  1.19587064E+00
   210  3.15000000E+01  1.19587653E+00  1.04632945E+00  1.19587653E+00
   211  3.16500000E+01  1.19588223E+00  1.04878878E+00  1.19588223E+00
   212  3.18000000E+01  1.19588774E+00  1.05132479E+00  1.19588774E+00
   213  3.19500000E+01  1.19589307E+00  1.05393539E+00  1.19589307E+00
   214  3.21000000E+01  1.19589822E+00  1.05661808E+00  1.19589822E+00
   215  3.22500000E+01  1.19590319E+00  1.05936993E+00  1.19590319E+00
   216  3.24000000E+01  1.19590799E+00  1.06218762E+00  1.19590799E+00
   217  3.25500000E+01  1.19591263E+00  1.06506739E+00  1.19591263E+00
   218  3.27000000E+01  1.19591710E+00  1.06800514E+00  1.19591710E+00
   219  3.28500000E+01  1.19592142E+00  1.07099637E+00  1.19592142E+00
   220  3.30000000E+01  1.19592560E+00  1.07403627E+00  1.19592560E+00
   221  3.31500000E+01  1.19592962E+00  1.07711973E+00  1.19592962E+00
   222  3.33000000E+01  1.19593351E+00  1.08024136E+00  1.19593351E+00
   223  3.34500000E+01  1.19593726E+00  1.08339556E+00  1.19593726E+00
   224  3.36000000E+01  1.19594088E+00  1.08657656E+00  1.19594088E+00
   225  3.37500000E+01  1.19594437E+00  1.08977844E+00  1.19594437E+00
   226  3.39000000E+01  1.19594774E+00  1.09299522E+00  1.19594774E+00
   227  3.40500000E+01  1.19595098E+00  1.09622089E+00  1.19595098E+00
   228  3.42000000E+01  1.19595412E+00  1.09944946E+00  1.19595412E+00
   229  3.43500000E+01  1.19595714E+00  1.10267505E+00  1.19595714E+00
   230  3.45000000E+01  1.19596005E+00  1.10589191E+00  1.19596005E+00
   231  3.46500000E+01  1.19596287E+00  1.10909450E+00  1.19596287E+00
   232  3.48000000E+01  1.19596558E+00  1.11227757E+00  1.19596558E+00
   233  3.49500000E+01  1.19596819E+00  1.11543619E+00  1.19596819E+00
   234  3.51000000E+01  1.19597072E+00  1.11856581E+00  1.19597072E+00
   235  3.52500000E+01  1.19597315E+00  1.12166233E+00  1.19597315E+00
   236  3.54000000E+01  1.19597550E+00  1.12472213E+00  1.19597550E+00
   237  3.55500000E+01  1.19597776E+00  1.12774207E+00  1.19597776E+00
   238  3.57000000E+01  1.19597995E+00  1.13071954E+00  1.19597995E+00
   239  3.58500000E+01  1.19598206E+00  1.13365239E+00  1.19598206E+00
   240  3.60000000E+01  1.19598409E+00  1.13653890E+00  1.19598409E+00
   241  3.61500000E+01  1.19598605E+00  1.13937766E+00  1.19598605E+00
   242  3.63000000E+01  1.19598795E+00  1.14216746E+00  1.19598795E+00
   243  3.64500000E+01  1.19598978E+00  1.14490709E+00  1.19598978E+00
   244  3.66000000E+01  1.19599154E+00  1.14759515E+00  1.19599154E+00
   245  3.67500000E+01  1.19599324E+00  1.15022980E+00  1.19599324E+00
   246  3.69000000E+01  1.19599489E+00  1.15280854E+00  1.19599489E+00
   247  3.70500000E+01  1.19599647E+00  1.15532799E+00  1.19599647E+00
   248  3.72000000E+01  1.19599801E+00  1.15778371E+00  1.19599801E+00
   249  3.73500000E+01  1.19599949E+00  1.16017007E+00  1.19599949E+00
   250  3.75000000E+01  1.19600092E+00  1.16248023E+00  1.19600092E+00
   251  3.76500000E+01  1.19600230E+00  1.16470627E+00  1.19600230E+00
   252  3.78000000E+01  1.19600363E+00  1.16683935E+00  1.19600363E+00
   253  3.79500000E+01  1.19600492E+00  1.16887010E+00  1.19600492E+00
   254  3.81000000E+01  1.19600617E+00  1.17078904E+00  1.19600617E+00
   255  3.82500000E+01  1.19600738E+00  1.17258714E+00  1.19600738E+00
   256  3.84000000E+01  1.19600854E+00  1.17425644E+00  1.19600854E+00
   257  3.85500000E+01  1.19600967E+00  1.17579056E+00  1.19600967E+00
   258  3.87000000E+01  1.19601076E+00  1.17718535E+00  1.19601076E+00
   259  3.88500000E+01  1.19601181E+00  1.17843922E+00  1.19601181E+00
   260  3.90000000E+01  1.19601283E+00  1.17955343E+00  1.19601283E+00
   261  3.91500000E+01  1.19601382E+00  1.18053222E+00  1.19601382E+00
   262  3.93000000E+01  1.19601477E+00  1.18138259E+00  1.19601477E+00
   263  3.94500000E+01  1.19601569E+00  1.18211404E+00  1.19601569E+00
   264  3.96000000E+01  1.19601659E+00  1.18273798E+00  1.19601659E+00
   265  3.97500000E+01  1.19601745E+00  1.18326716E+00  1.19601745E+00
   266  3.99000000E+01  1.19601829E+00  1.18371488E+00  1.19601829E+00
   267  4.00500000E+01  1.19601910E+00  1.18409432E+00  1.19601910E+00
   268  4.02000000E+01  1.19601989E+00  1.18441784E+00  1.19601989E+00
   269  4.03500000E+01  1.19602065E+00  1.18469647E+00  1.19602065E+00
   270  4.05000000E+01  1.19602139E+00  1.18493953E+00  1.19602139E+00
   271  4.06500000E+01  1.19602210E+00  1.18515445E+00  1.19602210E+00
   272  4.08000000E+01  1.19602280E+00  1.18534673E+00  1.19602280E+00
   273  4.09500000E+01  1.19602347E+00  1.18552018E+00  1.19602347E+00
   274  4.11000000E+01  1.19602412E+00  1.18567714E+00  1.19602412E+00
   275  4.12500000E+01  1.19602475E+00  1.18581891E+00  1.19602475E+00
   276  4.14000000E+01  1.19602536E+00  1.18594609E+00  1.19602536E+00
   277  4.15500000E+01  1.19602596E+00  1.18605902E+00  1.19602596E+00
   278  4.17000000E+01  1.19602653E+00  1.18615804E+00  1.19602653E+00
   279  4.18500000E+01  1.19602709E+00  1.18624371E+00  1.19602709E+00
   280  4.20000000E+01  1.19602764E+00  1.18631696E+00  1.19602764E+00
   281  4.21500000E+01  1.19602816E+00  1.18637904E+00  1.19602816E+00
   282  4.23000000E+01  1.19602867E+00  1.18643153E+00  1.19602867E+00
   283  4.24500000E+01  1.19602917E+00  1.18647617E+00  1.19602917E+00
   284  4.26000000E+01  1.19602965E+00  1.18651471E+00  1.19602965E+00
   285  4.27500000E+01  1.19603012E+00  1.18654882E+00  1.19603012E+00
   286  4.29000000E+01  1.19603057E+00  1.18657989E+00  1.19603057E+00
   287  4.30500000E+01  1.19603101E+00  1.18660904E+00  1.19603101E+00
   288  4.32000000E+01  1.19603144E+00  1.18663703E+00  1.19603144E+00
   289  4.33500000E+01  1.19603186E+00  1.18666429E+00  1.19603186E+00
   290  4.35000000E+01  1.19603226E+00  1.18669101E+00  1.19603226E+00
   291  4.36500000E+01  1.19603265E+00  1.18671716E+00  1.19603265E+00
   292  4.38000000E+01  1.19603303E+00  1.18674261E+00  1.19603303E+00
   293  4.39500000E+01  1.19603340E+00  1.18676720E+00  1.19603340E+00
   294  4.41000000E+01  1.19603376E+00  1.18679080E+00  1.19603376E+00
   295  4.42500000E+01  1.19603411E+00  1.18681334E+00  1.19603411E+00
   296  4.44000000E+01  1.19603445E+00  1.18683485E+00  1.19603445E+00
   297  4.45500000E+01  1.19603478E+00  1.18685546E+00  1.19603478E+00
   298  4.47000000E+01  1.19603510E+00  1.18687533E+00  1.19603510E+00
   299  4.48500000E+01  1.19603541E+00  1.18689468E+00  1.19603541E+00
   300  4.50000000E+01  1.19603572E+00  1.18691374E+00  1.19603572E+00
   301  4.51500000E+01  1.19603601E+00  1.18693269E+00  1.19603601E+00
   302  4.53000000E+01  1.19603630E+00  1.18695171E+00  1.19603630E+00
   303  4.54500000E+01  1.19603658E+00  1.18697088E+00  1.19603658E+00
   304  4.56000000E+01  1.19603685E+00  1.18699027E+00  1.19603685E+00
   305  4.57500000E+01  1.19603711E+00  1.18700988E+00  1.19603711E+00
   306  4.59000000E+01  1.19603736E+00  1.18702968E+00  1.19603736E+00
   307  4.60500000E+01  1.19603761E+00  1.18704961E+00  1.19603761E+00
   308  4.62000000E+01  1.19603785E+00  1.18706964E+00  1.19603785E+00
   309  4.63500000E+01  1.19603809E+00  1.18708970E+00  1.19603809E+00
   310  4.65000000E+01  1.19603832E+00  1.18710977E+00  1.19603832E+00
   311  4.66500000E+01  1.19603854E+00  1.18712980E+00  1.19603854E+00
   312  4.68000000E+01  1.19603876E+00  1.18714980E+00  1.19603876E+00
   313  4.69500000E+01  1.19603897E+00  1.18716976E+00  1.19603897E+00
   314  4.71000000E+01  1.19603917E+00  1.18718970E+00  1.19603917E+00
   315  4.72500000E+01  1.19603937E+00  1.18720961E+00  1.19603937E+00
   316  4.74000000E+01  1.19603956E+00  1.18722952E+00  1.19603956E+00
   317  4.75500000E+01  1.19603975E+00  1.18724941E+00  1.19603975E+00
   318  4.77000000E+01  1.19603993E+00  1.18726929E+00  1.19603993E+00
   319  4.78500000E+01  1.19604011E+00  1.18728914E+00  1.19604011E+00
   320  4.80000000E+01  1.19604028E+00  1.18730896E+00  1.19604028E+00
   321  4.81500000E+01  1.19604045E+00  1.18732872E+00  1.19604045E+00
   322  4.83000000E+01  1.19604062E+00  1.18734840E+00  1.19604062E+00
   323  4.84500000E+01  1.19604077E+00  1.18736798E+00  1.19604077E+00
   324  4.86000000E+01  1.19604093E+00  1.18738744E+00  1.19604093E+00
   325  4.87500000E+01  1.19604108E+00  1.18740678E+00  1.19604108E+00
   326  4.89000000E+01  1.19604123E+00  1.18742596E+00  1.19604123E+00
   327  4.90500000E+01  1.19604137E+00  1.18744499E+00  1.19604137E+00
   328  4.92000000E+01  1.19604151E+00  1.18746384E+00  1.19604151E+00
   329  4.93500000E+01  1.19604164E+00  1.18748251E+00  1.19604164E+00
   330  4.95000000E+01  1.19604177E+00  1.18750098E+00  1.19604177E+00
   331  4.96500000E+01  1.19604190E+00  1.18751926E+00  1.19604190E+00
   332  4.98000000E+01  1.19604202E+00  1.18753732E+00  1.19604202E+00
   333  4.99500000E+01  1.19604214E+00  1.18755517E+00  1.19604214E+00
   334  5.01000000E+01  1.19604226E+00  1.18757278E+00  1.19604226E+00
   335  5.02500000E+01  1.19604237E+00  1.18759016E+00  1.19604237E+00
   336  5.04000000E+01  1.19604248E+00  1.18760728E+00  1.19604248E+00
   337  5.05500000E+01  1.19604259E+00  1.18762416E+00  1.19604259E+00
   338  5.07000000E+01  1.19604270E+00  1.18764076E+00  1.19604270E+00
   339  5.08500000E+01  1.19604280E+00  1.18765710E+00  1.19604280E+00
   340  5.10000000E+01  1.19604290E+00  1.18767316E+00  1.19604290E+00
   341  5.11500000E+01  1.19604299E+00  1.18768894E+00  1.19604299E+00
   342  5.13000000E+01  1.19604309E+00  1.18770443E+00  1.19604309E+00
   343  5.14500000E+01  1.19604318E+00  1.18771963E+00  1.19604318E+00
   344  5.16000000E+01  1.19604327E+00  1.18773454E+00  1.19604327E+00
   345  5.17500000E+01  1.19604335E+00  1.18774915E+00  1.19604335E+00
   346  5.19000000E+01  1.19604344E+00  1.18776346E+00  1.19604344E+00
   347  5.20500000E+01  1.19604352E+00  1.18777747E+00  1.19604352E+00
   348  5.22000000E+01  1.19604360E+00  1.18779118E+00  1.19604360E+00
   349  5.23500000E+01  1.19604367E+00  1.18780459E+00  1.19604367E+00
   350  5.25000000E+01  1.19604375E+00  1.18781769E+00  1.19604375E+00
   351  5.26500000E+01  1.19604382E+00  1.18783049E+00  1.19604382E+00
   352  5.28000000E+01  1.19604389E+00  1.18784299E+00  1.19604389E+00
   353  5.29500000E+01  1.19604396E+00  1.18785518E+00  1.19604396E+00
   354  5.31000000E+01  1.19604403E+00  1.18786708E+00  1.19604403E+00
   355  5.32500000E+01  1.19604409E+00  1.18787868E+00  1.19604409E+00
   356  5.34000000E+01  1.19604416E+00  1.18788998E+00  1.19604416E+00
   357  5.35500000E+01  1.19604422E+00  1.18790099E+00  1.19604422E+00
   358  5.37000000E+01  1.19604428E+00  1.18791171E+00  1.19604428E+00
   359  5.38500000E+01  1.19604434E+00  1.18792214E+00  1.19604434E+00
   360  5.40000000E+01  1.19604439E+00  1.18793229E+00  1.19604439E+00
   361  5.41500000E+01  1.19604445E+00  1.18794216E+00  1.19604445E+00
   362  5.43000000E+01  1.19604450E+00  1.18795176E+00  1.19604450E+00
   363  5.44500000E+01  1.19604455E+00  1.18796108E+00  1.19604455E+00
   364  5.46000000E+01  1.19604461E+00  1.18797014E+00  1.19604461E+00
   365  5.47500000E+01  1.19604465E+00  1.18797893E+00  1.19604465E+00
   366  5.49000000E+01  1.19604470E+00  1.18798746E+00  1.19604470E+00
   367  5.50500000E+01  1.19604475E+00  1.18799575E+00  1.19604475E+00
   368  5.52000000E+01  1.19604479E+00  1.18800378E+00  1.19604479E+00
   369  5.53500000E+01  1.19604484E+00  1.18801157E+00  1.19604484E+00
   370  5.55000000E+01  1.19604488E+00  1.18801912E+00  1.19604488E+00
 steady-height stop at step    370: changes <=   1.0000E-05, max-end <=   1.0000E-02, max/end/gap/profile_change =   1.19604488E+00  1.18801912E+00  8.02575848E-03  7.55236173E-06


STDERR:
