COMMAND:
/shared/extrudate_rom/generate_rom_data/extrudate_swell2d_c_cluster

STDOUT:
 comppar: model =   3
 comppar: lambda,mobility/eps,betav,eta_0 =  1.0000E+00  2.3333E-01  7.0000E-01  1.0000E+00
 comppar: eta_s,eta_p,G =  7.0000E-01  3.0000E-01  3.0000E-01
 comppar: U_avg,deltat,flowrate,nsteps =  2.0000E-01  1.5000E-01  6.2832E-01     700
 comppar: geometry = axisymmetric
 comppar: steady stop change,gap,hold,min =  1.0000E-05  1.0000E-02      10      80
 comppar: ncompc,ncompg =     4     5
 mesh nnodes = 5765
 mesh nelem = 2780
 P1 BC   5.0000000000000000     
 P2 BC   0.0000000000000000     
     1  1.50000000E-01  1.00379367E+00  1.00000000E+00  1.00379367E+00
     2  3.00000000E-01  1.00749741E+00  1.00000000E+00  1.00749741E+00
     3  4.50000000E-01  1.01110613E+00  1.00000000E+00  1.01110613E+00
     4  6.00000000E-01  1.01462510E+00  1.00000000E+00  1.01462510E+00
     5  7.50000000E-01  1.01805769E+00  1.00000000E+00  1.01805769E+00
     6  9.00000000E-01  1.02140364E+00  1.00000000E+00  1.02140364E+00
     7  1.05000000E+00  1.02466910E+00  1.00000000E+00  1.02466910E+00
     8  1.20000000E+00  1.02787244E+00  1.00000000E+00  1.02787244E+00
     9  1.35000000E+00  1.03100316E+00  1.00000000E+00  1.03100316E+00
    10  1.50000000E+00  1.03405753E+00  1.00000001E+00  1.03405753E+00
    11  1.65000000E+00  1.03705175E+00  1.00000000E+00  1.03705175E+00
    12  1.80000000E+00  1.03999248E+00  1.00000000E+00  1.03999248E+00
    13  1.95000000E+00  1.04284689E+00  1.00000000E+00  1.04284689E+00
    14  2.10000000E+00  1.04567809E+00  1.00000000E+00  1.04567809E+00
    15  2.25000000E+00  1.04841976E+00  9.99999998E-01  1.04841976E+00
    16  2.40000000E+00  1.05112452E+00  9.99999994E-01  1.05112452E+00
    17  2.55000000E+00  1.05376510E+00  9.99999989E-01  1.05376510E+00
    18  2.70000000E+00  1.05634294E+00  9.99999982E-01  1.05634294E+00
    19  2.85000000E+00  1.05885980E+00  9.99999974E-01  1.05885980E+00
    20  3.00000000E+00  1.06132898E+00  9.99999964E-01  1.06132898E+00
    21  3.15000000E+00  1.06372854E+00  9.99999952E-01  1.06372854E+00
    22  3.30000000E+00  1.06608793E+00  9.99999938E-01  1.06608793E+00
    23  3.45000000E+00  1.06834455E+00  9.99999921E-01  1.06834455E+00
    24  3.60000000E+00  1.07061752E+00  9.99999901E-01  1.07061752E+00
    25  3.75000000E+00  1.07273565E+00  9.99999877E-01  1.07273565E+00
    26  3.90000000E+00  1.07492010E+00  9.99999851E-01  1.07492010E+00
    27  4.05000000E+00  1.07694884E+00  9.99999820E-01  1.07694884E+00
    28  4.20000000E+00  1.07896667E+00  9.99999785E-01  1.07896667E+00
    29  4.35000000E+00  1.08093638E+00  9.99999745E-01  1.08093638E+00
    30  4.50000000E+00  1.08277547E+00  9.99999699E-01  1.08277547E+00
    31  4.65000000E+00  1.08468558E+00  9.99999648E-01  1.08468558E+00
    32  4.80000000E+00  1.08643108E+00  9.99999591E-01  1.08643108E+00
    33  4.95000000E+00  1.08815841E+00  9.99999526E-01  1.08815841E+00
    34  5.10000000E+00  1.08988034E+00  9.99999454E-01  1.08988034E+00
    35  5.25000000E+00  1.09143496E+00  9.99999374E-01  1.09143496E+00
    36  5.40000000E+00  1.09307606E+00  9.99999285E-01  1.09307606E+00
    37  5.55000000E+00  1.09460681E+00  9.99999186E-01  1.09460681E+00
    38  5.70000000E+00  1.09596989E+00  9.99999076E-01  1.09596989E+00
    39  5.85000000E+00  1.09750265E+00  9.99998955E-01  1.09750265E+00
    40  6.00000000E+00  1.09887673E+00  9.99998821E-01  1.09887673E+00
    41  6.15000000E+00  1.10012550E+00  9.99998674E-01  1.10012550E+00
    42  6.30000000E+00  1.10150784E+00  9.99998512E-01  1.10150784E+00
    43  6.45000000E+00  1.10272587E+00  9.99998335E-01  1.10272587E+00
    44  6.60000000E+00  1.10386007E+00  9.99998141E-01  1.10386007E+00
    45  6.75000000E+00  1.10509191E+00  9.99997928E-01  1.10509191E+00
    46  6.90000000E+00  1.10616409E+00  9.99997697E-01  1.10616409E+00
    47  7.05000000E+00  1.10721466E+00  9.99997444E-01  1.10721466E+00
    48  7.20000000E+00  1.10829776E+00  9.99997169E-01  1.10829776E+00
    49  7.35000000E+00  1.10922759E+00  9.99996869E-01  1.10922759E+00
    50  7.50000000E+00  1.11019731E+00  9.99996544E-01  1.11019731E+00
    51  7.65000000E+00  1.11114103E+00  9.99996192E-01  1.11114103E+00
    52  7.80000000E+00  1.11194049E+00  9.99995810E-01  1.11194049E+00
    53  7.95000000E+00  1.11284175E+00  9.99995396E-01  1.11284175E+00
    54  8.10000000E+00  1.11365085E+00  9.99994949E-01  1.11365085E+00
    55  8.25000000E+00  1.11434611E+00  9.99994466E-01  1.11434611E+00
    56  8.40000000E+00  1.11516856E+00  9.99993946E-01  1.11516856E+00
    57  8.55000000E+00  1.11585650E+00  9.99993385E-01  1.11585650E+00
    58  8.70000000E+00  1.11650639E+00  9.99992781E-01  1.11650639E+00
    59  8.85000000E+00  1.11720318E+00  9.99992132E-01  1.11720318E+00
    60  9.00000000E+00  1.11777752E+00  9.99991434E-01  1.11777752E+00
    61  9.15000000E+00  1.11839565E+00  9.99990686E-01  1.11839565E+00
    62  9.30000000E+00  1.11898134E+00  9.99989884E-01  1.11898134E+00
    63  9.45000000E+00  1.11945770E+00  9.99989025E-01  1.11945770E+00
    64  9.60000000E+00  1.12002820E+00  9.99988105E-01  1.12002820E+00
    65  9.75000000E+00  1.12051132E+00  9.99987123E-01  1.12051132E+00
    66  9.90000000E+00  1.12095177E+00  9.99986074E-01  1.12095177E+00
    67  1.00500000E+01  1.12144505E+00  9.99984955E-01  1.12144505E+00
    68  1.02000000E+01  1.12184125E+00  9.99983763E-01  1.12184125E+00
    69  1.03500000E+01  1.12224771E+00  9.99982494E-01  1.12224771E+00
    70  1.05000000E+01  1.12264982E+00  9.99981144E-01  1.12264982E+00
    71  1.06500000E+01  1.12296928E+00  9.99979710E-01  1.12296928E+00
    72  1.08000000E+01  1.12336640E+00  9.99978188E-01  1.12336640E+00
    73  1.09500000E+01  1.12369261E+00  9.99976574E-01  1.12369261E+00
    74  1.11000000E+01  1.12397295E+00  9.99974865E-01  1.12397295E+00
    75  1.12500000E+01  1.12430422E+00  9.99973057E-01  1.12430422E+00
    76  1.14000000E+01  1.12456502E+00  9.99971146E-01  1.12456502E+00
    77  1.15500000E+01  1.12484714E+00  9.99969129E-01  1.12484714E+00
    78  1.17000000E+01  1.12511322E+00  9.99967002E-01  1.12511322E+00
    79  1.18500000E+01  1.12532166E+00  9.99964762E-01  1.12532166E+00
    80  1.20000000E+01  1.12556823E+00  9.99962406E-01  1.12556823E+00
    81  1.21500000E+01  1.12577971E+00  9.99959931E-01  1.12577971E+00
    82  1.23000000E+01  1.12597396E+00  9.99957333E-01  1.12597396E+00
    83  1.24500000E+01  1.12618929E+00  9.99954612E-01  1.12618929E+00
    84  1.26000000E+01  1.12635777E+00  9.99951765E-01  1.12635777E+00
    85  1.27500000E+01  1.12652169E+00  9.99948790E-01  1.12652169E+00
    86  1.29000000E+01  1.12669253E+00  9.99945687E-01  1.12669253E+00
    87  1.30500000E+01  1.12682818E+00  9.99942454E-01  1.12682818E+00
    88  1.32000000E+01  1.12699376E+00  9.99939093E-01  1.12699376E+00
    89  1.33500000E+01  1.12713009E+00  9.99935605E-01  1.12713009E+00
    90  1.35000000E+01  1.12724051E+00  9.99931991E-01  1.12724051E+00
    91  1.36500000E+01  1.12736931E+00  9.99928254E-01  1.12736931E+00
    92  1.38000000E+01  1.12748078E+00  9.99924399E-01  1.12748078E+00
    93  1.39500000E+01  1.12758671E+00  9.99920431E-01  1.12758671E+00
    94  1.41000000E+01  1.12769782E+00  9.99916357E-01  1.12769782E+00
    95  1.42500000E+01  1.12779029E+00  9.99912185E-01  1.12779029E+00
    96  1.44000000E+01  1.12787145E+00  9.99907925E-01  1.12787145E+00
    97  1.45500000E+01  1.12795744E+00  9.99903589E-01  1.12795744E+00
    98  1.47000000E+01  1.12803893E+00  9.99899192E-01  1.12803893E+00
    99  1.48500000E+01  1.12811404E+00  9.99894749E-01  1.12811404E+00
   100  1.50000000E+01  1.12818912E+00  9.99890281E-01  1.12818912E+00
   101  1.51500000E+01  1.12826166E+00  9.99885808E-01  1.12826166E+00
   102  1.53000000E+01  1.12833099E+00  9.99881357E-01  1.12833099E+00
   103  1.54500000E+01  1.12839892E+00  9.99876955E-01  1.12839892E+00
   104  1.56000000E+01  1.12846584E+00  9.99872635E-01  1.12846584E+00
   105  1.57500000E+01  1.12853111E+00  9.99868434E-01  1.12853111E+00
   106  1.59000000E+01  1.12859354E+00  9.99864392E-01  1.12859354E+00
   107  1.60500000E+01  1.12865171E+00  9.99860555E-01  1.12865171E+00
   108  1.62000000E+01  1.12870780E+00  9.99856974E-01  1.12870780E+00
   109  1.63500000E+01  1.12876678E+00  9.99853706E-01  1.12876678E+00
   110  1.65000000E+01  1.12882027E+00  9.99850815E-01  1.12882027E+00
   111  1.66500000E+01  1.12886725E+00  9.99848371E-01  1.12886725E+00
   112  1.68000000E+01  1.12891197E+00  9.99846450E-01  1.12891197E+00
   113  1.69500000E+01  1.12895980E+00  9.99845139E-01  1.12895980E+00
   114  1.71000000E+01  1.12900080E+00  9.99844530E-01  1.12900080E+00
   115  1.72500000E+01  1.12903533E+00  9.99844728E-01  1.12903533E+00
   116  1.74000000E+01  1.12907715E+00  9.99845845E-01  1.12907715E+00
   117  1.75500000E+01  1.12911181E+00  9.99848005E-01  1.12911181E+00
   118  1.77000000E+01  1.12913951E+00  9.99851345E-01  1.12913951E+00
   119  1.78500000E+01  1.12917122E+00  9.99856012E-01  1.12917122E+00
   120  1.80000000E+01  1.12920015E+00  9.99862168E-01  1.12920015E+00
   121  1.81500000E+01  1.12922262E+00  9.99869989E-01  1.12922262E+00
   122  1.83000000E+01  1.12924789E+00  9.99879666E-01  1.12924789E+00
   123  1.84500000E+01  1.12927087E+00  9.99891407E-01  1.12927087E+00
   124  1.86000000E+01  1.12928808E+00  9.99905437E-01  1.12928808E+00
   125  1.87500000E+01  1.12930720E+00  9.99922001E-01  1.12930720E+00
   126  1.89000000E+01  1.12932540E+00  9.99941363E-01  1.12932540E+00
   127  1.90500000E+01  1.12933860E+00  9.99963809E-01  1.12933860E+00
   128  1.92000000E+01  1.12935282E+00  9.99989649E-01  1.12935282E+00
   129  1.93500000E+01  1.12936631E+00  1.00001921E+00  1.12936631E+00
   130  1.95000000E+01  1.12937577E+00  1.00005287E+00  1.12937577E+00
   131  1.96500000E+01  1.12938660E+00  1.00009099E+00  1.12938660E+00
   132  1.98000000E+01  1.12939663E+00  1.00013401E+00  1.12939663E+00
   133  1.99500000E+01  1.12940345E+00  1.00018236E+00  1.12940345E+00
   134  2.01000000E+01  1.12940995E+00  1.00023653E+00  1.12940995E+00
   135  2.02500000E+01  1.12941687E+00  1.00029703E+00  1.12941687E+00
   136  2.04000000E+01  1.12942153E+00  1.00036442E+00  1.12942153E+00
   137  2.05500000E+01  1.12942608E+00  1.00043929E+00  1.12942608E+00
   138  2.07000000E+01  1.12943088E+00  1.00052226E+00  1.12943088E+00
   139  2.08500000E+01  1.12943411E+00  1.00061402E+00  1.12943411E+00
   140  2.10000000E+01  1.12943648E+00  1.00071529E+00  1.12943648E+00
   141  2.11500000E+01  1.12943852E+00  1.00082683E+00  1.12943852E+00
   142  2.13000000E+01  1.12944050E+00  1.00094947E+00  1.12944050E+00
   143  2.14500000E+01  1.12944254E+00  1.00108406E+00  1.12944254E+00
   144  2.16000000E+01  1.12944460E+00  1.00123155E+00  1.12944460E+00
   145  2.17500000E+01  1.12944660E+00  1.00139292E+00  1.12944660E+00
   146  2.19000000E+01  1.12944842E+00  1.00156920E+00  1.12944842E+00
   147  2.20500000E+01  1.12945038E+00  1.00176149E+00  1.12945038E+00
   148  2.22000000E+01  1.12945227E+00  1.00197098E+00  1.12945227E+00
   149  2.23500000E+01  1.12945386E+00  1.00219889E+00  1.12945386E+00
   150  2.25000000E+01  1.12945508E+00  1.00244653E+00  1.12945508E+00
   151  2.26500000E+01  1.12945590E+00  1.00271527E+00  1.12945590E+00
   152  2.28000000E+01  1.12945636E+00  1.00300656E+00  1.12945636E+00
   153  2.29500000E+01  1.12945649E+00  1.00332191E+00  1.12945649E+00
   154  2.31000000E+01  1.12945684E+00  1.00366292E+00  1.12945684E+00
   155  2.32500000E+01  1.12945706E+00  1.00403127E+00  1.12945706E+00
   156  2.34000000E+01  1.12945701E+00  1.00442869E+00  1.12945701E+00
   157  2.35500000E+01  1.12945677E+00  1.00485702E+00  1.12945677E+00
   158  2.37000000E+01  1.12945642E+00  1.00531815E+00  1.12945642E+00
   159  2.38500000E+01  1.12945602E+00  1.00581405E+00  1.12945602E+00
   160  2.40000000E+01  1.12945562E+00  1.00634679E+00  1.12945562E+00
   161  2.41500000E+01  1.12945523E+00  1.00691847E+00  1.12945523E+00
   162  2.43000000E+01  1.12945488E+00  1.00753130E+00  1.12945488E+00
   163  2.44500000E+01  1.12945455E+00  1.00818751E+00  1.12945455E+00
   164  2.46000000E+01  1.12945423E+00  1.00888943E+00  1.12945423E+00
   165  2.47500000E+01  1.12945393E+00  1.00963943E+00  1.12945393E+00
   166  2.49000000E+01  1.12945363E+00  1.01043991E+00  1.12945363E+00
   167  2.50500000E+01  1.12945333E+00  1.01129332E+00  1.12945333E+00
   168  2.52000000E+01  1.12945302E+00  1.01220215E+00  1.12945302E+00
   169  2.53500000E+01  1.12945272E+00  1.01316887E+00  1.12945272E+00
   170  2.55000000E+01  1.12945242E+00  1.01419599E+00  1.12945242E+00
   171  2.56500000E+01  1.12945213E+00  1.01528597E+00  1.12945213E+00
   172  2.58000000E+01  1.12945186E+00  1.01644126E+00  1.12945186E+00
   173  2.59500000E+01  1.12945160E+00  1.01766425E+00  1.12945160E+00
   174  2.61000000E+01  1.12945135E+00  1.01895726E+00  1.12945135E+00
   175  2.62500000E+01  1.12945112E+00  1.02032250E+00  1.12945112E+00
   176  2.64000000E+01  1.12945091E+00  1.02176209E+00  1.12945091E+00
   177  2.65500000E+01  1.12945072E+00  1.02327797E+00  1.12945072E+00
   178  2.67000000E+01  1.12945053E+00  1.02487190E+00  1.12945053E+00
   179  2.68500000E+01  1.12945036E+00  1.02654546E+00  1.12945036E+00
   180  2.70000000E+01  1.12945020E+00  1.02829996E+00  1.12945020E+00
   181  2.71500000E+01  1.12945006E+00  1.03013644E+00  1.12945006E+00
   182  2.73000000E+01  1.12944992E+00  1.03205563E+00  1.12944992E+00
   183  2.74500000E+01  1.12944979E+00  1.03405793E+00  1.12944979E+00
   184  2.76000000E+01  1.12944968E+00  1.03614332E+00  1.12944968E+00
   185  2.77500000E+01  1.12944957E+00  1.03831140E+00  1.12944957E+00
   186  2.79000000E+01  1.12944947E+00  1.04056130E+00  1.12944947E+00
   187  2.80500000E+01  1.12944938E+00  1.04289165E+00  1.12944938E+00
   188  2.82000000E+01  1.12944929E+00  1.04530057E+00  1.12944929E+00
   189  2.83500000E+01  1.12944922E+00  1.04778562E+00  1.12944922E+00
   190  2.85000000E+01  1.12944915E+00  1.05034379E+00  1.12944915E+00
   191  2.86500000E+01  1.12944908E+00  1.05297144E+00  1.12944908E+00
   192  2.88000000E+01  1.12944903E+00  1.05566433E+00  1.12944903E+00
   193  2.89500000E+01  1.12944897E+00  1.05841756E+00  1.12944897E+00
   194  2.91000000E+01  1.12944892E+00  1.06122559E+00  1.12944892E+00
   195  2.92500000E+01  1.12944888E+00  1.06408222E+00  1.12944888E+00
   196  2.94000000E+01  1.12944884E+00  1.06698060E+00  1.12944884E+00
   197  2.95500000E+01  1.12944880E+00  1.06991326E+00  1.12944880E+00
   198  2.97000000E+01  1.12944877E+00  1.07287210E+00  1.12944877E+00
   199  2.98500000E+01  1.12944874E+00  1.07584843E+00  1.12944874E+00
   200  3.00000000E+01  1.12944871E+00  1.07883304E+00  1.12944871E+00
   201  3.01500000E+01  1.12944869E+00  1.08181619E+00  1.12944869E+00
   202  3.03000000E+01  1.12944867E+00  1.08478771E+00  1.12944867E+00
   203  3.04500000E+01  1.12944865E+00  1.08773707E+00  1.12944865E+00
   204  3.06000000E+01  1.12944863E+00  1.09065343E+00  1.12944863E+00
   205  3.07500000E+01  1.12944861E+00  1.09352571E+00  1.12944861E+00
   206  3.09000000E+01  1.12944860E+00  1.09634276E+00  1.12944860E+00
   207  3.10500000E+01  1.12944858E+00  1.09909339E+00  1.12944858E+00
   208  3.12000000E+01  1.12944857E+00  1.10176652E+00  1.12944857E+00
   209  3.13500000E+01  1.12944856E+00  1.10435129E+00  1.12944856E+00
   210  3.15000000E+01  1.12944855E+00  1.10683721E+00  1.12944855E+00
   211  3.16500000E+01  1.12944854E+00  1.10921430E+00  1.12944854E+00
   212  3.18000000E+01  1.12944853E+00  1.11147323E+00  1.12944853E+00
   213  3.19500000E+01  1.12944853E+00  1.11360549E+00  1.12944853E+00
   214  3.21000000E+01  1.12944852E+00  1.11560356E+00  1.12944852E+00
   215  3.22500000E+01  1.12944851E+00  1.11746104E+00  1.12944851E+00
   216  3.24000000E+01  1.12944851E+00  1.11917286E+00  1.12944851E+00
   217  3.25500000E+01  1.12944850E+00  1.12073541E+00  1.12944850E+00
   218  3.27000000E+01  1.12944850E+00  1.12214665E+00  1.12944850E+00
   219  3.28500000E+01  1.12944850E+00  1.12340632E+00  1.12944850E+00
   220  3.30000000E+01  1.12944849E+00  1.12451592E+00  1.12944849E+00
   221  3.31500000E+01  1.12944849E+00  1.12547886E+00  1.12944849E+00
   222  3.33000000E+01  1.12944849E+00  1.12630042E+00  1.12944849E+00
   223  3.34500000E+01  1.12944848E+00  1.12698769E+00  1.12944848E+00
   224  3.36000000E+01  1.12944848E+00  1.12754951E+00  1.12944848E+00
   225  3.37500000E+01  1.12944848E+00  1.12799628E+00  1.12944848E+00
   226  3.39000000E+01  1.12944848E+00  1.12833972E+00  1.12944848E+00
   227  3.40500000E+01  1.12944848E+00  1.12859254E+00  1.12944848E+00
   228  3.42000000E+01  1.12944847E+00  1.12876818E+00  1.12944847E+00
   229  3.43500000E+01  1.12944847E+00  1.12888030E+00  1.12944847E+00
   230  3.45000000E+01  1.12944847E+00  1.12894243E+00  1.12944847E+00
   231  3.46500000E+01  1.12944847E+00  1.12896756E+00  1.12944847E+00
   232  3.48000000E+01  1.12944847E+00  1.12896768E+00  1.12944847E+00
   233  3.49500000E+01  1.12944847E+00  1.12895344E+00  1.12944847E+00
   234  3.51000000E+01  1.12944847E+00  1.12893388E+00  1.12944847E+00
   235  3.52500000E+01  1.12944847E+00  1.12891621E+00  1.12944847E+00
   236  3.54000000E+01  1.12944847E+00  1.12890569E+00  1.12944847E+00
   237  3.55500000E+01  1.12944847E+00  1.12890566E+00  1.12944847E+00
   238  3.57000000E+01  1.12944846E+00  1.12891763E+00  1.12944846E+00
   239  3.58500000E+01  1.12944846E+00  1.12894150E+00  1.12944846E+00
   240  3.60000000E+01  1.12944846E+00  1.12897585E+00  1.12944846E+00
   241  3.61500000E+01  1.12944846E+00  1.12901830E+00  1.12944846E+00
   242  3.63000000E+01  1.12944846E+00  1.12906585E+00  1.12944846E+00
   243  3.64500000E+01  1.12944846E+00  1.12911530E+00  1.12944846E+00
   244  3.66000000E+01  1.12944846E+00  1.12916355E+00  1.12944846E+00
   245  3.67500000E+01  1.12944846E+00  1.12920789E+00  1.12944846E+00
   246  3.69000000E+01  1.12944846E+00  1.12924624E+00  1.12944846E+00
   247  3.70500000E+01  1.12944846E+00  1.12927722E+00  1.12944846E+00
   248  3.72000000E+01  1.12944846E+00  1.12930023E+00  1.12944846E+00
   249  3.73500000E+01  1.12944846E+00  1.12931538E+00  1.12944846E+00
   250  3.75000000E+01  1.12944846E+00  1.12932339E+00  1.12944846E+00
   251  3.76500000E+01  1.12944846E+00  1.12932544E+00  1.12944846E+00
   252  3.78000000E+01  1.12944846E+00  1.12932298E+00  1.12944846E+00
   253  3.79500000E+01  1.12944846E+00  1.12931756E+00  1.12944846E+00
   254  3.81000000E+01  1.12944846E+00  1.12931063E+00  1.12944846E+00
   255  3.82500000E+01  1.12944846E+00  1.12930348E+00  1.12944846E+00
   256  3.84000000E+01  1.12944846E+00  1.12929709E+00  1.12944846E+00
   257  3.85500000E+01  1.12944846E+00  1.12929209E+00  1.12944846E+00
   258  3.87000000E+01  1.12944846E+00  1.12928881E+00  1.12944846E+00
   259  3.88500000E+01  1.12944846E+00  1.12928727E+00  1.12944846E+00
 steady-height stop at step    259: changes <=   1.0000E-05, max-end <=   1.0000E-02, max/end/gap/profile_change =   1.12944846E+00  1.12928727E+00  1.61184658E-04  2.18657260E-06


STDERR:
