COMMAND:
/shared/extrudate_rom/generate_rom_data/extrudate_swell2d_c_cluster

STDOUT:
 comppar: model =   3
 comppar: lambda,mobility/eps,betav,eta_0 =  4.6000E+00  2.3333E-01  3.0000E-01  1.0000E+00
 comppar: eta_s,eta_p,G =  3.0000E-01  7.0000E-01  1.5217E-01
 comppar: U_avg,deltat,flowrate,nsteps =  2.0000E-01  1.5000E-01  6.2832E-01     700
 comppar: geometry = axisymmetric
 comppar: steady stop change,gap,hold,min =  1.0000E-05  1.0000E-02      10      80
 comppar: ncompc,ncompg =     4     5
 mesh nnodes = 5765
 mesh nelem = 2780
 P1 BC   5.0000000000000000     
 P2 BC   0.0000000000000000     
     1  1.50000000E-01  1.00378774E+00  1.00000000E+00  1.00378774E+00
     2  3.00000000E-01  1.00748227E+00  1.00000000E+00  1.00748227E+00
     3  4.50000000E-01  1.01107824E+00  1.00000000E+00  1.01107824E+00
     4  6.00000000E-01  1.01458269E+00  1.00000000E+00  1.01458269E+00
     5  7.50000000E-01  1.01800010E+00  1.00000000E+00  1.01800010E+00
     6  9.00000000E-01  1.02133581E+00  1.00000000E+00  1.02133581E+00
     7  1.05000000E+00  1.02460093E+00  1.00000000E+00  1.02460093E+00
     8  1.20000000E+00  1.02780002E+00  1.00000000E+00  1.02780002E+00
     9  1.35000000E+00  1.03097086E+00  1.00000001E+00  1.03097086E+00
    10  1.50000000E+00  1.03409542E+00  1.00000001E+00  1.03409542E+00
    11  1.65000000E+00  1.03717036E+00  1.00000001E+00  1.03717036E+00
    12  1.80000000E+00  1.04026050E+00  1.00000001E+00  1.04026050E+00
    13  1.95000000E+00  1.04330467E+00  1.00000001E+00  1.04330467E+00
    14  2.10000000E+00  1.04636687E+00  1.00000000E+00  1.04636687E+00
    15  2.25000000E+00  1.04939594E+00  1.00000000E+00  1.04939594E+00
    16  2.40000000E+00  1.05246481E+00  1.00000000E+00  1.05246481E+00
    17  2.55000000E+00  1.05548596E+00  9.99999996E-01  1.05548596E+00
    18  2.70000000E+00  1.05857961E+00  9.99999992E-01  1.05857961E+00
    19  2.85000000E+00  1.06163553E+00  9.99999986E-01  1.06163553E+00
    20  3.00000000E+00  1.06466396E+00  9.99999980E-01  1.06466396E+00
    21  3.15000000E+00  1.06777362E+00  9.99999971E-01  1.06777362E+00
    22  3.30000000E+00  1.07085236E+00  9.99999962E-01  1.07085236E+00
    23  3.45000000E+00  1.07390139E+00  9.99999951E-01  1.07390139E+00
    24  3.60000000E+00  1.07700137E+00  9.99999938E-01  1.07700137E+00
    25  3.75000000E+00  1.08010461E+00  9.99999923E-01  1.08010461E+00
    26  3.90000000E+00  1.08318078E+00  9.99999906E-01  1.08318078E+00
    27  4.05000000E+00  1.08623103E+00  9.99999886E-01  1.08623103E+00
    28  4.20000000E+00  1.08932872E+00  9.99999865E-01  1.08932872E+00
    29  4.35000000E+00  1.09243165E+00  9.99999840E-01  1.09243165E+00
    30  4.50000000E+00  1.09550767E+00  9.99999813E-01  1.09550767E+00
    31  4.65000000E+00  1.09855797E+00  9.99999782E-01  1.09855797E+00
    32  4.80000000E+00  1.10158418E+00  9.99999748E-01  1.10158418E+00
    33  4.95000000E+00  1.10463389E+00  9.99999711E-01  1.10463389E+00
    34  5.10000000E+00  1.10768676E+00  9.99999669E-01  1.10768676E+00
    35  5.25000000E+00  1.11071365E+00  9.99999623E-01  1.11071365E+00
    36  5.40000000E+00  1.11371684E+00  9.99999572E-01  1.11371684E+00
    37  5.55000000E+00  1.11669848E+00  9.99999516E-01  1.11669848E+00
    38  5.70000000E+00  1.11965984E+00  9.99999455E-01  1.11965984E+00
    39  5.85000000E+00  1.12260012E+00  9.99999388E-01  1.12260012E+00
    40  6.00000000E+00  1.12551518E+00  9.99999315E-01  1.12551518E+00
    41  6.15000000E+00  1.12843389E+00  9.99999235E-01  1.12843389E+00
    42  6.30000000E+00  1.13134572E+00  9.99999148E-01  1.13134572E+00
    43  6.45000000E+00  1.13421884E+00  9.99999052E-01  1.13421884E+00
    44  6.60000000E+00  1.13703919E+00  9.99998949E-01  1.13703919E+00
    45  6.75000000E+00  1.13978780E+00  9.99998836E-01  1.13978780E+00
    46  6.90000000E+00  1.14244209E+00  9.99998714E-01  1.14244209E+00
    47  7.05000000E+00  1.14517038E+00  9.99998581E-01  1.14517038E+00
    48  7.20000000E+00  1.14780549E+00  9.99998437E-01  1.14780549E+00
    49  7.35000000E+00  1.15031850E+00  9.99998281E-01  1.15031850E+00
    50  7.50000000E+00  1.15268769E+00  9.99998112E-01  1.15268769E+00
    51  7.65000000E+00  1.15514530E+00  9.99997930E-01  1.15514530E+00
    52  7.80000000E+00  1.15751707E+00  9.99997733E-01  1.15751707E+00
    53  7.95000000E+00  1.15973191E+00  9.99997520E-01  1.15973191E+00
    54  8.10000000E+00  1.16183389E+00  9.99997291E-01  1.16183389E+00
    55  8.25000000E+00  1.16405142E+00  9.99997044E-01  1.16405142E+00
    56  8.40000000E+00  1.16610110E+00  9.99996778E-01  1.16610110E+00
    57  8.55000000E+00  1.16798069E+00  9.99996492E-01  1.16798069E+00
    58  8.70000000E+00  1.16987857E+00  9.99996184E-01  1.16987857E+00
    59  8.85000000E+00  1.17180122E+00  9.99995853E-01  1.17180122E+00
    60  9.00000000E+00  1.17355786E+00  9.99995499E-01  1.17355786E+00
    61  9.15000000E+00  1.17515712E+00  9.99995118E-01  1.17515712E+00
    62  9.30000000E+00  1.17690175E+00  9.99994710E-01  1.17690175E+00
    63  9.45000000E+00  1.17852927E+00  9.99994272E-01  1.17852927E+00
    64  9.60000000E+00  1.18000753E+00  9.99993804E-01  1.18000753E+00
    65  9.75000000E+00  1.18138194E+00  9.99993304E-01  1.18138194E+00
    66  9.90000000E+00  1.18290069E+00  9.99992768E-01  1.18290069E+00
    67  1.00500000E+01  1.18427833E+00  9.99992196E-01  1.18427833E+00
    68  1.02000000E+01  1.18552924E+00  9.99991586E-01  1.18552924E+00
    69  1.03500000E+01  1.18672995E+00  9.99990935E-01  1.18672995E+00
    70  1.05000000E+01  1.18800537E+00  9.99990241E-01  1.18800537E+00
    71  1.06500000E+01  1.18916442E+00  9.99989501E-01  1.18916442E+00
    72  1.08000000E+01  1.19021906E+00  9.99988714E-01  1.19021906E+00
    73  1.09500000E+01  1.19128348E+00  9.99987876E-01  1.19128348E+00
    74  1.11000000E+01  1.19236142E+00  9.99986985E-01  1.19236142E+00
    75  1.12500000E+01  1.19333959E+00  9.99986039E-01  1.19333959E+00
    76  1.14000000E+01  1.19422564E+00  9.99985034E-01  1.19422564E+00
    77  1.15500000E+01  1.19512319E+00  9.99983968E-01  1.19512319E+00
    78  1.17000000E+01  1.19603169E+00  9.99982837E-01  1.19603169E+00
    79  1.18500000E+01  1.19685304E+00  9.99981640E-01  1.19685304E+00
    80  1.20000000E+01  1.19759099E+00  9.99980371E-01  1.19759099E+00
    81  1.21500000E+01  1.19834010E+00  9.99979029E-01  1.19834010E+00
    82  1.23000000E+01  1.19909701E+00  9.99977610E-01  1.19909701E+00
    83  1.24500000E+01  1.19977375E+00  9.99976110E-01  1.19977375E+00
    84  1.26000000E+01  1.20037360E+00  9.99974527E-01  1.20037360E+00
    85  1.27500000E+01  1.20098997E+00  9.99972856E-01  1.20098997E+00
    86  1.29000000E+01  1.20161281E+00  9.99971094E-01  1.20161281E+00
    87  1.30500000E+01  1.20216131E+00  9.99969237E-01  1.20216131E+00
    88  1.32000000E+01  1.20263948E+00  9.99967283E-01  1.20263948E+00
    89  1.33500000E+01  1.20318918E+00  9.99965227E-01  1.20318918E+00
    90  1.35000000E+01  1.20368827E+00  9.99963065E-01  1.20368827E+00
    91  1.36500000E+01  1.20412146E+00  9.99960795E-01  1.20412146E+00
    92  1.38000000E+01  1.20452099E+00  9.99958412E-01  1.20452099E+00
    93  1.39500000E+01  1.20497520E+00  9.99955913E-01  1.20497520E+00
    94  1.41000000E+01  1.20536677E+00  9.99953295E-01  1.20536677E+00
    95  1.42500000E+01  1.20570156E+00  9.99950554E-01  1.20570156E+00
    96  1.44000000E+01  1.20604204E+00  9.99947688E-01  1.20604204E+00
    97  1.45500000E+01  1.20639603E+00  9.99944692E-01  1.20639603E+00
    98  1.47000000E+01  1.20669761E+00  9.99941564E-01  1.20669761E+00
    99  1.48500000E+01  1.20695300E+00  9.99938302E-01  1.20695300E+00
   100  1.50000000E+01  1.20722483E+00  9.99934903E-01  1.20722483E+00
   101  1.51500000E+01  1.20749513E+00  9.99931366E-01  1.20749513E+00
   102  1.53000000E+01  1.20772332E+00  9.99927687E-01  1.20772332E+00
   103  1.54500000E+01  1.20791545E+00  9.99923867E-01  1.20791545E+00
   104  1.56000000E+01  1.20813158E+00  9.99919904E-01  1.20813158E+00
   105  1.57500000E+01  1.20833618E+00  9.99915798E-01  1.20833618E+00
   106  1.59000000E+01  1.20850785E+00  9.99911550E-01  1.20850785E+00
   107  1.60500000E+01  1.20865156E+00  9.99907160E-01  1.20865156E+00
   108  1.62000000E+01  1.20880264E+00  9.99902629E-01  1.20880264E+00
   109  1.63500000E+01  1.20895590E+00  9.99897961E-01  1.20895590E+00
   110  1.65000000E+01  1.20908422E+00  9.99893158E-01  1.20908422E+00
   111  1.66500000E+01  1.20919127E+00  9.99888225E-01  1.20919127E+00
   112  1.68000000E+01  1.20930200E+00  9.99883168E-01  1.20930200E+00
   113  1.69500000E+01  1.20941574E+00  9.99877992E-01  1.20941574E+00
   114  1.71000000E+01  1.20951008E+00  9.99872706E-01  1.20951008E+00
   115  1.72500000E+01  1.20958771E+00  9.99867320E-01  1.20958771E+00
   116  1.74000000E+01  1.20965072E+00  9.99861844E-01  1.20965072E+00
   117  1.75500000E+01  1.20973145E+00  9.99856291E-01  1.20973145E+00
   118  1.77000000E+01  1.20980030E+00  9.99850676E-01  1.20980030E+00
   119  1.78500000E+01  1.20985572E+00  9.99845016E-01  1.20985572E+00
   120  1.80000000E+01  1.20989921E+00  9.99839329E-01  1.20989921E+00
   121  1.81500000E+01  1.20993618E+00  9.99833638E-01  1.20993618E+00
   122  1.83000000E+01  1.20998362E+00  9.99827967E-01  1.20998362E+00
   123  1.84500000E+01  1.21002021E+00  9.99822342E-01  1.21002021E+00
   124  1.86000000E+01  1.21004720E+00  9.99816793E-01  1.21004720E+00
   125  1.87500000E+01  1.21006574E+00  9.99811356E-01  1.21006574E+00
   126  1.89000000E+01  1.21007696E+00  9.99806066E-01  1.21007696E+00
   127  1.90500000E+01  1.21009280E+00  9.99800965E-01  1.21009280E+00
   128  1.92000000E+01  1.21010715E+00  9.99796098E-01  1.21010715E+00
   129  1.93500000E+01  1.21011479E+00  9.99791517E-01  1.21011479E+00
   130  1.95000000E+01  1.21011680E+00  9.99787275E-01  1.21011680E+00
   131  1.96500000E+01  1.21011416E+00  9.99783433E-01  1.21011416E+00
   132  1.98000000E+01  1.21010776E+00  9.99780057E-01  1.21010776E+00
   133  1.99500000E+01  1.21009975E+00  9.99777220E-01  1.21009975E+00
   134  2.01000000E+01  1.21009488E+00  9.99775001E-01  1.21009488E+00
   135  2.02500000E+01  1.21008671E+00  9.99773484E-01  1.21008671E+00
   136  2.04000000E+01  1.21007594E+00  9.99772764E-01  1.21007594E+00
   137  2.05500000E+01  1.21006317E+00  9.99772941E-01  1.21006317E+00
   138  2.07000000E+01  1.21004890E+00  9.99774125E-01  1.21004890E+00
   139  2.08500000E+01  1.21003353E+00  9.99776435E-01  1.21003353E+00
   140  2.10000000E+01  1.21001740E+00  9.99779999E-01  1.21001740E+00
   141  2.11500000E+01  1.21000079E+00  9.99784956E-01  1.21000079E+00
   142  2.13000000E+01  1.20998392E+00  9.99791456E-01  1.20998392E+00
   143  2.14500000E+01  1.20996701E+00  9.99799661E-01  1.20996701E+00
   144  2.16000000E+01  1.20995024E+00  9.99809746E-01  1.20995024E+00
   145  2.17500000E+01  1.20993376E+00  9.99821898E-01  1.20993376E+00
   146  2.19000000E+01  1.20991771E+00  9.99836320E-01  1.20991771E+00
   147  2.20500000E+01  1.20990221E+00  9.99853229E-01  1.20990221E+00
   148  2.22000000E+01  1.20988735E+00  9.99872858E-01  1.20988735E+00
   149  2.23500000E+01  1.20987322E+00  9.99895459E-01  1.20987322E+00
   150  2.25000000E+01  1.20985987E+00  9.99921300E-01  1.20985987E+00
   151  2.26500000E+01  1.20984736E+00  9.99950668E-01  1.20984736E+00
   152  2.28000000E+01  1.20983571E+00  9.99983873E-01  1.20983571E+00
   153  2.29500000E+01  1.20982494E+00  1.00002124E+00  1.20982494E+00
   154  2.31000000E+01  1.20981506E+00  1.00006313E+00  1.20981506E+00
   155  2.32500000E+01  1.20980607E+00  1.00010991E+00  1.20980607E+00
   156  2.34000000E+01  1.20979796E+00  1.00016198E+00  1.20979796E+00
   157  2.35500000E+01  1.20979071E+00  1.00021977E+00  1.20979071E+00
   158  2.37000000E+01  1.20978452E+00  1.00028374E+00  1.20978452E+00
   159  2.38500000E+01  1.20978073E+00  1.00035437E+00  1.20978073E+00
   160  2.40000000E+01  1.20977766E+00  1.00043217E+00  1.20977766E+00
   161  2.41500000E+01  1.20977530E+00  1.00051769E+00  1.20977530E+00
   162  2.43000000E+01  1.20977359E+00  1.00061152E+00  1.20977359E+00
   163  2.44500000E+01  1.20977250E+00  1.00071426E+00  1.20977250E+00
   164  2.46000000E+01  1.20977200E+00  1.00082657E+00  1.20977200E+00
   165  2.47500000E+01  1.20977205E+00  1.00094915E+00  1.20977205E+00
   166  2.49000000E+01  1.20977260E+00  1.00108273E+00  1.20977260E+00
   167  2.50500000E+01  1.20977363E+00  1.00122809E+00  1.20977363E+00
   168  2.52000000E+01  1.20977509E+00  1.00138604E+00  1.20977509E+00
   169  2.53500000E+01  1.20977696E+00  1.00155746E+00  1.20977696E+00
   170  2.55000000E+01  1.20977919E+00  1.00174326E+00  1.20977919E+00
   171  2.56500000E+01  1.20978175E+00  1.00194440E+00  1.20978175E+00
   172  2.58000000E+01  1.20978461E+00  1.00216191E+00  1.20978461E+00
   173  2.59500000E+01  1.20978774E+00  1.00239685E+00  1.20978774E+00
   174  2.61000000E+01  1.20979110E+00  1.00265034E+00  1.20979110E+00
   175  2.62500000E+01  1.20979467E+00  1.00292358E+00  1.20979467E+00
   176  2.64000000E+01  1.20979843E+00  1.00321780E+00  1.20979843E+00
   177  2.65500000E+01  1.20980233E+00  1.00353430E+00  1.20980233E+00
   178  2.67000000E+01  1.20980637E+00  1.00387444E+00  1.20980637E+00
   179  2.68500000E+01  1.20981052E+00  1.00423966E+00  1.20981052E+00
   180  2.70000000E+01  1.20981475E+00  1.00463143E+00  1.20981475E+00
   181  2.71500000E+01  1.20981905E+00  1.00505132E+00  1.20981905E+00
   182  2.73000000E+01  1.20982339E+00  1.00550094E+00  1.20982339E+00
   183  2.74500000E+01  1.20982777E+00  1.00598198E+00  1.20982777E+00
   184  2.76000000E+01  1.20983216E+00  1.00649618E+00  1.20983216E+00
   185  2.77500000E+01  1.20983654E+00  1.00704537E+00  1.20983654E+00
   186  2.79000000E+01  1.20984092E+00  1.00763141E+00  1.20984092E+00
   187  2.80500000E+01  1.20984526E+00  1.00825626E+00  1.20984526E+00
   188  2.82000000E+01  1.20984957E+00  1.00892191E+00  1.20984957E+00
   189  2.83500000E+01  1.20985383E+00  1.00963043E+00  1.20985383E+00
   190  2.85000000E+01  1.20985803E+00  1.01038393E+00  1.20985803E+00
   191  2.86500000E+01  1.20986217E+00  1.01118459E+00  1.20986217E+00
   192  2.88000000E+01  1.20986624E+00  1.01203461E+00  1.20986624E+00
   193  2.89500000E+01  1.20987023E+00  1.01293625E+00  1.20987023E+00
   194  2.91000000E+01  1.20987413E+00  1.01389180E+00  1.20987413E+00
   195  2.92500000E+01  1.20987795E+00  1.01490357E+00  1.20987795E+00
   196  2.94000000E+01  1.20988168E+00  1.01597388E+00  1.20988168E+00
   197  2.95500000E+01  1.20988531E+00  1.01710506E+00  1.20988531E+00
   198  2.97000000E+01  1.20988884E+00  1.01829943E+00  1.20988884E+00
   199  2.98500000E+01  1.20989227E+00  1.01955930E+00  1.20989227E+00
   200  3.00000000E+01  1.20989561E+00  1.02088693E+00  1.20989561E+00
   201  3.01500000E+01  1.20989884E+00  1.02228454E+00  1.20989884E+00
   202  3.03000000E+01  1.20990197E+00  1.02375428E+00  1.20990197E+00
   203  3.04500000E+01  1.20990500E+00  1.02529821E+00  1.20990500E+00
   204  3.06000000E+01  1.20990792E+00  1.02691829E+00  1.20990792E+00
   205  3.07500000E+01  1.20991075E+00  1.02861635E+00  1.20991075E+00
   206  3.09000000E+01  1.20991347E+00  1.03039408E+00  1.20991347E+00
   207  3.10500000E+01  1.20991609E+00  1.03225301E+00  1.20991609E+00
   208  3.12000000E+01  1.20991862E+00  1.03419445E+00  1.20991862E+00
   209  3.13500000E+01  1.20992105E+00  1.03621953E+00  1.20992105E+00
   210  3.15000000E+01  1.20992339E+00  1.03832910E+00  1.20992339E+00
   211  3.16500000E+01  1.20992563E+00  1.04052378E+00  1.20992563E+00
   212  3.18000000E+01  1.20992779E+00  1.04280386E+00  1.20992779E+00
   213  3.19500000E+01  1.20992985E+00  1.04516933E+00  1.20992985E+00
   214  3.21000000E+01  1.20993184E+00  1.04761985E+00  1.20993184E+00
   215  3.22500000E+01  1.20993373E+00  1.05015469E+00  1.20993373E+00
   216  3.24000000E+01  1.20993555E+00  1.05277277E+00  1.20993555E+00
   217  3.25500000E+01  1.20993729E+00  1.05547259E+00  1.20993729E+00
   218  3.27000000E+01  1.20993895E+00  1.05825224E+00  1.20993895E+00
   219  3.28500000E+01  1.20994054E+00  1.06110942E+00  1.20994054E+00
   220  3.30000000E+01  1.20994206E+00  1.06404138E+00  1.20994206E+00
   221  3.31500000E+01  1.20994351E+00  1.06704498E+00  1.20994351E+00
   222  3.33000000E+01  1.20994489E+00  1.07011666E+00  1.20994489E+00
   223  3.34500000E+01  1.20994621E+00  1.07325248E+00  1.20994621E+00
   224  3.36000000E+01  1.20994747E+00  1.07644812E+00  1.20994747E+00
   225  3.37500000E+01  1.20994867E+00  1.07969894E+00  1.20994867E+00
   226  3.39000000E+01  1.20994982E+00  1.08299996E+00  1.20994982E+00
   227  3.40500000E+01  1.20995091E+00  1.08634593E+00  1.20995091E+00
   228  3.42000000E+01  1.20995195E+00  1.08973137E+00  1.20995195E+00
   229  3.43500000E+01  1.20995294E+00  1.09315062E+00  1.20995294E+00
   230  3.45000000E+01  1.20995388E+00  1.09659784E+00  1.20995388E+00
   231  3.46500000E+01  1.20995478E+00  1.10006712E+00  1.20995478E+00
   232  3.48000000E+01  1.20995563E+00  1.10355249E+00  1.20995563E+00
   233  3.49500000E+01  1.20995644E+00  1.10704799E+00  1.20995644E+00
   234  3.51000000E+01  1.20995722E+00  1.11054770E+00  1.20995722E+00
   235  3.52500000E+01  1.20995795E+00  1.11404580E+00  1.20995795E+00
   236  3.54000000E+01  1.20995866E+00  1.11753663E+00  1.20995866E+00
   237  3.55500000E+01  1.20995932E+00  1.12101472E+00  1.20995932E+00
   238  3.57000000E+01  1.20995996E+00  1.12447481E+00  1.20995996E+00
   239  3.58500000E+01  1.20996056E+00  1.12791192E+00  1.20996056E+00
   240  3.60000000E+01  1.20996114E+00  1.13132140E+00  1.20996114E+00
   241  3.61500000E+01  1.20996168E+00  1.13469889E+00  1.20996168E+00
   242  3.63000000E+01  1.20996220E+00  1.13804040E+00  1.20996220E+00
   243  3.64500000E+01  1.20996270E+00  1.14134230E+00  1.20996270E+00
   244  3.66000000E+01  1.20996317E+00  1.14460131E+00  1.20996317E+00
   245  3.67500000E+01  1.20996362E+00  1.14781449E+00  1.20996362E+00
   246  3.69000000E+01  1.20996404E+00  1.15097921E+00  1.20996404E+00
   247  3.70500000E+01  1.20996445E+00  1.15409308E+00  1.20996445E+00
   248  3.72000000E+01  1.20996484E+00  1.15715390E+00  1.20996484E+00
   249  3.73500000E+01  1.20996521E+00  1.16015950E+00  1.20996521E+00
   250  3.75000000E+01  1.20996556E+00  1.16310767E+00  1.20996556E+00
   251  3.76500000E+01  1.20996589E+00  1.16599595E+00  1.20996589E+00
   252  3.78000000E+01  1.20996621E+00  1.16882152E+00  1.20996621E+00
   253  3.79500000E+01  1.20996652E+00  1.17158101E+00  1.20996652E+00
   254  3.81000000E+01  1.20996681E+00  1.17427031E+00  1.20996681E+00
   255  3.82500000E+01  1.20996709E+00  1.17688452E+00  1.20996709E+00
   256  3.84000000E+01  1.20996735E+00  1.17941782E+00  1.20996735E+00
   257  3.85500000E+01  1.20996760E+00  1.18186349E+00  1.20996760E+00
   258  3.87000000E+01  1.20996785E+00  1.18421398E+00  1.20996785E+00
   259  3.88500000E+01  1.20996808E+00  1.18646112E+00  1.20996808E+00
   260  3.90000000E+01  1.20996830E+00  1.18859639E+00  1.20996830E+00
   261  3.91500000E+01  1.20996851E+00  1.19061129E+00  1.20996851E+00
   262  3.93000000E+01  1.20996871E+00  1.19249781E+00  1.20996871E+00
   263  3.94500000E+01  1.20996890E+00  1.19424893E+00  1.20996890E+00
   264  3.96000000E+01  1.20996909E+00  1.19585912E+00  1.20996909E+00
   265  3.97500000E+01  1.20996926E+00  1.19732481E+00  1.20996926E+00
   266  3.99000000E+01  1.20996943E+00  1.19864479E+00  1.20996943E+00
   267  4.00500000E+01  1.20996959E+00  1.19982043E+00  1.20996959E+00
   268  4.02000000E+01  1.20996975E+00  1.20085584E+00  1.20996975E+00
   269  4.03500000E+01  1.20996990E+00  1.20175773E+00  1.20996990E+00
   270  4.05000000E+01  1.20997004E+00  1.20253515E+00  1.20997004E+00
   271  4.06500000E+01  1.20997018E+00  1.20319909E+00  1.20997018E+00
   272  4.08000000E+01  1.20997031E+00  1.20376189E+00  1.20997031E+00
   273  4.09500000E+01  1.20997044E+00  1.20423658E+00  1.20997044E+00
   274  4.11000000E+01  1.20997056E+00  1.20463625E+00  1.20997056E+00
   275  4.12500000E+01  1.20997067E+00  1.20497338E+00  1.20997067E+00
   276  4.14000000E+01  1.20997079E+00  1.20525930E+00  1.20997079E+00
   277  4.15500000E+01  1.20997089E+00  1.20550381E+00  1.20997089E+00
   278  4.17000000E+01  1.20997100E+00  1.20571491E+00  1.20997100E+00
   279  4.18500000E+01  1.20997110E+00  1.20589878E+00  1.20997110E+00
   280  4.20000000E+01  1.20997119E+00  1.20605981E+00  1.20997119E+00
   281  4.21500000E+01  1.20997129E+00  1.20620091E+00  1.20997129E+00
   282  4.23000000E+01  1.20997137E+00  1.20632381E+00  1.20997137E+00
   283  4.24500000E+01  1.20997146E+00  1.20642945E+00  1.20997146E+00
   284  4.26000000E+01  1.20997154E+00  1.20651833E+00  1.20997154E+00
   285  4.27500000E+01  1.20997162E+00  1.20659089E+00  1.20997162E+00
   286  4.29000000E+01  1.20997170E+00  1.20664774E+00  1.20997170E+00
   287  4.30500000E+01  1.20997177E+00  1.20668980E+00  1.20997177E+00
   288  4.32000000E+01  1.20997184E+00  1.20671840E+00  1.20997184E+00
   289  4.33500000E+01  1.20997191E+00  1.20673521E+00  1.20997191E+00
   290  4.35000000E+01  1.20997198E+00  1.20674218E+00  1.20997198E+00
   291  4.36500000E+01  1.20997204E+00  1.20674136E+00  1.20997204E+00
   292  4.38000000E+01  1.20997210E+00  1.20673475E+00  1.20997210E+00
   293  4.39500000E+01  1.20997216E+00  1.20672418E+00  1.20997216E+00
   294  4.41000000E+01  1.20997222E+00  1.20671115E+00  1.20997222E+00
   295  4.42500000E+01  1.20997227E+00  1.20669685E+00  1.20997227E+00
   296  4.44000000E+01  1.20997232E+00  1.20668205E+00  1.20997232E+00
   297  4.45500000E+01  1.20997238E+00  1.20666718E+00  1.20997238E+00
   298  4.47000000E+01  1.20997243E+00  1.20665241E+00  1.20997243E+00
   299  4.48500000E+01  1.20997247E+00  1.20663769E+00  1.20997247E+00
   300  4.50000000E+01  1.20997252E+00  1.20662286E+00  1.20997252E+00
   301  4.51500000E+01  1.20997256E+00  1.20660777E+00  1.20997256E+00
   302  4.53000000E+01  1.20997261E+00  1.20659227E+00  1.20997261E+00
   303  4.54500000E+01  1.20997265E+00  1.20657633E+00  1.20997265E+00
   304  4.56000000E+01  1.20997269E+00  1.20655999E+00  1.20997269E+00
   305  4.57500000E+01  1.20997272E+00  1.20654340E+00  1.20997272E+00
   306  4.59000000E+01  1.20997276E+00  1.20652677E+00  1.20997276E+00
   307  4.60500000E+01  1.20997280E+00  1.20651038E+00  1.20997280E+00
   308  4.62000000E+01  1.20997283E+00  1.20649447E+00  1.20997283E+00
   309  4.63500000E+01  1.20997287E+00  1.20647929E+00  1.20997287E+00
   310  4.65000000E+01  1.20997290E+00  1.20646504E+00  1.20997290E+00
   311  4.66500000E+01  1.20997293E+00  1.20645183E+00  1.20997293E+00
   312  4.68000000E+01  1.20997296E+00  1.20643975E+00  1.20997296E+00
   313  4.69500000E+01  1.20997299E+00  1.20642880E+00  1.20997299E+00
   314  4.71000000E+01  1.20997301E+00  1.20641896E+00  1.20997301E+00
   315  4.72500000E+01  1.20997304E+00  1.20641016E+00  1.20997304E+00
   316  4.74000000E+01  1.20997307E+00  1.20640232E+00  1.20997307E+00
   317  4.75500000E+01  1.20997309E+00  1.20639538E+00  1.20997309E+00
   318  4.77000000E+01  1.20997312E+00  1.20638927E+00  1.20997312E+00
   319  4.78500000E+01  1.20997314E+00  1.20638393E+00  1.20997314E+00
   320  4.80000000E+01  1.20997316E+00  1.20637932E+00  1.20997316E+00
   321  4.81500000E+01  1.20997318E+00  1.20637542E+00  1.20997318E+00
   322  4.83000000E+01  1.20997320E+00  1.20637221E+00  1.20997320E+00
   323  4.84500000E+01  1.20997322E+00  1.20636967E+00  1.20997322E+00
 steady-height stop at step    323: changes <=   1.0000E-05, max-end <=   1.0000E-02, max/end/gap/profile_change =   1.20997322E+00  1.20636967E+00  3.60355460E-03  4.46782126E-06


STDERR:
