COMMAND:
/shared/generate_rom_data/extrudate_swell2d_c_cluster

STDOUT:
 comppar: model =   6
 comppar: lambda,mobility/eps,betav,eta_0 =  4.6000E+00  2.3333E-01  1.0000E-01  1.0000E+00
 comppar: eta_s,eta_p,G =  1.0000E-01  9.0000E-01  1.9565E-01
 comppar: U_avg,deltat,flowrate,nsteps =  2.5000E-02  8.0000E-01  7.8540E-02     700
 comppar: geometry = axisymmetric
 comppar: steady stop change,gap,hold,min =  1.0000E-05  1.0000E-02      10      80
 comppar: ncompc,ncompg =     4     5
 mesh nnodes = 5765
 mesh nelem = 2780
 P1 BC   5.0000000000000000     
 P2 BC   0.0000000000000000     
     1  8.00000000E-01  1.00252615E+00  1.00000000E+00  1.00252615E+00
     2  1.60000000E+00  1.00496800E+00  1.00000000E+00  1.00496800E+00
     3  2.40000000E+00  1.00730392E+00  1.00000000E+00  1.00730392E+00
     4  3.20000000E+00  1.00958010E+00  1.00000000E+00  1.00958010E+00
     5  4.00000000E+00  1.01181205E+00  1.00000000E+00  1.01181205E+00
     6  4.80000000E+00  1.01400878E+00  1.00000000E+00  1.01400878E+00
     7  5.60000000E+00  1.01616922E+00  1.00000000E+00  1.01616922E+00
     8  6.40000000E+00  1.01831753E+00  1.00000000E+00  1.01831753E+00
     9  7.20000000E+00  1.02043338E+00  1.00000000E+00  1.02043338E+00
    10  8.00000000E+00  1.02253275E+00  1.00000001E+00  1.02253275E+00
    11  8.80000000E+00  1.02459687E+00  1.00000001E+00  1.02459687E+00
    12  9.60000000E+00  1.02665293E+00  1.00000001E+00  1.02665293E+00
    13  1.04000000E+01  1.02866316E+00  1.00000001E+00  1.02866316E+00
    14  1.12000000E+01  1.03067632E+00  1.00000001E+00  1.03067632E+00
    15  1.20000000E+01  1.03264104E+00  1.00000001E+00  1.03264104E+00
    16  1.28000000E+01  1.03459131E+00  1.00000001E+00  1.03459131E+00
    17  1.36000000E+01  1.03651927E+00  1.00000001E+00  1.03651927E+00
    18  1.44000000E+01  1.03839869E+00  1.00000001E+00  1.03839869E+00
    19  1.52000000E+01  1.04029039E+00  1.00000001E+00  1.04029039E+00
    20  1.60000000E+01  1.04212759E+00  1.00000001E+00  1.04212759E+00
    21  1.68000000E+01  1.04393946E+00  1.00000001E+00  1.04393946E+00
    22  1.76000000E+01  1.04574969E+00  1.00000001E+00  1.04574969E+00
    23  1.84000000E+01  1.04750102E+00  1.00000000E+00  1.04750102E+00
    24  1.92000000E+01  1.04924348E+00  1.00000000E+00  1.04924348E+00
    25  2.00000000E+01  1.05096797E+00  9.99999999E-01  1.05096797E+00
    26  2.08000000E+01  1.05262919E+00  9.99999996E-01  1.05262919E+00
    27  2.16000000E+01  1.05427318E+00  9.99999992E-01  1.05427318E+00
    28  2.24000000E+01  1.05592065E+00  9.99999987E-01  1.05592065E+00
    29  2.32000000E+01  1.05750160E+00  9.99999981E-01  1.05750160E+00
    30  2.40000000E+01  1.05906893E+00  9.99999975E-01  1.05906893E+00
    31  2.48000000E+01  1.06063726E+00  9.99999968E-01  1.06063726E+00
    32  2.56000000E+01  1.06213583E+00  9.99999960E-01  1.06213583E+00
    33  2.64000000E+01  1.06361054E+00  9.99999951E-01  1.06361054E+00
    34  2.72000000E+01  1.06511444E+00  9.99999941E-01  1.06511444E+00
    35  2.80000000E+01  1.06654647E+00  9.99999929E-01  1.06654647E+00
    36  2.88000000E+01  1.06791617E+00  9.99999917E-01  1.06791617E+00
    37  2.96000000E+01  1.06935477E+00  9.99999902E-01  1.06935477E+00
    38  3.04000000E+01  1.07071940E+00  9.99999887E-01  1.07071940E+00
    39  3.12000000E+01  1.07200663E+00  9.99999870E-01  1.07200663E+00
    40  3.20000000E+01  1.07331107E+00  9.99999851E-01  1.07331107E+00
    41  3.28000000E+01  1.07462855E+00  9.99999830E-01  1.07462855E+00
    42  3.36000000E+01  1.07586788E+00  9.99999807E-01  1.07586788E+00
    43  3.44000000E+01  1.07702620E+00  9.99999783E-01  1.07702620E+00
    44  3.52000000E+01  1.07829591E+00  9.99999756E-01  1.07829591E+00
    45  3.60000000E+01  1.07948716E+00  9.99999726E-01  1.07948716E+00
    46  3.68000000E+01  1.08059676E+00  9.99999694E-01  1.08059676E+00
    47  3.76000000E+01  1.08167487E+00  9.99999660E-01  1.08167487E+00
    48  3.84000000E+01  1.08284326E+00  9.99999622E-01  1.08284326E+00
    49  3.92000000E+01  1.08393034E+00  9.99999582E-01  1.08393034E+00
    50  4.00000000E+01  1.08493416E+00  9.99999538E-01  1.08493416E+00
    51  4.08000000E+01  1.08595318E+00  9.99999491E-01  1.08595318E+00
    52  4.16000000E+01  1.08701746E+00  9.99999440E-01  1.08701746E+00
    53  4.24000000E+01  1.08799866E+00  9.99999385E-01  1.08799866E+00
    54  4.32000000E+01  1.08889563E+00  9.99999326E-01  1.08889563E+00
    55  4.40000000E+01  1.08979979E+00  9.99999263E-01  1.08979979E+00
    56  4.48000000E+01  1.09078281E+00  9.99999196E-01  1.09078281E+00
    57  4.56000000E+01  1.09168245E+00  9.99999123E-01  1.09168245E+00
    58  4.64000000E+01  1.09249835E+00  9.99999046E-01  1.09249835E+00
    59  4.72000000E+01  1.09330922E+00  9.99998963E-01  1.09330922E+00
    60  4.80000000E+01  1.09421003E+00  9.99998874E-01  1.09421003E+00
    61  4.88000000E+01  1.09502735E+00  9.99998779E-01  1.09502735E+00
    62  4.96000000E+01  1.09576166E+00  9.99998678E-01  1.09576166E+00
    63  5.04000000E+01  1.09646533E+00  9.99998571E-01  1.09646533E+00
    64  5.12000000E+01  1.09728763E+00  9.99998456E-01  1.09728763E+00
    65  5.20000000E+01  1.09802757E+00  9.99998334E-01  1.09802757E+00
    66  5.28000000E+01  1.09868669E+00  9.99998204E-01  1.09868669E+00
    67  5.36000000E+01  1.09932069E+00  9.99998066E-01  1.09932069E+00
    68  5.44000000E+01  1.10006390E+00  9.99997920E-01  1.10006390E+00
    69  5.52000000E+01  1.10072609E+00  9.99997765E-01  1.10072609E+00
    70  5.60000000E+01  1.10130992E+00  9.99997600E-01  1.10130992E+00
    71  5.68000000E+01  1.10186738E+00  9.99997425E-01  1.10186738E+00
    72  5.76000000E+01  1.10253555E+00  9.99997240E-01  1.10253555E+00
    73  5.84000000E+01  1.10312582E+00  9.99997044E-01  1.10312582E+00
    74  5.92000000E+01  1.10364203E+00  9.99996836E-01  1.10364203E+00
    75  6.00000000E+01  1.10414791E+00  9.99996617E-01  1.10414791E+00
    76  6.08000000E+01  1.10474083E+00  9.99996385E-01  1.10474083E+00
    77  6.16000000E+01  1.10525922E+00  9.99996140E-01  1.10525922E+00
    78  6.24000000E+01  1.10570814E+00  9.99995882E-01  1.10570814E+00
    79  6.32000000E+01  1.10616694E+00  9.99995609E-01  1.10616694E+00
    80  6.40000000E+01  1.10669194E+00  9.99995321E-01  1.10669194E+00
    81  6.48000000E+01  1.10714751E+00  9.99995018E-01  1.10714751E+00
    82  6.56000000E+01  1.10753949E+00  9.99994698E-01  1.10753949E+00
    83  6.64000000E+01  1.10795702E+00  9.99994362E-01  1.10795702E+00
    84  6.72000000E+01  1.10841440E+00  9.99994008E-01  1.10841440E+00
    85  6.80000000E+01  1.10880772E+00  9.99993635E-01  1.10880772E+00
    86  6.88000000E+01  1.10914366E+00  9.99993243E-01  1.10914366E+00
    87  6.96000000E+01  1.10953453E+00  9.99992831E-01  1.10953453E+00
    88  7.04000000E+01  1.10993421E+00  9.99992398E-01  1.10993421E+00
    89  7.12000000E+01  1.11027585E+00  9.99991944E-01  1.11027585E+00
    90  7.20000000E+01  1.11056619E+00  9.99991467E-01  1.11056619E+00
    91  7.28000000E+01  1.11091104E+00  9.99990967E-01  1.11091104E+00
    92  7.36000000E+01  1.11125387E+00  9.99990442E-01  1.11125387E+00
    93  7.44000000E+01  1.11154512E+00  9.99989893E-01  1.11154512E+00
    94  7.52000000E+01  1.11179166E+00  9.99989317E-01  1.11179166E+00
    95  7.60000000E+01  1.11212223E+00  9.99988713E-01  1.11212223E+00
    96  7.68000000E+01  1.11241840E+00  9.99988082E-01  1.11241840E+00
    97  7.76000000E+01  1.11266866E+00  9.99987422E-01  1.11266866E+00
    98  7.84000000E+01  1.11287933E+00  9.99986731E-01  1.11287933E+00
    99  7.92000000E+01  1.11316272E+00  9.99986009E-01  1.11316272E+00
   100  8.00000000E+01  1.11341398E+00  9.99985255E-01  1.11341398E+00
   101  8.08000000E+01  1.11362560E+00  9.99984468E-01  1.11362560E+00
   102  8.16000000E+01  1.11382526E+00  9.99983645E-01  1.11382526E+00
   103  8.24000000E+01  1.11408056E+00  9.99982788E-01  1.11408056E+00
   104  8.32000000E+01  1.11429495E+00  9.99981893E-01  1.11429495E+00
   105  8.40000000E+01  1.11447426E+00  9.99980961E-01  1.11447426E+00
   106  8.48000000E+01  1.11463754E+00  9.99979990E-01  1.11463754E+00
   107  8.56000000E+01  1.11485304E+00  9.99978978E-01  1.11485304E+00
   108  8.64000000E+01  1.11503347E+00  9.99977925E-01  1.11503347E+00
   109  8.72000000E+01  1.11518403E+00  9.99976830E-01  1.11518403E+00
   110  8.80000000E+01  1.11535410E+00  9.99975691E-01  1.11535410E+00
   111  8.88000000E+01  1.11553645E+00  9.99974507E-01  1.11553645E+00
   112  8.96000000E+01  1.11568775E+00  9.99973277E-01  1.11568775E+00
   113  9.04000000E+01  1.11581254E+00  9.99972000E-01  1.11581254E+00
   114  9.12000000E+01  1.11594709E+00  9.99970674E-01  1.11594709E+00
   115  9.20000000E+01  1.11609968E+00  9.99969299E-01  1.11609968E+00
   116  9.28000000E+01  1.11622585E+00  9.99967874E-01  1.11622585E+00
   117  9.36000000E+01  1.11632932E+00  9.99966397E-01  1.11632932E+00
   118  9.44000000E+01  1.11647256E+00  9.99964868E-01  1.11647256E+00
   119  9.52000000E+01  1.11659893E+00  9.99963285E-01  1.11659893E+00
   120  9.60000000E+01  1.11670186E+00  9.99961648E-01  1.11670186E+00
   121  9.68000000E+01  1.11678462E+00  9.99959955E-01  1.11678462E+00
   122  9.76000000E+01  1.11689619E+00  9.99958206E-01  1.11689619E+00
   123  9.84000000E+01  1.11700062E+00  9.99956401E-01  1.11700062E+00
   124  9.92000000E+01  1.11708492E+00  9.99954538E-01  1.11708492E+00
   125  1.00000000E+02  1.11716740E+00  9.99952616E-01  1.11716740E+00
   126  1.00800000E+02  1.11727161E+00  9.99950636E-01  1.11727161E+00
   127  1.01600000E+02  1.11735519E+00  9.99948597E-01  1.11735519E+00
   128  1.02400000E+02  1.11742100E+00  9.99946498E-01  1.11742100E+00
   129  1.03200000E+02  1.11748086E+00  9.99944341E-01  1.11748086E+00
   130  1.04000000E+02  1.11756598E+00  9.99942123E-01  1.11756598E+00
   131  1.04800000E+02  1.11763335E+00  9.99939847E-01  1.11763335E+00
   132  1.05600000E+02  1.11768526E+00  9.99937511E-01  1.11768526E+00
   133  1.06400000E+02  1.11775956E+00  9.99935117E-01  1.11775956E+00
   134  1.07200000E+02  1.11782610E+00  9.99932666E-01  1.11782610E+00
   135  1.08000000E+02  1.11787709E+00  9.99930157E-01  1.11787709E+00
   136  1.08800000E+02  1.11791467E+00  9.99927593E-01  1.11791467E+00
   137  1.09600000E+02  1.11797121E+00  9.99924975E-01  1.11797121E+00
   138  1.10400000E+02  1.11802372E+00  9.99922305E-01  1.11802372E+00
   139  1.11200000E+02  1.11806272E+00  9.99919583E-01  1.11806272E+00
   140  1.12000000E+02  1.11810646E+00  9.99916814E-01  1.11810646E+00
   141  1.12800000E+02  1.11815811E+00  9.99913998E-01  1.11815811E+00
   142  1.13600000E+02  1.11819627E+00  9.99911140E-01  1.11819627E+00
   143  1.14400000E+02  1.11822291E+00  9.99908243E-01  1.11822291E+00
   144  1.15200000E+02  1.11825418E+00  9.99905310E-01  1.11825418E+00
   145  1.16000000E+02  1.11829377E+00  9.99902346E-01  1.11829377E+00
   146  1.16800000E+02  1.11832172E+00  9.99899355E-01  1.11832172E+00
   147  1.17600000E+02  1.11834615E+00  9.99896343E-01  1.11834615E+00
   148  1.18400000E+02  1.11838491E+00  9.99893315E-01  1.11838491E+00
   149  1.19200000E+02  1.11841211E+00  9.99890279E-01  1.11841211E+00
   150  1.20000000E+02  1.11842956E+00  9.99887241E-01  1.11842956E+00
   151  1.20800000E+02  1.11844523E+00  9.99884208E-01  1.11844523E+00
   152  1.21600000E+02  1.11847376E+00  9.99881190E-01  1.11847376E+00
   153  1.22400000E+02  1.11849239E+00  9.99878195E-01  1.11849239E+00
   154  1.23200000E+02  1.11850557E+00  9.99875234E-01  1.11850557E+00
   155  1.24000000E+02  1.11853331E+00  9.99872318E-01  1.11853331E+00
   156  1.24800000E+02  1.11855128E+00  9.99869457E-01  1.11855128E+00
   157  1.25600000E+02  1.11856116E+00  9.99866665E-01  1.11856116E+00
   158  1.26400000E+02  1.11856825E+00  9.99863955E-01  1.11856825E+00
   159  1.27200000E+02  1.11858742E+00  9.99861343E-01  1.11858742E+00
   160  1.28000000E+02  1.11859833E+00  9.99858843E-01  1.11859833E+00
   161  1.28800000E+02  1.11860616E+00  9.99856473E-01  1.11860616E+00
   162  1.29600000E+02  1.11862460E+00  9.99854252E-01  1.11862460E+00
   163  1.30400000E+02  1.11863493E+00  9.99852199E-01  1.11863493E+00
   164  1.31200000E+02  1.11863873E+00  9.99850335E-01  1.11863873E+00
   165  1.32000000E+02  1.11864193E+00  9.99848683E-01  1.11864193E+00
   166  1.32800000E+02  1.11865334E+00  9.99847268E-01  1.11865334E+00
   167  1.33600000E+02  1.11865802E+00  9.99846115E-01  1.11865802E+00
   168  1.34400000E+02  1.11866425E+00  9.99845252E-01  1.11866425E+00
   169  1.35200000E+02  1.11867498E+00  9.99844709E-01  1.11867498E+00
   170  1.36000000E+02  1.11867916E+00  9.99844517E-01  1.11867916E+00
   171  1.36800000E+02  1.11867822E+00  9.99844711E-01  1.11867822E+00
   172  1.37600000E+02  1.11868057E+00  9.99845327E-01  1.11868057E+00
   173  1.38400000E+02  1.11868567E+00  9.99846401E-01  1.11868567E+00
   174  1.39200000E+02  1.11868546E+00  9.99847976E-01  1.11868546E+00
   175  1.40000000E+02  1.11869232E+00  9.99850093E-01  1.11869232E+00
   176  1.40800000E+02  1.11869680E+00  9.99852799E-01  1.11869680E+00
   177  1.41600000E+02  1.11869614E+00  9.99856142E-01  1.11869614E+00
   178  1.42400000E+02  1.11869167E+00  9.99860173E-01  1.11869167E+00
   179  1.43200000E+02  1.11869481E+00  9.99864946E-01  1.11869481E+00
   180  1.44000000E+02  1.11869493E+00  9.99870519E-01  1.11869493E+00
   181  1.44800000E+02  1.11869492E+00  9.99876953E-01  1.11869492E+00
   182  1.45600000E+02  1.11869964E+00  9.99884312E-01  1.11869964E+00
   183  1.46400000E+02  1.11869919E+00  9.99892665E-01  1.11869919E+00
   184  1.47200000E+02  1.11869489E+00  9.99902083E-01  1.11869489E+00
   185  1.48000000E+02  1.11869225E+00  9.99912643E-01  1.11869225E+00
   186  1.48800000E+02  1.11869262E+00  9.99924425E-01  1.11869262E+00
   187  1.49600000E+02  1.11868897E+00  9.99937514E-01  1.11868897E+00
   188  1.50400000E+02  1.11869350E+00  9.99951999E-01  1.11869350E+00
   189  1.51200000E+02  1.11869320E+00  9.99967976E-01  1.11869320E+00
   190  1.52000000E+02  1.11868902E+00  9.99985542E-01  1.11868902E+00
   191  1.52800000E+02  1.11868311E+00  1.00000480E+00  1.11868311E+00
   192  1.53600000E+02  1.11868692E+00  1.00002587E+00  1.11868692E+00
   193  1.54400000E+02  1.11868955E+00  1.00004886E+00  1.11868955E+00
   194  1.55200000E+02  1.11869109E+00  1.00007389E+00  1.11869109E+00
   195  1.56000000E+02  1.11869167E+00  1.00010110E+00  1.11869167E+00
   196  1.56800000E+02  1.11869373E+00  1.00013061E+00  1.11869373E+00
   197  1.57600000E+02  1.11869567E+00  1.00016257E+00  1.11869567E+00
   198  1.58400000E+02  1.11869663E+00  1.00019713E+00  1.11869663E+00
   199  1.59200000E+02  1.11869678E+00  1.00023443E+00  1.11869678E+00
   200  1.60000000E+02  1.11869739E+00  1.00027466E+00  1.11869739E+00
   201  1.60800000E+02  1.11869831E+00  1.00031796E+00  1.11869831E+00
   202  1.61600000E+02  1.11869839E+00  1.00036454E+00  1.11869839E+00
   203  1.62400000E+02  1.11869785E+00  1.00041456E+00  1.11869785E+00
   204  1.63200000E+02  1.11869690E+00  1.00046824E+00  1.11869690E+00
   205  1.64000000E+02  1.11869700E+00  1.00052576E+00  1.11869700E+00
   206  1.64800000E+02  1.11869671E+00  1.00058736E+00  1.11869671E+00
   207  1.65600000E+02  1.11869592E+00  1.00065324E+00  1.11869592E+00
   208  1.66400000E+02  1.11869484E+00  1.00072366E+00  1.11869484E+00
   209  1.67200000E+02  1.11869363E+00  1.00079884E+00  1.11869363E+00
   210  1.68000000E+02  1.11869244E+00  1.00087905E+00  1.11869244E+00
   211  1.68800000E+02  1.11869136E+00  1.00096455E+00  1.11869136E+00
   212  1.69600000E+02  1.11869045E+00  1.00105563E+00  1.11869045E+00
   213  1.70400000E+02  1.11869008E+00  1.00115257E+00  1.11869008E+00
   214  1.71200000E+02  1.11868989E+00  1.00125568E+00  1.11868989E+00
   215  1.72000000E+02  1.11868969E+00  1.00136526E+00  1.11868969E+00
   216  1.72800000E+02  1.11868947E+00  1.00148166E+00  1.11868947E+00
   217  1.73600000E+02  1.11868920E+00  1.00160520E+00  1.11868920E+00
   218  1.74400000E+02  1.11868888E+00  1.00173625E+00  1.11868888E+00
   219  1.75200000E+02  1.11868851E+00  1.00187517E+00  1.11868851E+00
   220  1.76000000E+02  1.11868810E+00  1.00202235E+00  1.11868810E+00
   221  1.76800000E+02  1.11868766E+00  1.00217818E+00  1.11868766E+00
   222  1.77600000E+02  1.11868720E+00  1.00234308E+00  1.11868720E+00
   223  1.78400000E+02  1.11868673E+00  1.00251747E+00  1.11868673E+00
   224  1.79200000E+02  1.11868626E+00  1.00270179E+00  1.11868626E+00
   225  1.80000000E+02  1.11868580E+00  1.00289651E+00  1.11868580E+00
   226  1.80800000E+02  1.11868536E+00  1.00310208E+00  1.11868536E+00
   227  1.81600000E+02  1.11868492E+00  1.00331902E+00  1.11868492E+00
   228  1.82400000E+02  1.11868451E+00  1.00354781E+00  1.11868451E+00
   229  1.83200000E+02  1.11868411E+00  1.00378898E+00  1.11868411E+00
   230  1.84000000E+02  1.11868372E+00  1.00404307E+00  1.11868372E+00
   231  1.84800000E+02  1.11868334E+00  1.00431063E+00  1.11868334E+00
   232  1.85600000E+02  1.11868298E+00  1.00459223E+00  1.11868298E+00
   233  1.86400000E+02  1.11868262E+00  1.00488847E+00  1.11868262E+00
   234  1.87200000E+02  1.11868228E+00  1.00519994E+00  1.11868228E+00
   235  1.88000000E+02  1.11868194E+00  1.00552727E+00  1.11868194E+00
   236  1.88800000E+02  1.11868161E+00  1.00587109E+00  1.11868161E+00
   237  1.89600000E+02  1.11868129E+00  1.00623204E+00  1.11868129E+00
   238  1.90400000E+02  1.11868099E+00  1.00661081E+00  1.11868099E+00
   239  1.91200000E+02  1.11868069E+00  1.00700806E+00  1.11868069E+00
   240  1.92000000E+02  1.11868040E+00  1.00742450E+00  1.11868040E+00
   241  1.92800000E+02  1.11868012E+00  1.00786083E+00  1.11868012E+00
   242  1.93600000E+02  1.11867986E+00  1.00831778E+00  1.11867986E+00
   243  1.94400000E+02  1.11867961E+00  1.00879608E+00  1.11867961E+00
   244  1.95200000E+02  1.11867936E+00  1.00929648E+00  1.11867936E+00
   245  1.96000000E+02  1.11867913E+00  1.00981973E+00  1.11867913E+00
   246  1.96800000E+02  1.11867891E+00  1.01036661E+00  1.11867891E+00
   247  1.97600000E+02  1.11867870E+00  1.01093787E+00  1.11867870E+00
   248  1.98400000E+02  1.11867849E+00  1.01153431E+00  1.11867849E+00
   249  1.99200000E+02  1.11867830E+00  1.01215670E+00  1.11867830E+00
   250  2.00000000E+02  1.11867812E+00  1.01280582E+00  1.11867812E+00
   251  2.00800000E+02  1.11867794E+00  1.01348246E+00  1.11867794E+00
   252  2.01600000E+02  1.11867778E+00  1.01418740E+00  1.11867778E+00
   253  2.02400000E+02  1.11867762E+00  1.01492140E+00  1.11867762E+00
   254  2.03200000E+02  1.11867747E+00  1.01568522E+00  1.11867747E+00
   255  2.04000000E+02  1.11867733E+00  1.01647963E+00  1.11867733E+00
   256  2.04800000E+02  1.11867719E+00  1.01730534E+00  1.11867719E+00
   257  2.05600000E+02  1.11867707E+00  1.01816308E+00  1.11867707E+00
   258  2.06400000E+02  1.11867695E+00  1.01905354E+00  1.11867695E+00
   259  2.07200000E+02  1.11867683E+00  1.01997738E+00  1.11867683E+00
   260  2.08000000E+02  1.11867673E+00  1.02093524E+00  1.11867673E+00
   261  2.08800000E+02  1.11867662E+00  1.02192772E+00  1.11867662E+00
   262  2.09600000E+02  1.11867653E+00  1.02295539E+00  1.11867653E+00
   263  2.10400000E+02  1.11867644E+00  1.02401878E+00  1.11867644E+00
   264  2.11200000E+02  1.11867635E+00  1.02511834E+00  1.11867635E+00
   265  2.12000000E+02  1.11867627E+00  1.02625451E+00  1.11867627E+00
   266  2.12800000E+02  1.11867620E+00  1.02742766E+00  1.11867620E+00
   267  2.13600000E+02  1.11867612E+00  1.02863808E+00  1.11867612E+00
   268  2.14400000E+02  1.11867606E+00  1.02988601E+00  1.11867606E+00
   269  2.15200000E+02  1.11867599E+00  1.03117161E+00  1.11867599E+00
   270  2.16000000E+02  1.11867593E+00  1.03249497E+00  1.11867593E+00
   271  2.16800000E+02  1.11867588E+00  1.03385607E+00  1.11867588E+00
   272  2.17600000E+02  1.11867583E+00  1.03525482E+00  1.11867583E+00
   273  2.18400000E+02  1.11867578E+00  1.03669103E+00  1.11867578E+00
   274  2.19200000E+02  1.11867573E+00  1.03816439E+00  1.11867573E+00
   275  2.20000000E+02  1.11867569E+00  1.03967448E+00  1.11867569E+00
   276  2.20800000E+02  1.11867565E+00  1.04122079E+00  1.11867565E+00
   277  2.21600000E+02  1.11867561E+00  1.04280266E+00  1.11867561E+00
   278  2.22400000E+02  1.11867557E+00  1.04441931E+00  1.11867557E+00
   279  2.23200000E+02  1.11867554E+00  1.04606983E+00  1.11867554E+00
   280  2.24000000E+02  1.11867551E+00  1.04775317E+00  1.11867551E+00
   281  2.24800000E+02  1.11867548E+00  1.04946815E+00  1.11867548E+00
   282  2.25600000E+02  1.11867545E+00  1.05121342E+00  1.11867545E+00
   283  2.26400000E+02  1.11867543E+00  1.05298752E+00  1.11867543E+00
   284  2.27200000E+02  1.11867540E+00  1.05478880E+00  1.11867540E+00
   285  2.28000000E+02  1.11867538E+00  1.05661551E+00  1.11867538E+00
   286  2.28800000E+02  1.11867536E+00  1.05846571E+00  1.11867536E+00
   287  2.29600000E+02  1.11867534E+00  1.06033733E+00  1.11867534E+00
   288  2.30400000E+02  1.11867532E+00  1.06222814E+00  1.11867532E+00
   289  2.31200000E+02  1.11867531E+00  1.06413578E+00  1.11867531E+00
   290  2.32000000E+02  1.11867529E+00  1.06605772E+00  1.11867529E+00
   291  2.32800000E+02  1.11867527E+00  1.06799130E+00  1.11867527E+00
   292  2.33600000E+02  1.11867526E+00  1.06993374E+00  1.11867526E+00
   293  2.34400000E+02  1.11867525E+00  1.07188209E+00  1.11867525E+00
   294  2.35200000E+02  1.11867524E+00  1.07383330E+00  1.11867524E+00
   295  2.36000000E+02  1.11867522E+00  1.07578418E+00  1.11867522E+00
   296  2.36800000E+02  1.11867521E+00  1.07773144E+00  1.11867521E+00
   297  2.37600000E+02  1.11867520E+00  1.07967165E+00  1.11867520E+00
   298  2.38400000E+02  1.11867519E+00  1.08160133E+00  1.11867519E+00
   299  2.39200000E+02  1.11867519E+00  1.08351686E+00  1.11867519E+00
   300  2.40000000E+02  1.11867518E+00  1.08541458E+00  1.11867518E+00
   301  2.40800000E+02  1.11867517E+00  1.08729075E+00  1.11867517E+00
   302  2.41600000E+02  1.11867516E+00  1.08914157E+00  1.11867516E+00
   303  2.42400000E+02  1.11867516E+00  1.09096321E+00  1.11867516E+00
   304  2.43200000E+02  1.11867515E+00  1.09275183E+00  1.11867515E+00
   305  2.44000000E+02  1.11867515E+00  1.09450358E+00  1.11867515E+00
   306  2.44800000E+02  1.11867514E+00  1.09621462E+00  1.11867514E+00
   307  2.45600000E+02  1.11867514E+00  1.09788117E+00  1.11867514E+00
   308  2.46400000E+02  1.11867513E+00  1.09949949E+00  1.11867513E+00
   309  2.47200000E+02  1.11867513E+00  1.10106593E+00  1.11867513E+00
   310  2.48000000E+02  1.11867512E+00  1.10257697E+00  1.11867512E+00
   311  2.48800000E+02  1.11867512E+00  1.10402922E+00  1.11867512E+00
   312  2.49600000E+02  1.11867511E+00  1.10541947E+00  1.11867511E+00
   313  2.50400000E+02  1.11867511E+00  1.10674473E+00  1.11867511E+00
   314  2.51200000E+02  1.11867511E+00  1.10800225E+00  1.11867511E+00
   315  2.52000000E+02  1.11867511E+00  1.10918958E+00  1.11867511E+00
   316  2.52800000E+02  1.11867510E+00  1.11030462E+00  1.11867510E+00
   317  2.53600000E+02  1.11867510E+00  1.11134566E+00  1.11867510E+00
   318  2.54400000E+02  1.11867510E+00  1.11231144E+00  1.11867510E+00
   319  2.55200000E+02  1.11867510E+00  1.11320116E+00  1.11867510E+00
   320  2.56000000E+02  1.11867592E+00  1.11401461E+00  1.11867592E+00
   321  2.56800000E+02  1.11867786E+00  1.11475213E+00  1.11867786E+00
   322  2.57600000E+02  1.11867509E+00  1.11541468E+00  1.11867509E+00
   323  2.58400000E+02  1.11867509E+00  1.11600388E+00  1.11867509E+00
   324  2.59200000E+02  1.11867509E+00  1.11652199E+00  1.11867509E+00
   325  2.60000000E+02  1.11867508E+00  1.11697189E+00  1.11867508E+00
   326  2.60800000E+02  1.11868367E+00  1.11735708E+00  1.11868367E+00
   327  2.61600000E+02  1.11868667E+00  1.11768161E+00  1.11868667E+00
   328  2.62400000E+02  1.11867908E+00  1.11795002E+00  1.11867908E+00
   329  2.63200000E+02  1.11867736E+00  1.11816722E+00  1.11867736E+00
   330  2.64000000E+02  1.11868135E+00  1.11833843E+00  1.11868135E+00
   331  2.64800000E+02  1.11867508E+00  1.11846901E+00  1.11867508E+00
   332  2.65600000E+02  1.11869186E+00  1.11856438E+00  1.11869186E+00
   333  2.66400000E+02  1.11869610E+00  1.11862985E+00  1.11869610E+00
   334  2.67200000E+02  1.11868903E+00  1.11867055E+00  1.11868903E+00
   335  2.68000000E+02  1.11869130E+00  1.11869130E+00  1.11869130E+00
   336  2.68800000E+02  1.11869651E+00  1.11869651E+00  1.11869651E+00
   337  2.69600000E+02  1.11869013E+00  1.11869013E+00  1.11869013E+00
   338  2.70400000E+02  1.11867560E+00  1.11867560E+00  1.11867560E+00
   339  2.71200000E+02  1.11867507E+00  1.11865584E+00  1.11867507E+00
   340  2.72000000E+02  1.11867507E+00  1.11863324E+00  1.11867507E+00
   341  2.72800000E+02  1.11867507E+00  1.11860968E+00  1.11867507E+00
   342  2.73600000E+02  1.11867507E+00  1.11858662E+00  1.11867507E+00
   343  2.74400000E+02  1.11867507E+00  1.11856507E+00  1.11867507E+00
   344  2.75200000E+02  1.11867507E+00  1.11854574E+00  1.11867507E+00
   345  2.76000000E+02  1.11867507E+00  1.11852904E+00  1.11867507E+00
   346  2.76800000E+02  1.11867507E+00  1.11851517E+00  1.11867507E+00
   347  2.77600000E+02  1.11867507E+00  1.11850416E+00  1.11867507E+00
   348  2.78400000E+02  1.11867507E+00  1.11849595E+00  1.11867507E+00
   349  2.79200000E+02  1.11867507E+00  1.11849037E+00  1.11867507E+00
   350  2.80000000E+02  1.11867506E+00  1.11848723E+00  1.11867506E+00
   351  2.80800000E+02  1.11867506E+00  1.11848628E+00  1.11867506E+00
   352  2.81600000E+02  1.11867506E+00  1.11848726E+00  1.11867506E+00
   353  2.82400000E+02  1.11867506E+00  1.11848989E+00  1.11867506E+00
   354  2.83200000E+02  1.11867506E+00  1.11849390E+00  1.11867506E+00
   355  2.84000000E+02  1.11867506E+00  1.11849897E+00  1.11867506E+00
   356  2.84800000E+02  1.11867506E+00  1.11850480E+00  1.11867506E+00
   357  2.85600000E+02  1.11867506E+00  1.11851108E+00  1.11867506E+00
 steady-height stop at step    357: changes <=   1.0000E-05, max-end <=   1.0000E-02, max/end/gap/profile_change =   1.11867506E+00  1.11851108E+00  1.63985072E-04  6.28121003E-06


STDERR:
