COMMAND:
/shared/generate_rom_data/extrudate_swell2d_c_cluster

STDOUT:
 comppar: model =   6
 comppar: lambda,mobility/eps,betav,eta_0 =  4.6000E+00  1.0000E-01  9.0000E-01  1.0000E+00
 comppar: eta_s,eta_p,G =  9.0000E-01  1.0000E-01  2.1739E-02
 comppar: U_avg,deltat,flowrate,nsteps =  2.5000E-02  8.0000E-01  7.8540E-02     700
 comppar: geometry = axisymmetric
 comppar: steady stop change,gap,hold,min =  1.0000E-05  1.0000E-02      10      80
 comppar: ncompc,ncompg =     4     5
 mesh nnodes = 5765
 mesh nelem = 2780
 P1 BC   5.0000000000000000     
 P2 BC   0.0000000000000000     
     1  8.00000000E-01  1.00253247E+00  1.00000000E+00  1.00253247E+00
     2  1.60000000E+00  1.00502976E+00  1.00000000E+00  1.00502976E+00
     3  2.40000000E+00  1.00749111E+00  1.00000000E+00  1.00749111E+00
     4  3.20000000E+00  1.00991523E+00  1.00000000E+00  1.00991523E+00
     5  4.00000000E+00  1.01230949E+00  1.00000000E+00  1.01230949E+00
     6  4.80000000E+00  1.01466495E+00  1.00000000E+00  1.01466495E+00
     7  5.60000000E+00  1.01698520E+00  1.00000000E+00  1.01698520E+00
     8  6.40000000E+00  1.01927759E+00  1.00000000E+00  1.01927759E+00
     9  7.20000000E+00  1.02152372E+00  1.00000000E+00  1.02152372E+00
    10  8.00000000E+00  1.02375597E+00  1.00000000E+00  1.02375597E+00
    11  8.80000000E+00  1.02594022E+00  1.00000000E+00  1.02594022E+00
    12  9.60000000E+00  1.02810885E+00  1.00000000E+00  1.02810885E+00
    13  1.04000000E+01  1.03022605E+00  1.00000000E+00  1.03022605E+00
    14  1.12000000E+01  1.03233913E+00  1.00000000E+00  1.03233913E+00
    15  1.20000000E+01  1.03439567E+00  1.00000000E+00  1.03439567E+00
    16  1.28000000E+01  1.03645226E+00  1.00000000E+00  1.03645226E+00
    17  1.36000000E+01  1.03845500E+00  1.00000000E+00  1.03845500E+00
    18  1.44000000E+01  1.04044230E+00  1.00000000E+00  1.04044230E+00
    19  1.52000000E+01  1.04240177E+00  1.00000000E+00  1.04240177E+00
    20  1.60000000E+01  1.04431500E+00  1.00000000E+00  1.04431500E+00
    21  1.68000000E+01  1.04623314E+00  1.00000000E+00  1.04623314E+00
    22  1.76000000E+01  1.04808995E+00  9.99999998E-01  1.04808995E+00
    23  1.84000000E+01  1.04993611E+00  9.99999995E-01  1.04993611E+00
    24  1.92000000E+01  1.05176408E+00  9.99999992E-01  1.05176408E+00
    25  2.00000000E+01  1.05352787E+00  9.99999989E-01  1.05352787E+00
    26  2.08000000E+01  1.05531489E+00  9.99999985E-01  1.05531489E+00
    27  2.16000000E+01  1.05705168E+00  9.99999980E-01  1.05705168E+00
    28  2.24000000E+01  1.05872153E+00  9.99999974E-01  1.05872153E+00
    29  2.32000000E+01  1.06043563E+00  9.99999968E-01  1.06043563E+00
    30  2.40000000E+01  1.06209402E+00  9.99999961E-01  1.06209402E+00
    31  2.48000000E+01  1.06368370E+00  9.99999952E-01  1.06368370E+00
    32  2.56000000E+01  1.06532138E+00  9.99999943E-01  1.06532138E+00
    33  2.64000000E+01  1.06690112E+00  9.99999933E-01  1.06690112E+00
    34  2.72000000E+01  1.06841037E+00  9.99999921E-01  1.06841037E+00
    35  2.80000000E+01  1.06995041E+00  9.99999908E-01  1.06995041E+00
    36  2.88000000E+01  1.07146824E+00  9.99999894E-01  1.07146824E+00
    37  2.96000000E+01  1.07291469E+00  9.99999878E-01  1.07291469E+00
    38  3.04000000E+01  1.07434905E+00  9.99999861E-01  1.07434905E+00
    39  3.12000000E+01  1.07580513E+00  9.99999842E-01  1.07580513E+00
    40  3.20000000E+01  1.07718885E+00  9.99999821E-01  1.07718885E+00
    41  3.28000000E+01  1.07849785E+00  9.99999798E-01  1.07849785E+00
    42  3.36000000E+01  1.07988517E+00  9.99999773E-01  1.07988517E+00
    43  3.44000000E+01  1.08122725E+00  9.99999746E-01  1.08122725E+00
    44  3.52000000E+01  1.08249456E+00  9.99999717E-01  1.08249456E+00
    45  3.60000000E+01  1.08373015E+00  9.99999685E-01  1.08373015E+00
    46  3.68000000E+01  1.08503065E+00  9.99999650E-01  1.08503065E+00
    47  3.76000000E+01  1.08625622E+00  9.99999612E-01  1.08625622E+00
    48  3.84000000E+01  1.08740498E+00  9.99999572E-01  1.08740498E+00
    49  3.92000000E+01  1.08855089E+00  9.99999528E-01  1.08855089E+00
    50  4.00000000E+01  1.08975946E+00  9.99999480E-01  1.08975946E+00
    51  4.08000000E+01  1.09089178E+00  9.99999430E-01  1.09089178E+00
    52  4.16000000E+01  1.09194636E+00  9.99999375E-01  1.09194636E+00
    53  4.24000000E+01  1.09301380E+00  9.99999316E-01  1.09301380E+00
    54  4.32000000E+01  1.09412924E+00  9.99999253E-01  1.09412924E+00
    55  4.40000000E+01  1.09516735E+00  9.99999186E-01  1.09516735E+00
    56  4.48000000E+01  1.09612705E+00  9.99999113E-01  1.09612705E+00
    57  4.56000000E+01  1.09706620E+00  9.99999036E-01  1.09706620E+00
    58  4.64000000E+01  1.09811070E+00  9.99998954E-01  1.09811070E+00
    59  4.72000000E+01  1.09907760E+00  9.99998865E-01  1.09907760E+00
    60  4.80000000E+01  1.09996626E+00  9.99998771E-01  1.09996626E+00
    61  4.88000000E+01  1.10078658E+00  9.99998671E-01  1.10078658E+00
    62  4.96000000E+01  1.10175948E+00  9.99998565E-01  1.10175948E+00
    63  5.04000000E+01  1.10265457E+00  9.99998451E-01  1.10265457E+00
    64  5.12000000E+01  1.10347165E+00  9.99998330E-01  1.10347165E+00
    65  5.20000000E+01  1.10421123E+00  9.99998202E-01  1.10421123E+00
    66  5.28000000E+01  1.10506499E+00  9.99998066E-01  1.10506499E+00
    67  5.36000000E+01  1.10589184E+00  9.99997921E-01  1.10589184E+00
    68  5.44000000E+01  1.10664172E+00  9.99997768E-01  1.10664172E+00
    69  5.52000000E+01  1.10731580E+00  9.99997605E-01  1.10731580E+00
    70  5.60000000E+01  1.10807309E+00  9.99997433E-01  1.10807309E+00
    71  5.68000000E+01  1.10883116E+00  9.99997251E-01  1.10883116E+00
    72  5.76000000E+01  1.10951334E+00  9.99997059E-01  1.10951334E+00
    73  5.84000000E+01  1.11012146E+00  9.99996855E-01  1.11012146E+00
    74  5.92000000E+01  1.11078209E+00  9.99996640E-01  1.11078209E+00
    75  6.00000000E+01  1.11147438E+00  9.99996413E-01  1.11147438E+00
    76  6.08000000E+01  1.11209282E+00  9.99996173E-01  1.11209282E+00
    77  6.16000000E+01  1.11263987E+00  9.99995920E-01  1.11263987E+00
    78  6.24000000E+01  1.11322844E+00  9.99995653E-01  1.11322844E+00
    79  6.32000000E+01  1.11385451E+00  9.99995372E-01  1.11385451E+00
    80  6.40000000E+01  1.11440886E+00  9.99995076E-01  1.11440886E+00
    81  6.48000000E+01  1.11489459E+00  9.99994764E-01  1.11489459E+00
    82  6.56000000E+01  1.11541605E+00  9.99994436E-01  1.11541605E+00
    83  6.64000000E+01  1.11598043E+00  9.99994091E-01  1.11598043E+00
    84  6.72000000E+01  1.11647601E+00  9.99993728E-01  1.11647601E+00
    85  6.80000000E+01  1.11690634E+00  9.99993347E-01  1.11690634E+00
    86  6.88000000E+01  1.11737372E+00  9.99992947E-01  1.11737372E+00
    87  6.96000000E+01  1.11787621E+00  9.99992527E-01  1.11787621E+00
    88  7.04000000E+01  1.11831301E+00  9.99992086E-01  1.11831301E+00
    89  7.12000000E+01  1.11868821E+00  9.99991624E-01  1.11868821E+00
    90  7.20000000E+01  1.11911500E+00  9.99991139E-01  1.11911500E+00
    91  7.28000000E+01  1.11956125E+00  9.99990631E-01  1.11956125E+00
    92  7.36000000E+01  1.11994536E+00  9.99990099E-01  1.11994536E+00
    93  7.44000000E+01  1.12027172E+00  9.99989542E-01  1.12027172E+00
    94  7.52000000E+01  1.12065550E+00  9.99988959E-01  1.12065550E+00
    95  7.60000000E+01  1.12104574E+00  9.99988350E-01  1.12104574E+00
    96  7.68000000E+01  1.12137771E+00  9.99987712E-01  1.12137771E+00
    97  7.76000000E+01  1.12165617E+00  9.99987046E-01  1.12165617E+00
    98  7.84000000E+01  1.12201753E+00  9.99986350E-01  1.12201753E+00
    99  7.92000000E+01  1.12235794E+00  9.99985623E-01  1.12235794E+00
   100  8.00000000E+01  1.12264408E+00  9.99984865E-01  1.12264408E+00
   101  8.08000000E+01  1.12288092E+00  9.99984073E-01  1.12288092E+00
   102  8.16000000E+01  1.12320659E+00  9.99983248E-01  1.12320659E+00
   103  8.24000000E+01  1.12349802E+00  9.99982388E-01  1.12349802E+00
   104  8.32000000E+01  1.12373958E+00  9.99981492E-01  1.12373958E+00
   105  8.40000000E+01  1.12395400E+00  9.99980559E-01  1.12395400E+00
   106  8.48000000E+01  1.12425342E+00  9.99979588E-01  1.12425342E+00
   107  8.56000000E+01  1.12450215E+00  9.99978577E-01  1.12450215E+00
   108  8.64000000E+01  1.12470532E+00  9.99977526E-01  1.12470532E+00
   109  8.72000000E+01  1.12489827E+00  9.99976433E-01  1.12489827E+00
   110  8.80000000E+01  1.12515199E+00  9.99975298E-01  1.12515199E+00
   111  8.88000000E+01  1.12535955E+00  9.99974119E-01  1.12535955E+00
   112  8.96000000E+01  1.12552625E+00  9.99972895E-01  1.12552625E+00
   113  9.04000000E+01  1.12572671E+00  9.99971625E-01  1.12572671E+00
   114  9.12000000E+01  1.12594094E+00  9.99970309E-01  1.12594094E+00
   115  9.20000000E+01  1.12611337E+00  9.99968944E-01  1.12611337E+00
   116  9.28000000E+01  1.12624940E+00  9.99967530E-01  1.12624940E+00
   117  9.36000000E+01  1.12642755E+00  9.99966066E-01  1.12642755E+00
   118  9.44000000E+01  1.12660405E+00  9.99964551E-01  1.12660405E+00
   119  9.52000000E+01  1.12674353E+00  9.99962984E-01  1.12674353E+00
   120  9.60000000E+01  1.12685884E+00  9.99961364E-01  1.12685884E+00
   121  9.68000000E+01  1.12704149E+00  9.99959691E-01  1.12704149E+00
   122  9.76000000E+01  1.12718614E+00  9.99957963E-01  1.12718614E+00
   123  9.84000000E+01  1.12729817E+00  9.99956179E-01  1.12729817E+00
   124  9.92000000E+01  1.12739934E+00  9.99954340E-01  1.12739934E+00
   125  1.00000000E+02  1.12754772E+00  9.99952444E-01  1.12754772E+00
   126  1.00800000E+02  1.12766287E+00  9.99950492E-01  1.12766287E+00
   127  1.01600000E+02  1.12775012E+00  9.99948482E-01  1.12775012E+00
   128  1.02400000E+02  1.12787259E+00  9.99946414E-01  1.12787259E+00
   129  1.03200000E+02  1.12799234E+00  9.99944288E-01  1.12799234E+00
   130  1.04000000E+02  1.12808319E+00  9.99942105E-01  1.12808319E+00
   131  1.04800000E+02  1.12815033E+00  9.99939863E-01  1.12815033E+00
   132  1.05600000E+02  1.12825340E+00  9.99937565E-01  1.12825340E+00
   133  1.06400000E+02  1.12834704E+00  9.99935209E-01  1.12834704E+00
   134  1.07200000E+02  1.12841641E+00  9.99932796E-01  1.12841641E+00
   135  1.08000000E+02  1.12849129E+00  9.99930328E-01  1.12849129E+00
   136  1.08800000E+02  1.12858893E+00  9.99927805E-01  1.12858893E+00
   137  1.09600000E+02  1.12866129E+00  9.99925229E-01  1.12866129E+00
   138  1.10400000E+02  1.12871337E+00  9.99922600E-01  1.12871337E+00
   139  1.11200000E+02  1.12877287E+00  9.99919922E-01  1.12877287E+00
   140  1.12000000E+02  1.12884769E+00  9.99917195E-01  1.12884769E+00
   141  1.12800000E+02  1.12890171E+00  9.99914423E-01  1.12890171E+00
   142  1.13600000E+02  1.12894463E+00  9.99911607E-01  1.12894463E+00
   143  1.14400000E+02  1.12902283E+00  9.99908751E-01  1.12902283E+00
   144  1.15200000E+02  1.12907923E+00  9.99905858E-01  1.12907923E+00
   145  1.16000000E+02  1.12911861E+00  9.99902933E-01  1.12911861E+00
   146  1.16800000E+02  1.12914840E+00  9.99899979E-01  1.12914840E+00
   147  1.17600000E+02  1.12920695E+00  9.99897000E-01  1.12920695E+00
   148  1.18400000E+02  1.12924798E+00  9.99894003E-01  1.12924798E+00
   149  1.19200000E+02  1.12927595E+00  9.99890993E-01  1.12927595E+00
   150  1.20000000E+02  1.12933195E+00  9.99887975E-01  1.12933195E+00
   151  1.20800000E+02  1.12937475E+00  9.99884958E-01  1.12937475E+00
   152  1.21600000E+02  1.12940358E+00  9.99881948E-01  1.12940358E+00
   153  1.22400000E+02  1.12942251E+00  9.99878953E-01  1.12942251E+00
   154  1.23200000E+02  1.12945881E+00  9.99875983E-01  1.12945881E+00
   155  1.24000000E+02  1.12948903E+00  9.99873047E-01  1.12948903E+00
   156  1.24800000E+02  1.12950898E+00  9.99870156E-01  1.12950898E+00
   157  1.25600000E+02  1.12954663E+00  9.99867321E-01  1.12954663E+00
   158  1.26400000E+02  1.12957803E+00  9.99864554E-01  1.12957803E+00
   159  1.27200000E+02  1.12959828E+00  9.99861868E-01  1.12959828E+00
   160  1.28000000E+02  1.12961111E+00  9.99859278E-01  1.12961111E+00
   161  1.28800000E+02  1.12963012E+00  9.99856799E-01  1.12963012E+00
   162  1.29600000E+02  1.12965153E+00  9.99854447E-01  1.12965153E+00
   163  1.30400000E+02  1.12966518E+00  9.99852239E-01  1.12966518E+00
   164  1.31200000E+02  1.12969087E+00  9.99850196E-01  1.12969087E+00
   165  1.32000000E+02  1.12971289E+00  9.99848336E-01  1.12971289E+00
   166  1.32800000E+02  1.12972635E+00  9.99846682E-01  1.12972635E+00
   167  1.33600000E+02  1.12973460E+00  9.99845256E-01  1.12973460E+00
   168  1.34400000E+02  1.12974207E+00  9.99844083E-01  1.12974207E+00
   169  1.35200000E+02  1.12975646E+00  9.99843190E-01  1.12975646E+00
   170  1.36000000E+02  1.12976537E+00  9.99842603E-01  1.12976537E+00
   171  1.36800000E+02  1.12978342E+00  9.99842354E-01  1.12978342E+00
   172  1.37600000E+02  1.12979789E+00  9.99842474E-01  1.12979789E+00
   173  1.38400000E+02  1.12980621E+00  9.99842996E-01  1.12980621E+00
   174  1.39200000E+02  1.12982456E+00  9.99843956E-01  1.12982456E+00
   175  1.40000000E+02  1.12984523E+00  9.99845394E-01  1.12984523E+00
   176  1.40800000E+02  1.12986554E+00  9.99847348E-01  1.12986554E+00
   177  1.41600000E+02  1.12988426E+00  9.99849862E-01  1.12988426E+00
   178  1.42400000E+02  1.12990108E+00  9.99852982E-01  1.12990108E+00
   179  1.43200000E+02  1.12991585E+00  9.99856755E-01  1.12991585E+00
   180  1.44000000E+02  1.12992858E+00  9.99861233E-01  1.12992858E+00
   181  1.44800000E+02  1.12994562E+00  9.99866469E-01  1.12994562E+00
   182  1.45600000E+02  1.12996105E+00  9.99872521E-01  1.12996105E+00
   183  1.46400000E+02  1.12997448E+00  9.99879448E-01  1.12997448E+00
   184  1.47200000E+02  1.12998596E+00  9.99887315E-01  1.12998596E+00
   185  1.48000000E+02  1.12999739E+00  9.99896188E-01  1.12999739E+00
   186  1.48800000E+02  1.13001101E+00  9.99906139E-01  1.13001101E+00
   187  1.49600000E+02  1.13002263E+00  9.99917242E-01  1.13002263E+00
   188  1.50400000E+02  1.13003239E+00  9.99929576E-01  1.13003239E+00
   189  1.51200000E+02  1.13004054E+00  9.99943223E-01  1.13004054E+00
   190  1.52000000E+02  1.13004886E+00  9.99958273E-01  1.13004886E+00
   191  1.52800000E+02  1.13005928E+00  9.99974815E-01  1.13005928E+00
   192  1.53600000E+02  1.13006798E+00  9.99992948E-01  1.13006798E+00
   193  1.54400000E+02  1.13007523E+00  1.00001277E+00  1.13007523E+00
   194  1.55200000E+02  1.13008127E+00  1.00003440E+00  1.13008127E+00
   195  1.56000000E+02  1.13008802E+00  1.00005793E+00  1.13008802E+00
   196  1.56800000E+02  1.13009530E+00  1.00008350E+00  1.13009530E+00
   197  1.57600000E+02  1.13010135E+00  1.00011122E+00  1.13010135E+00
   198  1.58400000E+02  1.13010645E+00  1.00014122E+00  1.13010645E+00
   199  1.59200000E+02  1.13011086E+00  1.00017364E+00  1.13011086E+00
   200  1.60000000E+02  1.13011552E+00  1.00020863E+00  1.13011552E+00
   201  1.60800000E+02  1.13012089E+00  1.00024633E+00  1.13012089E+00
   202  1.61600000E+02  1.13012543E+00  1.00028690E+00  1.13012543E+00
   203  1.62400000E+02  1.13012938E+00  1.00033051E+00  1.13012938E+00
   204  1.63200000E+02  1.13013292E+00  1.00037732E+00  1.13013292E+00
   205  1.64000000E+02  1.13013618E+00  1.00042752E+00  1.13013618E+00
   206  1.64800000E+02  1.13013925E+00  1.00048130E+00  1.13013925E+00
   207  1.65600000E+02  1.13014218E+00  1.00053885E+00  1.13014218E+00
   208  1.66400000E+02  1.13014498E+00  1.00060037E+00  1.13014498E+00
   209  1.67200000E+02  1.13014789E+00  1.00066609E+00  1.13014789E+00
   210  1.68000000E+02  1.13015087E+00  1.00073623E+00  1.13015087E+00
   211  1.68800000E+02  1.13015373E+00  1.00081102E+00  1.13015373E+00
   212  1.69600000E+02  1.13015648E+00  1.00089071E+00  1.13015648E+00
   213  1.70400000E+02  1.13015908E+00  1.00097554E+00  1.13015908E+00
   214  1.71200000E+02  1.13016151E+00  1.00106580E+00  1.13016151E+00
   215  1.72000000E+02  1.13016375E+00  1.00116174E+00  1.13016375E+00
   216  1.72800000E+02  1.13016577E+00  1.00126366E+00  1.13016577E+00
   217  1.73600000E+02  1.13016758E+00  1.00137186E+00  1.13016758E+00
   218  1.74400000E+02  1.13016916E+00  1.00148664E+00  1.13016916E+00
   219  1.75200000E+02  1.13017053E+00  1.00160834E+00  1.13017053E+00
   220  1.76000000E+02  1.13017233E+00  1.00173729E+00  1.13017233E+00
   221  1.76800000E+02  1.13017395E+00  1.00187383E+00  1.13017395E+00
   222  1.77600000E+02  1.13017537E+00  1.00201833E+00  1.13017537E+00
   223  1.78400000E+02  1.13017659E+00  1.00217116E+00  1.13017659E+00
   224  1.79200000E+02  1.13017763E+00  1.00233272E+00  1.13017763E+00
   225  1.80000000E+02  1.13017850E+00  1.00250340E+00  1.13017850E+00
   226  1.80800000E+02  1.13017923E+00  1.00268363E+00  1.13017923E+00
   227  1.81600000E+02  1.13017983E+00  1.00287383E+00  1.13017983E+00
   228  1.82400000E+02  1.13018034E+00  1.00307446E+00  1.13018034E+00
   229  1.83200000E+02  1.13018086E+00  1.00328597E+00  1.13018086E+00
   230  1.84000000E+02  1.13018148E+00  1.00350884E+00  1.13018148E+00
   231  1.84800000E+02  1.13018199E+00  1.00374356E+00  1.13018199E+00
   232  1.85600000E+02  1.13018242E+00  1.00399065E+00  1.13018242E+00
   233  1.86400000E+02  1.13018278E+00  1.00425062E+00  1.13018278E+00
   234  1.87200000E+02  1.13018308E+00  1.00452401E+00  1.13018308E+00
   235  1.88000000E+02  1.13018332E+00  1.00481138E+00  1.13018332E+00
   236  1.88800000E+02  1.13018353E+00  1.00511330E+00  1.13018353E+00
   237  1.89600000E+02  1.13018369E+00  1.00543036E+00  1.13018369E+00
   238  1.90400000E+02  1.13018381E+00  1.00576314E+00  1.13018381E+00
   239  1.91200000E+02  1.13018390E+00  1.00611228E+00  1.13018390E+00
   240  1.92000000E+02  1.13018396E+00  1.00647839E+00  1.13018396E+00
   241  1.92800000E+02  1.13018399E+00  1.00686213E+00  1.13018399E+00
   242  1.93600000E+02  1.13018399E+00  1.00726415E+00  1.13018399E+00
   243  1.94400000E+02  1.13018397E+00  1.00768513E+00  1.13018397E+00
   244  1.95200000E+02  1.13018393E+00  1.00812575E+00  1.13018393E+00
   245  1.96000000E+02  1.13018387E+00  1.00858671E+00  1.13018387E+00
   246  1.96800000E+02  1.13018379E+00  1.00906871E+00  1.13018379E+00
   247  1.97600000E+02  1.13018370E+00  1.00957248E+00  1.13018370E+00
   248  1.98400000E+02  1.13018359E+00  1.01009875E+00  1.13018359E+00
   249  1.99200000E+02  1.13018348E+00  1.01064824E+00  1.13018348E+00
   250  2.00000000E+02  1.13018337E+00  1.01122172E+00  1.13018337E+00
   251  2.00800000E+02  1.13018324E+00  1.01181992E+00  1.13018324E+00
   252  2.01600000E+02  1.13018312E+00  1.01244361E+00  1.13018312E+00
   253  2.02400000E+02  1.13018299E+00  1.01309353E+00  1.13018299E+00
   254  2.03200000E+02  1.13018286E+00  1.01377045E+00  1.13018286E+00
   255  2.04000000E+02  1.13018273E+00  1.01447512E+00  1.13018273E+00
   256  2.04800000E+02  1.13018260E+00  1.01520830E+00  1.13018260E+00
   257  2.05600000E+02  1.13018247E+00  1.01597073E+00  1.13018247E+00
   258  2.06400000E+02  1.13018234E+00  1.01676314E+00  1.13018234E+00
   259  2.07200000E+02  1.13018222E+00  1.01758627E+00  1.13018222E+00
   260  2.08000000E+02  1.13018209E+00  1.01844082E+00  1.13018209E+00
   261  2.08800000E+02  1.13018197E+00  1.01932750E+00  1.13018197E+00
   262  2.09600000E+02  1.13018185E+00  1.02024696E+00  1.13018185E+00
   263  2.10400000E+02  1.13018174E+00  1.02119986E+00  1.13018174E+00
   264  2.11200000E+02  1.13018163E+00  1.02218681E+00  1.13018163E+00
   265  2.12000000E+02  1.13018152E+00  1.02320841E+00  1.13018152E+00
   266  2.12800000E+02  1.13018141E+00  1.02426520E+00  1.13018141E+00
   267  2.13600000E+02  1.13018131E+00  1.02535770E+00  1.13018131E+00
   268  2.14400000E+02  1.13018121E+00  1.02648637E+00  1.13018121E+00
   269  2.15200000E+02  1.13018112E+00  1.02765163E+00  1.13018112E+00
   270  2.16000000E+02  1.13018103E+00  1.02885383E+00  1.13018103E+00
   271  2.16800000E+02  1.13018094E+00  1.03009329E+00  1.13018094E+00
   272  2.17600000E+02  1.13018086E+00  1.03137024E+00  1.13018086E+00
   273  2.18400000E+02  1.13018078E+00  1.03268485E+00  1.13018078E+00
   274  2.19200000E+02  1.13018071E+00  1.03403722E+00  1.13018071E+00
   275  2.20000000E+02  1.13018063E+00  1.03542738E+00  1.13018063E+00
   276  2.20800000E+02  1.13018057E+00  1.03685524E+00  1.13018057E+00
   277  2.21600000E+02  1.13018050E+00  1.03832067E+00  1.13018050E+00
   278  2.22400000E+02  1.13018044E+00  1.03982341E+00  1.13018044E+00
   279  2.23200000E+02  1.13018038E+00  1.04136313E+00  1.13018038E+00
   280  2.24000000E+02  1.13018032E+00  1.04293936E+00  1.13018032E+00
   281  2.24800000E+02  1.13018027E+00  1.04455156E+00  1.13018027E+00
   282  2.25600000E+02  1.13018022E+00  1.04619907E+00  1.13018022E+00
   283  2.26400000E+02  1.13018017E+00  1.04788109E+00  1.13018017E+00
   284  2.27200000E+02  1.13018013E+00  1.04959672E+00  1.13018013E+00
   285  2.28000000E+02  1.13018009E+00  1.05134495E+00  1.13018009E+00
   286  2.28800000E+02  1.13018005E+00  1.05312462E+00  1.13018005E+00
   287  2.29600000E+02  1.13018001E+00  1.05493445E+00  1.13018001E+00
   288  2.30400000E+02  1.13017998E+00  1.05677303E+00  1.13017998E+00
   289  2.31200000E+02  1.13017994E+00  1.05863883E+00  1.13017994E+00
   290  2.32000000E+02  1.13017991E+00  1.06053017E+00  1.13017991E+00
   291  2.32800000E+02  1.13017988E+00  1.06244526E+00  1.13017988E+00
   292  2.33600000E+02  1.13017985E+00  1.06438214E+00  1.13017985E+00
   293  2.34400000E+02  1.13017983E+00  1.06633876E+00  1.13017983E+00
   294  2.35200000E+02  1.13017980E+00  1.06831293E+00  1.13017980E+00
   295  2.36000000E+02  1.13017978E+00  1.07030231E+00  1.13017978E+00
   296  2.36800000E+02  1.13017976E+00  1.07230447E+00  1.13017976E+00
   297  2.37600000E+02  1.13017974E+00  1.07431685E+00  1.13017974E+00
   298  2.38400000E+02  1.13017972E+00  1.07633676E+00  1.13017972E+00
   299  2.39200000E+02  1.13017970E+00  1.07836142E+00  1.13017970E+00
   300  2.40000000E+02  1.13017969E+00  1.08038794E+00  1.13017969E+00
   301  2.40800000E+02  1.13017967E+00  1.08241333E+00  1.13017967E+00
   302  2.41600000E+02  1.13017966E+00  1.08443453E+00  1.13017966E+00
   303  2.42400000E+02  1.13017965E+00  1.08644839E+00  1.13017965E+00
   304  2.43200000E+02  1.13017963E+00  1.08845167E+00  1.13017963E+00
   305  2.44000000E+02  1.13017962E+00  1.09044109E+00  1.13017962E+00
   306  2.44800000E+02  1.13017961E+00  1.09241332E+00  1.13017961E+00
   307  2.45600000E+02  1.13017960E+00  1.09436497E+00  1.13017960E+00
   308  2.46400000E+02  1.13017959E+00  1.09629265E+00  1.13017959E+00
   309  2.47200000E+02  1.13017958E+00  1.09819292E+00  1.13017958E+00
   310  2.48000000E+02  1.13017957E+00  1.10006237E+00  1.13017957E+00
   311  2.48800000E+02  1.13017957E+00  1.10189758E+00  1.13017957E+00
   312  2.49600000E+02  1.13017956E+00  1.10369515E+00  1.13017956E+00
   313  2.50400000E+02  1.13017955E+00  1.10545175E+00  1.13017955E+00
   314  2.51200000E+02  1.13017955E+00  1.10716406E+00  1.13017955E+00
   315  2.52000000E+02  1.13017954E+00  1.10882889E+00  1.13017954E+00
   316  2.52800000E+02  1.13017954E+00  1.11044309E+00  1.13017954E+00
   317  2.53600000E+02  1.13017953E+00  1.11200367E+00  1.13017953E+00
   318  2.54400000E+02  1.13017953E+00  1.11350772E+00  1.13017953E+00
   319  2.55200000E+02  1.13017952E+00  1.11495252E+00  1.13017952E+00
   320  2.56000000E+02  1.13017952E+00  1.11633552E+00  1.13017952E+00
   321  2.56800000E+02  1.13017952E+00  1.11765437E+00  1.13017952E+00
   322  2.57600000E+02  1.13017951E+00  1.11890694E+00  1.13017951E+00
   323  2.58400000E+02  1.13017951E+00  1.12009136E+00  1.13017951E+00
   324  2.59200000E+02  1.13017951E+00  1.12120605E+00  1.13017951E+00
   325  2.60000000E+02  1.13017950E+00  1.12224974E+00  1.13017950E+00
   326  2.60800000E+02  1.13017950E+00  1.12322150E+00  1.13017950E+00
   327  2.61600000E+02  1.13017950E+00  1.12412081E+00  1.13017950E+00
   328  2.62400000E+02  1.13017950E+00  1.12494751E+00  1.13017950E+00
   329  2.63200000E+02  1.13017949E+00  1.12570193E+00  1.13017949E+00
   330  2.64000000E+02  1.13017949E+00  1.12638481E+00  1.13017949E+00
   331  2.64800000E+02  1.13017949E+00  1.12699740E+00  1.13017949E+00
   332  2.65600000E+02  1.13017949E+00  1.12754144E+00  1.13017949E+00
   333  2.66400000E+02  1.13017949E+00  1.12801915E+00  1.13017949E+00
   334  2.67200000E+02  1.13017949E+00  1.12843326E+00  1.13017949E+00
   335  2.68000000E+02  1.13017949E+00  1.12878695E+00  1.13017949E+00
   336  2.68800000E+02  1.13017948E+00  1.12908386E+00  1.13017948E+00
   337  2.69600000E+02  1.13017948E+00  1.12932802E+00  1.13017948E+00
   338  2.70400000E+02  1.13017948E+00  1.12952383E+00  1.13017948E+00
   339  2.71200000E+02  1.13017948E+00  1.12967593E+00  1.13017948E+00
   340  2.72000000E+02  1.13017948E+00  1.12978921E+00  1.13017948E+00
   341  2.72800000E+02  1.13017948E+00  1.12986867E+00  1.13017948E+00
   342  2.73600000E+02  1.13017948E+00  1.12991933E+00  1.13017948E+00
   343  2.74400000E+02  1.13017948E+00  1.12994616E+00  1.13017948E+00
   344  2.75200000E+02  1.13017948E+00  1.12995396E+00  1.13017948E+00
   345  2.76000000E+02  1.13017948E+00  1.12994731E+00  1.13017948E+00
   346  2.76800000E+02  1.13017948E+00  1.12993044E+00  1.13017948E+00
   347  2.77600000E+02  1.13017948E+00  1.12990717E+00  1.13017948E+00
   348  2.78400000E+02  1.13017947E+00  1.12988089E+00  1.13017947E+00
   349  2.79200000E+02  1.13017947E+00  1.12985444E+00  1.13017947E+00
   350  2.80000000E+02  1.13017947E+00  1.12983015E+00  1.13017947E+00
   351  2.80800000E+02  1.13017947E+00  1.12980981E+00  1.13017947E+00
   352  2.81600000E+02  1.13017947E+00  1.12979465E+00  1.13017947E+00
   353  2.82400000E+02  1.13017947E+00  1.12978541E+00  1.13017947E+00
   354  2.83200000E+02  1.13017947E+00  1.12978235E+00  1.13017947E+00
   355  2.84000000E+02  1.13017947E+00  1.12978536E+00  1.13017947E+00
   356  2.84800000E+02  1.13017947E+00  1.12979394E+00  1.13017947E+00
   357  2.85600000E+02  1.13017947E+00  1.12980735E+00  1.13017947E+00
   358  2.86400000E+02  1.13017947E+00  1.12982467E+00  1.13017947E+00
   359  2.87200000E+02  1.13017947E+00  1.12984487E+00  1.13017947E+00
   360  2.88000000E+02  1.13017947E+00  1.12986686E+00  1.13017947E+00
   361  2.88800000E+02  1.13017947E+00  1.12988962E+00  1.13017947E+00
   362  2.89600000E+02  1.13017947E+00  1.12991218E+00  1.13017947E+00
   363  2.90400000E+02  1.13017947E+00  1.12993374E+00  1.13017947E+00
   364  2.91200000E+02  1.13017947E+00  1.12995361E+00  1.13017947E+00
   365  2.92000000E+02  1.13017947E+00  1.12997133E+00  1.13017947E+00
   366  2.92800000E+02  1.13017947E+00  1.12998658E+00  1.13017947E+00
   367  2.93600000E+02  1.13017947E+00  1.12999924E+00  1.13017947E+00
   368  2.94400000E+02  1.13017947E+00  1.13000933E+00  1.13017947E+00
   369  2.95200000E+02  1.13017947E+00  1.13001700E+00  1.13017947E+00
   370  2.96000000E+02  1.13017947E+00  1.13002252E+00  1.13017947E+00
   371  2.96800000E+02  1.13017947E+00  1.13002620E+00  1.13017947E+00
   372  2.97600000E+02  1.13017947E+00  1.13002843E+00  1.13017947E+00
   373  2.98400000E+02  1.13017947E+00  1.13002955E+00  1.13017947E+00
   374  2.99200000E+02  1.13017947E+00  1.13002994E+00  1.13017947E+00
   375  3.00000000E+02  1.13017947E+00  1.13002990E+00  1.13017947E+00
   376  3.00800000E+02  1.13017947E+00  1.13002970E+00  1.13017947E+00
   377  3.01600000E+02  1.13017947E+00  1.13002955E+00  1.13017947E+00
   378  3.02400000E+02  1.13017947E+00  1.13002959E+00  1.13017947E+00
 steady-height stop at step    378: changes <=   1.0000E-05, max-end <=   1.0000E-02, max/end/gap/profile_change =   1.13017947E+00  1.13002959E+00  1.49881829E-04  1.50756889E-06


STDERR:
