COMMAND:
/shared/generate_rom_data/extrudate_swell2d_c_cluster

STDOUT:
 comppar: model =   6
 comppar: lambda,mobility/eps,betav,eta_0 =  6.4000E+00  5.0000E-01  1.0000E-01  1.0000E+00
 comppar: eta_s,eta_p,G =  1.0000E-01  9.0000E-01  1.4062E-01
 comppar: U_avg,deltat,flowrate,nsteps =  2.5000E-02  8.0000E-01  7.8540E-02     700
 comppar: geometry = axisymmetric
 comppar: steady stop change,gap,hold,min =  1.0000E-05  1.0000E-02      10      80
 comppar: ncompc,ncompg =     4     5
 mesh nnodes = 5765
 mesh nelem = 2780
 P1 BC   5.0000000000000000     
 P2 BC   0.0000000000000000     
     1  8.00000000E-01  1.00252543E+00  1.00000000E+00  1.00252543E+00
     2  1.60000000E+00  1.00496967E+00  1.00000000E+00  1.00496967E+00
     3  2.40000000E+00  1.00730966E+00  1.00000000E+00  1.00730966E+00
     4  3.20000000E+00  1.00958110E+00  1.00000000E+00  1.00958110E+00
     5  4.00000000E+00  1.01179494E+00  1.00000000E+00  1.01179494E+00
     6  4.80000000E+00  1.01395958E+00  1.00000000E+00  1.01395958E+00
     7  5.60000000E+00  1.01607449E+00  1.00000000E+00  1.01607449E+00
     8  6.40000000E+00  1.01816239E+00  1.00000000E+00  1.01816239E+00
     9  7.20000000E+00  1.02020627E+00  1.00000000E+00  1.02020627E+00
    10  8.00000000E+00  1.02221952E+00  1.00000001E+00  1.02221952E+00
    11  8.80000000E+00  1.02418750E+00  1.00000001E+00  1.02418750E+00
    12  9.60000000E+00  1.02613563E+00  1.00000001E+00  1.02613563E+00
    13  1.04000000E+01  1.02802921E+00  1.00000001E+00  1.02802921E+00
    14  1.12000000E+01  1.02991750E+00  1.00000001E+00  1.02991750E+00
    15  1.20000000E+01  1.03175110E+00  1.00000001E+00  1.03175110E+00
    16  1.28000000E+01  1.03356339E+00  1.00000001E+00  1.03356339E+00
    17  1.36000000E+01  1.03534982E+00  1.00000001E+00  1.03534982E+00
    18  1.44000000E+01  1.03708315E+00  1.00000001E+00  1.03708315E+00
    19  1.52000000E+01  1.03882614E+00  1.00000001E+00  1.03882614E+00
    20  1.60000000E+01  1.04051128E+00  1.00000001E+00  1.04051128E+00
    21  1.68000000E+01  1.04217192E+00  1.00000001E+00  1.04217192E+00
    22  1.76000000E+01  1.04382541E+00  1.00000001E+00  1.04382541E+00
    23  1.84000000E+01  1.04541615E+00  1.00000001E+00  1.04541615E+00
    24  1.92000000E+01  1.04700701E+00  1.00000001E+00  1.04700701E+00
    25  2.00000000E+01  1.04856689E+00  1.00000001E+00  1.04856689E+00
    26  2.08000000E+01  1.05005804E+00  1.00000000E+00  1.05005804E+00
    27  2.16000000E+01  1.05155551E+00  1.00000000E+00  1.05155551E+00
    28  2.24000000E+01  1.05302931E+00  9.99999996E-01  1.05302931E+00
    29  2.32000000E+01  1.05442900E+00  9.99999992E-01  1.05442900E+00
    30  2.40000000E+01  1.05586116E+00  9.99999987E-01  1.05586116E+00
    31  2.48000000E+01  1.05724431E+00  9.99999981E-01  1.05724431E+00
    32  2.56000000E+01  1.05854759E+00  9.99999974E-01  1.05854759E+00
    33  2.64000000E+01  1.05991519E+00  9.99999966E-01  1.05991519E+00
    34  2.72000000E+01  1.06122171E+00  9.99999957E-01  1.06122171E+00
    35  2.80000000E+01  1.06244396E+00  9.99999948E-01  1.06244396E+00
    36  2.88000000E+01  1.06373164E+00  9.99999937E-01  1.06373164E+00
    37  2.96000000E+01  1.06495858E+00  9.99999924E-01  1.06495858E+00
    38  3.04000000E+01  1.06609683E+00  9.99999911E-01  1.06609683E+00
    39  3.12000000E+01  1.06725583E+00  9.99999895E-01  1.06725583E+00
    40  3.20000000E+01  1.06842341E+00  9.99999879E-01  1.06842341E+00
    41  3.28000000E+01  1.06949977E+00  9.99999860E-01  1.06949977E+00
    42  3.36000000E+01  1.07054338E+00  9.99999840E-01  1.07054338E+00
    43  3.44000000E+01  1.07165078E+00  9.99999818E-01  1.07165078E+00
    44  3.52000000E+01  1.07266443E+00  9.99999794E-01  1.07266443E+00
    45  3.60000000E+01  1.07357952E+00  9.99999767E-01  1.07357952E+00
    46  3.68000000E+01  1.07460496E+00  9.99999738E-01  1.07460496E+00
    47  3.76000000E+01  1.07558391E+00  9.99999707E-01  1.07558391E+00
    48  3.84000000E+01  1.07646389E+00  9.99999673E-01  1.07646389E+00
    49  3.92000000E+01  1.07733198E+00  9.99999636E-01  1.07733198E+00
    50  4.00000000E+01  1.07827644E+00  9.99999596E-01  1.07827644E+00
    51  4.08000000E+01  1.07912123E+00  9.99999552E-01  1.07912123E+00
    52  4.16000000E+01  1.07986311E+00  9.99999506E-01  1.07986311E+00
    53  4.24000000E+01  1.08067827E+00  9.99999455E-01  1.08067827E+00
    54  4.32000000E+01  1.08151593E+00  9.99999401E-01  1.08151593E+00
    55  4.40000000E+01  1.08225157E+00  9.99999343E-01  1.08225157E+00
    56  4.48000000E+01  1.08288357E+00  9.99999280E-01  1.08288357E+00
    57  4.56000000E+01  1.08368639E+00  9.99999212E-01  1.08368639E+00
    58  4.64000000E+01  1.08441475E+00  9.99999140E-01  1.08441475E+00
    59  4.72000000E+01  1.08503948E+00  9.99999062E-01  1.08503948E+00
    60  4.80000000E+01  1.08560298E+00  9.99998979E-01  1.08560298E+00
    61  4.88000000E+01  1.08632744E+00  9.99998891E-01  1.08632744E+00
    62  4.96000000E+01  1.08694936E+00  9.99998796E-01  1.08694936E+00
    63  5.04000000E+01  1.08746917E+00  9.99998694E-01  1.08746917E+00
    64  5.12000000E+01  1.08804929E+00  9.99998586E-01  1.08804929E+00
    65  5.20000000E+01  1.08866629E+00  9.99998471E-01  1.08866629E+00
    66  5.28000000E+01  1.08918099E+00  9.99998348E-01  1.08918099E+00
    67  5.36000000E+01  1.08959605E+00  9.99998217E-01  1.08959605E+00
    68  5.44000000E+01  1.09016906E+00  9.99998078E-01  1.09016906E+00
    69  5.52000000E+01  1.09068250E+00  9.99997930E-01  1.09068250E+00
    70  5.60000000E+01  1.09109772E+00  9.99997773E-01  1.09109772E+00
    71  5.68000000E+01  1.09151186E+00  9.99997606E-01  1.09151186E+00
    72  5.76000000E+01  1.09202023E+00  9.99997429E-01  1.09202023E+00
    73  5.84000000E+01  1.09243011E+00  9.99997241E-01  1.09243011E+00
    74  5.92000000E+01  1.09274679E+00  9.99997042E-01  1.09274679E+00
    75  6.00000000E+01  1.09318425E+00  9.99996831E-01  1.09318425E+00
    76  6.08000000E+01  1.09359437E+00  9.99996608E-01  1.09359437E+00
    77  6.16000000E+01  1.09391256E+00  9.99996372E-01  1.09391256E+00
    78  6.24000000E+01  1.09421980E+00  9.99996123E-01  1.09421980E+00
    79  6.32000000E+01  1.09462472E+00  9.99995859E-01  1.09462472E+00
    80  6.40000000E+01  1.09493751E+00  9.99995580E-01  1.09493751E+00
    81  6.48000000E+01  1.09516582E+00  9.99995286E-01  1.09516582E+00
    82  6.56000000E+01  1.09551980E+00  9.99994976E-01  1.09551980E+00
    83  6.64000000E+01  1.09583414E+00  9.99994649E-01  1.09583414E+00
    84  6.72000000E+01  1.09606486E+00  9.99994304E-01  1.09606486E+00
    85  6.80000000E+01  1.09630480E+00  9.99993940E-01  1.09630480E+00
    86  6.88000000E+01  1.09661399E+00  9.99993558E-01  1.09661399E+00
    87  6.96000000E+01  1.09683945E+00  9.99993156E-01  1.09683945E+00
    88  7.04000000E+01  1.09699068E+00  9.99992732E-01  1.09699068E+00
    89  7.12000000E+01  1.09729154E+00  9.99992287E-01  1.09729154E+00
    90  7.20000000E+01  1.09751945E+00  9.99991820E-01  1.09751945E+00
    91  7.28000000E+01  1.09767348E+00  9.99991329E-01  1.09767348E+00
    92  7.36000000E+01  1.09787744E+00  9.99990813E-01  1.09787744E+00
    93  7.44000000E+01  1.09810043E+00  9.99990272E-01  1.09810043E+00
    94  7.52000000E+01  1.09824959E+00  9.99989705E-01  1.09824959E+00
    95  7.60000000E+01  1.09838394E+00  9.99989110E-01  1.09838394E+00
    96  7.68000000E+01  1.09860944E+00  9.99988487E-01  1.09860944E+00
    97  7.76000000E+01  1.09876140E+00  9.99987835E-01  1.09876140E+00
    98  7.84000000E+01  1.09885012E+00  9.99987152E-01  1.09885012E+00
    99  7.92000000E+01  1.09903808E+00  9.99986438E-01  1.09903808E+00
   100  8.00000000E+01  1.09918544E+00  9.99985691E-01  1.09918544E+00
   101  8.08000000E+01  1.09926978E+00  9.99984911E-01  1.09926978E+00
   102  8.16000000E+01  1.09941264E+00  9.99984095E-01  1.09941264E+00
   103  8.24000000E+01  1.09956285E+00  9.99983244E-01  1.09956285E+00
   104  8.32000000E+01  1.09964987E+00  9.99982355E-01  1.09964987E+00
   105  8.40000000E+01  1.09972352E+00  9.99981428E-01  1.09972352E+00
   106  8.48000000E+01  1.09986940E+00  9.99980462E-01  1.09986940E+00
   107  8.56000000E+01  1.09995229E+00  9.99979455E-01  1.09995229E+00
   108  8.64000000E+01  1.09999579E+00  9.99978406E-01  1.09999579E+00
   109  8.72000000E+01  1.10014458E+00  9.99977314E-01  1.10014458E+00
   110  8.80000000E+01  1.10023020E+00  9.99976178E-01  1.10023020E+00
   111  8.88000000E+01  1.10026343E+00  9.99974997E-01  1.10026343E+00
   112  8.96000000E+01  1.10036141E+00  9.99973769E-01  1.10036141E+00
   113  9.04000000E+01  1.10044312E+00  9.99972494E-01  1.10044312E+00
   114  9.12000000E+01  1.10047274E+00  9.99971170E-01  1.10047274E+00
   115  9.20000000E+01  1.10055782E+00  9.99969796E-01  1.10055782E+00
   116  9.28000000E+01  1.10064234E+00  9.99968372E-01  1.10064234E+00
   117  9.36000000E+01  1.10067428E+00  9.99966896E-01  1.10067428E+00
   118  9.44000000E+01  1.10070681E+00  9.99965368E-01  1.10070681E+00
   119  9.52000000E+01  1.10078762E+00  9.99963785E-01  1.10078762E+00
   120  9.60000000E+01  1.10081611E+00  9.99962149E-01  1.10081611E+00
   121  9.68000000E+01  1.10084544E+00  9.99960457E-01  1.10084544E+00
   122  9.76000000E+01  1.10092910E+00  9.99958709E-01  1.10092910E+00
   123  9.84000000E+01  1.10095998E+00  9.99956905E-01  1.10095998E+00
   124  9.92000000E+01  1.10094892E+00  9.99955044E-01  1.10094892E+00
   125  1.00000000E+02  1.10102539E+00  9.99953126E-01  1.10102539E+00
   126  1.00800000E+02  1.10105297E+00  9.99951150E-01  1.10105297E+00
   127  1.01600000E+02  1.10104142E+00  9.99949116E-01  1.10104142E+00
   128  1.02400000E+02  1.10112447E+00  9.99947025E-01  1.10112447E+00
   129  1.03200000E+02  1.10115449E+00  9.99944876E-01  1.10115449E+00
   130  1.04000000E+02  1.10114224E+00  9.99942670E-01  1.10114224E+00
   131  1.04800000E+02  1.10118486E+00  9.99940407E-01  1.10118486E+00
   132  1.05600000E+02  1.10121173E+00  9.99938089E-01  1.10121173E+00
   133  1.06400000E+02  1.10119665E+00  9.99935715E-01  1.10119665E+00
   134  1.07200000E+02  1.10125331E+00  9.99933288E-01  1.10125331E+00
   135  1.08000000E+02  1.10128268E+00  9.99930809E-01  1.10128268E+00
   136  1.08800000E+02  1.10126942E+00  9.99928280E-01  1.10126942E+00
   137  1.09600000E+02  1.10128818E+00  9.99925702E-01  1.10128818E+00
   138  1.10400000E+02  1.10131451E+00  9.99923078E-01  1.10131451E+00
   139  1.11200000E+02  1.10129851E+00  9.99920412E-01  1.10129851E+00
   140  1.12000000E+02  1.10133499E+00  9.99917705E-01  1.10133499E+00
   141  1.12800000E+02  1.10136385E+00  9.99914962E-01  1.10136385E+00
   142  1.13600000E+02  1.10134973E+00  9.99912186E-01  1.10134973E+00
   143  1.14400000E+02  1.10135236E+00  9.99909383E-01  1.10135236E+00
   144  1.15200000E+02  1.10137828E+00  9.99906557E-01  1.10137828E+00
   145  1.16000000E+02  1.10136149E+00  9.99903714E-01  1.10136149E+00
   146  1.16800000E+02  1.10138447E+00  9.99900861E-01  1.10138447E+00
   147  1.17600000E+02  1.10141296E+00  9.99898003E-01  1.10141296E+00
   148  1.18400000E+02  1.10139811E+00  9.99895150E-01  1.10139811E+00
   149  1.19200000E+02  1.10139018E+00  9.99892308E-01  1.10139018E+00
   150  1.20000000E+02  1.10141580E+00  9.99889488E-01  1.10141580E+00
   151  1.20800000E+02  1.10139836E+00  9.99886699E-01  1.10139836E+00
   152  1.21600000E+02  1.10141267E+00  9.99883951E-01  1.10141267E+00
   153  1.22400000E+02  1.10144088E+00  9.99881257E-01  1.10144088E+00
   154  1.23200000E+02  1.10142540E+00  9.99878629E-01  1.10142540E+00
   155  1.24000000E+02  1.10141102E+00  9.99876080E-01  1.10141102E+00
   156  1.24800000E+02  1.10143645E+00  9.99873626E-01  1.10143645E+00
   157  1.25600000E+02  1.10141843E+00  9.99871282E-01  1.10141843E+00
   158  1.26400000E+02  1.10142738E+00  9.99869065E-01  1.10142738E+00
   159  1.27200000E+02  1.10145539E+00  9.99866994E-01  1.10145539E+00
   160  1.28000000E+02  1.10143939E+00  9.99865089E-01  1.10143939E+00
   161  1.28800000E+02  1.10142129E+00  9.99863372E-01  1.10142129E+00
   162  1.29600000E+02  1.10144660E+00  9.99861865E-01  1.10144660E+00
   163  1.30400000E+02  1.10142810E+00  9.99860594E-01  1.10142810E+00
   164  1.31200000E+02  1.10143396E+00  9.99859585E-01  1.10143396E+00
   165  1.32000000E+02  1.10146185E+00  9.99858866E-01  1.10146185E+00
   166  1.32800000E+02  1.10144540E+00  9.99858468E-01  1.10144540E+00
   167  1.33600000E+02  1.10142548E+00  9.99858423E-01  1.10142548E+00
   168  1.34400000E+02  1.10145072E+00  9.99858766E-01  1.10145072E+00
   169  1.35200000E+02  1.10143182E+00  9.99859534E-01  1.10143182E+00
   170  1.36000000E+02  1.10143633E+00  9.99860766E-01  1.10143633E+00
   171  1.36800000E+02  1.10146415E+00  9.99862504E-01  1.10146415E+00
   172  1.37600000E+02  1.10144730E+00  9.99864792E-01  1.10144730E+00
   173  1.38400000E+02  1.10142705E+00  9.99867677E-01  1.10142705E+00
   174  1.39200000E+02  1.10145227E+00  9.99871210E-01  1.10145227E+00
   175  1.40000000E+02  1.10143301E+00  9.99875443E-01  1.10143301E+00
   176  1.40800000E+02  1.10143721E+00  9.99880433E-01  1.10143721E+00
   177  1.41600000E+02  1.10146499E+00  9.99886239E-01  1.10146499E+00
   178  1.42400000E+02  1.10144779E+00  9.99892926E-01  1.10144779E+00
   179  1.43200000E+02  1.10142791E+00  9.99900561E-01  1.10142791E+00
   180  1.44000000E+02  1.10145313E+00  9.99909214E-01  1.10145313E+00
   181  1.44800000E+02  1.10143356E+00  9.99918962E-01  1.10143356E+00
   182  1.45600000E+02  1.10143807E+00  9.99929884E-01  1.10143807E+00
   183  1.46400000E+02  1.10146584E+00  9.99942065E-01  1.10146584E+00
   184  1.47200000E+02  1.10144833E+00  9.99955595E-01  1.10144833E+00
   185  1.48000000E+02  1.10142935E+00  9.99970567E-01  1.10142935E+00
   186  1.48800000E+02  1.10145460E+00  9.99987081E-01  1.10145460E+00
   187  1.49600000E+02  1.10143474E+00  1.00000524E+00  1.10143474E+00
   188  1.50400000E+02  1.10143995E+00  1.00002516E+00  1.10143995E+00
   189  1.51200000E+02  1.10146772E+00  1.00004696E+00  1.10146772E+00
   190  1.52000000E+02  1.10144993E+00  1.00007075E+00  1.10144993E+00
   191  1.52800000E+02  1.10143210E+00  1.00009667E+00  1.10143210E+00
   192  1.53600000E+02  1.10145739E+00  1.00012485E+00  1.10145739E+00
   193  1.54400000E+02  1.10143729E+00  1.00015543E+00  1.10143729E+00
   194  1.55200000E+02  1.10144341E+00  1.00018858E+00  1.10144341E+00
   195  1.56000000E+02  1.10147119E+00  1.00022443E+00  1.10147119E+00
   196  1.56800000E+02  1.10145315E+00  1.00026317E+00  1.10145315E+00
   197  1.57600000E+02  1.10143658E+00  1.00030495E+00  1.10143658E+00
   198  1.58400000E+02  1.10146192E+00  1.00034997E+00  1.10146192E+00
   199  1.59200000E+02  1.10144158E+00  1.00039842E+00  1.10144158E+00
   200  1.60000000E+02  1.10144861E+00  1.00045049E+00  1.10144861E+00
   201  1.60800000E+02  1.10147642E+00  1.00050639E+00  1.10147642E+00
   202  1.61600000E+02  1.10145814E+00  1.00056635E+00  1.10145814E+00
   203  1.62400000E+02  1.10144278E+00  1.00063060E+00  1.10144278E+00
   204  1.63200000E+02  1.10146817E+00  1.00069936E+00  1.10146817E+00
   205  1.64000000E+02  1.10144762E+00  1.00077290E+00  1.10144762E+00
   206  1.64800000E+02  1.10145557E+00  1.00085148E+00  1.10145557E+00
   207  1.65600000E+02  1.10148340E+00  1.00093537E+00  1.10148340E+00
   208  1.66400000E+02  1.10146490E+00  1.00102486E+00  1.10146490E+00
   209  1.67200000E+02  1.10145073E+00  1.00112025E+00  1.10145073E+00
   210  1.68000000E+02  1.10147618E+00  1.00122185E+00  1.10147618E+00
   211  1.68800000E+02  1.10145542E+00  1.00132999E+00  1.10145542E+00
   212  1.69600000E+02  1.10146420E+00  1.00144501E+00  1.10146420E+00
   213  1.70400000E+02  1.10149205E+00  1.00156725E+00  1.10149205E+00
   214  1.71200000E+02  1.10147333E+00  1.00169709E+00  1.10147333E+00
   215  1.72000000E+02  1.10146024E+00  1.00183491E+00  1.10146024E+00
   216  1.72800000E+02  1.10148573E+00  1.00198110E+00  1.10148573E+00
   217  1.73600000E+02  1.10146479E+00  1.00213607E+00  1.10146479E+00
   218  1.74400000E+02  1.10147432E+00  1.00230026E+00  1.10147432E+00
   219  1.75200000E+02  1.10150219E+00  1.00247410E+00  1.10150219E+00
   220  1.76000000E+02  1.10148327E+00  1.00265805E+00  1.10148327E+00
   221  1.76800000E+02  1.10147116E+00  1.00285260E+00  1.10147116E+00
   222  1.77600000E+02  1.10149669E+00  1.00305822E+00  1.10149669E+00
   223  1.78400000E+02  1.10147556E+00  1.00327542E+00  1.10147556E+00
   224  1.79200000E+02  1.10148573E+00  1.00350474E+00  1.10148573E+00
   225  1.80000000E+02  1.10151361E+00  1.00374672E+00  1.10151361E+00
   226  1.80800000E+02  1.10149448E+00  1.00400190E+00  1.10149448E+00
   227  1.81600000E+02  1.10148324E+00  1.00427088E+00  1.10148324E+00
   228  1.82400000E+02  1.10150881E+00  1.00455423E+00  1.10150881E+00
   229  1.83200000E+02  1.10148749E+00  1.00485258E+00  1.10148749E+00
   230  1.84000000E+02  1.10149823E+00  1.00516654E+00  1.10149823E+00
   231  1.84800000E+02  1.10152610E+00  1.00549676E+00  1.10152610E+00
   232  1.85600000E+02  1.10150678E+00  1.00584389E+00  1.10150678E+00
   233  1.86400000E+02  1.10149631E+00  1.00620862E+00  1.10149631E+00
   234  1.87200000E+02  1.10152190E+00  1.00659163E+00  1.10152190E+00
   235  1.88000000E+02  1.10150041E+00  1.00699362E+00  1.10150041E+00
   236  1.88800000E+02  1.10151159E+00  1.00741532E+00  1.10151159E+00
   237  1.89600000E+02  1.10153947E+00  1.00785746E+00  1.10153947E+00
   238  1.90400000E+02  1.10151995E+00  1.00832079E+00  1.10151995E+00
   239  1.91200000E+02  1.10151015E+00  1.00880605E+00  1.10151015E+00
   240  1.92000000E+02  1.10153575E+00  1.00931402E+00  1.10153575E+00
   241  1.92800000E+02  1.10151408E+00  1.00984547E+00  1.10151408E+00
   242  1.93600000E+02  1.10152566E+00  1.01040119E+00  1.10152566E+00
   243  1.94400000E+02  1.10155352E+00  1.01098195E+00  1.10155352E+00
   244  1.95200000E+02  1.10153381E+00  1.01158854E+00  1.10153381E+00
   245  1.96000000E+02  1.10152460E+00  1.01222175E+00  1.10152460E+00
   246  1.96800000E+02  1.10155021E+00  1.01288235E+00  1.10155021E+00
   247  1.97600000E+02  1.10152837E+00  1.01357114E+00  1.10152837E+00
   248  1.98400000E+02  1.10154027E+00  1.01428886E+00  1.10154027E+00
   249  1.99200000E+02  1.10156810E+00  1.01503627E+00  1.10156810E+00
   250  2.00000000E+02  1.10154820E+00  1.01581412E+00  1.10154820E+00
   251  2.00800000E+02  1.10153952E+00  1.01662311E+00  1.10153952E+00
   252  2.01600000E+02  1.10156512E+00  1.01746394E+00  1.10156512E+00
   253  2.02400000E+02  1.10154310E+00  1.01833729E+00  1.10154310E+00
   254  2.03200000E+02  1.10155528E+00  1.01924377E+00  1.10155528E+00
   255  2.04000000E+02  1.10158308E+00  1.02018401E+00  1.10158308E+00
   256  2.04800000E+02  1.10156298E+00  1.02115856E+00  1.10156298E+00
   257  2.05600000E+02  1.10155478E+00  1.02216794E+00  1.10155478E+00
   258  2.06400000E+02  1.10158037E+00  1.02321262E+00  1.10158037E+00
   259  2.07200000E+02  1.10155817E+00  1.02429301E+00  1.10155817E+00
   260  2.08000000E+02  1.10157059E+00  1.02540947E+00  1.10157059E+00
   261  2.08800000E+02  1.10159834E+00  1.02656228E+00  1.10159834E+00
   262  2.09600000E+02  1.10157805E+00  1.02775166E+00  1.10157805E+00
   263  2.10400000E+02  1.10157028E+00  1.02897774E+00  1.10157028E+00
   264  2.11200000E+02  1.10159585E+00  1.03024056E+00  1.10159585E+00
   265  2.12000000E+02  1.10157347E+00  1.03154007E+00  1.10157347E+00
   266  2.12800000E+02  1.10158609E+00  1.03287613E+00  1.10158609E+00
   267  2.13600000E+02  1.10161379E+00  1.03424846E+00  1.10161379E+00
   268  2.14400000E+02  1.10159330E+00  1.03565670E+00  1.10159330E+00
   269  2.15200000E+02  1.10158593E+00  1.03710032E+00  1.10158593E+00
   270  2.16000000E+02  1.10161147E+00  1.03857870E+00  1.10161147E+00
   271  2.16800000E+02  1.10158890E+00  1.04009105E+00  1.10158890E+00
   272  2.17600000E+02  1.10160171E+00  1.04163647E+00  1.10160171E+00
   273  2.18400000E+02  1.10162936E+00  1.04321386E+00  1.10162936E+00
   274  2.19200000E+02  1.10160866E+00  1.04482202E+00  1.10160866E+00
   275  2.20000000E+02  1.10160168E+00  1.04645954E+00  1.10160168E+00
   276  2.20800000E+02  1.10162716E+00  1.04812487E+00  1.10162716E+00
   277  2.21600000E+02  1.10160441E+00  1.04981629E+00  1.10160441E+00
   278  2.22400000E+02  1.10161740E+00  1.05153191E+00  1.10161740E+00
   279  2.23200000E+02  1.10164497E+00  1.05326966E+00  1.10164497E+00
   280  2.24000000E+02  1.10162408E+00  1.05502728E+00  1.10162408E+00
   281  2.24800000E+02  1.10161745E+00  1.05680237E+00  1.10161745E+00
   282  2.25600000E+02  1.10164289E+00  1.05859232E+00  1.10164289E+00
   283  2.26400000E+02  1.10161995E+00  1.06039434E+00  1.10161995E+00
   284  2.27200000E+02  1.10163311E+00  1.06220549E+00  1.10163311E+00
   285  2.28000000E+02  1.10166060E+00  1.06402263E+00  1.10166060E+00
   286  2.28800000E+02  1.10163950E+00  1.06584245E+00  1.10163950E+00
   287  2.29600000E+02  1.10163323E+00  1.06766147E+00  1.10163323E+00
   288  2.30400000E+02  1.10165859E+00  1.06947604E+00  1.10165859E+00
   289  2.31200000E+02  1.10163547E+00  1.07128235E+00  1.10163547E+00
   290  2.32000000E+02  1.10164880E+00  1.07307642E+00  1.10164880E+00
   291  2.32800000E+02  1.10167619E+00  1.07485413E+00  1.10167619E+00
   292  2.33600000E+02  1.10165489E+00  1.07661123E+00  1.10165489E+00
   293  2.34400000E+02  1.10164897E+00  1.07834332E+00  1.10164897E+00
   294  2.35200000E+02  1.10167426E+00  1.08004590E+00  1.10167426E+00
   295  2.36000000E+02  1.10165094E+00  1.08171438E+00  1.10165094E+00
   296  2.36800000E+02  1.10166445E+00  1.08334407E+00  1.10166445E+00
   297  2.37600000E+02  1.10169174E+00  1.08493024E+00  1.10169174E+00
   298  2.38400000E+02  1.10167022E+00  1.08646813E+00  1.10167022E+00
   299  2.39200000E+02  1.10166466E+00  1.08795299E+00  1.10166466E+00
   300  2.40000000E+02  1.10168986E+00  1.08938008E+00  1.10168986E+00
   301  2.40800000E+02  1.10166635E+00  1.09074478E+00  1.10166635E+00
   302  2.41600000E+02  1.10168004E+00  1.09204258E+00  1.10168004E+00
   303  2.42400000E+02  1.10170722E+00  1.09326917E+00  1.10170722E+00
   304  2.43200000E+02  1.10168549E+00  1.09442048E+00  1.10168549E+00
   305  2.44000000E+02  1.10168025E+00  1.09549280E+00  1.10168025E+00
   306  2.44800000E+02  1.10170536E+00  1.09648284E+00  1.10170536E+00
   307  2.45600000E+02  1.10168164E+00  1.09738782E+00  1.10168164E+00
   308  2.46400000E+02  1.10169554E+00  1.09820559E+00  1.10169554E+00
   309  2.47200000E+02  1.10172260E+00  1.09893472E+00  1.10172260E+00
   310  2.48000000E+02  1.10170065E+00  1.09957460E+00  1.10170065E+00
   311  2.48800000E+02  1.10169555E+00  1.10012557E+00  1.10169555E+00
   312  2.49600000E+02  1.10172061E+00  1.10058895E+00  1.10172061E+00
   313  2.50400000E+02  1.10169674E+00  1.10096715E+00  1.10169674E+00
   314  2.51200000E+02  1.10171109E+00  1.10126367E+00  1.10171109E+00
   315  2.52000000E+02  1.10173811E+00  1.10148313E+00  1.10173811E+00
   316  2.52800000E+02  1.10171603E+00  1.10163120E+00  1.10171603E+00
   317  2.53600000E+02  1.10171452E+00  1.10171452E+00  1.10171452E+00
   318  2.54400000E+02  1.10174061E+00  1.10174061E+00  1.10174061E+00
   319  2.55200000E+02  1.10171765E+00  1.10171765E+00  1.10171765E+00
   320  2.56000000E+02  1.10165429E+00  1.10165429E+00  1.10165429E+00
   321  2.56800000E+02  1.10155944E+00  1.10155944E+00  1.10155944E+00
   322  2.57600000E+02  1.10144195E+00  1.10144195E+00  1.10144195E+00
   323  2.58400000E+02  1.10131041E+00  1.10131041E+00  1.10131041E+00
   324  2.59200000E+02  1.10117286E+00  1.10117286E+00  1.10117286E+00
   325  2.60000000E+02  1.10103654E+00  1.10103654E+00  1.10103654E+00
   326  2.60800000E+02  1.10094615E+00  1.10090774E+00  1.10094615E+00
   327  2.61600000E+02  1.10094615E+00  1.10079156E+00  1.10094615E+00
   328  2.62400000E+02  1.10094615E+00  1.10069190E+00  1.10094615E+00
   329  2.63200000E+02  1.10094615E+00  1.10061134E+00  1.10094615E+00
   330  2.64000000E+02  1.10094615E+00  1.10055121E+00  1.10094615E+00
   331  2.64800000E+02  1.10094615E+00  1.10051165E+00  1.10094615E+00
   332  2.65600000E+02  1.10094615E+00  1.10049171E+00  1.10094615E+00
   333  2.66400000E+02  1.10094615E+00  1.10048958E+00  1.10094615E+00
   334  2.67200000E+02  1.10094615E+00  1.10050273E+00  1.10094615E+00
   335  2.68000000E+02  1.10094615E+00  1.10052819E+00  1.10094615E+00
   336  2.68800000E+02  1.10094615E+00  1.10056271E+00  1.10094615E+00
   337  2.69600000E+02  1.10094615E+00  1.10060304E+00  1.10094615E+00
   338  2.70400000E+02  1.10094615E+00  1.10064604E+00  1.10094615E+00
   339  2.71200000E+02  1.10094615E+00  1.10068894E+00  1.10094615E+00
   340  2.72000000E+02  1.10094615E+00  1.10072935E+00  1.10094615E+00
   341  2.72800000E+02  1.10094615E+00  1.10076543E+00  1.10094615E+00
   342  2.73600000E+02  1.10094615E+00  1.10079587E+00  1.10094615E+00
   343  2.74400000E+02  1.10094615E+00  1.10081993E+00  1.10094615E+00
   344  2.75200000E+02  1.10094615E+00  1.10083736E+00  1.10094615E+00
   345  2.76000000E+02  1.10094615E+00  1.10084837E+00  1.10094615E+00
   346  2.76800000E+02  1.10094615E+00  1.10085353E+00  1.10094615E+00
   347  2.77600000E+02  1.10094615E+00  1.10085367E+00  1.10094615E+00
   348  2.78400000E+02  1.10094615E+00  1.10084979E+00  1.10094615E+00
   349  2.79200000E+02  1.10094615E+00  1.10084298E+00  1.10094615E+00
   350  2.80000000E+02  1.10094615E+00  1.10083430E+00  1.10094615E+00
   351  2.80800000E+02  1.10094615E+00  1.10082472E+00  1.10094615E+00
   352  2.81600000E+02  1.10094615E+00  1.10081509E+00  1.10094615E+00
   353  2.82400000E+02  1.10094615E+00  1.10080610E+00  1.10094615E+00
   354  2.83200000E+02  1.10094615E+00  1.10079824E+00  1.10094615E+00
   355  2.84000000E+02  1.10094615E+00  1.10079181E+00  1.10094615E+00
 steady-height stop at step    355: changes <=   1.0000E-05, max-end <=   1.0000E-02, max/end/gap/profile_change =   1.10094615E+00  1.10079181E+00  1.54331269E-04  6.42683124E-06


STDERR:
