COMMAND:
/shared/generate_rom_data/extrudate_swell2d_c_cluster

STDOUT:
 comppar: model =   6
 comppar: lambda,mobility/eps,betav,eta_0 =  6.4000E+00  1.0000E-01  7.0000E-01  1.0000E+00
 comppar: eta_s,eta_p,G =  7.0000E-01  3.0000E-01  4.6875E-02
 comppar: U_avg,deltat,flowrate,nsteps =  2.5000E-02  8.0000E-01  7.8540E-02     700
 comppar: geometry = axisymmetric
 comppar: steady stop change,gap,hold,min =  1.0000E-05  1.0000E-02      10      80
 comppar: ncompc,ncompg =     4     5
 mesh nnodes = 5765
 mesh nelem = 2780
 P1 BC   5.0000000000000000     
 P2 BC   0.0000000000000000     
     1  8.00000000E-01  1.00253159E+00  1.00000000E+00  1.00253159E+00
     2  1.60000000E+00  1.00502550E+00  1.00000000E+00  1.00502550E+00
     3  2.40000000E+00  1.00747848E+00  1.00000000E+00  1.00747848E+00
     4  3.20000000E+00  1.00989026E+00  1.00000000E+00  1.00989026E+00
     5  4.00000000E+00  1.01226519E+00  1.00000000E+00  1.01226519E+00
     6  4.80000000E+00  1.01460109E+00  1.00000000E+00  1.01460109E+00
     7  5.60000000E+00  1.01689489E+00  1.00000000E+00  1.01689489E+00
     8  6.40000000E+00  1.01916293E+00  1.00000000E+00  1.01916293E+00
     9  7.20000000E+00  1.02138914E+00  1.00000000E+00  1.02138914E+00
    10  8.00000000E+00  1.02358913E+00  1.00000000E+00  1.02358913E+00
    11  8.80000000E+00  1.02575789E+00  1.00000000E+00  1.02575789E+00
    12  9.60000000E+00  1.02789587E+00  1.00000000E+00  1.02789587E+00
    13  1.04000000E+01  1.03000687E+00  1.00000001E+00  1.03000687E+00
    14  1.12000000E+01  1.03209398E+00  1.00000001E+00  1.03209398E+00
    15  1.20000000E+01  1.03414935E+00  1.00000001E+00  1.03414935E+00
    16  1.28000000E+01  1.03618980E+00  1.00000001E+00  1.03618980E+00
    17  1.36000000E+01  1.03817711E+00  1.00000001E+00  1.03817711E+00
    18  1.44000000E+01  1.04018163E+00  1.00000000E+00  1.04018163E+00
    19  1.52000000E+01  1.04213208E+00  1.00000000E+00  1.04213208E+00
    20  1.60000000E+01  1.04407115E+00  1.00000000E+00  1.04407115E+00
    21  1.68000000E+01  1.04598794E+00  1.00000000E+00  1.04598794E+00
    22  1.76000000E+01  1.04784717E+00  1.00000000E+00  1.04784717E+00
    23  1.84000000E+01  1.04973331E+00  9.99999998E-01  1.04973331E+00
    24  1.92000000E+01  1.05157093E+00  9.99999995E-01  1.05157093E+00
    25  2.00000000E+01  1.05336360E+00  9.99999992E-01  1.05336360E+00
    26  2.08000000E+01  1.05518010E+00  9.99999988E-01  1.05518010E+00
    27  2.16000000E+01  1.05693668E+00  9.99999983E-01  1.05693668E+00
    28  2.24000000E+01  1.05864102E+00  9.99999978E-01  1.05864102E+00
    29  2.32000000E+01  1.06038985E+00  9.99999972E-01  1.06038985E+00
    30  2.40000000E+01  1.06207666E+00  9.99999965E-01  1.06207666E+00
    31  2.48000000E+01  1.06369889E+00  9.99999958E-01  1.06369889E+00
    32  2.56000000E+01  1.06537859E+00  9.99999949E-01  1.06537859E+00
    33  2.64000000E+01  1.06699410E+00  9.99999939E-01  1.06699410E+00
    34  2.72000000E+01  1.06854255E+00  9.99999928E-01  1.06854255E+00
    35  2.80000000E+01  1.07012078E+00  9.99999916E-01  1.07012078E+00
    36  2.88000000E+01  1.07168021E+00  9.99999902E-01  1.07168021E+00
    37  2.96000000E+01  1.07317149E+00  9.99999887E-01  1.07317149E+00
    38  3.04000000E+01  1.07463592E+00  9.99999871E-01  1.07463592E+00
    39  3.12000000E+01  1.07613856E+00  9.99999853E-01  1.07613856E+00
    40  3.20000000E+01  1.07757193E+00  9.99999833E-01  1.07757193E+00
    41  3.28000000E+01  1.07893372E+00  9.99999811E-01  1.07893372E+00
    42  3.36000000E+01  1.08033399E+00  9.99999788E-01  1.08033399E+00
    43  3.44000000E+01  1.08172927E+00  9.99999762E-01  1.08172927E+00
    44  3.52000000E+01  1.08305283E+00  9.99999734E-01  1.08305283E+00
    45  3.60000000E+01  1.08430275E+00  9.99999703E-01  1.08430275E+00
    46  3.68000000E+01  1.08564485E+00  9.99999670E-01  1.08564485E+00
    47  3.76000000E+01  1.08692968E+00  9.99999634E-01  1.08692968E+00
    48  3.84000000E+01  1.08814077E+00  9.99999595E-01  1.08814077E+00
    49  3.92000000E+01  1.08927671E+00  9.99999553E-01  1.08927671E+00
    50  4.00000000E+01  1.09052939E+00  9.99999508E-01  1.09052939E+00
    51  4.08000000E+01  1.09172592E+00  9.99999460E-01  1.09172592E+00
    52  4.16000000E+01  1.09284787E+00  9.99999408E-01  1.09284787E+00
    53  4.24000000E+01  1.09389432E+00  9.99999352E-01  1.09389432E+00
    54  4.32000000E+01  1.09505108E+00  9.99999292E-01  1.09505108E+00
    55  4.40000000E+01  1.09615820E+00  9.99999227E-01  1.09615820E+00
    56  4.48000000E+01  1.09719023E+00  9.99999158E-01  1.09719023E+00
    57  4.56000000E+01  1.09814679E+00  9.99999084E-01  1.09814679E+00
    58  4.64000000E+01  1.09916451E+00  9.99999005E-01  1.09916451E+00
    59  4.72000000E+01  1.10020455E+00  9.99998921E-01  1.10020455E+00
    60  4.80000000E+01  1.10116984E+00  9.99998831E-01  1.10116984E+00
    61  4.88000000E+01  1.10206062E+00  9.99998736E-01  1.10206062E+00
    62  4.96000000E+01  1.10293753E+00  9.99998634E-01  1.10293753E+00
    63  5.04000000E+01  1.10390987E+00  9.99998525E-01  1.10390987E+00
    64  5.12000000E+01  1.10480785E+00  9.99998410E-01  1.10480785E+00
    65  5.20000000E+01  1.10563229E+00  9.99998287E-01  1.10563229E+00
    66  5.28000000E+01  1.10638483E+00  9.99998157E-01  1.10638483E+00
    67  5.36000000E+01  1.10726748E+00  9.99998018E-01  1.10726748E+00
    68  5.44000000E+01  1.10810285E+00  9.99997872E-01  1.10810285E+00
    69  5.52000000E+01  1.10886664E+00  9.99997716E-01  1.10886664E+00
    70  5.60000000E+01  1.10956118E+00  9.99997551E-01  1.10956118E+00
    71  5.68000000E+01  1.11032157E+00  9.99997377E-01  1.11032157E+00
    72  5.76000000E+01  1.11109378E+00  9.99997193E-01  1.11109378E+00
    73  5.84000000E+01  1.11179636E+00  9.99996998E-01  1.11179636E+00
    74  5.92000000E+01  1.11243231E+00  9.99996791E-01  1.11243231E+00
    75  6.00000000E+01  1.11307625E+00  9.99996574E-01  1.11307625E+00
    76  6.08000000E+01  1.11378980E+00  9.99996344E-01  1.11378980E+00
    77  6.16000000E+01  1.11443658E+00  9.99996101E-01  1.11443658E+00
    78  6.24000000E+01  1.11502009E+00  9.99995846E-01  1.11502009E+00
    79  6.32000000E+01  1.11556384E+00  9.99995576E-01  1.11556384E+00
    80  6.40000000E+01  1.11621820E+00  9.99995292E-01  1.11621820E+00
    81  6.48000000E+01  1.11680875E+00  9.99994993E-01  1.11680875E+00
    82  6.56000000E+01  1.11733952E+00  9.99994678E-01  1.11733952E+00
    83  6.64000000E+01  1.11781495E+00  9.99994347E-01  1.11781495E+00
    84  6.72000000E+01  1.11839730E+00  9.99993999E-01  1.11839730E+00
    85  6.80000000E+01  1.11893787E+00  9.99993634E-01  1.11893787E+00
    86  6.88000000E+01  1.11942226E+00  9.99993249E-01  1.11942226E+00
    87  6.96000000E+01  1.11985494E+00  9.99992846E-01  1.11985494E+00
    88  7.04000000E+01  1.12034461E+00  9.99992422E-01  1.12034461E+00
    89  7.12000000E+01  1.12083518E+00  9.99991978E-01  1.12083518E+00
    90  7.20000000E+01  1.12127352E+00  9.99991512E-01  1.12127352E+00
    91  7.28000000E+01  1.12166421E+00  9.99991024E-01  1.12166421E+00
    92  7.36000000E+01  1.12208895E+00  9.99990512E-01  1.12208895E+00
    93  7.44000000E+01  1.12253562E+00  9.99989977E-01  1.12253562E+00
    94  7.52000000E+01  1.12293360E+00  9.99989416E-01  1.12293360E+00
    95  7.60000000E+01  1.12328738E+00  9.99988829E-01  1.12328738E+00
    96  7.68000000E+01  1.12363195E+00  9.99988216E-01  1.12363195E+00
    97  7.76000000E+01  1.12403538E+00  9.99987574E-01  1.12403538E+00
    98  7.84000000E+01  1.12439414E+00  9.99986904E-01  1.12439414E+00
    99  7.92000000E+01  1.12471264E+00  9.99986204E-01  1.12471264E+00
   100  8.00000000E+01  1.12501101E+00  9.99985473E-01  1.12501101E+00
   101  8.08000000E+01  1.12537648E+00  9.99984710E-01  1.12537648E+00
   102  8.16000000E+01  1.12570065E+00  9.99983915E-01  1.12570065E+00
   103  8.24000000E+01  1.12598779E+00  9.99983085E-01  1.12598779E+00
   104  8.32000000E+01  1.12624195E+00  9.99982221E-01  1.12624195E+00
   105  8.40000000E+01  1.12654816E+00  9.99981320E-01  1.12654816E+00
   106  8.48000000E+01  1.12683966E+00  9.99980382E-01  1.12683966E+00
   107  8.56000000E+01  1.12709779E+00  9.99979406E-01  1.12709779E+00
   108  8.64000000E+01  1.12732633E+00  9.99978390E-01  1.12732633E+00
   109  8.72000000E+01  1.12759519E+00  9.99977334E-01  1.12759519E+00
   110  8.80000000E+01  1.12785758E+00  9.99976236E-01  1.12785758E+00
   111  8.88000000E+01  1.12808958E+00  9.99975095E-01  1.12808958E+00
   112  8.96000000E+01  1.12829483E+00  9.99973911E-01  1.12829483E+00
   113  9.04000000E+01  1.12850006E+00  9.99972681E-01  1.12850006E+00
   114  9.12000000E+01  1.12873585E+00  9.99971405E-01  1.12873585E+00
   115  9.20000000E+01  1.12894451E+00  9.99970082E-01  1.12894451E+00
   116  9.28000000E+01  1.12912944E+00  9.99968711E-01  1.12912944E+00
   117  9.36000000E+01  1.12930854E+00  9.99967290E-01  1.12930854E+00
   118  9.44000000E+01  1.12952032E+00  9.99965819E-01  1.12952032E+00
   119  9.52000000E+01  1.12970771E+00  9.99964296E-01  1.12970771E+00
   120  9.60000000E+01  1.12987394E+00  9.99962721E-01  1.12987394E+00
   121  9.68000000E+01  1.13002192E+00  9.99961093E-01  1.13002192E+00
   122  9.76000000E+01  1.13018996E+00  9.99959410E-01  1.13018996E+00
   123  9.84000000E+01  1.13035905E+00  9.99957672E-01  1.13035905E+00
   124  9.92000000E+01  1.13050957E+00  9.99955879E-01  1.13050957E+00
   125  1.00000000E+02  1.13064415E+00  9.99954028E-01  1.13064415E+00
   126  1.00800000E+02  1.13078837E+00  9.99952121E-01  1.13078837E+00
   127  1.01600000E+02  1.13094055E+00  9.99950156E-01  1.13094055E+00
   128  1.02400000E+02  1.13107638E+00  9.99948133E-01  1.13107638E+00
   129  1.03200000E+02  1.13119829E+00  9.99946051E-01  1.13119829E+00
   130  1.04000000E+02  1.13130844E+00  9.99943910E-01  1.13130844E+00
   131  1.04800000E+02  1.13143201E+00  9.99941710E-01  1.13143201E+00
   132  1.05600000E+02  1.13155601E+00  9.99939451E-01  1.13155601E+00
   133  1.06400000E+02  1.13166799E+00  9.99937133E-01  1.13166799E+00
   134  1.07200000E+02  1.13176981E+00  9.99934756E-01  1.13176981E+00
   135  1.08000000E+02  1.13187123E+00  9.99932322E-01  1.13187123E+00
   136  1.08800000E+02  1.13198389E+00  9.99929829E-01  1.13198389E+00
   137  1.09600000E+02  1.13208614E+00  9.99927280E-01  1.13208614E+00
   138  1.10400000E+02  1.13217961E+00  9.99924676E-01  1.13217961E+00
   139  1.11200000E+02  1.13226566E+00  9.99922017E-01  1.13226566E+00
   140  1.12000000E+02  1.13234538E+00  9.99919306E-01  1.13234538E+00
   141  1.12800000E+02  1.13243782E+00  9.99916543E-01  1.13243782E+00
   142  1.13600000E+02  1.13252523E+00  9.99913732E-01  1.13252523E+00
   143  1.14400000E+02  1.13260616E+00  9.99910874E-01  1.13260616E+00
   144  1.15200000E+02  1.13268149E+00  9.99907973E-01  1.13268149E+00
   145  1.16000000E+02  1.13275183E+00  9.99905031E-01  1.13275183E+00
   146  1.16800000E+02  1.13283171E+00  9.99902052E-01  1.13283171E+00
   147  1.17600000E+02  1.13290693E+00  9.99899040E-01  1.13290693E+00
   148  1.18400000E+02  1.13297712E+00  9.99895999E-01  1.13297712E+00
   149  1.19200000E+02  1.13304278E+00  9.99892934E-01  1.13304278E+00
   150  1.20000000E+02  1.13310421E+00  9.99889849E-01  1.13310421E+00
   151  1.20800000E+02  1.13316159E+00  9.99886752E-01  1.13316159E+00
   152  1.21600000E+02  1.13322687E+00  9.99883649E-01  1.13322687E+00
   153  1.22400000E+02  1.13328927E+00  9.99880545E-01  1.13328927E+00
   154  1.23200000E+02  1.13334756E+00  9.99877450E-01  1.13334756E+00
   155  1.24000000E+02  1.13340186E+00  9.99874370E-01  1.13340186E+00
   156  1.24800000E+02  1.13345220E+00  9.99871317E-01  1.13345220E+00
   157  1.25600000E+02  1.13350348E+00  9.99868298E-01  1.13350348E+00
   158  1.26400000E+02  1.13355787E+00  9.99865325E-01  1.13355787E+00
   159  1.27200000E+02  1.13360840E+00  9.99862410E-01  1.13360840E+00
   160  1.28000000E+02  1.13365512E+00  9.99859564E-01  1.13365512E+00
   161  1.28800000E+02  1.13369804E+00  9.99856801E-01  1.13369804E+00
   162  1.29600000E+02  1.13373722E+00  9.99854136E-01  1.13373722E+00
   163  1.30400000E+02  1.13378311E+00  9.99851583E-01  1.13378311E+00
   164  1.31200000E+02  1.13382679E+00  9.99849160E-01  1.13382679E+00
   165  1.32000000E+02  1.13386667E+00  9.99846883E-01  1.13386667E+00
   166  1.32800000E+02  1.13390284E+00  9.99844773E-01  1.13390284E+00
   167  1.33600000E+02  1.13393543E+00  9.99842849E-01  1.13393543E+00
   168  1.34400000E+02  1.13397205E+00  9.99841134E-01  1.13397205E+00
   169  1.35200000E+02  1.13400877E+00  9.99839650E-01  1.13400877E+00
   170  1.36000000E+02  1.13404195E+00  9.99838422E-01  1.13404195E+00
   171  1.36800000E+02  1.13407176E+00  9.99837476E-01  1.13407176E+00
   172  1.37600000E+02  1.13409839E+00  9.99836842E-01  1.13409839E+00
   173  1.38400000E+02  1.13412763E+00  9.99836548E-01  1.13412763E+00
   174  1.39200000E+02  1.13415797E+00  9.99836628E-01  1.13415797E+00
   175  1.40000000E+02  1.13418508E+00  9.99837114E-01  1.13418508E+00
   176  1.40800000E+02  1.13420918E+00  9.99838044E-01  1.13420918E+00
   177  1.41600000E+02  1.13423055E+00  9.99839455E-01  1.13423055E+00
   178  1.42400000E+02  1.13425416E+00  9.99841387E-01  1.13425416E+00
   179  1.43200000E+02  1.13427885E+00  9.99843885E-01  1.13427885E+00
   180  1.44000000E+02  1.13430075E+00  9.99846994E-01  1.13430075E+00
   181  1.44800000E+02  1.13432014E+00  9.99850761E-01  1.13432014E+00
   182  1.45600000E+02  1.13433728E+00  9.99855239E-01  1.13433728E+00
   183  1.46400000E+02  1.13435532E+00  9.99860480E-01  1.13435532E+00
   184  1.47200000E+02  1.13437504E+00  9.99866543E-01  1.13437504E+00
   185  1.48000000E+02  1.13439248E+00  9.99873487E-01  1.13439248E+00
   186  1.48800000E+02  1.13440791E+00  9.99881377E-01  1.13440791E+00
   187  1.49600000E+02  1.13442160E+00  9.99890279E-01  1.13442160E+00
   188  1.50400000E+02  1.13443566E+00  9.99900264E-01  1.13443566E+00
   189  1.51200000E+02  1.13445145E+00  9.99911407E-01  1.13445145E+00
   190  1.52000000E+02  1.13446541E+00  9.99923788E-01  1.13446541E+00
   191  1.52800000E+02  1.13447779E+00  9.99937489E-01  1.13447779E+00
   192  1.53600000E+02  1.13448882E+00  9.99952597E-01  1.13448882E+00
   193  1.54400000E+02  1.13449867E+00  9.99969206E-01  1.13449867E+00
   194  1.55200000E+02  1.13451014E+00  9.99987410E-01  1.13451014E+00
   195  1.56000000E+02  1.13452135E+00  1.00000731E+00  1.13452135E+00
   196  1.56800000E+02  1.13453138E+00  1.00002902E+00  1.13453138E+00
   197  1.57600000E+02  1.13454038E+00  1.00005265E+00  1.13454038E+00
   198  1.58400000E+02  1.13454848E+00  1.00007831E+00  1.13454848E+00
   199  1.59200000E+02  1.13455600E+00  1.00010613E+00  1.13455600E+00
   200  1.60000000E+02  1.13456508E+00  1.00013624E+00  1.13456508E+00
   201  1.60800000E+02  1.13457324E+00  1.00016878E+00  1.13457324E+00
   202  1.61600000E+02  1.13458058E+00  1.00020389E+00  1.13458058E+00
   203  1.62400000E+02  1.13458722E+00  1.00024171E+00  1.13458722E+00
   204  1.63200000E+02  1.13459321E+00  1.00028241E+00  1.13459321E+00
   205  1.64000000E+02  1.13459862E+00  1.00032615E+00  1.13459862E+00
   206  1.64800000E+02  1.13460410E+00  1.00037310E+00  1.13460410E+00
   207  1.65600000E+02  1.13461023E+00  1.00042344E+00  1.13461023E+00
   208  1.66400000E+02  1.13461575E+00  1.00047737E+00  1.13461575E+00
   209  1.67200000E+02  1.13462074E+00  1.00053506E+00  1.13462074E+00
   210  1.68000000E+02  1.13462521E+00  1.00059674E+00  1.13462521E+00
   211  1.68800000E+02  1.13462922E+00  1.00066261E+00  1.13462922E+00
   212  1.69600000E+02  1.13463278E+00  1.00073290E+00  1.13463278E+00
   213  1.70400000E+02  1.13463662E+00  1.00080784E+00  1.13463662E+00
   214  1.71200000E+02  1.13464066E+00  1.00088767E+00  1.13464066E+00
   215  1.72000000E+02  1.13464427E+00  1.00097265E+00  1.13464427E+00
   216  1.72800000E+02  1.13464747E+00  1.00106304E+00  1.13464747E+00
   217  1.73600000E+02  1.13465031E+00  1.00115911E+00  1.13465031E+00
   218  1.74400000E+02  1.13465281E+00  1.00126116E+00  1.13465281E+00
   219  1.75200000E+02  1.13465499E+00  1.00136948E+00  1.13465499E+00
   220  1.76000000E+02  1.13465690E+00  1.00148438E+00  1.13465690E+00
   221  1.76800000E+02  1.13465940E+00  1.00160618E+00  1.13465940E+00
   222  1.77600000E+02  1.13466164E+00  1.00173521E+00  1.13466164E+00
   223  1.78400000E+02  1.13466360E+00  1.00187183E+00  1.13466360E+00
   224  1.79200000E+02  1.13466530E+00  1.00201639E+00  1.13466530E+00
   225  1.80000000E+02  1.13466677E+00  1.00216927E+00  1.13466677E+00
   226  1.80800000E+02  1.13466805E+00  1.00233085E+00  1.13466805E+00
   227  1.81600000E+02  1.13466915E+00  1.00250155E+00  1.13466915E+00
   228  1.82400000E+02  1.13467010E+00  1.00268176E+00  1.13467010E+00
   229  1.83200000E+02  1.13467091E+00  1.00287193E+00  1.13467091E+00
   230  1.84000000E+02  1.13467202E+00  1.00307249E+00  1.13467202E+00
   231  1.84800000E+02  1.13467298E+00  1.00328391E+00  1.13467298E+00
   232  1.85600000E+02  1.13467381E+00  1.00350667E+00  1.13467381E+00
   233  1.86400000E+02  1.13467451E+00  1.00374125E+00  1.13467451E+00
   234  1.87200000E+02  1.13467511E+00  1.00398815E+00  1.13467511E+00
   235  1.88000000E+02  1.13467562E+00  1.00424791E+00  1.13467562E+00
   236  1.88800000E+02  1.13467604E+00  1.00452105E+00  1.13467604E+00
   237  1.89600000E+02  1.13467639E+00  1.00480814E+00  1.13467639E+00
   238  1.90400000E+02  1.13467667E+00  1.00510973E+00  1.13467667E+00
   239  1.91200000E+02  1.13467689E+00  1.00542641E+00  1.13467689E+00
   240  1.92000000E+02  1.13467706E+00  1.00575878E+00  1.13467706E+00
   241  1.92800000E+02  1.13467718E+00  1.00610745E+00  1.13467718E+00
   242  1.93600000E+02  1.13467726E+00  1.00647306E+00  1.13467726E+00
   243  1.94400000E+02  1.13467730E+00  1.00685624E+00  1.13467730E+00
   244  1.95200000E+02  1.13467731E+00  1.00725765E+00  1.13467731E+00
   245  1.96000000E+02  1.13467730E+00  1.00767797E+00  1.13467730E+00
   246  1.96800000E+02  1.13467726E+00  1.00811788E+00  1.13467726E+00
   247  1.97600000E+02  1.13467719E+00  1.00857807E+00  1.13467719E+00
   248  1.98400000E+02  1.13467712E+00  1.00905925E+00  1.13467712E+00
   249  1.99200000E+02  1.13467705E+00  1.00956215E+00  1.13467705E+00
   250  2.00000000E+02  1.13467700E+00  1.01008749E+00  1.13467700E+00
   251  2.00800000E+02  1.13467692E+00  1.01063602E+00  1.13467692E+00
   252  2.01600000E+02  1.13467683E+00  1.01120847E+00  1.13467683E+00
   253  2.02400000E+02  1.13467673E+00  1.01180560E+00  1.13467673E+00
   254  2.03200000E+02  1.13467662E+00  1.01242817E+00  1.13467662E+00
   255  2.04000000E+02  1.13467650E+00  1.01307694E+00  1.13467650E+00
   256  2.04800000E+02  1.13467637E+00  1.01375267E+00  1.13467637E+00
   257  2.05600000E+02  1.13467624E+00  1.01445612E+00  1.13467624E+00
   258  2.06400000E+02  1.13467610E+00  1.01518806E+00  1.13467610E+00
   259  2.07200000E+02  1.13467597E+00  1.01594922E+00  1.13467597E+00
   260  2.08000000E+02  1.13467583E+00  1.01674036E+00  1.13467583E+00
   261  2.08800000E+02  1.13467569E+00  1.01756220E+00  1.13467569E+00
   262  2.09600000E+02  1.13467555E+00  1.01841548E+00  1.13467555E+00
   263  2.10400000E+02  1.13467541E+00  1.01930088E+00  1.13467541E+00
   264  2.11200000E+02  1.13467528E+00  1.02021910E+00  1.13467528E+00
   265  2.12000000E+02  1.13467514E+00  1.02117079E+00  1.13467514E+00
   266  2.12800000E+02  1.13467501E+00  1.02215658E+00  1.13467501E+00
   267  2.13600000E+02  1.13467488E+00  1.02317707E+00  1.13467488E+00
   268  2.14400000E+02  1.13467476E+00  1.02423282E+00  1.13467476E+00
   269  2.15200000E+02  1.13467463E+00  1.02532437E+00  1.13467463E+00
   270  2.16000000E+02  1.13467451E+00  1.02645220E+00  1.13467451E+00
   271  2.16800000E+02  1.13467440E+00  1.02761673E+00  1.13467440E+00
   272  2.17600000E+02  1.13467429E+00  1.02881836E+00  1.13467429E+00
   273  2.18400000E+02  1.13467418E+00  1.03005741E+00  1.13467418E+00
   274  2.19200000E+02  1.13467408E+00  1.03133415E+00  1.13467408E+00
   275  2.20000000E+02  1.13467398E+00  1.03264877E+00  1.13467398E+00
   276  2.20800000E+02  1.13467388E+00  1.03400140E+00  1.13467388E+00
   277  2.21600000E+02  1.13467379E+00  1.03539208E+00  1.13467379E+00
   278  2.22400000E+02  1.13467370E+00  1.03682080E+00  1.13467370E+00
   279  2.23200000E+02  1.13467362E+00  1.03828742E+00  1.13467362E+00
   280  2.24000000E+02  1.13467354E+00  1.03979174E+00  1.13467354E+00
   281  2.24800000E+02  1.13467346E+00  1.04133345E+00  1.13467346E+00
   282  2.25600000E+02  1.13467339E+00  1.04291214E+00  1.13467339E+00
   283  2.26400000E+02  1.13467332E+00  1.04452731E+00  1.13467332E+00
   284  2.27200000E+02  1.13467326E+00  1.04617831E+00  1.13467326E+00
   285  2.28000000E+02  1.13467321E+00  1.04786442E+00  1.13467321E+00
   286  2.28800000E+02  1.13467316E+00  1.04958478E+00  1.13467316E+00
   287  2.29600000E+02  1.13467311E+00  1.05133841E+00  1.13467311E+00
   288  2.30400000E+02  1.13467307E+00  1.05312419E+00  1.13467307E+00
   289  2.31200000E+02  1.13467302E+00  1.05494091E+00  1.13467302E+00
   290  2.32000000E+02  1.13467298E+00  1.05678720E+00  1.13467298E+00
   291  2.32800000E+02  1.13467294E+00  1.05866157E+00  1.13467294E+00
   292  2.33600000E+02  1.13467291E+00  1.06056239E+00  1.13467291E+00
   293  2.34400000E+02  1.13467287E+00  1.06248792E+00  1.13467287E+00
   294  2.35200000E+02  1.13467284E+00  1.06443626E+00  1.13467284E+00
   295  2.36000000E+02  1.13467281E+00  1.06640541E+00  1.13467281E+00
   296  2.36800000E+02  1.13467278E+00  1.06839321E+00  1.13467278E+00
   297  2.37600000E+02  1.13467275E+00  1.07039741E+00  1.13467275E+00
   298  2.38400000E+02  1.13467273E+00  1.07241560E+00  1.13467273E+00
   299  2.39200000E+02  1.13467271E+00  1.07444529E+00  1.13467271E+00
   300  2.40000000E+02  1.13467268E+00  1.07648384E+00  1.13467268E+00
   301  2.40800000E+02  1.13467266E+00  1.07852853E+00  1.13467266E+00
   302  2.41600000E+02  1.13467264E+00  1.08057652E+00  1.13467264E+00
   303  2.42400000E+02  1.13467262E+00  1.08262488E+00  1.13467262E+00
   304  2.43200000E+02  1.13467261E+00  1.08467060E+00  1.13467261E+00
   305  2.44000000E+02  1.13467259E+00  1.08671057E+00  1.13467259E+00
   306  2.44800000E+02  1.13467258E+00  1.08874163E+00  1.13467258E+00
   307  2.45600000E+02  1.13467256E+00  1.09076054E+00  1.13467256E+00
   308  2.46400000E+02  1.13467255E+00  1.09276402E+00  1.13467255E+00
   309  2.47200000E+02  1.13467254E+00  1.09474875E+00  1.13467254E+00
   310  2.48000000E+02  1.13467252E+00  1.09671137E+00  1.13467252E+00
   311  2.48800000E+02  1.13467251E+00  1.09864851E+00  1.13467251E+00
   312  2.49600000E+02  1.13467250E+00  1.10055679E+00  1.13467250E+00
   313  2.50400000E+02  1.13467249E+00  1.10243286E+00  1.13467249E+00
   314  2.51200000E+02  1.13467249E+00  1.10427338E+00  1.13467249E+00
   315  2.52000000E+02  1.13467248E+00  1.10607504E+00  1.13467248E+00
   316  2.52800000E+02  1.13467247E+00  1.10783462E+00  1.13467247E+00
   317  2.53600000E+02  1.13467246E+00  1.10954895E+00  1.13467246E+00
   318  2.54400000E+02  1.13467246E+00  1.11121495E+00  1.13467246E+00
   319  2.55200000E+02  1.13467245E+00  1.11282967E+00  1.13467245E+00
   320  2.56000000E+02  1.13467244E+00  1.11439029E+00  1.13467244E+00
   321  2.56800000E+02  1.13467244E+00  1.11589414E+00  1.13467244E+00
   322  2.57600000E+02  1.13467243E+00  1.11733872E+00  1.13467243E+00
   323  2.58400000E+02  1.13467243E+00  1.11872175E+00  1.13467243E+00
   324  2.59200000E+02  1.13467242E+00  1.12004117E+00  1.13467242E+00
   325  2.60000000E+02  1.13467242E+00  1.12129519E+00  1.13467242E+00
   326  2.60800000E+02  1.13467242E+00  1.12248230E+00  1.13467242E+00
   327  2.61600000E+02  1.13467241E+00  1.12360131E+00  1.13467241E+00
   328  2.62400000E+02  1.13467241E+00  1.12465139E+00  1.13467241E+00
   329  2.63200000E+02  1.13467241E+00  1.12563207E+00  1.13467241E+00
   330  2.64000000E+02  1.13467240E+00  1.12654330E+00  1.13467240E+00
   331  2.64800000E+02  1.13467240E+00  1.12738548E+00  1.13467240E+00
   332  2.65600000E+02  1.13467240E+00  1.12815944E+00  1.13467240E+00
   333  2.66400000E+02  1.13467240E+00  1.12886646E+00  1.13467240E+00
   334  2.67200000E+02  1.13467239E+00  1.12950830E+00  1.13467239E+00
   335  2.68000000E+02  1.13467239E+00  1.13008718E+00  1.13467239E+00
   336  2.68800000E+02  1.13467239E+00  1.13060575E+00  1.13467239E+00
   337  2.69600000E+02  1.13467239E+00  1.13106705E+00  1.13467239E+00
   338  2.70400000E+02  1.13467239E+00  1.13147451E+00  1.13467239E+00
   339  2.71200000E+02  1.13467238E+00  1.13183186E+00  1.13467238E+00
   340  2.72000000E+02  1.13467238E+00  1.13214305E+00  1.13467238E+00
   341  2.72800000E+02  1.13467238E+00  1.13241225E+00  1.13467238E+00
   342  2.73600000E+02  1.13467238E+00  1.13264371E+00  1.13467238E+00
   343  2.74400000E+02  1.13467238E+00  1.13284167E+00  1.13467238E+00
   344  2.75200000E+02  1.13467238E+00  1.13301036E+00  1.13467238E+00
   345  2.76000000E+02  1.13467238E+00  1.13315384E+00  1.13467238E+00
   346  2.76800000E+02  1.13467238E+00  1.13327597E+00  1.13467238E+00
   347  2.77600000E+02  1.13467238E+00  1.13338035E+00  1.13467238E+00
   348  2.78400000E+02  1.13467238E+00  1.13347027E+00  1.13467238E+00
   349  2.79200000E+02  1.13467237E+00  1.13354863E+00  1.13467237E+00
   350  2.80000000E+02  1.13467237E+00  1.13361800E+00  1.13467237E+00
   351  2.80800000E+02  1.13467237E+00  1.13368052E+00  1.13467237E+00
   352  2.81600000E+02  1.13467237E+00  1.13373796E+00  1.13467237E+00
   353  2.82400000E+02  1.13467237E+00  1.13379171E+00  1.13467237E+00
   354  2.83200000E+02  1.13467237E+00  1.13384282E+00  1.13467237E+00
   355  2.84000000E+02  1.13467237E+00  1.13389202E+00  1.13467237E+00
   356  2.84800000E+02  1.13467237E+00  1.13393975E+00  1.13467237E+00
   357  2.85600000E+02  1.13467237E+00  1.13398623E+00  1.13467237E+00
   358  2.86400000E+02  1.13467237E+00  1.13403151E+00  1.13467237E+00
   359  2.87200000E+02  1.13467237E+00  1.13407547E+00  1.13467237E+00
   360  2.88000000E+02  1.13467237E+00  1.13411791E+00  1.13467237E+00
   361  2.88800000E+02  1.13467237E+00  1.13415858E+00  1.13467237E+00
   362  2.89600000E+02  1.13467237E+00  1.13419720E+00  1.13467237E+00
   363  2.90400000E+02  1.13467237E+00  1.13423351E+00  1.13467237E+00
   364  2.91200000E+02  1.13467237E+00  1.13426727E+00  1.13467237E+00
   365  2.92000000E+02  1.13467237E+00  1.13429832E+00  1.13467237E+00
   366  2.92800000E+02  1.13467237E+00  1.13432652E+00  1.13467237E+00
   367  2.93600000E+02  1.13467237E+00  1.13435185E+00  1.13467237E+00
   368  2.94400000E+02  1.13467237E+00  1.13437432E+00  1.13467237E+00
   369  2.95200000E+02  1.13467237E+00  1.13439402E+00  1.13467237E+00
   370  2.96000000E+02  1.13467237E+00  1.13441110E+00  1.13467237E+00
   371  2.96800000E+02  1.13467237E+00  1.13442575E+00  1.13467237E+00
   372  2.97600000E+02  1.13467237E+00  1.13443821E+00  1.13467237E+00
   373  2.98400000E+02  1.13467237E+00  1.13444871E+00  1.13467237E+00
   374  2.99200000E+02  1.13467237E+00  1.13445754E+00  1.13467237E+00
   375  3.00000000E+02  1.13467237E+00  1.13446493E+00  1.13467237E+00
   376  3.00800000E+02  1.13467237E+00  1.13447115E+00  1.13467237E+00
   377  3.01600000E+02  1.13467237E+00  1.13447642E+00  1.13467237E+00
   378  3.02400000E+02  1.13467236E+00  1.13448094E+00  1.13467236E+00
   379  3.03200000E+02  1.13467236E+00  1.13448489E+00  1.13467236E+00
   380  3.04000000E+02  1.13467236E+00  1.13448840E+00  1.13467236E+00
   381  3.04800000E+02  1.13467236E+00  1.13449159E+00  1.13467236E+00
   382  3.05600000E+02  1.13467236E+00  1.13449453E+00  1.13467236E+00
   383  3.06400000E+02  1.13467236E+00  1.13449728E+00  1.13467236E+00
 steady-height stop at step    383: changes <=   1.0000E-05, max-end <=   1.0000E-02, max/end/gap/profile_change =   1.13467236E+00  1.13449728E+00  1.75082147E-04  2.75031467E-06


STDERR:
