COMMAND:
/shared/generate_rom_data/extrudate_swell2d_c_cluster

STDOUT:
 comppar: model =   6
 comppar: lambda,mobility/eps,betav,eta_0 =  8.2000E+00  2.3333E-01  9.0000E-01  1.0000E+00
 comppar: eta_s,eta_p,G =  9.0000E-01  1.0000E-01  1.2195E-02
 comppar: U_avg,deltat,flowrate,nsteps =  2.5000E-02  8.0000E-01  7.8540E-02     700
 comppar: geometry = axisymmetric
 comppar: steady stop change,gap,hold,min =  1.0000E-05  1.0000E-02      10      80
 comppar: ncompc,ncompg =     4     5
 mesh nnodes = 5765
 mesh nelem = 2780
 P1 BC   5.0000000000000000     
 P2 BC   0.0000000000000000     
     1  8.00000000E-01  1.00253247E+00  1.00000000E+00  1.00253247E+00
     2  1.60000000E+00  1.00503034E+00  1.00000000E+00  1.00503034E+00
     3  2.40000000E+00  1.00749332E+00  1.00000000E+00  1.00749332E+00
     4  3.20000000E+00  1.00991989E+00  1.00000000E+00  1.00991989E+00
     5  4.00000000E+00  1.01231679E+00  1.00000000E+00  1.01231679E+00
     6  4.80000000E+00  1.01467475E+00  1.00000000E+00  1.01467475E+00
     7  5.60000000E+00  1.01699815E+00  1.00000000E+00  1.01699815E+00
     8  6.40000000E+00  1.01929236E+00  1.00000000E+00  1.01929236E+00
     9  7.20000000E+00  1.02154102E+00  1.00000000E+00  1.02154102E+00
    10  8.00000000E+00  1.02377377E+00  1.00000000E+00  1.02377377E+00
    11  8.80000000E+00  1.02595778E+00  1.00000000E+00  1.02595778E+00
    12  9.60000000E+00  1.02812753E+00  1.00000000E+00  1.02812753E+00
    13  1.04000000E+01  1.03024314E+00  1.00000000E+00  1.03024314E+00
    14  1.12000000E+01  1.03235671E+00  1.00000000E+00  1.03235671E+00
    15  1.20000000E+01  1.03441374E+00  1.00000000E+00  1.03441374E+00
    16  1.28000000E+01  1.03646783E+00  1.00000000E+00  1.03646783E+00
    17  1.36000000E+01  1.03847117E+00  1.00000000E+00  1.03847117E+00
    18  1.44000000E+01  1.04045542E+00  1.00000000E+00  1.04045542E+00
    19  1.52000000E+01  1.04241607E+00  1.00000000E+00  1.04241607E+00
    20  1.60000000E+01  1.04432638E+00  1.00000000E+00  1.04432638E+00
    21  1.68000000E+01  1.04624667E+00  1.00000000E+00  1.04624667E+00
    22  1.76000000E+01  1.04810662E+00  9.99999998E-01  1.04810662E+00
    23  1.84000000E+01  1.04994976E+00  9.99999995E-01  1.04994976E+00
    24  1.92000000E+01  1.05178224E+00  9.99999993E-01  1.05178224E+00
    25  2.00000000E+01  1.05355183E+00  9.99999989E-01  1.05355183E+00
    26  2.08000000E+01  1.05533628E+00  9.99999985E-01  1.05533628E+00
    27  2.16000000E+01  1.05708050E+00  9.99999980E-01  1.05708050E+00
    28  2.24000000E+01  1.05875926E+00  9.99999975E-01  1.05875926E+00
    29  2.32000000E+01  1.06046897E+00  9.99999969E-01  1.06046897E+00
    30  2.40000000E+01  1.06213775E+00  9.99999962E-01  1.06213775E+00
    31  2.48000000E+01  1.06373940E+00  9.99999954E-01  1.06373940E+00
    32  2.56000000E+01  1.06537165E+00  9.99999945E-01  1.06537165E+00
    33  2.64000000E+01  1.06696473E+00  9.99999934E-01  1.06696473E+00
    34  2.72000000E+01  1.06848894E+00  9.99999923E-01  1.06848894E+00
    35  2.80000000E+01  1.07001942E+00  9.99999911E-01  1.07001942E+00
    36  2.88000000E+01  1.07155317E+00  9.99999897E-01  1.07155317E+00
    37  2.96000000E+01  1.07301715E+00  9.99999881E-01  1.07301715E+00
    38  3.04000000E+01  1.07443961E+00  9.99999864E-01  1.07443961E+00
    39  3.12000000E+01  1.07591398E+00  9.99999846E-01  1.07591398E+00
    40  3.20000000E+01  1.07731759E+00  9.99999825E-01  1.07731759E+00
    41  3.28000000E+01  1.07864805E+00  9.99999803E-01  1.07864805E+00
    42  3.36000000E+01  1.08001487E+00  9.99999778E-01  1.08001487E+00
    43  3.44000000E+01  1.08137861E+00  9.99999752E-01  1.08137861E+00
    44  3.52000000E+01  1.08266912E+00  9.99999723E-01  1.08266912E+00
    45  3.60000000E+01  1.08388438E+00  9.99999691E-01  1.08388438E+00
    46  3.68000000E+01  1.08520419E+00  9.99999657E-01  1.08520419E+00
    47  3.76000000E+01  1.08645447E+00  9.99999620E-01  1.08645447E+00
    48  3.84000000E+01  1.08762940E+00  9.99999580E-01  1.08762940E+00
    49  3.92000000E+01  1.08873845E+00  9.99999537E-01  1.08873845E+00
    50  4.00000000E+01  1.08997270E+00  9.99999491E-01  1.08997270E+00
    51  4.08000000E+01  1.09113210E+00  9.99999441E-01  1.09113210E+00
    52  4.16000000E+01  1.09221512E+00  9.99999388E-01  1.09221512E+00
    53  4.24000000E+01  1.09323964E+00  9.99999330E-01  1.09323964E+00
    54  4.32000000E+01  1.09438294E+00  9.99999268E-01  1.09438294E+00
    55  4.40000000E+01  1.09545022E+00  9.99999202E-01  1.09545022E+00
    56  4.48000000E+01  1.09644038E+00  9.99999131E-01  1.09644038E+00
    57  4.56000000E+01  1.09735277E+00  9.99999056E-01  1.09735277E+00
    58  4.64000000E+01  1.09839644E+00  9.99998975E-01  1.09839644E+00
    59  4.72000000E+01  1.09939410E+00  9.99998888E-01  1.09939410E+00
    60  4.80000000E+01  1.10031474E+00  9.99998796E-01  1.10031474E+00
    61  4.88000000E+01  1.10115830E+00  9.99998698E-01  1.10115830E+00
    62  4.96000000E+01  1.10207576E+00  9.99998594E-01  1.10207576E+00
    63  5.04000000E+01  1.10300307E+00  9.99998482E-01  1.10300307E+00
    64  5.12000000E+01  1.10385354E+00  9.99998364E-01  1.10385354E+00
    65  5.20000000E+01  1.10462764E+00  9.99998238E-01  1.10462764E+00
    66  5.28000000E+01  1.10540940E+00  9.99998105E-01  1.10540940E+00
    67  5.36000000E+01  1.10626984E+00  9.99997963E-01  1.10626984E+00
    68  5.44000000E+01  1.10705442E+00  9.99997813E-01  1.10705442E+00
    69  5.52000000E+01  1.10776429E+00  9.99997653E-01  1.10776429E+00
    70  5.60000000E+01  1.10844443E+00  9.99997485E-01  1.10844443E+00
    71  5.68000000E+01  1.10923738E+00  9.99997306E-01  1.10923738E+00
    72  5.76000000E+01  1.10995550E+00  9.99997117E-01  1.10995550E+00
    73  5.84000000E+01  1.11060058E+00  9.99996917E-01  1.11060058E+00
    74  5.92000000E+01  1.11117934E+00  9.99996706E-01  1.11117934E+00
    75  6.00000000E+01  1.11190777E+00  9.99996484E-01  1.11190777E+00
    76  6.08000000E+01  1.11256334E+00  9.99996248E-01  1.11256334E+00
    77  6.16000000E+01  1.11314844E+00  9.99996000E-01  1.11314844E+00
    78  6.24000000E+01  1.11366615E+00  9.99995739E-01  1.11366615E+00
    79  6.32000000E+01  1.11431438E+00  9.99995463E-01  1.11431438E+00
    80  6.40000000E+01  1.11490697E+00  9.99995172E-01  1.11490697E+00
    81  6.48000000E+01  1.11543178E+00  9.99994867E-01  1.11543178E+00
    82  6.56000000E+01  1.11589246E+00  9.99994545E-01  1.11589246E+00
    83  6.64000000E+01  1.11646620E+00  9.99994206E-01  1.11646620E+00
    84  6.72000000E+01  1.11700103E+00  9.99993851E-01  1.11700103E+00
    85  6.80000000E+01  1.11747130E+00  9.99993477E-01  1.11747130E+00
    86  6.88000000E+01  1.11788101E+00  9.99993084E-01  1.11788101E+00
    87  6.96000000E+01  1.11838785E+00  9.99992672E-01  1.11838785E+00
    88  7.04000000E+01  1.11886483E+00  9.99992239E-01  1.11886483E+00
    89  7.12000000E+01  1.11928076E+00  9.99991785E-01  1.11928076E+00
    90  7.20000000E+01  1.11964002E+00  9.99991309E-01  1.11964002E+00
    91  7.28000000E+01  1.12009859E+00  9.99990811E-01  1.12009859E+00
    92  7.36000000E+01  1.12052363E+00  9.99990288E-01  1.12052363E+00
    93  7.44000000E+01  1.12089130E+00  9.99989742E-01  1.12089130E+00
    94  7.52000000E+01  1.12120624E+00  9.99989169E-01  1.12120624E+00
    95  7.60000000E+01  1.12160912E+00  9.99988570E-01  1.12160912E+00
    96  7.68000000E+01  1.12198267E+00  9.99987944E-01  1.12198267E+00
    97  7.76000000E+01  1.12230294E+00  9.99987290E-01  1.12230294E+00
    98  7.84000000E+01  1.12257482E+00  9.99986606E-01  1.12257482E+00
    99  7.92000000E+01  1.12294725E+00  9.99985892E-01  1.12294725E+00
   100  8.00000000E+01  1.12327542E+00  9.99985147E-01  1.12327542E+00
   101  8.08000000E+01  1.12355435E+00  9.99984370E-01  1.12355435E+00
   102  8.16000000E+01  1.12378911E+00  9.99983559E-01  1.12378911E+00
   103  8.24000000E+01  1.12411393E+00  9.99982714E-01  1.12411393E+00
   104  8.32000000E+01  1.12439787E+00  9.99981833E-01  1.12439787E+00
   105  8.40000000E+01  1.12463702E+00  9.99980915E-01  1.12463702E+00
   106  8.48000000E+01  1.12485314E+00  9.99979960E-01  1.12485314E+00
   107  8.56000000E+01  1.12514452E+00  9.99978967E-01  1.12514452E+00
   108  8.64000000E+01  1.12539021E+00  9.99977933E-01  1.12539021E+00
   109  8.72000000E+01  1.12559537E+00  9.99976858E-01  1.12559537E+00
   110  8.80000000E+01  1.12577878E+00  9.99975741E-01  1.12577878E+00
   111  8.88000000E+01  1.12602917E+00  9.99974581E-01  1.12602917E+00
   112  8.96000000E+01  1.12623840E+00  9.99973377E-01  1.12623840E+00
   113  9.04000000E+01  1.12641173E+00  9.99972127E-01  1.12641173E+00
   114  9.12000000E+01  1.12659473E+00  9.99970831E-01  1.12659473E+00
   115  9.20000000E+01  1.12680999E+00  9.99969488E-01  1.12680999E+00
   116  9.28000000E+01  1.12698840E+00  9.99968095E-01  1.12698840E+00
   117  9.36000000E+01  1.12713517E+00  9.99966654E-01  1.12713517E+00
   118  9.44000000E+01  1.12728573E+00  9.99965161E-01  1.12728573E+00
   119  9.52000000E+01  1.12746787E+00  9.99963617E-01  1.12746787E+00
   120  9.60000000E+01  1.12761778E+00  9.99962021E-01  1.12761778E+00
   121  9.68000000E+01  1.12774061E+00  9.99960371E-01  1.12774061E+00
   122  9.76000000E+01  1.12789547E+00  9.99958667E-01  1.12789547E+00
   123  9.84000000E+01  1.12804988E+00  9.99956908E-01  1.12804988E+00
   124  9.92000000E+01  1.12817624E+00  9.99955094E-01  1.12817624E+00
   125  1.00000000E+02  1.12827953E+00  9.99953223E-01  1.12827953E+00
   126  1.00800000E+02  1.12840057E+00  9.99951295E-01  1.12840057E+00
   127  1.01600000E+02  1.12852974E+00  9.99949311E-01  1.12852974E+00
   128  1.02400000E+02  1.12863529E+00  9.99947268E-01  1.12863529E+00
   129  1.03200000E+02  1.12872201E+00  9.99945168E-01  1.12872201E+00
   130  1.04000000E+02  1.12884886E+00  9.99943010E-01  1.12884886E+00
   131  1.04800000E+02  1.12895735E+00  9.99940794E-01  1.12895735E+00
   132  1.05600000E+02  1.12904603E+00  9.99938520E-01  1.12904603E+00
   133  1.06400000E+02  1.12911936E+00  9.99936189E-01  1.12911936E+00
   134  1.07200000E+02  1.12921050E+00  9.99933801E-01  1.12921050E+00
   135  1.08000000E+02  1.12930117E+00  9.99931356E-01  1.12930117E+00
   136  1.08800000E+02  1.12937604E+00  9.99928856E-01  1.12937604E+00
   137  1.09600000E+02  1.12944233E+00  9.99926302E-01  1.12944233E+00
   138  1.10400000E+02  1.12953534E+00  9.99923695E-01  1.12953534E+00
   139  1.11200000E+02  1.12961160E+00  9.99921037E-01  1.12961160E+00
   140  1.12000000E+02  1.12967529E+00  9.99918329E-01  1.12967529E+00
   141  1.12800000E+02  1.12973004E+00  9.99915573E-01  1.12973004E+00
   142  1.13600000E+02  1.12978966E+00  9.99912773E-01  1.12978966E+00
   143  1.14400000E+02  1.12985467E+00  9.99909931E-01  1.12985467E+00
   144  1.15200000E+02  1.12991043E+00  9.99907050E-01  1.12991043E+00
   145  1.16000000E+02  1.12996010E+00  9.99904133E-01  1.12996010E+00
   146  1.16800000E+02  1.13002269E+00  9.99901185E-01  1.13002269E+00
   147  1.17600000E+02  1.13007848E+00  9.99898210E-01  1.13007848E+00
   148  1.18400000E+02  1.13012749E+00  9.99895213E-01  1.13012749E+00
   149  1.19200000E+02  1.13017239E+00  9.99892199E-01  1.13017239E+00
   150  1.20000000E+02  1.13021526E+00  9.99889175E-01  1.13021526E+00
   151  1.20800000E+02  1.13025756E+00  9.99886145E-01  1.13025756E+00
   152  1.21600000E+02  1.13030020E+00  9.99883118E-01  1.13030020E+00
   153  1.22400000E+02  1.13034355E+00  9.99880102E-01  1.13034355E+00
   154  1.23200000E+02  1.13038760E+00  9.99877105E-01  1.13038760E+00
   155  1.24000000E+02  1.13043200E+00  9.99874135E-01  1.13043200E+00
   156  1.24800000E+02  1.13047617E+00  9.99871203E-01  1.13047617E+00
   157  1.25600000E+02  1.13051947E+00  9.99868320E-01  1.13051947E+00
   158  1.26400000E+02  1.13056118E+00  9.99865497E-01  1.13056118E+00
   159  1.27200000E+02  1.13060290E+00  9.99862747E-01  1.13060290E+00
   160  1.28000000E+02  1.13064693E+00  9.99860084E-01  1.13064693E+00
   161  1.28800000E+02  1.13068938E+00  9.99857521E-01  1.13068938E+00
   162  1.29600000E+02  1.13072959E+00  9.99855075E-01  1.13072959E+00
   163  1.30400000E+02  1.13076702E+00  9.99852763E-01  1.13076702E+00
   164  1.31200000E+02  1.13080130E+00  9.99850601E-01  1.13080130E+00
   165  1.32000000E+02  1.13083238E+00  9.99848611E-01  1.13083238E+00
   166  1.32800000E+02  1.13087015E+00  9.99846811E-01  1.13087015E+00
   167  1.33600000E+02  1.13090503E+00  9.99845225E-01  1.13090503E+00
   168  1.34400000E+02  1.13093675E+00  9.99843875E-01  1.13093675E+00
   169  1.35200000E+02  1.13096519E+00  9.99842787E-01  1.13096519E+00
   170  1.36000000E+02  1.13099088E+00  9.99841988E-01  1.13099088E+00
   171  1.36800000E+02  1.13102313E+00  9.99841506E-01  1.13102313E+00
   172  1.37600000E+02  1.13105201E+00  9.99841371E-01  1.13105201E+00
   173  1.38400000E+02  1.13107757E+00  9.99841617E-01  1.13107757E+00
   174  1.39200000E+02  1.13109997E+00  9.99842277E-01  1.13109997E+00
   175  1.40000000E+02  1.13111951E+00  9.99843387E-01  1.13111951E+00
   176  1.40800000E+02  1.13114567E+00  9.99844988E-01  1.13114567E+00
   177  1.41600000E+02  1.13116897E+00  9.99847119E-01  1.13116897E+00
   178  1.42400000E+02  1.13118932E+00  9.99849825E-01  1.13118932E+00
   179  1.43200000E+02  1.13120702E+00  9.99853151E-01  1.13120702E+00
   180  1.44000000E+02  1.13122407E+00  9.99857147E-01  1.13122407E+00
   181  1.44800000E+02  1.13124467E+00  9.99861864E-01  1.13124467E+00
   182  1.45600000E+02  1.13126256E+00  9.99867358E-01  1.13126256E+00
   183  1.46400000E+02  1.13127809E+00  9.99873686E-01  1.13127809E+00
   184  1.47200000E+02  1.13129163E+00  9.99880909E-01  1.13129163E+00
   185  1.48000000E+02  1.13130543E+00  9.99889091E-01  1.13130543E+00
   186  1.48800000E+02  1.13132160E+00  9.99898302E-01  1.13132160E+00
   187  1.49600000E+02  1.13133562E+00  9.99908613E-01  1.13133562E+00
   188  1.50400000E+02  1.13134787E+00  9.99920099E-01  1.13134787E+00
   189  1.51200000E+02  1.13135866E+00  9.99932841E-01  1.13135866E+00
   190  1.52000000E+02  1.13136828E+00  9.99946923E-01  1.13136828E+00
   191  1.52800000E+02  1.13138062E+00  9.99962433E-01  1.13138062E+00
   192  1.53600000E+02  1.13139149E+00  9.99979464E-01  1.13139149E+00
   193  1.54400000E+02  1.13140120E+00  9.99998115E-01  1.13140120E+00
   194  1.55200000E+02  1.13140997E+00  1.00001849E+00  1.13140997E+00
   195  1.56000000E+02  1.13141799E+00  1.00004069E+00  1.13141799E+00
   196  1.56800000E+02  1.13142646E+00  1.00006484E+00  1.13142646E+00
   197  1.57600000E+02  1.13143528E+00  1.00009106E+00  1.13143528E+00
   198  1.58400000E+02  1.13144328E+00  1.00011946E+00  1.13144328E+00
   199  1.59200000E+02  1.13145061E+00  1.00015019E+00  1.13145061E+00
   200  1.60000000E+02  1.13145739E+00  1.00018337E+00  1.13145739E+00
   201  1.60800000E+02  1.13146367E+00  1.00021916E+00  1.13146367E+00
   202  1.61600000E+02  1.13146950E+00  1.00025771E+00  1.13146950E+00
   203  1.62400000E+02  1.13147490E+00  1.00029917E+00  1.13147490E+00
   204  1.63200000E+02  1.13148089E+00  1.00034371E+00  1.13148089E+00
   205  1.64000000E+02  1.13148684E+00  1.00039150E+00  1.13148684E+00
   206  1.64800000E+02  1.13149235E+00  1.00044274E+00  1.13149235E+00
   207  1.65600000E+02  1.13149741E+00  1.00049760E+00  1.13149741E+00
   208  1.66400000E+02  1.13150204E+00  1.00055628E+00  1.13150204E+00
   209  1.67200000E+02  1.13150623E+00  1.00061900E+00  1.13150623E+00
   210  1.68000000E+02  1.13150999E+00  1.00068597E+00  1.13150999E+00
   211  1.68800000E+02  1.13151366E+00  1.00075742E+00  1.13151366E+00
   212  1.69600000E+02  1.13151787E+00  1.00083358E+00  1.13151787E+00
   213  1.70400000E+02  1.13152168E+00  1.00091470E+00  1.13152168E+00
   214  1.71200000E+02  1.13152508E+00  1.00100103E+00  1.13152508E+00
   215  1.72000000E+02  1.13152810E+00  1.00109285E+00  1.13152810E+00
   216  1.72800000E+02  1.13153075E+00  1.00119043E+00  1.13153075E+00
   217  1.73600000E+02  1.13153307E+00  1.00129406E+00  1.13153307E+00
   218  1.74400000E+02  1.13153509E+00  1.00140404E+00  1.13153509E+00
   219  1.75200000E+02  1.13153775E+00  1.00152068E+00  1.13153775E+00
   220  1.76000000E+02  1.13154012E+00  1.00164432E+00  1.13154012E+00
   221  1.76800000E+02  1.13154217E+00  1.00177528E+00  1.13154217E+00
   222  1.77600000E+02  1.13154396E+00  1.00191393E+00  1.13154396E+00
   223  1.78400000E+02  1.13154551E+00  1.00206062E+00  1.13154551E+00
   224  1.79200000E+02  1.13154685E+00  1.00221573E+00  1.13154685E+00
   225  1.80000000E+02  1.13154802E+00  1.00237965E+00  1.13154802E+00
   226  1.80800000E+02  1.13154904E+00  1.00255279E+00  1.13154904E+00
   227  1.81600000E+02  1.13155011E+00  1.00273558E+00  1.13155011E+00
   228  1.82400000E+02  1.13155130E+00  1.00292844E+00  1.13155130E+00
   229  1.83200000E+02  1.13155233E+00  1.00313182E+00  1.13155233E+00
   230  1.84000000E+02  1.13155322E+00  1.00334618E+00  1.13155322E+00
   231  1.84800000E+02  1.13155400E+00  1.00357202E+00  1.13155400E+00
   232  1.85600000E+02  1.13155467E+00  1.00380981E+00  1.13155467E+00
   233  1.86400000E+02  1.13155525E+00  1.00406008E+00  1.13155525E+00
   234  1.87200000E+02  1.13155575E+00  1.00432335E+00  1.13155575E+00
   235  1.88000000E+02  1.13155618E+00  1.00460015E+00  1.13155618E+00
   236  1.88800000E+02  1.13155654E+00  1.00489105E+00  1.13155654E+00
   237  1.89600000E+02  1.13155684E+00  1.00519661E+00  1.13155684E+00
   238  1.90400000E+02  1.13155708E+00  1.00551743E+00  1.13155708E+00
   239  1.91200000E+02  1.13155726E+00  1.00585411E+00  1.13155726E+00
   240  1.92000000E+02  1.13155741E+00  1.00620726E+00  1.13155741E+00
   241  1.92800000E+02  1.13155751E+00  1.00657752E+00  1.13155751E+00
   242  1.93600000E+02  1.13155758E+00  1.00696553E+00  1.13155758E+00
   243  1.94400000E+02  1.13155761E+00  1.00737195E+00  1.13155761E+00
   244  1.95200000E+02  1.13155771E+00  1.00779746E+00  1.13155771E+00
   245  1.96000000E+02  1.13155778E+00  1.00824274E+00  1.13155778E+00
   246  1.96800000E+02  1.13155782E+00  1.00870850E+00  1.13155782E+00
   247  1.97600000E+02  1.13155783E+00  1.00919543E+00  1.13155783E+00
   248  1.98400000E+02  1.13155782E+00  1.00970427E+00  1.13155782E+00
   249  1.99200000E+02  1.13155779E+00  1.01023574E+00  1.13155779E+00
   250  2.00000000E+02  1.13155774E+00  1.01079057E+00  1.13155774E+00
   251  2.00800000E+02  1.13155768E+00  1.01136952E+00  1.13155768E+00
   252  2.01600000E+02  1.13155761E+00  1.01197333E+00  1.13155761E+00
   253  2.02400000E+02  1.13155752E+00  1.01260276E+00  1.13155752E+00
   254  2.03200000E+02  1.13155743E+00  1.01325856E+00  1.13155743E+00
   255  2.04000000E+02  1.13155733E+00  1.01394149E+00  1.13155733E+00
   256  2.04800000E+02  1.13155723E+00  1.01465230E+00  1.13155723E+00
   257  2.05600000E+02  1.13155713E+00  1.01539175E+00  1.13155713E+00
   258  2.06400000E+02  1.13155702E+00  1.01616057E+00  1.13155702E+00
   259  2.07200000E+02  1.13155691E+00  1.01695950E+00  1.13155691E+00
   260  2.08000000E+02  1.13155680E+00  1.01778927E+00  1.13155680E+00
   261  2.08800000E+02  1.13155669E+00  1.01865058E+00  1.13155669E+00
   262  2.09600000E+02  1.13155658E+00  1.01954412E+00  1.13155658E+00
   263  2.10400000E+02  1.13155647E+00  1.02047055E+00  1.13155647E+00
   264  2.11200000E+02  1.13155636E+00  1.02143053E+00  1.13155636E+00
   265  2.12000000E+02  1.13155625E+00  1.02242465E+00  1.13155625E+00
   266  2.12800000E+02  1.13155615E+00  1.02345351E+00  1.13155615E+00
   267  2.13600000E+02  1.13155604E+00  1.02451765E+00  1.13155604E+00
   268  2.14400000E+02  1.13155595E+00  1.02561756E+00  1.13155595E+00
   269  2.15200000E+02  1.13155585E+00  1.02675371E+00  1.13155585E+00
   270  2.16000000E+02  1.13155576E+00  1.02792650E+00  1.13155576E+00
   271  2.16800000E+02  1.13155567E+00  1.02913629E+00  1.13155567E+00
   272  2.17600000E+02  1.13155558E+00  1.03038337E+00  1.13155558E+00
   273  2.18400000E+02  1.13155550E+00  1.03166797E+00  1.13155550E+00
   274  2.19200000E+02  1.13155542E+00  1.03299025E+00  1.13155542E+00
   275  2.20000000E+02  1.13155534E+00  1.03435029E+00  1.13155534E+00
   276  2.20800000E+02  1.13155527E+00  1.03574811E+00  1.13155527E+00
   277  2.21600000E+02  1.13155519E+00  1.03718362E+00  1.13155519E+00
   278  2.22400000E+02  1.13155513E+00  1.03865667E+00  1.13155513E+00
   279  2.23200000E+02  1.13155506E+00  1.04016699E+00  1.13155506E+00
   280  2.24000000E+02  1.13155500E+00  1.04171422E+00  1.13155500E+00
   281  2.24800000E+02  1.13155494E+00  1.04329791E+00  1.13155494E+00
   282  2.25600000E+02  1.13155489E+00  1.04491748E+00  1.13155489E+00
   283  2.26400000E+02  1.13155483E+00  1.04657226E+00  1.13155483E+00
   284  2.27200000E+02  1.13155478E+00  1.04826144E+00  1.13155478E+00
   285  2.28000000E+02  1.13155474E+00  1.04998412E+00  1.13155474E+00
   286  2.28800000E+02  1.13155469E+00  1.05173926E+00  1.13155469E+00
   287  2.29600000E+02  1.13155465E+00  1.05352568E+00  1.13155465E+00
   288  2.30400000E+02  1.13155461E+00  1.05534210E+00  1.13155461E+00
   289  2.31200000E+02  1.13155457E+00  1.05718711E+00  1.13155457E+00
   290  2.32000000E+02  1.13155454E+00  1.05905913E+00  1.13155454E+00
   291  2.32800000E+02  1.13155450E+00  1.06095650E+00  1.13155450E+00
   292  2.33600000E+02  1.13155447E+00  1.06287740E+00  1.13155447E+00
   293  2.34400000E+02  1.13155444E+00  1.06481988E+00  1.13155444E+00
   294  2.35200000E+02  1.13155441E+00  1.06678186E+00  1.13155441E+00
   295  2.36000000E+02  1.13155439E+00  1.06876113E+00  1.13155439E+00
   296  2.36800000E+02  1.13155436E+00  1.07075538E+00  1.13155436E+00
   297  2.37600000E+02  1.13155434E+00  1.07276215E+00  1.13155434E+00
   298  2.38400000E+02  1.13155432E+00  1.07477887E+00  1.13155432E+00
   299  2.39200000E+02  1.13155429E+00  1.07680285E+00  1.13155429E+00
   300  2.40000000E+02  1.13155428E+00  1.07883131E+00  1.13155428E+00
   301  2.40800000E+02  1.13155426E+00  1.08086136E+00  1.13155426E+00
   302  2.41600000E+02  1.13155424E+00  1.08289002E+00  1.13155424E+00
   303  2.42400000E+02  1.13155422E+00  1.08491421E+00  1.13155422E+00
   304  2.43200000E+02  1.13155421E+00  1.08693078E+00  1.13155421E+00
   305  2.44000000E+02  1.13155420E+00  1.08893652E+00  1.13155420E+00
   306  2.44800000E+02  1.13155418E+00  1.09092815E+00  1.13155418E+00
   307  2.45600000E+02  1.13155417E+00  1.09290234E+00  1.13155417E+00
   308  2.46400000E+02  1.13155416E+00  1.09485572E+00  1.13155416E+00
   309  2.47200000E+02  1.13155415E+00  1.09678491E+00  1.13155415E+00
   310  2.48000000E+02  1.13155414E+00  1.09868650E+00  1.13155414E+00
   311  2.48800000E+02  1.13155413E+00  1.10055708E+00  1.13155413E+00
   312  2.49600000E+02  1.13155412E+00  1.10239326E+00  1.13155412E+00
   313  2.50400000E+02  1.13155411E+00  1.10419167E+00  1.13155411E+00
   314  2.51200000E+02  1.13155411E+00  1.10594899E+00  1.13155411E+00
   315  2.52000000E+02  1.13155410E+00  1.10766197E+00  1.13155410E+00
   316  2.52800000E+02  1.13155409E+00  1.10932742E+00  1.13155409E+00
   317  2.53600000E+02  1.13155409E+00  1.11094224E+00  1.13155409E+00
   318  2.54400000E+02  1.13155408E+00  1.11250348E+00  1.13155408E+00
   319  2.55200000E+02  1.13155408E+00  1.11400830E+00  1.13155408E+00
   320  2.56000000E+02  1.13155407E+00  1.11545402E+00  1.13155407E+00
   321  2.56800000E+02  1.13155407E+00  1.11683815E+00  1.13155407E+00
   322  2.57600000E+02  1.13155406E+00  1.11815840E+00  1.13155406E+00
   323  2.58400000E+02  1.13155406E+00  1.11941273E+00  1.13155406E+00
   324  2.59200000E+02  1.13155405E+00  1.12059935E+00  1.13155405E+00
   325  2.60000000E+02  1.13155405E+00  1.12171677E+00  1.13155405E+00
   326  2.60800000E+02  1.13155405E+00  1.12276381E+00  1.13155405E+00
   327  2.61600000E+02  1.13155404E+00  1.12373968E+00  1.13155404E+00
   328  2.62400000E+02  1.13155404E+00  1.12464393E+00  1.13155404E+00
   329  2.63200000E+02  1.13155404E+00  1.12547657E+00  1.13155404E+00
   330  2.64000000E+02  1.13155404E+00  1.12623802E+00  1.13155404E+00
   331  2.64800000E+02  1.13155403E+00  1.12692918E+00  1.13155403E+00
   332  2.65600000E+02  1.13155403E+00  1.12755141E+00  1.13155403E+00
   333  2.66400000E+02  1.13155403E+00  1.12810659E+00  1.13155403E+00
   334  2.67200000E+02  1.13155403E+00  1.12859704E+00  1.13155403E+00
   335  2.68000000E+02  1.13155403E+00  1.12902561E+00  1.13155403E+00
   336  2.68800000E+02  1.13155403E+00  1.12939556E+00  1.13155403E+00
   337  2.69600000E+02  1.13155402E+00  1.12971059E+00  1.13155402E+00
   338  2.70400000E+02  1.13155402E+00  1.12997478E+00  1.13155402E+00
   339  2.71200000E+02  1.13155402E+00  1.13019251E+00  1.13155402E+00
   340  2.72000000E+02  1.13155402E+00  1.13036842E+00  1.13155402E+00
   341  2.72800000E+02  1.13155402E+00  1.13050730E+00  1.13155402E+00
   342  2.73600000E+02  1.13155402E+00  1.13061405E+00  1.13155402E+00
   343  2.74400000E+02  1.13155402E+00  1.13069355E+00  1.13155402E+00
   344  2.75200000E+02  1.13155402E+00  1.13075057E+00  1.13155402E+00
   345  2.76000000E+02  1.13155402E+00  1.13078969E+00  1.13155402E+00
   346  2.76800000E+02  1.13155402E+00  1.13081522E+00  1.13155402E+00
   347  2.77600000E+02  1.13155402E+00  1.13083111E+00  1.13155402E+00
   348  2.78400000E+02  1.13155401E+00  1.13084089E+00  1.13155401E+00
   349  2.79200000E+02  1.13155401E+00  1.13084761E+00  1.13155401E+00
   350  2.80000000E+02  1.13155401E+00  1.13085379E+00  1.13155401E+00
   351  2.80800000E+02  1.13155401E+00  1.13086145E+00  1.13155401E+00
   352  2.81600000E+02  1.13155401E+00  1.13087207E+00  1.13155401E+00
   353  2.82400000E+02  1.13155401E+00  1.13088660E+00  1.13155401E+00
   354  2.83200000E+02  1.13155401E+00  1.13090553E+00  1.13155401E+00
   355  2.84000000E+02  1.13155401E+00  1.13092893E+00  1.13155401E+00
   356  2.84800000E+02  1.13155401E+00  1.13095648E+00  1.13155401E+00
   357  2.85600000E+02  1.13155401E+00  1.13098759E+00  1.13155401E+00
   358  2.86400000E+02  1.13155401E+00  1.13102146E+00  1.13155401E+00
   359  2.87200000E+02  1.13155401E+00  1.13105714E+00  1.13155401E+00
   360  2.88000000E+02  1.13155401E+00  1.13109363E+00  1.13155401E+00
   361  2.88800000E+02  1.13155401E+00  1.13112992E+00  1.13155401E+00
   362  2.89600000E+02  1.13155401E+00  1.13116509E+00  1.13155401E+00
   363  2.90400000E+02  1.13155401E+00  1.13119834E+00  1.13155401E+00
   364  2.91200000E+02  1.13155401E+00  1.13122900E+00  1.13155401E+00
   365  2.92000000E+02  1.13155401E+00  1.13125661E+00  1.13155401E+00
   366  2.92800000E+02  1.13155401E+00  1.13128086E+00  1.13155401E+00
   367  2.93600000E+02  1.13155401E+00  1.13130164E+00  1.13155401E+00
   368  2.94400000E+02  1.13155401E+00  1.13131900E+00  1.13155401E+00
   369  2.95200000E+02  1.13155401E+00  1.13133313E+00  1.13155401E+00
   370  2.96000000E+02  1.13155401E+00  1.13134433E+00  1.13155401E+00
   371  2.96800000E+02  1.13155401E+00  1.13135299E+00  1.13155401E+00
   372  2.97600000E+02  1.13155401E+00  1.13135953E+00  1.13155401E+00
   373  2.98400000E+02  1.13155401E+00  1.13136440E+00  1.13155401E+00
   374  2.99200000E+02  1.13155401E+00  1.13136801E+00  1.13155401E+00
   375  3.00000000E+02  1.13155401E+00  1.13137076E+00  1.13155401E+00
   376  3.00800000E+02  1.13155401E+00  1.13137298E+00  1.13155401E+00
   377  3.01600000E+02  1.13155401E+00  1.13137495E+00  1.13155401E+00
   378  3.02400000E+02  1.13155401E+00  1.13137685E+00  1.13155401E+00
   379  3.03200000E+02  1.13155401E+00  1.13137883E+00  1.13155401E+00
   380  3.04000000E+02  1.13155401E+00  1.13138096E+00  1.13155401E+00
 steady-height stop at step    380: changes <=   1.0000E-05, max-end <=   1.0000E-02, max/end/gap/profile_change =   1.13155401E+00  1.13138096E+00  1.73046733E-04  2.52248489E-06


STDERR:
