COMMAND:
/shared/generate_rom_data/extrudate_swell2d_c_cluster

STDOUT:
 comppar: model =   6
 comppar: lambda,mobility/eps,betav,eta_0 =  4.6000E+00  1.0000E-01  1.0000E-01  1.0000E+00
 comppar: eta_s,eta_p,G =  1.0000E-01  9.0000E-01  1.9565E-01
 comppar: U_avg,deltat,flowrate,nsteps =  2.5000E-02  8.0000E-01  7.8540E-02     700
 comppar: geometry = axisymmetric
 comppar: steady stop change,gap,hold,min =  1.0000E-05  1.0000E-02      10      80
 comppar: ncompc,ncompg =     4     5
 mesh nnodes = 5765
 mesh nelem = 2780
 P1 BC   5.0000000000000000     
 P2 BC   0.0000000000000000     
     1  8.00000000E-01  1.00252615E+00  1.00000000E+00  1.00252615E+00
     2  1.60000000E+00  1.00496811E+00  1.00000000E+00  1.00496811E+00
     3  2.40000000E+00  1.00730531E+00  1.00000000E+00  1.00730531E+00
     4  3.20000000E+00  1.00958539E+00  1.00000000E+00  1.00958539E+00
     5  4.00000000E+00  1.01182518E+00  1.00000000E+00  1.01182518E+00
     6  4.80000000E+00  1.01403482E+00  1.00000000E+00  1.01403482E+00
     7  5.60000000E+00  1.01621438E+00  1.00000000E+00  1.01621438E+00
     8  6.40000000E+00  1.01838736E+00  1.00000000E+00  1.01838736E+00
     9  7.20000000E+00  1.02053637E+00  1.00000000E+00  1.02053637E+00
    10  8.00000000E+00  1.02267419E+00  1.00000001E+00  1.02267419E+00
    11  8.80000000E+00  1.02478585E+00  1.00000001E+00  1.02478585E+00
    12  9.60000000E+00  1.02689329E+00  1.00000001E+00  1.02689329E+00
    13  1.04000000E+01  1.02896294E+00  1.00000001E+00  1.02896294E+00
    14  1.12000000E+01  1.03103836E+00  1.00000001E+00  1.03103836E+00
    15  1.20000000E+01  1.03307022E+00  1.00000001E+00  1.03307022E+00
    16  1.28000000E+01  1.03509285E+00  1.00000001E+00  1.03509285E+00
    17  1.36000000E+01  1.03709599E+00  1.00000001E+00  1.03709599E+00
    18  1.44000000E+01  1.03905241E+00  1.00000001E+00  1.03905241E+00
    19  1.52000000E+01  1.04102567E+00  1.00000001E+00  1.04102567E+00
    20  1.60000000E+01  1.04294819E+00  1.00000001E+00  1.04294819E+00
    21  1.68000000E+01  1.04483989E+00  1.00000001E+00  1.04483989E+00
    22  1.76000000E+01  1.04674005E+00  1.00000001E+00  1.04674005E+00
    23  1.84000000E+01  1.04858505E+00  1.00000000E+00  1.04858505E+00
    24  1.92000000E+01  1.05040558E+00  1.00000000E+00  1.05040558E+00
    25  2.00000000E+01  1.05222736E+00  9.99999998E-01  1.05222736E+00
    26  2.08000000E+01  1.05398994E+00  9.99999994E-01  1.05398994E+00
    27  2.16000000E+01  1.05570162E+00  9.99999990E-01  1.05570162E+00
    28  2.24000000E+01  1.05745286E+00  9.99999985E-01  1.05745286E+00
    29  2.32000000E+01  1.05914212E+00  9.99999980E-01  1.05914212E+00
    30  2.40000000E+01  1.06076801E+00  9.99999973E-01  1.06076801E+00
    31  2.48000000E+01  1.06244671E+00  9.99999966E-01  1.06244671E+00
    32  2.56000000E+01  1.06406078E+00  9.99999958E-01  1.06406078E+00
    33  2.64000000E+01  1.06560703E+00  9.99999948E-01  1.06560703E+00
    34  2.72000000E+01  1.06719692E+00  9.99999938E-01  1.06719692E+00
    35  2.80000000E+01  1.06875101E+00  9.99999926E-01  1.06875101E+00
    36  2.88000000E+01  1.07023590E+00  9.99999913E-01  1.07023590E+00
    37  2.96000000E+01  1.07170926E+00  9.99999899E-01  1.07170926E+00
    38  3.04000000E+01  1.07320288E+00  9.99999883E-01  1.07320288E+00
    39  3.12000000E+01  1.07462594E+00  9.99999866E-01  1.07462594E+00
    40  3.20000000E+01  1.07597588E+00  9.99999846E-01  1.07597588E+00
    41  3.28000000E+01  1.07737197E+00  9.99999825E-01  1.07737197E+00
    42  3.36000000E+01  1.07875330E+00  9.99999802E-01  1.07875330E+00
    43  3.44000000E+01  1.08006131E+00  9.99999777E-01  1.08006131E+00
    44  3.52000000E+01  1.08129399E+00  9.99999750E-01  1.08129399E+00
    45  3.60000000E+01  1.08263132E+00  9.99999721E-01  1.08263132E+00
    46  3.68000000E+01  1.08389729E+00  9.99999688E-01  1.08389729E+00
    47  3.76000000E+01  1.08508778E+00  9.99999654E-01  1.08508778E+00
    48  3.84000000E+01  1.08621164E+00  9.99999616E-01  1.08621164E+00
    49  3.92000000E+01  1.08745963E+00  9.99999575E-01  1.08745963E+00
    50  4.00000000E+01  1.08863272E+00  9.99999531E-01  1.08863272E+00
    51  4.08000000E+01  1.08972972E+00  9.99999484E-01  1.08972972E+00
    52  4.16000000E+01  1.09076235E+00  9.99999433E-01  1.09076235E+00
    53  4.24000000E+01  1.09191761E+00  9.99999378E-01  1.09191761E+00
    54  4.32000000E+01  1.09299716E+00  9.99999319E-01  1.09299716E+00
    55  4.40000000E+01  1.09400047E+00  9.99999256E-01  1.09400047E+00
    56  4.48000000E+01  1.09492772E+00  9.99999189E-01  1.09492772E+00
    57  4.56000000E+01  1.09596044E+00  9.99999116E-01  1.09596044E+00
    58  4.64000000E+01  1.09696982E+00  9.99999039E-01  1.09696982E+00
    59  4.72000000E+01  1.09790380E+00  9.99998956E-01  1.09790380E+00
    60  4.80000000E+01  1.09876320E+00  9.99998868E-01  1.09876320E+00
    61  4.88000000E+01  1.09966078E+00  9.99998773E-01  1.09966078E+00
    62  4.96000000E+01  1.10059954E+00  9.99998673E-01  1.10059954E+00
    63  5.04000000E+01  1.10146381E+00  9.99998566E-01  1.10146381E+00
    64  5.12000000E+01  1.10225508E+00  9.99998452E-01  1.10225508E+00
    65  5.20000000E+01  1.10301063E+00  9.99998331E-01  1.10301063E+00
    66  5.28000000E+01  1.10388350E+00  9.99998202E-01  1.10388350E+00
    67  5.36000000E+01  1.10468367E+00  9.99998065E-01  1.10468367E+00
    68  5.44000000E+01  1.10541339E+00  9.99997920E-01  1.10541339E+00
    69  5.52000000E+01  1.10607585E+00  9.99997766E-01  1.10607585E+00
    70  5.60000000E+01  1.10686227E+00  9.99997603E-01  1.10686227E+00
    71  5.68000000E+01  1.10759809E+00  9.99997430E-01  1.10759809E+00
    72  5.76000000E+01  1.10826610E+00  9.99997247E-01  1.10826610E+00
    73  5.84000000E+01  1.10887030E+00  9.99997054E-01  1.10887030E+00
    74  5.92000000E+01  1.10954111E+00  9.99996849E-01  1.10954111E+00
    75  6.00000000E+01  1.11021807E+00  9.99996632E-01  1.11021807E+00
    76  6.08000000E+01  1.11083109E+00  9.99996404E-01  1.11083109E+00
    77  6.16000000E+01  1.11138489E+00  9.99996162E-01  1.11138489E+00
    78  6.24000000E+01  1.11195107E+00  9.99995908E-01  1.11195107E+00
    79  6.32000000E+01  1.11256908E+00  9.99995639E-01  1.11256908E+00
    80  6.40000000E+01  1.11312713E+00  9.99995356E-01  1.11312713E+00
    81  6.48000000E+01  1.11363067E+00  9.99995057E-01  1.11363067E+00
    82  6.56000000E+01  1.11411096E+00  9.99994743E-01  1.11411096E+00
    83  6.64000000E+01  1.11467756E+00  9.99994412E-01  1.11467756E+00
    84  6.72000000E+01  1.11518901E+00  9.99994064E-01  1.11518901E+00
    85  6.80000000E+01  1.11565097E+00  9.99993698E-01  1.11565097E+00
    86  6.88000000E+01  1.11606924E+00  9.99993313E-01  1.11606924E+00
    87  6.96000000E+01  1.11655637E+00  9.99992909E-01  1.11655637E+00
    88  7.04000000E+01  1.11702154E+00  9.99992484E-01  1.11702154E+00
    89  7.12000000E+01  1.11744251E+00  9.99992039E-01  1.11744251E+00
    90  7.20000000E+01  1.11782504E+00  9.99991571E-01  1.11782504E+00
    91  7.28000000E+01  1.11824231E+00  9.99991081E-01  1.11824231E+00
    92  7.36000000E+01  1.11866936E+00  9.99990567E-01  1.11866936E+00
    93  7.44000000E+01  1.11905655E+00  9.99990029E-01  1.11905655E+00
    94  7.52000000E+01  1.11940887E+00  9.99989465E-01  1.11940887E+00
    95  7.60000000E+01  1.11973052E+00  9.99988875E-01  1.11973052E+00
    96  7.68000000E+01  1.12011762E+00  9.99988257E-01  1.12011762E+00
    97  7.76000000E+01  1.12047249E+00  9.99987611E-01  1.12047249E+00
    98  7.84000000E+01  1.12079673E+00  9.99986936E-01  1.12079673E+00
    99  7.92000000E+01  1.12109361E+00  9.99986230E-01  1.12109361E+00
   100  8.00000000E+01  1.12142185E+00  9.99985493E-01  1.12142185E+00
   101  8.08000000E+01  1.12174837E+00  9.99984723E-01  1.12174837E+00
   102  8.16000000E+01  1.12204627E+00  9.99983920E-01  1.12204627E+00
   103  8.24000000E+01  1.12231796E+00  9.99983082E-01  1.12231796E+00
   104  8.32000000E+01  1.12256485E+00  9.99982208E-01  1.12256485E+00
   105  8.40000000E+01  1.12286027E+00  9.99981298E-01  1.12286027E+00
   106  8.48000000E+01  1.12313506E+00  9.99980349E-01  1.12313506E+00
   107  8.56000000E+01  1.12338532E+00  9.99979361E-01  1.12338532E+00
   108  8.64000000E+01  1.12361158E+00  9.99978333E-01  1.12361158E+00
   109  8.72000000E+01  1.12385995E+00  9.99977264E-01  1.12385995E+00
   110  8.80000000E+01  1.12411017E+00  9.99976151E-01  1.12411017E+00
   111  8.88000000E+01  1.12433617E+00  9.99974995E-01  1.12433617E+00
   112  8.96000000E+01  1.12453826E+00  9.99973794E-01  1.12453826E+00
   113  9.04000000E+01  1.12472440E+00  9.99972546E-01  1.12472440E+00
   114  9.12000000E+01  1.12495398E+00  9.99971252E-01  1.12495398E+00
   115  9.20000000E+01  1.12515980E+00  9.99969908E-01  1.12515980E+00
   116  9.28000000E+01  1.12534168E+00  9.99968516E-01  1.12534168E+00
   117  9.36000000E+01  1.12549936E+00  9.99967072E-01  1.12549936E+00
   118  9.44000000E+01  1.12570144E+00  9.99965577E-01  1.12570144E+00
   119  9.52000000E+01  1.12588379E+00  9.99964029E-01  1.12588379E+00
   120  9.60000000E+01  1.12604259E+00  9.99962427E-01  1.12604259E+00
   121  9.68000000E+01  1.12617795E+00  9.99960770E-01  1.12617795E+00
   122  9.76000000E+01  1.12634483E+00  9.99959058E-01  1.12634483E+00
   123  9.84000000E+01  1.12650735E+00  9.99957289E-01  1.12650735E+00
   124  9.92000000E+01  1.12664623E+00  9.99955463E-01  1.12664623E+00
   125  1.00000000E+02  1.12676180E+00  9.99953578E-01  1.12676180E+00
   126  1.00800000E+02  1.12690651E+00  9.99951635E-01  1.12690651E+00
   127  1.01600000E+02  1.12704703E+00  9.99949632E-01  1.12704703E+00
   128  1.02400000E+02  1.12716496E+00  9.99947570E-01  1.12716496E+00
   129  1.03200000E+02  1.12726108E+00  9.99945447E-01  1.12726108E+00
   130  1.04000000E+02  1.12738589E+00  9.99943263E-01  1.12738589E+00
   131  1.04800000E+02  1.12750715E+00  9.99941019E-01  1.12750715E+00
   132  1.05600000E+02  1.12760618E+00  9.99938714E-01  1.12760618E+00
   133  1.06400000E+02  1.12768423E+00  9.99936349E-01  1.12768423E+00
   134  1.07200000E+02  1.12779665E+00  9.99933924E-01  1.12779665E+00
   135  1.08000000E+02  1.12789838E+00  9.99931438E-01  1.12789838E+00
   136  1.08800000E+02  1.12797959E+00  9.99928894E-01  1.12797959E+00
   137  1.09600000E+02  1.12804188E+00  9.99926292E-01  1.12804188E+00
   138  1.10400000E+02  1.12814297E+00  9.99923633E-01  1.12814297E+00
   139  1.11200000E+02  1.12822684E+00  9.99920918E-01  1.12822684E+00
   140  1.12000000E+02  1.12829127E+00  9.99918149E-01  1.12829127E+00
   141  1.12800000E+02  1.12834805E+00  9.99915328E-01  1.12834805E+00
   142  1.13600000E+02  1.12843482E+00  9.99912458E-01  1.12843482E+00
   143  1.14400000E+02  1.12850248E+00  9.99909540E-01  1.12850248E+00
   144  1.15200000E+02  1.12855286E+00  9.99906577E-01  1.12855286E+00
   145  1.16000000E+02  1.12860586E+00  9.99903573E-01  1.12860586E+00
   146  1.16800000E+02  1.12867590E+00  9.99900532E-01  1.12867590E+00
   147  1.17600000E+02  1.12872814E+00  9.99897457E-01  1.12872814E+00
   148  1.18400000E+02  1.12876485E+00  9.99894354E-01  1.12876485E+00
   149  1.19200000E+02  1.12882052E+00  9.99891226E-01  1.12882052E+00
   150  1.20000000E+02  1.12887595E+00  9.99888081E-01  1.12887595E+00
   151  1.20800000E+02  1.12891575E+00  9.99884924E-01  1.12891575E+00
   152  1.21600000E+02  1.12894231E+00  9.99881761E-01  1.12894231E+00
   153  1.22400000E+02  1.12899365E+00  9.99878601E-01  1.12899365E+00
   154  1.23200000E+02  1.12903506E+00  9.99875452E-01  1.12903506E+00
   155  1.24000000E+02  1.12906273E+00  9.99872322E-01  1.12906273E+00
   156  1.24800000E+02  1.12909135E+00  9.99869221E-01  1.12909135E+00
   157  1.25600000E+02  1.12913582E+00  9.99866159E-01  1.12913582E+00
   158  1.26400000E+02  1.12916635E+00  9.99863148E-01  1.12916635E+00
   159  1.27200000E+02  1.12918534E+00  9.99860200E-01  1.12918534E+00
   160  1.28000000E+02  1.12921241E+00  9.99857327E-01  1.12921241E+00
   161  1.28800000E+02  1.12924428E+00  9.99854545E-01  1.12924428E+00
   162  1.29600000E+02  1.12926417E+00  9.99851868E-01  1.12926417E+00
   163  1.30400000E+02  1.12927595E+00  9.99849312E-01  1.12927595E+00
   164  1.31200000E+02  1.12931069E+00  9.99846896E-01  1.12931069E+00
   165  1.32000000E+02  1.12933314E+00  9.99844637E-01  1.12933314E+00
   166  1.32800000E+02  1.12934572E+00  9.99842556E-01  1.12934572E+00
   167  1.33600000E+02  1.12935762E+00  9.99840676E-01  1.12935762E+00
   168  1.34400000E+02  1.12938118E+00  9.99839018E-01  1.12938118E+00
   169  1.35200000E+02  1.12939446E+00  9.99837608E-01  1.12939446E+00
   170  1.36000000E+02  1.12940001E+00  9.99836472E-01  1.12940001E+00
   171  1.36800000E+02  1.12942332E+00  9.99835639E-01  1.12942332E+00
   172  1.37600000E+02  1.12943883E+00  9.99835138E-01  1.12943883E+00
   173  1.38400000E+02  1.12944605E+00  9.99835002E-01  1.12944605E+00
   174  1.39200000E+02  1.12944929E+00  9.99835265E-01  1.12944929E+00
   175  1.40000000E+02  1.12946569E+00  9.99835964E-01  1.12946569E+00
   176  1.40800000E+02  1.12947343E+00  9.99837135E-01  1.12947343E+00
   177  1.41600000E+02  1.12947498E+00  9.99838822E-01  1.12947498E+00
   178  1.42400000E+02  1.12949104E+00  9.99841066E-01  1.12949104E+00
   179  1.43200000E+02  1.12950066E+00  9.99843914E-01  1.12950066E+00
   180  1.44000000E+02  1.12950349E+00  9.99847414E-01  1.12950349E+00
   181  1.44800000E+02  1.12950268E+00  9.99851618E-01  1.12950268E+00
   182  1.45600000E+02  1.12951299E+00  9.99856579E-01  1.12951299E+00
   183  1.46400000E+02  1.12951618E+00  9.99862357E-01  1.12951618E+00
   184  1.47200000E+02  1.12951470E+00  9.99869011E-01  1.12951470E+00
   185  1.48000000E+02  1.12952706E+00  9.99876606E-01  1.12952706E+00
   186  1.48800000E+02  1.12953178E+00  9.99885210E-01  1.12953178E+00
   187  1.49600000E+02  1.12953110E+00  9.99894895E-01  1.12953110E+00
   188  1.50400000E+02  1.12952914E+00  9.99905736E-01  1.12952914E+00
   189  1.51200000E+02  1.12953437E+00  9.99917815E-01  1.12953437E+00
   190  1.52000000E+02  1.12953392E+00  9.99931214E-01  1.12953392E+00
   191  1.52800000E+02  1.12953421E+00  9.99946024E-01  1.12953421E+00
   192  1.53600000E+02  1.12954116E+00  9.99962338E-01  1.12954116E+00
   193  1.54400000E+02  1.12954188E+00  9.99980254E-01  1.12954188E+00
   194  1.55200000E+02  1.12953849E+00  9.99999876E-01  1.12953849E+00
   195  1.56000000E+02  1.12953718E+00  1.00002131E+00  1.12953718E+00
   196  1.56800000E+02  1.12953825E+00  1.00004468E+00  1.12953825E+00
   197  1.57600000E+02  1.12953776E+00  1.00007010E+00  1.12953776E+00
   198  1.58400000E+02  1.12954261E+00  1.00009770E+00  1.12954261E+00
   199  1.59200000E+02  1.12954642E+00  1.00012761E+00  1.12954642E+00
   200  1.60000000E+02  1.12954923E+00  1.00015996E+00  1.12954923E+00
   201  1.60800000E+02  1.12955111E+00  1.00019491E+00  1.12955111E+00
   202  1.61600000E+02  1.12955410E+00  1.00023262E+00  1.12955410E+00
   203  1.62400000E+02  1.12955737E+00  1.00027323E+00  1.12955737E+00
   204  1.63200000E+02  1.12955970E+00  1.00031692E+00  1.12955970E+00
   205  1.64000000E+02  1.12956120E+00  1.00036386E+00  1.12956120E+00
   206  1.64800000E+02  1.12956207E+00  1.00041424E+00  1.12956207E+00
   207  1.65600000E+02  1.12956444E+00  1.00046826E+00  1.12956444E+00
   208  1.66400000E+02  1.12956593E+00  1.00052610E+00  1.12956593E+00
   209  1.67200000E+02  1.12956673E+00  1.00058798E+00  1.12956673E+00
   210  1.68000000E+02  1.12956701E+00  1.00065413E+00  1.12956701E+00
   211  1.68800000E+02  1.12956695E+00  1.00072477E+00  1.12956695E+00
   212  1.69600000E+02  1.12956774E+00  1.00080014E+00  1.12956774E+00
   213  1.70400000E+02  1.12956827E+00  1.00088048E+00  1.12956827E+00
   214  1.71200000E+02  1.12956836E+00  1.00096607E+00  1.12956836E+00
   215  1.72000000E+02  1.12956818E+00  1.00105717E+00  1.12956818E+00
   216  1.72800000E+02  1.12956787E+00  1.00115407E+00  1.12956787E+00
   217  1.73600000E+02  1.12956752E+00  1.00125707E+00  1.12956752E+00
   218  1.74400000E+02  1.12956721E+00  1.00136646E+00  1.12956721E+00
   219  1.75200000E+02  1.12956697E+00  1.00148257E+00  1.12956697E+00
   220  1.76000000E+02  1.12956683E+00  1.00160573E+00  1.12956683E+00
   221  1.76800000E+02  1.12956676E+00  1.00173630E+00  1.12956676E+00
   222  1.77600000E+02  1.12956674E+00  1.00187462E+00  1.12956674E+00
   223  1.78400000E+02  1.12956674E+00  1.00202107E+00  1.12956674E+00
   224  1.79200000E+02  1.12956674E+00  1.00217604E+00  1.12956674E+00
   225  1.80000000E+02  1.12956672E+00  1.00233993E+00  1.12956672E+00
   226  1.80800000E+02  1.12956665E+00  1.00251316E+00  1.12956665E+00
   227  1.81600000E+02  1.12956653E+00  1.00269615E+00  1.12956653E+00
   228  1.82400000E+02  1.12956635E+00  1.00288935E+00  1.12956635E+00
   229  1.83200000E+02  1.12956611E+00  1.00309322E+00  1.12956611E+00
   230  1.84000000E+02  1.12956583E+00  1.00330823E+00  1.12956583E+00
   231  1.84800000E+02  1.12956551E+00  1.00353489E+00  1.12956551E+00
   232  1.85600000E+02  1.12956517E+00  1.00377370E+00  1.12956517E+00
   233  1.86400000E+02  1.12956480E+00  1.00402517E+00  1.12956480E+00
   234  1.87200000E+02  1.12956443E+00  1.00428986E+00  1.12956443E+00
   235  1.88000000E+02  1.12956406E+00  1.00456832E+00  1.12956406E+00
   236  1.88800000E+02  1.12956369E+00  1.00486111E+00  1.12956369E+00
   237  1.89600000E+02  1.12956332E+00  1.00516884E+00  1.12956332E+00
   238  1.90400000E+02  1.12956295E+00  1.00549209E+00  1.12956295E+00
   239  1.91200000E+02  1.12956260E+00  1.00583150E+00  1.12956260E+00
   240  1.92000000E+02  1.12956225E+00  1.00618770E+00  1.12956225E+00
   241  1.92800000E+02  1.12956190E+00  1.00656134E+00  1.12956190E+00
   242  1.93600000E+02  1.12956156E+00  1.00695308E+00  1.12956156E+00
   243  1.94400000E+02  1.12956123E+00  1.00736360E+00  1.12956123E+00
   244  1.95200000E+02  1.12956090E+00  1.00779361E+00  1.12956090E+00
   245  1.96000000E+02  1.12956058E+00  1.00824380E+00  1.12956058E+00
   246  1.96800000E+02  1.12956026E+00  1.00871491E+00  1.12956026E+00
   247  1.97600000E+02  1.12955995E+00  1.00920765E+00  1.12955995E+00
   248  1.98400000E+02  1.12955964E+00  1.00972278E+00  1.12955964E+00
   249  1.99200000E+02  1.12955934E+00  1.01026105E+00  1.12955934E+00
   250  2.00000000E+02  1.12955906E+00  1.01082323E+00  1.12955906E+00
   251  2.00800000E+02  1.12955878E+00  1.01141007E+00  1.12955878E+00
   252  2.01600000E+02  1.12955851E+00  1.01202236E+00  1.12955851E+00
   253  2.02400000E+02  1.12955824E+00  1.01266088E+00  1.12955824E+00
   254  2.03200000E+02  1.12955799E+00  1.01332641E+00  1.12955799E+00
   255  2.04000000E+02  1.12955775E+00  1.01401973E+00  1.12955775E+00
   256  2.04800000E+02  1.12955751E+00  1.01474160E+00  1.12955751E+00
   257  2.05600000E+02  1.12955729E+00  1.01549281E+00  1.12955729E+00
   258  2.06400000E+02  1.12955707E+00  1.01627412E+00  1.12955707E+00
   259  2.07200000E+02  1.12955687E+00  1.01708627E+00  1.12955687E+00
   260  2.08000000E+02  1.12955667E+00  1.01793001E+00  1.12955667E+00
   261  2.08800000E+02  1.12955648E+00  1.01880604E+00  1.12955648E+00
   262  2.09600000E+02  1.12955630E+00  1.01971507E+00  1.12955630E+00
   263  2.10400000E+02  1.12955612E+00  1.02065777E+00  1.12955612E+00
   264  2.11200000E+02  1.12955596E+00  1.02163478E+00  1.12955596E+00
   265  2.12000000E+02  1.12955580E+00  1.02264671E+00  1.12955580E+00
   266  2.12800000E+02  1.12955565E+00  1.02369414E+00  1.12955565E+00
   267  2.13600000E+02  1.12955551E+00  1.02477761E+00  1.12955551E+00
   268  2.14400000E+02  1.12955537E+00  1.02589759E+00  1.12955537E+00
   269  2.15200000E+02  1.12955524E+00  1.02705455E+00  1.12955524E+00
   270  2.16000000E+02  1.12955512E+00  1.02824885E+00  1.12955512E+00
   271  2.16800000E+02  1.12955500E+00  1.02948083E+00  1.12955500E+00
   272  2.17600000E+02  1.12955489E+00  1.03075075E+00  1.12955489E+00
   273  2.18400000E+02  1.12955478E+00  1.03205881E+00  1.12955478E+00
   274  2.19200000E+02  1.12955468E+00  1.03340513E+00  1.12955468E+00
   275  2.20000000E+02  1.12955459E+00  1.03478975E+00  1.12955459E+00
   276  2.20800000E+02  1.12955450E+00  1.03621262E+00  1.12955450E+00
   277  2.21600000E+02  1.12955442E+00  1.03767359E+00  1.12955442E+00
   278  2.22400000E+02  1.12955434E+00  1.03917244E+00  1.12955434E+00
   279  2.23200000E+02  1.12955426E+00  1.04070881E+00  1.12955426E+00
   280  2.24000000E+02  1.12955419E+00  1.04228227E+00  1.12955419E+00
   281  2.24800000E+02  1.12955412E+00  1.04389224E+00  1.12955412E+00
   282  2.25600000E+02  1.12955406E+00  1.04553804E+00  1.12955406E+00
   283  2.26400000E+02  1.12955400E+00  1.04721886E+00  1.12955400E+00
   284  2.27200000E+02  1.12955394E+00  1.04893377E+00  1.12955394E+00
   285  2.28000000E+02  1.12955389E+00  1.05068169E+00  1.12955389E+00
   286  2.28800000E+02  1.12955384E+00  1.05246144E+00  1.12955384E+00
   287  2.29600000E+02  1.12955379E+00  1.05427166E+00  1.12955379E+00
   288  2.30400000E+02  1.12955375E+00  1.05611089E+00  1.12955375E+00
   289  2.31200000E+02  1.12955371E+00  1.05797750E+00  1.12955371E+00
   290  2.32000000E+02  1.12955367E+00  1.05986974E+00  1.12955367E+00
   291  2.32800000E+02  1.12955363E+00  1.06178572E+00  1.12955363E+00
   292  2.33600000E+02  1.12955360E+00  1.06372339E+00  1.12955360E+00
   293  2.34400000E+02  1.12955357E+00  1.06568060E+00  1.12955357E+00
   294  2.35200000E+02  1.12955354E+00  1.06765504E+00  1.12955354E+00
   295  2.36000000E+02  1.12955351E+00  1.06964426E+00  1.12955351E+00
   296  2.36800000E+02  1.12955348E+00  1.07164570E+00  1.12955348E+00
   297  2.37600000E+02  1.12955346E+00  1.07365668E+00  1.12955346E+00
   298  2.38400000E+02  1.12955343E+00  1.07567439E+00  1.12955343E+00
   299  2.39200000E+02  1.12955341E+00  1.07769590E+00  1.12955341E+00
   300  2.40000000E+02  1.12955339E+00  1.07971820E+00  1.12955339E+00
   301  2.40800000E+02  1.12955337E+00  1.08173815E+00  1.12955337E+00
   302  2.41600000E+02  1.12955335E+00  1.08375254E+00  1.12955335E+00
   303  2.42400000E+02  1.12955334E+00  1.08575809E+00  1.12955334E+00
   304  2.43200000E+02  1.12955332E+00  1.08775141E+00  1.12955332E+00
   305  2.44000000E+02  1.12955331E+00  1.08972908E+00  1.12955331E+00
   306  2.44800000E+02  1.12955329E+00  1.09168763E+00  1.12955329E+00
   307  2.45600000E+02  1.12955328E+00  1.09362355E+00  1.12955328E+00
   308  2.46400000E+02  1.12955327E+00  1.09553330E+00  1.12955327E+00
   309  2.47200000E+02  1.12955326E+00  1.09741336E+00  1.12955326E+00
   310  2.48000000E+02  1.12955324E+00  1.09926019E+00  1.12955324E+00
   311  2.48800000E+02  1.12955323E+00  1.10107031E+00  1.12955323E+00
   312  2.49600000E+02  1.12955323E+00  1.10284025E+00  1.12955323E+00
   313  2.50400000E+02  1.12955322E+00  1.10456665E+00  1.12955322E+00
   314  2.51200000E+02  1.12955321E+00  1.10624620E+00  1.12955321E+00
   315  2.52000000E+02  1.12955320E+00  1.10787571E+00  1.12955320E+00
   316  2.52800000E+02  1.12955319E+00  1.10945214E+00  1.12955319E+00
   317  2.53600000E+02  1.12955319E+00  1.11097258E+00  1.12955319E+00
   318  2.54400000E+02  1.12955318E+00  1.11243434E+00  1.12955318E+00
   319  2.55200000E+02  1.12955318E+00  1.11383492E+00  1.12955318E+00
   320  2.56000000E+02  1.12955317E+00  1.11517206E+00  1.12955317E+00
   321  2.56800000E+02  1.12955316E+00  1.11644379E+00  1.12955316E+00
   322  2.57600000E+02  1.12955316E+00  1.11764846E+00  1.12955316E+00
   323  2.58400000E+02  1.12955316E+00  1.11878475E+00  1.12955316E+00
   324  2.59200000E+02  1.12955315E+00  1.11985173E+00  1.12955315E+00
   325  2.60000000E+02  1.12955315E+00  1.12084890E+00  1.12955315E+00
   326  2.60800000E+02  1.12955314E+00  1.12177619E+00  1.12955314E+00
   327  2.61600000E+02  1.12955314E+00  1.12263403E+00  1.12955314E+00
   328  2.62400000E+02  1.12955314E+00  1.12342335E+00  1.12955314E+00
   329  2.63200000E+02  1.12955313E+00  1.12414558E+00  1.12955313E+00
   330  2.64000000E+02  1.12955313E+00  1.12480266E+00  1.12955313E+00
   331  2.64800000E+02  1.12955313E+00  1.12539702E+00  1.12955313E+00
   332  2.65600000E+02  1.12955313E+00  1.12593155E+00  1.12955313E+00
   333  2.66400000E+02  1.12955312E+00  1.12640956E+00  1.12955312E+00
   334  2.67200000E+02  1.12955312E+00  1.12683469E+00  1.12955312E+00
   335  2.68000000E+02  1.12955312E+00  1.12721082E+00  1.12955312E+00
   336  2.68800000E+02  1.12955312E+00  1.12754204E+00  1.12955312E+00
   337  2.69600000E+02  1.12955312E+00  1.12783248E+00  1.12955312E+00
   338  2.70400000E+02  1.12955311E+00  1.12808623E+00  1.12955311E+00
   339  2.71200000E+02  1.12955311E+00  1.12830727E+00  1.12955311E+00
   340  2.72000000E+02  1.12955311E+00  1.12849934E+00  1.12955311E+00
   341  2.72800000E+02  1.12955311E+00  1.12866589E+00  1.12955311E+00
   342  2.73600000E+02  1.12955311E+00  1.12881000E+00  1.12955311E+00
   343  2.74400000E+02  1.12955311E+00  1.12893439E+00  1.12955311E+00
   344  2.75200000E+02  1.12955311E+00  1.12904135E+00  1.12955311E+00
   345  2.76000000E+02  1.12955310E+00  1.12913283E+00  1.12955310E+00
   346  2.76800000E+02  1.12955310E+00  1.12921038E+00  1.12955310E+00
   347  2.77600000E+02  1.12955310E+00  1.12927530E+00  1.12955310E+00
   348  2.78400000E+02  1.12955310E+00  1.12932865E+00  1.12955310E+00
   349  2.79200000E+02  1.12955310E+00  1.12937132E+00  1.12955310E+00
   350  2.80000000E+02  1.12955310E+00  1.12940414E+00  1.12955310E+00
   351  2.80800000E+02  1.12955310E+00  1.12942790E+00  1.12955310E+00
   352  2.81600000E+02  1.12955310E+00  1.12944343E+00  1.12955310E+00
   353  2.82400000E+02  1.12955310E+00  1.12945165E+00  1.12955310E+00
   354  2.83200000E+02  1.12955310E+00  1.12945353E+00  1.12955310E+00
   355  2.84000000E+02  1.12955310E+00  1.12945015E+00  1.12955310E+00
   356  2.84800000E+02  1.12955310E+00  1.12944267E+00  1.12955310E+00
   357  2.85600000E+02  1.12955309E+00  1.12943227E+00  1.12955309E+00
   358  2.86400000E+02  1.12955309E+00  1.12942012E+00  1.12955309E+00
   359  2.87200000E+02  1.12955309E+00  1.12940733E+00  1.12955309E+00
   360  2.88000000E+02  1.12955309E+00  1.12939491E+00  1.12955309E+00
   361  2.88800000E+02  1.12955309E+00  1.12938373E+00  1.12955309E+00
   362  2.89600000E+02  1.12955309E+00  1.12937443E+00  1.12955309E+00
   363  2.90400000E+02  1.12955309E+00  1.12936749E+00  1.12955309E+00
   364  2.91200000E+02  1.12955309E+00  1.12936315E+00  1.12955309E+00
   365  2.92000000E+02  1.12955309E+00  1.12936144E+00  1.12955309E+00
   366  2.92800000E+02  1.12955309E+00  1.12936220E+00  1.12955309E+00
   367  2.93600000E+02  1.12955309E+00  1.12936512E+00  1.12955309E+00
   368  2.94400000E+02  1.12955309E+00  1.12936977E+00  1.12955309E+00
   369  2.95200000E+02  1.12955309E+00  1.12937566E+00  1.12955309E+00
   370  2.96000000E+02  1.12955309E+00  1.12938225E+00  1.12955309E+00
   371  2.96800000E+02  1.12955309E+00  1.12938905E+00  1.12955309E+00
 steady-height stop at step    371: changes <=   1.0000E-05, max-end <=   1.0000E-02, max/end/gap/profile_change =   1.12955309E+00  1.12938905E+00  1.64039268E-04  6.79689193E-06


STDERR:
