COMMAND:
/shared/generate_rom_data/extrudate_swell2d_c_cluster

STDOUT:
 comppar: model =   6
 comppar: lambda,mobility/eps,betav,eta_0 =  1.0000E+00  2.3333E-01  1.0000E-01  1.0000E+00
 comppar: eta_s,eta_p,G =  1.0000E-01  9.0000E-01  9.0000E-01
 comppar: U_avg,deltat,flowrate,nsteps =  2.5000E-02  8.0000E-01  7.8540E-02     700
 comppar: geometry = axisymmetric
 comppar: steady stop change,gap,hold,min =  1.0000E-05  1.0000E-02      10      80
 comppar: ncompc,ncompg =     4     5
 mesh nnodes = 5765
 mesh nelem = 2780
 P1 BC   5.0000000000000000     
 P2 BC   0.0000000000000000     
     1  8.00000000E-01  1.00252985E+00  1.00000000E+00  1.00252985E+00
     2  1.60000000E+00  1.00501824E+00  1.00000000E+00  1.00501824E+00
     3  2.40000000E+00  1.00742918E+00  1.00000000E+00  1.00742918E+00
     4  3.20000000E+00  1.00978661E+00  1.00000000E+00  1.00978661E+00
     5  4.00000000E+00  1.01211338E+00  1.00000000E+00  1.01211338E+00
     6  4.80000000E+00  1.01441062E+00  1.00000000E+00  1.01441062E+00
     7  5.60000000E+00  1.01668003E+00  1.00000000E+00  1.01668003E+00
     8  6.40000000E+00  1.01891031E+00  1.00000000E+00  1.01891031E+00
     9  7.20000000E+00  1.02112363E+00  1.00000000E+00  1.02112363E+00
    10  8.00000000E+00  1.02329222E+00  1.00000000E+00  1.02329222E+00
    11  8.80000000E+00  1.02544874E+00  1.00000000E+00  1.02544874E+00
    12  9.60000000E+00  1.02755199E+00  1.00000000E+00  1.02755199E+00
    13  1.04000000E+01  1.02965349E+00  1.00000001E+00  1.02965349E+00
    14  1.12000000E+01  1.03170062E+00  1.00000001E+00  1.03170062E+00
    15  1.20000000E+01  1.03374169E+00  1.00000001E+00  1.03374169E+00
    16  1.28000000E+01  1.03573430E+00  1.00000001E+00  1.03573430E+00
    17  1.36000000E+01  1.03770537E+00  1.00000000E+00  1.03770537E+00
    18  1.44000000E+01  1.03965318E+00  1.00000000E+00  1.03965318E+00
    19  1.52000000E+01  1.04155014E+00  1.00000000E+00  1.04155014E+00
    20  1.60000000E+01  1.04345496E+00  1.00000000E+00  1.04345496E+00
    21  1.68000000E+01  1.04529858E+00  1.00000000E+00  1.04529858E+00
    22  1.76000000E+01  1.04712813E+00  9.99999998E-01  1.04712813E+00
    23  1.84000000E+01  1.04894086E+00  9.99999996E-01  1.04894086E+00
    24  1.92000000E+01  1.05068909E+00  9.99999993E-01  1.05068909E+00
    25  2.00000000E+01  1.05245917E+00  9.99999989E-01  1.05245917E+00
    26  2.08000000E+01  1.05417838E+00  9.99999985E-01  1.05417838E+00
    27  2.16000000E+01  1.05582993E+00  9.99999980E-01  1.05582993E+00
    28  2.24000000E+01  1.05752611E+00  9.99999974E-01  1.05752611E+00
    29  2.32000000E+01  1.05916420E+00  9.99999968E-01  1.05916420E+00
    30  2.40000000E+01  1.06073255E+00  9.99999960E-01  1.06073255E+00
    31  2.48000000E+01  1.06235609E+00  9.99999952E-01  1.06235609E+00
    32  2.56000000E+01  1.06391276E+00  9.99999943E-01  1.06391276E+00
    33  2.64000000E+01  1.06539758E+00  9.99999932E-01  1.06539758E+00
    34  2.72000000E+01  1.06693062E+00  9.99999920E-01  1.06693062E+00
    35  2.80000000E+01  1.06842259E+00  9.99999907E-01  1.06842259E+00
    36  2.88000000E+01  1.06984156E+00  9.99999893E-01  1.06984156E+00
    37  2.96000000E+01  1.07127377E+00  9.99999877E-01  1.07127377E+00
    38  3.04000000E+01  1.07270111E+00  9.99999859E-01  1.07270111E+00
    39  3.12000000E+01  1.07405423E+00  9.99999840E-01  1.07405423E+00
    40  3.20000000E+01  1.07534184E+00  9.99999819E-01  1.07534184E+00
    41  3.28000000E+01  1.07672498E+00  9.99999795E-01  1.07672498E+00
    42  3.36000000E+01  1.07803356E+00  9.99999770E-01  1.07803356E+00
    43  3.44000000E+01  1.07926503E+00  9.99999742E-01  1.07926503E+00
    44  3.52000000E+01  1.08051507E+00  9.99999712E-01  1.08051507E+00
    45  3.60000000E+01  1.08177918E+00  9.99999680E-01  1.08177918E+00
    46  3.68000000E+01  1.08296582E+00  9.99999644E-01  1.08296582E+00
    47  3.76000000E+01  1.08407286E+00  9.99999606E-01  1.08407286E+00
    48  3.84000000E+01  1.08525122E+00  9.99999565E-01  1.08525122E+00
    49  3.92000000E+01  1.08641833E+00  9.99999520E-01  1.08641833E+00
    50  4.00000000E+01  1.08750632E+00  9.99999472E-01  1.08750632E+00
    51  4.08000000E+01  1.08851344E+00  9.99999420E-01  1.08851344E+00
    52  4.16000000E+01  1.08962600E+00  9.99999365E-01  1.08962600E+00
    53  4.24000000E+01  1.09069451E+00  9.99999305E-01  1.09069451E+00
    54  4.32000000E+01  1.09168250E+00  9.99999241E-01  1.09168250E+00
    55  4.40000000E+01  1.09258867E+00  9.99999172E-01  1.09258867E+00
    56  4.48000000E+01  1.09359510E+00  9.99999098E-01  1.09359510E+00
    57  4.56000000E+01  1.09458756E+00  9.99999020E-01  1.09458756E+00
    58  4.64000000E+01  1.09549900E+00  9.99998935E-01  1.09549900E+00
    59  4.72000000E+01  1.09632854E+00  9.99998845E-01  1.09632854E+00
    60  4.80000000E+01  1.09723141E+00  9.99998750E-01  1.09723141E+00
    61  4.88000000E+01  1.09814694E+00  9.99998647E-01  1.09814694E+00
    62  4.96000000E+01  1.09898106E+00  9.99998538E-01  1.09898106E+00
    63  5.04000000E+01  1.09973334E+00  9.99998423E-01  1.09973334E+00
    64  5.12000000E+01  1.10052006E+00  9.99998299E-01  1.10052006E+00
    65  5.20000000E+01  1.10136139E+00  9.99998168E-01  1.10136139E+00
    66  5.28000000E+01  1.10212151E+00  9.99998029E-01  1.10212151E+00
    67  5.36000000E+01  1.10280065E+00  9.99997881E-01  1.10280065E+00
    68  5.44000000E+01  1.10350973E+00  9.99997725E-01  1.10350973E+00
    69  5.52000000E+01  1.10427616E+00  9.99997559E-01  1.10427616E+00
    70  5.60000000E+01  1.10496173E+00  9.99997383E-01  1.10496173E+00
    71  5.68000000E+01  1.10556735E+00  9.99997197E-01  1.10556735E+00
    72  5.76000000E+01  1.10619459E+00  9.99997000E-01  1.10619459E+00
    73  5.84000000E+01  1.10688797E+00  9.99996791E-01  1.10688797E+00
    74  5.92000000E+01  1.10750182E+00  9.99996571E-01  1.10750182E+00
    75  6.00000000E+01  1.10803787E+00  9.99996338E-01  1.10803787E+00
    76  6.08000000E+01  1.10861442E+00  9.99996093E-01  1.10861442E+00
    77  6.16000000E+01  1.10923429E+00  9.99995834E-01  1.10923429E+00
    78  6.24000000E+01  1.10977617E+00  9.99995560E-01  1.10977617E+00
    79  6.32000000E+01  1.11024257E+00  9.99995272E-01  1.11024257E+00
    80  6.40000000E+01  1.11076749E+00  9.99994969E-01  1.11076749E+00
    81  6.48000000E+01  1.11131757E+00  9.99994649E-01  1.11131757E+00
    82  6.56000000E+01  1.11179236E+00  9.99994313E-01  1.11179236E+00
    83  6.64000000E+01  1.11219521E+00  9.99993959E-01  1.11219521E+00
    84  6.72000000E+01  1.11268849E+00  9.99993587E-01  1.11268849E+00
    85  6.80000000E+01  1.11316870E+00  9.99993196E-01  1.11316870E+00
    86  6.88000000E+01  1.11357656E+00  9.99992786E-01  1.11357656E+00
    87  6.96000000E+01  1.11391622E+00  9.99992355E-01  1.11391622E+00
    88  7.04000000E+01  1.11438449E+00  9.99991902E-01  1.11438449E+00
    89  7.12000000E+01  1.11480061E+00  9.99991428E-01  1.11480061E+00
    90  7.20000000E+01  1.11514835E+00  9.99990930E-01  1.11514835E+00
    91  7.28000000E+01  1.11545567E+00  9.99990409E-01  1.11545567E+00
    92  7.36000000E+01  1.11587688E+00  9.99989862E-01  1.11587688E+00
    93  7.44000000E+01  1.11622924E+00  9.99989290E-01  1.11622924E+00
    94  7.52000000E+01  1.11651750E+00  9.99988692E-01  1.11651750E+00
    95  7.60000000E+01  1.11682250E+00  9.99988065E-01  1.11682250E+00
    96  7.68000000E+01  1.11718296E+00  9.99987410E-01  1.11718296E+00
    97  7.76000000E+01  1.11747894E+00  9.99986726E-01  1.11747894E+00
    98  7.84000000E+01  1.11771571E+00  9.99986011E-01  1.11771571E+00
    99  7.92000000E+01  1.11801299E+00  9.99985264E-01  1.11801299E+00
   100  8.00000000E+01  1.11831329E+00  9.99984485E-01  1.11831329E+00
   101  8.08000000E+01  1.11855382E+00  9.99983671E-01  1.11855382E+00
   102  8.16000000E+01  1.11874045E+00  9.99982823E-01  1.11874045E+00
   103  8.24000000E+01  1.11904835E+00  9.99981939E-01  1.11904835E+00
   104  8.32000000E+01  1.11929623E+00  9.99981018E-01  1.11929623E+00
   105  8.40000000E+01  1.11948949E+00  9.99980059E-01  1.11948949E+00
   106  8.48000000E+01  1.11967943E+00  9.99979061E-01  1.11967943E+00
   107  8.56000000E+01  1.11993133E+00  9.99978022E-01  1.11993133E+00
   108  8.64000000E+01  1.12012804E+00  9.99976942E-01  1.12012804E+00
   109  8.72000000E+01  1.12027569E+00  9.99975819E-01  1.12027569E+00
   110  8.80000000E+01  1.12049123E+00  9.99974652E-01  1.12049123E+00
   111  8.88000000E+01  1.12069483E+00  9.99973441E-01  1.12069483E+00
   112  8.96000000E+01  1.12084855E+00  9.99972184E-01  1.12084855E+00
   113  9.04000000E+01  1.12096355E+00  9.99970879E-01  1.12096355E+00
   114  9.12000000E+01  1.12117088E+00  9.99969527E-01  1.12117088E+00
   115  9.20000000E+01  1.12132775E+00  9.99968125E-01  1.12132775E+00
   116  9.28000000E+01  1.12144048E+00  9.99966673E-01  1.12144048E+00
   117  9.36000000E+01  1.12159219E+00  9.99965171E-01  1.12159219E+00
   118  9.44000000E+01  1.12175543E+00  9.99963616E-01  1.12175543E+00
   119  9.52000000E+01  1.12187360E+00  9.99962008E-01  1.12187360E+00
   120  9.60000000E+01  1.12195312E+00  9.99960347E-01  1.12195312E+00
   121  9.68000000E+01  1.12210619E+00  9.99958631E-01  1.12210619E+00
   122  9.76000000E+01  1.12222721E+00  9.99956859E-01  1.12222721E+00
   123  9.84000000E+01  1.12230903E+00  9.99955032E-01  1.12230903E+00
   124  9.92000000E+01  1.12241960E+00  9.99953148E-01  1.12241960E+00
   125  1.00000000E+02  1.12254641E+00  9.99951207E-01  1.12254641E+00
   126  1.00800000E+02  1.12263301E+00  9.99949209E-01  1.12263301E+00
   127  1.01600000E+02  1.12268581E+00  9.99947153E-01  1.12268581E+00
   128  1.02400000E+02  1.12279993E+00  9.99945040E-01  1.12279993E+00
   129  1.03200000E+02  1.12288907E+00  9.99942869E-01  1.12288907E+00
   130  1.04000000E+02  1.12294388E+00  9.99940640E-01  1.12294388E+00
   131  1.04800000E+02  1.12303044E+00  9.99938353E-01  1.12303044E+00
   132  1.05600000E+02  1.12312472E+00  9.99936010E-01  1.12312472E+00
   133  1.06400000E+02  1.12318362E+00  9.99933610E-01  1.12318362E+00
   134  1.07200000E+02  1.12321347E+00  9.99931155E-01  1.12321347E+00
   135  1.08000000E+02  1.12330389E+00  9.99928646E-01  1.12330389E+00
   136  1.08800000E+02  1.12336502E+00  9.99926084E-01  1.12336502E+00
   137  1.09600000E+02  1.12339659E+00  9.99923470E-01  1.12339659E+00
   138  1.10400000E+02  1.12347179E+00  9.99920807E-01  1.12347179E+00
   139  1.11200000E+02  1.12353736E+00  9.99918097E-01  1.12353736E+00
   140  1.12000000E+02  1.12357230E+00  9.99915342E-01  1.12357230E+00
   141  1.12800000E+02  1.12359240E+00  9.99912545E-01  1.12359240E+00
   142  1.13600000E+02  1.12366044E+00  9.99909709E-01  1.12366044E+00
   143  1.14400000E+02  1.12369729E+00  9.99906837E-01  1.12369729E+00
   144  1.15200000E+02  1.12370921E+00  9.99903935E-01  1.12370921E+00
   145  1.16000000E+02  1.12378181E+00  9.99901006E-01  1.12378181E+00
   146  1.16800000E+02  1.12382238E+00  9.99898055E-01  1.12382238E+00
   147  1.17600000E+02  1.12383692E+00  9.99895087E-01  1.12383692E+00
   148  1.18400000E+02  1.12386124E+00  9.99892110E-01  1.12386124E+00
   149  1.19200000E+02  1.12390393E+00  9.99889128E-01  1.12390393E+00
   150  1.20000000E+02  1.12392009E+00  9.99886150E-01  1.12392009E+00
   151  1.20800000E+02  1.12394443E+00  9.99883184E-01  1.12394443E+00
   152  1.21600000E+02  1.12399120E+00  9.99880237E-01  1.12399120E+00
   153  1.22400000E+02  1.12401033E+00  9.99877320E-01  1.12401033E+00
   154  1.23200000E+02  1.12400785E+00  9.99874442E-01  1.12400785E+00
   155  1.24000000E+02  1.12404073E+00  9.99871615E-01  1.12404073E+00
   156  1.24800000E+02  1.12406165E+00  9.99868850E-01  1.12406165E+00
   157  1.25600000E+02  1.12406049E+00  9.99866161E-01  1.12406049E+00
   158  1.26400000E+02  1.12410022E+00  9.99863560E-01  1.12410022E+00
   159  1.27200000E+02  1.12412447E+00  9.99861064E-01  1.12412447E+00
   160  1.28000000E+02  1.12412553E+00  9.99858688E-01  1.12412553E+00
   161  1.28800000E+02  1.12412655E+00  9.99856450E-01  1.12412655E+00
   162  1.29600000E+02  1.12415277E+00  9.99854368E-01  1.12415277E+00
   163  1.30400000E+02  1.12415531E+00  9.99852461E-01  1.12415531E+00
   164  1.31200000E+02  1.12416593E+00  9.99850752E-01  1.12416593E+00
   165  1.32000000E+02  1.12419581E+00  9.99849263E-01  1.12419581E+00
   166  1.32800000E+02  1.12420091E+00  9.99848018E-01  1.12420091E+00
   167  1.33600000E+02  1.12418711E+00  9.99847043E-01  1.12418711E+00
   168  1.34400000E+02  1.12420783E+00  9.99846365E-01  1.12420783E+00
   169  1.35200000E+02  1.12421457E+00  9.99846016E-01  1.12421457E+00
   170  1.36000000E+02  1.12420195E+00  9.99846025E-01  1.12420195E+00
   171  1.36800000E+02  1.12423685E+00  9.99846426E-01  1.12423685E+00
   172  1.37600000E+02  1.12424649E+00  9.99847255E-01  1.12424649E+00
   173  1.38400000E+02  1.12423568E+00  9.99848549E-01  1.12423568E+00
   174  1.39200000E+02  1.12423762E+00  9.99850350E-01  1.12423762E+00
   175  1.40000000E+02  1.12424906E+00  9.99852699E-01  1.12424906E+00
   176  1.40800000E+02  1.12423957E+00  9.99855642E-01  1.12423957E+00
   177  1.41600000E+02  1.12425691E+00  9.99859226E-01  1.12425691E+00
   178  1.42400000E+02  1.12427158E+00  9.99863503E-01  1.12427158E+00
   179  1.43200000E+02  1.12426422E+00  9.99868526E-01  1.12426422E+00
   180  1.44000000E+02  1.12425010E+00  9.99874353E-01  1.12425010E+00
   181  1.44800000E+02  1.12426675E+00  9.99881043E-01  1.12426675E+00
   182  1.45600000E+02  1.12426085E+00  9.99888660E-01  1.12426085E+00
   183  1.46400000E+02  1.12426270E+00  9.99897272E-01  1.12426270E+00
   184  1.47200000E+02  1.12428290E+00  9.99906949E-01  1.12428290E+00
   185  1.48000000E+02  1.12427946E+00  9.99917767E-01  1.12427946E+00
   186  1.48800000E+02  1.12425818E+00  9.99929805E-01  1.12425818E+00
   187  1.49600000E+02  1.12427333E+00  9.99943145E-01  1.12427333E+00
   188  1.50400000E+02  1.12427150E+00  9.99957876E-01  1.12427150E+00
   189  1.51200000E+02  1.12425911E+00  9.99974091E-01  1.12425911E+00
   190  1.52000000E+02  1.12428533E+00  9.99991886E-01  1.12428533E+00
   191  1.52800000E+02  1.12428629E+00  1.00001136E+00  1.12428629E+00
   192  1.53600000E+02  1.12426786E+00  1.00003263E+00  1.12426786E+00
   193  1.54400000E+02  1.12427288E+00  1.00005581E+00  1.12427288E+00
   194  1.55200000E+02  1.12427561E+00  1.00008100E+00  1.12427561E+00
   195  1.56000000E+02  1.12425846E+00  1.00010834E+00  1.12425846E+00
   196  1.56800000E+02  1.12428223E+00  1.00013797E+00  1.12428223E+00
   197  1.57600000E+02  1.12428805E+00  1.00017001E+00  1.12428805E+00
   198  1.58400000E+02  1.12427292E+00  1.00020461E+00  1.12427292E+00
   199  1.59200000E+02  1.12426817E+00  1.00024192E+00  1.12426817E+00
   200  1.60000000E+02  1.12427592E+00  1.00028210E+00  1.12427592E+00
   201  1.60800000E+02  1.12426221E+00  1.00032532E+00  1.12426221E+00
   202  1.61600000E+02  1.12427584E+00  1.00037176E+00  1.12427584E+00
   203  1.62400000E+02  1.12428700E+00  1.00042158E+00  1.12428700E+00
   204  1.63200000E+02  1.12427561E+00  1.00047499E+00  1.12427561E+00
   205  1.64000000E+02  1.12426100E+00  1.00053219E+00  1.12426100E+00
   206  1.64800000E+02  1.12427425E+00  1.00059338E+00  1.12427425E+00
   207  1.65600000E+02  1.12426442E+00  1.00065877E+00  1.12426442E+00
   208  1.66400000E+02  1.12426763E+00  1.00072861E+00  1.12426763E+00
   209  1.67200000E+02  1.12428458E+00  1.00080312E+00  1.12428458E+00
   210  1.68000000E+02  1.12427738E+00  1.00088256E+00  1.12427738E+00
   211  1.68800000E+02  1.12425251E+00  1.00096717E+00  1.12425251E+00
   212  1.69600000E+02  1.12427172E+00  1.00105724E+00  1.12427172E+00
   213  1.70400000E+02  1.12426623E+00  1.00115303E+00  1.12426623E+00
   214  1.71200000E+02  1.12425843E+00  1.00125485E+00  1.12425843E+00
   215  1.72000000E+02  1.12428164E+00  1.00136300E+00  1.12428164E+00
   216  1.72800000E+02  1.12427909E+00  1.00147779E+00  1.12427909E+00
   217  1.73600000E+02  1.12425663E+00  1.00159956E+00  1.12425663E+00
   218  1.74400000E+02  1.12426895E+00  1.00172864E+00  1.12426895E+00
   219  1.75200000E+02  1.12426826E+00  1.00186538E+00  1.12426826E+00
   220  1.76000000E+02  1.12424870E+00  1.00201017E+00  1.12424870E+00
   221  1.76800000E+02  1.12427862E+00  1.00216337E+00  1.12427862E+00
   222  1.77600000E+02  1.12428116E+00  1.00232539E+00  1.12428116E+00
   223  1.78400000E+02  1.12426223E+00  1.00249664E+00  1.12426223E+00
   224  1.79200000E+02  1.12426622E+00  1.00267754E+00  1.12426622E+00
   225  1.80000000E+02  1.12427077E+00  1.00286854E+00  1.12427077E+00
   226  1.80800000E+02  1.12425333E+00  1.00307008E+00  1.12425333E+00
   227  1.81600000E+02  1.12427566E+00  1.00328264E+00  1.12427566E+00
   228  1.82400000E+02  1.12428373E+00  1.00350670E+00  1.12428373E+00
   229  1.83200000E+02  1.12426877E+00  1.00374277E+00  1.12426877E+00
   230  1.84000000E+02  1.12426355E+00  1.00399137E+00  1.12426355E+00
   231  1.84800000E+02  1.12427381E+00  1.00425302E+00  1.12427381E+00
   232  1.85600000E+02  1.12426047E+00  1.00452829E+00  1.12426047E+00
   233  1.86400000E+02  1.12427272E+00  1.00481772E+00  1.12427272E+00
   234  1.87200000E+02  1.12428678E+00  1.00512191E+00  1.12428678E+00
   235  1.88000000E+02  1.12427621E+00  1.00544146E+00  1.12427621E+00
   236  1.88800000E+02  1.12426086E+00  1.00577697E+00  1.12426086E+00
   237  1.89600000E+02  1.12427726E+00  1.00612907E+00  1.12427726E+00
   238  1.90400000E+02  1.12426847E+00  1.00649841E+00  1.12426847E+00
   239  1.91200000E+02  1.12426964E+00  1.00688564E+00  1.12426964E+00
   240  1.92000000E+02  1.12429013E+00  1.00729143E+00  1.12429013E+00
   241  1.92800000E+02  1.12428439E+00  1.00771648E+00  1.12428439E+00
   242  1.93600000E+02  1.12425825E+00  1.00816147E+00  1.12425825E+00
   243  1.94400000E+02  1.12428092E+00  1.00862712E+00  1.12428092E+00
   244  1.95200000E+02  1.12427711E+00  1.00911415E+00  1.12427711E+00
   245  1.96000000E+02  1.12426620E+00  1.00962329E+00  1.12426620E+00
   246  1.96800000E+02  1.12429354E+00  1.01015528E+00  1.12429354E+00
   247  1.97600000E+02  1.12429306E+00  1.01071087E+00  1.12429306E+00
   248  1.98400000E+02  1.12427064E+00  1.01129081E+00  1.12427064E+00
   249  1.99200000E+02  1.12428452E+00  1.01189586E+00  1.12428452E+00
   250  2.00000000E+02  1.12428613E+00  1.01252680E+00  1.12428613E+00
   251  2.00800000E+02  1.12426525E+00  1.01318437E+00  1.12426525E+00
   252  2.01600000E+02  1.12429674E+00  1.01386936E+00  1.12429674E+00
   253  2.02400000E+02  1.12430196E+00  1.01458251E+00  1.12430196E+00
   254  2.03200000E+02  1.12428367E+00  1.01532459E+00  1.12428367E+00
   255  2.04000000E+02  1.12428778E+00  1.01609634E+00  1.12428778E+00
   256  2.04800000E+02  1.12429524E+00  1.01689851E+00  1.12429524E+00
   257  2.05600000E+02  1.12427864E+00  1.01773181E+00  1.12427864E+00
   258  2.06400000E+02  1.12429945E+00  1.01859696E+00  1.12429945E+00
   259  2.07200000E+02  1.12431080E+00  1.01949463E+00  1.12431080E+00
   260  2.08000000E+02  1.12429707E+00  1.02042550E+00  1.12429707E+00
   261  2.08800000E+02  1.12429042E+00  1.02139020E+00  1.12429042E+00
   262  2.09600000E+02  1.12430417E+00  1.02238932E+00  1.12430417E+00
   263  2.10400000E+02  1.12429228E+00  1.02342345E+00  1.12429228E+00
   264  2.11200000E+02  1.12430139E+00  1.02449309E+00  1.12430139E+00
   265  2.12000000E+02  1.12431929E+00  1.02559874E+00  1.12431929E+00
   266  2.12800000E+02  1.12431054E+00  1.02674082E+00  1.12431054E+00
   267  2.13600000E+02  1.12429216E+00  1.02791971E+00  1.12429216E+00
   268  2.14400000E+02  1.12431263E+00  1.02913574E+00  1.12431263E+00
   269  2.15200000E+02  1.12430587E+00  1.03038915E+00  1.12430587E+00
   270  2.16000000E+02  1.12430230E+00  1.03168012E+00  1.12430230E+00
   271  2.16800000E+02  1.12432717E+00  1.03300878E+00  1.12432717E+00
   272  2.17600000E+02  1.12432382E+00  1.03437514E+00  1.12432382E+00
   273  2.18400000E+02  1.12429809E+00  1.03577915E+00  1.12429809E+00
   274  2.19200000E+02  1.12432036E+00  1.03722067E+00  1.12432036E+00
   275  2.20000000E+02  1.12431916E+00  1.03869945E+00  1.12431916E+00
   276  2.20800000E+02  1.12430192E+00  1.04021516E+00  1.12430192E+00
   277  2.21600000E+02  1.12433418E+00  1.04176732E+00  1.12433418E+00
   278  2.22400000E+02  1.12433666E+00  1.04335540E+00  1.12433666E+00
   279  2.23200000E+02  1.12431521E+00  1.04497870E+00  1.12431521E+00
   280  2.24000000E+02  1.12432711E+00  1.04663644E+00  1.12432711E+00
   281  2.24800000E+02  1.12433190E+00  1.04832768E+00  1.12433190E+00
   282  2.25600000E+02  1.12431220E+00  1.05005137E+00  1.12431220E+00
   283  2.26400000E+02  1.12434008E+00  1.05180634E+00  1.12434008E+00
   284  2.27200000E+02  1.12434881E+00  1.05359126E+00  1.12434881E+00
   285  2.28000000E+02  1.12433206E+00  1.05540468E+00  1.12433206E+00
   286  2.28800000E+02  1.12433265E+00  1.05724500E+00  1.12433265E+00
   287  2.29600000E+02  1.12434385E+00  1.05911050E+00  1.12434385E+00
   288  2.30400000E+02  1.12432900E+00  1.06099930E+00  1.12432900E+00
   289  2.31200000E+02  1.12434468E+00  1.06290939E+00  1.12434468E+00
   290  2.32000000E+02  1.12436006E+00  1.06483861E+00  1.12436006E+00
   291  2.32800000E+02  1.12434843E+00  1.06678469E+00  1.12434843E+00
   292  2.33600000E+02  1.12433679E+00  1.06874520E+00  1.12433679E+00
   293  2.34400000E+02  1.12435481E+00  1.07071759E+00  1.12435481E+00
   294  2.35200000E+02  1.12434522E+00  1.07269918E+00  1.12434522E+00
   295  2.36000000E+02  1.12434776E+00  1.07468717E+00  1.12434776E+00
   296  2.36800000E+02  1.12437021E+00  1.07667865E+00  1.12437021E+00
   297  2.37600000E+02  1.12436410E+00  1.07867058E+00  1.12436410E+00
   298  2.38400000E+02  1.12433934E+00  1.08065983E+00  1.12433934E+00
   299  2.39200000E+02  1.12436458E+00  1.08264319E+00  1.12436458E+00
   300  2.40000000E+02  1.12436068E+00  1.08461735E+00  1.12436068E+00
   301  2.40800000E+02  1.12434915E+00  1.08657892E+00  1.12434915E+00
   302  2.41600000E+02  1.12437908E+00  1.08852445E+00  1.12437908E+00
   303  2.42400000E+02  1.12437891E+00  1.09045044E+00  1.12437891E+00
   304  2.43200000E+02  1.12435443E+00  1.09235334E+00  1.12435443E+00
   305  2.44000000E+02  1.12437301E+00  1.09422958E+00  1.12437301E+00
   306  2.44800000E+02  1.12437520E+00  1.09607555E+00  1.12437520E+00
   307  2.45600000E+02  1.12435252E+00  1.09788767E+00  1.12435252E+00
   308  2.46400000E+02  1.12438650E+00  1.09966236E+00  1.12438650E+00
   309  2.47200000E+02  1.12439268E+00  1.10139607E+00  1.12439268E+00
   310  2.48000000E+02  1.12437302E+00  1.10308528E+00  1.12437302E+00
   311  2.48800000E+02  1.12437991E+00  1.10472657E+00  1.12437991E+00
   312  2.49600000E+02  1.12438861E+00  1.10631658E+00  1.12438861E+00
   313  2.50400000E+02  1.12437091E+00  1.10785207E+00  1.12437091E+00
   314  2.51200000E+02  1.12439233E+00  1.10932991E+00  1.12439233E+00
   315  2.52000000E+02  1.12440525E+00  1.11074713E+00  1.12440525E+00
   316  2.52800000E+02  1.12439083E+00  1.11210095E+00  1.12439083E+00
   317  2.53600000E+02  1.12438516E+00  1.11338877E+00  1.12438516E+00
   318  2.54400000E+02  1.12440077E+00  1.11460825E+00  1.12440077E+00
   319  2.55200000E+02  1.12438844E+00  1.11575727E+00  1.12438844E+00
   320  2.56000000E+02  1.12439642E+00  1.11683406E+00  1.12439642E+00
   321  2.56800000E+02  1.12441649E+00  1.11783714E+00  1.12441649E+00
   322  2.57600000E+02  1.12440770E+00  1.11876541E+00  1.12440770E+00
   323  2.58400000E+02  1.12438860E+00  1.11961818E+00  1.12438860E+00
   324  2.59200000E+02  1.12441152E+00  1.12039521E+00  1.12441152E+00
   325  2.60000000E+02  1.12440498E+00  1.12109672E+00  1.12440498E+00
   326  2.60800000E+02  1.12439865E+00  1.12172345E+00  1.12439865E+00
   327  2.61600000E+02  1.12442627E+00  1.12227669E+00  1.12442627E+00
   328  2.62400000E+02  1.12442352E+00  1.12275827E+00  1.12442352E+00
   329  2.63200000E+02  1.12439612E+00  1.12317059E+00  1.12439612E+00
   330  2.64000000E+02  1.12442080E+00  1.12351666E+00  1.12442080E+00
   331  2.64800000E+02  1.12442051E+00  1.12379999E+00  1.12442051E+00
   332  2.65600000E+02  1.12439918E+00  1.12402467E+00  1.12439918E+00
   333  2.66400000E+02  1.12443478E+00  1.12419524E+00  1.12443478E+00
   334  2.67200000E+02  1.12443851E+00  1.12431668E+00  1.12443851E+00
   335  2.68000000E+02  1.12441609E+00  1.12439429E+00  1.12441609E+00
   336  2.68800000E+02  1.12443366E+00  1.12443366E+00  1.12443366E+00
   337  2.69600000E+02  1.12444048E+00  1.12444048E+00  1.12444048E+00
   338  2.70400000E+02  1.12442051E+00  1.12442051E+00  1.12442051E+00
   339  2.71200000E+02  1.12437939E+00  1.12437939E+00  1.12437939E+00
   340  2.72000000E+02  1.12432260E+00  1.12432260E+00  1.12432260E+00
   341  2.72800000E+02  1.12425525E+00  1.12425525E+00  1.12425525E+00
   342  2.73600000E+02  1.12418206E+00  1.12418206E+00  1.12418206E+00
   343  2.74400000E+02  1.12410722E+00  1.12410722E+00  1.12410722E+00
   344  2.75200000E+02  1.12403434E+00  1.12403434E+00  1.12403434E+00
   345  2.76000000E+02  1.12400535E+00  1.12396638E+00  1.12400535E+00
   346  2.76800000E+02  1.12400534E+00  1.12390565E+00  1.12400534E+00
   347  2.77600000E+02  1.12400534E+00  1.12385379E+00  1.12400534E+00
   348  2.78400000E+02  1.12400534E+00  1.12381178E+00  1.12400534E+00
   349  2.79200000E+02  1.12400534E+00  1.12378002E+00  1.12400534E+00
   350  2.80000000E+02  1.12400533E+00  1.12375835E+00  1.12400533E+00
   351  2.80800000E+02  1.12400533E+00  1.12374618E+00  1.12400533E+00
   352  2.81600000E+02  1.12400533E+00  1.12374252E+00  1.12400533E+00
   353  2.82400000E+02  1.12400533E+00  1.12374614E+00  1.12400533E+00
   354  2.83200000E+02  1.12400532E+00  1.12375564E+00  1.12400532E+00
   355  2.84000000E+02  1.12400532E+00  1.12376953E+00  1.12400532E+00
   356  2.84800000E+02  1.12400532E+00  1.12378635E+00  1.12400532E+00
   357  2.85600000E+02  1.12400532E+00  1.12380471E+00  1.12400532E+00
   358  2.86400000E+02  1.12400532E+00  1.12382340E+00  1.12400532E+00
   359  2.87200000E+02  1.12400531E+00  1.12384136E+00  1.12400531E+00
   360  2.88000000E+02  1.12400531E+00  1.12385779E+00  1.12400531E+00
   361  2.88800000E+02  1.12400531E+00  1.12387210E+00  1.12400531E+00
   362  2.89600000E+02  1.12400531E+00  1.12388394E+00  1.12400531E+00
   363  2.90400000E+02  1.12400531E+00  1.12389315E+00  1.12400531E+00
   364  2.91200000E+02  1.12400531E+00  1.12389977E+00  1.12400531E+00
   365  2.92000000E+02  1.12400530E+00  1.12390398E+00  1.12400530E+00
   366  2.92800000E+02  1.12400530E+00  1.12390608E+00  1.12400530E+00
   367  2.93600000E+02  1.12400530E+00  1.12390644E+00  1.12400530E+00
   368  2.94400000E+02  1.12400530E+00  1.12390545E+00  1.12400530E+00
   369  2.95200000E+02  1.12400530E+00  1.12390352E+00  1.12400530E+00
   370  2.96000000E+02  1.12400530E+00  1.12390102E+00  1.12400530E+00
   371  2.96800000E+02  1.12400530E+00  1.12389828E+00  1.12400530E+00
   372  2.97600000E+02  1.12400530E+00  1.12389558E+00  1.12400530E+00
 steady-height stop at step    372: changes <=   1.0000E-05, max-end <=   1.0000E-02, max/end/gap/profile_change =   1.12400530E+00  1.12389558E+00  1.09715815E-04  2.70293723E-06


STDERR:
