COMMAND:
/shared/generate_rom_data/extrudate_swell2d_c_cluster

STDOUT:
 comppar: model =   6
 comppar: lambda,mobility/eps,betav,eta_0 =  4.6000E+00  5.0000E-01  9.0000E-01  1.0000E+00
 comppar: eta_s,eta_p,G =  9.0000E-01  1.0000E-01  2.1739E-02
 comppar: U_avg,deltat,flowrate,nsteps =  2.5000E-02  8.0000E-01  7.8540E-02     700
 comppar: geometry = axisymmetric
 comppar: steady stop change,gap,hold,min =  1.0000E-05  1.0000E-02      10      80
 comppar: ncompc,ncompg =     4     5
 mesh nnodes = 5765
 mesh nelem = 2780
 P1 BC   5.0000000000000000     
 P2 BC   0.0000000000000000     
     1  8.00000000E-01  1.00253247E+00  1.00000000E+00  1.00253247E+00
     2  1.60000000E+00  1.00502975E+00  1.00000000E+00  1.00502975E+00
     3  2.40000000E+00  1.00749097E+00  1.00000000E+00  1.00749097E+00
     4  3.20000000E+00  1.00991467E+00  1.00000000E+00  1.00991467E+00
     5  4.00000000E+00  1.01230805E+00  1.00000000E+00  1.01230805E+00
     6  4.80000000E+00  1.01466200E+00  1.00000000E+00  1.01466200E+00
     7  5.60000000E+00  1.01698019E+00  1.00000000E+00  1.01698019E+00
     8  6.40000000E+00  1.01926953E+00  1.00000000E+00  1.01926953E+00
     9  7.20000000E+00  1.02151210E+00  1.00000000E+00  1.02151210E+00
    10  8.00000000E+00  1.02373948E+00  1.00000000E+00  1.02373948E+00
    11  8.80000000E+00  1.02591782E+00  1.00000000E+00  1.02591782E+00
    12  9.60000000E+00  1.02808059E+00  1.00000000E+00  1.02808059E+00
    13  1.04000000E+01  1.03018995E+00  1.00000000E+00  1.03018995E+00
    14  1.12000000E+01  1.03229581E+00  1.00000000E+00  1.03229581E+00
    15  1.20000000E+01  1.03434467E+00  1.00000000E+00  1.03434467E+00
    16  1.28000000E+01  1.03639110E+00  1.00000000E+00  1.03639110E+00
    17  1.36000000E+01  1.03838502E+00  1.00000000E+00  1.03838502E+00
    18  1.44000000E+01  1.04036061E+00  1.00000000E+00  1.04036061E+00
    19  1.52000000E+01  1.04231026E+00  1.00000000E+00  1.04231026E+00
    20  1.60000000E+01  1.04421077E+00  1.00000000E+00  1.04421077E+00
    21  1.68000000E+01  1.04611820E+00  1.00000000E+00  1.04611820E+00
    22  1.76000000E+01  1.04796393E+00  9.99999998E-01  1.04796393E+00
    23  1.84000000E+01  1.04979595E+00  9.99999996E-01  1.04979595E+00
    24  1.92000000E+01  1.05161206E+00  9.99999993E-01  1.05161206E+00
    25  2.00000000E+01  1.05336358E+00  9.99999989E-01  1.05336358E+00
    26  2.08000000E+01  1.05513588E+00  9.99999985E-01  1.05513588E+00
    27  2.16000000E+01  1.05685972E+00  9.99999980E-01  1.05685972E+00
    28  2.24000000E+01  1.05851615E+00  9.99999975E-01  1.05851615E+00
    29  2.32000000E+01  1.06021542E+00  9.99999968E-01  1.06021542E+00
    30  2.40000000E+01  1.06185983E+00  9.99999961E-01  1.06185983E+00
    31  2.48000000E+01  1.06343497E+00  9.99999953E-01  1.06343497E+00
    32  2.56000000E+01  1.06505854E+00  9.99999944E-01  1.06505854E+00
    33  2.64000000E+01  1.06662327E+00  9.99999934E-01  1.06662327E+00
    34  2.72000000E+01  1.06811687E+00  9.99999922E-01  1.06811687E+00
    35  2.80000000E+01  1.06964413E+00  9.99999910E-01  1.06964413E+00
    36  2.88000000E+01  1.07114599E+00  9.99999896E-01  1.07114599E+00
    37  2.96000000E+01  1.07257577E+00  9.99999880E-01  1.07257577E+00
    38  3.04000000E+01  1.07399899E+00  9.99999863E-01  1.07399899E+00
    39  3.12000000E+01  1.07543813E+00  9.99999844E-01  1.07543813E+00
    40  3.20000000E+01  1.07680414E+00  9.99999823E-01  1.07680414E+00
    41  3.28000000E+01  1.07809458E+00  9.99999800E-01  1.07809458E+00
    42  3.36000000E+01  1.07947448E+00  9.99999776E-01  1.07947448E+00
    43  3.44000000E+01  1.08079795E+00  9.99999749E-01  1.08079795E+00
    44  3.52000000E+01  1.08204576E+00  9.99999719E-01  1.08204576E+00
    45  3.60000000E+01  1.08327665E+00  9.99999687E-01  1.08327665E+00
    46  3.68000000E+01  1.08455765E+00  9.99999653E-01  1.08455765E+00
    47  3.76000000E+01  1.08576277E+00  9.99999615E-01  1.08576277E+00
    48  3.84000000E+01  1.08689007E+00  9.99999575E-01  1.08689007E+00
    49  3.92000000E+01  1.08803766E+00  9.99999531E-01  1.08803766E+00
    50  4.00000000E+01  1.08922508E+00  9.99999484E-01  1.08922508E+00
    51  4.08000000E+01  1.09033522E+00  9.99999433E-01  1.09033522E+00
    52  4.16000000E+01  1.09136653E+00  9.99999379E-01  1.09136653E+00
    53  4.24000000E+01  1.09244051E+00  9.99999320E-01  1.09244051E+00
    54  4.32000000E+01  1.09353304E+00  9.99999258E-01  1.09353304E+00
    55  4.40000000E+01  1.09454714E+00  9.99999190E-01  1.09454714E+00
    56  4.48000000E+01  1.09548170E+00  9.99999118E-01  1.09548170E+00
    57  4.56000000E+01  1.09643583E+00  9.99999041E-01  1.09643583E+00
    58  4.64000000E+01  1.09745584E+00  9.99998959E-01  1.09745584E+00
    59  4.72000000E+01  1.09839713E+00  9.99998871E-01  1.09839713E+00
    60  4.80000000E+01  1.09925909E+00  9.99998778E-01  1.09925909E+00
    61  4.88000000E+01  1.10010002E+00  9.99998678E-01  1.10010002E+00
    62  4.96000000E+01  1.10104680E+00  9.99998571E-01  1.10104680E+00
    63  5.04000000E+01  1.10191465E+00  9.99998458E-01  1.10191465E+00
    64  5.12000000E+01  1.10270344E+00  9.99998337E-01  1.10270344E+00
    65  5.20000000E+01  1.10341898E+00  9.99998209E-01  1.10341898E+00
    66  5.28000000E+01  1.10429554E+00  9.99998073E-01  1.10429554E+00
    67  5.36000000E+01  1.10509366E+00  9.99997929E-01  1.10509366E+00
    68  5.44000000E+01  1.10581387E+00  9.99997776E-01  1.10581387E+00
    69  5.52000000E+01  1.10645747E+00  9.99997614E-01  1.10645747E+00
    70  5.60000000E+01  1.10724770E+00  9.99997442E-01  1.10724770E+00
    71  5.68000000E+01  1.10797553E+00  9.99997260E-01  1.10797553E+00
    72  5.76000000E+01  1.10862666E+00  9.99997068E-01  1.10862666E+00
    73  5.84000000E+01  1.10920310E+00  9.99996864E-01  1.10920310E+00
    74  5.92000000E+01  1.10990162E+00  9.99996650E-01  1.10990162E+00
    75  6.00000000E+01  1.11056241E+00  9.99996422E-01  1.11056241E+00
    76  6.08000000E+01  1.11114870E+00  9.99996183E-01  1.11114870E+00
    77  6.16000000E+01  1.11166312E+00  9.99995930E-01  1.11166312E+00
    78  6.24000000E+01  1.11229355E+00  9.99995663E-01  1.11229355E+00
    79  6.32000000E+01  1.11288688E+00  9.99995382E-01  1.11288688E+00
    80  6.40000000E+01  1.11340803E+00  9.99995086E-01  1.11340803E+00
    81  6.48000000E+01  1.11386031E+00  9.99994775E-01  1.11386031E+00
    82  6.56000000E+01  1.11442797E+00  9.99994447E-01  1.11442797E+00
    83  6.64000000E+01  1.11495865E+00  9.99994102E-01  1.11495865E+00
    84  6.72000000E+01  1.11542025E+00  9.99993739E-01  1.11542025E+00
    85  6.80000000E+01  1.11581654E+00  9.99993358E-01  1.11581654E+00
    86  6.88000000E+01  1.11633298E+00  9.99992958E-01  1.11633298E+00
    87  6.96000000E+01  1.11680092E+00  9.99992538E-01  1.11680092E+00
    88  7.04000000E+01  1.11720311E+00  9.99992097E-01  1.11720311E+00
    89  7.12000000E+01  1.11754593E+00  9.99991634E-01  1.11754593E+00
    90  7.20000000E+01  1.11802315E+00  9.99991149E-01  1.11802315E+00
    91  7.28000000E+01  1.11843425E+00  9.99990641E-01  1.11843425E+00
    92  7.36000000E+01  1.11878338E+00  9.99990108E-01  1.11878338E+00
    93  7.44000000E+01  1.11909592E+00  9.99989551E-01  1.11909592E+00
    94  7.52000000E+01  1.11951307E+00  9.99988968E-01  1.11951307E+00
    95  7.60000000E+01  1.11986775E+00  9.99988358E-01  1.11986775E+00
    96  7.68000000E+01  1.12016460E+00  9.99987719E-01  1.12016460E+00
    97  7.76000000E+01  1.12046323E+00  9.99987053E-01  1.12046323E+00
    98  7.84000000E+01  1.12082645E+00  9.99986356E-01  1.12082645E+00
    99  7.92000000E+01  1.12113120E+00  9.99985628E-01  1.12113120E+00
   100  8.00000000E+01  1.12138240E+00  9.99984869E-01  1.12138240E+00
   101  8.08000000E+01  1.12165750E+00  9.99984077E-01  1.12165750E+00
   102  8.16000000E+01  1.12196750E+00  9.99983250E-01  1.12196750E+00
   103  8.24000000E+01  1.12222340E+00  9.99982389E-01  1.12222340E+00
   104  8.32000000E+01  1.12243047E+00  9.99981492E-01  1.12243047E+00
   105  8.40000000E+01  1.12270534E+00  9.99980557E-01  1.12270534E+00
   106  8.48000000E+01  1.12296870E+00  9.99979585E-01  1.12296870E+00
   107  8.56000000E+01  1.12318241E+00  9.99978572E-01  1.12318241E+00
   108  8.64000000E+01  1.12335195E+00  9.99977520E-01  1.12335195E+00
   109  8.72000000E+01  1.12360439E+00  9.99976426E-01  1.12360439E+00
   110  8.80000000E+01  1.12382246E+00  9.99975288E-01  1.12382246E+00
   111  8.88000000E+01  1.12399577E+00  9.99974108E-01  1.12399577E+00
   112  8.96000000E+01  1.12416506E+00  9.99972882E-01  1.12416506E+00
   113  9.04000000E+01  1.12439014E+00  9.99971610E-01  1.12439014E+00
   114  9.12000000E+01  1.12456957E+00  9.99970291E-01  1.12456957E+00
   115  9.20000000E+01  1.12470896E+00  9.99968924E-01  1.12470896E+00
   116  9.28000000E+01  1.12486562E+00  9.99967508E-01  1.12486562E+00
   117  9.36000000E+01  1.12504910E+00  9.99966042E-01  1.12504910E+00
   118  9.44000000E+01  1.12519191E+00  9.99964525E-01  1.12519191E+00
   119  9.52000000E+01  1.12529978E+00  9.99962955E-01  1.12529978E+00
   120  9.60000000E+01  1.12547593E+00  9.99961333E-01  1.12547593E+00
   121  9.68000000E+01  1.12562432E+00  9.99959657E-01  1.12562432E+00
   122  9.76000000E+01  1.12573680E+00  9.99957927E-01  1.12573680E+00
   123  9.84000000E+01  1.12582523E+00  9.99956141E-01  1.12582523E+00
   124  9.92000000E+01  1.12597732E+00  9.99954299E-01  1.12597732E+00
   125  1.00000000E+02  1.12609288E+00  9.99952401E-01  1.12609288E+00
   126  1.00800000E+02  1.12617763E+00  9.99950446E-01  1.12617763E+00
   127  1.01600000E+02  1.12629426E+00  9.99948434E-01  1.12629426E+00
   128  1.02400000E+02  1.12641482E+00  9.99946364E-01  1.12641482E+00
   129  1.03200000E+02  1.12650355E+00  9.99944236E-01  1.12650355E+00
   130  1.04000000E+02  1.12656607E+00  9.99942051E-01  1.12656607E+00
   131  1.04800000E+02  1.12666946E+00  9.99939809E-01  1.12666946E+00
   132  1.05600000E+02  1.12676093E+00  9.99937509E-01  1.12676093E+00
   133  1.06400000E+02  1.12682561E+00  9.99935152E-01  1.12682561E+00
   134  1.07200000E+02  1.12690170E+00  9.99932739E-01  1.12690170E+00
   135  1.08000000E+02  1.12699755E+00  9.99930271E-01  1.12699755E+00
   136  1.08800000E+02  1.12706558E+00  9.99927749E-01  1.12706558E+00
   137  1.09600000E+02  1.12711124E+00  9.99925173E-01  1.12711124E+00
   138  1.10400000E+02  1.12717685E+00  9.99922547E-01  1.12717685E+00
   139  1.11200000E+02  1.12724727E+00  9.99919871E-01  1.12724727E+00
   140  1.12000000E+02  1.12729479E+00  9.99917148E-01  1.12729479E+00
   141  1.12800000E+02  1.12734487E+00  9.99914379E-01  1.12734487E+00
   142  1.13600000E+02  1.12741902E+00  9.99911569E-01  1.12741902E+00
   143  1.14400000E+02  1.12746923E+00  9.99908720E-01  1.12746923E+00
   144  1.15200000E+02  1.12750074E+00  9.99905835E-01  1.12750074E+00
   145  1.16000000E+02  1.12754139E+00  9.99902919E-01  1.12754139E+00
   146  1.16800000E+02  1.12759366E+00  9.99899975E-01  1.12759366E+00
   147  1.17600000E+02  1.12762674E+00  9.99897009E-01  1.12762674E+00
   148  1.18400000E+02  1.12766148E+00  9.99894027E-01  1.12766148E+00
   149  1.19200000E+02  1.12771681E+00  9.99891033E-01  1.12771681E+00
   150  1.20000000E+02  1.12775190E+00  9.99888034E-01  1.12775190E+00
   151  1.20800000E+02  1.12777176E+00  9.99885038E-01  1.12777176E+00
   152  1.21600000E+02  1.12779698E+00  9.99882051E-01  1.12779698E+00
   153  1.22400000E+02  1.12783382E+00  9.99879084E-01  1.12783382E+00
   154  1.23200000E+02  1.12785497E+00  9.99876143E-01  1.12785497E+00
   155  1.24000000E+02  1.12788178E+00  9.99873241E-01  1.12788178E+00
   156  1.24800000E+02  1.12792101E+00  9.99870387E-01  1.12792101E+00
   157  1.25600000E+02  1.12794352E+00  9.99867593E-01  1.12794352E+00
   158  1.26400000E+02  1.12795400E+00  9.99864871E-01  1.12795400E+00
   159  1.27200000E+02  1.12797039E+00  9.99862236E-01  1.12797039E+00
   160  1.28000000E+02  1.12799435E+00  9.99859701E-01  1.12799435E+00
   161  1.28800000E+02  1.12800587E+00  9.99857283E-01  1.12800587E+00
   162  1.29600000E+02  1.12802975E+00  9.99854998E-01  1.12802975E+00
   163  1.30400000E+02  1.12805543E+00  9.99852864E-01  1.12805543E+00
   164  1.31200000E+02  1.12806768E+00  9.99850901E-01  1.12806768E+00
   165  1.32000000E+02  1.12807086E+00  9.99849129E-01  1.12807086E+00
   166  1.32800000E+02  1.12808285E+00  9.99847570E-01  1.12808285E+00
   167  1.33600000E+02  1.12809628E+00  9.99846248E-01  1.12809628E+00
   168  1.34400000E+02  1.12810027E+00  9.99845189E-01  1.12810027E+00
   169  1.35200000E+02  1.12812418E+00  9.99844419E-01  1.12812418E+00
   170  1.36000000E+02  1.12813867E+00  9.99843966E-01  1.12813867E+00
   171  1.36800000E+02  1.12814280E+00  9.99843862E-01  1.12814280E+00
   172  1.37600000E+02  1.12814053E+00  9.99844139E-01  1.12814053E+00
   173  1.38400000E+02  1.12815084E+00  9.99844831E-01  1.12815084E+00
   174  1.39200000E+02  1.12815590E+00  9.99845976E-01  1.12815590E+00
   175  1.40000000E+02  1.12816244E+00  9.99847612E-01  1.12816244E+00
   176  1.40800000E+02  1.12817966E+00  9.99849781E-01  1.12817966E+00
   177  1.41600000E+02  1.12818516E+00  9.99852527E-01  1.12818516E+00
   178  1.42400000E+02  1.12818309E+00  9.99855896E-01  1.12818309E+00
   179  1.43200000E+02  1.12819517E+00  9.99859937E-01  1.12819517E+00
   180  1.44000000E+02  1.12821142E+00  9.99864704E-01  1.12821142E+00
   181  1.44800000E+02  1.12822581E+00  9.99870250E-01  1.12822581E+00
   182  1.45600000E+02  1.12823823E+00  9.99876635E-01  1.12823823E+00
   183  1.46400000E+02  1.12824869E+00  9.99883920E-01  1.12824869E+00
   184  1.47200000E+02  1.12826070E+00  9.99892170E-01  1.12826070E+00
   185  1.48000000E+02  1.12827329E+00  9.99901455E-01  1.12827329E+00
   186  1.48800000E+02  1.12828386E+00  9.99911845E-01  1.12828386E+00
   187  1.49600000E+02  1.12829258E+00  9.99923419E-01  1.12829258E+00
   188  1.50400000E+02  1.12829968E+00  9.99936257E-01  1.12829968E+00
   189  1.51200000E+02  1.12830859E+00  9.99950444E-01  1.12830859E+00
   190  1.52000000E+02  1.12831801E+00  9.99966069E-01  1.12831801E+00
   191  1.52800000E+02  1.12832571E+00  9.99983226E-01  1.12832571E+00
   192  1.53600000E+02  1.12833196E+00  1.00000201E+00  1.12833196E+00
   193  1.54400000E+02  1.12833703E+00  1.00002254E+00  1.12833703E+00
   194  1.55200000E+02  1.12834474E+00  1.00004491E+00  1.12834474E+00
   195  1.56000000E+02  1.12835098E+00  1.00006924E+00  1.12835098E+00
   196  1.56800000E+02  1.12835602E+00  1.00009565E+00  1.12835602E+00
   197  1.57600000E+02  1.12836017E+00  1.00012427E+00  1.12836017E+00
   198  1.58400000E+02  1.12836386E+00  1.00015523E+00  1.12836386E+00
   199  1.59200000E+02  1.12836931E+00  1.00018867E+00  1.12836931E+00
   200  1.60000000E+02  1.12837373E+00  1.00022474E+00  1.12837373E+00
   201  1.60800000E+02  1.12837738E+00  1.00026359E+00  1.12837738E+00
   202  1.61600000E+02  1.12838052E+00  1.00030538E+00  1.12838052E+00
   203  1.62400000E+02  1.12838332E+00  1.00035028E+00  1.12838332E+00
   204  1.63200000E+02  1.12838593E+00  1.00039846E+00  1.12838593E+00
   205  1.64000000E+02  1.12838843E+00  1.00045012E+00  1.12838843E+00
   206  1.64800000E+02  1.12839114E+00  1.00050543E+00  1.12839114E+00
   207  1.65600000E+02  1.12839376E+00  1.00056461E+00  1.12839376E+00
   208  1.66400000E+02  1.12839629E+00  1.00062787E+00  1.12839629E+00
   209  1.67200000E+02  1.12839877E+00  1.00069542E+00  1.12839877E+00
   210  1.68000000E+02  1.12840122E+00  1.00076749E+00  1.12840122E+00
   211  1.68800000E+02  1.12840362E+00  1.00084432E+00  1.12840362E+00
   212  1.69600000E+02  1.12840592E+00  1.00092616E+00  1.12840592E+00
   213  1.70400000E+02  1.12840810E+00  1.00101328E+00  1.12840810E+00
   214  1.71200000E+02  1.12841011E+00  1.00110594E+00  1.12841011E+00
   215  1.72000000E+02  1.12841193E+00  1.00120442E+00  1.12841193E+00
   216  1.72800000E+02  1.12841354E+00  1.00130901E+00  1.12841354E+00
   217  1.73600000E+02  1.12841494E+00  1.00142003E+00  1.12841494E+00
   218  1.74400000E+02  1.12841613E+00  1.00153779E+00  1.12841613E+00
   219  1.75200000E+02  1.12841759E+00  1.00166262E+00  1.12841759E+00
   220  1.76000000E+02  1.12841904E+00  1.00179487E+00  1.12841904E+00
   221  1.76800000E+02  1.12842028E+00  1.00193488E+00  1.12842028E+00
   222  1.77600000E+02  1.12842134E+00  1.00208303E+00  1.12842134E+00
   223  1.78400000E+02  1.12842222E+00  1.00223970E+00  1.12842222E+00
   224  1.79200000E+02  1.12842295E+00  1.00240528E+00  1.12842295E+00
   225  1.80000000E+02  1.12842354E+00  1.00258020E+00  1.12842354E+00
   226  1.80800000E+02  1.12842402E+00  1.00276487E+00  1.12842402E+00
   227  1.81600000E+02  1.12842441E+00  1.00295973E+00  1.12842441E+00
   228  1.82400000E+02  1.12842472E+00  1.00316524E+00  1.12842472E+00
   229  1.83200000E+02  1.12842512E+00  1.00338188E+00  1.12842512E+00
   230  1.84000000E+02  1.12842551E+00  1.00361012E+00  1.12842551E+00
   231  1.84800000E+02  1.12842583E+00  1.00385046E+00  1.12842583E+00
   232  1.85600000E+02  1.12842609E+00  1.00410343E+00  1.12842609E+00
   233  1.86400000E+02  1.12842630E+00  1.00436955E+00  1.12842630E+00
   234  1.87200000E+02  1.12842647E+00  1.00464938E+00  1.12842647E+00
   235  1.88000000E+02  1.12842660E+00  1.00494348E+00  1.12842660E+00
   236  1.88800000E+02  1.12842669E+00  1.00525241E+00  1.12842669E+00
   237  1.89600000E+02  1.12842676E+00  1.00557679E+00  1.12842676E+00
   238  1.90400000E+02  1.12842680E+00  1.00591722E+00  1.12842680E+00
   239  1.91200000E+02  1.12842681E+00  1.00627433E+00  1.12842681E+00
   240  1.92000000E+02  1.12842679E+00  1.00664874E+00  1.12842679E+00
   241  1.92800000E+02  1.12842675E+00  1.00704112E+00  1.12842675E+00
   242  1.93600000E+02  1.12842669E+00  1.00745214E+00  1.12842669E+00
   243  1.94400000E+02  1.12842661E+00  1.00788247E+00  1.12842661E+00
   244  1.95200000E+02  1.12842652E+00  1.00833280E+00  1.12842652E+00
   245  1.96000000E+02  1.12842641E+00  1.00880385E+00  1.12842641E+00
   246  1.96800000E+02  1.12842629E+00  1.00929632E+00  1.12842629E+00
   247  1.97600000E+02  1.12842617E+00  1.00981095E+00  1.12842617E+00
   248  1.98400000E+02  1.12842604E+00  1.01034846E+00  1.12842604E+00
   249  1.99200000E+02  1.12842590E+00  1.01090960E+00  1.12842590E+00
   250  2.00000000E+02  1.12842576E+00  1.01149512E+00  1.12842576E+00
   251  2.00800000E+02  1.12842562E+00  1.01210577E+00  1.12842562E+00
   252  2.01600000E+02  1.12842547E+00  1.01274230E+00  1.12842547E+00
   253  2.02400000E+02  1.12842533E+00  1.01340549E+00  1.12842533E+00
   254  2.03200000E+02  1.12842519E+00  1.01409607E+00  1.12842519E+00
   255  2.04000000E+02  1.12842505E+00  1.01481482E+00  1.12842505E+00
   256  2.04800000E+02  1.12842491E+00  1.01556247E+00  1.12842491E+00
   257  2.05600000E+02  1.12842478E+00  1.01633977E+00  1.12842478E+00
   258  2.06400000E+02  1.12842465E+00  1.01714745E+00  1.12842465E+00
   259  2.07200000E+02  1.12842452E+00  1.01798622E+00  1.12842452E+00
   260  2.08000000E+02  1.12842439E+00  1.01885679E+00  1.12842439E+00
   261  2.08800000E+02  1.12842427E+00  1.01975984E+00  1.12842427E+00
   262  2.09600000E+02  1.12842415E+00  1.02069603E+00  1.12842415E+00
   263  2.10400000E+02  1.12842403E+00  1.02166598E+00  1.12842403E+00
   264  2.11200000E+02  1.12842392E+00  1.02267030E+00  1.12842392E+00
   265  2.12000000E+02  1.12842381E+00  1.02370955E+00  1.12842381E+00
   266  2.12800000E+02  1.12842371E+00  1.02478426E+00  1.12842371E+00
   267  2.13600000E+02  1.12842361E+00  1.02589490E+00  1.12842361E+00
   268  2.14400000E+02  1.12842351E+00  1.02704192E+00  1.12842351E+00
   269  2.15200000E+02  1.12842342E+00  1.02822570E+00  1.12842342E+00
   270  2.16000000E+02  1.12842334E+00  1.02944655E+00  1.12842334E+00
   271  2.16800000E+02  1.12842325E+00  1.03070475E+00  1.12842325E+00
   272  2.17600000E+02  1.12842317E+00  1.03200048E+00  1.12842317E+00
   273  2.18400000E+02  1.12842310E+00  1.03333387E+00  1.12842310E+00
   274  2.19200000E+02  1.12842303E+00  1.03470497E+00  1.12842303E+00
   275  2.20000000E+02  1.12842296E+00  1.03611373E+00  1.12842296E+00
   276  2.20800000E+02  1.12842289E+00  1.03756004E+00  1.12842289E+00
   277  2.21600000E+02  1.12842283E+00  1.03904368E+00  1.12842283E+00
   278  2.22400000E+02  1.12842277E+00  1.04056433E+00  1.12842277E+00
   279  2.23200000E+02  1.12842272E+00  1.04212158E+00  1.12842272E+00
   280  2.24000000E+02  1.12842267E+00  1.04371491E+00  1.12842267E+00
   281  2.24800000E+02  1.12842262E+00  1.04534367E+00  1.12842262E+00
   282  2.25600000E+02  1.12842257E+00  1.04700713E+00  1.12842257E+00
   283  2.26400000E+02  1.12842253E+00  1.04870442E+00  1.12842253E+00
   284  2.27200000E+02  1.12842249E+00  1.05043453E+00  1.12842249E+00
   285  2.28000000E+02  1.12842245E+00  1.05219637E+00  1.12842245E+00
   286  2.28800000E+02  1.12842241E+00  1.05398867E+00  1.12842241E+00
   287  2.29600000E+02  1.12842238E+00  1.05581007E+00  1.12842238E+00
   288  2.30400000E+02  1.12842235E+00  1.05765905E+00  1.12842235E+00
   289  2.31200000E+02  1.12842232E+00  1.05953398E+00  1.12842232E+00
   290  2.32000000E+02  1.12842229E+00  1.06143308E+00  1.12842229E+00
   291  2.32800000E+02  1.12842226E+00  1.06335443E+00  1.12842226E+00
   292  2.33600000E+02  1.12842224E+00  1.06529601E+00  1.12842224E+00
   293  2.34400000E+02  1.12842221E+00  1.06725562E+00  1.12842221E+00
   294  2.35200000E+02  1.12842219E+00  1.06923098E+00  1.12842219E+00
   295  2.36000000E+02  1.12842217E+00  1.07121965E+00  1.12842217E+00
   296  2.36800000E+02  1.12842215E+00  1.07321909E+00  1.12842215E+00
   297  2.37600000E+02  1.12842213E+00  1.07522662E+00  1.12842213E+00
   298  2.38400000E+02  1.12842212E+00  1.07723946E+00  1.12842212E+00
   299  2.39200000E+02  1.12842210E+00  1.07925473E+00  1.12842210E+00
   300  2.40000000E+02  1.12842209E+00  1.08126944E+00  1.12842209E+00
   301  2.40800000E+02  1.12842207E+00  1.08328051E+00  1.12842207E+00
   302  2.41600000E+02  1.12842206E+00  1.08528478E+00  1.12842206E+00
   303  2.42400000E+02  1.12842205E+00  1.08727900E+00  1.12842205E+00
   304  2.43200000E+02  1.12842204E+00  1.08925987E+00  1.12842204E+00
   305  2.44000000E+02  1.12842203E+00  1.09122403E+00  1.12842203E+00
   306  2.44800000E+02  1.12842202E+00  1.09316806E+00  1.12842202E+00
   307  2.45600000E+02  1.12842201E+00  1.09508853E+00  1.12842201E+00
   308  2.46400000E+02  1.12842200E+00  1.09698197E+00  1.12842200E+00
   309  2.47200000E+02  1.12842199E+00  1.09884491E+00  1.12842199E+00
   310  2.48000000E+02  1.12842198E+00  1.10067388E+00  1.12842198E+00
   311  2.48800000E+02  1.12842198E+00  1.10246544E+00  1.12842198E+00
   312  2.49600000E+02  1.12842197E+00  1.10421617E+00  1.12842197E+00
   313  2.50400000E+02  1.12842197E+00  1.10592272E+00  1.12842197E+00
   314  2.51200000E+02  1.12842196E+00  1.10758180E+00  1.12842196E+00
   315  2.52000000E+02  1.12842196E+00  1.10919021E+00  1.12842196E+00
   316  2.52800000E+02  1.12842195E+00  1.11074485E+00  1.12842195E+00
   317  2.53600000E+02  1.12842195E+00  1.11224278E+00  1.12842195E+00
   318  2.54400000E+02  1.12842194E+00  1.11368117E+00  1.12842194E+00
   319  2.55200000E+02  1.12842194E+00  1.11505740E+00  1.12842194E+00
   320  2.56000000E+02  1.12842194E+00  1.11636902E+00  1.12842194E+00
   321  2.56800000E+02  1.12842193E+00  1.11761384E+00  1.12842193E+00
   322  2.57600000E+02  1.12842193E+00  1.11878991E+00  1.12842193E+00
   323  2.58400000E+02  1.12842193E+00  1.11989557E+00  1.12842193E+00
   324  2.59200000E+02  1.12842193E+00  1.12092950E+00  1.12842193E+00
   325  2.60000000E+02  1.12842192E+00  1.12189069E+00  1.12842192E+00
   326  2.60800000E+02  1.12842192E+00  1.12277858E+00  1.12842192E+00
   327  2.61600000E+02  1.12842192E+00  1.12359297E+00  1.12842192E+00
   328  2.62400000E+02  1.12842192E+00  1.12433414E+00  1.12842192E+00
   329  2.63200000E+02  1.12842192E+00  1.12500285E+00  1.12842192E+00
   330  2.64000000E+02  1.12842191E+00  1.12560035E+00  1.12842191E+00
   331  2.64800000E+02  1.12842191E+00  1.12612838E+00  1.12842191E+00
   332  2.65600000E+02  1.12842191E+00  1.12658924E+00  1.12842191E+00
   333  2.66400000E+02  1.12842191E+00  1.12698570E+00  1.12842191E+00
   334  2.67200000E+02  1.12842191E+00  1.12732105E+00  1.12842191E+00
   335  2.68000000E+02  1.12842191E+00  1.12759904E+00  1.12842191E+00
   336  2.68800000E+02  1.12842191E+00  1.12782386E+00  1.12842191E+00
   337  2.69600000E+02  1.12842191E+00  1.12800004E+00  1.12842191E+00
   338  2.70400000E+02  1.12842190E+00  1.12813243E+00  1.12842190E+00
   339  2.71200000E+02  1.12842190E+00  1.12822612E+00  1.12842190E+00
   340  2.72000000E+02  1.12842190E+00  1.12828630E+00  1.12842190E+00
   341  2.72800000E+02  1.12842190E+00  1.12831821E+00  1.12842190E+00
   342  2.73600000E+02  1.12842190E+00  1.12832703E+00  1.12842190E+00
   343  2.74400000E+02  1.12842190E+00  1.12831777E+00  1.12842190E+00
   344  2.75200000E+02  1.12842190E+00  1.12829517E+00  1.12842190E+00
   345  2.76000000E+02  1.12842190E+00  1.12826363E+00  1.12842190E+00
   346  2.76800000E+02  1.12842190E+00  1.12822711E+00  1.12842190E+00
   347  2.77600000E+02  1.12842190E+00  1.12818905E+00  1.12842190E+00
   348  2.78400000E+02  1.12842190E+00  1.12815236E+00  1.12842190E+00
   349  2.79200000E+02  1.12842190E+00  1.12811937E+00  1.12842190E+00
   350  2.80000000E+02  1.12842190E+00  1.12809181E+00  1.12842190E+00
   351  2.80800000E+02  1.12842190E+00  1.12807085E+00  1.12842190E+00
   352  2.81600000E+02  1.12842190E+00  1.12805709E+00  1.12842190E+00
   353  2.82400000E+02  1.12842190E+00  1.12805067E+00  1.12842190E+00
   354  2.83200000E+02  1.12842190E+00  1.12805126E+00  1.12842190E+00
   355  2.84000000E+02  1.12842190E+00  1.12805822E+00  1.12842190E+00
   356  2.84800000E+02  1.12842190E+00  1.12807062E+00  1.12842190E+00
   357  2.85600000E+02  1.12842190E+00  1.12808733E+00  1.12842190E+00
   358  2.86400000E+02  1.12842190E+00  1.12810717E+00  1.12842190E+00
   359  2.87200000E+02  1.12842189E+00  1.12812892E+00  1.12842189E+00
   360  2.88000000E+02  1.12842189E+00  1.12815140E+00  1.12842189E+00
   361  2.88800000E+02  1.12842189E+00  1.12817358E+00  1.12842189E+00
   362  2.89600000E+02  1.12842189E+00  1.12819458E+00  1.12842189E+00
   363  2.90400000E+02  1.12842189E+00  1.12821370E+00  1.12842189E+00
   364  2.91200000E+02  1.12842189E+00  1.12823045E+00  1.12842189E+00
   365  2.92000000E+02  1.12842189E+00  1.12824455E+00  1.12842189E+00
   366  2.92800000E+02  1.12842189E+00  1.12825590E+00  1.12842189E+00
   367  2.93600000E+02  1.12842189E+00  1.12826458E+00  1.12842189E+00
   368  2.94400000E+02  1.12842189E+00  1.12827080E+00  1.12842189E+00
   369  2.95200000E+02  1.12842189E+00  1.12827487E+00  1.12842189E+00
   370  2.96000000E+02  1.12842189E+00  1.12827717E+00  1.12842189E+00
   371  2.96800000E+02  1.12842189E+00  1.12827812E+00  1.12842189E+00
   372  2.97600000E+02  1.12842189E+00  1.12827811E+00  1.12842189E+00
   373  2.98400000E+02  1.12842189E+00  1.12827752E+00  1.12842189E+00
   374  2.99200000E+02  1.12842189E+00  1.12827667E+00  1.12842189E+00
   375  3.00000000E+02  1.12842189E+00  1.12827584E+00  1.12842189E+00
   376  3.00800000E+02  1.12842189E+00  1.12827520E+00  1.12842189E+00
 steady-height stop at step    376: changes <=   1.0000E-05, max-end <=   1.0000E-02, max/end/gap/profile_change =   1.12842189E+00  1.12827520E+00  1.46691985E-04  1.41788631E-06


STDERR:
