COMMAND:
/shared/generate_rom_data/extrudate_swell2d_c_cluster

STDOUT:
 comppar: model =   6
 comppar: lambda,mobility/eps,betav,eta_0 =  8.2000E+00  5.0000E-01  3.0000E-01  1.0000E+00
 comppar: eta_s,eta_p,G =  3.0000E-01  7.0000E-01  8.5366E-02
 comppar: U_avg,deltat,flowrate,nsteps =  2.5000E-02  8.0000E-01  7.8540E-02     700
 comppar: geometry = axisymmetric
 comppar: steady stop change,gap,hold,min =  1.0000E-05  1.0000E-02      10      80
 comppar: ncompc,ncompg =     4     5
 mesh nnodes = 5765
 mesh nelem = 2780
 P1 BC   5.0000000000000000     
 P2 BC   0.0000000000000000     
     1  8.00000000E-01  1.00252835E+00  1.00000000E+00  1.00252835E+00
     2  1.60000000E+00  1.00500593E+00  1.00000000E+00  1.00500593E+00
     3  2.40000000E+00  1.00742214E+00  1.00000000E+00  1.00742214E+00
     4  3.20000000E+00  1.00978134E+00  1.00000000E+00  1.00978134E+00
     5  4.00000000E+00  1.01208162E+00  1.00000000E+00  1.01208162E+00
     6  4.80000000E+00  1.01433125E+00  1.00000000E+00  1.01433125E+00
     7  5.60000000E+00  1.01653662E+00  1.00000000E+00  1.01653662E+00
     8  6.40000000E+00  1.01868993E+00  1.00000000E+00  1.01868993E+00
     9  7.20000000E+00  1.02081081E+00  1.00000000E+00  1.02081081E+00
    10  8.00000000E+00  1.02289214E+00  1.00000000E+00  1.02289214E+00
    11  8.80000000E+00  1.02493741E+00  1.00000001E+00  1.02493741E+00
    12  9.60000000E+00  1.02695062E+00  1.00000001E+00  1.02695062E+00
    13  1.04000000E+01  1.02893640E+00  1.00000001E+00  1.02893640E+00
    14  1.12000000E+01  1.03088576E+00  1.00000001E+00  1.03088576E+00
    15  1.20000000E+01  1.03281939E+00  1.00000001E+00  1.03281939E+00
    16  1.28000000E+01  1.03469944E+00  1.00000001E+00  1.03469944E+00
    17  1.36000000E+01  1.03658499E+00  1.00000001E+00  1.03658499E+00
    18  1.44000000E+01  1.03842516E+00  1.00000001E+00  1.03842516E+00
    19  1.52000000E+01  1.04023579E+00  1.00000001E+00  1.04023579E+00
    20  1.60000000E+01  1.04203789E+00  1.00000001E+00  1.04203789E+00
    21  1.68000000E+01  1.04378316E+00  1.00000001E+00  1.04378316E+00
    22  1.76000000E+01  1.04552743E+00  1.00000001E+00  1.04552743E+00
    23  1.84000000E+01  1.04724524E+00  1.00000001E+00  1.04724524E+00
    24  1.92000000E+01  1.04890185E+00  1.00000001E+00  1.04890185E+00
    25  2.00000000E+01  1.05057693E+00  1.00000000E+00  1.05057693E+00
    26  2.08000000E+01  1.05220606E+00  1.00000000E+00  1.05220606E+00
    27  2.16000000E+01  1.05376897E+00  9.99999998E-01  1.05376897E+00
    28  2.24000000E+01  1.05534895E+00  9.99999994E-01  1.05534895E+00
    29  2.32000000E+01  1.05689748E+00  9.99999990E-01  1.05689748E+00
    30  2.40000000E+01  1.05837554E+00  9.99999985E-01  1.05837554E+00
    31  2.48000000E+01  1.05987435E+00  9.99999979E-01  1.05987435E+00
    32  2.56000000E+01  1.06133866E+00  9.99999972E-01  1.06133866E+00
    33  2.64000000E+01  1.06272806E+00  9.99999965E-01  1.06272806E+00
    34  2.72000000E+01  1.06413336E+00  9.99999956E-01  1.06413336E+00
    35  2.80000000E+01  1.06552757E+00  9.99999947E-01  1.06552757E+00
    36  2.88000000E+01  1.06684364E+00  9.99999936E-01  1.06684364E+00
    37  2.96000000E+01  1.06814964E+00  9.99999924E-01  1.06814964E+00
    38  3.04000000E+01  1.06947177E+00  9.99999911E-01  1.06947177E+00
    39  3.12000000E+01  1.07071255E+00  9.99999896E-01  1.07071255E+00
    40  3.20000000E+01  1.07186790E+00  9.99999880E-01  1.07186790E+00
    41  3.28000000E+01  1.07313786E+00  9.99999862E-01  1.07313786E+00
    42  3.36000000E+01  1.07432473E+00  9.99999842E-01  1.07432473E+00
    43  3.44000000E+01  1.07542454E+00  9.99999820E-01  1.07542454E+00
    44  3.52000000E+01  1.07655877E+00  9.99999796E-01  1.07655877E+00
    45  3.60000000E+01  1.07769117E+00  9.99999771E-01  1.07769117E+00
    46  3.68000000E+01  1.07873502E+00  9.99999742E-01  1.07873502E+00
    47  3.76000000E+01  1.07968735E+00  9.99999712E-01  1.07968735E+00
    48  3.84000000E+01  1.08077717E+00  9.99999679E-01  1.08077717E+00
    49  3.92000000E+01  1.08179274E+00  9.99999643E-01  1.08179274E+00
    50  4.00000000E+01  1.08271703E+00  9.99999604E-01  1.08271703E+00
    51  4.08000000E+01  1.08362055E+00  9.99999561E-01  1.08362055E+00
    52  4.16000000E+01  1.08460767E+00  9.99999516E-01  1.08460767E+00
    53  4.24000000E+01  1.08550331E+00  9.99999467E-01  1.08550331E+00
    54  4.32000000E+01  1.08630613E+00  9.99999414E-01  1.08630613E+00
    55  4.40000000E+01  1.08711931E+00  9.99999357E-01  1.08711931E+00
    56  4.48000000E+01  1.08801294E+00  9.99999296E-01  1.08801294E+00
    57  4.56000000E+01  1.08881476E+00  9.99999231E-01  1.08881476E+00
    58  4.64000000E+01  1.08952501E+00  9.99999160E-01  1.08952501E+00
    59  4.72000000E+01  1.09027673E+00  9.99999085E-01  1.09027673E+00
    60  4.80000000E+01  1.09107554E+00  9.99999005E-01  1.09107554E+00
    61  4.88000000E+01  1.09178272E+00  9.99998918E-01  1.09178272E+00
    62  4.96000000E+01  1.09240013E+00  9.99998826E-01  1.09240013E+00
    63  5.04000000E+01  1.09307287E+00  9.99998728E-01  1.09307287E+00
    64  5.12000000E+01  1.09378226E+00  9.99998623E-01  1.09378226E+00
    65  5.20000000E+01  1.09440289E+00  9.99998512E-01  1.09440289E+00
    66  5.28000000E+01  1.09493842E+00  9.99998393E-01  1.09493842E+00
    67  5.36000000E+01  1.09556923E+00  9.99998266E-01  1.09556923E+00
    68  5.44000000E+01  1.09618879E+00  9.99998132E-01  1.09618879E+00
    69  5.52000000E+01  1.09672292E+00  9.99997989E-01  1.09672292E+00
    70  5.60000000E+01  1.09717709E+00  9.99997837E-01  1.09717709E+00
    71  5.68000000E+01  1.09775945E+00  9.99997676E-01  1.09775945E+00
    72  5.76000000E+01  1.09829764E+00  9.99997504E-01  1.09829764E+00
    73  5.84000000E+01  1.09875635E+00  9.99997323E-01  1.09875635E+00
    74  5.92000000E+01  1.09914936E+00  9.99997131E-01  1.09914936E+00
    75  6.00000000E+01  1.09968638E+00  9.99996928E-01  1.09968638E+00
    76  6.08000000E+01  1.10014359E+00  9.99996712E-01  1.10014359E+00
    77  6.16000000E+01  1.10052776E+00  9.99996485E-01  1.10052776E+00
    78  6.24000000E+01  1.10090090E+00  9.99996244E-01  1.10090090E+00
    79  6.32000000E+01  1.10136266E+00  9.99995990E-01  1.10136266E+00
    80  6.40000000E+01  1.10175145E+00  9.99995722E-01  1.10175145E+00
    81  6.48000000E+01  1.10207485E+00  9.99995438E-01  1.10207485E+00
    82  6.56000000E+01  1.10242747E+00  9.99995140E-01  1.10242747E+00
    83  6.64000000E+01  1.10281478E+00  9.99994825E-01  1.10281478E+00
    84  6.72000000E+01  1.10313653E+00  9.99994493E-01  1.10313653E+00
    85  6.80000000E+01  1.10340120E+00  9.99994143E-01  1.10340120E+00
    86  6.88000000E+01  1.10375094E+00  9.99993776E-01  1.10375094E+00
    87  6.96000000E+01  1.10407704E+00  9.99993389E-01  1.10407704E+00
    88  7.04000000E+01  1.10434533E+00  9.99992982E-01  1.10434533E+00
    89  7.12000000E+01  1.10456429E+00  9.99992554E-01  1.10456429E+00
    90  7.20000000E+01  1.10487905E+00  9.99992104E-01  1.10487905E+00
    91  7.28000000E+01  1.10514588E+00  9.99991632E-01  1.10514588E+00
    92  7.36000000E+01  1.10536342E+00  9.99991137E-01  1.10536342E+00
    93  7.44000000E+01  1.10558600E+00  9.99990617E-01  1.10558600E+00
    94  7.52000000E+01  1.10585668E+00  9.99990072E-01  1.10585668E+00
    95  7.60000000E+01  1.10607711E+00  9.99989501E-01  1.10607711E+00
    96  7.68000000E+01  1.10625560E+00  9.99988903E-01  1.10625560E+00
    97  7.76000000E+01  1.10645163E+00  9.99988276E-01  1.10645163E+00
    98  7.84000000E+01  1.10667086E+00  9.99987621E-01  1.10667086E+00
    99  7.92000000E+01  1.10684827E+00  9.99986935E-01  1.10684827E+00
   100  8.00000000E+01  1.10699188E+00  9.99986217E-01  1.10699188E+00
   101  8.08000000E+01  1.10720259E+00  9.99985468E-01  1.10720259E+00
   102  8.16000000E+01  1.10738206E+00  9.99984684E-01  1.10738206E+00
   103  8.24000000E+01  1.10752656E+00  9.99983867E-01  1.10752656E+00
   104  8.32000000E+01  1.10764344E+00  9.99983013E-01  1.10764344E+00
   105  8.40000000E+01  1.10781402E+00  9.99982123E-01  1.10781402E+00
   106  8.48000000E+01  1.10795774E+00  9.99981194E-01  1.10795774E+00
   107  8.56000000E+01  1.10807408E+00  9.99980226E-01  1.10807408E+00
   108  8.64000000E+01  1.10820546E+00  9.99979218E-01  1.10820546E+00
   109  8.72000000E+01  1.10835039E+00  9.99978169E-01  1.10835039E+00
   110  8.80000000E+01  1.10846680E+00  9.99977076E-01  1.10846680E+00
   111  8.88000000E+01  1.10856134E+00  9.99975940E-01  1.10856134E+00
   112  8.96000000E+01  1.10865727E+00  9.99974759E-01  1.10865727E+00
   113  9.04000000E+01  1.10877319E+00  9.99973531E-01  1.10877319E+00
   114  9.12000000E+01  1.10886748E+00  9.99972256E-01  1.10886748E+00
   115  9.20000000E+01  1.10894587E+00  9.99970933E-01  1.10894587E+00
   116  9.28000000E+01  1.10905796E+00  9.99969560E-01  1.10905796E+00
   117  9.36000000E+01  1.10915160E+00  9.99968137E-01  1.10915160E+00
   118  9.44000000E+01  1.10922845E+00  9.99966662E-01  1.10922845E+00
   119  9.52000000E+01  1.10929336E+00  9.99965134E-01  1.10929336E+00
   120  9.60000000E+01  1.10936339E+00  9.99963553E-01  1.10936339E+00
   121  9.68000000E+01  1.10944026E+00  9.99961917E-01  1.10944026E+00
   122  9.76000000E+01  1.10950545E+00  9.99960226E-01  1.10950545E+00
   123  9.84000000E+01  1.10956544E+00  9.99958479E-01  1.10956544E+00
   124  9.92000000E+01  1.10964103E+00  9.99956675E-01  1.10964103E+00
   125  1.00000000E+02  1.10970421E+00  9.99954813E-01  1.10970421E+00
   126  1.00800000E+02  1.10975901E+00  9.99952894E-01  1.10975901E+00
   127  1.01600000E+02  1.10980843E+00  9.99950916E-01  1.10980843E+00
   128  1.02400000E+02  1.10985456E+00  9.99948880E-01  1.10985456E+00
   129  1.03200000E+02  1.10990039E+00  9.99946785E-01  1.10990039E+00
   130  1.04000000E+02  1.10995050E+00  9.99944631E-01  1.10995050E+00
   131  1.04800000E+02  1.10999746E+00  9.99942418E-01  1.10999746E+00
   132  1.05600000E+02  1.11004249E+00  9.99940148E-01  1.11004249E+00
   133  1.06400000E+02  1.11008613E+00  9.99937819E-01  1.11008613E+00
   134  1.07200000E+02  1.11012846E+00  9.99935433E-01  1.11012846E+00
   135  1.08000000E+02  1.11017052E+00  9.99932991E-01  1.11017052E+00
   136  1.08800000E+02  1.11021174E+00  9.99930493E-01  1.11021174E+00
   137  1.09600000E+02  1.11025202E+00  9.99927942E-01  1.11025202E+00
   138  1.10400000E+02  1.11029114E+00  9.99925339E-01  1.11029114E+00
   139  1.11200000E+02  1.11032866E+00  9.99922686E-01  1.11032866E+00
   140  1.12000000E+02  1.11036407E+00  9.99919985E-01  1.11036407E+00
   141  1.12800000E+02  1.11039681E+00  9.99917239E-01  1.11039681E+00
   142  1.13600000E+02  1.11042647E+00  9.99914450E-01  1.11042647E+00
   143  1.14400000E+02  1.11046047E+00  9.99911623E-01  1.11046047E+00
   144  1.15200000E+02  1.11049381E+00  9.99908760E-01  1.11049381E+00
   145  1.16000000E+02  1.11052391E+00  9.99905867E-01  1.11052391E+00
   146  1.16800000E+02  1.11055047E+00  9.99902948E-01  1.11055047E+00
   147  1.17600000E+02  1.11057333E+00  9.99900008E-01  1.11057333E+00
   148  1.18400000E+02  1.11059949E+00  9.99897054E-01  1.11059949E+00
   149  1.19200000E+02  1.11062621E+00  9.99894092E-01  1.11062621E+00
   150  1.20000000E+02  1.11064941E+00  9.99891128E-01  1.11064941E+00
   151  1.20800000E+02  1.11066905E+00  9.99888171E-01  1.11066905E+00
   152  1.21600000E+02  1.11068657E+00  9.99885230E-01  1.11068657E+00
   153  1.22400000E+02  1.11071002E+00  9.99882314E-01  1.11071002E+00
   154  1.23200000E+02  1.11072979E+00  9.99879432E-01  1.11072979E+00
   155  1.24000000E+02  1.11074600E+00  9.99876596E-01  1.11074600E+00
   156  1.24800000E+02  1.11075890E+00  9.99873818E-01  1.11075890E+00
   157  1.25600000E+02  1.11077475E+00  9.99871111E-01  1.11077475E+00
   158  1.26400000E+02  1.11079148E+00  9.99868488E-01  1.11079148E+00
   159  1.27200000E+02  1.11080489E+00  9.99865966E-01  1.11080489E+00
   160  1.28000000E+02  1.11081531E+00  9.99863559E-01  1.11081531E+00
   161  1.28800000E+02  1.11082583E+00  9.99861285E-01  1.11082583E+00
   162  1.29600000E+02  1.11083925E+00  9.99859163E-01  1.11083925E+00
   163  1.30400000E+02  1.11084961E+00  9.99857214E-01  1.11084961E+00
   164  1.31200000E+02  1.11085734E+00  9.99855460E-01  1.11085734E+00
   165  1.32000000E+02  1.11086300E+00  9.99853922E-01  1.11086300E+00
   166  1.32800000E+02  1.11087386E+00  9.99852628E-01  1.11087386E+00
   167  1.33600000E+02  1.11088201E+00  9.99851602E-01  1.11088201E+00
   168  1.34400000E+02  1.11088786E+00  9.99850875E-01  1.11088786E+00
   169  1.35200000E+02  1.11089187E+00  9.99850476E-01  1.11089187E+00
   170  1.36000000E+02  1.11089814E+00  9.99850437E-01  1.11089814E+00
   171  1.36800000E+02  1.11090390E+00  9.99850795E-01  1.11090390E+00
   172  1.37600000E+02  1.11090782E+00  9.99851585E-01  1.11090782E+00
   173  1.38400000E+02  1.11091034E+00  9.99852847E-01  1.11091034E+00
   174  1.39200000E+02  1.11091410E+00  9.99854622E-01  1.11091410E+00
   175  1.40000000E+02  1.11091826E+00  9.99856955E-01  1.11091826E+00
   176  1.40800000E+02  1.11092092E+00  9.99859893E-01  1.11092092E+00
   177  1.41600000E+02  1.11092246E+00  9.99863485E-01  1.11092246E+00
   178  1.42400000E+02  1.11092327E+00  9.99867785E-01  1.11092327E+00
   179  1.43200000E+02  1.11092483E+00  9.99872849E-01  1.11092483E+00
   180  1.44000000E+02  1.11092631E+00  9.99878736E-01  1.11092631E+00
   181  1.44800000E+02  1.11092708E+00  9.99885509E-01  1.11092708E+00
   182  1.45600000E+02  1.11092742E+00  9.99893235E-01  1.11092742E+00
   183  1.46400000E+02  1.11092756E+00  9.99901984E-01  1.11092756E+00
   184  1.47200000E+02  1.11092821E+00  9.99911832E-01  1.11092821E+00
   185  1.48000000E+02  1.11092844E+00  9.99922856E-01  1.11092844E+00
   186  1.48800000E+02  1.11092842E+00  9.99935142E-01  1.11092842E+00
   187  1.49600000E+02  1.11092839E+00  9.99948776E-01  1.11092839E+00
   188  1.50400000E+02  1.11092880E+00  9.99963851E-01  1.11092880E+00
   189  1.51200000E+02  1.11092926E+00  9.99980467E-01  1.11092926E+00
   190  1.52000000E+02  1.11092971E+00  9.99998726E-01  1.11092971E+00
   191  1.52800000E+02  1.11093012E+00  1.00001874E+00  1.11093012E+00
   192  1.53600000E+02  1.11093047E+00  1.00004061E+00  1.11093047E+00
   193  1.54400000E+02  1.11093073E+00  1.00006448E+00  1.11093073E+00
   194  1.55200000E+02  1.11093089E+00  1.00009046E+00  1.11093089E+00
   195  1.56000000E+02  1.11093096E+00  1.00011868E+00  1.11093096E+00
   196  1.56800000E+02  1.11093095E+00  1.00014930E+00  1.11093095E+00
   197  1.57600000E+02  1.11093086E+00  1.00018245E+00  1.11093086E+00
   198  1.58400000E+02  1.11093084E+00  1.00021829E+00  1.11093084E+00
   199  1.59200000E+02  1.11093085E+00  1.00025698E+00  1.11093085E+00
   200  1.60000000E+02  1.11093078E+00  1.00029869E+00  1.11093078E+00
   201  1.60800000E+02  1.11093065E+00  1.00034360E+00  1.11093065E+00
   202  1.61600000E+02  1.11093047E+00  1.00039190E+00  1.11093047E+00
   203  1.62400000E+02  1.11093025E+00  1.00044378E+00  1.11093025E+00
   204  1.63200000E+02  1.11093001E+00  1.00049945E+00  1.11093001E+00
   205  1.64000000E+02  1.11092976E+00  1.00055911E+00  1.11092976E+00
   206  1.64800000E+02  1.11092950E+00  1.00062300E+00  1.11092950E+00
   207  1.65600000E+02  1.11092925E+00  1.00069134E+00  1.11092925E+00
   208  1.66400000E+02  1.11092899E+00  1.00076439E+00  1.11092899E+00
   209  1.67200000E+02  1.11092874E+00  1.00084240E+00  1.11092874E+00
   210  1.68000000E+02  1.11092848E+00  1.00092563E+00  1.11092848E+00
   211  1.68800000E+02  1.11092823E+00  1.00101437E+00  1.11092823E+00
   212  1.69600000E+02  1.11092797E+00  1.00110890E+00  1.11092797E+00
   213  1.70400000E+02  1.11092772E+00  1.00120953E+00  1.11092772E+00
   214  1.71200000E+02  1.11092746E+00  1.00131657E+00  1.11092746E+00
   215  1.72000000E+02  1.11092720E+00  1.00143036E+00  1.11092720E+00
   216  1.72800000E+02  1.11092694E+00  1.00155124E+00  1.11092694E+00
   217  1.73600000E+02  1.11092667E+00  1.00167956E+00  1.11092667E+00
   218  1.74400000E+02  1.11092641E+00  1.00181569E+00  1.11092641E+00
   219  1.75200000E+02  1.11092615E+00  1.00196002E+00  1.11092615E+00
   220  1.76000000E+02  1.11092589E+00  1.00211295E+00  1.11092589E+00
   221  1.76800000E+02  1.11092563E+00  1.00227489E+00  1.11092563E+00
   222  1.77600000E+02  1.11092538E+00  1.00244628E+00  1.11092538E+00
   223  1.78400000E+02  1.11092513E+00  1.00262755E+00  1.11092513E+00
   224  1.79200000E+02  1.11092489E+00  1.00281916E+00  1.11092489E+00
   225  1.80000000E+02  1.11092466E+00  1.00302161E+00  1.11092466E+00
   226  1.80800000E+02  1.11092443E+00  1.00323537E+00  1.11092443E+00
   227  1.81600000E+02  1.11092421E+00  1.00346097E+00  1.11092421E+00
   228  1.82400000E+02  1.11092399E+00  1.00369892E+00  1.11092399E+00
   229  1.83200000E+02  1.11092379E+00  1.00394977E+00  1.11092379E+00
   230  1.84000000E+02  1.11092359E+00  1.00421408E+00  1.11092359E+00
   231  1.84800000E+02  1.11092339E+00  1.00449242E+00  1.11092339E+00
   232  1.85600000E+02  1.11092321E+00  1.00478540E+00  1.11092321E+00
   233  1.86400000E+02  1.11092303E+00  1.00509362E+00  1.11092303E+00
   234  1.87200000E+02  1.11092286E+00  1.00541770E+00  1.11092286E+00
   235  1.88000000E+02  1.11092269E+00  1.00575829E+00  1.11092269E+00
   236  1.88800000E+02  1.11092253E+00  1.00611605E+00  1.11092253E+00
   237  1.89600000E+02  1.11092238E+00  1.00649166E+00  1.11092238E+00
   238  1.90400000E+02  1.11092224E+00  1.00688579E+00  1.11092224E+00
   239  1.91200000E+02  1.11092210E+00  1.00729916E+00  1.11092210E+00
   240  1.92000000E+02  1.11092197E+00  1.00773248E+00  1.11092197E+00
   241  1.92800000E+02  1.11092185E+00  1.00818649E+00  1.11092185E+00
   242  1.93600000E+02  1.11092173E+00  1.00866193E+00  1.11092173E+00
   243  1.94400000E+02  1.11092162E+00  1.00915955E+00  1.11092162E+00
   244  1.95200000E+02  1.11092151E+00  1.00968012E+00  1.11092151E+00
   245  1.96000000E+02  1.11092141E+00  1.01022441E+00  1.11092141E+00
   246  1.96800000E+02  1.11092132E+00  1.01079321E+00  1.11092132E+00
   247  1.97600000E+02  1.11092123E+00  1.01138729E+00  1.11092123E+00
   248  1.98400000E+02  1.11092114E+00  1.01200744E+00  1.11092114E+00
   249  1.99200000E+02  1.11092106E+00  1.01265446E+00  1.11092106E+00
   250  2.00000000E+02  1.11092099E+00  1.01332912E+00  1.11092099E+00
   251  2.00800000E+02  1.11092091E+00  1.01403221E+00  1.11092091E+00
   252  2.01600000E+02  1.11092085E+00  1.01476449E+00  1.11092085E+00
   253  2.02400000E+02  1.11092078E+00  1.01552673E+00  1.11092078E+00
   254  2.03200000E+02  1.11092073E+00  1.01631968E+00  1.11092073E+00
   255  2.04000000E+02  1.11092067E+00  1.01714406E+00  1.11092067E+00
   256  2.04800000E+02  1.11092062E+00  1.01800057E+00  1.11092062E+00
   257  2.05600000E+02  1.11092057E+00  1.01888991E+00  1.11092057E+00
   258  2.06400000E+02  1.11092052E+00  1.01981273E+00  1.11092052E+00
   259  2.07200000E+02  1.11092048E+00  1.02076964E+00  1.11092048E+00
   260  2.08000000E+02  1.11092044E+00  1.02176124E+00  1.11092044E+00
   261  2.08800000E+02  1.11092040E+00  1.02278806E+00  1.11092040E+00
   262  2.09600000E+02  1.11092038E+00  1.02385061E+00  1.11092038E+00
   263  2.10400000E+02  1.11092035E+00  1.02494932E+00  1.11092035E+00
   264  2.11200000E+02  1.11092033E+00  1.02608460E+00  1.11092033E+00
   265  2.12000000E+02  1.11092030E+00  1.02725676E+00  1.11092030E+00
   266  2.12800000E+02  1.11092028E+00  1.02846606E+00  1.11092028E+00
   267  2.13600000E+02  1.11092026E+00  1.02971269E+00  1.11092026E+00
   268  2.14400000E+02  1.11092024E+00  1.03099675E+00  1.11092024E+00
   269  2.15200000E+02  1.11092022E+00  1.03231826E+00  1.11092022E+00
   270  2.16000000E+02  1.11092021E+00  1.03367713E+00  1.11092021E+00
   271  2.16800000E+02  1.11092019E+00  1.03507319E+00  1.11092019E+00
   272  2.17600000E+02  1.11092018E+00  1.03650614E+00  1.11092018E+00
   273  2.18400000E+02  1.11092017E+00  1.03797559E+00  1.11092017E+00
   274  2.19200000E+02  1.11092016E+00  1.03948100E+00  1.11092016E+00
   275  2.20000000E+02  1.11092014E+00  1.04102173E+00  1.11092014E+00
   276  2.20800000E+02  1.11092013E+00  1.04259698E+00  1.11092013E+00
   277  2.21600000E+02  1.11092012E+00  1.04420583E+00  1.11092012E+00
   278  2.22400000E+02  1.11092012E+00  1.04584720E+00  1.11092012E+00
   279  2.23200000E+02  1.11092011E+00  1.04751988E+00  1.11092011E+00
   280  2.24000000E+02  1.11092010E+00  1.04922249E+00  1.11092010E+00
   281  2.24800000E+02  1.11092009E+00  1.05095350E+00  1.11092009E+00
   282  2.25600000E+02  1.11092009E+00  1.05271121E+00  1.11092009E+00
   283  2.26400000E+02  1.11092008E+00  1.05449377E+00  1.11092008E+00
   284  2.27200000E+02  1.11092007E+00  1.05629916E+00  1.11092007E+00
   285  2.28000000E+02  1.11092007E+00  1.05812520E+00  1.11092007E+00
   286  2.28800000E+02  1.11092006E+00  1.05996955E+00  1.11092006E+00
   287  2.29600000E+02  1.11092006E+00  1.06182968E+00  1.11092006E+00
   288  2.30400000E+02  1.11092006E+00  1.06370291E+00  1.11092006E+00
   289  2.31200000E+02  1.11092005E+00  1.06558642E+00  1.11092005E+00
   290  2.32000000E+02  1.11092005E+00  1.06747720E+00  1.11092005E+00
   291  2.32800000E+02  1.11092005E+00  1.06937208E+00  1.11092005E+00
   292  2.33600000E+02  1.11092004E+00  1.07126777E+00  1.11092004E+00
   293  2.34400000E+02  1.11092004E+00  1.07316079E+00  1.11092004E+00
   294  2.35200000E+02  1.11092004E+00  1.07504756E+00  1.11092004E+00
   295  2.36000000E+02  1.11092003E+00  1.07692435E+00  1.11092003E+00
   296  2.36800000E+02  1.11092003E+00  1.07878728E+00  1.11092003E+00
   297  2.37600000E+02  1.11092003E+00  1.08063239E+00  1.11092003E+00
   298  2.38400000E+02  1.11092003E+00  1.08245562E+00  1.11092003E+00
   299  2.39200000E+02  1.11092003E+00  1.08425278E+00  1.11092003E+00
   300  2.40000000E+02  1.11092003E+00  1.08601966E+00  1.11092003E+00
   301  2.40800000E+02  1.11092002E+00  1.08775196E+00  1.11092002E+00
   302  2.41600000E+02  1.11092002E+00  1.08944537E+00  1.11092002E+00
   303  2.42400000E+02  1.11092002E+00  1.09109555E+00  1.11092002E+00
   304  2.43200000E+02  1.11092002E+00  1.09269819E+00  1.11092002E+00
   305  2.44000000E+02  1.11092002E+00  1.09424904E+00  1.11092002E+00
   306  2.44800000E+02  1.11092002E+00  1.09574389E+00  1.11092002E+00
   307  2.45600000E+02  1.11092002E+00  1.09717870E+00  1.11092002E+00
   308  2.46400000E+02  1.11092002E+00  1.09854956E+00  1.11092002E+00
   309  2.47200000E+02  1.11092001E+00  1.09985280E+00  1.11092001E+00
   310  2.48000000E+02  1.11092001E+00  1.10108502E+00  1.11092001E+00
   311  2.48800000E+02  1.11092001E+00  1.10224316E+00  1.11092001E+00
   312  2.49600000E+02  1.11092001E+00  1.10332455E+00  1.11092001E+00
   313  2.50400000E+02  1.11092001E+00  1.10432703E+00  1.11092001E+00
   314  2.51200000E+02  1.11092001E+00  1.10524898E+00  1.11092001E+00
   315  2.52000000E+02  1.11092001E+00  1.10608942E+00  1.11092001E+00
   316  2.52800000E+02  1.11092001E+00  1.10684808E+00  1.11092001E+00
   317  2.53600000E+02  1.11092001E+00  1.10752544E+00  1.11092001E+00
   318  2.54400000E+02  1.11092001E+00  1.10812282E+00  1.11092001E+00
   319  2.55200000E+02  1.11092001E+00  1.10864236E+00  1.11092001E+00
   320  2.56000000E+02  1.11092001E+00  1.10908709E+00  1.11092001E+00
   321  2.56800000E+02  1.11092001E+00  1.10946085E+00  1.11092001E+00
   322  2.57600000E+02  1.11092001E+00  1.10976827E+00  1.11092001E+00
   323  2.58400000E+02  1.11092001E+00  1.11001471E+00  1.11092001E+00
   324  2.59200000E+02  1.11092001E+00  1.11020610E+00  1.11092001E+00
   325  2.60000000E+02  1.11092001E+00  1.11034887E+00  1.11092001E+00
   326  2.60800000E+02  1.11092001E+00  1.11044971E+00  1.11092001E+00
   327  2.61600000E+02  1.11092001E+00  1.11051548E+00  1.11092001E+00
   328  2.62400000E+02  1.11092001E+00  1.11055296E+00  1.11092001E+00
   329  2.63200000E+02  1.11092001E+00  1.11056868E+00  1.11092001E+00
   330  2.64000000E+02  1.11092001E+00  1.11056877E+00  1.11092001E+00
   331  2.64800000E+02  1.11092001E+00  1.11055880E+00  1.11092001E+00
   332  2.65600000E+02  1.11092000E+00  1.11054359E+00  1.11092000E+00
   333  2.66400000E+02  1.11092000E+00  1.11052723E+00  1.11092000E+00
   334  2.67200000E+02  1.11092000E+00  1.11051290E+00  1.11092000E+00
   335  2.68000000E+02  1.11092000E+00  1.11050296E+00  1.11092000E+00
   336  2.68800000E+02  1.11092000E+00  1.11049890E+00  1.11092000E+00
   337  2.69600000E+02  1.11092000E+00  1.11050143E+00  1.11092000E+00
   338  2.70400000E+02  1.11092000E+00  1.11051059E+00  1.11092000E+00
   339  2.71200000E+02  1.11092000E+00  1.11052583E+00  1.11092000E+00
   340  2.72000000E+02  1.11092000E+00  1.11054618E+00  1.11092000E+00
   341  2.72800000E+02  1.11092000E+00  1.11057036E+00  1.11092000E+00
   342  2.73600000E+02  1.11092000E+00  1.11059694E+00  1.11092000E+00
   343  2.74400000E+02  1.11092000E+00  1.11062444E+00  1.11092000E+00
   344  2.75200000E+02  1.11092000E+00  1.11065150E+00  1.11092000E+00
   345  2.76000000E+02  1.11092000E+00  1.11067690E+00  1.11092000E+00
   346  2.76800000E+02  1.11092000E+00  1.11069967E+00  1.11092000E+00
   347  2.77600000E+02  1.11092000E+00  1.11071910E+00  1.11092000E+00
   348  2.78400000E+02  1.11092000E+00  1.11073478E+00  1.11092000E+00
   349  2.79200000E+02  1.11092000E+00  1.11074657E+00  1.11092000E+00
   350  2.80000000E+02  1.11092000E+00  1.11075459E+00  1.11092000E+00
   351  2.80800000E+02  1.11092000E+00  1.11075916E+00  1.11092000E+00
   352  2.81600000E+02  1.11092000E+00  1.11076075E+00  1.11092000E+00
   353  2.82400000E+02  1.11092000E+00  1.11075992E+00  1.11092000E+00
   354  2.83200000E+02  1.11092000E+00  1.11075730E+00  1.11092000E+00
   355  2.84000000E+02  1.11092000E+00  1.11075350E+00  1.11092000E+00
   356  2.84800000E+02  1.11092000E+00  1.11074908E+00  1.11092000E+00
   357  2.85600000E+02  1.11092000E+00  1.11074454E+00  1.11092000E+00
   358  2.86400000E+02  1.11092000E+00  1.11074025E+00  1.11092000E+00
   359  2.87200000E+02  1.11092000E+00  1.11073652E+00  1.11092000E+00
 steady-height stop at step    359: changes <=   1.0000E-05, max-end <=   1.0000E-02, max/end/gap/profile_change =   1.11092000E+00  1.11073652E+00  1.83486313E-04  3.73635633E-06


STDERR:
