COMMAND:
/shared/generate_rom_data/extrudate_swell2d_c_cluster

STDOUT:
 comppar: model =   6
 comppar: lambda,mobility/eps,betav,eta_0 =  1.0000E+00  5.0000E-01  9.0000E-01  1.0000E+00
 comppar: eta_s,eta_p,G =  9.0000E-01  1.0000E-01  1.0000E-01
 comppar: U_avg,deltat,flowrate,nsteps =  2.5000E-02  8.0000E-01  7.8540E-02     700
 comppar: geometry = axisymmetric
 comppar: steady stop change,gap,hold,min =  1.0000E-05  1.0000E-02      10      80
 comppar: ncompc,ncompg =     4     5
 mesh nnodes = 5765
 mesh nelem = 2780
 P1 BC   5.0000000000000000     
 P2 BC   0.0000000000000000     
     1  8.00000000E-01  1.00253249E+00  1.00000000E+00  1.00253249E+00
     2  1.60000000E+00  1.00503042E+00  1.00000000E+00  1.00503042E+00
     3  2.40000000E+00  1.00749052E+00  1.00000000E+00  1.00749052E+00
     4  3.20000000E+00  1.00991313E+00  1.00000000E+00  1.00991313E+00
     5  4.00000000E+00  1.01230794E+00  1.00000000E+00  1.01230794E+00
     6  4.80000000E+00  1.01466551E+00  1.00000000E+00  1.01466551E+00
     7  5.60000000E+00  1.01698971E+00  1.00000000E+00  1.01698971E+00
     8  6.40000000E+00  1.01928640E+00  1.00000000E+00  1.01928640E+00
     9  7.20000000E+00  1.02153869E+00  1.00000000E+00  1.02153869E+00
    10  8.00000000E+00  1.02377536E+00  1.00000000E+00  1.02377536E+00
    11  8.80000000E+00  1.02596326E+00  1.00000000E+00  1.02596326E+00
    12  9.60000000E+00  1.02813836E+00  1.00000000E+00  1.02813836E+00
    13  1.04000000E+01  1.03025765E+00  1.00000000E+00  1.03025765E+00
    14  1.12000000E+01  1.03237589E+00  1.00000000E+00  1.03237589E+00
    15  1.20000000E+01  1.03443772E+00  1.00000000E+00  1.03443772E+00
    16  1.28000000E+01  1.03649288E+00  1.00000000E+00  1.03649288E+00
    17  1.36000000E+01  1.03849936E+00  1.00000000E+00  1.03849936E+00
    18  1.44000000E+01  1.04048232E+00  1.00000000E+00  1.04048232E+00
    19  1.52000000E+01  1.04244387E+00  1.00000000E+00  1.04244387E+00
    20  1.60000000E+01  1.04435091E+00  1.00000000E+00  1.04435091E+00
    21  1.68000000E+01  1.04626953E+00  9.99999999E-01  1.04626953E+00
    22  1.76000000E+01  1.04812614E+00  9.99999997E-01  1.04812614E+00
    23  1.84000000E+01  1.04996285E+00  9.99999995E-01  1.04996285E+00
    24  1.92000000E+01  1.05178919E+00  9.99999992E-01  1.05178919E+00
    25  2.00000000E+01  1.05355070E+00  9.99999988E-01  1.05355070E+00
    26  2.08000000E+01  1.05532723E+00  9.99999984E-01  1.05532723E+00
    27  2.16000000E+01  1.05706060E+00  9.99999979E-01  1.05706060E+00
    28  2.24000000E+01  1.05872642E+00  9.99999973E-01  1.05872642E+00
    29  2.32000000E+01  1.06042940E+00  9.99999967E-01  1.06042940E+00
    30  2.40000000E+01  1.06208292E+00  9.99999959E-01  1.06208292E+00
    31  2.48000000E+01  1.06366719E+00  9.99999951E-01  1.06366719E+00
    32  2.56000000E+01  1.06529422E+00  9.99999942E-01  1.06529422E+00
    33  2.64000000E+01  1.06686793E+00  9.99999931E-01  1.06686793E+00
    34  2.72000000E+01  1.06837067E+00  9.99999920E-01  1.06837067E+00
    35  2.80000000E+01  1.06990052E+00  9.99999907E-01  1.06990052E+00
    36  2.88000000E+01  1.07141145E+00  9.99999892E-01  1.07141145E+00
    37  2.96000000E+01  1.07285057E+00  9.99999876E-01  1.07285057E+00
    38  3.04000000E+01  1.07427624E+00  9.99999859E-01  1.07427624E+00
    39  3.12000000E+01  1.07572472E+00  9.99999840E-01  1.07572472E+00
    40  3.20000000E+01  1.07710044E+00  9.99999819E-01  1.07710044E+00
    41  3.28000000E+01  1.07840104E+00  9.99999795E-01  1.07840104E+00
    42  3.36000000E+01  1.07978209E+00  9.99999770E-01  1.07978209E+00
    43  3.44000000E+01  1.08111568E+00  9.99999743E-01  1.08111568E+00
    44  3.52000000E+01  1.08237413E+00  9.99999713E-01  1.08237413E+00
    45  3.60000000E+01  1.08360581E+00  9.99999681E-01  1.08360581E+00
    46  3.68000000E+01  1.08489741E+00  9.99999646E-01  1.08489741E+00
    47  3.76000000E+01  1.08611370E+00  9.99999608E-01  1.08611370E+00
    48  3.84000000E+01  1.08725279E+00  9.99999567E-01  1.08725279E+00
    49  3.92000000E+01  1.08839869E+00  9.99999522E-01  1.08839869E+00
    50  4.00000000E+01  1.08959771E+00  9.99999475E-01  1.08959771E+00
    51  4.08000000E+01  1.09072010E+00  9.99999423E-01  1.09072010E+00
    52  4.16000000E+01  1.09176432E+00  9.99999368E-01  1.09176432E+00
    53  4.24000000E+01  1.09283484E+00  9.99999309E-01  1.09283484E+00
    54  4.32000000E+01  1.09394009E+00  9.99999245E-01  1.09394009E+00
    55  4.40000000E+01  1.09496760E+00  9.99999177E-01  1.09496760E+00
    56  4.48000000E+01  1.09591622E+00  9.99999104E-01  1.09591622E+00
    57  4.56000000E+01  1.09686376E+00  9.99999026E-01  1.09686376E+00
    58  4.64000000E+01  1.09789750E+00  9.99998943E-01  1.09789750E+00
    59  4.72000000E+01  1.09885318E+00  9.99998854E-01  1.09885318E+00
    60  4.80000000E+01  1.09973008E+00  9.99998760E-01  1.09973008E+00
    61  4.88000000E+01  1.10056235E+00  9.99998659E-01  1.10056235E+00
    62  4.96000000E+01  1.10152389E+00  9.99998551E-01  1.10152389E+00
    63  5.04000000E+01  1.10240712E+00  9.99998436E-01  1.10240712E+00
    64  5.12000000E+01  1.10321173E+00  9.99998315E-01  1.10321173E+00
    65  5.20000000E+01  1.10393809E+00  9.99998185E-01  1.10393809E+00
    66  5.28000000E+01  1.10480869E+00  9.99998048E-01  1.10480869E+00
    67  5.36000000E+01  1.10562291E+00  9.99997902E-01  1.10562291E+00
    68  5.44000000E+01  1.10635943E+00  9.99997748E-01  1.10635943E+00
    69  5.52000000E+01  1.10701928E+00  9.99997584E-01  1.10701928E+00
    70  5.60000000E+01  1.10779722E+00  9.99997411E-01  1.10779722E+00
    71  5.68000000E+01  1.10854187E+00  9.99997227E-01  1.10854187E+00
    72  5.76000000E+01  1.10920982E+00  9.99997033E-01  1.10920982E+00
    73  5.84000000E+01  1.10980272E+00  9.99996828E-01  1.10980272E+00
    74  5.92000000E+01  1.11048740E+00  9.99996611E-01  1.11048740E+00
    75  6.00000000E+01  1.11116528E+00  9.99996382E-01  1.11116528E+00
    76  6.08000000E+01  1.11176836E+00  9.99996140E-01  1.11176836E+00
    77  6.16000000E+01  1.11229892E+00  9.99995886E-01  1.11229892E+00
    78  6.24000000E+01  1.11291577E+00  9.99995617E-01  1.11291577E+00
    79  6.32000000E+01  1.11352645E+00  9.99995334E-01  1.11352645E+00
    80  6.40000000E+01  1.11406434E+00  9.99995035E-01  1.11406434E+00
    81  6.48000000E+01  1.11453238E+00  9.99994721E-01  1.11453238E+00
    82  6.56000000E+01  1.11508541E+00  9.99994391E-01  1.11508541E+00
    83  6.64000000E+01  1.11563318E+00  9.99994044E-01  1.11563318E+00
    84  6.72000000E+01  1.11611096E+00  9.99993678E-01  1.11611096E+00
    85  6.80000000E+01  1.11652220E+00  9.99993295E-01  1.11652220E+00
    86  6.88000000E+01  1.11702541E+00  9.99992892E-01  1.11702541E+00
    87  6.96000000E+01  1.11751012E+00  9.99992469E-01  1.11751012E+00
    88  7.04000000E+01  1.11792785E+00  9.99992025E-01  1.11792785E+00
    89  7.12000000E+01  1.11828260E+00  9.99991559E-01  1.11828260E+00
    90  7.20000000E+01  1.11874837E+00  9.99991071E-01  1.11874837E+00
    91  7.28000000E+01  1.11917548E+00  9.99990560E-01  1.11917548E+00
    92  7.36000000E+01  1.11953913E+00  9.99990024E-01  1.11953913E+00
    93  7.44000000E+01  1.11984372E+00  9.99989464E-01  1.11984372E+00
    94  7.52000000E+01  1.12027077E+00  9.99988877E-01  1.12027077E+00
    95  7.60000000E+01  1.12064057E+00  9.99988264E-01  1.12064057E+00
    96  7.68000000E+01  1.12095075E+00  9.99987622E-01  1.12095075E+00
    97  7.76000000E+01  1.12123471E+00  9.99986952E-01  1.12123471E+00
    98  7.84000000E+01  1.12161354E+00  9.99986251E-01  1.12161354E+00
    99  7.92000000E+01  1.12193219E+00  9.99985520E-01  1.12193219E+00
   100  8.00000000E+01  1.12219535E+00  9.99984757E-01  1.12219535E+00
   101  8.08000000E+01  1.12245880E+00  9.99983961E-01  1.12245880E+00
   102  8.16000000E+01  1.12278328E+00  9.99983131E-01  1.12278328E+00
   103  8.24000000E+01  1.12305168E+00  9.99982266E-01  1.12305168E+00
   104  8.32000000E+01  1.12326908E+00  9.99981365E-01  1.12326908E+00
   105  8.40000000E+01  1.12353311E+00  9.99980426E-01  1.12353311E+00
   106  8.48000000E+01  1.12380957E+00  9.99979449E-01  1.12380957E+00
   107  8.56000000E+01  1.12403424E+00  9.99978433E-01  1.12403424E+00
   108  8.64000000E+01  1.12421248E+00  9.99977376E-01  1.12421248E+00
   109  8.72000000E+01  1.12445784E+00  9.99976278E-01  1.12445784E+00
   110  8.80000000E+01  1.12468742E+00  9.99975137E-01  1.12468742E+00
   111  8.88000000E+01  1.12486992E+00  9.99973952E-01  1.12486992E+00
   112  8.96000000E+01  1.12502842E+00  9.99972722E-01  1.12502842E+00
   113  9.04000000E+01  1.12526563E+00  9.99971446E-01  1.12526563E+00
   114  9.12000000E+01  1.12545491E+00  9.99970123E-01  1.12545491E+00
   115  9.20000000E+01  1.12560176E+00  9.99968752E-01  1.12560176E+00
   116  9.28000000E+01  1.12575168E+00  9.99967331E-01  1.12575168E+00
   117  9.36000000E+01  1.12594553E+00  9.99965861E-01  1.12594553E+00
   118  9.44000000E+01  1.12609628E+00  9.99964340E-01  1.12609628E+00
   119  9.52000000E+01  1.12620963E+00  9.99962766E-01  1.12620963E+00
   120  9.60000000E+01  1.12638100E+00  9.99961140E-01  1.12638100E+00
   121  9.68000000E+01  1.12653800E+00  9.99959460E-01  1.12653800E+00
   122  9.76000000E+01  1.12665665E+00  9.99957725E-01  1.12665665E+00
   123  9.84000000E+01  1.12674265E+00  9.99955936E-01  1.12674265E+00
   124  9.92000000E+01  1.12690023E+00  9.99954090E-01  1.12690023E+00
   125  1.00000000E+02  1.12702240E+00  9.99952188E-01  1.12702240E+00
   126  1.00800000E+02  1.12711128E+00  9.99950230E-01  1.12711128E+00
   127  1.01600000E+02  1.12722419E+00  9.99948214E-01  1.12722419E+00
   128  1.02400000E+02  1.12735205E+00  9.99946141E-01  1.12735205E+00
   129  1.03200000E+02  1.12744559E+00  9.99944010E-01  1.12744559E+00
   130  1.04000000E+02  1.12751053E+00  9.99941822E-01  1.12751053E+00
   131  1.04800000E+02  1.12761430E+00  9.99939576E-01  1.12761430E+00
   132  1.05600000E+02  1.12771100E+00  9.99937274E-01  1.12771100E+00
   133  1.06400000E+02  1.12777845E+00  9.99934914E-01  1.12777845E+00
   134  1.07200000E+02  1.12785220E+00  9.99932499E-01  1.12785220E+00
   135  1.08000000E+02  1.12795397E+00  9.99930029E-01  1.12795397E+00
   136  1.08800000E+02  1.12802544E+00  9.99927504E-01  1.12802544E+00
   137  1.09600000E+02  1.12807221E+00  9.99924927E-01  1.12807221E+00
   138  1.10400000E+02  1.12813946E+00  9.99922299E-01  1.12813946E+00
   139  1.11200000E+02  1.12821372E+00  9.99919622E-01  1.12821372E+00
   140  1.12000000E+02  1.12826266E+00  9.99916897E-01  1.12826266E+00
   141  1.12800000E+02  1.12831202E+00  9.99914128E-01  1.12831202E+00
   142  1.13600000E+02  1.12839070E+00  9.99911318E-01  1.12839070E+00
   143  1.14400000E+02  1.12844298E+00  9.99908468E-01  1.12844298E+00
   144  1.15200000E+02  1.12847435E+00  9.99905583E-01  1.12847435E+00
   145  1.16000000E+02  1.12851808E+00  9.99902667E-01  1.12851808E+00
   146  1.16800000E+02  1.12857279E+00  9.99899724E-01  1.12857279E+00
   147  1.17600000E+02  1.12860598E+00  9.99896760E-01  1.12860598E+00
   148  1.18400000E+02  1.12864183E+00  9.99893778E-01  1.12864183E+00
   149  1.19200000E+02  1.12870028E+00  9.99890786E-01  1.12870028E+00
   150  1.20000000E+02  1.12873613E+00  9.99887789E-01  1.12873613E+00
   151  1.20800000E+02  1.12875464E+00  9.99884795E-01  1.12875464E+00
   152  1.21600000E+02  1.12878451E+00  9.99881811E-01  1.12878451E+00
   153  1.22400000E+02  1.12882241E+00  9.99878846E-01  1.12882241E+00
   154  1.23200000E+02  1.12884243E+00  9.99875909E-01  1.12884243E+00
   155  1.24000000E+02  1.12887234E+00  9.99873010E-01  1.12887234E+00
   156  1.24800000E+02  1.12891329E+00  9.99870160E-01  1.12891329E+00
   157  1.25600000E+02  1.12893529E+00  9.99867369E-01  1.12893529E+00
   158  1.26400000E+02  1.12894330E+00  9.99864652E-01  1.12894330E+00
   159  1.27200000E+02  1.12896596E+00  9.99862021E-01  1.12896596E+00
   160  1.28000000E+02  1.12898967E+00  9.99859491E-01  1.12898967E+00
   161  1.28800000E+02  1.12899890E+00  9.99857077E-01  1.12899890E+00
   162  1.29600000E+02  1.12902789E+00  9.99854797E-01  1.12902789E+00
   163  1.30400000E+02  1.12905395E+00  9.99852668E-01  1.12905395E+00
   164  1.31200000E+02  1.12906449E+00  9.99850709E-01  1.12906449E+00
   165  1.32000000E+02  1.12906418E+00  9.99848942E-01  1.12906418E+00
   166  1.32800000E+02  1.12908404E+00  9.99847388E-01  1.12908404E+00
   167  1.33600000E+02  1.12909598E+00  9.99846071E-01  1.12909598E+00
   168  1.34400000E+02  1.12909692E+00  9.99845016E-01  1.12909692E+00
   169  1.35200000E+02  1.12912765E+00  9.99844250E-01  1.12912765E+00
   170  1.36000000E+02  1.12914125E+00  9.99843801E-01  1.12914125E+00
   171  1.36800000E+02  1.12914255E+00  9.99843700E-01  1.12914255E+00
   172  1.37600000E+02  1.12914041E+00  9.99843979E-01  1.12914041E+00
   173  1.38400000E+02  1.12915560E+00  9.99844673E-01  1.12915560E+00
   174  1.39200000E+02  1.12915800E+00  9.99845818E-01  1.12915800E+00
   175  1.40000000E+02  1.12916931E+00  9.99847453E-01  1.12916931E+00
   176  1.40800000E+02  1.12918653E+00  9.99849620E-01  1.12918653E+00
   177  1.41600000E+02  1.12918993E+00  9.99852363E-01  1.12918993E+00
   178  1.42400000E+02  1.12918403E+00  9.99855726E-01  1.12918403E+00
   179  1.43200000E+02  1.12918896E+00  9.99859761E-01  1.12918896E+00
   180  1.44000000E+02  1.12919363E+00  9.99864518E-01  1.12919363E+00
   181  1.44800000E+02  1.12918861E+00  9.99870053E-01  1.12918861E+00
   182  1.45600000E+02  1.12921002E+00  9.99876424E-01  1.12921002E+00
   183  1.46400000E+02  1.12921604E+00  9.99883692E-01  1.12921604E+00
   184  1.47200000E+02  1.12921135E+00  9.99891922E-01  1.12921135E+00
   185  1.48000000E+02  1.12922130E+00  9.99901183E-01  1.12922130E+00
   186  1.48800000E+02  1.12923340E+00  9.99911546E-01  1.12923340E+00
   187  1.49600000E+02  1.12924353E+00  9.99923089E-01  1.12924353E+00
   188  1.50400000E+02  1.12925186E+00  9.99935891E-01  1.12925186E+00
   189  1.51200000E+02  1.12925955E+00  9.99950036E-01  1.12925955E+00
   190  1.52000000E+02  1.12927046E+00  9.99965614E-01  1.12927046E+00
   191  1.52800000E+02  1.12927950E+00  9.99982719E-01  1.12927950E+00
   192  1.53600000E+02  1.12928689E+00  1.00000145E+00  1.12928689E+00
   193  1.54400000E+02  1.12929289E+00  1.00002191E+00  1.12929289E+00
   194  1.55200000E+02  1.12930033E+00  1.00004420E+00  1.12930033E+00
   195  1.56000000E+02  1.12930773E+00  1.00006845E+00  1.12930773E+00
   196  1.56800000E+02  1.12931372E+00  1.00009477E+00  1.12931372E+00
   197  1.57600000E+02  1.12931860E+00  1.00012329E+00  1.12931860E+00
   198  1.58400000E+02  1.12932265E+00  1.00015413E+00  1.12932265E+00
   199  1.59200000E+02  1.12932823E+00  1.00018745E+00  1.12932823E+00
   200  1.60000000E+02  1.12933350E+00  1.00022338E+00  1.12933350E+00
   201  1.60800000E+02  1.12933779E+00  1.00026208E+00  1.12933779E+00
   202  1.61600000E+02  1.12934138E+00  1.00030370E+00  1.12934138E+00
   203  1.62400000E+02  1.12934451E+00  1.00034842E+00  1.12934451E+00
   204  1.63200000E+02  1.12934735E+00  1.00039641E+00  1.12934735E+00
   205  1.64000000E+02  1.12935056E+00  1.00044785E+00  1.12935056E+00
   206  1.64800000E+02  1.12935366E+00  1.00050293E+00  1.12935366E+00
   207  1.65600000E+02  1.12935649E+00  1.00056186E+00  1.12935649E+00
   208  1.66400000E+02  1.12935916E+00  1.00062484E+00  1.12935916E+00
   209  1.67200000E+02  1.12936177E+00  1.00069209E+00  1.12936177E+00
   210  1.68000000E+02  1.12936434E+00  1.00076383E+00  1.12936434E+00
   211  1.68800000E+02  1.12936686E+00  1.00084031E+00  1.12936686E+00
   212  1.69600000E+02  1.12936931E+00  1.00092178E+00  1.12936931E+00
   213  1.70400000E+02  1.12937166E+00  1.00100849E+00  1.12937166E+00
   214  1.71200000E+02  1.12937386E+00  1.00110071E+00  1.12937386E+00
   215  1.72000000E+02  1.12937589E+00  1.00119872E+00  1.12937589E+00
   216  1.72800000E+02  1.12937771E+00  1.00130281E+00  1.12937771E+00
   217  1.73600000E+02  1.12937931E+00  1.00141328E+00  1.12937931E+00
   218  1.74400000E+02  1.12938100E+00  1.00153046E+00  1.12938100E+00
   219  1.75200000E+02  1.12938284E+00  1.00165466E+00  1.12938284E+00
   220  1.76000000E+02  1.12938449E+00  1.00178623E+00  1.12938449E+00
   221  1.76800000E+02  1.12938593E+00  1.00192552E+00  1.12938593E+00
   222  1.77600000E+02  1.12938717E+00  1.00207291E+00  1.12938717E+00
   223  1.78400000E+02  1.12938821E+00  1.00222876E+00  1.12938821E+00
   224  1.79200000E+02  1.12938908E+00  1.00239347E+00  1.12938908E+00
   225  1.80000000E+02  1.12938980E+00  1.00256745E+00  1.12938980E+00
   226  1.80800000E+02  1.12939038E+00  1.00275113E+00  1.12939038E+00
   227  1.81600000E+02  1.12939111E+00  1.00294493E+00  1.12939111E+00
   228  1.82400000E+02  1.12939184E+00  1.00314932E+00  1.12939184E+00
   229  1.83200000E+02  1.12939243E+00  1.00336476E+00  1.12939243E+00
   230  1.84000000E+02  1.12939291E+00  1.00359173E+00  1.12939291E+00
   231  1.84800000E+02  1.12939330E+00  1.00383072E+00  1.12939330E+00
   232  1.85600000E+02  1.12939361E+00  1.00408226E+00  1.12939361E+00
   233  1.86400000E+02  1.12939386E+00  1.00434687E+00  1.12939386E+00
   234  1.87200000E+02  1.12939407E+00  1.00462510E+00  1.12939407E+00
   235  1.88000000E+02  1.12939423E+00  1.00491750E+00  1.12939423E+00
   236  1.88800000E+02  1.12939436E+00  1.00522465E+00  1.12939436E+00
   237  1.89600000E+02  1.12939445E+00  1.00554714E+00  1.12939445E+00
   238  1.90400000E+02  1.12939451E+00  1.00588557E+00  1.12939451E+00
   239  1.91200000E+02  1.12939454E+00  1.00624057E+00  1.12939454E+00
   240  1.92000000E+02  1.12939454E+00  1.00661277E+00  1.12939454E+00
   241  1.92800000E+02  1.12939451E+00  1.00700282E+00  1.12939451E+00
   242  1.93600000E+02  1.12939446E+00  1.00741139E+00  1.12939446E+00
   243  1.94400000E+02  1.12939440E+00  1.00783914E+00  1.12939440E+00
   244  1.95200000E+02  1.12939431E+00  1.00828677E+00  1.12939431E+00
   245  1.96000000E+02  1.12939420E+00  1.00875498E+00  1.12939420E+00
   246  1.96800000E+02  1.12939409E+00  1.00924449E+00  1.12939409E+00
   247  1.97600000E+02  1.12939396E+00  1.00975600E+00  1.12939396E+00
   248  1.98400000E+02  1.12939382E+00  1.01029026E+00  1.12939382E+00
   249  1.99200000E+02  1.12939368E+00  1.01084801E+00  1.12939368E+00
   250  2.00000000E+02  1.12939354E+00  1.01142998E+00  1.12939354E+00
   251  2.00800000E+02  1.12939339E+00  1.01203693E+00  1.12939339E+00
   252  2.01600000E+02  1.12939324E+00  1.01266961E+00  1.12939324E+00
   253  2.02400000E+02  1.12939309E+00  1.01332878E+00  1.12939309E+00
   254  2.03200000E+02  1.12939294E+00  1.01401520E+00  1.12939294E+00
   255  2.04000000E+02  1.12939279E+00  1.01472961E+00  1.12939279E+00
   256  2.04800000E+02  1.12939264E+00  1.01547277E+00  1.12939264E+00
   257  2.05600000E+02  1.12939249E+00  1.01624541E+00  1.12939249E+00
   258  2.06400000E+02  1.12939235E+00  1.01704827E+00  1.12939235E+00
   259  2.07200000E+02  1.12939221E+00  1.01788207E+00  1.12939221E+00
   260  2.08000000E+02  1.12939207E+00  1.01874751E+00  1.12939207E+00
   261  2.08800000E+02  1.12939194E+00  1.01964527E+00  1.12939194E+00
   262  2.09600000E+02  1.12939181E+00  1.02057602E+00  1.12939181E+00
   263  2.10400000E+02  1.12939168E+00  1.02154038E+00  1.12939168E+00
   264  2.11200000E+02  1.12939156E+00  1.02253898E+00  1.12939156E+00
   265  2.12000000E+02  1.12939144E+00  1.02357237E+00  1.12939144E+00
   266  2.12800000E+02  1.12939132E+00  1.02464110E+00  1.12939132E+00
   267  2.13600000E+02  1.12939121E+00  1.02574565E+00  1.12939121E+00
   268  2.14400000E+02  1.12939111E+00  1.02688648E+00  1.12939111E+00
   269  2.15200000E+02  1.12939101E+00  1.02806397E+00  1.12939101E+00
   270  2.16000000E+02  1.12939091E+00  1.02927846E+00  1.12939091E+00
   271  2.16800000E+02  1.12939082E+00  1.03053024E+00  1.12939082E+00
   272  2.17600000E+02  1.12939073E+00  1.03181950E+00  1.12939073E+00
   273  2.18400000E+02  1.12939064E+00  1.03314641E+00  1.12939064E+00
   274  2.19200000E+02  1.12939056E+00  1.03451101E+00  1.12939056E+00
   275  2.20000000E+02  1.12939049E+00  1.03591330E+00  1.12939049E+00
   276  2.20800000E+02  1.12939041E+00  1.03735318E+00  1.12939041E+00
   277  2.21600000E+02  1.12939034E+00  1.03883045E+00  1.12939034E+00
   278  2.22400000E+02  1.12939028E+00  1.04034484E+00  1.12939028E+00
   279  2.23200000E+02  1.12939021E+00  1.04189595E+00  1.12939021E+00
   280  2.24000000E+02  1.12939015E+00  1.04348329E+00  1.12939015E+00
   281  2.24800000E+02  1.12939010E+00  1.04510626E+00  1.12939010E+00
   282  2.25600000E+02  1.12939004E+00  1.04676416E+00  1.12939004E+00
   283  2.26400000E+02  1.12938999E+00  1.04845616E+00  1.12938999E+00
   284  2.27200000E+02  1.12938995E+00  1.05018130E+00  1.12938995E+00
   285  2.28000000E+02  1.12938990E+00  1.05193851E+00  1.12938990E+00
   286  2.28800000E+02  1.12938986E+00  1.05372659E+00  1.12938986E+00
   287  2.29600000E+02  1.12938982E+00  1.05554421E+00  1.12938982E+00
   288  2.30400000E+02  1.12938978E+00  1.05738992E+00  1.12938978E+00
   289  2.31200000E+02  1.12938974E+00  1.05926212E+00  1.12938974E+00
   290  2.32000000E+02  1.12938971E+00  1.06115910E+00  1.12938971E+00
   291  2.32800000E+02  1.12938968E+00  1.06307899E+00  1.12938968E+00
   292  2.33600000E+02  1.12938965E+00  1.06501981E+00  1.12938965E+00
   293  2.34400000E+02  1.12938962E+00  1.06697945E+00  1.12938962E+00
   294  2.35200000E+02  1.12938960E+00  1.06895565E+00  1.12938960E+00
   295  2.36000000E+02  1.12938957E+00  1.07094606E+00  1.12938957E+00
   296  2.36800000E+02  1.12938955E+00  1.07294817E+00  1.12938955E+00
   297  2.37600000E+02  1.12938953E+00  1.07495938E+00  1.12938953E+00
   298  2.38400000E+02  1.12938951E+00  1.07697697E+00  1.12938951E+00
   299  2.39200000E+02  1.12938949E+00  1.07899810E+00  1.12938949E+00
   300  2.40000000E+02  1.12938947E+00  1.08101986E+00  1.12938947E+00
   301  2.40800000E+02  1.12938945E+00  1.08303921E+00  1.12938945E+00
   302  2.41600000E+02  1.12938944E+00  1.08505306E+00  1.12938944E+00
   303  2.42400000E+02  1.12938942E+00  1.08705821E+00  1.12938942E+00
   304  2.43200000E+02  1.12938941E+00  1.08905142E+00  1.12938941E+00
   305  2.44000000E+02  1.12938939E+00  1.09102938E+00  1.12938939E+00
   306  2.44800000E+02  1.12938938E+00  1.09298872E+00  1.12938938E+00
   307  2.45600000E+02  1.12938937E+00  1.09492605E+00  1.12938937E+00
   308  2.46400000E+02  1.12938936E+00  1.09683797E+00  1.12938936E+00
   309  2.47200000E+02  1.12938935E+00  1.09872102E+00  1.12938935E+00
   310  2.48000000E+02  1.12938934E+00  1.10057180E+00  1.12938934E+00
   311  2.48800000E+02  1.12938933E+00  1.10238687E+00  1.12938933E+00
   312  2.49600000E+02  1.12938932E+00  1.10416286E+00  1.12938932E+00
   313  2.50400000E+02  1.12938932E+00  1.10589643E+00  1.12938932E+00
   314  2.51200000E+02  1.12938931E+00  1.10758431E+00  1.12938931E+00
   315  2.52000000E+02  1.12938930E+00  1.10922328E+00  1.12938930E+00
   316  2.52800000E+02  1.12938930E+00  1.11081027E+00  1.12938930E+00
   317  2.53600000E+02  1.12938929E+00  1.11234228E+00  1.12938929E+00
   318  2.54400000E+02  1.12938929E+00  1.11381647E+00  1.12938929E+00
   319  2.55200000E+02  1.12938928E+00  1.11523016E+00  1.12938928E+00
   320  2.56000000E+02  1.12938928E+00  1.11658085E+00  1.12938928E+00
   321  2.56800000E+02  1.12938927E+00  1.11786624E+00  1.12938927E+00
   322  2.57600000E+02  1.12938927E+00  1.11908428E+00  1.12938927E+00
   323  2.58400000E+02  1.12938926E+00  1.12023317E+00  1.12938926E+00
   324  2.59200000E+02  1.12938926E+00  1.12131141E+00  1.12938926E+00
   325  2.60000000E+02  1.12938926E+00  1.12231782E+00  1.12938926E+00
   326  2.60800000E+02  1.12938925E+00  1.12325157E+00  1.12938925E+00
   327  2.61600000E+02  1.12938925E+00  1.12411222E+00  1.12938925E+00
   328  2.62400000E+02  1.12938925E+00  1.12489975E+00  1.12938925E+00
   329  2.63200000E+02  1.12938924E+00  1.12561458E+00  1.12938924E+00
   330  2.64000000E+02  1.12938924E+00  1.12625759E+00  1.12938924E+00
   331  2.64800000E+02  1.12938924E+00  1.12683015E+00  1.12938924E+00
   332  2.65600000E+02  1.12938924E+00  1.12733414E+00  1.12938924E+00
   333  2.66400000E+02  1.12938924E+00  1.12777192E+00  1.12938924E+00
   334  2.67200000E+02  1.12938923E+00  1.12814638E+00  1.12938923E+00
   335  2.68000000E+02  1.12938923E+00  1.12846086E+00  1.12938923E+00
   336  2.68800000E+02  1.12938923E+00  1.12871918E+00  1.12938923E+00
   337  2.69600000E+02  1.12938923E+00  1.12892555E+00  1.12938923E+00
   338  2.70400000E+02  1.12938923E+00  1.12908454E+00  1.12938923E+00
   339  2.71200000E+02  1.12938923E+00  1.12920102E+00  1.12938923E+00
   340  2.72000000E+02  1.12938923E+00  1.12928006E+00  1.12938923E+00
   341  2.72800000E+02  1.12938922E+00  1.12932686E+00  1.12938922E+00
   342  2.73600000E+02  1.12938922E+00  1.12934664E+00  1.12938922E+00
   343  2.74400000E+02  1.12938922E+00  1.12934455E+00  1.12938922E+00
   344  2.75200000E+02  1.12938922E+00  1.12932556E+00  1.12938922E+00
   345  2.76000000E+02  1.12938922E+00  1.12929438E+00  1.12938922E+00
   346  2.76800000E+02  1.12938922E+00  1.12925536E+00  1.12938922E+00
   347  2.77600000E+02  1.12938922E+00  1.12921239E+00  1.12938922E+00
   348  2.78400000E+02  1.12938922E+00  1.12916887E+00  1.12938922E+00
   349  2.79200000E+02  1.12938922E+00  1.12912766E+00  1.12938922E+00
   350  2.80000000E+02  1.12938922E+00  1.12909099E+00  1.12938922E+00
   351  2.80800000E+02  1.12938922E+00  1.12906054E+00  1.12938922E+00
   352  2.81600000E+02  1.12938921E+00  1.12903740E+00  1.12938921E+00
   353  2.82400000E+02  1.12938921E+00  1.12902210E+00  1.12938921E+00
   354  2.83200000E+02  1.12938921E+00  1.12901468E+00  1.12938921E+00
   355  2.84000000E+02  1.12938921E+00  1.12901475E+00  1.12938921E+00
   356  2.84800000E+02  1.12938921E+00  1.12902157E+00  1.12938921E+00
   357  2.85600000E+02  1.12938921E+00  1.12903414E+00  1.12938921E+00
   358  2.86400000E+02  1.12938921E+00  1.12905128E+00  1.12938921E+00
   359  2.87200000E+02  1.12938921E+00  1.12907170E+00  1.12938921E+00
   360  2.88000000E+02  1.12938921E+00  1.12909413E+00  1.12938921E+00
   361  2.88800000E+02  1.12938921E+00  1.12911735E+00  1.12938921E+00
   362  2.89600000E+02  1.12938921E+00  1.12914027E+00  1.12938921E+00
   363  2.90400000E+02  1.12938921E+00  1.12916198E+00  1.12938921E+00
   364  2.91200000E+02  1.12938921E+00  1.12918175E+00  1.12938921E+00
   365  2.92000000E+02  1.12938921E+00  1.12919907E+00  1.12938921E+00
   366  2.92800000E+02  1.12938921E+00  1.12921365E+00  1.12938921E+00
   367  2.93600000E+02  1.12938921E+00  1.12922540E+00  1.12938921E+00
   368  2.94400000E+02  1.12938921E+00  1.12923438E+00  1.12938921E+00
   369  2.95200000E+02  1.12938921E+00  1.12924082E+00  1.12938921E+00
   370  2.96000000E+02  1.12938921E+00  1.12924505E+00  1.12938921E+00
   371  2.96800000E+02  1.12938921E+00  1.12924745E+00  1.12938921E+00
   372  2.97600000E+02  1.12938921E+00  1.12924844E+00  1.12938921E+00
   373  2.98400000E+02  1.12938921E+00  1.12924844E+00  1.12938921E+00
   374  2.99200000E+02  1.12938921E+00  1.12924785E+00  1.12938921E+00
   375  3.00000000E+02  1.12938921E+00  1.12924699E+00  1.12938921E+00
   376  3.00800000E+02  1.12938921E+00  1.12924614E+00  1.12938921E+00
   377  3.01600000E+02  1.12938921E+00  1.12924550E+00  1.12938921E+00
 steady-height stop at step    377: changes <=   1.0000E-05, max-end <=   1.0000E-02, max/end/gap/profile_change =   1.12938921E+00  1.12924550E+00  1.43710916E-04  1.46375555E-06


STDERR:
