COMMAND:
/shared/generate_rom_data/extrudate_swell2d_c_cluster

STDOUT:
 comppar: model =   6
 comppar: lambda,mobility/eps,betav,eta_0 =  1.0000E+00  3.6667E-01  3.0000E-01  1.0000E+00
 comppar: eta_s,eta_p,G =  3.0000E-01  7.0000E-01  7.0000E-01
 comppar: U_avg,deltat,flowrate,nsteps =  2.5000E-02  8.0000E-01  7.8540E-02     700
 comppar: geometry = axisymmetric
 comppar: steady stop change,gap,hold,min =  1.0000E-05  1.0000E-02      10      80
 comppar: ncompc,ncompg =     4     5
 mesh nnodes = 5765
 mesh nelem = 2780
 P1 BC   5.0000000000000000     
 P2 BC   0.0000000000000000     
     1  8.00000000E-01  1.00253045E+00  1.00000000E+00  1.00253045E+00
     2  1.60000000E+00  1.00502122E+00  1.00000000E+00  1.00502122E+00
     3  2.40000000E+00  1.00744401E+00  1.00000000E+00  1.00744401E+00
     4  3.20000000E+00  1.00981671E+00  1.00000000E+00  1.00981671E+00
     5  4.00000000E+00  1.01215508E+00  1.00000000E+00  1.01215508E+00
     6  4.80000000E+00  1.01446813E+00  1.00000000E+00  1.01446813E+00
     7  5.60000000E+00  1.01674639E+00  1.00000000E+00  1.01674639E+00
     8  6.40000000E+00  1.01899197E+00  1.00000000E+00  1.01899197E+00
     9  7.20000000E+00  1.02121091E+00  1.00000000E+00  1.02121091E+00
    10  8.00000000E+00  1.02339244E+00  1.00000000E+00  1.02339244E+00
    11  8.80000000E+00  1.02555464E+00  1.00000000E+00  1.02555464E+00
    12  9.60000000E+00  1.02767278E+00  1.00000000E+00  1.02767278E+00
    13  1.04000000E+01  1.02977482E+00  1.00000001E+00  1.02977482E+00
    14  1.12000000E+01  1.03183676E+00  1.00000001E+00  1.03183676E+00
    15  1.20000000E+01  1.03387694E+00  1.00000001E+00  1.03387694E+00
    16  1.28000000E+01  1.03588442E+00  1.00000001E+00  1.03588442E+00
    17  1.36000000E+01  1.03785139E+00  1.00000000E+00  1.03785139E+00
    18  1.44000000E+01  1.03981405E+00  1.00000000E+00  1.03981405E+00
    19  1.52000000E+01  1.04171654E+00  1.00000000E+00  1.04171654E+00
    20  1.60000000E+01  1.04362565E+00  1.00000000E+00  1.04362565E+00
    21  1.68000000E+01  1.04548492E+00  1.00000000E+00  1.04548492E+00
    22  1.76000000E+01  1.04730483E+00  9.99999998E-01  1.04730483E+00
    23  1.84000000E+01  1.04913315E+00  9.99999996E-01  1.04913315E+00
    24  1.92000000E+01  1.05089773E+00  9.99999993E-01  1.05089773E+00
    25  2.00000000E+01  1.05265700E+00  9.99999989E-01  1.05265700E+00
    26  2.08000000E+01  1.05439260E+00  9.99999985E-01  1.05439260E+00
    27  2.16000000E+01  1.05606131E+00  9.99999980E-01  1.05606131E+00
    28  2.24000000E+01  1.05774255E+00  9.99999974E-01  1.05774255E+00
    29  2.32000000E+01  1.05939771E+00  9.99999968E-01  1.05939771E+00
    30  2.40000000E+01  1.06098390E+00  9.99999961E-01  1.06098390E+00
    31  2.48000000E+01  1.06259108E+00  9.99999952E-01  1.06259108E+00
    32  2.56000000E+01  1.06416553E+00  9.99999943E-01  1.06416553E+00
    33  2.64000000E+01  1.06566894E+00  9.99999932E-01  1.06566894E+00
    34  2.72000000E+01  1.06717934E+00  9.99999921E-01  1.06717934E+00
    35  2.80000000E+01  1.06868966E+00  9.99999908E-01  1.06868966E+00
    36  2.88000000E+01  1.07012779E+00  9.99999893E-01  1.07012779E+00
    37  2.96000000E+01  1.07153651E+00  9.99999877E-01  1.07153651E+00
    38  3.04000000E+01  1.07298283E+00  9.99999860E-01  1.07298283E+00
    39  3.12000000E+01  1.07435573E+00  9.99999840E-01  1.07435573E+00
    40  3.20000000E+01  1.07565252E+00  9.99999819E-01  1.07565252E+00
    41  3.28000000E+01  1.07701650E+00  9.99999796E-01  1.07701650E+00
    42  3.36000000E+01  1.07834530E+00  9.99999771E-01  1.07834530E+00
    43  3.44000000E+01  1.07959780E+00  9.99999743E-01  1.07959780E+00
    44  3.52000000E+01  1.08081659E+00  9.99999714E-01  1.08081659E+00
    45  3.60000000E+01  1.08210142E+00  9.99999681E-01  1.08210142E+00
    46  3.68000000E+01  1.08330957E+00  9.99999646E-01  1.08330957E+00
    47  3.76000000E+01  1.08443887E+00  9.99999608E-01  1.08443887E+00
    48  3.84000000E+01  1.08557701E+00  9.99999566E-01  1.08557701E+00
    49  3.92000000E+01  1.08676590E+00  9.99999522E-01  1.08676590E+00
    50  4.00000000E+01  1.08787644E+00  9.99999474E-01  1.08787644E+00
    51  4.08000000E+01  1.08890680E+00  9.99999423E-01  1.08890680E+00
    52  4.16000000E+01  1.08997757E+00  9.99999367E-01  1.08997757E+00
    53  4.24000000E+01  1.09106896E+00  9.99999308E-01  1.09106896E+00
    54  4.32000000E+01  1.09208052E+00  9.99999244E-01  1.09208052E+00
    55  4.40000000E+01  1.09301087E+00  9.99999175E-01  1.09301087E+00
    56  4.48000000E+01  1.09396741E+00  9.99999102E-01  1.09396741E+00
    57  4.56000000E+01  1.09498358E+00  9.99999023E-01  1.09498358E+00
    58  4.64000000E+01  1.09591936E+00  9.99998939E-01  1.09591936E+00
    59  4.72000000E+01  1.09677378E+00  9.99998850E-01  1.09677378E+00
    60  4.80000000E+01  1.09762542E+00  9.99998754E-01  1.09762542E+00
    61  4.88000000E+01  1.09856551E+00  9.99998653E-01  1.09856551E+00
    62  4.96000000E+01  1.09942474E+00  9.99998544E-01  1.09942474E+00
    63  5.04000000E+01  1.10020258E+00  9.99998429E-01  1.10020258E+00
    64  5.12000000E+01  1.10093594E+00  9.99998306E-01  1.10093594E+00
    65  5.20000000E+01  1.10180259E+00  9.99998176E-01  1.10180259E+00
    66  5.28000000E+01  1.10258848E+00  9.99998037E-01  1.10258848E+00
    67  5.36000000E+01  1.10329372E+00  9.99997890E-01  1.10329372E+00
    68  5.44000000E+01  1.10394868E+00  9.99997734E-01  1.10394868E+00
    69  5.52000000E+01  1.10474115E+00  9.99997569E-01  1.10474115E+00
    70  5.60000000E+01  1.10545312E+00  9.99997393E-01  1.10545312E+00
    71  5.68000000E+01  1.10608531E+00  9.99997208E-01  1.10608531E+00
    72  5.76000000E+01  1.10665735E+00  9.99997012E-01  1.10665735E+00
    73  5.84000000E+01  1.10737737E+00  9.99996804E-01  1.10737737E+00
    74  5.92000000E+01  1.10801806E+00  9.99996585E-01  1.10801806E+00
    75  6.00000000E+01  1.10858096E+00  9.99996354E-01  1.10858096E+00
    76  6.08000000E+01  1.10910212E+00  9.99996109E-01  1.10910212E+00
    77  6.16000000E+01  1.10974917E+00  9.99995851E-01  1.10974917E+00
    78  6.24000000E+01  1.11031825E+00  9.99995579E-01  1.11031825E+00
    79  6.32000000E+01  1.11081168E+00  9.99995292E-01  1.11081168E+00
    80  6.40000000E+01  1.11128053E+00  9.99994990E-01  1.11128053E+00
    81  6.48000000E+01  1.11185810E+00  9.99994672E-01  1.11185810E+00
    82  6.56000000E+01  1.11236019E+00  9.99994338E-01  1.11236019E+00
    83  6.64000000E+01  1.11278988E+00  9.99993986E-01  1.11278988E+00
    84  6.72000000E+01  1.11322769E+00  9.99993616E-01  1.11322769E+00
    85  6.80000000E+01  1.11373560E+00  9.99993227E-01  1.11373560E+00
    86  6.88000000E+01  1.11417072E+00  9.99992818E-01  1.11417072E+00
    87  6.96000000E+01  1.11453691E+00  9.99992389E-01  1.11453691E+00
    88  7.04000000E+01  1.11494964E+00  9.99991939E-01  1.11494964E+00
    89  7.12000000E+01  1.11539331E+00  9.99991467E-01  1.11539331E+00
    90  7.20000000E+01  1.11576786E+00  9.99990972E-01  1.11576786E+00
    91  7.28000000E+01  1.11607778E+00  9.99990453E-01  1.11607778E+00
    92  7.36000000E+01  1.11646868E+00  9.99989909E-01  1.11646868E+00
    93  7.44000000E+01  1.11684832E+00  9.99989340E-01  1.11684832E+00
    94  7.52000000E+01  1.11716280E+00  9.99988745E-01  1.11716280E+00
    95  7.60000000E+01  1.11741727E+00  9.99988121E-01  1.11741727E+00
    96  7.68000000E+01  1.11780046E+00  9.99987470E-01  1.11780046E+00
    97  7.76000000E+01  1.11812298E+00  9.99986789E-01  1.11812298E+00
    98  7.84000000E+01  1.11838495E+00  9.99986078E-01  1.11838495E+00
    99  7.92000000E+01  1.11862955E+00  9.99985335E-01  1.11862955E+00
   100  8.00000000E+01  1.11895686E+00  9.99984559E-01  1.11895686E+00
   101  8.08000000E+01  1.11922307E+00  9.99983750E-01  1.11922307E+00
   102  8.16000000E+01  1.11943370E+00  9.99982907E-01  1.11943370E+00
   103  8.24000000E+01  1.11969013E+00  9.99982028E-01  1.11969013E+00
   104  8.32000000E+01  1.11996403E+00  9.99981111E-01  1.11996403E+00
   105  8.40000000E+01  1.12018168E+00  9.99980157E-01  1.12018168E+00
   106  8.48000000E+01  1.12034891E+00  9.99979164E-01  1.12034891E+00
   107  8.56000000E+01  1.12059858E+00  9.99978131E-01  1.12059858E+00
   108  8.64000000E+01  1.12082016E+00  9.99977057E-01  1.12082016E+00
   109  8.72000000E+01  1.12099075E+00  9.99975940E-01  1.12099075E+00
   110  8.80000000E+01  1.12115647E+00  9.99974779E-01  1.12115647E+00
   111  8.88000000E+01  1.12138534E+00  9.99973574E-01  1.12138534E+00
   112  8.96000000E+01  1.12156243E+00  9.99972324E-01  1.12156243E+00
   113  9.04000000E+01  1.12169381E+00  9.99971026E-01  1.12169381E+00
   114  9.12000000E+01  1.12186074E+00  9.99969681E-01  1.12186074E+00
   115  9.20000000E+01  1.12204146E+00  9.99968287E-01  1.12204146E+00
   116  9.28000000E+01  1.12217587E+00  9.99966842E-01  1.12217587E+00
   117  9.36000000E+01  1.12227986E+00  9.99965347E-01  1.12227986E+00
   118  9.44000000E+01  1.12246739E+00  9.99963801E-01  1.12246739E+00
   119  9.52000000E+01  1.12260774E+00  9.99962201E-01  1.12260774E+00
   120  9.60000000E+01  1.12270713E+00  9.99960548E-01  1.12270713E+00
   121  9.68000000E+01  1.12281744E+00  9.99958841E-01  1.12281744E+00
   122  9.76000000E+01  1.12296110E+00  9.99957078E-01  1.12296110E+00
   123  9.84000000E+01  1.12306321E+00  9.99955260E-01  1.12306321E+00
   124  9.92000000E+01  1.12313013E+00  9.99953386E-01  1.12313013E+00
   125  1.00000000E+02  1.12327850E+00  9.99951454E-01  1.12327850E+00
   126  1.00800000E+02  1.12338593E+00  9.99949466E-01  1.12338593E+00
   127  1.01600000E+02  1.12345713E+00  9.99947420E-01  1.12345713E+00
   128  1.02400000E+02  1.12353126E+00  9.99945316E-01  1.12353126E+00
   129  1.03200000E+02  1.12364167E+00  9.99943155E-01  1.12364167E+00
   130  1.04000000E+02  1.12371527E+00  9.99940936E-01  1.12371527E+00
   131  1.04800000E+02  1.12375944E+00  9.99938659E-01  1.12375944E+00
   132  1.05600000E+02  1.12387553E+00  9.99936326E-01  1.12387553E+00
   133  1.06400000E+02  1.12395378E+00  9.99933936E-01  1.12395378E+00
   134  1.07200000E+02  1.12400050E+00  9.99931491E-01  1.12400050E+00
   135  1.08000000E+02  1.12405388E+00  9.99928992E-01  1.12405388E+00
   136  1.08800000E+02  1.12413478E+00  9.99926439E-01  1.12413478E+00
   137  1.09600000E+02  1.12418358E+00  9.99923835E-01  1.12418358E+00
   138  1.10400000E+02  1.12421949E+00  9.99921181E-01  1.12421949E+00
   139  1.11200000E+02  1.12430542E+00  9.99918480E-01  1.12430542E+00
   140  1.12000000E+02  1.12435816E+00  9.99915733E-01  1.12435816E+00
   141  1.12800000E+02  1.12438392E+00  9.99912944E-01  1.12438392E+00
   142  1.13600000E+02  1.12442766E+00  9.99910115E-01  1.12442766E+00
   143  1.14400000E+02  1.12448270E+00  9.99907251E-01  1.12448270E+00
   144  1.15200000E+02  1.12451023E+00  9.99904354E-01  1.12451023E+00
   145  1.16000000E+02  1.12454685E+00  9.99901430E-01  1.12454685E+00
   146  1.16800000E+02  1.12460621E+00  9.99898484E-01  1.12460621E+00
   147  1.17600000E+02  1.12463696E+00  9.99895519E-01  1.12463696E+00
   148  1.18400000E+02  1.12464512E+00  9.99892544E-01  1.12464512E+00
   149  1.19200000E+02  1.12468695E+00  9.99889563E-01  1.12468695E+00
   150  1.20000000E+02  1.12471966E+00  9.99886584E-01  1.12471966E+00
   151  1.20800000E+02  1.12472928E+00  9.99883615E-01  1.12472928E+00
   152  1.21600000E+02  1.12477221E+00  9.99880663E-01  1.12477221E+00
   153  1.22400000E+02  1.12480851E+00  9.99877740E-01  1.12480851E+00
   154  1.23200000E+02  1.12482061E+00  9.99874853E-01  1.12482061E+00
   155  1.24000000E+02  1.12482058E+00  9.99872014E-01  1.12482058E+00
   156  1.24800000E+02  1.12485904E+00  9.99869236E-01  1.12485904E+00
   157  1.25600000E+02  1.12487278E+00  9.99866529E-01  1.12487278E+00
   158  1.26400000E+02  1.12487768E+00  9.99863909E-01  1.12487768E+00
   159  1.27200000E+02  1.12492009E+00  9.99861389E-01  1.12492009E+00
   160  1.28000000E+02  1.12493666E+00  9.99858985E-01  1.12493666E+00
   161  1.28800000E+02  1.12493329E+00  9.99856715E-01  1.12493329E+00
   162  1.29600000E+02  1.12494731E+00  9.99854597E-01  1.12494731E+00
   163  1.30400000E+02  1.12496570E+00  9.99852650E-01  1.12496570E+00
   164  1.31200000E+02  1.12496365E+00  9.99850894E-01  1.12496365E+00
   165  1.32000000E+02  1.12498822E+00  9.99849353E-01  1.12498822E+00
   166  1.32800000E+02  1.12500980E+00  9.99848050E-01  1.12500980E+00
   167  1.33600000E+02  1.12500984E+00  9.99847011E-01  1.12500984E+00
   168  1.34400000E+02  1.12499889E+00  9.99846262E-01  1.12499889E+00
   169  1.35200000E+02  1.12502247E+00  9.99845833E-01  1.12502247E+00
   170  1.36000000E+02  1.12502399E+00  9.99845755E-01  1.12502399E+00
   171  1.36800000E+02  1.12502545E+00  9.99846060E-01  1.12502545E+00
   172  1.37600000E+02  1.12505257E+00  9.99846784E-01  1.12505257E+00
   173  1.38400000E+02  1.12505651E+00  9.99847963E-01  1.12505651E+00
   174  1.39200000E+02  1.12504301E+00  9.99849637E-01  1.12504301E+00
   175  1.40000000E+02  1.12505392E+00  9.99851849E-01  1.12505392E+00
   176  1.40800000E+02  1.12505951E+00  9.99854642E-01  1.12505951E+00
   177  1.41600000E+02  1.12504718E+00  9.99858063E-01  1.12504718E+00
   178  1.42400000E+02  1.12507431E+00  9.99862163E-01  1.12507431E+00
   179  1.43200000E+02  1.12508268E+00  9.99866994E-01  1.12508268E+00
   180  1.44000000E+02  1.12507203E+00  9.99872613E-01  1.12507203E+00
   181  1.44800000E+02  1.12506805E+00  9.99879078E-01  1.12506805E+00
   182  1.45600000E+02  1.12507823E+00  9.99886453E-01  1.12507823E+00
   183  1.46400000E+02  1.12506890E+00  9.99894803E-01  1.12506890E+00
   184  1.47200000E+02  1.12508180E+00  9.99904198E-01  1.12508180E+00
   185  1.48000000E+02  1.12509508E+00  9.99914712E-01  1.12509508E+00
   186  1.48800000E+02  1.12508776E+00  9.99926422E-01  1.12508776E+00
   187  1.49600000E+02  1.12507060E+00  9.99939411E-01  1.12507060E+00
   188  1.50400000E+02  1.12508588E+00  9.99953765E-01  1.12508588E+00
   189  1.51200000E+02  1.12508002E+00  9.99969575E-01  1.12508002E+00
   190  1.52000000E+02  1.12507994E+00  9.99986936E-01  1.12507994E+00
   191  1.52800000E+02  1.12509864E+00  1.00000595E+00  1.12509864E+00
   192  1.53600000E+02  1.12509512E+00  1.00002672E+00  1.12509512E+00
   193  1.54400000E+02  1.12507502E+00  1.00004936E+00  1.12507502E+00
   194  1.55200000E+02  1.12508655E+00  1.00007399E+00  1.12508655E+00
   195  1.56000000E+02  1.12508465E+00  1.00010072E+00  1.12508465E+00
   196  1.56800000E+02  1.12507209E+00  1.00012970E+00  1.12507209E+00
   197  1.57600000E+02  1.12509672E+00  1.00016105E+00  1.12509672E+00
   198  1.58400000E+02  1.12509749E+00  1.00019491E+00  1.12509749E+00
   199  1.59200000E+02  1.12508012E+00  1.00023144E+00  1.12508012E+00
   200  1.60000000E+02  1.12508302E+00  1.00027079E+00  1.12508302E+00
   201  1.60800000E+02  1.12508556E+00  1.00031312E+00  1.12508556E+00
   202  1.61600000E+02  1.12506947E+00  1.00035861E+00  1.12506947E+00
   203  1.62400000E+02  1.12509159E+00  1.00040743E+00  1.12509159E+00
   204  1.63200000E+02  1.12509712E+00  1.00045978E+00  1.12509712E+00
   205  1.64000000E+02  1.12508293E+00  1.00051584E+00  1.12508293E+00
   206  1.64800000E+02  1.12507710E+00  1.00057583E+00  1.12507710E+00
   207  1.65600000E+02  1.12508458E+00  1.00063996E+00  1.12508458E+00
   208  1.66400000E+02  1.12507181E+00  1.00070844E+00  1.12507181E+00
   209  1.67200000E+02  1.12508469E+00  1.00078153E+00  1.12508469E+00
   210  1.68000000E+02  1.12509547E+00  1.00085945E+00  1.12509547E+00
   211  1.68800000E+02  1.12508493E+00  1.00094247E+00  1.12508493E+00
   212  1.69600000E+02  1.12506994E+00  1.00103085E+00  1.12506994E+00
   213  1.70400000E+02  1.12508284E+00  1.00112486E+00  1.12508284E+00
   214  1.71200000E+02  1.12507386E+00  1.00122479E+00  1.12507386E+00
   215  1.72000000E+02  1.12507689E+00  1.00133095E+00  1.12507689E+00
   216  1.72800000E+02  1.12509340E+00  1.00144364E+00  1.12509340E+00
   217  1.73600000E+02  1.12508696E+00  1.00156318E+00  1.12508696E+00
   218  1.74400000E+02  1.12506323E+00  1.00168992E+00  1.12506323E+00
   219  1.75200000E+02  1.12508095E+00  1.00182421E+00  1.12508095E+00
   220  1.76000000E+02  1.12507624E+00  1.00196640E+00  1.12507624E+00
   221  1.76800000E+02  1.12506862E+00  1.00211687E+00  1.12506862E+00
   222  1.77600000E+02  1.12509133E+00  1.00227602E+00  1.12509133E+00
   223  1.78400000E+02  1.12508947E+00  1.00244424E+00  1.12508947E+00
   224  1.79200000E+02  1.12506876E+00  1.00262196E+00  1.12506876E+00
   225  1.80000000E+02  1.12507919E+00  1.00280962E+00  1.12507919E+00
   226  1.80800000E+02  1.12507921E+00  1.00300765E+00  1.12507921E+00
   227  1.81600000E+02  1.12506002E+00  1.00321653E+00  1.12506002E+00
   228  1.82400000E+02  1.12508942E+00  1.00343673E+00  1.12508942E+00
   229  1.83200000E+02  1.12509260E+00  1.00366876E+00  1.12509260E+00
   230  1.84000000E+02  1.12507534E+00  1.00391311E+00  1.12507534E+00
   231  1.84800000E+02  1.12507759E+00  1.00417032E+00  1.12507759E+00
   232  1.85600000E+02  1.12508281E+00  1.00444093E+00  1.12508281E+00
   233  1.86400000E+02  1.12506706E+00  1.00472550E+00  1.12506706E+00
   234  1.87200000E+02  1.12508761E+00  1.00502460E+00  1.12508761E+00
   235  1.88000000E+02  1.12509629E+00  1.00533882E+00  1.12509629E+00
   236  1.88800000E+02  1.12508294E+00  1.00566877E+00  1.12508294E+00
   237  1.89600000E+02  1.12507603E+00  1.00601507E+00  1.12507603E+00
   238  1.90400000E+02  1.12508694E+00  1.00637835E+00  1.12508694E+00
   239  1.91200000E+02  1.12507524E+00  1.00675927E+00  1.12507524E+00
   240  1.92000000E+02  1.12508572E+00  1.00715848E+00  1.12508572E+00
   241  1.92800000E+02  1.12510038E+00  1.00757668E+00  1.12510038E+00
   242  1.93600000E+02  1.12509139E+00  1.00801454E+00  1.12509139E+00
   243  1.94400000E+02  1.12507430E+00  1.00847277E+00  1.12507430E+00
   244  1.95200000E+02  1.12509135E+00  1.00895209E+00  1.12509135E+00
   245  1.96000000E+02  1.12508417E+00  1.00945322E+00  1.12508417E+00
   246  1.96800000E+02  1.12508353E+00  1.00997690E+00  1.12508353E+00
   247  1.97600000E+02  1.12510461E+00  1.01052387E+00  1.12510461E+00
   248  1.98400000E+02  1.12510044E+00  1.01109488E+00  1.12510044E+00
   249  1.99200000E+02  1.12507671E+00  1.01169069E+00  1.12507671E+00
   250  2.00000000E+02  1.12509579E+00  1.01231206E+00  1.12509579E+00
   251  2.00800000E+02  1.12509359E+00  1.01295974E+00  1.12509359E+00
   252  2.01600000E+02  1.12508074E+00  1.01363452E+00  1.12508074E+00
   253  2.02400000E+02  1.12510871E+00  1.01433713E+00  1.12510871E+00
   254  2.03200000E+02  1.12510981E+00  1.01506835E+00  1.12510981E+00
   255  2.04000000E+02  1.12508978E+00  1.01582892E+00  1.12508978E+00
   256  2.04800000E+02  1.12509996E+00  1.01661959E+00  1.12509996E+00
   257  2.05600000E+02  1.12510320E+00  1.01744107E+00  1.12510320E+00
   258  2.06400000E+02  1.12508475E+00  1.01829409E+00  1.12508475E+00
   259  2.07200000E+02  1.12511239E+00  1.01917933E+00  1.12511239E+00
   260  2.08000000E+02  1.12511920E+00  1.02009747E+00  1.12511920E+00
   261  2.08800000E+02  1.12510331E+00  1.02104915E+00  1.12510331E+00
   262  2.09600000E+02  1.12510358E+00  1.02203499E+00  1.12510358E+00
   263  2.10400000E+02  1.12511270E+00  1.02305557E+00  1.12511270E+00
   264  2.11200000E+02  1.12509855E+00  1.02411143E+00  1.12509855E+00
   265  2.12000000E+02  1.12511534E+00  1.02520308E+00  1.12511534E+00
   266  2.12800000E+02  1.12512833E+00  1.02633096E+00  1.12512833E+00
   267  2.13600000E+02  1.12511702E+00  1.02749547E+00  1.12511702E+00
   268  2.14400000E+02  1.12510634E+00  1.02869697E+00  1.12510634E+00
   269  2.15200000E+02  1.12512181E+00  1.02993573E+00  1.12512181E+00
   270  2.16000000E+02  1.12511239E+00  1.03121196E+00  1.12511239E+00
   271  2.16800000E+02  1.12511729E+00  1.03252582E+00  1.12511729E+00
   272  2.17600000E+02  1.12513690E+00  1.03387736E+00  1.12513690E+00
   273  2.18400000E+02  1.12513062E+00  1.03526658E+00  1.12513062E+00
   274  2.19200000E+02  1.12510798E+00  1.03669337E+00  1.12510798E+00
   275  2.20000000E+02  1.12513024E+00  1.03815752E+00  1.12513024E+00
   276  2.20800000E+02  1.12512601E+00  1.03965876E+00  1.12512601E+00
   277  2.21600000E+02  1.12511799E+00  1.04119667E+00  1.12511799E+00
   278  2.22400000E+02  1.12514466E+00  1.04277075E+00  1.12514466E+00
   279  2.23200000E+02  1.12514384E+00  1.04438039E+00  1.12514384E+00
   280  2.24000000E+02  1.12512127E+00  1.04602484E+00  1.12512127E+00
   281  2.24800000E+02  1.12513774E+00  1.04770325E+00  1.12513774E+00
   282  2.25600000E+02  1.12513915E+00  1.04941463E+00  1.12513915E+00
   283  2.26400000E+02  1.12511823E+00  1.05115788E+00  1.12511823E+00
   284  2.27200000E+02  1.12515135E+00  1.05293173E+00  1.12515135E+00
   285  2.28000000E+02  1.12515645E+00  1.05473483E+00  1.12515645E+00
   286  2.28800000E+02  1.12513822E+00  1.05656564E+00  1.12513822E+00
   287  2.29600000E+02  1.12514408E+00  1.05842253E+00  1.12514408E+00
   288  2.30400000E+02  1.12515156E+00  1.06030369E+00  1.12515156E+00
   289  2.31200000E+02  1.12513514E+00  1.06220720E+00  1.12513514E+00
   290  2.32000000E+02  1.12515676E+00  1.06413099E+00  1.12515676E+00
   291  2.32800000E+02  1.12516821E+00  1.06607285E+00  1.12516821E+00
   292  2.33600000E+02  1.12515475E+00  1.06803046E+00  1.12515475E+00
   293  2.34400000E+02  1.12514902E+00  1.07000134E+00  1.12514902E+00
   294  2.35200000E+02  1.12516304E+00  1.07198290E+00  1.12516304E+00
   295  2.36000000E+02  1.12515155E+00  1.07397241E+00  1.12515155E+00
   296  2.36800000E+02  1.12516066E+00  1.07596704E+00  1.12516066E+00
   297  2.37600000E+02  1.12517890E+00  1.07796385E+00  1.12517890E+00
   298  2.38400000E+02  1.12517066E+00  1.07995978E+00  1.12517066E+00
   299  2.39200000E+02  1.12515239E+00  1.08195167E+00  1.12515239E+00
   300  2.40000000E+02  1.12517336E+00  1.08393629E+00  1.12517336E+00
   301  2.40800000E+02  1.12516726E+00  1.08591033E+00  1.12516726E+00
   302  2.41600000E+02  1.12516288E+00  1.08787038E+00  1.12516288E+00
   303  2.42400000E+02  1.12518834E+00  1.08981300E+00  1.12518834E+00
   304  2.43200000E+02  1.12518575E+00  1.09173470E+00  1.12518575E+00
   305  2.44000000E+02  1.12516080E+00  1.09363193E+00  1.12516080E+00
   306  2.44800000E+02  1.12518235E+00  1.09550114E+00  1.12518235E+00
   307  2.45600000E+02  1.12518207E+00  1.09733877E+00  1.12518207E+00
   308  2.46400000E+02  1.12516324E+00  1.09914124E+00  1.12516324E+00
   309  2.47200000E+02  1.12519635E+00  1.10090503E+00  1.12519635E+00
   310  2.48000000E+02  1.12519985E+00  1.10262662E+00  1.12519985E+00
   311  2.48800000E+02  1.12517943E+00  1.10430256E+00  1.12517943E+00
   312  2.49600000E+02  1.12518984E+00  1.10592947E+00  1.12518984E+00
   313  2.50400000E+02  1.12519581E+00  1.10750408E+00  1.12519581E+00
   314  2.51200000E+02  1.12517727E+00  1.10902319E+00  1.12517727E+00
   315  2.52000000E+02  1.12520277E+00  1.11048378E+00  1.12520277E+00
   316  2.52800000E+02  1.12521278E+00  1.11188297E+00  1.12521278E+00
   317  2.53600000E+02  1.12519732E+00  1.11321806E+00  1.12519732E+00
   318  2.54400000E+02  1.12519567E+00  1.11448657E+00  1.12519567E+00
   319  2.55200000E+02  1.12520832E+00  1.11568625E+00  1.12520832E+00
   320  2.56000000E+02  1.12519490E+00  1.11681513E+00  1.12519490E+00
   321  2.56800000E+02  1.12520744E+00  1.11787155E+00  1.12520744E+00
   322  2.57600000E+02  1.12522440E+00  1.11885419E+00  1.12522440E+00
   323  2.58400000E+02  1.12521433E+00  1.11976210E+00  1.12521433E+00
   324  2.59200000E+02  1.12519967E+00  1.12059474E+00  1.12519967E+00
   325  2.60000000E+02  1.12521944E+00  1.12135203E+00  1.12521944E+00
   326  2.60800000E+02  1.12521158E+00  1.12203437E+00  1.12521158E+00
   327  2.61600000E+02  1.12521023E+00  1.12264268E+00  1.12521023E+00
   328  2.62400000E+02  1.12523455E+00  1.12317841E+00  1.12523455E+00
   329  2.63200000E+02  1.12523030E+00  1.12364356E+00  1.12523030E+00
   330  2.64000000E+02  1.12520313E+00  1.12404072E+00  1.12520313E+00
   331  2.64800000E+02  1.12522910E+00  1.12437301E+00  1.12522910E+00
   332  2.65600000E+02  1.12522728E+00  1.12464411E+00  1.12522728E+00
   333  2.66400000E+02  1.12521130E+00  1.12485819E+00  1.12521130E+00
   334  2.67200000E+02  1.12524345E+00  1.12501989E+00  1.12524345E+00
   335  2.68000000E+02  1.12524549E+00  1.12513424E+00  1.12524549E+00
   336  2.68800000E+02  1.12522306E+00  1.12520657E+00  1.12522306E+00
   337  2.69600000E+02  1.12524245E+00  1.12524245E+00  1.12524245E+00
   338  2.70400000E+02  1.12524752E+00  1.12524752E+00  1.12524752E+00
   339  2.71200000E+02  1.12522747E+00  1.12522747E+00  1.12522747E+00
   340  2.72000000E+02  1.12518784E+00  1.12518784E+00  1.12518784E+00
   341  2.72800000E+02  1.12513393E+00  1.12513393E+00  1.12513393E+00
   342  2.73600000E+02  1.12507072E+00  1.12507072E+00  1.12507072E+00
   343  2.74400000E+02  1.12500273E+00  1.12500273E+00  1.12500273E+00
   344  2.75200000E+02  1.12493395E+00  1.12493395E+00  1.12493395E+00
   345  2.76000000E+02  1.12491827E+00  1.12486779E+00  1.12491827E+00
   346  2.76800000E+02  1.12491827E+00  1.12480700E+00  1.12491827E+00
   347  2.77600000E+02  1.12491827E+00  1.12475368E+00  1.12491827E+00
   348  2.78400000E+02  1.12491826E+00  1.12470927E+00  1.12491826E+00
   349  2.79200000E+02  1.12491826E+00  1.12467459E+00  1.12491826E+00
   350  2.80000000E+02  1.12491826E+00  1.12464984E+00  1.12491826E+00
   351  2.80800000E+02  1.12491826E+00  1.12463476E+00  1.12491826E+00
   352  2.81600000E+02  1.12491826E+00  1.12462862E+00  1.12491826E+00
   353  2.82400000E+02  1.12491825E+00  1.12463037E+00  1.12491825E+00
   354  2.83200000E+02  1.12491825E+00  1.12463871E+00  1.12491825E+00
   355  2.84000000E+02  1.12491825E+00  1.12465219E+00  1.12491825E+00
   356  2.84800000E+02  1.12491825E+00  1.12466935E+00  1.12491825E+00
   357  2.85600000E+02  1.12491825E+00  1.12468873E+00  1.12491825E+00
   358  2.86400000E+02  1.12491825E+00  1.12470900E+00  1.12491825E+00
   359  2.87200000E+02  1.12491824E+00  1.12472899E+00  1.12491824E+00
   360  2.88000000E+02  1.12491824E+00  1.12474775E+00  1.12491824E+00
   361  2.88800000E+02  1.12491824E+00  1.12476453E+00  1.12491824E+00
   362  2.89600000E+02  1.12491824E+00  1.12477886E+00  1.12491824E+00
   363  2.90400000E+02  1.12491824E+00  1.12479045E+00  1.12491824E+00
   364  2.91200000E+02  1.12491824E+00  1.12479926E+00  1.12491824E+00
   365  2.92000000E+02  1.12491824E+00  1.12480540E+00  1.12491824E+00
   366  2.92800000E+02  1.12491824E+00  1.12480913E+00  1.12491824E+00
   367  2.93600000E+02  1.12491823E+00  1.12481079E+00  1.12491823E+00
   368  2.94400000E+02  1.12491823E+00  1.12481080E+00  1.12491823E+00
   369  2.95200000E+02  1.12491823E+00  1.12480958E+00  1.12491823E+00
   370  2.96000000E+02  1.12491823E+00  1.12480757E+00  1.12491823E+00
   371  2.96800000E+02  1.12491823E+00  1.12480513E+00  1.12491823E+00
   372  2.97600000E+02  1.12491823E+00  1.12480258E+00  1.12491823E+00
   373  2.98400000E+02  1.12491823E+00  1.12480019E+00  1.12491823E+00
 steady-height stop at step    373: changes <=   1.0000E-05, max-end <=   1.0000E-02, max/end/gap/profile_change =   1.12491823E+00  1.12480019E+00  1.18036425E-04  2.39028783E-06


STDERR:
