COMMAND:
/shared/generate_rom_data/extrudate_swell2d_c_cluster

STDOUT:
 comppar: model =   6
 comppar: lambda,mobility/eps,betav,eta_0 =  6.4000E+00  1.0000E-01  1.0000E-01  1.0000E+00
 comppar: eta_s,eta_p,G =  1.0000E-01  9.0000E-01  1.4062E-01
 comppar: U_avg,deltat,flowrate,nsteps =  2.5000E-02  8.0000E-01  7.8540E-02     700
 comppar: geometry = axisymmetric
 comppar: steady stop change,gap,hold,min =  1.0000E-05  1.0000E-02      10      80
 comppar: ncompc,ncompg =     4     5
 mesh nnodes = 5765
 mesh nelem = 2780
 P1 BC   5.0000000000000000     
 P2 BC   0.0000000000000000     
     1  8.00000000E-01  1.00252543E+00  1.00000000E+00  1.00252543E+00
     2  1.60000000E+00  1.00496988E+00  1.00000000E+00  1.00496988E+00
     3  2.40000000E+00  1.00731247E+00  1.00000000E+00  1.00731247E+00
     4  3.20000000E+00  1.00959276E+00  1.00000000E+00  1.00959276E+00
     5  4.00000000E+00  1.01182606E+00  1.00000000E+00  1.01182606E+00
     6  4.80000000E+00  1.01402527E+00  1.00000000E+00  1.01402527E+00
     7  5.60000000E+00  1.01619449E+00  1.00000000E+00  1.01619449E+00
     8  6.40000000E+00  1.01835612E+00  1.00000000E+00  1.01835612E+00
     9  7.20000000E+00  1.02050269E+00  1.00000000E+00  1.02050269E+00
    10  8.00000000E+00  1.02263928E+00  1.00000001E+00  1.02263928E+00
    11  8.80000000E+00  1.02476313E+00  1.00000001E+00  1.02476313E+00
    12  9.60000000E+00  1.02688380E+00  1.00000001E+00  1.02688380E+00
    13  1.04000000E+01  1.02897941E+00  1.00000001E+00  1.02897941E+00
    14  1.12000000E+01  1.03108289E+00  1.00000001E+00  1.03108289E+00
    15  1.20000000E+01  1.03315110E+00  1.00000001E+00  1.03315110E+00
    16  1.28000000E+01  1.03521701E+00  1.00000001E+00  1.03521701E+00
    17  1.36000000E+01  1.03727041E+00  1.00000001E+00  1.03727041E+00
    18  1.44000000E+01  1.03928313E+00  1.00000001E+00  1.03928313E+00
    19  1.52000000E+01  1.04131316E+00  1.00000001E+00  1.04131316E+00
    20  1.60000000E+01  1.04330714E+00  1.00000001E+00  1.04330714E+00
    21  1.68000000E+01  1.04525503E+00  1.00000001E+00  1.04525503E+00
    22  1.76000000E+01  1.04723638E+00  1.00000001E+00  1.04723638E+00
    23  1.84000000E+01  1.04917181E+00  1.00000001E+00  1.04917181E+00
    24  1.92000000E+01  1.05105681E+00  1.00000000E+00  1.05105681E+00
    25  2.00000000E+01  1.05296540E+00  1.00000000E+00  1.05296540E+00
    26  2.08000000E+01  1.05483538E+00  9.99999999E-01  1.05483538E+00
    27  2.16000000E+01  1.05665098E+00  9.99999995E-01  1.05665098E+00
    28  2.24000000E+01  1.05843785E+00  9.99999991E-01  1.05843785E+00
    29  2.32000000E+01  1.06024795E+00  9.99999986E-01  1.06024795E+00
    30  2.40000000E+01  1.06200092E+00  9.99999980E-01  1.06200092E+00
    31  2.48000000E+01  1.06369370E+00  9.99999974E-01  1.06369370E+00
    32  2.56000000E+01  1.06543388E+00  9.99999966E-01  1.06543388E+00
    33  2.64000000E+01  1.06712092E+00  9.99999958E-01  1.06712092E+00
    34  2.72000000E+01  1.06874548E+00  9.99999949E-01  1.06874548E+00
    35  2.80000000E+01  1.07038370E+00  9.99999938E-01  1.07038370E+00
    36  2.88000000E+01  1.07201838E+00  9.99999927E-01  1.07201838E+00
    37  2.96000000E+01  1.07358930E+00  9.99999914E-01  1.07358930E+00
    38  3.04000000E+01  1.07509426E+00  9.99999899E-01  1.07509426E+00
    39  3.12000000E+01  1.07667557E+00  9.99999883E-01  1.07667557E+00
    40  3.20000000E+01  1.07819188E+00  9.99999866E-01  1.07819188E+00
    41  3.28000000E+01  1.07964111E+00  9.99999847E-01  1.07964111E+00
    42  3.36000000E+01  1.08102779E+00  9.99999826E-01  1.08102779E+00
    43  3.44000000E+01  1.08250827E+00  9.99999803E-01  1.08250827E+00
    44  3.52000000E+01  1.08392161E+00  9.99999778E-01  1.08392161E+00
    45  3.60000000E+01  1.08526637E+00  9.99999751E-01  1.08526637E+00
    46  3.68000000E+01  1.08655873E+00  9.99999722E-01  1.08655873E+00
    47  3.76000000E+01  1.08793573E+00  9.99999690E-01  1.08793573E+00
    48  3.84000000E+01  1.08924416E+00  9.99999656E-01  1.08924416E+00
    49  3.92000000E+01  1.09048336E+00  9.99999618E-01  1.09048336E+00
    50  4.00000000E+01  1.09165338E+00  9.99999578E-01  1.09165338E+00
    51  4.08000000E+01  1.09293067E+00  9.99999535E-01  1.09293067E+00
    52  4.16000000E+01  1.09415706E+00  9.99999488E-01  1.09415706E+00
    53  4.24000000E+01  1.09531507E+00  9.99999438E-01  1.09531507E+00
    54  4.32000000E+01  1.09640545E+00  9.99999384E-01  1.09640545E+00
    55  4.40000000E+01  1.09755018E+00  9.99999326E-01  1.09755018E+00
    56  4.48000000E+01  1.09869481E+00  9.99999264E-01  1.09869481E+00
    57  4.56000000E+01  1.09977229E+00  9.99999198E-01  1.09977229E+00
    58  4.64000000E+01  1.10078407E+00  9.99999127E-01  1.10078407E+00
    59  4.72000000E+01  1.10174412E+00  9.99999051E-01  1.10174412E+00
    60  4.80000000E+01  1.10282986E+00  9.99998970E-01  1.10282986E+00
    61  4.88000000E+01  1.10385009E+00  9.99998883E-01  1.10385009E+00
    62  4.96000000E+01  1.10480676E+00  9.99998791E-01  1.10480676E+00
    63  5.04000000E+01  1.10570252E+00  9.99998693E-01  1.10570252E+00
    64  5.12000000E+01  1.10661221E+00  9.99998588E-01  1.10661221E+00
    65  5.20000000E+01  1.10757487E+00  9.99998477E-01  1.10757487E+00
    66  5.28000000E+01  1.10847614E+00  9.99998359E-01  1.10847614E+00
    67  5.36000000E+01  1.10931921E+00  9.99998233E-01  1.10931921E+00
    68  5.44000000E+01  1.11010809E+00  9.99998100E-01  1.11010809E+00
    69  5.52000000E+01  1.11095823E+00  9.99997958E-01  1.11095823E+00
    70  5.60000000E+01  1.11181096E+00  9.99997808E-01  1.11181096E+00
    71  5.68000000E+01  1.11260904E+00  9.99997649E-01  1.11260904E+00
    72  5.76000000E+01  1.11335702E+00  9.99997481E-01  1.11335702E+00
    73  5.84000000E+01  1.11405999E+00  9.99997303E-01  1.11405999E+00
    74  5.92000000E+01  1.11483369E+00  9.99997115E-01  1.11483369E+00
    75  6.00000000E+01  1.11558644E+00  9.99996916E-01  1.11558644E+00
    76  6.08000000E+01  1.11629316E+00  9.99996705E-01  1.11629316E+00
    77  6.16000000E+01  1.11695929E+00  9.99996483E-01  1.11695929E+00
    78  6.24000000E+01  1.11759016E+00  9.99996249E-01  1.11759016E+00
    79  6.32000000E+01  1.11828772E+00  9.99996001E-01  1.11828772E+00
    80  6.40000000E+01  1.11896085E+00  9.99995740E-01  1.11896085E+00
    81  6.48000000E+01  1.11959718E+00  9.99995466E-01  1.11959718E+00
    82  6.56000000E+01  1.12020110E+00  9.99995176E-01  1.12020110E+00
    83  6.64000000E+01  1.12077591E+00  9.99994871E-01  1.12077591E+00
    84  6.72000000E+01  1.12135487E+00  9.99994551E-01  1.12135487E+00
    85  6.80000000E+01  1.12196168E+00  9.99994213E-01  1.12196168E+00
    86  6.88000000E+01  1.12253955E+00  9.99993859E-01  1.12253955E+00
    87  6.96000000E+01  1.12309072E+00  9.99993486E-01  1.12309072E+00
    88  7.04000000E+01  1.12361560E+00  9.99993095E-01  1.12361560E+00
    89  7.12000000E+01  1.12411342E+00  9.99992684E-01  1.12411342E+00
    90  7.20000000E+01  1.12466587E+00  9.99992253E-01  1.12466587E+00
    91  7.28000000E+01  1.12519085E+00  9.99991800E-01  1.12519085E+00
    92  7.36000000E+01  1.12568769E+00  9.99991326E-01  1.12568769E+00
    93  7.44000000E+01  1.12615437E+00  9.99990829E-01  1.12615437E+00
    94  7.52000000E+01  1.12658797E+00  9.99990309E-01  1.12658797E+00
    95  7.60000000E+01  1.12706900E+00  9.99989763E-01  1.12706900E+00
    96  7.68000000E+01  1.12754195E+00  9.99989193E-01  1.12754195E+00
    97  7.76000000E+01  1.12798266E+00  9.99988596E-01  1.12798266E+00
    98  7.84000000E+01  1.12838761E+00  9.99987971E-01  1.12838761E+00
    99  7.92000000E+01  1.12876102E+00  9.99987318E-01  1.12876102E+00
   100  8.00000000E+01  1.12920258E+00  9.99986636E-01  1.12920258E+00
   101  8.08000000E+01  1.12960970E+00  9.99985924E-01  1.12960970E+00
   102  8.16000000E+01  1.12997954E+00  9.99985180E-01  1.12997954E+00
   103  8.24000000E+01  1.13030983E+00  9.99984404E-01  1.13030983E+00
   104  8.32000000E+01  1.13068240E+00  9.99983594E-01  1.13068240E+00
   105  8.40000000E+01  1.13106001E+00  9.99982750E-01  1.13106001E+00
   106  8.48000000E+01  1.13139803E+00  9.99981870E-01  1.13139803E+00
   107  8.56000000E+01  1.13169484E+00  9.99980953E-01  1.13169484E+00
   108  8.64000000E+01  1.13198911E+00  9.99979998E-01  1.13198911E+00
   109  8.72000000E+01  1.13233229E+00  9.99979005E-01  1.13233229E+00
   110  8.80000000E+01  1.13263602E+00  9.99977970E-01  1.13263602E+00
   111  8.88000000E+01  1.13289982E+00  9.99976895E-01  1.13289982E+00
   112  8.96000000E+01  1.13315248E+00  9.99975777E-01  1.13315248E+00
   113  9.04000000E+01  1.13346375E+00  9.99974614E-01  1.13346375E+00
   114  9.12000000E+01  1.13373453E+00  9.99973407E-01  1.13373453E+00
   115  9.20000000E+01  1.13396538E+00  9.99972154E-01  1.13396538E+00
   116  9.28000000E+01  1.13416636E+00  9.99970854E-01  1.13416636E+00
   117  9.36000000E+01  1.13444479E+00  9.99969505E-01  1.13444479E+00
   118  9.44000000E+01  1.13468442E+00  9.99968106E-01  1.13468442E+00
   119  9.52000000E+01  1.13488669E+00  9.99966657E-01  1.13488669E+00
   120  9.60000000E+01  1.13506374E+00  9.99965156E-01  1.13506374E+00
   121  9.68000000E+01  1.13530997E+00  9.99963601E-01  1.13530997E+00
   122  9.76000000E+01  1.13551797E+00  9.99961993E-01  1.13551797E+00
   123  9.84000000E+01  1.13569029E+00  9.99960330E-01  1.13569029E+00
   124  9.92000000E+01  1.13583539E+00  9.99958611E-01  1.13583539E+00
   125  1.00000000E+02  1.13605234E+00  9.99956834E-01  1.13605234E+00
   126  1.00800000E+02  1.13623382E+00  9.99955000E-01  1.13623382E+00
   127  1.01600000E+02  1.13638290E+00  9.99953107E-01  1.13638290E+00
   128  1.02400000E+02  1.13651241E+00  9.99951155E-01  1.13651241E+00
   129  1.03200000E+02  1.13669922E+00  9.99949142E-01  1.13669922E+00
   130  1.04000000E+02  1.13685261E+00  9.99947068E-01  1.13685261E+00
   131  1.04800000E+02  1.13697652E+00  9.99944933E-01  1.13697652E+00
   132  1.05600000E+02  1.13709004E+00  9.99942737E-01  1.13709004E+00
   133  1.06400000E+02  1.13725230E+00  9.99940478E-01  1.13725230E+00
   134  1.07200000E+02  1.13738444E+00  9.99938157E-01  1.13738444E+00
   135  1.08000000E+02  1.13749051E+00  9.99935773E-01  1.13749051E+00
   136  1.08800000E+02  1.13758795E+00  9.99933327E-01  1.13758795E+00
   137  1.09600000E+02  1.13772403E+00  9.99930820E-01  1.13772403E+00
   138  1.10400000E+02  1.13783309E+00  9.99928250E-01  1.13783309E+00
   139  1.11200000E+02  1.13791969E+00  9.99925620E-01  1.13791969E+00
   140  1.12000000E+02  1.13801107E+00  9.99922929E-01  1.13801107E+00
   141  1.12800000E+02  1.13812776E+00  9.99920179E-01  1.13812776E+00
   142  1.13600000E+02  1.13822073E+00  9.99917371E-01  1.13822073E+00
   143  1.14400000E+02  1.13829438E+00  9.99914507E-01  1.13829438E+00
   144  1.15200000E+02  1.13836662E+00  9.99911588E-01  1.13836662E+00
   145  1.16000000E+02  1.13846228E+00  9.99908616E-01  1.13846228E+00
   146  1.16800000E+02  1.13853782E+00  9.99905593E-01  1.13853782E+00
   147  1.17600000E+02  1.13859774E+00  9.99902523E-01  1.13859774E+00
   148  1.18400000E+02  1.13867160E+00  9.99899408E-01  1.13867160E+00
   149  1.19200000E+02  1.13875280E+00  9.99896251E-01  1.13875280E+00
   150  1.20000000E+02  1.13881683E+00  9.99893057E-01  1.13881683E+00
   151  1.20800000E+02  1.13886783E+00  9.99889830E-01  1.13886783E+00
   152  1.21600000E+02  1.13891879E+00  9.99886574E-01  1.13891879E+00
   153  1.22400000E+02  1.13898449E+00  9.99883294E-01  1.13898449E+00
   154  1.23200000E+02  1.13903659E+00  9.99879998E-01  1.13903659E+00
   155  1.24000000E+02  1.13907901E+00  9.99876690E-01  1.13907901E+00
   156  1.24800000E+02  1.13913468E+00  9.99873378E-01  1.13913468E+00
   157  1.25600000E+02  1.13919020E+00  9.99870070E-01  1.13919020E+00
   158  1.26400000E+02  1.13923450E+00  9.99866773E-01  1.13923450E+00
   159  1.27200000E+02  1.13927105E+00  9.99863498E-01  1.13927105E+00
   160  1.28000000E+02  1.13930268E+00  9.99860252E-01  1.13930268E+00
   161  1.28800000E+02  1.13934597E+00  9.99857048E-01  1.13934597E+00
   162  1.29600000E+02  1.13938315E+00  9.99853897E-01  1.13938315E+00
   163  1.30400000E+02  1.13941525E+00  9.99850810E-01  1.13941525E+00
   164  1.31200000E+02  1.13945077E+00  9.99847800E-01  1.13945077E+00
   165  1.32000000E+02  1.13948926E+00  9.99844883E-01  1.13948926E+00
   166  1.32800000E+02  1.13952141E+00  9.99842074E-01  1.13952141E+00
   167  1.33600000E+02  1.13954975E+00  9.99839388E-01  1.13954975E+00
   168  1.34400000E+02  1.13957616E+00  9.99836843E-01  1.13957616E+00
   169  1.35200000E+02  1.13960187E+00  9.99834459E-01  1.13960187E+00
   170  1.36000000E+02  1.13962749E+00  9.99832255E-01  1.13962749E+00
   171  1.36800000E+02  1.13965318E+00  9.99830254E-01  1.13965318E+00
   172  1.37600000E+02  1.13967872E+00  9.99828478E-01  1.13967872E+00
   173  1.38400000E+02  1.13970370E+00  9.99826952E-01  1.13970370E+00
   174  1.39200000E+02  1.13972760E+00  9.99825703E-01  1.13972760E+00
   175  1.40000000E+02  1.13975183E+00  9.99824760E-01  1.13975183E+00
   176  1.40800000E+02  1.13977766E+00  9.99824151E-01  1.13977766E+00
   177  1.41600000E+02  1.13980244E+00  9.99823909E-01  1.13980244E+00
   178  1.42400000E+02  1.13982561E+00  9.99824068E-01  1.13982561E+00
   179  1.43200000E+02  1.13984673E+00  9.99824663E-01  1.13984673E+00
   180  1.44000000E+02  1.13986548E+00  9.99825733E-01  1.13986548E+00
   181  1.44800000E+02  1.13988347E+00  9.99827319E-01  1.13988347E+00
   182  1.45600000E+02  1.13990464E+00  9.99829463E-01  1.13990464E+00
   183  1.46400000E+02  1.13992382E+00  9.99832210E-01  1.13992382E+00
   184  1.47200000E+02  1.13994075E+00  9.99835609E-01  1.13994075E+00
   185  1.48000000E+02  1.13995533E+00  9.99839710E-01  1.13995533E+00
   186  1.48800000E+02  1.13996967E+00  9.99844567E-01  1.13996967E+00
   187  1.49600000E+02  1.13998724E+00  9.99850236E-01  1.13998724E+00
   188  1.50400000E+02  1.14000234E+00  9.99856778E-01  1.14000234E+00
   189  1.51200000E+02  1.14001503E+00  9.99864256E-01  1.14001503E+00
   190  1.52000000E+02  1.14002547E+00  9.99872737E-01  1.14002547E+00
   191  1.52800000E+02  1.14003566E+00  9.99882291E-01  1.14003566E+00
   192  1.53600000E+02  1.14004918E+00  9.99892994E-01  1.14004918E+00
   193  1.54400000E+02  1.14006046E+00  9.99904924E-01  1.14006046E+00
   194  1.55200000E+02  1.14006967E+00  9.99918163E-01  1.14006967E+00
   195  1.56000000E+02  1.14007708E+00  9.99932798E-01  1.14007708E+00
   196  1.56800000E+02  1.14008623E+00  9.99948923E-01  1.14008623E+00
   197  1.57600000E+02  1.14009572E+00  9.99966632E-01  1.14009572E+00
   198  1.58400000E+02  1.14010332E+00  9.99986029E-01  1.14010332E+00
   199  1.59200000E+02  1.14010934E+00  1.00000722E+00  1.14010934E+00
   200  1.60000000E+02  1.14011410E+00  1.00003031E+00  1.14011410E+00
   201  1.60800000E+02  1.14012124E+00  1.00005543E+00  1.14012124E+00
   202  1.61600000E+02  1.14012787E+00  1.00008270E+00  1.14012787E+00
   203  1.62400000E+02  1.14013308E+00  1.00011225E+00  1.14013308E+00
   204  1.63200000E+02  1.14013716E+00  1.00014420E+00  1.14013716E+00
   205  1.64000000E+02  1.14014039E+00  1.00017872E+00  1.14014039E+00
   206  1.64800000E+02  1.14014462E+00  1.00021593E+00  1.14014462E+00
   207  1.65600000E+02  1.14014877E+00  1.00025601E+00  1.14014877E+00
   208  1.66400000E+02  1.14015205E+00  1.00029912E+00  1.14015205E+00
   209  1.67200000E+02  1.14015471E+00  1.00034542E+00  1.14015471E+00
   210  1.68000000E+02  1.14015693E+00  1.00039510E+00  1.14015693E+00
   211  1.68800000E+02  1.14015920E+00  1.00044833E+00  1.14015920E+00
   212  1.69600000E+02  1.14016197E+00  1.00050533E+00  1.14016197E+00
   213  1.70400000E+02  1.14016420E+00  1.00056629E+00  1.14016420E+00
   214  1.71200000E+02  1.14016605E+00  1.00063142E+00  1.14016605E+00
   215  1.72000000E+02  1.14016766E+00  1.00070095E+00  1.14016766E+00
   216  1.72800000E+02  1.14016910E+00  1.00077511E+00  1.14016910E+00
   217  1.73600000E+02  1.14017041E+00  1.00085415E+00  1.14017041E+00
   218  1.74400000E+02  1.14017161E+00  1.00093831E+00  1.14017161E+00
   219  1.75200000E+02  1.14017268E+00  1.00102786E+00  1.14017268E+00
   220  1.76000000E+02  1.14017362E+00  1.00112308E+00  1.14017362E+00
   221  1.76800000E+02  1.14017442E+00  1.00122424E+00  1.14017442E+00
   222  1.77600000E+02  1.14017506E+00  1.00133166E+00  1.14017506E+00
   223  1.78400000E+02  1.14017581E+00  1.00144563E+00  1.14017581E+00
   224  1.79200000E+02  1.14017667E+00  1.00156649E+00  1.14017667E+00
   225  1.80000000E+02  1.14017737E+00  1.00169456E+00  1.14017737E+00
   226  1.80800000E+02  1.14017791E+00  1.00183021E+00  1.14017791E+00
   227  1.81600000E+02  1.14017828E+00  1.00197377E+00  1.14017828E+00
   228  1.82400000E+02  1.14017851E+00  1.00212564E+00  1.14017851E+00
   229  1.83200000E+02  1.14017860E+00  1.00228620E+00  1.14017860E+00
   230  1.84000000E+02  1.14017858E+00  1.00245585E+00  1.14017858E+00
   231  1.84800000E+02  1.14017847E+00  1.00263501E+00  1.14017847E+00
   232  1.85600000E+02  1.14017828E+00  1.00282412E+00  1.14017828E+00
   233  1.86400000E+02  1.14017804E+00  1.00302361E+00  1.14017804E+00
   234  1.87200000E+02  1.14017776E+00  1.00323395E+00  1.14017776E+00
   235  1.88000000E+02  1.14017745E+00  1.00345561E+00  1.14017745E+00
   236  1.88800000E+02  1.14017712E+00  1.00368910E+00  1.14017712E+00
   237  1.89600000E+02  1.14017677E+00  1.00393492E+00  1.14017677E+00
   238  1.90400000E+02  1.14017642E+00  1.00419359E+00  1.14017642E+00
   239  1.91200000E+02  1.14017605E+00  1.00446565E+00  1.14017605E+00
   240  1.92000000E+02  1.14017569E+00  1.00475166E+00  1.14017569E+00
   241  1.92800000E+02  1.14017533E+00  1.00505219E+00  1.14017533E+00
   242  1.93600000E+02  1.14017496E+00  1.00536783E+00  1.14017496E+00
   243  1.94400000E+02  1.14017459E+00  1.00569918E+00  1.14017459E+00
   244  1.95200000E+02  1.14017421E+00  1.00604686E+00  1.14017421E+00
   245  1.96000000E+02  1.14017383E+00  1.00641150E+00  1.14017383E+00
   246  1.96800000E+02  1.14017344E+00  1.00679376E+00  1.14017344E+00
   247  1.97600000E+02  1.14017306E+00  1.00719430E+00  1.14017306E+00
   248  1.98400000E+02  1.14017267E+00  1.00761380E+00  1.14017267E+00
   249  1.99200000E+02  1.14017229E+00  1.00805294E+00  1.14017229E+00
   250  2.00000000E+02  1.14017190E+00  1.00851244E+00  1.14017190E+00
   251  2.00800000E+02  1.14017154E+00  1.00899302E+00  1.14017154E+00
   252  2.01600000E+02  1.14017119E+00  1.00949541E+00  1.14017119E+00
   253  2.02400000E+02  1.14017085E+00  1.01002035E+00  1.14017085E+00
   254  2.03200000E+02  1.14017052E+00  1.01056860E+00  1.14017052E+00
   255  2.04000000E+02  1.14017020E+00  1.01114091E+00  1.14017020E+00
   256  2.04800000E+02  1.14016989E+00  1.01173806E+00  1.14016989E+00
   257  2.05600000E+02  1.14016959E+00  1.01236082E+00  1.14016959E+00
   258  2.06400000E+02  1.14016930E+00  1.01300998E+00  1.14016930E+00
   259  2.07200000E+02  1.14016901E+00  1.01368631E+00  1.14016901E+00
   260  2.08000000E+02  1.14016874E+00  1.01439059E+00  1.14016874E+00
   261  2.08800000E+02  1.14016848E+00  1.01512361E+00  1.14016848E+00
   262  2.09600000E+02  1.14016823E+00  1.01588613E+00  1.14016823E+00
   263  2.10400000E+02  1.14016799E+00  1.01667892E+00  1.14016799E+00
   264  2.11200000E+02  1.14016776E+00  1.01750273E+00  1.14016776E+00
   265  2.12000000E+02  1.14016754E+00  1.01835830E+00  1.14016754E+00
   266  2.12800000E+02  1.14016732E+00  1.01924636E+00  1.14016732E+00
   267  2.13600000E+02  1.14016712E+00  1.02016760E+00  1.14016712E+00
   268  2.14400000E+02  1.14016692E+00  1.02112272E+00  1.14016692E+00
   269  2.15200000E+02  1.14016674E+00  1.02211236E+00  1.14016674E+00
   270  2.16000000E+02  1.14016656E+00  1.02313714E+00  1.14016656E+00
   271  2.16800000E+02  1.14016639E+00  1.02419765E+00  1.14016639E+00
   272  2.17600000E+02  1.14016623E+00  1.02529445E+00  1.14016623E+00
   273  2.18400000E+02  1.14016607E+00  1.02642804E+00  1.14016607E+00
   274  2.19200000E+02  1.14016592E+00  1.02759889E+00  1.14016592E+00
   275  2.20000000E+02  1.14016578E+00  1.02880741E+00  1.14016578E+00
   276  2.20800000E+02  1.14016565E+00  1.03005395E+00  1.14016565E+00
   277  2.21600000E+02  1.14016552E+00  1.03133882E+00  1.14016552E+00
   278  2.22400000E+02  1.14016540E+00  1.03266224E+00  1.14016540E+00
   279  2.23200000E+02  1.14016529E+00  1.03402437E+00  1.14016529E+00
   280  2.24000000E+02  1.14016518E+00  1.03542531E+00  1.14016518E+00
   281  2.24800000E+02  1.14016508E+00  1.03686504E+00  1.14016508E+00
   282  2.25600000E+02  1.14016498E+00  1.03834349E+00  1.14016498E+00
   283  2.26400000E+02  1.14016489E+00  1.03986047E+00  1.14016489E+00
   284  2.27200000E+02  1.14016480E+00  1.04141572E+00  1.14016480E+00
   285  2.28000000E+02  1.14016472E+00  1.04300884E+00  1.14016472E+00
   286  2.28800000E+02  1.14016464E+00  1.04463934E+00  1.14016464E+00
   287  2.29600000E+02  1.14016457E+00  1.04630663E+00  1.14016457E+00
   288  2.30400000E+02  1.14016450E+00  1.04800997E+00  1.14016450E+00
   289  2.31200000E+02  1.14016443E+00  1.04974853E+00  1.14016443E+00
   290  2.32000000E+02  1.14016437E+00  1.05152133E+00  1.14016437E+00
   291  2.32800000E+02  1.14016431E+00  1.05332727E+00  1.14016431E+00
   292  2.33600000E+02  1.14016425E+00  1.05516512E+00  1.14016425E+00
   293  2.34400000E+02  1.14016420E+00  1.05703352E+00  1.14016420E+00
   294  2.35200000E+02  1.14016415E+00  1.05893097E+00  1.14016415E+00
   295  2.36000000E+02  1.14016411E+00  1.06085584E+00  1.14016411E+00
   296  2.36800000E+02  1.14016406E+00  1.06280637E+00  1.14016406E+00
   297  2.37600000E+02  1.14016402E+00  1.06478067E+00  1.14016402E+00
   298  2.38400000E+02  1.14016398E+00  1.06677670E+00  1.14016398E+00
   299  2.39200000E+02  1.14016395E+00  1.06879231E+00  1.14016395E+00
   300  2.40000000E+02  1.14016391E+00  1.07082522E+00  1.14016391E+00
   301  2.40800000E+02  1.14016388E+00  1.07287302E+00  1.14016388E+00
   302  2.41600000E+02  1.14016385E+00  1.07493320E+00  1.14016385E+00
   303  2.42400000E+02  1.14016382E+00  1.07700311E+00  1.14016382E+00
   304  2.43200000E+02  1.14016380E+00  1.07908002E+00  1.14016380E+00
   305  2.44000000E+02  1.14016377E+00  1.08116108E+00  1.14016377E+00
   306  2.44800000E+02  1.14016375E+00  1.08324336E+00  1.14016375E+00
   307  2.45600000E+02  1.14016373E+00  1.08532382E+00  1.14016373E+00
   308  2.46400000E+02  1.14016371E+00  1.08739936E+00  1.14016371E+00
   309  2.47200000E+02  1.14016369E+00  1.08946682E+00  1.14016369E+00
   310  2.48000000E+02  1.14016367E+00  1.09152296E+00  1.14016367E+00
   311  2.48800000E+02  1.14016365E+00  1.09356451E+00  1.14016365E+00
   312  2.49600000E+02  1.14016364E+00  1.09558816E+00  1.14016364E+00
   313  2.50400000E+02  1.14016362E+00  1.09759058E+00  1.14016362E+00
   314  2.51200000E+02  1.14016361E+00  1.09956844E+00  1.14016361E+00
   315  2.52000000E+02  1.14016360E+00  1.10151842E+00  1.14016360E+00
   316  2.52800000E+02  1.14016358E+00  1.10343721E+00  1.14016358E+00
   317  2.53600000E+02  1.14016357E+00  1.10532156E+00  1.14016357E+00
   318  2.54400000E+02  1.14016356E+00  1.10716828E+00  1.14016356E+00
   319  2.55200000E+02  1.14016355E+00  1.10897425E+00  1.14016355E+00
   320  2.56000000E+02  1.14016354E+00  1.11073649E+00  1.14016354E+00
   321  2.56800000E+02  1.14016353E+00  1.11245209E+00  1.14016353E+00
   322  2.57600000E+02  1.14016353E+00  1.11411831E+00  1.14016353E+00
   323  2.58400000E+02  1.14016352E+00  1.11573260E+00  1.14016352E+00
   324  2.59200000E+02  1.14016351E+00  1.11729258E+00  1.14016351E+00
   325  2.60000000E+02  1.14016350E+00  1.11879608E+00  1.14016350E+00
   326  2.60800000E+02  1.14016350E+00  1.12024121E+00  1.14016350E+00
   327  2.61600000E+02  1.14016349E+00  1.12162632E+00  1.14016349E+00
   328  2.62400000E+02  1.14016349E+00  1.12295008E+00  1.14016349E+00
   329  2.63200000E+02  1.14016348E+00  1.12421152E+00  1.14016348E+00
   330  2.64000000E+02  1.14016348E+00  1.12540999E+00  1.14016348E+00
   331  2.64800000E+02  1.14016347E+00  1.12654525E+00  1.14016347E+00
   332  2.65600000E+02  1.14016347E+00  1.12761748E+00  1.14016347E+00
   333  2.66400000E+02  1.14016346E+00  1.12862726E+00  1.14016346E+00
   334  2.67200000E+02  1.14016346E+00  1.12957563E+00  1.14016346E+00
   335  2.68000000E+02  1.14016346E+00  1.13046403E+00  1.14016346E+00
   336  2.68800000E+02  1.14016345E+00  1.13129431E+00  1.14016345E+00
   337  2.69600000E+02  1.14016345E+00  1.13206870E+00  1.14016345E+00
   338  2.70400000E+02  1.14016345E+00  1.13278971E+00  1.14016345E+00
   339  2.71200000E+02  1.14016345E+00  1.13346014E+00  1.14016345E+00
   340  2.72000000E+02  1.14016344E+00  1.13408292E+00  1.14016344E+00
   341  2.72800000E+02  1.14016344E+00  1.13466111E+00  1.14016344E+00
   342  2.73600000E+02  1.14016344E+00  1.13519770E+00  1.14016344E+00
   343  2.74400000E+02  1.14016344E+00  1.13569560E+00  1.14016344E+00
   344  2.75200000E+02  1.14016344E+00  1.13615752E+00  1.14016344E+00
   345  2.76000000E+02  1.14016343E+00  1.13658589E+00  1.14016343E+00
   346  2.76800000E+02  1.14016343E+00  1.13698281E+00  1.14016343E+00
   347  2.77600000E+02  1.14016343E+00  1.13735002E+00  1.14016343E+00
   348  2.78400000E+02  1.14016343E+00  1.13768888E+00  1.14016343E+00
   349  2.79200000E+02  1.14016343E+00  1.13800042E+00  1.14016343E+00
   350  2.80000000E+02  1.14016343E+00  1.13828535E+00  1.14016343E+00
   351  2.80800000E+02  1.14016343E+00  1.13854414E+00  1.14016343E+00
   352  2.81600000E+02  1.14016342E+00  1.13877714E+00  1.14016342E+00
   353  2.82400000E+02  1.14016342E+00  1.13898464E+00  1.14016342E+00
   354  2.83200000E+02  1.14016342E+00  1.13916698E+00  1.14016342E+00
   355  2.84000000E+02  1.14016342E+00  1.13932469E+00  1.14016342E+00
   356  2.84800000E+02  1.14016342E+00  1.13945851E+00  1.14016342E+00
   357  2.85600000E+02  1.14016342E+00  1.13956949E+00  1.14016342E+00
   358  2.86400000E+02  1.14016342E+00  1.13965901E+00  1.14016342E+00
   359  2.87200000E+02  1.14016342E+00  1.13972881E+00  1.14016342E+00
   360  2.88000000E+02  1.14016342E+00  1.13978092E+00  1.14016342E+00
   361  2.88800000E+02  1.14016342E+00  1.13981766E+00  1.14016342E+00
   362  2.89600000E+02  1.14016342E+00  1.13984152E+00  1.14016342E+00
   363  2.90400000E+02  1.14016342E+00  1.13985509E+00  1.14016342E+00
   364  2.91200000E+02  1.14016342E+00  1.13986094E+00  1.14016342E+00
   365  2.92000000E+02  1.14016341E+00  1.13986154E+00  1.14016341E+00
   366  2.92800000E+02  1.14016341E+00  1.13985914E+00  1.14016341E+00
   367  2.93600000E+02  1.14016341E+00  1.13985569E+00  1.14016341E+00
   368  2.94400000E+02  1.14016341E+00  1.13985279E+00  1.14016341E+00
   369  2.95200000E+02  1.14016341E+00  1.13985163E+00  1.14016341E+00
   370  2.96000000E+02  1.14016341E+00  1.13985303E+00  1.14016341E+00
   371  2.96800000E+02  1.14016341E+00  1.13985737E+00  1.14016341E+00
   372  2.97600000E+02  1.14016341E+00  1.13986469E+00  1.14016341E+00
   373  2.98400000E+02  1.14016341E+00  1.13987475E+00  1.14016341E+00
   374  2.99200000E+02  1.14016341E+00  1.13988705E+00  1.14016341E+00
   375  3.00000000E+02  1.14016341E+00  1.13990094E+00  1.14016341E+00
   376  3.00800000E+02  1.14016341E+00  1.13991569E+00  1.14016341E+00
   377  3.01600000E+02  1.14016341E+00  1.13993056E+00  1.14016341E+00
   378  3.02400000E+02  1.14016341E+00  1.13994488E+00  1.14016341E+00
   379  3.03200000E+02  1.14016341E+00  1.13995805E+00  1.14016341E+00
   380  3.04000000E+02  1.14016341E+00  1.13996963E+00  1.14016341E+00
   381  3.04800000E+02  1.14016341E+00  1.13997932E+00  1.14016341E+00
   382  3.05600000E+02  1.14016341E+00  1.13998698E+00  1.14016341E+00
   383  3.06400000E+02  1.14016341E+00  1.13999263E+00  1.14016341E+00
   384  3.07200000E+02  1.14016341E+00  1.13999637E+00  1.14016341E+00
   385  3.08000000E+02  1.14016341E+00  1.13999845E+00  1.14016341E+00
   386  3.08800000E+02  1.14016341E+00  1.13999915E+00  1.14016341E+00
   387  3.09600000E+02  1.14016341E+00  1.13999879E+00  1.14016341E+00
   388  3.10400000E+02  1.14016341E+00  1.13999770E+00  1.14016341E+00
   389  3.11200000E+02  1.14016341E+00  1.13999618E+00  1.14016341E+00
   390  3.12000000E+02  1.14016341E+00  1.13999449E+00  1.14016341E+00
 steady-height stop at step    390: changes <=   1.0000E-05, max-end <=   1.0000E-02, max/end/gap/profile_change =   1.14016341E+00  1.13999449E+00  1.68916112E-04  1.68544555E-06


STDERR:
