COMMAND:
/shared/generate_rom_data/extrudate_swell2d_c_cluster

STDOUT:
 comppar: model =   6
 comppar: lambda,mobility/eps,betav,eta_0 =  4.6000E+00  2.3333E-01  7.0000E-01  1.0000E+00
 comppar: eta_s,eta_p,G =  7.0000E-01  3.0000E-01  6.5217E-02
 comppar: U_avg,deltat,flowrate,nsteps =  2.5000E-02  8.0000E-01  7.8540E-02     700
 comppar: geometry = axisymmetric
 comppar: steady stop change,gap,hold,min =  1.0000E-05  1.0000E-02      10      80
 comppar: ncompc,ncompg =     4     5
 mesh nnodes = 5765
 mesh nelem = 2780
 P1 BC   5.0000000000000000     
 P2 BC   0.0000000000000000     
     1  8.00000000E-01  1.00253161E+00  1.00000000E+00  1.00253161E+00
     2  1.60000000E+00  1.00502430E+00  1.00000000E+00  1.00502430E+00
     3  2.40000000E+00  1.00747375E+00  1.00000000E+00  1.00747375E+00
     4  3.20000000E+00  1.00988072E+00  1.00000000E+00  1.00988072E+00
     5  4.00000000E+00  1.01224923E+00  1.00000000E+00  1.01224923E+00
     6  4.80000000E+00  1.01457896E+00  1.00000000E+00  1.01457896E+00
     7  5.60000000E+00  1.01686631E+00  1.00000000E+00  1.01686631E+00
     8  6.40000000E+00  1.01912611E+00  1.00000000E+00  1.01912611E+00
     9  7.20000000E+00  1.02134492E+00  1.00000000E+00  1.02134492E+00
    10  8.00000000E+00  1.02353521E+00  1.00000000E+00  1.02353521E+00
    11  8.80000000E+00  1.02569432E+00  1.00000000E+00  1.02569432E+00
    12  9.60000000E+00  1.02782009E+00  1.00000000E+00  1.02782009E+00
    13  1.04000000E+01  1.02991798E+00  1.00000001E+00  1.02991798E+00
    14  1.12000000E+01  1.03198919E+00  1.00000001E+00  1.03198919E+00
    15  1.20000000E+01  1.03402700E+00  1.00000001E+00  1.03402700E+00
    16  1.28000000E+01  1.03604689E+00  1.00000001E+00  1.03604689E+00
    17  1.36000000E+01  1.03801195E+00  1.00000001E+00  1.03801195E+00
    18  1.44000000E+01  1.03999058E+00  1.00000000E+00  1.03999058E+00
    19  1.52000000E+01  1.04191198E+00  1.00000000E+00  1.04191198E+00
    20  1.60000000E+01  1.04382177E+00  1.00000000E+00  1.04382177E+00
    21  1.68000000E+01  1.04570357E+00  1.00000000E+00  1.04570357E+00
    22  1.76000000E+01  1.04752404E+00  1.00000000E+00  1.04752404E+00
    23  1.84000000E+01  1.04937566E+00  9.99999997E-01  1.04937566E+00
    24  1.92000000E+01  1.05116864E+00  9.99999995E-01  1.05116864E+00
    25  2.00000000E+01  1.05292501E+00  9.99999991E-01  1.05292501E+00
    26  2.08000000E+01  1.05469135E+00  9.99999987E-01  1.05469135E+00
    27  2.16000000E+01  1.05639358E+00  9.99999983E-01  1.05639358E+00
    28  2.24000000E+01  1.05806410E+00  9.99999977E-01  1.05806410E+00
    29  2.32000000E+01  1.05975408E+00  9.99999971E-01  1.05975408E+00
    30  2.40000000E+01  1.06137767E+00  9.99999964E-01  1.06137767E+00
    31  2.48000000E+01  1.06296966E+00  9.99999957E-01  1.06296966E+00
    32  2.56000000E+01  1.06458239E+00  9.99999948E-01  1.06458239E+00
    33  2.64000000E+01  1.06612646E+00  9.99999938E-01  1.06612646E+00
    34  2.72000000E+01  1.06760903E+00  9.99999927E-01  1.06760903E+00
    35  2.80000000E+01  1.06916005E+00  9.99999914E-01  1.06916005E+00
    36  2.88000000E+01  1.07064112E+00  9.99999900E-01  1.07064112E+00
    37  2.96000000E+01  1.07204931E+00  9.99999885E-01  1.07204931E+00
    38  3.04000000E+01  1.07350595E+00  9.99999868E-01  1.07350595E+00
    39  3.12000000E+01  1.07492382E+00  9.99999850E-01  1.07492382E+00
    40  3.20000000E+01  1.07626763E+00  9.99999829E-01  1.07626763E+00
    41  3.28000000E+01  1.07757970E+00  9.99999807E-01  1.07757970E+00
    42  3.36000000E+01  1.07895474E+00  9.99999783E-01  1.07895474E+00
    43  3.44000000E+01  1.08025546E+00  9.99999756E-01  1.08025546E+00
    44  3.52000000E+01  1.08147946E+00  9.99999728E-01  1.08147946E+00
    45  3.60000000E+01  1.08274881E+00  9.99999696E-01  1.08274881E+00
    46  3.68000000E+01  1.08400636E+00  9.99999662E-01  1.08400636E+00
    47  3.76000000E+01  1.08518693E+00  9.99999626E-01  1.08518693E+00
    48  3.84000000E+01  1.08628860E+00  9.99999586E-01  1.08628860E+00
    49  3.92000000E+01  1.08748281E+00  9.99999543E-01  1.08748281E+00
    50  4.00000000E+01  1.08864517E+00  9.99999497E-01  1.08864517E+00
    51  4.08000000E+01  1.08972917E+00  9.99999447E-01  1.08972917E+00
    52  4.16000000E+01  1.09073336E+00  9.99999393E-01  1.09073336E+00
    53  4.24000000E+01  1.09185461E+00  9.99999336E-01  1.09185461E+00
    54  4.32000000E+01  1.09292043E+00  9.99999274E-01  1.09292043E+00
    55  4.40000000E+01  1.09390681E+00  9.99999208E-01  1.09390681E+00
    56  4.48000000E+01  1.09481287E+00  9.99999137E-01  1.09481287E+00
    57  4.56000000E+01  1.09582077E+00  9.99999061E-01  1.09582077E+00
    58  4.64000000E+01  1.09681278E+00  9.99998980E-01  1.09681278E+00
    59  4.72000000E+01  1.09772528E+00  9.99998893E-01  1.09772528E+00
    60  4.80000000E+01  1.09855798E+00  9.99998801E-01  1.09855798E+00
    61  4.88000000E+01  1.09945251E+00  9.99998702E-01  1.09945251E+00
    62  4.96000000E+01  1.10037001E+00  9.99998597E-01  1.10037001E+00
    63  5.04000000E+01  1.10120801E+00  9.99998485E-01  1.10120801E+00
    64  5.12000000E+01  1.10196684E+00  9.99998366E-01  1.10196684E+00
    65  5.20000000E+01  1.10273642E+00  9.99998240E-01  1.10273642E+00
    66  5.28000000E+01  1.10358286E+00  9.99998106E-01  1.10358286E+00
    67  5.36000000E+01  1.10435073E+00  9.99997963E-01  1.10435073E+00
    68  5.44000000E+01  1.10504111E+00  9.99997812E-01  1.10504111E+00
    69  5.52000000E+01  1.10572198E+00  9.99997652E-01  1.10572198E+00
    70  5.60000000E+01  1.10649677E+00  9.99997482E-01  1.10649677E+00
    71  5.68000000E+01  1.10719398E+00  9.99997302E-01  1.10719398E+00
    72  5.76000000E+01  1.10781548E+00  9.99997111E-01  1.10781548E+00
    73  5.84000000E+01  1.10840552E+00  9.99996910E-01  1.10840552E+00
    74  5.92000000E+01  1.10911177E+00  9.99996697E-01  1.10911177E+00
    75  6.00000000E+01  1.10974258E+00  9.99996472E-01  1.10974258E+00
    76  6.08000000E+01  1.11030056E+00  9.99996235E-01  1.11030056E+00
    77  6.16000000E+01  1.11082543E+00  9.99995985E-01  1.11082543E+00
    78  6.24000000E+01  1.11146266E+00  9.99995720E-01  1.11146266E+00
    79  6.32000000E+01  1.11202672E+00  9.99995442E-01  1.11202672E+00
    80  6.40000000E+01  1.11252096E+00  9.99995148E-01  1.11252096E+00
    81  6.48000000E+01  1.11298453E+00  9.99994839E-01  1.11298453E+00
    82  6.56000000E+01  1.11355775E+00  9.99994514E-01  1.11355775E+00
    83  6.64000000E+01  1.11406101E+00  9.99994172E-01  1.11406101E+00
    84  6.72000000E+01  1.11449817E+00  9.99993812E-01  1.11449817E+00
    85  6.80000000E+01  1.11491373E+00  9.99993434E-01  1.11491373E+00
    86  6.88000000E+01  1.11542273E+00  9.99993036E-01  1.11542273E+00
    87  6.96000000E+01  1.11586520E+00  9.99992619E-01  1.11586520E+00
    88  7.04000000E+01  1.11624560E+00  9.99992181E-01  1.11624560E+00
    89  7.12000000E+01  1.11662593E+00  9.99991721E-01  1.11662593E+00
    90  7.20000000E+01  1.11707707E+00  9.99991239E-01  1.11707707E+00
    91  7.28000000E+01  1.11746560E+00  9.99990734E-01  1.11746560E+00
    92  7.36000000E+01  1.11779627E+00  9.99990205E-01  1.11779627E+00
    93  7.44000000E+01  1.11813698E+00  9.99989651E-01  1.11813698E+00
    94  7.52000000E+01  1.11853053E+00  9.99989071E-01  1.11853053E+00
    95  7.60000000E+01  1.11886575E+00  9.99988463E-01  1.11886575E+00
    96  7.68000000E+01  1.11914775E+00  9.99987829E-01  1.11914775E+00
    97  7.76000000E+01  1.11947061E+00  9.99987165E-01  1.11947061E+00
    98  7.84000000E+01  1.11981346E+00  9.99986471E-01  1.11981346E+00
    99  7.92000000E+01  1.12010229E+00  9.99985747E-01  1.12010229E+00
   100  8.00000000E+01  1.12034234E+00  9.99984991E-01  1.12034234E+00
   101  8.08000000E+01  1.12063145E+00  9.99984201E-01  1.12063145E+00
   102  8.16000000E+01  1.12092457E+00  9.99983378E-01  1.12092457E+00
   103  8.24000000E+01  1.12116844E+00  9.99982520E-01  1.12116844E+00
   104  8.32000000E+01  1.12136845E+00  9.99981626E-01  1.12136845E+00
   105  8.40000000E+01  1.12165240E+00  9.99980694E-01  1.12165240E+00
   106  8.48000000E+01  1.12190255E+00  9.99979724E-01  1.12190255E+00
   107  8.56000000E+01  1.12210790E+00  9.99978715E-01  1.12210790E+00
   108  8.64000000E+01  1.12227388E+00  9.99977665E-01  1.12227388E+00
   109  8.72000000E+01  1.12252540E+00  9.99976573E-01  1.12252540E+00
   110  8.80000000E+01  1.12273432E+00  9.99975438E-01  1.12273432E+00
   111  8.88000000E+01  1.12290339E+00  9.99974259E-01  1.12290339E+00
   112  8.96000000E+01  1.12307700E+00  9.99973036E-01  1.12307700E+00
   113  9.04000000E+01  1.12329166E+00  9.99971766E-01  1.12329166E+00
   114  9.12000000E+01  1.12346553E+00  9.99970448E-01  1.12346553E+00
   115  9.20000000E+01  1.12360399E+00  9.99969083E-01  1.12360399E+00
   116  9.28000000E+01  1.12375558E+00  9.99967668E-01  1.12375558E+00
   117  9.36000000E+01  1.12393277E+00  9.99966203E-01  1.12393277E+00
   118  9.44000000E+01  1.12407407E+00  9.99964686E-01  1.12407407E+00
   119  9.52000000E+01  1.12418480E+00  9.99963117E-01  1.12418480E+00
   120  9.60000000E+01  1.12435027E+00  9.99961494E-01  1.12435027E+00
   121  9.68000000E+01  1.12449582E+00  9.99959818E-01  1.12449582E+00
   122  9.76000000E+01  1.12460984E+00  9.99958086E-01  1.12460984E+00
   123  9.84000000E+01  1.12469751E+00  9.99956299E-01  1.12469751E+00
   124  9.92000000E+01  1.12483799E+00  9.99954456E-01  1.12483799E+00
   125  1.00000000E+02  1.12495461E+00  9.99952555E-01  1.12495461E+00
   126  1.00800000E+02  1.12504442E+00  9.99950598E-01  1.12504442E+00
   127  1.01600000E+02  1.12514649E+00  9.99948582E-01  1.12514649E+00
   128  1.02400000E+02  1.12526678E+00  9.99946509E-01  1.12526678E+00
   129  1.03200000E+02  1.12535935E+00  9.99944377E-01  1.12535935E+00
   130  1.04000000E+02  1.12542916E+00  9.99942186E-01  1.12542916E+00
   131  1.04800000E+02  1.12551196E+00  9.99939938E-01  1.12551196E+00
   132  1.05600000E+02  1.12560686E+00  9.99937632E-01  1.12560686E+00
   133  1.06400000E+02  1.12567859E+00  9.99935268E-01  1.12567859E+00
   134  1.07200000E+02  1.12573656E+00  9.99932847E-01  1.12573656E+00
   135  1.08000000E+02  1.12583457E+00  9.99930371E-01  1.12583457E+00
   136  1.08800000E+02  1.12590849E+00  9.99927839E-01  1.12590849E+00
   137  1.09600000E+02  1.12596307E+00  9.99925253E-01  1.12596307E+00
   138  1.10400000E+02  1.12600577E+00  9.99922616E-01  1.12600577E+00
   139  1.11200000E+02  1.12608177E+00  9.99919928E-01  1.12608177E+00
   140  1.12000000E+02  1.12613803E+00  9.99917191E-01  1.12613803E+00
   141  1.12800000E+02  1.12617897E+00  9.99914409E-01  1.12617897E+00
   142  1.13600000E+02  1.12624541E+00  9.99911583E-01  1.12624541E+00
   143  1.14400000E+02  1.12630332E+00  9.99908717E-01  1.12630332E+00
   144  1.15200000E+02  1.12634510E+00  9.99905815E-01  1.12634510E+00
   145  1.16000000E+02  1.12637479E+00  9.99902880E-01  1.12637479E+00
   146  1.16800000E+02  1.12642065E+00  9.99899916E-01  1.12642065E+00
   147  1.17600000E+02  1.12646389E+00  9.99896929E-01  1.12646389E+00
   148  1.18400000E+02  1.12649474E+00  9.99893923E-01  1.12649474E+00
   149  1.19200000E+02  1.12653635E+00  9.99890905E-01  1.12653635E+00
   150  1.20000000E+02  1.12658070E+00  9.99887880E-01  1.12658070E+00
   151  1.20800000E+02  1.12661190E+00  9.99884857E-01  1.12661190E+00
   152  1.21600000E+02  1.12663365E+00  9.99881842E-01  1.12663365E+00
   153  1.22400000E+02  1.12665664E+00  9.99878845E-01  1.12665664E+00
   154  1.23200000E+02  1.12668909E+00  9.99875873E-01  1.12668909E+00
   155  1.24000000E+02  1.12671183E+00  9.99872938E-01  1.12671183E+00
   156  1.24800000E+02  1.12673690E+00  9.99870050E-01  1.12673690E+00
   157  1.25600000E+02  1.12676995E+00  9.99867220E-01  1.12676995E+00
   158  1.26400000E+02  1.12679259E+00  9.99864461E-01  1.12679259E+00
   159  1.27200000E+02  1.12680815E+00  9.99861786E-01  1.12680815E+00
   160  1.28000000E+02  1.12681944E+00  9.99859211E-01  1.12681944E+00
   161  1.28800000E+02  1.12683949E+00  9.99856750E-01  1.12683949E+00
   162  1.29600000E+02  1.12685588E+00  9.99854421E-01  1.12685588E+00
   163  1.30400000E+02  1.12687039E+00  9.99852242E-01  1.12687039E+00
   164  1.31200000E+02  1.12689421E+00  9.99850231E-01  1.12689421E+00
   165  1.32000000E+02  1.12691008E+00  9.99848410E-01  1.12691008E+00
   166  1.32800000E+02  1.12692100E+00  9.99846801E-01  1.12692100E+00
   167  1.33600000E+02  1.12692937E+00  9.99845428E-01  1.12692937E+00
   168  1.34400000E+02  1.12693706E+00  9.99844315E-01  1.12693706E+00
   169  1.35200000E+02  1.12694704E+00  9.99843490E-01  1.12694704E+00
   170  1.36000000E+02  1.12695628E+00  9.99842981E-01  1.12695628E+00
   171  1.36800000E+02  1.12697341E+00  9.99842820E-01  1.12697341E+00
   172  1.37600000E+02  1.12699082E+00  9.99843039E-01  1.12699082E+00
   173  1.38400000E+02  1.12700903E+00  9.99843672E-01  1.12700903E+00
   174  1.39200000E+02  1.12702656E+00  9.99844757E-01  1.12702656E+00
   175  1.40000000E+02  1.12704294E+00  9.99846333E-01  1.12704294E+00
   176  1.40800000E+02  1.12705783E+00  9.99848441E-01  1.12705783E+00
   177  1.41600000E+02  1.12707103E+00  9.99851126E-01  1.12707103E+00
   178  1.42400000E+02  1.12708243E+00  9.99854433E-01  1.12708243E+00
   179  1.43200000E+02  1.12709743E+00  9.99858414E-01  1.12709743E+00
   180  1.44000000E+02  1.12711106E+00  9.99863120E-01  1.12711106E+00
   181  1.44800000E+02  1.12712298E+00  9.99868607E-01  1.12712298E+00
   182  1.45600000E+02  1.12713318E+00  9.99874933E-01  1.12713318E+00
   183  1.46400000E+02  1.12714277E+00  9.99882160E-01  1.12714277E+00
   184  1.47200000E+02  1.12715490E+00  9.99890354E-01  1.12715490E+00
   185  1.48000000E+02  1.12716524E+00  9.99899584E-01  1.12716524E+00
   186  1.48800000E+02  1.12717387E+00  9.99909923E-01  1.12717387E+00
   187  1.49600000E+02  1.12718096E+00  9.99921448E-01  1.12718096E+00
   188  1.50400000E+02  1.12718749E+00  9.99934240E-01  1.12718749E+00
   189  1.51200000E+02  1.12719667E+00  9.99948385E-01  1.12719667E+00
   190  1.52000000E+02  1.12720426E+00  9.99963972E-01  1.12720426E+00
   191  1.52800000E+02  1.12721044E+00  9.99981098E-01  1.12721044E+00
   192  1.53600000E+02  1.12721543E+00  9.99999860E-01  1.12721543E+00
   193  1.54400000E+02  1.12722097E+00  1.00002037E+00  1.12722097E+00
   194  1.55200000E+02  1.12722718E+00  1.00004272E+00  1.12722718E+00
   195  1.56000000E+02  1.12723219E+00  1.00006705E+00  1.12723219E+00
   196  1.56800000E+02  1.12723622E+00  1.00009347E+00  1.12723622E+00
   197  1.57600000E+02  1.12723952E+00  1.00012210E+00  1.12723952E+00
   198  1.58400000E+02  1.12724333E+00  1.00015309E+00  1.12724333E+00
   199  1.59200000E+02  1.12724764E+00  1.00018658E+00  1.12724764E+00
   200  1.60000000E+02  1.12725112E+00  1.00022270E+00  1.12725112E+00
   201  1.60800000E+02  1.12725398E+00  1.00026162E+00  1.12725398E+00
   202  1.61600000E+02  1.12725641E+00  1.00030350E+00  1.12725641E+00
   203  1.62400000E+02  1.12725856E+00  1.00034851E+00  1.12725856E+00
   204  1.63200000E+02  1.12726054E+00  1.00039682E+00  1.12726054E+00
   205  1.64000000E+02  1.12726265E+00  1.00044863E+00  1.12726265E+00
   206  1.64800000E+02  1.12726480E+00  1.00050412E+00  1.12726480E+00
   207  1.65600000E+02  1.12726679E+00  1.00056350E+00  1.12726679E+00
   208  1.66400000E+02  1.12726869E+00  1.00062698E+00  1.12726869E+00
   209  1.67200000E+02  1.12727052E+00  1.00069478E+00  1.12727052E+00
   210  1.68000000E+02  1.12727230E+00  1.00076714E+00  1.12727230E+00
   211  1.68800000E+02  1.12727402E+00  1.00084429E+00  1.12727402E+00
   212  1.69600000E+02  1.12727564E+00  1.00092649E+00  1.12727564E+00
   213  1.70400000E+02  1.12727716E+00  1.00101400E+00  1.12727716E+00
   214  1.71200000E+02  1.12727853E+00  1.00110710E+00  1.12727853E+00
   215  1.72000000E+02  1.12727975E+00  1.00120606E+00  1.12727975E+00
   216  1.72800000E+02  1.12728081E+00  1.00131119E+00  1.12728081E+00
   217  1.73600000E+02  1.12728171E+00  1.00142279E+00  1.12728171E+00
   218  1.74400000E+02  1.12728245E+00  1.00154119E+00  1.12728245E+00
   219  1.75200000E+02  1.12728349E+00  1.00166671E+00  1.12728349E+00
   220  1.76000000E+02  1.12728442E+00  1.00179971E+00  1.12728442E+00
   221  1.76800000E+02  1.12728520E+00  1.00194055E+00  1.12728520E+00
   222  1.77600000E+02  1.12728583E+00  1.00208959E+00  1.12728583E+00
   223  1.78400000E+02  1.12728633E+00  1.00224723E+00  1.12728633E+00
   224  1.79200000E+02  1.12728672E+00  1.00241386E+00  1.12728672E+00
   225  1.80000000E+02  1.12728700E+00  1.00258991E+00  1.12728700E+00
   226  1.80800000E+02  1.12728721E+00  1.00277581E+00  1.12728721E+00
   227  1.81600000E+02  1.12728735E+00  1.00297199E+00  1.12728735E+00
   228  1.82400000E+02  1.12728744E+00  1.00317892E+00  1.12728744E+00
   229  1.83200000E+02  1.12728748E+00  1.00339708E+00  1.12728748E+00
   230  1.84000000E+02  1.12728749E+00  1.00362695E+00  1.12728749E+00
   231  1.84800000E+02  1.12728747E+00  1.00386905E+00  1.12728747E+00
   232  1.85600000E+02  1.12728742E+00  1.00412389E+00  1.12728742E+00
   233  1.86400000E+02  1.12728736E+00  1.00439202E+00  1.12728736E+00
   234  1.87200000E+02  1.12728734E+00  1.00467399E+00  1.12728734E+00
   235  1.88000000E+02  1.12728730E+00  1.00497037E+00  1.12728730E+00
   236  1.88800000E+02  1.12728724E+00  1.00528174E+00  1.12728724E+00
   237  1.89600000E+02  1.12728716E+00  1.00560871E+00  1.12728716E+00
   238  1.90400000E+02  1.12728706E+00  1.00595189E+00  1.12728706E+00
   239  1.91200000E+02  1.12728694E+00  1.00631192E+00  1.12728694E+00
   240  1.92000000E+02  1.12728681E+00  1.00668943E+00  1.12728681E+00
   241  1.92800000E+02  1.12728666E+00  1.00708511E+00  1.12728666E+00
   242  1.93600000E+02  1.12728651E+00  1.00749960E+00  1.12728651E+00
   243  1.94400000E+02  1.12728634E+00  1.00793361E+00  1.12728634E+00
   244  1.95200000E+02  1.12728616E+00  1.00838784E+00  1.12728616E+00
   245  1.96000000E+02  1.12728598E+00  1.00886299E+00  1.12728598E+00
   246  1.96800000E+02  1.12728579E+00  1.00935980E+00  1.12728579E+00
   247  1.97600000E+02  1.12728560E+00  1.00987898E+00  1.12728560E+00
   248  1.98400000E+02  1.12728541E+00  1.01042130E+00  1.12728541E+00
   249  1.99200000E+02  1.12728522E+00  1.01098749E+00  1.12728522E+00
   250  2.00000000E+02  1.12728503E+00  1.01157832E+00  1.12728503E+00
   251  2.00800000E+02  1.12728485E+00  1.01219454E+00  1.12728485E+00
   252  2.01600000E+02  1.12728466E+00  1.01283691E+00  1.12728466E+00
   253  2.02400000E+02  1.12728448E+00  1.01350621E+00  1.12728448E+00
   254  2.03200000E+02  1.12728431E+00  1.01420319E+00  1.12728431E+00
   255  2.04000000E+02  1.12728413E+00  1.01492862E+00  1.12728413E+00
   256  2.04800000E+02  1.12728397E+00  1.01568324E+00  1.12728397E+00
   257  2.05600000E+02  1.12728380E+00  1.01646781E+00  1.12728380E+00
   258  2.06400000E+02  1.12728365E+00  1.01728305E+00  1.12728365E+00
   259  2.07200000E+02  1.12728349E+00  1.01812969E+00  1.12728349E+00
   260  2.08000000E+02  1.12728334E+00  1.01900842E+00  1.12728334E+00
   261  2.08800000E+02  1.12728320E+00  1.01991992E+00  1.12728320E+00
   262  2.09600000E+02  1.12728306E+00  1.02086485E+00  1.12728306E+00
   263  2.10400000E+02  1.12728293E+00  1.02184384E+00  1.12728293E+00
   264  2.11200000E+02  1.12728281E+00  1.02285747E+00  1.12728281E+00
   265  2.12000000E+02  1.12728268E+00  1.02390630E+00  1.12728268E+00
   266  2.12800000E+02  1.12728257E+00  1.02499084E+00  1.12728257E+00
   267  2.13600000E+02  1.12728246E+00  1.02611158E+00  1.12728246E+00
   268  2.14400000E+02  1.12728235E+00  1.02726892E+00  1.12728235E+00
   269  2.15200000E+02  1.12728225E+00  1.02846324E+00  1.12728225E+00
   270  2.16000000E+02  1.12728215E+00  1.02969484E+00  1.12728215E+00
   271  2.16800000E+02  1.12728206E+00  1.03096396E+00  1.12728206E+00
   272  2.17600000E+02  1.12728197E+00  1.03227076E+00  1.12728197E+00
   273  2.18400000E+02  1.12728189E+00  1.03361536E+00  1.12728189E+00
   274  2.19200000E+02  1.12728181E+00  1.03499776E+00  1.12728181E+00
   275  2.20000000E+02  1.12728174E+00  1.03641790E+00  1.12728174E+00
   276  2.20800000E+02  1.12728167E+00  1.03787561E+00  1.12728167E+00
   277  2.21600000E+02  1.12728160E+00  1.03937065E+00  1.12728160E+00
   278  2.22400000E+02  1.12728154E+00  1.04090264E+00  1.12728154E+00
   279  2.23200000E+02  1.12728148E+00  1.04247114E+00  1.12728148E+00
   280  2.24000000E+02  1.12728142E+00  1.04407557E+00  1.12728142E+00
   281  2.24800000E+02  1.12728137E+00  1.04571523E+00  1.12728137E+00
   282  2.25600000E+02  1.12728132E+00  1.04738933E+00  1.12728132E+00
   283  2.26400000E+02  1.12728127E+00  1.04909692E+00  1.12728127E+00
   284  2.27200000E+02  1.12728123E+00  1.05083695E+00  1.12728123E+00
   285  2.28000000E+02  1.12728119E+00  1.05260824E+00  1.12728119E+00
   286  2.28800000E+02  1.12728116E+00  1.05440945E+00  1.12728116E+00
   287  2.29600000E+02  1.12728113E+00  1.05623914E+00  1.12728113E+00
   288  2.30400000E+02  1.12728110E+00  1.05809571E+00  1.12728110E+00
   289  2.31200000E+02  1.12728107E+00  1.05997744E+00  1.12728107E+00
   290  2.32000000E+02  1.12728105E+00  1.06188246E+00  1.12728105E+00
   291  2.32800000E+02  1.12728102E+00  1.06380877E+00  1.12728102E+00
   292  2.33600000E+02  1.12728100E+00  1.06575423E+00  1.12728100E+00
   293  2.34400000E+02  1.12728098E+00  1.06771658E+00  1.12728098E+00
   294  2.35200000E+02  1.12728096E+00  1.06969342E+00  1.12728096E+00
   295  2.36000000E+02  1.12728094E+00  1.07168221E+00  1.12728094E+00
   296  2.36800000E+02  1.12728093E+00  1.07368032E+00  1.12728093E+00
   297  2.37600000E+02  1.12728091E+00  1.07568497E+00  1.12728091E+00
   298  2.38400000E+02  1.12728090E+00  1.07769329E+00  1.12728090E+00
   299  2.39200000E+02  1.12728088E+00  1.07970229E+00  1.12728088E+00
   300  2.40000000E+02  1.12728087E+00  1.08170888E+00  1.12728087E+00
   301  2.40800000E+02  1.12728086E+00  1.08370990E+00  1.12728086E+00
   302  2.41600000E+02  1.12728085E+00  1.08570207E+00  1.12728085E+00
   303  2.42400000E+02  1.12728084E+00  1.08768208E+00  1.12728084E+00
   304  2.43200000E+02  1.12728083E+00  1.08964652E+00  1.12728083E+00
   305  2.44000000E+02  1.12728082E+00  1.09159194E+00  1.12728082E+00
   306  2.44800000E+02  1.12728081E+00  1.09351487E+00  1.12728081E+00
   307  2.45600000E+02  1.12728080E+00  1.09541178E+00  1.12728080E+00
   308  2.46400000E+02  1.12728080E+00  1.09727914E+00  1.12728080E+00
   309  2.47200000E+02  1.12728079E+00  1.09911342E+00  1.12728079E+00
   310  2.48000000E+02  1.12728078E+00  1.10091111E+00  1.12728078E+00
   311  2.48800000E+02  1.12728078E+00  1.10266871E+00  1.12728078E+00
   312  2.49600000E+02  1.12728077E+00  1.10438279E+00  1.12728077E+00
   313  2.50400000E+02  1.12728077E+00  1.10604999E+00  1.12728077E+00
   314  2.51200000E+02  1.12728076E+00  1.10766701E+00  1.12728076E+00
   315  2.52000000E+02  1.12728076E+00  1.10923068E+00  1.12728076E+00
   316  2.52800000E+02  1.12728075E+00  1.11073794E+00  1.12728075E+00
   317  2.53600000E+02  1.12728075E+00  1.11218590E+00  1.12728075E+00
   318  2.54400000E+02  1.12728075E+00  1.11357184E+00  1.12728075E+00
   319  2.55200000E+02  1.12728074E+00  1.11489325E+00  1.12728074E+00
   320  2.56000000E+02  1.12728074E+00  1.11614784E+00  1.12728074E+00
   321  2.56800000E+02  1.12728074E+00  1.11733361E+00  1.12728074E+00
   322  2.57600000E+02  1.12728073E+00  1.11844884E+00  1.12728073E+00
   323  2.58400000E+02  1.12728073E+00  1.11949216E+00  1.12728073E+00
   324  2.59200000E+02  1.12728073E+00  1.12046257E+00  1.12728073E+00
   325  2.60000000E+02  1.12728073E+00  1.12135947E+00  1.12728073E+00
   326  2.60800000E+02  1.12728073E+00  1.12218272E+00  1.12728073E+00
   327  2.61600000E+02  1.12728072E+00  1.12293263E+00  1.12728072E+00
   328  2.62400000E+02  1.12728072E+00  1.12361004E+00  1.12728072E+00
   329  2.63200000E+02  1.12728072E+00  1.12421626E+00  1.12728072E+00
   330  2.64000000E+02  1.12728072E+00  1.12475319E+00  1.12728072E+00
   331  2.64800000E+02  1.12728072E+00  1.12522322E+00  1.12728072E+00
   332  2.65600000E+02  1.12728072E+00  1.12562927E+00  1.12728072E+00
   333  2.66400000E+02  1.12728072E+00  1.12597475E+00  1.12728072E+00
   334  2.67200000E+02  1.12728071E+00  1.12626354E+00  1.12728071E+00
   335  2.68000000E+02  1.12728071E+00  1.12649990E+00  1.12728071E+00
   336  2.68800000E+02  1.12728071E+00  1.12668846E+00  1.12728071E+00
   337  2.69600000E+02  1.12728071E+00  1.12683409E+00  1.12728071E+00
   338  2.70400000E+02  1.12728071E+00  1.12694183E+00  1.12728071E+00
   339  2.71200000E+02  1.12728071E+00  1.12701682E+00  1.12728071E+00
   340  2.72000000E+02  1.12728071E+00  1.12706415E+00  1.12728071E+00
   341  2.72800000E+02  1.12728071E+00  1.12708883E+00  1.12728071E+00
   342  2.73600000E+02  1.12728071E+00  1.12709563E+00  1.12728071E+00
   343  2.74400000E+02  1.12728071E+00  1.12708902E+00  1.12728071E+00
   344  2.75200000E+02  1.12728071E+00  1.12707311E+00  1.12728071E+00
   345  2.76000000E+02  1.12728071E+00  1.12705154E+00  1.12728071E+00
   346  2.76800000E+02  1.12728071E+00  1.12702747E+00  1.12728071E+00
   347  2.77600000E+02  1.12728071E+00  1.12700353E+00  1.12728071E+00
   348  2.78400000E+02  1.12728070E+00  1.12698180E+00  1.12728070E+00
   349  2.79200000E+02  1.12728070E+00  1.12696383E+00  1.12728070E+00
   350  2.80000000E+02  1.12728070E+00  1.12695067E+00  1.12728070E+00
   351  2.80800000E+02  1.12728070E+00  1.12694288E+00  1.12728070E+00
   352  2.81600000E+02  1.12728070E+00  1.12694058E+00  1.12728070E+00
   353  2.82400000E+02  1.12728070E+00  1.12694358E+00  1.12728070E+00
   354  2.83200000E+02  1.12728070E+00  1.12695135E+00  1.12728070E+00
   355  2.84000000E+02  1.12728070E+00  1.12696317E+00  1.12728070E+00
   356  2.84800000E+02  1.12728070E+00  1.12697816E+00  1.12728070E+00
   357  2.85600000E+02  1.12728070E+00  1.12699539E+00  1.12728070E+00
   358  2.86400000E+02  1.12728070E+00  1.12701392E+00  1.12728070E+00
   359  2.87200000E+02  1.12728070E+00  1.12703283E+00  1.12728070E+00
   360  2.88000000E+02  1.12728070E+00  1.12705134E+00  1.12728070E+00
   361  2.88800000E+02  1.12728070E+00  1.12706875E+00  1.12728070E+00
   362  2.89600000E+02  1.12728070E+00  1.12708456E+00  1.12728070E+00
   363  2.90400000E+02  1.12728070E+00  1.12709839E+00  1.12728070E+00
   364  2.91200000E+02  1.12728070E+00  1.12711003E+00  1.12728070E+00
   365  2.92000000E+02  1.12728070E+00  1.12711943E+00  1.12728070E+00
   366  2.92800000E+02  1.12728070E+00  1.12712665E+00  1.12728070E+00
   367  2.93600000E+02  1.12728070E+00  1.12713186E+00  1.12728070E+00
   368  2.94400000E+02  1.12728070E+00  1.12713531E+00  1.12728070E+00
   369  2.95200000E+02  1.12728070E+00  1.12713730E+00  1.12728070E+00
   370  2.96000000E+02  1.12728070E+00  1.12713816E+00  1.12728070E+00
   371  2.96800000E+02  1.12728070E+00  1.12713820E+00  1.12728070E+00
   372  2.97600000E+02  1.12728070E+00  1.12713772E+00  1.12728070E+00
   373  2.98400000E+02  1.12728070E+00  1.12713699E+00  1.12728070E+00
   374  2.99200000E+02  1.12728070E+00  1.12713622E+00  1.12728070E+00
 steady-height stop at step    374: changes <=   1.0000E-05, max-end <=   1.0000E-02, max/end/gap/profile_change =   1.12728070E+00  1.12713622E+00  1.44482567E-04  9.04698088E-07


STDERR:
