COMMAND:
/shared/generate_rom_data/extrudate_swell2d_c_cluster

STDOUT:
 comppar: model =   6
 comppar: lambda,mobility/eps,betav,eta_0 =  1.0000E+00  2.3333E-01  9.0000E-01  1.0000E+00
 comppar: eta_s,eta_p,G =  9.0000E-01  1.0000E-01  1.0000E-01
 comppar: U_avg,deltat,flowrate,nsteps =  2.5000E-02  8.0000E-01  7.8540E-02     700
 comppar: geometry = axisymmetric
 comppar: steady stop change,gap,hold,min =  1.0000E-05  1.0000E-02      10      80
 comppar: ncompc,ncompg =     4     5
 mesh nnodes = 5765
 mesh nelem = 2780
 P1 BC   5.0000000000000000     
 P2 BC   0.0000000000000000     
     1  8.00000000E-01  1.00253249E+00  1.00000000E+00  1.00253249E+00
     2  1.60000000E+00  1.00503056E+00  1.00000000E+00  1.00503056E+00
     3  2.40000000E+00  1.00749117E+00  1.00000000E+00  1.00749117E+00
     4  3.20000000E+00  1.00991436E+00  1.00000000E+00  1.00991436E+00
     5  4.00000000E+00  1.01230978E+00  1.00000000E+00  1.01230978E+00
     6  4.80000000E+00  1.01466812E+00  1.00000000E+00  1.01466812E+00
     7  5.60000000E+00  1.01699300E+00  1.00000000E+00  1.01699300E+00
     8  6.40000000E+00  1.01929053E+00  1.00000000E+00  1.01929053E+00
     9  7.20000000E+00  1.02154351E+00  1.00000000E+00  1.02154351E+00
    10  8.00000000E+00  1.02378110E+00  1.00000000E+00  1.02378110E+00
    11  8.80000000E+00  1.02596993E+00  1.00000000E+00  1.02596993E+00
    12  9.60000000E+00  1.02814573E+00  1.00000000E+00  1.02814573E+00
    13  1.04000000E+01  1.03026571E+00  1.00000000E+00  1.03026571E+00
    14  1.12000000E+01  1.03238496E+00  1.00000000E+00  1.03238496E+00
    15  1.20000000E+01  1.03444747E+00  1.00000000E+00  1.03444747E+00
    16  1.28000000E+01  1.03650365E+00  1.00000000E+00  1.03650365E+00
    17  1.36000000E+01  1.03851081E+00  1.00000000E+00  1.03851081E+00
    18  1.44000000E+01  1.04049484E+00  1.00000000E+00  1.04049484E+00
    19  1.52000000E+01  1.04245707E+00  1.00000000E+00  1.04245707E+00
    20  1.60000000E+01  1.04436518E+00  1.00000000E+00  1.04436518E+00
    21  1.68000000E+01  1.04628448E+00  9.99999999E-01  1.04628448E+00
    22  1.76000000E+01  1.04814177E+00  9.99999997E-01  1.04814177E+00
    23  1.84000000E+01  1.04997961E+00  9.99999995E-01  1.04997961E+00
    24  1.92000000E+01  1.05180663E+00  9.99999992E-01  1.05180663E+00
    25  2.00000000E+01  1.05356884E+00  9.99999988E-01  1.05356884E+00
    26  2.08000000E+01  1.05534647E+00  9.99999984E-01  1.05534647E+00
    27  2.16000000E+01  1.05708054E+00  9.99999979E-01  1.05708054E+00
    28  2.24000000E+01  1.05874709E+00  9.99999973E-01  1.05874709E+00
    29  2.32000000E+01  1.06045118E+00  9.99999967E-01  1.06045118E+00
    30  2.40000000E+01  1.06210544E+00  9.99999959E-01  1.06210544E+00
    31  2.48000000E+01  1.06369047E+00  9.99999951E-01  1.06369047E+00
    32  2.56000000E+01  1.06531853E+00  9.99999942E-01  1.06531853E+00
    33  2.64000000E+01  1.06689303E+00  9.99999931E-01  1.06689303E+00
    34  2.72000000E+01  1.06839657E+00  9.99999920E-01  1.06839657E+00
    35  2.80000000E+01  1.06992740E+00  9.99999907E-01  1.06992740E+00
    36  2.88000000E+01  1.07143915E+00  9.99999892E-01  1.07143915E+00
    37  2.96000000E+01  1.07287913E+00  9.99999876E-01  1.07287913E+00
    38  3.04000000E+01  1.07430566E+00  9.99999859E-01  1.07430566E+00
    39  3.12000000E+01  1.07575501E+00  9.99999839E-01  1.07575501E+00
    40  3.20000000E+01  1.07713165E+00  9.99999818E-01  1.07713165E+00
    41  3.28000000E+01  1.07843320E+00  9.99999795E-01  1.07843320E+00
    42  3.36000000E+01  1.07981493E+00  9.99999770E-01  1.07981493E+00
    43  3.44000000E+01  1.08114948E+00  9.99999743E-01  1.08114948E+00
    44  3.52000000E+01  1.08240895E+00  9.99999713E-01  1.08240895E+00
    45  3.60000000E+01  1.08364113E+00  9.99999680E-01  1.08364113E+00
    46  3.68000000E+01  1.08493374E+00  9.99999645E-01  1.08493374E+00
    47  3.76000000E+01  1.08615110E+00  9.99999607E-01  1.08615110E+00
    48  3.84000000E+01  1.08729133E+00  9.99999566E-01  1.08729133E+00
    49  3.92000000E+01  1.08843738E+00  9.99999522E-01  1.08843738E+00
    50  4.00000000E+01  1.08963752E+00  9.99999474E-01  1.08963752E+00
    51  4.08000000E+01  1.09076109E+00  9.99999423E-01  1.09076109E+00
    52  4.16000000E+01  1.09180657E+00  9.99999368E-01  1.09180657E+00
    53  4.24000000E+01  1.09287692E+00  9.99999308E-01  1.09287692E+00
    54  4.32000000E+01  1.09398340E+00  9.99999245E-01  1.09398340E+00
    55  4.40000000E+01  1.09501221E+00  9.99999177E-01  1.09501221E+00
    56  4.48000000E+01  1.09596221E+00  9.99999104E-01  1.09596221E+00
    57  4.56000000E+01  1.09690911E+00  9.99999026E-01  1.09690911E+00
    58  4.64000000E+01  1.09794418E+00  9.99998943E-01  1.09794418E+00
    59  4.72000000E+01  1.09890126E+00  9.99998854E-01  1.09890126E+00
    60  4.80000000E+01  1.09977963E+00  9.99998759E-01  1.09977963E+00
    61  4.88000000E+01  1.10061089E+00  9.99998658E-01  1.10061089E+00
    62  4.96000000E+01  1.10157387E+00  9.99998550E-01  1.10157387E+00
    63  5.04000000E+01  1.10245861E+00  9.99998436E-01  1.10245861E+00
    64  5.12000000E+01  1.10326481E+00  9.99998314E-01  1.10326481E+00
    65  5.20000000E+01  1.10399283E+00  9.99998184E-01  1.10399283E+00
    66  5.28000000E+01  1.10486194E+00  9.99998047E-01  1.10486194E+00
    67  5.36000000E+01  1.10567777E+00  9.99997901E-01  1.10567777E+00
    68  5.44000000E+01  1.10641597E+00  9.99997747E-01  1.10641597E+00
    69  5.52000000E+01  1.10707756E+00  9.99997583E-01  1.10707756E+00
    70  5.60000000E+01  1.10785368E+00  9.99997409E-01  1.10785368E+00
    71  5.68000000E+01  1.10860005E+00  9.99997226E-01  1.10860005E+00
    72  5.76000000E+01  1.10926977E+00  9.99997032E-01  1.10926977E+00
    73  5.84000000E+01  1.10986450E+00  9.99996826E-01  1.10986450E+00
    74  5.92000000E+01  1.11054704E+00  9.99996610E-01  1.11054704E+00
    75  6.00000000E+01  1.11122672E+00  9.99996381E-01  1.11122672E+00
    76  6.08000000E+01  1.11183166E+00  9.99996139E-01  1.11183166E+00
    77  6.16000000E+01  1.11236412E+00  9.99995884E-01  1.11236412E+00
    78  6.24000000E+01  1.11297855E+00  9.99995615E-01  1.11297855E+00
    79  6.32000000E+01  1.11359112E+00  9.99995332E-01  1.11359112E+00
    80  6.40000000E+01  1.11413095E+00  9.99995033E-01  1.11413095E+00
    81  6.48000000E+01  1.11460095E+00  9.99994719E-01  1.11460095E+00
    82  6.56000000E+01  1.11515128E+00  9.99994389E-01  1.11515128E+00
    83  6.64000000E+01  1.11570101E+00  9.99994041E-01  1.11570101E+00
    84  6.72000000E+01  1.11618080E+00  9.99993676E-01  1.11618080E+00
    85  6.80000000E+01  1.11659405E+00  9.99993292E-01  1.11659405E+00
    86  6.88000000E+01  1.11709435E+00  9.99992889E-01  1.11709435E+00
    87  6.96000000E+01  1.11758109E+00  9.99992466E-01  1.11758109E+00
    88  7.04000000E+01  1.11800088E+00  9.99992022E-01  1.11800088E+00
    89  7.12000000E+01  1.11835769E+00  9.99991557E-01  1.11835769E+00
    90  7.20000000E+01  1.11882030E+00  9.99991069E-01  1.11882030E+00
    91  7.28000000E+01  1.11924950E+00  9.99990557E-01  1.11924950E+00
    92  7.36000000E+01  1.11961525E+00  9.99990022E-01  1.11961525E+00
    93  7.44000000E+01  1.11992193E+00  9.99989461E-01  1.11992193E+00
    94  7.52000000E+01  1.12034568E+00  9.99988874E-01  1.12034568E+00
    95  7.60000000E+01  1.12071761E+00  9.99988261E-01  1.12071761E+00
    96  7.68000000E+01  1.12102992E+00  9.99987619E-01  1.12102992E+00
    97  7.76000000E+01  1.12131035E+00  9.99986948E-01  1.12131035E+00
    98  7.84000000E+01  1.12169134E+00  9.99986248E-01  1.12169134E+00
    99  7.92000000E+01  1.12201215E+00  9.99985517E-01  1.12201215E+00
   100  8.00000000E+01  1.12227744E+00  9.99984754E-01  1.12227744E+00
   101  8.08000000E+01  1.12253727E+00  9.99983958E-01  1.12253727E+00
   102  8.16000000E+01  1.12286394E+00  9.99983127E-01  1.12286394E+00
   103  8.24000000E+01  1.12313451E+00  9.99982262E-01  1.12313451E+00
   104  8.32000000E+01  1.12335404E+00  9.99981361E-01  1.12335404E+00
   105  8.40000000E+01  1.12361433E+00  9.99980422E-01  1.12361433E+00
   106  8.48000000E+01  1.12389298E+00  9.99979446E-01  1.12389298E+00
   107  8.56000000E+01  1.12411980E+00  9.99978429E-01  1.12411980E+00
   108  8.64000000E+01  1.12430011E+00  9.99977372E-01  1.12430011E+00
   109  8.72000000E+01  1.12454176E+00  9.99976274E-01  1.12454176E+00
   110  8.80000000E+01  1.12477354E+00  9.99975133E-01  1.12477354E+00
   111  8.88000000E+01  1.12495815E+00  9.99973948E-01  1.12495815E+00
   112  8.96000000E+01  1.12511271E+00  9.99972718E-01  1.12511271E+00
   113  9.04000000E+01  1.12535214E+00  9.99971442E-01  1.12535214E+00
   114  9.12000000E+01  1.12554356E+00  9.99970119E-01  1.12554356E+00
   115  9.20000000E+01  1.12569246E+00  9.99968747E-01  1.12569246E+00
   116  9.28000000E+01  1.12583855E+00  9.99967327E-01  1.12583855E+00
   117  9.36000000E+01  1.12603458E+00  9.99965857E-01  1.12603458E+00
   118  9.44000000E+01  1.12618741E+00  9.99964335E-01  1.12618741E+00
   119  9.52000000E+01  1.12630272E+00  9.99962762E-01  1.12630272E+00
   120  9.60000000E+01  1.12647029E+00  9.99961135E-01  1.12647029E+00
   121  9.68000000E+01  1.12662940E+00  9.99959455E-01  1.12662940E+00
   122  9.76000000E+01  1.12675003E+00  9.99957721E-01  1.12675003E+00
   123  9.84000000E+01  1.12683785E+00  9.99955931E-01  1.12683785E+00
   124  9.92000000E+01  1.12699190E+00  9.99954085E-01  1.12699190E+00
   125  1.00000000E+02  1.12711610E+00  9.99952183E-01  1.12711610E+00
   126  1.00800000E+02  1.12720684E+00  9.99950225E-01  1.12720684E+00
   127  1.01600000E+02  1.12731597E+00  9.99948209E-01  1.12731597E+00
   128  1.02400000E+02  1.12744588E+00  9.99946136E-01  1.12744588E+00
   129  1.03200000E+02  1.12754133E+00  9.99944005E-01  1.12754133E+00
   130  1.04000000E+02  1.12760798E+00  9.99941816E-01  1.12760798E+00
   131  1.04800000E+02  1.12770831E+00  9.99939571E-01  1.12770831E+00
   132  1.05600000E+02  1.12780695E+00  9.99937268E-01  1.12780695E+00
   133  1.06400000E+02  1.12787616E+00  9.99934908E-01  1.12787616E+00
   134  1.07200000E+02  1.12794621E+00  9.99932493E-01  1.12794621E+00
   135  1.08000000E+02  1.12804996E+00  9.99930022E-01  1.12804996E+00
   136  1.08800000E+02  1.12812323E+00  9.99927497E-01  1.12812323E+00
   137  1.09600000E+02  1.12817160E+00  9.99924920E-01  1.12817160E+00
   138  1.10400000E+02  1.12823555E+00  9.99922292E-01  1.12823555E+00
   139  1.11200000E+02  1.12831164E+00  9.99919614E-01  1.12831164E+00
   140  1.12000000E+02  1.12836222E+00  9.99916889E-01  1.12836222E+00
   141  1.12800000E+02  1.12840803E+00  9.99914120E-01  1.12840803E+00
   142  1.13600000E+02  1.12848859E+00  9.99911308E-01  1.12848859E+00
   143  1.14400000E+02  1.12854256E+00  9.99908458E-01  1.12854256E+00
   144  1.15200000E+02  1.12857538E+00  9.99905573E-01  1.12857538E+00
   145  1.16000000E+02  1.12861601E+00  9.99902656E-01  1.12861601E+00
   146  1.16800000E+02  1.12867244E+00  9.99899713E-01  1.12867244E+00
   147  1.17600000E+02  1.12870713E+00  9.99896747E-01  1.12870713E+00
   148  1.18400000E+02  1.12873963E+00  9.99893764E-01  1.12873963E+00
   149  1.19200000E+02  1.12879985E+00  9.99890771E-01  1.12879985E+00
   150  1.20000000E+02  1.12883725E+00  9.99887773E-01  1.12883725E+00
   151  1.20800000E+02  1.12885707E+00  9.99884778E-01  1.12885707E+00
   152  1.21600000E+02  1.12888407E+00  9.99881793E-01  1.12888407E+00
   153  1.22400000E+02  1.12892357E+00  9.99878826E-01  1.12892357E+00
   154  1.23200000E+02  1.12894494E+00  9.99875887E-01  1.12894494E+00
   155  1.24000000E+02  1.12897174E+00  9.99872986E-01  1.12897174E+00
   156  1.24800000E+02  1.12901434E+00  9.99870134E-01  1.12901434E+00
   157  1.25600000E+02  1.12903774E+00  9.99867341E-01  1.12903774E+00
   158  1.26400000E+02  1.12904691E+00  9.99864621E-01  1.12904691E+00
   159  1.27200000E+02  1.12906697E+00  9.99861987E-01  1.12906697E+00
   160  1.28000000E+02  1.12909212E+00  9.99859454E-01  1.12909212E+00
   161  1.28800000E+02  1.12910255E+00  9.99857037E-01  1.12910255E+00
   162  1.29600000E+02  1.12912872E+00  9.99854753E-01  1.12912872E+00
   163  1.30400000E+02  1.12915628E+00  9.99852620E-01  1.12915628E+00
   164  1.31200000E+02  1.12916807E+00  9.99850658E-01  1.12916807E+00
   165  1.32000000E+02  1.12916877E+00  9.99848886E-01  1.12916877E+00
   166  1.32800000E+02  1.12918632E+00  9.99847327E-01  1.12918632E+00
   167  1.33600000E+02  1.12919954E+00  9.99846005E-01  1.12919954E+00
   168  1.34400000E+02  1.12920123E+00  9.99844944E-01  1.12920123E+00
   169  1.35200000E+02  1.12922974E+00  9.99844171E-01  1.12922974E+00
   170  1.36000000E+02  1.12924469E+00  9.99843715E-01  1.12924469E+00
   171  1.36800000E+02  1.12924709E+00  9.99843606E-01  1.12924709E+00
   172  1.37600000E+02  1.12924240E+00  9.99843878E-01  1.12924240E+00
   173  1.38400000E+02  1.12925897E+00  9.99844563E-01  1.12925897E+00
   174  1.39200000E+02  1.12926251E+00  9.99845698E-01  1.12926251E+00
   175  1.40000000E+02  1.12927106E+00  9.99847324E-01  1.12927106E+00
   176  1.40800000E+02  1.12928973E+00  9.99849479E-01  1.12928973E+00
   177  1.41600000E+02  1.12929433E+00  9.99852210E-01  1.12929433E+00
   178  1.42400000E+02  1.12928936E+00  9.99855561E-01  1.12928936E+00
   179  1.43200000E+02  1.12929206E+00  9.99859581E-01  1.12929206E+00
   180  1.44000000E+02  1.12929796E+00  9.99864324E-01  1.12929796E+00
   181  1.44800000E+02  1.12929387E+00  9.99869843E-01  1.12929387E+00
   182  1.45600000E+02  1.12931290E+00  9.99876197E-01  1.12931290E+00
   183  1.46400000E+02  1.12932022E+00  9.99883446E-01  1.12932022E+00
   184  1.47200000E+02  1.12931656E+00  9.99891657E-01  1.12931656E+00
   185  1.48000000E+02  1.12932685E+00  9.99900897E-01  1.12932685E+00
   186  1.48800000E+02  1.12933909E+00  9.99911238E-01  1.12933909E+00
   187  1.49600000E+02  1.12934937E+00  9.99922756E-01  1.12934937E+00
   188  1.50400000E+02  1.12935784E+00  9.99935532E-01  1.12935784E+00
   189  1.51200000E+02  1.12936528E+00  9.99949649E-01  1.12936528E+00
   190  1.52000000E+02  1.12937633E+00  9.99965198E-01  1.12937633E+00
   191  1.52800000E+02  1.12938551E+00  9.99982271E-01  1.12938551E+00
   192  1.53600000E+02  1.12939303E+00  1.00000097E+00  1.12939303E+00
   193  1.54400000E+02  1.12939916E+00  1.00002139E+00  1.12939916E+00
   194  1.55200000E+02  1.12940641E+00  1.00004365E+00  1.12940641E+00
   195  1.56000000E+02  1.12941395E+00  1.00006785E+00  1.12941395E+00
   196  1.56800000E+02  1.12942005E+00  1.00009413E+00  1.12942005E+00
   197  1.57600000E+02  1.12942503E+00  1.00012260E+00  1.12942503E+00
   198  1.58400000E+02  1.12942916E+00  1.00015340E+00  1.12942916E+00
   199  1.59200000E+02  1.12943458E+00  1.00018666E+00  1.12943458E+00
   200  1.60000000E+02  1.12943995E+00  1.00022254E+00  1.12943995E+00
   201  1.60800000E+02  1.12944434E+00  1.00026118E+00  1.12944434E+00
   202  1.61600000E+02  1.12944801E+00  1.00030274E+00  1.12944801E+00
   203  1.62400000E+02  1.12945118E+00  1.00034739E+00  1.12945118E+00
   204  1.63200000E+02  1.12945406E+00  1.00039531E+00  1.12945406E+00
   205  1.64000000E+02  1.12945723E+00  1.00044667E+00  1.12945723E+00
   206  1.64800000E+02  1.12946039E+00  1.00050167E+00  1.12946039E+00
   207  1.65600000E+02  1.12946325E+00  1.00056051E+00  1.12946325E+00
   208  1.66400000E+02  1.12946595E+00  1.00062340E+00  1.12946595E+00
   209  1.67200000E+02  1.12946857E+00  1.00069056E+00  1.12946857E+00
   210  1.68000000E+02  1.12947115E+00  1.00076220E+00  1.12947115E+00
   211  1.68800000E+02  1.12947369E+00  1.00083858E+00  1.12947369E+00
   212  1.69600000E+02  1.12947615E+00  1.00091994E+00  1.12947615E+00
   213  1.70400000E+02  1.12947851E+00  1.00100652E+00  1.12947851E+00
   214  1.71200000E+02  1.12948073E+00  1.00109862E+00  1.12948073E+00
   215  1.72000000E+02  1.12948277E+00  1.00119649E+00  1.12948277E+00
   216  1.72800000E+02  1.12948461E+00  1.00130044E+00  1.12948461E+00
   217  1.73600000E+02  1.12948623E+00  1.00141077E+00  1.12948623E+00
   218  1.74400000E+02  1.12948793E+00  1.00152779E+00  1.12948793E+00
   219  1.75200000E+02  1.12948978E+00  1.00165183E+00  1.12948978E+00
   220  1.76000000E+02  1.12949145E+00  1.00178323E+00  1.12949145E+00
   221  1.76800000E+02  1.12949291E+00  1.00192235E+00  1.12949291E+00
   222  1.77600000E+02  1.12949417E+00  1.00206954E+00  1.12949417E+00
   223  1.78400000E+02  1.12949523E+00  1.00222519E+00  1.12949523E+00
   224  1.79200000E+02  1.12949612E+00  1.00238969E+00  1.12949612E+00
   225  1.80000000E+02  1.12949685E+00  1.00256345E+00  1.12949685E+00
   226  1.80800000E+02  1.12949744E+00  1.00274689E+00  1.12949744E+00
   227  1.81600000E+02  1.12949818E+00  1.00294045E+00  1.12949818E+00
   228  1.82400000E+02  1.12949892E+00  1.00314458E+00  1.12949892E+00
   229  1.83200000E+02  1.12949952E+00  1.00335975E+00  1.12949952E+00
   230  1.84000000E+02  1.12950001E+00  1.00358644E+00  1.12950001E+00
   231  1.84800000E+02  1.12950041E+00  1.00382514E+00  1.12950041E+00
   232  1.85600000E+02  1.12950074E+00  1.00407637E+00  1.12950074E+00
   233  1.86400000E+02  1.12950100E+00  1.00434066E+00  1.12950100E+00
   234  1.87200000E+02  1.12950121E+00  1.00461854E+00  1.12950121E+00
   235  1.88000000E+02  1.12950138E+00  1.00491059E+00  1.12950138E+00
   236  1.88800000E+02  1.12950151E+00  1.00521737E+00  1.12950151E+00
   237  1.89600000E+02  1.12950160E+00  1.00553947E+00  1.12950160E+00
   238  1.90400000E+02  1.12950167E+00  1.00587750E+00  1.12950167E+00
   239  1.91200000E+02  1.12950170E+00  1.00623208E+00  1.12950170E+00
   240  1.92000000E+02  1.12950171E+00  1.00660384E+00  1.12950171E+00
   241  1.92800000E+02  1.12950168E+00  1.00699344E+00  1.12950168E+00
   242  1.93600000E+02  1.12950164E+00  1.00740153E+00  1.12950164E+00
   243  1.94400000E+02  1.12950157E+00  1.00782879E+00  1.12950157E+00
   244  1.95200000E+02  1.12950149E+00  1.00827591E+00  1.12950149E+00
   245  1.96000000E+02  1.12950138E+00  1.00874359E+00  1.12950138E+00
   246  1.96800000E+02  1.12950127E+00  1.00923254E+00  1.12950127E+00
   247  1.97600000E+02  1.12950114E+00  1.00974348E+00  1.12950114E+00
   248  1.98400000E+02  1.12950101E+00  1.01027714E+00  1.12950101E+00
   249  1.99200000E+02  1.12950087E+00  1.01083427E+00  1.12950087E+00
   250  2.00000000E+02  1.12950073E+00  1.01141560E+00  1.12950073E+00
   251  2.00800000E+02  1.12950058E+00  1.01202190E+00  1.12950058E+00
   252  2.01600000E+02  1.12950043E+00  1.01265390E+00  1.12950043E+00
   253  2.02400000E+02  1.12950028E+00  1.01331237E+00  1.12950028E+00
   254  2.03200000E+02  1.12950013E+00  1.01399806E+00  1.12950013E+00
   255  2.04000000E+02  1.12949998E+00  1.01471172E+00  1.12949998E+00
   256  2.04800000E+02  1.12949983E+00  1.01545411E+00  1.12949983E+00
   257  2.05600000E+02  1.12949969E+00  1.01622597E+00  1.12949969E+00
   258  2.06400000E+02  1.12949954E+00  1.01702802E+00  1.12949954E+00
   259  2.07200000E+02  1.12949940E+00  1.01786099E+00  1.12949940E+00
   260  2.08000000E+02  1.12949926E+00  1.01872558E+00  1.12949926E+00
   261  2.08800000E+02  1.12949913E+00  1.01962247E+00  1.12949913E+00
   262  2.09600000E+02  1.12949900E+00  1.02055233E+00  1.12949900E+00
   263  2.10400000E+02  1.12949887E+00  1.02151579E+00  1.12949887E+00
   264  2.11200000E+02  1.12949875E+00  1.02251346E+00  1.12949875E+00
   265  2.12000000E+02  1.12949863E+00  1.02354592E+00  1.12949863E+00
   266  2.12800000E+02  1.12949852E+00  1.02461370E+00  1.12949852E+00
   267  2.13600000E+02  1.12949841E+00  1.02571729E+00  1.12949841E+00
   268  2.14400000E+02  1.12949830E+00  1.02685714E+00  1.12949830E+00
   269  2.15200000E+02  1.12949820E+00  1.02803365E+00  1.12949820E+00
   270  2.16000000E+02  1.12949810E+00  1.02924716E+00  1.12949810E+00
   271  2.16800000E+02  1.12949801E+00  1.03049794E+00  1.12949801E+00
   272  2.17600000E+02  1.12949792E+00  1.03178622E+00  1.12949792E+00
   273  2.18400000E+02  1.12949784E+00  1.03311213E+00  1.12949784E+00
   274  2.19200000E+02  1.12949775E+00  1.03447575E+00  1.12949775E+00
   275  2.20000000E+02  1.12949768E+00  1.03587706E+00  1.12949768E+00
   276  2.20800000E+02  1.12949760E+00  1.03731597E+00  1.12949760E+00
   277  2.21600000E+02  1.12949753E+00  1.03879229E+00  1.12949753E+00
   278  2.22400000E+02  1.12949747E+00  1.04030573E+00  1.12949747E+00
   279  2.23200000E+02  1.12949740E+00  1.04185592E+00  1.12949740E+00
   280  2.24000000E+02  1.12949734E+00  1.04344237E+00  1.12949734E+00
   281  2.24800000E+02  1.12949729E+00  1.04506449E+00  1.12949729E+00
   282  2.25600000E+02  1.12949723E+00  1.04672156E+00  1.12949723E+00
   283  2.26400000E+02  1.12949718E+00  1.04841277E+00  1.12949718E+00
   284  2.27200000E+02  1.12949714E+00  1.05013716E+00  1.12949714E+00
   285  2.28000000E+02  1.12949709E+00  1.05189368E+00  1.12949709E+00
   286  2.28800000E+02  1.12949705E+00  1.05368112E+00  1.12949705E+00
   287  2.29600000E+02  1.12949701E+00  1.05549817E+00  1.12949701E+00
   288  2.30400000E+02  1.12949697E+00  1.05734336E+00  1.12949697E+00
   289  2.31200000E+02  1.12949693E+00  1.05921512E+00  1.12949693E+00
   290  2.32000000E+02  1.12949690E+00  1.06111174E+00  1.12949690E+00
   291  2.32800000E+02  1.12949687E+00  1.06303135E+00  1.12949687E+00
   292  2.33600000E+02  1.12949684E+00  1.06497198E+00  1.12949684E+00
   293  2.34400000E+02  1.12949681E+00  1.06693152E+00  1.12949681E+00
   294  2.35200000E+02  1.12949678E+00  1.06890773E+00  1.12949678E+00
   295  2.36000000E+02  1.12949676E+00  1.07089824E+00  1.12949676E+00
   296  2.36800000E+02  1.12949674E+00  1.07290058E+00  1.12949674E+00
   297  2.37600000E+02  1.12949671E+00  1.07491214E+00  1.12949671E+00
   298  2.38400000E+02  1.12949669E+00  1.07693020E+00  1.12949669E+00
   299  2.39200000E+02  1.12949667E+00  1.07895193E+00  1.12949667E+00
   300  2.40000000E+02  1.12949666E+00  1.08097443E+00  1.12949666E+00
   301  2.40800000E+02  1.12949664E+00  1.08299466E+00  1.12949664E+00
   302  2.41600000E+02  1.12949662E+00  1.08500954E+00  1.12949662E+00
   303  2.42400000E+02  1.12949661E+00  1.08701587E+00  1.12949661E+00
   304  2.43200000E+02  1.12949659E+00  1.08901042E+00  1.12949659E+00
   305  2.44000000E+02  1.12949658E+00  1.09098987E+00  1.12949658E+00
   306  2.44800000E+02  1.12949657E+00  1.09295088E+00  1.12949657E+00
   307  2.45600000E+02  1.12949656E+00  1.09489005E+00  1.12949656E+00
   308  2.46400000E+02  1.12949655E+00  1.09680398E+00  1.12949655E+00
   309  2.47200000E+02  1.12949654E+00  1.09868922E+00  1.12949654E+00
   310  2.48000000E+02  1.12949653E+00  1.10054236E+00  1.12949653E+00
   311  2.48800000E+02  1.12949652E+00  1.10235998E+00  1.12949652E+00
   312  2.49600000E+02  1.12949651E+00  1.10413871E+00  1.12949651E+00
   313  2.50400000E+02  1.12949650E+00  1.10587520E+00  1.12949650E+00
   314  2.51200000E+02  1.12949650E+00  1.10756617E+00  1.12949650E+00
   315  2.52000000E+02  1.12949649E+00  1.10920843E+00  1.12949649E+00
   316  2.52800000E+02  1.12949648E+00  1.11079889E+00  1.12949648E+00
   317  2.53600000E+02  1.12949648E+00  1.11233455E+00  1.12949648E+00
   318  2.54400000E+02  1.12949647E+00  1.11381257E+00  1.12949647E+00
   319  2.55200000E+02  1.12949647E+00  1.11523026E+00  1.12949647E+00
   320  2.56000000E+02  1.12949646E+00  1.11658512E+00  1.12949646E+00
   321  2.56800000E+02  1.12949646E+00  1.11787484E+00  1.12949646E+00
   322  2.57600000E+02  1.12949645E+00  1.11909735E+00  1.12949645E+00
   323  2.58400000E+02  1.12949645E+00  1.12025086E+00  1.12949645E+00
   324  2.59200000E+02  1.12949645E+00  1.12133384E+00  1.12949645E+00
   325  2.60000000E+02  1.12949644E+00  1.12234511E+00  1.12949644E+00
   326  2.60800000E+02  1.12949644E+00  1.12328381E+00  1.12949644E+00
   327  2.61600000E+02  1.12949644E+00  1.12414949E+00  1.12949644E+00
   328  2.62400000E+02  1.12949643E+00  1.12494210E+00  1.12949643E+00
   329  2.63200000E+02  1.12949643E+00  1.12566203E+00  1.12949643E+00
   330  2.64000000E+02  1.12949643E+00  1.12631014E+00  1.12949643E+00
   331  2.64800000E+02  1.12949643E+00  1.12688777E+00  1.12949643E+00
   332  2.65600000E+02  1.12949642E+00  1.12739676E+00  1.12949642E+00
   333  2.66400000E+02  1.12949642E+00  1.12783945E+00  1.12949642E+00
   334  2.67200000E+02  1.12949642E+00  1.12821868E+00  1.12949642E+00
   335  2.68000000E+02  1.12949642E+00  1.12853777E+00  1.12949642E+00
   336  2.68800000E+02  1.12949642E+00  1.12880048E+00  1.12949642E+00
   337  2.69600000E+02  1.12949642E+00  1.12901101E+00  1.12949642E+00
   338  2.70400000E+02  1.12949641E+00  1.12917390E+00  1.12949641E+00
   339  2.71200000E+02  1.12949641E+00  1.12929397E+00  1.12949641E+00
   340  2.72000000E+02  1.12949641E+00  1.12937627E+00  1.12949641E+00
   341  2.72800000E+02  1.12949641E+00  1.12942599E+00  1.12949641E+00
   342  2.73600000E+02  1.12949641E+00  1.12944832E+00  1.12949641E+00
   343  2.74400000E+02  1.12949641E+00  1.12944840E+00  1.12949641E+00
   344  2.75200000E+02  1.12949641E+00  1.12943121E+00  1.12949641E+00
   345  2.76000000E+02  1.12949641E+00  1.12940146E+00  1.12949641E+00
   346  2.76800000E+02  1.12949641E+00  1.12936351E+00  1.12949641E+00
   347  2.77600000E+02  1.12949640E+00  1.12932129E+00  1.12949640E+00
   348  2.78400000E+02  1.12949640E+00  1.12927821E+00  1.12949640E+00
   349  2.79200000E+02  1.12949640E+00  1.12923715E+00  1.12949640E+00
   350  2.80000000E+02  1.12949640E+00  1.12920041E+00  1.12949640E+00
   351  2.80800000E+02  1.12949640E+00  1.12916970E+00  1.12949640E+00
   352  2.81600000E+02  1.12949640E+00  1.12914615E+00  1.12949640E+00
   353  2.82400000E+02  1.12949640E+00  1.12913034E+00  1.12949640E+00
   354  2.83200000E+02  1.12949640E+00  1.12912235E+00  1.12949640E+00
   355  2.84000000E+02  1.12949640E+00  1.12912184E+00  1.12949640E+00
   356  2.84800000E+02  1.12949640E+00  1.12912811E+00  1.12949640E+00
   357  2.85600000E+02  1.12949640E+00  1.12914017E+00  1.12949640E+00
   358  2.86400000E+02  1.12949640E+00  1.12915687E+00  1.12949640E+00
   359  2.87200000E+02  1.12949640E+00  1.12917695E+00  1.12949640E+00
   360  2.88000000E+02  1.12949640E+00  1.12919914E+00  1.12949640E+00
   361  2.88800000E+02  1.12949640E+00  1.12922223E+00  1.12949640E+00
   362  2.89600000E+02  1.12949640E+00  1.12924512E+00  1.12949640E+00
   363  2.90400000E+02  1.12949640E+00  1.12926688E+00  1.12949640E+00
   364  2.91200000E+02  1.12949640E+00  1.12928678E+00  1.12949640E+00
   365  2.92000000E+02  1.12949640E+00  1.12930430E+00  1.12949640E+00
   366  2.92800000E+02  1.12949639E+00  1.12931911E+00  1.12949639E+00
   367  2.93600000E+02  1.12949639E+00  1.12933111E+00  1.12949639E+00
   368  2.94400000E+02  1.12949639E+00  1.12934036E+00  1.12949639E+00
   369  2.95200000E+02  1.12949639E+00  1.12934705E+00  1.12949639E+00
   370  2.96000000E+02  1.12949639E+00  1.12935151E+00  1.12949639E+00
   371  2.96800000E+02  1.12949639E+00  1.12935411E+00  1.12949639E+00
   372  2.97600000E+02  1.12949639E+00  1.12935527E+00  1.12949639E+00
   373  2.98400000E+02  1.12949639E+00  1.12935540E+00  1.12949639E+00
   374  2.99200000E+02  1.12949639E+00  1.12935490E+00  1.12949639E+00
   375  3.00000000E+02  1.12949639E+00  1.12935409E+00  1.12949639E+00
   376  3.00800000E+02  1.12949639E+00  1.12935327E+00  1.12949639E+00
   377  3.01600000E+02  1.12949639E+00  1.12935262E+00  1.12949639E+00
 steady-height stop at step    377: changes <=   1.0000E-05, max-end <=   1.0000E-02, max/end/gap/profile_change =   1.12949639E+00  1.12935262E+00  1.43770056E-04  1.45084601E-06


STDERR:
