COMMAND:
/shared/generate_rom_data/extrudate_swell2d_c_cluster

STDOUT:
 comppar: model =   6
 comppar: lambda,mobility/eps,betav,eta_0 =  1.0000E+01  2.3333E-01  1.0000E-01  1.0000E+00
 comppar: eta_s,eta_p,G =  1.0000E-01  9.0000E-01  9.0000E-02
 comppar: U_avg,deltat,flowrate,nsteps =  2.5000E-02  8.0000E-01  7.8540E-02     700
 comppar: geometry = axisymmetric
 comppar: steady stop change,gap,hold,min =  1.0000E-05  1.0000E-02      10      80
 comppar: ncompc,ncompg =     4     5
 mesh nnodes = 5765
 mesh nelem = 2780
 P1 BC   5.0000000000000000     
 P2 BC   0.0000000000000000     
     1  8.00000000E-01  1.00252464E+00  1.00000000E+00  1.00252464E+00
     2  1.60000000E+00  1.00497517E+00  1.00000000E+00  1.00497517E+00
     3  2.40000000E+00  1.00733161E+00  1.00000000E+00  1.00733161E+00
     4  3.20000000E+00  1.00962108E+00  1.00000000E+00  1.00962108E+00
     5  4.00000000E+00  1.01185342E+00  1.00000000E+00  1.01185342E+00
     6  4.80000000E+00  1.01404091E+00  1.00000000E+00  1.01404091E+00
     7  5.60000000E+00  1.01618901E+00  1.00000000E+00  1.01618901E+00
     8  6.40000000E+00  1.01832150E+00  1.00000000E+00  1.01832150E+00
     9  7.20000000E+00  1.02043338E+00  1.00000000E+00  1.02043338E+00
    10  8.00000000E+00  1.02252901E+00  1.00000001E+00  1.02252901E+00
    11  8.80000000E+00  1.02461095E+00  1.00000001E+00  1.02461095E+00
    12  9.60000000E+00  1.02668417E+00  1.00000001E+00  1.02668417E+00
    13  1.04000000E+01  1.02873171E+00  1.00000001E+00  1.02873171E+00
    14  1.12000000E+01  1.03078308E+00  1.00000001E+00  1.03078308E+00
    15  1.20000000E+01  1.03279827E+00  1.00000001E+00  1.03279827E+00
    16  1.28000000E+01  1.03480573E+00  1.00000001E+00  1.03480573E+00
    17  1.36000000E+01  1.03680270E+00  1.00000001E+00  1.03680270E+00
    18  1.44000000E+01  1.03875959E+00  1.00000001E+00  1.03875959E+00
    19  1.52000000E+01  1.04071951E+00  1.00000001E+00  1.04071951E+00
    20  1.60000000E+01  1.04265584E+00  1.00000001E+00  1.04265584E+00
    21  1.68000000E+01  1.04454791E+00  1.00000001E+00  1.04454791E+00
    22  1.76000000E+01  1.04644735E+00  1.00000001E+00  1.04644735E+00
    23  1.84000000E+01  1.04832630E+00  1.00000001E+00  1.04832630E+00
    24  1.92000000E+01  1.05015726E+00  1.00000001E+00  1.05015726E+00
    25  2.00000000E+01  1.05197223E+00  1.00000001E+00  1.05197223E+00
    26  2.08000000E+01  1.05378840E+00  1.00000001E+00  1.05378840E+00
    27  2.16000000E+01  1.05555248E+00  1.00000000E+00  1.05555248E+00
    28  2.24000000E+01  1.05726065E+00  1.00000000E+00  1.05726065E+00
    29  2.32000000E+01  1.05897842E+00  9.99999998E-01  1.05897842E+00
    30  2.40000000E+01  1.06068087E+00  9.99999993E-01  1.06068087E+00
    31  2.48000000E+01  1.06232407E+00  9.99999988E-01  1.06232407E+00
    32  2.56000000E+01  1.06392909E+00  9.99999983E-01  1.06392909E+00
    33  2.64000000E+01  1.06556527E+00  9.99999976E-01  1.06556527E+00
    34  2.72000000E+01  1.06713887E+00  9.99999969E-01  1.06713887E+00
    35  2.80000000E+01  1.06864648E+00  9.99999961E-01  1.06864648E+00
    36  2.88000000E+01  1.07020953E+00  9.99999951E-01  1.07020953E+00
    37  2.96000000E+01  1.07172664E+00  9.99999941E-01  1.07172664E+00
    38  3.04000000E+01  1.07317586E+00  9.99999929E-01  1.07317586E+00
    39  3.12000000E+01  1.07460722E+00  9.99999916E-01  1.07460722E+00
    40  3.20000000E+01  1.07606599E+00  9.99999902E-01  1.07606599E+00
    41  3.28000000E+01  1.07745522E+00  9.99999886E-01  1.07745522E+00
    42  3.36000000E+01  1.07877300E+00  9.99999869E-01  1.07877300E+00
    43  3.44000000E+01  1.08009693E+00  9.99999850E-01  1.08009693E+00
    44  3.52000000E+01  1.08144652E+00  9.99999829E-01  1.08144652E+00
    45  3.60000000E+01  1.08272463E+00  9.99999807E-01  1.08272463E+00
    46  3.68000000E+01  1.08393051E+00  9.99999782E-01  1.08393051E+00
    47  3.76000000E+01  1.08516227E+00  9.99999755E-01  1.08516227E+00
    48  3.84000000E+01  1.08639952E+00  9.99999726E-01  1.08639952E+00
    49  3.92000000E+01  1.08756470E+00  9.99999694E-01  1.08756470E+00
    50  4.00000000E+01  1.08865825E+00  9.99999660E-01  1.08865825E+00
    51  4.08000000E+01  1.08975911E+00  9.99999623E-01  1.08975911E+00
    52  4.16000000E+01  1.09090749E+00  9.99999583E-01  1.09090749E+00
    53  4.24000000E+01  1.09198493E+00  9.99999540E-01  1.09198493E+00
    54  4.32000000E+01  1.09299303E+00  9.99999493E-01  1.09299303E+00
    55  4.40000000E+01  1.09396699E+00  9.99999443E-01  1.09396699E+00
    56  4.48000000E+01  1.09502668E+00  9.99999390E-01  1.09502668E+00
    57  4.56000000E+01  1.09601737E+00  9.99999332E-01  1.09601737E+00
    58  4.64000000E+01  1.09694199E+00  9.99999270E-01  1.09694199E+00
    59  4.72000000E+01  1.09780502E+00  9.99999204E-01  1.09780502E+00
    60  4.80000000E+01  1.09873238E+00  9.99999133E-01  1.09873238E+00
    61  4.88000000E+01  1.09966214E+00  9.99999057E-01  1.09966214E+00
    62  4.96000000E+01  1.10053069E+00  9.99998976E-01  1.10053069E+00
    63  5.04000000E+01  1.10134385E+00  9.99998889E-01  1.10134385E+00
    64  5.12000000E+01  1.10210842E+00  9.99998797E-01  1.10210842E+00
    65  5.20000000E+01  1.10295550E+00  9.99998699E-01  1.10295550E+00
    66  5.28000000E+01  1.10376791E+00  9.99998594E-01  1.10376791E+00
    67  5.36000000E+01  1.10453105E+00  9.99998483E-01  1.10453105E+00
    68  5.44000000E+01  1.10525246E+00  9.99998364E-01  1.10525246E+00
    69  5.52000000E+01  1.10593898E+00  9.99998238E-01  1.10593898E+00
    70  5.60000000E+01  1.10669039E+00  9.99998104E-01  1.10669039E+00
    71  5.68000000E+01  1.10741720E+00  9.99997962E-01  1.10741720E+00
    72  5.76000000E+01  1.10810689E+00  9.99997811E-01  1.10810689E+00
    73  5.84000000E+01  1.10876389E+00  9.99997651E-01  1.10876389E+00
    74  5.92000000E+01  1.10939019E+00  9.99997482E-01  1.10939019E+00
    75  6.00000000E+01  1.10999569E+00  9.99997303E-01  1.10999569E+00
    76  6.08000000E+01  1.11065368E+00  9.99997113E-01  1.11065368E+00
    77  6.16000000E+01  1.11128215E+00  9.99996912E-01  1.11128215E+00
    78  6.24000000E+01  1.11188060E+00  9.99996700E-01  1.11188060E+00
    79  6.32000000E+01  1.11244573E+00  9.99996476E-01  1.11244573E+00
    80  6.40000000E+01  1.11297223E+00  9.99996239E-01  1.11297223E+00
    81  6.48000000E+01  1.11355691E+00  9.99995989E-01  1.11355691E+00
    82  6.56000000E+01  1.11411795E+00  9.99995726E-01  1.11411795E+00
    83  6.64000000E+01  1.11464084E+00  9.99995448E-01  1.11464084E+00
    84  6.72000000E+01  1.11512100E+00  9.99995155E-01  1.11512100E+00
    85  6.80000000E+01  1.11557403E+00  9.99994846E-01  1.11557403E+00
    86  6.88000000E+01  1.11610277E+00  9.99994521E-01  1.11610277E+00
    87  6.96000000E+01  1.11658927E+00  9.99994179E-01  1.11658927E+00
    88  7.04000000E+01  1.11702883E+00  9.99993820E-01  1.11702883E+00
    89  7.12000000E+01  1.11741827E+00  9.99993441E-01  1.11741827E+00
    90  7.20000000E+01  1.11785392E+00  9.99993044E-01  1.11785392E+00
    91  7.28000000E+01  1.11829443E+00  9.99992627E-01  1.11829443E+00
    92  7.36000000E+01  1.11868772E+00  9.99992188E-01  1.11868772E+00
    93  7.44000000E+01  1.11903292E+00  9.99991728E-01  1.11903292E+00
    94  7.52000000E+01  1.11940814E+00  9.99991246E-01  1.11940814E+00
    95  7.60000000E+01  1.11980732E+00  9.99990740E-01  1.11980732E+00
    96  7.68000000E+01  1.12015755E+00  9.99990210E-01  1.12015755E+00
    97  7.76000000E+01  1.12045992E+00  9.99989654E-01  1.12045992E+00
    98  7.84000000E+01  1.12076320E+00  9.99989073E-01  1.12076320E+00
    99  7.92000000E+01  1.12111920E+00  9.99988464E-01  1.12111920E+00
   100  8.00000000E+01  1.12142938E+00  9.99987827E-01  1.12142938E+00
   101  8.08000000E+01  1.12169640E+00  9.99987161E-01  1.12169640E+00
   102  8.16000000E+01  1.12195818E+00  9.99986464E-01  1.12195818E+00
   103  8.24000000E+01  1.12227277E+00  9.99985737E-01  1.12227277E+00
   104  8.32000000E+01  1.12254302E+00  9.99984977E-01  1.12254302E+00
   105  8.40000000E+01  1.12277340E+00  9.99984183E-01  1.12277340E+00
   106  8.48000000E+01  1.12298298E+00  9.99983355E-01  1.12298298E+00
   107  8.56000000E+01  1.12326160E+00  9.99982492E-01  1.12326160E+00
   108  8.64000000E+01  1.12350080E+00  9.99981591E-01  1.12350080E+00
   109  8.72000000E+01  1.12370564E+00  9.99980653E-01  1.12370564E+00
   110  8.80000000E+01  1.12388206E+00  9.99979675E-01  1.12388206E+00
   111  8.88000000E+01  1.12412093E+00  9.99978657E-01  1.12412093E+00
   112  8.96000000E+01  1.12432742E+00  9.99977598E-01  1.12432742E+00
   113  9.04000000E+01  1.12450459E+00  9.99976496E-01  1.12450459E+00
   114  9.12000000E+01  1.12465897E+00  9.99975350E-01  1.12465897E+00
   115  9.20000000E+01  1.12486093E+00  9.99974158E-01  1.12486093E+00
   116  9.28000000E+01  1.12504537E+00  9.99972921E-01  1.12504537E+00
   117  9.36000000E+01  1.12520537E+00  9.99971635E-01  1.12520537E+00
   118  9.44000000E+01  1.12534676E+00  9.99970302E-01  1.12534676E+00
   119  9.52000000E+01  1.12549217E+00  9.99968918E-01  1.12549217E+00
   120  9.60000000E+01  1.12565276E+00  9.99967483E-01  1.12565276E+00
   121  9.68000000E+01  1.12579426E+00  9.99965997E-01  1.12579426E+00
   122  9.76000000E+01  1.12592227E+00  9.99964457E-01  1.12592227E+00
   123  9.84000000E+01  1.12604200E+00  9.99962862E-01  1.12604200E+00
   124  9.92000000E+01  1.12618789E+00  9.99961213E-01  1.12618789E+00
   125  1.00000000E+02  1.12631826E+00  9.99959507E-01  1.12631826E+00
   126  1.00800000E+02  1.12643777E+00  9.99957744E-01  1.12643777E+00
   127  1.01600000E+02  1.12655004E+00  9.99955922E-01  1.12655004E+00
   128  1.02400000E+02  1.12665752E+00  9.99954042E-01  1.12665752E+00
   129  1.03200000E+02  1.12676153E+00  9.99952101E-01  1.12676153E+00
   130  1.04000000E+02  1.12686354E+00  9.99950101E-01  1.12686354E+00
   131  1.04800000E+02  1.12697153E+00  9.99948039E-01  1.12697153E+00
   132  1.05600000E+02  1.12707640E+00  9.99945916E-01  1.12707640E+00
   133  1.06400000E+02  1.12717846E+00  9.99943731E-01  1.12717846E+00
   134  1.07200000E+02  1.12727714E+00  9.99941483E-01  1.12727714E+00
   135  1.08000000E+02  1.12737137E+00  9.99939174E-01  1.12737137E+00
   136  1.08800000E+02  1.12745984E+00  9.99936802E-01  1.12745984E+00
   137  1.09600000E+02  1.12754642E+00  9.99934368E-01  1.12754642E+00
   138  1.10400000E+02  1.12763844E+00  9.99931873E-01  1.12763844E+00
   139  1.11200000E+02  1.12772551E+00  9.99929316E-01  1.12772551E+00
   140  1.12000000E+02  1.12780652E+00  9.99926699E-01  1.12780652E+00
   141  1.12800000E+02  1.12788046E+00  9.99924023E-01  1.12788046E+00
   142  1.13600000E+02  1.12794663E+00  9.99921288E-01  1.12794663E+00
   143  1.14400000E+02  1.12802617E+00  9.99918496E-01  1.12802617E+00
   144  1.15200000E+02  1.12810175E+00  9.99915649E-01  1.12810175E+00
   145  1.16000000E+02  1.12816938E+00  9.99912748E-01  1.12816938E+00
   146  1.16800000E+02  1.12822867E+00  9.99909797E-01  1.12822867E+00
   147  1.17600000E+02  1.12827965E+00  9.99906797E-01  1.12827965E+00
   148  1.18400000E+02  1.12834592E+00  9.99903752E-01  1.12834592E+00
   149  1.19200000E+02  1.12840656E+00  9.99900665E-01  1.12840656E+00
   150  1.20000000E+02  1.12845931E+00  9.99897539E-01  1.12845931E+00
   151  1.20800000E+02  1.12850435E+00  9.99894381E-01  1.12850435E+00
   152  1.21600000E+02  1.12855293E+00  9.99891193E-01  1.12855293E+00
   153  1.22400000E+02  1.12860680E+00  9.99887981E-01  1.12860680E+00
   154  1.23200000E+02  1.12865272E+00  9.99884752E-01  1.12865272E+00
   155  1.24000000E+02  1.12869121E+00  9.99881511E-01  1.12869121E+00
   156  1.24800000E+02  1.12872307E+00  9.99878266E-01  1.12872307E+00
   157  1.25600000E+02  1.12876885E+00  9.99875025E-01  1.12876885E+00
   158  1.26400000E+02  1.12880924E+00  9.99871796E-01  1.12880924E+00
   159  1.27200000E+02  1.12884289E+00  9.99868588E-01  1.12884289E+00
   160  1.28000000E+02  1.12887062E+00  9.99865410E-01  1.12887062E+00
   161  1.28800000E+02  1.12890346E+00  9.99862275E-01  1.12890346E+00
   162  1.29600000E+02  1.12893766E+00  9.99859192E-01  1.12893766E+00
   163  1.30400000E+02  1.12896575E+00  9.99856175E-01  1.12896575E+00
   164  1.31200000E+02  1.12898869E+00  9.99853238E-01  1.12898869E+00
   165  1.32000000E+02  1.12900993E+00  9.99850395E-01  1.12900993E+00
   166  1.32800000E+02  1.12903970E+00  9.99847661E-01  1.12903970E+00
   167  1.33600000E+02  1.12906403E+00  9.99845054E-01  1.12906403E+00
   168  1.34400000E+02  1.12908383E+00  9.99842592E-01  1.12908383E+00
   169  1.35200000E+02  1.12910002E+00  9.99840295E-01  1.12910002E+00
   170  1.36000000E+02  1.12911974E+00  9.99838183E-01  1.12911974E+00
   171  1.36800000E+02  1.12913973E+00  9.99836279E-01  1.12913973E+00
   172  1.37600000E+02  1.12915604E+00  9.99834608E-01  1.12915604E+00
   173  1.38400000E+02  1.12916955E+00  9.99833194E-01  1.12916955E+00
   174  1.39200000E+02  1.12918246E+00  9.99832067E-01  1.12918246E+00
   175  1.40000000E+02  1.12919965E+00  9.99831254E-01  1.12919965E+00
   176  1.40800000E+02  1.12921367E+00  9.99830787E-01  1.12921367E+00
   177  1.41600000E+02  1.12922532E+00  9.99830699E-01  1.12922532E+00
   178  1.42400000E+02  1.12923525E+00  9.99831026E-01  1.12923525E+00
   179  1.43200000E+02  1.12924399E+00  9.99831805E-01  1.12924399E+00
   180  1.44000000E+02  1.12925360E+00  9.99833075E-01  1.12925360E+00
   181  1.44800000E+02  1.12926361E+00  9.99834879E-01  1.12926361E+00
   182  1.45600000E+02  1.12927245E+00  9.99837261E-01  1.12927245E+00
   183  1.46400000E+02  1.12928048E+00  9.99840269E-01  1.12928048E+00
   184  1.47200000E+02  1.12928795E+00  9.99843952E-01  1.12928795E+00
   185  1.48000000E+02  1.12929498E+00  9.99848365E-01  1.12929498E+00
   186  1.48800000E+02  1.12930160E+00  9.99853563E-01  1.12930160E+00
   187  1.49600000E+02  1.12930827E+00  9.99859607E-01  1.12930827E+00
   188  1.50400000E+02  1.12931492E+00  9.99866558E-01  1.12931492E+00
   189  1.51200000E+02  1.12932121E+00  9.99874485E-01  1.12932121E+00
   190  1.52000000E+02  1.12932716E+00  9.99883457E-01  1.12932716E+00
   191  1.52800000E+02  1.12933275E+00  9.99893549E-01  1.12933275E+00
   192  1.53600000E+02  1.12933792E+00  9.99904839E-01  1.12933792E+00
   193  1.54400000E+02  1.12934265E+00  9.99917411E-01  1.12934265E+00
   194  1.55200000E+02  1.12934690E+00  9.99931353E-01  1.12934690E+00
   195  1.56000000E+02  1.12935065E+00  9.99946756E-01  1.12935065E+00
   196  1.56800000E+02  1.12935393E+00  9.99963717E-01  1.12935393E+00
   197  1.57600000E+02  1.12935787E+00  9.99982339E-01  1.12935787E+00
   198  1.58400000E+02  1.12936174E+00  1.00000273E+00  1.12936174E+00
   199  1.59200000E+02  1.12936509E+00  1.00002500E+00  1.12936509E+00
   200  1.60000000E+02  1.12936797E+00  1.00004928E+00  1.12936797E+00
   201  1.60800000E+02  1.12937041E+00  1.00007567E+00  1.12937041E+00
   202  1.61600000E+02  1.12937245E+00  1.00010433E+00  1.12937245E+00
   203  1.62400000E+02  1.12937416E+00  1.00013538E+00  1.12937416E+00
   204  1.63200000E+02  1.12937559E+00  1.00016897E+00  1.12937559E+00
   205  1.64000000E+02  1.12937694E+00  1.00020525E+00  1.12937694E+00
   206  1.64800000E+02  1.12937873E+00  1.00024437E+00  1.12937873E+00
   207  1.65600000E+02  1.12938021E+00  1.00028651E+00  1.12938021E+00
   208  1.66400000E+02  1.12938143E+00  1.00033184E+00  1.12938143E+00
   209  1.67200000E+02  1.12938244E+00  1.00038054E+00  1.12938244E+00
   210  1.68000000E+02  1.12938327E+00  1.00043280E+00  1.12938327E+00
   211  1.68800000E+02  1.12938396E+00  1.00048882E+00  1.12938396E+00
   212  1.69600000E+02  1.12938452E+00  1.00054880E+00  1.12938452E+00
   213  1.70400000E+02  1.12938498E+00  1.00061297E+00  1.12938498E+00
   214  1.71200000E+02  1.12938536E+00  1.00068156E+00  1.12938536E+00
   215  1.72000000E+02  1.12938565E+00  1.00075479E+00  1.12938565E+00
   216  1.72800000E+02  1.12938588E+00  1.00083292E+00  1.12938588E+00
   217  1.73600000E+02  1.12938605E+00  1.00091622E+00  1.12938605E+00
   218  1.74400000E+02  1.12938616E+00  1.00100494E+00  1.12938616E+00
   219  1.75200000E+02  1.12938623E+00  1.00109937E+00  1.12938623E+00
   220  1.76000000E+02  1.12938625E+00  1.00119981E+00  1.12938625E+00
   221  1.76800000E+02  1.12938624E+00  1.00130656E+00  1.12938624E+00
   222  1.77600000E+02  1.12938620E+00  1.00141994E+00  1.12938620E+00
   223  1.78400000E+02  1.12938613E+00  1.00154028E+00  1.12938613E+00
   224  1.79200000E+02  1.12938604E+00  1.00166793E+00  1.12938604E+00
   225  1.80000000E+02  1.12938593E+00  1.00180325E+00  1.12938593E+00
   226  1.80800000E+02  1.12938581E+00  1.00194660E+00  1.12938581E+00
   227  1.81600000E+02  1.12938568E+00  1.00209837E+00  1.12938568E+00
   228  1.82400000E+02  1.12938554E+00  1.00225897E+00  1.12938554E+00
   229  1.83200000E+02  1.12938539E+00  1.00242881E+00  1.12938539E+00
   230  1.84000000E+02  1.12938523E+00  1.00260831E+00  1.12938523E+00
   231  1.84800000E+02  1.12938507E+00  1.00279793E+00  1.12938507E+00
   232  1.85600000E+02  1.12938491E+00  1.00299813E+00  1.12938491E+00
   233  1.86400000E+02  1.12938475E+00  1.00320938E+00  1.12938475E+00
   234  1.87200000E+02  1.12938458E+00  1.00343217E+00  1.12938458E+00
   235  1.88000000E+02  1.12938441E+00  1.00366702E+00  1.12938441E+00
   236  1.88800000E+02  1.12938424E+00  1.00391445E+00  1.12938424E+00
   237  1.89600000E+02  1.12938408E+00  1.00417500E+00  1.12938408E+00
   238  1.90400000E+02  1.12938391E+00  1.00444923E+00  1.12938391E+00
   239  1.91200000E+02  1.12938375E+00  1.00473772E+00  1.12938375E+00
   240  1.92000000E+02  1.12938359E+00  1.00504105E+00  1.12938359E+00
   241  1.92800000E+02  1.12938343E+00  1.00535984E+00  1.12938343E+00
   242  1.93600000E+02  1.12938328E+00  1.00569470E+00  1.12938328E+00
   243  1.94400000E+02  1.12938312E+00  1.00604627E+00  1.12938312E+00
   244  1.95200000E+02  1.12938298E+00  1.00641522E+00  1.12938298E+00
   245  1.96000000E+02  1.12938283E+00  1.00680220E+00  1.12938283E+00
   246  1.96800000E+02  1.12938269E+00  1.00720792E+00  1.12938269E+00
   247  1.97600000E+02  1.12938256E+00  1.00763306E+00  1.12938256E+00
   248  1.98400000E+02  1.12938243E+00  1.00807836E+00  1.12938243E+00
   249  1.99200000E+02  1.12938230E+00  1.00854453E+00  1.12938230E+00
   250  2.00000000E+02  1.12938218E+00  1.00903232E+00  1.12938218E+00
   251  2.00800000E+02  1.12938206E+00  1.00954249E+00  1.12938206E+00
   252  2.01600000E+02  1.12938195E+00  1.01007580E+00  1.12938195E+00
   253  2.02400000E+02  1.12938184E+00  1.01063303E+00  1.12938184E+00
   254  2.03200000E+02  1.12938173E+00  1.01121496E+00  1.12938173E+00
   255  2.04000000E+02  1.12938163E+00  1.01182237E+00  1.12938163E+00
   256  2.04800000E+02  1.12938154E+00  1.01245607E+00  1.12938154E+00
   257  2.05600000E+02  1.12938144E+00  1.01311683E+00  1.12938144E+00
   258  2.06400000E+02  1.12938136E+00  1.01380546E+00  1.12938136E+00
   259  2.07200000E+02  1.12938127E+00  1.01452273E+00  1.12938127E+00
   260  2.08000000E+02  1.12938119E+00  1.01526944E+00  1.12938119E+00
   261  2.08800000E+02  1.12938111E+00  1.01604634E+00  1.12938111E+00
   262  2.09600000E+02  1.12938104E+00  1.01685421E+00  1.12938104E+00
   263  2.10400000E+02  1.12938097E+00  1.01769378E+00  1.12938097E+00
   264  2.11200000E+02  1.12938090E+00  1.01856577E+00  1.12938090E+00
   265  2.12000000E+02  1.12938084E+00  1.01947091E+00  1.12938084E+00
   266  2.12800000E+02  1.12938078E+00  1.02040986E+00  1.12938078E+00
   267  2.13600000E+02  1.12938072E+00  1.02138328E+00  1.12938072E+00
   268  2.14400000E+02  1.12938067E+00  1.02239179E+00  1.12938067E+00
   269  2.15200000E+02  1.12938062E+00  1.02343598E+00  1.12938062E+00
   270  2.16000000E+02  1.12938057E+00  1.02451639E+00  1.12938057E+00
   271  2.16800000E+02  1.12938052E+00  1.02563351E+00  1.12938052E+00
   272  2.17600000E+02  1.12938048E+00  1.02678782E+00  1.12938048E+00
   273  2.18400000E+02  1.12938044E+00  1.02797969E+00  1.12938044E+00
   274  2.19200000E+02  1.12938040E+00  1.02920947E+00  1.12938040E+00
   275  2.20000000E+02  1.12938036E+00  1.03047744E+00  1.12938036E+00
   276  2.20800000E+02  1.12938033E+00  1.03178378E+00  1.12938033E+00
   277  2.21600000E+02  1.12938030E+00  1.03312862E+00  1.12938030E+00
   278  2.22400000E+02  1.12938026E+00  1.03451199E+00  1.12938026E+00
   279  2.23200000E+02  1.12938024E+00  1.03593385E+00  1.12938024E+00
   280  2.24000000E+02  1.12938021E+00  1.03739404E+00  1.12938021E+00
   281  2.24800000E+02  1.12938018E+00  1.03889230E+00  1.12938018E+00
   282  2.25600000E+02  1.12938016E+00  1.04042827E+00  1.12938016E+00
   283  2.26400000E+02  1.12938014E+00  1.04200145E+00  1.12938014E+00
   284  2.27200000E+02  1.12938011E+00  1.04361125E+00  1.12938011E+00
   285  2.28000000E+02  1.12938009E+00  1.04525694E+00  1.12938009E+00
   286  2.28800000E+02  1.12938008E+00  1.04693764E+00  1.12938008E+00
   287  2.29600000E+02  1.12938006E+00  1.04865235E+00  1.12938006E+00
   288  2.30400000E+02  1.12938004E+00  1.05039995E+00  1.12938004E+00
   289  2.31200000E+02  1.12938003E+00  1.05217914E+00  1.12938003E+00
   290  2.32000000E+02  1.12938001E+00  1.05398850E+00  1.12938001E+00
   291  2.32800000E+02  1.12938000E+00  1.05582645E+00  1.12938000E+00
   292  2.33600000E+02  1.12937998E+00  1.05769128E+00  1.12937998E+00
   293  2.34400000E+02  1.12937997E+00  1.05958112E+00  1.12937997E+00
   294  2.35200000E+02  1.12937996E+00  1.06149395E+00  1.12937996E+00
   295  2.36000000E+02  1.12937995E+00  1.06342761E+00  1.12937995E+00
   296  2.36800000E+02  1.12937994E+00  1.06537979E+00  1.12937994E+00
   297  2.37600000E+02  1.12937993E+00  1.06734804E+00  1.12937993E+00
   298  2.38400000E+02  1.12937992E+00  1.06932976E+00  1.12937992E+00
   299  2.39200000E+02  1.12937992E+00  1.07132223E+00  1.12937992E+00
   300  2.40000000E+02  1.12937991E+00  1.07332257E+00  1.12937991E+00
   301  2.40800000E+02  1.12937990E+00  1.07532780E+00  1.12937990E+00
   302  2.41600000E+02  1.12937990E+00  1.07733480E+00  1.12937990E+00
   303  2.42400000E+02  1.12937989E+00  1.07934035E+00  1.12937989E+00
   304  2.43200000E+02  1.12937988E+00  1.08134111E+00  1.12937988E+00
   305  2.44000000E+02  1.12937988E+00  1.08333365E+00  1.12937988E+00
   306  2.44800000E+02  1.12937987E+00  1.08531446E+00  1.12937987E+00
   307  2.45600000E+02  1.12937987E+00  1.08727995E+00  1.12937987E+00
   308  2.46400000E+02  1.12937986E+00  1.08922651E+00  1.12937986E+00
   309  2.47200000E+02  1.12937986E+00  1.09115044E+00  1.12937986E+00
   310  2.48000000E+02  1.12937986E+00  1.09304806E+00  1.12937986E+00
   311  2.48800000E+02  1.12937985E+00  1.09491567E+00  1.12937985E+00
   312  2.49600000E+02  1.12937985E+00  1.09674960E+00  1.12937985E+00
   313  2.50400000E+02  1.12937985E+00  1.09854622E+00  1.12937985E+00
   314  2.51200000E+02  1.12937984E+00  1.10030197E+00  1.12937984E+00
   315  2.52000000E+02  1.12937984E+00  1.10201338E+00  1.12937984E+00
   316  2.52800000E+02  1.12937984E+00  1.10367711E+00  1.12937984E+00
   317  2.53600000E+02  1.12937984E+00  1.10528996E+00  1.12937984E+00
   318  2.54400000E+02  1.12937984E+00  1.10684894E+00  1.12937984E+00
   319  2.55200000E+02  1.12937983E+00  1.10835129E+00  1.12937983E+00
   320  2.56000000E+02  1.12937983E+00  1.10979450E+00  1.12937983E+00
   321  2.56800000E+02  1.12937983E+00  1.11117641E+00  1.12937983E+00
   322  2.57600000E+02  1.12937983E+00  1.11249522E+00  1.12937983E+00
   323  2.58400000E+02  1.12937983E+00  1.11374952E+00  1.12937983E+00
   324  2.59200000E+02  1.12937983E+00  1.11493840E+00  1.12937983E+00
   325  2.60000000E+02  1.12937982E+00  1.11606141E+00  1.12937982E+00
   326  2.60800000E+02  1.12937982E+00  1.11711864E+00  1.12937982E+00
   327  2.61600000E+02  1.12937982E+00  1.11811071E+00  1.12937982E+00
   328  2.62400000E+02  1.12937982E+00  1.11903876E+00  1.12937982E+00
   329  2.63200000E+02  1.12937982E+00  1.11990445E+00  1.12937982E+00
   330  2.64000000E+02  1.12937982E+00  1.12070989E+00  1.12937982E+00
   331  2.64800000E+02  1.12937982E+00  1.12145758E+00  1.12937982E+00
   332  2.65600000E+02  1.12937982E+00  1.12215034E+00  1.12937982E+00
   333  2.66400000E+02  1.12937982E+00  1.12279118E+00  1.12937982E+00
   334  2.67200000E+02  1.12937982E+00  1.12338324E+00  1.12937982E+00
   335  2.68000000E+02  1.12937982E+00  1.12392964E+00  1.12937982E+00
   336  2.68800000E+02  1.12937981E+00  1.12443342E+00  1.12937981E+00
   337  2.69600000E+02  1.12937981E+00  1.12489742E+00  1.12937981E+00
   338  2.70400000E+02  1.12937981E+00  1.12532423E+00  1.12937981E+00
   339  2.71200000E+02  1.12937981E+00  1.12571615E+00  1.12937981E+00
   340  2.72000000E+02  1.12937981E+00  1.12607521E+00  1.12937981E+00
   341  2.72800000E+02  1.12937981E+00  1.12640312E+00  1.12937981E+00
   342  2.73600000E+02  1.12937981E+00  1.12670137E+00  1.12937981E+00
   343  2.74400000E+02  1.12937981E+00  1.12697130E+00  1.12937981E+00
   344  2.75200000E+02  1.12937981E+00  1.12721412E+00  1.12937981E+00
   345  2.76000000E+02  1.12937981E+00  1.12743106E+00  1.12937981E+00
   346  2.76800000E+02  1.12937981E+00  1.12762341E+00  1.12937981E+00
   347  2.77600000E+02  1.12937981E+00  1.12779261E+00  1.12937981E+00
   348  2.78400000E+02  1.12937981E+00  1.12794027E+00  1.12937981E+00
   349  2.79200000E+02  1.12937981E+00  1.12806820E+00  1.12937981E+00
   350  2.80000000E+02  1.12937981E+00  1.12817842E+00  1.12937981E+00
   351  2.80800000E+02  1.12937981E+00  1.12827309E+00  1.12937981E+00
   352  2.81600000E+02  1.12937981E+00  1.12835450E+00  1.12937981E+00
   353  2.82400000E+02  1.12937981E+00  1.12842492E+00  1.12937981E+00
   354  2.83200000E+02  1.12937981E+00  1.12848659E+00  1.12937981E+00
   355  2.84000000E+02  1.12937981E+00  1.12854156E+00  1.12937981E+00
   356  2.84800000E+02  1.12937981E+00  1.12859167E+00  1.12937981E+00
   357  2.85600000E+02  1.12937981E+00  1.12863842E+00  1.12937981E+00
   358  2.86400000E+02  1.12937981E+00  1.12868298E+00  1.12937981E+00
   359  2.87200000E+02  1.12937981E+00  1.12872614E+00  1.12937981E+00
   360  2.88000000E+02  1.12937981E+00  1.12876831E+00  1.12937981E+00
   361  2.88800000E+02  1.12937981E+00  1.12880958E+00  1.12937981E+00
   362  2.89600000E+02  1.12937981E+00  1.12884976E+00  1.12937981E+00
   363  2.90400000E+02  1.12937981E+00  1.12888843E+00  1.12937981E+00
   364  2.91200000E+02  1.12937981E+00  1.12892506E+00  1.12937981E+00
   365  2.92000000E+02  1.12937981E+00  1.12895906E+00  1.12937981E+00
   366  2.92800000E+02  1.12937981E+00  1.12898989E+00  1.12937981E+00
   367  2.93600000E+02  1.12937981E+00  1.12901708E+00  1.12937981E+00
   368  2.94400000E+02  1.12937981E+00  1.12904031E+00  1.12937981E+00
   369  2.95200000E+02  1.12937981E+00  1.12905946E+00  1.12937981E+00
   370  2.96000000E+02  1.12937981E+00  1.12907458E+00  1.12937981E+00
   371  2.96800000E+02  1.12937981E+00  1.12908589E+00  1.12937981E+00
   372  2.97600000E+02  1.12937981E+00  1.12909378E+00  1.12937981E+00
   373  2.98400000E+02  1.12937981E+00  1.12909875E+00  1.12937981E+00
   374  2.99200000E+02  1.12937981E+00  1.12910140E+00  1.12937981E+00
   375  3.00000000E+02  1.12937981E+00  1.12910232E+00  1.12937981E+00
   376  3.00800000E+02  1.12937981E+00  1.12910211E+00  1.12937981E+00
   377  3.01600000E+02  1.12937981E+00  1.12910132E+00  1.12937981E+00
   378  3.02400000E+02  1.12937981E+00  1.12910040E+00  1.12937981E+00
   379  3.03200000E+02  1.12937981E+00  1.12909971E+00  1.12937981E+00
   380  3.04000000E+02  1.12937981E+00  1.12909949E+00  1.12937981E+00
   381  3.04800000E+02  1.12937981E+00  1.12909988E+00  1.12937981E+00
 steady-height stop at step    381: changes <=   1.0000E-05, max-end <=   1.0000E-02, max/end/gap/profile_change =   1.12937981E+00  1.12909988E+00  2.79924308E-04  2.62846363E-06


STDERR:
