COMMAND:
/shared/generate_rom_data/extrudate_swell2d_c_cluster

STDOUT:
 comppar: model =   6
 comppar: lambda,mobility/eps,betav,eta_0 =  1.0000E+01  2.3333E-01  5.0000E-01  1.0000E+00
 comppar: eta_s,eta_p,G =  5.0000E-01  5.0000E-01  5.0000E-02
 comppar: U_avg,deltat,flowrate,nsteps =  2.5000E-02  8.0000E-01  7.8540E-02     700
 comppar: geometry = axisymmetric
 comppar: steady stop change,gap,hold,min =  1.0000E-05  1.0000E-02      10      80
 comppar: ncompc,ncompg =     4     5
 mesh nnodes = 5765
 mesh nelem = 2780
 P1 BC   5.0000000000000000     
 P2 BC   0.0000000000000000     
     1  8.00000000E-01  1.00253021E+00  1.00000000E+00  1.00253021E+00
     2  1.60000000E+00  1.00502043E+00  1.00000000E+00  1.00502043E+00
     3  2.40000000E+00  1.00746584E+00  1.00000000E+00  1.00746584E+00
     4  3.20000000E+00  1.00986627E+00  1.00000000E+00  1.00986627E+00
     5  4.00000000E+00  1.01222237E+00  1.00000000E+00  1.01222237E+00
     6  4.80000000E+00  1.01453853E+00  1.00000000E+00  1.01453853E+00
     7  5.60000000E+00  1.01681004E+00  1.00000000E+00  1.01681004E+00
     8  6.40000000E+00  1.01904502E+00  1.00000000E+00  1.01904502E+00
     9  7.20000000E+00  1.02124640E+00  1.00000000E+00  1.02124640E+00
    10  8.00000000E+00  1.02340770E+00  1.00000000E+00  1.02340770E+00
    11  8.80000000E+00  1.02555202E+00  1.00000000E+00  1.02555202E+00
    12  9.60000000E+00  1.02764965E+00  1.00000001E+00  1.02764965E+00
    13  1.04000000E+01  1.02974147E+00  1.00000001E+00  1.02974147E+00
    14  1.12000000E+01  1.03179041E+00  1.00000001E+00  1.03179041E+00
    15  1.20000000E+01  1.03383164E+00  1.00000001E+00  1.03383164E+00
    16  1.28000000E+01  1.03583906E+00  1.00000001E+00  1.03583906E+00
    17  1.36000000E+01  1.03782039E+00  1.00000001E+00  1.03782039E+00
    18  1.44000000E+01  1.03979915E+00  1.00000001E+00  1.03979915E+00
    19  1.52000000E+01  1.04172877E+00  1.00000001E+00  1.04172877E+00
    20  1.60000000E+01  1.04367044E+00  1.00000001E+00  1.04367044E+00
    21  1.68000000E+01  1.04557583E+00  1.00000000E+00  1.04557583E+00
    22  1.76000000E+01  1.04743630E+00  1.00000000E+00  1.04743630E+00
    23  1.84000000E+01  1.04932881E+00  1.00000000E+00  1.04932881E+00
    24  1.92000000E+01  1.05117129E+00  9.99999999E-01  1.05117129E+00
    25  2.00000000E+01  1.05297547E+00  9.99999997E-01  1.05297547E+00
    26  2.08000000E+01  1.05480590E+00  9.99999994E-01  1.05480590E+00
    27  2.16000000E+01  1.05658369E+00  9.99999990E-01  1.05658369E+00
    28  2.24000000E+01  1.05830577E+00  9.99999986E-01  1.05830577E+00
    29  2.32000000E+01  1.06006668E+00  9.99999981E-01  1.06006668E+00
    30  2.40000000E+01  1.06178883E+00  9.99999975E-01  1.06178883E+00
    31  2.48000000E+01  1.06345308E+00  9.99999969E-01  1.06345308E+00
    32  2.56000000E+01  1.06512324E+00  9.99999961E-01  1.06512324E+00
    33  2.64000000E+01  1.06678643E+00  9.99999953E-01  1.06678643E+00
    34  2.72000000E+01  1.06838932E+00  9.99999944E-01  1.06838932E+00
    35  2.80000000E+01  1.06993772E+00  9.99999933E-01  1.06993772E+00
    36  2.88000000E+01  1.07155424E+00  9.99999922E-01  1.07155424E+00
    37  2.96000000E+01  1.07310886E+00  9.99999909E-01  1.07310886E+00
    38  3.04000000E+01  1.07459892E+00  9.99999895E-01  1.07459892E+00
    39  3.12000000E+01  1.07609482E+00  9.99999879E-01  1.07609482E+00
    40  3.20000000E+01  1.07759886E+00  9.99999862E-01  1.07759886E+00
    41  3.28000000E+01  1.07903689E+00  9.99999843E-01  1.07903689E+00
    42  3.36000000E+01  1.08040669E+00  9.99999823E-01  1.08040669E+00
    43  3.44000000E+01  1.08181845E+00  9.99999800E-01  1.08181845E+00
    44  3.52000000E+01  1.08322256E+00  9.99999776E-01  1.08322256E+00
    45  3.60000000E+01  1.08455799E+00  9.99999749E-01  1.08455799E+00
    46  3.68000000E+01  1.08582307E+00  9.99999721E-01  1.08582307E+00
    47  3.76000000E+01  1.08715156E+00  9.99999689E-01  1.08715156E+00
    48  3.84000000E+01  1.08845126E+00  9.99999656E-01  1.08845126E+00
    49  3.92000000E+01  1.08968031E+00  9.99999619E-01  1.08968031E+00
    50  4.00000000E+01  1.09083776E+00  9.99999580E-01  1.09083776E+00
    51  4.08000000E+01  1.09204356E+00  9.99999537E-01  1.09204356E+00
    52  4.16000000E+01  1.09325948E+00  9.99999491E-01  1.09325948E+00
    53  4.24000000E+01  1.09440426E+00  9.99999442E-01  1.09440426E+00
    54  4.32000000E+01  1.09547777E+00  9.99999389E-01  1.09547777E+00
    55  4.40000000E+01  1.09655909E+00  9.99999333E-01  1.09655909E+00
    56  4.48000000E+01  1.09768972E+00  9.99999272E-01  1.09768972E+00
    57  4.56000000E+01  1.09874927E+00  9.99999207E-01  1.09874927E+00
    58  4.64000000E+01  1.09973852E+00  9.99999138E-01  1.09973852E+00
    59  4.72000000E+01  1.10065926E+00  9.99999063E-01  1.10065926E+00
    60  4.80000000E+01  1.10170801E+00  9.99998984E-01  1.10170801E+00
    61  4.88000000E+01  1.10270566E+00  9.99998899E-01  1.10270566E+00
    62  4.96000000E+01  1.10363513E+00  9.99998809E-01  1.10363513E+00
    63  5.04000000E+01  1.10449898E+00  9.99998713E-01  1.10449898E+00
    64  5.12000000E+01  1.10537020E+00  9.99998610E-01  1.10537020E+00
    65  5.20000000E+01  1.10630510E+00  9.99998501E-01  1.10630510E+00
    66  5.28000000E+01  1.10717392E+00  9.99998386E-01  1.10717392E+00
    67  5.36000000E+01  1.10798003E+00  9.99998263E-01  1.10798003E+00
    68  5.44000000E+01  1.10872753E+00  9.99998132E-01  1.10872753E+00
    69  5.52000000E+01  1.10955467E+00  9.99997994E-01  1.10955467E+00
    70  5.60000000E+01  1.11037078E+00  9.99997847E-01  1.11037078E+00
    71  5.68000000E+01  1.11112770E+00  9.99997691E-01  1.11112770E+00
    72  5.76000000E+01  1.11182966E+00  9.99997527E-01  1.11182966E+00
    73  5.84000000E+01  1.11249058E+00  9.99997352E-01  1.11249058E+00
    74  5.92000000E+01  1.11325319E+00  9.99997168E-01  1.11325319E+00
    75  6.00000000E+01  1.11396030E+00  9.99996973E-01  1.11396030E+00
    76  6.08000000E+01  1.11461638E+00  9.99996767E-01  1.11461638E+00
    77  6.16000000E+01  1.11522584E+00  9.99996549E-01  1.11522584E+00
    78  6.24000000E+01  1.11585262E+00  9.99996320E-01  1.11585262E+00
    79  6.32000000E+01  1.11651653E+00  9.99996078E-01  1.11651653E+00
    80  6.40000000E+01  1.11713257E+00  9.99995822E-01  1.11713257E+00
    81  6.48000000E+01  1.11770475E+00  9.99995553E-01  1.11770475E+00
    82  6.56000000E+01  1.11823666E+00  9.99995270E-01  1.11823666E+00
    83  6.64000000E+01  1.11880007E+00  9.99994971E-01  1.11880007E+00
    84  6.72000000E+01  1.11937677E+00  9.99994657E-01  1.11937677E+00
    85  6.80000000E+01  1.11991303E+00  9.99994327E-01  1.11991303E+00
    86  6.88000000E+01  1.12041202E+00  9.99993980E-01  1.12041202E+00
    87  6.96000000E+01  1.12087639E+00  9.99993615E-01  1.12087639E+00
    88  7.04000000E+01  1.12139648E+00  9.99993232E-01  1.12139648E+00
    89  7.12000000E+01  1.12189937E+00  9.99992829E-01  1.12189937E+00
    90  7.20000000E+01  1.12236688E+00  9.99992407E-01  1.12236688E+00
    91  7.28000000E+01  1.12280148E+00  9.99991964E-01  1.12280148E+00
    92  7.36000000E+01  1.12320530E+00  9.99991499E-01  1.12320530E+00
    93  7.44000000E+01  1.12366060E+00  9.99991012E-01  1.12366060E+00
    94  7.52000000E+01  1.12409943E+00  9.99990502E-01  1.12409943E+00
    95  7.60000000E+01  1.12450733E+00  9.99989968E-01  1.12450733E+00
    96  7.68000000E+01  1.12488616E+00  9.99989409E-01  1.12488616E+00
    97  7.76000000E+01  1.12524281E+00  9.99988824E-01  1.12524281E+00
    98  7.84000000E+01  1.12565347E+00  9.99988212E-01  1.12565347E+00
    99  7.92000000E+01  1.12603488E+00  9.99987572E-01  1.12603488E+00
   100  8.00000000E+01  1.12638889E+00  9.99986904E-01  1.12638889E+00
   101  8.08000000E+01  1.12671727E+00  9.99986206E-01  1.12671727E+00
   102  8.16000000E+01  1.12702252E+00  9.99985477E-01  1.12702252E+00
   103  8.24000000E+01  1.12738042E+00  9.99984716E-01  1.12738042E+00
   104  8.32000000E+01  1.12771242E+00  9.99983923E-01  1.12771242E+00
   105  8.40000000E+01  1.12802020E+00  9.99983095E-01  1.12802020E+00
   106  8.48000000E+01  1.12830540E+00  9.99982233E-01  1.12830540E+00
   107  8.56000000E+01  1.12857967E+00  9.99981335E-01  1.12857967E+00
   108  8.64000000E+01  1.12889008E+00  9.99980399E-01  1.12889008E+00
   109  8.72000000E+01  1.12917790E+00  9.99979425E-01  1.12917790E+00
   110  8.80000000E+01  1.12944469E+00  9.99978411E-01  1.12944469E+00
   111  8.88000000E+01  1.12969201E+00  9.99977357E-01  1.12969201E+00
   112  8.96000000E+01  1.12992332E+00  9.99976261E-01  1.12992332E+00
   113  9.04000000E+01  1.13019317E+00  9.99975123E-01  1.13019317E+00
   114  9.12000000E+01  1.13044327E+00  9.99973940E-01  1.13044327E+00
   115  9.20000000E+01  1.13067510E+00  9.99972712E-01  1.13067510E+00
   116  9.28000000E+01  1.13089002E+00  9.99971438E-01  1.13089002E+00
   117  9.36000000E+01  1.13109318E+00  9.99970116E-01  1.13109318E+00
   118  9.44000000E+01  1.13132732E+00  9.99968746E-01  1.13132732E+00
   119  9.52000000E+01  1.13154433E+00  9.99967326E-01  1.13154433E+00
   120  9.60000000E+01  1.13174543E+00  9.99965855E-01  1.13174543E+00
   121  9.68000000E+01  1.13193168E+00  9.99964333E-01  1.13193168E+00
   122  9.76000000E+01  1.13210399E+00  9.99962758E-01  1.13210399E+00
   123  9.84000000E+01  1.13230135E+00  9.99961129E-01  1.13230135E+00
   124  9.92000000E+01  1.13248985E+00  9.99959446E-01  1.13248985E+00
   125  1.00000000E+02  1.13266431E+00  9.99957706E-01  1.13266431E+00
   126  1.00800000E+02  1.13282552E+00  9.99955911E-01  1.13282552E+00
   127  1.01600000E+02  1.13297416E+00  9.99954058E-01  1.13297416E+00
   128  1.02400000E+02  1.13314433E+00  9.99952148E-01  1.13314433E+00
   129  1.03200000E+02  1.13330705E+00  9.99950178E-01  1.13330705E+00
   130  1.04000000E+02  1.13345710E+00  9.99948150E-01  1.13345710E+00
   131  1.04800000E+02  1.13359510E+00  9.99946062E-01  1.13359510E+00
   132  1.05600000E+02  1.13372159E+00  9.99943914E-01  1.13372159E+00
   133  1.06400000E+02  1.13386258E+00  9.99941706E-01  1.13386258E+00
   134  1.07200000E+02  1.13400255E+00  9.99939438E-01  1.13400255E+00
   135  1.08000000E+02  1.13413093E+00  9.99937109E-01  1.13413093E+00
   136  1.08800000E+02  1.13424823E+00  9.99934721E-01  1.13424823E+00
   137  1.09600000E+02  1.13435496E+00  9.99932272E-01  1.13435496E+00
   138  1.10400000E+02  1.13447745E+00  9.99929765E-01  1.13447745E+00
   139  1.11200000E+02  1.13459615E+00  9.99927198E-01  1.13459615E+00
   140  1.12000000E+02  1.13470428E+00  9.99924574E-01  1.13470428E+00
   141  1.12800000E+02  1.13480236E+00  9.99921894E-01  1.13480236E+00
   142  1.13600000E+02  1.13489094E+00  9.99919158E-01  1.13489094E+00
   143  1.14400000E+02  1.13499449E+00  9.99916369E-01  1.13499449E+00
   144  1.15200000E+02  1.13509422E+00  9.99913528E-01  1.13509422E+00
   145  1.16000000E+02  1.13518433E+00  9.99910638E-01  1.13518433E+00
   146  1.16800000E+02  1.13526539E+00  9.99907701E-01  1.13526539E+00
   147  1.17600000E+02  1.13533803E+00  9.99904719E-01  1.13533803E+00
   148  1.18400000E+02  1.13542933E+00  9.99901696E-01  1.13542933E+00
   149  1.19200000E+02  1.13551179E+00  9.99898636E-01  1.13551179E+00
   150  1.20000000E+02  1.13558577E+00  9.99895542E-01  1.13558577E+00
   151  1.20800000E+02  1.13565190E+00  9.99892420E-01  1.13565190E+00
   152  1.21600000E+02  1.13571292E+00  9.99889273E-01  1.13571292E+00
   153  1.22400000E+02  1.13578826E+00  9.99886107E-01  1.13578826E+00
   154  1.23200000E+02  1.13585561E+00  9.99882930E-01  1.13585561E+00
   155  1.24000000E+02  1.13591563E+00  9.99879746E-01  1.13591563E+00
   156  1.24800000E+02  1.13596899E+00  9.99876563E-01  1.13596899E+00
   157  1.25600000E+02  1.13602370E+00  9.99873389E-01  1.13602370E+00
   158  1.26400000E+02  1.13608495E+00  9.99870233E-01  1.13608495E+00
   159  1.27200000E+02  1.13613943E+00  9.99867103E-01  1.13613943E+00
   160  1.28000000E+02  1.13618777E+00  9.99864011E-01  1.13618777E+00
   161  1.28800000E+02  1.13623063E+00  9.99860966E-01  1.13623063E+00
   162  1.29600000E+02  1.13627556E+00  9.99857980E-01  1.13627556E+00
   163  1.30400000E+02  1.13632484E+00  9.99855067E-01  1.13632484E+00
   164  1.31200000E+02  1.13636853E+00  9.99852239E-01  1.13636853E+00
   165  1.32000000E+02  1.13640725E+00  9.99849512E-01  1.13640725E+00
   166  1.32800000E+02  1.13644158E+00  9.99846901E-01  1.13644158E+00
   167  1.33600000E+02  1.13648103E+00  9.99844422E-01  1.13648103E+00
   168  1.34400000E+02  1.13652054E+00  9.99842094E-01  1.13652054E+00
   169  1.35200000E+02  1.13655552E+00  9.99839937E-01  1.13655552E+00
   170  1.36000000E+02  1.13658652E+00  9.99837971E-01  1.13658652E+00
   171  1.36800000E+02  1.13661403E+00  9.99836219E-01  1.13661403E+00
   172  1.37600000E+02  1.13664355E+00  9.99834703E-01  1.13664355E+00
   173  1.38400000E+02  1.13667517E+00  9.99833450E-01  1.13667517E+00
   174  1.39200000E+02  1.13670325E+00  9.99832487E-01  1.13670325E+00
   175  1.40000000E+02  1.13672821E+00  9.99831842E-01  1.13672821E+00
   176  1.40800000E+02  1.13675046E+00  9.99831546E-01  1.13675046E+00
   177  1.41600000E+02  1.13677475E+00  9.99831631E-01  1.13677475E+00
   178  1.42400000E+02  1.13680008E+00  9.99832133E-01  1.13680008E+00
   179  1.43200000E+02  1.13682261E+00  9.99833087E-01  1.13682261E+00
   180  1.44000000E+02  1.13684268E+00  9.99834533E-01  1.13684268E+00
   181  1.44800000E+02  1.13686059E+00  9.99836512E-01  1.13686059E+00
   182  1.45600000E+02  1.13687659E+00  9.99839068E-01  1.13687659E+00
   183  1.46400000E+02  1.13689628E+00  9.99842247E-01  1.13689628E+00
   184  1.47200000E+02  1.13691459E+00  9.99846098E-01  1.13691459E+00
   185  1.48000000E+02  1.13693096E+00  9.99850673E-01  1.13693096E+00
   186  1.48800000E+02  1.13694560E+00  9.99856027E-01  1.13694560E+00
   187  1.49600000E+02  1.13695869E+00  9.99862217E-01  1.13695869E+00
   188  1.50400000E+02  1.13697244E+00  9.99869306E-01  1.13697244E+00
   189  1.51200000E+02  1.13698720E+00  9.99877357E-01  1.13698720E+00
   190  1.52000000E+02  1.13700039E+00  9.99886438E-01  1.13700039E+00
   191  1.52800000E+02  1.13701217E+00  9.99896623E-01  1.13701217E+00
   192  1.53600000E+02  1.13702268E+00  9.99907986E-01  1.13702268E+00
   193  1.54400000E+02  1.13703203E+00  9.99920608E-01  1.13703203E+00
   194  1.55200000E+02  1.13704131E+00  9.99934573E-01  1.13704131E+00
   195  1.56000000E+02  1.13705209E+00  9.99949970E-01  1.13705209E+00
   196  1.56800000E+02  1.13706168E+00  9.99966892E-01  1.13706168E+00
   197  1.57600000E+02  1.13707019E+00  9.99985438E-01  1.13707019E+00
   198  1.58400000E+02  1.13707772E+00  1.00000571E+00  1.13707772E+00
   199  1.59200000E+02  1.13708436E+00  1.00002782E+00  1.13708436E+00
   200  1.60000000E+02  1.13709076E+00  1.00005188E+00  1.13709076E+00
   201  1.60800000E+02  1.13709839E+00  1.00007800E+00  1.13709839E+00
   202  1.61600000E+02  1.13710513E+00  1.00010632E+00  1.13710513E+00
   203  1.62400000E+02  1.13711106E+00  1.00013697E+00  1.13711106E+00
   204  1.63200000E+02  1.13711627E+00  1.00017009E+00  1.13711627E+00
   205  1.64000000E+02  1.13712081E+00  1.00020581E+00  1.13712081E+00
   206  1.64800000E+02  1.13712477E+00  1.00024429E+00  1.13712477E+00
   207  1.65600000E+02  1.13712892E+00  1.00028570E+00  1.13712892E+00
   208  1.66400000E+02  1.13713359E+00  1.00033019E+00  1.13713359E+00
   209  1.67200000E+02  1.13713765E+00  1.00037794E+00  1.13713765E+00
   210  1.68000000E+02  1.13714119E+00  1.00042914E+00  1.13714119E+00
   211  1.68800000E+02  1.13714425E+00  1.00048397E+00  1.13714425E+00
   212  1.69600000E+02  1.13714689E+00  1.00054262E+00  1.13714689E+00
   213  1.70400000E+02  1.13714917E+00  1.00060532E+00  1.13714917E+00
   214  1.71200000E+02  1.13715113E+00  1.00067227E+00  1.13715113E+00
   215  1.72000000E+02  1.13715371E+00  1.00074370E+00  1.13715371E+00
   216  1.72800000E+02  1.13715604E+00  1.00081985E+00  1.13715604E+00
   217  1.73600000E+02  1.13715803E+00  1.00090097E+00  1.13715803E+00
   218  1.74400000E+02  1.13715974E+00  1.00098730E+00  1.13715974E+00
   219  1.75200000E+02  1.13716120E+00  1.00107911E+00  1.13716120E+00
   220  1.76000000E+02  1.13716243E+00  1.00117670E+00  1.13716243E+00
   221  1.76800000E+02  1.13716348E+00  1.00128033E+00  1.13716348E+00
   222  1.77600000E+02  1.13716436E+00  1.00139032E+00  1.13716436E+00
   223  1.78400000E+02  1.13716508E+00  1.00150699E+00  1.13716508E+00
   224  1.79200000E+02  1.13716568E+00  1.00163064E+00  1.13716568E+00
   225  1.80000000E+02  1.13716616E+00  1.00176163E+00  1.13716616E+00
   226  1.80800000E+02  1.13716690E+00  1.00190031E+00  1.13716690E+00
   227  1.81600000E+02  1.13716753E+00  1.00204703E+00  1.13716753E+00
   228  1.82400000E+02  1.13716803E+00  1.00220218E+00  1.13716803E+00
   229  1.83200000E+02  1.13716843E+00  1.00236616E+00  1.13716843E+00
   230  1.84000000E+02  1.13716873E+00  1.00253936E+00  1.13716873E+00
   231  1.84800000E+02  1.13716895E+00  1.00272220E+00  1.13716895E+00
   232  1.85600000E+02  1.13716910E+00  1.00291513E+00  1.13716910E+00
   233  1.86400000E+02  1.13716919E+00  1.00311859E+00  1.13716919E+00
   234  1.87200000E+02  1.13716923E+00  1.00333304E+00  1.13716923E+00
   235  1.88000000E+02  1.13716922E+00  1.00355898E+00  1.13716922E+00
   236  1.88800000E+02  1.13716917E+00  1.00379689E+00  1.13716917E+00
   237  1.89600000E+02  1.13716908E+00  1.00404728E+00  1.13716908E+00
   238  1.90400000E+02  1.13716897E+00  1.00431068E+00  1.13716897E+00
   239  1.91200000E+02  1.13716884E+00  1.00458764E+00  1.13716884E+00
   240  1.92000000E+02  1.13716869E+00  1.00487872E+00  1.13716869E+00
   241  1.92800000E+02  1.13716852E+00  1.00518448E+00  1.13716852E+00
   242  1.93600000E+02  1.13716834E+00  1.00550552E+00  1.13716834E+00
   243  1.94400000E+02  1.13716815E+00  1.00584245E+00  1.13716815E+00
   244  1.95200000E+02  1.13716795E+00  1.00619587E+00  1.13716795E+00
   245  1.96000000E+02  1.13716774E+00  1.00656644E+00  1.13716774E+00
   246  1.96800000E+02  1.13716754E+00  1.00695479E+00  1.13716754E+00
   247  1.97600000E+02  1.13716733E+00  1.00736160E+00  1.13716733E+00
   248  1.98400000E+02  1.13716712E+00  1.00778754E+00  1.13716712E+00
   249  1.99200000E+02  1.13716691E+00  1.00823330E+00  1.13716691E+00
   250  2.00000000E+02  1.13716670E+00  1.00869959E+00  1.13716670E+00
   251  2.00800000E+02  1.13716649E+00  1.00918712E+00  1.13716649E+00
   252  2.01600000E+02  1.13716629E+00  1.00969663E+00  1.13716629E+00
   253  2.02400000E+02  1.13716609E+00  1.01022885E+00  1.13716609E+00
   254  2.03200000E+02  1.13716589E+00  1.01078453E+00  1.13716589E+00
   255  2.04000000E+02  1.13716570E+00  1.01136442E+00  1.13716570E+00
   256  2.04800000E+02  1.13716552E+00  1.01196928E+00  1.13716552E+00
   257  2.05600000E+02  1.13716533E+00  1.01259988E+00  1.13716533E+00
   258  2.06400000E+02  1.13716516E+00  1.01325700E+00  1.13716516E+00
   259  2.07200000E+02  1.13716499E+00  1.01394138E+00  1.13716499E+00
   260  2.08000000E+02  1.13716483E+00  1.01465382E+00  1.13716483E+00
   261  2.08800000E+02  1.13716467E+00  1.01539505E+00  1.13716467E+00
   262  2.09600000E+02  1.13716451E+00  1.01616586E+00  1.13716451E+00
   263  2.10400000E+02  1.13716437E+00  1.01696697E+00  1.13716437E+00
   264  2.11200000E+02  1.13716423E+00  1.01779913E+00  1.13716423E+00
   265  2.12000000E+02  1.13716409E+00  1.01866305E+00  1.13716409E+00
   266  2.12800000E+02  1.13716396E+00  1.01955945E+00  1.13716396E+00
   267  2.13600000E+02  1.13716384E+00  1.02048899E+00  1.13716384E+00
   268  2.14400000E+02  1.13716372E+00  1.02145234E+00  1.13716372E+00
   269  2.15200000E+02  1.13716360E+00  1.02245012E+00  1.13716360E+00
   270  2.16000000E+02  1.13716350E+00  1.02348293E+00  1.13716350E+00
   271  2.16800000E+02  1.13716339E+00  1.02455133E+00  1.13716339E+00
   272  2.17600000E+02  1.13716329E+00  1.02565584E+00  1.13716329E+00
   273  2.18400000E+02  1.13716320E+00  1.02679694E+00  1.13716320E+00
   274  2.19200000E+02  1.13716311E+00  1.02797504E+00  1.13716311E+00
   275  2.20000000E+02  1.13716303E+00  1.02919052E+00  1.13716303E+00
   276  2.20800000E+02  1.13716294E+00  1.03044371E+00  1.13716294E+00
   277  2.21600000E+02  1.13716287E+00  1.03173483E+00  1.13716287E+00
   278  2.22400000E+02  1.13716279E+00  1.03306409E+00  1.13716279E+00
   279  2.23200000E+02  1.13716273E+00  1.03443159E+00  1.13716273E+00
   280  2.24000000E+02  1.13716266E+00  1.03583736E+00  1.13716266E+00
   281  2.24800000E+02  1.13716260E+00  1.03728134E+00  1.13716260E+00
   282  2.25600000E+02  1.13716254E+00  1.03876339E+00  1.13716254E+00
   283  2.26400000E+02  1.13716248E+00  1.04028328E+00  1.13716248E+00
   284  2.27200000E+02  1.13716243E+00  1.04184065E+00  1.13716243E+00
   285  2.28000000E+02  1.13716238E+00  1.04343506E+00  1.13716238E+00
   286  2.28800000E+02  1.13716234E+00  1.04506597E+00  1.13716234E+00
   287  2.29600000E+02  1.13716229E+00  1.04673269E+00  1.13716229E+00
   288  2.30400000E+02  1.13716225E+00  1.04843445E+00  1.13716225E+00
   289  2.31200000E+02  1.13716221E+00  1.05017031E+00  1.13716221E+00
   290  2.32000000E+02  1.13716217E+00  1.05193926E+00  1.13716217E+00
   291  2.32800000E+02  1.13716214E+00  1.05374012E+00  1.13716214E+00
   292  2.33600000E+02  1.13716211E+00  1.05557159E+00  1.13716211E+00
   293  2.34400000E+02  1.13716208E+00  1.05743225E+00  1.13716208E+00
   294  2.35200000E+02  1.13716205E+00  1.05932052E+00  1.13716205E+00
   295  2.36000000E+02  1.13716202E+00  1.06123471E+00  1.13716202E+00
   296  2.36800000E+02  1.13716199E+00  1.06317299E+00  1.13716199E+00
   297  2.37600000E+02  1.13716197E+00  1.06513338E+00  1.13716197E+00
   298  2.38400000E+02  1.13716195E+00  1.06711379E+00  1.13716195E+00
   299  2.39200000E+02  1.13716193E+00  1.06911200E+00  1.13716193E+00
   300  2.40000000E+02  1.13716191E+00  1.07112563E+00  1.13716191E+00
   301  2.40800000E+02  1.13716189E+00  1.07315223E+00  1.13716189E+00
   302  2.41600000E+02  1.13716187E+00  1.07518918E+00  1.13716187E+00
   303  2.42400000E+02  1.13716186E+00  1.07723377E+00  1.13716186E+00
   304  2.43200000E+02  1.13716184E+00  1.07928319E+00  1.13716184E+00
   305  2.44000000E+02  1.13716183E+00  1.08133451E+00  1.13716183E+00
   306  2.44800000E+02  1.13716181E+00  1.08338472E+00  1.13716181E+00
   307  2.45600000E+02  1.13716180E+00  1.08543070E+00  1.13716180E+00
   308  2.46400000E+02  1.13716179E+00  1.08746929E+00  1.13716179E+00
   309  2.47200000E+02  1.13716178E+00  1.08949722E+00  1.13716178E+00
   310  2.48000000E+02  1.13716177E+00  1.09151120E+00  1.13716177E+00
   311  2.48800000E+02  1.13716176E+00  1.09350787E+00  1.13716176E+00
   312  2.49600000E+02  1.13716175E+00  1.09548385E+00  1.13716175E+00
   313  2.50400000E+02  1.13716174E+00  1.09743573E+00  1.13716174E+00
   314  2.51200000E+02  1.13716173E+00  1.09936012E+00  1.13716173E+00
   315  2.52000000E+02  1.13716173E+00  1.10125361E+00  1.13716173E+00
   316  2.52800000E+02  1.13716172E+00  1.10311283E+00  1.13716172E+00
   317  2.53600000E+02  1.13716171E+00  1.10493447E+00  1.13716171E+00
   318  2.54400000E+02  1.13716171E+00  1.10671526E+00  1.13716171E+00
   319  2.55200000E+02  1.13716170E+00  1.10845203E+00  1.13716170E+00
   320  2.56000000E+02  1.13716170E+00  1.11014171E+00  1.13716170E+00
   321  2.56800000E+02  1.13716169E+00  1.11178135E+00  1.13716169E+00
   322  2.57600000E+02  1.13716169E+00  1.11336817E+00  1.13716169E+00
   323  2.58400000E+02  1.13716168E+00  1.11489955E+00  1.13716168E+00
   324  2.59200000E+02  1.13716168E+00  1.11637309E+00  1.13716168E+00
   325  2.60000000E+02  1.13716168E+00  1.11778664E+00  1.13716168E+00
   326  2.60800000E+02  1.13716167E+00  1.11913831E+00  1.13716167E+00
   327  2.61600000E+02  1.13716167E+00  1.12042651E+00  1.13716167E+00
   328  2.62400000E+02  1.13716167E+00  1.12165003E+00  1.13716167E+00
   329  2.63200000E+02  1.13716166E+00  1.12280801E+00  1.13716166E+00
   330  2.64000000E+02  1.13716166E+00  1.12389999E+00  1.13716166E+00
   331  2.64800000E+02  1.13716166E+00  1.12492597E+00  1.13716166E+00
   332  2.65600000E+02  1.13716166E+00  1.12588638E+00  1.13716166E+00
   333  2.66400000E+02  1.13716165E+00  1.12678213E+00  1.13716165E+00
   334  2.67200000E+02  1.13716165E+00  1.12761458E+00  1.13716165E+00
   335  2.68000000E+02  1.13716165E+00  1.12838555E+00  1.13716165E+00
   336  2.68800000E+02  1.13716165E+00  1.12909728E+00  1.13716165E+00
   337  2.69600000E+02  1.13716165E+00  1.12975240E+00  1.13716165E+00
   338  2.70400000E+02  1.13716165E+00  1.13035387E+00  1.13716165E+00
   339  2.71200000E+02  1.13716164E+00  1.13090496E+00  1.13716164E+00
   340  2.72000000E+02  1.13716164E+00  1.13140909E+00  1.13716164E+00
   341  2.72800000E+02  1.13716164E+00  1.13186988E+00  1.13716164E+00
   342  2.73600000E+02  1.13716164E+00  1.13229094E+00  1.13716164E+00
   343  2.74400000E+02  1.13716164E+00  1.13267589E+00  1.13716164E+00
   344  2.75200000E+02  1.13716164E+00  1.13302824E+00  1.13716164E+00
   345  2.76000000E+02  1.13716164E+00  1.13335134E+00  1.13716164E+00
   346  2.76800000E+02  1.13716164E+00  1.13364828E+00  1.13716164E+00
   347  2.77600000E+02  1.13716164E+00  1.13392193E+00  1.13716164E+00
   348  2.78400000E+02  1.13716164E+00  1.13417482E+00  1.13716164E+00
   349  2.79200000E+02  1.13716164E+00  1.13440917E+00  1.13716164E+00
   350  2.80000000E+02  1.13716164E+00  1.13462689E+00  1.13716164E+00
   351  2.80800000E+02  1.13716163E+00  1.13482956E+00  1.13716163E+00
   352  2.81600000E+02  1.13716163E+00  1.13501849E+00  1.13716163E+00
   353  2.82400000E+02  1.13716163E+00  1.13519473E+00  1.13716163E+00
   354  2.83200000E+02  1.13716163E+00  1.13535908E+00  1.13716163E+00
   355  2.84000000E+02  1.13716163E+00  1.13551220E+00  1.13716163E+00
   356  2.84800000E+02  1.13716163E+00  1.13565457E+00  1.13716163E+00
   357  2.85600000E+02  1.13716163E+00  1.13578660E+00  1.13716163E+00
   358  2.86400000E+02  1.13716163E+00  1.13590862E+00  1.13716163E+00
   359  2.87200000E+02  1.13716163E+00  1.13602094E+00  1.13716163E+00
   360  2.88000000E+02  1.13716163E+00  1.13612386E+00  1.13716163E+00
   361  2.88800000E+02  1.13716163E+00  1.13621770E+00  1.13716163E+00
   362  2.89600000E+02  1.13716163E+00  1.13630279E+00  1.13716163E+00
   363  2.90400000E+02  1.13716163E+00  1.13637953E+00  1.13716163E+00
   364  2.91200000E+02  1.13716163E+00  1.13644834E+00  1.13716163E+00
   365  2.92000000E+02  1.13716163E+00  1.13650967E+00  1.13716163E+00
   366  2.92800000E+02  1.13716163E+00  1.13656404E+00  1.13716163E+00
   367  2.93600000E+02  1.13716163E+00  1.13661196E+00  1.13716163E+00
   368  2.94400000E+02  1.13716163E+00  1.13665397E+00  1.13716163E+00
   369  2.95200000E+02  1.13716163E+00  1.13669063E+00  1.13716163E+00
   370  2.96000000E+02  1.13716163E+00  1.13672248E+00  1.13716163E+00
   371  2.96800000E+02  1.13716163E+00  1.13675005E+00  1.13716163E+00
   372  2.97600000E+02  1.13716163E+00  1.13677388E+00  1.13716163E+00
   373  2.98400000E+02  1.13716163E+00  1.13679443E+00  1.13716163E+00
   374  2.99200000E+02  1.13716163E+00  1.13681217E+00  1.13716163E+00
   375  3.00000000E+02  1.13716163E+00  1.13682750E+00  1.13716163E+00
   376  3.00800000E+02  1.13716163E+00  1.13684081E+00  1.13716163E+00
   377  3.01600000E+02  1.13716163E+00  1.13685242E+00  1.13716163E+00
   378  3.02400000E+02  1.13716163E+00  1.13686261E+00  1.13716163E+00
   379  3.03200000E+02  1.13716163E+00  1.13687162E+00  1.13716163E+00
   380  3.04000000E+02  1.13716163E+00  1.13687964E+00  1.13716163E+00
   381  3.04800000E+02  1.13716163E+00  1.13688684E+00  1.13716163E+00
   382  3.05600000E+02  1.13716163E+00  1.13689334E+00  1.13716163E+00
   383  3.06400000E+02  1.13716163E+00  1.13689923E+00  1.13716163E+00
   384  3.07200000E+02  1.13716163E+00  1.13690459E+00  1.13716163E+00
   385  3.08000000E+02  1.13716163E+00  1.13690945E+00  1.13716163E+00
   386  3.08800000E+02  1.13716163E+00  1.13691386E+00  1.13716163E+00
   387  3.09600000E+02  1.13716163E+00  1.13691784E+00  1.13716163E+00
   388  3.10400000E+02  1.13716163E+00  1.13692140E+00  1.13716163E+00
 steady-height stop at step    388: changes <=   1.0000E-05, max-end <=   1.0000E-02, max/end/gap/profile_change =   1.13716163E+00  1.13692140E+00  2.40222927E-04  3.56443137E-06


STDERR:
