COMMAND:
/shared/generate_rom_data/extrudate_swell2d_c_cluster

STDOUT:
 comppar: model =   6
 comppar: lambda,mobility/eps,betav,eta_0 =  1.0000E+01  1.0000E-01  1.0000E-01  1.0000E+00
 comppar: eta_s,eta_p,G =  1.0000E-01  9.0000E-01  9.0000E-02
 comppar: U_avg,deltat,flowrate,nsteps =  2.5000E-02  8.0000E-01  7.8540E-02     700
 comppar: geometry = axisymmetric
 comppar: steady stop change,gap,hold,min =  1.0000E-05  1.0000E-02      10      80
 comppar: ncompc,ncompg =     4     5
 mesh nnodes = 5765
 mesh nelem = 2780
 P1 BC   5.0000000000000000     
 P2 BC   0.0000000000000000     
     1  8.00000000E-01  1.00252464E+00  1.00000000E+00  1.00252464E+00
     2  1.60000000E+00  1.00497520E+00  1.00000000E+00  1.00497520E+00
     3  2.40000000E+00  1.00733210E+00  1.00000000E+00  1.00733210E+00
     4  3.20000000E+00  1.00962326E+00  1.00000000E+00  1.00962326E+00
     5  4.00000000E+00  1.01185969E+00  1.00000000E+00  1.01185969E+00
     6  4.80000000E+00  1.01405514E+00  1.00000000E+00  1.01405514E+00
     7  5.60000000E+00  1.01621689E+00  1.00000000E+00  1.01621689E+00
     8  6.40000000E+00  1.01836967E+00  1.00000000E+00  1.01836967E+00
     9  7.20000000E+00  1.02051220E+00  1.00000000E+00  1.02051220E+00
    10  8.00000000E+00  1.02264818E+00  1.00000001E+00  1.02264818E+00
    11  8.80000000E+00  1.02478526E+00  1.00000001E+00  1.02478526E+00
    12  9.60000000E+00  1.02692513E+00  1.00000001E+00  1.02692513E+00
    13  1.04000000E+01  1.02905619E+00  1.00000001E+00  1.02905619E+00
    14  1.12000000E+01  1.03120356E+00  1.00000001E+00  1.03120356E+00
    15  1.20000000E+01  1.03333003E+00  1.00000001E+00  1.03333003E+00
    16  1.28000000E+01  1.03546414E+00  1.00000001E+00  1.03546414E+00
    17  1.36000000E+01  1.03760191E+00  1.00000001E+00  1.03760191E+00
    18  1.44000000E+01  1.03971510E+00  1.00000001E+00  1.03971510E+00
    19  1.52000000E+01  1.04183806E+00  1.00000001E+00  1.04183806E+00
    20  1.60000000E+01  1.04395759E+00  1.00000001E+00  1.04395759E+00
    21  1.68000000E+01  1.04604812E+00  1.00000001E+00  1.04604812E+00
    22  1.76000000E+01  1.04813412E+00  1.00000001E+00  1.04813412E+00
    23  1.84000000E+01  1.05023427E+00  1.00000001E+00  1.05023427E+00
    24  1.92000000E+01  1.05230150E+00  1.00000001E+00  1.05230150E+00
    25  2.00000000E+01  1.05433283E+00  1.00000001E+00  1.05433283E+00
    26  2.08000000E+01  1.05638564E+00  1.00000000E+00  1.05638564E+00
    27  2.16000000E+01  1.05842061E+00  1.00000000E+00  1.05842061E+00
    28  2.24000000E+01  1.06041613E+00  9.99999999E-01  1.06041613E+00
    29  2.32000000E+01  1.06236952E+00  9.99999995E-01  1.06236952E+00
    30  2.40000000E+01  1.06431451E+00  9.99999991E-01  1.06431451E+00
    31  2.48000000E+01  1.06627596E+00  9.99999986E-01  1.06627596E+00
    32  2.56000000E+01  1.06819308E+00  9.99999980E-01  1.06819308E+00
    33  2.64000000E+01  1.07006363E+00  9.99999973E-01  1.07006363E+00
    34  2.72000000E+01  1.07192194E+00  9.99999966E-01  1.07192194E+00
    35  2.80000000E+01  1.07379674E+00  9.99999957E-01  1.07379674E+00
    36  2.88000000E+01  1.07562322E+00  9.99999948E-01  1.07562322E+00
    37  2.96000000E+01  1.07739970E+00  9.99999937E-01  1.07739970E+00
    38  3.04000000E+01  1.07917969E+00  9.99999926E-01  1.07917969E+00
    39  3.12000000E+01  1.08097191E+00  9.99999913E-01  1.08097191E+00
    40  3.20000000E+01  1.08271340E+00  9.99999898E-01  1.08271340E+00
    41  3.28000000E+01  1.08440324E+00  9.99999883E-01  1.08440324E+00
    42  3.36000000E+01  1.08607714E+00  9.99999866E-01  1.08607714E+00
    43  3.44000000E+01  1.08778167E+00  9.99999847E-01  1.08778167E+00
    44  3.52000000E+01  1.08943433E+00  9.99999827E-01  1.08943433E+00
    45  3.60000000E+01  1.09103521E+00  9.99999804E-01  1.09103521E+00
    46  3.68000000E+01  1.09258505E+00  9.99999780E-01  1.09258505E+00
    47  3.76000000E+01  1.09416341E+00  9.99999754E-01  1.09416341E+00
    48  3.84000000E+01  1.09574394E+00  9.99999725E-01  1.09574394E+00
    49  3.92000000E+01  1.09727391E+00  9.99999695E-01  1.09727391E+00
    50  4.00000000E+01  1.09875455E+00  9.99999661E-01  1.09875455E+00
    51  4.08000000E+01  1.10018734E+00  9.99999626E-01  1.10018734E+00
    52  4.16000000E+01  1.10165256E+00  9.99999587E-01  1.10165256E+00
    53  4.24000000E+01  1.10311136E+00  9.99999545E-01  1.10311136E+00
    54  4.32000000E+01  1.10452286E+00  9.99999501E-01  1.10452286E+00
    55  4.40000000E+01  1.10588868E+00  9.99999453E-01  1.10588868E+00
    56  4.48000000E+01  1.10721056E+00  9.99999402E-01  1.10721056E+00
    57  4.56000000E+01  1.10851685E+00  9.99999347E-01  1.10851685E+00
    58  4.64000000E+01  1.10987788E+00  9.99999288E-01  1.10987788E+00
    59  4.72000000E+01  1.11119484E+00  9.99999225E-01  1.11119484E+00
    60  4.80000000E+01  1.11246992E+00  9.99999158E-01  1.11246992E+00
    61  4.88000000E+01  1.11370591E+00  9.99999087E-01  1.11370591E+00
    62  4.96000000E+01  1.11490625E+00  9.99999011E-01  1.11490625E+00
    63  5.04000000E+01  1.11610643E+00  9.99998929E-01  1.11610643E+00
    64  5.12000000E+01  1.11733553E+00  9.99998843E-01  1.11733553E+00
    65  5.20000000E+01  1.11852840E+00  9.99998751E-01  1.11852840E+00
    66  5.28000000E+01  1.11968913E+00  9.99998653E-01  1.11968913E+00
    67  5.36000000E+01  1.12082215E+00  9.99998549E-01  1.12082215E+00
    68  5.44000000E+01  1.12193149E+00  9.99998439E-01  1.12193149E+00
    69  5.52000000E+01  1.12301980E+00  9.99998322E-01  1.12301980E+00
    70  5.60000000E+01  1.12410102E+00  9.99998198E-01  1.12410102E+00
    71  5.68000000E+01  1.12521304E+00  9.99998067E-01  1.12521304E+00
    72  5.76000000E+01  1.12630200E+00  9.99997927E-01  1.12630200E+00
    73  5.84000000E+01  1.12736820E+00  9.99997780E-01  1.12736820E+00
    74  5.92000000E+01  1.12840932E+00  9.99997625E-01  1.12840932E+00
    75  6.00000000E+01  1.12942014E+00  9.99997460E-01  1.12942014E+00
    76  6.08000000E+01  1.13039286E+00  9.99997286E-01  1.13039286E+00
    77  6.16000000E+01  1.13132788E+00  9.99997103E-01  1.13132788E+00
    78  6.24000000E+01  1.13234679E+00  9.99996909E-01  1.13234679E+00
    79  6.32000000E+01  1.13333136E+00  9.99996705E-01  1.13333136E+00
    80  6.40000000E+01  1.13427194E+00  9.99996489E-01  1.13427194E+00
    81  6.48000000E+01  1.13515793E+00  9.99996262E-01  1.13515793E+00
    82  6.56000000E+01  1.13597931E+00  9.99996023E-01  1.13597931E+00
    83  6.64000000E+01  1.13686549E+00  9.99995772E-01  1.13686549E+00
    84  6.72000000E+01  1.13775826E+00  9.99995507E-01  1.13775826E+00
    85  6.80000000E+01  1.13859185E+00  9.99995228E-01  1.13859185E+00
    86  6.88000000E+01  1.13935890E+00  9.99994935E-01  1.13935890E+00
    87  6.96000000E+01  1.14007943E+00  9.99994627E-01  1.14007943E+00
    88  7.04000000E+01  1.14093314E+00  9.99994304E-01  1.14093314E+00
    89  7.12000000E+01  1.14172163E+00  9.99993964E-01  1.14172163E+00
    90  7.20000000E+01  1.14243877E+00  9.99993608E-01  1.14243877E+00
    91  7.28000000E+01  1.14308167E+00  9.99993234E-01  1.14308167E+00
    92  7.36000000E+01  1.14375653E+00  9.99992842E-01  1.14375653E+00
    93  7.44000000E+01  1.14449364E+00  9.99992431E-01  1.14449364E+00
    94  7.52000000E+01  1.14516083E+00  9.99992000E-01  1.14516083E+00
    95  7.60000000E+01  1.14575741E+00  9.99991549E-01  1.14575741E+00
    96  7.68000000E+01  1.14632364E+00  9.99991077E-01  1.14632364E+00
    97  7.76000000E+01  1.14701171E+00  9.99990583E-01  1.14701171E+00
    98  7.84000000E+01  1.14762782E+00  9.99990065E-01  1.14762782E+00
    99  7.92000000E+01  1.14817349E+00  9.99989524E-01  1.14817349E+00
   100  8.00000000E+01  1.14865324E+00  9.99988959E-01  1.14865324E+00
   101  8.08000000E+01  1.14921836E+00  9.99988368E-01  1.14921836E+00
   102  8.16000000E+01  1.14979066E+00  9.99987751E-01  1.14979066E+00
   103  8.24000000E+01  1.15029730E+00  9.99987107E-01  1.15029730E+00
   104  8.32000000E+01  1.15074340E+00  9.99986434E-01  1.15074340E+00
   105  8.40000000E+01  1.15121891E+00  9.99985732E-01  1.15121891E+00
   106  8.48000000E+01  1.15174236E+00  9.99985001E-01  1.15174236E+00
   107  8.56000000E+01  1.15220274E+00  9.99984238E-01  1.15220274E+00
   108  8.64000000E+01  1.15260677E+00  9.99983442E-01  1.15260677E+00
   109  8.72000000E+01  1.15297503E+00  9.99982614E-01  1.15297503E+00
   110  8.80000000E+01  1.15346136E+00  9.99981751E-01  1.15346136E+00
   111  8.88000000E+01  1.15388952E+00  9.99980853E-01  1.15388952E+00
   112  8.96000000E+01  1.15426613E+00  9.99979919E-01  1.15426613E+00
   113  9.04000000E+01  1.15459866E+00  9.99978946E-01  1.15459866E+00
   114  9.12000000E+01  1.15499347E+00  9.99977935E-01  1.15499347E+00
   115  9.20000000E+01  1.15538149E+00  9.99976885E-01  1.15538149E+00
   116  9.28000000E+01  1.15572313E+00  9.99975793E-01  1.15572313E+00
   117  9.36000000E+01  1.15602628E+00  9.99974659E-01  1.15602628E+00
   118  9.44000000E+01  1.15633906E+00  9.99973482E-01  1.15633906E+00
   119  9.52000000E+01  1.15670074E+00  9.99972260E-01  1.15670074E+00
   120  9.60000000E+01  1.15702007E+00  9.99970992E-01  1.15702007E+00
   121  9.68000000E+01  1.15730431E+00  9.99969678E-01  1.15730431E+00
   122  9.76000000E+01  1.15756020E+00  9.99968316E-01  1.15756020E+00
   123  9.84000000E+01  1.15785144E+00  9.99966904E-01  1.15785144E+00
   124  9.92000000E+01  1.15814288E+00  9.99965442E-01  1.15814288E+00
   125  1.00000000E+02  1.15840452E+00  9.99963929E-01  1.15840452E+00
   126  1.00800000E+02  1.15864267E+00  9.99962363E-01  1.15864267E+00
   127  1.01600000E+02  1.15887884E+00  9.99960743E-01  1.15887884E+00
   128  1.02400000E+02  1.15915194E+00  9.99959069E-01  1.15915194E+00
   129  1.03200000E+02  1.15939777E+00  9.99957338E-01  1.15939777E+00
   130  1.04000000E+02  1.15962198E+00  9.99955551E-01  1.15962198E+00
   131  1.04800000E+02  1.15982911E+00  9.99953705E-01  1.15982911E+00
   132  1.05600000E+02  1.16002256E+00  9.99951801E-01  1.16002256E+00
   133  1.06400000E+02  1.16024111E+00  9.99949837E-01  1.16024111E+00
   134  1.07200000E+02  1.16045240E+00  9.99947811E-01  1.16045240E+00
   135  1.08000000E+02  1.16064970E+00  9.99945725E-01  1.16064970E+00
   136  1.08800000E+02  1.16083555E+00  9.99943575E-01  1.16083555E+00
   137  1.09600000E+02  1.16101140E+00  9.99941363E-01  1.16101140E+00
   138  1.10400000E+02  1.16120568E+00  9.99939087E-01  1.16120568E+00
   139  1.11200000E+02  1.16139175E+00  9.99936747E-01  1.16139175E+00
   140  1.12000000E+02  1.16156695E+00  9.99934342E-01  1.16156695E+00
   141  1.12800000E+02  1.16173259E+00  9.99931873E-01  1.16173259E+00
   142  1.13600000E+02  1.16188925E+00  9.99929338E-01  1.16188925E+00
   143  1.14400000E+02  1.16203705E+00  9.99926738E-01  1.16203705E+00
   144  1.15200000E+02  1.16218642E+00  9.99924073E-01  1.16218642E+00
   145  1.16000000E+02  1.16234700E+00  9.99921344E-01  1.16234700E+00
   146  1.16800000E+02  1.16249879E+00  9.99918549E-01  1.16249879E+00
   147  1.17600000E+02  1.16264156E+00  9.99915691E-01  1.16264156E+00
   148  1.18400000E+02  1.16277496E+00  9.99912769E-01  1.16277496E+00
   149  1.19200000E+02  1.16289870E+00  9.99909785E-01  1.16289870E+00
   150  1.20000000E+02  1.16303656E+00  9.99906740E-01  1.16303656E+00
   151  1.20800000E+02  1.16317087E+00  9.99903635E-01  1.16317087E+00
   152  1.21600000E+02  1.16329630E+00  9.99900472E-01  1.16329630E+00
   153  1.22400000E+02  1.16341264E+00  9.99897252E-01  1.16341264E+00
   154  1.23200000E+02  1.16351977E+00  9.99893977E-01  1.16351977E+00
   155  1.24000000E+02  1.16362408E+00  9.99890651E-01  1.16362408E+00
   156  1.24800000E+02  1.16374416E+00  9.99887276E-01  1.16374416E+00
   157  1.25600000E+02  1.16385483E+00  9.99883854E-01  1.16385483E+00
   158  1.26400000E+02  1.16395612E+00  9.99880391E-01  1.16395612E+00
   159  1.27200000E+02  1.16404830E+00  9.99876888E-01  1.16404830E+00
   160  1.28000000E+02  1.16413183E+00  9.99873352E-01  1.16413183E+00
   161  1.28800000E+02  1.16423310E+00  9.99869786E-01  1.16423310E+00
   162  1.29600000E+02  1.16432838E+00  9.99866197E-01  1.16432838E+00
   163  1.30400000E+02  1.16441509E+00  9.99862589E-01  1.16441509E+00
   164  1.31200000E+02  1.16449364E+00  9.99858969E-01  1.16449364E+00
   165  1.32000000E+02  1.16456462E+00  9.99855345E-01  1.16456462E+00
   166  1.32800000E+02  1.16464676E+00  9.99851723E-01  1.16464676E+00
   167  1.33600000E+02  1.16472793E+00  9.99848112E-01  1.16472793E+00
   168  1.34400000E+02  1.16480120E+00  9.99844520E-01  1.16480120E+00
   169  1.35200000E+02  1.16486725E+00  9.99840957E-01  1.16486725E+00
   170  1.36000000E+02  1.16492680E+00  9.99837434E-01  1.16492680E+00
   171  1.36800000E+02  1.16499378E+00  9.99833961E-01  1.16499378E+00
   172  1.37600000E+02  1.16506268E+00  9.99830549E-01  1.16506268E+00
   173  1.38400000E+02  1.16512475E+00  9.99827213E-01  1.16512475E+00
   174  1.39200000E+02  1.16518067E+00  9.99823965E-01  1.16518067E+00
   175  1.40000000E+02  1.16523109E+00  9.99820821E-01  1.16523109E+00
   176  1.40800000E+02  1.16528284E+00  9.99817796E-01  1.16528284E+00
   177  1.41600000E+02  1.16534052E+00  9.99814906E-01  1.16534052E+00
   178  1.42400000E+02  1.16539249E+00  9.99812171E-01  1.16539249E+00
   179  1.43200000E+02  1.16543944E+00  9.99809610E-01  1.16543944E+00
   180  1.44000000E+02  1.16548196E+00  9.99807243E-01  1.16548196E+00
   181  1.44800000E+02  1.16552278E+00  9.99805093E-01  1.16552278E+00
   182  1.45600000E+02  1.16557153E+00  9.99803182E-01  1.16557153E+00
   183  1.46400000E+02  1.16561551E+00  9.99801536E-01  1.16561551E+00
   184  1.47200000E+02  1.16565529E+00  9.99800182E-01  1.16565529E+00
   185  1.48000000E+02  1.16569137E+00  9.99799148E-01  1.16569137E+00
   186  1.48800000E+02  1.16572418E+00  9.99798464E-01  1.16572418E+00
   187  1.49600000E+02  1.16575900E+00  9.99798161E-01  1.16575900E+00
   188  1.50400000E+02  1.16579619E+00  9.99798273E-01  1.16579619E+00
   189  1.51200000E+02  1.16583002E+00  9.99798836E-01  1.16583002E+00
   190  1.52000000E+02  1.16586085E+00  9.99799887E-01  1.16586085E+00
   191  1.52800000E+02  1.16588899E+00  9.99801467E-01  1.16588899E+00
   192  1.53600000E+02  1.16591466E+00  9.99803616E-01  1.16591466E+00
   193  1.54400000E+02  1.16594572E+00  9.99806380E-01  1.16594572E+00
   194  1.55200000E+02  1.16597446E+00  9.99809805E-01  1.16597446E+00
   195  1.56000000E+02  1.16600066E+00  9.99813942E-01  1.16600066E+00
   196  1.56800000E+02  1.16602454E+00  9.99818842E-01  1.16602454E+00
   197  1.57600000E+02  1.16604631E+00  9.99824562E-01  1.16604631E+00
   198  1.58400000E+02  1.16606611E+00  9.99831158E-01  1.16606611E+00
   199  1.59200000E+02  1.16608868E+00  9.99838694E-01  1.16608868E+00
   200  1.60000000E+02  1.16611121E+00  9.99847233E-01  1.16611121E+00
   201  1.60800000E+02  1.16613173E+00  9.99856843E-01  1.16613173E+00
   202  1.61600000E+02  1.16615038E+00  9.99867598E-01  1.16615038E+00
   203  1.62400000E+02  1.16616728E+00  9.99879572E-01  1.16616728E+00
   204  1.63200000E+02  1.16618256E+00  9.99892846E-01  1.16618256E+00
   205  1.64000000E+02  1.16619997E+00  9.99907502E-01  1.16619997E+00
   206  1.64800000E+02  1.16621730E+00  9.99923628E-01  1.16621730E+00
   207  1.65600000E+02  1.16623301E+00  9.99941318E-01  1.16623301E+00
   208  1.66400000E+02  1.16624721E+00  9.99960667E-01  1.16624721E+00
   209  1.67200000E+02  1.16626000E+00  9.99981778E-01  1.16626000E+00
   210  1.68000000E+02  1.16627151E+00  1.00000476E+00  1.16627151E+00
   211  1.68800000E+02  1.16628308E+00  1.00002972E+00  1.16628308E+00
   212  1.69600000E+02  1.16629638E+00  1.00005678E+00  1.16629638E+00
   213  1.70400000E+02  1.16630834E+00  1.00008605E+00  1.16630834E+00
   214  1.71200000E+02  1.16631908E+00  1.00011768E+00  1.16631908E+00
   215  1.72000000E+02  1.16632870E+00  1.00015179E+00  1.16632870E+00
   216  1.72800000E+02  1.16633731E+00  1.00018852E+00  1.16633731E+00
   217  1.73600000E+02  1.16634501E+00  1.00022803E+00  1.16634501E+00
   218  1.74400000E+02  1.16635460E+00  1.00027046E+00  1.16635460E+00
   219  1.75200000E+02  1.16636353E+00  1.00031597E+00  1.16636353E+00
   220  1.76000000E+02  1.16637151E+00  1.00036473E+00  1.16637151E+00
   221  1.76800000E+02  1.16637864E+00  1.00041693E+00  1.16637864E+00
   222  1.77600000E+02  1.16638501E+00  1.00047273E+00  1.16638501E+00
   223  1.78400000E+02  1.16639069E+00  1.00053233E+00  1.16639069E+00
   224  1.79200000E+02  1.16639575E+00  1.00059594E+00  1.16639575E+00
   225  1.80000000E+02  1.16640170E+00  1.00066375E+00  1.16640170E+00
   226  1.80800000E+02  1.16640761E+00  1.00073598E+00  1.16640761E+00
   227  1.81600000E+02  1.16641288E+00  1.00081286E+00  1.16641288E+00
   228  1.82400000E+02  1.16641757E+00  1.00089463E+00  1.16641757E+00
   229  1.83200000E+02  1.16642175E+00  1.00098152E+00  1.16642175E+00
   230  1.84000000E+02  1.16642547E+00  1.00107380E+00  1.16642547E+00
   231  1.84800000E+02  1.16642876E+00  1.00117173E+00  1.16642876E+00
   232  1.85600000E+02  1.16643167E+00  1.00127559E+00  1.16643167E+00
   233  1.86400000E+02  1.16643525E+00  1.00138566E+00  1.16643525E+00
   234  1.87200000E+02  1.16643865E+00  1.00150223E+00  1.16643865E+00
   235  1.88000000E+02  1.16644166E+00  1.00162563E+00  1.16644166E+00
   236  1.88800000E+02  1.16644431E+00  1.00175617E+00  1.16644431E+00
   237  1.89600000E+02  1.16644664E+00  1.00189419E+00  1.16644664E+00
   238  1.90400000E+02  1.16644868E+00  1.00204003E+00  1.16644868E+00
   239  1.91200000E+02  1.16645045E+00  1.00219404E+00  1.16645045E+00
   240  1.92000000E+02  1.16645198E+00  1.00235661E+00  1.16645198E+00
   241  1.92800000E+02  1.16645330E+00  1.00252811E+00  1.16645330E+00
   242  1.93600000E+02  1.16645441E+00  1.00270894E+00  1.16645441E+00
   243  1.94400000E+02  1.16645581E+00  1.00289952E+00  1.16645581E+00
   244  1.95200000E+02  1.16645720E+00  1.00310027E+00  1.16645720E+00
   245  1.96000000E+02  1.16645839E+00  1.00331163E+00  1.16645839E+00
   246  1.96800000E+02  1.16645939E+00  1.00353406E+00  1.16645939E+00
   247  1.97600000E+02  1.16646023E+00  1.00376802E+00  1.16646023E+00
   248  1.98400000E+02  1.16646092E+00  1.00401400E+00  1.16646092E+00
   249  1.99200000E+02  1.16646148E+00  1.00427250E+00  1.16646148E+00
   250  2.00000000E+02  1.16646192E+00  1.00454403E+00  1.16646192E+00
   251  2.00800000E+02  1.16646226E+00  1.00482912E+00  1.16646226E+00
   252  2.01600000E+02  1.16646252E+00  1.00512831E+00  1.16646252E+00
   253  2.02400000E+02  1.16646269E+00  1.00544217E+00  1.16646269E+00
   254  2.03200000E+02  1.16646279E+00  1.00577126E+00  1.16646279E+00
   255  2.04000000E+02  1.16646283E+00  1.00611618E+00  1.16646283E+00
   256  2.04800000E+02  1.16646282E+00  1.00647753E+00  1.16646282E+00
   257  2.05600000E+02  1.16646276E+00  1.00685593E+00  1.16646276E+00
   258  2.06400000E+02  1.16646267E+00  1.00725201E+00  1.16646267E+00
   259  2.07200000E+02  1.16646253E+00  1.00766642E+00  1.16646253E+00
   260  2.08000000E+02  1.16646237E+00  1.00809982E+00  1.16646237E+00
   261  2.08800000E+02  1.16646219E+00  1.00855289E+00  1.16646219E+00
   262  2.09600000E+02  1.16646198E+00  1.00902632E+00  1.16646198E+00
   263  2.10400000E+02  1.16646176E+00  1.00952081E+00  1.16646176E+00
   264  2.11200000E+02  1.16646152E+00  1.01003708E+00  1.16646152E+00
   265  2.12000000E+02  1.16646127E+00  1.01057585E+00  1.16646127E+00
   266  2.12800000E+02  1.16646101E+00  1.01113786E+00  1.16646101E+00
   267  2.13600000E+02  1.16646075E+00  1.01172386E+00  1.16646075E+00
   268  2.14400000E+02  1.16646048E+00  1.01233461E+00  1.16646048E+00
   269  2.15200000E+02  1.16646021E+00  1.01297086E+00  1.16646021E+00
   270  2.16000000E+02  1.16645994E+00  1.01363337E+00  1.16645994E+00
   271  2.16800000E+02  1.16645967E+00  1.01432293E+00  1.16645967E+00
   272  2.17600000E+02  1.16645940E+00  1.01504029E+00  1.16645940E+00
   273  2.18400000E+02  1.16645914E+00  1.01578622E+00  1.16645914E+00
   274  2.19200000E+02  1.16645887E+00  1.01656149E+00  1.16645887E+00
   275  2.20000000E+02  1.16645861E+00  1.01736685E+00  1.16645861E+00
   276  2.20800000E+02  1.16645836E+00  1.01820307E+00  1.16645836E+00
   277  2.21600000E+02  1.16645811E+00  1.01907087E+00  1.16645811E+00
   278  2.22400000E+02  1.16645787E+00  1.01997098E+00  1.16645787E+00
   279  2.23200000E+02  1.16645763E+00  1.02090412E+00  1.16645763E+00
   280  2.24000000E+02  1.16645740E+00  1.02187098E+00  1.16645740E+00
   281  2.24800000E+02  1.16645718E+00  1.02287222E+00  1.16645718E+00
   282  2.25600000E+02  1.16645696E+00  1.02390851E+00  1.16645696E+00
   283  2.26400000E+02  1.16645675E+00  1.02498045E+00  1.16645675E+00
   284  2.27200000E+02  1.16645655E+00  1.02608863E+00  1.16645655E+00
   285  2.28000000E+02  1.16645635E+00  1.02723362E+00  1.16645635E+00
   286  2.28800000E+02  1.16645616E+00  1.02841593E+00  1.16645616E+00
   287  2.29600000E+02  1.16645598E+00  1.02963603E+00  1.16645598E+00
   288  2.30400000E+02  1.16645580E+00  1.03089436E+00  1.16645580E+00
   289  2.31200000E+02  1.16645564E+00  1.03219129E+00  1.16645564E+00
   290  2.32000000E+02  1.16645547E+00  1.03352715E+00  1.16645547E+00
   291  2.32800000E+02  1.16645532E+00  1.03490220E+00  1.16645532E+00
   292  2.33600000E+02  1.16645517E+00  1.03631665E+00  1.16645517E+00
   293  2.34400000E+02  1.16645503E+00  1.03777062E+00  1.16645503E+00
   294  2.35200000E+02  1.16645489E+00  1.03926418E+00  1.16645489E+00
   295  2.36000000E+02  1.16645476E+00  1.04079731E+00  1.16645476E+00
   296  2.36800000E+02  1.16645463E+00  1.04236988E+00  1.16645463E+00
   297  2.37600000E+02  1.16645451E+00  1.04398171E+00  1.16645451E+00
   298  2.38400000E+02  1.16645440E+00  1.04563251E+00  1.16645440E+00
   299  2.39200000E+02  1.16645429E+00  1.04732189E+00  1.16645429E+00
   300  2.40000000E+02  1.16645419E+00  1.04904935E+00  1.16645419E+00
   301  2.40800000E+02  1.16645409E+00  1.05081429E+00  1.16645409E+00
   302  2.41600000E+02  1.16645399E+00  1.05261602E+00  1.16645399E+00
   303  2.42400000E+02  1.16645391E+00  1.05445369E+00  1.16645391E+00
   304  2.43200000E+02  1.16645382E+00  1.05632639E+00  1.16645382E+00
   305  2.44000000E+02  1.16645374E+00  1.05823305E+00  1.16645374E+00
   306  2.44800000E+02  1.16645366E+00  1.06017251E+00  1.16645366E+00
   307  2.45600000E+02  1.16645359E+00  1.06214348E+00  1.16645359E+00
   308  2.46400000E+02  1.16645352E+00  1.06414456E+00  1.16645352E+00
   309  2.47200000E+02  1.16645345E+00  1.06617422E+00  1.16645345E+00
   310  2.48000000E+02  1.16645339E+00  1.06823082E+00  1.16645339E+00
   311  2.48800000E+02  1.16645333E+00  1.07031260E+00  1.16645333E+00
   312  2.49600000E+02  1.16645328E+00  1.07241770E+00  1.16645328E+00
   313  2.50400000E+02  1.16645322E+00  1.07454414E+00  1.16645322E+00
   314  2.51200000E+02  1.16645317E+00  1.07668983E+00  1.16645317E+00
   315  2.52000000E+02  1.16645313E+00  1.07885259E+00  1.16645313E+00
   316  2.52800000E+02  1.16645308E+00  1.08103011E+00  1.16645308E+00
   317  2.53600000E+02  1.16645304E+00  1.08322004E+00  1.16645304E+00
   318  2.54400000E+02  1.16645300E+00  1.08541988E+00  1.16645300E+00
   319  2.55200000E+02  1.16645296E+00  1.08762711E+00  1.16645296E+00
   320  2.56000000E+02  1.16645292E+00  1.08983910E+00  1.16645292E+00
   321  2.56800000E+02  1.16645289E+00  1.09205316E+00  1.16645289E+00
   322  2.57600000E+02  1.16645286E+00  1.09426655E+00  1.16645286E+00
   323  2.58400000E+02  1.16645283E+00  1.09647648E+00  1.16645283E+00
   324  2.59200000E+02  1.16645280E+00  1.09868014E+00  1.16645280E+00
   325  2.60000000E+02  1.16645277E+00  1.10087467E+00  1.16645277E+00
   326  2.60800000E+02  1.16645275E+00  1.10305722E+00  1.16645275E+00
   327  2.61600000E+02  1.16645272E+00  1.10522493E+00  1.16645272E+00
   328  2.62400000E+02  1.16645270E+00  1.10737497E+00  1.16645270E+00
   329  2.63200000E+02  1.16645268E+00  1.10950452E+00  1.16645268E+00
   330  2.64000000E+02  1.16645266E+00  1.11161082E+00  1.16645266E+00
   331  2.64800000E+02  1.16645264E+00  1.11369117E+00  1.16645264E+00
   332  2.65600000E+02  1.16645262E+00  1.11574294E+00  1.16645262E+00
   333  2.66400000E+02  1.16645261E+00  1.11776362E+00  1.16645261E+00
   334  2.67200000E+02  1.16645259E+00  1.11975077E+00  1.16645259E+00
   335  2.68000000E+02  1.16645258E+00  1.12170209E+00  1.16645258E+00
   336  2.68800000E+02  1.16645256E+00  1.12361545E+00  1.16645256E+00
   337  2.69600000E+02  1.16645255E+00  1.12548882E+00  1.16645255E+00
   338  2.70400000E+02  1.16645254E+00  1.12732037E+00  1.16645254E+00
   339  2.71200000E+02  1.16645253E+00  1.12910845E+00  1.16645253E+00
   340  2.72000000E+02  1.16645252E+00  1.13085160E+00  1.16645252E+00
   341  2.72800000E+02  1.16645251E+00  1.13254859E+00  1.16645251E+00
   342  2.73600000E+02  1.16645250E+00  1.13419840E+00  1.16645250E+00
   343  2.74400000E+02  1.16645249E+00  1.13580028E+00  1.16645249E+00
   344  2.75200000E+02  1.16645248E+00  1.13735372E+00  1.16645248E+00
   345  2.76000000E+02  1.16645247E+00  1.13885851E+00  1.16645247E+00
   346  2.76800000E+02  1.16645247E+00  1.14031470E+00  1.16645247E+00
   347  2.77600000E+02  1.16645246E+00  1.14172263E+00  1.16645246E+00
   348  2.78400000E+02  1.16645245E+00  1.14308294E+00  1.16645245E+00
   349  2.79200000E+02  1.16645245E+00  1.14439648E+00  1.16645245E+00
   350  2.80000000E+02  1.16645244E+00  1.14566438E+00  1.16645244E+00
   351  2.80800000E+02  1.16645244E+00  1.14688790E+00  1.16645244E+00
   352  2.81600000E+02  1.16645243E+00  1.14806846E+00  1.16645243E+00
   353  2.82400000E+02  1.16645243E+00  1.14920749E+00  1.16645243E+00
   354  2.83200000E+02  1.16645242E+00  1.15030641E+00  1.16645242E+00
   355  2.84000000E+02  1.16645242E+00  1.15136650E+00  1.16645242E+00
   356  2.84800000E+02  1.16645241E+00  1.15238884E+00  1.16645241E+00
   357  2.85600000E+02  1.16645241E+00  1.15337421E+00  1.16645241E+00
   358  2.86400000E+02  1.16645241E+00  1.15432303E+00  1.16645241E+00
   359  2.87200000E+02  1.16645240E+00  1.15523535E+00  1.16645240E+00
   360  2.88000000E+02  1.16645240E+00  1.15611074E+00  1.16645240E+00
   361  2.88800000E+02  1.16645240E+00  1.15694841E+00  1.16645240E+00
   362  2.89600000E+02  1.16645240E+00  1.15774716E+00  1.16645240E+00
   363  2.90400000E+02  1.16645239E+00  1.15850554E+00  1.16645239E+00
   364  2.91200000E+02  1.16645239E+00  1.15922188E+00  1.16645239E+00
   365  2.92000000E+02  1.16645239E+00  1.15989447E+00  1.16645239E+00
   366  2.92800000E+02  1.16645239E+00  1.16052167E+00  1.16645239E+00
   367  2.93600000E+02  1.16645239E+00  1.16110211E+00  1.16645239E+00
   368  2.94400000E+02  1.16645238E+00  1.16163479E+00  1.16645238E+00
   369  2.95200000E+02  1.16645238E+00  1.16211923E+00  1.16645238E+00
   370  2.96000000E+02  1.16645238E+00  1.16255561E+00  1.16645238E+00
   371  2.96800000E+02  1.16645238E+00  1.16294478E+00  1.16645238E+00
   372  2.97600000E+02  1.16645238E+00  1.16328834E+00  1.16645238E+00
   373  2.98400000E+02  1.16645238E+00  1.16358861E+00  1.16645238E+00
   374  2.99200000E+02  1.16645238E+00  1.16384860E+00  1.16645238E+00
   375  3.00000000E+02  1.16645237E+00  1.16407188E+00  1.16645237E+00
   376  3.00800000E+02  1.16645237E+00  1.16426245E+00  1.16645237E+00
   377  3.01600000E+02  1.16645237E+00  1.16442463E+00  1.16645237E+00
   378  3.02400000E+02  1.16645237E+00  1.16456285E+00  1.16645237E+00
   379  3.03200000E+02  1.16645237E+00  1.16468149E+00  1.16645237E+00
   380  3.04000000E+02  1.16645237E+00  1.16478470E+00  1.16645237E+00
   381  3.04800000E+02  1.16645237E+00  1.16487629E+00  1.16645237E+00
   382  3.05600000E+02  1.16645237E+00  1.16495959E+00  1.16645237E+00
   383  3.06400000E+02  1.16645237E+00  1.16503736E+00  1.16645237E+00
   384  3.07200000E+02  1.16645237E+00  1.16511175E+00  1.16645237E+00
   385  3.08000000E+02  1.16645237E+00  1.16518430E+00  1.16645237E+00
   386  3.08800000E+02  1.16645237E+00  1.16525597E+00  1.16645237E+00
   387  3.09600000E+02  1.16645237E+00  1.16532716E+00  1.16645237E+00
   388  3.10400000E+02  1.16645237E+00  1.16539784E+00  1.16645237E+00
   389  3.11200000E+02  1.16645237E+00  1.16546764E+00  1.16645237E+00
   390  3.12000000E+02  1.16645236E+00  1.16553592E+00  1.16645236E+00
   391  3.12800000E+02  1.16645236E+00  1.16560192E+00  1.16645236E+00
   392  3.13600000E+02  1.16645236E+00  1.16566484E+00  1.16645236E+00
   393  3.14400000E+02  1.16645236E+00  1.16572394E+00  1.16645236E+00
   394  3.15200000E+02  1.16645236E+00  1.16577858E+00  1.16645236E+00
   395  3.16000000E+02  1.16645236E+00  1.16582830E+00  1.16645236E+00
   396  3.16800000E+02  1.16645236E+00  1.16587283E+00  1.16645236E+00
   397  3.17600000E+02  1.16645236E+00  1.16591210E+00  1.16645236E+00
   398  3.18400000E+02  1.16645236E+00  1.16594624E+00  1.16645236E+00
   399  3.19200000E+02  1.16645236E+00  1.16597551E+00  1.16645236E+00
   400  3.20000000E+02  1.16645236E+00  1.16600036E+00  1.16645236E+00
   401  3.20800000E+02  1.16645236E+00  1.16602129E+00  1.16645236E+00
   402  3.21600000E+02  1.16645236E+00  1.16603886E+00  1.16645236E+00
   403  3.22400000E+02  1.16645236E+00  1.16605365E+00  1.16645236E+00
   404  3.23200000E+02  1.16645236E+00  1.16606620E+00  1.16645236E+00
   405  3.24000000E+02  1.16645236E+00  1.16607704E+00  1.16645236E+00
   406  3.24800000E+02  1.16645236E+00  1.16608657E+00  1.16645236E+00
   407  3.25600000E+02  1.16645236E+00  1.16609516E+00  1.16645236E+00
   408  3.26400000E+02  1.16645236E+00  1.16610308E+00  1.16645236E+00
   409  3.27200000E+02  1.16645236E+00  1.16611050E+00  1.16645236E+00
   410  3.28000000E+02  1.16645236E+00  1.16611755E+00  1.16645236E+00
   411  3.28800000E+02  1.16645236E+00  1.16612427E+00  1.16645236E+00
   412  3.29600000E+02  1.16645236E+00  1.16613069E+00  1.16645236E+00
   413  3.30400000E+02  1.16645236E+00  1.16613677E+00  1.16645236E+00
   414  3.31200000E+02  1.16645236E+00  1.16614248E+00  1.16645236E+00
   415  3.32000000E+02  1.16645236E+00  1.16614778E+00  1.16645236E+00
 steady-height stop at step    415: changes <=   1.0000E-05, max-end <=   1.0000E-02, max/end/gap/profile_change =   1.16645236E+00  1.16614778E+00  3.04582566E-04  5.29524391E-06


STDERR:
