COMMAND:
/shared/generate_rom_data/extrudate_swell2d_c_cluster

STDOUT:
 comppar: model =   6
 comppar: lambda,mobility/eps,betav,eta_0 =  1.0000E+00  5.0000E-01  7.0000E-01  1.0000E+00
 comppar: eta_s,eta_p,G =  7.0000E-01  3.0000E-01  3.0000E-01
 comppar: U_avg,deltat,flowrate,nsteps =  2.0000E-01  1.5000E-01  6.2832E-01     700
 comppar: geometry = axisymmetric
 comppar: steady stop change,gap,hold,min =  1.0000E-05  1.0000E-02      10      80
 comppar: ncompc,ncompg =     4     5
 mesh nnodes = 5765
 mesh nelem = 2780
 P1 BC   5.0000000000000000     
 P2 BC   0.0000000000000000     
     1  1.50000000E-01  1.00379367E+00  1.00000000E+00  1.00379367E+00
     2  3.00000000E-01  1.00749754E+00  1.00000000E+00  1.00749754E+00
     3  4.50000000E-01  1.01110655E+00  1.00000000E+00  1.01110655E+00
     4  6.00000000E-01  1.01462485E+00  1.00000000E+00  1.01462485E+00
     5  7.50000000E-01  1.01805573E+00  1.00000000E+00  1.01805573E+00
     6  9.00000000E-01  1.02139909E+00  1.00000000E+00  1.02139909E+00
     7  1.05000000E+00  1.02466218E+00  1.00000000E+00  1.02466218E+00
     8  1.20000000E+00  1.02786261E+00  1.00000000E+00  1.02786261E+00
     9  1.35000000E+00  1.03098721E+00  1.00000001E+00  1.03098721E+00
    10  1.50000000E+00  1.03403376E+00  1.00000001E+00  1.03403376E+00
    11  1.65000000E+00  1.03702700E+00  1.00000001E+00  1.03702700E+00
    12  1.80000000E+00  1.03995652E+00  1.00000000E+00  1.03995652E+00
    13  1.95000000E+00  1.04280128E+00  1.00000000E+00  1.04280128E+00
    14  2.10000000E+00  1.04562775E+00  1.00000000E+00  1.04562775E+00
    15  2.25000000E+00  1.04835130E+00  9.99999999E-01  1.04835130E+00
    16  2.40000000E+00  1.05105429E+00  9.99999996E-01  1.05105429E+00
    17  2.55000000E+00  1.05367333E+00  9.99999991E-01  1.05367333E+00
    18  2.70000000E+00  1.05624754E+00  9.99999985E-01  1.05624754E+00
    19  2.85000000E+00  1.05873763E+00  9.99999977E-01  1.05873763E+00
    20  3.00000000E+00  1.06120033E+00  9.99999967E-01  1.06120033E+00
    21  3.15000000E+00  1.06357139E+00  9.99999956E-01  1.06357139E+00
    22  3.30000000E+00  1.06592076E+00  9.99999942E-01  1.06592076E+00
    23  3.45000000E+00  1.06814433E+00  9.99999926E-01  1.06814433E+00
    24  3.60000000E+00  1.07040342E+00  9.99999907E-01  1.07040342E+00
    25  3.75000000E+00  1.07250284E+00  9.99999885E-01  1.07250284E+00
    26  3.90000000E+00  1.07465396E+00  9.99999860E-01  1.07465396E+00
    27  4.05000000E+00  1.07665893E+00  9.99999830E-01  1.07665893E+00
    28  4.20000000E+00  1.07864238E+00  9.99999796E-01  1.07864238E+00
    29  4.35000000E+00  1.08058395E+00  9.99999758E-01  1.08058395E+00
    30  4.50000000E+00  1.08239094E+00  9.99999714E-01  1.08239094E+00
    31  4.65000000E+00  1.08426855E+00  9.99999665E-01  1.08426855E+00
    32  4.80000000E+00  1.08597386E+00  9.99999610E-01  1.08597386E+00
    33  4.95000000E+00  1.08767611E+00  9.99999547E-01  1.08767611E+00
    34  5.10000000E+00  1.08935463E+00  9.99999478E-01  1.08935463E+00
    35  5.25000000E+00  1.09085720E+00  9.99999400E-01  1.09085720E+00
    36  5.40000000E+00  1.09248297E+00  9.99999313E-01  1.09248297E+00
    37  5.55000000E+00  1.09395850E+00  9.99999217E-01  1.09395850E+00
    38  5.70000000E+00  1.09530585E+00  9.99999110E-01  1.09530585E+00
    39  5.85000000E+00  1.09678938E+00  9.99998992E-01  1.09678938E+00
    40  6.00000000E+00  1.09809768E+00  9.99998862E-01  1.09809768E+00
    41  6.15000000E+00  1.09935052E+00  9.99998718E-01  1.09935052E+00
    42  6.30000000E+00  1.10066560E+00  9.99998560E-01  1.10066560E+00
    43  6.45000000E+00  1.10180735E+00  9.99998387E-01  1.10180735E+00
    44  6.60000000E+00  1.10295767E+00  9.99998197E-01  1.10295767E+00
    45  6.75000000E+00  1.10411219E+00  9.99997989E-01  1.10411219E+00
    46  6.90000000E+00  1.10509866E+00  9.99997762E-01  1.10509866E+00
    47  7.05000000E+00  1.10617748E+00  9.99997514E-01  1.10617748E+00
    48  7.20000000E+00  1.10717360E+00  9.99997243E-01  1.10717360E+00
    49  7.35000000E+00  1.10800904E+00  9.99996949E-01  1.10800904E+00
    50  7.50000000E+00  1.10901791E+00  9.99996630E-01  1.10901791E+00
    51  7.65000000E+00  1.10986642E+00  9.99996283E-01  1.10986642E+00
    52  7.80000000E+00  1.11065679E+00  9.99995907E-01  1.11065679E+00
    53  7.95000000E+00  1.11151443E+00  9.99995499E-01  1.11151443E+00
    54  8.10000000E+00  1.11222120E+00  9.99995059E-01  1.11222120E+00
    55  8.25000000E+00  1.11297059E+00  9.99994583E-01  1.11297059E+00
    56  8.40000000E+00  1.11368992E+00  9.99994069E-01  1.11368992E+00
    57  8.55000000E+00  1.11427087E+00  9.99993515E-01  1.11427087E+00
    58  8.70000000E+00  1.11498181E+00  9.99992918E-01  1.11498181E+00
    59  8.85000000E+00  1.11557027E+00  9.99992276E-01  1.11557027E+00
    60  9.00000000E+00  1.11612065E+00  9.99991586E-01  1.11612065E+00
    61  9.15000000E+00  1.11672095E+00  9.99990845E-01  1.11672095E+00
    62  9.30000000E+00  1.11719582E+00  9.99990050E-01  1.11719582E+00
    63  9.45000000E+00  1.11772056E+00  9.99989199E-01  1.11772056E+00
    64  9.60000000E+00  1.11820209E+00  9.99988288E-01  1.11820209E+00
    65  9.75000000E+00  1.11859880E+00  9.99987313E-01  1.11859880E+00
    66  9.90000000E+00  1.11909122E+00  9.99986272E-01  1.11909122E+00
    67  1.00500000E+01  1.11947209E+00  9.99985161E-01  1.11947209E+00
    68  1.02000000E+01  1.11985418E+00  9.99983976E-01  1.11985418E+00
    69  1.03500000E+01  1.12024084E+00  9.99982714E-01  1.12024084E+00
    70  1.05000000E+01  1.12053240E+00  9.99981372E-01  1.12053240E+00
    71  1.06500000E+01  1.12092103E+00  9.99979945E-01  1.12092103E+00
    72  1.08000000E+01  1.12122023E+00  9.99978430E-01  1.12122023E+00
    73  1.09500000E+01  1.12149499E+00  9.99976824E-01  1.12149499E+00
    74  1.11000000E+01  1.12179906E+00  9.99975121E-01  1.12179906E+00
    75  1.12500000E+01  1.12202275E+00  9.99973319E-01  1.12202275E+00
    76  1.14000000E+01  1.12231323E+00  9.99971414E-01  1.12231323E+00
    77  1.15500000E+01  1.12254295E+00  9.99969402E-01  1.12254295E+00
    78  1.17000000E+01  1.12273791E+00  9.99967280E-01  1.12273791E+00
    79  1.18500000E+01  1.12297159E+00  9.99965045E-01  1.12297159E+00
    80  1.20000000E+01  1.12313923E+00  9.99962692E-01  1.12313923E+00
    81  1.21500000E+01  1.12335549E+00  9.99960220E-01  1.12335549E+00
    82  1.23000000E+01  1.12352749E+00  9.99957625E-01  1.12352749E+00
    83  1.24500000E+01  1.12366412E+00  9.99954906E-01  1.12366412E+00
    84  1.26000000E+01  1.12383918E+00  9.99952059E-01  1.12383918E+00
    85  1.27500000E+01  1.12396181E+00  9.99949084E-01  1.12396181E+00
    86  1.29000000E+01  1.12412208E+00  9.99945980E-01  1.12412208E+00
    87  1.30500000E+01  1.12424742E+00  9.99942747E-01  1.12424742E+00
    88  1.32000000E+01  1.12434148E+00  9.99939384E-01  1.12434148E+00
    89  1.33500000E+01  1.12446902E+00  9.99935892E-01  1.12446902E+00
    90  1.35000000E+01  1.12455674E+00  9.99932275E-01  1.12455674E+00
    91  1.36500000E+01  1.12467440E+00  9.99928534E-01  1.12467440E+00
    92  1.38000000E+01  1.12476323E+00  9.99924674E-01  1.12476323E+00
    93  1.39500000E+01  1.12482641E+00  9.99920701E-01  1.12482641E+00
    94  1.41000000E+01  1.12491667E+00  9.99916621E-01  1.12491667E+00
    95  1.42500000E+01  1.12497843E+00  9.99912444E-01  1.12497843E+00
    96  1.44000000E+01  1.12506334E+00  9.99908179E-01  1.12506334E+00
    97  1.45500000E+01  1.12512479E+00  9.99903838E-01  1.12512479E+00
    98  1.47000000E+01  1.12516837E+00  9.99899436E-01  1.12516837E+00
    99  1.48500000E+01  1.12522717E+00  9.99894991E-01  1.12522717E+00
   100  1.50000000E+01  1.12527077E+00  9.99890521E-01  1.12527077E+00
   101  1.51500000E+01  1.12532977E+00  9.99886049E-01  1.12532977E+00
   102  1.53000000E+01  1.12537179E+00  9.99881600E-01  1.12537179E+00
   103  1.54500000E+01  1.12540411E+00  9.99877205E-01  1.12540411E+00
   104  1.56000000E+01  1.12543662E+00  9.99872896E-01  1.12543662E+00
   105  1.57500000E+01  1.12546884E+00  9.99868711E-01  1.12546884E+00
   106  1.59000000E+01  1.12551921E+00  9.99864691E-01  1.12551921E+00
   107  1.60500000E+01  1.12557061E+00  9.99860883E-01  1.12557061E+00
   108  1.62000000E+01  1.12561975E+00  9.99857340E-01  1.12561975E+00
   109  1.63500000E+01  1.12566413E+00  9.99854121E-01  1.12566413E+00
   110  1.65000000E+01  1.12570194E+00  9.99851291E-01  1.12570194E+00
   111  1.66500000E+01  1.12574348E+00  9.99848920E-01  1.12574348E+00
   112  1.68000000E+01  1.12578245E+00  9.99847089E-01  1.12578245E+00
   113  1.69500000E+01  1.12581427E+00  9.99845886E-01  1.12581427E+00
   114  1.71000000E+01  1.12584879E+00  9.99845406E-01  1.12584879E+00
   115  1.72500000E+01  1.12588147E+00  9.99845756E-01  1.12588147E+00
   116  1.74000000E+01  1.12590647E+00  9.99847053E-01  1.12590647E+00
   117  1.75500000E+01  1.12593066E+00  9.99849423E-01  1.12593066E+00
   118  1.77000000E+01  1.12595732E+00  9.99853008E-01  1.12595732E+00
   119  1.78500000E+01  1.12597663E+00  9.99857958E-01  1.12597663E+00
   120  1.80000000E+01  1.12599777E+00  9.99864441E-01  1.12599777E+00
   121  1.81500000E+01  1.12601766E+00  9.99872637E-01  1.12601766E+00
   122  1.83000000E+01  1.12603079E+00  9.99882743E-01  1.12603079E+00
   123  1.84500000E+01  1.12604674E+00  9.99894975E-01  1.12604674E+00
   124  1.86000000E+01  1.12606136E+00  9.99909563E-01  1.12606136E+00
   125  1.87500000E+01  1.12607016E+00  9.99926759E-01  1.12607016E+00
   126  1.89000000E+01  1.12608359E+00  9.99946837E-01  1.12608359E+00
   127  1.90500000E+01  1.12609263E+00  9.99970091E-01  1.12609263E+00
   128  1.92000000E+01  1.12609788E+00  9.99996840E-01  1.12609788E+00
   129  1.93500000E+01  1.12610822E+00  1.00002743E+00  1.12610822E+00
   130  1.95000000E+01  1.12611359E+00  1.00006222E+00  1.12611359E+00
   131  1.96500000E+01  1.12611772E+00  1.00010163E+00  1.12611772E+00
   132  1.98000000E+01  1.12612322E+00  1.00014608E+00  1.12612322E+00
   133  1.99500000E+01  1.12612511E+00  1.00019602E+00  1.12612511E+00
   134  2.01000000E+01  1.12612895E+00  1.00025196E+00  1.12612895E+00
   135  2.02500000E+01  1.12613147E+00  1.00031443E+00  1.12613147E+00
   136  2.04000000E+01  1.12613147E+00  1.00038400E+00  1.12613147E+00
   137  2.05500000E+01  1.12613266E+00  1.00046129E+00  1.12613266E+00
   138  2.07000000E+01  1.12613256E+00  1.00054693E+00  1.12613256E+00
   139  2.08500000E+01  1.12613222E+00  1.00064164E+00  1.12613222E+00
   140  2.10000000E+01  1.12613249E+00  1.00074615E+00  1.12613249E+00
   141  2.11500000E+01  1.12613111E+00  1.00086126E+00  1.12613111E+00
   142  2.13000000E+01  1.12613077E+00  1.00098781E+00  1.12613077E+00
   143  2.14500000E+01  1.12613266E+00  1.00112671E+00  1.12613266E+00
   144  2.16000000E+01  1.12613456E+00  1.00127891E+00  1.12613456E+00
   145  2.17500000E+01  1.12613621E+00  1.00144543E+00  1.12613621E+00
   146  2.19000000E+01  1.12613745E+00  1.00162735E+00  1.12613745E+00
   147  2.20500000E+01  1.12613821E+00  1.00182579E+00  1.12613821E+00
   148  2.22000000E+01  1.12613850E+00  1.00204198E+00  1.12613850E+00
   149  2.23500000E+01  1.12613910E+00  1.00227719E+00  1.12613910E+00
   150  2.25000000E+01  1.12613942E+00  1.00253276E+00  1.12613942E+00
   151  2.26500000E+01  1.12613935E+00  1.00281011E+00  1.12613935E+00
   152  2.28000000E+01  1.12613899E+00  1.00311073E+00  1.12613899E+00
   153  2.29500000E+01  1.12613847E+00  1.00343620E+00  1.12613847E+00
   154  2.31000000E+01  1.12613790E+00  1.00378815E+00  1.12613790E+00
   155  2.32500000E+01  1.12613735E+00  1.00416831E+00  1.12613735E+00
   156  2.34000000E+01  1.12613687E+00  1.00457847E+00  1.12613687E+00
   157  2.35500000E+01  1.12613645E+00  1.00502053E+00  1.12613645E+00
   158  2.37000000E+01  1.12613610E+00  1.00549643E+00  1.12613610E+00
   159  2.38500000E+01  1.12613579E+00  1.00600820E+00  1.12613579E+00
   160  2.40000000E+01  1.12613549E+00  1.00655796E+00  1.12613549E+00
   161  2.41500000E+01  1.12613520E+00  1.00714788E+00  1.12613520E+00
   162  2.43000000E+01  1.12613489E+00  1.00778021E+00  1.12613489E+00
   163  2.44500000E+01  1.12613457E+00  1.00845725E+00  1.12613457E+00
   164  2.46000000E+01  1.12613425E+00  1.00918139E+00  1.12613425E+00
   165  2.47500000E+01  1.12613392E+00  1.00995503E+00  1.12613392E+00
   166  2.49000000E+01  1.12613359E+00  1.01078063E+00  1.12613359E+00
   167  2.50500000E+01  1.12613328E+00  1.01166070E+00  1.12613328E+00
   168  2.52000000E+01  1.12613299E+00  1.01259775E+00  1.12613299E+00
   169  2.53500000E+01  1.12613271E+00  1.01359429E+00  1.12613271E+00
   170  2.55000000E+01  1.12613246E+00  1.01465285E+00  1.12613246E+00
   171  2.56500000E+01  1.12613223E+00  1.01577593E+00  1.12613223E+00
   172  2.58000000E+01  1.12613201E+00  1.01696596E+00  1.12613201E+00
   173  2.59500000E+01  1.12613181E+00  1.01822534E+00  1.12613181E+00
   174  2.61000000E+01  1.12613162E+00  1.01955636E+00  1.12613162E+00
   175  2.62500000E+01  1.12613145E+00  1.02096122E+00  1.12613145E+00
   176  2.64000000E+01  1.12613129E+00  1.02244195E+00  1.12613129E+00
   177  2.65500000E+01  1.12613113E+00  1.02400044E+00  1.12613113E+00
   178  2.67000000E+01  1.12613099E+00  1.02563836E+00  1.12613099E+00
   179  2.68500000E+01  1.12613086E+00  1.02735716E+00  1.12613086E+00
   180  2.70000000E+01  1.12613074E+00  1.02915802E+00  1.12613074E+00
   181  2.71500000E+01  1.12613063E+00  1.03104180E+00  1.12613063E+00
   182  2.73000000E+01  1.12613053E+00  1.03300905E+00  1.12613053E+00
   183  2.74500000E+01  1.12613044E+00  1.03505992E+00  1.12613044E+00
   184  2.76000000E+01  1.12613036E+00  1.03719415E+00  1.12613036E+00
   185  2.77500000E+01  1.12613028E+00  1.03941104E+00  1.12613028E+00
   186  2.79000000E+01  1.12613021E+00  1.04170937E+00  1.12613021E+00
   187  2.80500000E+01  1.12613015E+00  1.04408741E+00  1.12613015E+00
   188  2.82000000E+01  1.12613009E+00  1.04654289E+00  1.12613009E+00
   189  2.83500000E+01  1.12613004E+00  1.04907293E+00  1.12613004E+00
   190  2.85000000E+01  1.12612999E+00  1.05167401E+00  1.12612999E+00
   191  2.86500000E+01  1.12612995E+00  1.05434200E+00  1.12612995E+00
   192  2.88000000E+01  1.12612991E+00  1.05707210E+00  1.12612991E+00
   193  2.89500000E+01  1.12612987E+00  1.05985882E+00  1.12612987E+00
   194  2.91000000E+01  1.12612984E+00  1.06269600E+00  1.12612984E+00
   195  2.92500000E+01  1.12612981E+00  1.06557680E+00  1.12612981E+00
   196  2.94000000E+01  1.12612979E+00  1.06849370E+00  1.12612979E+00
   197  2.95500000E+01  1.12612976E+00  1.07143852E+00  1.12612976E+00
   198  2.97000000E+01  1.12612974E+00  1.07440247E+00  1.12612974E+00
   199  2.98500000E+01  1.12612972E+00  1.07737613E+00  1.12612972E+00
   200  3.00000000E+01  1.12612970E+00  1.08034957E+00  1.12612970E+00
   201  3.01500000E+01  1.12612969E+00  1.08331233E+00  1.12612969E+00
   202  3.03000000E+01  1.12612968E+00  1.08625355E+00  1.12612968E+00
   203  3.04500000E+01  1.12612966E+00  1.08916199E+00  1.12612966E+00
   204  3.06000000E+01  1.12612965E+00  1.09202615E+00  1.12612965E+00
   205  3.07500000E+01  1.12612964E+00  1.09483437E+00  1.12612964E+00
   206  3.09000000E+01  1.12612963E+00  1.09757493E+00  1.12612963E+00
   207  3.10500000E+01  1.12612962E+00  1.10023616E+00  1.12612962E+00
   208  3.12000000E+01  1.12612962E+00  1.10280659E+00  1.12612962E+00
   209  3.13500000E+01  1.12612961E+00  1.10527509E+00  1.12612961E+00
   210  3.15000000E+01  1.12612960E+00  1.10763105E+00  1.12612960E+00
   211  3.16500000E+01  1.12612960E+00  1.10986448E+00  1.12612960E+00
   212  3.18000000E+01  1.12612959E+00  1.11196628E+00  1.12612959E+00
   213  3.19500000E+01  1.12612959E+00  1.11392836E+00  1.12612959E+00
   214  3.21000000E+01  1.12612959E+00  1.11574384E+00  1.12612959E+00
   215  3.22500000E+01  1.12612958E+00  1.11740726E+00  1.12612958E+00
   216  3.24000000E+01  1.12612958E+00  1.11891475E+00  1.12612958E+00
   217  3.25500000E+01  1.12612958E+00  1.12026419E+00  1.12612958E+00
   218  3.27000000E+01  1.12612957E+00  1.12145537E+00  1.12612957E+00
   219  3.28500000E+01  1.12612957E+00  1.12249011E+00  1.12612957E+00
   220  3.30000000E+01  1.12612957E+00  1.12337231E+00  1.12612957E+00
   221  3.31500000E+01  1.12612957E+00  1.12410796E+00  1.12612957E+00
   222  3.33000000E+01  1.12612957E+00  1.12470514E+00  1.12612957E+00
   223  3.34500000E+01  1.12612956E+00  1.12517386E+00  1.12612956E+00
   224  3.36000000E+01  1.12612956E+00  1.12552586E+00  1.12612956E+00
   225  3.37500000E+01  1.12612956E+00  1.12577438E+00  1.12612956E+00
   226  3.39000000E+01  1.12612956E+00  1.12593375E+00  1.12612956E+00
   227  3.40500000E+01  1.12612956E+00  1.12601901E+00  1.12612956E+00
   228  3.42000000E+01  1.12612956E+00  1.12604543E+00  1.12612956E+00
   229  3.43500000E+01  1.12612956E+00  1.12602800E+00  1.12612956E+00
   230  3.45000000E+01  1.12612956E+00  1.12598095E+00  1.12612956E+00
   231  3.46500000E+01  1.12612956E+00  1.12591726E+00  1.12612956E+00
   232  3.48000000E+01  1.12612956E+00  1.12584823E+00  1.12612956E+00
   233  3.49500000E+01  1.12612955E+00  1.12578317E+00  1.12612955E+00
   234  3.51000000E+01  1.12612955E+00  1.12572915E+00  1.12612955E+00
   235  3.52500000E+01  1.12612955E+00  1.12569092E+00  1.12612955E+00
   236  3.54000000E+01  1.12612955E+00  1.12567096E+00  1.12612955E+00
   237  3.55500000E+01  1.12612955E+00  1.12566962E+00  1.12612955E+00
   238  3.57000000E+01  1.12612955E+00  1.12568544E+00  1.12612955E+00
   239  3.58500000E+01  1.12612955E+00  1.12571556E+00  1.12612955E+00
   240  3.60000000E+01  1.12612955E+00  1.12575613E+00  1.12612955E+00
   241  3.61500000E+01  1.12612955E+00  1.12580284E+00  1.12612955E+00
   242  3.63000000E+01  1.12612955E+00  1.12585134E+00  1.12612955E+00
   243  3.64500000E+01  1.12612955E+00  1.12589767E+00  1.12612955E+00
   244  3.66000000E+01  1.12612955E+00  1.12593859E+00  1.12612955E+00
   245  3.67500000E+01  1.12612955E+00  1.12597179E+00  1.12612955E+00
   246  3.69000000E+01  1.12612955E+00  1.12599600E+00  1.12612955E+00
   247  3.70500000E+01  1.12612955E+00  1.12601096E+00  1.12612955E+00
   248  3.72000000E+01  1.12612955E+00  1.12601729E+00  1.12612955E+00
   249  3.73500000E+01  1.12612955E+00  1.12601635E+00  1.12612955E+00
   250  3.75000000E+01  1.12612955E+00  1.12600994E+00  1.12612955E+00
   251  3.76500000E+01  1.12612955E+00  1.12600005E+00  1.12612955E+00
   252  3.78000000E+01  1.12612955E+00  1.12598864E+00  1.12612955E+00
   253  3.79500000E+01  1.12612955E+00  1.12597744E+00  1.12612955E+00
   254  3.81000000E+01  1.12612955E+00  1.12596776E+00  1.12612955E+00
   255  3.82500000E+01  1.12612955E+00  1.12596046E+00  1.12612955E+00
   256  3.84000000E+01  1.12612955E+00  1.12595591E+00  1.12612955E+00
   257  3.85500000E+01  1.12612955E+00  1.12595406E+00  1.12612955E+00
   258  3.87000000E+01  1.12612955E+00  1.12595453E+00  1.12612955E+00
   259  3.88500000E+01  1.12612955E+00  1.12595671E+00  1.12612955E+00
   260  3.90000000E+01  1.12612955E+00  1.12595989E+00  1.12612955E+00
   261  3.91500000E+01  1.12612955E+00  1.12596340E+00  1.12612955E+00
   262  3.93000000E+01  1.12612955E+00  1.12596665E+00  1.12612955E+00
   263  3.94500000E+01  1.12612955E+00  1.12596921E+00  1.12612955E+00
 steady-height stop at step    263: changes <=   1.0000E-05, max-end <=   1.0000E-02, max/end/gap/profile_change =   1.12612955E+00  1.12596921E+00  1.60338081E-04  2.56461981E-06


STDERR:
