COMMAND:
/shared/generate_rom_data/extrudate_swell2d_c_cluster

STDOUT:
 comppar: model =   6
 comppar: lambda,mobility/eps,betav,eta_0 =  2.8000E+00  5.0000E-01  5.0000E-01  1.0000E+00
 comppar: eta_s,eta_p,G =  5.0000E-01  5.0000E-01  1.7857E-01
 comppar: U_avg,deltat,flowrate,nsteps =  2.0000E-01  1.5000E-01  6.2832E-01     700
 comppar: geometry = axisymmetric
 comppar: steady stop change,gap,hold,min =  1.0000E-05  1.0000E-02      10      80
 comppar: ncompc,ncompg =     4     5
 mesh nnodes = 5765
 mesh nelem = 2780
 P1 BC   5.0000000000000000     
 P2 BC   0.0000000000000000     
     1  1.50000000E-01  1.00379160E+00  1.00000000E+00  1.00379160E+00
     2  3.00000000E-01  1.00749423E+00  1.00000000E+00  1.00749423E+00
     3  4.50000000E-01  1.01110435E+00  1.00000000E+00  1.01110435E+00
     4  6.00000000E-01  1.01462541E+00  1.00000000E+00  1.01462541E+00
     5  7.50000000E-01  1.01805907E+00  1.00000000E+00  1.01805907E+00
     6  9.00000000E-01  1.02140464E+00  1.00000000E+00  1.02140464E+00
     7  1.05000000E+00  1.02466813E+00  1.00000000E+00  1.02466813E+00
     8  1.20000000E+00  1.02786629E+00  1.00000000E+00  1.02786629E+00
     9  1.35000000E+00  1.03099506E+00  1.00000001E+00  1.03099506E+00
    10  1.50000000E+00  1.03404953E+00  1.00000001E+00  1.03404953E+00
    11  1.65000000E+00  1.03704934E+00  1.00000001E+00  1.03704934E+00
    12  1.80000000E+00  1.04000023E+00  1.00000001E+00  1.04000023E+00
    13  1.95000000E+00  1.04287325E+00  1.00000000E+00  1.04287325E+00
    14  2.10000000E+00  1.04573953E+00  1.00000000E+00  1.04573953E+00
    15  2.25000000E+00  1.04850996E+00  1.00000000E+00  1.04850996E+00
    16  2.40000000E+00  1.05128836E+00  9.99999998E-01  1.05128836E+00
    17  2.55000000E+00  1.05397111E+00  9.99999994E-01  1.05397111E+00
    18  2.70000000E+00  1.05666280E+00  9.99999989E-01  1.05666280E+00
    19  2.85000000E+00  1.05924072E+00  9.99999983E-01  1.05924072E+00
    20  3.00000000E+00  1.06183685E+00  9.99999976E-01  1.06183685E+00
    21  3.15000000E+00  1.06434332E+00  9.99999967E-01  1.06434332E+00
    22  3.30000000E+00  1.06681749E+00  9.99999956E-01  1.06681749E+00
    23  3.45000000E+00  1.06924893E+00  9.99999943E-01  1.06924893E+00
    24  3.60000000E+00  1.07156921E+00  9.99999928E-01  1.07156921E+00
    25  3.75000000E+00  1.07394334E+00  9.99999910E-01  1.07394334E+00
    26  3.90000000E+00  1.07618506E+00  9.99999890E-01  1.07618506E+00
    27  4.05000000E+00  1.07841149E+00  9.99999867E-01  1.07841149E+00
    28  4.20000000E+00  1.08058667E+00  9.99999841E-01  1.08058667E+00
    29  4.35000000E+00  1.08261787E+00  9.99999811E-01  1.08261787E+00
    30  4.50000000E+00  1.08472731E+00  9.99999777E-01  1.08472731E+00
    31  4.65000000E+00  1.08671410E+00  9.99999739E-01  1.08671410E+00
    32  4.80000000E+00  1.08860011E+00  9.99999696E-01  1.08860011E+00
    33  4.95000000E+00  1.09053843E+00  9.99999648E-01  1.09053843E+00
    34  5.10000000E+00  1.09232595E+00  9.99999594E-01  1.09232595E+00
    35  5.25000000E+00  1.09404207E+00  9.99999534E-01  1.09404207E+00
    36  5.40000000E+00  1.09581245E+00  9.99999467E-01  1.09581245E+00
    37  5.55000000E+00  1.09743370E+00  9.99999392E-01  1.09743370E+00
    38  5.70000000E+00  1.09899446E+00  9.99999310E-01  1.09899446E+00
    39  5.85000000E+00  1.10059521E+00  9.99999219E-01  1.10059521E+00
    40  6.00000000E+00  1.10205321E+00  9.99999119E-01  1.10205321E+00
    41  6.15000000E+00  1.10341379E+00  9.99999008E-01  1.10341379E+00
    42  6.30000000E+00  1.10488233E+00  9.99998886E-01  1.10488233E+00
    43  6.45000000E+00  1.10621805E+00  9.99998753E-01  1.10621805E+00
    44  6.60000000E+00  1.10743426E+00  9.99998606E-01  1.10743426E+00
    45  6.75000000E+00  1.10871878E+00  9.99998445E-01  1.10871878E+00
    46  6.90000000E+00  1.10993849E+00  9.99998270E-01  1.10993849E+00
    47  7.05000000E+00  1.11105316E+00  9.99998078E-01  1.11105316E+00
    48  7.20000000E+00  1.11213708E+00  9.99997868E-01  1.11213708E+00
    49  7.35000000E+00  1.11326047E+00  9.99997640E-01  1.11326047E+00
    50  7.50000000E+00  1.11429277E+00  9.99997392E-01  1.11429277E+00
    51  7.65000000E+00  1.11524927E+00  9.99997122E-01  1.11524927E+00
    52  7.80000000E+00  1.11620544E+00  9.99996829E-01  1.11620544E+00
    53  7.95000000E+00  1.11716436E+00  9.99996512E-01  1.11716436E+00
    54  8.10000000E+00  1.11806005E+00  9.99996167E-01  1.11806005E+00
    55  8.25000000E+00  1.11890272E+00  9.99995795E-01  1.11890272E+00
    56  8.40000000E+00  1.11973555E+00  9.99995392E-01  1.11973555E+00
    57  8.55000000E+00  1.12057806E+00  9.99994957E-01  1.12057806E+00
    58  8.70000000E+00  1.12137239E+00  9.99994487E-01  1.12137239E+00
    59  8.85000000E+00  1.12212160E+00  9.99993981E-01  1.12212160E+00
    60  9.00000000E+00  1.12282531E+00  9.99993436E-01  1.12282531E+00
    61  9.15000000E+00  1.12355322E+00  9.99992850E-01  1.12355322E+00
    62  9.30000000E+00  1.12426040E+00  9.99992220E-01  1.12426040E+00
    63  9.45000000E+00  1.12491989E+00  9.99991543E-01  1.12491989E+00
    64  9.60000000E+00  1.12552741E+00  9.99990817E-01  1.12552741E+00
    65  9.75000000E+00  1.12614336E+00  9.99990039E-01  1.12614336E+00
    66  9.90000000E+00  1.12675232E+00  9.99989206E-01  1.12675232E+00
    67  1.00500000E+01  1.12730670E+00  9.99988314E-01  1.12730670E+00
    68  1.02000000E+01  1.12780307E+00  9.99987362E-01  1.12780307E+00
    69  1.03500000E+01  1.12835436E+00  9.99986344E-01  1.12835436E+00
    70  1.05000000E+01  1.12885626E+00  9.99985259E-01  1.12885626E+00
    71  1.06500000E+01  1.12929820E+00  9.99984102E-01  1.12929820E+00
    72  1.08000000E+01  1.12973676E+00  9.99982869E-01  1.12973676E+00
    73  1.09500000E+01  1.13018476E+00  9.99981559E-01  1.13018476E+00
    74  1.11000000E+01  1.13057375E+00  9.99980165E-01  1.13057375E+00
    75  1.12500000E+01  1.13092853E+00  9.99978686E-01  1.13092853E+00
    76  1.14000000E+01  1.13132294E+00  9.99977116E-01  1.13132294E+00
    77  1.15500000E+01  1.13165956E+00  9.99975453E-01  1.13165956E+00
    78  1.17000000E+01  1.13194221E+00  9.99973691E-01  1.13194221E+00
    79  1.18500000E+01  1.13227852E+00  9.99971829E-01  1.13227852E+00
    80  1.20000000E+01  1.13256821E+00  9.99969860E-01  1.13256821E+00
    81  1.21500000E+01  1.13280869E+00  9.99967783E-01  1.13280869E+00
    82  1.23000000E+01  1.13308053E+00  9.99965593E-01  1.13308053E+00
    83  1.24500000E+01  1.13332476E+00  9.99963286E-01  1.13332476E+00
    84  1.26000000E+01  1.13352528E+00  9.99960860E-01  1.13352528E+00
    85  1.27500000E+01  1.13374222E+00  9.99958311E-01  1.13374222E+00
    86  1.29000000E+01  1.13394842E+00  9.99955636E-01  1.13394842E+00
    87  1.30500000E+01  1.13411654E+00  9.99952832E-01  1.13411654E+00
    88  1.32000000E+01  1.13428152E+00  9.99949898E-01  1.13428152E+00
    89  1.33500000E+01  1.13445221E+00  9.99946831E-01  1.13445221E+00
    90  1.35000000E+01  1.13459114E+00  9.99943630E-01  1.13459114E+00
    91  1.36500000E+01  1.13471889E+00  9.99940295E-01  1.13471889E+00
    92  1.38000000E+01  1.13486131E+00  9.99936824E-01  1.13486131E+00
    93  1.39500000E+01  1.13497732E+00  9.99933220E-01  1.13497732E+00
    94  1.41000000E+01  1.13507313E+00  9.99929482E-01  1.13507313E+00
    95  1.42500000E+01  1.13517893E+00  9.99925613E-01  1.13517893E+00
    96  1.44000000E+01  1.13527581E+00  9.99921618E-01  1.13527581E+00
    97  1.45500000E+01  1.13535740E+00  9.99917500E-01  1.13535740E+00
    98  1.47000000E+01  1.13543273E+00  9.99913264E-01  1.13543273E+00
    99  1.48500000E+01  1.13551454E+00  9.99908920E-01  1.13551454E+00
   100  1.50000000E+01  1.13558451E+00  9.99904475E-01  1.13558451E+00
   101  1.51500000E+01  1.13564599E+00  9.99899941E-01  1.13564599E+00
   102  1.53000000E+01  1.13570121E+00  9.99895330E-01  1.13570121E+00
   103  1.54500000E+01  1.13575162E+00  9.99890657E-01  1.13575162E+00
   104  1.56000000E+01  1.13580739E+00  9.99885940E-01  1.13580739E+00
   105  1.57500000E+01  1.13585831E+00  9.99881200E-01  1.13585831E+00
   106  1.59000000E+01  1.13590510E+00  9.99876459E-01  1.13590510E+00
   107  1.60500000E+01  1.13594810E+00  9.99871743E-01  1.13594810E+00
   108  1.62000000E+01  1.13598750E+00  9.99867084E-01  1.13598750E+00
   109  1.63500000E+01  1.13602343E+00  9.99862516E-01  1.13602343E+00
   110  1.65000000E+01  1.13605790E+00  9.99858075E-01  1.13605790E+00
   111  1.66500000E+01  1.13609403E+00  9.99853806E-01  1.13609403E+00
   112  1.68000000E+01  1.13612704E+00  9.99849756E-01  1.13612704E+00
   113  1.69500000E+01  1.13615713E+00  9.99845979E-01  1.13615713E+00
   114  1.71000000E+01  1.13618461E+00  9.99842534E-01  1.13618461E+00
   115  1.72500000E+01  1.13620980E+00  9.99839488E-01  1.13620980E+00
   116  1.74000000E+01  1.13623305E+00  9.99836912E-01  1.13623305E+00
   117  1.75500000E+01  1.13625468E+00  9.99834888E-01  1.13625468E+00
   118  1.77000000E+01  1.13627494E+00  9.99833505E-01  1.13627494E+00
   119  1.78500000E+01  1.13629576E+00  9.99832859E-01  1.13629576E+00
   120  1.80000000E+01  1.13631612E+00  9.99833058E-01  1.13631612E+00
   121  1.81500000E+01  1.13633529E+00  9.99834220E-01  1.13633529E+00
   122  1.83000000E+01  1.13635340E+00  9.99836472E-01  1.13635340E+00
   123  1.84500000E+01  1.13637052E+00  9.99839956E-01  1.13637052E+00
   124  1.86000000E+01  1.13638667E+00  9.99844824E-01  1.13638667E+00
   125  1.87500000E+01  1.13640188E+00  9.99851243E-01  1.13640188E+00
   126  1.89000000E+01  1.13641614E+00  9.99859394E-01  1.13641614E+00
   127  1.90500000E+01  1.13642948E+00  9.99869475E-01  1.13642948E+00
   128  1.92000000E+01  1.13644191E+00  9.99881698E-01  1.13644191E+00
   129  1.93500000E+01  1.13645348E+00  9.99896298E-01  1.13645348E+00
   130  1.95000000E+01  1.13646422E+00  9.99913523E-01  1.13646422E+00
   131  1.96500000E+01  1.13647418E+00  9.99933648E-01  1.13647418E+00
   132  1.98000000E+01  1.13648341E+00  9.99956965E-01  1.13648341E+00
   133  1.99500000E+01  1.13649193E+00  9.99983793E-01  1.13649193E+00
   134  2.01000000E+01  1.13649981E+00  1.00001447E+00  1.13649981E+00
   135  2.02500000E+01  1.13650822E+00  1.00004938E+00  1.13650822E+00
   136  2.04000000E+01  1.13651616E+00  1.00008890E+00  1.13651616E+00
   137  2.05500000E+01  1.13652348E+00  1.00013347E+00  1.13652348E+00
   138  2.07000000E+01  1.13653021E+00  1.00018354E+00  1.13653021E+00
   139  2.08500000E+01  1.13653639E+00  1.00023962E+00  1.13653639E+00
   140  2.10000000E+01  1.13654205E+00  1.00030222E+00  1.13654205E+00
   141  2.11500000E+01  1.13654723E+00  1.00037191E+00  1.13654723E+00
   142  2.13000000E+01  1.13655196E+00  1.00044931E+00  1.13655196E+00
   143  2.14500000E+01  1.13655626E+00  1.00053504E+00  1.13655626E+00
   144  2.16000000E+01  1.13656017E+00  1.00062981E+00  1.13656017E+00
   145  2.17500000E+01  1.13656372E+00  1.00073436E+00  1.13656372E+00
   146  2.19000000E+01  1.13656694E+00  1.00084946E+00  1.13656694E+00
   147  2.20500000E+01  1.13656985E+00  1.00097596E+00  1.13656985E+00
   148  2.22000000E+01  1.13657248E+00  1.00111474E+00  1.13657248E+00
   149  2.23500000E+01  1.13657485E+00  1.00126675E+00  1.13657485E+00
   150  2.25000000E+01  1.13657699E+00  1.00143300E+00  1.13657699E+00
   151  2.26500000E+01  1.13657891E+00  1.00161454E+00  1.13657891E+00
   152  2.28000000E+01  1.13658064E+00  1.00181252E+00  1.13658064E+00
   153  2.29500000E+01  1.13658219E+00  1.00202811E+00  1.13658219E+00
   154  2.31000000E+01  1.13658358E+00  1.00226259E+00  1.13658358E+00
   155  2.32500000E+01  1.13658483E+00  1.00251728E+00  1.13658483E+00
   156  2.34000000E+01  1.13658594E+00  1.00279359E+00  1.13658594E+00
   157  2.35500000E+01  1.13658694E+00  1.00309298E+00  1.13658694E+00
   158  2.37000000E+01  1.13658783E+00  1.00341703E+00  1.13658783E+00
   159  2.38500000E+01  1.13658862E+00  1.00376735E+00  1.13658862E+00
   160  2.40000000E+01  1.13658933E+00  1.00414564E+00  1.13658933E+00
   161  2.41500000E+01  1.13658996E+00  1.00455371E+00  1.13658996E+00
   162  2.43000000E+01  1.13659053E+00  1.00499340E+00  1.13659053E+00
   163  2.44500000E+01  1.13659103E+00  1.00546667E+00  1.13659103E+00
   164  2.46000000E+01  1.13659148E+00  1.00597552E+00  1.13659148E+00
   165  2.47500000E+01  1.13659188E+00  1.00652207E+00  1.13659188E+00
   166  2.49000000E+01  1.13659223E+00  1.00710847E+00  1.13659223E+00
   167  2.50500000E+01  1.13659255E+00  1.00773698E+00  1.13659255E+00
   168  2.52000000E+01  1.13659284E+00  1.00840990E+00  1.13659284E+00
   169  2.53500000E+01  1.13659309E+00  1.00912960E+00  1.13659309E+00
   170  2.55000000E+01  1.13659332E+00  1.00989850E+00  1.13659332E+00
   171  2.56500000E+01  1.13659352E+00  1.01071908E+00  1.13659352E+00
   172  2.58000000E+01  1.13659370E+00  1.01159386E+00  1.13659370E+00
   173  2.59500000E+01  1.13659386E+00  1.01252536E+00  1.13659386E+00
   174  2.61000000E+01  1.13659401E+00  1.01351614E+00  1.13659401E+00
   175  2.62500000E+01  1.13659414E+00  1.01456876E+00  1.13659414E+00
   176  2.64000000E+01  1.13659426E+00  1.01568575E+00  1.13659426E+00
   177  2.65500000E+01  1.13659437E+00  1.01686962E+00  1.13659437E+00
   178  2.67000000E+01  1.13659446E+00  1.01812281E+00  1.13659446E+00
   179  2.68500000E+01  1.13659455E+00  1.01944769E+00  1.13659455E+00
   180  2.70000000E+01  1.13659463E+00  1.02084652E+00  1.13659463E+00
   181  2.71500000E+01  1.13659470E+00  1.02232145E+00  1.13659470E+00
   182  2.73000000E+01  1.13659477E+00  1.02387446E+00  1.13659477E+00
   183  2.74500000E+01  1.13659483E+00  1.02550733E+00  1.13659483E+00
   184  2.76000000E+01  1.13659488E+00  1.02722163E+00  1.13659488E+00
   185  2.77500000E+01  1.13659493E+00  1.02901869E+00  1.13659493E+00
   186  2.79000000E+01  1.13659498E+00  1.03089952E+00  1.13659498E+00
   187  2.80500000E+01  1.13659502E+00  1.03286483E+00  1.13659502E+00
   188  2.82000000E+01  1.13659506E+00  1.03491494E+00  1.13659506E+00
   189  2.83500000E+01  1.13659509E+00  1.03704977E+00  1.13659509E+00
   190  2.85000000E+01  1.13659513E+00  1.03926880E+00  1.13659513E+00
   191  2.86500000E+01  1.13659516E+00  1.04157103E+00  1.13659516E+00
   192  2.88000000E+01  1.13659519E+00  1.04395491E+00  1.13659519E+00
   193  2.89500000E+01  1.13659521E+00  1.04641837E+00  1.13659521E+00
   194  2.91000000E+01  1.13659524E+00  1.04895869E+00  1.13659524E+00
   195  2.92500000E+01  1.13659526E+00  1.05157257E+00  1.13659526E+00
   196  2.94000000E+01  1.13659528E+00  1.05425603E+00  1.13659528E+00
   197  2.95500000E+01  1.13659530E+00  1.05700441E+00  1.13659530E+00
   198  2.97000000E+01  1.13659532E+00  1.05981238E+00  1.13659532E+00
   199  2.98500000E+01  1.13659534E+00  1.06267389E+00  1.13659534E+00
   200  3.00000000E+01  1.13659535E+00  1.06558219E+00  1.13659535E+00
   201  3.01500000E+01  1.13659537E+00  1.06852983E+00  1.13659537E+00
   202  3.03000000E+01  1.13659538E+00  1.07150869E+00  1.13659538E+00
   203  3.04500000E+01  1.13659540E+00  1.07450999E+00  1.13659540E+00
   204  3.06000000E+01  1.13659541E+00  1.07752434E+00  1.13659541E+00
   205  3.07500000E+01  1.13659542E+00  1.08054177E+00  1.13659542E+00
   206  3.09000000E+01  1.13659543E+00  1.08355182E+00  1.13659543E+00
   207  3.10500000E+01  1.13659544E+00  1.08654360E+00  1.13659544E+00
   208  3.12000000E+01  1.13659545E+00  1.08950587E+00  1.13659545E+00
   209  3.13500000E+01  1.13659546E+00  1.09242715E+00  1.13659546E+00
   210  3.15000000E+01  1.13659547E+00  1.09529587E+00  1.13659547E+00
   211  3.16500000E+01  1.13659548E+00  1.09810045E+00  1.13659548E+00
   212  3.18000000E+01  1.13659549E+00  1.10082950E+00  1.13659549E+00
   213  3.19500000E+01  1.13659550E+00  1.10347198E+00  1.13659550E+00
   214  3.21000000E+01  1.13659550E+00  1.10601739E+00  1.13659550E+00
   215  3.22500000E+01  1.13659551E+00  1.10845594E+00  1.13659551E+00
   216  3.24000000E+01  1.13659551E+00  1.11077882E+00  1.13659551E+00
   217  3.25500000E+01  1.13659552E+00  1.11297833E+00  1.13659552E+00
   218  3.27000000E+01  1.13659553E+00  1.11504819E+00  1.13659553E+00
   219  3.28500000E+01  1.13659553E+00  1.11698363E+00  1.13659553E+00
   220  3.30000000E+01  1.13659554E+00  1.11878165E+00  1.13659554E+00
   221  3.31500000E+01  1.13659554E+00  1.12044112E+00  1.13659554E+00
   222  3.33000000E+01  1.13659554E+00  1.12196284E+00  1.13659554E+00
   223  3.34500000E+01  1.13659555E+00  1.12334965E+00  1.13659555E+00
   224  3.36000000E+01  1.13659555E+00  1.12460630E+00  1.13659555E+00
   225  3.37500000E+01  1.13659556E+00  1.12573935E+00  1.13659556E+00
   226  3.39000000E+01  1.13659556E+00  1.12675700E+00  1.13659556E+00
   227  3.40500000E+01  1.13659556E+00  1.12766871E+00  1.13659556E+00
   228  3.42000000E+01  1.13659557E+00  1.12848491E+00  1.13659557E+00
   229  3.43500000E+01  1.13659557E+00  1.12921651E+00  1.13659557E+00
   230  3.45000000E+01  1.13659557E+00  1.12987445E+00  1.13659557E+00
   231  3.46500000E+01  1.13659557E+00  1.13046923E+00  1.13659557E+00
   232  3.48000000E+01  1.13659558E+00  1.13101045E+00  1.13659558E+00
   233  3.49500000E+01  1.13659558E+00  1.13150642E+00  1.13659558E+00
   234  3.51000000E+01  1.13659558E+00  1.13196388E+00  1.13659558E+00
   235  3.52500000E+01  1.13659558E+00  1.13238781E+00  1.13659558E+00
   236  3.54000000E+01  1.13659558E+00  1.13278139E+00  1.13659558E+00
   237  3.55500000E+01  1.13659558E+00  1.13314617E+00  1.13659558E+00
   238  3.57000000E+01  1.13659559E+00  1.13348224E+00  1.13659559E+00
   239  3.58500000E+01  1.13659559E+00  1.13378865E+00  1.13659559E+00
   240  3.60000000E+01  1.13659559E+00  1.13406387E+00  1.13659559E+00
   241  3.61500000E+01  1.13659559E+00  1.13430620E+00  1.13659559E+00
   242  3.63000000E+01  1.13659559E+00  1.13451433E+00  1.13659559E+00
   243  3.64500000E+01  1.13659559E+00  1.13468767E+00  1.13659559E+00
   244  3.66000000E+01  1.13659559E+00  1.13482667E+00  1.13659559E+00
   245  3.67500000E+01  1.13659559E+00  1.13493299E+00  1.13659559E+00
   246  3.69000000E+01  1.13659560E+00  1.13500953E+00  1.13659560E+00
   247  3.70500000E+01  1.13659560E+00  1.13506025E+00  1.13659560E+00
   248  3.72000000E+01  1.13659560E+00  1.13508994E+00  1.13659560E+00
   249  3.73500000E+01  1.13659560E+00  1.13510388E+00  1.13659560E+00
   250  3.75000000E+01  1.13659560E+00  1.13510742E+00  1.13659560E+00
   251  3.76500000E+01  1.13659560E+00  1.13510557E+00  1.13659560E+00
   252  3.78000000E+01  1.13659560E+00  1.13510270E+00  1.13659560E+00
   253  3.79500000E+01  1.13659560E+00  1.13510223E+00  1.13659560E+00
   254  3.81000000E+01  1.13659560E+00  1.13510650E+00  1.13659560E+00
   255  3.82500000E+01  1.13659560E+00  1.13511673E+00  1.13659560E+00
   256  3.84000000E+01  1.13659560E+00  1.13513310E+00  1.13659560E+00
   257  3.85500000E+01  1.13659560E+00  1.13515494E+00  1.13659560E+00
   258  3.87000000E+01  1.13659560E+00  1.13518095E+00  1.13659560E+00
   259  3.88500000E+01  1.13659560E+00  1.13520949E+00  1.13659560E+00
   260  3.90000000E+01  1.13659560E+00  1.13523883E+00  1.13659560E+00
   261  3.91500000E+01  1.13659560E+00  1.13526738E+00  1.13659560E+00
   262  3.93000000E+01  1.13659561E+00  1.13529387E+00  1.13659561E+00
   263  3.94500000E+01  1.13659561E+00  1.13531746E+00  1.13659561E+00
   264  3.96000000E+01  1.13659561E+00  1.13533771E+00  1.13659561E+00
   265  3.97500000E+01  1.13659561E+00  1.13535464E+00  1.13659561E+00
   266  3.99000000E+01  1.13659561E+00  1.13536855E+00  1.13659561E+00
   267  4.00500000E+01  1.13659561E+00  1.13537999E+00  1.13659561E+00
   268  4.02000000E+01  1.13659561E+00  1.13538960E+00  1.13659561E+00
   269  4.03500000E+01  1.13659561E+00  1.13539800E+00  1.13659561E+00
   270  4.05000000E+01  1.13659561E+00  1.13540574E+00  1.13659561E+00
   271  4.06500000E+01  1.13659561E+00  1.13541322E+00  1.13659561E+00
   272  4.08000000E+01  1.13659561E+00  1.13542069E+00  1.13659561E+00
   273  4.09500000E+01  1.13659561E+00  1.13542822E+00  1.13659561E+00
   274  4.11000000E+01  1.13659561E+00  1.13543578E+00  1.13659561E+00
   275  4.12500000E+01  1.13659561E+00  1.13544325E+00  1.13659561E+00
   276  4.14000000E+01  1.13659561E+00  1.13545046E+00  1.13659561E+00
   277  4.15500000E+01  1.13659561E+00  1.13545725E+00  1.13659561E+00
 steady-height stop at step    277: changes <=   1.0000E-05, max-end <=   1.0000E-02, max/end/gap/profile_change =   1.13659561E+00  1.13545725E+00  1.13835997E-03  6.79169394E-06


STDERR:
