COMMAND:
/shared/generate_rom_data/extrudate_swell2d_c_cluster

STDOUT:
 comppar: model =   6
 comppar: lambda,mobility/eps,betav,eta_0 =  6.4000E+00  1.0000E-01  5.0000E-01  1.0000E+00
 comppar: eta_s,eta_p,G =  5.0000E-01  5.0000E-01  7.8125E-02
 comppar: U_avg,deltat,flowrate,nsteps =  2.0000E-01  1.5000E-01  6.2832E-01     700
 comppar: geometry = axisymmetric
 comppar: steady stop change,gap,hold,min =  1.0000E-05  1.0000E-02      10      80
 comppar: ncompc,ncompg =     4     5
 mesh nnodes = 5765
 mesh nelem = 2780
 P1 BC   5.0000000000000000     
 P2 BC   0.0000000000000000     
     1  1.50000000E-01  1.00379150E+00  1.00000000E+00  1.00379150E+00
     2  3.00000000E-01  1.00749897E+00  1.00000000E+00  1.00749897E+00
     3  4.50000000E-01  1.01112315E+00  1.00000000E+00  1.01112315E+00
     4  6.00000000E-01  1.01466575E+00  1.00000000E+00  1.01466575E+00
     5  7.50000000E-01  1.01812956E+00  1.00000000E+00  1.01812956E+00
     6  9.00000000E-01  1.02151336E+00  1.00000000E+00  1.02151336E+00
     7  1.05000000E+00  1.02482798E+00  1.00000000E+00  1.02482798E+00
     8  1.20000000E+00  1.02808642E+00  1.00000000E+00  1.02808642E+00
     9  1.35000000E+00  1.03128023E+00  1.00000000E+00  1.03128023E+00
    10  1.50000000E+00  1.03441013E+00  1.00000000E+00  1.03441013E+00
    11  1.65000000E+00  1.03750653E+00  1.00000000E+00  1.03750653E+00
    12  1.80000000E+00  1.04055565E+00  1.00000000E+00  1.04055565E+00
    13  1.95000000E+00  1.04354935E+00  1.00000000E+00  1.04354935E+00
    14  2.10000000E+00  1.04654514E+00  1.00000000E+00  1.04654514E+00
    15  2.25000000E+00  1.04946288E+00  9.99999998E-01  1.04946288E+00
    16  2.40000000E+00  1.05241545E+00  9.99999994E-01  1.05241545E+00
    17  2.55000000E+00  1.05529274E+00  9.99999989E-01  1.05529274E+00
    18  2.70000000E+00  1.05821097E+00  9.99999983E-01  1.05821097E+00
    19  2.85000000E+00  1.06105049E+00  9.99999976E-01  1.06105049E+00
    20  3.00000000E+00  1.06393231E+00  9.99999967E-01  1.06393231E+00
    21  3.15000000E+00  1.06678184E+00  9.99999956E-01  1.06678184E+00
    22  3.30000000E+00  1.06960257E+00  9.99999944E-01  1.06960257E+00
    23  3.45000000E+00  1.07247504E+00  9.99999929E-01  1.07247504E+00
    24  3.60000000E+00  1.07529132E+00  9.99999912E-01  1.07529132E+00
    25  3.75000000E+00  1.07811639E+00  9.99999893E-01  1.07811639E+00
    26  3.90000000E+00  1.08099413E+00  9.99999871E-01  1.08099413E+00
    27  4.05000000E+00  1.08382919E+00  9.99999846E-01  1.08382919E+00
    28  4.20000000E+00  1.08664632E+00  9.99999818E-01  1.08664632E+00
    29  4.35000000E+00  1.08955537E+00  9.99999787E-01  1.08955537E+00
    30  4.50000000E+00  1.09243447E+00  9.99999752E-01  1.09243447E+00
    31  4.65000000E+00  1.09528926E+00  9.99999714E-01  1.09528926E+00
    32  4.80000000E+00  1.09813887E+00  9.99999671E-01  1.09813887E+00
    33  4.95000000E+00  1.10109659E+00  9.99999624E-01  1.10109659E+00
    34  5.10000000E+00  1.10403994E+00  9.99999573E-01  1.10403994E+00
    35  5.25000000E+00  1.10697460E+00  9.99999516E-01  1.10697460E+00
    36  5.40000000E+00  1.10990635E+00  9.99999455E-01  1.10990635E+00
    37  5.55000000E+00  1.11284085E+00  9.99999388E-01  1.11284085E+00
    38  5.70000000E+00  1.11584175E+00  9.99999315E-01  1.11584175E+00
    39  5.85000000E+00  1.11887421E+00  9.99999236E-01  1.11887421E+00
    40  6.00000000E+00  1.12191275E+00  9.99999150E-01  1.12191275E+00
    41  6.15000000E+00  1.12496069E+00  9.99999057E-01  1.12496069E+00
    42  6.30000000E+00  1.12801992E+00  9.99998958E-01  1.12801992E+00
    43  6.45000000E+00  1.13109038E+00  9.99998850E-01  1.13109038E+00
    44  6.60000000E+00  1.13416956E+00  9.99998734E-01  1.13416956E+00
    45  6.75000000E+00  1.13725217E+00  9.99998610E-01  1.13725217E+00
    46  6.90000000E+00  1.14033023E+00  9.99998476E-01  1.14033023E+00
    47  7.05000000E+00  1.14344852E+00  9.99998333E-01  1.14344852E+00
    48  7.20000000E+00  1.14659840E+00  9.99998179E-01  1.14659840E+00
    49  7.35000000E+00  1.14973195E+00  9.99998015E-01  1.14973195E+00
    50  7.50000000E+00  1.15283850E+00  9.99997840E-01  1.15283850E+00
    51  7.65000000E+00  1.15590692E+00  9.99997652E-01  1.15590692E+00
    52  7.80000000E+00  1.15892669E+00  9.99997452E-01  1.15892669E+00
    53  7.95000000E+00  1.16189147E+00  9.99997239E-01  1.16189147E+00
    54  8.10000000E+00  1.16497316E+00  9.99997011E-01  1.16497316E+00
    55  8.25000000E+00  1.16799611E+00  9.99996769E-01  1.16799611E+00
    56  8.40000000E+00  1.17095307E+00  9.99996511E-01  1.17095307E+00
    57  8.55000000E+00  1.17383952E+00  9.99996237E-01  1.17383952E+00
    58  8.70000000E+00  1.17665361E+00  9.99995946E-01  1.17665361E+00
    59  8.85000000E+00  1.17950767E+00  9.99995636E-01  1.17950767E+00
    60  9.00000000E+00  1.18239407E+00  9.99995308E-01  1.18239407E+00
    61  9.15000000E+00  1.18520569E+00  9.99994959E-01  1.18520569E+00
    62  9.30000000E+00  1.18794298E+00  9.99994589E-01  1.18794298E+00
    63  9.45000000E+00  1.19060727E+00  9.99994197E-01  1.19060727E+00
    64  9.60000000E+00  1.19320248E+00  9.99993781E-01  1.19320248E+00
    65  9.75000000E+00  1.19592281E+00  9.99993341E-01  1.19592281E+00
    66  9.90000000E+00  1.19856888E+00  9.99992876E-01  1.19856888E+00
    67  1.00500000E+01  1.20114217E+00  9.99992383E-01  1.20114217E+00
    68  1.02000000E+01  1.20364318E+00  9.99991861E-01  1.20364318E+00
    69  1.03500000E+01  1.20607105E+00  9.99991310E-01  1.20607105E+00
    70  1.05000000E+01  1.20848834E+00  9.99990728E-01  1.20848834E+00
    71  1.06500000E+01  1.21096539E+00  9.99990113E-01  1.21096539E+00
    72  1.08000000E+01  1.21336633E+00  9.99989463E-01  1.21336633E+00
    73  1.09500000E+01  1.21568903E+00  9.99988778E-01  1.21568903E+00
    74  1.11000000E+01  1.21793054E+00  9.99988055E-01  1.21793054E+00
    75  1.12500000E+01  1.22008751E+00  9.99987293E-01  1.22008751E+00
    76  1.14000000E+01  1.22235865E+00  9.99986490E-01  1.22235865E+00
    77  1.15500000E+01  1.22456746E+00  9.99985644E-01  1.22456746E+00
    78  1.17000000E+01  1.22668939E+00  9.99984753E-01  1.22668939E+00
    79  1.18500000E+01  1.22872128E+00  9.99983815E-01  1.22872128E+00
    80  1.20000000E+01  1.23066067E+00  9.99982828E-01  1.23066067E+00
    81  1.21500000E+01  1.23272950E+00  9.99981790E-01  1.23272950E+00
    82  1.23000000E+01  1.23472198E+00  9.99980699E-01  1.23472198E+00
    83  1.24500000E+01  1.23662121E+00  9.99979553E-01  1.23662121E+00
    84  1.26000000E+01  1.23842604E+00  9.99978349E-01  1.23842604E+00
    85  1.27500000E+01  1.24019905E+00  9.99977084E-01  1.24019905E+00
    86  1.29000000E+01  1.24205741E+00  9.99975758E-01  1.24205741E+00
    87  1.30500000E+01  1.24382039E+00  9.99974366E-01  1.24382039E+00
    88  1.32000000E+01  1.24548838E+00  9.99972907E-01  1.24548838E+00
    89  1.33500000E+01  1.24706278E+00  9.99971378E-01  1.24706278E+00
    90  1.35000000E+01  1.24867494E+00  9.99969776E-01  1.24867494E+00
    91  1.36500000E+01  1.25030272E+00  9.99968099E-01  1.25030272E+00
    92  1.38000000E+01  1.25183739E+00  9.99966344E-01  1.25183739E+00
    93  1.39500000E+01  1.25328135E+00  9.99964509E-01  1.25328135E+00
    94  1.41000000E+01  1.25463763E+00  9.99962589E-01  1.25463763E+00
    95  1.42500000E+01  1.25612792E+00  9.99960584E-01  1.25612792E+00
    96  1.44000000E+01  1.25753206E+00  9.99958489E-01  1.25753206E+00
    97  1.45500000E+01  1.25884970E+00  9.99956302E-01  1.25884970E+00
    98  1.47000000E+01  1.26008457E+00  9.99954021E-01  1.26008457E+00
    99  1.48500000E+01  1.26136309E+00  9.99951642E-01  1.26136309E+00
   100  1.50000000E+01  1.26264526E+00  9.99949162E-01  1.26264526E+00
   101  1.51500000E+01  1.26384578E+00  9.99946580E-01  1.26384578E+00
   102  1.53000000E+01  1.26496871E+00  9.99943891E-01  1.26496871E+00
   103  1.54500000E+01  1.26604453E+00  9.99941094E-01  1.26604453E+00
   104  1.56000000E+01  1.26721080E+00  9.99938185E-01  1.26721080E+00
   105  1.57500000E+01  1.26830115E+00  9.99935163E-01  1.26830115E+00
   106  1.59000000E+01  1.26931974E+00  9.99932024E-01  1.26931974E+00
   107  1.60500000E+01  1.27027070E+00  9.99928766E-01  1.27027070E+00
   108  1.62000000E+01  1.27126664E+00  9.99925388E-01  1.27126664E+00
   109  1.63500000E+01  1.27225638E+00  9.99921887E-01  1.27225638E+00
   110  1.65000000E+01  1.27317993E+00  9.99918261E-01  1.27317993E+00
   111  1.66500000E+01  1.27404135E+00  9.99914509E-01  1.27404135E+00
   112  1.68000000E+01  1.27484458E+00  9.99910628E-01  1.27484458E+00
   113  1.69500000E+01  1.27573881E+00  9.99906619E-01  1.27573881E+00
   114  1.71000000E+01  1.27657582E+00  9.99902480E-01  1.27657582E+00
   115  1.72500000E+01  1.27735621E+00  9.99898210E-01  1.27735621E+00
   116  1.74000000E+01  1.27808371E+00  9.99893810E-01  1.27808371E+00
   117  1.75500000E+01  1.27880293E+00  9.99889280E-01  1.27880293E+00
   118  1.77000000E+01  1.27956159E+00  9.99884619E-01  1.27956159E+00
   119  1.78500000E+01  1.28026873E+00  9.99879830E-01  1.28026873E+00
   120  1.80000000E+01  1.28092786E+00  9.99874914E-01  1.28092786E+00
   121  1.81500000E+01  1.28154232E+00  9.99869873E-01  1.28154232E+00
   122  1.83000000E+01  1.28216879E+00  9.99864710E-01  1.28216879E+00
   123  1.84500000E+01  1.28281043E+00  9.99859429E-01  1.28281043E+00
   124  1.86000000E+01  1.28340865E+00  9.99854033E-01  1.28340865E+00
   125  1.87500000E+01  1.28396651E+00  9.99848529E-01  1.28396651E+00
   126  1.89000000E+01  1.28448692E+00  9.99842922E-01  1.28448692E+00
   127  1.90500000E+01  1.28503744E+00  9.99837219E-01  1.28503744E+00
   128  1.92000000E+01  1.28558069E+00  9.99831429E-01  1.28558069E+00
   129  1.93500000E+01  1.28608752E+00  9.99825560E-01  1.28608752E+00
   130  1.95000000E+01  1.28656059E+00  9.99819624E-01  1.28656059E+00
   131  1.96500000E+01  1.28700239E+00  9.99813631E-01  1.28700239E+00
   132  1.98000000E+01  1.28746243E+00  9.99807596E-01  1.28746243E+00
   133  1.99500000E+01  1.28792411E+00  9.99801533E-01  1.28792411E+00
   134  2.01000000E+01  1.28835537E+00  9.99795459E-01  1.28835537E+00
   135  2.02500000E+01  1.28875846E+00  9.99789392E-01  1.28875846E+00
   136  2.04000000E+01  1.28913547E+00  9.99783352E-01  1.28913547E+00
   137  2.05500000E+01  1.28951130E+00  9.99777361E-01  1.28951130E+00
   138  2.07000000E+01  1.28990478E+00  9.99771444E-01  1.28990478E+00
   139  2.08500000E+01  1.29027288E+00  9.99765628E-01  1.29027288E+00
   140  2.10000000E+01  1.29061750E+00  9.99759942E-01  1.29061750E+00
   141  2.11500000E+01  1.29094037E+00  9.99754418E-01  1.29094037E+00
   142  2.13000000E+01  1.29124311E+00  9.99749090E-01  1.29124311E+00
   143  2.14500000E+01  1.29156279E+00  9.99743998E-01  1.29156279E+00
   144  2.16000000E+01  1.29187891E+00  9.99739182E-01  1.29187891E+00
   145  2.17500000E+01  1.29217542E+00  9.99734686E-01  1.29217542E+00
   146  2.19000000E+01  1.29245377E+00  9.99730560E-01  1.29245377E+00
   147  2.20500000E+01  1.29271531E+00  9.99726856E-01  1.29271531E+00
   148  2.22000000E+01  1.29296125E+00  9.99723630E-01  1.29296125E+00
   149  2.23500000E+01  1.29322614E+00  9.99720942E-01  1.29322614E+00
   150  2.25000000E+01  1.29348234E+00  9.99718860E-01  1.29348234E+00
   151  2.26500000E+01  1.29372335E+00  9.99717453E-01  1.29372335E+00
   152  2.28000000E+01  1.29395030E+00  9.99716798E-01  1.29395030E+00
   153  2.29500000E+01  1.29416418E+00  9.99716975E-01  1.29416418E+00
   154  2.31000000E+01  1.29436595E+00  9.99718073E-01  1.29436595E+00
   155  2.32500000E+01  1.29456774E+00  9.99720185E-01  1.29456774E+00
   156  2.34000000E+01  1.29477791E+00  9.99723411E-01  1.29477791E+00
   157  2.35500000E+01  1.29497625E+00  9.99727860E-01  1.29497625E+00
   158  2.37000000E+01  1.29516358E+00  9.99733646E-01  1.29516358E+00
   159  2.38500000E+01  1.29534068E+00  9.99740893E-01  1.29534068E+00
   160  2.40000000E+01  1.29550825E+00  9.99749731E-01  1.29550825E+00
   161  2.41500000E+01  1.29566694E+00  9.99760301E-01  1.29566694E+00
   162  2.43000000E+01  1.29582196E+00  9.99772752E-01  1.29582196E+00
   163  2.44500000E+01  1.29598675E+00  9.99787245E-01  1.29598675E+00
   164  2.46000000E+01  1.29614285E+00  9.99803947E-01  1.29614285E+00
   165  2.47500000E+01  1.29629085E+00  9.99823041E-01  1.29629085E+00
   166  2.49000000E+01  1.29643126E+00  9.99844718E-01  1.29643126E+00
   167  2.50500000E+01  1.29656458E+00  9.99869182E-01  1.29656458E+00
   168  2.52000000E+01  1.29669123E+00  9.99896651E-01  1.29669123E+00
   169  2.53500000E+01  1.29681164E+00  9.99927354E-01  1.29681164E+00
   170  2.55000000E+01  1.29692659E+00  9.99961536E-01  1.29692659E+00
   171  2.56500000E+01  1.29705153E+00  9.99999455E-01  1.29705153E+00
   172  2.58000000E+01  1.29717034E+00  1.00004139E+00  1.29717034E+00
   173  2.59500000E+01  1.29728338E+00  1.00008762E+00  1.29728338E+00
   174  2.61000000E+01  1.29739098E+00  1.00013846E+00  1.29739098E+00
   175  2.62500000E+01  1.29749346E+00  1.00019424E+00  1.29749346E+00
   176  2.64000000E+01  1.29759109E+00  1.00025530E+00  1.29759109E+00
   177  2.65500000E+01  1.29768416E+00  1.00032200E+00  1.29768416E+00
   178  2.67000000E+01  1.29777289E+00  1.00039473E+00  1.29777289E+00
   179  2.68500000E+01  1.29785753E+00  1.00047388E+00  1.29785753E+00
   180  2.70000000E+01  1.29794150E+00  1.00055989E+00  1.29794150E+00
   181  2.71500000E+01  1.29802912E+00  1.00065322E+00  1.29802912E+00
   182  2.73000000E+01  1.29811271E+00  1.00075432E+00  1.29811271E+00
   183  2.74500000E+01  1.29819247E+00  1.00086371E+00  1.29819247E+00
   184  2.76000000E+01  1.29826861E+00  1.00098190E+00  1.29826861E+00
   185  2.77500000E+01  1.29834129E+00  1.00110946E+00  1.29834129E+00
   186  2.79000000E+01  1.29841068E+00  1.00124696E+00  1.29841068E+00
   187  2.80500000E+01  1.29847695E+00  1.00139501E+00  1.29847695E+00
   188  2.82000000E+01  1.29854024E+00  1.00155426E+00  1.29854024E+00
   189  2.83500000E+01  1.29860070E+00  1.00172539E+00  1.29860070E+00
   190  2.85000000E+01  1.29865844E+00  1.00190909E+00  1.29865844E+00
   191  2.86500000E+01  1.29871360E+00  1.00210611E+00  1.29871360E+00
   192  2.88000000E+01  1.29877252E+00  1.00231722E+00  1.29877252E+00
   193  2.89500000E+01  1.29882963E+00  1.00254324E+00  1.29882963E+00
   194  2.91000000E+01  1.29888418E+00  1.00278502E+00  1.29888418E+00
   195  2.92500000E+01  1.29893630E+00  1.00304345E+00  1.29893630E+00
   196  2.94000000E+01  1.29898608E+00  1.00331945E+00  1.29898608E+00
   197  2.95500000E+01  1.29903363E+00  1.00361399E+00  1.29903363E+00
   198  2.97000000E+01  1.29907905E+00  1.00392808E+00  1.29907905E+00
   199  2.98500000E+01  1.29912243E+00  1.00426279E+00  1.29912243E+00
   200  3.00000000E+01  1.29916385E+00  1.00461919E+00  1.29916385E+00
   201  3.01500000E+01  1.29920341E+00  1.00499845E+00  1.29920341E+00
   202  3.03000000E+01  1.29924118E+00  1.00540173E+00  1.29924118E+00
   203  3.04500000E+01  1.29927724E+00  1.00583028E+00  1.29927724E+00
   204  3.06000000E+01  1.29931165E+00  1.00628537E+00  1.29931165E+00
   205  3.07500000E+01  1.29934450E+00  1.00676833E+00  1.29934450E+00
   206  3.09000000E+01  1.29937684E+00  1.00728052E+00  1.29937684E+00
   207  3.10500000E+01  1.29941087E+00  1.00782337E+00  1.29941087E+00
   208  3.12000000E+01  1.29944334E+00  1.00839834E+00  1.29944334E+00
   209  3.13500000E+01  1.29947433E+00  1.00900694E+00  1.29947433E+00
   210  3.15000000E+01  1.29950388E+00  1.00965072E+00  1.29950388E+00
   211  3.16500000E+01  1.29953208E+00  1.01033128E+00  1.29953208E+00
   212  3.18000000E+01  1.29955896E+00  1.01105026E+00  1.29955896E+00
   213  3.19500000E+01  1.29958460E+00  1.01180935E+00  1.29958460E+00
   214  3.21000000E+01  1.29960903E+00  1.01261026E+00  1.29960903E+00
   215  3.22500000E+01  1.29963232E+00  1.01345475E+00  1.29963232E+00
   216  3.24000000E+01  1.29965450E+00  1.01434460E+00  1.29965450E+00
   217  3.25500000E+01  1.29967563E+00  1.01528164E+00  1.29967563E+00
   218  3.27000000E+01  1.29969576E+00  1.01626769E+00  1.29969576E+00
   219  3.28500000E+01  1.29971491E+00  1.01730461E+00  1.29971491E+00
   220  3.30000000E+01  1.29973315E+00  1.01839428E+00  1.29973315E+00
   221  3.31500000E+01  1.29975050E+00  1.01953858E+00  1.29975050E+00
   222  3.33000000E+01  1.29976701E+00  1.02073937E+00  1.29976701E+00
   223  3.34500000E+01  1.29978271E+00  1.02199854E+00  1.29978271E+00
   224  3.36000000E+01  1.29979764E+00  1.02331794E+00  1.29979764E+00
   225  3.37500000E+01  1.29981183E+00  1.02469940E+00  1.29981183E+00
   226  3.39000000E+01  1.29982532E+00  1.02614472E+00  1.29982532E+00
   227  3.40500000E+01  1.29983813E+00  1.02765567E+00  1.29983813E+00
   228  3.42000000E+01  1.29985030E+00  1.02923394E+00  1.29985030E+00
   229  3.43500000E+01  1.29986273E+00  1.03088118E+00  1.29986273E+00
   230  3.45000000E+01  1.29987539E+00  1.03259895E+00  1.29987539E+00
   231  3.46500000E+01  1.29988740E+00  1.03438874E+00  1.29988740E+00
   232  3.48000000E+01  1.29989881E+00  1.03625191E+00  1.29989881E+00
   233  3.49500000E+01  1.29990964E+00  1.03818974E+00  1.29990964E+00
   234  3.51000000E+01  1.29991992E+00  1.04020335E+00  1.29991992E+00
   235  3.52500000E+01  1.29992967E+00  1.04229375E+00  1.29992967E+00
   236  3.54000000E+01  1.29993892E+00  1.04446176E+00  1.29993892E+00
   237  3.55500000E+01  1.29994769E+00  1.04670807E+00  1.29994769E+00
   238  3.57000000E+01  1.29995600E+00  1.04903317E+00  1.29995600E+00
   239  3.58500000E+01  1.29996388E+00  1.05143734E+00  1.29996388E+00
   240  3.60000000E+01  1.29997134E+00  1.05392068E+00  1.29997134E+00
   241  3.61500000E+01  1.29997841E+00  1.05648307E+00  1.29997841E+00
   242  3.63000000E+01  1.29998510E+00  1.05912416E+00  1.29998510E+00
   243  3.64500000E+01  1.29999144E+00  1.06184337E+00  1.29999144E+00
   244  3.66000000E+01  1.29999744E+00  1.06463990E+00  1.29999744E+00
   245  3.67500000E+01  1.30000311E+00  1.06751268E+00  1.30000311E+00
   246  3.69000000E+01  1.30000848E+00  1.07046044E+00  1.30000848E+00
   247  3.70500000E+01  1.30001356E+00  1.07348164E+00  1.30001356E+00
   248  3.72000000E+01  1.30001837E+00  1.07657452E+00  1.30001837E+00
   249  3.73500000E+01  1.30002291E+00  1.07973709E+00  1.30002291E+00
   250  3.75000000E+01  1.30002720E+00  1.08296713E+00  1.30002720E+00
   251  3.76500000E+01  1.30003125E+00  1.08626223E+00  1.30003125E+00
   252  3.78000000E+01  1.30003509E+00  1.08961976E+00  1.30003509E+00
   253  3.79500000E+01  1.30003871E+00  1.09303693E+00  1.30003871E+00
   254  3.81000000E+01  1.30004213E+00  1.09651075E+00  1.30004213E+00
   255  3.82500000E+01  1.30004536E+00  1.10003810E+00  1.30004536E+00
   256  3.84000000E+01  1.30004840E+00  1.10361572E+00  1.30004840E+00
   257  3.85500000E+01  1.30005128E+00  1.10724024E+00  1.30005128E+00
   258  3.87000000E+01  1.30005400E+00  1.11090817E+00  1.30005400E+00
   259  3.88500000E+01  1.30005656E+00  1.11461595E+00  1.30005656E+00
   260  3.90000000E+01  1.30005898E+00  1.11835998E+00  1.30005898E+00
   261  3.91500000E+01  1.30006127E+00  1.12213657E+00  1.30006127E+00
   262  3.93000000E+01  1.30006342E+00  1.12594205E+00  1.30006342E+00
   263  3.94500000E+01  1.30006546E+00  1.12977271E+00  1.30006546E+00
   264  3.96000000E+01  1.30006737E+00  1.13362485E+00  1.30006737E+00
   265  3.97500000E+01  1.30006918E+00  1.13749481E+00  1.30006918E+00
   266  3.99000000E+01  1.30007089E+00  1.14137896E+00  1.30007089E+00
   267  4.00500000E+01  1.30007250E+00  1.14527372E+00  1.30007250E+00
   268  4.02000000E+01  1.30007401E+00  1.14917557E+00  1.30007401E+00
   269  4.03500000E+01  1.30007545E+00  1.15308108E+00  1.30007545E+00
   270  4.05000000E+01  1.30007680E+00  1.15698694E+00  1.30007680E+00
   271  4.06500000E+01  1.30007807E+00  1.16088991E+00  1.30007807E+00
   272  4.08000000E+01  1.30007927E+00  1.16478690E+00  1.30007927E+00
   273  4.09500000E+01  1.30008041E+00  1.16867491E+00  1.30008041E+00
   274  4.11000000E+01  1.30008148E+00  1.17255108E+00  1.30008148E+00
   275  4.12500000E+01  1.30008249E+00  1.17641266E+00  1.30008249E+00
   276  4.14000000E+01  1.30008344E+00  1.18025700E+00  1.30008344E+00
   277  4.15500000E+01  1.30008434E+00  1.18408149E+00  1.30008434E+00
   278  4.17000000E+01  1.30008519E+00  1.18788358E+00  1.30008519E+00
   279  4.18500000E+01  1.30008599E+00  1.19166066E+00  1.30008599E+00
   280  4.20000000E+01  1.30008674E+00  1.19541004E+00  1.30008674E+00
   281  4.21500000E+01  1.30008746E+00  1.19912887E+00  1.30008746E+00
   282  4.23000000E+01  1.30008813E+00  1.20281407E+00  1.30008813E+00
   283  4.24500000E+01  1.30008877E+00  1.20646224E+00  1.30008877E+00
   284  4.26000000E+01  1.30008938E+00  1.21006965E+00  1.30008938E+00
   285  4.27500000E+01  1.30008995E+00  1.21363214E+00  1.30008995E+00
   286  4.29000000E+01  1.30009049E+00  1.21714514E+00  1.30009049E+00
   287  4.30500000E+01  1.30009100E+00  1.22060369E+00  1.30009100E+00
   288  4.32000000E+01  1.30009148E+00  1.22400246E+00  1.30009148E+00
   289  4.33500000E+01  1.30009194E+00  1.22733589E+00  1.30009194E+00
   290  4.35000000E+01  1.30009238E+00  1.23059824E+00  1.30009238E+00
   291  4.36500000E+01  1.30009279E+00  1.23378381E+00  1.30009279E+00
   292  4.38000000E+01  1.30009318E+00  1.23688705E+00  1.30009318E+00
   293  4.39500000E+01  1.30009355E+00  1.23990275E+00  1.30009355E+00
   294  4.41000000E+01  1.30009390E+00  1.24282625E+00  1.30009390E+00
   295  4.42500000E+01  1.30009424E+00  1.24565352E+00  1.30009424E+00
   296  4.44000000E+01  1.30009456E+00  1.24838131E+00  1.30009456E+00
   297  4.45500000E+01  1.30009486E+00  1.25100724E+00  1.30009486E+00
   298  4.47000000E+01  1.30009515E+00  1.25352976E+00  1.30009515E+00
   299  4.48500000E+01  1.30009542E+00  1.25594819E+00  1.30009542E+00
   300  4.50000000E+01  1.30009568E+00  1.25826262E+00  1.30009568E+00
   301  4.51500000E+01  1.30009593E+00  1.26047379E+00  1.30009593E+00
   302  4.53000000E+01  1.30009617E+00  1.26258298E+00  1.30009617E+00
   303  4.54500000E+01  1.30009640E+00  1.26459181E+00  1.30009640E+00
   304  4.56000000E+01  1.30009662E+00  1.26650218E+00  1.30009662E+00
   305  4.57500000E+01  1.30009683E+00  1.26831606E+00  1.30009683E+00
   306  4.59000000E+01  1.30009702E+00  1.27003545E+00  1.30009702E+00
   307  4.60500000E+01  1.30009722E+00  1.27166232E+00  1.30009722E+00
   308  4.62000000E+01  1.30009740E+00  1.27319857E+00  1.30009740E+00
   309  4.63500000E+01  1.30009757E+00  1.27464608E+00  1.30009757E+00
   310  4.65000000E+01  1.30009774E+00  1.27600673E+00  1.30009774E+00
   311  4.66500000E+01  1.30009790E+00  1.27728253E+00  1.30009790E+00
   312  4.68000000E+01  1.30009806E+00  1.27847567E+00  1.30009806E+00
   313  4.69500000E+01  1.30009821E+00  1.27958863E+00  1.30009821E+00
   314  4.71000000E+01  1.30009835E+00  1.28062422E+00  1.30009835E+00
   315  4.72500000E+01  1.30009849E+00  1.28158564E+00  1.30009849E+00
   316  4.74000000E+01  1.30009862E+00  1.28247649E+00  1.30009862E+00
   317  4.75500000E+01  1.30009875E+00  1.28330074E+00  1.30009875E+00
   318  4.77000000E+01  1.30009888E+00  1.28406266E+00  1.30009888E+00
   319  4.78500000E+01  1.30009900E+00  1.28476675E+00  1.30009900E+00
   320  4.80000000E+01  1.30009911E+00  1.28541764E+00  1.30009911E+00
   321  4.81500000E+01  1.30009922E+00  1.28601991E+00  1.30009922E+00
   322  4.83000000E+01  1.30009933E+00  1.28657807E+00  1.30009933E+00
   323  4.84500000E+01  1.30009944E+00  1.28709637E+00  1.30009944E+00
   324  4.86000000E+01  1.30009954E+00  1.28757877E+00  1.30009954E+00
   325  4.87500000E+01  1.30009964E+00  1.28802882E+00  1.30009964E+00
   326  4.89000000E+01  1.30009973E+00  1.28844969E+00  1.30009973E+00
   327  4.90500000E+01  1.30009983E+00  1.28884413E+00  1.30009983E+00
   328  4.92000000E+01  1.30009991E+00  1.28921445E+00  1.30009991E+00
   329  4.93500000E+01  1.30010000E+00  1.28956265E+00  1.30010000E+00
   330  4.95000000E+01  1.30010009E+00  1.28989038E+00  1.30010009E+00
   331  4.96500000E+01  1.30010017E+00  1.29019903E+00  1.30010017E+00
   332  4.98000000E+01  1.30010025E+00  1.29048983E+00  1.30010025E+00
   333  4.99500000E+01  1.30010032E+00  1.29076382E+00  1.30010032E+00
   334  5.01000000E+01  1.30010040E+00  1.29102198E+00  1.30010040E+00
   335  5.02500000E+01  1.30010047E+00  1.29126524E+00  1.30010047E+00
   336  5.04000000E+01  1.30010054E+00  1.29149446E+00  1.30010054E+00
   337  5.05500000E+01  1.30010061E+00  1.29171051E+00  1.30010061E+00
   338  5.07000000E+01  1.30010068E+00  1.29191426E+00  1.30010068E+00
   339  5.08500000E+01  1.30010075E+00  1.29210652E+00  1.30010075E+00
   340  5.10000000E+01  1.30010081E+00  1.29228812E+00  1.30010081E+00
   341  5.11500000E+01  1.30010087E+00  1.29245983E+00  1.30010087E+00
   342  5.13000000E+01  1.30010093E+00  1.29262238E+00  1.30010093E+00
   343  5.14500000E+01  1.30010099E+00  1.29277646E+00  1.30010099E+00
   344  5.16000000E+01  1.30010105E+00  1.29292268E+00  1.30010105E+00
   345  5.17500000E+01  1.30010110E+00  1.29306161E+00  1.30010110E+00
   346  5.19000000E+01  1.30010116E+00  1.29319376E+00  1.30010116E+00
   347  5.20500000E+01  1.30010121E+00  1.29331955E+00  1.30010121E+00
   348  5.22000000E+01  1.30010126E+00  1.29343939E+00  1.30010126E+00
   349  5.23500000E+01  1.30010131E+00  1.29355362E+00  1.30010131E+00
   350  5.25000000E+01  1.30010136E+00  1.29366255E+00  1.30010136E+00
   351  5.26500000E+01  1.30010141E+00  1.29376647E+00  1.30010141E+00
   352  5.28000000E+01  1.30010145E+00  1.29386562E+00  1.30010145E+00
   353  5.29500000E+01  1.30010150E+00  1.29396024E+00  1.30010150E+00
   354  5.31000000E+01  1.30010154E+00  1.29405056E+00  1.30010154E+00
   355  5.32500000E+01  1.30010159E+00  1.29413678E+00  1.30010159E+00
   356  5.34000000E+01  1.30010163E+00  1.29421909E+00  1.30010163E+00
   357  5.35500000E+01  1.30010167E+00  1.29429769E+00  1.30010167E+00
   358  5.37000000E+01  1.30010171E+00  1.29437276E+00  1.30010171E+00
   359  5.38500000E+01  1.30010175E+00  1.29444446E+00  1.30010175E+00
   360  5.40000000E+01  1.30010178E+00  1.29451296E+00  1.30010178E+00
   361  5.41500000E+01  1.30010182E+00  1.29457840E+00  1.30010182E+00
   362  5.43000000E+01  1.30010186E+00  1.29464093E+00  1.30010186E+00
   363  5.44500000E+01  1.30010189E+00  1.29470068E+00  1.30010189E+00
   364  5.46000000E+01  1.30010193E+00  1.29475778E+00  1.30010193E+00
   365  5.47500000E+01  1.30010196E+00  1.29481234E+00  1.30010196E+00
   366  5.49000000E+01  1.30010199E+00  1.29486448E+00  1.30010199E+00
   367  5.50500000E+01  1.30010202E+00  1.29491430E+00  1.30010202E+00
   368  5.52000000E+01  1.30010205E+00  1.29496190E+00  1.30010205E+00
   369  5.53500000E+01  1.30010208E+00  1.29500737E+00  1.30010208E+00
   370  5.55000000E+01  1.30010211E+00  1.29505081E+00  1.30010211E+00
   371  5.56500000E+01  1.30010214E+00  1.29509229E+00  1.30010214E+00
   372  5.58000000E+01  1.30010217E+00  1.29513191E+00  1.30010217E+00
   373  5.59500000E+01  1.30010219E+00  1.29516973E+00  1.30010219E+00
   374  5.61000000E+01  1.30010222E+00  1.29520583E+00  1.30010222E+00
   375  5.62500000E+01  1.30010224E+00  1.29524030E+00  1.30010224E+00
   376  5.64000000E+01  1.30010227E+00  1.29527318E+00  1.30010227E+00
   377  5.65500000E+01  1.30010229E+00  1.29530456E+00  1.30010229E+00
   378  5.67000000E+01  1.30010232E+00  1.29533448E+00  1.30010232E+00
   379  5.68500000E+01  1.30010234E+00  1.29536303E+00  1.30010234E+00
   380  5.70000000E+01  1.30010236E+00  1.29539024E+00  1.30010236E+00
   381  5.71500000E+01  1.30010238E+00  1.29541619E+00  1.30010238E+00
   382  5.73000000E+01  1.30010240E+00  1.29544091E+00  1.30010240E+00
   383  5.74500000E+01  1.30010242E+00  1.29546447E+00  1.30010242E+00
   384  5.76000000E+01  1.30010244E+00  1.29548691E+00  1.30010244E+00
   385  5.77500000E+01  1.30010246E+00  1.29550828E+00  1.30010246E+00
   386  5.79000000E+01  1.30010248E+00  1.29552863E+00  1.30010248E+00
   387  5.80500000E+01  1.30010250E+00  1.29554800E+00  1.30010250E+00
   388  5.82000000E+01  1.30010252E+00  1.29556643E+00  1.30010252E+00
   389  5.83500000E+01  1.30010253E+00  1.29558397E+00  1.30010253E+00
   390  5.85000000E+01  1.30010255E+00  1.29560064E+00  1.30010255E+00
   391  5.86500000E+01  1.30010257E+00  1.29561650E+00  1.30010257E+00
   392  5.88000000E+01  1.30010258E+00  1.29563157E+00  1.30010258E+00
   393  5.89500000E+01  1.30010260E+00  1.29564589E+00  1.30010260E+00
   394  5.91000000E+01  1.30010261E+00  1.29565950E+00  1.30010261E+00
   395  5.92500000E+01  1.30010263E+00  1.29567242E+00  1.30010263E+00
   396  5.94000000E+01  1.30010264E+00  1.29568469E+00  1.30010264E+00
   397  5.95500000E+01  1.30010266E+00  1.29569634E+00  1.30010266E+00
   398  5.97000000E+01  1.30010267E+00  1.29570739E+00  1.30010267E+00
   399  5.98500000E+01  1.30010268E+00  1.29571788E+00  1.30010268E+00
   400  6.00000000E+01  1.30010269E+00  1.29572783E+00  1.30010269E+00
   401  6.01500000E+01  1.30010271E+00  1.29573726E+00  1.30010271E+00
   402  6.03000000E+01  1.30010272E+00  1.29574620E+00  1.30010272E+00
   403  6.04500000E+01  1.30010273E+00  1.29575467E+00  1.30010273E+00
   404  6.06000000E+01  1.30010274E+00  1.29576269E+00  1.30010274E+00
   405  6.07500000E+01  1.30010275E+00  1.29577030E+00  1.30010275E+00
   406  6.09000000E+01  1.30010276E+00  1.29577749E+00  1.30010276E+00
   407  6.10500000E+01  1.30010277E+00  1.29578431E+00  1.30010277E+00
   408  6.12000000E+01  1.30010278E+00  1.29579076E+00  1.30010278E+00
   409  6.13500000E+01  1.30010279E+00  1.29579686E+00  1.30010279E+00
 steady-height stop at step    409: changes <=   1.0000E-05, max-end <=   1.0000E-02, max/end/gap/profile_change =   1.30010279E+00  1.29579686E+00  4.30593002E-03  6.10340045E-06


STDERR:
