COMMAND:
/shared/generate_rom_data/extrudate_swell2d_c_cluster

STDOUT:
 comppar: model =   6
 comppar: lambda,mobility/eps,betav,eta_0 =  6.4000E+00  3.6667E-01  1.0000E-01  1.0000E+00
 comppar: eta_s,eta_p,G =  1.0000E-01  9.0000E-01  1.4062E-01
 comppar: U_avg,deltat,flowrate,nsteps =  2.0000E-01  1.5000E-01  6.2832E-01     700
 comppar: geometry = axisymmetric
 comppar: steady stop change,gap,hold,min =  1.0000E-05  1.0000E-02      10      80
 comppar: ncompc,ncompg =     4     5
 mesh nnodes = 5765
 mesh nelem = 2780
 P1 BC   5.0000000000000000     
 P2 BC   0.0000000000000000     
     1  1.50000000E-01  1.00377990E+00  1.00000000E+00  1.00377990E+00
     2  3.00000000E-01  1.00744379E+00  1.00000000E+00  1.00744379E+00
     3  4.50000000E-01  1.01097612E+00  1.00000000E+00  1.01097612E+00
     4  6.00000000E-01  1.01440125E+00  1.00000000E+00  1.01440125E+00
     5  7.50000000E-01  1.01773145E+00  1.00000000E+00  1.01773145E+00
     6  9.00000000E-01  1.02098715E+00  1.00000000E+00  1.02098715E+00
     7  1.05000000E+00  1.02418616E+00  1.00000000E+00  1.02418616E+00
     8  1.20000000E+00  1.02734018E+00  1.00000001E+00  1.02734018E+00
     9  1.35000000E+00  1.03045747E+00  1.00000001E+00  1.03045747E+00
    10  1.50000000E+00  1.03357465E+00  1.00000001E+00  1.03357465E+00
    11  1.65000000E+00  1.03667526E+00  1.00000001E+00  1.03667526E+00
    12  1.80000000E+00  1.03978586E+00  1.00000001E+00  1.03978586E+00
    13  1.95000000E+00  1.04289856E+00  1.00000001E+00  1.04289856E+00
    14  2.10000000E+00  1.04603696E+00  1.00000001E+00  1.04603696E+00
    15  2.25000000E+00  1.04915636E+00  1.00000001E+00  1.04915636E+00
    16  2.40000000E+00  1.05234111E+00  1.00000001E+00  1.05234111E+00
    17  2.55000000E+00  1.05551484E+00  1.00000001E+00  1.05551484E+00
    18  2.70000000E+00  1.05866840E+00  1.00000001E+00  1.05866840E+00
    19  2.85000000E+00  1.06185043E+00  1.00000001E+00  1.06185043E+00
    20  3.00000000E+00  1.06502614E+00  1.00000001E+00  1.06502614E+00
    21  3.15000000E+00  1.06815749E+00  1.00000000E+00  1.06815749E+00
    22  3.30000000E+00  1.07122853E+00  1.00000000E+00  1.07122853E+00
    23  3.45000000E+00  1.07424787E+00  9.99999995E-01  1.07424787E+00
    24  3.60000000E+00  1.07725935E+00  9.99999990E-01  1.07725935E+00
    25  3.75000000E+00  1.08016024E+00  9.99999984E-01  1.08016024E+00
    26  3.90000000E+00  1.08292666E+00  9.99999977E-01  1.08292666E+00
    27  4.05000000E+00  1.08565590E+00  9.99999968E-01  1.08565590E+00
    28  4.20000000E+00  1.08826770E+00  9.99999958E-01  1.08826770E+00
    29  4.35000000E+00  1.09071545E+00  9.99999947E-01  1.09071545E+00
    30  4.50000000E+00  1.09310956E+00  9.99999933E-01  1.09310956E+00
    31  4.65000000E+00  1.09541008E+00  9.99999918E-01  1.09541008E+00
    32  4.80000000E+00  1.09757604E+00  9.99999901E-01  1.09757604E+00
    33  4.95000000E+00  1.09964595E+00  9.99999881E-01  1.09964595E+00
    34  5.10000000E+00  1.10166071E+00  9.99999858E-01  1.10166071E+00
    35  5.25000000E+00  1.10365016E+00  9.99999832E-01  1.10365016E+00
    36  5.40000000E+00  1.10560971E+00  9.99999803E-01  1.10560971E+00
    37  5.55000000E+00  1.10754897E+00  9.99999770E-01  1.10754897E+00
    38  5.70000000E+00  1.10944564E+00  9.99999732E-01  1.10944564E+00
    39  5.85000000E+00  1.11124837E+00  9.99999691E-01  1.11124837E+00
    40  6.00000000E+00  1.11289209E+00  9.99999644E-01  1.11289209E+00
    41  6.15000000E+00  1.11452820E+00  9.99999591E-01  1.11452820E+00
    42  6.30000000E+00  1.11605869E+00  9.99999532E-01  1.11605869E+00
    43  6.45000000E+00  1.11739139E+00  9.99999466E-01  1.11739139E+00
    44  6.60000000E+00  1.11881415E+00  9.99999393E-01  1.11881415E+00
    45  6.75000000E+00  1.11999552E+00  9.99999312E-01  1.11999552E+00
    46  6.90000000E+00  1.12103411E+00  9.99999222E-01  1.12103411E+00
    47  7.05000000E+00  1.12214967E+00  9.99999123E-01  1.12214967E+00
    48  7.20000000E+00  1.12302382E+00  9.99999013E-01  1.12302382E+00
    49  7.35000000E+00  1.12389503E+00  9.99998892E-01  1.12389503E+00
    50  7.50000000E+00  1.12470215E+00  9.99998758E-01  1.12470215E+00
    51  7.65000000E+00  1.12529606E+00  9.99998611E-01  1.12529606E+00
    52  7.80000000E+00  1.12597973E+00  9.99998450E-01  1.12597973E+00
    53  7.95000000E+00  1.12657667E+00  9.99998273E-01  1.12657667E+00
    54  8.10000000E+00  1.12700087E+00  9.99998080E-01  1.12700087E+00
    55  8.25000000E+00  1.12750130E+00  9.99997868E-01  1.12750130E+00
    56  8.40000000E+00  1.12791126E+00  9.99997636E-01  1.12791126E+00
    57  8.55000000E+00  1.12819545E+00  9.99997384E-01  1.12819545E+00
    58  8.70000000E+00  1.12851933E+00  9.99997109E-01  1.12851933E+00
    59  8.85000000E+00  1.12880977E+00  9.99996809E-01  1.12880977E+00
    60  9.00000000E+00  1.12901033E+00  9.99996484E-01  1.12901033E+00
    61  9.15000000E+00  1.12915405E+00  9.99996131E-01  1.12915405E+00
    62  9.30000000E+00  1.12932181E+00  9.99995748E-01  1.12932181E+00
    63  9.45000000E+00  1.12946933E+00  9.99995333E-01  1.12946933E+00
    64  9.60000000E+00  1.12958806E+00  9.99994883E-01  1.12958806E+00
    65  9.75000000E+00  1.12969315E+00  9.99994398E-01  1.12969315E+00
    66  9.90000000E+00  1.12979352E+00  9.99993873E-01  1.12979352E+00
    67  1.00500000E+01  1.12989443E+00  9.99993308E-01  1.12989443E+00
    68  1.02000000E+01  1.12999925E+00  9.99992698E-01  1.12999925E+00
    69  1.03500000E+01  1.13011024E+00  9.99992041E-01  1.13011024E+00
    70  1.05000000E+01  1.13022882E+00  9.99991335E-01  1.13022882E+00
    71  1.06500000E+01  1.13035550E+00  9.99990576E-01  1.13035550E+00
    72  1.08000000E+01  1.13048995E+00  9.99989762E-01  1.13048995E+00
    73  1.09500000E+01  1.13063126E+00  9.99988888E-01  1.13063126E+00
    74  1.11000000E+01  1.13077835E+00  9.99987951E-01  1.13077835E+00
    75  1.12500000E+01  1.13093026E+00  9.99986949E-01  1.13093026E+00
    76  1.14000000E+01  1.13108642E+00  9.99985877E-01  1.13108642E+00
    77  1.15500000E+01  1.13124662E+00  9.99984731E-01  1.13124662E+00
    78  1.17000000E+01  1.13141090E+00  9.99983508E-01  1.13141090E+00
    79  1.18500000E+01  1.13157934E+00  9.99982204E-01  1.13157934E+00
    80  1.20000000E+01  1.13175194E+00  9.99980814E-01  1.13175194E+00
    81  1.21500000E+01  1.13192845E+00  9.99979335E-01  1.13192845E+00
    82  1.23000000E+01  1.13210841E+00  9.99977763E-01  1.13210841E+00
    83  1.24500000E+01  1.13229120E+00  9.99976092E-01  1.13229120E+00
    84  1.26000000E+01  1.13247608E+00  9.99974319E-01  1.13247608E+00
    85  1.27500000E+01  1.13266229E+00  9.99972440E-01  1.13266229E+00
    86  1.29000000E+01  1.13284909E+00  9.99970450E-01  1.13284909E+00
    87  1.30500000E+01  1.13303578E+00  9.99968345E-01  1.13303578E+00
    88  1.32000000E+01  1.13322173E+00  9.99966120E-01  1.13322173E+00
    89  1.33500000E+01  1.13340634E+00  9.99963772E-01  1.13340634E+00
    90  1.35000000E+01  1.13358907E+00  9.99961297E-01  1.13358907E+00
    91  1.36500000E+01  1.13376940E+00  9.99958690E-01  1.13376940E+00
    92  1.38000000E+01  1.13394684E+00  9.99955949E-01  1.13394684E+00
    93  1.39500000E+01  1.13412096E+00  9.99953069E-01  1.13412096E+00
    94  1.41000000E+01  1.13429134E+00  9.99950048E-01  1.13429134E+00
    95  1.42500000E+01  1.13445763E+00  9.99946884E-01  1.13445763E+00
    96  1.44000000E+01  1.13461952E+00  9.99943573E-01  1.13461952E+00
    97  1.45500000E+01  1.13478380E+00  9.99940114E-01  1.13478380E+00
    98  1.47000000E+01  1.13494855E+00  9.99936507E-01  1.13494855E+00
    99  1.48500000E+01  1.13510846E+00  9.99932750E-01  1.13510846E+00
   100  1.50000000E+01  1.13526331E+00  9.99928845E-01  1.13526331E+00
   101  1.51500000E+01  1.13541295E+00  9.99924792E-01  1.13541295E+00
   102  1.53000000E+01  1.13555725E+00  9.99920594E-01  1.13555725E+00
   103  1.54500000E+01  1.13569612E+00  9.99916254E-01  1.13569612E+00
   104  1.56000000E+01  1.13582952E+00  9.99911778E-01  1.13582952E+00
   105  1.57500000E+01  1.13595744E+00  9.99907172E-01  1.13595744E+00
   106  1.59000000E+01  1.13607988E+00  9.99902443E-01  1.13607988E+00
   107  1.60500000E+01  1.13619689E+00  9.99897602E-01  1.13619689E+00
   108  1.62000000E+01  1.13630855E+00  9.99892661E-01  1.13630855E+00
   109  1.63500000E+01  1.13641494E+00  9.99887633E-01  1.13641494E+00
   110  1.65000000E+01  1.13651616E+00  9.99882537E-01  1.13651616E+00
   111  1.66500000E+01  1.13661235E+00  9.99877391E-01  1.13661235E+00
   112  1.68000000E+01  1.13670363E+00  9.99872218E-01  1.13670363E+00
   113  1.69500000E+01  1.13679017E+00  9.99867044E-01  1.13679017E+00
   114  1.71000000E+01  1.13687212E+00  9.99861899E-01  1.13687212E+00
   115  1.72500000E+01  1.13694964E+00  9.99856817E-01  1.13694964E+00
   116  1.74000000E+01  1.13702290E+00  9.99851836E-01  1.13702290E+00
   117  1.75500000E+01  1.13709260E+00  9.99847000E-01  1.13709260E+00
   118  1.77000000E+01  1.13716663E+00  9.99842357E-01  1.13716663E+00
   119  1.78500000E+01  1.13723653E+00  9.99837962E-01  1.13723653E+00
   120  1.80000000E+01  1.13730248E+00  9.99833876E-01  1.13730248E+00
   121  1.81500000E+01  1.13736465E+00  9.99830165E-01  1.13736465E+00
   122  1.83000000E+01  1.13742323E+00  9.99826906E-01  1.13742323E+00
   123  1.84500000E+01  1.13747839E+00  9.99824180E-01  1.13747839E+00
   124  1.86000000E+01  1.13753030E+00  9.99822079E-01  1.13753030E+00
   125  1.87500000E+01  1.13757913E+00  9.99820703E-01  1.13757913E+00
   126  1.89000000E+01  1.13762505E+00  9.99820165E-01  1.13762505E+00
   127  1.90500000E+01  1.13766822E+00  9.99820586E-01  1.13766822E+00
   128  1.92000000E+01  1.13770879E+00  9.99822099E-01  1.13770879E+00
   129  1.93500000E+01  1.13774690E+00  9.99824853E-01  1.13774690E+00
   130  1.95000000E+01  1.13778272E+00  9.99829007E-01  1.13778272E+00
   131  1.96500000E+01  1.13781636E+00  9.99834739E-01  1.13781636E+00
   132  1.98000000E+01  1.13784797E+00  9.99842239E-01  1.13784797E+00
   133  1.99500000E+01  1.13787766E+00  9.99851718E-01  1.13787766E+00
   134  2.01000000E+01  1.13790556E+00  9.99863404E-01  1.13790556E+00
   135  2.02500000E+01  1.13793178E+00  9.99877545E-01  1.13793178E+00
   136  2.04000000E+01  1.13795643E+00  9.99894410E-01  1.13795643E+00
   137  2.05500000E+01  1.13797960E+00  9.99914290E-01  1.13797960E+00
   138  2.07000000E+01  1.13800140E+00  9.99937501E-01  1.13800140E+00
   139  2.08500000E+01  1.13802190E+00  9.99964384E-01  1.13802190E+00
   140  2.10000000E+01  1.13804120E+00  9.99995309E-01  1.13804120E+00
   141  2.11500000E+01  1.13805938E+00  1.00003067E+00  1.13805938E+00
   142  2.13000000E+01  1.13807650E+00  1.00007090E+00  1.13807650E+00
   143  2.14500000E+01  1.13809264E+00  1.00011646E+00  1.13809264E+00
   144  2.16000000E+01  1.13810786E+00  1.00016784E+00  1.13810786E+00
   145  2.17500000E+01  1.13812222E+00  1.00022559E+00  1.13812222E+00
   146  2.19000000E+01  1.13813579E+00  1.00029026E+00  1.13813579E+00
   147  2.20500000E+01  1.13814860E+00  1.00036248E+00  1.13814860E+00
   148  2.22000000E+01  1.13816071E+00  1.00044291E+00  1.13816071E+00
   149  2.23500000E+01  1.13817217E+00  1.00053225E+00  1.13817217E+00
   150  2.25000000E+01  1.13818302E+00  1.00063126E+00  1.13818302E+00
   151  2.26500000E+01  1.13819330E+00  1.00074075E+00  1.13819330E+00
   152  2.28000000E+01  1.13820305E+00  1.00086157E+00  1.13820305E+00
   153  2.29500000E+01  1.13821229E+00  1.00099466E+00  1.13821229E+00
   154  2.31000000E+01  1.13822107E+00  1.00114099E+00  1.13822107E+00
   155  2.32500000E+01  1.13822940E+00  1.00130160E+00  1.13822940E+00
   156  2.34000000E+01  1.13823732E+00  1.00147760E+00  1.13823732E+00
   157  2.35500000E+01  1.13824486E+00  1.00167017E+00  1.13824486E+00
   158  2.37000000E+01  1.13825203E+00  1.00188056E+00  1.13825203E+00
   159  2.38500000E+01  1.13825887E+00  1.00211010E+00  1.13825887E+00
   160  2.40000000E+01  1.13826538E+00  1.00236017E+00  1.13826538E+00
   161  2.41500000E+01  1.13827159E+00  1.00263227E+00  1.13827159E+00
   162  2.43000000E+01  1.13827751E+00  1.00292794E+00  1.13827751E+00
   163  2.44500000E+01  1.13828317E+00  1.00324883E+00  1.13828317E+00
   164  2.46000000E+01  1.13828857E+00  1.00359666E+00  1.13828857E+00
   165  2.47500000E+01  1.13829373E+00  1.00397326E+00  1.13829373E+00
   166  2.49000000E+01  1.13829867E+00  1.00438052E+00  1.13829867E+00
   167  2.50500000E+01  1.13830340E+00  1.00482042E+00  1.13830340E+00
   168  2.52000000E+01  1.13830792E+00  1.00529504E+00  1.13830792E+00
   169  2.53500000E+01  1.13831226E+00  1.00580655E+00  1.13831226E+00
   170  2.55000000E+01  1.13831641E+00  1.00635717E+00  1.13831641E+00
   171  2.56500000E+01  1.13832038E+00  1.00694924E+00  1.13832038E+00
   172  2.58000000E+01  1.13832420E+00  1.00758515E+00  1.13832420E+00
   173  2.59500000E+01  1.13832786E+00  1.00826738E+00  1.13832786E+00
   174  2.61000000E+01  1.13833137E+00  1.00899843E+00  1.13833137E+00
   175  2.62500000E+01  1.13833474E+00  1.00978091E+00  1.13833474E+00
   176  2.64000000E+01  1.13833798E+00  1.01061743E+00  1.13833798E+00
   177  2.65500000E+01  1.13834109E+00  1.01151063E+00  1.13834109E+00
   178  2.67000000E+01  1.13834407E+00  1.01246318E+00  1.13834407E+00
   179  2.68500000E+01  1.13834694E+00  1.01347775E+00  1.13834694E+00
   180  2.70000000E+01  1.13834970E+00  1.01455696E+00  1.13834970E+00
   181  2.71500000E+01  1.13835236E+00  1.01570341E+00  1.13835236E+00
   182  2.73000000E+01  1.13835491E+00  1.01691964E+00  1.13835491E+00
   183  2.74500000E+01  1.13835736E+00  1.01820809E+00  1.13835736E+00
   184  2.76000000E+01  1.13835973E+00  1.01957107E+00  1.13835973E+00
   185  2.77500000E+01  1.13836200E+00  1.02101075E+00  1.13836200E+00
   186  2.79000000E+01  1.13836419E+00  1.02252912E+00  1.13836419E+00
   187  2.80500000E+01  1.13836629E+00  1.02412792E+00  1.13836629E+00
   188  2.82000000E+01  1.13836832E+00  1.02580862E+00  1.13836832E+00
   189  2.83500000E+01  1.13837027E+00  1.02757240E+00  1.13837027E+00
   190  2.85000000E+01  1.13837215E+00  1.02942002E+00  1.13837215E+00
   191  2.86500000E+01  1.13837397E+00  1.03135185E+00  1.13837397E+00
   192  2.88000000E+01  1.13837571E+00  1.03336777E+00  1.13837571E+00
   193  2.89500000E+01  1.13837739E+00  1.03546712E+00  1.13837739E+00
   194  2.91000000E+01  1.13837901E+00  1.03764864E+00  1.13837901E+00
   195  2.92500000E+01  1.13838057E+00  1.03991042E+00  1.13838057E+00
   196  2.94000000E+01  1.13838208E+00  1.04224986E+00  1.13838208E+00
   197  2.95500000E+01  1.13838353E+00  1.04466360E+00  1.13838353E+00
   198  2.97000000E+01  1.13838493E+00  1.04714749E+00  1.13838493E+00
   199  2.98500000E+01  1.13838628E+00  1.04969653E+00  1.13838628E+00
   200  3.00000000E+01  1.13838758E+00  1.05230489E+00  1.13838758E+00
   201  3.01500000E+01  1.13838883E+00  1.05496586E+00  1.13838883E+00
   202  3.03000000E+01  1.13839004E+00  1.05767186E+00  1.13839004E+00
   203  3.04500000E+01  1.13839120E+00  1.06041447E+00  1.13839120E+00
   204  3.06000000E+01  1.13839233E+00  1.06318448E+00  1.13839233E+00
   205  3.07500000E+01  1.13839341E+00  1.06597190E+00  1.13839341E+00
   206  3.09000000E+01  1.13839446E+00  1.06876614E+00  1.13839446E+00
   207  3.10500000E+01  1.13839547E+00  1.07155604E+00  1.13839547E+00
   208  3.12000000E+01  1.13839644E+00  1.07433012E+00  1.13839644E+00
   209  3.13500000E+01  1.13839738E+00  1.07707667E+00  1.13839738E+00
   210  3.15000000E+01  1.13839829E+00  1.07978402E+00  1.13839829E+00
   211  3.16500000E+01  1.13839916E+00  1.08244077E+00  1.13839916E+00
   212  3.18000000E+01  1.13840001E+00  1.08503601E+00  1.13840001E+00
   213  3.19500000E+01  1.13840082E+00  1.08755964E+00  1.13840082E+00
   214  3.21000000E+01  1.13840161E+00  1.09000257E+00  1.13840161E+00
   215  3.22500000E+01  1.13840237E+00  1.09235698E+00  1.13840237E+00
   216  3.24000000E+01  1.13840310E+00  1.09461650E+00  1.13840310E+00
   217  3.25500000E+01  1.13840381E+00  1.09677637E+00  1.13840381E+00
   218  3.27000000E+01  1.13840449E+00  1.09883341E+00  1.13840449E+00
   219  3.28500000E+01  1.13840515E+00  1.10078604E+00  1.13840515E+00
   220  3.30000000E+01  1.13840579E+00  1.10263405E+00  1.13840579E+00
   221  3.31500000E+01  1.13840640E+00  1.10437832E+00  1.13840640E+00
   222  3.33000000E+01  1.13840699E+00  1.10602048E+00  1.13840699E+00
   223  3.34500000E+01  1.13840757E+00  1.10756237E+00  1.13840757E+00
   224  3.36000000E+01  1.13840812E+00  1.10900562E+00  1.13840812E+00
   225  3.37500000E+01  1.13840865E+00  1.11035115E+00  1.13840865E+00
   226  3.39000000E+01  1.13840917E+00  1.11159887E+00  1.13840917E+00
   227  3.40500000E+01  1.13840967E+00  1.11274741E+00  1.13840967E+00
   228  3.42000000E+01  1.13841015E+00  1.11379420E+00  1.13841015E+00
   229  3.43500000E+01  1.13841062E+00  1.11473572E+00  1.13841062E+00
   230  3.45000000E+01  1.13841107E+00  1.11556804E+00  1.13841107E+00
   231  3.46500000E+01  1.13841150E+00  1.11628759E+00  1.13841150E+00
   232  3.48000000E+01  1.13841192E+00  1.11689202E+00  1.13841192E+00
   233  3.49500000E+01  1.13841232E+00  1.11738119E+00  1.13841232E+00
   234  3.51000000E+01  1.13841272E+00  1.11775801E+00  1.13841272E+00
   235  3.52500000E+01  1.13841310E+00  1.11802910E+00  1.13841310E+00
   236  3.54000000E+01  1.13841346E+00  1.11820509E+00  1.13841346E+00
   237  3.55500000E+01  1.13841381E+00  1.11830049E+00  1.13841381E+00
   238  3.57000000E+01  1.13841416E+00  1.11833316E+00  1.13841416E+00
   239  3.58500000E+01  1.13841449E+00  1.11832326E+00  1.13841449E+00
   240  3.60000000E+01  1.13841480E+00  1.11829197E+00  1.13841480E+00
   241  3.61500000E+01  1.13841511E+00  1.11825989E+00  1.13841511E+00
   242  3.63000000E+01  1.13841541E+00  1.11824556E+00  1.13841541E+00
   243  3.64500000E+01  1.13841570E+00  1.11826405E+00  1.13841570E+00
   244  3.66000000E+01  1.13841598E+00  1.11832594E+00  1.13841598E+00
   245  3.67500000E+01  1.13841625E+00  1.11843676E+00  1.13841625E+00
   246  3.69000000E+01  1.13841651E+00  1.11859696E+00  1.13841651E+00
   247  3.70500000E+01  1.13841676E+00  1.11880245E+00  1.13841676E+00
   248  3.72000000E+01  1.13841700E+00  1.11904548E+00  1.13841700E+00
   249  3.73500000E+01  1.13841724E+00  1.11931595E+00  1.13841724E+00
   250  3.75000000E+01  1.13841747E+00  1.11960278E+00  1.13841747E+00
   251  3.76500000E+01  1.13841769E+00  1.11989524E+00  1.13841769E+00
   252  3.78000000E+01  1.13841790E+00  1.12018406E+00  1.13841790E+00
   253  3.79500000E+01  1.13841810E+00  1.12046228E+00  1.13841810E+00
   254  3.81000000E+01  1.13841830E+00  1.12072559E+00  1.13841830E+00
   255  3.82500000E+01  1.13841850E+00  1.12097233E+00  1.13841850E+00
   256  3.84000000E+01  1.13841868E+00  1.12120320E+00  1.13841868E+00
   257  3.85500000E+01  1.13841886E+00  1.12142056E+00  1.13841886E+00
   258  3.87000000E+01  1.13841904E+00  1.12162782E+00  1.13841904E+00
   259  3.88500000E+01  1.13841920E+00  1.12182861E+00  1.13841920E+00
   260  3.90000000E+01  1.13841937E+00  1.12202620E+00  1.13841937E+00
   261  3.91500000E+01  1.13841953E+00  1.12222306E+00  1.13841953E+00
   262  3.93000000E+01  1.13841968E+00  1.12242057E+00  1.13841968E+00
   263  3.94500000E+01  1.13841983E+00  1.12261902E+00  1.13841983E+00
   264  3.96000000E+01  1.13841997E+00  1.12281775E+00  1.13841997E+00
   265  3.97500000E+01  1.13842011E+00  1.12301542E+00  1.13842011E+00
   266  3.99000000E+01  1.13842024E+00  1.12321032E+00  1.13842024E+00
   267  4.00500000E+01  1.13842037E+00  1.12340067E+00  1.13842037E+00
   268  4.02000000E+01  1.13842049E+00  1.12358491E+00  1.13842049E+00
   269  4.03500000E+01  1.13842062E+00  1.12376184E+00  1.13842062E+00
   270  4.05000000E+01  1.13842073E+00  1.12393076E+00  1.13842073E+00
   271  4.06500000E+01  1.13842085E+00  1.12409137E+00  1.13842085E+00
   272  4.08000000E+01  1.13842096E+00  1.12424379E+00  1.13842096E+00
   273  4.09500000E+01  1.13842106E+00  1.12438840E+00  1.13842106E+00
   274  4.11000000E+01  1.13842117E+00  1.12452573E+00  1.13842117E+00
   275  4.12500000E+01  1.13842126E+00  1.12465632E+00  1.13842126E+00
   276  4.14000000E+01  1.13842136E+00  1.12478068E+00  1.13842136E+00
   277  4.15500000E+01  1.13842145E+00  1.12489921E+00  1.13842145E+00
   278  4.17000000E+01  1.13842154E+00  1.12501220E+00  1.13842154E+00
   279  4.18500000E+01  1.13842163E+00  1.12511982E+00  1.13842163E+00
   280  4.20000000E+01  1.13842172E+00  1.12522217E+00  1.13842172E+00
   281  4.21500000E+01  1.13842180E+00  1.12531932E+00  1.13842180E+00
   282  4.23000000E+01  1.13842188E+00  1.12541131E+00  1.13842188E+00
   283  4.24500000E+01  1.13842196E+00  1.12549823E+00  1.13842196E+00
   284  4.26000000E+01  1.13842203E+00  1.12558019E+00  1.13842203E+00
   285  4.27500000E+01  1.13842210E+00  1.12565736E+00  1.13842210E+00
   286  4.29000000E+01  1.13842217E+00  1.12572995E+00  1.13842217E+00
   287  4.30500000E+01  1.13842224E+00  1.12579818E+00  1.13842224E+00
   288  4.32000000E+01  1.13842230E+00  1.12586229E+00  1.13842230E+00
   289  4.33500000E+01  1.13842237E+00  1.12592255E+00  1.13842237E+00
   290  4.35000000E+01  1.13842243E+00  1.12597918E+00  1.13842243E+00
   291  4.36500000E+01  1.13842249E+00  1.12603242E+00  1.13842249E+00
   292  4.38000000E+01  1.13842255E+00  1.12608247E+00  1.13842255E+00
   293  4.39500000E+01  1.13842260E+00  1.12612951E+00  1.13842260E+00
   294  4.41000000E+01  1.13842266E+00  1.12617372E+00  1.13842266E+00
   295  4.42500000E+01  1.13842271E+00  1.12621527E+00  1.13842271E+00
   296  4.44000000E+01  1.13842276E+00  1.12625430E+00  1.13842276E+00
   297  4.45500000E+01  1.13842281E+00  1.12629095E+00  1.13842281E+00
   298  4.47000000E+01  1.13842286E+00  1.12632537E+00  1.13842286E+00
   299  4.48500000E+01  1.13842290E+00  1.12635769E+00  1.13842290E+00
   300  4.50000000E+01  1.13842295E+00  1.12638805E+00  1.13842295E+00
   301  4.51500000E+01  1.13842299E+00  1.12641656E+00  1.13842299E+00
   302  4.53000000E+01  1.13842303E+00  1.12644336E+00  1.13842303E+00
   303  4.54500000E+01  1.13842307E+00  1.12646856E+00  1.13842307E+00
   304  4.56000000E+01  1.13842311E+00  1.12649226E+00  1.13842311E+00
   305  4.57500000E+01  1.13842315E+00  1.12651456E+00  1.13842315E+00
   306  4.59000000E+01  1.13842319E+00  1.12653556E+00  1.13842319E+00
   307  4.60500000E+01  1.13842322E+00  1.12655535E+00  1.13842322E+00
   308  4.62000000E+01  1.13842326E+00  1.12657400E+00  1.13842326E+00
   309  4.63500000E+01  1.13842329E+00  1.12659159E+00  1.13842329E+00
   310  4.65000000E+01  1.13842333E+00  1.12660820E+00  1.13842333E+00
   311  4.66500000E+01  1.13842336E+00  1.12662387E+00  1.13842336E+00
   312  4.68000000E+01  1.13842339E+00  1.12663869E+00  1.13842339E+00
   313  4.69500000E+01  1.13842342E+00  1.12665270E+00  1.13842342E+00
   314  4.71000000E+01  1.13842345E+00  1.12666595E+00  1.13842345E+00
   315  4.72500000E+01  1.13842347E+00  1.12667850E+00  1.13842347E+00
   316  4.74000000E+01  1.13842350E+00  1.12669039E+00  1.13842350E+00
   317  4.75500000E+01  1.13842353E+00  1.12670167E+00  1.13842353E+00
   318  4.77000000E+01  1.13842355E+00  1.12671237E+00  1.13842355E+00
   319  4.78500000E+01  1.13842358E+00  1.12672253E+00  1.13842358E+00
   320  4.80000000E+01  1.13842360E+00  1.12673218E+00  1.13842360E+00
   321  4.81500000E+01  1.13842362E+00  1.12674136E+00  1.13842362E+00
   322  4.83000000E+01  1.13842365E+00  1.12675009E+00  1.13842365E+00
   323  4.84500000E+01  1.13842367E+00  1.12675841E+00  1.13842367E+00
   324  4.86000000E+01  1.13842369E+00  1.12676633E+00  1.13842369E+00
   325  4.87500000E+01  1.13842371E+00  1.12677388E+00  1.13842371E+00
   326  4.89000000E+01  1.13842373E+00  1.12678109E+00  1.13842373E+00
   327  4.90500000E+01  1.13842375E+00  1.12678796E+00  1.13842375E+00
   328  4.92000000E+01  1.13842377E+00  1.12679453E+00  1.13842377E+00
   329  4.93500000E+01  1.13842379E+00  1.12680081E+00  1.13842379E+00
   330  4.95000000E+01  1.13842380E+00  1.12680681E+00  1.13842380E+00
   331  4.96500000E+01  1.13842382E+00  1.12681255E+00  1.13842382E+00
   332  4.98000000E+01  1.13842384E+00  1.12681804E+00  1.13842384E+00
   333  4.99500000E+01  1.13842385E+00  1.12682330E+00  1.13842385E+00
   334  5.01000000E+01  1.13842387E+00  1.12682834E+00  1.13842387E+00
   335  5.02500000E+01  1.13842388E+00  1.12683317E+00  1.13842388E+00
   336  5.04000000E+01  1.13842390E+00  1.12683779E+00  1.13842390E+00
   337  5.05500000E+01  1.13842391E+00  1.12684223E+00  1.13842391E+00
   338  5.07000000E+01  1.13842393E+00  1.12684649E+00  1.13842393E+00
   339  5.08500000E+01  1.13842394E+00  1.12685058E+00  1.13842394E+00
   340  5.10000000E+01  1.13842395E+00  1.12685451E+00  1.13842395E+00
   341  5.11500000E+01  1.13842397E+00  1.12685828E+00  1.13842397E+00
   342  5.13000000E+01  1.13842398E+00  1.12686190E+00  1.13842398E+00
   343  5.14500000E+01  1.13842399E+00  1.12686538E+00  1.13842399E+00
   344  5.16000000E+01  1.13842400E+00  1.12686872E+00  1.13842400E+00
   345  5.17500000E+01  1.13842401E+00  1.12687193E+00  1.13842401E+00
   346  5.19000000E+01  1.13842402E+00  1.12687503E+00  1.13842402E+00
   347  5.20500000E+01  1.13842403E+00  1.12687800E+00  1.13842403E+00
   348  5.22000000E+01  1.13842404E+00  1.12688086E+00  1.13842404E+00
   349  5.23500000E+01  1.13842405E+00  1.12688361E+00  1.13842405E+00
   350  5.25000000E+01  1.13842406E+00  1.12688626E+00  1.13842406E+00
   351  5.26500000E+01  1.13842407E+00  1.12688881E+00  1.13842407E+00
   352  5.28000000E+01  1.13842408E+00  1.12689126E+00  1.13842408E+00
   353  5.29500000E+01  1.13842409E+00  1.12689362E+00  1.13842409E+00
   354  5.31000000E+01  1.13842410E+00  1.12689590E+00  1.13842410E+00
   355  5.32500000E+01  1.13842411E+00  1.12689809E+00  1.13842411E+00
   356  5.34000000E+01  1.13842412E+00  1.12690020E+00  1.13842412E+00
   357  5.35500000E+01  1.13842412E+00  1.12690223E+00  1.13842412E+00
   358  5.37000000E+01  1.13842413E+00  1.12690419E+00  1.13842413E+00
   359  5.38500000E+01  1.13842414E+00  1.12690608E+00  1.13842414E+00
   360  5.40000000E+01  1.13842414E+00  1.12690789E+00  1.13842414E+00
   361  5.41500000E+01  1.13842415E+00  1.12690965E+00  1.13842415E+00
   362  5.43000000E+01  1.13842416E+00  1.12691133E+00  1.13842416E+00
   363  5.44500000E+01  1.13842416E+00  1.12691296E+00  1.13842416E+00
   364  5.46000000E+01  1.13842417E+00  1.12691453E+00  1.13842417E+00
   365  5.47500000E+01  1.13842418E+00  1.12691604E+00  1.13842418E+00
   366  5.49000000E+01  1.13842418E+00  1.12691750E+00  1.13842418E+00
   367  5.50500000E+01  1.13842419E+00  1.12691891E+00  1.13842419E+00
   368  5.52000000E+01  1.13842419E+00  1.12692026E+00  1.13842419E+00
   369  5.53500000E+01  1.13842420E+00  1.12692157E+00  1.13842420E+00
   370  5.55000000E+01  1.13842421E+00  1.12692283E+00  1.13842421E+00
   371  5.56500000E+01  1.13842421E+00  1.12692404E+00  1.13842421E+00
   372  5.58000000E+01  1.13842422E+00  1.12692522E+00  1.13842422E+00
   373  5.59500000E+01  1.13842422E+00  1.12692635E+00  1.13842422E+00
   374  5.61000000E+01  1.13842422E+00  1.12692744E+00  1.13842422E+00
   375  5.62500000E+01  1.13842423E+00  1.12692849E+00  1.13842423E+00
   376  5.64000000E+01  1.13842423E+00  1.12692950E+00  1.13842423E+00
   377  5.65500000E+01  1.13842424E+00  1.12693048E+00  1.13842424E+00
   378  5.67000000E+01  1.13842424E+00  1.12693143E+00  1.13842424E+00
   379  5.68500000E+01  1.13842425E+00  1.12693234E+00  1.13842425E+00
   380  5.70000000E+01  1.13842425E+00  1.12693322E+00  1.13842425E+00
   381  5.71500000E+01  1.13842425E+00  1.12693407E+00  1.13842425E+00
   382  5.73000000E+01  1.13842426E+00  1.12693489E+00  1.13842426E+00
   383  5.74500000E+01  1.13842426E+00  1.12693568E+00  1.13842426E+00
   384  5.76000000E+01  1.13842426E+00  1.12693644E+00  1.13842426E+00
   385  5.77500000E+01  1.13842427E+00  1.12693718E+00  1.13842427E+00
   386  5.79000000E+01  1.13842427E+00  1.12693789E+00  1.13842427E+00
   387  5.80500000E+01  1.13842427E+00  1.12693858E+00  1.13842427E+00
   388  5.82000000E+01  1.13842428E+00  1.12693924E+00  1.13842428E+00
   389  5.83500000E+01  1.13842428E+00  1.12693988E+00  1.13842428E+00
   390  5.85000000E+01  1.13842428E+00  1.12694050E+00  1.13842428E+00
   391  5.86500000E+01  1.13842429E+00  1.12694110E+00  1.13842429E+00
   392  5.88000000E+01  1.13842429E+00  1.12694167E+00  1.13842429E+00
   393  5.89500000E+01  1.13842429E+00  1.12694223E+00  1.13842429E+00
   394  5.91000000E+01  1.13842429E+00  1.12694277E+00  1.13842429E+00
   395  5.92500000E+01  1.13842430E+00  1.12694329E+00  1.13842430E+00
   396  5.94000000E+01  1.13842430E+00  1.12694379E+00  1.13842430E+00
   397  5.95500000E+01  1.13842430E+00  1.12694427E+00  1.13842430E+00
   398  5.97000000E+01  1.13842430E+00  1.12694474E+00  1.13842430E+00
   399  5.98500000E+01  1.13842431E+00  1.12694519E+00  1.13842431E+00
   400  6.00000000E+01  1.13842431E+00  1.12694563E+00  1.13842431E+00
   401  6.01500000E+01  1.13842431E+00  1.12694605E+00  1.13842431E+00
   402  6.03000000E+01  1.13842431E+00  1.12694646E+00  1.13842431E+00
   403  6.04500000E+01  1.13842431E+00  1.12694685E+00  1.13842431E+00
   404  6.06000000E+01  1.13842432E+00  1.12694724E+00  1.13842432E+00
   405  6.07500000E+01  1.13842432E+00  1.12694760E+00  1.13842432E+00
   406  6.09000000E+01  1.13842432E+00  1.12694796E+00  1.13842432E+00
   407  6.10500000E+01  1.13842432E+00  1.12694830E+00  1.13842432E+00
   408  6.12000000E+01  1.13842432E+00  1.12694863E+00  1.13842432E+00
   409  6.13500000E+01  1.13842433E+00  1.12694896E+00  1.13842433E+00
   410  6.15000000E+01  1.13842433E+00  1.12694927E+00  1.13842433E+00
   411  6.16500000E+01  1.13842433E+00  1.12694957E+00  1.13842433E+00
   412  6.18000000E+01  1.13842433E+00  1.12694986E+00  1.13842433E+00
   413  6.19500000E+01  1.13842433E+00  1.12695014E+00  1.13842433E+00
   414  6.21000000E+01  1.13842433E+00  1.12695041E+00  1.13842433E+00
   415  6.22500000E+01  1.13842433E+00  1.12695067E+00  1.13842433E+00
   416  6.24000000E+01  1.13842434E+00  1.12695092E+00  1.13842434E+00
   417  6.25500000E+01  1.13842434E+00  1.12695117E+00  1.13842434E+00
   418  6.27000000E+01  1.13842434E+00  1.12695140E+00  1.13842434E+00
   419  6.28500000E+01  1.13842434E+00  1.12695163E+00  1.13842434E+00
   420  6.30000000E+01  1.13842434E+00  1.12695186E+00  1.13842434E+00
   421  6.31500000E+01  1.13842434E+00  1.12695207E+00  1.13842434E+00
   422  6.33000000E+01  1.13842434E+00  1.12695228E+00  1.13842434E+00
   423  6.34500000E+01  1.13842434E+00  1.12695248E+00  1.13842434E+00
   424  6.36000000E+01  1.13842435E+00  1.12695267E+00  1.13842435E+00
   425  6.37500000E+01  1.13842435E+00  1.12695286E+00  1.13842435E+00
   426  6.39000000E+01  1.13842435E+00  1.12695304E+00  1.13842435E+00
   427  6.40500000E+01  1.13842435E+00  1.12695321E+00  1.13842435E+00
   428  6.42000000E+01  1.13842435E+00  1.12695338E+00  1.13842435E+00
   429  6.43500000E+01  1.13842435E+00  1.12695355E+00  1.13842435E+00
   430  6.45000000E+01  1.13842435E+00  1.12695371E+00  1.13842435E+00
   431  6.46500000E+01  1.13842435E+00  1.12695386E+00  1.13842435E+00
   432  6.48000000E+01  1.13842435E+00  1.12695401E+00  1.13842435E+00
   433  6.49500000E+01  1.13842435E+00  1.12695415E+00  1.13842435E+00
   434  6.51000000E+01  1.13842435E+00  1.12695429E+00  1.13842435E+00
   435  6.52500000E+01  1.13842436E+00  1.12695443E+00  1.13842436E+00
   436  6.54000000E+01  1.13842436E+00  1.12695456E+00  1.13842436E+00
   437  6.55500000E+01  1.13842436E+00  1.12695468E+00  1.13842436E+00
   438  6.57000000E+01  1.13842436E+00  1.12695481E+00  1.13842436E+00
   439  6.58500000E+01  1.13842436E+00  1.12695492E+00  1.13842436E+00
   440  6.60000000E+01  1.13842436E+00  1.12695504E+00  1.13842436E+00
   441  6.61500000E+01  1.13842436E+00  1.12695515E+00  1.13842436E+00
   442  6.63000000E+01  1.13842436E+00  1.12695526E+00  1.13842436E+00
   443  6.64500000E+01  1.13842436E+00  1.12695536E+00  1.13842436E+00
   444  6.66000000E+01  1.13842436E+00  1.12695546E+00  1.13842436E+00
   445  6.67500000E+01  1.13842436E+00  1.12695556E+00  1.13842436E+00
   446  6.69000000E+01  1.13842436E+00  1.12695565E+00  1.13842436E+00
   447  6.70500000E+01  1.13842436E+00  1.12695574E+00  1.13842436E+00
   448  6.72000000E+01  1.13842436E+00  1.12695583E+00  1.13842436E+00
   449  6.73500000E+01  1.13842436E+00  1.12695592E+00  1.13842436E+00
   450  6.75000000E+01  1.13842436E+00  1.12695600E+00  1.13842436E+00
   451  6.76500000E+01  1.13842437E+00  1.12695608E+00  1.13842437E+00
   452  6.78000000E+01  1.13842437E+00  1.12695616E+00  1.13842437E+00
   453  6.79500000E+01  1.13842437E+00  1.12695623E+00  1.13842437E+00
   454  6.81000000E+01  1.13842437E+00  1.12695631E+00  1.13842437E+00
   455  6.82500000E+01  1.13842437E+00  1.12695638E+00  1.13842437E+00
   456  6.84000000E+01  1.13842437E+00  1.12695644E+00  1.13842437E+00
   457  6.85500000E+01  1.13842437E+00  1.12695651E+00  1.13842437E+00
   458  6.87000000E+01  1.13842437E+00  1.12695657E+00  1.13842437E+00
   459  6.88500000E+01  1.13842437E+00  1.12695664E+00  1.13842437E+00
   460  6.90000000E+01  1.13842437E+00  1.12695670E+00  1.13842437E+00
   461  6.91500000E+01  1.13842437E+00  1.12695675E+00  1.13842437E+00
   462  6.93000000E+01  1.13842437E+00  1.12695681E+00  1.13842437E+00
   463  6.94500000E+01  1.13842437E+00  1.12695687E+00  1.13842437E+00
   464  6.96000000E+01  1.13842437E+00  1.12695692E+00  1.13842437E+00
   465  6.97500000E+01  1.13842437E+00  1.12695697E+00  1.13842437E+00
   466  6.99000000E+01  1.13842437E+00  1.12695702E+00  1.13842437E+00
   467  7.00500000E+01  1.13842437E+00  1.12695707E+00  1.13842437E+00
   468  7.02000000E+01  1.13842437E+00  1.12695711E+00  1.13842437E+00
   469  7.03500000E+01  1.13842437E+00  1.12695716E+00  1.13842437E+00
   470  7.05000000E+01  1.13842437E+00  1.12695720E+00  1.13842437E+00
   471  7.06500000E+01  1.13842437E+00  1.12695724E+00  1.13842437E+00
   472  7.08000000E+01  1.13842437E+00  1.12695729E+00  1.13842437E+00
   473  7.09500000E+01  1.13842437E+00  1.12695733E+00  1.13842437E+00
   474  7.11000000E+01  1.13842437E+00  1.12695736E+00  1.13842437E+00
   475  7.12500000E+01  1.13842437E+00  1.12695740E+00  1.13842437E+00
   476  7.14000000E+01  1.13842437E+00  1.12695744E+00  1.13842437E+00
   477  7.15500000E+01  1.13842437E+00  1.12695747E+00  1.13842437E+00
   478  7.17000000E+01  1.13842437E+00  1.12695751E+00  1.13842437E+00
   479  7.18500000E+01  1.13842438E+00  1.12695754E+00  1.13842438E+00
   480  7.20000000E+01  1.13842438E+00  1.12695757E+00  1.13842438E+00
   481  7.21500000E+01  1.13842438E+00  1.12695760E+00  1.13842438E+00
   482  7.23000000E+01  1.13842438E+00  1.12695763E+00  1.13842438E+00
   483  7.24500000E+01  1.13842438E+00  1.12695766E+00  1.13842438E+00
   484  7.26000000E+01  1.13842438E+00  1.12695769E+00  1.13842438E+00
   485  7.27500000E+01  1.13842438E+00  1.12695772E+00  1.13842438E+00
   486  7.29000000E+01  1.13842438E+00  1.12695774E+00  1.13842438E+00
   487  7.30500000E+01  1.13842438E+00  1.12695777E+00  1.13842438E+00
   488  7.32000000E+01  1.13842438E+00  1.12695780E+00  1.13842438E+00
   489  7.33500000E+01  1.13842438E+00  1.12695782E+00  1.13842438E+00
   490  7.35000000E+01  1.13842438E+00  1.12695784E+00  1.13842438E+00
   491  7.36500000E+01  1.13842438E+00  1.12695787E+00  1.13842438E+00
   492  7.38000000E+01  1.13842438E+00  1.12695789E+00  1.13842438E+00
   493  7.39500000E+01  1.13842438E+00  1.12695791E+00  1.13842438E+00
   494  7.41000000E+01  1.13842438E+00  1.12695793E+00  1.13842438E+00
   495  7.42500000E+01  1.13842438E+00  1.12695795E+00  1.13842438E+00
   496  7.44000000E+01  1.13842438E+00  1.12695797E+00  1.13842438E+00
   497  7.45500000E+01  1.13842438E+00  1.12695799E+00  1.13842438E+00
   498  7.47000000E+01  1.13842438E+00  1.12695801E+00  1.13842438E+00
   499  7.48500000E+01  1.13842438E+00  1.12695802E+00  1.13842438E+00
   500  7.50000000E+01  1.13842438E+00  1.12695804E+00  1.13842438E+00
   501  7.51500000E+01  1.13842438E+00  1.12695806E+00  1.13842438E+00
   502  7.53000000E+01  1.13842438E+00  1.12695807E+00  1.13842438E+00
   503  7.54500000E+01  1.13842438E+00  1.12695809E+00  1.13842438E+00
   504  7.56000000E+01  1.13842438E+00  1.12695811E+00  1.13842438E+00
   505  7.57500000E+01  1.13842438E+00  1.12695812E+00  1.13842438E+00
   506  7.59000000E+01  1.13842438E+00  1.12695813E+00  1.13842438E+00
   507  7.60500000E+01  1.13842438E+00  1.12695815E+00  1.13842438E+00
   508  7.62000000E+01  1.13842438E+00  1.12695816E+00  1.13842438E+00
   509  7.63500000E+01  1.13842438E+00  1.12695817E+00  1.13842438E+00
   510  7.65000000E+01  1.13842438E+00  1.12695819E+00  1.13842438E+00
   511  7.66500000E+01  1.13842438E+00  1.12695820E+00  1.13842438E+00
   512  7.68000000E+01  1.13842438E+00  1.12695821E+00  1.13842438E+00
   513  7.69500000E+01  1.13842438E+00  1.12695822E+00  1.13842438E+00
   514  7.71000000E+01  1.13842438E+00  1.12695823E+00  1.13842438E+00
   515  7.72500000E+01  1.13842438E+00  1.12695825E+00  1.13842438E+00
   516  7.74000000E+01  1.13842438E+00  1.12695826E+00  1.13842438E+00
   517  7.75500000E+01  1.13842438E+00  1.12695827E+00  1.13842438E+00
   518  7.77000000E+01  1.13842438E+00  1.12695828E+00  1.13842438E+00
   519  7.78500000E+01  1.13842438E+00  1.12695829E+00  1.13842438E+00
   520  7.80000000E+01  1.13842438E+00  1.12695830E+00  1.13842438E+00
   521  7.81500000E+01  1.13842438E+00  1.12695830E+00  1.13842438E+00
   522  7.83000000E+01  1.13842438E+00  1.12695831E+00  1.13842438E+00
   523  7.84500000E+01  1.13842438E+00  1.12695832E+00  1.13842438E+00
   524  7.86000000E+01  1.13842438E+00  1.12695833E+00  1.13842438E+00
   525  7.87500000E+01  1.13842438E+00  1.12695834E+00  1.13842438E+00
   526  7.89000000E+01  1.13842438E+00  1.12695835E+00  1.13842438E+00
   527  7.90500000E+01  1.13842438E+00  1.12695835E+00  1.13842438E+00
   528  7.92000000E+01  1.13842438E+00  1.12695836E+00  1.13842438E+00
   529  7.93500000E+01  1.13842438E+00  1.12695837E+00  1.13842438E+00
   530  7.95000000E+01  1.13842438E+00  1.12695838E+00  1.13842438E+00
   531  7.96500000E+01  1.13842438E+00  1.12695838E+00  1.13842438E+00
   532  7.98000000E+01  1.13842438E+00  1.12695839E+00  1.13842438E+00
   533  7.99500000E+01  1.13842438E+00  1.12695840E+00  1.13842438E+00
   534  8.01000000E+01  1.13842438E+00  1.12695840E+00  1.13842438E+00
   535  8.02500000E+01  1.13842438E+00  1.12695841E+00  1.13842438E+00
   536  8.04000000E+01  1.13842438E+00  1.12695841E+00  1.13842438E+00
   537  8.05500000E+01  1.13842438E+00  1.12695842E+00  1.13842438E+00
   538  8.07000000E+01  1.13842438E+00  1.12695842E+00  1.13842438E+00
   539  8.08500000E+01  1.13842438E+00  1.12695843E+00  1.13842438E+00
   540  8.10000000E+01  1.13842438E+00  1.12695843E+00  1.13842438E+00
   541  8.11500000E+01  1.13842438E+00  1.12695844E+00  1.13842438E+00
   542  8.13000000E+01  1.13842438E+00  1.12695844E+00  1.13842438E+00
   543  8.14500000E+01  1.13842438E+00  1.12695845E+00  1.13842438E+00
   544  8.16000000E+01  1.13842438E+00  1.12695845E+00  1.13842438E+00
   545  8.17500000E+01  1.13842438E+00  1.12695846E+00  1.13842438E+00
   546  8.19000000E+01  1.13842438E+00  1.12695846E+00  1.13842438E+00
   547  8.20500000E+01  1.13842438E+00  1.12695847E+00  1.13842438E+00
   548  8.22000000E+01  1.13842438E+00  1.12695847E+00  1.13842438E+00
   549  8.23500000E+01  1.13842438E+00  1.12695847E+00  1.13842438E+00
   550  8.25000000E+01  1.13842438E+00  1.12695848E+00  1.13842438E+00
   551  8.26500000E+01  1.13842438E+00  1.12695848E+00  1.13842438E+00
   552  8.28000000E+01  1.13842438E+00  1.12695849E+00  1.13842438E+00
   553  8.29500000E+01  1.13842438E+00  1.12695849E+00  1.13842438E+00
   554  8.31000000E+01  1.13842438E+00  1.12695849E+00  1.13842438E+00
   555  8.32500000E+01  1.13842438E+00  1.12695850E+00  1.13842438E+00
   556  8.34000000E+01  1.13842438E+00  1.12695850E+00  1.13842438E+00
   557  8.35500000E+01  1.13842438E+00  1.12695850E+00  1.13842438E+00
   558  8.37000000E+01  1.13842438E+00  1.12695851E+00  1.13842438E+00
   559  8.38500000E+01  1.13842438E+00  1.12695851E+00  1.13842438E+00
   560  8.40000000E+01  1.13842438E+00  1.12695851E+00  1.13842438E+00
   561  8.41500000E+01  1.13842438E+00  1.12695851E+00  1.13842438E+00
   562  8.43000000E+01  1.13842438E+00  1.12695852E+00  1.13842438E+00
   563  8.44500000E+01  1.13842438E+00  1.12695852E+00  1.13842438E+00
   564  8.46000000E+01  1.13842438E+00  1.12695852E+00  1.13842438E+00
   565  8.47500000E+01  1.13842438E+00  1.12695852E+00  1.13842438E+00
   566  8.49000000E+01  1.13842438E+00  1.12695853E+00  1.13842438E+00
   567  8.50500000E+01  1.13842438E+00  1.12695853E+00  1.13842438E+00
   568  8.52000000E+01  1.13842438E+00  1.12695853E+00  1.13842438E+00
   569  8.53500000E+01  1.13842438E+00  1.12695853E+00  1.13842438E+00
   570  8.55000000E+01  1.13842438E+00  1.12695854E+00  1.13842438E+00
   571  8.56500000E+01  1.13842438E+00  1.12695854E+00  1.13842438E+00
   572  8.58000000E+01  1.13842438E+00  1.12695854E+00  1.13842438E+00
   573  8.59500000E+01  1.13842438E+00  1.12695854E+00  1.13842438E+00
   574  8.61000000E+01  1.13842438E+00  1.12695854E+00  1.13842438E+00
   575  8.62500000E+01  1.13842438E+00  1.12695855E+00  1.13842438E+00
   576  8.64000000E+01  1.13842438E+00  1.12695855E+00  1.13842438E+00
   577  8.65500000E+01  1.13842438E+00  1.12695855E+00  1.13842438E+00
   578  8.67000000E+01  1.13842438E+00  1.12695855E+00  1.13842438E+00
   579  8.68500000E+01  1.13842438E+00  1.12695855E+00  1.13842438E+00
   580  8.70000000E+01  1.13842438E+00  1.12695855E+00  1.13842438E+00
   581  8.71500000E+01  1.13842438E+00  1.12695856E+00  1.13842438E+00
   582  8.73000000E+01  1.13842438E+00  1.12695856E+00  1.13842438E+00
   583  8.74500000E+01  1.13842438E+00  1.12695856E+00  1.13842438E+00
   584  8.76000000E+01  1.13842438E+00  1.12695856E+00  1.13842438E+00
   585  8.77500000E+01  1.13842438E+00  1.12695856E+00  1.13842438E+00
   586  8.79000000E+01  1.13842438E+00  1.12695856E+00  1.13842438E+00
   587  8.80500000E+01  1.13842438E+00  1.12695856E+00  1.13842438E+00
   588  8.82000000E+01  1.13842438E+00  1.12695857E+00  1.13842438E+00
   589  8.83500000E+01  1.13842438E+00  1.12695857E+00  1.13842438E+00
   590  8.85000000E+01  1.13842438E+00  1.12695857E+00  1.13842438E+00
   591  8.86500000E+01  1.13842438E+00  1.12695857E+00  1.13842438E+00
   592  8.88000000E+01  1.13842438E+00  1.12695857E+00  1.13842438E+00
   593  8.89500000E+01  1.13842438E+00  1.12695857E+00  1.13842438E+00
   594  8.91000000E+01  1.13842438E+00  1.12695857E+00  1.13842438E+00
   595  8.92500000E+01  1.13842438E+00  1.12695857E+00  1.13842438E+00
   596  8.94000000E+01  1.13842438E+00  1.12695857E+00  1.13842438E+00
   597  8.95500000E+01  1.13842438E+00  1.12695858E+00  1.13842438E+00
   598  8.97000000E+01  1.13842438E+00  1.12695858E+00  1.13842438E+00
   599  8.98500000E+01  1.13842438E+00  1.12695858E+00  1.13842438E+00
   600  9.00000000E+01  1.13842438E+00  1.12695858E+00  1.13842438E+00
   601  9.01500000E+01  1.13842438E+00  1.12695858E+00  1.13842438E+00
   602  9.03000000E+01  1.13842438E+00  1.12695858E+00  1.13842438E+00
   603  9.04500000E+01  1.13842438E+00  1.12695858E+00  1.13842438E+00
   604  9.06000000E+01  1.13842438E+00  1.12695858E+00  1.13842438E+00
   605  9.07500000E+01  1.13842438E+00  1.12695858E+00  1.13842438E+00
   606  9.09000000E+01  1.13842438E+00  1.12695858E+00  1.13842438E+00
   607  9.10500000E+01  1.13842438E+00  1.12695858E+00  1.13842438E+00
   608  9.12000000E+01  1.13842438E+00  1.12695858E+00  1.13842438E+00
   609  9.13500000E+01  1.13842438E+00  1.12695859E+00  1.13842438E+00
   610  9.15000000E+01  1.13842438E+00  1.12695859E+00  1.13842438E+00
   611  9.16500000E+01  1.13842438E+00  1.12695859E+00  1.13842438E+00
   612  9.18000000E+01  1.13842438E+00  1.12695859E+00  1.13842438E+00
   613  9.19500000E+01  1.13842438E+00  1.12695859E+00  1.13842438E+00
   614  9.21000000E+01  1.13842438E+00  1.12695859E+00  1.13842438E+00
   615  9.22500000E+01  1.13842438E+00  1.12695859E+00  1.13842438E+00
   616  9.24000000E+01  1.13842438E+00  1.12695859E+00  1.13842438E+00
   617  9.25500000E+01  1.13842438E+00  1.12695859E+00  1.13842438E+00
   618  9.27000000E+01  1.13842438E+00  1.12695859E+00  1.13842438E+00
   619  9.28500000E+01  1.13842438E+00  1.12695859E+00  1.13842438E+00
   620  9.30000000E+01  1.13842438E+00  1.12695859E+00  1.13842438E+00
   621  9.31500000E+01  1.13842438E+00  1.12695859E+00  1.13842438E+00
   622  9.33000000E+01  1.13842438E+00  1.12695859E+00  1.13842438E+00
   623  9.34500000E+01  1.13842438E+00  1.12695859E+00  1.13842438E+00
   624  9.36000000E+01  1.13842438E+00  1.12695859E+00  1.13842438E+00
   625  9.37500000E+01  1.13842438E+00  1.12695859E+00  1.13842438E+00
   626  9.39000000E+01  1.13842438E+00  1.12695859E+00  1.13842438E+00
   627  9.40500000E+01  1.13842438E+00  1.12695859E+00  1.13842438E+00
   628  9.42000000E+01  1.13842438E+00  1.12695860E+00  1.13842438E+00
   629  9.43500000E+01  1.13842438E+00  1.12695860E+00  1.13842438E+00
   630  9.45000000E+01  1.13842438E+00  1.12695860E+00  1.13842438E+00
   631  9.46500000E+01  1.13842438E+00  1.12695860E+00  1.13842438E+00
   632  9.48000000E+01  1.13842438E+00  1.12695860E+00  1.13842438E+00
   633  9.49500000E+01  1.13842438E+00  1.12695860E+00  1.13842438E+00
   634  9.51000000E+01  1.13842438E+00  1.12695860E+00  1.13842438E+00
   635  9.52500000E+01  1.13842438E+00  1.12695860E+00  1.13842438E+00
   636  9.54000000E+01  1.13842438E+00  1.12695860E+00  1.13842438E+00
   637  9.55500000E+01  1.13842438E+00  1.12695860E+00  1.13842438E+00
   638  9.57000000E+01  1.13842438E+00  1.12695860E+00  1.13842438E+00
   639  9.58500000E+01  1.13842438E+00  1.12695860E+00  1.13842438E+00
   640  9.60000000E+01  1.13842438E+00  1.12695860E+00  1.13842438E+00
   641  9.61500000E+01  1.13842438E+00  1.12695860E+00  1.13842438E+00
   642  9.63000000E+01  1.13842438E+00  1.12695860E+00  1.13842438E+00
   643  9.64500000E+01  1.13842438E+00  1.12695860E+00  1.13842438E+00
   644  9.66000000E+01  1.13842438E+00  1.12695860E+00  1.13842438E+00
   645  9.67500000E+01  1.13842438E+00  1.12695860E+00  1.13842438E+00
   646  9.69000000E+01  1.13842438E+00  1.12695860E+00  1.13842438E+00
   647  9.70500000E+01  1.13842438E+00  1.12695860E+00  1.13842438E+00
   648  9.72000000E+01  1.13842438E+00  1.12695860E+00  1.13842438E+00
   649  9.73500000E+01  1.13842438E+00  1.12695860E+00  1.13842438E+00
   650  9.75000000E+01  1.13842438E+00  1.12695860E+00  1.13842438E+00
   651  9.76500000E+01  1.13842438E+00  1.12695860E+00  1.13842438E+00
   652  9.78000000E+01  1.13842438E+00  1.12695860E+00  1.13842438E+00
   653  9.79500000E+01  1.13842438E+00  1.12695860E+00  1.13842438E+00
   654  9.81000000E+01  1.13842438E+00  1.12695860E+00  1.13842438E+00
   655  9.82500000E+01  1.13842438E+00  1.12695860E+00  1.13842438E+00
   656  9.84000000E+01  1.13842438E+00  1.12695860E+00  1.13842438E+00
   657  9.85500000E+01  1.13842438E+00  1.12695860E+00  1.13842438E+00
   658  9.87000000E+01  1.13842438E+00  1.12695860E+00  1.13842438E+00
   659  9.88500000E+01  1.13842438E+00  1.12695860E+00  1.13842438E+00
   660  9.90000000E+01  1.13842438E+00  1.12695860E+00  1.13842438E+00
   661  9.91500000E+01  1.13842438E+00  1.12695860E+00  1.13842438E+00
   662  9.93000000E+01  1.13842438E+00  1.12695860E+00  1.13842438E+00
   663  9.94500000E+01  1.13842438E+00  1.12695860E+00  1.13842438E+00
   664  9.96000000E+01  1.13842438E+00  1.12695860E+00  1.13842438E+00
   665  9.97500000E+01  1.13842438E+00  1.12695860E+00  1.13842438E+00
   666  9.99000000E+01  1.13842438E+00  1.12695860E+00  1.13842438E+00
   667  1.00050000E+02  1.13842438E+00  1.12695860E+00  1.13842438E+00
   668  1.00200000E+02  1.13842438E+00  1.12695860E+00  1.13842438E+00
   669  1.00350000E+02  1.13842438E+00  1.12695861E+00  1.13842438E+00
   670  1.00500000E+02  1.13842438E+00  1.12695861E+00  1.13842438E+00
   671  1.00650000E+02  1.13842438E+00  1.12695861E+00  1.13842438E+00
   672  1.00800000E+02  1.13842438E+00  1.12695861E+00  1.13842438E+00
   673  1.00950000E+02  1.13842438E+00  1.12695861E+00  1.13842438E+00
   674  1.01100000E+02  1.13842438E+00  1.12695861E+00  1.13842438E+00
   675  1.01250000E+02  1.13842438E+00  1.12695861E+00  1.13842438E+00
   676  1.01400000E+02  1.13842438E+00  1.12695861E+00  1.13842438E+00
   677  1.01550000E+02  1.13842438E+00  1.12695861E+00  1.13842438E+00
   678  1.01700000E+02  1.13842438E+00  1.12695861E+00  1.13842438E+00
   679  1.01850000E+02  1.13842438E+00  1.12695861E+00  1.13842438E+00
   680  1.02000000E+02  1.13842438E+00  1.12695861E+00  1.13842438E+00
   681  1.02150000E+02  1.13842438E+00  1.12695861E+00  1.13842438E+00
   682  1.02300000E+02  1.13842438E+00  1.12695861E+00  1.13842438E+00
   683  1.02450000E+02  1.13842438E+00  1.12695861E+00  1.13842438E+00
   684  1.02600000E+02  1.13842438E+00  1.12695861E+00  1.13842438E+00
   685  1.02750000E+02  1.13842438E+00  1.12695861E+00  1.13842438E+00
   686  1.02900000E+02  1.13842438E+00  1.12695861E+00  1.13842438E+00
   687  1.03050000E+02  1.13842438E+00  1.12695861E+00  1.13842438E+00
   688  1.03200000E+02  1.13842438E+00  1.12695861E+00  1.13842438E+00
   689  1.03350000E+02  1.13842438E+00  1.12695861E+00  1.13842438E+00
   690  1.03500000E+02  1.13842438E+00  1.12695861E+00  1.13842438E+00
   691  1.03650000E+02  1.13842438E+00  1.12695861E+00  1.13842438E+00
   692  1.03800000E+02  1.13842438E+00  1.12695861E+00  1.13842438E+00
   693  1.03950000E+02  1.13842438E+00  1.12695861E+00  1.13842438E+00
   694  1.04100000E+02  1.13842438E+00  1.12695861E+00  1.13842438E+00
   695  1.04250000E+02  1.13842438E+00  1.12695861E+00  1.13842438E+00
   696  1.04400000E+02  1.13842438E+00  1.12695861E+00  1.13842438E+00
   697  1.04550000E+02  1.13842438E+00  1.12695861E+00  1.13842438E+00
   698  1.04700000E+02  1.13842438E+00  1.12695861E+00  1.13842438E+00
   699  1.04850000E+02  1.13842438E+00  1.12695861E+00  1.13842438E+00
   700  1.05000000E+02  1.13842438E+00  1.12695861E+00  1.13842438E+00


STDERR:
