COMMAND:
/shared/generate_rom_data/extrudate_swell2d_c_cluster

STDOUT:
 comppar: model =   6
 comppar: lambda,mobility/eps,betav,eta_0 =  1.0000E+00  5.0000E-01  3.0000E-01  1.0000E+00
 comppar: eta_s,eta_p,G =  3.0000E-01  7.0000E-01  7.0000E-01
 comppar: U_avg,deltat,flowrate,nsteps =  2.0000E-01  1.5000E-01  6.2832E-01     700
 comppar: geometry = axisymmetric
 comppar: steady stop change,gap,hold,min =  1.0000E-05  1.0000E-02      10      80
 comppar: ncompc,ncompg =     4     5
 mesh nnodes = 5765
 mesh nelem = 2780
 P1 BC   5.0000000000000000     
 P2 BC   0.0000000000000000     
     1  1.50000000E-01  1.00378900E+00  1.00000000E+00  1.00378900E+00
     2  3.00000000E-01  1.00745695E+00  1.00000000E+00  1.00745695E+00
     3  4.50000000E-01  1.01097626E+00  1.00000000E+00  1.01097626E+00
     4  6.00000000E-01  1.01437544E+00  1.00000000E+00  1.01437544E+00
     5  7.50000000E-01  1.01766697E+00  1.00000000E+00  1.01766697E+00
     6  9.00000000E-01  1.02086624E+00  1.00000000E+00  1.02086624E+00
     7  1.05000000E+00  1.02398358E+00  1.00000001E+00  1.02398358E+00
     8  1.20000000E+00  1.02701823E+00  1.00000001E+00  1.02701823E+00
     9  1.35000000E+00  1.02998541E+00  1.00000001E+00  1.02998541E+00
    10  1.50000000E+00  1.03290100E+00  1.00000001E+00  1.03290100E+00
    11  1.65000000E+00  1.03573020E+00  1.00000001E+00  1.03573020E+00
    12  1.80000000E+00  1.03851687E+00  1.00000001E+00  1.03851687E+00
    13  1.95000000E+00  1.04123726E+00  1.00000001E+00  1.04123726E+00
    14  2.10000000E+00  1.04388088E+00  1.00000001E+00  1.04388088E+00
    15  2.25000000E+00  1.04649355E+00  1.00000001E+00  1.04649355E+00
    16  2.40000000E+00  1.04900410E+00  1.00000000E+00  1.04900410E+00
    17  2.55000000E+00  1.05150464E+00  1.00000000E+00  1.05150464E+00
    18  2.70000000E+00  1.05387539E+00  9.99999997E-01  1.05387539E+00
    19  2.85000000E+00  1.05623911E+00  9.99999991E-01  1.05623911E+00
    20  3.00000000E+00  1.05848380E+00  9.99999983E-01  1.05848380E+00
    21  3.15000000E+00  1.06072378E+00  9.99999974E-01  1.06072378E+00
    22  3.30000000E+00  1.06283753E+00  9.99999963E-01  1.06283753E+00
    23  3.45000000E+00  1.06495076E+00  9.99999949E-01  1.06495076E+00
    24  3.60000000E+00  1.06695685E+00  9.99999933E-01  1.06695685E+00
    25  3.75000000E+00  1.06893511E+00  9.99999914E-01  1.06893511E+00
    26  3.90000000E+00  1.07083119E+00  9.99999892E-01  1.07083119E+00
    27  4.05000000E+00  1.07263262E+00  9.99999867E-01  1.07263262E+00
    28  4.20000000E+00  1.07445041E+00  9.99999837E-01  1.07445041E+00
    29  4.35000000E+00  1.07608573E+00  9.99999803E-01  1.07608573E+00
    30  4.50000000E+00  1.07782460E+00  9.99999765E-01  1.07782460E+00
    31  4.65000000E+00  1.07937041E+00  9.99999721E-01  1.07937041E+00
    32  4.80000000E+00  1.08091909E+00  9.99999671E-01  1.08091909E+00
    33  4.95000000E+00  1.08242493E+00  9.99999615E-01  1.08242493E+00
    34  5.10000000E+00  1.08377099E+00  9.99999552E-01  1.08377099E+00
    35  5.25000000E+00  1.08523618E+00  9.99999481E-01  1.08523618E+00
    36  5.40000000E+00  1.08650240E+00  9.99999402E-01  1.08650240E+00
    37  5.55000000E+00  1.08775643E+00  9.99999314E-01  1.08775643E+00
    38  5.70000000E+00  1.08902203E+00  9.99999216E-01  1.08902203E+00
    39  5.85000000E+00  1.09008962E+00  9.99999107E-01  1.09008962E+00
    40  6.00000000E+00  1.09129168E+00  9.99998987E-01  1.09129168E+00
    41  6.15000000E+00  1.09235689E+00  9.99998854E-01  1.09235689E+00
    42  6.30000000E+00  1.09329956E+00  9.99998707E-01  1.09329956E+00
    43  6.45000000E+00  1.09436908E+00  9.99998545E-01  1.09436908E+00
    44  6.60000000E+00  1.09524718E+00  9.99998367E-01  1.09524718E+00
    45  6.75000000E+00  1.09616585E+00  9.99998172E-01  1.09616585E+00
    46  6.90000000E+00  1.09704496E+00  9.99997958E-01  1.09704496E+00
    47  7.05000000E+00  1.09774545E+00  9.99997724E-01  1.09774545E+00
    48  7.20000000E+00  1.09863038E+00  9.99997468E-01  1.09863038E+00
    49  7.35000000E+00  1.09933477E+00  9.99997189E-01  1.09933477E+00
    50  7.50000000E+00  1.10003167E+00  9.99996884E-01  1.10003167E+00
    51  7.65000000E+00  1.10073713E+00  9.99996553E-01  1.10073713E+00
    52  7.80000000E+00  1.10127674E+00  9.99996194E-01  1.10127674E+00
    53  7.95000000E+00  1.10196765E+00  9.99995803E-01  1.10196765E+00
    54  8.10000000E+00  1.10251427E+00  9.99995379E-01  1.10251427E+00
    55  8.25000000E+00  1.10304611E+00  9.99994921E-01  1.10304611E+00
    56  8.40000000E+00  1.10359361E+00  9.99994424E-01  1.10359361E+00
    57  8.55000000E+00  1.10399429E+00  9.99993888E-01  1.10399429E+00
    58  8.70000000E+00  1.10454286E+00  9.99993310E-01  1.10454286E+00
    59  8.85000000E+00  1.10495019E+00  9.99992686E-01  1.10495019E+00
    60  9.00000000E+00  1.10536120E+00  9.99992014E-01  1.10536120E+00
    61  9.15000000E+00  1.10576910E+00  9.99991291E-01  1.10576910E+00
    62  9.30000000E+00  1.10607522E+00  9.99990514E-01  1.10607522E+00
    63  9.45000000E+00  1.10648999E+00  9.99989680E-01  1.10648999E+00
    64  9.60000000E+00  1.10677818E+00  9.99988786E-01  1.10677818E+00
    65  9.75000000E+00  1.10710176E+00  9.99987828E-01  1.10710176E+00
    66  9.90000000E+00  1.10739016E+00  9.99986803E-01  1.10739016E+00
    67  1.00500000E+01  1.10763916E+00  9.99985707E-01  1.10763916E+00
    68  1.02000000E+01  1.10793362E+00  9.99984537E-01  1.10793362E+00
    69  1.03500000E+01  1.10812347E+00  9.99983289E-01  1.10812347E+00
    70  1.05000000E+01  1.10838353E+00  9.99981959E-01  1.10838353E+00
    71  1.06500000E+01  1.10857314E+00  9.99980543E-01  1.10857314E+00
    72  1.08000000E+01  1.10878309E+00  9.99979038E-01  1.10878309E+00
    73  1.09500000E+01  1.10897745E+00  9.99977439E-01  1.10897745E+00
    74  1.11000000E+01  1.10910720E+00  9.99975742E-01  1.10910720E+00
    75  1.12500000E+01  1.10930170E+00  9.99973945E-01  1.10930170E+00
    76  1.14000000E+01  1.10941295E+00  9.99972042E-01  1.10941295E+00
    77  1.15500000E+01  1.10959633E+00  9.99970031E-01  1.10959633E+00
    78  1.17000000E+01  1.10971068E+00  9.99967907E-01  1.10971068E+00
    79  1.18500000E+01  1.10982513E+00  9.99965668E-01  1.10982513E+00
    80  1.20000000E+01  1.10993914E+00  9.99963309E-01  1.10993914E+00
    81  1.21500000E+01  1.11003579E+00  9.99960829E-01  1.11003579E+00
    82  1.23000000E+01  1.11015332E+00  9.99958224E-01  1.11015332E+00
    83  1.24500000E+01  1.11020684E+00  9.99955492E-01  1.11020684E+00
    84  1.26000000E+01  1.11030988E+00  9.99952632E-01  1.11030988E+00
    85  1.27500000E+01  1.11036261E+00  9.99949642E-01  1.11036261E+00
    86  1.29000000E+01  1.11046196E+00  9.99946521E-01  1.11046196E+00
    87  1.30500000E+01  1.11051642E+00  9.99943270E-01  1.11051642E+00
    88  1.32000000E+01  1.11056607E+00  9.99939890E-01  1.11056607E+00
    89  1.33500000E+01  1.11061999E+00  9.99936382E-01  1.11061999E+00
    90  1.35000000E+01  1.11067281E+00  9.99932749E-01  1.11067281E+00
    91  1.36500000E+01  1.11072888E+00  9.99928995E-01  1.11072888E+00
    92  1.38000000E+01  1.11073881E+00  9.99925125E-01  1.11073881E+00
    93  1.39500000E+01  1.11079457E+00  9.99921147E-01  1.11079457E+00
    94  1.41000000E+01  1.11081284E+00  9.99917068E-01  1.11081284E+00
    95  1.42500000E+01  1.11087113E+00  9.99912900E-01  1.11087113E+00
    96  1.44000000E+01  1.11087949E+00  9.99908654E-01  1.11087949E+00
    97  1.45500000E+01  1.11090993E+00  9.99904346E-01  1.11090993E+00
    98  1.47000000E+01  1.11091751E+00  9.99899992E-01  1.11091751E+00
    99  1.48500000E+01  1.11096348E+00  9.99895612E-01  1.11096348E+00
   100  1.50000000E+01  1.11097178E+00  9.99891231E-01  1.11097178E+00
   101  1.51500000E+01  1.11098375E+00  9.99886874E-01  1.11098375E+00
   102  1.53000000E+01  1.11099146E+00  9.99882573E-01  1.11099146E+00
   103  1.54500000E+01  1.11102170E+00  9.99878361E-01  1.11102170E+00
   104  1.56000000E+01  1.11103050E+00  9.99874277E-01  1.11103050E+00
   105  1.57500000E+01  1.11102968E+00  9.99870366E-01  1.11102968E+00
   106  1.59000000E+01  1.11103806E+00  9.99866678E-01  1.11103806E+00
   107  1.60500000E+01  1.11105733E+00  9.99863267E-01  1.11105733E+00
   108  1.62000000E+01  1.11106716E+00  9.99860194E-01  1.11106716E+00
   109  1.63500000E+01  1.11105760E+00  9.99857530E-01  1.11105760E+00
   110  1.65000000E+01  1.11106718E+00  9.99855350E-01  1.11106718E+00
   111  1.66500000E+01  1.11107873E+00  9.99853738E-01  1.11107873E+00
   112  1.68000000E+01  1.11109009E+00  9.99852788E-01  1.11109009E+00
   113  1.69500000E+01  1.11107444E+00  9.99852604E-01  1.11107444E+00
   114  1.71000000E+01  1.11108572E+00  9.99853298E-01  1.11108572E+00
   115  1.72500000E+01  1.11109162E+00  9.99854995E-01  1.11109162E+00
   116  1.74000000E+01  1.11110499E+00  9.99857834E-01  1.11110499E+00
   117  1.75500000E+01  1.11110603E+00  9.99861963E-01  1.11110603E+00
   118  1.77000000E+01  1.11111003E+00  9.99867548E-01  1.11111003E+00
   119  1.78500000E+01  1.11111726E+00  9.99874767E-01  1.11111726E+00
   120  1.80000000E+01  1.11111817E+00  9.99883816E-01  1.11111817E+00
   121  1.81500000E+01  1.11112358E+00  9.99894909E-01  1.11112358E+00
   122  1.83000000E+01  1.11112435E+00  9.99908278E-01  1.11112435E+00
   123  1.84500000E+01  1.11112457E+00  9.99924174E-01  1.11112457E+00
   124  1.86000000E+01  1.11112676E+00  9.99942871E-01  1.11112676E+00
   125  1.87500000E+01  1.11112396E+00  9.99964668E-01  1.11112396E+00
   126  1.89000000E+01  1.11112532E+00  9.99989885E-01  1.11112532E+00
   127  1.90500000E+01  1.11112227E+00  1.00001887E+00  1.11112227E+00
   128  1.92000000E+01  1.11113490E+00  1.00005200E+00  1.11113490E+00
   129  1.93500000E+01  1.11111940E+00  1.00008969E+00  1.11111940E+00
   130  1.95000000E+01  1.11112847E+00  1.00013236E+00  1.11112847E+00
   131  1.96500000E+01  1.11112021E+00  1.00018050E+00  1.11112021E+00
   132  1.98000000E+01  1.11114582E+00  1.00023461E+00  1.11114582E+00
   133  1.99500000E+01  1.11111827E+00  1.00029523E+00  1.11111827E+00
   134  2.01000000E+01  1.11114043E+00  1.00036296E+00  1.11114043E+00
   135  2.02500000E+01  1.11112888E+00  1.00043842E+00  1.11112888E+00
   136  2.04000000E+01  1.11115848E+00  1.00052228E+00  1.11115848E+00
   137  2.05500000E+01  1.11113233E+00  1.00061527E+00  1.11113233E+00
   138  2.07000000E+01  1.11115427E+00  1.00071816E+00  1.11115427E+00
   139  2.08500000E+01  1.11113909E+00  1.00083177E+00  1.11113909E+00
   140  2.10000000E+01  1.11117302E+00  1.00095697E+00  1.11117302E+00
   141  2.11500000E+01  1.11114865E+00  1.00109470E+00  1.11114865E+00
   142  2.13000000E+01  1.11116994E+00  1.00124597E+00  1.11116994E+00
   143  2.14500000E+01  1.11115080E+00  1.00141183E+00  1.11115080E+00
   144  2.16000000E+01  1.11118937E+00  1.00159339E+00  1.11118937E+00
   145  2.17500000E+01  1.11116712E+00  1.00179187E+00  1.11116712E+00
   146  2.19000000E+01  1.11118737E+00  1.00200852E+00  1.11118737E+00
   147  2.20500000E+01  1.11116537E+00  1.00224468E+00  1.11116537E+00
   148  2.22000000E+01  1.11120736E+00  1.00250176E+00  1.11120736E+00
   149  2.23500000E+01  1.11118757E+00  1.00278126E+00  1.11118757E+00
   150  2.25000000E+01  1.11120631E+00  1.00308474E+00  1.11120631E+00
   151  2.26500000E+01  1.11118689E+00  1.00341385E+00  1.11118689E+00
   152  2.28000000E+01  1.11122676E+00  1.00377032E+00  1.11122676E+00
   153  2.29500000E+01  1.11120977E+00  1.00415597E+00  1.11120977E+00
   154  2.31000000E+01  1.11122655E+00  1.00457268E+00  1.11122655E+00
   155  2.32500000E+01  1.11121003E+00  1.00502244E+00  1.11121003E+00
   156  2.34000000E+01  1.11124730E+00  1.00550730E+00  1.11124730E+00
   157  2.35500000E+01  1.11123341E+00  1.00602941E+00  1.11123341E+00
   158  2.37000000E+01  1.11124777E+00  1.00659097E+00  1.11124777E+00
   159  2.38500000E+01  1.11123446E+00  1.00719427E+00  1.11123446E+00
   160  2.40000000E+01  1.11126871E+00  1.00784166E+00  1.11126871E+00
   161  2.41500000E+01  1.11125822E+00  1.00853557E+00  1.11125822E+00
   162  2.43000000E+01  1.11126974E+00  1.00927847E+00  1.11126974E+00
   163  2.44500000E+01  1.11125994E+00  1.01007287E+00  1.11125994E+00
   164  2.46000000E+01  1.11129073E+00  1.01092133E+00  1.11129073E+00
   165  2.47500000E+01  1.11128393E+00  1.01182642E+00  1.11128393E+00
   166  2.49000000E+01  1.11129220E+00  1.01279074E+00  1.11129220E+00
   167  2.50500000E+01  1.11128619E+00  1.01381685E+00  1.11128619E+00
   168  2.52000000E+01  1.11131314E+00  1.01490730E+00  1.11131314E+00
   169  2.53500000E+01  1.11131029E+00  1.01606459E+00  1.11131029E+00
   170  2.55000000E+01  1.11131493E+00  1.01729114E+00  1.11131493E+00
   171  2.56500000E+01  1.11131298E+00  1.01858929E+00  1.11131298E+00
   172  2.58000000E+01  1.11133572E+00  1.01996122E+00  1.11133572E+00
   173  2.59500000E+01  1.11133710E+00  1.02140899E+00  1.11133710E+00
   174  2.61000000E+01  1.11133774E+00  1.02293443E+00  1.11133774E+00
   175  2.62500000E+01  1.11134012E+00  1.02453916E+00  1.11134012E+00
   176  2.64000000E+01  1.11135831E+00  1.02622455E+00  1.11135831E+00
   177  2.65500000E+01  1.11136416E+00  1.02799165E+00  1.11136416E+00
   178  2.67000000E+01  1.11136048E+00  1.02984116E+00  1.11136048E+00
   179  2.68500000E+01  1.11136743E+00  1.03177340E+00  1.11136743E+00
   180  2.70000000E+01  1.11138074E+00  1.03378826E+00  1.11138074E+00
   181  2.71500000E+01  1.11139131E+00  1.03588515E+00  1.11139131E+00
   182  2.73000000E+01  1.11138299E+00  1.03806297E+00  1.11138299E+00
   183  2.74500000E+01  1.11139476E+00  1.04032003E+00  1.11139476E+00
   184  2.76000000E+01  1.11140290E+00  1.04265404E+00  1.11140290E+00
   185  2.77500000E+01  1.11141843E+00  1.04506207E+00  1.11141843E+00
   186  2.79000000E+01  1.11140518E+00  1.04754047E+00  1.11140518E+00
   187  2.80500000E+01  1.11142199E+00  1.05008489E+00  1.11142199E+00
   188  2.82000000E+01  1.11142469E+00  1.05269019E+00  1.11142469E+00
   189  2.83500000E+01  1.11144539E+00  1.05535049E+00  1.11144539E+00
   190  2.85000000E+01  1.11142694E+00  1.05805907E+00  1.11142694E+00
   191  2.86500000E+01  1.11144902E+00  1.06080844E+00  1.11144902E+00
   192  2.88000000E+01  1.11144601E+00  1.06359028E+00  1.11144601E+00
   193  2.89500000E+01  1.11147211E+00  1.06639550E+00  1.11147211E+00
   194  2.91000000E+01  1.11144819E+00  1.06921421E+00  1.11144819E+00
   195  2.92500000E+01  1.11147576E+00  1.07203582E+00  1.11147576E+00
   196  2.94000000E+01  1.11146679E+00  1.07484904E+00  1.11146679E+00
   197  2.95500000E+01  1.11149850E+00  1.07764194E+00  1.11149850E+00
   198  2.97000000E+01  1.11146889E+00  1.08040208E+00  1.11146889E+00
   199  2.98500000E+01  1.11150215E+00  1.08311654E+00  1.11150215E+00
   200  3.00000000E+01  1.11148699E+00  1.08577210E+00  1.11148699E+00
   201  3.01500000E+01  1.11152450E+00  1.08835532E+00  1.11152450E+00
   202  3.03000000E+01  1.11149015E+00  1.09085273E+00  1.11149015E+00
   203  3.04500000E+01  1.11152812E+00  1.09325100E+00  1.11152812E+00
   204  3.06000000E+01  1.11150656E+00  1.09553715E+00  1.11150656E+00
   205  3.07500000E+01  1.11155007E+00  1.09769879E+00  1.11155007E+00
   206  3.09000000E+01  1.11151971E+00  1.09972437E+00  1.11151971E+00
   207  3.10500000E+01  1.11155363E+00  1.10160346E+00  1.11155363E+00
   208  3.12000000E+01  1.11152547E+00  1.10332701E+00  1.11152547E+00
   209  3.13500000E+01  1.11157517E+00  1.10488772E+00  1.11157517E+00
   210  3.15000000E+01  1.11154900E+00  1.10628027E+00  1.11154900E+00
   211  3.16500000E+01  1.11157863E+00  1.10750162E+00  1.11157863E+00
   212  3.18000000E+01  1.11155357E+00  1.10855127E+00  1.11155357E+00
   213  3.19500000E+01  1.11159975E+00  1.10943145E+00  1.11159975E+00
   214  3.21000000E+01  1.11157801E+00  1.11014723E+00  1.11157801E+00
   215  3.22500000E+01  1.11160314E+00  1.11070658E+00  1.11160314E+00
   216  3.24000000E+01  1.11158265E+00  1.11112025E+00  1.11158265E+00
   217  3.25500000E+01  1.11162408E+00  1.11140162E+00  1.11162408E+00
   218  3.27000000E+01  1.11160704E+00  1.11156633E+00  1.11160704E+00
   219  3.28500000E+01  1.11163182E+00  1.11163182E+00  1.11163182E+00
   220  3.30000000E+01  1.11161677E+00  1.11161677E+00  1.11161677E+00
   221  3.31500000E+01  1.11154040E+00  1.11154040E+00  1.11154040E+00
   222  3.33000000E+01  1.11142175E+00  1.11142175E+00  1.11142175E+00
   223  3.34500000E+01  1.11127887E+00  1.11127887E+00  1.11127887E+00
   224  3.36000000E+01  1.11112815E+00  1.11112815E+00  1.11112815E+00
   225  3.37500000E+01  1.11108835E+00  1.11098361E+00  1.11108835E+00
   226  3.39000000E+01  1.11108835E+00  1.11085642E+00  1.11108835E+00
   227  3.40500000E+01  1.11108835E+00  1.11075455E+00  1.11108835E+00
   228  3.42000000E+01  1.11108835E+00  1.11068266E+00  1.11108835E+00
   229  3.43500000E+01  1.11108835E+00  1.11064216E+00  1.11108835E+00
   230  3.45000000E+01  1.11108835E+00  1.11063158E+00  1.11108835E+00
   231  3.46500000E+01  1.11108835E+00  1.11064701E+00  1.11108835E+00
   232  3.48000000E+01  1.11108835E+00  1.11068280E+00  1.11108835E+00
   233  3.49500000E+01  1.11108835E+00  1.11073229E+00  1.11108835E+00
   234  3.51000000E+01  1.11108835E+00  1.11078852E+00  1.11108835E+00
   235  3.52500000E+01  1.11108835E+00  1.11084498E+00  1.11108835E+00
   236  3.54000000E+01  1.11108835E+00  1.11089615E+00  1.11108835E+00
   237  3.55500000E+01  1.11108835E+00  1.11093793E+00  1.11108835E+00
   238  3.57000000E+01  1.11108835E+00  1.11096781E+00  1.11108835E+00
   239  3.58500000E+01  1.11108835E+00  1.11098500E+00  1.11108835E+00
   240  3.60000000E+01  1.11108835E+00  1.11099013E+00  1.11108835E+00
   241  3.61500000E+01  1.11108835E+00  1.11098507E+00  1.11108835E+00
   242  3.63000000E+01  1.11108835E+00  1.11097245E+00  1.11108835E+00
   243  3.64500000E+01  1.11108835E+00  1.11095527E+00  1.11108835E+00
   244  3.66000000E+01  1.11108835E+00  1.11093649E+00  1.11108835E+00
   245  3.67500000E+01  1.11108835E+00  1.11091867E+00  1.11108835E+00
   246  3.69000000E+01  1.11108835E+00  1.11090374E+00  1.11108835E+00
   247  3.70500000E+01  1.11108835E+00  1.11089286E+00  1.11108835E+00
   248  3.72000000E+01  1.11108835E+00  1.11088647E+00  1.11108835E+00
   249  3.73500000E+01  1.11108835E+00  1.11088431E+00  1.11108835E+00
   250  3.75000000E+01  1.11108835E+00  1.11088562E+00  1.11108835E+00
   251  3.76500000E+01  1.11108835E+00  1.11088936E+00  1.11108835E+00
   252  3.78000000E+01  1.11108834E+00  1.11089437E+00  1.11108834E+00
   253  3.79500000E+01  1.11108834E+00  1.11089959E+00  1.11108834E+00
   254  3.81000000E+01  1.11108834E+00  1.11090416E+00  1.11108834E+00
   255  3.82500000E+01  1.11108834E+00  1.11090752E+00  1.11108834E+00
   256  3.84000000E+01  1.11108834E+00  1.11090942E+00  1.11108834E+00
   257  3.85500000E+01  1.11108834E+00  1.11090987E+00  1.11108834E+00
 steady-height stop at step    257: changes <=   1.0000E-05, max-end <=   1.0000E-02, max/end/gap/profile_change =   1.11108834E+00  1.11090987E+00  1.78470246E-04  2.08732687E-06


STDERR:
