COMMAND:
/shared/generate_rom_data/extrudate_swell2d_c_cluster

STDOUT:
 comppar: model =   6
 comppar: lambda,mobility/eps,betav,eta_0 =  6.4000E+00  5.0000E-01  1.0000E-01  1.0000E+00
 comppar: eta_s,eta_p,G =  1.0000E-01  9.0000E-01  1.4062E-01
 comppar: U_avg,deltat,flowrate,nsteps =  2.0000E-01  1.5000E-01  6.2832E-01     700
 comppar: geometry = axisymmetric
 comppar: steady stop change,gap,hold,min =  1.0000E-05  1.0000E-02      10      80
 comppar: ncompc,ncompg =     4     5
 mesh nnodes = 5765
 mesh nelem = 2780
 P1 BC   5.0000000000000000     
 P2 BC   0.0000000000000000     
     1  1.50000000E-01  1.00377990E+00  1.00000000E+00  1.00377990E+00
     2  3.00000000E-01  1.00744378E+00  1.00000000E+00  1.00744378E+00
     3  4.50000000E-01  1.01097586E+00  1.00000000E+00  1.01097586E+00
     4  6.00000000E-01  1.01439959E+00  1.00000000E+00  1.01439959E+00
     5  7.50000000E-01  1.01772485E+00  1.00000000E+00  1.01772485E+00
     6  9.00000000E-01  1.02096758E+00  1.00000000E+00  1.02096758E+00
     7  1.05000000E+00  1.02414180E+00  1.00000000E+00  1.02414180E+00
     8  1.20000000E+00  1.02725690E+00  1.00000001E+00  1.02725690E+00
     9  1.35000000E+00  1.03031929E+00  1.00000001E+00  1.03031929E+00
    10  1.50000000E+00  1.03336630E+00  1.00000001E+00  1.03336630E+00
    11  1.65000000E+00  1.03637628E+00  1.00000001E+00  1.03637628E+00
    12  1.80000000E+00  1.03937883E+00  1.00000001E+00  1.03937883E+00
    13  1.95000000E+00  1.04235999E+00  1.00000001E+00  1.04235999E+00
    14  2.10000000E+00  1.04534433E+00  1.00000001E+00  1.04534433E+00
    15  2.25000000E+00  1.04828094E+00  1.00000001E+00  1.04828094E+00
    16  2.40000000E+00  1.05125864E+00  1.00000001E+00  1.05125864E+00
    17  2.55000000E+00  1.05418428E+00  1.00000001E+00  1.05418428E+00
    18  2.70000000E+00  1.05704837E+00  1.00000001E+00  1.05704837E+00
    19  2.85000000E+00  1.05992968E+00  1.00000001E+00  1.05992968E+00
    20  3.00000000E+00  1.06272143E+00  1.00000001E+00  1.06272143E+00
    21  3.15000000E+00  1.06539821E+00  1.00000001E+00  1.06539821E+00
    22  3.30000000E+00  1.06802039E+00  1.00000000E+00  1.06802039E+00
    23  3.45000000E+00  1.07054740E+00  9.99999999E-01  1.07054740E+00
    24  3.60000000E+00  1.07288557E+00  9.99999994E-01  1.07288557E+00
    25  3.75000000E+00  1.07519268E+00  9.99999989E-01  1.07519268E+00
    26  3.90000000E+00  1.07729248E+00  9.99999982E-01  1.07729248E+00
    27  4.05000000E+00  1.07928919E+00  9.99999974E-01  1.07928919E+00
    28  4.20000000E+00  1.08115312E+00  9.99999964E-01  1.08115312E+00
    29  4.35000000E+00  1.08282905E+00  9.99999953E-01  1.08282905E+00
    30  4.50000000E+00  1.08445534E+00  9.99999940E-01  1.08445534E+00
    31  4.65000000E+00  1.08585966E+00  9.99999924E-01  1.08585966E+00
    32  4.80000000E+00  1.08721673E+00  9.99999906E-01  1.08721673E+00
    33  4.95000000E+00  1.08847439E+00  9.99999886E-01  1.08847439E+00
    34  5.10000000E+00  1.08960908E+00  9.99999862E-01  1.08960908E+00
    35  5.25000000E+00  1.09069769E+00  9.99999835E-01  1.09069769E+00
    36  5.40000000E+00  1.09180620E+00  9.99999804E-01  1.09180620E+00
    37  5.55000000E+00  1.09301034E+00  9.99999769E-01  1.09301034E+00
    38  5.70000000E+00  1.09420186E+00  9.99999729E-01  1.09420186E+00
    39  5.85000000E+00  1.09536862E+00  9.99999685E-01  1.09536862E+00
    40  6.00000000E+00  1.09647816E+00  9.99999634E-01  1.09647816E+00
    41  6.15000000E+00  1.09742659E+00  9.99999577E-01  1.09742659E+00
    42  6.30000000E+00  1.09841257E+00  9.99999513E-01  1.09841257E+00
    43  6.45000000E+00  1.09925447E+00  9.99999441E-01  1.09925447E+00
    44  6.60000000E+00  1.09988998E+00  9.99999362E-01  1.09988998E+00
    45  6.75000000E+00  1.10066437E+00  9.99999273E-01  1.10066437E+00
    46  6.90000000E+00  1.10121894E+00  9.99999174E-01  1.10121894E+00
    47  7.05000000E+00  1.10176536E+00  9.99999064E-01  1.10176536E+00
    48  7.20000000E+00  1.10225128E+00  9.99998943E-01  1.10225128E+00
    49  7.35000000E+00  1.10253385E+00  9.99998808E-01  1.10253385E+00
    50  7.50000000E+00  1.10294129E+00  9.99998660E-01  1.10294129E+00
    51  7.65000000E+00  1.10322598E+00  9.99998497E-01  1.10322598E+00
    52  7.80000000E+00  1.10338355E+00  9.99998317E-01  1.10338355E+00
    53  7.95000000E+00  1.10364556E+00  9.99998119E-01  1.10364556E+00
    54  8.10000000E+00  1.10375768E+00  9.99997903E-01  1.10375768E+00
    55  8.25000000E+00  1.10381084E+00  9.99997665E-01  1.10381084E+00
    56  8.40000000E+00  1.10393436E+00  9.99997406E-01  1.10393436E+00
    57  8.55000000E+00  1.10396007E+00  9.99997122E-01  1.10396007E+00
    58  8.70000000E+00  1.10393704E+00  9.99996813E-01  1.10393704E+00
    59  8.85000000E+00  1.10391075E+00  9.99996476E-01  1.10391075E+00
    60  9.00000000E+00  1.10388771E+00  9.99996109E-01  1.10388771E+00
    61  9.15000000E+00  1.10389420E+00  9.99995711E-01  1.10389420E+00
    62  9.30000000E+00  1.10393041E+00  9.99995278E-01  1.10393041E+00
    63  9.45000000E+00  1.10399079E+00  9.99994809E-01  1.10399079E+00
    64  9.60000000E+00  1.10406980E+00  9.99994301E-01  1.10406980E+00
    65  9.75000000E+00  1.10416259E+00  9.99993751E-01  1.10416259E+00
    66  9.90000000E+00  1.10426600E+00  9.99993157E-01  1.10426600E+00
    67  1.00500000E+01  1.10437856E+00  9.99992516E-01  1.10437856E+00
    68  1.02000000E+01  1.10449992E+00  9.99991824E-01  1.10449992E+00
    69  1.03500000E+01  1.10463024E+00  9.99991079E-01  1.10463024E+00
    70  1.05000000E+01  1.10476967E+00  9.99990278E-01  1.10476967E+00
    71  1.06500000E+01  1.10491810E+00  9.99989417E-01  1.10491810E+00
    72  1.08000000E+01  1.10507506E+00  9.99988492E-01  1.10507506E+00
    73  1.09500000E+01  1.10523975E+00  9.99987500E-01  1.10523975E+00
    74  1.11000000E+01  1.10541115E+00  9.99986437E-01  1.10541115E+00
    75  1.12500000E+01  1.10558812E+00  9.99985299E-01  1.10558812E+00
    76  1.14000000E+01  1.10576946E+00  9.99984082E-01  1.10576946E+00
    77  1.15500000E+01  1.10595400E+00  9.99982783E-01  1.10595400E+00
    78  1.17000000E+01  1.10614064E+00  9.99981397E-01  1.10614064E+00
    79  1.18500000E+01  1.10632835E+00  9.99979920E-01  1.10632835E+00
    80  1.20000000E+01  1.10651620E+00  9.99978348E-01  1.10651620E+00
    81  1.21500000E+01  1.10670332E+00  9.99976676E-01  1.10670332E+00
    82  1.23000000E+01  1.10688893E+00  9.99974901E-01  1.10688893E+00
    83  1.24500000E+01  1.10707231E+00  9.99973018E-01  1.10707231E+00
    84  1.26000000E+01  1.10725282E+00  9.99971024E-01  1.10725282E+00
    85  1.27500000E+01  1.10742987E+00  9.99968913E-01  1.10742987E+00
    86  1.29000000E+01  1.10760295E+00  9.99966683E-01  1.10760295E+00
    87  1.30500000E+01  1.10777161E+00  9.99964329E-01  1.10777161E+00
    88  1.32000000E+01  1.10793548E+00  9.99961849E-01  1.10793548E+00
    89  1.33500000E+01  1.10809424E+00  9.99959239E-01  1.10809424E+00
    90  1.35000000E+01  1.10824764E+00  9.99956496E-01  1.10824764E+00
    91  1.36500000E+01  1.10839550E+00  9.99953618E-01  1.10839550E+00
    92  1.38000000E+01  1.10853767E+00  9.99950603E-01  1.10853767E+00
    93  1.39500000E+01  1.10867408E+00  9.99947450E-01  1.10867408E+00
    94  1.41000000E+01  1.10880469E+00  9.99944158E-01  1.10880469E+00
    95  1.42500000E+01  1.10892950E+00  9.99940728E-01  1.10892950E+00
    96  1.44000000E+01  1.10904855E+00  9.99937160E-01  1.10904855E+00
    97  1.45500000E+01  1.10916191E+00  9.99933457E-01  1.10916191E+00
    98  1.47000000E+01  1.10926968E+00  9.99929622E-01  1.10926968E+00
    99  1.48500000E+01  1.10938418E+00  9.99925660E-01  1.10938418E+00
   100  1.50000000E+01  1.10949303E+00  9.99921577E-01  1.10949303E+00
   101  1.51500000E+01  1.10959631E+00  9.99917381E-01  1.10959631E+00
   102  1.53000000E+01  1.10969416E+00  9.99913082E-01  1.10969416E+00
   103  1.54500000E+01  1.10978677E+00  9.99908691E-01  1.10978677E+00
   104  1.56000000E+01  1.10987429E+00  9.99904223E-01  1.10987429E+00
   105  1.57500000E+01  1.10995694E+00  9.99899696E-01  1.10995694E+00
   106  1.59000000E+01  1.11003489E+00  9.99895129E-01  1.11003489E+00
   107  1.60500000E+01  1.11010836E+00  9.99890546E-01  1.11010836E+00
   108  1.62000000E+01  1.11017753E+00  9.99885973E-01  1.11017753E+00
   109  1.63500000E+01  1.11024262E+00  9.99881441E-01  1.11024262E+00
   110  1.65000000E+01  1.11030383E+00  9.99876985E-01  1.11030383E+00
   111  1.66500000E+01  1.11036135E+00  9.99872646E-01  1.11036135E+00
   112  1.68000000E+01  1.11041538E+00  9.99868468E-01  1.11041538E+00
   113  1.69500000E+01  1.11046611E+00  9.99864503E-01  1.11046611E+00
   114  1.71000000E+01  1.11051373E+00  9.99860809E-01  1.11051373E+00
   115  1.72500000E+01  1.11055842E+00  9.99857448E-01  1.11055842E+00
   116  1.74000000E+01  1.11060035E+00  9.99854494E-01  1.11060035E+00
   117  1.75500000E+01  1.11063968E+00  9.99852025E-01  1.11063968E+00
   118  1.77000000E+01  1.11067658E+00  9.99850130E-01  1.11067658E+00
   119  1.78500000E+01  1.11071119E+00  9.99848906E-01  1.11071119E+00
   120  1.80000000E+01  1.11074366E+00  9.99848462E-01  1.11074366E+00
   121  1.81500000E+01  1.11077413E+00  9.99848918E-01  1.11077413E+00
   122  1.83000000E+01  1.11080273E+00  9.99850404E-01  1.11080273E+00
   123  1.84500000E+01  1.11082957E+00  9.99853067E-01  1.11082957E+00
   124  1.86000000E+01  1.11085478E+00  9.99857065E-01  1.11085478E+00
   125  1.87500000E+01  1.11087846E+00  9.99862573E-01  1.11087846E+00
   126  1.89000000E+01  1.11090071E+00  9.99869785E-01  1.11090071E+00
   127  1.90500000E+01  1.11092162E+00  9.99878909E-01  1.11092162E+00
   128  1.92000000E+01  1.11094178E+00  9.99890175E-01  1.11094178E+00
   129  1.93500000E+01  1.11096281E+00  9.99903834E-01  1.11096281E+00
   130  1.95000000E+01  1.11098259E+00  9.99920159E-01  1.11098259E+00
   131  1.96500000E+01  1.11100121E+00  9.99939446E-01  1.11100121E+00
   132  1.98000000E+01  1.11101875E+00  9.99962017E-01  1.11101875E+00
   133  1.99500000E+01  1.11103528E+00  9.99988221E-01  1.11103528E+00
   134  2.01000000E+01  1.11105086E+00  1.00001844E+00  1.11105086E+00
   135  2.02500000E+01  1.11106556E+00  1.00005307E+00  1.11106556E+00
   136  2.04000000E+01  1.11107944E+00  1.00009257E+00  1.11107944E+00
   137  2.05500000E+01  1.11109255E+00  1.00013741E+00  1.11109255E+00
   138  2.07000000E+01  1.11110495E+00  1.00018811E+00  1.11110495E+00
   139  2.08500000E+01  1.11111668E+00  1.00024521E+00  1.11111668E+00
   140  2.10000000E+01  1.11112778E+00  1.00030932E+00  1.11112778E+00
   141  2.11500000E+01  1.11113830E+00  1.00038108E+00  1.11113830E+00
   142  2.13000000E+01  1.11114827E+00  1.00046118E+00  1.11114827E+00
   143  2.14500000E+01  1.11115773E+00  1.00055035E+00  1.11115773E+00
   144  2.16000000E+01  1.11116671E+00  1.00064940E+00  1.11116671E+00
   145  2.17500000E+01  1.11117524E+00  1.00075918E+00  1.11117524E+00
   146  2.19000000E+01  1.11118336E+00  1.00088059E+00  1.11118336E+00
   147  2.20500000E+01  1.11119107E+00  1.00101460E+00  1.11119107E+00
   148  2.22000000E+01  1.11119841E+00  1.00116225E+00  1.11119841E+00
   149  2.23500000E+01  1.11120541E+00  1.00132465E+00  1.11120541E+00
   150  2.25000000E+01  1.11121208E+00  1.00150297E+00  1.11121208E+00
   151  2.26500000E+01  1.11121843E+00  1.00169846E+00  1.11121843E+00
   152  2.28000000E+01  1.11122450E+00  1.00191245E+00  1.11122450E+00
   153  2.29500000E+01  1.11123029E+00  1.00214633E+00  1.11123029E+00
   154  2.31000000E+01  1.11123582E+00  1.00240160E+00  1.11123582E+00
   155  2.32500000E+01  1.11124110E+00  1.00267983E+00  1.11124110E+00
   156  2.34000000E+01  1.11124615E+00  1.00298267E+00  1.11124615E+00
   157  2.35500000E+01  1.11125098E+00  1.00331187E+00  1.11125098E+00
   158  2.37000000E+01  1.11125561E+00  1.00366925E+00  1.11125561E+00
   159  2.38500000E+01  1.11126004E+00  1.00405674E+00  1.11126004E+00
   160  2.40000000E+01  1.11126427E+00  1.00447635E+00  1.11126427E+00
   161  2.41500000E+01  1.11126834E+00  1.00493018E+00  1.11126834E+00
   162  2.43000000E+01  1.11127223E+00  1.00542040E+00  1.11127223E+00
   163  2.44500000E+01  1.11127596E+00  1.00594930E+00  1.11127596E+00
   164  2.46000000E+01  1.11127954E+00  1.00651920E+00  1.11127954E+00
   165  2.47500000E+01  1.11128298E+00  1.00713253E+00  1.11128298E+00
   166  2.49000000E+01  1.11128627E+00  1.00779177E+00  1.11128627E+00
   167  2.50500000E+01  1.11128943E+00  1.00849945E+00  1.11128943E+00
   168  2.52000000E+01  1.11129247E+00  1.00925815E+00  1.11129247E+00
   169  2.53500000E+01  1.11129539E+00  1.01007047E+00  1.11129539E+00
   170  2.55000000E+01  1.11129819E+00  1.01093904E+00  1.11129819E+00
   171  2.56500000E+01  1.11130088E+00  1.01186645E+00  1.11130088E+00
   172  2.58000000E+01  1.11130347E+00  1.01285531E+00  1.11130347E+00
   173  2.59500000E+01  1.11130596E+00  1.01390814E+00  1.11130596E+00
   174  2.61000000E+01  1.11130835E+00  1.01502739E+00  1.11130835E+00
   175  2.62500000E+01  1.11131065E+00  1.01621544E+00  1.11131065E+00
   176  2.64000000E+01  1.11131286E+00  1.01747447E+00  1.11131286E+00
   177  2.65500000E+01  1.11131499E+00  1.01880654E+00  1.11131499E+00
   178  2.67000000E+01  1.11131703E+00  1.02021344E+00  1.11131703E+00
   179  2.68500000E+01  1.11131900E+00  1.02169671E+00  1.11131900E+00
   180  2.70000000E+01  1.11132090E+00  1.02325756E+00  1.11132090E+00
   181  2.71500000E+01  1.11132272E+00  1.02489681E+00  1.11132272E+00
   182  2.73000000E+01  1.11132448E+00  1.02661480E+00  1.11132448E+00
   183  2.74500000E+01  1.11132617E+00  1.02841136E+00  1.11132617E+00
   184  2.76000000E+01  1.11132779E+00  1.03028569E+00  1.11132779E+00
   185  2.77500000E+01  1.11132936E+00  1.03223629E+00  1.11132936E+00
   186  2.79000000E+01  1.11133087E+00  1.03426088E+00  1.11133087E+00
   187  2.80500000E+01  1.11133232E+00  1.03635629E+00  1.11133232E+00
   188  2.82000000E+01  1.11133372E+00  1.03851839E+00  1.11133372E+00
   189  2.83500000E+01  1.11133507E+00  1.04074202E+00  1.11133507E+00
   190  2.85000000E+01  1.11133637E+00  1.04302088E+00  1.11133637E+00
   191  2.86500000E+01  1.11133762E+00  1.04534750E+00  1.11133762E+00
   192  2.88000000E+01  1.11133882E+00  1.04771320E+00  1.11133882E+00
   193  2.89500000E+01  1.11133998E+00  1.05010806E+00  1.11133998E+00
   194  2.91000000E+01  1.11134110E+00  1.05252095E+00  1.11134110E+00
   195  2.92500000E+01  1.11134218E+00  1.05493963E+00  1.11134218E+00
   196  2.94000000E+01  1.11134322E+00  1.05735079E+00  1.11134322E+00
   197  2.95500000E+01  1.11134422E+00  1.05974030E+00  1.11134422E+00
   198  2.97000000E+01  1.11134519E+00  1.06209339E+00  1.11134519E+00
   199  2.98500000E+01  1.11134612E+00  1.06439500E+00  1.11134612E+00
   200  3.00000000E+01  1.11134702E+00  1.06663010E+00  1.11134702E+00
   201  3.01500000E+01  1.11134788E+00  1.06878419E+00  1.11134788E+00
   202  3.03000000E+01  1.11134872E+00  1.07084374E+00  1.11134872E+00
   203  3.04500000E+01  1.11134952E+00  1.07279669E+00  1.11134952E+00
   204  3.06000000E+01  1.11135030E+00  1.07463304E+00  1.11135030E+00
   205  3.07500000E+01  1.11135105E+00  1.07634528E+00  1.11135105E+00
   206  3.09000000E+01  1.11135177E+00  1.07792883E+00  1.11135177E+00
   207  3.10500000E+01  1.11135247E+00  1.07938240E+00  1.11135247E+00
   208  3.12000000E+01  1.11135314E+00  1.08070809E+00  1.11135314E+00
   209  3.13500000E+01  1.11135379E+00  1.08191133E+00  1.11135379E+00
   210  3.15000000E+01  1.11135441E+00  1.08300066E+00  1.11135441E+00
   211  3.16500000E+01  1.11135502E+00  1.08398714E+00  1.11135502E+00
   212  3.18000000E+01  1.11135560E+00  1.08488361E+00  1.11135560E+00
   213  3.19500000E+01  1.11135616E+00  1.08570369E+00  1.11135616E+00
   214  3.21000000E+01  1.11135670E+00  1.08646070E+00  1.11135670E+00
   215  3.22500000E+01  1.11135723E+00  1.08716654E+00  1.11135723E+00
   216  3.24000000E+01  1.11135773E+00  1.08783062E+00  1.11135773E+00
   217  3.25500000E+01  1.11135822E+00  1.08845903E+00  1.11135822E+00
   218  3.27000000E+01  1.11135869E+00  1.08905409E+00  1.11135869E+00
   219  3.28500000E+01  1.11135914E+00  1.08961425E+00  1.11135914E+00
   220  3.30000000E+01  1.11135958E+00  1.09013456E+00  1.11135958E+00
   221  3.31500000E+01  1.11136000E+00  1.09060756E+00  1.11136000E+00
   222  3.33000000E+01  1.11136041E+00  1.09102462E+00  1.11136041E+00
   223  3.34500000E+01  1.11136081E+00  1.09137744E+00  1.11136081E+00
   224  3.36000000E+01  1.11136119E+00  1.09165974E+00  1.11136119E+00
   225  3.37500000E+01  1.11136156E+00  1.09186871E+00  1.11136156E+00
   226  3.39000000E+01  1.11136191E+00  1.09200612E+00  1.11136191E+00
   227  3.40500000E+01  1.11136226E+00  1.09207887E+00  1.11136226E+00
   228  3.42000000E+01  1.11136259E+00  1.09209885E+00  1.11136259E+00
   229  3.43500000E+01  1.11136291E+00  1.09208217E+00  1.11136291E+00
   230  3.45000000E+01  1.11136322E+00  1.09204775E+00  1.11136322E+00
   231  3.46500000E+01  1.11136352E+00  1.09201550E+00  1.11136352E+00
   232  3.48000000E+01  1.11136381E+00  1.09200424E+00  1.11136381E+00
   233  3.49500000E+01  1.11136408E+00  1.09202988E+00  1.11136408E+00
   234  3.51000000E+01  1.11136435E+00  1.09210375E+00  1.11136435E+00
   235  3.52500000E+01  1.11136461E+00  1.09223169E+00  1.11136461E+00
   236  3.54000000E+01  1.11136487E+00  1.09241370E+00  1.11136487E+00
   237  3.55500000E+01  1.11136511E+00  1.09264444E+00  1.11136511E+00
   238  3.57000000E+01  1.11136534E+00  1.09291429E+00  1.11136534E+00
   239  3.58500000E+01  1.11136557E+00  1.09321084E+00  1.11136557E+00
   240  3.60000000E+01  1.11136579E+00  1.09352072E+00  1.11136579E+00
   241  3.61500000E+01  1.11136600E+00  1.09383124E+00  1.11136600E+00
   242  3.63000000E+01  1.11136621E+00  1.09413185E+00  1.11136621E+00
   243  3.64500000E+01  1.11136641E+00  1.09441507E+00  1.11136641E+00
   244  3.66000000E+01  1.11136660E+00  1.09467694E+00  1.11136660E+00
   245  3.67500000E+01  1.11136678E+00  1.09491683E+00  1.11136678E+00
   246  3.69000000E+01  1.11136696E+00  1.09513692E+00  1.11136696E+00
   247  3.70500000E+01  1.11136714E+00  1.09534123E+00  1.11136714E+00
   248  3.72000000E+01  1.11136730E+00  1.09553463E+00  1.11136730E+00
   249  3.73500000E+01  1.11136747E+00  1.09572187E+00  1.11136747E+00
   250  3.75000000E+01  1.11136762E+00  1.09590680E+00  1.11136762E+00
   251  3.76500000E+01  1.11136777E+00  1.09609186E+00  1.11136777E+00
   252  3.78000000E+01  1.11136792E+00  1.09627797E+00  1.11136792E+00
   253  3.79500000E+01  1.11136806E+00  1.09646461E+00  1.11136806E+00
   254  3.81000000E+01  1.11136820E+00  1.09665019E+00  1.11136820E+00
   255  3.82500000E+01  1.11136833E+00  1.09683252E+00  1.11136833E+00
   256  3.84000000E+01  1.11136846E+00  1.09700926E+00  1.11136846E+00
   257  3.85500000E+01  1.11136858E+00  1.09717840E+00  1.11136858E+00
   258  3.87000000E+01  1.11136870E+00  1.09733846E+00  1.11136870E+00
   259  3.88500000E+01  1.11136882E+00  1.09748868E+00  1.11136882E+00
   260  3.90000000E+01  1.11136893E+00  1.09762901E+00  1.11136893E+00
   261  3.91500000E+01  1.11136904E+00  1.09775993E+00  1.11136904E+00
   262  3.93000000E+01  1.11136914E+00  1.09788229E+00  1.11136914E+00
   263  3.94500000E+01  1.11136925E+00  1.09799712E+00  1.11136925E+00
   264  3.96000000E+01  1.11136934E+00  1.09810538E+00  1.11136934E+00
   265  3.97500000E+01  1.11136944E+00  1.09820790E+00  1.11136944E+00
   266  3.99000000E+01  1.11136953E+00  1.09830527E+00  1.11136953E+00
   267  4.00500000E+01  1.11136962E+00  1.09839783E+00  1.11136962E+00
   268  4.02000000E+01  1.11136971E+00  1.09848573E+00  1.11136971E+00
   269  4.03500000E+01  1.11136979E+00  1.09856900E+00  1.11136979E+00
   270  4.05000000E+01  1.11136987E+00  1.09864762E+00  1.11136987E+00
   271  4.06500000E+01  1.11136995E+00  1.09872156E+00  1.11136995E+00
   272  4.08000000E+01  1.11137003E+00  1.09879089E+00  1.11137003E+00
   273  4.09500000E+01  1.11137010E+00  1.09885573E+00  1.11137010E+00
   274  4.11000000E+01  1.11137017E+00  1.09891629E+00  1.11137017E+00
   275  4.12500000E+01  1.11137024E+00  1.09897284E+00  1.11137024E+00
   276  4.14000000E+01  1.11137031E+00  1.09902568E+00  1.11137031E+00
   277  4.15500000E+01  1.11137037E+00  1.09907513E+00  1.11137037E+00
   278  4.17000000E+01  1.11137043E+00  1.09912145E+00  1.11137043E+00
   279  4.18500000E+01  1.11137049E+00  1.09916492E+00  1.11137049E+00
   280  4.20000000E+01  1.11137055E+00  1.09920575E+00  1.11137055E+00
   281  4.21500000E+01  1.11137061E+00  1.09924411E+00  1.11137061E+00
   282  4.23000000E+01  1.11137066E+00  1.09928016E+00  1.11137066E+00
   283  4.24500000E+01  1.11137072E+00  1.09931402E+00  1.11137072E+00
   284  4.26000000E+01  1.11137077E+00  1.09934581E+00  1.11137077E+00
   285  4.27500000E+01  1.11137082E+00  1.09937566E+00  1.11137082E+00
   286  4.29000000E+01  1.11137086E+00  1.09940367E+00  1.11137086E+00
   287  4.30500000E+01  1.11137091E+00  1.09942997E+00  1.11137091E+00
   288  4.32000000E+01  1.11137096E+00  1.09945466E+00  1.11137096E+00
   289  4.33500000E+01  1.11137100E+00  1.09947786E+00  1.11137100E+00
   290  4.35000000E+01  1.11137104E+00  1.09949969E+00  1.11137104E+00
   291  4.36500000E+01  1.11137108E+00  1.09952023E+00  1.11137108E+00
   292  4.38000000E+01  1.11137112E+00  1.09953959E+00  1.11137112E+00
   293  4.39500000E+01  1.11137116E+00  1.09955785E+00  1.11137116E+00
   294  4.41000000E+01  1.11137120E+00  1.09957509E+00  1.11137120E+00
   295  4.42500000E+01  1.11137124E+00  1.09959137E+00  1.11137124E+00
   296  4.44000000E+01  1.11137127E+00  1.09960675E+00  1.11137127E+00
   297  4.45500000E+01  1.11137131E+00  1.09962129E+00  1.11137131E+00
   298  4.47000000E+01  1.11137134E+00  1.09963506E+00  1.11137134E+00
   299  4.48500000E+01  1.11137137E+00  1.09964809E+00  1.11137137E+00
   300  4.50000000E+01  1.11137140E+00  1.09966043E+00  1.11137140E+00
   301  4.51500000E+01  1.11137143E+00  1.09967213E+00  1.11137143E+00
   302  4.53000000E+01  1.11137146E+00  1.09968323E+00  1.11137146E+00
   303  4.54500000E+01  1.11137149E+00  1.09969377E+00  1.11137149E+00
   304  4.56000000E+01  1.11137152E+00  1.09970378E+00  1.11137152E+00
   305  4.57500000E+01  1.11137154E+00  1.09971331E+00  1.11137154E+00
   306  4.59000000E+01  1.11137157E+00  1.09972237E+00  1.11137157E+00
   307  4.60500000E+01  1.11137159E+00  1.09973099E+00  1.11137159E+00
   308  4.62000000E+01  1.11137162E+00  1.09973921E+00  1.11137162E+00
   309  4.63500000E+01  1.11137164E+00  1.09974704E+00  1.11137164E+00
   310  4.65000000E+01  1.11137166E+00  1.09975451E+00  1.11137166E+00
   311  4.66500000E+01  1.11137168E+00  1.09976164E+00  1.11137168E+00
   312  4.68000000E+01  1.11137171E+00  1.09976844E+00  1.11137171E+00
   313  4.69500000E+01  1.11137173E+00  1.09977494E+00  1.11137173E+00
   314  4.71000000E+01  1.11137175E+00  1.09978115E+00  1.11137175E+00
   315  4.72500000E+01  1.11137177E+00  1.09978709E+00  1.11137177E+00
   316  4.74000000E+01  1.11137178E+00  1.09979278E+00  1.11137178E+00
   317  4.75500000E+01  1.11137180E+00  1.09979821E+00  1.11137180E+00
   318  4.77000000E+01  1.11137182E+00  1.09980342E+00  1.11137182E+00
   319  4.78500000E+01  1.11137184E+00  1.09980841E+00  1.11137184E+00
   320  4.80000000E+01  1.11137185E+00  1.09981319E+00  1.11137185E+00
   321  4.81500000E+01  1.11137187E+00  1.09981777E+00  1.11137187E+00
   322  4.83000000E+01  1.11137189E+00  1.09982216E+00  1.11137189E+00
   323  4.84500000E+01  1.11137190E+00  1.09982637E+00  1.11137190E+00
   324  4.86000000E+01  1.11137192E+00  1.09983041E+00  1.11137192E+00
   325  4.87500000E+01  1.11137193E+00  1.09983428E+00  1.11137193E+00
   326  4.89000000E+01  1.11137194E+00  1.09983801E+00  1.11137194E+00
   327  4.90500000E+01  1.11137196E+00  1.09984158E+00  1.11137196E+00
   328  4.92000000E+01  1.11137197E+00  1.09984501E+00  1.11137197E+00
   329  4.93500000E+01  1.11137198E+00  1.09984830E+00  1.11137198E+00
   330  4.95000000E+01  1.11137200E+00  1.09985147E+00  1.11137200E+00
   331  4.96500000E+01  1.11137201E+00  1.09985451E+00  1.11137201E+00
   332  4.98000000E+01  1.11137202E+00  1.09985744E+00  1.11137202E+00
   333  4.99500000E+01  1.11137203E+00  1.09986025E+00  1.11137203E+00
   334  5.01000000E+01  1.11137204E+00  1.09986295E+00  1.11137204E+00
   335  5.02500000E+01  1.11137205E+00  1.09986555E+00  1.11137205E+00
   336  5.04000000E+01  1.11137206E+00  1.09986805E+00  1.11137206E+00
   337  5.05500000E+01  1.11137207E+00  1.09987046E+00  1.11137207E+00
   338  5.07000000E+01  1.11137208E+00  1.09987277E+00  1.11137208E+00
   339  5.08500000E+01  1.11137209E+00  1.09987499E+00  1.11137209E+00
   340  5.10000000E+01  1.11137210E+00  1.09987714E+00  1.11137210E+00
   341  5.11500000E+01  1.11137211E+00  1.09987920E+00  1.11137211E+00
   342  5.13000000E+01  1.11137212E+00  1.09988118E+00  1.11137212E+00
   343  5.14500000E+01  1.11137212E+00  1.09988309E+00  1.11137212E+00
   344  5.16000000E+01  1.11137213E+00  1.09988493E+00  1.11137213E+00
   345  5.17500000E+01  1.11137214E+00  1.09988670E+00  1.11137214E+00
   346  5.19000000E+01  1.11137215E+00  1.09988840E+00  1.11137215E+00
   347  5.20500000E+01  1.11137215E+00  1.09989004E+00  1.11137215E+00
   348  5.22000000E+01  1.11137216E+00  1.09989162E+00  1.11137216E+00
   349  5.23500000E+01  1.11137217E+00  1.09989314E+00  1.11137217E+00
   350  5.25000000E+01  1.11137218E+00  1.09989461E+00  1.11137218E+00
   351  5.26500000E+01  1.11137218E+00  1.09989602E+00  1.11137218E+00
   352  5.28000000E+01  1.11137219E+00  1.09989738E+00  1.11137219E+00
   353  5.29500000E+01  1.11137219E+00  1.09989869E+00  1.11137219E+00
   354  5.31000000E+01  1.11137220E+00  1.09989995E+00  1.11137220E+00
   355  5.32500000E+01  1.11137221E+00  1.09990117E+00  1.11137221E+00
   356  5.34000000E+01  1.11137221E+00  1.09990234E+00  1.11137221E+00
   357  5.35500000E+01  1.11137222E+00  1.09990347E+00  1.11137222E+00
   358  5.37000000E+01  1.11137222E+00  1.09990456E+00  1.11137222E+00
   359  5.38500000E+01  1.11137223E+00  1.09990561E+00  1.11137223E+00
   360  5.40000000E+01  1.11137223E+00  1.09990662E+00  1.11137223E+00
   361  5.41500000E+01  1.11137224E+00  1.09990760E+00  1.11137224E+00
   362  5.43000000E+01  1.11137224E+00  1.09990854E+00  1.11137224E+00
   363  5.44500000E+01  1.11137225E+00  1.09990944E+00  1.11137225E+00
   364  5.46000000E+01  1.11137225E+00  1.09991032E+00  1.11137225E+00
   365  5.47500000E+01  1.11137225E+00  1.09991116E+00  1.11137225E+00
   366  5.49000000E+01  1.11137226E+00  1.09991197E+00  1.11137226E+00
   367  5.50500000E+01  1.11137226E+00  1.09991276E+00  1.11137226E+00
   368  5.52000000E+01  1.11137227E+00  1.09991351E+00  1.11137227E+00
   369  5.53500000E+01  1.11137227E+00  1.09991424E+00  1.11137227E+00
   370  5.55000000E+01  1.11137227E+00  1.09991495E+00  1.11137227E+00
   371  5.56500000E+01  1.11137228E+00  1.09991562E+00  1.11137228E+00
   372  5.58000000E+01  1.11137228E+00  1.09991628E+00  1.11137228E+00
   373  5.59500000E+01  1.11137228E+00  1.09991691E+00  1.11137228E+00
   374  5.61000000E+01  1.11137229E+00  1.09991752E+00  1.11137229E+00
   375  5.62500000E+01  1.11137229E+00  1.09991811E+00  1.11137229E+00
   376  5.64000000E+01  1.11137229E+00  1.09991868E+00  1.11137229E+00
   377  5.65500000E+01  1.11137230E+00  1.09991922E+00  1.11137230E+00
   378  5.67000000E+01  1.11137230E+00  1.09991975E+00  1.11137230E+00
   379  5.68500000E+01  1.11137230E+00  1.09992026E+00  1.11137230E+00
   380  5.70000000E+01  1.11137231E+00  1.09992075E+00  1.11137231E+00
   381  5.71500000E+01  1.11137231E+00  1.09992123E+00  1.11137231E+00
   382  5.73000000E+01  1.11137231E+00  1.09992169E+00  1.11137231E+00
   383  5.74500000E+01  1.11137231E+00  1.09992213E+00  1.11137231E+00
   384  5.76000000E+01  1.11137232E+00  1.09992256E+00  1.11137232E+00
   385  5.77500000E+01  1.11137232E+00  1.09992297E+00  1.11137232E+00
   386  5.79000000E+01  1.11137232E+00  1.09992337E+00  1.11137232E+00
   387  5.80500000E+01  1.11137232E+00  1.09992376E+00  1.11137232E+00
   388  5.82000000E+01  1.11137232E+00  1.09992413E+00  1.11137232E+00
   389  5.83500000E+01  1.11137233E+00  1.09992449E+00  1.11137233E+00
   390  5.85000000E+01  1.11137233E+00  1.09992483E+00  1.11137233E+00
   391  5.86500000E+01  1.11137233E+00  1.09992517E+00  1.11137233E+00
   392  5.88000000E+01  1.11137233E+00  1.09992549E+00  1.11137233E+00
   393  5.89500000E+01  1.11137233E+00  1.09992581E+00  1.11137233E+00
   394  5.91000000E+01  1.11137234E+00  1.09992611E+00  1.11137234E+00
   395  5.92500000E+01  1.11137234E+00  1.09992640E+00  1.11137234E+00
   396  5.94000000E+01  1.11137234E+00  1.09992668E+00  1.11137234E+00
   397  5.95500000E+01  1.11137234E+00  1.09992695E+00  1.11137234E+00
   398  5.97000000E+01  1.11137234E+00  1.09992722E+00  1.11137234E+00
   399  5.98500000E+01  1.11137234E+00  1.09992747E+00  1.11137234E+00
   400  6.00000000E+01  1.11137235E+00  1.09992772E+00  1.11137235E+00
   401  6.01500000E+01  1.11137235E+00  1.09992796E+00  1.11137235E+00
   402  6.03000000E+01  1.11137235E+00  1.09992819E+00  1.11137235E+00
   403  6.04500000E+01  1.11137235E+00  1.09992841E+00  1.11137235E+00
   404  6.06000000E+01  1.11137235E+00  1.09992862E+00  1.11137235E+00
   405  6.07500000E+01  1.11137235E+00  1.09992883E+00  1.11137235E+00
   406  6.09000000E+01  1.11137235E+00  1.09992903E+00  1.11137235E+00
   407  6.10500000E+01  1.11137236E+00  1.09992922E+00  1.11137236E+00
   408  6.12000000E+01  1.11137236E+00  1.09992941E+00  1.11137236E+00
   409  6.13500000E+01  1.11137236E+00  1.09992959E+00  1.11137236E+00
   410  6.15000000E+01  1.11137236E+00  1.09992977E+00  1.11137236E+00
   411  6.16500000E+01  1.11137236E+00  1.09992994E+00  1.11137236E+00
   412  6.18000000E+01  1.11137236E+00  1.09993010E+00  1.11137236E+00
   413  6.19500000E+01  1.11137236E+00  1.09993026E+00  1.11137236E+00
   414  6.21000000E+01  1.11137236E+00  1.09993041E+00  1.11137236E+00
   415  6.22500000E+01  1.11137236E+00  1.09993056E+00  1.11137236E+00
   416  6.24000000E+01  1.11137237E+00  1.09993070E+00  1.11137237E+00
   417  6.25500000E+01  1.11137237E+00  1.09993084E+00  1.11137237E+00
   418  6.27000000E+01  1.11137237E+00  1.09993098E+00  1.11137237E+00
   419  6.28500000E+01  1.11137237E+00  1.09993111E+00  1.11137237E+00
   420  6.30000000E+01  1.11137237E+00  1.09993123E+00  1.11137237E+00
   421  6.31500000E+01  1.11137237E+00  1.09993135E+00  1.11137237E+00
   422  6.33000000E+01  1.11137237E+00  1.09993147E+00  1.11137237E+00
   423  6.34500000E+01  1.11137237E+00  1.09993159E+00  1.11137237E+00
   424  6.36000000E+01  1.11137237E+00  1.09993170E+00  1.11137237E+00
   425  6.37500000E+01  1.11137237E+00  1.09993180E+00  1.11137237E+00
   426  6.39000000E+01  1.11137237E+00  1.09993191E+00  1.11137237E+00
   427  6.40500000E+01  1.11137237E+00  1.09993200E+00  1.11137237E+00
   428  6.42000000E+01  1.11137237E+00  1.09993210E+00  1.11137237E+00
   429  6.43500000E+01  1.11137238E+00  1.09993219E+00  1.11137238E+00
   430  6.45000000E+01  1.11137238E+00  1.09993228E+00  1.11137238E+00
   431  6.46500000E+01  1.11137238E+00  1.09993237E+00  1.11137238E+00
   432  6.48000000E+01  1.11137238E+00  1.09993246E+00  1.11137238E+00
   433  6.49500000E+01  1.11137238E+00  1.09993254E+00  1.11137238E+00
   434  6.51000000E+01  1.11137238E+00  1.09993262E+00  1.11137238E+00
   435  6.52500000E+01  1.11137238E+00  1.09993269E+00  1.11137238E+00
   436  6.54000000E+01  1.11137238E+00  1.09993277E+00  1.11137238E+00
   437  6.55500000E+01  1.11137238E+00  1.09993284E+00  1.11137238E+00
   438  6.57000000E+01  1.11137238E+00  1.09993291E+00  1.11137238E+00
   439  6.58500000E+01  1.11137238E+00  1.09993298E+00  1.11137238E+00
   440  6.60000000E+01  1.11137238E+00  1.09993304E+00  1.11137238E+00
   441  6.61500000E+01  1.11137238E+00  1.09993311E+00  1.11137238E+00
   442  6.63000000E+01  1.11137238E+00  1.09993317E+00  1.11137238E+00
   443  6.64500000E+01  1.11137238E+00  1.09993323E+00  1.11137238E+00
   444  6.66000000E+01  1.11137238E+00  1.09993328E+00  1.11137238E+00
   445  6.67500000E+01  1.11137238E+00  1.09993334E+00  1.11137238E+00
   446  6.69000000E+01  1.11137238E+00  1.09993339E+00  1.11137238E+00
   447  6.70500000E+01  1.11137238E+00  1.09993345E+00  1.11137238E+00
   448  6.72000000E+01  1.11137239E+00  1.09993350E+00  1.11137239E+00
   449  6.73500000E+01  1.11137239E+00  1.09993355E+00  1.11137239E+00
   450  6.75000000E+01  1.11137239E+00  1.09993359E+00  1.11137239E+00
   451  6.76500000E+01  1.11137239E+00  1.09993364E+00  1.11137239E+00
   452  6.78000000E+01  1.11137239E+00  1.09993368E+00  1.11137239E+00
   453  6.79500000E+01  1.11137239E+00  1.09993373E+00  1.11137239E+00
   454  6.81000000E+01  1.11137239E+00  1.09993377E+00  1.11137239E+00
   455  6.82500000E+01  1.11137239E+00  1.09993381E+00  1.11137239E+00
   456  6.84000000E+01  1.11137239E+00  1.09993385E+00  1.11137239E+00
   457  6.85500000E+01  1.11137239E+00  1.09993389E+00  1.11137239E+00
   458  6.87000000E+01  1.11137239E+00  1.09993392E+00  1.11137239E+00
   459  6.88500000E+01  1.11137239E+00  1.09993396E+00  1.11137239E+00
   460  6.90000000E+01  1.11137239E+00  1.09993399E+00  1.11137239E+00
   461  6.91500000E+01  1.11137239E+00  1.09993403E+00  1.11137239E+00
   462  6.93000000E+01  1.11137239E+00  1.09993406E+00  1.11137239E+00
   463  6.94500000E+01  1.11137239E+00  1.09993409E+00  1.11137239E+00
   464  6.96000000E+01  1.11137239E+00  1.09993412E+00  1.11137239E+00
   465  6.97500000E+01  1.11137239E+00  1.09993415E+00  1.11137239E+00
   466  6.99000000E+01  1.11137239E+00  1.09993418E+00  1.11137239E+00
   467  7.00500000E+01  1.11137239E+00  1.09993421E+00  1.11137239E+00
   468  7.02000000E+01  1.11137239E+00  1.09993423E+00  1.11137239E+00
   469  7.03500000E+01  1.11137239E+00  1.09993426E+00  1.11137239E+00
   470  7.05000000E+01  1.11137239E+00  1.09993428E+00  1.11137239E+00
   471  7.06500000E+01  1.11137239E+00  1.09993431E+00  1.11137239E+00
   472  7.08000000E+01  1.11137239E+00  1.09993433E+00  1.11137239E+00
   473  7.09500000E+01  1.11137239E+00  1.09993435E+00  1.11137239E+00
   474  7.11000000E+01  1.11137239E+00  1.09993438E+00  1.11137239E+00
   475  7.12500000E+01  1.11137239E+00  1.09993440E+00  1.11137239E+00
   476  7.14000000E+01  1.11137239E+00  1.09993442E+00  1.11137239E+00
   477  7.15500000E+01  1.11137239E+00  1.09993444E+00  1.11137239E+00
   478  7.17000000E+01  1.11137239E+00  1.09993446E+00  1.11137239E+00
   479  7.18500000E+01  1.11137239E+00  1.09993448E+00  1.11137239E+00
   480  7.20000000E+01  1.11137239E+00  1.09993450E+00  1.11137239E+00
   481  7.21500000E+01  1.11137239E+00  1.09993451E+00  1.11137239E+00
   482  7.23000000E+01  1.11137239E+00  1.09993453E+00  1.11137239E+00
   483  7.24500000E+01  1.11137239E+00  1.09993455E+00  1.11137239E+00
   484  7.26000000E+01  1.11137239E+00  1.09993457E+00  1.11137239E+00
   485  7.27500000E+01  1.11137239E+00  1.09993458E+00  1.11137239E+00
   486  7.29000000E+01  1.11137239E+00  1.09993460E+00  1.11137239E+00
   487  7.30500000E+01  1.11137239E+00  1.09993461E+00  1.11137239E+00
   488  7.32000000E+01  1.11137239E+00  1.09993463E+00  1.11137239E+00
   489  7.33500000E+01  1.11137239E+00  1.09993464E+00  1.11137239E+00
   490  7.35000000E+01  1.11137239E+00  1.09993465E+00  1.11137239E+00
   491  7.36500000E+01  1.11137239E+00  1.09993467E+00  1.11137239E+00
   492  7.38000000E+01  1.11137239E+00  1.09993468E+00  1.11137239E+00
   493  7.39500000E+01  1.11137239E+00  1.09993469E+00  1.11137239E+00
   494  7.41000000E+01  1.11137239E+00  1.09993470E+00  1.11137239E+00
   495  7.42500000E+01  1.11137240E+00  1.09993472E+00  1.11137240E+00
   496  7.44000000E+01  1.11137240E+00  1.09993473E+00  1.11137240E+00
   497  7.45500000E+01  1.11137240E+00  1.09993474E+00  1.11137240E+00
   498  7.47000000E+01  1.11137240E+00  1.09993475E+00  1.11137240E+00
   499  7.48500000E+01  1.11137240E+00  1.09993476E+00  1.11137240E+00
   500  7.50000000E+01  1.11137240E+00  1.09993477E+00  1.11137240E+00
   501  7.51500000E+01  1.11137240E+00  1.09993478E+00  1.11137240E+00
   502  7.53000000E+01  1.11137240E+00  1.09993479E+00  1.11137240E+00
   503  7.54500000E+01  1.11137240E+00  1.09993480E+00  1.11137240E+00
   504  7.56000000E+01  1.11137240E+00  1.09993481E+00  1.11137240E+00
   505  7.57500000E+01  1.11137240E+00  1.09993481E+00  1.11137240E+00
   506  7.59000000E+01  1.11137240E+00  1.09993482E+00  1.11137240E+00
   507  7.60500000E+01  1.11137240E+00  1.09993483E+00  1.11137240E+00
   508  7.62000000E+01  1.11137240E+00  1.09993484E+00  1.11137240E+00
   509  7.63500000E+01  1.11137240E+00  1.09993485E+00  1.11137240E+00
   510  7.65000000E+01  1.11137240E+00  1.09993485E+00  1.11137240E+00
   511  7.66500000E+01  1.11137240E+00  1.09993486E+00  1.11137240E+00
   512  7.68000000E+01  1.11137240E+00  1.09993487E+00  1.11137240E+00
   513  7.69500000E+01  1.11137240E+00  1.09993487E+00  1.11137240E+00
   514  7.71000000E+01  1.11137240E+00  1.09993488E+00  1.11137240E+00
   515  7.72500000E+01  1.11137240E+00  1.09993489E+00  1.11137240E+00
   516  7.74000000E+01  1.11137240E+00  1.09993489E+00  1.11137240E+00
   517  7.75500000E+01  1.11137240E+00  1.09993490E+00  1.11137240E+00
   518  7.77000000E+01  1.11137240E+00  1.09993491E+00  1.11137240E+00
   519  7.78500000E+01  1.11137240E+00  1.09993491E+00  1.11137240E+00
   520  7.80000000E+01  1.11137240E+00  1.09993492E+00  1.11137240E+00
   521  7.81500000E+01  1.11137240E+00  1.09993492E+00  1.11137240E+00
   522  7.83000000E+01  1.11137240E+00  1.09993493E+00  1.11137240E+00
   523  7.84500000E+01  1.11137240E+00  1.09993493E+00  1.11137240E+00
   524  7.86000000E+01  1.11137240E+00  1.09993494E+00  1.11137240E+00
   525  7.87500000E+01  1.11137240E+00  1.09993494E+00  1.11137240E+00
   526  7.89000000E+01  1.11137240E+00  1.09993495E+00  1.11137240E+00
   527  7.90500000E+01  1.11137240E+00  1.09993495E+00  1.11137240E+00
   528  7.92000000E+01  1.11137240E+00  1.09993496E+00  1.11137240E+00
   529  7.93500000E+01  1.11137240E+00  1.09993496E+00  1.11137240E+00
   530  7.95000000E+01  1.11137240E+00  1.09993496E+00  1.11137240E+00
   531  7.96500000E+01  1.11137240E+00  1.09993497E+00  1.11137240E+00
   532  7.98000000E+01  1.11137240E+00  1.09993497E+00  1.11137240E+00
   533  7.99500000E+01  1.11137240E+00  1.09993498E+00  1.11137240E+00
   534  8.01000000E+01  1.11137240E+00  1.09993498E+00  1.11137240E+00
   535  8.02500000E+01  1.11137240E+00  1.09993498E+00  1.11137240E+00
   536  8.04000000E+01  1.11137240E+00  1.09993499E+00  1.11137240E+00
   537  8.05500000E+01  1.11137240E+00  1.09993499E+00  1.11137240E+00
   538  8.07000000E+01  1.11137240E+00  1.09993499E+00  1.11137240E+00
   539  8.08500000E+01  1.11137240E+00  1.09993500E+00  1.11137240E+00
   540  8.10000000E+01  1.11137240E+00  1.09993500E+00  1.11137240E+00
   541  8.11500000E+01  1.11137240E+00  1.09993500E+00  1.11137240E+00
   542  8.13000000E+01  1.11137240E+00  1.09993500E+00  1.11137240E+00
   543  8.14500000E+01  1.11137240E+00  1.09993501E+00  1.11137240E+00
   544  8.16000000E+01  1.11137240E+00  1.09993501E+00  1.11137240E+00
   545  8.17500000E+01  1.11137240E+00  1.09993501E+00  1.11137240E+00
   546  8.19000000E+01  1.11137240E+00  1.09993501E+00  1.11137240E+00
   547  8.20500000E+01  1.11137240E+00  1.09993502E+00  1.11137240E+00
   548  8.22000000E+01  1.11137240E+00  1.09993502E+00  1.11137240E+00
   549  8.23500000E+01  1.11137240E+00  1.09993502E+00  1.11137240E+00
   550  8.25000000E+01  1.11137240E+00  1.09993502E+00  1.11137240E+00
   551  8.26500000E+01  1.11137240E+00  1.09993503E+00  1.11137240E+00
   552  8.28000000E+01  1.11137240E+00  1.09993503E+00  1.11137240E+00
   553  8.29500000E+01  1.11137240E+00  1.09993503E+00  1.11137240E+00
   554  8.31000000E+01  1.11137240E+00  1.09993503E+00  1.11137240E+00
   555  8.32500000E+01  1.11137240E+00  1.09993503E+00  1.11137240E+00
   556  8.34000000E+01  1.11137240E+00  1.09993504E+00  1.11137240E+00
   557  8.35500000E+01  1.11137240E+00  1.09993504E+00  1.11137240E+00
   558  8.37000000E+01  1.11137240E+00  1.09993504E+00  1.11137240E+00
   559  8.38500000E+01  1.11137240E+00  1.09993504E+00  1.11137240E+00
   560  8.40000000E+01  1.11137240E+00  1.09993504E+00  1.11137240E+00
   561  8.41500000E+01  1.11137240E+00  1.09993505E+00  1.11137240E+00
   562  8.43000000E+01  1.11137240E+00  1.09993505E+00  1.11137240E+00
   563  8.44500000E+01  1.11137240E+00  1.09993505E+00  1.11137240E+00
   564  8.46000000E+01  1.11137240E+00  1.09993505E+00  1.11137240E+00
   565  8.47500000E+01  1.11137240E+00  1.09993505E+00  1.11137240E+00
   566  8.49000000E+01  1.11137240E+00  1.09993505E+00  1.11137240E+00
   567  8.50500000E+01  1.11137240E+00  1.09993505E+00  1.11137240E+00
   568  8.52000000E+01  1.11137240E+00  1.09993506E+00  1.11137240E+00
   569  8.53500000E+01  1.11137240E+00  1.09993506E+00  1.11137240E+00
   570  8.55000000E+01  1.11137240E+00  1.09993506E+00  1.11137240E+00
   571  8.56500000E+01  1.11137240E+00  1.09993506E+00  1.11137240E+00
   572  8.58000000E+01  1.11137240E+00  1.09993506E+00  1.11137240E+00
   573  8.59500000E+01  1.11137240E+00  1.09993506E+00  1.11137240E+00
   574  8.61000000E+01  1.11137240E+00  1.09993506E+00  1.11137240E+00
   575  8.62500000E+01  1.11137240E+00  1.09993506E+00  1.11137240E+00
   576  8.64000000E+01  1.11137240E+00  1.09993506E+00  1.11137240E+00
   577  8.65500000E+01  1.11137240E+00  1.09993507E+00  1.11137240E+00
   578  8.67000000E+01  1.11137240E+00  1.09993507E+00  1.11137240E+00
   579  8.68500000E+01  1.11137240E+00  1.09993507E+00  1.11137240E+00
   580  8.70000000E+01  1.11137240E+00  1.09993507E+00  1.11137240E+00
   581  8.71500000E+01  1.11137240E+00  1.09993507E+00  1.11137240E+00
   582  8.73000000E+01  1.11137240E+00  1.09993507E+00  1.11137240E+00
   583  8.74500000E+01  1.11137240E+00  1.09993507E+00  1.11137240E+00
   584  8.76000000E+01  1.11137240E+00  1.09993507E+00  1.11137240E+00
   585  8.77500000E+01  1.11137240E+00  1.09993507E+00  1.11137240E+00
   586  8.79000000E+01  1.11137240E+00  1.09993507E+00  1.11137240E+00
   587  8.80500000E+01  1.11137240E+00  1.09993507E+00  1.11137240E+00
   588  8.82000000E+01  1.11137240E+00  1.09993508E+00  1.11137240E+00
   589  8.83500000E+01  1.11137240E+00  1.09993508E+00  1.11137240E+00
   590  8.85000000E+01  1.11137240E+00  1.09993508E+00  1.11137240E+00
   591  8.86500000E+01  1.11137240E+00  1.09993508E+00  1.11137240E+00
   592  8.88000000E+01  1.11137240E+00  1.09993508E+00  1.11137240E+00
   593  8.89500000E+01  1.11137240E+00  1.09993508E+00  1.11137240E+00
   594  8.91000000E+01  1.11137240E+00  1.09993508E+00  1.11137240E+00
   595  8.92500000E+01  1.11137240E+00  1.09993508E+00  1.11137240E+00
   596  8.94000000E+01  1.11137240E+00  1.09993508E+00  1.11137240E+00
   597  8.95500000E+01  1.11137240E+00  1.09993508E+00  1.11137240E+00
   598  8.97000000E+01  1.11137240E+00  1.09993508E+00  1.11137240E+00
   599  8.98500000E+01  1.11137240E+00  1.09993508E+00  1.11137240E+00
   600  9.00000000E+01  1.11137240E+00  1.09993508E+00  1.11137240E+00
   601  9.01500000E+01  1.11137240E+00  1.09993508E+00  1.11137240E+00
   602  9.03000000E+01  1.11137240E+00  1.09993508E+00  1.11137240E+00
   603  9.04500000E+01  1.11137240E+00  1.09993508E+00  1.11137240E+00
   604  9.06000000E+01  1.11137240E+00  1.09993508E+00  1.11137240E+00
   605  9.07500000E+01  1.11137240E+00  1.09993509E+00  1.11137240E+00
   606  9.09000000E+01  1.11137240E+00  1.09993509E+00  1.11137240E+00
   607  9.10500000E+01  1.11137240E+00  1.09993509E+00  1.11137240E+00
   608  9.12000000E+01  1.11137240E+00  1.09993509E+00  1.11137240E+00
   609  9.13500000E+01  1.11137240E+00  1.09993509E+00  1.11137240E+00
   610  9.15000000E+01  1.11137240E+00  1.09993509E+00  1.11137240E+00
   611  9.16500000E+01  1.11137240E+00  1.09993509E+00  1.11137240E+00
   612  9.18000000E+01  1.11137240E+00  1.09993509E+00  1.11137240E+00
   613  9.19500000E+01  1.11137240E+00  1.09993509E+00  1.11137240E+00
   614  9.21000000E+01  1.11137240E+00  1.09993509E+00  1.11137240E+00
   615  9.22500000E+01  1.11137240E+00  1.09993509E+00  1.11137240E+00
   616  9.24000000E+01  1.11137240E+00  1.09993509E+00  1.11137240E+00
   617  9.25500000E+01  1.11137240E+00  1.09993509E+00  1.11137240E+00
   618  9.27000000E+01  1.11137240E+00  1.09993509E+00  1.11137240E+00
   619  9.28500000E+01  1.11137240E+00  1.09993509E+00  1.11137240E+00
   620  9.30000000E+01  1.11137240E+00  1.09993509E+00  1.11137240E+00
   621  9.31500000E+01  1.11137240E+00  1.09993509E+00  1.11137240E+00
   622  9.33000000E+01  1.11137240E+00  1.09993509E+00  1.11137240E+00
   623  9.34500000E+01  1.11137240E+00  1.09993509E+00  1.11137240E+00
   624  9.36000000E+01  1.11137240E+00  1.09993509E+00  1.11137240E+00
   625  9.37500000E+01  1.11137240E+00  1.09993509E+00  1.11137240E+00
   626  9.39000000E+01  1.11137240E+00  1.09993509E+00  1.11137240E+00
   627  9.40500000E+01  1.11137240E+00  1.09993509E+00  1.11137240E+00
   628  9.42000000E+01  1.11137240E+00  1.09993509E+00  1.11137240E+00
   629  9.43500000E+01  1.11137240E+00  1.09993509E+00  1.11137240E+00
   630  9.45000000E+01  1.11137240E+00  1.09993509E+00  1.11137240E+00
   631  9.46500000E+01  1.11137240E+00  1.09993509E+00  1.11137240E+00
   632  9.48000000E+01  1.11137240E+00  1.09993509E+00  1.11137240E+00
   633  9.49500000E+01  1.11137240E+00  1.09993509E+00  1.11137240E+00
   634  9.51000000E+01  1.11137240E+00  1.09993509E+00  1.11137240E+00
   635  9.52500000E+01  1.11137240E+00  1.09993509E+00  1.11137240E+00
   636  9.54000000E+01  1.11137240E+00  1.09993509E+00  1.11137240E+00
   637  9.55500000E+01  1.11137240E+00  1.09993509E+00  1.11137240E+00
   638  9.57000000E+01  1.11137240E+00  1.09993510E+00  1.11137240E+00
   639  9.58500000E+01  1.11137240E+00  1.09993510E+00  1.11137240E+00
   640  9.60000000E+01  1.11137240E+00  1.09993510E+00  1.11137240E+00
   641  9.61500000E+01  1.11137240E+00  1.09993510E+00  1.11137240E+00
   642  9.63000000E+01  1.11137240E+00  1.09993510E+00  1.11137240E+00
   643  9.64500000E+01  1.11137240E+00  1.09993510E+00  1.11137240E+00
   644  9.66000000E+01  1.11137240E+00  1.09993510E+00  1.11137240E+00
   645  9.67500000E+01  1.11137240E+00  1.09993510E+00  1.11137240E+00
   646  9.69000000E+01  1.11137240E+00  1.09993510E+00  1.11137240E+00
   647  9.70500000E+01  1.11137240E+00  1.09993510E+00  1.11137240E+00
   648  9.72000000E+01  1.11137240E+00  1.09993510E+00  1.11137240E+00
   649  9.73500000E+01  1.11137240E+00  1.09993510E+00  1.11137240E+00
   650  9.75000000E+01  1.11137240E+00  1.09993510E+00  1.11137240E+00
   651  9.76500000E+01  1.11137240E+00  1.09993510E+00  1.11137240E+00
   652  9.78000000E+01  1.11137240E+00  1.09993510E+00  1.11137240E+00
   653  9.79500000E+01  1.11137240E+00  1.09993510E+00  1.11137240E+00
   654  9.81000000E+01  1.11137240E+00  1.09993510E+00  1.11137240E+00
   655  9.82500000E+01  1.11137240E+00  1.09993510E+00  1.11137240E+00
   656  9.84000000E+01  1.11137240E+00  1.09993510E+00  1.11137240E+00
   657  9.85500000E+01  1.11137240E+00  1.09993510E+00  1.11137240E+00
   658  9.87000000E+01  1.11137240E+00  1.09993510E+00  1.11137240E+00
   659  9.88500000E+01  1.11137240E+00  1.09993510E+00  1.11137240E+00
   660  9.90000000E+01  1.11137240E+00  1.09993510E+00  1.11137240E+00
   661  9.91500000E+01  1.11137240E+00  1.09993510E+00  1.11137240E+00
   662  9.93000000E+01  1.11137240E+00  1.09993510E+00  1.11137240E+00
   663  9.94500000E+01  1.11137240E+00  1.09993510E+00  1.11137240E+00
   664  9.96000000E+01  1.11137240E+00  1.09993510E+00  1.11137240E+00
   665  9.97500000E+01  1.11137240E+00  1.09993510E+00  1.11137240E+00
   666  9.99000000E+01  1.11137240E+00  1.09993510E+00  1.11137240E+00
   667  1.00050000E+02  1.11137240E+00  1.09993510E+00  1.11137240E+00
   668  1.00200000E+02  1.11137240E+00  1.09993510E+00  1.11137240E+00
   669  1.00350000E+02  1.11137240E+00  1.09993510E+00  1.11137240E+00
   670  1.00500000E+02  1.11137240E+00  1.09993510E+00  1.11137240E+00
   671  1.00650000E+02  1.11137240E+00  1.09993510E+00  1.11137240E+00
   672  1.00800000E+02  1.11137240E+00  1.09993510E+00  1.11137240E+00
   673  1.00950000E+02  1.11137240E+00  1.09993510E+00  1.11137240E+00
   674  1.01100000E+02  1.11137240E+00  1.09993510E+00  1.11137240E+00
   675  1.01250000E+02  1.11137240E+00  1.09993510E+00  1.11137240E+00
   676  1.01400000E+02  1.11137240E+00  1.09993510E+00  1.11137240E+00
   677  1.01550000E+02  1.11137240E+00  1.09993510E+00  1.11137240E+00
   678  1.01700000E+02  1.11137240E+00  1.09993510E+00  1.11137240E+00
   679  1.01850000E+02  1.11137240E+00  1.09993510E+00  1.11137240E+00
   680  1.02000000E+02  1.11137240E+00  1.09993510E+00  1.11137240E+00
   681  1.02150000E+02  1.11137240E+00  1.09993510E+00  1.11137240E+00
   682  1.02300000E+02  1.11137240E+00  1.09993510E+00  1.11137240E+00
   683  1.02450000E+02  1.11137240E+00  1.09993510E+00  1.11137240E+00
   684  1.02600000E+02  1.11137240E+00  1.09993510E+00  1.11137240E+00
   685  1.02750000E+02  1.11137240E+00  1.09993510E+00  1.11137240E+00
   686  1.02900000E+02  1.11137240E+00  1.09993510E+00  1.11137240E+00
   687  1.03050000E+02  1.11137240E+00  1.09993510E+00  1.11137240E+00
   688  1.03200000E+02  1.11137240E+00  1.09993510E+00  1.11137240E+00
   689  1.03350000E+02  1.11137240E+00  1.09993510E+00  1.11137240E+00
   690  1.03500000E+02  1.11137240E+00  1.09993510E+00  1.11137240E+00
   691  1.03650000E+02  1.11137240E+00  1.09993510E+00  1.11137240E+00
   692  1.03800000E+02  1.11137240E+00  1.09993510E+00  1.11137240E+00
   693  1.03950000E+02  1.11137240E+00  1.09993510E+00  1.11137240E+00
   694  1.04100000E+02  1.11137240E+00  1.09993510E+00  1.11137240E+00
   695  1.04250000E+02  1.11137240E+00  1.09993510E+00  1.11137240E+00
   696  1.04400000E+02  1.11137240E+00  1.09993510E+00  1.11137240E+00
   697  1.04550000E+02  1.11137240E+00  1.09993510E+00  1.11137240E+00
   698  1.04700000E+02  1.11137240E+00  1.09993510E+00  1.11137240E+00
   699  1.04850000E+02  1.11137240E+00  1.09993510E+00  1.11137240E+00
   700  1.05000000E+02  1.11137240E+00  1.09993510E+00  1.11137240E+00


STDERR:
