COMMAND:
/shared/generate_rom_data/extrudate_swell2d_c_cluster

STDOUT:
 comppar: model =   6
 comppar: lambda,mobility/eps,betav,eta_0 =  1.0000E+01  2.3333E-01  3.0000E-01  1.0000E+00
 comppar: eta_s,eta_p,G =  3.0000E-01  7.0000E-01  7.0000E-02
 comppar: U_avg,deltat,flowrate,nsteps =  2.0000E-01  1.5000E-01  6.2832E-01     700
 comppar: geometry = axisymmetric
 comppar: steady stop change,gap,hold,min =  1.0000E-05  1.0000E-02      10      80
 comppar: ncompc,ncompg =     4     5
 mesh nnodes = 5765
 mesh nelem = 2780
 P1 BC   5.0000000000000000     
 P2 BC   0.0000000000000000     
     1  1.50000000E-01  1.00378751E+00  1.00000000E+00  1.00378751E+00
     2  3.00000000E-01  1.00748852E+00  1.00000000E+00  1.00748852E+00
     3  4.50000000E-01  1.01110312E+00  1.00000000E+00  1.01110312E+00
     4  6.00000000E-01  1.01463464E+00  1.00000000E+00  1.01463464E+00
     5  7.50000000E-01  1.01808610E+00  1.00000000E+00  1.01808610E+00
     6  9.00000000E-01  1.02145827E+00  1.00000000E+00  1.02145827E+00
     7  1.05000000E+00  1.02475823E+00  1.00000000E+00  1.02475823E+00
     8  1.20000000E+00  1.02800179E+00  1.00000000E+00  1.02800179E+00
     9  1.35000000E+00  1.03119127E+00  1.00000000E+00  1.03119127E+00
    10  1.50000000E+00  1.03432055E+00  1.00000001E+00  1.03432055E+00
    11  1.65000000E+00  1.03740487E+00  1.00000000E+00  1.03740487E+00
    12  1.80000000E+00  1.04046444E+00  1.00000000E+00  1.04046444E+00
    13  1.95000000E+00  1.04346273E+00  1.00000000E+00  1.04346273E+00
    14  2.10000000E+00  1.04647906E+00  1.00000000E+00  1.04647906E+00
    15  2.25000000E+00  1.04942998E+00  9.99999999E-01  1.04942998E+00
    16  2.40000000E+00  1.05241766E+00  9.99999996E-01  1.05241766E+00
    17  2.55000000E+00  1.05534470E+00  9.99999992E-01  1.05534470E+00
    18  2.70000000E+00  1.05833161E+00  9.99999987E-01  1.05833161E+00
    19  2.85000000E+00  1.06126579E+00  9.99999980E-01  1.06126579E+00
    20  3.00000000E+00  1.06421626E+00  9.99999972E-01  1.06421626E+00
    21  3.15000000E+00  1.06720134E+00  9.99999963E-01  1.06720134E+00
    22  3.30000000E+00  1.07015326E+00  9.99999952E-01  1.07015326E+00
    23  3.45000000E+00  1.07314147E+00  9.99999940E-01  1.07314147E+00
    24  3.60000000E+00  1.07616946E+00  9.99999926E-01  1.07616946E+00
    25  3.75000000E+00  1.07918212E+00  9.99999909E-01  1.07918212E+00
    26  3.90000000E+00  1.08218572E+00  9.99999891E-01  1.08218572E+00
    27  4.05000000E+00  1.08528547E+00  9.99999870E-01  1.08528547E+00
    28  4.20000000E+00  1.08840048E+00  9.99999847E-01  1.08840048E+00
    29  4.35000000E+00  1.09151807E+00  9.99999821E-01  1.09151807E+00
    30  4.50000000E+00  1.09464204E+00  9.99999793E-01  1.09464204E+00
    31  4.65000000E+00  1.09777547E+00  9.99999761E-01  1.09777547E+00
    32  4.80000000E+00  1.10100536E+00  9.99999727E-01  1.10100536E+00
    33  4.95000000E+00  1.10424243E+00  9.99999689E-01  1.10424243E+00
    34  5.10000000E+00  1.10748585E+00  9.99999648E-01  1.10748585E+00
    35  5.25000000E+00  1.11073346E+00  9.99999603E-01  1.11073346E+00
    36  5.40000000E+00  1.11398194E+00  9.99999554E-01  1.11398194E+00
    37  5.55000000E+00  1.11722703E+00  9.99999501E-01  1.11722703E+00
    38  5.70000000E+00  1.12050569E+00  9.99999443E-01  1.12050569E+00
    39  5.85000000E+00  1.12382383E+00  9.99999380E-01  1.12382383E+00
    40  6.00000000E+00  1.12712612E+00  9.99999313E-01  1.12712612E+00
    41  6.15000000E+00  1.13040693E+00  9.99999240E-01  1.13040693E+00
    42  6.30000000E+00  1.13366005E+00  9.99999161E-01  1.13366005E+00
    43  6.45000000E+00  1.13687855E+00  9.99999076E-01  1.13687855E+00
    44  6.60000000E+00  1.14005468E+00  9.99998985E-01  1.14005468E+00
    45  6.75000000E+00  1.14330067E+00  9.99998887E-01  1.14330067E+00
    46  6.90000000E+00  1.14650274E+00  9.99998781E-01  1.14650274E+00
    47  7.05000000E+00  1.14964834E+00  9.99998667E-01  1.14964834E+00
    48  7.20000000E+00  1.15272837E+00  9.99998545E-01  1.15272837E+00
    49  7.35000000E+00  1.15573323E+00  9.99998414E-01  1.15573323E+00
    50  7.50000000E+00  1.15869116E+00  9.99998273E-01  1.15869116E+00
    51  7.65000000E+00  1.16171797E+00  9.99998122E-01  1.16171797E+00
    52  7.80000000E+00  1.16465699E+00  9.99997960E-01  1.16465699E+00
    53  7.95000000E+00  1.16749807E+00  9.99997787E-01  1.16749807E+00
    54  8.10000000E+00  1.17023079E+00  9.99997601E-01  1.17023079E+00
    55  8.25000000E+00  1.17293097E+00  9.99997403E-01  1.17293097E+00
    56  8.40000000E+00  1.17567377E+00  9.99997190E-01  1.17567377E+00
    57  8.55000000E+00  1.17829529E+00  9.99996962E-01  1.17829529E+00
    58  8.70000000E+00  1.18078492E+00  9.99996719E-01  1.18078492E+00
    59  8.85000000E+00  1.18313236E+00  9.99996459E-01  1.18313236E+00
    60  9.00000000E+00  1.18562996E+00  9.99996181E-01  1.18562996E+00
    61  9.15000000E+00  1.18801014E+00  9.99995883E-01  1.18801014E+00
    62  9.30000000E+00  1.19023900E+00  9.99995566E-01  1.19023900E+00
    63  9.45000000E+00  1.19230859E+00  9.99995228E-01  1.19230859E+00
    64  9.60000000E+00  1.19451119E+00  9.99994867E-01  1.19451119E+00
    65  9.75000000E+00  1.19661299E+00  9.99994482E-01  1.19661299E+00
    66  9.90000000E+00  1.19854900E+00  9.99994071E-01  1.19854900E+00
    67  1.00500000E+01  1.20031578E+00  9.99993633E-01  1.20031578E+00
    68  1.02000000E+01  1.20223561E+00  9.99993168E-01  1.20223561E+00
    69  1.03500000E+01  1.20403965E+00  9.99992671E-01  1.20403965E+00
    70  1.05000000E+01  1.20567354E+00  9.99992144E-01  1.20567354E+00
    71  1.06500000E+01  1.20717849E+00  9.99991582E-01  1.20717849E+00
    72  1.08000000E+01  1.20884783E+00  9.99990985E-01  1.20884783E+00
    73  1.09500000E+01  1.21034746E+00  9.99990351E-01  1.21034746E+00
    74  1.11000000E+01  1.21168274E+00  9.99989677E-01  1.21168274E+00
    75  1.12500000E+01  1.21301754E+00  9.99988961E-01  1.21301754E+00
    76  1.14000000E+01  1.21439189E+00  9.99988202E-01  1.21439189E+00
    77  1.15500000E+01  1.21560745E+00  9.99987396E-01  1.21560745E+00
    78  1.17000000E+01  1.21667458E+00  9.99986542E-01  1.21667458E+00
    79  1.18500000E+01  1.21785101E+00  9.99985637E-01  1.21785101E+00
    80  1.20000000E+01  1.21894938E+00  9.99984678E-01  1.21894938E+00
    81  1.21500000E+01  1.21990823E+00  9.99983663E-01  1.21990823E+00
    82  1.23000000E+01  1.22074414E+00  9.99982590E-01  1.22074414E+00
    83  1.24500000E+01  1.22173871E+00  9.99981454E-01  1.22173871E+00
    84  1.26000000E+01  1.22260299E+00  9.99980253E-01  1.22260299E+00
    85  1.27500000E+01  1.22335112E+00  9.99978985E-01  1.22335112E+00
    86  1.29000000E+01  1.22402874E+00  9.99977645E-01  1.22402874E+00
    87  1.30500000E+01  1.22480453E+00  9.99976232E-01  1.22480453E+00
    88  1.32000000E+01  1.22547501E+00  9.99974741E-01  1.22547501E+00
    89  1.33500000E+01  1.22605418E+00  9.99973169E-01  1.22605418E+00
    90  1.35000000E+01  1.22661917E+00  9.99971513E-01  1.22661917E+00
    91  1.36500000E+01  1.22722283E+00  9.99969769E-01  1.22722283E+00
    92  1.38000000E+01  1.22774411E+00  9.99967934E-01  1.22774411E+00
    93  1.39500000E+01  1.22819533E+00  9.99966004E-01  1.22819533E+00
    94  1.41000000E+01  1.22859335E+00  9.99963976E-01  1.22859335E+00
    95  1.42500000E+01  1.22906459E+00  9.99961845E-01  1.22906459E+00
    96  1.44000000E+01  1.22947423E+00  9.99959608E-01  1.22947423E+00
    97  1.45500000E+01  1.22983204E+00  9.99957262E-01  1.22983204E+00
    98  1.47000000E+01  1.23014634E+00  9.99954802E-01  1.23014634E+00
    99  1.48500000E+01  1.23045852E+00  9.99952226E-01  1.23045852E+00
   100  1.50000000E+01  1.23078555E+00  9.99949528E-01  1.23078555E+00
   101  1.51500000E+01  1.23107427E+00  9.99946706E-01  1.23107427E+00
   102  1.53000000E+01  1.23133099E+00  9.99943755E-01  1.23133099E+00
   103  1.54500000E+01  1.23156095E+00  9.99940674E-01  1.23156095E+00
   104  1.56000000E+01  1.23176861E+00  9.99937457E-01  1.23176861E+00
   105  1.57500000E+01  1.23196355E+00  9.99934102E-01  1.23196355E+00
   106  1.59000000E+01  1.23218172E+00  9.99930607E-01  1.23218172E+00
   107  1.60500000E+01  1.23238028E+00  9.99926967E-01  1.23238028E+00
   108  1.62000000E+01  1.23256265E+00  9.99923182E-01  1.23256265E+00
   109  1.63500000E+01  1.23273185E+00  9.99919247E-01  1.23273185E+00
   110  1.65000000E+01  1.23289057E+00  9.99915162E-01  1.23289057E+00
   111  1.66500000E+01  1.23304118E+00  9.99910925E-01  1.23304118E+00
   112  1.68000000E+01  1.23318573E+00  9.99906535E-01  1.23318573E+00
   113  1.69500000E+01  1.23332600E+00  9.99901990E-01  1.23332600E+00
   114  1.71000000E+01  1.23346345E+00  9.99897291E-01  1.23346345E+00
   115  1.72500000E+01  1.23359927E+00  9.99892439E-01  1.23359927E+00
   116  1.74000000E+01  1.23373439E+00  9.99887434E-01  1.23373439E+00
   117  1.75500000E+01  1.23386951E+00  9.99882278E-01  1.23386951E+00
   118  1.77000000E+01  1.23400512E+00  9.99876974E-01  1.23400512E+00
   119  1.78500000E+01  1.23414156E+00  9.99871526E-01  1.23414156E+00
   120  1.80000000E+01  1.23427901E+00  9.99865938E-01  1.23427901E+00
   121  1.81500000E+01  1.23441756E+00  9.99860216E-01  1.23441756E+00
   122  1.83000000E+01  1.23455720E+00  9.99854367E-01  1.23455720E+00
   123  1.84500000E+01  1.23469788E+00  9.99848400E-01  1.23469788E+00
   124  1.86000000E+01  1.23483945E+00  9.99842324E-01  1.23483945E+00
   125  1.87500000E+01  1.23498176E+00  9.99836151E-01  1.23498176E+00
   126  1.89000000E+01  1.23512462E+00  9.99829895E-01  1.23512462E+00
   127  1.90500000E+01  1.23526780E+00  9.99823569E-01  1.23526780E+00
   128  1.92000000E+01  1.23541106E+00  9.99817193E-01  1.23541106E+00
   129  1.93500000E+01  1.23555416E+00  9.99810785E-01  1.23555416E+00
   130  1.95000000E+01  1.23569685E+00  9.99804366E-01  1.23569685E+00
   131  1.96500000E+01  1.23583886E+00  9.99797963E-01  1.23583886E+00
   132  1.98000000E+01  1.23598347E+00  9.99791601E-01  1.23598347E+00
   133  1.99500000E+01  1.23612847E+00  9.99785313E-01  1.23612847E+00
   134  2.01000000E+01  1.23627257E+00  9.99779132E-01  1.23627257E+00
   135  2.02500000E+01  1.23641550E+00  9.99773094E-01  1.23641550E+00
   136  2.04000000E+01  1.23655703E+00  9.99767243E-01  1.23655703E+00
   137  2.05500000E+01  1.23669693E+00  9.99761624E-01  1.23669693E+00
   138  2.07000000E+01  1.23683498E+00  9.99756286E-01  1.23683498E+00
   139  2.08500000E+01  1.23697098E+00  9.99751285E-01  1.23697098E+00
   140  2.10000000E+01  1.23710475E+00  9.99746680E-01  1.23710475E+00
   141  2.11500000E+01  1.23723610E+00  9.99742536E-01  1.23723610E+00
   142  2.13000000E+01  1.23736490E+00  9.99738927E-01  1.23736490E+00
   143  2.14500000E+01  1.23749100E+00  9.99735927E-01  1.23749100E+00
   144  2.16000000E+01  1.23761429E+00  9.99733623E-01  1.23761429E+00
   145  2.17500000E+01  1.23773466E+00  9.99732106E-01  1.23773466E+00
   146  2.19000000E+01  1.23785203E+00  9.99731475E-01  1.23785203E+00
   147  2.20500000E+01  1.23796632E+00  9.99731837E-01  1.23796632E+00
   148  2.22000000E+01  1.23807747E+00  9.99733309E-01  1.23807747E+00
   149  2.23500000E+01  1.23818545E+00  9.99736017E-01  1.23818545E+00
   150  2.25000000E+01  1.23829022E+00  9.99740097E-01  1.23829022E+00
   151  2.26500000E+01  1.23839176E+00  9.99745695E-01  1.23839176E+00
   152  2.28000000E+01  1.23849007E+00  9.99752969E-01  1.23849007E+00
   153  2.29500000E+01  1.23858514E+00  9.99762089E-01  1.23858514E+00
   154  2.31000000E+01  1.23867701E+00  9.99773238E-01  1.23867701E+00
   155  2.32500000E+01  1.23876568E+00  9.99786612E-01  1.23876568E+00
   156  2.34000000E+01  1.23885119E+00  9.99802422E-01  1.23885119E+00
   157  2.35500000E+01  1.23893357E+00  9.99820895E-01  1.23893357E+00
   158  2.37000000E+01  1.23901688E+00  9.99842271E-01  1.23901688E+00
   159  2.38500000E+01  1.23910141E+00  9.99866811E-01  1.23910141E+00
   160  2.40000000E+01  1.23918280E+00  9.99894792E-01  1.23918280E+00
   161  2.41500000E+01  1.23926110E+00  9.99926510E-01  1.23926110E+00
   162  2.43000000E+01  1.23933636E+00  9.99962282E-01  1.23933636E+00
   163  2.44500000E+01  1.23940864E+00  1.00000244E+00  1.23940864E+00
   164  2.46000000E+01  1.23947802E+00  1.00004736E+00  1.23947802E+00
   165  2.47500000E+01  1.23954455E+00  1.00009741E+00  1.23954455E+00
   166  2.49000000E+01  1.23960832E+00  1.00015301E+00  1.23960832E+00
   167  2.50500000E+01  1.23966939E+00  1.00021458E+00  1.23966939E+00
   168  2.52000000E+01  1.23972784E+00  1.00028260E+00  1.23972784E+00
   169  2.53500000E+01  1.23978376E+00  1.00035755E+00  1.23978376E+00
   170  2.55000000E+01  1.23983721E+00  1.00043996E+00  1.23983721E+00
   171  2.56500000E+01  1.23988828E+00  1.00053038E+00  1.23988828E+00
   172  2.58000000E+01  1.23993705E+00  1.00062940E+00  1.23993705E+00
   173  2.59500000E+01  1.23998359E+00  1.00073765E+00  1.23998359E+00
   174  2.61000000E+01  1.24002800E+00  1.00085578E+00  1.24002800E+00
   175  2.62500000E+01  1.24007034E+00  1.00098450E+00  1.24007034E+00
   176  2.64000000E+01  1.24011069E+00  1.00112454E+00  1.24011069E+00
   177  2.65500000E+01  1.24014913E+00  1.00127668E+00  1.24014913E+00
   178  2.67000000E+01  1.24018574E+00  1.00144176E+00  1.24018574E+00
   179  2.68500000E+01  1.24022059E+00  1.00162064E+00  1.24022059E+00
   180  2.70000000E+01  1.24025376E+00  1.00181424E+00  1.24025376E+00
   181  2.71500000E+01  1.24028531E+00  1.00202353E+00  1.24028531E+00
   182  2.73000000E+01  1.24031532E+00  1.00224953E+00  1.24031532E+00
   183  2.74500000E+01  1.24034384E+00  1.00249330E+00  1.24034384E+00
   184  2.76000000E+01  1.24037096E+00  1.00275599E+00  1.24037096E+00
   185  2.77500000E+01  1.24039672E+00  1.00303877E+00  1.24039672E+00
   186  2.79000000E+01  1.24042120E+00  1.00334289E+00  1.24042120E+00
   187  2.80500000E+01  1.24044446E+00  1.00366964E+00  1.24044446E+00
   188  2.82000000E+01  1.24046654E+00  1.00402038E+00  1.24046654E+00
   189  2.83500000E+01  1.24048751E+00  1.00439656E+00  1.24048751E+00
   190  2.85000000E+01  1.24050812E+00  1.00479964E+00  1.24050812E+00
   191  2.86500000E+01  1.24052967E+00  1.00523119E+00  1.24052967E+00
   192  2.88000000E+01  1.24055014E+00  1.00569283E+00  1.24055014E+00
   193  2.89500000E+01  1.24056957E+00  1.00618625E+00  1.24056957E+00
   194  2.91000000E+01  1.24058801E+00  1.00671319E+00  1.24058801E+00
   195  2.92500000E+01  1.24060552E+00  1.00727547E+00  1.24060552E+00
   196  2.94000000E+01  1.24062213E+00  1.00787498E+00  1.24062213E+00
   197  2.95500000E+01  1.24063790E+00  1.00851366E+00  1.24063790E+00
   198  2.97000000E+01  1.24065287E+00  1.00919353E+00  1.24065287E+00
   199  2.98500000E+01  1.24066708E+00  1.00991665E+00  1.24066708E+00
   200  3.00000000E+01  1.24068057E+00  1.01068515E+00  1.24068057E+00
   201  3.01500000E+01  1.24069337E+00  1.01150121E+00  1.24069337E+00
   202  3.03000000E+01  1.24070553E+00  1.01236704E+00  1.24070553E+00
   203  3.04500000E+01  1.24071707E+00  1.01328491E+00  1.24071707E+00
   204  3.06000000E+01  1.24072803E+00  1.01425713E+00  1.24072803E+00
   205  3.07500000E+01  1.24073844E+00  1.01528601E+00  1.24073844E+00
   206  3.09000000E+01  1.24074833E+00  1.01637390E+00  1.24074833E+00
   207  3.10500000E+01  1.24075773E+00  1.01752315E+00  1.24075773E+00
   208  3.12000000E+01  1.24076666E+00  1.01873611E+00  1.24076666E+00
   209  3.13500000E+01  1.24077515E+00  1.02001513E+00  1.24077515E+00
   210  3.15000000E+01  1.24078322E+00  1.02136251E+00  1.24078322E+00
   211  3.16500000E+01  1.24079090E+00  1.02278054E+00  1.24079090E+00
   212  3.18000000E+01  1.24079820E+00  1.02427143E+00  1.24079820E+00
   213  3.19500000E+01  1.24080516E+00  1.02583735E+00  1.24080516E+00
   214  3.21000000E+01  1.24081178E+00  1.02748038E+00  1.24081178E+00
   215  3.22500000E+01  1.24081808E+00  1.02920247E+00  1.24081808E+00
   216  3.24000000E+01  1.24082409E+00  1.03100549E+00  1.24082409E+00
   217  3.25500000E+01  1.24082982E+00  1.03289115E+00  1.24082982E+00
   218  3.27000000E+01  1.24083528E+00  1.03486100E+00  1.24083528E+00
   219  3.28500000E+01  1.24084049E+00  1.03691642E+00  1.24084049E+00
   220  3.30000000E+01  1.24084546E+00  1.03905858E+00  1.24084546E+00
   221  3.31500000E+01  1.24085021E+00  1.04128844E+00  1.24085021E+00
   222  3.33000000E+01  1.24085474E+00  1.04360672E+00  1.24085474E+00
   223  3.34500000E+01  1.24085908E+00  1.04601388E+00  1.24085908E+00
   224  3.36000000E+01  1.24086323E+00  1.04851011E+00  1.24086323E+00
   225  3.37500000E+01  1.24086719E+00  1.05109532E+00  1.24086719E+00
   226  3.39000000E+01  1.24087099E+00  1.05376910E+00  1.24087099E+00
   227  3.40500000E+01  1.24087463E+00  1.05653072E+00  1.24087463E+00
   228  3.42000000E+01  1.24087811E+00  1.05937914E+00  1.24087811E+00
   229  3.43500000E+01  1.24088145E+00  1.06231296E+00  1.24088145E+00
   230  3.45000000E+01  1.24088466E+00  1.06533046E+00  1.24088466E+00
   231  3.46500000E+01  1.24088774E+00  1.06842954E+00  1.24088774E+00
   232  3.48000000E+01  1.24089069E+00  1.07160774E+00  1.24089069E+00
   233  3.49500000E+01  1.24089353E+00  1.07486226E+00  1.24089353E+00
   234  3.51000000E+01  1.24089627E+00  1.07818989E+00  1.24089627E+00
   235  3.52500000E+01  1.24089889E+00  1.08158708E+00  1.24089889E+00
   236  3.54000000E+01  1.24090142E+00  1.08504992E+00  1.24090142E+00
   237  3.55500000E+01  1.24090386E+00  1.08857411E+00  1.24090386E+00
   238  3.57000000E+01  1.24090620E+00  1.09215501E+00  1.24090620E+00
   239  3.58500000E+01  1.24090847E+00  1.09578763E+00  1.24090847E+00
   240  3.60000000E+01  1.24091065E+00  1.09946664E+00  1.24091065E+00
   241  3.61500000E+01  1.24091276E+00  1.10318642E+00  1.24091276E+00
   242  3.63000000E+01  1.24091479E+00  1.10694104E+00  1.24091479E+00
   243  3.64500000E+01  1.24091676E+00  1.11072435E+00  1.24091676E+00
   244  3.66000000E+01  1.24091865E+00  1.11452996E+00  1.24091865E+00
   245  3.67500000E+01  1.24092049E+00  1.11835132E+00  1.24092049E+00
   246  3.69000000E+01  1.24092227E+00  1.12218177E+00  1.24092227E+00
   247  3.70500000E+01  1.24092399E+00  1.12601459E+00  1.24092399E+00
   248  3.72000000E+01  1.24092565E+00  1.12984304E+00  1.24092565E+00
   249  3.73500000E+01  1.24092727E+00  1.13366046E+00  1.24092727E+00
   250  3.75000000E+01  1.24092883E+00  1.13746029E+00  1.24092883E+00
   251  3.76500000E+01  1.24093035E+00  1.14123611E+00  1.24093035E+00
   252  3.78000000E+01  1.24093182E+00  1.14498172E+00  1.24093182E+00
   253  3.79500000E+01  1.24093325E+00  1.14869111E+00  1.24093325E+00
   254  3.81000000E+01  1.24093463E+00  1.15235848E+00  1.24093463E+00
   255  3.82500000E+01  1.24093598E+00  1.15597825E+00  1.24093598E+00
   256  3.84000000E+01  1.24093729E+00  1.15954495E+00  1.24093729E+00
   257  3.85500000E+01  1.24093856E+00  1.16305319E+00  1.24093856E+00
   258  3.87000000E+01  1.24093979E+00  1.16649758E+00  1.24093979E+00
   259  3.88500000E+01  1.24094099E+00  1.16987260E+00  1.24094099E+00
   260  3.90000000E+01  1.24094216E+00  1.17317252E+00  1.24094216E+00
   261  3.91500000E+01  1.24094329E+00  1.17639129E+00  1.24094329E+00
   262  3.93000000E+01  1.24094440E+00  1.17952245E+00  1.24094440E+00
   263  3.94500000E+01  1.24094547E+00  1.18255911E+00  1.24094547E+00
   264  3.96000000E+01  1.24094652E+00  1.18549392E+00  1.24094652E+00
   265  3.97500000E+01  1.24094754E+00  1.18831915E+00  1.24094754E+00
   266  3.99000000E+01  1.24094853E+00  1.19102675E+00  1.24094853E+00
   267  4.00500000E+01  1.24094949E+00  1.19360858E+00  1.24094949E+00
   268  4.02000000E+01  1.24095044E+00  1.19605661E+00  1.24095044E+00
   269  4.03500000E+01  1.24095135E+00  1.19836325E+00  1.24095135E+00
   270  4.05000000E+01  1.24095225E+00  1.20052162E+00  1.24095225E+00
   271  4.06500000E+01  1.24095312E+00  1.20252595E+00  1.24095312E+00
   272  4.08000000E+01  1.24095396E+00  1.20437191E+00  1.24095396E+00
   273  4.09500000E+01  1.24095479E+00  1.20605694E+00  1.24095479E+00
   274  4.11000000E+01  1.24095560E+00  1.20758050E+00  1.24095560E+00
   275  4.12500000E+01  1.24095638E+00  1.20894429E+00  1.24095638E+00
   276  4.14000000E+01  1.24095715E+00  1.21015233E+00  1.24095715E+00
   277  4.15500000E+01  1.24095790E+00  1.21121098E+00  1.24095790E+00
   278  4.17000000E+01  1.24095863E+00  1.21212877E+00  1.24095863E+00
   279  4.18500000E+01  1.24095934E+00  1.21291623E+00  1.24095934E+00
   280  4.20000000E+01  1.24096003E+00  1.21358548E+00  1.24096003E+00
   281  4.21500000E+01  1.24096071E+00  1.21414987E+00  1.24096071E+00
   282  4.23000000E+01  1.24096137E+00  1.21462348E+00  1.24096137E+00
   283  4.24500000E+01  1.24096201E+00  1.21502061E+00  1.24096201E+00
   284  4.26000000E+01  1.24096264E+00  1.21535528E+00  1.24096264E+00
   285  4.27500000E+01  1.24096325E+00  1.21564077E+00  1.24096325E+00
   286  4.29000000E+01  1.24096385E+00  1.21588919E+00  1.24096385E+00
   287  4.30500000E+01  1.24096444E+00  1.21611123E+00  1.24096444E+00
   288  4.32000000E+01  1.24096500E+00  1.21631587E+00  1.24096500E+00
   289  4.33500000E+01  1.24096556E+00  1.21651033E+00  1.24096556E+00
   290  4.35000000E+01  1.24096610E+00  1.21670008E+00  1.24096610E+00
   291  4.36500000E+01  1.24096663E+00  1.21688891E+00  1.24096663E+00
   292  4.38000000E+01  1.24096715E+00  1.21707914E+00  1.24096715E+00
   293  4.39500000E+01  1.24096765E+00  1.21727187E+00  1.24096765E+00
   294  4.41000000E+01  1.24096814E+00  1.21746727E+00  1.24096814E+00
   295  4.42500000E+01  1.24096862E+00  1.21766485E+00  1.24096862E+00
   296  4.44000000E+01  1.24096909E+00  1.21786371E+00  1.24096909E+00
   297  4.45500000E+01  1.24096954E+00  1.21806285E+00  1.24096954E+00
   298  4.47000000E+01  1.24096999E+00  1.21826129E+00  1.24096999E+00
   299  4.48500000E+01  1.24097042E+00  1.21845825E+00  1.24097042E+00
   300  4.50000000E+01  1.24097085E+00  1.21865320E+00  1.24097085E+00
   301  4.51500000E+01  1.24097126E+00  1.21884590E+00  1.24097126E+00
   302  4.53000000E+01  1.24097167E+00  1.21903636E+00  1.24097167E+00
   303  4.54500000E+01  1.24097206E+00  1.21922481E+00  1.24097206E+00
   304  4.56000000E+01  1.24097244E+00  1.21941160E+00  1.24097244E+00
   305  4.57500000E+01  1.24097282E+00  1.21959717E+00  1.24097282E+00
   306  4.59000000E+01  1.24097319E+00  1.21978190E+00  1.24097319E+00
   307  4.60500000E+01  1.24097354E+00  1.21996611E+00  1.24097354E+00
   308  4.62000000E+01  1.24097389E+00  1.22014999E+00  1.24097389E+00
   309  4.63500000E+01  1.24097423E+00  1.22033359E+00  1.24097423E+00
   310  4.65000000E+01  1.24097457E+00  1.22051679E+00  1.24097457E+00
   311  4.66500000E+01  1.24097489E+00  1.22069938E+00  1.24097489E+00
   312  4.68000000E+01  1.24097521E+00  1.22088099E+00  1.24097521E+00
   313  4.69500000E+01  1.24097552E+00  1.22106124E+00  1.24097552E+00
   314  4.71000000E+01  1.24097582E+00  1.22123967E+00  1.24097582E+00
   315  4.72500000E+01  1.24097611E+00  1.22141586E+00  1.24097611E+00
   316  4.74000000E+01  1.24097640E+00  1.22158939E+00  1.24097640E+00
   317  4.75500000E+01  1.24097668E+00  1.22175990E+00  1.24097668E+00
   318  4.77000000E+01  1.24097695E+00  1.22192710E+00  1.24097695E+00
   319  4.78500000E+01  1.24097722E+00  1.22209075E+00  1.24097722E+00
   320  4.80000000E+01  1.24097748E+00  1.22225068E+00  1.24097748E+00
   321  4.81500000E+01  1.24097774E+00  1.22240677E+00  1.24097774E+00
   322  4.83000000E+01  1.24097798E+00  1.22255894E+00  1.24097798E+00
   323  4.84500000E+01  1.24097823E+00  1.22270713E+00  1.24097823E+00
   324  4.86000000E+01  1.24097846E+00  1.22285130E+00  1.24097846E+00
   325  4.87500000E+01  1.24097869E+00  1.22299145E+00  1.24097869E+00
   326  4.89000000E+01  1.24097892E+00  1.22312755E+00  1.24097892E+00
   327  4.90500000E+01  1.24097914E+00  1.22325959E+00  1.24097914E+00
   328  4.92000000E+01  1.24097936E+00  1.22338756E+00  1.24097936E+00
   329  4.93500000E+01  1.24097957E+00  1.22351146E+00  1.24097957E+00
   330  4.95000000E+01  1.24097977E+00  1.22363128E+00  1.24097977E+00
   331  4.96500000E+01  1.24097997E+00  1.22374703E+00  1.24097997E+00
   332  4.98000000E+01  1.24098017E+00  1.22385873E+00  1.24098017E+00
   333  4.99500000E+01  1.24098036E+00  1.22396641E+00  1.24098036E+00
   334  5.01000000E+01  1.24098054E+00  1.22407010E+00  1.24098054E+00
   335  5.02500000E+01  1.24098072E+00  1.22416988E+00  1.24098072E+00
   336  5.04000000E+01  1.24098090E+00  1.22426579E+00  1.24098090E+00
   337  5.05500000E+01  1.24098107E+00  1.22435791E+00  1.24098107E+00
   338  5.07000000E+01  1.24098124E+00  1.22444633E+00  1.24098124E+00
   339  5.08500000E+01  1.24098141E+00  1.22453113E+00  1.24098141E+00
   340  5.10000000E+01  1.24098157E+00  1.22461240E+00  1.24098157E+00
   341  5.11500000E+01  1.24098173E+00  1.22469025E+00  1.24098173E+00
   342  5.13000000E+01  1.24098188E+00  1.22476477E+00  1.24098188E+00
   343  5.14500000E+01  1.24098203E+00  1.22483605E+00  1.24098203E+00
   344  5.16000000E+01  1.24098218E+00  1.22490420E+00  1.24098218E+00
   345  5.17500000E+01  1.24098232E+00  1.22496932E+00  1.24098232E+00
   346  5.19000000E+01  1.24098246E+00  1.22503150E+00  1.24098246E+00
   347  5.20500000E+01  1.24098260E+00  1.22509085E+00  1.24098260E+00
   348  5.22000000E+01  1.24098273E+00  1.22514747E+00  1.24098273E+00
   349  5.23500000E+01  1.24098286E+00  1.22520146E+00  1.24098286E+00
   350  5.25000000E+01  1.24098299E+00  1.22525291E+00  1.24098299E+00
   351  5.26500000E+01  1.24098311E+00  1.22530192E+00  1.24098311E+00
   352  5.28000000E+01  1.24098324E+00  1.22534859E+00  1.24098324E+00
   353  5.29500000E+01  1.24098335E+00  1.22539301E+00  1.24098335E+00
   354  5.31000000E+01  1.24098347E+00  1.22543528E+00  1.24098347E+00
   355  5.32500000E+01  1.24098358E+00  1.22547548E+00  1.24098358E+00
   356  5.34000000E+01  1.24098369E+00  1.22551371E+00  1.24098369E+00
   357  5.35500000E+01  1.24098380E+00  1.22555005E+00  1.24098380E+00
   358  5.37000000E+01  1.24098391E+00  1.22558459E+00  1.24098391E+00
   359  5.38500000E+01  1.24098401E+00  1.22561740E+00  1.24098401E+00
   360  5.40000000E+01  1.24098411E+00  1.22564858E+00  1.24098411E+00
   361  5.41500000E+01  1.24098421E+00  1.22567818E+00  1.24098421E+00
   362  5.43000000E+01  1.24098431E+00  1.22570630E+00  1.24098431E+00
   363  5.44500000E+01  1.24098440E+00  1.22573299E+00  1.24098440E+00
   364  5.46000000E+01  1.24098449E+00  1.22575833E+00  1.24098449E+00
   365  5.47500000E+01  1.24098458E+00  1.22578238E+00  1.24098458E+00
   366  5.49000000E+01  1.24098467E+00  1.22580521E+00  1.24098467E+00
   367  5.50500000E+01  1.24098476E+00  1.22582688E+00  1.24098476E+00
   368  5.52000000E+01  1.24098484E+00  1.22584745E+00  1.24098484E+00
   369  5.53500000E+01  1.24098492E+00  1.22586697E+00  1.24098492E+00
   370  5.55000000E+01  1.24098500E+00  1.22588549E+00  1.24098500E+00
   371  5.56500000E+01  1.24098508E+00  1.22590307E+00  1.24098508E+00
   372  5.58000000E+01  1.24098516E+00  1.22591976E+00  1.24098516E+00
   373  5.59500000E+01  1.24098523E+00  1.22593561E+00  1.24098523E+00
   374  5.61000000E+01  1.24098531E+00  1.22595065E+00  1.24098531E+00
   375  5.62500000E+01  1.24098538E+00  1.22596494E+00  1.24098538E+00
   376  5.64000000E+01  1.24098545E+00  1.22597850E+00  1.24098545E+00
   377  5.65500000E+01  1.24098552E+00  1.22599139E+00  1.24098552E+00
   378  5.67000000E+01  1.24098558E+00  1.22600363E+00  1.24098558E+00
   379  5.68500000E+01  1.24098565E+00  1.22601526E+00  1.24098565E+00
   380  5.70000000E+01  1.24098571E+00  1.22602632E+00  1.24098571E+00
   381  5.71500000E+01  1.24098577E+00  1.22603683E+00  1.24098577E+00
   382  5.73000000E+01  1.24098584E+00  1.22604683E+00  1.24098584E+00
   383  5.74500000E+01  1.24098590E+00  1.22605634E+00  1.24098590E+00
   384  5.76000000E+01  1.24098595E+00  1.22606540E+00  1.24098595E+00
   385  5.77500000E+01  1.24098601E+00  1.22607401E+00  1.24098601E+00
   386  5.79000000E+01  1.24098607E+00  1.22608222E+00  1.24098607E+00
   387  5.80500000E+01  1.24098612E+00  1.22609004E+00  1.24098612E+00
   388  5.82000000E+01  1.24098618E+00  1.22609749E+00  1.24098618E+00
   389  5.83500000E+01  1.24098623E+00  1.22610459E+00  1.24098623E+00
   390  5.85000000E+01  1.24098628E+00  1.22611137E+00  1.24098628E+00
   391  5.86500000E+01  1.24098633E+00  1.22611784E+00  1.24098633E+00
   392  5.88000000E+01  1.24098638E+00  1.22612401E+00  1.24098638E+00
   393  5.89500000E+01  1.24098643E+00  1.22612991E+00  1.24098643E+00
   394  5.91000000E+01  1.24098647E+00  1.22613554E+00  1.24098647E+00
   395  5.92500000E+01  1.24098652E+00  1.22614093E+00  1.24098652E+00
   396  5.94000000E+01  1.24098656E+00  1.22614609E+00  1.24098656E+00
   397  5.95500000E+01  1.24098661E+00  1.22615102E+00  1.24098661E+00
   398  5.97000000E+01  1.24098665E+00  1.22615575E+00  1.24098665E+00
   399  5.98500000E+01  1.24098669E+00  1.22616027E+00  1.24098669E+00
   400  6.00000000E+01  1.24098673E+00  1.22616461E+00  1.24098673E+00
   401  6.01500000E+01  1.24098677E+00  1.22616877E+00  1.24098677E+00
   402  6.03000000E+01  1.24098681E+00  1.22617276E+00  1.24098681E+00
   403  6.04500000E+01  1.24098685E+00  1.22617660E+00  1.24098685E+00
   404  6.06000000E+01  1.24098689E+00  1.22618028E+00  1.24098689E+00
   405  6.07500000E+01  1.24098692E+00  1.22618382E+00  1.24098692E+00
   406  6.09000000E+01  1.24098696E+00  1.22618723E+00  1.24098696E+00
   407  6.10500000E+01  1.24098700E+00  1.22619050E+00  1.24098700E+00
   408  6.12000000E+01  1.24098703E+00  1.22619366E+00  1.24098703E+00
   409  6.13500000E+01  1.24098706E+00  1.22619669E+00  1.24098706E+00
   410  6.15000000E+01  1.24098710E+00  1.22619962E+00  1.24098710E+00
   411  6.16500000E+01  1.24098713E+00  1.22620244E+00  1.24098713E+00
   412  6.18000000E+01  1.24098716E+00  1.22620517E+00  1.24098716E+00
   413  6.19500000E+01  1.24098719E+00  1.22620779E+00  1.24098719E+00
   414  6.21000000E+01  1.24098722E+00  1.22621033E+00  1.24098722E+00
   415  6.22500000E+01  1.24098725E+00  1.22621278E+00  1.24098725E+00
   416  6.24000000E+01  1.24098728E+00  1.22621515E+00  1.24098728E+00
   417  6.25500000E+01  1.24098731E+00  1.22621744E+00  1.24098731E+00
   418  6.27000000E+01  1.24098734E+00  1.22621966E+00  1.24098734E+00
   419  6.28500000E+01  1.24098736E+00  1.22622181E+00  1.24098736E+00
   420  6.30000000E+01  1.24098739E+00  1.22622388E+00  1.24098739E+00
   421  6.31500000E+01  1.24098742E+00  1.22622589E+00  1.24098742E+00
   422  6.33000000E+01  1.24098744E+00  1.22622784E+00  1.24098744E+00
   423  6.34500000E+01  1.24098747E+00  1.22622973E+00  1.24098747E+00
   424  6.36000000E+01  1.24098749E+00  1.22623156E+00  1.24098749E+00
   425  6.37500000E+01  1.24098751E+00  1.22623334E+00  1.24098751E+00
   426  6.39000000E+01  1.24098754E+00  1.22623507E+00  1.24098754E+00
   427  6.40500000E+01  1.24098756E+00  1.22623674E+00  1.24098756E+00
   428  6.42000000E+01  1.24098758E+00  1.22623836E+00  1.24098758E+00
   429  6.43500000E+01  1.24098761E+00  1.22623994E+00  1.24098761E+00
   430  6.45000000E+01  1.24098763E+00  1.22624148E+00  1.24098763E+00
   431  6.46500000E+01  1.24098765E+00  1.22624297E+00  1.24098765E+00
   432  6.48000000E+01  1.24098767E+00  1.22624442E+00  1.24098767E+00
   433  6.49500000E+01  1.24098769E+00  1.22624582E+00  1.24098769E+00
   434  6.51000000E+01  1.24098771E+00  1.22624719E+00  1.24098771E+00
   435  6.52500000E+01  1.24098773E+00  1.22624853E+00  1.24098773E+00
   436  6.54000000E+01  1.24098775E+00  1.22624982E+00  1.24098775E+00
   437  6.55500000E+01  1.24098777E+00  1.22625108E+00  1.24098777E+00
   438  6.57000000E+01  1.24098778E+00  1.22625231E+00  1.24098778E+00
   439  6.58500000E+01  1.24098780E+00  1.22625350E+00  1.24098780E+00
   440  6.60000000E+01  1.24098782E+00  1.22625467E+00  1.24098782E+00
   441  6.61500000E+01  1.24098784E+00  1.22625580E+00  1.24098784E+00
   442  6.63000000E+01  1.24098785E+00  1.22625690E+00  1.24098785E+00
   443  6.64500000E+01  1.24098787E+00  1.22625798E+00  1.24098787E+00
   444  6.66000000E+01  1.24098788E+00  1.22625902E+00  1.24098788E+00
   445  6.67500000E+01  1.24098790E+00  1.22626004E+00  1.24098790E+00
   446  6.69000000E+01  1.24098792E+00  1.22626104E+00  1.24098792E+00
   447  6.70500000E+01  1.24098793E+00  1.22626200E+00  1.24098793E+00
   448  6.72000000E+01  1.24098795E+00  1.22626295E+00  1.24098795E+00
   449  6.73500000E+01  1.24098796E+00  1.22626387E+00  1.24098796E+00
   450  6.75000000E+01  1.24098797E+00  1.22626476E+00  1.24098797E+00
   451  6.76500000E+01  1.24098799E+00  1.22626564E+00  1.24098799E+00
   452  6.78000000E+01  1.24098800E+00  1.22626649E+00  1.24098800E+00
   453  6.79500000E+01  1.24098801E+00  1.22626732E+00  1.24098801E+00
   454  6.81000000E+01  1.24098803E+00  1.22626813E+00  1.24098803E+00
   455  6.82500000E+01  1.24098804E+00  1.22626891E+00  1.24098804E+00
   456  6.84000000E+01  1.24098805E+00  1.22626968E+00  1.24098805E+00
   457  6.85500000E+01  1.24098806E+00  1.22627043E+00  1.24098806E+00
   458  6.87000000E+01  1.24098808E+00  1.22627117E+00  1.24098808E+00
   459  6.88500000E+01  1.24098809E+00  1.22627188E+00  1.24098809E+00
   460  6.90000000E+01  1.24098810E+00  1.22627257E+00  1.24098810E+00
   461  6.91500000E+01  1.24098811E+00  1.22627325E+00  1.24098811E+00
   462  6.93000000E+01  1.24098812E+00  1.22627391E+00  1.24098812E+00
   463  6.94500000E+01  1.24098813E+00  1.22627456E+00  1.24098813E+00
   464  6.96000000E+01  1.24098814E+00  1.22627519E+00  1.24098814E+00
   465  6.97500000E+01  1.24098815E+00  1.22627580E+00  1.24098815E+00
   466  6.99000000E+01  1.24098816E+00  1.22627640E+00  1.24098816E+00
   467  7.00500000E+01  1.24098817E+00  1.22627699E+00  1.24098817E+00
   468  7.02000000E+01  1.24098818E+00  1.22627756E+00  1.24098818E+00
   469  7.03500000E+01  1.24098819E+00  1.22627811E+00  1.24098819E+00
   470  7.05000000E+01  1.24098820E+00  1.22627865E+00  1.24098820E+00
   471  7.06500000E+01  1.24098821E+00  1.22627918E+00  1.24098821E+00
   472  7.08000000E+01  1.24098822E+00  1.22627970E+00  1.24098822E+00
   473  7.09500000E+01  1.24098823E+00  1.22628020E+00  1.24098823E+00
   474  7.11000000E+01  1.24098824E+00  1.22628069E+00  1.24098824E+00
   475  7.12500000E+01  1.24098825E+00  1.22628117E+00  1.24098825E+00
   476  7.14000000E+01  1.24098826E+00  1.22628164E+00  1.24098826E+00
   477  7.15500000E+01  1.24098826E+00  1.22628210E+00  1.24098826E+00
   478  7.17000000E+01  1.24098827E+00  1.22628254E+00  1.24098827E+00
   479  7.18500000E+01  1.24098828E+00  1.22628297E+00  1.24098828E+00
   480  7.20000000E+01  1.24098829E+00  1.22628340E+00  1.24098829E+00
   481  7.21500000E+01  1.24098829E+00  1.22628381E+00  1.24098829E+00
   482  7.23000000E+01  1.24098830E+00  1.22628421E+00  1.24098830E+00
   483  7.24500000E+01  1.24098831E+00  1.22628461E+00  1.24098831E+00
   484  7.26000000E+01  1.24098832E+00  1.22628499E+00  1.24098832E+00
   485  7.27500000E+01  1.24098832E+00  1.22628537E+00  1.24098832E+00
   486  7.29000000E+01  1.24098833E+00  1.22628573E+00  1.24098833E+00
   487  7.30500000E+01  1.24098834E+00  1.22628609E+00  1.24098834E+00
   488  7.32000000E+01  1.24098834E+00  1.22628643E+00  1.24098834E+00
   489  7.33500000E+01  1.24098835E+00  1.22628677E+00  1.24098835E+00
   490  7.35000000E+01  1.24098835E+00  1.22628711E+00  1.24098835E+00
   491  7.36500000E+01  1.24098836E+00  1.22628743E+00  1.24098836E+00
   492  7.38000000E+01  1.24098837E+00  1.22628774E+00  1.24098837E+00
   493  7.39500000E+01  1.24098837E+00  1.22628805E+00  1.24098837E+00
   494  7.41000000E+01  1.24098838E+00  1.22628835E+00  1.24098838E+00
   495  7.42500000E+01  1.24098838E+00  1.22628865E+00  1.24098838E+00
   496  7.44000000E+01  1.24098839E+00  1.22628893E+00  1.24098839E+00
   497  7.45500000E+01  1.24098840E+00  1.22628921E+00  1.24098840E+00
   498  7.47000000E+01  1.24098840E+00  1.22628948E+00  1.24098840E+00
   499  7.48500000E+01  1.24098841E+00  1.22628975E+00  1.24098841E+00
   500  7.50000000E+01  1.24098841E+00  1.22629001E+00  1.24098841E+00
   501  7.51500000E+01  1.24098842E+00  1.22629026E+00  1.24098842E+00
   502  7.53000000E+01  1.24098842E+00  1.22629051E+00  1.24098842E+00
   503  7.54500000E+01  1.24098843E+00  1.22629075E+00  1.24098843E+00
   504  7.56000000E+01  1.24098843E+00  1.22629099E+00  1.24098843E+00
   505  7.57500000E+01  1.24098843E+00  1.22629122E+00  1.24098843E+00
   506  7.59000000E+01  1.24098844E+00  1.22629144E+00  1.24098844E+00
   507  7.60500000E+01  1.24098844E+00  1.22629166E+00  1.24098844E+00
   508  7.62000000E+01  1.24098845E+00  1.22629187E+00  1.24098845E+00
   509  7.63500000E+01  1.24098845E+00  1.22629208E+00  1.24098845E+00
   510  7.65000000E+01  1.24098846E+00  1.22629229E+00  1.24098846E+00
   511  7.66500000E+01  1.24098846E+00  1.22629249E+00  1.24098846E+00
   512  7.68000000E+01  1.24098846E+00  1.22629268E+00  1.24098846E+00
   513  7.69500000E+01  1.24098847E+00  1.22629287E+00  1.24098847E+00
   514  7.71000000E+01  1.24098847E+00  1.22629306E+00  1.24098847E+00
   515  7.72500000E+01  1.24098848E+00  1.22629324E+00  1.24098848E+00
   516  7.74000000E+01  1.24098848E+00  1.22629341E+00  1.24098848E+00
   517  7.75500000E+01  1.24098848E+00  1.22629359E+00  1.24098848E+00
   518  7.77000000E+01  1.24098849E+00  1.22629375E+00  1.24098849E+00
   519  7.78500000E+01  1.24098849E+00  1.22629392E+00  1.24098849E+00
   520  7.80000000E+01  1.24098849E+00  1.22629408E+00  1.24098849E+00
   521  7.81500000E+01  1.24098850E+00  1.22629424E+00  1.24098850E+00
   522  7.83000000E+01  1.24098850E+00  1.22629439E+00  1.24098850E+00
   523  7.84500000E+01  1.24098850E+00  1.22629454E+00  1.24098850E+00
   524  7.86000000E+01  1.24098851E+00  1.22629468E+00  1.24098851E+00
   525  7.87500000E+01  1.24098851E+00  1.22629483E+00  1.24098851E+00
   526  7.89000000E+01  1.24098851E+00  1.22629497E+00  1.24098851E+00
   527  7.90500000E+01  1.24098852E+00  1.22629510E+00  1.24098852E+00
   528  7.92000000E+01  1.24098852E+00  1.22629524E+00  1.24098852E+00
   529  7.93500000E+01  1.24098852E+00  1.22629537E+00  1.24098852E+00
   530  7.95000000E+01  1.24098853E+00  1.22629549E+00  1.24098853E+00
   531  7.96500000E+01  1.24098853E+00  1.22629562E+00  1.24098853E+00
   532  7.98000000E+01  1.24098853E+00  1.22629574E+00  1.24098853E+00
   533  7.99500000E+01  1.24098853E+00  1.22629586E+00  1.24098853E+00
   534  8.01000000E+01  1.24098854E+00  1.22629597E+00  1.24098854E+00
   535  8.02500000E+01  1.24098854E+00  1.22629609E+00  1.24098854E+00
   536  8.04000000E+01  1.24098854E+00  1.22629620E+00  1.24098854E+00
   537  8.05500000E+01  1.24098854E+00  1.22629630E+00  1.24098854E+00
   538  8.07000000E+01  1.24098855E+00  1.22629641E+00  1.24098855E+00
   539  8.08500000E+01  1.24098855E+00  1.22629651E+00  1.24098855E+00
   540  8.10000000E+01  1.24098855E+00  1.22629661E+00  1.24098855E+00
   541  8.11500000E+01  1.24098855E+00  1.22629671E+00  1.24098855E+00
   542  8.13000000E+01  1.24098855E+00  1.22629681E+00  1.24098855E+00
   543  8.14500000E+01  1.24098856E+00  1.22629690E+00  1.24098856E+00
   544  8.16000000E+01  1.24098856E+00  1.22629699E+00  1.24098856E+00
   545  8.17500000E+01  1.24098856E+00  1.22629708E+00  1.24098856E+00
   546  8.19000000E+01  1.24098856E+00  1.22629717E+00  1.24098856E+00
   547  8.20500000E+01  1.24098857E+00  1.22629726E+00  1.24098857E+00
   548  8.22000000E+01  1.24098857E+00  1.22629734E+00  1.24098857E+00
   549  8.23500000E+01  1.24098857E+00  1.22629742E+00  1.24098857E+00
   550  8.25000000E+01  1.24098857E+00  1.22629750E+00  1.24098857E+00
   551  8.26500000E+01  1.24098857E+00  1.22629758E+00  1.24098857E+00
   552  8.28000000E+01  1.24098858E+00  1.22629766E+00  1.24098858E+00
   553  8.29500000E+01  1.24098858E+00  1.22629773E+00  1.24098858E+00
   554  8.31000000E+01  1.24098858E+00  1.22629781E+00  1.24098858E+00
   555  8.32500000E+01  1.24098858E+00  1.22629788E+00  1.24098858E+00
   556  8.34000000E+01  1.24098858E+00  1.22629795E+00  1.24098858E+00
   557  8.35500000E+01  1.24098858E+00  1.22629802E+00  1.24098858E+00
   558  8.37000000E+01  1.24098859E+00  1.22629808E+00  1.24098859E+00
   559  8.38500000E+01  1.24098859E+00  1.22629815E+00  1.24098859E+00
   560  8.40000000E+01  1.24098859E+00  1.22629821E+00  1.24098859E+00
   561  8.41500000E+01  1.24098859E+00  1.22629827E+00  1.24098859E+00
   562  8.43000000E+01  1.24098859E+00  1.22629834E+00  1.24098859E+00
   563  8.44500000E+01  1.24098859E+00  1.22629840E+00  1.24098859E+00
   564  8.46000000E+01  1.24098859E+00  1.22629845E+00  1.24098859E+00
   565  8.47500000E+01  1.24098860E+00  1.22629851E+00  1.24098860E+00
   566  8.49000000E+01  1.24098860E+00  1.22629857E+00  1.24098860E+00
   567  8.50500000E+01  1.24098860E+00  1.22629862E+00  1.24098860E+00
   568  8.52000000E+01  1.24098860E+00  1.22629868E+00  1.24098860E+00
   569  8.53500000E+01  1.24098860E+00  1.22629873E+00  1.24098860E+00
   570  8.55000000E+01  1.24098860E+00  1.22629878E+00  1.24098860E+00
   571  8.56500000E+01  1.24098860E+00  1.22629883E+00  1.24098860E+00
   572  8.58000000E+01  1.24098861E+00  1.22629888E+00  1.24098861E+00
   573  8.59500000E+01  1.24098861E+00  1.22629893E+00  1.24098861E+00
   574  8.61000000E+01  1.24098861E+00  1.22629897E+00  1.24098861E+00
   575  8.62500000E+01  1.24098861E+00  1.22629902E+00  1.24098861E+00
   576  8.64000000E+01  1.24098861E+00  1.22629906E+00  1.24098861E+00
   577  8.65500000E+01  1.24098861E+00  1.22629911E+00  1.24098861E+00
   578  8.67000000E+01  1.24098861E+00  1.22629915E+00  1.24098861E+00
   579  8.68500000E+01  1.24098861E+00  1.22629919E+00  1.24098861E+00
   580  8.70000000E+01  1.24098861E+00  1.22629923E+00  1.24098861E+00
   581  8.71500000E+01  1.24098862E+00  1.22629927E+00  1.24098862E+00
   582  8.73000000E+01  1.24098862E+00  1.22629931E+00  1.24098862E+00
   583  8.74500000E+01  1.24098862E+00  1.22629935E+00  1.24098862E+00
   584  8.76000000E+01  1.24098862E+00  1.22629939E+00  1.24098862E+00
   585  8.77500000E+01  1.24098862E+00  1.22629943E+00  1.24098862E+00
   586  8.79000000E+01  1.24098862E+00  1.22629946E+00  1.24098862E+00
   587  8.80500000E+01  1.24098862E+00  1.22629950E+00  1.24098862E+00
   588  8.82000000E+01  1.24098862E+00  1.22629953E+00  1.24098862E+00
   589  8.83500000E+01  1.24098862E+00  1.22629957E+00  1.24098862E+00
   590  8.85000000E+01  1.24098862E+00  1.22629960E+00  1.24098862E+00
   591  8.86500000E+01  1.24098863E+00  1.22629963E+00  1.24098863E+00
   592  8.88000000E+01  1.24098863E+00  1.22629966E+00  1.24098863E+00
   593  8.89500000E+01  1.24098863E+00  1.22629969E+00  1.24098863E+00
   594  8.91000000E+01  1.24098863E+00  1.22629973E+00  1.24098863E+00
   595  8.92500000E+01  1.24098863E+00  1.22629975E+00  1.24098863E+00
   596  8.94000000E+01  1.24098863E+00  1.22629978E+00  1.24098863E+00
   597  8.95500000E+01  1.24098863E+00  1.22629981E+00  1.24098863E+00
   598  8.97000000E+01  1.24098863E+00  1.22629984E+00  1.24098863E+00
   599  8.98500000E+01  1.24098863E+00  1.22629987E+00  1.24098863E+00
   600  9.00000000E+01  1.24098863E+00  1.22629989E+00  1.24098863E+00
   601  9.01500000E+01  1.24098863E+00  1.22629992E+00  1.24098863E+00
   602  9.03000000E+01  1.24098863E+00  1.22629995E+00  1.24098863E+00
   603  9.04500000E+01  1.24098863E+00  1.22629997E+00  1.24098863E+00
   604  9.06000000E+01  1.24098863E+00  1.22630000E+00  1.24098863E+00
   605  9.07500000E+01  1.24098864E+00  1.22630002E+00  1.24098864E+00
   606  9.09000000E+01  1.24098864E+00  1.22630004E+00  1.24098864E+00
   607  9.10500000E+01  1.24098864E+00  1.22630007E+00  1.24098864E+00
   608  9.12000000E+01  1.24098864E+00  1.22630009E+00  1.24098864E+00
   609  9.13500000E+01  1.24098864E+00  1.22630011E+00  1.24098864E+00
   610  9.15000000E+01  1.24098864E+00  1.22630013E+00  1.24098864E+00
   611  9.16500000E+01  1.24098864E+00  1.22630015E+00  1.24098864E+00
   612  9.18000000E+01  1.24098864E+00  1.22630017E+00  1.24098864E+00
   613  9.19500000E+01  1.24098864E+00  1.22630019E+00  1.24098864E+00
   614  9.21000000E+01  1.24098864E+00  1.22630021E+00  1.24098864E+00
   615  9.22500000E+01  1.24098864E+00  1.22630023E+00  1.24098864E+00
   616  9.24000000E+01  1.24098864E+00  1.22630025E+00  1.24098864E+00
   617  9.25500000E+01  1.24098864E+00  1.22630027E+00  1.24098864E+00
   618  9.27000000E+01  1.24098864E+00  1.22630029E+00  1.24098864E+00
   619  9.28500000E+01  1.24098864E+00  1.22630031E+00  1.24098864E+00
   620  9.30000000E+01  1.24098864E+00  1.22630033E+00  1.24098864E+00
   621  9.31500000E+01  1.24098864E+00  1.22630034E+00  1.24098864E+00
   622  9.33000000E+01  1.24098865E+00  1.22630036E+00  1.24098865E+00
   623  9.34500000E+01  1.24098865E+00  1.22630038E+00  1.24098865E+00
   624  9.36000000E+01  1.24098865E+00  1.22630039E+00  1.24098865E+00
   625  9.37500000E+01  1.24098865E+00  1.22630041E+00  1.24098865E+00
   626  9.39000000E+01  1.24098865E+00  1.22630042E+00  1.24098865E+00
   627  9.40500000E+01  1.24098865E+00  1.22630044E+00  1.24098865E+00
   628  9.42000000E+01  1.24098865E+00  1.22630045E+00  1.24098865E+00
   629  9.43500000E+01  1.24098865E+00  1.22630047E+00  1.24098865E+00
   630  9.45000000E+01  1.24098865E+00  1.22630048E+00  1.24098865E+00
   631  9.46500000E+01  1.24098865E+00  1.22630050E+00  1.24098865E+00
   632  9.48000000E+01  1.24098865E+00  1.22630051E+00  1.24098865E+00
   633  9.49500000E+01  1.24098865E+00  1.22630052E+00  1.24098865E+00
   634  9.51000000E+01  1.24098865E+00  1.22630054E+00  1.24098865E+00
   635  9.52500000E+01  1.24098865E+00  1.22630055E+00  1.24098865E+00
   636  9.54000000E+01  1.24098865E+00  1.22630056E+00  1.24098865E+00
   637  9.55500000E+01  1.24098865E+00  1.22630057E+00  1.24098865E+00
   638  9.57000000E+01  1.24098865E+00  1.22630059E+00  1.24098865E+00
   639  9.58500000E+01  1.24098865E+00  1.22630060E+00  1.24098865E+00
   640  9.60000000E+01  1.24098865E+00  1.22630061E+00  1.24098865E+00
   641  9.61500000E+01  1.24098865E+00  1.22630062E+00  1.24098865E+00
   642  9.63000000E+01  1.24098865E+00  1.22630063E+00  1.24098865E+00
   643  9.64500000E+01  1.24098865E+00  1.22630064E+00  1.24098865E+00
   644  9.66000000E+01  1.24098865E+00  1.22630065E+00  1.24098865E+00
   645  9.67500000E+01  1.24098865E+00  1.22630066E+00  1.24098865E+00
   646  9.69000000E+01  1.24098865E+00  1.22630067E+00  1.24098865E+00
   647  9.70500000E+01  1.24098865E+00  1.22630068E+00  1.24098865E+00
   648  9.72000000E+01  1.24098866E+00  1.22630069E+00  1.24098866E+00
   649  9.73500000E+01  1.24098866E+00  1.22630070E+00  1.24098866E+00
   650  9.75000000E+01  1.24098866E+00  1.22630071E+00  1.24098866E+00
   651  9.76500000E+01  1.24098866E+00  1.22630072E+00  1.24098866E+00
   652  9.78000000E+01  1.24098866E+00  1.22630073E+00  1.24098866E+00
   653  9.79500000E+01  1.24098866E+00  1.22630074E+00  1.24098866E+00
   654  9.81000000E+01  1.24098866E+00  1.22630075E+00  1.24098866E+00
   655  9.82500000E+01  1.24098866E+00  1.22630076E+00  1.24098866E+00
   656  9.84000000E+01  1.24098866E+00  1.22630077E+00  1.24098866E+00
   657  9.85500000E+01  1.24098866E+00  1.22630077E+00  1.24098866E+00
   658  9.87000000E+01  1.24098866E+00  1.22630078E+00  1.24098866E+00
   659  9.88500000E+01  1.24098866E+00  1.22630079E+00  1.24098866E+00
   660  9.90000000E+01  1.24098866E+00  1.22630080E+00  1.24098866E+00
   661  9.91500000E+01  1.24098866E+00  1.22630080E+00  1.24098866E+00
   662  9.93000000E+01  1.24098866E+00  1.22630081E+00  1.24098866E+00
   663  9.94500000E+01  1.24098866E+00  1.22630082E+00  1.24098866E+00
   664  9.96000000E+01  1.24098866E+00  1.22630083E+00  1.24098866E+00
   665  9.97500000E+01  1.24098866E+00  1.22630083E+00  1.24098866E+00
   666  9.99000000E+01  1.24098866E+00  1.22630084E+00  1.24098866E+00
   667  1.00050000E+02  1.24098866E+00  1.22630085E+00  1.24098866E+00
   668  1.00200000E+02  1.24098866E+00  1.22630085E+00  1.24098866E+00
   669  1.00350000E+02  1.24098866E+00  1.22630086E+00  1.24098866E+00
   670  1.00500000E+02  1.24098866E+00  1.22630087E+00  1.24098866E+00
   671  1.00650000E+02  1.24098866E+00  1.22630087E+00  1.24098866E+00
   672  1.00800000E+02  1.24098866E+00  1.22630088E+00  1.24098866E+00
   673  1.00950000E+02  1.24098866E+00  1.22630088E+00  1.24098866E+00
   674  1.01100000E+02  1.24098866E+00  1.22630089E+00  1.24098866E+00
   675  1.01250000E+02  1.24098866E+00  1.22630090E+00  1.24098866E+00
   676  1.01400000E+02  1.24098866E+00  1.22630090E+00  1.24098866E+00
   677  1.01550000E+02  1.24098866E+00  1.22630091E+00  1.24098866E+00
   678  1.01700000E+02  1.24098866E+00  1.22630091E+00  1.24098866E+00
   679  1.01850000E+02  1.24098866E+00  1.22630092E+00  1.24098866E+00
   680  1.02000000E+02  1.24098866E+00  1.22630092E+00  1.24098866E+00
   681  1.02150000E+02  1.24098866E+00  1.22630093E+00  1.24098866E+00
   682  1.02300000E+02  1.24098866E+00  1.22630093E+00  1.24098866E+00
   683  1.02450000E+02  1.24098866E+00  1.22630094E+00  1.24098866E+00
   684  1.02600000E+02  1.24098866E+00  1.22630094E+00  1.24098866E+00
   685  1.02750000E+02  1.24098866E+00  1.22630095E+00  1.24098866E+00
   686  1.02900000E+02  1.24098866E+00  1.22630095E+00  1.24098866E+00
   687  1.03050000E+02  1.24098866E+00  1.22630096E+00  1.24098866E+00
   688  1.03200000E+02  1.24098866E+00  1.22630096E+00  1.24098866E+00
   689  1.03350000E+02  1.24098866E+00  1.22630096E+00  1.24098866E+00
   690  1.03500000E+02  1.24098866E+00  1.22630097E+00  1.24098866E+00
   691  1.03650000E+02  1.24098866E+00  1.22630097E+00  1.24098866E+00
   692  1.03800000E+02  1.24098866E+00  1.22630098E+00  1.24098866E+00
   693  1.03950000E+02  1.24098866E+00  1.22630098E+00  1.24098866E+00
   694  1.04100000E+02  1.24098866E+00  1.22630098E+00  1.24098866E+00
   695  1.04250000E+02  1.24098866E+00  1.22630099E+00  1.24098866E+00
   696  1.04400000E+02  1.24098866E+00  1.22630099E+00  1.24098866E+00
   697  1.04550000E+02  1.24098866E+00  1.22630100E+00  1.24098866E+00
   698  1.04700000E+02  1.24098866E+00  1.22630100E+00  1.24098866E+00
   699  1.04850000E+02  1.24098866E+00  1.22630100E+00  1.24098866E+00
   700  1.05000000E+02  1.24098867E+00  1.22630101E+00  1.24098867E+00


STDERR:
