COMMAND:
/shared/generate_rom_data/extrudate_swell2d_c_cluster

STDOUT:
 comppar: model =   6
 comppar: lambda,mobility/eps,betav,eta_0 =  1.0000E+01  2.3333E-01  5.0000E-01  1.0000E+00
 comppar: eta_s,eta_p,G =  5.0000E-01  5.0000E-01  5.0000E-02
 comppar: U_avg,deltat,flowrate,nsteps =  2.0000E-01  1.5000E-01  6.2832E-01     700
 comppar: geometry = axisymmetric
 comppar: steady stop change,gap,hold,min =  1.0000E-05  1.0000E-02      10      80
 comppar: ncompc,ncompg =     4     5
 mesh nnodes = 5765
 mesh nelem = 2780
 P1 BC   5.0000000000000000     
 P2 BC   0.0000000000000000     
     1  1.50000000E-01  1.00379147E+00  1.00000000E+00  1.00379147E+00
     2  3.00000000E-01  1.00750042E+00  1.00000000E+00  1.00750042E+00
     3  4.50000000E-01  1.01112878E+00  1.00000000E+00  1.01112878E+00
     4  6.00000000E-01  1.01467739E+00  1.00000000E+00  1.01467739E+00
     5  7.50000000E-01  1.01814855E+00  1.00000000E+00  1.01814855E+00
     6  9.00000000E-01  1.02153961E+00  1.00000000E+00  1.02153961E+00
     7  1.05000000E+00  1.02486327E+00  1.00000000E+00  1.02486327E+00
     8  1.20000000E+00  1.02812453E+00  1.00000000E+00  1.02812453E+00
     9  1.35000000E+00  1.03131474E+00  1.00000000E+00  1.03131474E+00
    10  1.50000000E+00  1.03443315E+00  1.00000000E+00  1.03443315E+00
    11  1.65000000E+00  1.03751488E+00  1.00000000E+00  1.03751488E+00
    12  1.80000000E+00  1.04053138E+00  1.00000000E+00  1.04053138E+00
    13  1.95000000E+00  1.04348665E+00  1.00000000E+00  1.04348665E+00
    14  2.10000000E+00  1.04642469E+00  1.00000000E+00  1.04642469E+00
    15  2.25000000E+00  1.04927132E+00  9.99999997E-01  1.04927132E+00
    16  2.40000000E+00  1.05214002E+00  9.99999993E-01  1.05214002E+00
    17  2.55000000E+00  1.05491916E+00  9.99999988E-01  1.05491916E+00
    18  2.70000000E+00  1.05771704E+00  9.99999982E-01  1.05771704E+00
    19  2.85000000E+00  1.06041274E+00  9.99999974E-01  1.06041274E+00
    20  3.00000000E+00  1.06315910E+00  9.99999965E-01  1.06315910E+00
    21  3.15000000E+00  1.06582288E+00  9.99999954E-01  1.06582288E+00
    22  3.30000000E+00  1.06848911E+00  9.99999940E-01  1.06848911E+00
    23  3.45000000E+00  1.07113243E+00  9.99999925E-01  1.07113243E+00
    24  3.60000000E+00  1.07368860E+00  9.99999907E-01  1.07368860E+00
    25  3.75000000E+00  1.07634106E+00  9.99999887E-01  1.07634106E+00
    26  3.90000000E+00  1.07891550E+00  9.99999864E-01  1.07891550E+00
    27  4.05000000E+00  1.08144322E+00  9.99999837E-01  1.08144322E+00
    28  4.20000000E+00  1.08404122E+00  9.99999807E-01  1.08404122E+00
    29  4.35000000E+00  1.08656967E+00  9.99999774E-01  1.08656967E+00
    30  4.50000000E+00  1.08903192E+00  9.99999737E-01  1.08903192E+00
    31  4.65000000E+00  1.09159732E+00  9.99999695E-01  1.09159732E+00
    32  4.80000000E+00  1.09412057E+00  9.99999649E-01  1.09412057E+00
    33  4.95000000E+00  1.09658700E+00  9.99999598E-01  1.09658700E+00
    34  5.10000000E+00  1.09903735E+00  9.99999542E-01  1.09903735E+00
    35  5.25000000E+00  1.10156532E+00  9.99999481E-01  1.10156532E+00
    36  5.40000000E+00  1.10404358E+00  9.99999413E-01  1.10404358E+00
    37  5.55000000E+00  1.10647592E+00  9.99999340E-01  1.10647592E+00
    38  5.70000000E+00  1.10886646E+00  9.99999259E-01  1.10886646E+00
    39  5.85000000E+00  1.11133621E+00  9.99999171E-01  1.11133621E+00
    40  6.00000000E+00  1.11380599E+00  9.99999076E-01  1.11380599E+00
    41  6.15000000E+00  1.11623713E+00  9.99998973E-01  1.11623713E+00
    42  6.30000000E+00  1.11863317E+00  9.99998861E-01  1.11863317E+00
    43  6.45000000E+00  1.12099758E+00  9.99998740E-01  1.12099758E+00
    44  6.60000000E+00  1.12338266E+00  9.99998609E-01  1.12338266E+00
    45  6.75000000E+00  1.12581073E+00  9.99998467E-01  1.12581073E+00
    46  6.90000000E+00  1.12820785E+00  9.99998315E-01  1.12820785E+00
    47  7.05000000E+00  1.13057660E+00  9.99998151E-01  1.13057660E+00
    48  7.20000000E+00  1.13291899E+00  9.99997975E-01  1.13291899E+00
    49  7.35000000E+00  1.13523629E+00  9.99997785E-01  1.13523629E+00
    50  7.50000000E+00  1.13752893E+00  9.99997582E-01  1.13752893E+00
    51  7.65000000E+00  1.13988055E+00  9.99997364E-01  1.13988055E+00
    52  7.80000000E+00  1.14222619E+00  9.99997130E-01  1.14222619E+00
    53  7.95000000E+00  1.14454376E+00  9.99996880E-01  1.14454376E+00
    54  8.10000000E+00  1.14683194E+00  9.99996612E-01  1.14683194E+00
    55  8.25000000E+00  1.14908815E+00  9.99996325E-01  1.14908815E+00
    56  8.40000000E+00  1.15130843E+00  9.99996019E-01  1.15130843E+00
    57  8.55000000E+00  1.15348732E+00  9.99995693E-01  1.15348732E+00
    58  8.70000000E+00  1.15570835E+00  9.99995344E-01  1.15570835E+00
    59  8.85000000E+00  1.15792812E+00  9.99994972E-01  1.15792812E+00
    60  9.00000000E+00  1.16009941E+00  9.99994576E-01  1.16009941E+00
    61  9.15000000E+00  1.16221453E+00  9.99994153E-01  1.16221453E+00
    62  9.30000000E+00  1.16426493E+00  9.99993704E-01  1.16426493E+00
    63  9.45000000E+00  1.16624187E+00  9.99993226E-01  1.16624187E+00
    64  9.60000000E+00  1.16832524E+00  9.99992717E-01  1.16832524E+00
    65  9.75000000E+00  1.17034064E+00  9.99992177E-01  1.17034064E+00
    66  9.90000000E+00  1.17227536E+00  9.99991603E-01  1.17227536E+00
    67  1.00500000E+01  1.17412206E+00  9.99990994E-01  1.17412206E+00
    68  1.02000000E+01  1.17595035E+00  9.99990347E-01  1.17595035E+00
    69  1.03500000E+01  1.17783615E+00  9.99989662E-01  1.17783615E+00
    70  1.05000000E+01  1.17962771E+00  9.99988935E-01  1.17962771E+00
    71  1.06500000E+01  1.18132039E+00  9.99988165E-01  1.18132039E+00
    72  1.08000000E+01  1.18292107E+00  9.99987350E-01  1.18292107E+00
    73  1.09500000E+01  1.18465330E+00  9.99986488E-01  1.18465330E+00
    74  1.11000000E+01  1.18628378E+00  9.99985575E-01  1.18628378E+00
    75  1.12500000E+01  1.18781112E+00  9.99984611E-01  1.18781112E+00
    76  1.14000000E+01  1.18923939E+00  9.99983592E-01  1.18923939E+00
    77  1.15500000E+01  1.19080278E+00  9.99982517E-01  1.19080278E+00
    78  1.17000000E+01  1.19226194E+00  9.99981381E-01  1.19226194E+00
    79  1.18500000E+01  1.19361868E+00  9.99980183E-01  1.19361868E+00
    80  1.20000000E+01  1.19487620E+00  9.99978921E-01  1.19487620E+00
    81  1.21500000E+01  1.19626317E+00  9.99977590E-01  1.19626317E+00
    82  1.23000000E+01  1.19755528E+00  9.99976189E-01  1.19755528E+00
    83  1.24500000E+01  1.19874997E+00  9.99974714E-01  1.19874997E+00
    84  1.26000000E+01  1.19985992E+00  9.99973163E-01  1.19985992E+00
    85  1.27500000E+01  1.20108584E+00  9.99971532E-01  1.20108584E+00
    86  1.29000000E+01  1.20221706E+00  9.99969818E-01  1.20221706E+00
    87  1.30500000E+01  1.20325884E+00  9.99968019E-01  1.20325884E+00
    88  1.32000000E+01  1.20424730E+00  9.99966131E-01  1.20424730E+00
    89  1.33500000E+01  1.20531942E+00  9.99964151E-01  1.20531942E+00
    90  1.35000000E+01  1.20630510E+00  9.99962075E-01  1.20630510E+00
    91  1.36500000E+01  1.20721013E+00  9.99959902E-01  1.20721013E+00
    92  1.38000000E+01  1.20807024E+00  9.99957627E-01  1.20807024E+00
    93  1.39500000E+01  1.20900115E+00  9.99955247E-01  1.20900115E+00
    94  1.41000000E+01  1.20985528E+00  9.99952760E-01  1.20985528E+00
    95  1.42500000E+01  1.21063837E+00  9.99950162E-01  1.21063837E+00
    96  1.44000000E+01  1.21138414E+00  9.99947451E-01  1.21138414E+00
    97  1.45500000E+01  1.21219084E+00  9.99944623E-01  1.21219084E+00
    98  1.47000000E+01  1.21292997E+00  9.99941677E-01  1.21292997E+00
    99  1.48500000E+01  1.21360704E+00  9.99938609E-01  1.21360704E+00
   100  1.50000000E+01  1.21422823E+00  9.99935418E-01  1.21422823E+00
   101  1.51500000E+01  1.21492640E+00  9.99932101E-01  1.21492640E+00
   102  1.53000000E+01  1.21556607E+00  9.99928656E-01  1.21556607E+00
   103  1.54500000E+01  1.21615230E+00  9.99925083E-01  1.21615230E+00
   104  1.56000000E+01  1.21668985E+00  9.99921379E-01  1.21668985E+00
   105  1.57500000E+01  1.21727152E+00  9.99917545E-01  1.21727152E+00
   106  1.59000000E+01  1.21782588E+00  9.99913579E-01  1.21782588E+00
   107  1.60500000E+01  1.21833457E+00  9.99909482E-01  1.21833457E+00
   108  1.62000000E+01  1.21880191E+00  9.99905254E-01  1.21880191E+00
   109  1.63500000E+01  1.21926108E+00  9.99900897E-01  1.21926108E+00
   110  1.65000000E+01  1.21974376E+00  9.99896413E-01  1.21974376E+00
   111  1.66500000E+01  1.22018776E+00  9.99891804E-01  1.22018776E+00
   112  1.68000000E+01  1.22059691E+00  9.99887074E-01  1.22059691E+00
   113  1.69500000E+01  1.22097474E+00  9.99882226E-01  1.22097474E+00
   114  1.71000000E+01  1.22137646E+00  9.99877267E-01  1.22137646E+00
   115  1.72500000E+01  1.22176603E+00  9.99872203E-01  1.22176603E+00
   116  1.74000000E+01  1.22212642E+00  9.99867041E-01  1.22212642E+00
   117  1.75500000E+01  1.22246066E+00  9.99861791E-01  1.22246066E+00
   118  1.77000000E+01  1.22277150E+00  9.99856462E-01  1.22277150E+00
   119  1.78500000E+01  1.22309277E+00  9.99851066E-01  1.22309277E+00
   120  1.80000000E+01  1.22341343E+00  9.99845618E-01  1.22341343E+00
   121  1.81500000E+01  1.22371230E+00  9.99840131E-01  1.22371230E+00
   122  1.83000000E+01  1.22399169E+00  9.99834625E-01  1.22399169E+00
   123  1.84500000E+01  1.22425362E+00  9.99829118E-01  1.22425362E+00
   124  1.86000000E+01  1.22449991E+00  9.99823632E-01  1.22449991E+00
   125  1.87500000E+01  1.22476492E+00  9.99818192E-01  1.22476492E+00
   126  1.89000000E+01  1.22501798E+00  9.99812824E-01  1.22501798E+00
   127  1.90500000E+01  1.22525643E+00  9.99807559E-01  1.22525643E+00
   128  1.92000000E+01  1.22548176E+00  9.99802429E-01  1.22548176E+00
   129  1.93500000E+01  1.22569525E+00  9.99797472E-01  1.22569525E+00
   130  1.95000000E+01  1.22589802E+00  9.99792727E-01  1.22589802E+00
   131  1.96500000E+01  1.22609106E+00  9.99788238E-01  1.22609106E+00
   132  1.98000000E+01  1.22629818E+00  9.99784054E-01  1.22629818E+00
   133  1.99500000E+01  1.22649642E+00  9.99780227E-01  1.22649642E+00
   134  2.01000000E+01  1.22668547E+00  9.99776815E-01  1.22668547E+00
   135  2.02500000E+01  1.22686611E+00  9.99773881E-01  1.22686611E+00
   136  2.04000000E+01  1.22703904E+00  9.99771494E-01  1.22703904E+00
   137  2.05500000E+01  1.22720486E+00  9.99769727E-01  1.22720486E+00
   138  2.07000000E+01  1.22736409E+00  9.99768660E-01  1.22736409E+00
   139  2.08500000E+01  1.22751718E+00  9.99768382E-01  1.22751718E+00
   140  2.10000000E+01  1.22766857E+00  9.99768987E-01  1.22766857E+00
   141  2.11500000E+01  1.22782529E+00  9.99770575E-01  1.22782529E+00
   142  2.13000000E+01  1.22797612E+00  9.99773259E-01  1.22797612E+00
   143  2.14500000E+01  1.22812142E+00  9.99777155E-01  1.22812142E+00
   144  2.16000000E+01  1.22826150E+00  9.99782393E-01  1.22826150E+00
   145  2.17500000E+01  1.22839664E+00  9.99789111E-01  1.22839664E+00
   146  2.19000000E+01  1.22852706E+00  9.99797456E-01  1.22852706E+00
   147  2.20500000E+01  1.22865299E+00  9.99807589E-01  1.22865299E+00
   148  2.22000000E+01  1.22877459E+00  9.99819680E-01  1.22877459E+00
   149  2.23500000E+01  1.22889203E+00  9.99833913E-01  1.22889203E+00
   150  2.25000000E+01  1.22900545E+00  9.99850486E-01  1.22900545E+00
   151  2.26500000E+01  1.22911754E+00  9.99869609E-01  1.22911754E+00
   152  2.28000000E+01  1.22923368E+00  9.99891509E-01  1.22923368E+00
   153  2.29500000E+01  1.22934584E+00  9.99916426E-01  1.22934584E+00
   154  2.31000000E+01  1.22945415E+00  9.99944620E-01  1.22945415E+00
   155  2.32500000E+01  1.22955871E+00  9.99976367E-01  1.22955871E+00
   156  2.34000000E+01  1.22965963E+00  1.00001196E+00  1.22965963E+00
   157  2.35500000E+01  1.22975700E+00  1.00005171E+00  1.22975700E+00
   158  2.37000000E+01  1.22985091E+00  1.00009596E+00  1.22985091E+00
   159  2.38500000E+01  1.22994144E+00  1.00014506E+00  1.22994144E+00
   160  2.40000000E+01  1.23002868E+00  1.00019938E+00  1.23002868E+00
   161  2.41500000E+01  1.23011270E+00  1.00025934E+00  1.23011270E+00
   162  2.43000000E+01  1.23019359E+00  1.00032536E+00  1.23019359E+00
   163  2.44500000E+01  1.23027141E+00  1.00039789E+00  1.23027141E+00
   164  2.46000000E+01  1.23034845E+00  1.00047742E+00  1.23034845E+00
   165  2.47500000E+01  1.23042825E+00  1.00056445E+00  1.23042825E+00
   166  2.49000000E+01  1.23050502E+00  1.00065953E+00  1.23050502E+00
   167  2.50500000E+01  1.23057881E+00  1.00076323E+00  1.23057881E+00
   168  2.52000000E+01  1.23064971E+00  1.00087616E+00  1.23064971E+00
   169  2.53500000E+01  1.23071779E+00  1.00099896E+00  1.23071779E+00
   170  2.55000000E+01  1.23078313E+00  1.00113230E+00  1.23078313E+00
   171  2.56500000E+01  1.23084580E+00  1.00127691E+00  1.23084580E+00
   172  2.58000000E+01  1.23090588E+00  1.00143353E+00  1.23090588E+00
   173  2.59500000E+01  1.23096344E+00  1.00160296E+00  1.23096344E+00
   174  2.61000000E+01  1.23101856E+00  1.00178604E+00  1.23101856E+00
   175  2.62500000E+01  1.23107130E+00  1.00198365E+00  1.23107130E+00
   176  2.64000000E+01  1.23112176E+00  1.00219673E+00  1.23112176E+00
   177  2.65500000E+01  1.23116999E+00  1.00242624E+00  1.23116999E+00
   178  2.67000000E+01  1.23121607E+00  1.00267321E+00  1.23121607E+00
   179  2.68500000E+01  1.23126517E+00  1.00293871E+00  1.23126517E+00
   180  2.70000000E+01  1.23131254E+00  1.00322387E+00  1.23131254E+00
   181  2.71500000E+01  1.23135778E+00  1.00352986E+00  1.23135778E+00
   182  2.73000000E+01  1.23140097E+00  1.00385793E+00  1.23140097E+00
   183  2.74500000E+01  1.23144218E+00  1.00420935E+00  1.23144218E+00
   184  2.76000000E+01  1.23148148E+00  1.00458548E+00  1.23148148E+00
   185  2.77500000E+01  1.23151894E+00  1.00498770E+00  1.23151894E+00
   186  2.79000000E+01  1.23155463E+00  1.00541749E+00  1.23155463E+00
   187  2.80500000E+01  1.23158861E+00  1.00587636E+00  1.23158861E+00
   188  2.82000000E+01  1.23162096E+00  1.00636588E+00  1.23162096E+00
   189  2.83500000E+01  1.23165173E+00  1.00688768E+00  1.23165173E+00
   190  2.85000000E+01  1.23168100E+00  1.00744346E+00  1.23168100E+00
   191  2.86500000E+01  1.23170882E+00  1.00803496E+00  1.23170882E+00
   192  2.88000000E+01  1.23173525E+00  1.00866399E+00  1.23173525E+00
   193  2.89500000E+01  1.23176036E+00  1.00933239E+00  1.23176036E+00
   194  2.91000000E+01  1.23178419E+00  1.01004207E+00  1.23178419E+00
   195  2.92500000E+01  1.23180681E+00  1.01079499E+00  1.23180681E+00
   196  2.94000000E+01  1.23182827E+00  1.01159314E+00  1.23182827E+00
   197  2.95500000E+01  1.23184861E+00  1.01243856E+00  1.23184861E+00
   198  2.97000000E+01  1.23186790E+00  1.01333330E+00  1.23186790E+00
   199  2.98500000E+01  1.23188717E+00  1.01427948E+00  1.23188717E+00
   200  3.00000000E+01  1.23190704E+00  1.01527919E+00  1.23190704E+00
   201  3.01500000E+01  1.23192587E+00  1.01633457E+00  1.23192587E+00
   202  3.03000000E+01  1.23194372E+00  1.01744775E+00  1.23194372E+00
   203  3.04500000E+01  1.23196062E+00  1.01862085E+00  1.23196062E+00
   204  3.06000000E+01  1.23197662E+00  1.01985597E+00  1.23197662E+00
   205  3.07500000E+01  1.23199176E+00  1.02115519E+00  1.23199176E+00
   206  3.09000000E+01  1.23200610E+00  1.02252054E+00  1.23200610E+00
   207  3.10500000E+01  1.23201966E+00  1.02395400E+00  1.23201966E+00
   208  3.12000000E+01  1.23203248E+00  1.02545748E+00  1.23203248E+00
   209  3.13500000E+01  1.23204461E+00  1.02703280E+00  1.23204461E+00
   210  3.15000000E+01  1.23205608E+00  1.02868168E+00  1.23205608E+00
   211  3.16500000E+01  1.23206692E+00  1.03040573E+00  1.23206692E+00
   212  3.18000000E+01  1.23207716E+00  1.03220641E+00  1.23207716E+00
   213  3.19500000E+01  1.23208684E+00  1.03408503E+00  1.23208684E+00
   214  3.21000000E+01  1.23209599E+00  1.03604274E+00  1.23209599E+00
   215  3.22500000E+01  1.23210463E+00  1.03808049E+00  1.23210463E+00
   216  3.24000000E+01  1.23211279E+00  1.04019899E+00  1.23211279E+00
   217  3.25500000E+01  1.23212050E+00  1.04239877E+00  1.23212050E+00
   218  3.27000000E+01  1.23212778E+00  1.04468007E+00  1.23212778E+00
   219  3.28500000E+01  1.23213466E+00  1.04704287E+00  1.23213466E+00
   220  3.30000000E+01  1.23214115E+00  1.04948689E+00  1.23214115E+00
   221  3.31500000E+01  1.23214728E+00  1.05201150E+00  1.23214728E+00
   222  3.33000000E+01  1.23215308E+00  1.05461581E+00  1.23215308E+00
   223  3.34500000E+01  1.23215855E+00  1.05729856E+00  1.23215855E+00
   224  3.36000000E+01  1.23216372E+00  1.06005817E+00  1.23216372E+00
   225  3.37500000E+01  1.23216860E+00  1.06289272E+00  1.23216860E+00
   226  3.39000000E+01  1.23217322E+00  1.06579991E+00  1.23217322E+00
   227  3.40500000E+01  1.23217758E+00  1.06877712E+00  1.23217758E+00
   228  3.42000000E+01  1.23218170E+00  1.07182135E+00  1.23218170E+00
   229  3.43500000E+01  1.23218559E+00  1.07492923E+00  1.23218559E+00
   230  3.45000000E+01  1.23218928E+00  1.07809708E+00  1.23218928E+00
   231  3.46500000E+01  1.23219276E+00  1.08132083E+00  1.23219276E+00
   232  3.48000000E+01  1.23219605E+00  1.08459609E+00  1.23219605E+00
   233  3.49500000E+01  1.23219917E+00  1.08791816E+00  1.23219917E+00
   234  3.51000000E+01  1.23220212E+00  1.09128200E+00  1.23220212E+00
   235  3.52500000E+01  1.23220492E+00  1.09468230E+00  1.23220492E+00
   236  3.54000000E+01  1.23220756E+00  1.09811347E+00  1.23220756E+00
   237  3.55500000E+01  1.23221007E+00  1.10156968E+00  1.23221007E+00
   238  3.57000000E+01  1.23221245E+00  1.10504491E+00  1.23221245E+00
   239  3.58500000E+01  1.23221471E+00  1.10853294E+00  1.23221471E+00
   240  3.60000000E+01  1.23221685E+00  1.11202745E+00  1.23221685E+00
   241  3.61500000E+01  1.23221888E+00  1.11552202E+00  1.23221888E+00
   242  3.63000000E+01  1.23222081E+00  1.11901023E+00  1.23222081E+00
   243  3.64500000E+01  1.23222264E+00  1.12248570E+00  1.23222264E+00
   244  3.66000000E+01  1.23222439E+00  1.12594218E+00  1.23222439E+00
   245  3.67500000E+01  1.23222605E+00  1.12937361E+00  1.23222605E+00
   246  3.69000000E+01  1.23222763E+00  1.13277421E+00  1.23222763E+00
   247  3.70500000E+01  1.23222914E+00  1.13613857E+00  1.23222914E+00
   248  3.72000000E+01  1.23223057E+00  1.13946173E+00  1.23223057E+00
   249  3.73500000E+01  1.23223194E+00  1.14273922E+00  1.23223194E+00
   250  3.75000000E+01  1.23223325E+00  1.14596719E+00  1.23223325E+00
   251  3.76500000E+01  1.23223450E+00  1.14914240E+00  1.23223450E+00
   252  3.78000000E+01  1.23223569E+00  1.15226229E+00  1.23223569E+00
   253  3.79500000E+01  1.23223683E+00  1.15532493E+00  1.23223683E+00
   254  3.81000000E+01  1.23223793E+00  1.15832904E+00  1.23223793E+00
   255  3.82500000E+01  1.23223897E+00  1.16127392E+00  1.23223897E+00
   256  3.84000000E+01  1.23223998E+00  1.16415933E+00  1.23223998E+00
   257  3.85500000E+01  1.23224094E+00  1.16698537E+00  1.23224094E+00
   258  3.87000000E+01  1.23224187E+00  1.16975234E+00  1.23224187E+00
   259  3.88500000E+01  1.23224276E+00  1.17246058E+00  1.23224276E+00
   260  3.90000000E+01  1.23224361E+00  1.17511022E+00  1.23224361E+00
   261  3.91500000E+01  1.23224443E+00  1.17770107E+00  1.23224443E+00
   262  3.93000000E+01  1.23224522E+00  1.18023242E+00  1.23224522E+00
   263  3.94500000E+01  1.23224599E+00  1.18270288E+00  1.23224599E+00
   264  3.96000000E+01  1.23224672E+00  1.18511031E+00  1.23224672E+00
   265  3.97500000E+01  1.23224743E+00  1.18745178E+00  1.23224743E+00
   266  3.99000000E+01  1.23224812E+00  1.18972355E+00  1.23224812E+00
   267  4.00500000E+01  1.23224878E+00  1.19192118E+00  1.23224878E+00
   268  4.02000000E+01  1.23224942E+00  1.19403968E+00  1.23224942E+00
   269  4.03500000E+01  1.23225004E+00  1.19607370E+00  1.23225004E+00
   270  4.05000000E+01  1.23225064E+00  1.19801778E+00  1.23225064E+00
   271  4.06500000E+01  1.23225122E+00  1.19986669E+00  1.23225122E+00
   272  4.08000000E+01  1.23225178E+00  1.20161566E+00  1.23225178E+00
   273  4.09500000E+01  1.23225233E+00  1.20326076E+00  1.23225233E+00
   274  4.11000000E+01  1.23225286E+00  1.20479910E+00  1.23225286E+00
   275  4.12500000E+01  1.23225337E+00  1.20622910E+00  1.23225337E+00
   276  4.14000000E+01  1.23225387E+00  1.20755064E+00  1.23225387E+00
   277  4.15500000E+01  1.23225435E+00  1.20876512E+00  1.23225435E+00
   278  4.17000000E+01  1.23225482E+00  1.20987547E+00  1.23225482E+00
   279  4.18500000E+01  1.23225528E+00  1.21088608E+00  1.23225528E+00
   280  4.20000000E+01  1.23225572E+00  1.21180257E+00  1.23225572E+00
   281  4.21500000E+01  1.23225616E+00  1.21263163E+00  1.23225616E+00
   282  4.23000000E+01  1.23225658E+00  1.21338070E+00  1.23225658E+00
   283  4.24500000E+01  1.23225699E+00  1.21405766E+00  1.23225699E+00
   284  4.26000000E+01  1.23225739E+00  1.21467055E+00  1.23225739E+00
   285  4.27500000E+01  1.23225778E+00  1.21522724E+00  1.23225778E+00
   286  4.29000000E+01  1.23225816E+00  1.21573519E+00  1.23225816E+00
   287  4.30500000E+01  1.23225853E+00  1.21620125E+00  1.23225853E+00
   288  4.32000000E+01  1.23225889E+00  1.21663151E+00  1.23225889E+00
   289  4.33500000E+01  1.23225924E+00  1.21703123E+00  1.23225924E+00
   290  4.35000000E+01  1.23225958E+00  1.21740477E+00  1.23225958E+00
   291  4.36500000E+01  1.23225992E+00  1.21775572E+00  1.23225992E+00
   292  4.38000000E+01  1.23226024E+00  1.21808690E+00  1.23226024E+00
   293  4.39500000E+01  1.23226056E+00  1.21840047E+00  1.23226056E+00
   294  4.41000000E+01  1.23226087E+00  1.21869813E+00  1.23226087E+00
   295  4.42500000E+01  1.23226118E+00  1.21898114E+00  1.23226118E+00
   296  4.44000000E+01  1.23226147E+00  1.21925056E+00  1.23226147E+00
   297  4.45500000E+01  1.23226176E+00  1.21950722E+00  1.23226176E+00
   298  4.47000000E+01  1.23226205E+00  1.21975190E+00  1.23226205E+00
   299  4.48500000E+01  1.23226232E+00  1.21998534E+00  1.23226232E+00
   300  4.50000000E+01  1.23226259E+00  1.22020828E+00  1.23226259E+00
   301  4.51500000E+01  1.23226285E+00  1.22042145E+00  1.23226285E+00
   302  4.53000000E+01  1.23226311E+00  1.22062559E+00  1.23226311E+00
   303  4.54500000E+01  1.23226336E+00  1.22082140E+00  1.23226336E+00
   304  4.56000000E+01  1.23226361E+00  1.22100958E+00  1.23226361E+00
   305  4.57500000E+01  1.23226385E+00  1.22119074E+00  1.23226385E+00
   306  4.59000000E+01  1.23226408E+00  1.22136542E+00  1.23226408E+00
   307  4.60500000E+01  1.23226431E+00  1.22153409E+00  1.23226431E+00
   308  4.62000000E+01  1.23226454E+00  1.22169713E+00  1.23226454E+00
   309  4.63500000E+01  1.23226476E+00  1.22185484E+00  1.23226476E+00
   310  4.65000000E+01  1.23226497E+00  1.22200746E+00  1.23226497E+00
   311  4.66500000E+01  1.23226518E+00  1.22215516E+00  1.23226518E+00
   312  4.68000000E+01  1.23226538E+00  1.22229807E+00  1.23226538E+00
   313  4.69500000E+01  1.23226558E+00  1.22243631E+00  1.23226558E+00
   314  4.71000000E+01  1.23226578E+00  1.22256996E+00  1.23226578E+00
   315  4.72500000E+01  1.23226597E+00  1.22269910E+00  1.23226597E+00
   316  4.74000000E+01  1.23226616E+00  1.22282381E+00  1.23226616E+00
   317  4.75500000E+01  1.23226634E+00  1.22294420E+00  1.23226634E+00
   318  4.77000000E+01  1.23226652E+00  1.22306034E+00  1.23226652E+00
   319  4.78500000E+01  1.23226669E+00  1.22317233E+00  1.23226669E+00
   320  4.80000000E+01  1.23226686E+00  1.22328028E+00  1.23226686E+00
   321  4.81500000E+01  1.23226703E+00  1.22338428E+00  1.23226703E+00
   322  4.83000000E+01  1.23226719E+00  1.22348444E+00  1.23226719E+00
   323  4.84500000E+01  1.23226735E+00  1.22358085E+00  1.23226735E+00
   324  4.86000000E+01  1.23226750E+00  1.22367361E+00  1.23226750E+00
   325  4.87500000E+01  1.23226766E+00  1.22376280E+00  1.23226766E+00
   326  4.89000000E+01  1.23226780E+00  1.22384851E+00  1.23226780E+00
   327  4.90500000E+01  1.23226795E+00  1.22393084E+00  1.23226795E+00
   328  4.92000000E+01  1.23226809E+00  1.22400986E+00  1.23226809E+00
   329  4.93500000E+01  1.23226823E+00  1.22408565E+00  1.23226823E+00
   330  4.95000000E+01  1.23226837E+00  1.22415831E+00  1.23226837E+00
   331  4.96500000E+01  1.23226850E+00  1.22422792E+00  1.23226850E+00
   332  4.98000000E+01  1.23226863E+00  1.22429457E+00  1.23226863E+00
   333  4.99500000E+01  1.23226875E+00  1.22435834E+00  1.23226875E+00
   334  5.01000000E+01  1.23226888E+00  1.22441932E+00  1.23226888E+00
   335  5.02500000E+01  1.23226900E+00  1.22447760E+00  1.23226900E+00
   336  5.04000000E+01  1.23226912E+00  1.22453328E+00  1.23226912E+00
   337  5.05500000E+01  1.23226923E+00  1.22458643E+00  1.23226923E+00
   338  5.07000000E+01  1.23226934E+00  1.22463714E+00  1.23226934E+00
   339  5.08500000E+01  1.23226945E+00  1.22468551E+00  1.23226945E+00
   340  5.10000000E+01  1.23226956E+00  1.22473162E+00  1.23226956E+00
   341  5.11500000E+01  1.23226967E+00  1.22477555E+00  1.23226967E+00
   342  5.13000000E+01  1.23226977E+00  1.22481738E+00  1.23226977E+00
   343  5.14500000E+01  1.23226987E+00  1.22485720E+00  1.23226987E+00
   344  5.16000000E+01  1.23226997E+00  1.22489508E+00  1.23226997E+00
   345  5.17500000E+01  1.23227007E+00  1.22493111E+00  1.23227007E+00
   346  5.19000000E+01  1.23227016E+00  1.22496535E+00  1.23227016E+00
   347  5.20500000E+01  1.23227025E+00  1.22499789E+00  1.23227025E+00
   348  5.22000000E+01  1.23227034E+00  1.22502879E+00  1.23227034E+00
   349  5.23500000E+01  1.23227043E+00  1.22505812E+00  1.23227043E+00
   350  5.25000000E+01  1.23227051E+00  1.22508596E+00  1.23227051E+00
   351  5.26500000E+01  1.23227060E+00  1.22511236E+00  1.23227060E+00
   352  5.28000000E+01  1.23227068E+00  1.22513740E+00  1.23227068E+00
   353  5.29500000E+01  1.23227076E+00  1.22516114E+00  1.23227076E+00
   354  5.31000000E+01  1.23227084E+00  1.22518363E+00  1.23227084E+00
   355  5.32500000E+01  1.23227092E+00  1.22520493E+00  1.23227092E+00
   356  5.34000000E+01  1.23227099E+00  1.22522511E+00  1.23227099E+00
   357  5.35500000E+01  1.23227106E+00  1.22524421E+00  1.23227106E+00
   358  5.37000000E+01  1.23227114E+00  1.22526229E+00  1.23227114E+00
   359  5.38500000E+01  1.23227120E+00  1.22527940E+00  1.23227120E+00
   360  5.40000000E+01  1.23227127E+00  1.22529559E+00  1.23227127E+00
   361  5.41500000E+01  1.23227134E+00  1.22531089E+00  1.23227134E+00
   362  5.43000000E+01  1.23227141E+00  1.22532537E+00  1.23227141E+00
   363  5.44500000E+01  1.23227147E+00  1.22533905E+00  1.23227147E+00
   364  5.46000000E+01  1.23227153E+00  1.22535199E+00  1.23227153E+00
   365  5.47500000E+01  1.23227159E+00  1.22536421E+00  1.23227159E+00
   366  5.49000000E+01  1.23227165E+00  1.22537576E+00  1.23227165E+00
   367  5.50500000E+01  1.23227171E+00  1.22538668E+00  1.23227171E+00
   368  5.52000000E+01  1.23227177E+00  1.22539699E+00  1.23227177E+00
   369  5.53500000E+01  1.23227182E+00  1.22540673E+00  1.23227182E+00
   370  5.55000000E+01  1.23227188E+00  1.22541594E+00  1.23227188E+00
   371  5.56500000E+01  1.23227193E+00  1.22542463E+00  1.23227193E+00
   372  5.58000000E+01  1.23227198E+00  1.22543284E+00  1.23227198E+00
   373  5.59500000E+01  1.23227203E+00  1.22544060E+00  1.23227203E+00
   374  5.61000000E+01  1.23227208E+00  1.22544793E+00  1.23227208E+00
   375  5.62500000E+01  1.23227213E+00  1.22545486E+00  1.23227213E+00
   376  5.64000000E+01  1.23227218E+00  1.22546140E+00  1.23227218E+00
   377  5.65500000E+01  1.23227223E+00  1.22546758E+00  1.23227223E+00
   378  5.67000000E+01  1.23227227E+00  1.22547343E+00  1.23227227E+00
 steady-height stop at step    378: changes <=   1.0000E-05, max-end <=   1.0000E-02, max/end/gap/profile_change =   1.23227227E+00  1.22547343E+00  6.79884639E-03  5.84356708E-06


STDERR:
