COMMAND:
/shared/generate_rom_data/extrudate_swell2d_c_cluster

STDOUT:
 comppar: model =   6
 comppar: lambda,mobility/eps,betav,eta_0 =  2.8000E+00  3.6667E-01  3.0000E-01  1.0000E+00
 comppar: eta_s,eta_p,G =  3.0000E-01  7.0000E-01  2.5000E-01
 comppar: U_avg,deltat,flowrate,nsteps =  2.0000E-01  1.5000E-01  6.2832E-01     700
 comppar: geometry = axisymmetric
 comppar: steady stop change,gap,hold,min =  1.0000E-05  1.0000E-02      10      80
 comppar: ncompc,ncompg =     4     5
 mesh nnodes = 5765
 mesh nelem = 2780
 P1 BC   5.0000000000000000     
 P2 BC   0.0000000000000000     
     1  1.50000000E-01  1.00378800E+00  1.00000000E+00  1.00378800E+00
     2  3.00000000E-01  1.00747591E+00  1.00000000E+00  1.00747591E+00
     3  4.50000000E-01  1.01105322E+00  1.00000000E+00  1.01105322E+00
     4  6.00000000E-01  1.01453135E+00  1.00000000E+00  1.01453135E+00
     5  7.50000000E-01  1.01791528E+00  1.00000000E+00  1.01791528E+00
     6  9.00000000E-01  1.02121191E+00  1.00000000E+00  1.02121191E+00
     7  1.05000000E+00  1.02443180E+00  1.00000000E+00  1.02443180E+00
     8  1.20000000E+00  1.02757525E+00  1.00000001E+00  1.02757525E+00
     9  1.35000000E+00  1.03067823E+00  1.00000001E+00  1.03067823E+00
    10  1.50000000E+00  1.03372891E+00  1.00000001E+00  1.03372891E+00
    11  1.65000000E+00  1.03670956E+00  1.00000001E+00  1.03670956E+00
    12  1.80000000E+00  1.03969509E+00  1.00000001E+00  1.03969509E+00
    13  1.95000000E+00  1.04261320E+00  1.00000001E+00  1.04261320E+00
    14  2.10000000E+00  1.04552626E+00  1.00000001E+00  1.04552626E+00
    15  2.25000000E+00  1.04838043E+00  1.00000001E+00  1.04838043E+00
    16  2.40000000E+00  1.05124551E+00  1.00000000E+00  1.05124551E+00
    17  2.55000000E+00  1.05402804E+00  1.00000000E+00  1.05402804E+00
    18  2.70000000E+00  1.05684619E+00  9.99999998E-01  1.05684619E+00
    19  2.85000000E+00  1.05957728E+00  9.99999994E-01  1.05957728E+00
    20  3.00000000E+00  1.06226233E+00  9.99999988E-01  1.06226233E+00
    21  3.15000000E+00  1.06494856E+00  9.99999981E-01  1.06494856E+00
    22  3.30000000E+00  1.06753295E+00  9.99999973E-01  1.06753295E+00
    23  3.45000000E+00  1.07011536E+00  9.99999963E-01  1.07011536E+00
    24  3.60000000E+00  1.07263446E+00  9.99999952E-01  1.07263446E+00
    25  3.75000000E+00  1.07503488E+00  9.99999938E-01  1.07503488E+00
    26  3.90000000E+00  1.07749731E+00  9.99999923E-01  1.07749731E+00
    27  4.05000000E+00  1.07983304E+00  9.99999904E-01  1.07983304E+00
    28  4.20000000E+00  1.08209211E+00  9.99999884E-01  1.08209211E+00
    29  4.35000000E+00  1.08435544E+00  9.99999860E-01  1.08435544E+00
    30  4.50000000E+00  1.08647934E+00  9.99999833E-01  1.08647934E+00
    31  4.65000000E+00  1.08855566E+00  9.99999802E-01  1.08855566E+00
    32  4.80000000E+00  1.09062681E+00  9.99999767E-01  1.09062681E+00
    33  4.95000000E+00  1.09255550E+00  9.99999728E-01  1.09255550E+00
    34  5.10000000E+00  1.09445331E+00  9.99999684E-01  1.09445331E+00
    35  5.25000000E+00  1.09632629E+00  9.99999634E-01  1.09632629E+00
    36  5.40000000E+00  1.09806292E+00  9.99999579E-01  1.09806292E+00
    37  5.55000000E+00  1.09973617E+00  9.99999518E-01  1.09973617E+00
    38  5.70000000E+00  1.10145062E+00  9.99999449E-01  1.10145062E+00
    39  5.85000000E+00  1.10304191E+00  9.99999373E-01  1.10304191E+00
    40  6.00000000E+00  1.10452474E+00  9.99999289E-01  1.10452474E+00
    41  6.15000000E+00  1.10605317E+00  9.99999196E-01  1.10605317E+00
    42  6.30000000E+00  1.10751427E+00  9.99999093E-01  1.10751427E+00
    43  6.45000000E+00  1.10888530E+00  9.99998980E-01  1.10888530E+00
    44  6.60000000E+00  1.11018088E+00  9.99998856E-01  1.11018088E+00
    45  6.75000000E+00  1.11152662E+00  9.99998719E-01  1.11152662E+00
    46  6.90000000E+00  1.11282040E+00  9.99998568E-01  1.11282040E+00
    47  7.05000000E+00  1.11404674E+00  9.99998403E-01  1.11404674E+00
    48  7.20000000E+00  1.11521111E+00  9.99998223E-01  1.11521111E+00
    49  7.35000000E+00  1.11631956E+00  9.99998026E-01  1.11631956E+00
    50  7.50000000E+00  1.11748295E+00  9.99997812E-01  1.11748295E+00
    51  7.65000000E+00  1.11858544E+00  9.99997577E-01  1.11858544E+00
    52  7.80000000E+00  1.11962218E+00  9.99997322E-01  1.11962218E+00
    53  7.95000000E+00  1.12058499E+00  9.99997045E-01  1.12058499E+00
    54  8.10000000E+00  1.12157401E+00  9.99996744E-01  1.12157401E+00
    55  8.25000000E+00  1.12253567E+00  9.99996417E-01  1.12253567E+00
    56  8.40000000E+00  1.12341708E+00  9.99996063E-01  1.12341708E+00
    57  8.55000000E+00  1.12421083E+00  9.99995680E-01  1.12421083E+00
    58  8.70000000E+00  1.12509244E+00  9.99995266E-01  1.12509244E+00
    59  8.85000000E+00  1.12589276E+00  9.99994818E-01  1.12589276E+00
    60  9.00000000E+00  1.12660059E+00  9.99994335E-01  1.12660059E+00
    61  9.15000000E+00  1.12730901E+00  9.99993814E-01  1.12730901E+00
    62  9.30000000E+00  1.12802431E+00  9.99993253E-01  1.12802431E+00
    63  9.45000000E+00  1.12864731E+00  9.99992649E-01  1.12864731E+00
    64  9.60000000E+00  1.12922968E+00  9.99992000E-01  1.12922968E+00
    65  9.75000000E+00  1.12986006E+00  9.99991303E-01  1.12986006E+00
    66  9.90000000E+00  1.13039876E+00  9.99990555E-01  1.13039876E+00
    67  1.00500000E+01  1.13085067E+00  9.99989754E-01  1.13085067E+00
    68  1.02000000E+01  1.13139981E+00  9.99988895E-01  1.13139981E+00
    69  1.03500000E+01  1.13186219E+00  9.99987977E-01  1.13186219E+00
    70  1.05000000E+01  1.13224469E+00  9.99986995E-01  1.13224469E+00
    71  1.06500000E+01  1.13269666E+00  9.99985946E-01  1.13269666E+00
    72  1.08000000E+01  1.13308467E+00  9.99984827E-01  1.13308467E+00
    73  1.09500000E+01  1.13340092E+00  9.99983635E-01  1.13340092E+00
    74  1.11000000E+01  1.13377539E+00  9.99982364E-01  1.13377539E+00
    75  1.12500000E+01  1.13410053E+00  9.99981013E-01  1.13410053E+00
    76  1.14000000E+01  1.13436244E+00  9.99979576E-01  1.13436244E+00
    77  1.15500000E+01  1.13466027E+00  9.99978050E-01  1.13466027E+00
    78  1.17000000E+01  1.13492617E+00  9.99976431E-01  1.13492617E+00
    79  1.18500000E+01  1.13513855E+00  9.99974715E-01  1.13513855E+00
    80  1.20000000E+01  1.13537809E+00  9.99972898E-01  1.13537809E+00
    81  1.21500000E+01  1.13559633E+00  9.99970976E-01  1.13559633E+00
    82  1.23000000E+01  1.13576944E+00  9.99968945E-01  1.13576944E+00
    83  1.24500000E+01  1.13594291E+00  9.99966801E-01  1.13594291E+00
    84  1.26000000E+01  1.13611870E+00  9.99964541E-01  1.13611870E+00
    85  1.27500000E+01  1.13625852E+00  9.99962159E-01  1.13625852E+00
    86  1.29000000E+01  1.13639282E+00  9.99959654E-01  1.13639282E+00
    87  1.30500000E+01  1.13653529E+00  9.99957022E-01  1.13653529E+00
    88  1.32000000E+01  1.13664887E+00  9.99954259E-01  1.13664887E+00
    89  1.33500000E+01  1.13674120E+00  9.99951363E-01  1.13674120E+00
    90  1.35000000E+01  1.13684273E+00  9.99948331E-01  1.13684273E+00
    91  1.36500000E+01  1.13693627E+00  9.99945162E-01  1.13693627E+00
    92  1.38000000E+01  1.13701432E+00  9.99941853E-01  1.13701432E+00
    93  1.39500000E+01  1.13708196E+00  9.99938404E-01  1.13708196E+00
    94  1.41000000E+01  1.13715916E+00  9.99934814E-01  1.13715916E+00
    95  1.42500000E+01  1.13722493E+00  9.99931084E-01  1.13722493E+00
    96  1.44000000E+01  1.13728278E+00  9.99927216E-01  1.13728278E+00
    97  1.45500000E+01  1.13733498E+00  9.99923210E-01  1.13733498E+00
    98  1.47000000E+01  1.13738296E+00  9.99919071E-01  1.13738296E+00
    99  1.48500000E+01  1.13742753E+00  9.99914803E-01  1.13742753E+00
   100  1.50000000E+01  1.13747189E+00  9.99910411E-01  1.13747189E+00
   101  1.51500000E+01  1.13751706E+00  9.99905903E-01  1.13751706E+00
   102  1.53000000E+01  1.13755927E+00  9.99901288E-01  1.13755927E+00
   103  1.54500000E+01  1.13759885E+00  9.99896576E-01  1.13759885E+00
   104  1.56000000E+01  1.13763610E+00  9.99891781E-01  1.13763610E+00
   105  1.57500000E+01  1.13767133E+00  9.99886917E-01  1.13767133E+00
   106  1.59000000E+01  1.13770485E+00  9.99882001E-01  1.13770485E+00
   107  1.60500000E+01  1.13773697E+00  9.99877055E-01  1.13773697E+00
   108  1.62000000E+01  1.13776797E+00  9.99872100E-01  1.13776797E+00
   109  1.63500000E+01  1.13779808E+00  9.99867165E-01  1.13779808E+00
   110  1.65000000E+01  1.13782746E+00  9.99862279E-01  1.13782746E+00
   111  1.66500000E+01  1.13785621E+00  9.99857477E-01  1.13785621E+00
   112  1.68000000E+01  1.13788436E+00  9.99852796E-01  1.13788436E+00
   113  1.69500000E+01  1.13791191E+00  9.99848280E-01  1.13791191E+00
   114  1.71000000E+01  1.13793881E+00  9.99843978E-01  1.13793881E+00
   115  1.72500000E+01  1.13796500E+00  9.99839942E-01  1.13796500E+00
   116  1.74000000E+01  1.13799042E+00  9.99836234E-01  1.13799042E+00
   117  1.75500000E+01  1.13801499E+00  9.99832918E-01  1.13801499E+00
   118  1.77000000E+01  1.13804013E+00  9.99830070E-01  1.13804013E+00
   119  1.78500000E+01  1.13806479E+00  9.99827770E-01  1.13806479E+00
   120  1.80000000E+01  1.13808858E+00  9.99826108E-01  1.13808858E+00
   121  1.81500000E+01  1.13811143E+00  9.99825183E-01  1.13811143E+00
   122  1.83000000E+01  1.13813330E+00  9.99825102E-01  1.13813330E+00
   123  1.84500000E+01  1.13815419E+00  9.99825984E-01  1.13815419E+00
   124  1.86000000E+01  1.13817407E+00  9.99827959E-01  1.13817407E+00
   125  1.87500000E+01  1.13819293E+00  9.99831168E-01  1.13819293E+00
   126  1.89000000E+01  1.13821078E+00  9.99835766E-01  1.13821078E+00
   127  1.90500000E+01  1.13822764E+00  9.99841922E-01  1.13822764E+00
   128  1.92000000E+01  1.13824351E+00  9.99849818E-01  1.13824351E+00
   129  1.93500000E+01  1.13825841E+00  9.99859653E-01  1.13825841E+00
   130  1.95000000E+01  1.13827236E+00  9.99871645E-01  1.13827236E+00
   131  1.96500000E+01  1.13828540E+00  9.99886029E-01  1.13828540E+00
   132  1.98000000E+01  1.13829755E+00  9.99903058E-01  1.13829755E+00
   133  1.99500000E+01  1.13830884E+00  9.99923009E-01  1.13830884E+00
   134  2.01000000E+01  1.13831932E+00  9.99946181E-01  1.13831932E+00
   135  2.02500000E+01  1.13832902E+00  9.99972894E-01  1.13832902E+00
   136  2.04000000E+01  1.13833798E+00  1.00000350E+00  1.13833798E+00
   137  2.05500000E+01  1.13834705E+00  1.00003836E+00  1.13834705E+00
   138  2.07000000E+01  1.13835609E+00  1.00007790E+00  1.13835609E+00
   139  2.08500000E+01  1.13836442E+00  1.00012254E+00  1.13836442E+00
   140  2.10000000E+01  1.13837209E+00  1.00017274E+00  1.13837209E+00
   141  2.11500000E+01  1.13837914E+00  1.00022901E+00  1.13837914E+00
   142  2.13000000E+01  1.13838560E+00  1.00029188E+00  1.13838560E+00
   143  2.14500000E+01  1.13839152E+00  1.00036193E+00  1.13839152E+00
   144  2.16000000E+01  1.13839693E+00  1.00043977E+00  1.13839693E+00
   145  2.17500000E+01  1.13840187E+00  1.00052606E+00  1.13840187E+00
   146  2.19000000E+01  1.13840637E+00  1.00062150E+00  1.13840637E+00
   147  2.20500000E+01  1.13841046E+00  1.00072684E+00  1.13841046E+00
   148  2.22000000E+01  1.13841419E+00  1.00084287E+00  1.13841419E+00
   149  2.23500000E+01  1.13841757E+00  1.00097046E+00  1.13841757E+00
   150  2.25000000E+01  1.13842064E+00  1.00111049E+00  1.13842064E+00
   151  2.26500000E+01  1.13842342E+00  1.00126394E+00  1.13842342E+00
   152  2.28000000E+01  1.13842593E+00  1.00143183E+00  1.13842593E+00
   153  2.29500000E+01  1.13842821E+00  1.00161524E+00  1.13842821E+00
   154  2.31000000E+01  1.13843027E+00  1.00181533E+00  1.13843027E+00
   155  2.32500000E+01  1.13843213E+00  1.00203330E+00  1.13843213E+00
   156  2.34000000E+01  1.13843381E+00  1.00227045E+00  1.13843381E+00
   157  2.35500000E+01  1.13843532E+00  1.00252812E+00  1.13843532E+00
   158  2.37000000E+01  1.13843669E+00  1.00280776E+00  1.13843669E+00
   159  2.38500000E+01  1.13843792E+00  1.00311087E+00  1.13843792E+00
   160  2.40000000E+01  1.13843904E+00  1.00343903E+00  1.13843904E+00
   161  2.41500000E+01  1.13844004E+00  1.00379391E+00  1.13844004E+00
   162  2.43000000E+01  1.13844095E+00  1.00417725E+00  1.13844095E+00
   163  2.44500000E+01  1.13844176E+00  1.00459087E+00  1.13844176E+00
   164  2.46000000E+01  1.13844250E+00  1.00503667E+00  1.13844250E+00
   165  2.47500000E+01  1.13844317E+00  1.00551665E+00  1.13844317E+00
   166  2.49000000E+01  1.13844377E+00  1.00603287E+00  1.13844377E+00
   167  2.50500000E+01  1.13844432E+00  1.00658747E+00  1.13844432E+00
   168  2.52000000E+01  1.13844481E+00  1.00718268E+00  1.13844481E+00
   169  2.53500000E+01  1.13844526E+00  1.00782078E+00  1.13844526E+00
   170  2.55000000E+01  1.13844566E+00  1.00850415E+00  1.13844566E+00
   171  2.56500000E+01  1.13844603E+00  1.00923520E+00  1.13844603E+00
   172  2.58000000E+01  1.13844636E+00  1.01001643E+00  1.13844636E+00
   173  2.59500000E+01  1.13844667E+00  1.01085036E+00  1.13844667E+00
   174  2.61000000E+01  1.13844694E+00  1.01173957E+00  1.13844694E+00
   175  2.62500000E+01  1.13844719E+00  1.01268664E+00  1.13844719E+00
   176  2.64000000E+01  1.13844742E+00  1.01369420E+00  1.13844742E+00
   177  2.65500000E+01  1.13844763E+00  1.01476484E+00  1.13844763E+00
   178  2.67000000E+01  1.13844783E+00  1.01590116E+00  1.13844783E+00
   179  2.68500000E+01  1.13844800E+00  1.01710571E+00  1.13844800E+00
   180  2.70000000E+01  1.13844817E+00  1.01838097E+00  1.13844817E+00
   181  2.71500000E+01  1.13844831E+00  1.01972935E+00  1.13844831E+00
   182  2.73000000E+01  1.13844845E+00  1.02115314E+00  1.13844845E+00
   183  2.74500000E+01  1.13844858E+00  1.02265450E+00  1.13844858E+00
   184  2.76000000E+01  1.13844869E+00  1.02423543E+00  1.13844869E+00
   185  2.77500000E+01  1.13844880E+00  1.02589772E+00  1.13844880E+00
   186  2.79000000E+01  1.13844890E+00  1.02764293E+00  1.13844890E+00
   187  2.80500000E+01  1.13844899E+00  1.02947235E+00  1.13844899E+00
   188  2.82000000E+01  1.13844908E+00  1.03138697E+00  1.13844908E+00
   189  2.83500000E+01  1.13844916E+00  1.03338743E+00  1.13844916E+00
   190  2.85000000E+01  1.13844923E+00  1.03547399E+00  1.13844923E+00
   191  2.86500000E+01  1.13844930E+00  1.03764646E+00  1.13844930E+00
   192  2.88000000E+01  1.13844937E+00  1.03990421E+00  1.13844937E+00
   193  2.89500000E+01  1.13844943E+00  1.04224607E+00  1.13844943E+00
   194  2.91000000E+01  1.13844948E+00  1.04467034E+00  1.13844948E+00
   195  2.92500000E+01  1.13844953E+00  1.04717469E+00  1.13844953E+00
   196  2.94000000E+01  1.13844958E+00  1.04975621E+00  1.13844958E+00
   197  2.95500000E+01  1.13844963E+00  1.05241129E+00  1.13844963E+00
   198  2.97000000E+01  1.13844967E+00  1.05513564E+00  1.13844967E+00
   199  2.98500000E+01  1.13844971E+00  1.05792430E+00  1.13844971E+00
   200  3.00000000E+01  1.13844974E+00  1.06077154E+00  1.13844974E+00
   201  3.01500000E+01  1.13844978E+00  1.06367096E+00  1.13844978E+00
   202  3.03000000E+01  1.13844981E+00  1.06661539E+00  1.13844981E+00
   203  3.04500000E+01  1.13844984E+00  1.06959698E+00  1.13844984E+00
   204  3.06000000E+01  1.13844987E+00  1.07260722E+00  1.13844987E+00
   205  3.07500000E+01  1.13844990E+00  1.07563693E+00  1.13844990E+00
   206  3.09000000E+01  1.13844992E+00  1.07867634E+00  1.13844992E+00
   207  3.10500000E+01  1.13844994E+00  1.08171513E+00  1.13844994E+00
   208  3.12000000E+01  1.13844997E+00  1.08474256E+00  1.13844997E+00
   209  3.13500000E+01  1.13844999E+00  1.08774749E+00  1.13844999E+00
   210  3.15000000E+01  1.13845001E+00  1.09071853E+00  1.13845001E+00
   211  3.16500000E+01  1.13845002E+00  1.09364417E+00  1.13845002E+00
   212  3.18000000E+01  1.13845004E+00  1.09651288E+00  1.13845004E+00
   213  3.19500000E+01  1.13845006E+00  1.09931333E+00  1.13845006E+00
   214  3.21000000E+01  1.13845007E+00  1.10203454E+00  1.13845007E+00
   215  3.22500000E+01  1.13845008E+00  1.10466606E+00  1.13845008E+00
   216  3.24000000E+01  1.13845010E+00  1.10719820E+00  1.13845010E+00
   217  3.25500000E+01  1.13845011E+00  1.10962222E+00  1.13845011E+00
   218  3.27000000E+01  1.13845012E+00  1.11193057E+00  1.13845012E+00
   219  3.28500000E+01  1.13845013E+00  1.11411705E+00  1.13845013E+00
   220  3.30000000E+01  1.13845014E+00  1.11617703E+00  1.13845014E+00
   221  3.31500000E+01  1.13845015E+00  1.11810756E+00  1.13845015E+00
   222  3.33000000E+01  1.13845016E+00  1.11990749E+00  1.13845016E+00
   223  3.34500000E+01  1.13845017E+00  1.12157750E+00  1.13845017E+00
   224  3.36000000E+01  1.13845018E+00  1.12312008E+00  1.13845018E+00
   225  3.37500000E+01  1.13845018E+00  1.12453939E+00  1.13845018E+00
   226  3.39000000E+01  1.13845019E+00  1.12584109E+00  1.13845019E+00
   227  3.40500000E+01  1.13845020E+00  1.12703205E+00  1.13845020E+00
   228  3.42000000E+01  1.13845020E+00  1.12812001E+00  1.13845020E+00
   229  3.43500000E+01  1.13845021E+00  1.12911315E+00  1.13845021E+00
   230  3.45000000E+01  1.13845021E+00  1.13001971E+00  1.13845021E+00
   231  3.46500000E+01  1.13845022E+00  1.13084755E+00  1.13845022E+00
   232  3.48000000E+01  1.13845022E+00  1.13160372E+00  1.13845022E+00
   233  3.49500000E+01  1.13845023E+00  1.13229423E+00  1.13845023E+00
   234  3.51000000E+01  1.13845023E+00  1.13292380E+00  1.13845023E+00
   235  3.52500000E+01  1.13845024E+00  1.13349580E+00  1.13845024E+00
   236  3.54000000E+01  1.13845024E+00  1.13401233E+00  1.13845024E+00
   237  3.55500000E+01  1.13845024E+00  1.13447443E+00  1.13845024E+00
   238  3.57000000E+01  1.13845025E+00  1.13488242E+00  1.13845025E+00
   239  3.58500000E+01  1.13845025E+00  1.13523629E+00  1.13845025E+00
   240  3.60000000E+01  1.13845025E+00  1.13553618E+00  1.13845025E+00
   241  3.61500000E+01  1.13845026E+00  1.13578284E+00  1.13845026E+00
   242  3.63000000E+01  1.13845026E+00  1.13597798E+00  1.13845026E+00
   243  3.64500000E+01  1.13845026E+00  1.13612452E+00  1.13845026E+00
   244  3.66000000E+01  1.13845026E+00  1.13622677E+00  1.13845026E+00
   245  3.67500000E+01  1.13845026E+00  1.13629031E+00  1.13845026E+00
   246  3.69000000E+01  1.13845027E+00  1.13632180E+00  1.13845027E+00
   247  3.70500000E+01  1.13845027E+00  1.13632864E+00  1.13845027E+00
   248  3.72000000E+01  1.13845027E+00  1.13631852E+00  1.13845027E+00
   249  3.73500000E+01  1.13845027E+00  1.13629887E+00  1.13845027E+00
   250  3.75000000E+01  1.13845027E+00  1.13627647E+00  1.13845027E+00
   251  3.76500000E+01  1.13845027E+00  1.13625698E+00  1.13845027E+00
   252  3.78000000E+01  1.13845028E+00  1.13624463E+00  1.13845028E+00
   253  3.79500000E+01  1.13845028E+00  1.13624215E+00  1.13845028E+00
   254  3.81000000E+01  1.13845028E+00  1.13625067E+00  1.13845028E+00
   255  3.82500000E+01  1.13845028E+00  1.13626998E+00  1.13845028E+00
   256  3.84000000E+01  1.13845028E+00  1.13629869E+00  1.13845028E+00
   257  3.85500000E+01  1.13845028E+00  1.13633467E+00  1.13845028E+00
   258  3.87000000E+01  1.13845028E+00  1.13637537E+00  1.13845028E+00
   259  3.88500000E+01  1.13845028E+00  1.13641817E+00  1.13845028E+00
   260  3.90000000E+01  1.13845028E+00  1.13646074E+00  1.13845028E+00
   261  3.91500000E+01  1.13845028E+00  1.13650122E+00  1.13845028E+00
   262  3.93000000E+01  1.13845028E+00  1.13653832E+00  1.13845028E+00
   263  3.94500000E+01  1.13845029E+00  1.13657142E+00  1.13845029E+00
   264  3.96000000E+01  1.13845029E+00  1.13660043E+00  1.13845029E+00
   265  3.97500000E+01  1.13845029E+00  1.13662573E+00  1.13845029E+00
   266  3.99000000E+01  1.13845029E+00  1.13664799E+00  1.13845029E+00
   267  4.00500000E+01  1.13845029E+00  1.13666801E+00  1.13845029E+00
   268  4.02000000E+01  1.13845029E+00  1.13668659E+00  1.13845029E+00
   269  4.03500000E+01  1.13845029E+00  1.13670439E+00  1.13845029E+00
   270  4.05000000E+01  1.13845029E+00  1.13672191E+00  1.13845029E+00
   271  4.06500000E+01  1.13845029E+00  1.13673939E+00  1.13845029E+00
   272  4.08000000E+01  1.13845029E+00  1.13675690E+00  1.13845029E+00
   273  4.09500000E+01  1.13845029E+00  1.13677434E+00  1.13845029E+00
   274  4.11000000E+01  1.13845029E+00  1.13679148E+00  1.13845029E+00
   275  4.12500000E+01  1.13845029E+00  1.13680808E+00  1.13845029E+00
   276  4.14000000E+01  1.13845029E+00  1.13682388E+00  1.13845029E+00
   277  4.15500000E+01  1.13845029E+00  1.13683868E+00  1.13845029E+00
   278  4.17000000E+01  1.13845029E+00  1.13685234E+00  1.13845029E+00
   279  4.18500000E+01  1.13845029E+00  1.13686481E+00  1.13845029E+00
   280  4.20000000E+01  1.13845029E+00  1.13687610E+00  1.13845029E+00
   281  4.21500000E+01  1.13845029E+00  1.13688628E+00  1.13845029E+00
   282  4.23000000E+01  1.13845029E+00  1.13689548E+00  1.13845029E+00
   283  4.24500000E+01  1.13845029E+00  1.13690381E+00  1.13845029E+00
   284  4.26000000E+01  1.13845029E+00  1.13691139E+00  1.13845029E+00
   285  4.27500000E+01  1.13845029E+00  1.13691833E+00  1.13845029E+00
   286  4.29000000E+01  1.13845029E+00  1.13692472E+00  1.13845029E+00
   287  4.30500000E+01  1.13845029E+00  1.13693061E+00  1.13845029E+00
   288  4.32000000E+01  1.13845029E+00  1.13693606E+00  1.13845029E+00
   289  4.33500000E+01  1.13845029E+00  1.13694107E+00  1.13845029E+00
   290  4.35000000E+01  1.13845029E+00  1.13694568E+00  1.13845029E+00
   291  4.36500000E+01  1.13845029E+00  1.13694989E+00  1.13845029E+00
 steady-height stop at step    291: changes <=   1.0000E-05, max-end <=   1.0000E-02, max/end/gap/profile_change =   1.13845029E+00  1.13694989E+00  1.50040293E-03  4.21056346E-06


STDERR:
