COMMAND:
/shared/generate_rom_data/extrudate_swell2d_c_cluster

STDOUT:
 comppar: model =   6
 comppar: lambda,mobility/eps,betav,eta_0 =  2.8000E+00  1.0000E-01  9.0000E-01  1.0000E+00
 comppar: eta_s,eta_p,G =  9.0000E-01  1.0000E-01  3.5714E-02
 comppar: U_avg,deltat,flowrate,nsteps =  2.0000E-01  1.5000E-01  6.2832E-01     700
 comppar: geometry = axisymmetric
 comppar: steady stop change,gap,hold,min =  1.0000E-05  1.0000E-02      10      80
 comppar: ncompc,ncompg =     4     5
 mesh nnodes = 5765
 mesh nelem = 2780
 P1 BC   5.0000000000000000     
 P2 BC   0.0000000000000000     
     1  1.50000000E-01  1.00379478E+00  1.00000000E+00  1.00379478E+00
     2  3.00000000E-01  1.00750771E+00  1.00000000E+00  1.00750771E+00
     3  4.50000000E-01  1.01114160E+00  1.00000000E+00  1.01114160E+00
     4  6.00000000E-01  1.01469653E+00  1.00000000E+00  1.01469653E+00
     5  7.50000000E-01  1.01817503E+00  1.00000000E+00  1.01817503E+00
     6  9.00000000E-01  1.02157316E+00  1.00000000E+00  1.02157316E+00
     7  1.05000000E+00  1.02491075E+00  1.00000000E+00  1.02491075E+00
     8  1.20000000E+00  1.02817607E+00  1.00000000E+00  1.02817607E+00
     9  1.35000000E+00  1.03136476E+00  1.00000000E+00  1.03136476E+00
    10  1.50000000E+00  1.03448248E+00  1.00000000E+00  1.03448248E+00
    11  1.65000000E+00  1.03755748E+00  1.00000000E+00  1.03755748E+00
    12  1.80000000E+00  1.04054926E+00  1.00000000E+00  1.04054926E+00
    13  1.95000000E+00  1.04348439E+00  1.00000000E+00  1.04348439E+00
    14  2.10000000E+00  1.04637461E+00  9.99999999E-01  1.04637461E+00
    15  2.25000000E+00  1.04916416E+00  9.99999996E-01  1.04916416E+00
    16  2.40000000E+00  1.05195667E+00  9.99999992E-01  1.05195667E+00
    17  2.55000000E+00  1.05464167E+00  9.99999986E-01  1.05464167E+00
    18  2.70000000E+00  1.05731904E+00  9.99999979E-01  1.05731904E+00
    19  2.85000000E+00  1.05988189E+00  9.99999970E-01  1.05988189E+00
    20  3.00000000E+00  1.06245997E+00  9.99999960E-01  1.06245997E+00
    21  3.15000000E+00  1.06491200E+00  9.99999947E-01  1.06491200E+00
    22  3.30000000E+00  1.06739294E+00  9.99999932E-01  1.06739294E+00
    23  3.45000000E+00  1.06973167E+00  9.99999915E-01  1.06973167E+00
    24  3.60000000E+00  1.07210806E+00  9.99999894E-01  1.07210806E+00
    25  3.75000000E+00  1.07437529E+00  9.99999871E-01  1.07437529E+00
    26  3.90000000E+00  1.07661881E+00  9.99999843E-01  1.07661881E+00
    27  4.05000000E+00  1.07881593E+00  9.99999812E-01  1.07881593E+00
    28  4.20000000E+00  1.08088302E+00  9.99999777E-01  1.08088302E+00
    29  4.35000000E+00  1.08304047E+00  9.99999736E-01  1.08304047E+00
    30  4.50000000E+00  1.08505122E+00  9.99999691E-01  1.08505122E+00
    31  4.65000000E+00  1.08704620E+00  9.99999639E-01  1.08704620E+00
    32  4.80000000E+00  1.08901866E+00  9.99999582E-01  1.08901866E+00
    33  4.95000000E+00  1.09084201E+00  9.99999517E-01  1.09084201E+00
    34  5.10000000E+00  1.09273331E+00  9.99999446E-01  1.09273331E+00
    35  5.25000000E+00  1.09455442E+00  9.99999366E-01  1.09455442E+00
    36  5.40000000E+00  1.09622700E+00  9.99999278E-01  1.09622700E+00
    37  5.55000000E+00  1.09801461E+00  9.99999180E-01  1.09801461E+00
    38  5.70000000E+00  1.09968438E+00  9.99999072E-01  1.09968438E+00
    39  5.85000000E+00  1.10120763E+00  9.99998953E-01  1.10120763E+00
    40  6.00000000E+00  1.10286214E+00  9.99998822E-01  1.10286214E+00
    41  6.15000000E+00  1.10441445E+00  9.99998679E-01  1.10441445E+00
    42  6.30000000E+00  1.10582406E+00  9.99998521E-01  1.10582406E+00
    43  6.45000000E+00  1.10732997E+00  9.99998349E-01  1.10732997E+00
    44  6.60000000E+00  1.10876540E+00  9.99998162E-01  1.10876540E+00
    45  6.75000000E+00  1.11006278E+00  9.99997957E-01  1.11006278E+00
    46  6.90000000E+00  1.11141207E+00  9.99997734E-01  1.11141207E+00
    47  7.05000000E+00  1.11273904E+00  9.99997491E-01  1.11273904E+00
    48  7.20000000E+00  1.11393419E+00  9.99997227E-01  1.11393419E+00
    49  7.35000000E+00  1.11514457E+00  9.99996942E-01  1.11514457E+00
    50  7.50000000E+00  1.11636472E+00  9.99996632E-01  1.11636472E+00
    51  7.65000000E+00  1.11746014E+00  9.99996297E-01  1.11746014E+00
    52  7.80000000E+00  1.11853806E+00  9.99995934E-01  1.11853806E+00
    53  7.95000000E+00  1.11965972E+00  9.99995543E-01  1.11965972E+00
    54  8.10000000E+00  1.12066505E+00  9.99995121E-01  1.12066505E+00
    55  8.25000000E+00  1.12161789E+00  9.99994667E-01  1.12161789E+00
    56  8.40000000E+00  1.12264429E+00  9.99994177E-01  1.12264429E+00
    57  8.55000000E+00  1.12356359E+00  9.99993651E-01  1.12356359E+00
    58  8.70000000E+00  1.12440284E+00  9.99993086E-01  1.12440284E+00
    59  8.85000000E+00  1.12534414E+00  9.99992480E-01  1.12534414E+00
    60  9.00000000E+00  1.12618819E+00  9.99991829E-01  1.12618819E+00
    61  9.15000000E+00  1.12694757E+00  9.99991133E-01  1.12694757E+00
    62  9.30000000E+00  1.12777133E+00  9.99990387E-01  1.12777133E+00
    63  9.45000000E+00  1.12854550E+00  9.99989590E-01  1.12854550E+00
    64  9.60000000E+00  1.12924594E+00  9.99988739E-01  1.12924594E+00
    65  9.75000000E+00  1.12996729E+00  9.99987830E-01  1.12996729E+00
    66  9.90000000E+00  1.13068223E+00  9.99986861E-01  1.13068223E+00
    67  1.00500000E+01  1.13133356E+00  9.99985829E-01  1.13133356E+00
    68  1.02000000E+01  1.13193353E+00  9.99984731E-01  1.13193353E+00
    69  1.03500000E+01  1.13259306E+00  9.99983562E-01  1.13259306E+00
    70  1.05000000E+01  1.13320186E+00  9.99982321E-01  1.13320186E+00
    71  1.06500000E+01  1.13376886E+00  9.99981004E-01  1.13376886E+00
    72  1.08000000E+01  1.13432610E+00  9.99979607E-01  1.13432610E+00
    73  1.09500000E+01  1.13490012E+00  9.99978127E-01  1.13490012E+00
    74  1.11000000E+01  1.13544017E+00  9.99976560E-01  1.13544017E+00
    75  1.12500000E+01  1.13595491E+00  9.99974903E-01  1.13595491E+00
    76  1.14000000E+01  1.13645115E+00  9.99973153E-01  1.13645115E+00
    77  1.15500000E+01  1.13693710E+00  9.99971306E-01  1.13693710E+00
    78  1.17000000E+01  1.13743710E+00  9.99969358E-01  1.13743710E+00
    79  1.18500000E+01  1.13792290E+00  9.99967307E-01  1.13792290E+00
    80  1.20000000E+01  1.13839771E+00  9.99965148E-01  1.13839771E+00
    81  1.21500000E+01  1.13886293E+00  9.99962879E-01  1.13886293E+00
    82  1.23000000E+01  1.13931847E+00  9.99960497E-01  1.13931847E+00
    83  1.24500000E+01  1.13976305E+00  9.99957999E-01  1.13976305E+00
    84  1.26000000E+01  1.14019466E+00  9.99955383E-01  1.14019466E+00
    85  1.27500000E+01  1.14063205E+00  9.99952645E-01  1.14063205E+00
    86  1.29000000E+01  1.14106546E+00  9.99949785E-01  1.14106546E+00
    87  1.30500000E+01  1.14148440E+00  9.99946800E-01  1.14148440E+00
    88  1.32000000E+01  1.14188654E+00  9.99943690E-01  1.14188654E+00
    89  1.33500000E+01  1.14226984E+00  9.99940454E-01  1.14226984E+00
    90  1.35000000E+01  1.14264877E+00  9.99937091E-01  1.14264877E+00
    91  1.36500000E+01  1.14303627E+00  9.99933602E-01  1.14303627E+00
    92  1.38000000E+01  1.14340347E+00  9.99929990E-01  1.14340347E+00
    93  1.39500000E+01  1.14374939E+00  9.99926255E-01  1.14374939E+00
    94  1.41000000E+01  1.14407378E+00  9.99922401E-01  1.14407378E+00
    95  1.42500000E+01  1.14441330E+00  9.99918432E-01  1.14441330E+00
    96  1.44000000E+01  1.14474250E+00  9.99914354E-01  1.14474250E+00
    97  1.45500000E+01  1.14505042E+00  9.99910173E-01  1.14505042E+00
    98  1.47000000E+01  1.14533776E+00  9.99905897E-01  1.14533776E+00
    99  1.48500000E+01  1.14562964E+00  9.99901536E-01  1.14562964E+00
   100  1.50000000E+01  1.14592051E+00  9.99897101E-01  1.14592051E+00
   101  1.51500000E+01  1.14619161E+00  9.99892607E-01  1.14619161E+00
   102  1.53000000E+01  1.14644428E+00  9.99888067E-01  1.14644428E+00
   103  1.54500000E+01  1.14669115E+00  9.99883501E-01  1.14669115E+00
   104  1.56000000E+01  1.14694750E+00  9.99878928E-01  1.14694750E+00
   105  1.57500000E+01  1.14718633E+00  9.99874371E-01  1.14718633E+00
   106  1.59000000E+01  1.14740905E+00  9.99869858E-01  1.14740905E+00
   107  1.60500000E+01  1.14761693E+00  9.99865417E-01  1.14761693E+00
   108  1.62000000E+01  1.14784093E+00  9.99861082E-01  1.14784093E+00
   109  1.63500000E+01  1.14805121E+00  9.99856889E-01  1.14805121E+00
   110  1.65000000E+01  1.14824761E+00  9.99852882E-01  1.14824761E+00
   111  1.66500000E+01  1.14843107E+00  9.99849104E-01  1.14843107E+00
   112  1.68000000E+01  1.14861748E+00  9.99845609E-01  1.14861748E+00
   113  1.69500000E+01  1.14880292E+00  9.99842453E-01  1.14880292E+00
   114  1.71000000E+01  1.14897604E+00  9.99839698E-01  1.14897604E+00
   115  1.72500000E+01  1.14913754E+00  9.99837413E-01  1.14913754E+00
   116  1.74000000E+01  1.14928933E+00  9.99835674E-01  1.14928933E+00
   117  1.75500000E+01  1.14945284E+00  9.99834565E-01  1.14945284E+00
   118  1.77000000E+01  1.14960523E+00  9.99834176E-01  1.14960523E+00
   119  1.78500000E+01  1.14974701E+00  9.99834608E-01  1.14974701E+00
   120  1.80000000E+01  1.14987867E+00  9.99835970E-01  1.14987867E+00
   121  1.81500000E+01  1.15001344E+00  9.99838381E-01  1.15001344E+00
   122  1.83000000E+01  1.15014676E+00  9.99841970E-01  1.15014676E+00
   123  1.84500000E+01  1.15027042E+00  9.99846879E-01  1.15027042E+00
   124  1.86000000E+01  1.15038491E+00  9.99853262E-01  1.15038491E+00
   125  1.87500000E+01  1.15049399E+00  9.99861284E-01  1.15049399E+00
   126  1.89000000E+01  1.15061008E+00  9.99871126E-01  1.15061008E+00
   127  1.90500000E+01  1.15071742E+00  9.99882984E-01  1.15071742E+00
   128  1.92000000E+01  1.15081654E+00  9.99897068E-01  1.15081654E+00
   129  1.93500000E+01  1.15090800E+00  9.99913608E-01  1.15090800E+00
   130  1.95000000E+01  1.15100422E+00  9.99932850E-01  1.15100422E+00
   131  1.96500000E+01  1.15109701E+00  9.99955059E-01  1.15109701E+00
   132  1.98000000E+01  1.15118255E+00  9.99980521E-01  1.15118255E+00
   133  1.99500000E+01  1.15126138E+00  1.00000954E+00  1.15126138E+00
   134  2.01000000E+01  1.15133756E+00  1.00004246E+00  1.15133756E+00
   135  2.02500000E+01  1.15141752E+00  1.00007962E+00  1.15141752E+00
   136  2.04000000E+01  1.15149118E+00  1.00012141E+00  1.15149118E+00
   137  2.05500000E+01  1.15155901E+00  1.00016825E+00  1.15155901E+00
   138  2.07000000E+01  1.15162146E+00  1.00022055E+00  1.15162146E+00
   139  2.08500000E+01  1.15168720E+00  1.00027880E+00  1.15168720E+00
   140  2.10000000E+01  1.15175052E+00  1.00034350E+00  1.15175052E+00
   141  2.11500000E+01  1.15180877E+00  1.00041519E+00  1.15180877E+00
   142  2.13000000E+01  1.15186234E+00  1.00049442E+00  1.15186234E+00
   143  2.14500000E+01  1.15191226E+00  1.00058182E+00  1.15191226E+00
   144  2.16000000E+01  1.15196663E+00  1.00067803E+00  1.15196663E+00
   145  2.17500000E+01  1.15201659E+00  1.00078375E+00  1.15201659E+00
   146  2.19000000E+01  1.15206248E+00  1.00089971E+00  1.15206248E+00
   147  2.20500000E+01  1.15210458E+00  1.00102669E+00  1.15210458E+00
   148  2.22000000E+01  1.15214580E+00  1.00116552E+00  1.15214580E+00
   149  2.23500000E+01  1.15218851E+00  1.00131707E+00  1.15218851E+00
   150  2.25000000E+01  1.15222766E+00  1.00148229E+00  1.15222766E+00
   151  2.26500000E+01  1.15226353E+00  1.00166214E+00  1.15226353E+00
   152  2.28000000E+01  1.15229634E+00  1.00185768E+00  1.15229634E+00
   153  2.29500000E+01  1.15232931E+00  1.00207001E+00  1.15232931E+00
   154  2.31000000E+01  1.15236265E+00  1.00230028E+00  1.15236265E+00
   155  2.32500000E+01  1.15239314E+00  1.00254971E+00  1.15239314E+00
   156  2.34000000E+01  1.15242098E+00  1.00281958E+00  1.15242098E+00
   157  2.35500000E+01  1.15244640E+00  1.00311126E+00  1.15244640E+00
   158  2.37000000E+01  1.15247199E+00  1.00342615E+00  1.15247199E+00
   159  2.38500000E+01  1.15249781E+00  1.00376573E+00  1.15249781E+00
   160  2.40000000E+01  1.15252136E+00  1.00413157E+00  1.15252136E+00
   161  2.41500000E+01  1.15254283E+00  1.00452529E+00  1.15254283E+00
   162  2.43000000E+01  1.15256239E+00  1.00494856E+00  1.15256239E+00
   163  2.44500000E+01  1.15258118E+00  1.00540317E+00  1.15258118E+00
   164  2.46000000E+01  1.15260106E+00  1.00589094E+00  1.15260106E+00
   165  2.47500000E+01  1.15261916E+00  1.00641377E+00  1.15261916E+00
   166  2.49000000E+01  1.15263563E+00  1.00697362E+00  1.15263563E+00
   167  2.50500000E+01  1.15265059E+00  1.00757253E+00  1.15265059E+00
   168  2.52000000E+01  1.15266418E+00  1.00821259E+00  1.15266418E+00
   169  2.53500000E+01  1.15267852E+00  1.00889594E+00  1.15267852E+00
   170  2.55000000E+01  1.15269233E+00  1.00962479E+00  1.15269233E+00
   171  2.56500000E+01  1.15270487E+00  1.01040138E+00  1.15270487E+00
   172  2.58000000E+01  1.15271623E+00  1.01122801E+00  1.15271623E+00
   173  2.59500000E+01  1.15272652E+00  1.01210698E+00  1.15272652E+00
   174  2.61000000E+01  1.15273584E+00  1.01304065E+00  1.15273584E+00
   175  2.62500000E+01  1.15274570E+00  1.01403137E+00  1.15274570E+00
   176  2.64000000E+01  1.15275518E+00  1.01508149E+00  1.15275518E+00
   177  2.65500000E+01  1.15276376E+00  1.01619335E+00  1.15276376E+00
   178  2.67000000E+01  1.15277150E+00  1.01736927E+00  1.15277150E+00
   179  2.68500000E+01  1.15277848E+00  1.01861150E+00  1.15277848E+00
   180  2.70000000E+01  1.15278478E+00  1.01992226E+00  1.15278478E+00
   181  2.71500000E+01  1.15279044E+00  1.02130366E+00  1.15279044E+00
   182  2.73000000E+01  1.15279665E+00  1.02275771E+00  1.15279665E+00
   183  2.74500000E+01  1.15280242E+00  1.02428630E+00  1.15280242E+00
   184  2.76000000E+01  1.15280761E+00  1.02589115E+00  1.15280761E+00
   185  2.77500000E+01  1.15281226E+00  1.02757382E+00  1.15281226E+00
   186  2.79000000E+01  1.15281644E+00  1.02933563E+00  1.15281644E+00
   187  2.80500000E+01  1.15282019E+00  1.03117770E+00  1.15282019E+00
   188  2.82000000E+01  1.15282354E+00  1.03310086E+00  1.15282354E+00
   189  2.83500000E+01  1.15282654E+00  1.03510564E+00  1.15282654E+00
   190  2.85000000E+01  1.15282955E+00  1.03719226E+00  1.15282955E+00
   191  2.86500000E+01  1.15283261E+00  1.03936057E+00  1.15283261E+00
   192  2.88000000E+01  1.15283534E+00  1.04161003E+00  1.15283534E+00
   193  2.89500000E+01  1.15283777E+00  1.04393970E+00  1.15283777E+00
   194  2.91000000E+01  1.15283993E+00  1.04634817E+00  1.15283993E+00
   195  2.92500000E+01  1.15284185E+00  1.04883358E+00  1.15284185E+00
   196  2.94000000E+01  1.15284355E+00  1.05139356E+00  1.15284355E+00
   197  2.95500000E+01  1.15284505E+00  1.05402523E+00  1.15284505E+00
   198  2.97000000E+01  1.15284638E+00  1.05672517E+00  1.15284638E+00
   199  2.98500000E+01  1.15284755E+00  1.05948942E+00  1.15284755E+00
   200  3.00000000E+01  1.15284858E+00  1.06231348E+00  1.15284858E+00
   201  3.01500000E+01  1.15284948E+00  1.06519226E+00  1.15284948E+00
   202  3.03000000E+01  1.15285027E+00  1.06812013E+00  1.15285027E+00
   203  3.04500000E+01  1.15285095E+00  1.07109092E+00  1.15285095E+00
   204  3.06000000E+01  1.15285154E+00  1.07409791E+00  1.15285154E+00
   205  3.07500000E+01  1.15285224E+00  1.07713387E+00  1.15285224E+00
   206  3.09000000E+01  1.15285285E+00  1.08019110E+00  1.15285285E+00
   207  3.10500000E+01  1.15285337E+00  1.08326145E+00  1.15285337E+00
   208  3.12000000E+01  1.15285382E+00  1.08633636E+00  1.15285382E+00
   209  3.13500000E+01  1.15285421E+00  1.08940691E+00  1.15285421E+00
   210  3.15000000E+01  1.15285454E+00  1.09246389E+00  1.15285454E+00
   211  3.16500000E+01  1.15285482E+00  1.09549786E+00  1.15285482E+00
   212  3.18000000E+01  1.15285505E+00  1.09849922E+00  1.15285505E+00
   213  3.19500000E+01  1.15285525E+00  1.10145829E+00  1.15285525E+00
   214  3.21000000E+01  1.15285541E+00  1.10436536E+00  1.15285541E+00
   215  3.22500000E+01  1.15285554E+00  1.10721086E+00  1.15285554E+00
   216  3.24000000E+01  1.15285564E+00  1.10998538E+00  1.15285564E+00
   217  3.25500000E+01  1.15285572E+00  1.11267979E+00  1.15285572E+00
   218  3.27000000E+01  1.15285578E+00  1.11528539E+00  1.15285578E+00
   219  3.28500000E+01  1.15285582E+00  1.11779397E+00  1.15285582E+00
   220  3.30000000E+01  1.15285585E+00  1.12019794E+00  1.15285585E+00
   221  3.31500000E+01  1.15285587E+00  1.12249047E+00  1.15285587E+00
   222  3.33000000E+01  1.15285587E+00  1.12466560E+00  1.15285587E+00
   223  3.34500000E+01  1.15285587E+00  1.12671835E+00  1.15285587E+00
   224  3.36000000E+01  1.15285586E+00  1.12864483E+00  1.15285586E+00
   225  3.37500000E+01  1.15285584E+00  1.13044236E+00  1.15285584E+00
   226  3.39000000E+01  1.15285582E+00  1.13210959E+00  1.15285582E+00
   227  3.40500000E+01  1.15285579E+00  1.13364652E+00  1.15285579E+00
   228  3.42000000E+01  1.15285576E+00  1.13505461E+00  1.15285576E+00
   229  3.43500000E+01  1.15285573E+00  1.13633679E+00  1.15285573E+00
   230  3.45000000E+01  1.15285569E+00  1.13749745E+00  1.15285569E+00
   231  3.46500000E+01  1.15285566E+00  1.13854240E+00  1.15285566E+00
   232  3.48000000E+01  1.15285562E+00  1.13947878E+00  1.15285562E+00
   233  3.49500000E+01  1.15285559E+00  1.14031492E+00  1.15285559E+00
   234  3.51000000E+01  1.15285555E+00  1.14106017E+00  1.15285555E+00
   235  3.52500000E+01  1.15285551E+00  1.14172465E+00  1.15285551E+00
   236  3.54000000E+01  1.15285548E+00  1.14231900E+00  1.15285548E+00
   237  3.55500000E+01  1.15285544E+00  1.14285407E+00  1.15285544E+00
   238  3.57000000E+01  1.15285541E+00  1.14334056E+00  1.15285541E+00
   239  3.58500000E+01  1.15285537E+00  1.14378876E+00  1.15285537E+00
   240  3.60000000E+01  1.15285534E+00  1.14420818E+00  1.15285534E+00
   241  3.61500000E+01  1.15285531E+00  1.14460727E+00  1.15285531E+00
   242  3.63000000E+01  1.15285528E+00  1.14499321E+00  1.15285528E+00
   243  3.64500000E+01  1.15285525E+00  1.14537167E+00  1.15285525E+00
   244  3.66000000E+01  1.15285523E+00  1.14574676E+00  1.15285523E+00
   245  3.67500000E+01  1.15285520E+00  1.14612099E+00  1.15285520E+00
   246  3.69000000E+01  1.15285517E+00  1.14649533E+00  1.15285517E+00
   247  3.70500000E+01  1.15285515E+00  1.14686936E+00  1.15285515E+00
   248  3.72000000E+01  1.15285513E+00  1.14724151E+00  1.15285513E+00
   249  3.73500000E+01  1.15285511E+00  1.14760928E+00  1.15285511E+00
   250  3.75000000E+01  1.15285509E+00  1.14796962E+00  1.15285509E+00
   251  3.76500000E+01  1.15285507E+00  1.14831920E+00  1.15285507E+00
   252  3.78000000E+01  1.15285505E+00  1.14865473E+00  1.15285505E+00
   253  3.79500000E+01  1.15285503E+00  1.14897326E+00  1.15285503E+00
   254  3.81000000E+01  1.15285502E+00  1.14927239E+00  1.15285502E+00
   255  3.82500000E+01  1.15285500E+00  1.14955041E+00  1.15285500E+00
   256  3.84000000E+01  1.15285499E+00  1.14980642E+00  1.15285499E+00
   257  3.85500000E+01  1.15285498E+00  1.15004031E+00  1.15285498E+00
   258  3.87000000E+01  1.15285497E+00  1.15025271E+00  1.15285497E+00
   259  3.88500000E+01  1.15285495E+00  1.15044488E+00  1.15285495E+00
   260  3.90000000E+01  1.15285494E+00  1.15061855E+00  1.15285494E+00
   261  3.91500000E+01  1.15285493E+00  1.15077575E+00  1.15285493E+00
   262  3.93000000E+01  1.15285493E+00  1.15091862E+00  1.15285493E+00
   263  3.94500000E+01  1.15285492E+00  1.15104925E+00  1.15285492E+00
   264  3.96000000E+01  1.15285491E+00  1.15116956E+00  1.15285491E+00
   265  3.97500000E+01  1.15285490E+00  1.15128117E+00  1.15285490E+00
   266  3.99000000E+01  1.15285490E+00  1.15138538E+00  1.15285490E+00
   267  4.00500000E+01  1.15285489E+00  1.15148313E+00  1.15285489E+00
   268  4.02000000E+01  1.15285488E+00  1.15157505E+00  1.15285488E+00
   269  4.03500000E+01  1.15285488E+00  1.15166148E+00  1.15285488E+00
   270  4.05000000E+01  1.15285487E+00  1.15174258E+00  1.15285487E+00
   271  4.06500000E+01  1.15285487E+00  1.15181838E+00  1.15285487E+00
   272  4.08000000E+01  1.15285486E+00  1.15188885E+00  1.15285486E+00
   273  4.09500000E+01  1.15285486E+00  1.15195397E+00  1.15285486E+00
   274  4.11000000E+01  1.15285486E+00  1.15201380E+00  1.15285486E+00
   275  4.12500000E+01  1.15285485E+00  1.15206847E+00  1.15285485E+00
   276  4.14000000E+01  1.15285485E+00  1.15211819E+00  1.15285485E+00
   277  4.15500000E+01  1.15285485E+00  1.15216328E+00  1.15285485E+00
   278  4.17000000E+01  1.15285484E+00  1.15220410E+00  1.15285484E+00
   279  4.18500000E+01  1.15285484E+00  1.15224106E+00  1.15285484E+00
   280  4.20000000E+01  1.15285484E+00  1.15227458E+00  1.15285484E+00
   281  4.21500000E+01  1.15285484E+00  1.15230504E+00  1.15285484E+00
   282  4.23000000E+01  1.15285484E+00  1.15233282E+00  1.15285484E+00
   283  4.24500000E+01  1.15285483E+00  1.15235822E+00  1.15285483E+00
   284  4.26000000E+01  1.15285483E+00  1.15238149E+00  1.15285483E+00
   285  4.27500000E+01  1.15285483E+00  1.15240284E+00  1.15285483E+00
   286  4.29000000E+01  1.15285483E+00  1.15242243E+00  1.15285483E+00
   287  4.30500000E+01  1.15285483E+00  1.15244038E+00  1.15285483E+00
   288  4.32000000E+01  1.15285483E+00  1.15245678E+00  1.15285483E+00
   289  4.33500000E+01  1.15285483E+00  1.15247174E+00  1.15285483E+00
   290  4.35000000E+01  1.15285482E+00  1.15248533E+00  1.15285482E+00
   291  4.36500000E+01  1.15285482E+00  1.15249764E+00  1.15285482E+00
   292  4.38000000E+01  1.15285482E+00  1.15250875E+00  1.15285482E+00
   293  4.39500000E+01  1.15285482E+00  1.15251877E+00  1.15285482E+00
   294  4.41000000E+01  1.15285482E+00  1.15252778E+00  1.15285482E+00
   295  4.42500000E+01  1.15285482E+00  1.15253588E+00  1.15285482E+00
   296  4.44000000E+01  1.15285482E+00  1.15254317E+00  1.15285482E+00
   297  4.45500000E+01  1.15285482E+00  1.15254972E+00  1.15285482E+00
   298  4.47000000E+01  1.15285482E+00  1.15255561E+00  1.15285482E+00
   299  4.48500000E+01  1.15285482E+00  1.15256091E+00  1.15285482E+00
   300  4.50000000E+01  1.15285482E+00  1.15256568E+00  1.15285482E+00
   301  4.51500000E+01  1.15285482E+00  1.15256997E+00  1.15285482E+00
   302  4.53000000E+01  1.15285482E+00  1.15257383E+00  1.15285482E+00
   303  4.54500000E+01  1.15285482E+00  1.15257729E+00  1.15285482E+00
 steady-height stop at step    303: changes <=   1.0000E-05, max-end <=   1.0000E-02, max/end/gap/profile_change =   1.15285482E+00  1.15257729E+00  2.77532173E-04  3.45596740E-06


STDERR:
