COMMAND:
/shared/generate_rom_data/extrudate_swell2d_c_cluster

STDOUT:
 comppar: model =   6
 comppar: lambda,mobility/eps,betav,eta_0 =  8.2000E+00  1.0000E-01  7.0000E-01  1.0000E+00
 comppar: eta_s,eta_p,G =  7.0000E-01  3.0000E-01  3.6585E-02
 comppar: U_avg,deltat,flowrate,nsteps =  2.0000E-01  1.5000E-01  6.2832E-01     700
 comppar: geometry = axisymmetric
 comppar: steady stop change,gap,hold,min =  1.0000E-05  1.0000E-02      10      80
 comppar: ncompc,ncompg =     4     5
 mesh nnodes = 5765
 mesh nelem = 2780
 P1 BC   5.0000000000000000     
 P2 BC   0.0000000000000000     
     1  1.50000000E-01  1.00379359E+00  1.00000000E+00  1.00379359E+00
     2  3.00000000E-01  1.00750558E+00  1.00000000E+00  1.00750558E+00
     3  4.50000000E-01  1.01113860E+00  1.00000000E+00  1.01113860E+00
     4  6.00000000E-01  1.01469275E+00  1.00000000E+00  1.01469275E+00
     5  7.50000000E-01  1.01817041E+00  1.00000000E+00  1.01817041E+00
     6  9.00000000E-01  1.02156783E+00  1.00000000E+00  1.02156783E+00
     7  1.05000000E+00  1.02490318E+00  1.00000000E+00  1.02490318E+00
     8  1.20000000E+00  1.02816972E+00  1.00000000E+00  1.02816972E+00
     9  1.35000000E+00  1.03136227E+00  1.00000000E+00  1.03136227E+00
    10  1.50000000E+00  1.03448257E+00  1.00000000E+00  1.03448257E+00
    11  1.65000000E+00  1.03756852E+00  1.00000000E+00  1.03756852E+00
    12  1.80000000E+00  1.04057669E+00  1.00000000E+00  1.04057669E+00
    13  1.95000000E+00  1.04352938E+00  1.00000000E+00  1.04352938E+00
    14  2.10000000E+00  1.04644873E+00  9.99999999E-01  1.04644873E+00
    15  2.25000000E+00  1.04927260E+00  9.99999996E-01  1.04927260E+00
    16  2.40000000E+00  1.05211156E+00  9.99999992E-01  1.05211156E+00
    17  2.55000000E+00  1.05485113E+00  9.99999987E-01  1.05485113E+00
    18  2.70000000E+00  1.05759794E+00  9.99999980E-01  1.05759794E+00
    19  2.85000000E+00  1.06023221E+00  9.99999971E-01  1.06023221E+00
    20  3.00000000E+00  1.06291123E+00  9.99999961E-01  1.06291123E+00
    21  3.15000000E+00  1.06547311E+00  9.99999949E-01  1.06547311E+00
    22  3.30000000E+00  1.06807234E+00  9.99999935E-01  1.06807234E+00
    23  3.45000000E+00  1.07057855E+00  9.99999918E-01  1.07057855E+00
    24  3.60000000E+00  1.07307107E+00  9.99999899E-01  1.07307107E+00
    25  3.75000000E+00  1.07555320E+00  9.99999876E-01  1.07555320E+00
    26  3.90000000E+00  1.07792778E+00  9.99999850E-01  1.07792778E+00
    27  4.05000000E+00  1.08039269E+00  9.99999821E-01  1.08039269E+00
    28  4.20000000E+00  1.08275344E+00  9.99999788E-01  1.08275344E+00
    29  4.35000000E+00  1.08506052E+00  9.99999750E-01  1.08506052E+00
    30  4.50000000E+00  1.08744166E+00  9.99999708E-01  1.08744166E+00
    31  4.65000000E+00  1.08972588E+00  9.99999661E-01  1.08972588E+00
    32  4.80000000E+00  1.09196715E+00  9.99999609E-01  1.09196715E+00
    33  4.95000000E+00  1.09428026E+00  9.99999551E-01  1.09428026E+00
    34  5.10000000E+00  1.09650503E+00  9.99999487E-01  1.09650503E+00
    35  5.25000000E+00  1.09864575E+00  9.99999416E-01  1.09864575E+00
    36  5.40000000E+00  1.10088915E+00  9.99999337E-01  1.10088915E+00
    37  5.55000000E+00  1.10309681E+00  9.99999252E-01  1.10309681E+00
    38  5.70000000E+00  1.10523082E+00  9.99999158E-01  1.10523082E+00
    39  5.85000000E+00  1.10730151E+00  9.99999055E-01  1.10730151E+00
    40  6.00000000E+00  1.10950045E+00  9.99998943E-01  1.10950045E+00
    41  6.15000000E+00  1.11163545E+00  9.99998821E-01  1.11163545E+00
    42  6.30000000E+00  1.11371392E+00  9.99998689E-01  1.11371392E+00
    43  6.45000000E+00  1.11574414E+00  9.99998546E-01  1.11574414E+00
    44  6.60000000E+00  1.11783348E+00  9.99998390E-01  1.11783348E+00
    45  6.75000000E+00  1.11994879E+00  9.99998223E-01  1.11994879E+00
    46  6.90000000E+00  1.12202334E+00  9.99998041E-01  1.12202334E+00
    47  7.05000000E+00  1.12406502E+00  9.99997846E-01  1.12406502E+00
    48  7.20000000E+00  1.12608122E+00  9.99997636E-01  1.12608122E+00
    49  7.35000000E+00  1.12807834E+00  9.99997410E-01  1.12807834E+00
    50  7.50000000E+00  1.13015551E+00  9.99997167E-01  1.13015551E+00
    51  7.65000000E+00  1.13222314E+00  9.99996907E-01  1.13222314E+00
    52  7.80000000E+00  1.13427475E+00  9.99996628E-01  1.13427475E+00
    53  7.95000000E+00  1.13631385E+00  9.99996330E-01  1.13631385E+00
    54  8.10000000E+00  1.13834228E+00  9.99996011E-01  1.13834228E+00
    55  8.25000000E+00  1.14036043E+00  9.99995670E-01  1.14036043E+00
    56  8.40000000E+00  1.14236755E+00  9.99995306E-01  1.14236755E+00
    57  8.55000000E+00  1.14437714E+00  9.99994918E-01  1.14437714E+00
    58  8.70000000E+00  1.14644120E+00  9.99994505E-01  1.14644120E+00
    59  8.85000000E+00  1.14849197E+00  9.99994065E-01  1.14849197E+00
    60  9.00000000E+00  1.15052794E+00  9.99993598E-01  1.15052794E+00
    61  9.15000000E+00  1.15254745E+00  9.99993101E-01  1.15254745E+00
    62  9.30000000E+00  1.15454891E+00  9.99992573E-01  1.15454891E+00
    63  9.45000000E+00  1.15653082E+00  9.99992012E-01  1.15653082E+00
    64  9.60000000E+00  1.15849166E+00  9.99991418E-01  1.15849166E+00
    65  9.75000000E+00  1.16046176E+00  9.99990789E-01  1.16046176E+00
    66  9.90000000E+00  1.16247022E+00  9.99990122E-01  1.16247022E+00
    67  1.00500000E+01  1.16445488E+00  9.99989417E-01  1.16445488E+00
    68  1.02000000E+01  1.16641390E+00  9.99988671E-01  1.16641390E+00
    69  1.03500000E+01  1.16834498E+00  9.99987882E-01  1.16834498E+00
    70  1.05000000E+01  1.17024532E+00  9.99987049E-01  1.17024532E+00
    71  1.06500000E+01  1.17211167E+00  9.99986170E-01  1.17211167E+00
    72  1.08000000E+01  1.17399886E+00  9.99985242E-01  1.17399886E+00
    73  1.09500000E+01  1.17590720E+00  9.99984264E-01  1.17590720E+00
    74  1.11000000E+01  1.17777816E+00  9.99983234E-01  1.17777816E+00
    75  1.12500000E+01  1.17960841E+00  9.99982149E-01  1.17960841E+00
    76  1.14000000E+01  1.18139469E+00  9.99981007E-01  1.18139469E+00
    77  1.15500000E+01  1.18313401E+00  9.99979807E-01  1.18313401E+00
    78  1.17000000E+01  1.18492818E+00  9.99978544E-01  1.18492818E+00
    79  1.18500000E+01  1.18670869E+00  9.99977218E-01  1.18670869E+00
    80  1.20000000E+01  1.18843952E+00  9.99975826E-01  1.18843952E+00
    81  1.21500000E+01  1.19011846E+00  9.99974365E-01  1.19011846E+00
    82  1.23000000E+01  1.19174388E+00  9.99972834E-01  1.19174388E+00
    83  1.24500000E+01  1.19336879E+00  9.99971228E-01  1.19336879E+00
    84  1.26000000E+01  1.19503413E+00  9.99969547E-01  1.19503413E+00
    85  1.27500000E+01  1.19664442E+00  9.99967787E-01  1.19664442E+00
    86  1.29000000E+01  1.19819882E+00  9.99965946E-01  1.19819882E+00
    87  1.30500000E+01  1.19969693E+00  9.99964021E-01  1.19969693E+00
    88  1.32000000E+01  1.20119611E+00  9.99962011E-01  1.20119611E+00
    89  1.33500000E+01  1.20273121E+00  9.99959911E-01  1.20273121E+00
    90  1.35000000E+01  1.20420913E+00  9.99957721E-01  1.20420913E+00
    91  1.36500000E+01  1.20563008E+00  9.99955437E-01  1.20563008E+00
    92  1.38000000E+01  1.20699450E+00  9.99953057E-01  1.20699450E+00
    93  1.39500000E+01  1.20839256E+00  9.99950579E-01  1.20839256E+00
    94  1.41000000E+01  1.20979220E+00  9.99948001E-01  1.20979220E+00
    95  1.42500000E+01  1.21113486E+00  9.99945321E-01  1.21113486E+00
    96  1.44000000E+01  1.21242131E+00  9.99942536E-01  1.21242131E+00
    97  1.45500000E+01  1.21365245E+00  9.99939645E-01  1.21365245E+00
    98  1.47000000E+01  1.21496168E+00  9.99936647E-01  1.21496168E+00
    99  1.48500000E+01  1.21622482E+00  9.99933539E-01  1.21622482E+00
   100  1.50000000E+01  1.21743271E+00  9.99930321E-01  1.21743271E+00
   101  1.51500000E+01  1.21858647E+00  9.99926992E-01  1.21858647E+00
   102  1.53000000E+01  1.21972473E+00  9.99923550E-01  1.21972473E+00
   103  1.54500000E+01  1.22090938E+00  9.99919997E-01  1.22090938E+00
   104  1.56000000E+01  1.22204009E+00  9.99916331E-01  1.22204009E+00
   105  1.57500000E+01  1.22311817E+00  9.99912554E-01  1.22311817E+00
   106  1.59000000E+01  1.22414503E+00  9.99908665E-01  1.22414503E+00
   107  1.60500000E+01  1.22520729E+00  9.99904667E-01  1.22520729E+00
   108  1.62000000E+01  1.22626248E+00  9.99900561E-01  1.22626248E+00
   109  1.63500000E+01  1.22726693E+00  9.99896350E-01  1.22726693E+00
   110  1.65000000E+01  1.22822221E+00  9.99892037E-01  1.22822221E+00
   111  1.66500000E+01  1.22913886E+00  9.99887625E-01  1.22913886E+00
   112  1.68000000E+01  1.23012128E+00  9.99883120E-01  1.23012128E+00
   113  1.69500000E+01  1.23105512E+00  9.99878526E-01  1.23105512E+00
   114  1.71000000E+01  1.23194206E+00  9.99873850E-01  1.23194206E+00
   115  1.72500000E+01  1.23278384E+00  9.99869100E-01  1.23278384E+00
   116  1.74000000E+01  1.23364001E+00  9.99864283E-01  1.23364001E+00
   117  1.75500000E+01  1.23450638E+00  9.99859409E-01  1.23450638E+00
   118  1.77000000E+01  1.23532831E+00  9.99854489E-01  1.23532831E+00
   119  1.78500000E+01  1.23610762E+00  9.99849536E-01  1.23610762E+00
   120  1.80000000E+01  1.23684670E+00  9.99844562E-01  1.23684670E+00
   121  1.81500000E+01  1.23764932E+00  9.99839583E-01  1.23764932E+00
   122  1.83000000E+01  1.23841005E+00  9.99834616E-01  1.23841005E+00
   123  1.84500000E+01  1.23913070E+00  9.99829680E-01  1.23913070E+00
   124  1.86000000E+01  1.23981308E+00  9.99824796E-01  1.23981308E+00
   125  1.87500000E+01  1.24050096E+00  9.99819987E-01  1.24050096E+00
   126  1.89000000E+01  1.24120422E+00  9.99815278E-01  1.24120422E+00
   127  1.90500000E+01  1.24187000E+00  9.99810696E-01  1.24187000E+00
   128  1.92000000E+01  1.24250005E+00  9.99806272E-01  1.24250005E+00
   129  1.93500000E+01  1.24309611E+00  9.99802039E-01  1.24309611E+00
   130  1.95000000E+01  1.24373468E+00  9.99798033E-01  1.24373468E+00
   131  1.96500000E+01  1.24434932E+00  9.99794294E-01  1.24434932E+00
   132  1.98000000E+01  1.24493069E+00  9.99790864E-01  1.24493069E+00
   133  1.99500000E+01  1.24548046E+00  9.99787789E-01  1.24548046E+00
   134  2.01000000E+01  1.24601682E+00  9.99785121E-01  1.24601682E+00
   135  2.02500000E+01  1.24658409E+00  9.99782912E-01  1.24658409E+00
   136  2.04000000E+01  1.24712047E+00  9.99781223E-01  1.24712047E+00
   137  2.05500000E+01  1.24762755E+00  9.99780117E-01  1.24762755E+00
   138  2.07000000E+01  1.24810684E+00  9.99779662E-01  1.24810684E+00
   139  2.08500000E+01  1.24860114E+00  9.99779933E-01  1.24860114E+00
   140  2.10000000E+01  1.24909584E+00  9.99781008E-01  1.24909584E+00
   141  2.11500000E+01  1.24956339E+00  9.99782975E-01  1.24956339E+00
   142  2.13000000E+01  1.25000525E+00  9.99785923E-01  1.25000525E+00
   143  2.14500000E+01  1.25042276E+00  9.99789953E-01  1.25042276E+00
   144  2.16000000E+01  1.25087005E+00  9.99795170E-01  1.25087005E+00
   145  2.17500000E+01  1.25130133E+00  9.99801687E-01  1.25130133E+00
   146  2.19000000E+01  1.25170886E+00  9.99809625E-01  1.25170886E+00
   147  2.20500000E+01  1.25209393E+00  9.99819115E-01  1.25209393E+00
   148  2.22000000E+01  1.25246425E+00  9.99830294E-01  1.25246425E+00
   149  2.23500000E+01  1.25286200E+00  9.99843312E-01  1.25286200E+00
   150  2.25000000E+01  1.25323784E+00  9.99858326E-01  1.25323784E+00
   151  2.26500000E+01  1.25359297E+00  9.99875505E-01  1.25359297E+00
   152  2.28000000E+01  1.25392852E+00  9.99895028E-01  1.25392852E+00
   153  2.29500000E+01  1.25425778E+00  9.99917088E-01  1.25425778E+00
   154  2.31000000E+01  1.25460464E+00  9.99941887E-01  1.25460464E+00
   155  2.32500000E+01  1.25493241E+00  9.99969644E-01  1.25493241E+00
   156  2.34000000E+01  1.25524213E+00  1.00000059E+00  1.25524213E+00
   157  2.35500000E+01  1.25553482E+00  1.00003497E+00  1.25553482E+00
   158  2.37000000E+01  1.25582648E+00  1.00007303E+00  1.25582648E+00
   159  2.38500000E+01  1.25612900E+00  1.00011507E+00  1.25612900E+00
   160  2.40000000E+01  1.25641489E+00  1.00016137E+00  1.25641489E+00
   161  2.41500000E+01  1.25668509E+00  1.00021224E+00  1.25668509E+00
   162  2.43000000E+01  1.25694046E+00  1.00026801E+00  1.25694046E+00
   163  2.44500000E+01  1.25719536E+00  1.00032903E+00  1.25719536E+00
   164  2.46000000E+01  1.25745951E+00  1.00039566E+00  1.25745951E+00
   165  2.47500000E+01  1.25770919E+00  1.00046830E+00  1.25770919E+00
   166  2.49000000E+01  1.25794520E+00  1.00054734E+00  1.25794520E+00
   167  2.50500000E+01  1.25816832E+00  1.00063324E+00  1.25816832E+00
   168  2.52000000E+01  1.25839106E+00  1.00072644E+00  1.25839106E+00
   169  2.53500000E+01  1.25862177E+00  1.00082742E+00  1.25862177E+00
   170  2.55000000E+01  1.25883989E+00  1.00093670E+00  1.25883989E+00
   171  2.56500000E+01  1.25904611E+00  1.00105481E+00  1.25904611E+00
   172  2.58000000E+01  1.25924110E+00  1.00118232E+00  1.25924110E+00
   173  2.59500000E+01  1.25943020E+00  1.00131980E+00  1.25943020E+00
   174  2.61000000E+01  1.25963199E+00  1.00146790E+00  1.25963199E+00
   175  2.62500000E+01  1.25982280E+00  1.00162725E+00  1.25982280E+00
   176  2.64000000E+01  1.26000323E+00  1.00179856E+00  1.26000323E+00
   177  2.65500000E+01  1.26017386E+00  1.00198253E+00  1.26017386E+00
   178  2.67000000E+01  1.26033523E+00  1.00217992E+00  1.26033523E+00
   179  2.68500000E+01  1.26050970E+00  1.00239153E+00  1.26050970E+00
   180  2.70000000E+01  1.26067665E+00  1.00261818E+00  1.26067665E+00
   181  2.71500000E+01  1.26083456E+00  1.00286074E+00  1.26083456E+00
   182  2.73000000E+01  1.26098391E+00  1.00312010E+00  1.26098391E+00
   183  2.74500000E+01  1.26112517E+00  1.00339723E+00  1.26112517E+00
   184  2.76000000E+01  1.26126976E+00  1.00369309E+00  1.26126976E+00
   185  2.77500000E+01  1.26141601E+00  1.00400872E+00  1.26141601E+00
   186  2.79000000E+01  1.26155436E+00  1.00434519E+00  1.26155436E+00
   187  2.80500000E+01  1.26168523E+00  1.00470361E+00  1.26168523E+00
   188  2.82000000E+01  1.26180903E+00  1.00508513E+00  1.26180903E+00
   189  2.83500000E+01  1.26192859E+00  1.00549096E+00  1.26192859E+00
   190  2.85000000E+01  1.26205673E+00  1.00592233E+00  1.26205673E+00
   191  2.86500000E+01  1.26217795E+00  1.00638054E+00  1.26217795E+00
   192  2.88000000E+01  1.26229263E+00  1.00686692E+00  1.26229263E+00
   193  2.89500000E+01  1.26240113E+00  1.00738284E+00  1.26240113E+00
   194  2.91000000E+01  1.26250376E+00  1.00792972E+00  1.26250376E+00
   195  2.92500000E+01  1.26260918E+00  1.00850902E+00  1.26260918E+00
   196  2.94000000E+01  1.26271549E+00  1.00912225E+00  1.26271549E+00
   197  2.95500000E+01  1.26281608E+00  1.00977094E+00  1.26281608E+00
   198  2.97000000E+01  1.26291124E+00  1.01045668E+00  1.26291124E+00
   199  2.98500000E+01  1.26300127E+00  1.01118107E+00  1.26300127E+00
   200  3.00000000E+01  1.26308645E+00  1.01194577E+00  1.26308645E+00
   201  3.01500000E+01  1.26317710E+00  1.01275244E+00  1.26317710E+00
   202  3.03000000E+01  1.26326531E+00  1.01360280E+00  1.26326531E+00
   203  3.04500000E+01  1.26334877E+00  1.01449856E+00  1.26334877E+00
   204  3.06000000E+01  1.26342772E+00  1.01544146E+00  1.26342772E+00
   205  3.07500000E+01  1.26350242E+00  1.01643324E+00  1.26350242E+00
   206  3.09000000E+01  1.26357309E+00  1.01747567E+00  1.26357309E+00
   207  3.10500000E+01  1.26364893E+00  1.01857048E+00  1.26364893E+00
   208  3.12000000E+01  1.26372217E+00  1.01971943E+00  1.26372217E+00
   209  3.13500000E+01  1.26379147E+00  1.02092422E+00  1.26379147E+00
   210  3.15000000E+01  1.26385702E+00  1.02218655E+00  1.26385702E+00
   211  3.16500000E+01  1.26391903E+00  1.02350809E+00  1.26391903E+00
   212  3.18000000E+01  1.26397769E+00  1.02489042E+00  1.26397769E+00
   213  3.19500000E+01  1.26403881E+00  1.02633511E+00  1.26403881E+00
   214  3.21000000E+01  1.26409960E+00  1.02784364E+00  1.26409960E+00
   215  3.22500000E+01  1.26415710E+00  1.02941741E+00  1.26415710E+00
   216  3.24000000E+01  1.26421150E+00  1.03105771E+00  1.26421150E+00
   217  3.25500000E+01  1.26426295E+00  1.03276575E+00  1.26426295E+00
   218  3.27000000E+01  1.26431162E+00  1.03454261E+00  1.26431162E+00
   219  3.28500000E+01  1.26436034E+00  1.03638922E+00  1.26436034E+00
   220  3.30000000E+01  1.26441081E+00  1.03830637E+00  1.26441081E+00
   221  3.31500000E+01  1.26445854E+00  1.04029471E+00  1.26445854E+00
   222  3.33000000E+01  1.26450369E+00  1.04235467E+00  1.26450369E+00
   223  3.34500000E+01  1.26454639E+00  1.04448652E+00  1.26454639E+00
   224  3.36000000E+01  1.26458677E+00  1.04669031E+00  1.26458677E+00
   225  3.37500000E+01  1.26462506E+00  1.04896589E+00  1.26462506E+00
   226  3.39000000E+01  1.26466692E+00  1.05131287E+00  1.26466692E+00
   227  3.40500000E+01  1.26470651E+00  1.05373062E+00  1.26470651E+00
   228  3.42000000E+01  1.26474394E+00  1.05621826E+00  1.26474394E+00
   229  3.43500000E+01  1.26477934E+00  1.05877465E+00  1.26477934E+00
   230  3.45000000E+01  1.26481281E+00  1.06139841E+00  1.26481281E+00
   231  3.46500000E+01  1.26484446E+00  1.06408786E+00  1.26484446E+00
   232  3.48000000E+01  1.26487521E+00  1.06684106E+00  1.26487521E+00
   233  3.49500000E+01  1.26490804E+00  1.06965584E+00  1.26490804E+00
   234  3.51000000E+01  1.26493907E+00  1.07252970E+00  1.26493907E+00
   235  3.52500000E+01  1.26496841E+00  1.07545994E+00  1.26496841E+00
   236  3.54000000E+01  1.26499615E+00  1.07844358E+00  1.26499615E+00
   237  3.55500000E+01  1.26502236E+00  1.08147740E+00  1.26502236E+00
   238  3.57000000E+01  1.26504713E+00  1.08455796E+00  1.26504713E+00
   239  3.58500000E+01  1.26507054E+00  1.08768161E+00  1.26507054E+00
   240  3.60000000E+01  1.26509512E+00  1.09084450E+00  1.26509512E+00
   241  3.61500000E+01  1.26511940E+00  1.09404261E+00  1.26511940E+00
   242  3.63000000E+01  1.26514235E+00  1.09727177E+00  1.26514235E+00
   243  3.64500000E+01  1.26516403E+00  1.10052768E+00  1.26516403E+00
   244  3.66000000E+01  1.26518450E+00  1.10380596E+00  1.26518450E+00
   245  3.67500000E+01  1.26520384E+00  1.10710211E+00  1.26520384E+00
   246  3.69000000E+01  1.26522211E+00  1.11041164E+00  1.26522211E+00
   247  3.70500000E+01  1.26523936E+00  1.11372999E+00  1.26523936E+00
   248  3.72000000E+01  1.26525755E+00  1.11705266E+00  1.26525755E+00
   249  3.73500000E+01  1.26527546E+00  1.12037517E+00  1.26527546E+00
   250  3.75000000E+01  1.26529237E+00  1.12369313E+00  1.26529237E+00
   251  3.76500000E+01  1.26530833E+00  1.12700227E+00  1.26530833E+00
   252  3.78000000E+01  1.26532340E+00  1.13029844E+00  1.26532340E+00
   253  3.79500000E+01  1.26533762E+00  1.13357772E+00  1.26533762E+00
   254  3.81000000E+01  1.26535104E+00  1.13683638E+00  1.26535104E+00
   255  3.82500000E+01  1.26536370E+00  1.14007095E+00  1.26536370E+00
   256  3.84000000E+01  1.26537567E+00  1.14327826E+00  1.26537567E+00
   257  3.85500000E+01  1.26538881E+00  1.14645547E+00  1.26538881E+00
   258  3.87000000E+01  1.26540122E+00  1.14960011E+00  1.26540122E+00
   259  3.88500000E+01  1.26541291E+00  1.15271008E+00  1.26541291E+00
   260  3.90000000E+01  1.26542394E+00  1.15578369E+00  1.26542394E+00
   261  3.91500000E+01  1.26543434E+00  1.15881971E+00  1.26543434E+00
   262  3.93000000E+01  1.26544414E+00  1.16181731E+00  1.26544414E+00
   263  3.94500000E+01  1.26545338E+00  1.16477609E+00  1.26545338E+00
   264  3.96000000E+01  1.26546208E+00  1.16769604E+00  1.26546208E+00
   265  3.97500000E+01  1.26547028E+00  1.17057755E+00  1.26547028E+00
   266  3.99000000E+01  1.26547819E+00  1.17342127E+00  1.26547819E+00
   267  4.00500000E+01  1.26548671E+00  1.17622812E+00  1.26548671E+00
   268  4.02000000E+01  1.26549474E+00  1.17899917E+00  1.26549474E+00
   269  4.03500000E+01  1.26550230E+00  1.18173555E+00  1.26550230E+00
   270  4.05000000E+01  1.26550942E+00  1.18443836E+00  1.26550942E+00
   271  4.06500000E+01  1.26551612E+00  1.18710855E+00  1.26551612E+00
   272  4.08000000E+01  1.26552242E+00  1.18974683E+00  1.26552242E+00
   273  4.09500000E+01  1.26552835E+00  1.19235359E+00  1.26552835E+00
   274  4.11000000E+01  1.26553393E+00  1.19492882E+00  1.26553393E+00
   275  4.12500000E+01  1.26553917E+00  1.19747206E+00  1.26553917E+00
   276  4.14000000E+01  1.26554411E+00  1.19998237E+00  1.26554411E+00
   277  4.15500000E+01  1.26554874E+00  1.20245833E+00  1.26554874E+00
   278  4.17000000E+01  1.26555310E+00  1.20489808E+00  1.26555310E+00
   279  4.18500000E+01  1.26555729E+00  1.20729935E+00  1.26555729E+00
   280  4.20000000E+01  1.26556182E+00  1.20965952E+00  1.26556182E+00
   281  4.21500000E+01  1.26556607E+00  1.21197575E+00  1.26556607E+00
   282  4.23000000E+01  1.26557007E+00  1.21424503E+00  1.26557007E+00
   283  4.24500000E+01  1.26557383E+00  1.21646432E+00  1.26557383E+00
   284  4.26000000E+01  1.26557735E+00  1.21863060E+00  1.26557735E+00
   285  4.27500000E+01  1.26558066E+00  1.22074100E+00  1.26558066E+00
   286  4.29000000E+01  1.26558376E+00  1.22279286E+00  1.26558376E+00
   287  4.30500000E+01  1.26558668E+00  1.22478379E+00  1.26558668E+00
   288  4.32000000E+01  1.26558941E+00  1.22671173E+00  1.26558941E+00
   289  4.33500000E+01  1.26559197E+00  1.22857498E+00  1.26559197E+00
   290  4.35000000E+01  1.26559437E+00  1.23037222E+00  1.26559437E+00
   291  4.36500000E+01  1.26559662E+00  1.23210250E+00  1.26559662E+00
   292  4.38000000E+01  1.26559873E+00  1.23376528E+00  1.26559873E+00
   293  4.39500000E+01  1.26560071E+00  1.23536039E+00  1.26560071E+00
   294  4.41000000E+01  1.26560256E+00  1.23688803E+00  1.26560256E+00
   295  4.42500000E+01  1.26560429E+00  1.23834874E+00  1.26560429E+00
   296  4.44000000E+01  1.26560591E+00  1.23974340E+00  1.26560591E+00
   297  4.45500000E+01  1.26560743E+00  1.24107319E+00  1.26560743E+00
   298  4.47000000E+01  1.26560885E+00  1.24233954E+00  1.26560885E+00
   299  4.48500000E+01  1.26561018E+00  1.24354416E+00  1.26561018E+00
   300  4.50000000E+01  1.26561143E+00  1.24468893E+00  1.26561143E+00
   301  4.51500000E+01  1.26561259E+00  1.24577592E+00  1.26561259E+00
   302  4.53000000E+01  1.26561368E+00  1.24680730E+00  1.26561368E+00
   303  4.54500000E+01  1.26561483E+00  1.24778535E+00  1.26561483E+00
   304  4.56000000E+01  1.26561597E+00  1.24871239E+00  1.26561597E+00
   305  4.57500000E+01  1.26561703E+00  1.24959073E+00  1.26561703E+00
   306  4.59000000E+01  1.26561803E+00  1.25042268E+00  1.26561803E+00
   307  4.60500000E+01  1.26561896E+00  1.25121048E+00  1.26561896E+00
   308  4.62000000E+01  1.26561983E+00  1.25195631E+00  1.26561983E+00
   309  4.63500000E+01  1.26562064E+00  1.25266226E+00  1.26562064E+00
   310  4.65000000E+01  1.26562140E+00  1.25333033E+00  1.26562140E+00
   311  4.66500000E+01  1.26562211E+00  1.25396243E+00  1.26562211E+00
   312  4.68000000E+01  1.26562278E+00  1.25456037E+00  1.26562278E+00
   313  4.69500000E+01  1.26562340E+00  1.25512588E+00  1.26562340E+00
   314  4.71000000E+01  1.26562398E+00  1.25566063E+00  1.26562398E+00
   315  4.72500000E+01  1.26562452E+00  1.25616619E+00  1.26562452E+00
   316  4.74000000E+01  1.26562503E+00  1.25664410E+00  1.26562503E+00
   317  4.75500000E+01  1.26562551E+00  1.25709583E+00  1.26562551E+00
   318  4.77000000E+01  1.26562596E+00  1.25752278E+00  1.26562596E+00
   319  4.78500000E+01  1.26562637E+00  1.25792631E+00  1.26562637E+00
   320  4.80000000E+01  1.26562677E+00  1.25830773E+00  1.26562677E+00
   321  4.81500000E+01  1.26562713E+00  1.25866828E+00  1.26562713E+00
   322  4.83000000E+01  1.26562748E+00  1.25900915E+00  1.26562748E+00
   323  4.84500000E+01  1.26562780E+00  1.25933147E+00  1.26562780E+00
   324  4.86000000E+01  1.26562810E+00  1.25963630E+00  1.26562810E+00
   325  4.87500000E+01  1.26562839E+00  1.25992463E+00  1.26562839E+00
   326  4.89000000E+01  1.26562865E+00  1.26019741E+00  1.26562865E+00
   327  4.90500000E+01  1.26562890E+00  1.26045550E+00  1.26562890E+00
   328  4.92000000E+01  1.26562914E+00  1.26069974E+00  1.26562914E+00
   329  4.93500000E+01  1.26562936E+00  1.26093089E+00  1.26562936E+00
   330  4.95000000E+01  1.26562957E+00  1.26114966E+00  1.26562957E+00
   331  4.96500000E+01  1.26562977E+00  1.26135673E+00  1.26562977E+00
   332  4.98000000E+01  1.26562996E+00  1.26155274E+00  1.26562996E+00
   333  4.99500000E+01  1.26563013E+00  1.26173827E+00  1.26563013E+00
   334  5.01000000E+01  1.26563030E+00  1.26191390E+00  1.26563030E+00
   335  5.02500000E+01  1.26563046E+00  1.26208016E+00  1.26563046E+00
   336  5.04000000E+01  1.26563061E+00  1.26223755E+00  1.26563061E+00
   337  5.05500000E+01  1.26563075E+00  1.26238655E+00  1.26563075E+00
   338  5.07000000E+01  1.26563089E+00  1.26252760E+00  1.26563089E+00
   339  5.08500000E+01  1.26563102E+00  1.26266114E+00  1.26563102E+00
   340  5.10000000E+01  1.26563114E+00  1.26278758E+00  1.26563114E+00
   341  5.11500000E+01  1.26563126E+00  1.26290728E+00  1.26563126E+00
   342  5.13000000E+01  1.26563137E+00  1.26302062E+00  1.26563137E+00
   343  5.14500000E+01  1.26563148E+00  1.26312792E+00  1.26563148E+00
   344  5.16000000E+01  1.26563158E+00  1.26322951E+00  1.26563158E+00
   345  5.17500000E+01  1.26563168E+00  1.26332570E+00  1.26563168E+00
   346  5.19000000E+01  1.26563178E+00  1.26341676E+00  1.26563178E+00
   347  5.20500000E+01  1.26563187E+00  1.26350297E+00  1.26563187E+00
   348  5.22000000E+01  1.26563196E+00  1.26358458E+00  1.26563196E+00
   349  5.23500000E+01  1.26563204E+00  1.26366184E+00  1.26563204E+00
   350  5.25000000E+01  1.26563213E+00  1.26373497E+00  1.26563213E+00
   351  5.26500000E+01  1.26563221E+00  1.26380419E+00  1.26563221E+00
   352  5.28000000E+01  1.26563228E+00  1.26386970E+00  1.26563228E+00
   353  5.29500000E+01  1.26563236E+00  1.26393171E+00  1.26563236E+00
   354  5.31000000E+01  1.26563243E+00  1.26399039E+00  1.26563243E+00
   355  5.32500000E+01  1.26563251E+00  1.26404592E+00  1.26563251E+00
   356  5.34000000E+01  1.26563258E+00  1.26409846E+00  1.26563258E+00
   357  5.35500000E+01  1.26563264E+00  1.26414818E+00  1.26563264E+00
   358  5.37000000E+01  1.26563271E+00  1.26419522E+00  1.26563271E+00
   359  5.38500000E+01  1.26563278E+00  1.26423973E+00  1.26563278E+00
   360  5.40000000E+01  1.26563284E+00  1.26428182E+00  1.26563284E+00
   361  5.41500000E+01  1.26563290E+00  1.26432165E+00  1.26563290E+00
   362  5.43000000E+01  1.26563296E+00  1.26435931E+00  1.26563296E+00
   363  5.44500000E+01  1.26563302E+00  1.26439493E+00  1.26563302E+00
   364  5.46000000E+01  1.26563308E+00  1.26442862E+00  1.26563308E+00
   365  5.47500000E+01  1.26563314E+00  1.26446047E+00  1.26563314E+00
   366  5.49000000E+01  1.26563319E+00  1.26449058E+00  1.26563319E+00
   367  5.50500000E+01  1.26563325E+00  1.26451905E+00  1.26563325E+00
   368  5.52000000E+01  1.26563330E+00  1.26454596E+00  1.26563330E+00
   369  5.53500000E+01  1.26563336E+00  1.26457140E+00  1.26563336E+00
   370  5.55000000E+01  1.26563341E+00  1.26459543E+00  1.26563341E+00
   371  5.56500000E+01  1.26563346E+00  1.26461814E+00  1.26563346E+00
   372  5.58000000E+01  1.26563351E+00  1.26463960E+00  1.26563351E+00
   373  5.59500000E+01  1.26563356E+00  1.26465987E+00  1.26563356E+00
   374  5.61000000E+01  1.26563361E+00  1.26467902E+00  1.26563361E+00
   375  5.62500000E+01  1.26563366E+00  1.26469710E+00  1.26563366E+00
   376  5.64000000E+01  1.26563371E+00  1.26471417E+00  1.26563371E+00
   377  5.65500000E+01  1.26563376E+00  1.26473029E+00  1.26563376E+00
   378  5.67000000E+01  1.26563380E+00  1.26474550E+00  1.26563380E+00
   379  5.68500000E+01  1.26563385E+00  1.26475986E+00  1.26563385E+00
   380  5.70000000E+01  1.26563390E+00  1.26477341E+00  1.26563390E+00
   381  5.71500000E+01  1.26563394E+00  1.26478619E+00  1.26563394E+00
   382  5.73000000E+01  1.26563398E+00  1.26479825E+00  1.26563398E+00
   383  5.74500000E+01  1.26563403E+00  1.26480962E+00  1.26563403E+00
   384  5.76000000E+01  1.26563407E+00  1.26482035E+00  1.26563407E+00
   385  5.77500000E+01  1.26563411E+00  1.26483046E+00  1.26563411E+00
   386  5.79000000E+01  1.26563415E+00  1.26483998E+00  1.26563415E+00
   387  5.80500000E+01  1.26563419E+00  1.26484896E+00  1.26563419E+00
   388  5.82000000E+01  1.26563423E+00  1.26485742E+00  1.26563423E+00
   389  5.83500000E+01  1.26563427E+00  1.26486539E+00  1.26563427E+00
   390  5.85000000E+01  1.26563431E+00  1.26487290E+00  1.26563431E+00
   391  5.86500000E+01  1.26563435E+00  1.26487996E+00  1.26563435E+00
   392  5.88000000E+01  1.26563439E+00  1.26488661E+00  1.26563439E+00
   393  5.89500000E+01  1.26563442E+00  1.26489288E+00  1.26563442E+00
   394  5.91000000E+01  1.26563446E+00  1.26489877E+00  1.26563446E+00
   395  5.92500000E+01  1.26563450E+00  1.26490431E+00  1.26563450E+00
 steady-height stop at step    395: changes <=   1.0000E-05, max-end <=   1.0000E-02, max/end/gap/profile_change =   1.26563450E+00  1.26490431E+00  7.30186529E-04  5.54245275E-06


STDERR:
