COMMAND:
/shared/generate_rom_data/extrudate_swell2d_c_cluster

STDOUT:
 comppar: model =   6
 comppar: lambda,mobility/eps,betav,eta_0 =  6.4000E+00  3.6667E-01  3.0000E-01  1.0000E+00
 comppar: eta_s,eta_p,G =  3.0000E-01  7.0000E-01  1.0937E-01
 comppar: U_avg,deltat,flowrate,nsteps =  2.0000E-01  1.5000E-01  6.2832E-01     700
 comppar: geometry = axisymmetric
 comppar: steady stop change,gap,hold,min =  1.0000E-05  1.0000E-02      10      80
 comppar: ncompc,ncompg =     4     5
 mesh nnodes = 5765
 mesh nelem = 2780
 P1 BC   5.0000000000000000     
 P2 BC   0.0000000000000000     
     1  1.50000000E-01  1.00378762E+00  1.00000000E+00  1.00378762E+00
     2  3.00000000E-01  1.00748545E+00  1.00000000E+00  1.00748545E+00
     3  4.50000000E-01  1.01109090E+00  1.00000000E+00  1.01109090E+00
     4  6.00000000E-01  1.01460895E+00  1.00000000E+00  1.01460895E+00
     5  7.50000000E-01  1.01804278E+00  1.00000000E+00  1.01804278E+00
     6  9.00000000E-01  1.02139413E+00  1.00000000E+00  1.02139413E+00
     7  1.05000000E+00  1.02467005E+00  1.00000000E+00  1.02467005E+00
     8  1.20000000E+00  1.02787924E+00  1.00000000E+00  1.02787924E+00
     9  1.35000000E+00  1.03103888E+00  1.00000001E+00  1.03103888E+00
    10  1.50000000E+00  1.03413644E+00  1.00000001E+00  1.03413644E+00
    11  1.65000000E+00  1.03717969E+00  1.00000001E+00  1.03717969E+00
    12  1.80000000E+00  1.04020635E+00  1.00000001E+00  1.04020635E+00
    13  1.95000000E+00  1.04316939E+00  1.00000000E+00  1.04316939E+00
    14  2.10000000E+00  1.04614541E+00  1.00000000E+00  1.04614541E+00
    15  2.25000000E+00  1.04905647E+00  1.00000000E+00  1.04905647E+00
    16  2.40000000E+00  1.05200246E+00  9.99999999E-01  1.05200246E+00
    17  2.55000000E+00  1.05488108E+00  9.99999996E-01  1.05488108E+00
    18  2.70000000E+00  1.05781052E+00  9.99999991E-01  1.05781052E+00
    19  2.85000000E+00  1.06068892E+00  9.99999986E-01  1.06068892E+00
    20  3.00000000E+00  1.06353618E+00  9.99999979E-01  1.06353618E+00
    21  3.15000000E+00  1.06643715E+00  9.99999971E-01  1.06643715E+00
    22  3.30000000E+00  1.06928721E+00  9.99999962E-01  1.06928721E+00
    23  3.45000000E+00  1.07210633E+00  9.99999951E-01  1.07210633E+00
    24  3.60000000E+00  1.07498126E+00  9.99999939E-01  1.07498126E+00
    25  3.75000000E+00  1.07780539E+00  9.99999925E-01  1.07780539E+00
    26  3.90000000E+00  1.08057549E+00  9.99999909E-01  1.08057549E+00
    27  4.05000000E+00  1.08339575E+00  9.99999890E-01  1.08339575E+00
    28  4.20000000E+00  1.08619224E+00  9.99999870E-01  1.08619224E+00
    29  4.35000000E+00  1.08892485E+00  9.99999847E-01  1.08892485E+00
    30  4.50000000E+00  1.09160635E+00  9.99999821E-01  1.09160635E+00
    31  4.65000000E+00  1.09434231E+00  9.99999792E-01  1.09434231E+00
    32  4.80000000E+00  1.09700162E+00  9.99999760E-01  1.09700162E+00
    33  4.95000000E+00  1.09958050E+00  9.99999725E-01  1.09958050E+00
    34  5.10000000E+00  1.10211506E+00  9.99999686E-01  1.10211506E+00
    35  5.25000000E+00  1.10469168E+00  9.99999643E-01  1.10469168E+00
    36  5.40000000E+00  1.10718433E+00  9.99999596E-01  1.10718433E+00
    37  5.55000000E+00  1.10959816E+00  9.99999543E-01  1.10959816E+00
    38  5.70000000E+00  1.11194166E+00  9.99999486E-01  1.11194166E+00
    39  5.85000000E+00  1.11431838E+00  9.99999423E-01  1.11431838E+00
    40  6.00000000E+00  1.11664455E+00  9.99999354E-01  1.11664455E+00
    41  6.15000000E+00  1.11891134E+00  9.99999279E-01  1.11891134E+00
    42  6.30000000E+00  1.12112710E+00  9.99999196E-01  1.12112710E+00
    43  6.45000000E+00  1.12329530E+00  9.99999106E-01  1.12329530E+00
    44  6.60000000E+00  1.12541271E+00  9.99999007E-01  1.12541271E+00
    45  6.75000000E+00  1.12752050E+00  9.99998900E-01  1.12752050E+00
    46  6.90000000E+00  1.12962412E+00  9.99998783E-01  1.12962412E+00
    47  7.05000000E+00  1.13166395E+00  9.99998656E-01  1.13166395E+00
    48  7.20000000E+00  1.13362416E+00  9.99998517E-01  1.13362416E+00
    49  7.35000000E+00  1.13548553E+00  9.99998367E-01  1.13548553E+00
    50  7.50000000E+00  1.13733522E+00  9.99998203E-01  1.13733522E+00
    51  7.65000000E+00  1.13918099E+00  9.99998026E-01  1.13918099E+00
    52  7.80000000E+00  1.14090544E+00  9.99997834E-01  1.14090544E+00
    53  7.95000000E+00  1.14249117E+00  9.99997625E-01  1.14249117E+00
    54  8.10000000E+00  1.14408575E+00  9.99997400E-01  1.14408575E+00
    55  8.25000000E+00  1.14567807E+00  9.99997156E-01  1.14567807E+00
    56  8.40000000E+00  1.14712192E+00  9.99996892E-01  1.14712192E+00
    57  8.55000000E+00  1.14840988E+00  9.99996608E-01  1.14840988E+00
    58  8.70000000E+00  1.14985519E+00  9.99996301E-01  1.14985519E+00
    59  8.85000000E+00  1.15115019E+00  9.99995970E-01  1.15115019E+00
    60  9.00000000E+00  1.15228687E+00  9.99995613E-01  1.15228687E+00
    61  9.15000000E+00  1.15341553E+00  9.99995228E-01  1.15341553E+00
    62  9.30000000E+00  1.15456911E+00  9.99994815E-01  1.15456911E+00
    63  9.45000000E+00  1.15556835E+00  9.99994370E-01  1.15556835E+00
    64  9.60000000E+00  1.15645356E+00  9.99993893E-01  1.15645356E+00
    65  9.75000000E+00  1.15746405E+00  9.99993380E-01  1.15746405E+00
    66  9.90000000E+00  1.15832715E+00  9.99992830E-01  1.15832715E+00
    67  1.00500000E+01  1.15905550E+00  9.99992241E-01  1.15905550E+00
    68  1.02000000E+01  1.15987316E+00  9.99991610E-01  1.15987316E+00
    69  1.03500000E+01  1.16061870E+00  9.99990934E-01  1.16061870E+00
    70  1.05000000E+01  1.16124169E+00  9.99990211E-01  1.16124169E+00
    71  1.06500000E+01  1.16184947E+00  9.99989439E-01  1.16184947E+00
    72  1.08000000E+01  1.16248309E+00  9.99988614E-01  1.16248309E+00
    73  1.09500000E+01  1.16300889E+00  9.99987734E-01  1.16300889E+00
    74  1.11000000E+01  1.16344352E+00  9.99986796E-01  1.16344352E+00
    75  1.12500000E+01  1.16396965E+00  9.99985796E-01  1.16396965E+00
    76  1.14000000E+01  1.16441622E+00  9.99984731E-01  1.16441622E+00
    77  1.15500000E+01  1.16478445E+00  9.99983598E-01  1.16478445E+00
    78  1.17000000E+01  1.16511536E+00  9.99982394E-01  1.16511536E+00
    79  1.18500000E+01  1.16549306E+00  9.99981114E-01  1.16549306E+00
    80  1.20000000E+01  1.16580606E+00  9.99979756E-01  1.16580606E+00
    81  1.21500000E+01  1.16606730E+00  9.99978315E-01  1.16606730E+00
    82  1.23000000E+01  1.16632881E+00  9.99976789E-01  1.16632881E+00
    83  1.24500000E+01  1.16659653E+00  9.99975172E-01  1.16659653E+00
    84  1.26000000E+01  1.16682174E+00  9.99973461E-01  1.16682174E+00
    85  1.27500000E+01  1.16701375E+00  9.99971652E-01  1.16701375E+00
    86  1.29000000E+01  1.16717993E+00  9.99969742E-01  1.16717993E+00
    87  1.30500000E+01  1.16735118E+00  9.99967726E-01  1.16735118E+00
    88  1.32000000E+01  1.16752367E+00  9.99965600E-01  1.16752367E+00
    89  1.33500000E+01  1.16767552E+00  9.99963360E-01  1.16767552E+00
    90  1.35000000E+01  1.16781122E+00  9.99961002E-01  1.16781122E+00
    91  1.36500000E+01  1.16793432E+00  9.99958523E-01  1.16793432E+00
    92  1.38000000E+01  1.16804768E+00  9.99955919E-01  1.16804768E+00
    93  1.39500000E+01  1.16815366E+00  9.99953186E-01  1.16815366E+00
    94  1.41000000E+01  1.16825430E+00  9.99950320E-01  1.16825430E+00
    95  1.42500000E+01  1.16835696E+00  9.99947319E-01  1.16835696E+00
    96  1.44000000E+01  1.16846033E+00  9.99944180E-01  1.16846033E+00
    97  1.45500000E+01  1.16855989E+00  9.99940900E-01  1.16855989E+00
    98  1.47000000E+01  1.16865709E+00  9.99937477E-01  1.16865709E+00
    99  1.48500000E+01  1.16875309E+00  9.99933908E-01  1.16875309E+00
   100  1.50000000E+01  1.16884885E+00  9.99930193E-01  1.16884885E+00
   101  1.51500000E+01  1.16894505E+00  9.99926331E-01  1.16894505E+00
   102  1.53000000E+01  1.16904218E+00  9.99922321E-01  1.16904218E+00
   103  1.54500000E+01  1.16914047E+00  9.99918164E-01  1.16914047E+00
   104  1.56000000E+01  1.16924002E+00  9.99913862E-01  1.16924002E+00
   105  1.57500000E+01  1.16934074E+00  9.99909416E-01  1.16934074E+00
   106  1.59000000E+01  1.16944247E+00  9.99904830E-01  1.16944247E+00
   107  1.60500000E+01  1.16954496E+00  9.99900108E-01  1.16954496E+00
   108  1.62000000E+01  1.16964791E+00  9.99895256E-01  1.16964791E+00
   109  1.63500000E+01  1.16975103E+00  9.99890281E-01  1.16975103E+00
   110  1.65000000E+01  1.16985399E+00  9.99885192E-01  1.16985399E+00
   111  1.66500000E+01  1.16995647E+00  9.99879998E-01  1.16995647E+00
   112  1.68000000E+01  1.17005818E+00  9.99874713E-01  1.17005818E+00
   113  1.69500000E+01  1.17015881E+00  9.99869350E-01  1.17015881E+00
   114  1.71000000E+01  1.17025811E+00  9.99863926E-01  1.17025811E+00
   115  1.72500000E+01  1.17035580E+00  9.99858461E-01  1.17035580E+00
   116  1.74000000E+01  1.17045165E+00  9.99852977E-01  1.17045165E+00
   117  1.75500000E+01  1.17054545E+00  9.99847497E-01  1.17054545E+00
   118  1.77000000E+01  1.17063701E+00  9.99842052E-01  1.17063701E+00
   119  1.78500000E+01  1.17072615E+00  9.99836672E-01  1.17072615E+00
   120  1.80000000E+01  1.17081274E+00  9.99831394E-01  1.17081274E+00
   121  1.81500000E+01  1.17089665E+00  9.99826257E-01  1.17089665E+00
   122  1.83000000E+01  1.17097779E+00  9.99821306E-01  1.17097779E+00
   123  1.84500000E+01  1.17105609E+00  9.99816592E-01  1.17105609E+00
   124  1.86000000E+01  1.17113149E+00  9.99812168E-01  1.17113149E+00
   125  1.87500000E+01  1.17120397E+00  9.99808097E-01  1.17120397E+00
   126  1.89000000E+01  1.17127350E+00  9.99804445E-01  1.17127350E+00
   127  1.90500000E+01  1.17134009E+00  9.99801286E-01  1.17134009E+00
   128  1.92000000E+01  1.17140375E+00  9.99798703E-01  1.17140375E+00
   129  1.93500000E+01  1.17146452E+00  9.99796783E-01  1.17146452E+00
   130  1.95000000E+01  1.17152244E+00  9.99795626E-01  1.17152244E+00
   131  1.96500000E+01  1.17158163E+00  9.99795337E-01  1.17158163E+00
   132  1.98000000E+01  1.17164045E+00  9.99796033E-01  1.17164045E+00
   133  1.99500000E+01  1.17169644E+00  9.99797842E-01  1.17169644E+00
   134  2.01000000E+01  1.17174966E+00  9.99800901E-01  1.17174966E+00
   135  2.02500000E+01  1.17180017E+00  9.99805363E-01  1.17180017E+00
   136  2.04000000E+01  1.17184804E+00  9.99811389E-01  1.17184804E+00
   137  2.05500000E+01  1.17189337E+00  9.99819158E-01  1.17189337E+00
   138  2.07000000E+01  1.17193624E+00  9.99828863E-01  1.17193624E+00
   139  2.08500000E+01  1.17197674E+00  9.99840713E-01  1.17197674E+00
   140  2.10000000E+01  1.17201496E+00  9.99854932E-01  1.17201496E+00
   141  2.11500000E+01  1.17205099E+00  9.99871765E-01  1.17205099E+00
   142  2.13000000E+01  1.17208492E+00  9.99891475E-01  1.17208492E+00
   143  2.14500000E+01  1.17211686E+00  9.99914347E-01  1.17211686E+00
   144  2.16000000E+01  1.17214689E+00  9.99940685E-01  1.17214689E+00
   145  2.17500000E+01  1.17217512E+00  9.99970819E-01  1.17217512E+00
   146  2.19000000E+01  1.17220162E+00  1.00000510E+00  1.17220162E+00
   147  2.20500000E+01  1.17222648E+00  1.00004391E+00  1.17222648E+00
   148  2.22000000E+01  1.17224981E+00  1.00008766E+00  1.17224981E+00
   149  2.23500000E+01  1.17227167E+00  1.00013678E+00  1.17227167E+00
   150  2.25000000E+01  1.17229216E+00  1.00019174E+00  1.17229216E+00
   151  2.26500000E+01  1.17231134E+00  1.00025304E+00  1.17231134E+00
   152  2.28000000E+01  1.17232930E+00  1.00032121E+00  1.17232930E+00
   153  2.29500000E+01  1.17234611E+00  1.00039683E+00  1.17234611E+00
   154  2.31000000E+01  1.17236184E+00  1.00048051E+00  1.17236184E+00
   155  2.32500000E+01  1.17237655E+00  1.00057289E+00  1.17237655E+00
   156  2.34000000E+01  1.17239032E+00  1.00067467E+00  1.17239032E+00
   157  2.35500000E+01  1.17240319E+00  1.00078658E+00  1.17240319E+00
   158  2.37000000E+01  1.17241522E+00  1.00090942E+00  1.17241522E+00
   159  2.38500000E+01  1.17242648E+00  1.00104402E+00  1.17242648E+00
   160  2.40000000E+01  1.17243700E+00  1.00119126E+00  1.17243700E+00
   161  2.41500000E+01  1.17244684E+00  1.00135208E+00  1.17244684E+00
   162  2.43000000E+01  1.17245605E+00  1.00152748E+00  1.17245605E+00
   163  2.44500000E+01  1.17246467E+00  1.00171851E+00  1.17246467E+00
   164  2.46000000E+01  1.17247273E+00  1.00192629E+00  1.17247273E+00
   165  2.47500000E+01  1.17248027E+00  1.00215200E+00  1.17248027E+00
   166  2.49000000E+01  1.17248734E+00  1.00239688E+00  1.17248734E+00
   167  2.50500000E+01  1.17249396E+00  1.00266225E+00  1.17249396E+00
   168  2.52000000E+01  1.17250016E+00  1.00294947E+00  1.17250016E+00
   169  2.53500000E+01  1.17250597E+00  1.00326001E+00  1.17250597E+00
   170  2.55000000E+01  1.17251142E+00  1.00359540E+00  1.17251142E+00
   171  2.56500000E+01  1.17251654E+00  1.00395722E+00  1.17251654E+00
   172  2.58000000E+01  1.17252134E+00  1.00434717E+00  1.17252134E+00
   173  2.59500000E+01  1.17252585E+00  1.00476699E+00  1.17252585E+00
   174  2.61000000E+01  1.17253009E+00  1.00521852E+00  1.17253009E+00
   175  2.62500000E+01  1.17253408E+00  1.00570366E+00  1.17253408E+00
   176  2.64000000E+01  1.17253789E+00  1.00622440E+00  1.17253789E+00
   177  2.65500000E+01  1.17254193E+00  1.00678281E+00  1.17254193E+00
   178  2.67000000E+01  1.17254574E+00  1.00738103E+00  1.17254574E+00
   179  2.68500000E+01  1.17254932E+00  1.00802126E+00  1.17254932E+00
   180  2.70000000E+01  1.17255270E+00  1.00870580E+00  1.17255270E+00
   181  2.71500000E+01  1.17255588E+00  1.00943697E+00  1.17255588E+00
   182  2.73000000E+01  1.17255888E+00  1.01021719E+00  1.17255888E+00
   183  2.74500000E+01  1.17256172E+00  1.01104891E+00  1.17256172E+00
   184  2.76000000E+01  1.17256440E+00  1.01193463E+00  1.17256440E+00
   185  2.77500000E+01  1.17256693E+00  1.01287689E+00  1.17256693E+00
   186  2.79000000E+01  1.17256933E+00  1.01387823E+00  1.17256933E+00
   187  2.80500000E+01  1.17257161E+00  1.01494122E+00  1.17257161E+00
   188  2.82000000E+01  1.17257376E+00  1.01606843E+00  1.17257376E+00
   189  2.83500000E+01  1.17257580E+00  1.01726239E+00  1.17257580E+00
   190  2.85000000E+01  1.17257774E+00  1.01852561E+00  1.17257774E+00
   191  2.86500000E+01  1.17257958E+00  1.01986054E+00  1.17257958E+00
   192  2.88000000E+01  1.17258134E+00  1.02126953E+00  1.17258134E+00
   193  2.89500000E+01  1.17258300E+00  1.02275487E+00  1.17258300E+00
   194  2.91000000E+01  1.17258459E+00  1.02431869E+00  1.17258459E+00
   195  2.92500000E+01  1.17258610E+00  1.02596298E+00  1.17258610E+00
   196  2.94000000E+01  1.17258754E+00  1.02768956E+00  1.17258754E+00
   197  2.95500000E+01  1.17258892E+00  1.02950002E+00  1.17258892E+00
   198  2.97000000E+01  1.17259023E+00  1.03139572E+00  1.17259023E+00
   199  2.98500000E+01  1.17259148E+00  1.03337774E+00  1.17259148E+00
   200  3.00000000E+01  1.17259268E+00  1.03544685E+00  1.17259268E+00
   201  3.01500000E+01  1.17259382E+00  1.03760346E+00  1.17259382E+00
   202  3.03000000E+01  1.17259492E+00  1.03984760E+00  1.17259492E+00
   203  3.04500000E+01  1.17259597E+00  1.04217889E+00  1.17259597E+00
   204  3.06000000E+01  1.17259697E+00  1.04459647E+00  1.17259697E+00
   205  3.07500000E+01  1.17259794E+00  1.04709903E+00  1.17259794E+00
   206  3.09000000E+01  1.17259886E+00  1.04968471E+00  1.17259886E+00
   207  3.10500000E+01  1.17259975E+00  1.05235110E+00  1.17259975E+00
   208  3.12000000E+01  1.17260060E+00  1.05509525E+00  1.17260060E+00
   209  3.13500000E+01  1.17260141E+00  1.05791358E+00  1.17260141E+00
   210  3.15000000E+01  1.17260220E+00  1.06080194E+00  1.17260220E+00
   211  3.16500000E+01  1.17260295E+00  1.06375553E+00  1.17260295E+00
   212  3.18000000E+01  1.17260368E+00  1.06676896E+00  1.17260368E+00
   213  3.19500000E+01  1.17260437E+00  1.06983621E+00  1.17260437E+00
   214  3.21000000E+01  1.17260504E+00  1.07295065E+00  1.17260504E+00
   215  3.22500000E+01  1.17260569E+00  1.07610507E+00  1.17260569E+00
   216  3.24000000E+01  1.17260631E+00  1.07929171E+00  1.17260631E+00
   217  3.25500000E+01  1.17260691E+00  1.08250228E+00  1.17260691E+00
   218  3.27000000E+01  1.17260748E+00  1.08572806E+00  1.17260748E+00
   219  3.28500000E+01  1.17260803E+00  1.08895992E+00  1.17260803E+00
   220  3.30000000E+01  1.17260857E+00  1.09218843E+00  1.17260857E+00
   221  3.31500000E+01  1.17260908E+00  1.09540395E+00  1.17260908E+00
   222  3.33000000E+01  1.17260958E+00  1.09859679E+00  1.17260958E+00
   223  3.34500000E+01  1.17261006E+00  1.10175728E+00  1.17261006E+00
   224  3.36000000E+01  1.17261052E+00  1.10487597E+00  1.17261052E+00
   225  3.37500000E+01  1.17261096E+00  1.10794377E+00  1.17261096E+00
   226  3.39000000E+01  1.17261139E+00  1.11095217E+00  1.17261139E+00
   227  3.40500000E+01  1.17261180E+00  1.11389333E+00  1.17261180E+00
   228  3.42000000E+01  1.17261220E+00  1.11676031E+00  1.17261220E+00
   229  3.43500000E+01  1.17261259E+00  1.11954722E+00  1.17261259E+00
   230  3.45000000E+01  1.17261296E+00  1.12224930E+00  1.17261296E+00
   231  3.46500000E+01  1.17261332E+00  1.12486302E+00  1.17261332E+00
   232  3.48000000E+01  1.17261367E+00  1.12738609E+00  1.17261367E+00
   233  3.49500000E+01  1.17261400E+00  1.12981743E+00  1.17261400E+00
   234  3.51000000E+01  1.17261432E+00  1.13215701E+00  1.17261432E+00
   235  3.52500000E+01  1.17261463E+00  1.13440568E+00  1.17261463E+00
   236  3.54000000E+01  1.17261494E+00  1.13656490E+00  1.17261494E+00
   237  3.55500000E+01  1.17261523E+00  1.13863636E+00  1.17261523E+00
   238  3.57000000E+01  1.17261551E+00  1.14062168E+00  1.17261551E+00
   239  3.58500000E+01  1.17261578E+00  1.14252199E+00  1.17261578E+00
   240  3.60000000E+01  1.17261604E+00  1.14433756E+00  1.17261604E+00
   241  3.61500000E+01  1.17261629E+00  1.14606760E+00  1.17261629E+00
   242  3.63000000E+01  1.17261654E+00  1.14771000E+00  1.17261654E+00
   243  3.64500000E+01  1.17261677E+00  1.14926134E+00  1.17261677E+00
   244  3.66000000E+01  1.17261700E+00  1.15071703E+00  1.17261700E+00
   245  3.67500000E+01  1.17261722E+00  1.15207156E+00  1.17261722E+00
   246  3.69000000E+01  1.17261743E+00  1.15331903E+00  1.17261743E+00
   247  3.70500000E+01  1.17261764E+00  1.15445365E+00  1.17261764E+00
   248  3.72000000E+01  1.17261784E+00  1.15547048E+00  1.17261784E+00
   249  3.73500000E+01  1.17261803E+00  1.15636605E+00  1.17261803E+00
   250  3.75000000E+01  1.17261821E+00  1.15713905E+00  1.17261821E+00
   251  3.76500000E+01  1.17261839E+00  1.15779078E+00  1.17261839E+00
   252  3.78000000E+01  1.17261856E+00  1.15832553E+00  1.17261856E+00
   253  3.79500000E+01  1.17261873E+00  1.15875062E+00  1.17261873E+00
   254  3.81000000E+01  1.17261889E+00  1.15907625E+00  1.17261889E+00
   255  3.82500000E+01  1.17261905E+00  1.15931511E+00  1.17261905E+00
   256  3.84000000E+01  1.17261920E+00  1.15948171E+00  1.17261920E+00
   257  3.85500000E+01  1.17261934E+00  1.15959164E+00  1.17261934E+00
   258  3.87000000E+01  1.17261949E+00  1.15966061E+00  1.17261949E+00
   259  3.88500000E+01  1.17261962E+00  1.15970364E+00  1.17261962E+00
   260  3.90000000E+01  1.17261975E+00  1.15973423E+00  1.17261975E+00
   261  3.91500000E+01  1.17261988E+00  1.15976371E+00  1.17261988E+00
   262  3.93000000E+01  1.17262000E+00  1.15980084E+00  1.17262000E+00
   263  3.94500000E+01  1.17262012E+00  1.15985160E+00  1.17262012E+00
   264  3.96000000E+01  1.17262024E+00  1.15991924E+00  1.17262024E+00
   265  3.97500000E+01  1.17262035E+00  1.16000457E+00  1.17262035E+00
   266  3.99000000E+01  1.17262045E+00  1.16010640E+00  1.17262045E+00
   267  4.00500000E+01  1.17262056E+00  1.16022208E+00  1.17262056E+00
   268  4.02000000E+01  1.17262066E+00  1.16034810E+00  1.17262066E+00
   269  4.03500000E+01  1.17262075E+00  1.16048066E+00  1.17262075E+00
   270  4.05000000E+01  1.17262085E+00  1.16061613E+00  1.17262085E+00
   271  4.06500000E+01  1.17262094E+00  1.16075146E+00  1.17262094E+00
   272  4.08000000E+01  1.17262103E+00  1.16088435E+00  1.17262103E+00
   273  4.09500000E+01  1.17262111E+00  1.16101337E+00  1.17262111E+00
   274  4.11000000E+01  1.17262119E+00  1.16113788E+00  1.17262119E+00
   275  4.12500000E+01  1.17262127E+00  1.16125795E+00  1.17262127E+00
   276  4.14000000E+01  1.17262135E+00  1.16137409E+00  1.17262135E+00
   277  4.15500000E+01  1.17262142E+00  1.16148711E+00  1.17262142E+00
   278  4.17000000E+01  1.17262149E+00  1.16159785E+00  1.17262149E+00
   279  4.18500000E+01  1.17262156E+00  1.16170707E+00  1.17262156E+00
   280  4.20000000E+01  1.17262163E+00  1.16181527E+00  1.17262163E+00
   281  4.21500000E+01  1.17262169E+00  1.16192272E+00  1.17262169E+00
   282  4.23000000E+01  1.17262175E+00  1.16202937E+00  1.17262175E+00
   283  4.24500000E+01  1.17262181E+00  1.16213495E+00  1.17262181E+00
   284  4.26000000E+01  1.17262187E+00  1.16223902E+00  1.17262187E+00
   285  4.27500000E+01  1.17262193E+00  1.16234104E+00  1.17262193E+00
   286  4.29000000E+01  1.17262198E+00  1.16244047E+00  1.17262198E+00
   287  4.30500000E+01  1.17262204E+00  1.16253683E+00  1.17262204E+00
   288  4.32000000E+01  1.17262209E+00  1.16262974E+00  1.17262209E+00
   289  4.33500000E+01  1.17262214E+00  1.16271892E+00  1.17262214E+00
   290  4.35000000E+01  1.17262218E+00  1.16280425E+00  1.17262218E+00
   291  4.36500000E+01  1.17262223E+00  1.16288570E+00  1.17262223E+00
   292  4.38000000E+01  1.17262227E+00  1.16296334E+00  1.17262227E+00
   293  4.39500000E+01  1.17262232E+00  1.16303728E+00  1.17262232E+00
   294  4.41000000E+01  1.17262236E+00  1.16310767E+00  1.17262236E+00
   295  4.42500000E+01  1.17262240E+00  1.16317466E+00  1.17262240E+00
   296  4.44000000E+01  1.17262244E+00  1.16323841E+00  1.17262244E+00
   297  4.45500000E+01  1.17262248E+00  1.16329904E+00  1.17262248E+00
   298  4.47000000E+01  1.17262251E+00  1.16335665E+00  1.17262251E+00
   299  4.48500000E+01  1.17262255E+00  1.16341132E+00  1.17262255E+00
   300  4.50000000E+01  1.17262258E+00  1.16346314E+00  1.17262258E+00
   301  4.51500000E+01  1.17262262E+00  1.16351218E+00  1.17262262E+00
   302  4.53000000E+01  1.17262265E+00  1.16355850E+00  1.17262265E+00
   303  4.54500000E+01  1.17262268E+00  1.16360218E+00  1.17262268E+00
   304  4.56000000E+01  1.17262271E+00  1.16364332E+00  1.17262271E+00
   305  4.57500000E+01  1.17262274E+00  1.16368202E+00  1.17262274E+00
   306  4.59000000E+01  1.17262277E+00  1.16371837E+00  1.17262277E+00
   307  4.60500000E+01  1.17262279E+00  1.16375250E+00  1.17262279E+00
   308  4.62000000E+01  1.17262282E+00  1.16378451E+00  1.17262282E+00
   309  4.63500000E+01  1.17262285E+00  1.16381453E+00  1.17262285E+00
   310  4.65000000E+01  1.17262287E+00  1.16384266E+00  1.17262287E+00
   311  4.66500000E+01  1.17262289E+00  1.16386902E+00  1.17262289E+00
   312  4.68000000E+01  1.17262292E+00  1.16389371E+00  1.17262292E+00
   313  4.69500000E+01  1.17262294E+00  1.16391682E+00  1.17262294E+00
   314  4.71000000E+01  1.17262296E+00  1.16393845E+00  1.17262296E+00
   315  4.72500000E+01  1.17262298E+00  1.16395868E+00  1.17262298E+00
   316  4.74000000E+01  1.17262300E+00  1.16397760E+00  1.17262300E+00
   317  4.75500000E+01  1.17262302E+00  1.16399529E+00  1.17262302E+00
   318  4.77000000E+01  1.17262304E+00  1.16401182E+00  1.17262304E+00
   319  4.78500000E+01  1.17262306E+00  1.16402726E+00  1.17262306E+00
   320  4.80000000E+01  1.17262308E+00  1.16404168E+00  1.17262308E+00
   321  4.81500000E+01  1.17262310E+00  1.16405516E+00  1.17262310E+00
   322  4.83000000E+01  1.17262311E+00  1.16406775E+00  1.17262311E+00
   323  4.84500000E+01  1.17262313E+00  1.16407950E+00  1.17262313E+00
   324  4.86000000E+01  1.17262315E+00  1.16409049E+00  1.17262315E+00
   325  4.87500000E+01  1.17262316E+00  1.16410076E+00  1.17262316E+00
   326  4.89000000E+01  1.17262318E+00  1.16411035E+00  1.17262318E+00
   327  4.90500000E+01  1.17262319E+00  1.16411933E+00  1.17262319E+00
   328  4.92000000E+01  1.17262320E+00  1.16412772E+00  1.17262320E+00
   329  4.93500000E+01  1.17262322E+00  1.16413557E+00  1.17262322E+00
   330  4.95000000E+01  1.17262323E+00  1.16414293E+00  1.17262323E+00
   331  4.96500000E+01  1.17262324E+00  1.16414981E+00  1.17262324E+00
   332  4.98000000E+01  1.17262326E+00  1.16415626E+00  1.17262326E+00
   333  4.99500000E+01  1.17262327E+00  1.16416230E+00  1.17262327E+00
   334  5.01000000E+01  1.17262328E+00  1.16416797E+00  1.17262328E+00
   335  5.02500000E+01  1.17262329E+00  1.16417329E+00  1.17262329E+00
 steady-height stop at step    335: changes <=   1.0000E-05, max-end <=   1.0000E-02, max/end/gap/profile_change =   1.17262329E+00  1.16417329E+00  8.45000219E-03  5.31883132E-06


STDERR:
