COMMAND:
/shared/generate_rom_data/extrudate_swell2d_c_cluster

STDOUT:
 comppar: model =   6
 comppar: lambda,mobility/eps,betav,eta_0 =  4.6000E+00  5.0000E-01  3.0000E-01  1.0000E+00
 comppar: eta_s,eta_p,G =  3.0000E-01  7.0000E-01  1.5217E-01
 comppar: U_avg,deltat,flowrate,nsteps =  2.0000E-01  1.5000E-01  6.2832E-01     700
 comppar: geometry = axisymmetric
 comppar: steady stop change,gap,hold,min =  1.0000E-05  1.0000E-02      10      80
 comppar: ncompc,ncompg =     4     5
 mesh nnodes = 5765
 mesh nelem = 2780
 P1 BC   5.0000000000000000     
 P2 BC   0.0000000000000000     
     1  1.50000000E-01  1.00378774E+00  1.00000000E+00  1.00378774E+00
     2  3.00000000E-01  1.00748230E+00  1.00000000E+00  1.00748230E+00
     3  4.50000000E-01  1.01107835E+00  1.00000000E+00  1.01107835E+00
     4  6.00000000E-01  1.01458221E+00  1.00000000E+00  1.01458221E+00
     5  7.50000000E-01  1.01799626E+00  1.00000000E+00  1.01799626E+00
     6  9.00000000E-01  1.02132237E+00  1.00000000E+00  1.02132237E+00
     7  1.05000000E+00  1.02456782E+00  1.00000000E+00  1.02456782E+00
     8  1.20000000E+00  1.02773610E+00  1.00000000E+00  1.02773610E+00
     9  1.35000000E+00  1.03085653E+00  1.00000001E+00  1.03085653E+00
    10  1.50000000E+00  1.03391066E+00  1.00000001E+00  1.03391066E+00
    11  1.65000000E+00  1.03690093E+00  1.00000001E+00  1.03690093E+00
    12  1.80000000E+00  1.03987494E+00  1.00000001E+00  1.03987494E+00
    13  1.95000000E+00  1.04277748E+00  1.00000001E+00  1.04277748E+00
    14  2.10000000E+00  1.04568351E+00  1.00000001E+00  1.04568351E+00
    15  2.25000000E+00  1.04851498E+00  1.00000000E+00  1.04851498E+00
    16  2.40000000E+00  1.05136996E+00  1.00000000E+00  1.05136996E+00
    17  2.55000000E+00  1.05414305E+00  9.99999999E-01  1.05414305E+00
    18  2.70000000E+00  1.05694503E+00  9.99999995E-01  1.05694503E+00
    19  2.85000000E+00  1.05967687E+00  9.99999991E-01  1.05967687E+00
    20  3.00000000E+00  1.06235510E+00  9.99999985E-01  1.06235510E+00
    21  3.15000000E+00  1.06505616E+00  9.99999978E-01  1.06505616E+00
    22  3.30000000E+00  1.06766649E+00  9.99999970E-01  1.06766649E+00
    23  3.45000000E+00  1.07025591E+00  9.99999960E-01  1.07025591E+00
    24  3.60000000E+00  1.07281773E+00  9.99999949E-01  1.07281773E+00
    25  3.75000000E+00  1.07527013E+00  9.99999936E-01  1.07527013E+00
    26  3.90000000E+00  1.07773836E+00  9.99999921E-01  1.07773836E+00
    27  4.05000000E+00  1.08013782E+00  9.99999904E-01  1.08013782E+00
    28  4.20000000E+00  1.08240792E+00  9.99999884E-01  1.08240792E+00
    29  4.35000000E+00  1.08472520E+00  9.99999862E-01  1.08472520E+00
    30  4.50000000E+00  1.08692037E+00  9.99999837E-01  1.08692037E+00
    31  4.65000000E+00  1.08897386E+00  9.99999808E-01  1.08897386E+00
    32  4.80000000E+00  1.09110613E+00  9.99999777E-01  1.09110613E+00
    33  4.95000000E+00  1.09310295E+00  9.99999741E-01  1.09310295E+00
    34  5.10000000E+00  1.09496247E+00  9.99999701E-01  1.09496247E+00
    35  5.25000000E+00  1.09688102E+00  9.99999657E-01  1.09688102E+00
    36  5.40000000E+00  1.09868120E+00  9.99999607E-01  1.09868120E+00
    37  5.55000000E+00  1.10036354E+00  9.99999552E-01  1.10036354E+00
    38  5.70000000E+00  1.10201976E+00  9.99999491E-01  1.10201976E+00
    39  5.85000000E+00  1.10367671E+00  9.99999423E-01  1.10367671E+00
    40  6.00000000E+00  1.10524142E+00  9.99999348E-01  1.10524142E+00
    41  6.15000000E+00  1.10673633E+00  9.99999266E-01  1.10673633E+00
    42  6.30000000E+00  1.10818038E+00  9.99999174E-01  1.10818038E+00
    43  6.45000000E+00  1.10960827E+00  9.99999074E-01  1.10960827E+00
    44  6.60000000E+00  1.11103528E+00  9.99998964E-01  1.11103528E+00
    45  6.75000000E+00  1.11242569E+00  9.99998842E-01  1.11242569E+00
    46  6.90000000E+00  1.11377945E+00  9.99998709E-01  1.11377945E+00
    47  7.05000000E+00  1.11508638E+00  9.99998564E-01  1.11508638E+00
    48  7.20000000E+00  1.11632850E+00  9.99998404E-01  1.11632850E+00
    49  7.35000000E+00  1.11751917E+00  9.99998230E-01  1.11751917E+00
    50  7.50000000E+00  1.11875042E+00  9.99998040E-01  1.11875042E+00
    51  7.65000000E+00  1.11989855E+00  9.99997832E-01  1.11989855E+00
    52  7.80000000E+00  1.12094376E+00  9.99997606E-01  1.12094376E+00
    53  7.95000000E+00  1.12195675E+00  9.99997361E-01  1.12195675E+00
    54  8.10000000E+00  1.12300356E+00  9.99997094E-01  1.12300356E+00
    55  8.25000000E+00  1.12393137E+00  9.99996804E-01  1.12393137E+00
    56  8.40000000E+00  1.12473104E+00  9.99996489E-01  1.12473104E+00
    57  8.55000000E+00  1.12562430E+00  9.99996148E-01  1.12562430E+00
    58  8.70000000E+00  1.12643192E+00  9.99995779E-01  1.12643192E+00
    59  8.85000000E+00  1.12711242E+00  9.99995380E-01  1.12711242E+00
    60  9.00000000E+00  1.12784694E+00  9.99994949E-01  1.12784694E+00
    61  9.15000000E+00  1.12853152E+00  9.99994483E-01  1.12853152E+00
    62  9.30000000E+00  1.12909298E+00  9.99993981E-01  1.12909298E+00
    63  9.45000000E+00  1.12966885E+00  9.99993441E-01  1.12966885E+00
    64  9.60000000E+00  1.13024280E+00  9.99992859E-01  1.13024280E+00
    65  9.75000000E+00  1.13070410E+00  9.99992233E-01  1.13070410E+00
    66  9.90000000E+00  1.13115979E+00  9.99991560E-01  1.13115979E+00
    67  1.00500000E+01  1.13162501E+00  9.99990839E-01  1.13162501E+00
    68  1.02000000E+01  1.13199110E+00  9.99990065E-01  1.13199110E+00
    69  1.03500000E+01  1.13232728E+00  9.99989235E-01  1.13232728E+00
    70  1.05000000E+01  1.13270469E+00  9.99988348E-01  1.13270469E+00
    71  1.06500000E+01  1.13299749E+00  9.99987398E-01  1.13299749E+00
    72  1.08000000E+01  1.13322902E+00  9.99986384E-01  1.13322902E+00
    73  1.09500000E+01  1.13352510E+00  9.99985300E-01  1.13352510E+00
    74  1.11000000E+01  1.13375333E+00  9.99984145E-01  1.13375333E+00
    75  1.12500000E+01  1.13393057E+00  9.99982914E-01  1.13393057E+00
    76  1.14000000E+01  1.13414933E+00  9.99981603E-01  1.13414933E+00
    77  1.15500000E+01  1.13433023E+00  9.99980208E-01  1.13433023E+00
    78  1.17000000E+01  1.13447208E+00  9.99978726E-01  1.13447208E+00
    79  1.18500000E+01  1.13458707E+00  9.99977152E-01  1.13458707E+00
    80  1.20000000E+01  1.13472285E+00  9.99975483E-01  1.13472285E+00
    81  1.21500000E+01  1.13483975E+00  9.99973715E-01  1.13483975E+00
    82  1.23000000E+01  1.13493905E+00  9.99971842E-01  1.13493905E+00
    83  1.24500000E+01  1.13502700E+00  9.99969862E-01  1.13502700E+00
    84  1.26000000E+01  1.13510751E+00  9.99967770E-01  1.13510751E+00
    85  1.27500000E+01  1.13518284E+00  9.99965563E-01  1.13518284E+00
    86  1.29000000E+01  1.13525820E+00  9.99963236E-01  1.13525820E+00
    87  1.30500000E+01  1.13533284E+00  9.99960786E-01  1.13533284E+00
    88  1.32000000E+01  1.13540436E+00  9.99958210E-01  1.13540436E+00
    89  1.33500000E+01  1.13547353E+00  9.99955503E-01  1.13547353E+00
    90  1.35000000E+01  1.13554088E+00  9.99952663E-01  1.13554088E+00
    91  1.36500000E+01  1.13560697E+00  9.99949688E-01  1.13560697E+00
    92  1.38000000E+01  1.13567236E+00  9.99946575E-01  1.13567236E+00
    93  1.39500000E+01  1.13573767E+00  9.99943322E-01  1.13573767E+00
    94  1.41000000E+01  1.13580344E+00  9.99939928E-01  1.13580344E+00
    95  1.42500000E+01  1.13587008E+00  9.99936392E-01  1.13587008E+00
    96  1.44000000E+01  1.13593780E+00  9.99932715E-01  1.13593780E+00
    97  1.45500000E+01  1.13600665E+00  9.99928896E-01  1.13600665E+00
    98  1.47000000E+01  1.13607648E+00  9.99924938E-01  1.13607648E+00
    99  1.48500000E+01  1.13614705E+00  9.99920844E-01  1.13614705E+00
   100  1.50000000E+01  1.13621800E+00  9.99916616E-01  1.13621800E+00
   101  1.51500000E+01  1.13628897E+00  9.99912262E-01  1.13628897E+00
   102  1.53000000E+01  1.13635959E+00  9.99907786E-01  1.13635959E+00
   103  1.54500000E+01  1.13642950E+00  9.99903197E-01  1.13642950E+00
   104  1.56000000E+01  1.13649841E+00  9.99898506E-01  1.13649841E+00
   105  1.57500000E+01  1.13656602E+00  9.99893724E-01  1.13656602E+00
   106  1.59000000E+01  1.13663211E+00  9.99888866E-01  1.13663211E+00
   107  1.60500000E+01  1.13669647E+00  9.99883947E-01  1.13669647E+00
   108  1.62000000E+01  1.13675893E+00  9.99878988E-01  1.13675893E+00
   109  1.63500000E+01  1.13681935E+00  9.99874011E-01  1.13681935E+00
   110  1.65000000E+01  1.13687759E+00  9.99869041E-01  1.13687759E+00
   111  1.66500000E+01  1.13693357E+00  9.99864108E-01  1.13693357E+00
   112  1.68000000E+01  1.13698721E+00  9.99859245E-01  1.13698721E+00
   113  1.69500000E+01  1.13703847E+00  9.99854488E-01  1.13703847E+00
   114  1.71000000E+01  1.13708731E+00  9.99849881E-01  1.13708731E+00
   115  1.72500000E+01  1.13713374E+00  9.99845469E-01  1.13713374E+00
   116  1.74000000E+01  1.13717776E+00  9.99841306E-01  1.13717776E+00
   117  1.75500000E+01  1.13721941E+00  9.99837449E-01  1.13721941E+00
   118  1.77000000E+01  1.13725873E+00  9.99833965E-01  1.13725873E+00
   119  1.78500000E+01  1.13729577E+00  9.99830926E-01  1.13729577E+00
   120  1.80000000E+01  1.13733321E+00  9.99828410E-01  1.13733321E+00
   121  1.81500000E+01  1.13737054E+00  9.99826507E-01  1.13737054E+00
   122  1.83000000E+01  1.13740564E+00  9.99825313E-01  1.13740564E+00
   123  1.84500000E+01  1.13743859E+00  9.99824935E-01  1.13743859E+00
   124  1.86000000E+01  1.13746945E+00  9.99825489E-01  1.13746945E+00
   125  1.87500000E+01  1.13749833E+00  9.99827103E-01  1.13749833E+00
   126  1.89000000E+01  1.13752530E+00  9.99829918E-01  1.13752530E+00
   127  1.90500000E+01  1.13755046E+00  9.99834087E-01  1.13755046E+00
   128  1.92000000E+01  1.13757389E+00  9.99839776E-01  1.13757389E+00
   129  1.93500000E+01  1.13759569E+00  9.99847167E-01  1.13759569E+00
   130  1.95000000E+01  1.13761595E+00  9.99856458E-01  1.13761595E+00
   131  1.96500000E+01  1.13763475E+00  9.99867865E-01  1.13763475E+00
   132  1.98000000E+01  1.13765219E+00  9.99881621E-01  1.13765219E+00
   133  1.99500000E+01  1.13766835E+00  9.99897980E-01  1.13766835E+00
   134  2.01000000E+01  1.13768331E+00  9.99917217E-01  1.13768331E+00
   135  2.02500000E+01  1.13769714E+00  9.99939630E-01  1.13769714E+00
   136  2.04000000E+01  1.13770993E+00  9.99965540E-01  1.13770993E+00
   137  2.05500000E+01  1.13772175E+00  9.99995295E-01  1.13772175E+00
   138  2.07000000E+01  1.13773267E+00  1.00002927E+00  1.13773267E+00
   139  2.08500000E+01  1.13774275E+00  1.00006786E+00  1.13774275E+00
   140  2.10000000E+01  1.13775205E+00  1.00011152E+00  1.13775205E+00
   141  2.11500000E+01  1.13776063E+00  1.00016069E+00  1.13776063E+00
   142  2.13000000E+01  1.13776855E+00  1.00021589E+00  1.13776855E+00
   143  2.14500000E+01  1.13777585E+00  1.00027766E+00  1.13777585E+00
   144  2.16000000E+01  1.13778259E+00  1.00034656E+00  1.13778259E+00
   145  2.17500000E+01  1.13778881E+00  1.00042322E+00  1.13778881E+00
   146  2.19000000E+01  1.13779455E+00  1.00050829E+00  1.13779455E+00
   147  2.20500000E+01  1.13779984E+00  1.00060249E+00  1.13779984E+00
   148  2.22000000E+01  1.13780473E+00  1.00070656E+00  1.13780473E+00
   149  2.23500000E+01  1.13780925E+00  1.00082131E+00  1.13780925E+00
   150  2.25000000E+01  1.13781342E+00  1.00094760E+00  1.13781342E+00
   151  2.26500000E+01  1.13781727E+00  1.00108635E+00  1.13781727E+00
   152  2.28000000E+01  1.13782084E+00  1.00123852E+00  1.13782084E+00
   153  2.29500000E+01  1.13782414E+00  1.00140514E+00  1.13782414E+00
   154  2.31000000E+01  1.13782720E+00  1.00158732E+00  1.13782720E+00
   155  2.32500000E+01  1.13783004E+00  1.00178621E+00  1.13783004E+00
   156  2.34000000E+01  1.13783267E+00  1.00200304E+00  1.13783267E+00
   157  2.35500000E+01  1.13783511E+00  1.00223912E+00  1.13783511E+00
   158  2.37000000E+01  1.13783737E+00  1.00249582E+00  1.13783737E+00
   159  2.38500000E+01  1.13783948E+00  1.00277459E+00  1.13783948E+00
   160  2.40000000E+01  1.13784145E+00  1.00307696E+00  1.13784145E+00
   161  2.41500000E+01  1.13784327E+00  1.00340453E+00  1.13784327E+00
   162  2.43000000E+01  1.13784498E+00  1.00375899E+00  1.13784498E+00
   163  2.44500000E+01  1.13784657E+00  1.00414212E+00  1.13784657E+00
   164  2.46000000E+01  1.13784806E+00  1.00455575E+00  1.13784806E+00
   165  2.47500000E+01  1.13784945E+00  1.00500184E+00  1.13784945E+00
   166  2.49000000E+01  1.13785075E+00  1.00548239E+00  1.13785075E+00
   167  2.50500000E+01  1.13785197E+00  1.00599952E+00  1.13785197E+00
   168  2.52000000E+01  1.13785311E+00  1.00655540E+00  1.13785311E+00
   169  2.53500000E+01  1.13785418E+00  1.00715229E+00  1.13785418E+00
   170  2.55000000E+01  1.13785519E+00  1.00779253E+00  1.13785519E+00
   171  2.56500000E+01  1.13785614E+00  1.00847852E+00  1.13785614E+00
   172  2.58000000E+01  1.13785703E+00  1.00921272E+00  1.13785703E+00
   173  2.59500000E+01  1.13785787E+00  1.00999767E+00  1.13785787E+00
   174  2.61000000E+01  1.13785866E+00  1.01083593E+00  1.13785866E+00
   175  2.62500000E+01  1.13785940E+00  1.01173012E+00  1.13785940E+00
   176  2.64000000E+01  1.13786011E+00  1.01268285E+00  1.13786011E+00
   177  2.65500000E+01  1.13786078E+00  1.01369677E+00  1.13786078E+00
   178  2.67000000E+01  1.13786141E+00  1.01477451E+00  1.13786141E+00
   179  2.68500000E+01  1.13786200E+00  1.01591867E+00  1.13786200E+00
   180  2.70000000E+01  1.13786256E+00  1.01713181E+00  1.13786256E+00
   181  2.71500000E+01  1.13786310E+00  1.01841642E+00  1.13786310E+00
   182  2.73000000E+01  1.13786361E+00  1.01977488E+00  1.13786361E+00
   183  2.74500000E+01  1.13786409E+00  1.02120947E+00  1.13786409E+00
   184  2.76000000E+01  1.13786454E+00  1.02272230E+00  1.13786454E+00
   185  2.77500000E+01  1.13786497E+00  1.02431530E+00  1.13786497E+00
   186  2.79000000E+01  1.13786538E+00  1.02599018E+00  1.13786538E+00
   187  2.80500000E+01  1.13786578E+00  1.02774838E+00  1.13786578E+00
   188  2.82000000E+01  1.13786615E+00  1.02959107E+00  1.13786615E+00
   189  2.83500000E+01  1.13786650E+00  1.03151906E+00  1.13786650E+00
   190  2.85000000E+01  1.13786684E+00  1.03353275E+00  1.13786684E+00
   191  2.86500000E+01  1.13786716E+00  1.03563216E+00  1.13786716E+00
   192  2.88000000E+01  1.13786746E+00  1.03781677E+00  1.13786746E+00
   193  2.89500000E+01  1.13786775E+00  1.04008558E+00  1.13786775E+00
   194  2.91000000E+01  1.13786803E+00  1.04243698E+00  1.13786803E+00
   195  2.92500000E+01  1.13786829E+00  1.04486875E+00  1.13786829E+00
   196  2.94000000E+01  1.13786854E+00  1.04737801E+00  1.13786854E+00
   197  2.95500000E+01  1.13786878E+00  1.04996115E+00  1.13786878E+00
   198  2.97000000E+01  1.13786901E+00  1.05261383E+00  1.13786901E+00
   199  2.98500000E+01  1.13786922E+00  1.05533095E+00  1.13786922E+00
   200  3.00000000E+01  1.13786943E+00  1.05810661E+00  1.13786943E+00
   201  3.01500000E+01  1.13786963E+00  1.06093410E+00  1.13786963E+00
   202  3.03000000E+01  1.13786982E+00  1.06380590E+00  1.13786982E+00
   203  3.04500000E+01  1.13787000E+00  1.06671370E+00  1.13787000E+00
   204  3.06000000E+01  1.13787017E+00  1.06964841E+00  1.13787017E+00
   205  3.07500000E+01  1.13787033E+00  1.07260021E+00  1.13787033E+00
   206  3.09000000E+01  1.13787049E+00  1.07555859E+00  1.13787049E+00
   207  3.10500000E+01  1.13787064E+00  1.07851247E+00  1.13787064E+00
   208  3.12000000E+01  1.13787078E+00  1.08145026E+00  1.13787078E+00
   209  3.13500000E+01  1.13787092E+00  1.08435999E+00  1.13787092E+00
   210  3.15000000E+01  1.13787105E+00  1.08722951E+00  1.13787105E+00
   211  3.16500000E+01  1.13787118E+00  1.09004663E+00  1.13787118E+00
   212  3.18000000E+01  1.13787130E+00  1.09279936E+00  1.13787130E+00
   213  3.19500000E+01  1.13787141E+00  1.09547614E+00  1.13787141E+00
   214  3.21000000E+01  1.13787152E+00  1.09806608E+00  1.13787152E+00
   215  3.22500000E+01  1.13787162E+00  1.10055927E+00  1.13787162E+00
   216  3.24000000E+01  1.13787172E+00  1.10294705E+00  1.13787172E+00
   217  3.25500000E+01  1.13787182E+00  1.10522226E+00  1.13787182E+00
   218  3.27000000E+01  1.13787191E+00  1.10737950E+00  1.13787191E+00
   219  3.28500000E+01  1.13787199E+00  1.10941531E+00  1.13787199E+00
   220  3.30000000E+01  1.13787208E+00  1.11132831E+00  1.13787208E+00
   221  3.31500000E+01  1.13787216E+00  1.11311926E+00  1.13787216E+00
   222  3.33000000E+01  1.13787223E+00  1.11479095E+00  1.13787223E+00
   223  3.34500000E+01  1.13787231E+00  1.11634808E+00  1.13787231E+00
   224  3.36000000E+01  1.13787238E+00  1.11779693E+00  1.13787238E+00
   225  3.37500000E+01  1.13787244E+00  1.11914495E+00  1.13787244E+00
   226  3.39000000E+01  1.13787250E+00  1.12040028E+00  1.13787250E+00
   227  3.40500000E+01  1.13787257E+00  1.12157113E+00  1.13787257E+00
   228  3.42000000E+01  1.13787262E+00  1.12266524E+00  1.13787262E+00
   229  3.43500000E+01  1.13787268E+00  1.12368928E+00  1.13787268E+00
   230  3.45000000E+01  1.13787273E+00  1.12464835E+00  1.13787273E+00
   231  3.46500000E+01  1.13787278E+00  1.12554571E+00  1.13787278E+00
   232  3.48000000E+01  1.13787283E+00  1.12638255E+00  1.13787283E+00
   233  3.49500000E+01  1.13787288E+00  1.12715810E+00  1.13787288E+00
   234  3.51000000E+01  1.13787292E+00  1.12786991E+00  1.13787292E+00
   235  3.52500000E+01  1.13787297E+00  1.12851435E+00  1.13787297E+00
   236  3.54000000E+01  1.13787301E+00  1.12908730E+00  1.13787301E+00
   237  3.55500000E+01  1.13787304E+00  1.12958493E+00  1.13787304E+00
   238  3.57000000E+01  1.13787308E+00  1.13000448E+00  1.13787308E+00
   239  3.58500000E+01  1.13787312E+00  1.13034503E+00  1.13787312E+00
   240  3.60000000E+01  1.13787315E+00  1.13060804E+00  1.13787315E+00
   241  3.61500000E+01  1.13787318E+00  1.13079770E+00  1.13787318E+00
   242  3.63000000E+01  1.13787322E+00  1.13092099E+00  1.13787322E+00
   243  3.64500000E+01  1.13787325E+00  1.13098738E+00  1.13787325E+00
   244  3.66000000E+01  1.13787327E+00  1.13100836E+00  1.13787327E+00
   245  3.67500000E+01  1.13787330E+00  1.13099663E+00  1.13787330E+00
   246  3.69000000E+01  1.13787333E+00  1.13096522E+00  1.13787333E+00
   247  3.70500000E+01  1.13787335E+00  1.13092657E+00  1.13787335E+00
   248  3.72000000E+01  1.13787338E+00  1.13089161E+00  1.13787338E+00
   249  3.73500000E+01  1.13787340E+00  1.13086912E+00  1.13787340E+00
   250  3.75000000E+01  1.13787342E+00  1.13086525E+00  1.13787342E+00
   251  3.76500000E+01  1.13787344E+00  1.13088330E+00  1.13787344E+00
   252  3.78000000E+01  1.13787346E+00  1.13092391E+00  1.13787346E+00
   253  3.79500000E+01  1.13787348E+00  1.13098534E+00  1.13787348E+00
   254  3.81000000E+01  1.13787350E+00  1.13106408E+00  1.13787350E+00
   255  3.82500000E+01  1.13787352E+00  1.13115550E+00  1.13787352E+00
   256  3.84000000E+01  1.13787353E+00  1.13125455E+00  1.13787353E+00
   257  3.85500000E+01  1.13787355E+00  1.13135639E+00  1.13787355E+00
   258  3.87000000E+01  1.13787357E+00  1.13145686E+00  1.13787357E+00
   259  3.88500000E+01  1.13787358E+00  1.13155287E+00  1.13787358E+00
   260  3.90000000E+01  1.13787360E+00  1.13164249E+00  1.13787360E+00
   261  3.91500000E+01  1.13787361E+00  1.13172494E+00  1.13787361E+00
   262  3.93000000E+01  1.13787362E+00  1.13180042E+00  1.13787362E+00
   263  3.94500000E+01  1.13787363E+00  1.13186983E+00  1.13787363E+00
   264  3.96000000E+01  1.13787365E+00  1.13193445E+00  1.13787365E+00
   265  3.97500000E+01  1.13787366E+00  1.13199570E+00  1.13787366E+00
   266  3.99000000E+01  1.13787367E+00  1.13205483E+00  1.13787367E+00
   267  4.00500000E+01  1.13787368E+00  1.13211277E+00  1.13787368E+00
   268  4.02000000E+01  1.13787369E+00  1.13217007E+00  1.13787369E+00
   269  4.03500000E+01  1.13787370E+00  1.13222686E+00  1.13787370E+00
   270  4.05000000E+01  1.13787371E+00  1.13228294E+00  1.13787371E+00
   271  4.06500000E+01  1.13787372E+00  1.13233788E+00  1.13787372E+00
   272  4.08000000E+01  1.13787373E+00  1.13239113E+00  1.13787373E+00
   273  4.09500000E+01  1.13787373E+00  1.13244214E+00  1.13787373E+00
   274  4.11000000E+01  1.13787374E+00  1.13249046E+00  1.13787374E+00
   275  4.12500000E+01  1.13787375E+00  1.13253578E+00  1.13787375E+00
   276  4.14000000E+01  1.13787376E+00  1.13257794E+00  1.13787376E+00
   277  4.15500000E+01  1.13787376E+00  1.13261697E+00  1.13787376E+00
   278  4.17000000E+01  1.13787377E+00  1.13265303E+00  1.13787377E+00
   279  4.18500000E+01  1.13787378E+00  1.13268633E+00  1.13787378E+00
   280  4.20000000E+01  1.13787378E+00  1.13271715E+00  1.13787378E+00
   281  4.21500000E+01  1.13787379E+00  1.13274577E+00  1.13787379E+00
   282  4.23000000E+01  1.13787379E+00  1.13277243E+00  1.13787379E+00
   283  4.24500000E+01  1.13787380E+00  1.13279732E+00  1.13787380E+00
   284  4.26000000E+01  1.13787380E+00  1.13282059E+00  1.13787380E+00
   285  4.27500000E+01  1.13787381E+00  1.13284233E+00  1.13787381E+00
   286  4.29000000E+01  1.13787381E+00  1.13286262E+00  1.13787381E+00
   287  4.30500000E+01  1.13787382E+00  1.13288150E+00  1.13787382E+00
   288  4.32000000E+01  1.13787382E+00  1.13289902E+00  1.13787382E+00
   289  4.33500000E+01  1.13787383E+00  1.13291522E+00  1.13787383E+00
   290  4.35000000E+01  1.13787383E+00  1.13293016E+00  1.13787383E+00
   291  4.36500000E+01  1.13787383E+00  1.13294391E+00  1.13787383E+00
   292  4.38000000E+01  1.13787384E+00  1.13295655E+00  1.13787384E+00
   293  4.39500000E+01  1.13787384E+00  1.13296815E+00  1.13787384E+00
   294  4.41000000E+01  1.13787384E+00  1.13297882E+00  1.13787384E+00
   295  4.42500000E+01  1.13787385E+00  1.13298863E+00  1.13787385E+00
   296  4.44000000E+01  1.13787385E+00  1.13299767E+00  1.13787385E+00
   297  4.45500000E+01  1.13787385E+00  1.13300599E+00  1.13787385E+00
   298  4.47000000E+01  1.13787386E+00  1.13301367E+00  1.13787386E+00
   299  4.48500000E+01  1.13787386E+00  1.13302076E+00  1.13787386E+00
   300  4.50000000E+01  1.13787386E+00  1.13302729E+00  1.13787386E+00
   301  4.51500000E+01  1.13787386E+00  1.13303333E+00  1.13787386E+00
   302  4.53000000E+01  1.13787387E+00  1.13303890E+00  1.13787387E+00
   303  4.54500000E+01  1.13787387E+00  1.13304403E+00  1.13787387E+00
   304  4.56000000E+01  1.13787387E+00  1.13304877E+00  1.13787387E+00
 steady-height stop at step    304: changes <=   1.0000E-05, max-end <=   1.0000E-02, max/end/gap/profile_change =   1.13787387E+00  1.13304877E+00  4.82510587E-03  4.73588669E-06


STDERR:
