COMMAND:
/shared/generate_rom_data/extrudate_swell2d_c_cluster

STDOUT:
 comppar: model =   6
 comppar: lambda,mobility/eps,betav,eta_0 =  4.6000E+00  1.0000E-01  9.0000E-01  1.0000E+00
 comppar: eta_s,eta_p,G =  9.0000E-01  1.0000E-01  2.1739E-02
 comppar: U_avg,deltat,flowrate,nsteps =  2.0000E-01  1.5000E-01  6.2832E-01     700
 comppar: geometry = axisymmetric
 comppar: steady stop change,gap,hold,min =  1.0000E-05  1.0000E-02      10      80
 comppar: ncompc,ncompg =     4     5
 mesh nnodes = 5765
 mesh nelem = 2780
 P1 BC   5.0000000000000000     
 P2 BC   0.0000000000000000     
     1  1.50000000E-01  1.00379478E+00  1.00000000E+00  1.00379478E+00
     2  3.00000000E-01  1.00750811E+00  1.00000000E+00  1.00750811E+00
     3  4.50000000E-01  1.01114314E+00  1.00000000E+00  1.01114314E+00
     4  6.00000000E-01  1.01469970E+00  1.00000000E+00  1.01469970E+00
     5  7.50000000E-01  1.01818021E+00  1.00000000E+00  1.01818021E+00
     6  9.00000000E-01  1.02158116E+00  1.00000000E+00  1.02158116E+00
     7  1.05000000E+00  1.02492103E+00  1.00000000E+00  1.02492103E+00
     8  1.20000000E+00  1.02818831E+00  1.00000000E+00  1.02818831E+00
     9  1.35000000E+00  1.03137835E+00  1.00000000E+00  1.03137835E+00
    10  1.50000000E+00  1.03449841E+00  1.00000000E+00  1.03449841E+00
    11  1.65000000E+00  1.03757352E+00  1.00000000E+00  1.03757352E+00
    12  1.80000000E+00  1.04056443E+00  1.00000000E+00  1.04056443E+00
    13  1.95000000E+00  1.04349988E+00  1.00000000E+00  1.04349988E+00
    14  2.10000000E+00  1.04638771E+00  9.99999999E-01  1.04638771E+00
    15  2.25000000E+00  1.04917587E+00  9.99999996E-01  1.04917587E+00
    16  2.40000000E+00  1.05196428E+00  9.99999991E-01  1.05196428E+00
    17  2.55000000E+00  1.05464485E+00  9.99999986E-01  1.05464485E+00
    18  2.70000000E+00  1.05731853E+00  9.99999979E-01  1.05731853E+00
    19  2.85000000E+00  1.05987674E+00  9.99999970E-01  1.05987674E+00
    20  3.00000000E+00  1.06245010E+00  9.99999959E-01  1.06245010E+00
    21  3.15000000E+00  1.06489798E+00  9.99999947E-01  1.06489798E+00
    22  3.30000000E+00  1.06737383E+00  9.99999932E-01  1.06737383E+00
    23  3.45000000E+00  1.06970731E+00  9.99999914E-01  1.06970731E+00
    24  3.60000000E+00  1.07208159E+00  9.99999893E-01  1.07208159E+00
    25  3.75000000E+00  1.07434461E+00  9.99999870E-01  1.07434461E+00
    26  3.90000000E+00  1.07658835E+00  9.99999842E-01  1.07658835E+00
    27  4.05000000E+00  1.07878328E+00  9.99999811E-01  1.07878328E+00
    28  4.20000000E+00  1.08085391E+00  9.99999775E-01  1.08085391E+00
    29  4.35000000E+00  1.08301217E+00  9.99999734E-01  1.08301217E+00
    30  4.50000000E+00  1.08502584E+00  9.99999689E-01  1.08502584E+00
    31  4.65000000E+00  1.08702907E+00  9.99999637E-01  1.08702907E+00
    32  4.80000000E+00  1.08900905E+00  9.99999579E-01  1.08900905E+00
    33  4.95000000E+00  1.09084332E+00  9.99999515E-01  1.09084332E+00
    34  5.10000000E+00  1.09274721E+00  9.99999443E-01  1.09274721E+00
    35  5.25000000E+00  1.09458504E+00  9.99999363E-01  1.09458504E+00
    36  5.40000000E+00  1.09627904E+00  9.99999275E-01  1.09627904E+00
    37  5.55000000E+00  1.09808169E+00  9.99999177E-01  1.09808169E+00
    38  5.70000000E+00  1.09977974E+00  9.99999069E-01  1.09977974E+00
    39  5.85000000E+00  1.10133721E+00  9.99998951E-01  1.10133721E+00
    40  6.00000000E+00  1.10300599E+00  9.99998820E-01  1.10300599E+00
    41  6.15000000E+00  1.10459973E+00  9.99998677E-01  1.10459973E+00
    42  6.30000000E+00  1.10605774E+00  9.99998521E-01  1.10605774E+00
    43  6.45000000E+00  1.10757540E+00  9.99998350E-01  1.10757540E+00
    44  6.60000000E+00  1.10906697E+00  9.99998164E-01  1.10906697E+00
    45  6.75000000E+00  1.11042828E+00  9.99997960E-01  1.11042828E+00
    46  6.90000000E+00  1.11178351E+00  9.99997739E-01  1.11178351E+00
    47  7.05000000E+00  1.11318232E+00  9.99997499E-01  1.11318232E+00
    48  7.20000000E+00  1.11445767E+00  9.99997239E-01  1.11445767E+00
    49  7.35000000E+00  1.11566612E+00  9.99996956E-01  1.11566612E+00
    50  7.50000000E+00  1.11697454E+00  9.99996651E-01  1.11697454E+00
    51  7.65000000E+00  1.11816687E+00  9.99996321E-01  1.11816687E+00
    52  7.80000000E+00  1.11925271E+00  9.99995964E-01  1.11925271E+00
    53  7.95000000E+00  1.12045932E+00  9.99995580E-01  1.12045932E+00
    54  8.10000000E+00  1.12157821E+00  9.99995165E-01  1.12157821E+00
    55  8.25000000E+00  1.12260004E+00  9.99994720E-01  1.12260004E+00
    56  8.40000000E+00  1.12365599E+00  9.99994240E-01  1.12365599E+00
    57  8.55000000E+00  1.12470524E+00  9.99993726E-01  1.12470524E+00
    58  8.70000000E+00  1.12566731E+00  9.99993174E-01  1.12566731E+00
    59  8.85000000E+00  1.12658567E+00  9.99992582E-01  1.12658567E+00
    60  9.00000000E+00  1.12757525E+00  9.99991948E-01  1.12757525E+00
    61  9.15000000E+00  1.12848744E+00  9.99991269E-01  1.12848744E+00
    62  9.30000000E+00  1.12933457E+00  9.99990544E-01  1.12933457E+00
    63  9.45000000E+00  1.13019358E+00  9.99989770E-01  1.13019358E+00
    64  9.60000000E+00  1.13106070E+00  9.99988944E-01  1.13106070E+00
    65  9.75000000E+00  1.13187275E+00  9.99988063E-01  1.13187275E+00
    66  9.90000000E+00  1.13264129E+00  9.99987125E-01  1.13264129E+00
    67  1.00500000E+01  1.13343459E+00  9.99986126E-01  1.13343459E+00
    68  1.02000000E+01  1.13421897E+00  9.99985065E-01  1.13421897E+00
    69  1.03500000E+01  1.13496766E+00  9.99983937E-01  1.13496766E+00
    70  1.05000000E+01  1.13568997E+00  9.99982740E-01  1.13568997E+00
    71  1.06500000E+01  1.13639351E+00  9.99981470E-01  1.13639351E+00
    72  1.08000000E+01  1.13709517E+00  9.99980125E-01  1.13709517E+00
    73  1.09500000E+01  1.13780900E+00  9.99978701E-01  1.13780900E+00
    74  1.11000000E+01  1.13850886E+00  9.99977195E-01  1.13850886E+00
    75  1.12500000E+01  1.13919896E+00  9.99975604E-01  1.13919896E+00
    76  1.14000000E+01  1.13988163E+00  9.99973924E-01  1.13988163E+00
    77  1.15500000E+01  1.14055750E+00  9.99972152E-01  1.14055750E+00
    78  1.17000000E+01  1.14122572E+00  9.99970285E-01  1.14122572E+00
    79  1.18500000E+01  1.14188435E+00  9.99968319E-01  1.14188435E+00
    80  1.20000000E+01  1.14253070E+00  9.99966252E-01  1.14253070E+00
    81  1.21500000E+01  1.14317566E+00  9.99964080E-01  1.14317566E+00
    82  1.23000000E+01  1.14382862E+00  9.99961800E-01  1.14382862E+00
    83  1.24500000E+01  1.14446720E+00  9.99959410E-01  1.14446720E+00
    84  1.26000000E+01  1.14508847E+00  9.99956907E-01  1.14508847E+00
    85  1.27500000E+01  1.14568984E+00  9.99954288E-01  1.14568984E+00
    86  1.29000000E+01  1.14626925E+00  9.99951552E-01  1.14626925E+00
    87  1.30500000E+01  1.14685771E+00  9.99948697E-01  1.14685771E+00
    88  1.32000000E+01  1.14744584E+00  9.99945721E-01  1.14744584E+00
    89  1.33500000E+01  1.14801049E+00  9.99942622E-01  1.14801049E+00
    90  1.35000000E+01  1.14855087E+00  9.99939402E-01  1.14855087E+00
    91  1.36500000E+01  1.14906685E+00  9.99936058E-01  1.14906685E+00
    92  1.38000000E+01  1.14959292E+00  9.99932593E-01  1.14959292E+00
    93  1.39500000E+01  1.15011777E+00  9.99929007E-01  1.15011777E+00
    94  1.41000000E+01  1.15061822E+00  9.99925302E-01  1.15061822E+00
    95  1.42500000E+01  1.15109489E+00  9.99921481E-01  1.15109489E+00
    96  1.44000000E+01  1.15154865E+00  9.99917547E-01  1.15154865E+00
    97  1.45500000E+01  1.15202954E+00  9.99913507E-01  1.15202954E+00
    98  1.47000000E+01  1.15249005E+00  9.99909365E-01  1.15249005E+00
    99  1.48500000E+01  1.15292830E+00  9.99905130E-01  1.15292830E+00
   100  1.50000000E+01  1.15334528E+00  9.99900809E-01  1.15334528E+00
   101  1.51500000E+01  1.15375459E+00  9.99896414E-01  1.15375459E+00
   102  1.53000000E+01  1.15417795E+00  9.99891956E-01  1.15417795E+00
   103  1.54500000E+01  1.15458049E+00  9.99887450E-01  1.15458049E+00
   104  1.56000000E+01  1.15496307E+00  9.99882911E-01  1.15496307E+00
   105  1.57500000E+01  1.15532645E+00  9.99878358E-01  1.15532645E+00
   106  1.59000000E+01  1.15569689E+00  9.99873812E-01  1.15569689E+00
   107  1.60500000E+01  1.15606566E+00  9.99869296E-01  1.15606566E+00
   108  1.62000000E+01  1.15641567E+00  9.99864838E-01  1.15641567E+00
   109  1.63500000E+01  1.15674748E+00  9.99860466E-01  1.15674748E+00
   110  1.65000000E+01  1.15706163E+00  9.99856214E-01  1.15706163E+00
   111  1.66500000E+01  1.15739690E+00  9.99852120E-01  1.15739690E+00
   112  1.68000000E+01  1.15771574E+00  9.99848224E-01  1.15771574E+00
   113  1.69500000E+01  1.15801730E+00  9.99844573E-01  1.15801730E+00
   114  1.71000000E+01  1.15830213E+00  9.99841217E-01  1.15830213E+00
   115  1.72500000E+01  1.15858597E+00  9.99838212E-01  1.15858597E+00
   116  1.74000000E+01  1.15887527E+00  9.99835620E-01  1.15887527E+00
   117  1.75500000E+01  1.15914822E+00  9.99833507E-01  1.15914822E+00
   118  1.77000000E+01  1.15940542E+00  9.99831948E-01  1.15940542E+00
   119  1.78500000E+01  1.15964754E+00  9.99831024E-01  1.15964754E+00
   120  1.80000000E+01  1.15990613E+00  9.99830823E-01  1.15990613E+00
   121  1.81500000E+01  1.16015218E+00  9.99831442E-01  1.16015218E+00
   122  1.83000000E+01  1.16038363E+00  9.99832987E-01  1.16038363E+00
   123  1.84500000E+01  1.16060116E+00  9.99835571E-01  1.16060116E+00
   124  1.86000000E+01  1.16081960E+00  9.99839320E-01  1.16081960E+00
   125  1.87500000E+01  1.16104064E+00  9.99844369E-01  1.16104064E+00
   126  1.89000000E+01  1.16124826E+00  9.99850864E-01  1.16124826E+00
   127  1.90500000E+01  1.16144316E+00  9.99858965E-01  1.16144316E+00
   128  1.92000000E+01  1.16162649E+00  9.99868843E-01  1.16162649E+00
   129  1.93500000E+01  1.16182457E+00  9.99880683E-01  1.16182457E+00
   130  1.95000000E+01  1.16201041E+00  9.99894688E-01  1.16201041E+00
   131  1.96500000E+01  1.16218466E+00  9.99911072E-01  1.16218466E+00
   132  1.98000000E+01  1.16234795E+00  9.99930068E-01  1.16234795E+00
   133  1.99500000E+01  1.16251418E+00  9.99951927E-01  1.16251418E+00
   134  2.01000000E+01  1.16268016E+00  9.99976918E-01  1.16268016E+00
   135  2.02500000E+01  1.16283564E+00  1.00000533E+00  1.16283564E+00
   136  2.04000000E+01  1.16298118E+00  1.00003748E+00  1.16298118E+00
   137  2.05500000E+01  1.16311946E+00  1.00007369E+00  1.16311946E+00
   138  2.07000000E+01  1.16326737E+00  1.00011432E+00  1.16326737E+00
   139  2.08500000E+01  1.16340576E+00  1.00015976E+00  1.16340576E+00
   140  2.10000000E+01  1.16353515E+00  1.00021041E+00  1.16353515E+00
   141  2.11500000E+01  1.16365603E+00  1.00026671E+00  1.16365603E+00
   142  2.13000000E+01  1.16378052E+00  1.00032913E+00  1.16378052E+00
   143  2.14500000E+01  1.16390347E+00  1.00039816E+00  1.16390347E+00
   144  2.16000000E+01  1.16401828E+00  1.00047434E+00  1.16401828E+00
   145  2.17500000E+01  1.16412542E+00  1.00055823E+00  1.16412542E+00
   146  2.19000000E+01  1.16422836E+00  1.00065043E+00  1.16422836E+00
   147  2.20500000E+01  1.16433731E+00  1.00075158E+00  1.16433731E+00
   148  2.22000000E+01  1.16443893E+00  1.00086236E+00  1.16443893E+00
   149  2.23500000E+01  1.16453364E+00  1.00098349E+00  1.16453364E+00
   150  2.25000000E+01  1.16462186E+00  1.00111573E+00  1.16462186E+00
   151  2.26500000E+01  1.16471365E+00  1.00125989E+00  1.16471365E+00
   152  2.28000000E+01  1.16480343E+00  1.00141684E+00  1.16480343E+00
   153  2.29500000E+01  1.16488702E+00  1.00158747E+00  1.16488702E+00
   154  2.31000000E+01  1.16496479E+00  1.00177274E+00  1.16496479E+00
   155  2.32500000E+01  1.16503951E+00  1.00197367E+00  1.16503951E+00
   156  2.34000000E+01  1.16511865E+00  1.00219130E+00  1.16511865E+00
   157  2.35500000E+01  1.16519224E+00  1.00242677E+00  1.16519224E+00
   158  2.37000000E+01  1.16526065E+00  1.00268125E+00  1.16526065E+00
   159  2.38500000E+01  1.16532421E+00  1.00295598E+00  1.16532421E+00
   160  2.40000000E+01  1.16539000E+00  1.00325226E+00  1.16539000E+00
   161  2.41500000E+01  1.16545471E+00  1.00357145E+00  1.16545471E+00
   162  2.43000000E+01  1.16551479E+00  1.00391496E+00  1.16551479E+00
   163  2.44500000E+01  1.16557056E+00  1.00428429E+00  1.16557056E+00
   164  2.46000000E+01  1.16562333E+00  1.00468099E+00  1.16562333E+00
   165  2.47500000E+01  1.16568009E+00  1.00510668E+00  1.16568009E+00
   166  2.49000000E+01  1.16573274E+00  1.00556304E+00  1.16573274E+00
   167  2.50500000E+01  1.16578154E+00  1.00605180E+00  1.16578154E+00
   168  2.52000000E+01  1.16582676E+00  1.00657479E+00  1.16582676E+00
   169  2.53500000E+01  1.16587257E+00  1.00713386E+00  1.16587257E+00
   170  2.55000000E+01  1.16591864E+00  1.00773095E+00  1.16591864E+00
   171  2.56500000E+01  1.16596130E+00  1.00836805E+00  1.16596130E+00
   172  2.58000000E+01  1.16600078E+00  1.00904718E+00  1.16600078E+00
   173  2.59500000E+01  1.16603729E+00  1.00977044E+00  1.16603729E+00
   174  2.61000000E+01  1.16607668E+00  1.01053996E+00  1.16607668E+00
   175  2.62500000E+01  1.16611387E+00  1.01135791E+00  1.16611387E+00
   176  2.64000000E+01  1.16614824E+00  1.01222648E+00  1.16614824E+00
   177  2.65500000E+01  1.16618000E+00  1.01314789E+00  1.16618000E+00
   178  2.67000000E+01  1.16621029E+00  1.01412437E+00  1.16621029E+00
   179  2.68500000E+01  1.16624266E+00  1.01515817E+00  1.16624266E+00
   180  2.70000000E+01  1.16627255E+00  1.01625149E+00  1.16627255E+00
   181  2.71500000E+01  1.16630013E+00  1.01740654E+00  1.16630013E+00
   182  2.73000000E+01  1.16632556E+00  1.01862548E+00  1.16632556E+00
   183  2.74500000E+01  1.16635087E+00  1.01991041E+00  1.16635087E+00
   184  2.76000000E+01  1.16637679E+00  1.02126337E+00  1.16637679E+00
   185  2.77500000E+01  1.16640067E+00  1.02268629E+00  1.16640067E+00
   186  2.79000000E+01  1.16642266E+00  1.02418100E+00  1.16642266E+00
   187  2.80500000E+01  1.16644290E+00  1.02574918E+00  1.16644290E+00
   188  2.82000000E+01  1.16646374E+00  1.02739238E+00  1.16646374E+00
   189  2.83500000E+01  1.16648439E+00  1.02911193E+00  1.16648439E+00
   190  2.85000000E+01  1.16650338E+00  1.03090897E+00  1.16650338E+00
   191  2.86500000E+01  1.16652083E+00  1.03278441E+00  1.16652083E+00
   192  2.88000000E+01  1.16653686E+00  1.03473889E+00  1.16653686E+00
   193  2.89500000E+01  1.16655394E+00  1.03677276E+00  1.16655394E+00
   194  2.91000000E+01  1.16657029E+00  1.03888605E+00  1.16657029E+00
   195  2.92500000E+01  1.16658530E+00  1.04107845E+00  1.16658530E+00
   196  2.94000000E+01  1.16659906E+00  1.04334928E+00  1.16659906E+00
   197  2.95500000E+01  1.16661167E+00  1.04569747E+00  1.16661167E+00
   198  2.97000000E+01  1.16662512E+00  1.04812152E+00  1.16662512E+00
   199  2.98500000E+01  1.16663800E+00  1.05061948E+00  1.16663800E+00
   200  3.00000000E+01  1.16664979E+00  1.05318897E+00  1.16664979E+00
   201  3.01500000E+01  1.16666058E+00  1.05582711E+00  1.16666058E+00
   202  3.03000000E+01  1.16667044E+00  1.05853052E+00  1.16667044E+00
   203  3.04500000E+01  1.16668065E+00  1.06129534E+00  1.16668065E+00
   204  3.06000000E+01  1.16669072E+00  1.06411719E+00  1.16669072E+00
   205  3.07500000E+01  1.16669991E+00  1.06699119E+00  1.16669991E+00
   206  3.09000000E+01  1.16670830E+00  1.06991197E+00  1.16670830E+00
   207  3.10500000E+01  1.16671595E+00  1.07287364E+00  1.16671595E+00
   208  3.12000000E+01  1.16672333E+00  1.07586989E+00  1.16672333E+00
   209  3.13500000E+01  1.16673116E+00  1.07889390E+00  1.16673116E+00
   210  3.15000000E+01  1.16673828E+00  1.08193847E+00  1.16673828E+00
   211  3.16500000E+01  1.16674477E+00  1.08499600E+00  1.16674477E+00
   212  3.18000000E+01  1.16675066E+00  1.08805855E+00  1.16675066E+00
   213  3.19500000E+01  1.16675601E+00  1.09111788E+00  1.16675601E+00
   214  3.21000000E+01  1.16676171E+00  1.09416550E+00  1.16676171E+00
   215  3.22500000E+01  1.16676718E+00  1.09719277E+00  1.16676718E+00
   216  3.24000000E+01  1.16677214E+00  1.10019088E+00  1.16677214E+00
   217  3.25500000E+01  1.16677664E+00  1.10315103E+00  1.16677664E+00
   218  3.27000000E+01  1.16678071E+00  1.10606440E+00  1.16678071E+00
   219  3.28500000E+01  1.16678438E+00  1.10892233E+00  1.16678438E+00
   220  3.30000000E+01  1.16678843E+00  1.11171630E+00  1.16678843E+00
   221  3.31500000E+01  1.16679219E+00  1.11443814E+00  1.16679219E+00
   222  3.33000000E+01  1.16679559E+00  1.11708003E+00  1.16679559E+00
   223  3.34500000E+01  1.16679866E+00  1.11963464E+00  1.16679866E+00
   224  3.36000000E+01  1.16680141E+00  1.12209522E+00  1.16680141E+00
   225  3.37500000E+01  1.16680389E+00  1.12445573E+00  1.16680389E+00
   226  3.39000000E+01  1.16680635E+00  1.12671093E+00  1.16680635E+00
   227  3.40500000E+01  1.16680888E+00  1.12885645E+00  1.16680888E+00
   228  3.42000000E+01  1.16681116E+00  1.13088895E+00  1.16681116E+00
   229  3.43500000E+01  1.16681320E+00  1.13280617E+00  1.16681320E+00
   230  3.45000000E+01  1.16681502E+00  1.13460704E+00  1.16681502E+00
   231  3.46500000E+01  1.16681664E+00  1.13629173E+00  1.16681664E+00
   232  3.48000000E+01  1.16681808E+00  1.13786170E+00  1.16681808E+00
   233  3.49500000E+01  1.16681936E+00  1.13931973E+00  1.16681936E+00
   234  3.51000000E+01  1.16682080E+00  1.14066987E+00  1.16682080E+00
   235  3.52500000E+01  1.16682211E+00  1.14191748E+00  1.16682211E+00
   236  3.54000000E+01  1.16682328E+00  1.14306905E+00  1.16682328E+00
   237  3.55500000E+01  1.16682431E+00  1.14413212E+00  1.16682431E+00
   238  3.57000000E+01  1.16682521E+00  1.14511510E+00  1.16682521E+00
   239  3.58500000E+01  1.16682600E+00  1.14602708E+00  1.16682600E+00
   240  3.60000000E+01  1.16682669E+00  1.14687754E+00  1.16682669E+00
   241  3.61500000E+01  1.16682729E+00  1.14767608E+00  1.16682729E+00
   242  3.63000000E+01  1.16682781E+00  1.14843217E+00  1.16682781E+00
   243  3.64500000E+01  1.16682825E+00  1.14915481E+00  1.16682825E+00
   244  3.66000000E+01  1.16682875E+00  1.14985222E+00  1.16682875E+00
   245  3.67500000E+01  1.16682920E+00  1.15053167E+00  1.16682920E+00
   246  3.69000000E+01  1.16682960E+00  1.15119917E+00  1.16682960E+00
   247  3.70500000E+01  1.16682993E+00  1.15185935E+00  1.16682993E+00
   248  3.72000000E+01  1.16683020E+00  1.15251537E+00  1.16683020E+00
   249  3.73500000E+01  1.16683043E+00  1.15316891E+00  1.16683043E+00
   250  3.75000000E+01  1.16683061E+00  1.15382022E+00  1.16683061E+00
   251  3.76500000E+01  1.16683076E+00  1.15446828E+00  1.16683076E+00
   252  3.78000000E+01  1.16683087E+00  1.15511097E+00  1.16683087E+00
   253  3.79500000E+01  1.16683095E+00  1.15574535E+00  1.16683095E+00
   254  3.81000000E+01  1.16683101E+00  1.15636798E+00  1.16683101E+00
   255  3.82500000E+01  1.16683104E+00  1.15697515E+00  1.16683104E+00
   256  3.84000000E+01  1.16683105E+00  1.15756322E+00  1.16683105E+00
   257  3.85500000E+01  1.16683105E+00  1.15812891E+00  1.16683105E+00
   258  3.87000000E+01  1.16683103E+00  1.15866944E+00  1.16683103E+00
   259  3.88500000E+01  1.16683100E+00  1.15918276E+00  1.16683100E+00
   260  3.90000000E+01  1.16683095E+00  1.15966758E+00  1.16683095E+00
   261  3.91500000E+01  1.16683090E+00  1.16012346E+00  1.16683090E+00
   262  3.93000000E+01  1.16683084E+00  1.16055068E+00  1.16683084E+00
   263  3.94500000E+01  1.16683078E+00  1.16095021E+00  1.16683078E+00
   264  3.96000000E+01  1.16683071E+00  1.16132353E+00  1.16683071E+00
   265  3.97500000E+01  1.16683063E+00  1.16167250E+00  1.16683063E+00
   266  3.99000000E+01  1.16683055E+00  1.16199914E+00  1.16683055E+00
   267  4.00500000E+01  1.16683047E+00  1.16230553E+00  1.16683047E+00
   268  4.02000000E+01  1.16683039E+00  1.16259363E+00  1.16683039E+00
   269  4.03500000E+01  1.16683031E+00  1.16286519E+00  1.16683031E+00
   270  4.05000000E+01  1.16683022E+00  1.16312169E+00  1.16683022E+00
   271  4.06500000E+01  1.16683014E+00  1.16336430E+00  1.16683014E+00
   272  4.08000000E+01  1.16683006E+00  1.16359391E+00  1.16683006E+00
   273  4.09500000E+01  1.16682998E+00  1.16381114E+00  1.16682998E+00
   274  4.11000000E+01  1.16682990E+00  1.16401641E+00  1.16682990E+00
   275  4.12500000E+01  1.16682982E+00  1.16421004E+00  1.16682982E+00
   276  4.14000000E+01  1.16682974E+00  1.16439224E+00  1.16682974E+00
   277  4.15500000E+01  1.16682967E+00  1.16456324E+00  1.16682967E+00
   278  4.17000000E+01  1.16682960E+00  1.16472331E+00  1.16682960E+00
   279  4.18500000E+01  1.16682952E+00  1.16487278E+00  1.16682952E+00
   280  4.20000000E+01  1.16682946E+00  1.16501207E+00  1.16682946E+00
   281  4.21500000E+01  1.16682939E+00  1.16514168E+00  1.16682939E+00
   282  4.23000000E+01  1.16682933E+00  1.16526216E+00  1.16682933E+00
   283  4.24500000E+01  1.16682927E+00  1.16537412E+00  1.16682927E+00
   284  4.26000000E+01  1.16682921E+00  1.16547817E+00  1.16682921E+00
   285  4.27500000E+01  1.16682915E+00  1.16557490E+00  1.16682915E+00
   286  4.29000000E+01  1.16682910E+00  1.16566489E+00  1.16682910E+00
   287  4.30500000E+01  1.16682904E+00  1.16574864E+00  1.16682904E+00
   288  4.32000000E+01  1.16682900E+00  1.16582662E+00  1.16682900E+00
   289  4.33500000E+01  1.16682895E+00  1.16589924E+00  1.16682895E+00
   290  4.35000000E+01  1.16682890E+00  1.16596685E+00  1.16682890E+00
   291  4.36500000E+01  1.16682886E+00  1.16602975E+00  1.16682886E+00
   292  4.38000000E+01  1.16682882E+00  1.16608822E+00  1.16682882E+00
   293  4.39500000E+01  1.16682878E+00  1.16614251E+00  1.16682878E+00
   294  4.41000000E+01  1.16682874E+00  1.16619286E+00  1.16682874E+00
   295  4.42500000E+01  1.16682871E+00  1.16623950E+00  1.16682871E+00
   296  4.44000000E+01  1.16682867E+00  1.16628264E+00  1.16682867E+00
   297  4.45500000E+01  1.16682864E+00  1.16632252E+00  1.16682864E+00
   298  4.47000000E+01  1.16682861E+00  1.16635934E+00  1.16682861E+00
   299  4.48500000E+01  1.16682859E+00  1.16639332E+00  1.16682859E+00
   300  4.50000000E+01  1.16682856E+00  1.16642466E+00  1.16682856E+00
   301  4.51500000E+01  1.16682853E+00  1.16645356E+00  1.16682853E+00
   302  4.53000000E+01  1.16682851E+00  1.16648020E+00  1.16682851E+00
   303  4.54500000E+01  1.16682849E+00  1.16650475E+00  1.16682849E+00
   304  4.56000000E+01  1.16682846E+00  1.16652736E+00  1.16682846E+00
   305  4.57500000E+01  1.16682844E+00  1.16654817E+00  1.16682844E+00
   306  4.59000000E+01  1.16682843E+00  1.16656732E+00  1.16682843E+00
   307  4.60500000E+01  1.16682841E+00  1.16658492E+00  1.16682841E+00
   308  4.62000000E+01  1.16682839E+00  1.16660108E+00  1.16682839E+00
   309  4.63500000E+01  1.16682837E+00  1.16661591E+00  1.16682837E+00
   310  4.65000000E+01  1.16682836E+00  1.16662951E+00  1.16682836E+00
   311  4.66500000E+01  1.16682835E+00  1.16664195E+00  1.16682835E+00
   312  4.68000000E+01  1.16682833E+00  1.16665334E+00  1.16682833E+00
   313  4.69500000E+01  1.16682832E+00  1.16666374E+00  1.16682832E+00
   314  4.71000000E+01  1.16682831E+00  1.16667324E+00  1.16682831E+00
   315  4.72500000E+01  1.16682830E+00  1.16668190E+00  1.16682830E+00
   316  4.74000000E+01  1.16682829E+00  1.16668980E+00  1.16682829E+00
   317  4.75500000E+01  1.16682828E+00  1.16669699E+00  1.16682828E+00
   318  4.77000000E+01  1.16682827E+00  1.16670353E+00  1.16682827E+00
   319  4.78500000E+01  1.16682826E+00  1.16670947E+00  1.16682826E+00
   320  4.80000000E+01  1.16682825E+00  1.16671486E+00  1.16682825E+00
   321  4.81500000E+01  1.16682824E+00  1.16671975E+00  1.16682824E+00
   322  4.83000000E+01  1.16682824E+00  1.16672417E+00  1.16682824E+00
   323  4.84500000E+01  1.16682823E+00  1.16672817E+00  1.16682823E+00
 steady-height stop at step    323: changes <=   1.0000E-05, max-end <=   1.0000E-02, max/end/gap/profile_change =   1.16682823E+00  1.16672817E+00  1.00055872E-04  4.00089147E-06


STDERR:
