COMMAND:
/shared/generate_rom_data/extrudate_swell2d_c_cluster

STDOUT:
 comppar: model =   6
 comppar: lambda,mobility/eps,betav,eta_0 =  2.8000E+00  5.0000E-01  9.0000E-01  1.0000E+00
 comppar: eta_s,eta_p,G =  9.0000E-01  1.0000E-01  3.5714E-02
 comppar: U_avg,deltat,flowrate,nsteps =  2.0000E-01  1.5000E-01  6.2832E-01     700
 comppar: geometry = axisymmetric
 comppar: steady stop change,gap,hold,min =  1.0000E-05  1.0000E-02      10      80
 comppar: ncompc,ncompg =     4     5
 mesh nnodes = 5765
 mesh nelem = 2780
 P1 BC   5.0000000000000000     
 P2 BC   0.0000000000000000     
     1  1.50000000E-01  1.00379478E+00  1.00000000E+00  1.00379478E+00
     2  3.00000000E-01  1.00750771E+00  1.00000000E+00  1.00750771E+00
     3  4.50000000E-01  1.01114153E+00  1.00000000E+00  1.01114153E+00
     4  6.00000000E-01  1.01469617E+00  1.00000000E+00  1.01469617E+00
     5  7.50000000E-01  1.01817381E+00  1.00000000E+00  1.01817381E+00
     6  9.00000000E-01  1.02157028E+00  1.00000000E+00  1.02157028E+00
     7  1.05000000E+00  1.02490491E+00  1.00000000E+00  1.02490491E+00
     8  1.20000000E+00  1.02816565E+00  1.00000000E+00  1.02816565E+00
     9  1.35000000E+00  1.03134776E+00  1.00000000E+00  1.03134776E+00
    10  1.50000000E+00  1.03445750E+00  1.00000000E+00  1.03445750E+00
    11  1.65000000E+00  1.03752146E+00  1.00000000E+00  1.03752146E+00
    12  1.80000000E+00  1.04049944E+00  1.00000000E+00  1.04049944E+00
    13  1.95000000E+00  1.04341947E+00  1.00000000E+00  1.04341947E+00
    14  2.10000000E+00  1.04629016E+00  9.99999999E-01  1.04629016E+00
    15  2.25000000E+00  1.04905875E+00  9.99999996E-01  1.04905875E+00
    16  2.40000000E+00  1.05182503E+00  9.99999992E-01  1.05182503E+00
    17  2.55000000E+00  1.05448040E+00  9.99999986E-01  1.05448040E+00
    18  2.70000000E+00  1.05712571E+00  9.99999979E-01  1.05712571E+00
    19  2.85000000E+00  1.05965194E+00  9.99999971E-01  1.05965194E+00
    20  3.00000000E+00  1.06218898E+00  9.99999960E-01  1.06218898E+00
    21  3.15000000E+00  1.06459816E+00  9.99999948E-01  1.06459816E+00
    22  3.30000000E+00  1.06702792E+00  9.99999933E-01  1.06702792E+00
    23  3.45000000E+00  1.06930824E+00  9.99999916E-01  1.06930824E+00
    24  3.60000000E+00  1.07163272E+00  9.99999895E-01  1.07163272E+00
    25  3.75000000E+00  1.07382924E+00  9.99999872E-01  1.07382924E+00
    26  3.90000000E+00  1.07601621E+00  9.99999845E-01  1.07601621E+00
    27  4.05000000E+00  1.07812921E+00  9.99999814E-01  1.07812921E+00
    28  4.20000000E+00  1.08014069E+00  9.99999778E-01  1.08014069E+00
    29  4.35000000E+00  1.08220069E+00  9.99999738E-01  1.08220069E+00
    30  4.50000000E+00  1.08410167E+00  9.99999692E-01  1.08410167E+00
    31  4.65000000E+00  1.08604051E+00  9.99999641E-01  1.08604051E+00
    32  4.80000000E+00  1.08788825E+00  9.99999583E-01  1.08788825E+00
    33  4.95000000E+00  1.08959378E+00  9.99999518E-01  1.08959378E+00
    34  5.10000000E+00  1.09142385E+00  9.99999446E-01  1.09142385E+00
    35  5.25000000E+00  1.09309152E+00  9.99999366E-01  1.09309152E+00
    36  5.40000000E+00  1.09470674E+00  9.99999277E-01  1.09470674E+00
    37  5.55000000E+00  1.09635646E+00  9.99999178E-01  1.09635646E+00
    38  5.70000000E+00  1.09784215E+00  9.99999069E-01  1.09784215E+00
    39  5.85000000E+00  1.09932838E+00  9.99998948E-01  1.09932838E+00
    40  6.00000000E+00  1.10083010E+00  9.99998816E-01  1.10083010E+00
    41  6.15000000E+00  1.10216899E+00  9.99998670E-01  1.10216899E+00
    42  6.30000000E+00  1.10353817E+00  9.99998509E-01  1.10353817E+00
    43  6.45000000E+00  1.10489103E+00  9.99998334E-01  1.10489103E+00
    44  6.60000000E+00  1.10608366E+00  9.99998142E-01  1.10608366E+00
    45  6.75000000E+00  1.10732871E+00  9.99997932E-01  1.10732871E+00
    46  6.90000000E+00  1.10854020E+00  9.99997704E-01  1.10854020E+00
    47  7.05000000E+00  1.10959657E+00  9.99997454E-01  1.10959657E+00
    48  7.20000000E+00  1.11074364E+00  9.99997183E-01  1.11074364E+00
    49  7.35000000E+00  1.11181534E+00  9.99996889E-01  1.11181534E+00
    50  7.50000000E+00  1.11273862E+00  9.99996569E-01  1.11273862E+00
    51  7.65000000E+00  1.11379139E+00  9.99996223E-01  1.11379139E+00
    52  7.80000000E+00  1.11473237E+00  9.99995848E-01  1.11473237E+00
    53  7.95000000E+00  1.11554860E+00  9.99995442E-01  1.11554860E+00
    54  8.10000000E+00  1.11650358E+00  9.99995004E-01  1.11650358E+00
    55  8.25000000E+00  1.11731827E+00  9.99994531E-01  1.11731827E+00
    56  8.40000000E+00  1.11806966E+00  9.99994021E-01  1.11806966E+00
    57  8.55000000E+00  1.11890080E+00  9.99993473E-01  1.11890080E+00
    58  8.70000000E+00  1.11960217E+00  9.99992882E-01  1.11960217E+00
    59  8.85000000E+00  1.12029311E+00  9.99992248E-01  1.12029311E+00
    60  9.00000000E+00  1.12100613E+00  9.99991567E-01  1.12100613E+00
    61  9.15000000E+00  1.12160135E+00  9.99990837E-01  1.12160135E+00
    62  9.30000000E+00  1.12224721E+00  9.99990054E-01  1.12224721E+00
    63  9.45000000E+00  1.12285618E+00  9.99989216E-01  1.12285618E+00
    64  9.60000000E+00  1.12336042E+00  9.99988320E-01  1.12336042E+00
    65  9.75000000E+00  1.12394525E+00  9.99987363E-01  1.12394525E+00
    66  9.90000000E+00  1.12445830E+00  9.99986341E-01  1.12445830E+00
    67  1.00500000E+01  1.12490313E+00  9.99985251E-01  1.12490313E+00
    68  1.02000000E+01  1.12542839E+00  9.99984090E-01  1.12542839E+00
    69  1.03500000E+01  1.12586085E+00  9.99982855E-01  1.12586085E+00
    70  1.05000000E+01  1.12625913E+00  9.99981541E-01  1.12625913E+00
    71  1.06500000E+01  1.12669917E+00  9.99980146E-01  1.12669917E+00
    72  1.08000000E+01  1.12706077E+00  9.99978665E-01  1.12706077E+00
    73  1.09500000E+01  1.12743857E+00  9.99977095E-01  1.12743857E+00
    74  1.11000000E+01  1.12780842E+00  9.99975432E-01  1.12780842E+00
    75  1.12500000E+01  1.12811333E+00  9.99973674E-01  1.12811333E+00
    76  1.14000000E+01  1.12843719E+00  9.99971815E-01  1.12843719E+00
    77  1.15500000E+01  1.12874690E+00  9.99969852E-01  1.12874690E+00
    78  1.17000000E+01  1.12900535E+00  9.99967783E-01  1.12900535E+00
    79  1.18500000E+01  1.12930807E+00  9.99965603E-01  1.12930807E+00
    80  1.20000000E+01  1.12957061E+00  9.99963310E-01  1.12957061E+00
    81  1.21500000E+01  1.12979356E+00  9.99960900E-01  1.12979356E+00
    82  1.23000000E+01  1.13003627E+00  9.99958370E-01  1.13003627E+00
    83  1.24500000E+01  1.13026171E+00  9.99955719E-01  1.13026171E+00
    84  1.26000000E+01  1.13045880E+00  9.99952943E-01  1.13045880E+00
    85  1.27500000E+01  1.13067731E+00  9.99950041E-01  1.13067731E+00
    86  1.29000000E+01  1.13087485E+00  9.99947013E-01  1.13087485E+00
    87  1.30500000E+01  1.13105262E+00  9.99943855E-01  1.13105262E+00
    88  1.32000000E+01  1.13121873E+00  9.99940570E-01  1.13121873E+00
    89  1.33500000E+01  1.13138907E+00  9.99937157E-01  1.13138907E+00
    90  1.35000000E+01  1.13155563E+00  9.99933617E-01  1.13155563E+00
    91  1.36500000E+01  1.13171585E+00  9.99929952E-01  1.13171585E+00
    92  1.38000000E+01  1.13187298E+00  9.99926167E-01  1.13187298E+00
    93  1.39500000E+01  1.13202802E+00  9.99922264E-01  1.13202802E+00
    94  1.41000000E+01  1.13218020E+00  9.99918250E-01  1.13218020E+00
    95  1.42500000E+01  1.13232756E+00  9.99914132E-01  1.13232756E+00
    96  1.44000000E+01  1.13246756E+00  9.99909917E-01  1.13246756E+00
    97  1.45500000E+01  1.13261116E+00  9.99905618E-01  1.13261116E+00
    98  1.47000000E+01  1.13275092E+00  9.99901244E-01  1.13275092E+00
    99  1.48500000E+01  1.13288178E+00  9.99896812E-01  1.13288178E+00
   100  1.50000000E+01  1.13300149E+00  9.99892337E-01  1.13300149E+00
   101  1.51500000E+01  1.13312082E+00  9.99887839E-01  1.13312082E+00
   102  1.53000000E+01  1.13324231E+00  9.99883339E-01  1.13324231E+00
   103  1.54500000E+01  1.13335108E+00  9.99878863E-01  1.13335108E+00
   104  1.56000000E+01  1.13344628E+00  9.99874439E-01  1.13344628E+00
   105  1.57500000E+01  1.13354738E+00  9.99870100E-01  1.13354738E+00
   106  1.59000000E+01  1.13364498E+00  9.99865881E-01  1.13364498E+00
   107  1.60500000E+01  1.13372919E+00  9.99861824E-01  1.13372919E+00
   108  1.62000000E+01  1.13380979E+00  9.99857973E-01  1.13380979E+00
   109  1.63500000E+01  1.13389554E+00  9.99854380E-01  1.13389554E+00
   110  1.65000000E+01  1.13396826E+00  9.99851102E-01  1.13396826E+00
   111  1.66500000E+01  1.13402918E+00  9.99848199E-01  1.13402918E+00
   112  1.68000000E+01  1.13410266E+00  9.99845743E-01  1.13410266E+00
   113  1.69500000E+01  1.13416575E+00  9.99843808E-01  1.13416575E+00
   114  1.71000000E+01  1.13421828E+00  9.99842480E-01  1.13421828E+00
   115  1.72500000E+01  1.13427509E+00  9.99841851E-01  1.13427509E+00
   116  1.74000000E+01  1.13432847E+00  9.99842022E-01  1.13432847E+00
   117  1.75500000E+01  1.13437283E+00  9.99843105E-01  1.13437283E+00
   118  1.77000000E+01  1.13441583E+00  9.99845222E-01  1.13441583E+00
   119  1.78500000E+01  1.13446164E+00  9.99848505E-01  1.13446164E+00
   120  1.80000000E+01  1.13449980E+00  9.99853102E-01  1.13449980E+00
   121  1.81500000E+01  1.13453209E+00  9.99859169E-01  1.13453209E+00
   122  1.83000000E+01  1.13456781E+00  9.99866879E-01  1.13456781E+00
   123  1.84500000E+01  1.13460040E+00  9.99876420E-01  1.13460040E+00
   124  1.86000000E+01  1.13462855E+00  9.99887996E-01  1.13462855E+00
   125  1.87500000E+01  1.13465388E+00  9.99901827E-01  1.13465388E+00
   126  1.89000000E+01  1.13468225E+00  9.99918151E-01  1.13468225E+00
   127  1.90500000E+01  1.13470710E+00  9.99937228E-01  1.13470710E+00
   128  1.92000000E+01  1.13472943E+00  9.99959336E-01  1.13472943E+00
   129  1.93500000E+01  1.13474986E+00  9.99984777E-01  1.13474986E+00
   130  1.95000000E+01  1.13476870E+00  1.00001388E+00  1.13476870E+00
   131  1.96500000E+01  1.13478782E+00  1.00004699E+00  1.13478782E+00
   132  1.98000000E+01  1.13480685E+00  1.00008448E+00  1.13480685E+00
   133  1.99500000E+01  1.13482443E+00  1.00012676E+00  1.13482443E+00
   134  2.01000000E+01  1.13484050E+00  1.00017427E+00  1.13484050E+00
   135  2.02500000E+01  1.13485499E+00  1.00022748E+00  1.13485499E+00
   136  2.04000000E+01  1.13486785E+00  1.00028688E+00  1.13486785E+00
   137  2.05500000E+01  1.13488181E+00  1.00035301E+00  1.13488181E+00
   138  2.07000000E+01  1.13489482E+00  1.00042645E+00  1.13489482E+00
   139  2.08500000E+01  1.13490627E+00  1.00050781E+00  1.13490627E+00
   140  2.10000000E+01  1.13491619E+00  1.00059775E+00  1.13491619E+00
   141  2.11500000E+01  1.13492470E+00  1.00069696E+00  1.13492470E+00
   142  2.13000000E+01  1.13493404E+00  1.00080619E+00  1.13493404E+00
   143  2.14500000E+01  1.13494270E+00  1.00092624E+00  1.13494270E+00
   144  2.16000000E+01  1.13495007E+00  1.00105795E+00  1.13495007E+00
   145  2.17500000E+01  1.13495633E+00  1.00120222E+00  1.13495633E+00
   146  2.19000000E+01  1.13496169E+00  1.00136001E+00  1.13496169E+00
   147  2.20500000E+01  1.13496651E+00  1.00153231E+00  1.13496651E+00
   148  2.22000000E+01  1.13497198E+00  1.00172021E+00  1.13497198E+00
   149  2.23500000E+01  1.13497668E+00  1.00192484E+00  1.13497668E+00
   150  2.25000000E+01  1.13498076E+00  1.00214738E+00  1.13498076E+00
   151  2.26500000E+01  1.13498433E+00  1.00238911E+00  1.13498433E+00
   152  2.28000000E+01  1.13498750E+00  1.00265136E+00  1.13498750E+00
   153  2.29500000E+01  1.13499032E+00  1.00293552E+00  1.13499032E+00
   154  2.31000000E+01  1.13499282E+00  1.00324307E+00  1.13499282E+00
   155  2.32500000E+01  1.13499503E+00  1.00357556E+00  1.13499503E+00
   156  2.34000000E+01  1.13499696E+00  1.00393460E+00  1.13499696E+00
   157  2.35500000E+01  1.13499904E+00  1.00432190E+00  1.13499904E+00
   158  2.37000000E+01  1.13500101E+00  1.00473921E+00  1.13500101E+00
   159  2.38500000E+01  1.13500272E+00  1.00518840E+00  1.13500272E+00
   160  2.40000000E+01  1.13500419E+00  1.00567137E+00  1.13500419E+00
   161  2.41500000E+01  1.13500544E+00  1.00619012E+00  1.13500544E+00
   162  2.43000000E+01  1.13500650E+00  1.00674672E+00  1.13500650E+00
   163  2.44500000E+01  1.13500740E+00  1.00734331E+00  1.13500740E+00
   164  2.46000000E+01  1.13500815E+00  1.00798207E+00  1.13500815E+00
   165  2.47500000E+01  1.13500879E+00  1.00866529E+00  1.13500879E+00
   166  2.49000000E+01  1.13500933E+00  1.00939526E+00  1.13500933E+00
   167  2.50500000E+01  1.13500978E+00  1.01017437E+00  1.13500978E+00
   168  2.52000000E+01  1.13501016E+00  1.01100502E+00  1.13501016E+00
   169  2.53500000E+01  1.13501048E+00  1.01188965E+00  1.13501048E+00
   170  2.55000000E+01  1.13501075E+00  1.01283073E+00  1.13501075E+00
   171  2.56500000E+01  1.13501096E+00  1.01383072E+00  1.13501096E+00
   172  2.58000000E+01  1.13501113E+00  1.01489209E+00  1.13501113E+00
   173  2.59500000E+01  1.13501127E+00  1.01601730E+00  1.13501127E+00
   174  2.61000000E+01  1.13501137E+00  1.01720876E+00  1.13501137E+00
   175  2.62500000E+01  1.13501145E+00  1.01846881E+00  1.13501145E+00
   176  2.64000000E+01  1.13501150E+00  1.01979973E+00  1.13501150E+00
   177  2.65500000E+01  1.13501153E+00  1.02120370E+00  1.13501153E+00
   178  2.67000000E+01  1.13501155E+00  1.02268277E+00  1.13501155E+00
   179  2.68500000E+01  1.13501156E+00  1.02423882E+00  1.13501156E+00
   180  2.70000000E+01  1.13501156E+00  1.02587356E+00  1.13501156E+00
   181  2.71500000E+01  1.13501154E+00  1.02758850E+00  1.13501154E+00
   182  2.73000000E+01  1.13501152E+00  1.02938489E+00  1.13501152E+00
   183  2.74500000E+01  1.13501150E+00  1.03126369E+00  1.13501150E+00
   184  2.76000000E+01  1.13501147E+00  1.03322557E+00  1.13501147E+00
   185  2.77500000E+01  1.13501144E+00  1.03527084E+00  1.13501144E+00
   186  2.79000000E+01  1.13501141E+00  1.03739944E+00  1.13501141E+00
   187  2.80500000E+01  1.13501137E+00  1.03961087E+00  1.13501137E+00
   188  2.82000000E+01  1.13501134E+00  1.04190421E+00  1.13501134E+00
   189  2.83500000E+01  1.13501130E+00  1.04427803E+00  1.13501130E+00
   190  2.85000000E+01  1.13501126E+00  1.04673039E+00  1.13501126E+00
   191  2.86500000E+01  1.13501123E+00  1.04925882E+00  1.13501123E+00
   192  2.88000000E+01  1.13501120E+00  1.05186027E+00  1.13501120E+00
   193  2.89500000E+01  1.13501116E+00  1.05453109E+00  1.13501116E+00
   194  2.91000000E+01  1.13501113E+00  1.05726703E+00  1.13501113E+00
   195  2.92500000E+01  1.13501110E+00  1.06006322E+00  1.13501110E+00
   196  2.94000000E+01  1.13501107E+00  1.06291414E+00  1.13501107E+00
   197  2.95500000E+01  1.13501104E+00  1.06581367E+00  1.13501104E+00
   198  2.97000000E+01  1.13501102E+00  1.06875504E+00  1.13501102E+00
   199  2.98500000E+01  1.13501099E+00  1.07173087E+00  1.13501099E+00
   200  3.00000000E+01  1.13501097E+00  1.07473320E+00  1.13501097E+00
   201  3.01500000E+01  1.13501095E+00  1.07775349E+00  1.13501095E+00
   202  3.03000000E+01  1.13501093E+00  1.08078270E+00  1.13501093E+00
   203  3.04500000E+01  1.13501091E+00  1.08381128E+00  1.13501091E+00
   204  3.06000000E+01  1.13501089E+00  1.08682928E+00  1.13501089E+00
   205  3.07500000E+01  1.13501087E+00  1.08982640E+00  1.13501087E+00
   206  3.09000000E+01  1.13501086E+00  1.09279201E+00  1.13501086E+00
   207  3.10500000E+01  1.13501084E+00  1.09571531E+00  1.13501084E+00
   208  3.12000000E+01  1.13501083E+00  1.09858537E+00  1.13501083E+00
   209  3.13500000E+01  1.13501082E+00  1.10139125E+00  1.13501082E+00
   210  3.15000000E+01  1.13501081E+00  1.10412211E+00  1.13501081E+00
   211  3.16500000E+01  1.13501079E+00  1.10676730E+00  1.13501079E+00
   212  3.18000000E+01  1.13501078E+00  1.10931652E+00  1.13501078E+00
   213  3.19500000E+01  1.13501078E+00  1.11175994E+00  1.13501078E+00
   214  3.21000000E+01  1.13501077E+00  1.11408835E+00  1.13501077E+00
   215  3.22500000E+01  1.13501076E+00  1.11629330E+00  1.13501076E+00
   216  3.24000000E+01  1.13501075E+00  1.11836726E+00  1.13501075E+00
   217  3.25500000E+01  1.13501075E+00  1.12030376E+00  1.13501075E+00
   218  3.27000000E+01  1.13501074E+00  1.12209760E+00  1.13501074E+00
   219  3.28500000E+01  1.13501074E+00  1.12374493E+00  1.13501074E+00
   220  3.30000000E+01  1.13501073E+00  1.12524343E+00  1.13501073E+00
   221  3.31500000E+01  1.13501073E+00  1.12659245E+00  1.13501073E+00
   222  3.33000000E+01  1.13501072E+00  1.12779306E+00  1.13501072E+00
   223  3.34500000E+01  1.13501072E+00  1.12884815E+00  1.13501072E+00
   224  3.36000000E+01  1.13501072E+00  1.12976245E+00  1.13501072E+00
   225  3.37500000E+01  1.13501071E+00  1.13054251E+00  1.13501071E+00
   226  3.39000000E+01  1.13501071E+00  1.13119660E+00  1.13501071E+00
   227  3.40500000E+01  1.13501071E+00  1.13173457E+00  1.13501071E+00
   228  3.42000000E+01  1.13501070E+00  1.13216765E+00  1.13501070E+00
   229  3.43500000E+01  1.13501070E+00  1.13250818E+00  1.13501070E+00
   230  3.45000000E+01  1.13501070E+00  1.13276924E+00  1.13501070E+00
   231  3.46500000E+01  1.13501070E+00  1.13296435E+00  1.13501070E+00
   232  3.48000000E+01  1.13501070E+00  1.13310695E+00  1.13501070E+00
   233  3.49500000E+01  1.13501070E+00  1.13321006E+00  1.13501070E+00
   234  3.51000000E+01  1.13501069E+00  1.13328581E+00  1.13501069E+00
   235  3.52500000E+01  1.13501069E+00  1.13334508E+00  1.13501069E+00
   236  3.54000000E+01  1.13501069E+00  1.13339716E+00  1.13501069E+00
   237  3.55500000E+01  1.13501069E+00  1.13344950E+00  1.13501069E+00
   238  3.57000000E+01  1.13501069E+00  1.13350756E+00  1.13501069E+00
   239  3.58500000E+01  1.13501069E+00  1.13357478E+00  1.13501069E+00
   240  3.60000000E+01  1.13501069E+00  1.13365266E+00  1.13501069E+00
   241  3.61500000E+01  1.13501069E+00  1.13374094E+00  1.13501069E+00
   242  3.63000000E+01  1.13501069E+00  1.13383791E+00  1.13501069E+00
   243  3.64500000E+01  1.13501069E+00  1.13394074E+00  1.13501069E+00
   244  3.66000000E+01  1.13501069E+00  1.13404591E+00  1.13501069E+00
   245  3.67500000E+01  1.13501069E+00  1.13414962E+00  1.13501069E+00
   246  3.69000000E+01  1.13501069E+00  1.13424817E+00  1.13501069E+00
   247  3.70500000E+01  1.13501069E+00  1.13433836E+00  1.13501069E+00
   248  3.72000000E+01  1.13501069E+00  1.13441767E+00  1.13501069E+00
   249  3.73500000E+01  1.13501068E+00  1.13448453E+00  1.13501068E+00
   250  3.75000000E+01  1.13501068E+00  1.13453829E+00  1.13501068E+00
   251  3.76500000E+01  1.13501068E+00  1.13457925E+00  1.13501068E+00
   252  3.78000000E+01  1.13501068E+00  1.13460851E+00  1.13501068E+00
   253  3.79500000E+01  1.13501068E+00  1.13462779E+00  1.13501068E+00
   254  3.81000000E+01  1.13501068E+00  1.13463921E+00  1.13501068E+00
   255  3.82500000E+01  1.13501068E+00  1.13464503E+00  1.13501068E+00
   256  3.84000000E+01  1.13501068E+00  1.13464742E+00  1.13501068E+00
   257  3.85500000E+01  1.13501068E+00  1.13464832E+00  1.13501068E+00
   258  3.87000000E+01  1.13501068E+00  1.13464924E+00  1.13501068E+00
   259  3.88500000E+01  1.13501068E+00  1.13465124E+00  1.13501068E+00
   260  3.90000000E+01  1.13501068E+00  1.13465488E+00  1.13501068E+00
   261  3.91500000E+01  1.13501068E+00  1.13466030E+00  1.13501068E+00
   262  3.93000000E+01  1.13501068E+00  1.13466726E+00  1.13501068E+00
   263  3.94500000E+01  1.13501068E+00  1.13467530E+00  1.13501068E+00
   264  3.96000000E+01  1.13501068E+00  1.13468382E+00  1.13501068E+00
 steady-height stop at step    264: changes <=   1.0000E-05, max-end <=   1.0000E-02, max/end/gap/profile_change =   1.13501068E+00  1.13468382E+00  3.26858452E-04  8.52728568E-06


STDERR:
