COMMAND:
/shared/generate_rom_data/extrudate_swell2d_c_cluster

STDOUT:
 comppar: model =   6
 comppar: lambda,mobility/eps,betav,eta_0 =  1.0000E+01  1.0000E-01  7.0000E-01  1.0000E+00
 comppar: eta_s,eta_p,G =  7.0000E-01  3.0000E-01  3.0000E-02
 comppar: U_avg,deltat,flowrate,nsteps =  2.0000E-01  1.5000E-01  6.2832E-01     700
 comppar: geometry = axisymmetric
 comppar: steady stop change,gap,hold,min =  1.0000E-05  1.0000E-02      10      80
 comppar: ncompc,ncompg =     4     5
 mesh nnodes = 5765
 mesh nelem = 2780
 P1 BC   5.0000000000000000     
 P2 BC   0.0000000000000000     
     1  1.50000000E-01  1.00379358E+00  1.00000000E+00  1.00379358E+00
     2  3.00000000E-01  1.00750584E+00  1.00000000E+00  1.00750584E+00
     3  4.50000000E-01  1.01113959E+00  1.00000000E+00  1.01113959E+00
     4  6.00000000E-01  1.01469482E+00  1.00000000E+00  1.01469482E+00
     5  7.50000000E-01  1.01817382E+00  1.00000000E+00  1.01817382E+00
     6  9.00000000E-01  1.02157268E+00  1.00000000E+00  1.02157268E+00
     7  1.05000000E+00  1.02490994E+00  1.00000000E+00  1.02490994E+00
     8  1.20000000E+00  1.02817758E+00  1.00000000E+00  1.02817758E+00
     9  1.35000000E+00  1.03137052E+00  1.00000000E+00  1.03137052E+00
    10  1.50000000E+00  1.03449157E+00  1.00000000E+00  1.03449157E+00
    11  1.65000000E+00  1.03757618E+00  1.00000000E+00  1.03757618E+00
    12  1.80000000E+00  1.04058172E+00  1.00000000E+00  1.04058172E+00
    13  1.95000000E+00  1.04353176E+00  1.00000000E+00  1.04353176E+00
    14  2.10000000E+00  1.04644576E+00  9.99999999E-01  1.04644576E+00
    15  2.25000000E+00  1.04926348E+00  9.99999996E-01  1.04926348E+00
    16  2.40000000E+00  1.05209369E+00  9.99999992E-01  1.05209369E+00
    17  2.55000000E+00  1.05482321E+00  9.99999986E-01  1.05482321E+00
    18  2.70000000E+00  1.05755735E+00  9.99999979E-01  1.05755735E+00
    19  2.85000000E+00  1.06017923E+00  9.99999971E-01  1.06017923E+00
    20  3.00000000E+00  1.06284036E+00  9.99999961E-01  1.06284036E+00
    21  3.15000000E+00  1.06538056E+00  9.99999949E-01  1.06538056E+00
    22  3.30000000E+00  1.06796350E+00  9.99999934E-01  1.06796350E+00
    23  3.45000000E+00  1.07044198E+00  9.99999917E-01  1.07044198E+00
    24  3.60000000E+00  1.07291827E+00  9.99999897E-01  1.07291827E+00
    25  3.75000000E+00  1.07536692E+00  9.99999875E-01  1.07536692E+00
    26  3.90000000E+00  1.07772536E+00  9.99999849E-01  1.07772536E+00
    27  4.05000000E+00  1.08015120E+00  9.99999819E-01  1.08015120E+00
    28  4.20000000E+00  1.08246793E+00  9.99999785E-01  1.08246793E+00
    29  4.35000000E+00  1.08476388E+00  9.99999747E-01  1.08476388E+00
    30  4.50000000E+00  1.08709641E+00  9.99999704E-01  1.08709641E+00
    31  4.65000000E+00  1.08932702E+00  9.99999657E-01  1.08932702E+00
    32  4.80000000E+00  1.09156227E+00  9.99999603E-01  1.09156227E+00
    33  4.95000000E+00  1.09381810E+00  9.99999544E-01  1.09381810E+00
    34  5.10000000E+00  1.09598092E+00  9.99999479E-01  1.09598092E+00
    35  5.25000000E+00  1.09808839E+00  9.99999407E-01  1.09808839E+00
    36  5.40000000E+00  1.10031154E+00  9.99999327E-01  1.10031154E+00
    37  5.55000000E+00  1.10245165E+00  9.99999240E-01  1.10245165E+00
    38  5.70000000E+00  1.10451449E+00  9.99999144E-01  1.10451449E+00
    39  5.85000000E+00  1.10660962E+00  9.99999039E-01  1.10660962E+00
    40  6.00000000E+00  1.10873760E+00  9.99998925E-01  1.10873760E+00
    41  6.15000000E+00  1.11079908E+00  9.99998801E-01  1.11079908E+00
    42  6.30000000E+00  1.11280211E+00  9.99998666E-01  1.11280211E+00
    43  6.45000000E+00  1.11480973E+00  9.99998520E-01  1.11480973E+00
    44  6.60000000E+00  1.11690075E+00  9.99998362E-01  1.11690075E+00
    45  6.75000000E+00  1.11894248E+00  9.99998190E-01  1.11894248E+00
    46  6.90000000E+00  1.12094350E+00  9.99998006E-01  1.12094350E+00
    47  7.05000000E+00  1.12291251E+00  9.99997807E-01  1.12291251E+00
    48  7.20000000E+00  1.12486903E+00  9.99997592E-01  1.12486903E+00
    49  7.35000000E+00  1.12691652E+00  9.99997362E-01  1.12691652E+00
    50  7.50000000E+00  1.12893860E+00  9.99997114E-01  1.12893860E+00
    51  7.65000000E+00  1.13094236E+00  9.99996849E-01  1.13094236E+00
    52  7.80000000E+00  1.13293362E+00  9.99996565E-01  1.13293362E+00
    53  7.95000000E+00  1.13491664E+00  9.99996261E-01  1.13491664E+00
    54  8.10000000E+00  1.13689396E+00  9.99995937E-01  1.13689396E+00
    55  8.25000000E+00  1.13886659E+00  9.99995590E-01  1.13886659E+00
    56  8.40000000E+00  1.14089312E+00  9.99995220E-01  1.14089312E+00
    57  8.55000000E+00  1.14292870E+00  9.99994826E-01  1.14292870E+00
    58  8.70000000E+00  1.14495819E+00  9.99994406E-01  1.14495819E+00
    59  8.85000000E+00  1.14698094E+00  9.99993960E-01  1.14698094E+00
    60  9.00000000E+00  1.14899581E+00  9.99993485E-01  1.14899581E+00
    61  9.15000000E+00  1.15100139E+00  9.99992981E-01  1.15100139E+00
    62  9.30000000E+00  1.15299625E+00  9.99992446E-01  1.15299625E+00
    63  9.45000000E+00  1.15497894E+00  9.99991878E-01  1.15497894E+00
    64  9.60000000E+00  1.15695697E+00  9.99991277E-01  1.15695697E+00
    65  9.75000000E+00  1.15899287E+00  9.99990641E-01  1.15899287E+00
    66  9.90000000E+00  1.16101387E+00  9.99989967E-01  1.16101387E+00
    67  1.00500000E+01  1.16301832E+00  9.99989255E-01  1.16301832E+00
    68  1.02000000E+01  1.16500423E+00  9.99988502E-01  1.16500423E+00
    69  1.03500000E+01  1.16696914E+00  9.99987707E-01  1.16696914E+00
    70  1.05000000E+01  1.16891005E+00  9.99986868E-01  1.16891005E+00
    71  1.06500000E+01  1.17082354E+00  9.99985983E-01  1.17082354E+00
    72  1.08000000E+01  1.17277603E+00  9.99985050E-01  1.17277603E+00
    73  1.09500000E+01  1.17473557E+00  9.99984068E-01  1.17473557E+00
    74  1.11000000E+01  1.17666411E+00  9.99983033E-01  1.17666411E+00
    75  1.12500000E+01  1.17855810E+00  9.99981945E-01  1.17855810E+00
    76  1.14000000E+01  1.18041406E+00  9.99980801E-01  1.18041406E+00
    77  1.15500000E+01  1.18222876E+00  9.99979598E-01  1.18222876E+00
    78  1.17000000E+01  1.18408061E+00  9.99978335E-01  1.18408061E+00
    79  1.18500000E+01  1.18594023E+00  9.99977010E-01  1.18594023E+00
    80  1.20000000E+01  1.18775559E+00  9.99975620E-01  1.18775559E+00
    81  1.21500000E+01  1.18952416E+00  9.99974162E-01  1.18952416E+00
    82  1.23000000E+01  1.19124397E+00  9.99972635E-01  1.19124397E+00
    83  1.24500000E+01  1.19291972E+00  9.99971036E-01  1.19291972E+00
    84  1.26000000E+01  1.19468293E+00  9.99969363E-01  1.19468293E+00
    85  1.27500000E+01  1.19639550E+00  9.99967613E-01  1.19639550E+00
    86  1.29000000E+01  1.19805615E+00  9.99965784E-01  1.19805615E+00
    87  1.30500000E+01  1.19966404E+00  9.99963873E-01  1.19966404E+00
    88  1.32000000E+01  1.20121866E+00  9.99961879E-01  1.20121866E+00
    89  1.33500000E+01  1.20285724E+00  9.99959798E-01  1.20285724E+00
    90  1.35000000E+01  1.20445158E+00  9.99957629E-01  1.20445158E+00
    91  1.36500000E+01  1.20599157E+00  9.99955369E-01  1.20599157E+00
    92  1.38000000E+01  1.20747716E+00  9.99953017E-01  1.20747716E+00
    93  1.39500000E+01  1.20891636E+00  9.99950569E-01  1.20891636E+00
    94  1.41000000E+01  1.21044066E+00  9.99948023E-01  1.21044066E+00
    95  1.42500000E+01  1.21190970E+00  9.99945379E-01  1.21190970E+00
    96  1.44000000E+01  1.21332373E+00  9.99942633E-01  1.21332373E+00
    97  1.45500000E+01  1.21468317E+00  9.99939785E-01  1.21468317E+00
    98  1.47000000E+01  1.21603234E+00  9.99936833E-01  1.21603234E+00
    99  1.48500000E+01  1.21742735E+00  9.99933775E-01  1.21742735E+00
   100  1.50000000E+01  1.21876743E+00  9.99930610E-01  1.21876743E+00
   101  1.51500000E+01  1.22005321E+00  9.99927338E-01  1.22005321E+00
   102  1.53000000E+01  1.22128547E+00  9.99923957E-01  1.22128547E+00
   103  1.54500000E+01  1.22254771E+00  9.99920467E-01  1.22254771E+00
   104  1.56000000E+01  1.22381355E+00  9.99916869E-01  1.22381355E+00
   105  1.57500000E+01  1.22502581E+00  9.99913162E-01  1.22502581E+00
   106  1.59000000E+01  1.22618551E+00  9.99909348E-01  1.22618551E+00
   107  1.60500000E+01  1.22729377E+00  9.99905427E-01  1.22729377E+00
   108  1.62000000E+01  1.22847809E+00  9.99901402E-01  1.22847809E+00
   109  1.63500000E+01  1.22961743E+00  9.99897274E-01  1.22961743E+00
   110  1.65000000E+01  1.23070558E+00  9.99893046E-01  1.23070558E+00
   111  1.66500000E+01  1.23174387E+00  9.99888721E-01  1.23174387E+00
   112  1.68000000E+01  1.23277717E+00  9.99884304E-01  1.23277717E+00
   113  1.69500000E+01  1.23384542E+00  9.99879800E-01  1.23384542E+00
   114  1.71000000E+01  1.23486420E+00  9.99875214E-01  1.23486420E+00
   115  1.72500000E+01  1.23583501E+00  9.99870552E-01  1.23583501E+00
   116  1.74000000E+01  1.23675942E+00  9.99865823E-01  1.23675942E+00
   117  1.75500000E+01  1.23773184E+00  9.99861034E-01  1.23773184E+00
   118  1.77000000E+01  1.23868358E+00  9.99856196E-01  1.23868358E+00
   119  1.78500000E+01  1.23958946E+00  9.99851319E-01  1.23958946E+00
   120  1.80000000E+01  1.24045116E+00  9.99846415E-01  1.24045116E+00
   121  1.81500000E+01  1.24130184E+00  9.99841499E-01  1.24130184E+00
   122  1.83000000E+01  1.24218966E+00  9.99836586E-01  1.24218966E+00
   123  1.84500000E+01  1.24303387E+00  9.99831692E-01  1.24303387E+00
   124  1.86000000E+01  1.24383620E+00  9.99826836E-01  1.24383620E+00
   125  1.87500000E+01  1.24459836E+00  9.99822039E-01  1.24459836E+00
   126  1.89000000E+01  1.24539780E+00  9.99817323E-01  1.24539780E+00
   127  1.90500000E+01  1.24618354E+00  9.99812713E-01  1.24618354E+00
   128  1.92000000E+01  1.24692978E+00  9.99808236E-01  1.24692978E+00
   129  1.93500000E+01  1.24763824E+00  9.99803922E-01  1.24763824E+00
   130  1.95000000E+01  1.24832995E+00  9.99799802E-01  1.24832995E+00
   131  1.96500000E+01  1.24906069E+00  9.99795913E-01  1.24906069E+00
   132  1.98000000E+01  1.24975428E+00  9.99792292E-01  1.24975428E+00
   133  1.99500000E+01  1.25041241E+00  9.99788980E-01  1.25041241E+00
   134  2.01000000E+01  1.25103672E+00  9.99786022E-01  1.25103672E+00
   135  2.02500000E+01  1.25167981E+00  9.99783468E-01  1.25167981E+00
   136  2.04000000E+01  1.25232422E+00  9.99781368E-01  1.25232422E+00
   137  2.05500000E+01  1.25293547E+00  9.99779780E-01  1.25293547E+00
   138  2.07000000E+01  1.25351513E+00  9.99778765E-01  1.25351513E+00
   139  2.08500000E+01  1.25406735E+00  9.99778389E-01  1.25406735E+00
   140  2.10000000E+01  1.25466586E+00  9.99778722E-01  1.25466586E+00
   141  2.11500000E+01  1.25523340E+00  9.99779840E-01  1.25523340E+00
   142  2.13000000E+01  1.25577150E+00  9.99781825E-01  1.25577150E+00
   143  2.14500000E+01  1.25628163E+00  9.99784764E-01  1.25628163E+00
   144  2.16000000E+01  1.25679150E+00  9.99788751E-01  1.25679150E+00
   145  2.17500000E+01  1.25731857E+00  9.99793887E-01  1.25731857E+00
   146  2.19000000E+01  1.25781826E+00  9.99800278E-01  1.25781826E+00
   147  2.20500000E+01  1.25829194E+00  9.99808040E-01  1.25829194E+00
   148  2.22000000E+01  1.25874096E+00  9.99817295E-01  1.25874096E+00
   149  2.23500000E+01  1.25921228E+00  9.99828174E-01  1.25921228E+00
   150  2.25000000E+01  1.25967628E+00  9.99840817E-01  1.25967628E+00
   151  2.26500000E+01  1.26011614E+00  9.99855373E-01  1.26011614E+00
   152  2.28000000E+01  1.26053311E+00  9.99872001E-01  1.26053311E+00
   153  2.29500000E+01  1.26092840E+00  9.99890869E-01  1.26092840E+00
   154  2.31000000E+01  1.26135727E+00  9.99912158E-01  1.26135727E+00
   155  2.32500000E+01  1.26176602E+00  9.99936058E-01  1.26176602E+00
   156  2.34000000E+01  1.26215356E+00  9.99962772E-01  1.26215356E+00
   157  2.35500000E+01  1.26252099E+00  9.99992518E-01  1.26252099E+00
   158  2.37000000E+01  1.26287911E+00  1.00002552E+00  1.26287911E+00
   159  2.38500000E+01  1.26325902E+00  1.00006203E+00  1.26325902E+00
   160  2.40000000E+01  1.26361925E+00  1.00010230E+00  1.26361925E+00
   161  2.41500000E+01  1.26396086E+00  1.00014660E+00  1.26396086E+00
   162  2.43000000E+01  1.26428482E+00  1.00019522E+00  1.26428482E+00
   163  2.44500000E+01  1.26460762E+00  1.00024846E+00  1.26460762E+00
   164  2.46000000E+01  1.26494280E+00  1.00030666E+00  1.26494280E+00
   165  2.47500000E+01  1.26526072E+00  1.00037015E+00  1.26526072E+00
   166  2.49000000E+01  1.26556228E+00  1.00043929E+00  1.26556228E+00
   167  2.50500000E+01  1.26584836E+00  1.00051447E+00  1.26584836E+00
   168  2.52000000E+01  1.26614010E+00  1.00059607E+00  1.26614010E+00
   169  2.53500000E+01  1.26643602E+00  1.00068454E+00  1.26643602E+00
   170  2.55000000E+01  1.26671678E+00  1.00078031E+00  1.26671678E+00
   171  2.56500000E+01  1.26698319E+00  1.00088386E+00  1.26698319E+00
   172  2.58000000E+01  1.26723600E+00  1.00099567E+00  1.26723600E+00
   173  2.59500000E+01  1.26749361E+00  1.00111627E+00  1.26749361E+00
   174  2.61000000E+01  1.26775529E+00  1.00124621E+00  1.26775529E+00
   175  2.62500000E+01  1.26800366E+00  1.00138605E+00  1.26800366E+00
   176  2.64000000E+01  1.26823940E+00  1.00153641E+00  1.26823940E+00
   177  2.65500000E+01  1.26846319E+00  1.00169792E+00  1.26846319E+00
   178  2.67000000E+01  1.26869053E+00  1.00187123E+00  1.26869053E+00
   179  2.68500000E+01  1.26892211E+00  1.00205705E+00  1.26892211E+00
   180  2.70000000E+01  1.26914197E+00  1.00225610E+00  1.26914197E+00
   181  2.71500000E+01  1.26935073E+00  1.00246915E+00  1.26935073E+00
   182  2.73000000E+01  1.26954897E+00  1.00269698E+00  1.26954897E+00
   183  2.74500000E+01  1.26974691E+00  1.00294044E+00  1.26974691E+00
   184  2.76000000E+01  1.26995218E+00  1.00320039E+00  1.26995218E+00
   185  2.77500000E+01  1.27014713E+00  1.00347774E+00  1.27014713E+00
   186  2.79000000E+01  1.27033229E+00  1.00377343E+00  1.27033229E+00
   187  2.80500000E+01  1.27050816E+00  1.00408845E+00  1.27050816E+00
   188  2.82000000E+01  1.27068176E+00  1.00442381E+00  1.27068176E+00
   189  2.83500000E+01  1.27086383E+00  1.00478059E+00  1.27086383E+00
   190  2.85000000E+01  1.27103678E+00  1.00515988E+00  1.27103678E+00
   191  2.86500000E+01  1.27120110E+00  1.00556284E+00  1.27120110E+00
   192  2.88000000E+01  1.27135722E+00  1.00599064E+00  1.27135722E+00
   193  2.89500000E+01  1.27150622E+00  1.00644452E+00  1.27150622E+00
   194  2.91000000E+01  1.27166793E+00  1.00692574E+00  1.27166793E+00
   195  2.92500000E+01  1.27182159E+00  1.00743562E+00  1.27182159E+00
   196  2.94000000E+01  1.27196762E+00  1.00797550E+00  1.27196762E+00
   197  2.95500000E+01  1.27210640E+00  1.00854678E+00  1.27210640E+00
   198  2.97000000E+01  1.27223829E+00  1.00915088E+00  1.27223829E+00
   199  2.98500000E+01  1.27237685E+00  1.00978927E+00  1.27237685E+00
   200  3.00000000E+01  1.27251343E+00  1.01046344E+00  1.27251343E+00
   201  3.01500000E+01  1.27264325E+00  1.01117494E+00  1.27264325E+00
   202  3.03000000E+01  1.27276665E+00  1.01192533E+00  1.27276665E+00
   203  3.04500000E+01  1.27288396E+00  1.01271619E+00  1.27288396E+00
   204  3.06000000E+01  1.27300010E+00  1.01354915E+00  1.27300010E+00
   205  3.07500000E+01  1.27312164E+00  1.01442584E+00  1.27312164E+00
   206  3.09000000E+01  1.27323719E+00  1.01534791E+00  1.27323719E+00
   207  3.10500000E+01  1.27334705E+00  1.01631704E+00  1.27334705E+00
   208  3.12000000E+01  1.27345150E+00  1.01733488E+00  1.27345150E+00
   209  3.13500000E+01  1.27355080E+00  1.01840311E+00  1.27355080E+00
   210  3.15000000E+01  1.27365536E+00  1.01952339E+00  1.27365536E+00
   211  3.16500000E+01  1.27375823E+00  1.02069736E+00  1.27375823E+00
   212  3.18000000E+01  1.27385605E+00  1.02192664E+00  1.27385605E+00
   213  3.19500000E+01  1.27394906E+00  1.02321283E+00  1.27394906E+00
   214  3.21000000E+01  1.27403750E+00  1.02455748E+00  1.27403750E+00
   215  3.22500000E+01  1.27412415E+00  1.02596209E+00  1.27412415E+00
   216  3.24000000E+01  1.27421581E+00  1.02742811E+00  1.27421581E+00
   217  3.25500000E+01  1.27430298E+00  1.02895689E+00  1.27430298E+00
   218  3.27000000E+01  1.27438588E+00  1.03054973E+00  1.27438588E+00
   219  3.28500000E+01  1.27446471E+00  1.03220782E+00  1.27446471E+00
   220  3.30000000E+01  1.27453968E+00  1.03393224E+00  1.27453968E+00
   221  3.31500000E+01  1.27461860E+00  1.03572398E+00  1.27461860E+00
   222  3.33000000E+01  1.27469628E+00  1.03758386E+00  1.27469628E+00
   223  3.34500000E+01  1.27477016E+00  1.03951258E+00  1.27477016E+00
   224  3.36000000E+01  1.27484042E+00  1.04151068E+00  1.27484042E+00
   225  3.37500000E+01  1.27490723E+00  1.04357852E+00  1.27490723E+00
   226  3.39000000E+01  1.27497096E+00  1.04571630E+00  1.27497096E+00
   227  3.40500000E+01  1.27504023E+00  1.04792401E+00  1.27504023E+00
   228  3.42000000E+01  1.27510611E+00  1.05020144E+00  1.27510611E+00
   229  3.43500000E+01  1.27516876E+00  1.05254817E+00  1.27516876E+00
   230  3.45000000E+01  1.27522834E+00  1.05496357E+00  1.27522834E+00
   231  3.46500000E+01  1.27528501E+00  1.05744675E+00  1.27528501E+00
   232  3.48000000E+01  1.27533990E+00  1.05999661E+00  1.27533990E+00
   233  3.49500000E+01  1.27539863E+00  1.06261180E+00  1.27539863E+00
   234  3.51000000E+01  1.27545449E+00  1.06529073E+00  1.27545449E+00
   235  3.52500000E+01  1.27550760E+00  1.06803155E+00  1.27550760E+00
   236  3.54000000E+01  1.27555811E+00  1.07083221E+00  1.27555811E+00
   237  3.55500000E+01  1.27560614E+00  1.07369037E+00  1.27560614E+00
   238  3.57000000E+01  1.27565298E+00  1.07660350E+00  1.27565298E+00
   239  3.58500000E+01  1.27570279E+00  1.07956883E+00  1.27570279E+00
   240  3.60000000E+01  1.27575015E+00  1.08258337E+00  1.27575015E+00
   241  3.61500000E+01  1.27579519E+00  1.08564393E+00  1.27579519E+00
   242  3.63000000E+01  1.27583801E+00  1.08874715E+00  1.27583801E+00
   243  3.64500000E+01  1.27587872E+00  1.09188949E+00  1.27587872E+00
   244  3.66000000E+01  1.27591885E+00  1.09506725E+00  1.27591885E+00
   245  3.67500000E+01  1.27596106E+00  1.09827660E+00  1.27596106E+00
   246  3.69000000E+01  1.27600119E+00  1.10151362E+00  1.27600119E+00
   247  3.70500000E+01  1.27603934E+00  1.10477427E+00  1.27603934E+00
   248  3.72000000E+01  1.27607560E+00  1.10805447E+00  1.27607560E+00
   249  3.73500000E+01  1.27611007E+00  1.11135008E+00  1.27611007E+00
   250  3.75000000E+01  1.27614399E+00  1.11465698E+00  1.27614399E+00
   251  3.76500000E+01  1.27617974E+00  1.11797102E+00  1.27617974E+00
   252  3.78000000E+01  1.27621373E+00  1.12128813E+00  1.27621373E+00
   253  3.79500000E+01  1.27624602E+00  1.12460430E+00  1.27624602E+00
   254  3.81000000E+01  1.27627671E+00  1.12791561E+00  1.27627671E+00
   255  3.82500000E+01  1.27630587E+00  1.13121829E+00  1.27630587E+00
   256  3.84000000E+01  1.27633390E+00  1.13450874E+00  1.27633390E+00
   257  3.85500000E+01  1.27636414E+00  1.13778354E+00  1.27636414E+00
   258  3.87000000E+01  1.27639288E+00  1.14103953E+00  1.27639288E+00
   259  3.88500000E+01  1.27642017E+00  1.14427381E+00  1.27642017E+00
   260  3.90000000E+01  1.27644610E+00  1.14748378E+00  1.27644610E+00
   261  3.91500000E+01  1.27647073E+00  1.15066717E+00  1.27647073E+00
   262  3.93000000E+01  1.27649411E+00  1.15382208E+00  1.27649411E+00
   263  3.94500000E+01  1.27651869E+00  1.15694698E+00  1.27651869E+00
   264  3.96000000E+01  1.27654296E+00  1.16004074E+00  1.27654296E+00
   265  3.97500000E+01  1.27656600E+00  1.16310262E+00  1.27656600E+00
   266  3.99000000E+01  1.27658788E+00  1.16613227E+00  1.27658788E+00
   267  4.00500000E+01  1.27660864E+00  1.16912969E+00  1.27660864E+00
   268  4.02000000E+01  1.27662835E+00  1.17209524E+00  1.27662835E+00
   269  4.03500000E+01  1.27664816E+00  1.17502951E+00  1.27664816E+00
   270  4.05000000E+01  1.27666861E+00  1.17793331E+00  1.27666861E+00
   271  4.06500000E+01  1.27668801E+00  1.18080759E+00  1.27668801E+00
   272  4.08000000E+01  1.27670642E+00  1.18365331E+00  1.27670642E+00
   273  4.09500000E+01  1.27672388E+00  1.18647136E+00  1.27672388E+00
   274  4.11000000E+01  1.27674045E+00  1.18926247E+00  1.27674045E+00
   275  4.12500000E+01  1.27675615E+00  1.19202714E+00  1.27675615E+00
   276  4.14000000E+01  1.27677320E+00  1.19476549E+00  1.27677320E+00
   277  4.15500000E+01  1.27678951E+00  1.19747725E+00  1.27678951E+00
   278  4.17000000E+01  1.27680497E+00  1.20016172E+00  1.27680497E+00
   279  4.18500000E+01  1.27681963E+00  1.20281770E+00  1.27681963E+00
   280  4.20000000E+01  1.27683352E+00  1.20544353E+00  1.27683352E+00
   281  4.21500000E+01  1.27684669E+00  1.20803709E+00  1.27684669E+00
   282  4.23000000E+01  1.27685916E+00  1.21059590E+00  1.27685916E+00
   283  4.24500000E+01  1.27687274E+00  1.21311712E+00  1.27687274E+00
   284  4.26000000E+01  1.27688569E+00  1.21559768E+00  1.27688569E+00
   285  4.27500000E+01  1.27689795E+00  1.21803436E+00  1.27689795E+00
   286  4.29000000E+01  1.27690957E+00  1.22042388E+00  1.27690957E+00
   287  4.30500000E+01  1.27692057E+00  1.22276300E+00  1.27692057E+00
   288  4.32000000E+01  1.27693098E+00  1.22504860E+00  1.27693098E+00
   289  4.33500000E+01  1.27694084E+00  1.22727776E+00  1.27694084E+00
   290  4.35000000E+01  1.27695110E+00  1.22944779E+00  1.27695110E+00
   291  4.36500000E+01  1.27696134E+00  1.23155635E+00  1.27696134E+00
   292  4.38000000E+01  1.27697103E+00  1.23360141E+00  1.27697103E+00
   293  4.39500000E+01  1.27698019E+00  1.23558130E+00  1.27698019E+00
   294  4.41000000E+01  1.27698887E+00  1.23749474E+00  1.27698887E+00
   295  4.42500000E+01  1.27699707E+00  1.23934083E+00  1.27699707E+00
   296  4.44000000E+01  1.27700482E+00  1.24111903E+00  1.27700482E+00
   297  4.45500000E+01  1.27701215E+00  1.24282917E+00  1.27701215E+00
   298  4.47000000E+01  1.27702011E+00  1.24447143E+00  1.27702011E+00
   299  4.48500000E+01  1.27702772E+00  1.24604632E+00  1.27702772E+00
   300  4.50000000E+01  1.27703492E+00  1.24755466E+00  1.27703492E+00
   301  4.51500000E+01  1.27704172E+00  1.24899754E+00  1.27704172E+00
   302  4.53000000E+01  1.27704815E+00  1.25037633E+00  1.27704815E+00
   303  4.54500000E+01  1.27705421E+00  1.25169259E+00  1.27705421E+00
   304  4.56000000E+01  1.27705995E+00  1.25294808E+00  1.27705995E+00
   305  4.57500000E+01  1.27706540E+00  1.25414469E+00  1.27706540E+00
   306  4.59000000E+01  1.27707135E+00  1.25528443E+00  1.27707135E+00
   307  4.60500000E+01  1.27707698E+00  1.25636940E+00  1.27707698E+00
   308  4.62000000E+01  1.27708229E+00  1.25740171E+00  1.27708229E+00
   309  4.63500000E+01  1.27708730E+00  1.25838350E+00  1.27708730E+00
   310  4.65000000E+01  1.27709203E+00  1.25931688E+00  1.27709203E+00
   311  4.66500000E+01  1.27709650E+00  1.26020394E+00  1.27709650E+00
   312  4.68000000E+01  1.27710070E+00  1.26104670E+00  1.27710070E+00
   313  4.69500000E+01  1.27710467E+00  1.26184716E+00  1.27710467E+00
   314  4.71000000E+01  1.27710846E+00  1.26260722E+00  1.27710846E+00
   315  4.72500000E+01  1.27711259E+00  1.26332875E+00  1.27711259E+00
   316  4.74000000E+01  1.27711648E+00  1.26401355E+00  1.27711648E+00
   317  4.75500000E+01  1.27712015E+00  1.26466335E+00  1.27712015E+00
   318  4.77000000E+01  1.27712361E+00  1.26527985E+00  1.27712361E+00
   319  4.78500000E+01  1.27712687E+00  1.26586470E+00  1.27712687E+00
   320  4.80000000E+01  1.27712994E+00  1.26641947E+00  1.27712994E+00
   321  4.81500000E+01  1.27713283E+00  1.26694572E+00  1.27713283E+00
   322  4.83000000E+01  1.27713556E+00  1.26744493E+00  1.27713556E+00
   323  4.84500000E+01  1.27713812E+00  1.26791854E+00  1.27713812E+00
   324  4.86000000E+01  1.27714054E+00  1.26836791E+00  1.27714054E+00
   325  4.87500000E+01  1.27714303E+00  1.26879436E+00  1.27714303E+00
   326  4.89000000E+01  1.27714554E+00  1.26919914E+00  1.27714554E+00
   327  4.90500000E+01  1.27714791E+00  1.26958343E+00  1.27714791E+00
   328  4.92000000E+01  1.27715015E+00  1.26994833E+00  1.27715015E+00
   329  4.93500000E+01  1.27715225E+00  1.27029490E+00  1.27715225E+00
   330  4.95000000E+01  1.27715422E+00  1.27062413E+00  1.27715422E+00
   331  4.96500000E+01  1.27715609E+00  1.27093692E+00  1.27715609E+00
   332  4.98000000E+01  1.27715784E+00  1.27123415E+00  1.27715784E+00
   333  4.99500000E+01  1.27715949E+00  1.27151663E+00  1.27715949E+00
   334  5.01000000E+01  1.27716104E+00  1.27178512E+00  1.27716104E+00
   335  5.02500000E+01  1.27716250E+00  1.27204035E+00  1.27716250E+00
   336  5.04000000E+01  1.27716387E+00  1.27228299E+00  1.27716387E+00
   337  5.05500000E+01  1.27716517E+00  1.27251369E+00  1.27716517E+00
   338  5.07000000E+01  1.27716639E+00  1.27273306E+00  1.27716639E+00
   339  5.08500000E+01  1.27716764E+00  1.27294166E+00  1.27716764E+00
   340  5.10000000E+01  1.27716891E+00  1.27314006E+00  1.27716891E+00
   341  5.11500000E+01  1.27717010E+00  1.27332875E+00  1.27717010E+00
   342  5.13000000E+01  1.27717123E+00  1.27350824E+00  1.27717123E+00
   343  5.14500000E+01  1.27717228E+00  1.27367899E+00  1.27717228E+00
   344  5.16000000E+01  1.27717328E+00  1.27384143E+00  1.27717328E+00
   345  5.17500000E+01  1.27717422E+00  1.27399599E+00  1.27717422E+00
   346  5.19000000E+01  1.27717510E+00  1.27414304E+00  1.27717510E+00
   347  5.20500000E+01  1.27717594E+00  1.27428297E+00  1.27717594E+00
   348  5.22000000E+01  1.27717672E+00  1.27441612E+00  1.27717672E+00
   349  5.23500000E+01  1.27717746E+00  1.27454283E+00  1.27717746E+00
   350  5.25000000E+01  1.27717816E+00  1.27466341E+00  1.27717816E+00
   351  5.26500000E+01  1.27717882E+00  1.27477815E+00  1.27717882E+00
   352  5.28000000E+01  1.27717944E+00  1.27488735E+00  1.27717944E+00
   353  5.29500000E+01  1.27718003E+00  1.27499127E+00  1.27718003E+00
   354  5.31000000E+01  1.27718058E+00  1.27509016E+00  1.27718058E+00
   355  5.32500000E+01  1.27718111E+00  1.27518427E+00  1.27718111E+00
   356  5.34000000E+01  1.27718160E+00  1.27527383E+00  1.27718160E+00
   357  5.35500000E+01  1.27718207E+00  1.27535906E+00  1.27718207E+00
   358  5.37000000E+01  1.27718251E+00  1.27544016E+00  1.27718251E+00
   359  5.38500000E+01  1.27718293E+00  1.27551734E+00  1.27718293E+00
   360  5.40000000E+01  1.27718333E+00  1.27559078E+00  1.27718333E+00
   361  5.41500000E+01  1.27718371E+00  1.27566066E+00  1.27718371E+00
   362  5.43000000E+01  1.27718407E+00  1.27572715E+00  1.27718407E+00
   363  5.44500000E+01  1.27718441E+00  1.27579042E+00  1.27718441E+00
   364  5.46000000E+01  1.27718473E+00  1.27585061E+00  1.27718473E+00
   365  5.47500000E+01  1.27718504E+00  1.27590787E+00  1.27718504E+00
   366  5.49000000E+01  1.27718534E+00  1.27596235E+00  1.27718534E+00
   367  5.50500000E+01  1.27718562E+00  1.27601417E+00  1.27718562E+00
   368  5.52000000E+01  1.27718588E+00  1.27606346E+00  1.27718588E+00
   369  5.53500000E+01  1.27718614E+00  1.27611034E+00  1.27718614E+00
   370  5.55000000E+01  1.27718639E+00  1.27615493E+00  1.27718639E+00
   371  5.56500000E+01  1.27718662E+00  1.27619733E+00  1.27718662E+00
   372  5.58000000E+01  1.27718684E+00  1.27623765E+00  1.27718684E+00
   373  5.59500000E+01  1.27718708E+00  1.27627599E+00  1.27718708E+00
   374  5.61000000E+01  1.27718731E+00  1.27631244E+00  1.27718731E+00
   375  5.62500000E+01  1.27718753E+00  1.27634708E+00  1.27718753E+00
   376  5.64000000E+01  1.27718775E+00  1.27638001E+00  1.27718775E+00
   377  5.65500000E+01  1.27718796E+00  1.27641131E+00  1.27718796E+00
   378  5.67000000E+01  1.27718816E+00  1.27644105E+00  1.27718816E+00
   379  5.68500000E+01  1.27718835E+00  1.27646931E+00  1.27718835E+00
   380  5.70000000E+01  1.27718853E+00  1.27649616E+00  1.27718853E+00
   381  5.71500000E+01  1.27718871E+00  1.27652166E+00  1.27718871E+00
   382  5.73000000E+01  1.27718888E+00  1.27654588E+00  1.27718888E+00
   383  5.74500000E+01  1.27718905E+00  1.27656888E+00  1.27718905E+00
   384  5.76000000E+01  1.27718921E+00  1.27659072E+00  1.27718921E+00
   385  5.77500000E+01  1.27718937E+00  1.27661145E+00  1.27718937E+00
   386  5.79000000E+01  1.27718952E+00  1.27663113E+00  1.27718952E+00
   387  5.80500000E+01  1.27718967E+00  1.27664981E+00  1.27718967E+00
   388  5.82000000E+01  1.27718982E+00  1.27666753E+00  1.27718982E+00
   389  5.83500000E+01  1.27718996E+00  1.27668434E+00  1.27718996E+00
   390  5.85000000E+01  1.27719009E+00  1.27670029E+00  1.27719009E+00
   391  5.86500000E+01  1.27719023E+00  1.27671541E+00  1.27719023E+00
   392  5.88000000E+01  1.27719036E+00  1.27672975E+00  1.27719036E+00
   393  5.89500000E+01  1.27719048E+00  1.27674335E+00  1.27719048E+00
   394  5.91000000E+01  1.27719061E+00  1.27675623E+00  1.27719061E+00
   395  5.92500000E+01  1.27719073E+00  1.27676844E+00  1.27719073E+00
   396  5.94000000E+01  1.27719085E+00  1.27678001E+00  1.27719085E+00
   397  5.95500000E+01  1.27719097E+00  1.27679097E+00  1.27719097E+00
   398  5.97000000E+01  1.27719108E+00  1.27680135E+00  1.27719108E+00
   399  5.98500000E+01  1.27719119E+00  1.27681118E+00  1.27719119E+00
   400  6.00000000E+01  1.27719130E+00  1.27682049E+00  1.27719130E+00
   401  6.01500000E+01  1.27719141E+00  1.27682930E+00  1.27719141E+00
   402  6.03000000E+01  1.27719152E+00  1.27683764E+00  1.27719152E+00
   403  6.04500000E+01  1.27719162E+00  1.27684553E+00  1.27719162E+00
   404  6.06000000E+01  1.27719172E+00  1.27685300E+00  1.27719172E+00
   405  6.07500000E+01  1.27719182E+00  1.27686006E+00  1.27719182E+00
   406  6.09000000E+01  1.27719192E+00  1.27686674E+00  1.27719192E+00
   407  6.10500000E+01  1.27719202E+00  1.27687305E+00  1.27719202E+00
   408  6.12000000E+01  1.27719211E+00  1.27687902E+00  1.27719211E+00
 steady-height stop at step    408: changes <=   1.0000E-05, max-end <=   1.0000E-02, max/end/gap/profile_change =   1.27719211E+00  1.27687902E+00  3.13091508E-04  5.97044626E-06


STDERR:
