COMMAND:
/shared/generate_rom_data/extrudate_swell2d_c_cluster

STDOUT:
 comppar: model =   6
 comppar: lambda,mobility/eps,betav,eta_0 =  8.2000E+00  5.0000E-01  7.0000E-01  1.0000E+00
 comppar: eta_s,eta_p,G =  7.0000E-01  3.0000E-01  3.6585E-02
 comppar: U_avg,deltat,flowrate,nsteps =  5.0000E-02  6.0000E-01  1.5708E-01     700
 comppar: geometry = axisymmetric
 comppar: steady stop change,gap,hold,min =  1.0000E-05  1.0000E-02      10      80
 comppar: ncompc,ncompg =     4     5
 mesh nnodes = 5765
 mesh nelem = 2780
 P1 BC   5.0000000000000000     
 P2 BC   0.0000000000000000     
     1  6.00000000E-01  1.00379362E+00  1.00000000E+00  1.00379362E+00
     2  1.20000000E+00  1.00750170E+00  1.00000000E+00  1.00750170E+00
     3  1.80000000E+00  1.01112335E+00  1.00000000E+00  1.01112335E+00
     4  2.40000000E+00  1.01466014E+00  1.00000000E+00  1.01466014E+00
     5  3.00000000E+00  1.01811390E+00  1.00000000E+00  1.01811390E+00
     6  3.60000000E+00  1.02148206E+00  1.00000000E+00  1.02148206E+00
     7  4.20000000E+00  1.02477632E+00  1.00000000E+00  1.02477632E+00
     8  4.80000000E+00  1.02800332E+00  1.00000000E+00  1.02800332E+00
     9  5.40000000E+00  1.03115363E+00  1.00000000E+00  1.03115363E+00
    10  6.00000000E+00  1.03422597E+00  1.00000000E+00  1.03422597E+00
    11  6.60000000E+00  1.03725433E+00  1.00000000E+00  1.03725433E+00
    12  7.20000000E+00  1.04021055E+00  1.00000000E+00  1.04021055E+00
    13  7.80000000E+00  1.04309644E+00  1.00000000E+00  1.04309644E+00
    14  8.40000000E+00  1.04595414E+00  1.00000000E+00  1.04595414E+00
    15  9.00000000E+00  1.04870862E+00  9.99999999E-01  1.04870862E+00
    16  9.60000000E+00  1.05146799E+00  9.99999995E-01  1.05146799E+00
    17  1.02000000E+01  1.05412414E+00  9.99999990E-01  1.05412414E+00
    18  1.08000000E+01  1.05677092E+00  9.99999984E-01  1.05677092E+00
    19  1.14000000E+01  1.05929826E+00  9.99999977E-01  1.05929826E+00
    20  1.20000000E+01  1.06185150E+00  9.99999968E-01  1.06185150E+00
    21  1.26000000E+01  1.06426910E+00  9.99999957E-01  1.06426910E+00
    22  1.32000000E+01  1.06672039E+00  9.99999944E-01  1.06672039E+00
    23  1.38000000E+01  1.06904067E+00  9.99999928E-01  1.06904067E+00
    24  1.44000000E+01  1.07135914E+00  9.99999910E-01  1.07135914E+00
    25  1.50000000E+01  1.07360529E+00  9.99999889E-01  1.07360529E+00
    26  1.56000000E+01  1.07577757E+00  9.99999865E-01  1.07577757E+00
    27  1.62000000E+01  1.07794773E+00  9.99999838E-01  1.07794773E+00
    28  1.68000000E+01  1.07996600E+00  9.99999806E-01  1.07996600E+00
    29  1.74000000E+01  1.08204353E+00  9.99999770E-01  1.08204353E+00
    30  1.80000000E+01  1.08401259E+00  9.99999730E-01  1.08401259E+00
    31  1.86000000E+01  1.08589661E+00  9.99999684E-01  1.08589661E+00
    32  1.92000000E+01  1.08781448E+00  9.99999632E-01  1.08781448E+00
    33  1.98000000E+01  1.08957345E+00  9.99999575E-01  1.08957345E+00
    34  2.04000000E+01  1.09133233E+00  9.99999510E-01  1.09133233E+00
    35  2.10000000E+01  1.09307426E+00  9.99999438E-01  1.09307426E+00
    36  2.16000000E+01  1.09465548E+00  9.99999358E-01  1.09465548E+00
    37  2.22000000E+01  1.09630532E+00  9.99999269E-01  1.09630532E+00
    38  2.28000000E+01  1.09786759E+00  9.99999171E-01  1.09786759E+00
    39  2.34000000E+01  1.09927019E+00  9.99999063E-01  1.09927019E+00
    40  2.40000000E+01  1.10078200E+00  9.99998943E-01  1.10078200E+00
    41  2.46000000E+01  1.10219877E+00  9.99998811E-01  1.10219877E+00
    42  2.52000000E+01  1.10346033E+00  9.99998667E-01  1.10346033E+00
    43  2.58000000E+01  1.10482902E+00  9.99998508E-01  1.10482902E+00
    44  2.64000000E+01  1.10610083E+00  9.99998334E-01  1.10610083E+00
    45  2.70000000E+01  1.10722385E+00  9.99998144E-01  1.10722385E+00
    46  2.76000000E+01  1.10844895E+00  9.99997936E-01  1.10844895E+00
    47  2.82000000E+01  1.10958757E+00  9.99997710E-01  1.10958757E+00
    48  2.88000000E+01  1.11058670E+00  9.99997463E-01  1.11058670E+00
    49  2.94000000E+01  1.11168412E+00  9.99997194E-01  1.11168412E+00
    50  3.00000000E+01  1.11269368E+00  9.99996902E-01  1.11269368E+00
    51  3.06000000E+01  1.11357474E+00  9.99996586E-01  1.11357474E+00
    52  3.12000000E+01  1.11455817E+00  9.99996242E-01  1.11455817E+00
    53  3.18000000E+01  1.11545253E+00  9.99995871E-01  1.11545253E+00
    54  3.24000000E+01  1.11623099E+00  9.99995469E-01  1.11623099E+00
    55  3.30000000E+01  1.11709739E+00  9.99995034E-01  1.11709739E+00
    56  3.36000000E+01  1.11788368E+00  9.99994565E-01  1.11788368E+00
    57  3.42000000E+01  1.11856792E+00  9.99994059E-01  1.11856792E+00
    58  3.48000000E+01  1.11933958E+00  9.99993515E-01  1.11933958E+00
    59  3.54000000E+01  1.12003367E+00  9.99992929E-01  1.12003367E+00
    60  3.60000000E+01  1.12063931E+00  9.99992299E-01  1.12063931E+00
    61  3.66000000E+01  1.12130066E+00  9.99991622E-01  1.12130066E+00
    62  3.72000000E+01  1.12191167E+00  9.99990896E-01  1.12191167E+00
    63  3.78000000E+01  1.12244839E+00  9.99990118E-01  1.12244839E+00
    64  3.84000000E+01  1.12303296E+00  9.99989284E-01  1.12303296E+00
    65  3.90000000E+01  1.12357545E+00  9.99988393E-01  1.12357545E+00
    66  3.96000000E+01  1.12405588E+00  9.99987440E-01  1.12405588E+00
    67  4.02000000E+01  1.12453363E+00  9.99986423E-01  1.12453363E+00
    68  4.08000000E+01  1.12501742E+00  9.99985337E-01  1.12501742E+00
    69  4.14000000E+01  1.12545121E+00  9.99984180E-01  1.12545121E+00
    70  4.20000000E+01  1.12586099E+00  9.99982949E-01  1.12586099E+00
    71  4.26000000E+01  1.12629683E+00  9.99981639E-01  1.12629683E+00
    72  4.32000000E+01  1.12669187E+00  9.99980246E-01  1.12669187E+00
    73  4.38000000E+01  1.12705497E+00  9.99978768E-01  1.12705497E+00
    74  4.44000000E+01  1.12740240E+00  9.99977201E-01  1.12740240E+00
    75  4.50000000E+01  1.12776719E+00  9.99975540E-01  1.12776719E+00
    76  4.56000000E+01  1.12810605E+00  9.99973782E-01  1.12810605E+00
    77  4.62000000E+01  1.12842276E+00  9.99971924E-01  1.12842276E+00
    78  4.68000000E+01  1.12872363E+00  9.99969961E-01  1.12872363E+00
    79  4.74000000E+01  1.12903863E+00  9.99967890E-01  1.12903863E+00
    80  4.80000000E+01  1.12933325E+00  9.99965707E-01  1.12933325E+00
    81  4.86000000E+01  1.12960769E+00  9.99963410E-01  1.12960769E+00
    82  4.92000000E+01  1.12986101E+00  9.99960994E-01  1.12986101E+00
    83  4.98000000E+01  1.13012567E+00  9.99958458E-01  1.13012567E+00
    84  5.04000000E+01  1.13038145E+00  9.99955798E-01  1.13038145E+00
    85  5.10000000E+01  1.13061483E+00  9.99953012E-01  1.13061483E+00
    86  5.16000000E+01  1.13082431E+00  9.99950098E-01  1.13082431E+00
    87  5.22000000E+01  1.13105219E+00  9.99947054E-01  1.13105219E+00
    88  5.28000000E+01  1.13126348E+00  9.99943880E-01  1.13126348E+00
    89  5.34000000E+01  1.13145070E+00  9.99940575E-01  1.13145070E+00
    90  5.40000000E+01  1.13163209E+00  9.99937140E-01  1.13163209E+00
    91  5.46000000E+01  1.13182211E+00  9.99933574E-01  1.13182211E+00
    92  5.52000000E+01  1.13198756E+00  9.99929881E-01  1.13198756E+00
    93  5.58000000E+01  1.13212891E+00  9.99926063E-01  1.13212891E+00
    94  5.64000000E+01  1.13229474E+00  9.99922125E-01  1.13229474E+00
    95  5.70000000E+01  1.13243938E+00  9.99918071E-01  1.13243938E+00
    96  5.76000000E+01  1.13256136E+00  9.99913908E-01  1.13256136E+00
    97  5.82000000E+01  1.13269576E+00  9.99909644E-01  1.13269576E+00
    98  5.88000000E+01  1.13281993E+00  9.99905290E-01  1.13281993E+00
    99  5.94000000E+01  1.13292303E+00  9.99900856E-01  1.13292303E+00
   100  6.00000000E+01  1.13302903E+00  9.99896358E-01  1.13302903E+00
   101  6.06000000E+01  1.13313525E+00  9.99891811E-01  1.13313525E+00
   102  6.12000000E+01  1.13322254E+00  9.99887234E-01  1.13322254E+00
   103  6.18000000E+01  1.13330546E+00  9.99882648E-01  1.13330546E+00
   104  6.24000000E+01  1.13339433E+00  9.99878078E-01  1.13339433E+00
   105  6.30000000E+01  1.13346668E+00  9.99873553E-01  1.13346668E+00
   106  6.36000000E+01  1.13353135E+00  9.99869104E-01  1.13353135E+00
   107  6.42000000E+01  1.13360605E+00  9.99864767E-01  1.13360605E+00
   108  6.48000000E+01  1.13366660E+00  9.99860581E-01  1.13366660E+00
   109  6.54000000E+01  1.13371595E+00  9.99856593E-01  1.13371595E+00
   110  6.60000000E+01  1.13377461E+00  9.99852852E-01  1.13377461E+00
   111  6.66000000E+01  1.13382463E+00  9.99849414E-01  1.13382463E+00
   112  6.72000000E+01  1.13386592E+00  9.99846341E-01  1.13386592E+00
   113  6.78000000E+01  1.13391074E+00  9.99843702E-01  1.13391074E+00
   114  6.84000000E+01  1.13395266E+00  9.99841573E-01  1.13395266E+00
   115  6.90000000E+01  1.13398765E+00  9.99840037E-01  1.13398765E+00
   116  6.96000000E+01  1.13401769E+00  9.99839187E-01  1.13401769E+00
   117  7.02000000E+01  1.13404989E+00  9.99839123E-01  1.13404989E+00
   118  7.08000000E+01  1.13408016E+00  9.99839957E-01  1.13408016E+00
   119  7.14000000E+01  1.13410685E+00  9.99841810E-01  1.13410685E+00
   120  7.20000000E+01  1.13413091E+00  9.99844815E-01  1.13413091E+00
   121  7.26000000E+01  1.13415411E+00  9.99849117E-01  1.13415411E+00
   122  7.32000000E+01  1.13417768E+00  9.99854875E-01  1.13417768E+00
   123  7.38000000E+01  1.13419915E+00  9.99862259E-01  1.13419915E+00
   124  7.44000000E+01  1.13421882E+00  9.99871458E-01  1.13421882E+00
   125  7.50000000E+01  1.13423675E+00  9.99882675E-01  1.13423675E+00
   126  7.56000000E+01  1.13425288E+00  9.99896130E-01  1.13425288E+00
   127  7.62000000E+01  1.13426752E+00  9.99912062E-01  1.13426752E+00
   128  7.68000000E+01  1.13428395E+00  9.99930730E-01  1.13428395E+00
   129  7.74000000E+01  1.13429853E+00  9.99952413E-01  1.13429853E+00
   130  7.80000000E+01  1.13431123E+00  9.99977412E-01  1.13431123E+00
   131  7.86000000E+01  1.13432213E+00  1.00000606E+00  1.13432213E+00
   132  7.92000000E+01  1.13433137E+00  1.00003869E+00  1.13433137E+00
   133  7.98000000E+01  1.13434122E+00  1.00007570E+00  1.13434122E+00
   134  8.04000000E+01  1.13435074E+00  1.00011749E+00  1.13435074E+00
   135  8.10000000E+01  1.13435876E+00  1.00016449E+00  1.13435876E+00
   136  8.16000000E+01  1.13436553E+00  1.00021718E+00  1.13436553E+00
   137  8.22000000E+01  1.13437125E+00  1.00027606E+00  1.13437125E+00
   138  8.28000000E+01  1.13437615E+00  1.00034167E+00  1.13437615E+00
   139  8.34000000E+01  1.13438113E+00  1.00041458E+00  1.13438113E+00
   140  8.40000000E+01  1.13438608E+00  1.00049542E+00  1.13438608E+00
   141  8.46000000E+01  1.13439037E+00  1.00058484E+00  1.13439037E+00
   142  8.52000000E+01  1.13439414E+00  1.00068355E+00  1.13439414E+00
   143  8.58000000E+01  1.13439749E+00  1.00079230E+00  1.13439749E+00
   144  8.64000000E+01  1.13440048E+00  1.00091188E+00  1.13440048E+00
   145  8.70000000E+01  1.13440314E+00  1.00104316E+00  1.13440314E+00
   146  8.76000000E+01  1.13440549E+00  1.00118703E+00  1.13440549E+00
   147  8.82000000E+01  1.13440755E+00  1.00134445E+00  1.13440755E+00
   148  8.88000000E+01  1.13440933E+00  1.00151644E+00  1.13440933E+00
   149  8.94000000E+01  1.13441085E+00  1.00170409E+00  1.13441085E+00
   150  9.00000000E+01  1.13441214E+00  1.00190853E+00  1.13441214E+00
   151  9.06000000E+01  1.13441323E+00  1.00213097E+00  1.13441323E+00
   152  9.12000000E+01  1.13441420E+00  1.00237270E+00  1.13441420E+00
   153  9.18000000E+01  1.13441531E+00  1.00263504E+00  1.13441531E+00
   154  9.24000000E+01  1.13441624E+00  1.00291943E+00  1.13441624E+00
   155  9.30000000E+01  1.13441702E+00  1.00322734E+00  1.13441702E+00
   156  9.36000000E+01  1.13441767E+00  1.00356035E+00  1.13441767E+00
   157  9.42000000E+01  1.13441821E+00  1.00392008E+00  1.13441821E+00
   158  9.48000000E+01  1.13441866E+00  1.00430826E+00  1.13441866E+00
   159  9.54000000E+01  1.13441904E+00  1.00472669E+00  1.13441904E+00
   160  9.60000000E+01  1.13441934E+00  1.00517722E+00  1.13441934E+00
   161  9.66000000E+01  1.13441959E+00  1.00566180E+00  1.13441959E+00
   162  9.72000000E+01  1.13441978E+00  1.00618246E+00  1.13441978E+00
   163  9.78000000E+01  1.13441993E+00  1.00674128E+00  1.13441993E+00
   164  9.84000000E+01  1.13442004E+00  1.00734044E+00  1.13442004E+00
   165  9.90000000E+01  1.13442012E+00  1.00798217E+00  1.13442012E+00
   166  9.96000000E+01  1.13442017E+00  1.00866875E+00  1.13442017E+00
   167  1.00200000E+02  1.13442020E+00  1.00940255E+00  1.13442020E+00
   168  1.00800000E+02  1.13442021E+00  1.01018596E+00  1.13442021E+00
   169  1.01400000E+02  1.13442020E+00  1.01102144E+00  1.13442020E+00
   170  1.02000000E+02  1.13442018E+00  1.01191144E+00  1.13442018E+00
   171  1.02600000E+02  1.13442015E+00  1.01285849E+00  1.13442015E+00
   172  1.03200000E+02  1.13442011E+00  1.01386508E+00  1.13442011E+00
   173  1.03800000E+02  1.13442007E+00  1.01493372E+00  1.13442007E+00
   174  1.04400000E+02  1.13442003E+00  1.01606689E+00  1.13442003E+00
   175  1.05000000E+02  1.13441998E+00  1.01726704E+00  1.13441998E+00
   176  1.05600000E+02  1.13441993E+00  1.01853653E+00  1.13441993E+00
   177  1.06200000E+02  1.13441988E+00  1.01987768E+00  1.13441988E+00
   178  1.06800000E+02  1.13441982E+00  1.02129266E+00  1.13441982E+00
   179  1.07400000E+02  1.13441977E+00  1.02278355E+00  1.13441977E+00
   180  1.08000000E+02  1.13441973E+00  1.02435222E+00  1.13441973E+00
   181  1.08600000E+02  1.13441968E+00  1.02600040E+00  1.13441968E+00
   182  1.09200000E+02  1.13441963E+00  1.02772954E+00  1.13441963E+00
   183  1.09800000E+02  1.13441959E+00  1.02954089E+00  1.13441959E+00
   184  1.10400000E+02  1.13441955E+00  1.03143536E+00  1.13441955E+00
   185  1.11000000E+02  1.13441951E+00  1.03341356E+00  1.13441951E+00
   186  1.11600000E+02  1.13441947E+00  1.03547574E+00  1.13441947E+00
   187  1.12200000E+02  1.13441944E+00  1.03762173E+00  1.13441944E+00
   188  1.12800000E+02  1.13441940E+00  1.03985094E+00  1.13441940E+00
   189  1.13400000E+02  1.13441937E+00  1.04216229E+00  1.13441937E+00
   190  1.14000000E+02  1.13441934E+00  1.04455422E+00  1.13441934E+00
   191  1.14600000E+02  1.13441932E+00  1.04702459E+00  1.13441932E+00
   192  1.15200000E+02  1.13441929E+00  1.04957074E+00  1.13441929E+00
   193  1.15800000E+02  1.13441927E+00  1.05218936E+00  1.13441927E+00
   194  1.16400000E+02  1.13441925E+00  1.05487654E+00  1.13441925E+00
   195  1.17000000E+02  1.13441923E+00  1.05762774E+00  1.13441923E+00
   196  1.17600000E+02  1.13441922E+00  1.06043774E+00  1.13441922E+00
   197  1.18200000E+02  1.13441920E+00  1.06330068E+00  1.13441920E+00
   198  1.18800000E+02  1.13441919E+00  1.06621002E+00  1.13441919E+00
   199  1.19400000E+02  1.13441917E+00  1.06915858E+00  1.13441917E+00
   200  1.20000000E+02  1.13441916E+00  1.07213853E+00  1.13441916E+00
   201  1.20600000E+02  1.13441915E+00  1.07514144E+00  1.13441915E+00
   202  1.21200000E+02  1.13441914E+00  1.07815830E+00  1.13441914E+00
   203  1.21800000E+02  1.13441913E+00  1.08117954E+00  1.13441913E+00
   204  1.22400000E+02  1.13441912E+00  1.08419514E+00  1.13441912E+00
   205  1.23000000E+02  1.13441912E+00  1.08719465E+00  1.13441912E+00
   206  1.23600000E+02  1.13441911E+00  1.09016725E+00  1.13441911E+00
   207  1.24200000E+02  1.13441910E+00  1.09310190E+00  1.13441910E+00
   208  1.24800000E+02  1.13441910E+00  1.09598736E+00  1.13441910E+00
   209  1.25400000E+02  1.13441909E+00  1.09881236E+00  1.13441909E+00
   210  1.26000000E+02  1.13441909E+00  1.10156567E+00  1.13441909E+00
   211  1.26600000E+02  1.13441909E+00  1.10423628E+00  1.13441909E+00
   212  1.27200000E+02  1.13441908E+00  1.10681349E+00  1.13441908E+00
   213  1.27800000E+02  1.13441908E+00  1.10928710E+00  1.13441908E+00
   214  1.28400000E+02  1.13441908E+00  1.11164757E+00  1.13441908E+00
   215  1.29000000E+02  1.13441907E+00  1.11388618E+00  1.13441907E+00
   216  1.29600000E+02  1.13441907E+00  1.11599522E+00  1.13441907E+00
   217  1.30200000E+02  1.13441907E+00  1.11796817E+00  1.13441907E+00
   218  1.30800000E+02  1.13441907E+00  1.11979986E+00  1.13441907E+00
   219  1.31400000E+02  1.13441907E+00  1.12148665E+00  1.13441907E+00
   220  1.32000000E+02  1.13441906E+00  1.12302658E+00  1.13441906E+00
   221  1.32600000E+02  1.13441906E+00  1.12441948E+00  1.13441906E+00
   222  1.33200000E+02  1.13441906E+00  1.12566707E+00  1.13441906E+00
   223  1.33800000E+02  1.13441906E+00  1.12677300E+00  1.13441906E+00
   224  1.34400000E+02  1.13441906E+00  1.12774281E+00  1.13441906E+00
   225  1.35000000E+02  1.13441906E+00  1.12858387E+00  1.13441906E+00
   226  1.35600000E+02  1.13441906E+00  1.12930521E+00  1.13441906E+00
   227  1.36200000E+02  1.13441906E+00  1.12991733E+00  1.13441906E+00
   228  1.36800000E+02  1.13441906E+00  1.13043187E+00  1.13441906E+00
   229  1.37400000E+02  1.13441906E+00  1.13086125E+00  1.13441906E+00
   230  1.38000000E+02  1.13441906E+00  1.13121828E+00  1.13441906E+00
   231  1.38600000E+02  1.13441906E+00  1.13151575E+00  1.13441906E+00
   232  1.39200000E+02  1.13441906E+00  1.13176591E+00  1.13441906E+00
   233  1.39800000E+02  1.13441905E+00  1.13198009E+00  1.13441905E+00
   234  1.40400000E+02  1.13441905E+00  1.13216834E+00  1.13441905E+00
   235  1.41000000E+02  1.13441905E+00  1.13233908E+00  1.13441905E+00
   236  1.41600000E+02  1.13441905E+00  1.13249889E+00  1.13441905E+00
   237  1.42200000E+02  1.13441905E+00  1.13265245E+00  1.13441905E+00
   238  1.42800000E+02  1.13441905E+00  1.13280254E+00  1.13441905E+00
   239  1.43400000E+02  1.13441905E+00  1.13295022E+00  1.13441905E+00
   240  1.44000000E+02  1.13441905E+00  1.13309504E+00  1.13441905E+00
   241  1.44600000E+02  1.13441905E+00  1.13323542E+00  1.13441905E+00
   242  1.45200000E+02  1.13441905E+00  1.13336902E+00  1.13441905E+00
   243  1.45800000E+02  1.13441905E+00  1.13349321E+00  1.13441905E+00
   244  1.46400000E+02  1.13441905E+00  1.13360539E+00  1.13441905E+00
   245  1.47000000E+02  1.13441905E+00  1.13370344E+00  1.13441905E+00
   246  1.47600000E+02  1.13441905E+00  1.13378590E+00  1.13441905E+00
   247  1.48200000E+02  1.13441905E+00  1.13385218E+00  1.13441905E+00
   248  1.48800000E+02  1.13441905E+00  1.13390262E+00  1.13441905E+00
   249  1.49400000E+02  1.13441905E+00  1.13393841E+00  1.13441905E+00
   250  1.50000000E+02  1.13441905E+00  1.13396148E+00  1.13441905E+00
   251  1.50600000E+02  1.13441905E+00  1.13397426E+00  1.13441905E+00
   252  1.51200000E+02  1.13441905E+00  1.13397945E+00  1.13441905E+00
   253  1.51800000E+02  1.13441905E+00  1.13397978E+00  1.13441905E+00
   254  1.52400000E+02  1.13441905E+00  1.13397771E+00  1.13441905E+00
   255  1.53000000E+02  1.13441905E+00  1.13397533E+00  1.13441905E+00
   256  1.53600000E+02  1.13441905E+00  1.13397416E+00  1.13441905E+00
   257  1.54200000E+02  1.13441905E+00  1.13397515E+00  1.13441905E+00
   258  1.54800000E+02  1.13441905E+00  1.13397870E+00  1.13441905E+00
   259  1.55400000E+02  1.13441905E+00  1.13398469E+00  1.13441905E+00
   260  1.56000000E+02  1.13441905E+00  1.13399264E+00  1.13441905E+00
   261  1.56600000E+02  1.13441905E+00  1.13400184E+00  1.13441905E+00
 steady-height stop at step    261: changes <=   1.0000E-05, max-end <=   1.0000E-02, max/end/gap/profile_change =   1.13441905E+00  1.13400184E+00  4.17216152E-04  9.20254563E-06


STDERR:
