COMMAND:
/shared/generate_rom_data/extrudate_swell2d_c_cluster

STDOUT:
 comppar: model =   6
 comppar: lambda,mobility/eps,betav,eta_0 =  1.0000E+01  3.6667E-01  1.0000E-01  1.0000E+00
 comppar: eta_s,eta_p,G =  1.0000E-01  9.0000E-01  9.0000E-02
 comppar: U_avg,deltat,flowrate,nsteps =  5.0000E-02  6.0000E-01  1.5708E-01     700
 comppar: geometry = axisymmetric
 comppar: steady stop change,gap,hold,min =  1.0000E-05  1.0000E-02      10      80
 comppar: ncompc,ncompg =     4     5
 mesh nnodes = 5765
 mesh nelem = 2780
 P1 BC   5.0000000000000000     
 P2 BC   0.0000000000000000     
     1  6.00000000E-01  1.00378131E+00  1.00000000E+00  1.00378131E+00
     2  1.20000000E+00  1.00741704E+00  1.00000000E+00  1.00741704E+00
     3  1.80000000E+00  1.01087760E+00  1.00000000E+00  1.01087760E+00
     4  2.40000000E+00  1.01422252E+00  1.00000000E+00  1.01422252E+00
     5  3.00000000E+00  1.01746524E+00  1.00000000E+00  1.01746524E+00
     6  3.60000000E+00  1.02063351E+00  1.00000000E+00  1.02063351E+00
     7  4.20000000E+00  1.02374829E+00  1.00000001E+00  1.02374829E+00
     8  4.80000000E+00  1.02683396E+00  1.00000001E+00  1.02683396E+00
     9  5.40000000E+00  1.02987598E+00  1.00000001E+00  1.02987598E+00
    10  6.00000000E+00  1.03288923E+00  1.00000001E+00  1.03288923E+00
    11  6.60000000E+00  1.03586955E+00  1.00000001E+00  1.03586955E+00
    12  7.20000000E+00  1.03881244E+00  1.00000001E+00  1.03881244E+00
    13  7.80000000E+00  1.04171563E+00  1.00000001E+00  1.04171563E+00
    14  8.40000000E+00  1.04457564E+00  1.00000001E+00  1.04457564E+00
    15  9.00000000E+00  1.04737453E+00  1.00000002E+00  1.04737453E+00
    16  9.60000000E+00  1.05014672E+00  1.00000002E+00  1.05014672E+00
    17  1.02000000E+01  1.05280918E+00  1.00000001E+00  1.05280918E+00
    18  1.08000000E+01  1.05546417E+00  1.00000001E+00  1.05546417E+00
    19  1.14000000E+01  1.05800518E+00  1.00000001E+00  1.05800518E+00
    20  1.20000000E+01  1.06042348E+00  1.00000001E+00  1.06042348E+00
    21  1.26000000E+01  1.06284100E+00  1.00000000E+00  1.06284100E+00
    22  1.32000000E+01  1.06510379E+00  9.99999998E-01  1.06510379E+00
    23  1.38000000E+01  1.06733269E+00  9.99999991E-01  1.06733269E+00
    24  1.44000000E+01  1.06944839E+00  9.99999983E-01  1.06944839E+00
    25  1.50000000E+01  1.07149848E+00  9.99999972E-01  1.07149848E+00
    26  1.56000000E+01  1.07348899E+00  9.99999960E-01  1.07348899E+00
    27  1.62000000E+01  1.07534869E+00  9.99999946E-01  1.07534869E+00
    28  1.68000000E+01  1.07721390E+00  9.99999928E-01  1.07721390E+00
    29  1.74000000E+01  1.07889244E+00  9.99999908E-01  1.07889244E+00
    30  1.80000000E+01  1.08059665E+00  9.99999885E-01  1.08059665E+00
    31  1.86000000E+01  1.08219016E+00  9.99999859E-01  1.08219016E+00
    32  1.92000000E+01  1.08367250E+00  9.99999828E-01  1.08367250E+00
    33  1.98000000E+01  1.08518365E+00  9.99999793E-01  1.08518365E+00
    34  2.04000000E+01  1.08652161E+00  9.99999754E-01  1.08652161E+00
    35  2.10000000E+01  1.08784090E+00  9.99999709E-01  1.08784090E+00
    36  2.16000000E+01  1.08914509E+00  9.99999658E-01  1.08914509E+00
    37  2.22000000E+01  1.09030291E+00  9.99999601E-01  1.09030291E+00
    38  2.28000000E+01  1.09146466E+00  9.99999537E-01  1.09146466E+00
    39  2.34000000E+01  1.09259032E+00  9.99999466E-01  1.09259032E+00
    40  2.40000000E+01  1.09360332E+00  9.99999386E-01  1.09360332E+00
    41  2.46000000E+01  1.09459478E+00  9.99999297E-01  1.09459478E+00
    42  2.52000000E+01  1.09560982E+00  9.99999198E-01  1.09560982E+00
    43  2.58000000E+01  1.09653965E+00  9.99999089E-01  1.09653965E+00
    44  2.64000000E+01  1.09740772E+00  9.99998968E-01  1.09740772E+00
    45  2.70000000E+01  1.09824111E+00  9.99998835E-01  1.09824111E+00
    46  2.76000000E+01  1.09910354E+00  9.99998687E-01  1.09910354E+00
    47  2.82000000E+01  1.09991971E+00  9.99998525E-01  1.09991971E+00
    48  2.88000000E+01  1.10069245E+00  9.99998347E-01  1.10069245E+00
    49  2.94000000E+01  1.10141361E+00  9.99998152E-01  1.10141361E+00
    50  3.00000000E+01  1.10213406E+00  9.99997938E-01  1.10213406E+00
    51  3.06000000E+01  1.10284372E+00  9.99997704E-01  1.10284372E+00
    52  3.12000000E+01  1.10348997E+00  9.99997448E-01  1.10348997E+00
    53  3.18000000E+01  1.10406062E+00  9.99997169E-01  1.10406062E+00
    54  3.24000000E+01  1.10469310E+00  9.99996865E-01  1.10469310E+00
    55  3.30000000E+01  1.10526616E+00  9.99996534E-01  1.10526616E+00
    56  3.36000000E+01  1.10575565E+00  9.99996175E-01  1.10575565E+00
    57  3.42000000E+01  1.10626115E+00  9.99995784E-01  1.10626115E+00
    58  3.48000000E+01  1.10675222E+00  9.99995361E-01  1.10675222E+00
    59  3.54000000E+01  1.10716319E+00  9.99994903E-01  1.10716319E+00
    60  3.60000000E+01  1.10758437E+00  9.99994407E-01  1.10758437E+00
    61  3.66000000E+01  1.10799722E+00  9.99993871E-01  1.10799722E+00
    62  3.72000000E+01  1.10833424E+00  9.99993292E-01  1.10833424E+00
    63  3.78000000E+01  1.10865182E+00  9.99992668E-01  1.10865182E+00
    64  3.84000000E+01  1.10899594E+00  9.99991995E-01  1.10899594E+00
    65  3.90000000E+01  1.10927586E+00  9.99991272E-01  1.10927586E+00
    66  3.96000000E+01  1.10952984E+00  9.99990494E-01  1.10952984E+00
    67  4.02000000E+01  1.10980975E+00  9.99989659E-01  1.10980975E+00
    68  4.08000000E+01  1.11003737E+00  9.99988763E-01  1.11003737E+00
    69  4.14000000E+01  1.11024441E+00  9.99987802E-01  1.11024441E+00
    70  4.20000000E+01  1.11047743E+00  9.99986774E-01  1.11047743E+00
    71  4.26000000E+01  1.11066972E+00  9.99985674E-01  1.11066972E+00
    72  4.32000000E+01  1.11083352E+00  9.99984499E-01  1.11083352E+00
    73  4.38000000E+01  1.11100838E+00  9.99983245E-01  1.11100838E+00
    74  4.44000000E+01  1.11117038E+00  9.99981908E-01  1.11117038E+00
    75  4.50000000E+01  1.11131364E+00  9.99980483E-01  1.11131364E+00
    76  4.56000000E+01  1.11144439E+00  9.99978968E-01  1.11144439E+00
    77  4.62000000E+01  1.11157564E+00  9.99977357E-01  1.11157564E+00
    78  4.68000000E+01  1.11170285E+00  9.99975646E-01  1.11170285E+00
    79  4.74000000E+01  1.11181978E+00  9.99973832E-01  1.11181978E+00
    80  4.80000000E+01  1.11192774E+00  9.99971911E-01  1.11192774E+00
    81  4.86000000E+01  1.11202656E+00  9.99969877E-01  1.11202656E+00
    82  4.92000000E+01  1.11211577E+00  9.99967729E-01  1.11211577E+00
    83  4.98000000E+01  1.11220614E+00  9.99965461E-01  1.11220614E+00
    84  5.04000000E+01  1.11229624E+00  9.99963070E-01  1.11229624E+00
    85  5.10000000E+01  1.11237671E+00  9.99960553E-01  1.11237671E+00
    86  5.16000000E+01  1.11244836E+00  9.99957906E-01  1.11244836E+00
    87  5.22000000E+01  1.11251291E+00  9.99955127E-01  1.11251291E+00
    88  5.28000000E+01  1.11257250E+00  9.99952214E-01  1.11257250E+00
    89  5.34000000E+01  1.11263645E+00  9.99949165E-01  1.11263645E+00
    90  5.40000000E+01  1.11269682E+00  9.99945978E-01  1.11269682E+00
    91  5.46000000E+01  1.11275374E+00  9.99942652E-01  1.11275374E+00
    92  5.52000000E+01  1.11280869E+00  9.99939189E-01  1.11280869E+00
    93  5.58000000E+01  1.11286262E+00  9.99935588E-01  1.11286262E+00
    94  5.64000000E+01  1.11291586E+00  9.99931851E-01  1.11291586E+00
    95  5.70000000E+01  1.11296821E+00  9.99927982E-01  1.11296821E+00
    96  5.76000000E+01  1.11301921E+00  9.99923985E-01  1.11301921E+00
    97  5.82000000E+01  1.11306830E+00  9.99919866E-01  1.11306830E+00
    98  5.88000000E+01  1.11311509E+00  9.99915630E-01  1.11311509E+00
    99  5.94000000E+01  1.11315934E+00  9.99911289E-01  1.11315934E+00
   100  6.00000000E+01  1.11320107E+00  9.99906852E-01  1.11320107E+00
   101  6.06000000E+01  1.11324043E+00  9.99902332E-01  1.11324043E+00
   102  6.12000000E+01  1.11327850E+00  9.99897746E-01  1.11327850E+00
   103  6.18000000E+01  1.11331789E+00  9.99893111E-01  1.11331789E+00
   104  6.24000000E+01  1.11335513E+00  9.99888448E-01  1.11335513E+00
   105  6.30000000E+01  1.11339046E+00  9.99883783E-01  1.11339046E+00
   106  6.36000000E+01  1.11342411E+00  9.99879143E-01  1.11342411E+00
   107  6.42000000E+01  1.11345621E+00  9.99874560E-01  1.11345621E+00
   108  6.48000000E+01  1.11348680E+00  9.99870071E-01  1.11348680E+00
   109  6.54000000E+01  1.11351590E+00  9.99865716E-01  1.11351590E+00
   110  6.60000000E+01  1.11354349E+00  9.99861542E-01  1.11354349E+00
   111  6.66000000E+01  1.11356953E+00  9.99857601E-01  1.11356953E+00
   112  6.72000000E+01  1.11359405E+00  9.99853951E-01  1.11359405E+00
   113  6.78000000E+01  1.11361704E+00  9.99850657E-01  1.11361704E+00
   114  6.84000000E+01  1.11363854E+00  9.99847791E-01  1.11363854E+00
   115  6.90000000E+01  1.11365862E+00  9.99845434E-01  1.11365862E+00
   116  6.96000000E+01  1.11367908E+00  9.99843675E-01  1.11367908E+00
   117  7.02000000E+01  1.11369921E+00  9.99842612E-01  1.11369921E+00
   118  7.08000000E+01  1.11371795E+00  9.99842354E-01  1.11371795E+00
   119  7.14000000E+01  1.11373537E+00  9.99843019E-01  1.11373537E+00
   120  7.20000000E+01  1.11375154E+00  9.99844739E-01  1.11375154E+00
   121  7.26000000E+01  1.11376650E+00  9.99847658E-01  1.11376650E+00
   122  7.32000000E+01  1.11378034E+00  9.99851932E-01  1.11378034E+00
   123  7.38000000E+01  1.11379310E+00  9.99857735E-01  1.11379310E+00
   124  7.44000000E+01  1.11380486E+00  9.99865255E-01  1.11380486E+00
   125  7.50000000E+01  1.11381566E+00  9.99874696E-01  1.11381566E+00
   126  7.56000000E+01  1.11382557E+00  9.99886284E-01  1.11382557E+00
   127  7.62000000E+01  1.11383465E+00  9.99900262E-01  1.11383465E+00
   128  7.68000000E+01  1.11384296E+00  9.99916897E-01  1.11384296E+00
   129  7.74000000E+01  1.11385054E+00  9.99936476E-01  1.11385054E+00
   130  7.80000000E+01  1.11385746E+00  9.99959312E-01  1.11385746E+00
   131  7.86000000E+01  1.11386437E+00  9.99985745E-01  1.11386437E+00
   132  7.92000000E+01  1.11387130E+00  1.00001614E+00  1.11387130E+00
   133  7.98000000E+01  1.11387762E+00  1.00005090E+00  1.11387762E+00
   134  8.04000000E+01  1.11388337E+00  1.00009044E+00  1.11388337E+00
   135  8.10000000E+01  1.11388859E+00  1.00013523E+00  1.11388859E+00
   136  8.16000000E+01  1.11389334E+00  1.00018576E+00  1.11389334E+00
   137  8.22000000E+01  1.11389764E+00  1.00024257E+00  1.11389764E+00
   138  8.28000000E+01  1.11390154E+00  1.00030623E+00  1.11390154E+00
   139  8.34000000E+01  1.11390507E+00  1.00037736E+00  1.11390507E+00
   140  8.40000000E+01  1.11390827E+00  1.00045662E+00  1.11390827E+00
   141  8.46000000E+01  1.11391116E+00  1.00054471E+00  1.11391116E+00
   142  8.52000000E+01  1.11391377E+00  1.00064239E+00  1.11391377E+00
   143  8.58000000E+01  1.11391613E+00  1.00075047E+00  1.11391613E+00
   144  8.64000000E+01  1.11391826E+00  1.00086982E+00  1.11391826E+00
   145  8.70000000E+01  1.11392018E+00  1.00100136E+00  1.11392018E+00
   146  8.76000000E+01  1.11392191E+00  1.00114608E+00  1.11392191E+00
   147  8.82000000E+01  1.11392348E+00  1.00130503E+00  1.11392348E+00
   148  8.88000000E+01  1.11392489E+00  1.00147933E+00  1.11392489E+00
   149  8.94000000E+01  1.11392617E+00  1.00167015E+00  1.11392617E+00
   150  9.00000000E+01  1.11392732E+00  1.00187876E+00  1.11392732E+00
   151  9.06000000E+01  1.11392836E+00  1.00210649E+00  1.11392836E+00
   152  9.12000000E+01  1.11392930E+00  1.00235474E+00  1.11392930E+00
   153  9.18000000E+01  1.11393015E+00  1.00262501E+00  1.11393015E+00
   154  9.24000000E+01  1.11393092E+00  1.00291886E+00  1.11393092E+00
   155  9.30000000E+01  1.11393162E+00  1.00323794E+00  1.11393162E+00
   156  9.36000000E+01  1.11393225E+00  1.00358398E+00  1.11393225E+00
   157  9.42000000E+01  1.11393282E+00  1.00395882E+00  1.11393282E+00
   158  9.48000000E+01  1.11393333E+00  1.00436435E+00  1.11393333E+00
   159  9.54000000E+01  1.11393380E+00  1.00480256E+00  1.11393380E+00
   160  9.60000000E+01  1.11393423E+00  1.00527554E+00  1.11393423E+00
   161  9.66000000E+01  1.11393462E+00  1.00578544E+00  1.11393462E+00
   162  9.72000000E+01  1.11393497E+00  1.00633451E+00  1.11393497E+00
   163  9.78000000E+01  1.11393529E+00  1.00692508E+00  1.11393529E+00
   164  9.84000000E+01  1.11393558E+00  1.00755953E+00  1.11393558E+00
   165  9.90000000E+01  1.11393585E+00  1.00824034E+00  1.11393585E+00
   166  9.96000000E+01  1.11393610E+00  1.00897003E+00  1.11393610E+00
   167  1.00200000E+02  1.11393632E+00  1.00975118E+00  1.11393632E+00
   168  1.00800000E+02  1.11393653E+00  1.01058641E+00  1.11393653E+00
   169  1.01400000E+02  1.11393671E+00  1.01147835E+00  1.11393671E+00
   170  1.02000000E+02  1.11393689E+00  1.01242967E+00  1.11393689E+00
   171  1.02600000E+02  1.11393704E+00  1.01344302E+00  1.11393704E+00
   172  1.03200000E+02  1.11393719E+00  1.01452101E+00  1.11393719E+00
   173  1.03800000E+02  1.11393732E+00  1.01566622E+00  1.11393732E+00
   174  1.04400000E+02  1.11393745E+00  1.01688115E+00  1.11393745E+00
   175  1.05000000E+02  1.11393756E+00  1.01816821E+00  1.11393756E+00
   176  1.05600000E+02  1.11393767E+00  1.01952966E+00  1.11393767E+00
   177  1.06200000E+02  1.11393776E+00  1.02096761E+00  1.11393776E+00
   178  1.06800000E+02  1.11393785E+00  1.02248398E+00  1.11393785E+00
   179  1.07400000E+02  1.11393794E+00  1.02408045E+00  1.11393794E+00
   180  1.08000000E+02  1.11393801E+00  1.02575842E+00  1.11393801E+00
   181  1.08600000E+02  1.11393808E+00  1.02751897E+00  1.11393808E+00
   182  1.09200000E+02  1.11393815E+00  1.02936282E+00  1.11393815E+00
   183  1.09800000E+02  1.11393821E+00  1.03129028E+00  1.11393821E+00
   184  1.10400000E+02  1.11393827E+00  1.03330118E+00  1.11393827E+00
   185  1.11000000E+02  1.11393832E+00  1.03539483E+00  1.11393832E+00
   186  1.11600000E+02  1.11393837E+00  1.03756996E+00  1.11393837E+00
   187  1.12200000E+02  1.11393841E+00  1.03982467E+00  1.11393841E+00
   188  1.12800000E+02  1.11393845E+00  1.04215636E+00  1.11393845E+00
   189  1.13400000E+02  1.11393849E+00  1.04456170E+00  1.11393849E+00
   190  1.14000000E+02  1.11393853E+00  1.04703657E+00  1.11393853E+00
   191  1.14600000E+02  1.11393856E+00  1.04957600E+00  1.11393856E+00
   192  1.15200000E+02  1.11393859E+00  1.05217417E+00  1.11393859E+00
   193  1.15800000E+02  1.11393862E+00  1.05482437E+00  1.11393862E+00
   194  1.16400000E+02  1.11393865E+00  1.05751895E+00  1.11393865E+00
   195  1.17000000E+02  1.11393867E+00  1.06024937E+00  1.11393867E+00
   196  1.17600000E+02  1.11393870E+00  1.06300617E+00  1.11393870E+00
   197  1.18200000E+02  1.11393872E+00  1.06577899E+00  1.11393872E+00
   198  1.18800000E+02  1.11393874E+00  1.06855665E+00  1.11393874E+00
   199  1.19400000E+02  1.11393876E+00  1.07132717E+00  1.11393876E+00
   200  1.20000000E+02  1.11393878E+00  1.07407791E+00  1.11393878E+00
   201  1.20600000E+02  1.11393879E+00  1.07679563E+00  1.11393879E+00
   202  1.21200000E+02  1.11393881E+00  1.07946669E+00  1.11393881E+00
   203  1.21800000E+02  1.11393882E+00  1.08207723E+00  1.11393882E+00
   204  1.22400000E+02  1.11393883E+00  1.08461334E+00  1.11393883E+00
   205  1.23000000E+02  1.11393885E+00  1.08706139E+00  1.11393885E+00
   206  1.23600000E+02  1.11393886E+00  1.08940827E+00  1.11393886E+00
   207  1.24200000E+02  1.11393887E+00  1.09164173E+00  1.11393887E+00
   208  1.24800000E+02  1.11393888E+00  1.09375070E+00  1.11393888E+00
   209  1.25400000E+02  1.11393889E+00  1.09572568E+00  1.11393889E+00
   210  1.26000000E+02  1.11393890E+00  1.09755903E+00  1.11393890E+00
   211  1.26600000E+02  1.11393890E+00  1.09924532E+00  1.11393890E+00
   212  1.27200000E+02  1.11393891E+00  1.10078159E+00  1.11393891E+00
   213  1.27800000E+02  1.11393892E+00  1.10216749E+00  1.11393892E+00
   214  1.28400000E+02  1.11393892E+00  1.10340545E+00  1.11393892E+00
   215  1.29000000E+02  1.11393893E+00  1.10450057E+00  1.11393893E+00
   216  1.29600000E+02  1.11393894E+00  1.10546051E+00  1.11393894E+00
   217  1.30200000E+02  1.11393894E+00  1.10629518E+00  1.11393894E+00
   218  1.30800000E+02  1.11393895E+00  1.10701628E+00  1.11393895E+00
   219  1.31400000E+02  1.11393895E+00  1.10763677E+00  1.11393895E+00
   220  1.32000000E+02  1.11393896E+00  1.10817023E+00  1.11393896E+00
   221  1.32600000E+02  1.11393896E+00  1.10863018E+00  1.11393896E+00
   222  1.33200000E+02  1.11393896E+00  1.10902940E+00  1.11393896E+00
   223  1.33800000E+02  1.11393897E+00  1.10937937E+00  1.11393897E+00
   224  1.34400000E+02  1.11393897E+00  1.10968979E+00  1.11393897E+00
   225  1.35000000E+02  1.11393897E+00  1.10996824E+00  1.11393897E+00
   226  1.35600000E+02  1.11393898E+00  1.11022015E+00  1.11393898E+00
   227  1.36200000E+02  1.11393898E+00  1.11044887E+00  1.11393898E+00
   228  1.36800000E+02  1.11393898E+00  1.11065599E+00  1.11393898E+00
   229  1.37400000E+02  1.11393898E+00  1.11084180E+00  1.11393898E+00
   230  1.38000000E+02  1.11393898E+00  1.11100584E+00  1.11393898E+00
   231  1.38600000E+02  1.11393899E+00  1.11114749E+00  1.11393899E+00
   232  1.39200000E+02  1.11393899E+00  1.11126648E+00  1.11393899E+00
   233  1.39800000E+02  1.11393899E+00  1.11136334E+00  1.11393899E+00
   234  1.40400000E+02  1.11393899E+00  1.11143958E+00  1.11393899E+00
   235  1.41000000E+02  1.11393899E+00  1.11149778E+00  1.11393899E+00
   236  1.41600000E+02  1.11393899E+00  1.11154145E+00  1.11393899E+00
   237  1.42200000E+02  1.11393900E+00  1.11157472E+00  1.11393900E+00
   238  1.42800000E+02  1.11393900E+00  1.11160193E+00  1.11393900E+00
   239  1.43400000E+02  1.11393900E+00  1.11162720E+00  1.11393900E+00
   240  1.44000000E+02  1.11393900E+00  1.11165405E+00  1.11393900E+00
   241  1.44600000E+02  1.11393900E+00  1.11168506E+00  1.11393900E+00
   242  1.45200000E+02  1.11393900E+00  1.11172169E+00  1.11393900E+00
   243  1.45800000E+02  1.11393900E+00  1.11176430E+00  1.11393900E+00
   244  1.46400000E+02  1.11393900E+00  1.11181222E+00  1.11393900E+00
   245  1.47000000E+02  1.11393900E+00  1.11186406E+00  1.11393900E+00
   246  1.47600000E+02  1.11393900E+00  1.11191793E+00  1.11393900E+00
   247  1.48200000E+02  1.11393900E+00  1.11197187E+00  1.11393900E+00
   248  1.48800000E+02  1.11393901E+00  1.11202407E+00  1.11393901E+00
   249  1.49400000E+02  1.11393901E+00  1.11207312E+00  1.11393901E+00
   250  1.50000000E+02  1.11393901E+00  1.11211812E+00  1.11393901E+00
   251  1.50600000E+02  1.11393901E+00  1.11215873E+00  1.11393901E+00
   252  1.51200000E+02  1.11393901E+00  1.11219508E+00  1.11393901E+00
   253  1.51800000E+02  1.11393901E+00  1.11222767E+00  1.11393901E+00
   254  1.52400000E+02  1.11393901E+00  1.11225720E+00  1.11393901E+00
   255  1.53000000E+02  1.11393901E+00  1.11228440E+00  1.11393901E+00
   256  1.53600000E+02  1.11393901E+00  1.11230993E+00  1.11393901E+00
   257  1.54200000E+02  1.11393901E+00  1.11233430E+00  1.11393901E+00
   258  1.54800000E+02  1.11393901E+00  1.11235780E+00  1.11393901E+00
   259  1.55400000E+02  1.11393901E+00  1.11238052E+00  1.11393901E+00
   260  1.56000000E+02  1.11393901E+00  1.11240242E+00  1.11393901E+00
   261  1.56600000E+02  1.11393901E+00  1.11242335E+00  1.11393901E+00
   262  1.57200000E+02  1.11393901E+00  1.11244316E+00  1.11393901E+00
   263  1.57800000E+02  1.11393901E+00  1.11246167E+00  1.11393901E+00
   264  1.58400000E+02  1.11393901E+00  1.11247882E+00  1.11393901E+00
   265  1.59000000E+02  1.11393901E+00  1.11249457E+00  1.11393901E+00
   266  1.59600000E+02  1.11393901E+00  1.11250898E+00  1.11393901E+00
   267  1.60200000E+02  1.11393901E+00  1.11252212E+00  1.11393901E+00
   268  1.60800000E+02  1.11393901E+00  1.11253412E+00  1.11393901E+00
   269  1.61400000E+02  1.11393901E+00  1.11254511E+00  1.11393901E+00
   270  1.62000000E+02  1.11393901E+00  1.11255519E+00  1.11393901E+00
   271  1.62600000E+02  1.11393901E+00  1.11256445E+00  1.11393901E+00
   272  1.63200000E+02  1.11393901E+00  1.11257295E+00  1.11393901E+00
   273  1.63800000E+02  1.11393901E+00  1.11258073E+00  1.11393901E+00
   274  1.64400000E+02  1.11393901E+00  1.11258784E+00  1.11393901E+00
   275  1.65000000E+02  1.11393901E+00  1.11259428E+00  1.11393901E+00
   276  1.65600000E+02  1.11393901E+00  1.11260011E+00  1.11393901E+00
   277  1.66200000E+02  1.11393901E+00  1.11260535E+00  1.11393901E+00
   278  1.66800000E+02  1.11393901E+00  1.11261006E+00  1.11393901E+00
   279  1.67400000E+02  1.11393901E+00  1.11261429E+00  1.11393901E+00
   280  1.68000000E+02  1.11393901E+00  1.11261810E+00  1.11393901E+00
 steady-height stop at step    280: changes <=   1.0000E-05, max-end <=   1.0000E-02, max/end/gap/profile_change =   1.11393901E+00  1.11261810E+00  1.32091367E-03  3.80672516E-06


STDERR:
