COMMAND:
/shared/generate_rom_data/extrudate_swell2d_c_cluster

STDOUT:
 comppar: model =   6
 comppar: lambda,mobility/eps,betav,eta_0 =  2.8000E+00  2.3333E-01  3.0000E-01  1.0000E+00
 comppar: eta_s,eta_p,G =  3.0000E-01  7.0000E-01  2.5000E-01
 comppar: U_avg,deltat,flowrate,nsteps =  5.0000E-02  6.0000E-01  1.5708E-01     700
 comppar: geometry = axisymmetric
 comppar: steady stop change,gap,hold,min =  1.0000E-05  1.0000E-02      10      80
 comppar: ncompc,ncompg =     4     5
 mesh nnodes = 5765
 mesh nelem = 2780
 P1 BC   5.0000000000000000     
 P2 BC   0.0000000000000000     
     1  6.00000000E-01  1.00378954E+00  1.00000000E+00  1.00378954E+00
     2  1.20000000E+00  1.00745181E+00  1.00000000E+00  1.00745181E+00
     3  1.80000000E+00  1.01095785E+00  1.00000000E+00  1.01095785E+00
     4  2.40000000E+00  1.01435589E+00  1.00000000E+00  1.01435589E+00
     5  3.00000000E+00  1.01766653E+00  1.00000000E+00  1.01766653E+00
     6  3.60000000E+00  1.02090731E+00  1.00000000E+00  1.02090731E+00
     7  4.20000000E+00  1.02408795E+00  1.00000001E+00  1.02408795E+00
     8  4.80000000E+00  1.02720598E+00  1.00000001E+00  1.02720598E+00
     9  5.40000000E+00  1.03026564E+00  1.00000001E+00  1.03026564E+00
    10  6.00000000E+00  1.03329307E+00  1.00000001E+00  1.03329307E+00
    11  6.60000000E+00  1.03624580E+00  1.00000001E+00  1.03624580E+00
    12  7.20000000E+00  1.03915398E+00  1.00000001E+00  1.03915398E+00
    13  7.80000000E+00  1.04201323E+00  1.00000001E+00  1.04201323E+00
    14  8.40000000E+00  1.04478920E+00  1.00000001E+00  1.04478920E+00
    15  9.00000000E+00  1.04755218E+00  1.00000000E+00  1.04755218E+00
    16  9.60000000E+00  1.05020431E+00  1.00000000E+00  1.05020431E+00
    17  1.02000000E+01  1.05286257E+00  9.99999996E-01  1.05286257E+00
    18  1.08000000E+01  1.05538466E+00  9.99999990E-01  1.05538466E+00
    19  1.14000000E+01  1.05791375E+00  9.99999983E-01  1.05791375E+00
    20  1.20000000E+01  1.06032087E+00  9.99999974E-01  1.06032087E+00
    21  1.26000000E+01  1.06272823E+00  9.99999963E-01  1.06272823E+00
    22  1.32000000E+01  1.06501730E+00  9.99999950E-01  1.06501730E+00
    23  1.38000000E+01  1.06729482E+00  9.99999934E-01  1.06729482E+00
    24  1.44000000E+01  1.06948935E+00  9.99999915E-01  1.06948935E+00
    25  1.50000000E+01  1.07162540E+00  9.99999894E-01  1.07162540E+00
    26  1.56000000E+01  1.07372438E+00  9.99999869E-01  1.07372438E+00
    27  1.62000000E+01  1.07566968E+00  9.99999840E-01  1.07566968E+00
    28  1.68000000E+01  1.07770314E+00  9.99999807E-01  1.07770314E+00
    29  1.74000000E+01  1.07956750E+00  9.99999769E-01  1.07956750E+00
    30  1.80000000E+01  1.08143630E+00  9.99999726E-01  1.08143630E+00
    31  1.86000000E+01  1.08323394E+00  9.99999677E-01  1.08323394E+00
    32  1.92000000E+01  1.08487205E+00  9.99999622E-01  1.08487205E+00
    33  1.98000000E+01  1.08664027E+00  9.99999561E-01  1.08664027E+00
    34  2.04000000E+01  1.08823351E+00  9.99999492E-01  1.08823351E+00
    35  2.10000000E+01  1.08979315E+00  9.99999415E-01  1.08979315E+00
    36  2.16000000E+01  1.09135711E+00  9.99999329E-01  1.09135711E+00
    37  2.22000000E+01  1.09274403E+00  9.99999233E-01  1.09274403E+00
    38  2.28000000E+01  1.09418990E+00  9.99999127E-01  1.09418990E+00
    39  2.34000000E+01  1.09558420E+00  9.99999010E-01  1.09558420E+00
    40  2.40000000E+01  1.09680354E+00  9.99998880E-01  1.09680354E+00
    41  2.46000000E+01  1.09815356E+00  9.99998738E-01  1.09815356E+00
    42  2.52000000E+01  1.09937842E+00  9.99998581E-01  1.09937842E+00
    43  2.58000000E+01  1.10044561E+00  9.99998408E-01  1.10044561E+00
    44  2.64000000E+01  1.10168147E+00  9.99998218E-01  1.10168147E+00
    45  2.70000000E+01  1.10274745E+00  9.99998011E-01  1.10274745E+00
    46  2.76000000E+01  1.10374682E+00  9.99997784E-01  1.10374682E+00
    47  2.82000000E+01  1.10482103E+00  9.99997537E-01  1.10482103E+00
    48  2.88000000E+01  1.10573195E+00  9.99997267E-01  1.10573195E+00
    49  2.94000000E+01  1.10666259E+00  9.99996973E-01  1.10666259E+00
    50  3.00000000E+01  1.10758534E+00  9.99996653E-01  1.10758534E+00
    51  3.06000000E+01  1.10835472E+00  9.99996306E-01  1.10835472E+00
    52  3.12000000E+01  1.10923001E+00  9.99995929E-01  1.10923001E+00
    53  3.18000000E+01  1.11000667E+00  9.99995521E-01  1.11000667E+00
    54  3.24000000E+01  1.11068195E+00  9.99995079E-01  1.11068195E+00
    55  3.30000000E+01  1.11147012E+00  9.99994602E-01  1.11147012E+00
    56  3.36000000E+01  1.11211611E+00  9.99994086E-01  1.11211611E+00
    57  3.42000000E+01  1.11275918E+00  9.99993530E-01  1.11275918E+00
    58  3.48000000E+01  1.11341177E+00  9.99992930E-01  1.11341177E+00
    59  3.54000000E+01  1.11393587E+00  9.99992285E-01  1.11393587E+00
    60  3.60000000E+01  1.11455844E+00  9.99991591E-01  1.11455844E+00
    61  3.66000000E+01  1.11509226E+00  9.99990846E-01  1.11509226E+00
    62  3.72000000E+01  1.11555510E+00  9.99990046E-01  1.11555510E+00
    63  3.78000000E+01  1.11609482E+00  9.99989189E-01  1.11609482E+00
    64  3.84000000E+01  1.11651977E+00  9.99988271E-01  1.11651977E+00
    65  3.90000000E+01  1.11697974E+00  9.99987289E-01  1.11697974E+00
    66  3.96000000E+01  1.11741320E+00  9.99986239E-01  1.11741320E+00
    67  4.02000000E+01  1.11774719E+00  9.99985119E-01  1.11774719E+00
    68  4.08000000E+01  1.11817903E+00  9.99983923E-01  1.11817903E+00
    69  4.14000000E+01  1.11851704E+00  9.99982650E-01  1.11851704E+00
    70  4.20000000E+01  1.11885601E+00  9.99981295E-01  1.11885601E+00
    71  4.26000000E+01  1.11920116E+00  9.99979853E-01  1.11920116E+00
    72  4.32000000E+01  1.11946089E+00  9.99978323E-01  1.11946089E+00
    73  4.38000000E+01  1.11977773E+00  9.99976698E-01  1.11977773E+00
    74  4.44000000E+01  1.12004078E+00  9.99974977E-01  1.12004078E+00
    75  4.50000000E+01  1.12028875E+00  9.99973154E-01  1.12028875E+00
    76  4.56000000E+01  1.12055748E+00  9.99971226E-01  1.12055748E+00
    77  4.62000000E+01  1.12075439E+00  9.99969189E-01  1.12075439E+00
    78  4.68000000E+01  1.12098442E+00  9.99967040E-01  1.12098442E+00
    79  4.74000000E+01  1.12118402E+00  9.99964775E-01  1.12118402E+00
    80  4.80000000E+01  1.12136583E+00  9.99962391E-01  1.12136583E+00
    81  4.86000000E+01  1.12156961E+00  9.99959885E-01  1.12156961E+00
    82  4.92000000E+01  1.12171446E+00  9.99957254E-01  1.12171446E+00
    83  4.98000000E+01  1.12188021E+00  9.99954495E-01  1.12188021E+00
    84  5.04000000E+01  1.12202715E+00  9.99951607E-01  1.12202715E+00
    85  5.10000000E+01  1.12216073E+00  9.99948588E-01  1.12216073E+00
    86  5.16000000E+01  1.12231041E+00  9.99945436E-01  1.12231041E+00
    87  5.22000000E+01  1.12241308E+00  9.99942152E-01  1.12241308E+00
    88  5.28000000E+01  1.12253133E+00  9.99938736E-01  1.12253133E+00
    89  5.34000000E+01  1.12263556E+00  9.99935189E-01  1.12263556E+00
    90  5.40000000E+01  1.12273480E+00  9.99931512E-01  1.12273480E+00
    91  5.46000000E+01  1.12284041E+00  9.99927709E-01  1.12284041E+00
    92  5.52000000E+01  1.12290981E+00  9.99923785E-01  1.12290981E+00
    93  5.58000000E+01  1.12299395E+00  9.99919744E-01  1.12299395E+00
    94  5.64000000E+01  1.12306444E+00  9.99915593E-01  1.12306444E+00
    95  5.70000000E+01  1.12313929E+00  9.99911343E-01  1.12313929E+00
    96  5.76000000E+01  1.12320995E+00  9.99907002E-01  1.12320995E+00
    97  5.82000000E+01  1.12325396E+00  9.99902583E-01  1.12325396E+00
    98  5.88000000E+01  1.12331310E+00  9.99898102E-01  1.12331310E+00
    99  5.94000000E+01  1.12335781E+00  9.99893576E-01  1.12335781E+00
   100  6.00000000E+01  1.12341490E+00  9.99889024E-01  1.12341490E+00
   101  6.06000000E+01  1.12345874E+00  9.99884469E-01  1.12345874E+00
   102  6.12000000E+01  1.12348417E+00  9.99879939E-01  1.12348417E+00
   103  6.18000000E+01  1.12352486E+00  9.99875462E-01  1.12352486E+00
   104  6.24000000E+01  1.12355068E+00  9.99871074E-01  1.12355068E+00
   105  6.30000000E+01  1.12359419E+00  9.99866812E-01  1.12359419E+00
   106  6.36000000E+01  1.12361829E+00  9.99862720E-01  1.12361829E+00
   107  6.42000000E+01  1.12363324E+00  9.99858845E-01  1.12363324E+00
   108  6.48000000E+01  1.12365779E+00  9.99855243E-01  1.12365779E+00
   109  6.54000000E+01  1.12368033E+00  9.99851972E-01  1.12368033E+00
   110  6.60000000E+01  1.12370345E+00  9.99849100E-01  1.12370345E+00
   111  6.66000000E+01  1.12371387E+00  9.99846700E-01  1.12371387E+00
   112  6.72000000E+01  1.12372405E+00  9.99844855E-01  1.12372405E+00
   113  6.78000000E+01  1.12373463E+00  9.99843654E-01  1.12373463E+00
   114  6.84000000E+01  1.12375472E+00  9.99843197E-01  1.12375472E+00
   115  6.90000000E+01  1.12376314E+00  9.99843593E-01  1.12376314E+00
   116  6.96000000E+01  1.12376491E+00  9.99844963E-01  1.12376491E+00
   117  7.02000000E+01  1.12377118E+00  9.99847438E-01  1.12377118E+00
   118  7.08000000E+01  1.12378337E+00  9.99851162E-01  1.12378337E+00
   119  7.14000000E+01  1.12379004E+00  9.99856293E-01  1.12379004E+00
   120  7.20000000E+01  1.12380317E+00  9.99863001E-01  1.12380317E+00
   121  7.26000000E+01  1.12381738E+00  9.99871474E-01  1.12381738E+00
   122  7.32000000E+01  1.12383011E+00  9.99881916E-01  1.12383011E+00
   123  7.38000000E+01  1.12384098E+00  9.99894546E-01  1.12384098E+00
   124  7.44000000E+01  1.12385225E+00  9.99909605E-01  1.12385225E+00
   125  7.50000000E+01  1.12386329E+00  9.99927354E-01  1.12386329E+00
   126  7.56000000E+01  1.12387226E+00  9.99948074E-01  1.12387226E+00
   127  7.62000000E+01  1.12387908E+00  9.99972069E-01  1.12387908E+00
   128  7.68000000E+01  1.12388694E+00  9.99999670E-01  1.12388694E+00
   129  7.74000000E+01  1.12389411E+00  1.00003123E+00  1.12389411E+00
   130  7.80000000E+01  1.12389916E+00  1.00006714E+00  1.12389916E+00
   131  7.86000000E+01  1.12390376E+00  1.00010780E+00  1.12390376E+00
   132  7.92000000E+01  1.12390894E+00  1.00015367E+00  1.12390894E+00
   133  7.98000000E+01  1.12391215E+00  1.00020523E+00  1.12391215E+00
   134  8.04000000E+01  1.12391372E+00  1.00026298E+00  1.12391372E+00
   135  8.10000000E+01  1.12391722E+00  1.00032747E+00  1.12391722E+00
   136  8.16000000E+01  1.12391896E+00  1.00039931E+00  1.12391896E+00
   137  8.22000000E+01  1.12391928E+00  1.00047911E+00  1.12391928E+00
   138  8.28000000E+01  1.12392041E+00  1.00056757E+00  1.12392041E+00
   139  8.34000000E+01  1.12392078E+00  1.00066539E+00  1.12392078E+00
   140  8.40000000E+01  1.12392006E+00  1.00077336E+00  1.12392006E+00
   141  8.46000000E+01  1.12391950E+00  1.00089229E+00  1.12391950E+00
   142  8.52000000E+01  1.12391890E+00  1.00102306E+00  1.12391890E+00
   143  8.58000000E+01  1.12391753E+00  1.00116660E+00  1.12391753E+00
   144  8.64000000E+01  1.12391572E+00  1.00132392E+00  1.12391572E+00
   145  8.70000000E+01  1.12391379E+00  1.00149605E+00  1.12391379E+00
   146  8.76000000E+01  1.12391197E+00  1.00168412E+00  1.12391197E+00
   147  8.82000000E+01  1.12391041E+00  1.00188931E+00  1.12391041E+00
   148  8.88000000E+01  1.12390937E+00  1.00211287E+00  1.12390937E+00
   149  8.94000000E+01  1.12390898E+00  1.00235612E+00  1.12390898E+00
   150  9.00000000E+01  1.12390863E+00  1.00262047E+00  1.12390863E+00
   151  9.06000000E+01  1.12390825E+00  1.00290738E+00  1.12390825E+00
   152  9.12000000E+01  1.12390778E+00  1.00321840E+00  1.12390778E+00
   153  9.18000000E+01  1.12390721E+00  1.00355515E+00  1.12390721E+00
   154  9.24000000E+01  1.12390655E+00  1.00391934E+00  1.12390655E+00
   155  9.30000000E+01  1.12390583E+00  1.00431275E+00  1.12390583E+00
   156  9.36000000E+01  1.12390507E+00  1.00473724E+00  1.12390507E+00
   157  9.42000000E+01  1.12390432E+00  1.00519476E+00  1.12390432E+00
   158  9.48000000E+01  1.12390360E+00  1.00568734E+00  1.12390360E+00
   159  9.54000000E+01  1.12390294E+00  1.00621706E+00  1.12390294E+00
   160  9.60000000E+01  1.12390233E+00  1.00678610E+00  1.12390233E+00
   161  9.66000000E+01  1.12390178E+00  1.00739671E+00  1.12390178E+00
   162  9.72000000E+01  1.12390128E+00  1.00805120E+00  1.12390128E+00
   163  9.78000000E+01  1.12390082E+00  1.00875196E+00  1.12390082E+00
   164  9.84000000E+01  1.12390038E+00  1.00950140E+00  1.12390038E+00
   165  9.90000000E+01  1.12389997E+00  1.01030202E+00  1.12389997E+00
   166  9.96000000E+01  1.12389958E+00  1.01115633E+00  1.12389958E+00
   167  1.00200000E+02  1.12389921E+00  1.01206688E+00  1.12389921E+00
   168  1.00800000E+02  1.12389885E+00  1.01303622E+00  1.12389885E+00
   169  1.01400000E+02  1.12389852E+00  1.01406693E+00  1.12389852E+00
   170  1.02000000E+02  1.12389821E+00  1.01516154E+00  1.12389821E+00
   171  1.02600000E+02  1.12389792E+00  1.01632255E+00  1.12389792E+00
   172  1.03200000E+02  1.12389765E+00  1.01755243E+00  1.12389765E+00
   173  1.03800000E+02  1.12389741E+00  1.01885354E+00  1.12389741E+00
   174  1.04400000E+02  1.12389718E+00  1.02022815E+00  1.12389718E+00
   175  1.05000000E+02  1.12389697E+00  1.02167837E+00  1.12389697E+00
   176  1.05600000E+02  1.12389678E+00  1.02320619E+00  1.12389678E+00
   177  1.06200000E+02  1.12389661E+00  1.02481337E+00  1.12389661E+00
   178  1.06800000E+02  1.12389644E+00  1.02650146E+00  1.12389644E+00
   179  1.07400000E+02  1.12390040E+00  1.02827174E+00  1.12390040E+00
   180  1.08000000E+02  1.12389616E+00  1.03012519E+00  1.12389616E+00
   181  1.08600000E+02  1.12389897E+00  1.03206246E+00  1.12389897E+00
   182  1.09200000E+02  1.12389604E+00  1.03408380E+00  1.12389604E+00
   183  1.09800000E+02  1.12391619E+00  1.03618908E+00  1.12391619E+00
   184  1.10400000E+02  1.12391512E+00  1.03837770E+00  1.12391512E+00
   185  1.11000000E+02  1.12391487E+00  1.04064854E+00  1.12391487E+00
   186  1.11600000E+02  1.12391571E+00  1.04299999E+00  1.12391571E+00
   187  1.12200000E+02  1.12393196E+00  1.04542984E+00  1.12393196E+00
   188  1.12800000E+02  1.12393503E+00  1.04793529E+00  1.12393503E+00
   189  1.13400000E+02  1.12393063E+00  1.05051290E+00  1.12393063E+00
   190  1.14000000E+02  1.12393581E+00  1.05315857E+00  1.12393581E+00
   191  1.14600000E+02  1.12394747E+00  1.05586751E+00  1.12394747E+00
   192  1.15200000E+02  1.12395523E+00  1.05863425E+00  1.12395523E+00
   193  1.15800000E+02  1.12394603E+00  1.06145259E+00  1.12394603E+00
   194  1.16400000E+02  1.12395613E+00  1.06431565E+00  1.12395613E+00
   195  1.17000000E+02  1.12396248E+00  1.06721582E+00  1.12396248E+00
   196  1.17600000E+02  1.12397552E+00  1.07014484E+00  1.12397552E+00
   197  1.18200000E+02  1.12396083E+00  1.07309377E+00  1.12396083E+00
   198  1.18800000E+02  1.12397643E+00  1.07605307E+00  1.12397643E+00
   199  1.19400000E+02  1.12397679E+00  1.07901262E+00  1.12397679E+00
   200  1.20000000E+02  1.12399568E+00  1.08196178E+00  1.12399568E+00
   201  1.20600000E+02  1.12397554E+00  1.08488947E+00  1.12397554E+00
   202  1.21200000E+02  1.12399651E+00  1.08778425E+00  1.12399651E+00
   203  1.21800000E+02  1.12399020E+00  1.09063441E+00  1.12399020E+00
   204  1.22400000E+02  1.12401552E+00  1.09342805E+00  1.12401552E+00
   205  1.23000000E+02  1.12399906E+00  1.09615324E+00  1.12399906E+00
   206  1.23600000E+02  1.12401621E+00  1.09879809E+00  1.12401621E+00
   207  1.24200000E+02  1.12400254E+00  1.10135096E+00  1.12400254E+00
   208  1.24800000E+02  1.12403486E+00  1.10380056E+00  1.12403486E+00
   209  1.25400000E+02  1.12402263E+00  1.10613613E+00  1.12402263E+00
   210  1.26000000E+02  1.12403534E+00  1.10834765E+00  1.12403534E+00
   211  1.26600000E+02  1.12402525E+00  1.11042598E+00  1.12402525E+00
   212  1.27200000E+02  1.12405356E+00  1.11236308E+00  1.12405356E+00
   213  1.27800000E+02  1.12404611E+00  1.11415219E+00  1.12404611E+00
   214  1.28400000E+02  1.12405375E+00  1.11578804E+00  1.12405375E+00
   215  1.29000000E+02  1.12404866E+00  1.11726704E+00  1.12404866E+00
   216  1.29600000E+02  1.12407145E+00  1.11858740E+00  1.12407145E+00
   217  1.30200000E+02  1.12406933E+00  1.11974932E+00  1.12406933E+00
   218  1.30800000E+02  1.12407130E+00  1.12075506E+00  1.12407130E+00
   219  1.31400000E+02  1.12407176E+00  1.12160897E+00  1.12407176E+00
   220  1.32000000E+02  1.12408841E+00  1.12231754E+00  1.12408841E+00
   221  1.32600000E+02  1.12409219E+00  1.12288925E+00  1.12409219E+00
   222  1.33200000E+02  1.12408799E+00  1.12333447E+00  1.12408799E+00
   223  1.33800000E+02  1.12409462E+00  1.12366522E+00  1.12409462E+00
   224  1.34400000E+02  1.12410463E+00  1.12389482E+00  1.12410463E+00
   225  1.35000000E+02  1.12411489E+00  1.12403759E+00  1.12411489E+00
   226  1.35600000E+02  1.12410834E+00  1.12410834E+00  1.12410834E+00
   227  1.36200000E+02  1.12412197E+00  1.12412197E+00  1.12412197E+00
   228  1.36800000E+02  1.12409293E+00  1.12409293E+00  1.12409293E+00
   229  1.37400000E+02  1.12403480E+00  1.12403480E+00  1.12403480E+00
   230  1.38000000E+02  1.12395983E+00  1.12395983E+00  1.12395983E+00
   231  1.38600000E+02  1.12389474E+00  1.12387859E+00  1.12389474E+00
   232  1.39200000E+02  1.12389474E+00  1.12379973E+00  1.12389474E+00
   233  1.39800000E+02  1.12389474E+00  1.12372980E+00  1.12389474E+00
   234  1.40400000E+02  1.12389474E+00  1.12367324E+00  1.12389474E+00
   235  1.41000000E+02  1.12389474E+00  1.12363246E+00  1.12389474E+00
   236  1.41600000E+02  1.12389474E+00  1.12360804E+00  1.12389474E+00
   237  1.42200000E+02  1.12389473E+00  1.12359906E+00  1.12389473E+00
   238  1.42800000E+02  1.12389473E+00  1.12360341E+00  1.12389473E+00
   239  1.43400000E+02  1.12389473E+00  1.12361821E+00  1.12389473E+00
   240  1.44000000E+02  1.12389473E+00  1.12364021E+00  1.12389473E+00
   241  1.44600000E+02  1.12389473E+00  1.12366613E+00  1.12389473E+00
   242  1.45200000E+02  1.12389473E+00  1.12369297E+00  1.12389473E+00
   243  1.45800000E+02  1.12389473E+00  1.12371822E+00  1.12389473E+00
   244  1.46400000E+02  1.12389473E+00  1.12374004E+00  1.12389473E+00
   245  1.47000000E+02  1.12389473E+00  1.12375727E+00  1.12389473E+00
   246  1.47600000E+02  1.12389473E+00  1.12376939E+00  1.12389473E+00
   247  1.48200000E+02  1.12389473E+00  1.12377651E+00  1.12389473E+00
   248  1.48800000E+02  1.12389473E+00  1.12377915E+00  1.12389473E+00
   249  1.49400000E+02  1.12389473E+00  1.12377816E+00  1.12389473E+00
   250  1.50000000E+02  1.12389473E+00  1.12377451E+00  1.12389473E+00
   251  1.50600000E+02  1.12389473E+00  1.12376923E+00  1.12389473E+00
   252  1.51200000E+02  1.12389473E+00  1.12376321E+00  1.12389473E+00
   253  1.51800000E+02  1.12389473E+00  1.12375722E+00  1.12389473E+00
   254  1.52400000E+02  1.12389473E+00  1.12375181E+00  1.12389473E+00
   255  1.53000000E+02  1.12389473E+00  1.12374732E+00  1.12389473E+00
   256  1.53600000E+02  1.12389473E+00  1.12374390E+00  1.12389473E+00
 steady-height stop at step    256: changes <=   1.0000E-05, max-end <=   1.0000E-02, max/end/gap/profile_change =   1.12389473E+00  1.12374390E+00  1.50823781E-04  3.41812567E-06


STDERR:
