COMMAND:
/shared/generate_rom_data/extrudate_swell2d_c_cluster

STDOUT:
 comppar: model =   6
 comppar: lambda,mobility/eps,betav,eta_0 =  1.0000E+01  5.0000E-01  5.0000E-01  1.0000E+00
 comppar: eta_s,eta_p,G =  5.0000E-01  5.0000E-01  5.0000E-02
 comppar: U_avg,deltat,flowrate,nsteps =  5.0000E-02  6.0000E-01  1.5708E-01     700
 comppar: geometry = axisymmetric
 comppar: steady stop change,gap,hold,min =  1.0000E-05  1.0000E-02      10      80
 comppar: ncompc,ncompg =     4     5
 mesh nnodes = 5765
 mesh nelem = 2780
 P1 BC   5.0000000000000000     
 P2 BC   0.0000000000000000     
     1  6.00000000E-01  1.00379162E+00  1.00000000E+00  1.00379162E+00
     2  1.20000000E+00  1.00749331E+00  1.00000000E+00  1.00749331E+00
     3  1.80000000E+00  1.01110069E+00  1.00000000E+00  1.01110069E+00
     4  2.40000000E+00  1.01461766E+00  1.00000000E+00  1.01461766E+00
     5  3.00000000E+00  1.01804595E+00  1.00000000E+00  1.01804595E+00
     6  3.60000000E+00  1.02138533E+00  1.00000000E+00  1.02138533E+00
     7  4.20000000E+00  1.02464209E+00  1.00000000E+00  1.02464209E+00
     8  4.80000000E+00  1.02783157E+00  1.00000000E+00  1.02783157E+00
     9  5.40000000E+00  1.03095316E+00  1.00000001E+00  1.03095316E+00
    10  6.00000000E+00  1.03400031E+00  1.00000001E+00  1.03400031E+00
    11  6.60000000E+00  1.03699059E+00  1.00000001E+00  1.03699059E+00
    12  7.20000000E+00  1.03993384E+00  1.00000001E+00  1.03993384E+00
    13  7.80000000E+00  1.04279639E+00  1.00000000E+00  1.04279639E+00
    14  8.40000000E+00  1.04565368E+00  1.00000000E+00  1.04565368E+00
    15  9.00000000E+00  1.04841467E+00  1.00000000E+00  1.04841467E+00
    16  9.60000000E+00  1.05117922E+00  9.99999999E-01  1.05117922E+00
    17  1.02000000E+01  1.05385008E+00  9.99999995E-01  1.05385008E+00
    18  1.08000000E+01  1.05652390E+00  9.99999990E-01  1.05652390E+00
    19  1.14000000E+01  1.05908056E+00  9.99999984E-01  1.05908056E+00
    20  1.20000000E+01  1.06166085E+00  9.99999976E-01  1.06166085E+00
    21  1.26000000E+01  1.06414003E+00  9.99999967E-01  1.06414003E+00
    22  1.32000000E+01  1.06659646E+00  9.99999957E-01  1.06659646E+00
    23  1.38000000E+01  1.06899388E+00  9.99999944E-01  1.06899388E+00
    24  1.44000000E+01  1.07129768E+00  9.99999929E-01  1.07129768E+00
    25  1.50000000E+01  1.07363123E+00  9.99999911E-01  1.07363123E+00
    26  1.56000000E+01  1.07582637E+00  9.99999891E-01  1.07582637E+00
    27  1.62000000E+01  1.07803676E+00  9.99999868E-01  1.07803676E+00
    28  1.68000000E+01  1.08015878E+00  9.99999841E-01  1.08015878E+00
    29  1.74000000E+01  1.08215861E+00  9.99999811E-01  1.08215861E+00
    30  1.80000000E+01  1.08423267E+00  9.99999777E-01  1.08423267E+00
    31  1.86000000E+01  1.08615494E+00  9.99999738E-01  1.08615494E+00
    32  1.92000000E+01  1.08803868E+00  9.99999694E-01  1.08803868E+00
    33  1.98000000E+01  1.08990790E+00  9.99999645E-01  1.08990790E+00
    34  2.04000000E+01  1.09162080E+00  9.99999591E-01  1.09162080E+00
    35  2.10000000E+01  1.09335336E+00  9.99999529E-01  1.09335336E+00
    36  2.16000000E+01  1.09504642E+00  9.99999461E-01  1.09504642E+00
    37  2.22000000E+01  1.09658561E+00  9.99999386E-01  1.09658561E+00
    38  2.28000000E+01  1.09817336E+00  9.99999302E-01  1.09817336E+00
    39  2.34000000E+01  1.09968989E+00  9.99999209E-01  1.09968989E+00
    40  2.40000000E+01  1.10105983E+00  9.99999106E-01  1.10105983E+00
    41  2.46000000E+01  1.10247153E+00  9.99998993E-01  1.10247153E+00
    42  2.52000000E+01  1.10385101E+00  9.99998869E-01  1.10385101E+00
    43  2.58000000E+01  1.10509459E+00  9.99998732E-01  1.10509459E+00
    44  2.64000000E+01  1.10631770E+00  9.99998582E-01  1.10631770E+00
    45  2.70000000E+01  1.10756504E+00  9.99998417E-01  1.10756504E+00
    46  2.76000000E+01  1.10868941E+00  9.99998237E-01  1.10868941E+00
    47  2.82000000E+01  1.10973396E+00  9.99998041E-01  1.10973396E+00
    48  2.88000000E+01  1.11086837E+00  9.99997826E-01  1.11086837E+00
    49  2.94000000E+01  1.11189409E+00  9.99997592E-01  1.11189409E+00
    50  3.00000000E+01  1.11282768E+00  9.99997337E-01  1.11282768E+00
    51  3.06000000E+01  1.11379115E+00  9.99997060E-01  1.11379115E+00
    52  3.12000000E+01  1.11472752E+00  9.99996760E-01  1.11472752E+00
    53  3.18000000E+01  1.11558670E+00  9.99996433E-01  1.11558670E+00
    54  3.24000000E+01  1.11639238E+00  9.99996080E-01  1.11639238E+00
    55  3.30000000E+01  1.11725549E+00  9.99995697E-01  1.11725549E+00
    56  3.36000000E+01  1.11805296E+00  9.99995283E-01  1.11805296E+00
    57  3.42000000E+01  1.11879608E+00  9.99994836E-01  1.11879608E+00
    58  3.48000000E+01  1.11949246E+00  9.99994354E-01  1.11949246E+00
    59  3.54000000E+01  1.12022335E+00  9.99993834E-01  1.12022335E+00
    60  3.60000000E+01  1.12092141E+00  9.99993274E-01  1.12092141E+00
    61  3.66000000E+01  1.12157695E+00  9.99992671E-01  1.12157695E+00
    62  3.72000000E+01  1.12219053E+00  9.99992023E-01  1.12219053E+00
    63  3.78000000E+01  1.12280885E+00  9.99991328E-01  1.12280885E+00
    64  3.84000000E+01  1.12342063E+00  9.99990582E-01  1.12342063E+00
    65  3.90000000E+01  1.12398938E+00  9.99989782E-01  1.12398938E+00
    66  3.96000000E+01  1.12451216E+00  9.99988925E-01  1.12451216E+00
    67  4.02000000E+01  1.12503760E+00  9.99988009E-01  1.12503760E+00
    68  4.08000000E+01  1.12556445E+00  9.99987030E-01  1.12556445E+00
    69  4.14000000E+01  1.12604229E+00  9.99985985E-01  1.12604229E+00
    70  4.20000000E+01  1.12646813E+00  9.99984870E-01  1.12646813E+00
    71  4.26000000E+01  1.12693322E+00  9.99983681E-01  1.12693322E+00
    72  4.32000000E+01  1.12736273E+00  9.99982416E-01  1.12736273E+00
    73  4.38000000E+01  1.12773998E+00  9.99981070E-01  1.12773998E+00
    74  4.44000000E+01  1.12811827E+00  9.99979639E-01  1.12811827E+00
    75  4.50000000E+01  1.12850027E+00  9.99978121E-01  1.12850027E+00
    76  4.56000000E+01  1.12882961E+00  9.99976510E-01  1.12882961E+00
    77  4.62000000E+01  1.12912641E+00  9.99974804E-01  1.12912641E+00
    78  4.68000000E+01  1.12946148E+00  9.99972997E-01  1.12946148E+00
    79  4.74000000E+01  1.12974603E+00  9.99971087E-01  1.12974603E+00
    80  4.80000000E+01  1.12998650E+00  9.99969070E-01  1.12998650E+00
    81  4.86000000E+01  1.13027536E+00  9.99966942E-01  1.13027536E+00
    82  4.92000000E+01  1.13051618E+00  9.99964699E-01  1.13051618E+00
    83  4.98000000E+01  1.13071370E+00  9.99962338E-01  1.13071370E+00
    84  5.04000000E+01  1.13095062E+00  9.99959856E-01  1.13095062E+00
    85  5.10000000E+01  1.13115372E+00  9.99957249E-01  1.13115372E+00
    86  5.16000000E+01  1.13131842E+00  9.99954515E-01  1.13131842E+00
    87  5.22000000E+01  1.13150793E+00  9.99951651E-01  1.13150793E+00
    88  5.28000000E+01  1.13167518E+00  9.99948656E-01  1.13167518E+00
    89  5.34000000E+01  1.13180956E+00  9.99945528E-01  1.13180956E+00
    90  5.40000000E+01  1.13196208E+00  9.99942266E-01  1.13196208E+00
    91  5.46000000E+01  1.13210038E+00  9.99938869E-01  1.13210038E+00
    92  5.52000000E+01  1.13221095E+00  9.99935338E-01  1.13221095E+00
    93  5.58000000E+01  1.13232390E+00  9.99931674E-01  1.13232390E+00
    94  5.64000000E+01  1.13243599E+00  9.99927879E-01  1.13243599E+00
    95  5.70000000E+01  1.13252597E+00  9.99923956E-01  1.13252597E+00
    96  5.76000000E+01  1.13261417E+00  9.99919909E-01  1.13261417E+00
    97  5.82000000E+01  1.13270603E+00  9.99915744E-01  1.13270603E+00
    98  5.88000000E+01  1.13278021E+00  9.99911467E-01  1.13278021E+00
    99  5.94000000E+01  1.13284161E+00  9.99907087E-01  1.13284161E+00
   100  6.00000000E+01  1.13290900E+00  9.99902615E-01  1.13290900E+00
   101  6.06000000E+01  1.13297089E+00  9.99898062E-01  1.13297089E+00
   102  6.12000000E+01  1.13302370E+00  9.99893443E-01  1.13302370E+00
   103  6.18000000E+01  1.13307023E+00  9.99888775E-01  1.13307023E+00
   104  6.24000000E+01  1.13312146E+00  9.99884078E-01  1.13312146E+00
   105  6.30000000E+01  1.13316701E+00  9.99879373E-01  1.13316701E+00
   106  6.36000000E+01  1.13320800E+00  9.99874687E-01  1.13320800E+00
   107  6.42000000E+01  1.13324565E+00  9.99870049E-01  1.13324565E+00
   108  6.48000000E+01  1.13328053E+00  9.99865491E-01  1.13328053E+00
   109  6.54000000E+01  1.13331283E+00  9.99861050E-01  1.13331283E+00
   110  6.60000000E+01  1.13334255E+00  9.99856770E-01  1.13334255E+00
   111  6.66000000E+01  1.13337492E+00  9.99852696E-01  1.13337492E+00
   112  6.72000000E+01  1.13340508E+00  9.99848880E-01  1.13340508E+00
   113  6.78000000E+01  1.13343261E+00  9.99845380E-01  1.13343261E+00
   114  6.84000000E+01  1.13345754E+00  9.99842262E-01  1.13345754E+00
   115  6.90000000E+01  1.13348002E+00  9.99839595E-01  1.13348002E+00
   116  6.96000000E+01  1.13350031E+00  9.99837460E-01  1.13350031E+00
   117  7.02000000E+01  1.13351871E+00  9.99835943E-01  1.13351871E+00
   118  7.08000000E+01  1.13353766E+00  9.99835139E-01  1.13353766E+00
   119  7.14000000E+01  1.13355633E+00  9.99835154E-01  1.13355633E+00
   120  7.20000000E+01  1.13357335E+00  9.99836103E-01  1.13357335E+00
   121  7.26000000E+01  1.13358900E+00  9.99838112E-01  1.13358900E+00
   122  7.32000000E+01  1.13360354E+00  9.99841320E-01  1.13360354E+00
   123  7.38000000E+01  1.13361714E+00  9.99845877E-01  1.13361714E+00
   124  7.44000000E+01  1.13362993E+00  9.99851947E-01  1.13362993E+00
   125  7.50000000E+01  1.13364199E+00  9.99859708E-01  1.13364199E+00
   126  7.56000000E+01  1.13365332E+00  9.99869356E-01  1.13365332E+00
   127  7.62000000E+01  1.13366396E+00  9.99881102E-01  1.13366396E+00
   128  7.68000000E+01  1.13367389E+00  9.99895173E-01  1.13367389E+00
   129  7.74000000E+01  1.13368312E+00  9.99911819E-01  1.13368312E+00
   130  7.80000000E+01  1.13369167E+00  9.99931308E-01  1.13369167E+00
   131  7.86000000E+01  1.13370086E+00  9.99953932E-01  1.13370086E+00
   132  7.92000000E+01  1.13370949E+00  9.99980003E-01  1.13370949E+00
   133  7.98000000E+01  1.13371745E+00  1.00000986E+00  1.13371745E+00
   134  8.04000000E+01  1.13372478E+00  1.00004387E+00  1.13372478E+00
   135  8.10000000E+01  1.13373152E+00  1.00008243E+00  1.13373152E+00
   136  8.16000000E+01  1.13373772E+00  1.00012596E+00  1.13373772E+00
   137  8.22000000E+01  1.13374340E+00  1.00017491E+00  1.13374340E+00
   138  8.28000000E+01  1.13374860E+00  1.00022977E+00  1.13374860E+00
   139  8.34000000E+01  1.13375336E+00  1.00029107E+00  1.13375336E+00
   140  8.40000000E+01  1.13375771E+00  1.00035937E+00  1.13375771E+00
   141  8.46000000E+01  1.13376166E+00  1.00043527E+00  1.13376166E+00
   142  8.52000000E+01  1.13376526E+00  1.00051941E+00  1.13376526E+00
   143  8.58000000E+01  1.13376852E+00  1.00061249E+00  1.13376852E+00
   144  8.64000000E+01  1.13377146E+00  1.00071522E+00  1.13377146E+00
   145  8.70000000E+01  1.13377412E+00  1.00082839E+00  1.13377412E+00
   146  8.76000000E+01  1.13377652E+00  1.00095284E+00  1.13377652E+00
   147  8.82000000E+01  1.13377867E+00  1.00108945E+00  1.13377867E+00
   148  8.88000000E+01  1.13378060E+00  1.00123916E+00  1.13378060E+00
   149  8.94000000E+01  1.13378233E+00  1.00140297E+00  1.13378233E+00
   150  9.00000000E+01  1.13378387E+00  1.00158195E+00  1.13378387E+00
   151  9.06000000E+01  1.13378525E+00  1.00177721E+00  1.13378525E+00
   152  9.12000000E+01  1.13378648E+00  1.00198994E+00  1.13378648E+00
   153  9.18000000E+01  1.13378757E+00  1.00222141E+00  1.13378757E+00
   154  9.24000000E+01  1.13378854E+00  1.00247294E+00  1.13378854E+00
   155  9.30000000E+01  1.13378941E+00  1.00274592E+00  1.13378941E+00
   156  9.36000000E+01  1.13379017E+00  1.00304184E+00  1.13379017E+00
   157  9.42000000E+01  1.13379085E+00  1.00336225E+00  1.13379085E+00
   158  9.48000000E+01  1.13379144E+00  1.00370876E+00  1.13379144E+00
   159  9.54000000E+01  1.13379198E+00  1.00408308E+00  1.13379198E+00
   160  9.60000000E+01  1.13379258E+00  1.00448700E+00  1.13379258E+00
   161  9.66000000E+01  1.13379311E+00  1.00492238E+00  1.13379311E+00
   162  9.72000000E+01  1.13379358E+00  1.00539116E+00  1.13379358E+00
   163  9.78000000E+01  1.13379399E+00  1.00589536E+00  1.13379399E+00
   164  9.84000000E+01  1.13379436E+00  1.00643707E+00  1.13379436E+00
   165  9.90000000E+01  1.13379468E+00  1.00701847E+00  1.13379468E+00
   166  9.96000000E+01  1.13379496E+00  1.00764179E+00  1.13379496E+00
   167  1.00200000E+02  1.13379521E+00  1.00830936E+00  1.13379521E+00
   168  1.00800000E+02  1.13379543E+00  1.00902353E+00  1.13379543E+00
   169  1.01400000E+02  1.13379562E+00  1.00978673E+00  1.13379562E+00
   170  1.02000000E+02  1.13379578E+00  1.01060146E+00  1.13379578E+00
   171  1.02600000E+02  1.13379593E+00  1.01147020E+00  1.13379593E+00
   172  1.03200000E+02  1.13379606E+00  1.01239552E+00  1.13379606E+00
   173  1.03800000E+02  1.13379618E+00  1.01337995E+00  1.13379618E+00
   174  1.04400000E+02  1.13379628E+00  1.01442608E+00  1.13379628E+00
   175  1.05000000E+02  1.13379637E+00  1.01553642E+00  1.13379637E+00
   176  1.05600000E+02  1.13379644E+00  1.01671350E+00  1.13379644E+00
   177  1.06200000E+02  1.13379651E+00  1.01795976E+00  1.13379651E+00
   178  1.06800000E+02  1.13379658E+00  1.01927758E+00  1.13379658E+00
   179  1.07400000E+02  1.13379663E+00  1.02066923E+00  1.13379663E+00
   180  1.08000000E+02  1.13379668E+00  1.02213685E+00  1.13379668E+00
   181  1.08600000E+02  1.13379672E+00  1.02368243E+00  1.13379672E+00
   182  1.09200000E+02  1.13379676E+00  1.02530775E+00  1.13379676E+00
   183  1.09800000E+02  1.13379680E+00  1.02701440E+00  1.13379680E+00
   184  1.10400000E+02  1.13379683E+00  1.02880368E+00  1.13379683E+00
   185  1.11000000E+02  1.13379686E+00  1.03067663E+00  1.13379686E+00
   186  1.11600000E+02  1.13379688E+00  1.03263393E+00  1.13379688E+00
   187  1.12200000E+02  1.13379690E+00  1.03467592E+00  1.13379690E+00
   188  1.12800000E+02  1.13379693E+00  1.03680249E+00  1.13379693E+00
   189  1.13400000E+02  1.13379694E+00  1.03901313E+00  1.13379694E+00
   190  1.14000000E+02  1.13379696E+00  1.04130680E+00  1.13379696E+00
   191  1.14600000E+02  1.13379698E+00  1.04368196E+00  1.13379698E+00
   192  1.15200000E+02  1.13379699E+00  1.04613648E+00  1.13379699E+00
   193  1.15800000E+02  1.13379701E+00  1.04866766E+00  1.13379701E+00
   194  1.16400000E+02  1.13379702E+00  1.05127213E+00  1.13379702E+00
   195  1.17000000E+02  1.13379703E+00  1.05394590E+00  1.13379703E+00
   196  1.17600000E+02  1.13379704E+00  1.05668425E+00  1.13379704E+00
   197  1.18200000E+02  1.13379705E+00  1.05948180E+00  1.13379705E+00
   198  1.18800000E+02  1.13379706E+00  1.06233244E+00  1.13379706E+00
   199  1.19400000E+02  1.13379707E+00  1.06522936E+00  1.13379707E+00
   200  1.20000000E+02  1.13379708E+00  1.06816503E+00  1.13379708E+00
   201  1.20600000E+02  1.13379709E+00  1.07113125E+00  1.13379709E+00
   202  1.21200000E+02  1.13379709E+00  1.07411914E+00  1.13379709E+00
   203  1.21800000E+02  1.13379710E+00  1.07711921E+00  1.13379710E+00
   204  1.22400000E+02  1.13379711E+00  1.08012139E+00  1.13379711E+00
   205  1.23000000E+02  1.13379711E+00  1.08311510E+00  1.13379711E+00
   206  1.23600000E+02  1.13379712E+00  1.08608931E+00  1.13379712E+00
   207  1.24200000E+02  1.13379712E+00  1.08903264E+00  1.13379712E+00
   208  1.24800000E+02  1.13379713E+00  1.09193349E+00  1.13379713E+00
   209  1.25400000E+02  1.13379713E+00  1.09478010E+00  1.13379713E+00
   210  1.26000000E+02  1.13379714E+00  1.09756074E+00  1.13379714E+00
   211  1.26600000E+02  1.13379714E+00  1.10026384E+00  1.13379714E+00
   212  1.27200000E+02  1.13379715E+00  1.10287818E+00  1.13379715E+00
   213  1.27800000E+02  1.13379715E+00  1.10539306E+00  1.13379715E+00
   214  1.28400000E+02  1.13379715E+00  1.10779848E+00  1.13379715E+00
   215  1.29000000E+02  1.13379716E+00  1.11008542E+00  1.13379716E+00
   216  1.29600000E+02  1.13379716E+00  1.11224599E+00  1.13379716E+00
   217  1.30200000E+02  1.13379716E+00  1.11427366E+00  1.13379716E+00
   218  1.30800000E+02  1.13379716E+00  1.11616349E+00  1.13379716E+00
   219  1.31400000E+02  1.13379717E+00  1.11791229E+00  1.13379717E+00
   220  1.32000000E+02  1.13379717E+00  1.11951875E+00  1.13379717E+00
   221  1.32600000E+02  1.13379717E+00  1.12098361E+00  1.13379717E+00
   222  1.33200000E+02  1.13379717E+00  1.12230961E+00  1.13379717E+00
   223  1.33800000E+02  1.13379718E+00  1.12350154E+00  1.13379718E+00
   224  1.34400000E+02  1.13379718E+00  1.12456611E+00  1.13379718E+00
   225  1.35000000E+02  1.13379718E+00  1.12551171E+00  1.13379718E+00
   226  1.35600000E+02  1.13379718E+00  1.12634818E+00  1.13379718E+00
   227  1.36200000E+02  1.13379718E+00  1.12708643E+00  1.13379718E+00
   228  1.36800000E+02  1.13379718E+00  1.12773802E+00  1.13379718E+00
   229  1.37400000E+02  1.13379718E+00  1.12831465E+00  1.13379718E+00
   230  1.38000000E+02  1.13379719E+00  1.12882771E+00  1.13379719E+00
   231  1.38600000E+02  1.13379719E+00  1.12928778E+00  1.13379719E+00
   232  1.39200000E+02  1.13379719E+00  1.12970424E+00  1.13379719E+00
   233  1.39800000E+02  1.13379719E+00  1.13008488E+00  1.13379719E+00
   234  1.40400000E+02  1.13379719E+00  1.13043572E+00  1.13379719E+00
   235  1.41000000E+02  1.13379719E+00  1.13076093E+00  1.13379719E+00
   236  1.41600000E+02  1.13379719E+00  1.13106286E+00  1.13379719E+00
   237  1.42200000E+02  1.13379719E+00  1.13134227E+00  1.13379719E+00
   238  1.42800000E+02  1.13379719E+00  1.13159865E+00  1.13379719E+00
   239  1.43400000E+02  1.13379719E+00  1.13183062E+00  1.13379719E+00
   240  1.44000000E+02  1.13379719E+00  1.13203648E+00  1.13379719E+00
   241  1.44600000E+02  1.13379719E+00  1.13221457E+00  1.13379719E+00
   242  1.45200000E+02  1.13379719E+00  1.13236380E+00  1.13379719E+00
   243  1.45800000E+02  1.13379720E+00  1.13248393E+00  1.13379720E+00
   244  1.46400000E+02  1.13379720E+00  1.13257582E+00  1.13379720E+00
   245  1.47000000E+02  1.13379720E+00  1.13264147E+00  1.13379720E+00
   246  1.47600000E+02  1.13379720E+00  1.13268396E+00  1.13379720E+00
   247  1.48200000E+02  1.13379720E+00  1.13270726E+00  1.13379720E+00
   248  1.48800000E+02  1.13379720E+00  1.13271589E+00  1.13379720E+00
   249  1.49400000E+02  1.13379720E+00  1.13271460E+00  1.13379720E+00
   250  1.50000000E+02  1.13379720E+00  1.13270797E+00  1.13379720E+00
   251  1.50600000E+02  1.13379720E+00  1.13270004E+00  1.13379720E+00
   252  1.51200000E+02  1.13379720E+00  1.13269408E+00  1.13379720E+00
   253  1.51800000E+02  1.13379720E+00  1.13269242E+00  1.13379720E+00
   254  1.52400000E+02  1.13379720E+00  1.13269632E+00  1.13379720E+00
   255  1.53000000E+02  1.13379720E+00  1.13270611E+00  1.13379720E+00
   256  1.53600000E+02  1.13379720E+00  1.13272127E+00  1.13379720E+00
   257  1.54200000E+02  1.13379720E+00  1.13274066E+00  1.13379720E+00
   258  1.54800000E+02  1.13379720E+00  1.13276280E+00  1.13379720E+00
   259  1.55400000E+02  1.13379720E+00  1.13278605E+00  1.13379720E+00
   260  1.56000000E+02  1.13379720E+00  1.13280891E+00  1.13379720E+00
   261  1.56600000E+02  1.13379720E+00  1.13283013E+00  1.13379720E+00
   262  1.57200000E+02  1.13379720E+00  1.13284886E+00  1.13379720E+00
   263  1.57800000E+02  1.13379720E+00  1.13286464E+00  1.13379720E+00
   264  1.58400000E+02  1.13379720E+00  1.13287742E+00  1.13379720E+00
   265  1.59000000E+02  1.13379720E+00  1.13288747E+00  1.13379720E+00
   266  1.59600000E+02  1.13379720E+00  1.13289528E+00  1.13379720E+00
   267  1.60200000E+02  1.13379720E+00  1.13290143E+00  1.13379720E+00
   268  1.60800000E+02  1.13379720E+00  1.13290653E+00  1.13379720E+00
   269  1.61400000E+02  1.13379720E+00  1.13291111E+00  1.13379720E+00
   270  1.62000000E+02  1.13379720E+00  1.13291556E+00  1.13379720E+00
   271  1.62600000E+02  1.13379720E+00  1.13292012E+00  1.13379720E+00
   272  1.63200000E+02  1.13379720E+00  1.13292490E+00  1.13379720E+00
   273  1.63800000E+02  1.13379720E+00  1.13292985E+00  1.13379720E+00
   274  1.64400000E+02  1.13379720E+00  1.13293487E+00  1.13379720E+00
   275  1.65000000E+02  1.13379720E+00  1.13293980E+00  1.13379720E+00
 steady-height stop at step    275: changes <=   1.0000E-05, max-end <=   1.0000E-02, max/end/gap/profile_change =   1.13379720E+00  1.13293980E+00  8.57400504E-04  4.92855735E-06


STDERR:
