COMMAND:
/shared/generate_rom_data/extrudate_swell2d_c_cluster

STDOUT:
 comppar: model =   6
 comppar: lambda,mobility/eps,betav,eta_0 =  2.8000E+00  3.6667E-01  9.0000E-01  1.0000E+00
 comppar: eta_s,eta_p,G =  9.0000E-01  1.0000E-01  3.5714E-02
 comppar: U_avg,deltat,flowrate,nsteps =  5.0000E-02  6.0000E-01  1.5708E-01     700
 comppar: geometry = axisymmetric
 comppar: steady stop change,gap,hold,min =  1.0000E-05  1.0000E-02      10      80
 comppar: ncompc,ncompg =     4     5
 mesh nnodes = 5765
 mesh nelem = 2780
 P1 BC   5.0000000000000000     
 P2 BC   0.0000000000000000     
     1  6.00000000E-01  1.00379479E+00  1.00000000E+00  1.00379479E+00
     2  1.20000000E+00  1.00750545E+00  1.00000000E+00  1.00750545E+00
     3  1.80000000E+00  1.01113250E+00  1.00000000E+00  1.01113250E+00
     4  2.40000000E+00  1.01467768E+00  1.00000000E+00  1.01467768E+00
     5  3.00000000E+00  1.01814401E+00  1.00000000E+00  1.01814401E+00
     6  3.60000000E+00  1.02152826E+00  1.00000000E+00  1.02152826E+00
     7  4.20000000E+00  1.02484797E+00  1.00000000E+00  1.02484797E+00
     8  4.80000000E+00  1.02809677E+00  1.00000000E+00  1.02809677E+00
     9  5.40000000E+00  1.03126806E+00  1.00000000E+00  1.03126806E+00
    10  6.00000000E+00  1.03436194E+00  1.00000000E+00  1.03436194E+00
    11  6.60000000E+00  1.03741560E+00  1.00000000E+00  1.03741560E+00
    12  7.20000000E+00  1.04038423E+00  1.00000000E+00  1.04038423E+00
    13  7.80000000E+00  1.04328630E+00  1.00000000E+00  1.04328630E+00
    14  8.40000000E+00  1.04614651E+00  9.99999999E-01  1.04614651E+00
    15  9.00000000E+00  1.04889805E+00  9.99999996E-01  1.04889805E+00
    16  9.60000000E+00  1.05164780E+00  9.99999992E-01  1.05164780E+00
    17  1.02000000E+01  1.05429109E+00  9.99999986E-01  1.05429109E+00
    18  1.08000000E+01  1.05690531E+00  9.99999979E-01  1.05690531E+00
    19  1.14000000E+01  1.05941947E+00  9.99999971E-01  1.05941947E+00
    20  1.20000000E+01  1.06191699E+00  9.99999960E-01  1.06191699E+00
    21  1.26000000E+01  1.06431281E+00  9.99999948E-01  1.06431281E+00
    22  1.32000000E+01  1.06669333E+00  9.99999932E-01  1.06669333E+00
    23  1.38000000E+01  1.06894151E+00  9.99999915E-01  1.06894151E+00
    24  1.44000000E+01  1.07122973E+00  9.99999894E-01  1.07122973E+00
    25  1.50000000E+01  1.07335789E+00  9.99999870E-01  1.07335789E+00
    26  1.56000000E+01  1.07553609E+00  9.99999842E-01  1.07553609E+00
    27  1.62000000E+01  1.07757004E+00  9.99999810E-01  1.07757004E+00
    28  1.68000000E+01  1.07958559E+00  9.99999773E-01  1.07958559E+00
    29  1.74000000E+01  1.08155716E+00  9.99999731E-01  1.08155716E+00
    30  1.80000000E+01  1.08340039E+00  9.99999684E-01  1.08340039E+00
    31  1.86000000E+01  1.08530963E+00  9.99999631E-01  1.08530963E+00
    32  1.92000000E+01  1.08704908E+00  9.99999571E-01  1.08704908E+00
    33  1.98000000E+01  1.08879148E+00  9.99999504E-01  1.08879148E+00
    34  2.04000000E+01  1.09050620E+00  9.99999429E-01  1.09050620E+00
    35  2.10000000E+01  1.09204776E+00  9.99999346E-01  1.09204776E+00
    36  2.16000000E+01  1.09371468E+00  9.99999253E-01  1.09371468E+00
    37  2.22000000E+01  1.09523175E+00  9.99999150E-01  1.09523175E+00
    38  2.28000000E+01  1.09662343E+00  9.99999036E-01  1.09662343E+00
    39  2.34000000E+01  1.09815038E+00  9.99998910E-01  1.09815038E+00
    40  2.40000000E+01  1.09950461E+00  9.99998772E-01  1.09950461E+00
    41  2.46000000E+01  1.10080149E+00  9.99998619E-01  1.10080149E+00
    42  2.52000000E+01  1.10216489E+00  9.99998451E-01  1.10216489E+00
    43  2.58000000E+01  1.10335638E+00  9.99998268E-01  1.10335638E+00
    44  2.64000000E+01  1.10454972E+00  9.99998066E-01  1.10454972E+00
    45  2.70000000E+01  1.10575588E+00  9.99997846E-01  1.10575588E+00
    46  2.76000000E+01  1.10679349E+00  9.99997606E-01  1.10679349E+00
    47  2.82000000E+01  1.10791596E+00  9.99997344E-01  1.10791596E+00
    48  2.88000000E+01  1.10896591E+00  9.99997059E-01  1.10896591E+00
    49  2.94000000E+01  1.10985235E+00  9.99996750E-01  1.10985235E+00
    50  3.00000000E+01  1.11090403E+00  9.99996414E-01  1.11090403E+00
    51  3.06000000E+01  1.11180555E+00  9.99996049E-01  1.11180555E+00
    52  3.12000000E+01  1.11263614E+00  9.99995654E-01  1.11263614E+00
    53  3.18000000E+01  1.11354944E+00  9.99995227E-01  1.11354944E+00
    54  3.24000000E+01  1.11430654E+00  9.99994765E-01  1.11430654E+00
    55  3.30000000E+01  1.11509590E+00  9.99994267E-01  1.11509590E+00
    56  3.36000000E+01  1.11586759E+00  9.99993730E-01  1.11586759E+00
    57  3.42000000E+01  1.11649267E+00  9.99993151E-01  1.11649267E+00
    58  3.48000000E+01  1.11725011E+00  9.99992528E-01  1.11725011E+00
    59  3.54000000E+01  1.11788557E+00  9.99991859E-01  1.11788557E+00
    60  3.60000000E+01  1.11847182E+00  9.99991141E-01  1.11847182E+00
    61  3.66000000E+01  1.11912129E+00  9.99990370E-01  1.11912129E+00
    62  3.72000000E+01  1.11963458E+00  9.99989544E-01  1.11963458E+00
    63  3.78000000E+01  1.12020472E+00  9.99988660E-01  1.12020472E+00
    64  3.84000000E+01  1.12072749E+00  9.99987715E-01  1.12072749E+00
    65  3.90000000E+01  1.12115794E+00  9.99986705E-01  1.12115794E+00
    66  3.96000000E+01  1.12169396E+00  9.99985627E-01  1.12169396E+00
    67  4.02000000E+01  1.12210539E+00  9.99984477E-01  1.12210539E+00
    68  4.08000000E+01  1.12253227E+00  9.99983253E-01  1.12253227E+00
    69  4.14000000E+01  1.12295225E+00  9.99981950E-01  1.12295225E+00
    70  4.20000000E+01  1.12326861E+00  9.99980566E-01  1.12326861E+00
    71  4.26000000E+01  1.12370089E+00  9.99979095E-01  1.12370089E+00
    72  4.32000000E+01  1.12402110E+00  9.99977535E-01  1.12402110E+00
    73  4.38000000E+01  1.12434131E+00  9.99975882E-01  1.12434131E+00
    74  4.44000000E+01  1.12466909E+00  9.99974132E-01  1.12466909E+00
    75  4.50000000E+01  1.12490426E+00  9.99972282E-01  1.12490426E+00
    76  4.56000000E+01  1.12524317E+00  9.99970328E-01  1.12524317E+00
    77  4.62000000E+01  1.12548317E+00  9.99968266E-01  1.12548317E+00
    78  4.68000000E+01  1.12572581E+00  9.99966093E-01  1.12572581E+00
    79  4.74000000E+01  1.12597234E+00  9.99963806E-01  1.12597234E+00
    80  4.80000000E+01  1.12615179E+00  9.99961401E-01  1.12615179E+00
    81  4.86000000E+01  1.12640809E+00  9.99958877E-01  1.12640809E+00
    82  4.92000000E+01  1.12657897E+00  9.99956231E-01  1.12657897E+00
    83  4.98000000E+01  1.12676661E+00  9.99953459E-01  1.12676661E+00
    84  5.04000000E+01  1.12694296E+00  9.99950562E-01  1.12694296E+00
    85  5.10000000E+01  1.12708609E+00  9.99947537E-01  1.12708609E+00
    86  5.16000000E+01  1.12727068E+00  9.99944383E-01  1.12727068E+00
    87  5.22000000E+01  1.12738337E+00  9.99941102E-01  1.12738337E+00
    88  5.28000000E+01  1.12753283E+00  9.99937693E-01  1.12753283E+00
    89  5.34000000E+01  1.12764990E+00  9.99934157E-01  1.12764990E+00
    90  5.40000000E+01  1.12777036E+00  9.99930499E-01  1.12777036E+00
    91  5.46000000E+01  1.12789405E+00  9.99926720E-01  1.12789405E+00
    92  5.52000000E+01  1.12795907E+00  9.99922826E-01  1.12795907E+00
    93  5.58000000E+01  1.12808239E+00  9.99918823E-01  1.12808239E+00
    94  5.64000000E+01  1.12815073E+00  9.99914719E-01  1.12815073E+00
    95  5.70000000E+01  1.12825777E+00  9.99910522E-01  1.12825777E+00
    96  5.76000000E+01  1.12833104E+00  9.99906243E-01  1.12833104E+00
    97  5.82000000E+01  1.12838644E+00  9.99901897E-01  1.12838644E+00
    98  5.88000000E+01  1.12846350E+00  9.99897497E-01  1.12846350E+00
    99  5.94000000E+01  1.12850961E+00  9.99893062E-01  1.12850961E+00
   100  6.00000000E+01  1.12859226E+00  9.99888613E-01  1.12859226E+00
   101  6.06000000E+01  1.12862510E+00  9.99884172E-01  1.12862510E+00
   102  6.12000000E+01  1.12868036E+00  9.99879767E-01  1.12868036E+00
   103  6.18000000E+01  1.12871593E+00  9.99875428E-01  1.12871593E+00
   104  6.24000000E+01  1.12877050E+00  9.99871189E-01  1.12877050E+00
   105  6.30000000E+01  1.12880997E+00  9.99867088E-01  1.12880997E+00
   106  6.36000000E+01  1.12882574E+00  9.99863170E-01  1.12882574E+00
   107  6.42000000E+01  1.12886836E+00  9.99859482E-01  1.12886836E+00
   108  6.48000000E+01  1.12888740E+00  9.99856079E-01  1.12888740E+00
   109  6.54000000E+01  1.12893455E+00  9.99853020E-01  1.12893455E+00
   110  6.60000000E+01  1.12894025E+00  9.99850372E-01  1.12894025E+00
   111  6.66000000E+01  1.12896943E+00  9.99848208E-01  1.12896943E+00
   112  6.72000000E+01  1.12897726E+00  9.99846609E-01  1.12897726E+00
   113  6.78000000E+01  1.12901547E+00  9.99845666E-01  1.12901547E+00
   114  6.84000000E+01  1.12902615E+00  9.99845476E-01  1.12902615E+00
   115  6.90000000E+01  1.12903362E+00  9.99846147E-01  1.12903362E+00
   116  6.96000000E+01  1.12904682E+00  9.99847798E-01  1.12904682E+00
   117  7.02000000E+01  1.12906532E+00  9.99850558E-01  1.12906532E+00
   118  7.08000000E+01  1.12908197E+00  9.99854569E-01  1.12908197E+00
   119  7.14000000E+01  1.12907178E+00  9.99859985E-01  1.12907178E+00
   120  7.20000000E+01  1.12909136E+00  9.99866975E-01  1.12909136E+00
   121  7.26000000E+01  1.12909346E+00  9.99875722E-01  1.12909346E+00
   122  7.32000000E+01  1.12911709E+00  9.99886425E-01  1.12911709E+00
   123  7.38000000E+01  1.12910353E+00  9.99899301E-01  1.12910353E+00
   124  7.44000000E+01  1.12911892E+00  9.99914584E-01  1.12911892E+00
   125  7.50000000E+01  1.12910724E+00  9.99932528E-01  1.12910724E+00
   126  7.56000000E+01  1.12913826E+00  9.99953408E-01  1.12913826E+00
   127  7.62000000E+01  1.12912897E+00  9.99977520E-01  1.12912897E+00
   128  7.68000000E+01  1.12913517E+00  1.00000519E+00  1.12913517E+00
   129  7.74000000E+01  1.12912814E+00  1.00003675E+00  1.12912814E+00
   130  7.80000000E+01  1.12915032E+00  1.00007259E+00  1.12915032E+00
   131  7.86000000E+01  1.12914627E+00  1.00011310E+00  1.12914627E+00
   132  7.92000000E+01  1.12914417E+00  1.00015871E+00  1.12914417E+00
   133  7.98000000E+01  1.12914274E+00  1.00020989E+00  1.12914274E+00
   134  8.04000000E+01  1.12915662E+00  1.00026713E+00  1.12915662E+00
   135  8.10000000E+01  1.12915874E+00  1.00033096E+00  1.12915874E+00
   136  8.16000000E+01  1.12914865E+00  1.00040197E+00  1.12914865E+00
   137  8.22000000E+01  1.12915377E+00  1.00048075E+00  1.12915377E+00
   138  8.28000000E+01  1.12915934E+00  1.00056796E+00  1.12915934E+00
   139  8.34000000E+01  1.12916857E+00  1.00066430E+00  1.12916857E+00
   140  8.40000000E+01  1.12915034E+00  1.00077050E+00  1.12915034E+00
   141  8.46000000E+01  1.12916297E+00  1.00088737E+00  1.12916297E+00
   142  8.52000000E+01  1.12915987E+00  1.00101574E+00  1.12915987E+00
   143  8.58000000E+01  1.12917716E+00  1.00115651E+00  1.12917716E+00
   144  8.64000000E+01  1.12915411E+00  1.00131064E+00  1.12915411E+00
   145  8.70000000E+01  1.12917140E+00  1.00147913E+00  1.12917140E+00
   146  8.76000000E+01  1.12915899E+00  1.00166306E+00  1.12915899E+00
   147  8.82000000E+01  1.12918528E+00  1.00186355E+00  1.12918528E+00
   148  8.88000000E+01  1.12916754E+00  1.00208182E+00  1.12916754E+00
   149  8.94000000E+01  1.12917959E+00  1.00231912E+00  1.12917959E+00
   150  9.00000000E+01  1.12916452E+00  1.00257679E+00  1.12916452E+00
   151  9.06000000E+01  1.12919327E+00  1.00285624E+00  1.12919327E+00
   152  9.12000000E+01  1.12918175E+00  1.00315894E+00  1.12918175E+00
   153  9.18000000E+01  1.12918774E+00  1.00348646E+00  1.12918774E+00
   154  9.24000000E+01  1.12917925E+00  1.00384041E+00  1.12917925E+00
   155  9.30000000E+01  1.12920119E+00  1.00422251E+00  1.12920119E+00
   156  9.36000000E+01  1.12919679E+00  1.00463454E+00  1.12919679E+00
   157  9.42000000E+01  1.12919577E+00  1.00507836E+00  1.12919577E+00
   158  9.48000000E+01  1.12919478E+00  1.00555589E+00  1.12919478E+00
   159  9.54000000E+01  1.12920890E+00  1.00606916E+00  1.12920890E+00
   160  9.60000000E+01  1.12921253E+00  1.00662024E+00  1.12921253E+00
   161  9.66000000E+01  1.12920350E+00  1.00721129E+00  1.12920350E+00
   162  9.72000000E+01  1.12921090E+00  1.00784452E+00  1.12921090E+00
   163  9.78000000E+01  1.12921616E+00  1.00852222E+00  1.12921616E+00
   164  9.84000000E+01  1.12922868E+00  1.00924673E+00  1.12922868E+00
   165  9.90000000E+01  1.12921062E+00  1.01002043E+00  1.12921062E+00
   166  9.96000000E+01  1.12922730E+00  1.01084577E+00  1.12922730E+00
   167  1.00200000E+02  1.12922262E+00  1.01172519E+00  1.12922262E+00
   168  1.00800000E+02  1.12924494E+00  1.01266119E+00  1.12924494E+00
   169  1.01400000E+02  1.12922033E+00  1.01365626E+00  1.12922033E+00
   170  1.02000000E+02  1.12924363E+00  1.01471290E+00  1.12924363E+00
   171  1.02600000E+02  1.12922794E+00  1.01583356E+00  1.12922794E+00
   172  1.03200000E+02  1.12926091E+00  1.01702068E+00  1.12926091E+00
   173  1.03800000E+02  1.12924335E+00  1.01827663E+00  1.12924335E+00
   174  1.04400000E+02  1.12925951E+00  1.01960369E+00  1.12925951E+00
   175  1.05000000E+02  1.12924532E+00  1.02100406E+00  1.12924532E+00
   176  1.05600000E+02  1.12927624E+00  1.02247977E+00  1.12927624E+00
   177  1.06200000E+02  1.12926658E+00  1.02403274E+00  1.12926658E+00
   178  1.06800000E+02  1.12927456E+00  1.02566465E+00  1.12927456E+00
   179  1.07400000E+02  1.12926863E+00  1.02737699E+00  1.12926863E+00
   180  1.08000000E+02  1.12929053E+00  1.02917100E+00  1.12929053E+00
   181  1.08600000E+02  1.12928963E+00  1.03104761E+00  1.12928963E+00
   182  1.09200000E+02  1.12928840E+00  1.03300746E+00  1.12928840E+00
   183  1.09800000E+02  1.12929160E+00  1.03505079E+00  1.12929160E+00
   184  1.10400000E+02  1.12930343E+00  1.03717749E+00  1.12930343E+00
   185  1.11000000E+02  1.12931214E+00  1.03938699E+00  1.12931214E+00
   186  1.11600000E+02  1.12930070E+00  1.04167826E+00  1.12930070E+00
   187  1.12200000E+02  1.12931387E+00  1.04404978E+00  1.12931387E+00
   188  1.12800000E+02  1.12931461E+00  1.04649950E+00  1.12931461E+00
   189  1.13400000E+02  1.12933376E+00  1.04902480E+00  1.12933376E+00
   190  1.14000000E+02  1.12931111E+00  1.05162247E+00  1.12931111E+00
   191  1.14600000E+02  1.12933509E+00  1.05428871E+00  1.12933509E+00
   192  1.15200000E+02  1.12932375E+00  1.05701907E+00  1.12932375E+00
   193  1.15800000E+02  1.12935417E+00  1.05980848E+00  1.12935417E+00
   194  1.16400000E+02  1.12933153E+00  1.06265121E+00  1.12933153E+00
   195  1.17000000E+02  1.12935496E+00  1.06554090E+00  1.12935496E+00
   196  1.17600000E+02  1.12933600E+00  1.06847051E+00  1.12933600E+00
   197  1.18200000E+02  1.12937307E+00  1.07143242E+00  1.12937307E+00
   198  1.18800000E+02  1.12935900E+00  1.07441838E+00  1.12935900E+00
   199  1.19400000E+02  1.12937318E+00  1.07741957E+00  1.12937318E+00
   200  1.20000000E+02  1.12936314E+00  1.08042664E+00  1.12936314E+00
   201  1.20600000E+02  1.12939017E+00  1.08342974E+00  1.12939017E+00
   202  1.21200000E+02  1.12938549E+00  1.08641860E+00  1.12938549E+00
   203  1.21800000E+02  1.12938948E+00  1.08938259E+00  1.12938948E+00
   204  1.22400000E+02  1.12938919E+00  1.09231077E+00  1.12938919E+00
   205  1.23000000E+02  1.12940520E+00  1.09519203E+00  1.12940520E+00
   206  1.23600000E+02  1.12941074E+00  1.09801511E+00  1.12941074E+00
   207  1.24200000E+02  1.12940360E+00  1.10076877E+00  1.12940360E+00
   208  1.24800000E+02  1.12941387E+00  1.10344184E+00  1.12941387E+00
   209  1.25400000E+02  1.12941794E+00  1.10602339E+00  1.12941794E+00
   210  1.26000000E+02  1.12943449E+00  1.10850283E+00  1.12943449E+00
   211  1.26600000E+02  1.12941532E+00  1.11087007E+00  1.12941532E+00
   212  1.27200000E+02  1.12943695E+00  1.11311565E+00  1.12943695E+00
   213  1.27800000E+02  1.12942814E+00  1.11523087E+00  1.12942814E+00
   214  1.28400000E+02  1.12945650E+00  1.11720801E+00  1.12945650E+00
   215  1.29000000E+02  1.12942951E+00  1.11904042E+00  1.12942951E+00
   216  1.29600000E+02  1.12945820E+00  1.12072274E+00  1.12945820E+00
   217  1.30200000E+02  1.12943561E+00  1.12225103E+00  1.12943561E+00
   218  1.30800000E+02  1.12947657E+00  1.12362292E+00  1.12947657E+00
   219  1.31400000E+02  1.12945874E+00  1.12483774E+00  1.12945874E+00
   220  1.32000000E+02  1.12947739E+00  1.12589664E+00  1.12947739E+00
   221  1.32600000E+02  1.12946385E+00  1.12680269E+00  1.12946385E+00
   222  1.33200000E+02  1.12949448E+00  1.12756088E+00  1.12949448E+00
   223  1.33800000E+02  1.12948660E+00  1.12817811E+00  1.12948660E+00
   224  1.34400000E+02  1.12949444E+00  1.12866318E+00  1.12949444E+00
   225  1.35000000E+02  1.12949125E+00  1.12902660E+00  1.12949125E+00
   226  1.35600000E+02  1.12951034E+00  1.12928043E+00  1.12951034E+00
   227  1.36200000E+02  1.12951324E+00  1.12943798E+00  1.12951324E+00
   228  1.36800000E+02  1.12951352E+00  1.12951352E+00  1.12951352E+00
   229  1.37400000E+02  1.12952187E+00  1.12952187E+00  1.12952187E+00
   230  1.38000000E+02  1.12947798E+00  1.12947798E+00  1.12947798E+00
   231  1.38600000E+02  1.12939644E+00  1.12939644E+00  1.12939644E+00
   232  1.39200000E+02  1.12929108E+00  1.12929108E+00  1.12929108E+00
   233  1.39800000E+02  1.12917449E+00  1.12917449E+00  1.12917449E+00
   234  1.40400000E+02  1.12913258E+00  1.12905765E+00  1.12913258E+00
   235  1.41000000E+02  1.12913258E+00  1.12894961E+00  1.12913258E+00
   236  1.41600000E+02  1.12913258E+00  1.12885730E+00  1.12913258E+00
   237  1.42200000E+02  1.12913258E+00  1.12878538E+00  1.12913258E+00
   238  1.42800000E+02  1.12913258E+00  1.12873630E+00  1.12913258E+00
   239  1.43400000E+02  1.12913258E+00  1.12871046E+00  1.12913258E+00
   240  1.44000000E+02  1.12913258E+00  1.12870640E+00  1.12913258E+00
   241  1.44600000E+02  1.12913258E+00  1.12872122E+00  1.12913258E+00
   242  1.45200000E+02  1.12913258E+00  1.12875096E+00  1.12913258E+00
   243  1.45800000E+02  1.12913258E+00  1.12879106E+00  1.12913258E+00
   244  1.46400000E+02  1.12913258E+00  1.12883678E+00  1.12913258E+00
   245  1.47000000E+02  1.12913258E+00  1.12888367E+00  1.12913258E+00
   246  1.47600000E+02  1.12913258E+00  1.12892787E+00  1.12913258E+00
   247  1.48200000E+02  1.12913258E+00  1.12896634E+00  1.12913258E+00
   248  1.48800000E+02  1.12913258E+00  1.12899707E+00  1.12913258E+00
   249  1.49400000E+02  1.12913258E+00  1.12901906E+00  1.12913258E+00
   250  1.50000000E+02  1.12913258E+00  1.12903227E+00  1.12913258E+00
   251  1.50600000E+02  1.12913258E+00  1.12903751E+00  1.12913258E+00
   252  1.51200000E+02  1.12913258E+00  1.12903615E+00  1.12913258E+00
   253  1.51800000E+02  1.12913258E+00  1.12902997E+00  1.12913258E+00
   254  1.52400000E+02  1.12913258E+00  1.12902086E+00  1.12913258E+00
   255  1.53000000E+02  1.12913258E+00  1.12901061E+00  1.12913258E+00
   256  1.53600000E+02  1.12913258E+00  1.12900075E+00  1.12913258E+00
   257  1.54200000E+02  1.12913258E+00  1.12899243E+00  1.12913258E+00
   258  1.54800000E+02  1.12913258E+00  1.12898634E+00  1.12913258E+00
   259  1.55400000E+02  1.12913258E+00  1.12898277E+00  1.12913258E+00
   260  1.56000000E+02  1.12913258E+00  1.12898161E+00  1.12913258E+00
   261  1.56600000E+02  1.12913258E+00  1.12898246E+00  1.12913258E+00
   262  1.57200000E+02  1.12913258E+00  1.12898475E+00  1.12913258E+00
   263  1.57800000E+02  1.12913258E+00  1.12898785E+00  1.12913258E+00
   264  1.58400000E+02  1.12913258E+00  1.12899115E+00  1.12913258E+00
   265  1.59000000E+02  1.12913258E+00  1.12899415E+00  1.12913258E+00
 steady-height stop at step    265: changes <=   1.0000E-05, max-end <=   1.0000E-02, max/end/gap/profile_change =   1.12913258E+00  1.12899415E+00  1.38425717E-04  2.99718669E-06


STDERR:
