COMMAND:
/shared/generate_rom_data/extrudate_swell2d_c_cluster

STDOUT:
 comppar: model =   6
 comppar: lambda,mobility/eps,betav,eta_0 =  6.4000E+00  3.6667E-01  1.0000E-01  1.0000E+00
 comppar: eta_s,eta_p,G =  1.0000E-01  9.0000E-01  1.4062E-01
 comppar: U_avg,deltat,flowrate,nsteps =  5.0000E-02  6.0000E-01  1.5708E-01     700
 comppar: geometry = axisymmetric
 comppar: steady stop change,gap,hold,min =  1.0000E-05  1.0000E-02      10      80
 comppar: ncompc,ncompg =     4     5
 mesh nnodes = 5765
 mesh nelem = 2780
 P1 BC   5.0000000000000000     
 P2 BC   0.0000000000000000     
     1  6.00000000E-01  1.00378247E+00  1.00000000E+00  1.00378247E+00
     2  1.20000000E+00  1.00740421E+00  1.00000000E+00  1.00740421E+00
     3  1.80000000E+00  1.01083110E+00  1.00000000E+00  1.01083110E+00
     4  2.40000000E+00  1.01414152E+00  1.00000000E+00  1.01414152E+00
     5  3.00000000E+00  1.01735313E+00  1.00000000E+00  1.01735313E+00
     6  3.60000000E+00  1.02049335E+00  1.00000000E+00  1.02049335E+00
     7  4.20000000E+00  1.02357624E+00  1.00000001E+00  1.02357624E+00
     8  4.80000000E+00  1.02662607E+00  1.00000001E+00  1.02662607E+00
     9  5.40000000E+00  1.02961791E+00  1.00000001E+00  1.02961791E+00
    10  6.00000000E+00  1.03256166E+00  1.00000001E+00  1.03256166E+00
    11  6.60000000E+00  1.03545603E+00  1.00000001E+00  1.03545603E+00
    12  7.20000000E+00  1.03828548E+00  1.00000001E+00  1.03828548E+00
    13  7.80000000E+00  1.04107166E+00  1.00000001E+00  1.04107166E+00
    14  8.40000000E+00  1.04377566E+00  1.00000001E+00  1.04377566E+00
    15  9.00000000E+00  1.04644623E+00  1.00000001E+00  1.04644623E+00
    16  9.60000000E+00  1.04902998E+00  1.00000001E+00  1.04902998E+00
    17  1.02000000E+01  1.05156153E+00  1.00000001E+00  1.05156153E+00
    18  1.08000000E+01  1.05401673E+00  1.00000001E+00  1.05401673E+00
    19  1.14000000E+01  1.05634911E+00  1.00000001E+00  1.05634911E+00
    20  1.20000000E+01  1.05868436E+00  1.00000000E+00  1.05868436E+00
    21  1.26000000E+01  1.06086355E+00  9.99999994E-01  1.06086355E+00
    22  1.32000000E+01  1.06306558E+00  9.99999986E-01  1.06306558E+00
    23  1.38000000E+01  1.06510773E+00  9.99999977E-01  1.06510773E+00
    24  1.44000000E+01  1.06718442E+00  9.99999965E-01  1.06718442E+00
    25  1.50000000E+01  1.06911321E+00  9.99999951E-01  1.06911321E+00
    26  1.56000000E+01  1.07104028E+00  9.99999934E-01  1.07104028E+00
    27  1.62000000E+01  1.07285324E+00  9.99999915E-01  1.07285324E+00
    28  1.68000000E+01  1.07457496E+00  9.99999892E-01  1.07457496E+00
    29  1.74000000E+01  1.07630638E+00  9.99999866E-01  1.07630638E+00
    30  1.80000000E+01  1.07784442E+00  9.99999836E-01  1.07784442E+00
    31  1.86000000E+01  1.07948816E+00  9.99999802E-01  1.07948816E+00
    32  1.92000000E+01  1.08094337E+00  9.99999763E-01  1.08094337E+00
    33  1.98000000E+01  1.08236052E+00  9.99999719E-01  1.08236052E+00
    34  2.04000000E+01  1.08377468E+00  9.99999668E-01  1.08377468E+00
    35  2.10000000E+01  1.08499699E+00  9.99999612E-01  1.08499699E+00
    36  2.16000000E+01  1.08634040E+00  9.99999548E-01  1.08634040E+00
    37  2.22000000E+01  1.08752190E+00  9.99999477E-01  1.08752190E+00
    38  2.28000000E+01  1.08860173E+00  9.99999398E-01  1.08860173E+00
    39  2.34000000E+01  1.08978271E+00  9.99999309E-01  1.08978271E+00
    40  2.40000000E+01  1.09078562E+00  9.99999211E-01  1.09078562E+00
    41  2.46000000E+01  1.09178420E+00  9.99999102E-01  1.09178420E+00
    42  2.52000000E+01  1.09278170E+00  9.99998981E-01  1.09278170E+00
    43  2.58000000E+01  1.09361823E+00  9.99998847E-01  1.09361823E+00
    44  2.64000000E+01  1.09452740E+00  9.99998700E-01  1.09452740E+00
    45  2.70000000E+01  1.09536904E+00  9.99998538E-01  1.09536904E+00
    46  2.76000000E+01  1.09607251E+00  9.99998360E-01  1.09607251E+00
    47  2.82000000E+01  1.09688869E+00  9.99998164E-01  1.09688869E+00
    48  2.88000000E+01  1.09758897E+00  9.99997949E-01  1.09758897E+00
    49  2.94000000E+01  1.09821448E+00  9.99997715E-01  1.09821448E+00
    50  3.00000000E+01  1.09891977E+00  9.99997458E-01  1.09891977E+00
    51  3.06000000E+01  1.09951005E+00  9.99997178E-01  1.09951005E+00
    52  3.12000000E+01  1.10005334E+00  9.99996873E-01  1.10005334E+00
    53  3.18000000E+01  1.10064057E+00  9.99996541E-01  1.10064057E+00
    54  3.24000000E+01  1.10113764E+00  9.99996180E-01  1.10113764E+00
    55  3.30000000E+01  1.10162451E+00  9.99995788E-01  1.10162451E+00
    56  3.36000000E+01  1.10212264E+00  9.99995363E-01  1.10212264E+00
    57  3.42000000E+01  1.10255078E+00  9.99994902E-01  1.10255078E+00
    58  3.48000000E+01  1.10294462E+00  9.99994404E-01  1.10294462E+00
    59  3.54000000E+01  1.10336976E+00  9.99993865E-01  1.10336976E+00
    60  3.60000000E+01  1.10374398E+00  9.99993283E-01  1.10374398E+00
    61  3.66000000E+01  1.10409612E+00  9.99992656E-01  1.10409612E+00
    62  3.72000000E+01  1.10446612E+00  9.99991980E-01  1.10446612E+00
    63  3.78000000E+01  1.10479655E+00  9.99991253E-01  1.10479655E+00
    64  3.84000000E+01  1.10509599E+00  9.99990471E-01  1.10509599E+00
    65  3.90000000E+01  1.10538476E+00  9.99989632E-01  1.10538476E+00
    66  3.96000000E+01  1.10568333E+00  9.99988731E-01  1.10568333E+00
    67  4.02000000E+01  1.10595554E+00  9.99987766E-01  1.10595554E+00
    68  4.08000000E+01  1.10620164E+00  9.99986733E-01  1.10620164E+00
    69  4.14000000E+01  1.10645389E+00  9.99985629E-01  1.10645389E+00
    70  4.20000000E+01  1.10669528E+00  9.99984448E-01  1.10669528E+00
    71  4.26000000E+01  1.10691153E+00  9.99983189E-01  1.10691153E+00
    72  4.32000000E+01  1.10710254E+00  9.99981846E-01  1.10710254E+00
    73  4.38000000E+01  1.10731992E+00  9.99980416E-01  1.10731992E+00
    74  4.44000000E+01  1.10751165E+00  9.99978895E-01  1.10751165E+00
    75  4.50000000E+01  1.10767796E+00  9.99977279E-01  1.10767796E+00
    76  4.56000000E+01  1.10784824E+00  9.99975563E-01  1.10784824E+00
    77  4.62000000E+01  1.10801517E+00  9.99973745E-01  1.10801517E+00
    78  4.68000000E+01  1.10815962E+00  9.99971819E-01  1.10815962E+00
    79  4.74000000E+01  1.10829257E+00  9.99969782E-01  1.10829257E+00
    80  4.80000000E+01  1.10843769E+00  9.99967630E-01  1.10843769E+00
    81  4.86000000E+01  1.10856243E+00  9.99965360E-01  1.10856243E+00
    82  4.92000000E+01  1.10867027E+00  9.99962968E-01  1.10867027E+00
    83  4.98000000E+01  1.10878824E+00  9.99960451E-01  1.10878824E+00
    84  5.04000000E+01  1.10889746E+00  9.99957806E-01  1.10889746E+00
    85  5.10000000E+01  1.10899266E+00  9.99955031E-01  1.10899266E+00
    86  5.16000000E+01  1.10907929E+00  9.99952124E-01  1.10907929E+00
    87  5.22000000E+01  1.10917418E+00  9.99949083E-01  1.10917418E+00
    88  5.28000000E+01  1.10925776E+00  9.99945908E-01  1.10925776E+00
    89  5.34000000E+01  1.10933224E+00  9.99942598E-01  1.10933224E+00
    90  5.40000000E+01  1.10940399E+00  9.99939154E-01  1.10940399E+00
    91  5.46000000E+01  1.10947792E+00  9.99935577E-01  1.10947792E+00
    92  5.52000000E+01  1.10954340E+00  9.99931871E-01  1.10954340E+00
    93  5.58000000E+01  1.10960100E+00  9.99928038E-01  1.10960100E+00
    94  5.64000000E+01  1.10965339E+00  9.99924084E-01  1.10965339E+00
    95  5.70000000E+01  1.10971101E+00  9.99920015E-01  1.10971101E+00
    96  5.76000000E+01  1.10976092E+00  9.99915840E-01  1.10976092E+00
    97  5.82000000E+01  1.10980288E+00  9.99911569E-01  1.10980288E+00
    98  5.88000000E+01  1.10984326E+00  9.99907214E-01  1.10984326E+00
    99  5.94000000E+01  1.10988482E+00  9.99902789E-01  1.10988482E+00
   100  6.00000000E+01  1.10991884E+00  9.99898312E-01  1.10991884E+00
   101  6.06000000E+01  1.10994569E+00  9.99893802E-01  1.10994569E+00
   102  6.12000000E+01  1.10997891E+00  9.99889283E-01  1.10997891E+00
   103  6.18000000E+01  1.11000606E+00  9.99884781E-01  1.11000606E+00
   104  6.24000000E+01  1.11002677E+00  9.99880327E-01  1.11002677E+00
   105  6.30000000E+01  1.11004793E+00  9.99875955E-01  1.11004793E+00
   106  6.36000000E+01  1.11006917E+00  9.99871703E-01  1.11006917E+00
   107  6.42000000E+01  1.11008529E+00  9.99867617E-01  1.11008529E+00
   108  6.48000000E+01  1.11009766E+00  9.99863745E-01  1.11009766E+00
   109  6.54000000E+01  1.11011301E+00  9.99860144E-01  1.11011301E+00
   110  6.60000000E+01  1.11012534E+00  9.99856874E-01  1.11012534E+00
   111  6.66000000E+01  1.11013527E+00  9.99854005E-01  1.11013527E+00
   112  6.72000000E+01  1.11014416E+00  9.99851614E-01  1.11014416E+00
   113  6.78000000E+01  1.11015306E+00  9.99849786E-01  1.11015306E+00
   114  6.84000000E+01  1.11016256E+00  9.99848615E-01  1.11016256E+00
   115  6.90000000E+01  1.11017281E+00  9.99848205E-01  1.11017281E+00
   116  6.96000000E+01  1.11018358E+00  9.99848672E-01  1.11018358E+00
   117  7.02000000E+01  1.11019445E+00  9.99850140E-01  1.11019445E+00
   118  7.08000000E+01  1.11020491E+00  9.99852748E-01  1.11020491E+00
   119  7.14000000E+01  1.11021456E+00  9.99856649E-01  1.11021456E+00
   120  7.20000000E+01  1.11022313E+00  9.99862007E-01  1.11022313E+00
   121  7.26000000E+01  1.11023053E+00  9.99869005E-01  1.11023053E+00
   122  7.32000000E+01  1.11023751E+00  9.99877840E-01  1.11023751E+00
   123  7.38000000E+01  1.11024512E+00  9.99888729E-01  1.11024512E+00
   124  7.44000000E+01  1.11025162E+00  9.99901906E-01  1.11025162E+00
   125  7.50000000E+01  1.11025713E+00  9.99917628E-01  1.11025713E+00
   126  7.56000000E+01  1.11026183E+00  9.99936173E-01  1.11026183E+00
   127  7.62000000E+01  1.11026592E+00  9.99957842E-01  1.11026592E+00
   128  7.68000000E+01  1.11026956E+00  9.99982964E-01  1.11026956E+00
   129  7.74000000E+01  1.11027289E+00  1.00001189E+00  1.11027289E+00
   130  7.80000000E+01  1.11027597E+00  1.00004501E+00  1.11027597E+00
   131  7.86000000E+01  1.11027883E+00  1.00008273E+00  1.11027883E+00
   132  7.92000000E+01  1.11028149E+00  1.00012550E+00  1.11028149E+00
   133  7.98000000E+01  1.11028430E+00  1.00017381E+00  1.11028430E+00
   134  8.04000000E+01  1.11028697E+00  1.00022816E+00  1.11028697E+00
   135  8.10000000E+01  1.11028943E+00  1.00028912E+00  1.11028943E+00
   136  8.16000000E+01  1.11029166E+00  1.00035727E+00  1.11029166E+00
   137  8.22000000E+01  1.11029367E+00  1.00043328E+00  1.11029367E+00
   138  8.28000000E+01  1.11029545E+00  1.00051781E+00  1.11029545E+00
   139  8.34000000E+01  1.11029702E+00  1.00061161E+00  1.11029702E+00
   140  8.40000000E+01  1.11029841E+00  1.00071546E+00  1.11029841E+00
   141  8.46000000E+01  1.11029962E+00  1.00083021E+00  1.11029962E+00
   142  8.52000000E+01  1.11030069E+00  1.00095674E+00  1.11030069E+00
   143  8.58000000E+01  1.11030163E+00  1.00109603E+00  1.11030163E+00
   144  8.64000000E+01  1.11030245E+00  1.00124908E+00  1.11030245E+00
   145  8.70000000E+01  1.11030317E+00  1.00141699E+00  1.11030317E+00
   146  8.76000000E+01  1.11030379E+00  1.00160091E+00  1.11030379E+00
   147  8.82000000E+01  1.11030433E+00  1.00180206E+00  1.11030433E+00
   148  8.88000000E+01  1.11030479E+00  1.00202173E+00  1.11030479E+00
   149  8.94000000E+01  1.11030518E+00  1.00226131E+00  1.11030518E+00
   150  9.00000000E+01  1.11030552E+00  1.00252224E+00  1.11030552E+00
   151  9.06000000E+01  1.11030581E+00  1.00280604E+00  1.11030581E+00
   152  9.12000000E+01  1.11030605E+00  1.00311434E+00  1.11030605E+00
   153  9.18000000E+01  1.11030626E+00  1.00344881E+00  1.11030626E+00
   154  9.24000000E+01  1.11030643E+00  1.00381124E+00  1.11030643E+00
   155  9.30000000E+01  1.11030658E+00  1.00420349E+00  1.11030658E+00
   156  9.36000000E+01  1.11030670E+00  1.00462749E+00  1.11030670E+00
   157  9.42000000E+01  1.11030680E+00  1.00508529E+00  1.11030680E+00
   158  9.48000000E+01  1.11030689E+00  1.00557899E+00  1.11030689E+00
   159  9.54000000E+01  1.11030695E+00  1.00611079E+00  1.11030695E+00
   160  9.60000000E+01  1.11030701E+00  1.00668296E+00  1.11030701E+00
   161  9.66000000E+01  1.11030705E+00  1.00729784E+00  1.11030705E+00
   162  9.72000000E+01  1.11030709E+00  1.00795786E+00  1.11030709E+00
   163  9.78000000E+01  1.11030711E+00  1.00866548E+00  1.11030711E+00
   164  9.84000000E+01  1.11030714E+00  1.00942326E+00  1.11030714E+00
   165  9.90000000E+01  1.11030715E+00  1.01023375E+00  1.11030715E+00
   166  9.96000000E+01  1.11030716E+00  1.01109957E+00  1.11030716E+00
   167  1.00200000E+02  1.11030717E+00  1.01202335E+00  1.11030717E+00
   168  1.00800000E+02  1.11030717E+00  1.01300770E+00  1.11030717E+00
   169  1.01400000E+02  1.11030718E+00  1.01405526E+00  1.11030718E+00
   170  1.02000000E+02  1.11030718E+00  1.01516857E+00  1.11030718E+00
   171  1.02600000E+02  1.11030718E+00  1.01635015E+00  1.11030718E+00
   172  1.03200000E+02  1.11030717E+00  1.01760243E+00  1.11030717E+00
   173  1.03800000E+02  1.11030717E+00  1.01892770E+00  1.11030717E+00
   174  1.04400000E+02  1.11030717E+00  1.02032812E+00  1.11030717E+00
   175  1.05000000E+02  1.11030717E+00  1.02180566E+00  1.11030717E+00
   176  1.05600000E+02  1.11030716E+00  1.02336208E+00  1.11030716E+00
   177  1.06200000E+02  1.11030716E+00  1.02499890E+00  1.11030716E+00
   178  1.06800000E+02  1.11030715E+00  1.02671732E+00  1.11030715E+00
   179  1.07400000E+02  1.11030715E+00  1.02851821E+00  1.11030715E+00
   180  1.08000000E+02  1.11030715E+00  1.03040206E+00  1.11030715E+00
   181  1.08600000E+02  1.11030714E+00  1.03236894E+00  1.11030714E+00
   182  1.09200000E+02  1.11030714E+00  1.03441841E+00  1.11030714E+00
   183  1.09800000E+02  1.11030713E+00  1.03654954E+00  1.11030713E+00
   184  1.10400000E+02  1.11030713E+00  1.03876077E+00  1.11030713E+00
   185  1.11000000E+02  1.11030713E+00  1.04104995E+00  1.11030713E+00
   186  1.11600000E+02  1.11030713E+00  1.04341421E+00  1.11030713E+00
   187  1.12200000E+02  1.11030712E+00  1.04584998E+00  1.11030712E+00
   188  1.12800000E+02  1.11030712E+00  1.04835289E+00  1.11030712E+00
   189  1.13400000E+02  1.11030712E+00  1.05091777E+00  1.11030712E+00
   190  1.14000000E+02  1.11030712E+00  1.05353861E+00  1.11030712E+00
   191  1.14600000E+02  1.11030711E+00  1.05620855E+00  1.11030711E+00
   192  1.15200000E+02  1.11030711E+00  1.05891983E+00  1.11030711E+00
   193  1.15800000E+02  1.11030711E+00  1.06166383E+00  1.11030711E+00
   194  1.16400000E+02  1.11030711E+00  1.06443106E+00  1.11030711E+00
   195  1.17000000E+02  1.11030711E+00  1.06721118E+00  1.11030711E+00
   196  1.17600000E+02  1.11030711E+00  1.06999306E+00  1.11030711E+00
   197  1.18200000E+02  1.11030711E+00  1.07276480E+00  1.11030711E+00
   198  1.18800000E+02  1.11030710E+00  1.07551385E+00  1.11030710E+00
   199  1.19400000E+02  1.11030710E+00  1.07822707E+00  1.11030710E+00
   200  1.20000000E+02  1.11030710E+00  1.08089090E+00  1.11030710E+00
   201  1.20600000E+02  1.11030710E+00  1.08349145E+00  1.11030710E+00
   202  1.21200000E+02  1.11030710E+00  1.08601474E+00  1.11030710E+00
   203  1.21800000E+02  1.11030710E+00  1.08844687E+00  1.11030710E+00
   204  1.22400000E+02  1.11030710E+00  1.09077429E+00  1.11030710E+00
   205  1.23000000E+02  1.11030710E+00  1.09298410E+00  1.11030710E+00
   206  1.23600000E+02  1.11030710E+00  1.09506430E+00  1.11030710E+00
   207  1.24200000E+02  1.11030710E+00  1.09700416E+00  1.11030710E+00
   208  1.24800000E+02  1.11030710E+00  1.09879455E+00  1.11030710E+00
   209  1.25400000E+02  1.11030710E+00  1.10042830E+00  1.11030710E+00
   210  1.26000000E+02  1.11030710E+00  1.10190048E+00  1.11030710E+00
   211  1.26600000E+02  1.11030710E+00  1.10320871E+00  1.11030710E+00
   212  1.27200000E+02  1.11030710E+00  1.10435339E+00  1.11030710E+00
   213  1.27800000E+02  1.11030710E+00  1.10533782E+00  1.11030710E+00
   214  1.28400000E+02  1.11030710E+00  1.10616825E+00  1.11030710E+00
   215  1.29000000E+02  1.11030709E+00  1.10685378E+00  1.11030709E+00
   216  1.29600000E+02  1.11030709E+00  1.10740614E+00  1.11030709E+00
   217  1.30200000E+02  1.11030709E+00  1.10783931E+00  1.11030709E+00
   218  1.30800000E+02  1.11030709E+00  1.10816900E+00  1.11030709E+00
   219  1.31400000E+02  1.11030709E+00  1.10841209E+00  1.11030709E+00
   220  1.32000000E+02  1.11030709E+00  1.10858583E+00  1.11030709E+00
   221  1.32600000E+02  1.11030709E+00  1.10870718E+00  1.11030709E+00
   222  1.33200000E+02  1.11030709E+00  1.10879202E+00  1.11030709E+00
   223  1.33800000E+02  1.11030709E+00  1.10885449E+00  1.11030709E+00
   224  1.34400000E+02  1.11030709E+00  1.10890645E+00  1.11030709E+00
   225  1.35000000E+02  1.11030709E+00  1.10895710E+00  1.11030709E+00
   226  1.35600000E+02  1.11030709E+00  1.10901274E+00  1.11030709E+00
   227  1.36200000E+02  1.11030709E+00  1.10907688E+00  1.11030709E+00
   228  1.36800000E+02  1.11030709E+00  1.10915044E+00  1.11030709E+00
   229  1.37400000E+02  1.11030709E+00  1.10923217E+00  1.11030709E+00
   230  1.38000000E+02  1.11030709E+00  1.10931923E+00  1.11030709E+00
   231  1.38600000E+02  1.11030709E+00  1.10940781E+00  1.11030709E+00
   232  1.39200000E+02  1.11030709E+00  1.10949378E+00  1.11030709E+00
   233  1.39800000E+02  1.11030709E+00  1.10957324E+00  1.11030709E+00
   234  1.40400000E+02  1.11030709E+00  1.10964305E+00  1.11030709E+00
   235  1.41000000E+02  1.11030709E+00  1.10970110E+00  1.11030709E+00
   236  1.41600000E+02  1.11030709E+00  1.10974643E+00  1.11030709E+00
   237  1.42200000E+02  1.11030709E+00  1.10977928E+00  1.11030709E+00
   238  1.42800000E+02  1.11030709E+00  1.10980086E+00  1.11030709E+00
   239  1.43400000E+02  1.11030709E+00  1.10981310E+00  1.11030709E+00
   240  1.44000000E+02  1.11030709E+00  1.10981836E+00  1.11030709E+00
   241  1.44600000E+02  1.11030709E+00  1.10981907E+00  1.11030709E+00
   242  1.45200000E+02  1.11030709E+00  1.10981748E+00  1.11030709E+00
   243  1.45800000E+02  1.11030709E+00  1.10981547E+00  1.11030709E+00
   244  1.46400000E+02  1.11030709E+00  1.10981438E+00  1.11030709E+00
   245  1.47000000E+02  1.11030709E+00  1.10981504E+00  1.11030709E+00
   246  1.47600000E+02  1.11030709E+00  1.10981776E+00  1.11030709E+00
   247  1.48200000E+02  1.11030709E+00  1.10982248E+00  1.11030709E+00
   248  1.48800000E+02  1.11030709E+00  1.10982885E+00  1.11030709E+00
   249  1.49400000E+02  1.11030709E+00  1.10983639E+00  1.11030709E+00
 steady-height stop at step    249: changes <=   1.0000E-05, max-end <=   1.0000E-02, max/end/gap/profile_change =   1.11030709E+00  1.10983639E+00  4.70699326E-04  8.32822574E-06


STDERR:
