COMMAND:
/shared/generate_rom_data/extrudate_swell2d_c_cluster

STDOUT:
 comppar: model =   6
 comppar: lambda,mobility/eps,betav,eta_0 =  1.0000E+01  5.0000E-01  7.0000E-01  1.0000E+00
 comppar: eta_s,eta_p,G =  7.0000E-01  3.0000E-01  3.0000E-02
 comppar: U_avg,deltat,flowrate,nsteps =  5.0000E-02  6.0000E-01  1.5708E-01     700
 comppar: geometry = axisymmetric
 comppar: steady stop change,gap,hold,min =  1.0000E-05  1.0000E-02      10      80
 comppar: ncompc,ncompg =     4     5
 mesh nnodes = 5765
 mesh nelem = 2780
 P1 BC   5.0000000000000000     
 P2 BC   0.0000000000000000     
     1  6.00000000E-01  1.00379362E+00  1.00000000E+00  1.00379362E+00
     2  1.20000000E+00  1.00750256E+00  1.00000000E+00  1.00750256E+00
     3  1.80000000E+00  1.01112675E+00  1.00000000E+00  1.01112675E+00
     4  2.40000000E+00  1.01466738E+00  1.00000000E+00  1.01466738E+00
     5  3.00000000E+00  1.01812626E+00  1.00000000E+00  1.01812626E+00
     6  3.60000000E+00  1.02150037E+00  1.00000000E+00  1.02150037E+00
     7  4.20000000E+00  1.02480256E+00  1.00000000E+00  1.02480256E+00
     8  4.80000000E+00  1.02803667E+00  1.00000000E+00  1.02803667E+00
     9  5.40000000E+00  1.03119405E+00  1.00000000E+00  1.03119405E+00
    10  6.00000000E+00  1.03427356E+00  1.00000000E+00  1.03427356E+00
    11  6.60000000E+00  1.03731136E+00  1.00000000E+00  1.03731136E+00
    12  7.20000000E+00  1.04027483E+00  1.00000000E+00  1.04027483E+00
    13  7.80000000E+00  1.04317088E+00  1.00000000E+00  1.04317088E+00
    14  8.40000000E+00  1.04603664E+00  1.00000000E+00  1.04603664E+00
    15  9.00000000E+00  1.04879923E+00  9.99999998E-01  1.04879923E+00
    16  9.60000000E+00  1.05157114E+00  9.99999995E-01  1.05157114E+00
    17  1.02000000E+01  1.05423705E+00  9.99999990E-01  1.05423705E+00
    18  1.08000000E+01  1.05689948E+00  9.99999984E-01  1.05689948E+00
    19  1.14000000E+01  1.05943794E+00  9.99999976E-01  1.05943794E+00
    20  1.20000000E+01  1.06201092E+00  9.99999967E-01  1.06201092E+00
    21  1.26000000E+01  1.06445184E+00  9.99999956E-01  1.06445184E+00
    22  1.32000000E+01  1.06691722E+00  9.99999943E-01  1.06691722E+00
    23  1.38000000E+01  1.06926665E+00  9.99999928E-01  1.06926665E+00
    24  1.44000000E+01  1.07159837E+00  9.99999910E-01  1.07159837E+00
    25  1.50000000E+01  1.07387963E+00  9.99999889E-01  1.07387963E+00
    26  1.56000000E+01  1.07606499E+00  9.99999865E-01  1.07606499E+00
    27  1.62000000E+01  1.07827648E+00  9.99999837E-01  1.07827648E+00
    28  1.68000000E+01  1.08034192E+00  9.99999806E-01  1.08034192E+00
    29  1.74000000E+01  1.08242729E+00  9.99999770E-01  1.08242729E+00
    30  1.80000000E+01  1.08444931E+00  9.99999730E-01  1.08444931E+00
    31  1.86000000E+01  1.08633787E+00  9.99999685E-01  1.08633787E+00
    32  1.92000000E+01  1.08831426E+00  9.99999634E-01  1.08831426E+00
    33  1.98000000E+01  1.09013796E+00  9.99999577E-01  1.09013796E+00
    34  2.04000000E+01  1.09188706E+00  9.99999513E-01  1.09188706E+00
    35  2.10000000E+01  1.09369794E+00  9.99999442E-01  1.09369794E+00
    36  2.16000000E+01  1.09535413E+00  9.99999364E-01  1.09535413E+00
    37  2.22000000E+01  1.09698536E+00  9.99999276E-01  1.09698536E+00
    38  2.28000000E+01  1.09862642E+00  9.99999180E-01  1.09862642E+00
    39  2.34000000E+01  1.10011339E+00  9.99999073E-01  1.10011339E+00
    40  2.40000000E+01  1.10158516E+00  9.99998956E-01  1.10158516E+00
    41  2.46000000E+01  1.10308878E+00  9.99998827E-01  1.10308878E+00
    42  2.52000000E+01  1.10444222E+00  9.99998685E-01  1.10444222E+00
    43  2.58000000E+01  1.10575918E+00  9.99998529E-01  1.10575918E+00
    44  2.64000000E+01  1.10712509E+00  9.99998359E-01  1.10712509E+00
    45  2.70000000E+01  1.10834657E+00  9.99998173E-01  1.10834657E+00
    46  2.76000000E+01  1.10950614E+00  9.99997970E-01  1.10950614E+00
    47  2.82000000E+01  1.11074498E+00  9.99997749E-01  1.11074498E+00
    48  2.88000000E+01  1.11184793E+00  9.99997508E-01  1.11184793E+00
    49  2.94000000E+01  1.11286892E+00  9.99997245E-01  1.11286892E+00
    50  3.00000000E+01  1.11398396E+00  9.99996961E-01  1.11398396E+00
    51  3.06000000E+01  1.11497326E+00  9.99996652E-01  1.11497326E+00
    52  3.12000000E+01  1.11586917E+00  9.99996317E-01  1.11586917E+00
    53  3.18000000E+01  1.11687317E+00  9.99995955E-01  1.11687317E+00
    54  3.24000000E+01  1.11776319E+00  9.99995563E-01  1.11776319E+00
    55  3.30000000E+01  1.11855377E+00  9.99995140E-01  1.11855377E+00
    56  3.36000000E+01  1.11943265E+00  9.99994683E-01  1.11943265E+00
    57  3.42000000E+01  1.12023081E+00  9.99994191E-01  1.12023081E+00
    58  3.48000000E+01  1.12094308E+00  9.99993661E-01  1.12094308E+00
    59  3.54000000E+01  1.12170622E+00  9.99993090E-01  1.12170622E+00
    60  3.60000000E+01  1.12242711E+00  9.99992477E-01  1.12242711E+00
    61  3.66000000E+01  1.12307437E+00  9.99991819E-01  1.12307437E+00
    62  3.72000000E+01  1.12370443E+00  9.99991113E-01  1.12370443E+00
    63  3.78000000E+01  1.12435681E+00  9.99990356E-01  1.12435681E+00
    64  3.84000000E+01  1.12494797E+00  9.99989546E-01  1.12494797E+00
    65  3.90000000E+01  1.12548989E+00  9.99988679E-01  1.12548989E+00
    66  3.96000000E+01  1.12607856E+00  9.99987752E-01  1.12607856E+00
    67  4.02000000E+01  1.12662278E+00  9.99986762E-01  1.12662278E+00
    68  4.08000000E+01  1.12712560E+00  9.99985707E-01  1.12712560E+00
    69  4.14000000E+01  1.12759440E+00  9.99984582E-01  1.12759440E+00
    70  4.20000000E+01  1.12808860E+00  9.99983384E-01  1.12808860E+00
    71  4.26000000E+01  1.12855984E+00  9.99982110E-01  1.12855984E+00
    72  4.32000000E+01  1.12900171E+00  9.99980755E-01  1.12900171E+00
    73  4.38000000E+01  1.12941662E+00  9.99979318E-01  1.12941662E+00
    74  4.44000000E+01  1.12983797E+00  9.99977792E-01  1.12983797E+00
    75  4.50000000E+01  1.13025207E+00  9.99976176E-01  1.13025207E+00
    76  4.56000000E+01  1.13064005E+00  9.99974465E-01  1.13064005E+00
    77  4.62000000E+01  1.13100127E+00  9.99972655E-01  1.13100127E+00
    78  4.68000000E+01  1.13134838E+00  9.99970743E-01  1.13134838E+00
    79  4.74000000E+01  1.13171277E+00  9.99968725E-01  1.13171277E+00
    80  4.80000000E+01  1.13204917E+00  9.99966598E-01  1.13204917E+00
    81  4.86000000E+01  1.13235577E+00  9.99964358E-01  1.13235577E+00
    82  4.92000000E+01  1.13265112E+00  9.99962002E-01  1.13265112E+00
    83  4.98000000E+01  1.13295991E+00  9.99959527E-01  1.13295991E+00
    84  5.04000000E+01  1.13323840E+00  9.99956930E-01  1.13323840E+00
    85  5.10000000E+01  1.13348574E+00  9.99954208E-01  1.13348574E+00
    86  5.16000000E+01  1.13375130E+00  9.99951360E-01  1.13375130E+00
    87  5.22000000E+01  1.13400229E+00  9.99948382E-01  1.13400229E+00
    88  5.28000000E+01  1.13422200E+00  9.99945275E-01  1.13422200E+00
    89  5.34000000E+01  1.13442869E+00  9.99942037E-01  1.13442869E+00
    90  5.40000000E+01  1.13465256E+00  9.99938667E-01  1.13465256E+00
    91  5.46000000E+01  1.13484639E+00  9.99935167E-01  1.13484639E+00
    92  5.52000000E+01  1.13501199E+00  9.99931538E-01  1.13501199E+00
    93  5.58000000E+01  1.13520700E+00  9.99927782E-01  1.13520700E+00
    94  5.64000000E+01  1.13537543E+00  9.99923901E-01  1.13537543E+00
    95  5.70000000E+01  1.13551781E+00  9.99919902E-01  1.13551781E+00
    96  5.76000000E+01  1.13567210E+00  9.99915788E-01  1.13567210E+00
    97  5.82000000E+01  1.13581834E+00  9.99911567E-01  1.13581834E+00
    98  5.88000000E+01  1.13594117E+00  9.99907247E-01  1.13594117E+00
    99  5.94000000E+01  1.13606067E+00  9.99902840E-01  1.13606067E+00
   100  6.00000000E+01  1.13618560E+00  9.99898356E-01  1.13618560E+00
   101  6.06000000E+01  1.13629008E+00  9.99893811E-01  1.13629008E+00
   102  6.12000000E+01  1.13638214E+00  9.99889222E-01  1.13638214E+00
   103  6.18000000E+01  1.13648945E+00  9.99884607E-01  1.13648945E+00
   104  6.24000000E+01  1.13657909E+00  9.99879988E-01  1.13657909E+00
   105  6.30000000E+01  1.13665448E+00  9.99875391E-01  1.13665448E+00
   106  6.36000000E+01  1.13673444E+00  9.99870845E-01  1.13673444E+00
   107  6.42000000E+01  1.13681086E+00  9.99866382E-01  1.13681086E+00
   108  6.48000000E+01  1.13687584E+00  9.99862038E-01  1.13687584E+00
   109  6.54000000E+01  1.13693486E+00  9.99857855E-01  1.13693486E+00
   110  6.60000000E+01  1.13700069E+00  9.99853878E-01  1.13700069E+00
   111  6.66000000E+01  1.13705716E+00  9.99850158E-01  1.13705716E+00
   112  6.72000000E+01  1.13710647E+00  9.99846752E-01  1.13710647E+00
   113  6.78000000E+01  1.13715026E+00  9.99843723E-01  1.13715026E+00
   114  6.84000000E+01  1.13719811E+00  9.99841140E-01  1.13719811E+00
   115  6.90000000E+01  1.13724236E+00  9.99839080E-01  1.13724236E+00
   116  6.96000000E+01  1.13728215E+00  9.99837628E-01  1.13728215E+00
   117  7.02000000E+01  1.13731815E+00  9.99836876E-01  1.13731815E+00
   118  7.08000000E+01  1.13735074E+00  9.99836926E-01  1.13735074E+00
   119  7.14000000E+01  1.13738645E+00  9.99837891E-01  1.13738645E+00
   120  7.20000000E+01  1.13741886E+00  9.99839894E-01  1.13741886E+00
   121  7.26000000E+01  1.13744818E+00  9.99843066E-01  1.13744818E+00
   122  7.32000000E+01  1.13747452E+00  9.99847556E-01  1.13747452E+00
   123  7.38000000E+01  1.13749798E+00  9.99853521E-01  1.13749798E+00
   124  7.44000000E+01  1.13752153E+00  9.99861136E-01  1.13752153E+00
   125  7.50000000E+01  1.13754540E+00  9.99870587E-01  1.13754540E+00
   126  7.56000000E+01  1.13756649E+00  9.99882078E-01  1.13756649E+00
   127  7.62000000E+01  1.13758497E+00  9.99895832E-01  1.13758497E+00
   128  7.68000000E+01  1.13760110E+00  9.99912087E-01  1.13760110E+00
   129  7.74000000E+01  1.13761525E+00  9.99931103E-01  1.13761525E+00
   130  7.80000000E+01  1.13763173E+00  9.99953160E-01  1.13763173E+00
   131  7.86000000E+01  1.13764611E+00  9.99978559E-01  1.13764611E+00
   132  7.92000000E+01  1.13765868E+00  1.00000763E+00  1.13765868E+00
   133  7.98000000E+01  1.13766973E+00  1.00004072E+00  1.13766973E+00
   134  8.04000000E+01  1.13767951E+00  1.00007820E+00  1.13767951E+00
   135  8.10000000E+01  1.13768824E+00  1.00012050E+00  1.13768824E+00
   136  8.16000000E+01  1.13769620E+00  1.00016803E+00  1.13769620E+00
   137  8.22000000E+01  1.13770502E+00  1.00022128E+00  1.13770502E+00
   138  8.28000000E+01  1.13771293E+00  1.00028074E+00  1.13771293E+00
   139  8.34000000E+01  1.13772006E+00  1.00034695E+00  1.13772006E+00
   140  8.40000000E+01  1.13772650E+00  1.00042048E+00  1.13772650E+00
   141  8.46000000E+01  1.13773230E+00  1.00050197E+00  1.13773230E+00
   142  8.52000000E+01  1.13773750E+00  1.00059205E+00  1.13773750E+00
   143  8.58000000E+01  1.13774215E+00  1.00069144E+00  1.13774215E+00
   144  8.64000000E+01  1.13774629E+00  1.00080087E+00  1.13774629E+00
   145  8.70000000E+01  1.13774996E+00  1.00092116E+00  1.13774996E+00
   146  8.76000000E+01  1.13775321E+00  1.00105314E+00  1.13775321E+00
   147  8.82000000E+01  1.13775607E+00  1.00119771E+00  1.13775607E+00
   148  8.88000000E+01  1.13775860E+00  1.00135583E+00  1.13775860E+00
   149  8.94000000E+01  1.13776135E+00  1.00152852E+00  1.13776135E+00
   150  9.00000000E+01  1.13776391E+00  1.00171684E+00  1.13776391E+00
   151  9.06000000E+01  1.13776617E+00  1.00192194E+00  1.13776617E+00
   152  9.12000000E+01  1.13776817E+00  1.00214501E+00  1.13776817E+00
   153  9.18000000E+01  1.13776992E+00  1.00238732E+00  1.13776992E+00
   154  9.24000000E+01  1.13777147E+00  1.00265021E+00  1.13777147E+00
   155  9.30000000E+01  1.13777284E+00  1.00293508E+00  1.13777284E+00
   156  9.36000000E+01  1.13777403E+00  1.00324341E+00  1.13777403E+00
   157  9.42000000E+01  1.13777508E+00  1.00357676E+00  1.13777508E+00
   158  9.48000000E+01  1.13777599E+00  1.00393675E+00  1.13777599E+00
   159  9.54000000E+01  1.13777678E+00  1.00432509E+00  1.13777678E+00
   160  9.60000000E+01  1.13777747E+00  1.00474355E+00  1.13777747E+00
   161  9.66000000E+01  1.13777806E+00  1.00519399E+00  1.13777806E+00
   162  9.72000000E+01  1.13777857E+00  1.00567835E+00  1.13777857E+00
   163  9.78000000E+01  1.13777900E+00  1.00619862E+00  1.13777900E+00
   164  9.84000000E+01  1.13777937E+00  1.00675689E+00  1.13777937E+00
   165  9.90000000E+01  1.13777969E+00  1.00735531E+00  1.13777969E+00
   166  9.96000000E+01  1.13777995E+00  1.00799610E+00  1.13777995E+00
   167  1.00200000E+02  1.13778017E+00  1.00868152E+00  1.13778017E+00
   168  1.00800000E+02  1.13778036E+00  1.00941392E+00  1.13778036E+00
   169  1.01400000E+02  1.13778051E+00  1.01019569E+00  1.13778051E+00
   170  1.02000000E+02  1.13778064E+00  1.01102926E+00  1.13778064E+00
   171  1.02600000E+02  1.13778074E+00  1.01191709E+00  1.13778074E+00
   172  1.03200000E+02  1.13778082E+00  1.01286167E+00  1.13778082E+00
   173  1.03800000E+02  1.13778089E+00  1.01386549E+00  1.13778089E+00
   174  1.04400000E+02  1.13778094E+00  1.01493105E+00  1.13778094E+00
   175  1.05000000E+02  1.13778098E+00  1.01606083E+00  1.13778098E+00
   176  1.05600000E+02  1.13778100E+00  1.01725727E+00  1.13778100E+00
   177  1.06200000E+02  1.13778102E+00  1.01852274E+00  1.13778102E+00
   178  1.06800000E+02  1.13778103E+00  1.01985954E+00  1.13778103E+00
   179  1.07400000E+02  1.13778104E+00  1.02126988E+00  1.13778104E+00
   180  1.08000000E+02  1.13778104E+00  1.02275582E+00  1.13778104E+00
   181  1.08600000E+02  1.13778104E+00  1.02431928E+00  1.13778104E+00
   182  1.09200000E+02  1.13778103E+00  1.02596198E+00  1.13778103E+00
   183  1.09800000E+02  1.13778102E+00  1.02768545E+00  1.13778102E+00
   184  1.10400000E+02  1.13778101E+00  1.02949093E+00  1.13778101E+00
   185  1.11000000E+02  1.13778100E+00  1.03137942E+00  1.13778100E+00
   186  1.11600000E+02  1.13778099E+00  1.03335156E+00  1.13778099E+00
   187  1.12200000E+02  1.13778098E+00  1.03540768E+00  1.13778098E+00
   188  1.12800000E+02  1.13778097E+00  1.03754769E+00  1.13778097E+00
   189  1.13400000E+02  1.13778095E+00  1.03977108E+00  1.13778095E+00
   190  1.14000000E+02  1.13778094E+00  1.04207689E+00  1.13778094E+00
   191  1.14600000E+02  1.13778093E+00  1.04446365E+00  1.13778093E+00
   192  1.15200000E+02  1.13778092E+00  1.04692936E+00  1.13778092E+00
   193  1.15800000E+02  1.13778091E+00  1.04947148E+00  1.13778091E+00
   194  1.16400000E+02  1.13778090E+00  1.05208687E+00  1.13778090E+00
   195  1.17000000E+02  1.13778089E+00  1.05477177E+00  1.13778089E+00
   196  1.17600000E+02  1.13778088E+00  1.05752180E+00  1.13778088E+00
   197  1.18200000E+02  1.13778087E+00  1.06033195E+00  1.13778087E+00
   198  1.18800000E+02  1.13778087E+00  1.06319654E+00  1.13778087E+00
   199  1.19400000E+02  1.13778086E+00  1.06610923E+00  1.13778086E+00
   200  1.20000000E+02  1.13778085E+00  1.06906307E+00  1.13778085E+00
   201  1.20600000E+02  1.13778085E+00  1.07205044E+00  1.13778085E+00
   202  1.21200000E+02  1.13778084E+00  1.07506314E+00  1.13778084E+00
   203  1.21800000E+02  1.13778084E+00  1.07809239E+00  1.13778084E+00
   204  1.22400000E+02  1.13778083E+00  1.08112886E+00  1.13778083E+00
   205  1.23000000E+02  1.13778083E+00  1.08416276E+00  1.13778083E+00
   206  1.23600000E+02  1.13778083E+00  1.08718387E+00  1.13778083E+00
   207  1.24200000E+02  1.13778082E+00  1.09018160E+00  1.13778082E+00
   208  1.24800000E+02  1.13778082E+00  1.09314513E+00  1.13778082E+00
   209  1.25400000E+02  1.13778082E+00  1.09606344E+00  1.13778082E+00
   210  1.26000000E+02  1.13778081E+00  1.09892543E+00  1.13778081E+00
   211  1.26600000E+02  1.13778081E+00  1.10172008E+00  1.13778081E+00
   212  1.27200000E+02  1.13778081E+00  1.10443650E+00  1.13778081E+00
   213  1.27800000E+02  1.13778081E+00  1.10706416E+00  1.13778081E+00
   214  1.28400000E+02  1.13778081E+00  1.10959295E+00  1.13778081E+00
   215  1.29000000E+02  1.13778081E+00  1.11201340E+00  1.13778081E+00
   216  1.29600000E+02  1.13778081E+00  1.11431685E+00  1.13778081E+00
   217  1.30200000E+02  1.13778081E+00  1.11649559E+00  1.13778081E+00
   218  1.30800000E+02  1.13778081E+00  1.11854303E+00  1.13778081E+00
   219  1.31400000E+02  1.13778080E+00  1.12045394E+00  1.13778080E+00
   220  1.32000000E+02  1.13778080E+00  1.12222454E+00  1.13778080E+00
   221  1.32600000E+02  1.13778080E+00  1.12385267E+00  1.13778080E+00
   222  1.33200000E+02  1.13778080E+00  1.12533792E+00  1.13778080E+00
   223  1.33800000E+02  1.13778080E+00  1.12668169E+00  1.13778080E+00
   224  1.34400000E+02  1.13778080E+00  1.12788726E+00  1.13778080E+00
   225  1.35000000E+02  1.13778080E+00  1.12895974E+00  1.13778080E+00
   226  1.35600000E+02  1.13778080E+00  1.12990598E+00  1.13778080E+00
   227  1.36200000E+02  1.13778080E+00  1.13073447E+00  1.13778080E+00
   228  1.36800000E+02  1.13778080E+00  1.13145507E+00  1.13778080E+00
   229  1.37400000E+02  1.13778080E+00  1.13207873E+00  1.13778080E+00
   230  1.38000000E+02  1.13778080E+00  1.13261717E+00  1.13778080E+00
   231  1.38600000E+02  1.13778080E+00  1.13308242E+00  1.13778080E+00
   232  1.39200000E+02  1.13778080E+00  1.13348648E+00  1.13778080E+00
   233  1.39800000E+02  1.13778080E+00  1.13384082E+00  1.13778080E+00
   234  1.40400000E+02  1.13778080E+00  1.13415601E+00  1.13778080E+00
   235  1.41000000E+02  1.13778080E+00  1.13444133E+00  1.13778080E+00
   236  1.41600000E+02  1.13778080E+00  1.13470451E+00  1.13778080E+00
   237  1.42200000E+02  1.13778080E+00  1.13495153E+00  1.13778080E+00
   238  1.42800000E+02  1.13778080E+00  1.13518656E+00  1.13778080E+00
   239  1.43400000E+02  1.13778080E+00  1.13541198E+00  1.13778080E+00
   240  1.44000000E+02  1.13778080E+00  1.13562854E+00  1.13778080E+00
   241  1.44600000E+02  1.13778080E+00  1.13583568E+00  1.13778080E+00
   242  1.45200000E+02  1.13778081E+00  1.13603179E+00  1.13778081E+00
   243  1.45800000E+02  1.13778081E+00  1.13621469E+00  1.13778081E+00
   244  1.46400000E+02  1.13778081E+00  1.13638199E+00  1.13778081E+00
   245  1.47000000E+02  1.13778081E+00  1.13653147E+00  1.13778081E+00
   246  1.47600000E+02  1.13778081E+00  1.13666147E+00  1.13778081E+00
   247  1.48200000E+02  1.13778081E+00  1.13677106E+00  1.13778081E+00
   248  1.48800000E+02  1.13778081E+00  1.13686023E+00  1.13778081E+00
   249  1.49400000E+02  1.13778081E+00  1.13692991E+00  1.13778081E+00
   250  1.50000000E+02  1.13778081E+00  1.13698189E+00  1.13778081E+00
   251  1.50600000E+02  1.13778081E+00  1.13701865E+00  1.13778081E+00
   252  1.51200000E+02  1.13778081E+00  1.13704314E+00  1.13778081E+00
   253  1.51800000E+02  1.13778081E+00  1.13705851E+00  1.13778081E+00
   254  1.52400000E+02  1.13778081E+00  1.13706785E+00  1.13778081E+00
   255  1.53000000E+02  1.13778081E+00  1.13707395E+00  1.13778081E+00
   256  1.53600000E+02  1.13778081E+00  1.13707911E+00  1.13778081E+00
   257  1.54200000E+02  1.13778081E+00  1.13708503E+00  1.13778081E+00
   258  1.54800000E+02  1.13778081E+00  1.13709276E+00  1.13778081E+00
   259  1.55400000E+02  1.13778081E+00  1.13710273E+00  1.13778081E+00
   260  1.56000000E+02  1.13778081E+00  1.13711486E+00  1.13778081E+00
   261  1.56600000E+02  1.13778081E+00  1.13712866E+00  1.13778081E+00
   262  1.57200000E+02  1.13778081E+00  1.13714338E+00  1.13778081E+00
   263  1.57800000E+02  1.13778081E+00  1.13715820E+00  1.13778081E+00
   264  1.58400000E+02  1.13778081E+00  1.13717234E+00  1.13778081E+00
   265  1.59000000E+02  1.13778081E+00  1.13718513E+00  1.13778081E+00
   266  1.59600000E+02  1.13778081E+00  1.13719615E+00  1.13778081E+00
   267  1.60200000E+02  1.13778081E+00  1.13720520E+00  1.13778081E+00
   268  1.60800000E+02  1.13778081E+00  1.13721227E+00  1.13778081E+00
   269  1.61400000E+02  1.13778081E+00  1.13721758E+00  1.13778081E+00
   270  1.62000000E+02  1.13778081E+00  1.13722142E+00  1.13778081E+00
   271  1.62600000E+02  1.13778081E+00  1.13722417E+00  1.13778081E+00
   272  1.63200000E+02  1.13778081E+00  1.13722622E+00  1.13778081E+00
   273  1.63800000E+02  1.13778081E+00  1.13722789E+00  1.13778081E+00
   274  1.64400000E+02  1.13778081E+00  1.13722943E+00  1.13778081E+00
   275  1.65000000E+02  1.13778081E+00  1.13723101E+00  1.13778081E+00
   276  1.65600000E+02  1.13778081E+00  1.13723270E+00  1.13778081E+00
 steady-height stop at step    276: changes <=   1.0000E-05, max-end <=   1.0000E-02, max/end/gap/profile_change =   1.13778081E+00  1.13723270E+00  5.48108227E-04  1.88558001E-06


STDERR:
