COMMAND:
/shared/generate_rom_data/extrudate_swell2d_c_cluster

STDOUT:
 comppar: model =   6
 comppar: lambda,mobility/eps,betav,eta_0 =  2.8000E+00  3.6667E-01  3.0000E-01  1.0000E+00
 comppar: eta_s,eta_p,G =  3.0000E-01  7.0000E-01  2.5000E-01
 comppar: U_avg,deltat,flowrate,nsteps =  5.0000E-02  6.0000E-01  1.5708E-01     700
 comppar: geometry = axisymmetric
 comppar: steady stop change,gap,hold,min =  1.0000E-05  1.0000E-02      10      80
 comppar: ncompc,ncompg =     4     5
 mesh nnodes = 5765
 mesh nelem = 2780
 P1 BC   5.0000000000000000     
 P2 BC   0.0000000000000000     
     1  6.00000000E-01  1.00378954E+00  1.00000000E+00  1.00378954E+00
     2  1.20000000E+00  1.00745157E+00  1.00000000E+00  1.00745157E+00
     3  1.80000000E+00  1.01095450E+00  1.00000000E+00  1.01095450E+00
     4  2.40000000E+00  1.01434266E+00  1.00000000E+00  1.01434266E+00
     5  3.00000000E+00  1.01763542E+00  1.00000000E+00  1.01763542E+00
     6  3.60000000E+00  1.02084955E+00  1.00000000E+00  1.02084955E+00
     7  4.20000000E+00  1.02399383E+00  1.00000001E+00  1.02399383E+00
     8  4.80000000E+00  1.02706549E+00  1.00000001E+00  1.02706549E+00
     9  5.40000000E+00  1.03007271E+00  1.00000001E+00  1.03007271E+00
    10  6.00000000E+00  1.03303739E+00  1.00000001E+00  1.03303739E+00
    11  6.60000000E+00  1.03592093E+00  1.00000001E+00  1.03592093E+00
    12  7.20000000E+00  1.03875587E+00  1.00000001E+00  1.03875587E+00
    13  7.80000000E+00  1.04153648E+00  1.00000001E+00  1.04153648E+00
    14  8.40000000E+00  1.04422825E+00  1.00000001E+00  1.04422825E+00
    15  9.00000000E+00  1.04690704E+00  1.00000000E+00  1.04690704E+00
    16  9.60000000E+00  1.04947277E+00  1.00000000E+00  1.04947277E+00
    17  1.02000000E+01  1.05203714E+00  9.99999997E-01  1.05203714E+00
    18  1.08000000E+01  1.05445625E+00  9.99999991E-01  1.05445625E+00
    19  1.14000000E+01  1.05690289E+00  9.99999984E-01  1.05690289E+00
    20  1.20000000E+01  1.05919879E+00  9.99999975E-01  1.05919879E+00
    21  1.26000000E+01  1.06152775E+00  9.99999965E-01  1.06152775E+00
    22  1.32000000E+01  1.06369690E+00  9.99999952E-01  1.06369690E+00
    23  1.38000000E+01  1.06590671E+00  9.99999936E-01  1.06590671E+00
    24  1.44000000E+01  1.06797368E+00  9.99999918E-01  1.06797368E+00
    25  1.50000000E+01  1.07004956E+00  9.99999897E-01  1.07004956E+00
    26  1.56000000E+01  1.07201302E+00  9.99999872E-01  1.07201302E+00
    27  1.62000000E+01  1.07391737E+00  9.99999844E-01  1.07391737E+00
    28  1.68000000E+01  1.07580879E+00  9.99999811E-01  1.07580879E+00
    29  1.74000000E+01  1.07754477E+00  9.99999773E-01  1.07754477E+00
    30  1.80000000E+01  1.07936383E+00  9.99999731E-01  1.07936383E+00
    31  1.86000000E+01  1.08100015E+00  9.99999683E-01  1.08100015E+00
    32  1.92000000E+01  1.08264477E+00  9.99999628E-01  1.08264477E+00
    33  1.98000000E+01  1.08424687E+00  9.99999567E-01  1.08424687E+00
    34  2.04000000E+01  1.08568189E+00  9.99999498E-01  1.08568189E+00
    35  2.10000000E+01  1.08724913E+00  9.99999421E-01  1.08724913E+00
    36  2.16000000E+01  1.08862869E+00  9.99999336E-01  1.08862869E+00
    37  2.22000000E+01  1.08995640E+00  9.99999240E-01  1.08995640E+00
    38  2.28000000E+01  1.09133891E+00  9.99999135E-01  1.09133891E+00
    39  2.34000000E+01  1.09253320E+00  9.99999017E-01  1.09253320E+00
    40  2.40000000E+01  1.09379266E+00  9.99998888E-01  1.09379266E+00
    41  2.46000000E+01  1.09498880E+00  9.99998745E-01  1.09498880E+00
    42  2.52000000E+01  1.09599886E+00  9.99998587E-01  1.09599886E+00
    43  2.58000000E+01  1.09718060E+00  9.99998414E-01  1.09718060E+00
    44  2.64000000E+01  1.09819928E+00  9.99998224E-01  1.09819928E+00
    45  2.70000000E+01  1.09914854E+00  9.99998016E-01  1.09914854E+00
    46  2.76000000E+01  1.10017225E+00  9.99997789E-01  1.10017225E+00
    47  2.82000000E+01  1.10101673E+00  9.99997540E-01  1.10101673E+00
    48  2.88000000E+01  1.10192094E+00  9.99997268E-01  1.10192094E+00
    49  2.94000000E+01  1.10277454E+00  9.99996973E-01  1.10277454E+00
    50  3.00000000E+01  1.10347753E+00  9.99996651E-01  1.10347753E+00
    51  3.06000000E+01  1.10433609E+00  9.99996301E-01  1.10433609E+00
    52  3.12000000E+01  1.10502518E+00  9.99995921E-01  1.10502518E+00
    53  3.18000000E+01  1.10571222E+00  9.99995510E-01  1.10571222E+00
    54  3.24000000E+01  1.10641058E+00  9.99995064E-01  1.10641058E+00
    55  3.30000000E+01  1.10695266E+00  9.99994582E-01  1.10695266E+00
    56  3.36000000E+01  1.10763209E+00  9.99994061E-01  1.10763209E+00
    57  3.42000000E+01  1.10817823E+00  9.99993499E-01  1.10817823E+00
    58  3.48000000E+01  1.10870715E+00  9.99992893E-01  1.10870715E+00
    59  3.54000000E+01  1.10926238E+00  9.99992241E-01  1.10926238E+00
    60  3.60000000E+01  1.10967648E+00  9.99991539E-01  1.10967648E+00
    61  3.66000000E+01  1.11020518E+00  9.99990785E-01  1.11020518E+00
    62  3.72000000E+01  1.11062274E+00  9.99989976E-01  1.11062274E+00
    63  3.78000000E+01  1.11103305E+00  9.99989108E-01  1.11103305E+00
    64  3.84000000E+01  1.11145915E+00  9.99988178E-01  1.11145915E+00
    65  3.90000000E+01  1.11176100E+00  9.99987183E-01  1.11176100E+00
    66  3.96000000E+01  1.11217773E+00  9.99986120E-01  1.11217773E+00
    67  4.02000000E+01  1.11248243E+00  9.99984984E-01  1.11248243E+00
    68  4.08000000E+01  1.11281055E+00  9.99983773E-01  1.11281055E+00
    69  4.14000000E+01  1.11312286E+00  9.99982482E-01  1.11312286E+00
    70  4.20000000E+01  1.11334731E+00  9.99981107E-01  1.11334731E+00
    71  4.26000000E+01  1.11366284E+00  9.99979646E-01  1.11366284E+00
    72  4.32000000E+01  1.11387102E+00  9.99978093E-01  1.11387102E+00
    73  4.38000000E+01  1.11414107E+00  9.99976446E-01  1.11414107E+00
    74  4.44000000E+01  1.11435559E+00  9.99974700E-01  1.11435559E+00
    75  4.50000000E+01  1.11453782E+00  9.99972852E-01  1.11453782E+00
    76  4.56000000E+01  1.11475490E+00  9.99970897E-01  1.11475490E+00
    77  4.62000000E+01  1.11488940E+00  9.99968832E-01  1.11488940E+00
    78  4.68000000E+01  1.11511324E+00  9.99966654E-01  1.11511324E+00
    79  4.74000000E+01  1.11524617E+00  9.99964360E-01  1.11524617E+00
    80  4.80000000E+01  1.11540165E+00  9.99961945E-01  1.11540165E+00
    81  4.86000000E+01  1.11553642E+00  9.99959408E-01  1.11553642E+00
    82  4.92000000E+01  1.11566189E+00  9.99956745E-01  1.11566189E+00
    83  4.98000000E+01  1.11580197E+00  9.99953955E-01  1.11580197E+00
    84  5.04000000E+01  1.11586913E+00  9.99951036E-01  1.11586913E+00
    85  5.10000000E+01  1.11600720E+00  9.99947987E-01  1.11600720E+00
    86  5.16000000E+01  1.11607550E+00  9.99944807E-01  1.11607550E+00
    87  5.22000000E+01  1.11619850E+00  9.99941497E-01  1.11619850E+00
    88  5.28000000E+01  1.11627047E+00  9.99938057E-01  1.11627047E+00
    89  5.34000000E+01  1.11634000E+00  9.99934490E-01  1.11634000E+00
    90  5.40000000E+01  1.11641342E+00  9.99930797E-01  1.11641342E+00
    91  5.46000000E+01  1.11647566E+00  9.99926985E-01  1.11647566E+00
    92  5.52000000E+01  1.11655321E+00  9.99923057E-01  1.11655321E+00
    93  5.58000000E+01  1.11657204E+00  9.99919021E-01  1.11657204E+00
    94  5.64000000E+01  1.11664893E+00  9.99914886E-01  1.11664893E+00
    95  5.70000000E+01  1.11666850E+00  9.99910661E-01  1.11666850E+00
    96  5.76000000E+01  1.11674791E+00  9.99906360E-01  1.11674791E+00
    97  5.82000000E+01  1.11676992E+00  9.99901997E-01  1.11676992E+00
    98  5.88000000E+01  1.11680908E+00  9.99897590E-01  1.11680908E+00
    99  5.94000000E+01  1.11683208E+00  9.99893158E-01  1.11683208E+00
   100  6.00000000E+01  1.11687819E+00  9.99888725E-01  1.11687819E+00
   101  6.06000000E+01  1.11690409E+00  9.99884317E-01  1.11690409E+00
   102  6.12000000E+01  1.11691465E+00  9.99879964E-01  1.11691465E+00
   103  6.18000000E+01  1.11694180E+00  9.99875700E-01  1.11694180E+00
   104  6.24000000E+01  1.11696258E+00  9.99871566E-01  1.11696258E+00
   105  6.30000000E+01  1.11699305E+00  9.99867603E-01  1.11699305E+00
   106  6.36000000E+01  1.11698176E+00  9.99863860E-01  1.11698176E+00
   107  6.42000000E+01  1.11701373E+00  9.99860393E-01  1.11701373E+00
   108  6.48000000E+01  1.11701491E+00  9.99857262E-01  1.11701491E+00
   109  6.54000000E+01  1.11705061E+00  9.99854535E-01  1.11705061E+00
   110  6.60000000E+01  1.11703474E+00  9.99852287E-01  1.11703474E+00
   111  6.66000000E+01  1.11705985E+00  9.99850600E-01  1.11705985E+00
   112  6.72000000E+01  1.11704548E+00  9.99849568E-01  1.11704548E+00
   113  6.78000000E+01  1.11708703E+00  9.99849290E-01  1.11708703E+00
   114  6.84000000E+01  1.11707393E+00  9.99849878E-01  1.11707393E+00
   115  6.90000000E+01  1.11708882E+00  9.99851455E-01  1.11708882E+00
   116  6.96000000E+01  1.11707666E+00  9.99854155E-01  1.11707666E+00
   117  7.02000000E+01  1.11710965E+00  9.99858124E-01  1.11710965E+00
   118  7.08000000E+01  1.11709992E+00  9.99863525E-01  1.11709992E+00
   119  7.14000000E+01  1.11710678E+00  9.99870531E-01  1.11710678E+00
   120  7.20000000E+01  1.11709821E+00  9.99879334E-01  1.11709821E+00
   121  7.26000000E+01  1.11712364E+00  9.99890143E-01  1.11712364E+00
   122  7.32000000E+01  1.11711787E+00  9.99903183E-01  1.11711787E+00
   123  7.38000000E+01  1.11711823E+00  9.99918700E-01  1.11711823E+00
   124  7.44000000E+01  1.11711383E+00  9.99936962E-01  1.11711383E+00
   125  7.50000000E+01  1.11713281E+00  9.99958258E-01  1.11713281E+00
   126  7.56000000E+01  1.11713156E+00  9.99982900E-01  1.11713156E+00
   127  7.62000000E+01  1.11712616E+00  1.00001123E+00  1.11712616E+00
   128  7.68000000E+01  1.11712649E+00  1.00004361E+00  1.11712649E+00
   129  7.74000000E+01  1.11713951E+00  1.00008043E+00  1.11713951E+00
   130  7.80000000E+01  1.11714333E+00  1.00012213E+00  1.11714333E+00
   131  7.86000000E+01  1.11713250E+00  1.00016915E+00  1.11713250E+00
   132  7.92000000E+01  1.11713811E+00  1.00022200E+00  1.11713811E+00
   133  7.98000000E+01  1.11714528E+00  1.00028120E+00  1.11714528E+00
   134  8.04000000E+01  1.11715471E+00  1.00034732E+00  1.11715471E+00
   135  8.10000000E+01  1.11713845E+00  1.00042097E+00  1.11713845E+00
   136  8.16000000E+01  1.11714986E+00  1.00050280E+00  1.11714986E+00
   137  8.22000000E+01  1.11715110E+00  1.00059351E+00  1.11715110E+00
   138  8.28000000E+01  1.11716663E+00  1.00069385E+00  1.11716663E+00
   139  8.34000000E+01  1.11714475E+00  1.00080460E+00  1.11714475E+00
   140  8.40000000E+01  1.11716245E+00  1.00092663E+00  1.11716245E+00
   141  8.46000000E+01  1.11715742E+00  1.00106084E+00  1.11715742E+00
   142  8.52000000E+01  1.11717954E+00  1.00120819E+00  1.11717954E+00
   143  8.58000000E+01  1.11715163E+00  1.00136970E+00  1.11715163E+00
   144  8.64000000E+01  1.11717612E+00  1.00154646E+00  1.11717612E+00
   145  8.70000000E+01  1.11716439E+00  1.00173963E+00  1.11716439E+00
   146  8.76000000E+01  1.11719359E+00  1.00195043E+00  1.11719359E+00
   147  8.82000000E+01  1.11716329E+00  1.00218015E+00  1.11716329E+00
   148  8.88000000E+01  1.11719096E+00  1.00243015E+00  1.11719096E+00
   149  8.94000000E+01  1.11717202E+00  1.00270189E+00  1.11717202E+00
   150  9.00000000E+01  1.11720874E+00  1.00299687E+00  1.11720874E+00
   151  9.06000000E+01  1.11718309E+00  1.00331669E+00  1.11718309E+00
   152  9.12000000E+01  1.11720682E+00  1.00366303E+00  1.11720682E+00
   153  9.18000000E+01  1.11718284E+00  1.00403765E+00  1.11718284E+00
   154  9.24000000E+01  1.11722485E+00  1.00444237E+00  1.11722485E+00
   155  9.30000000E+01  1.11720431E+00  1.00487911E+00  1.11720431E+00
   156  9.36000000E+01  1.11722355E+00  1.00534988E+00  1.11722355E+00
   157  9.42000000E+01  1.11720486E+00  1.00585675E+00  1.11720486E+00
   158  9.48000000E+01  1.11724169E+00  1.00640186E+00  1.11724169E+00
   159  9.54000000E+01  1.11722672E+00  1.00698745E+00  1.11722672E+00
   160  9.60000000E+01  1.11724088E+00  1.00761582E+00  1.11724088E+00
   161  9.66000000E+01  1.11722793E+00  1.00828932E+00  1.11722793E+00
   162  9.72000000E+01  1.11725900E+00  1.00901037E+00  1.11725900E+00
   163  9.78000000E+01  1.11725004E+00  1.00978145E+00  1.11725004E+00
   164  9.84000000E+01  1.11725856E+00  1.01060507E+00  1.11725856E+00
   165  9.90000000E+01  1.11725180E+00  1.01148377E+00  1.11725180E+00
   166  9.96000000E+01  1.11727654E+00  1.01242012E+00  1.11727654E+00
   167  1.00200000E+02  1.11727402E+00  1.01341667E+00  1.11727402E+00
   168  1.00800000E+02  1.11727633E+00  1.01447599E+00  1.11727633E+00
   169  1.01400000E+02  1.11727618E+00  1.01560058E+00  1.11727618E+00
   170  1.02000000E+02  1.11729404E+00  1.01679292E+00  1.11729404E+00
   171  1.02600000E+02  1.11729838E+00  1.01805539E+00  1.11729838E+00
   172  1.03200000E+02  1.11729395E+00  1.01939029E+00  1.11729395E+00
   173  1.03800000E+02  1.11730083E+00  1.02079975E+00  1.11730083E+00
   174  1.04400000E+02  1.11731127E+00  1.02228579E+00  1.11731127E+00
   175  1.05000000E+02  1.11732289E+00  1.02385020E+00  1.11732289E+00
   176  1.05600000E+02  1.11731119E+00  1.02549455E+00  1.11731119E+00
   177  1.06200000E+02  1.11732551E+00  1.02722016E+00  1.11732551E+00
   178  1.06800000E+02  1.11732804E+00  1.02902803E+00  1.11732804E+00
   179  1.07400000E+02  1.11734732E+00  1.03091884E+00  1.11734732E+00
   180  1.08000000E+02  1.11732788E+00  1.03289288E+00  1.11732788E+00
   181  1.08600000E+02  1.11735002E+00  1.03495000E+00  1.11735002E+00
   182  1.09200000E+02  1.11734415E+00  1.03708963E+00  1.11734415E+00
   183  1.09800000E+02  1.11737148E+00  1.03931064E+00  1.11737148E+00
   184  1.10400000E+02  1.11734382E+00  1.04161140E+00  1.11734382E+00
   185  1.11000000E+02  1.11737417E+00  1.04398968E+00  1.11737417E+00
   186  1.11600000E+02  1.11735945E+00  1.04644261E+00  1.11735945E+00
   187  1.12200000E+02  1.11739519E+00  1.04896668E+00  1.11739519E+00
   188  1.12800000E+02  1.11736251E+00  1.05155768E+00  1.11736251E+00
   189  1.13400000E+02  1.11739780E+00  1.05421072E+00  1.11739780E+00
   190  1.14000000E+02  1.11737378E+00  1.05692013E+00  1.11737378E+00
   191  1.14600000E+02  1.11741831E+00  1.05967955E+00  1.11741831E+00
   192  1.15200000E+02  1.11739182E+00  1.06248183E+00  1.11739182E+00
   193  1.15800000E+02  1.11742077E+00  1.06531911E+00  1.11742077E+00
   194  1.16400000E+02  1.11739659E+00  1.06818280E+00  1.11739659E+00
   195  1.17000000E+02  1.11744070E+00  1.07106359E+00  1.11744070E+00
   196  1.17600000E+02  1.11742078E+00  1.07395152E+00  1.11742078E+00
   197  1.18200000E+02  1.11744295E+00  1.07683601E+00  1.11744295E+00
   198  1.18800000E+02  1.11742551E+00  1.07970593E+00  1.11742551E+00
   199  1.19400000E+02  1.11746226E+00  1.08254964E+00  1.11746226E+00
   200  1.20000000E+02  1.11744929E+00  1.08535511E+00  1.11744929E+00
   201  1.20600000E+02  1.11746425E+00  1.08810999E+00  1.11746425E+00
   202  1.21200000E+02  1.11745391E+00  1.09080174E+00  1.11745391E+00
   203  1.21800000E+02  1.11748288E+00  1.09341776E+00  1.11748288E+00
   204  1.22400000E+02  1.11747723E+00  1.09594550E+00  1.11747723E+00
   205  1.23000000E+02  1.11748457E+00  1.09837267E+00  1.11748457E+00
   206  1.23600000E+02  1.11748170E+00  1.10068739E+00  1.11748170E+00
   207  1.24200000E+02  1.11750249E+00  1.10287839E+00  1.11750249E+00
   208  1.24800000E+02  1.11750452E+00  1.10493522E+00  1.11750452E+00
   209  1.25400000E+02  1.11750384E+00  1.10684847E+00  1.11750384E+00
   210  1.26000000E+02  1.11750880E+00  1.10861002E+00  1.11750880E+00
   211  1.26600000E+02  1.11752100E+00  1.11021326E+00  1.11752100E+00
   212  1.27200000E+02  1.11753106E+00  1.11165333E+00  1.11753106E+00
   213  1.27800000E+02  1.11752198E+00  1.11292736E+00  1.11752198E+00
   214  1.28400000E+02  1.11753511E+00  1.11403464E+00  1.11753511E+00
   215  1.29000000E+02  1.11753837E+00  1.11497679E+00  1.11753837E+00
   216  1.29600000E+02  1.11755681E+00  1.11575787E+00  1.11755681E+00
   217  1.30200000E+02  1.11753895E+00  1.11638444E+00  1.11753895E+00
   218  1.30800000E+02  1.11756067E+00  1.11686549E+00  1.11756067E+00
   219  1.31400000E+02  1.11755478E+00  1.11721235E+00  1.11755478E+00
   220  1.32000000E+02  1.11758199E+00  1.11743840E+00  1.11758199E+00
   221  1.32600000E+02  1.11755882E+00  1.11755882E+00  1.11755882E+00
   222  1.33200000E+02  1.11759009E+00  1.11759009E+00  1.11759009E+00
   223  1.33800000E+02  1.11754952E+00  1.11754952E+00  1.11754952E+00
   224  1.34400000E+02  1.11745464E+00  1.11745464E+00  1.11745464E+00
   225  1.35000000E+02  1.11732260E+00  1.11732260E+00  1.11732260E+00
   226  1.35600000E+02  1.11716954E+00  1.11716954E+00  1.11716954E+00
   227  1.36200000E+02  1.11701003E+00  1.11701003E+00  1.11701003E+00
   228  1.36800000E+02  1.11685652E+00  1.11685652E+00  1.11685652E+00
   229  1.37400000E+02  1.11680681E+00  1.11671897E+00  1.11680681E+00
   230  1.38000000E+02  1.11680681E+00  1.11660462E+00  1.11680681E+00
   231  1.38600000E+02  1.11680681E+00  1.11651784E+00  1.11680681E+00
   232  1.39200000E+02  1.11680681E+00  1.11646031E+00  1.11680681E+00
   233  1.39800000E+02  1.11680680E+00  1.11643120E+00  1.11680680E+00
   234  1.40400000E+02  1.11680680E+00  1.11642759E+00  1.11680680E+00
   235  1.41000000E+02  1.11680680E+00  1.11644502E+00  1.11680680E+00
   236  1.41600000E+02  1.11680680E+00  1.11647802E+00  1.11680680E+00
   237  1.42200000E+02  1.11680680E+00  1.11652073E+00  1.11680680E+00
   238  1.42800000E+02  1.11680680E+00  1.11656745E+00  1.11680680E+00
   239  1.43400000E+02  1.11680680E+00  1.11661312E+00  1.11680680E+00
   240  1.44000000E+02  1.11680680E+00  1.11665368E+00  1.11680680E+00
   241  1.44600000E+02  1.11680680E+00  1.11668628E+00  1.11680680E+00
   242  1.45200000E+02  1.11680680E+00  1.11670937E+00  1.11680680E+00
   243  1.45800000E+02  1.11680680E+00  1.11672263E+00  1.11680680E+00
   244  1.46400000E+02  1.11680680E+00  1.11672678E+00  1.11680680E+00
   245  1.47000000E+02  1.11680680E+00  1.11672333E+00  1.11680680E+00
   246  1.47600000E+02  1.11680680E+00  1.11671431E+00  1.11680680E+00
   247  1.48200000E+02  1.11680680E+00  1.11670189E+00  1.11680680E+00
   248  1.48800000E+02  1.11680680E+00  1.11668817E+00  1.11680680E+00
   249  1.49400000E+02  1.11680680E+00  1.11667495E+00  1.11680680E+00
   250  1.50000000E+02  1.11680680E+00  1.11666357E+00  1.11680680E+00
   251  1.50600000E+02  1.11680680E+00  1.11665485E+00  1.11680680E+00
   252  1.51200000E+02  1.11680680E+00  1.11664911E+00  1.11680680E+00
   253  1.51800000E+02  1.11680680E+00  1.11664622E+00  1.11680680E+00
   254  1.52400000E+02  1.11680680E+00  1.11664576E+00  1.11680680E+00
   255  1.53000000E+02  1.11680680E+00  1.11664706E+00  1.11680680E+00
   256  1.53600000E+02  1.11680680E+00  1.11664941E+00  1.11680680E+00
   257  1.54200000E+02  1.11680680E+00  1.11665214E+00  1.11680680E+00
   258  1.54800000E+02  1.11680680E+00  1.11665470E+00  1.11680680E+00
   259  1.55400000E+02  1.11680680E+00  1.11665667E+00  1.11680680E+00
   260  1.56000000E+02  1.11680680E+00  1.11665787E+00  1.11680680E+00
 steady-height stop at step    260: changes <=   1.0000E-05, max-end <=   1.0000E-02, max/end/gap/profile_change =   1.11680680E+00  1.11665787E+00  1.48930313E-04  1.36586251E-06


STDERR:
