COMMAND:
/shared/generate_rom_data/extrudate_swell2d_c_cluster

STDOUT:
 comppar: model =   6
 comppar: lambda,mobility/eps,betav,eta_0 =  1.0000E+00  3.6667E-01  5.0000E-01  1.0000E+00
 comppar: eta_s,eta_p,G =  5.0000E-01  5.0000E-01  5.0000E-01
 comppar: U_avg,deltat,flowrate,nsteps =  5.0000E-02  6.0000E-01  1.5708E-01     700
 comppar: geometry = axisymmetric
 comppar: steady stop change,gap,hold,min =  1.0000E-05  1.0000E-02      10      80
 comppar: ncompc,ncompg =     4     5
 mesh nnodes = 5765
 mesh nelem = 2780
 P1 BC   5.0000000000000000     
 P2 BC   0.0000000000000000     
     1  6.00000000E-01  1.00379282E+00  1.00000000E+00  1.00379282E+00
     2  1.20000000E+00  1.00748753E+00  1.00000000E+00  1.00748753E+00
     3  1.80000000E+00  1.01104921E+00  1.00000000E+00  1.01104921E+00
     4  2.40000000E+00  1.01451306E+00  1.00000000E+00  1.01451306E+00
     5  3.00000000E+00  1.01790346E+00  1.00000000E+00  1.01790346E+00
     6  3.60000000E+00  1.02121913E+00  1.00000000E+00  1.02121913E+00
     7  4.20000000E+00  1.02446227E+00  1.00000000E+00  1.02446227E+00
     8  4.80000000E+00  1.02763521E+00  1.00000000E+00  1.02763521E+00
     9  5.40000000E+00  1.03075403E+00  1.00000001E+00  1.03075403E+00
    10  6.00000000E+00  1.03379744E+00  1.00000001E+00  1.03379744E+00
    11  6.60000000E+00  1.03676180E+00  1.00000001E+00  1.03676180E+00
    12  7.20000000E+00  1.03969125E+00  1.00000000E+00  1.03969125E+00
    13  7.80000000E+00  1.04253258E+00  1.00000000E+00  1.04253258E+00
    14  8.40000000E+00  1.04532059E+00  1.00000000E+00  1.04532059E+00
    15  9.00000000E+00  1.04804729E+00  9.99999998E-01  1.04804729E+00
    16  9.60000000E+00  1.05069476E+00  9.99999993E-01  1.05069476E+00
    17  1.02000000E+01  1.05331572E+00  9.99999988E-01  1.05331572E+00
    18  1.08000000E+01  1.05582055E+00  9.99999981E-01  1.05582055E+00
    19  1.14000000E+01  1.05832460E+00  9.99999972E-01  1.05832460E+00
    20  1.20000000E+01  1.06070626E+00  9.99999961E-01  1.06070626E+00
    21  1.26000000E+01  1.06309698E+00  9.99999948E-01  1.06309698E+00
    22  1.32000000E+01  1.06535492E+00  9.99999933E-01  1.06535492E+00
    23  1.38000000E+01  1.06761968E+00  9.99999915E-01  1.06761968E+00
    24  1.44000000E+01  1.06977980E+00  9.99999894E-01  1.06977980E+00
    25  1.50000000E+01  1.07191190E+00  9.99999870E-01  1.07191190E+00
    26  1.56000000E+01  1.07397426E+00  9.99999841E-01  1.07397426E+00
    27  1.62000000E+01  1.07593662E+00  9.99999809E-01  1.07593662E+00
    28  1.68000000E+01  1.07793266E+00  9.99999772E-01  1.07793266E+00
    29  1.74000000E+01  1.07975661E+00  9.99999730E-01  1.07975661E+00
    30  1.80000000E+01  1.08165794E+00  9.99999682E-01  1.08165794E+00
    31  1.86000000E+01  1.08341510E+00  9.99999628E-01  1.08341510E+00
    32  1.92000000E+01  1.08510599E+00  9.99999568E-01  1.08510599E+00
    33  1.98000000E+01  1.08683439E+00  9.99999500E-01  1.08683439E+00
    34  2.04000000E+01  1.08838483E+00  9.99999424E-01  1.08838483E+00
    35  2.10000000E+01  1.09000998E+00  9.99999339E-01  1.09000998E+00
    36  2.16000000E+01  1.09153204E+00  9.99999245E-01  1.09153204E+00
    37  2.22000000E+01  1.09288336E+00  9.99999140E-01  1.09288336E+00
    38  2.28000000E+01  1.09441208E+00  9.99999025E-01  1.09441208E+00
    39  2.34000000E+01  1.09576167E+00  9.99998897E-01  1.09576167E+00
    40  2.40000000E+01  1.09703149E+00  9.99998756E-01  1.09703149E+00
    41  2.46000000E+01  1.09838743E+00  9.99998601E-01  1.09838743E+00
    42  2.52000000E+01  1.09956380E+00  9.99998430E-01  1.09956380E+00
    43  2.58000000E+01  1.10074117E+00  9.99998243E-01  1.10074117E+00
    44  2.64000000E+01  1.10192951E+00  9.99998038E-01  1.10192951E+00
    45  2.70000000E+01  1.10294069E+00  9.99997814E-01  1.10294069E+00
    46  2.76000000E+01  1.10406209E+00  9.99997570E-01  1.10406209E+00
    47  2.82000000E+01  1.10508325E+00  9.99997303E-01  1.10508325E+00
    48  2.88000000E+01  1.10596099E+00  9.99997012E-01  1.10596099E+00
    49  2.94000000E+01  1.10699441E+00  9.99996697E-01  1.10699441E+00
    50  3.00000000E+01  1.10785576E+00  9.99996354E-01  1.10785576E+00
    51  3.06000000E+01  1.10870477E+00  9.99995981E-01  1.10870477E+00
    52  3.12000000E+01  1.10957563E+00  9.99995578E-01  1.10957563E+00
    53  3.18000000E+01  1.11028122E+00  9.99995142E-01  1.11028122E+00
    54  3.24000000E+01  1.11110057E+00  9.99994671E-01  1.11110057E+00
    55  3.30000000E+01  1.11181880E+00  9.99994161E-01  1.11181880E+00
    56  3.36000000E+01  1.11245569E+00  9.99993612E-01  1.11245569E+00
    57  3.42000000E+01  1.11318294E+00  9.99993021E-01  1.11318294E+00
    58  3.48000000E+01  1.11375439E+00  9.99992384E-01  1.11375439E+00
    59  3.54000000E+01  1.11438891E+00  9.99991700E-01  1.11438891E+00
    60  3.60000000E+01  1.11497262E+00  9.99990965E-01  1.11497262E+00
    61  3.66000000E+01  1.11544995E+00  9.99990176E-01  1.11544995E+00
    62  3.72000000E+01  1.11604212E+00  9.99989331E-01  1.11604212E+00
    63  3.78000000E+01  1.11648985E+00  9.99988426E-01  1.11648985E+00
    64  3.84000000E+01  1.11698403E+00  9.99987458E-01  1.11698403E+00
    65  3.90000000E+01  1.11744342E+00  9.99986424E-01  1.11744342E+00
    66  3.96000000E+01  1.11780470E+00  9.99985320E-01  1.11780470E+00
    67  4.02000000E+01  1.11827189E+00  9.99984142E-01  1.11827189E+00
    68  4.08000000E+01  1.11860770E+00  9.99982888E-01  1.11860770E+00
    69  4.14000000E+01  1.11900119E+00  9.99981554E-01  1.11900119E+00
    70  4.20000000E+01  1.11934781E+00  9.99980135E-01  1.11934781E+00
    71  4.26000000E+01  1.11962814E+00  9.99978629E-01  1.11962814E+00
    72  4.32000000E+01  1.11998179E+00  9.99977031E-01  1.11998179E+00
    73  4.38000000E+01  1.12021845E+00  9.99975338E-01  1.12021845E+00
    74  4.44000000E+01  1.12054116E+00  9.99973546E-01  1.12054116E+00
    75  4.50000000E+01  1.12078753E+00  9.99971651E-01  1.12078753E+00
    76  4.56000000E+01  1.12101390E+00  9.99969649E-01  1.12101390E+00
    77  4.62000000E+01  1.12126641E+00  9.99967538E-01  1.12126641E+00
    78  4.68000000E+01  1.12142911E+00  9.99965314E-01  1.12142911E+00
    79  4.74000000E+01  1.12169173E+00  9.99962974E-01  1.12169173E+00
    80  4.80000000E+01  1.12185096E+00  9.99960515E-01  1.12185096E+00
    81  4.86000000E+01  1.12204344E+00  9.99957934E-01  1.12204344E+00
    82  4.92000000E+01  1.12220783E+00  9.99955229E-01  1.12220783E+00
    83  4.98000000E+01  1.12235567E+00  9.99952398E-01  1.12235567E+00
    84  5.04000000E+01  1.12252889E+00  9.99949440E-01  1.12252889E+00
    85  5.10000000E+01  1.12261432E+00  9.99946354E-01  1.12261432E+00
    86  5.16000000E+01  1.12278681E+00  9.99943140E-01  1.12278681E+00
    87  5.22000000E+01  1.12287638E+00  9.99939798E-01  1.12287638E+00
    88  5.28000000E+01  1.12302025E+00  9.99936329E-01  1.12302025E+00
    89  5.34000000E+01  1.12311713E+00  9.99932735E-01  1.12311713E+00
    90  5.40000000E+01  1.12320196E+00  9.99929021E-01  1.12320196E+00
    91  5.46000000E+01  1.12330343E+00  9.99925190E-01  1.12330343E+00
    92  5.52000000E+01  1.12336820E+00  9.99921248E-01  1.12336820E+00
    93  5.58000000E+01  1.12347748E+00  9.99917203E-01  1.12347748E+00
    94  5.64000000E+01  1.12351107E+00  9.99913063E-01  1.12351107E+00
    95  5.70000000E+01  1.12360611E+00  9.99908839E-01  1.12360611E+00
    96  5.76000000E+01  1.12364321E+00  9.99904544E-01  1.12364321E+00
    97  5.82000000E+01  1.12372968E+00  9.99900193E-01  1.12372968E+00
    98  5.88000000E+01  1.12377295E+00  9.99895803E-01  1.12377295E+00
    99  5.94000000E+01  1.12381512E+00  9.99891395E-01  1.12381512E+00
   100  6.00000000E+01  1.12386231E+00  9.99886992E-01  1.12386231E+00
   101  6.06000000E+01  1.12390083E+00  9.99882620E-01  1.12390083E+00
   102  6.12000000E+01  1.12395471E+00  9.99878310E-01  1.12395471E+00
   103  6.18000000E+01  1.12395433E+00  9.99874095E-01  1.12395433E+00
   104  6.24000000E+01  1.12401253E+00  9.99870014E-01  1.12401253E+00
   105  6.30000000E+01  1.12401214E+00  9.99866110E-01  1.12401214E+00
   106  6.36000000E+01  1.12407751E+00  9.99862432E-01  1.12407751E+00
   107  6.42000000E+01  1.12407519E+00  9.99859033E-01  1.12407519E+00
   108  6.48000000E+01  1.12411246E+00  9.99855973E-01  1.12411246E+00
   109  6.54000000E+01  1.12411333E+00  9.99853319E-01  1.12411333E+00
   110  6.60000000E+01  1.12415755E+00  9.99851145E-01  1.12415755E+00
   111  6.66000000E+01  1.12416390E+00  9.99849532E-01  1.12416390E+00
   112  6.72000000E+01  1.12417623E+00  9.99848570E-01  1.12417623E+00
   113  6.78000000E+01  1.12418615E+00  9.99848358E-01  1.12418615E+00
   114  6.84000000E+01  1.12420711E+00  9.99849006E-01  1.12420711E+00
   115  6.90000000E+01  1.12422300E+00  9.99850631E-01  1.12422300E+00
   116  6.96000000E+01  1.12421443E+00  9.99853366E-01  1.12421443E+00
   117  7.02000000E+01  1.12423425E+00  9.99857353E-01  1.12423425E+00
   118  7.08000000E+01  1.12423532E+00  9.99862748E-01  1.12423532E+00
   119  7.14000000E+01  1.12426157E+00  9.99869721E-01  1.12426157E+00
   120  7.20000000E+01  1.12423486E+00  9.99878459E-01  1.12423486E+00
   121  7.26000000E+01  1.12426540E+00  9.99889163E-01  1.12426540E+00
   122  7.32000000E+01  1.12424876E+00  9.99902052E-01  1.12424876E+00
   123  7.38000000E+01  1.12428617E+00  9.99917364E-01  1.12428617E+00
   124  7.44000000E+01  1.12425980E+00  9.99935358E-01  1.12425980E+00
   125  7.50000000E+01  1.12428517E+00  9.99956312E-01  1.12428517E+00
   126  7.56000000E+01  1.12426194E+00  9.99980528E-01  1.12426194E+00
   127  7.62000000E+01  1.12430157E+00  1.00000833E+00  1.12430157E+00
   128  7.68000000E+01  1.12428350E+00  1.00004008E+00  1.12428350E+00
   129  7.74000000E+01  1.12429754E+00  1.00007614E+00  1.12429754E+00
   130  7.80000000E+01  1.12428294E+00  1.00011694E+00  1.12428294E+00
   131  7.86000000E+01  1.12431102E+00  1.00016290E+00  1.12431102E+00
   132  7.92000000E+01  1.12430204E+00  1.00021450E+00  1.12430204E+00
   133  7.98000000E+01  1.12430517E+00  1.00027226E+00  1.12430517E+00
   134  8.04000000E+01  1.12429998E+00  1.00033670E+00  1.12429998E+00
   135  8.10000000E+01  1.12431670E+00  1.00040842E+00  1.12431670E+00
   136  8.16000000E+01  1.12431756E+00  1.00048803E+00  1.12431756E+00
   137  8.22000000E+01  1.12430980E+00  1.00057622E+00  1.12430980E+00
   138  8.28000000E+01  1.12431478E+00  1.00067368E+00  1.12431478E+00
   139  8.34000000E+01  1.12432000E+00  1.00078118E+00  1.12432000E+00
   140  8.40000000E+01  1.12433143E+00  1.00089953E+00  1.12433143E+00
   141  8.46000000E+01  1.12431254E+00  1.00102959E+00  1.12431254E+00
   142  8.52000000E+01  1.12432841E+00  1.00117229E+00  1.12432841E+00
   143  8.58000000E+01  1.12432175E+00  1.00132860E+00  1.12432175E+00
   144  8.64000000E+01  1.12434447E+00  1.00149955E+00  1.12434447E+00
   145  8.70000000E+01  1.12431398E+00  1.00168624E+00  1.12431398E+00
   146  8.76000000E+01  1.12434144E+00  1.00188985E+00  1.12434144E+00
   147  8.82000000E+01  1.12432236E+00  1.00211159E+00  1.12432236E+00
   148  8.88000000E+01  1.12435705E+00  1.00235276E+00  1.12435705E+00
   149  8.94000000E+01  1.12432472E+00  1.00261475E+00  1.12432472E+00
   150  9.00000000E+01  1.12435411E+00  1.00289898E+00  1.12435411E+00
   151  9.06000000E+01  1.12432538E+00  1.00320699E+00  1.12432538E+00
   152  9.12000000E+01  1.12436929E+00  1.00354035E+00  1.12436929E+00
   153  9.18000000E+01  1.12434616E+00  1.00390075E+00  1.12434616E+00
   154  9.24000000E+01  1.12436644E+00  1.00428993E+00  1.12436644E+00
   155  9.30000000E+01  1.12434719E+00  1.00470972E+00  1.12434719E+00
   156  9.36000000E+01  1.12438115E+00  1.00516202E+00  1.12438115E+00
   157  9.42000000E+01  1.12436790E+00  1.00564882E+00  1.12436790E+00
   158  9.48000000E+01  1.12437830E+00  1.00617217E+00  1.12437830E+00
   159  9.54000000E+01  1.12436923E+00  1.00673421E+00  1.12436923E+00
   160  9.60000000E+01  1.12439244E+00  1.00733714E+00  1.12439244E+00
   161  9.66000000E+01  1.12438974E+00  1.00798321E+00  1.12438974E+00
   162  9.72000000E+01  1.12438949E+00  1.00867477E+00  1.12438949E+00
   163  9.78000000E+01  1.12439126E+00  1.00941420E+00  1.12439126E+00
   164  9.84000000E+01  1.12440293E+00  1.01020392E+00  1.12440293E+00
   165  9.90000000E+01  1.12441143E+00  1.01104641E+00  1.12441143E+00
   166  9.96000000E+01  1.12439974E+00  1.01194417E+00  1.12439974E+00
   167  1.00200000E+02  1.12441300E+00  1.01289970E+00  1.12441300E+00
   168  1.00800000E+02  1.12441235E+00  1.01391553E+00  1.12441235E+00
   169  1.01400000E+02  1.12443269E+00  1.01499415E+00  1.12443269E+00
   170  1.02000000E+02  1.12440879E+00  1.01613804E+00  1.12440879E+00
   171  1.02600000E+02  1.12443417E+00  1.01734961E+00  1.12443417E+00
   172  1.03200000E+02  1.12442042E+00  1.01863121E+00  1.12442042E+00
   173  1.03800000E+02  1.12445323E+00  1.01998509E+00  1.12445323E+00
   174  1.04400000E+02  1.12441636E+00  1.02141337E+00  1.12441636E+00
   175  1.05000000E+02  1.12445448E+00  1.02291804E+00  1.12445448E+00
   176  1.05600000E+02  1.12442689E+00  1.02450089E+00  1.12442689E+00
   177  1.06200000E+02  1.12447275E+00  1.02616349E+00  1.12447275E+00
   178  1.06800000E+02  1.12444565E+00  1.02790719E+00  1.12444565E+00
   179  1.07400000E+02  1.12447363E+00  1.02973303E+00  1.12447363E+00
   180  1.08000000E+02  1.12445072E+00  1.03164176E+00  1.12445072E+00
   181  1.08600000E+02  1.12449099E+00  1.03363375E+00  1.12449099E+00
   182  1.09200000E+02  1.12447433E+00  1.03570900E+00  1.12447433E+00
   183  1.09800000E+02  1.12449139E+00  1.03786705E+00  1.12449139E+00
   184  1.10400000E+02  1.12447918E+00  1.04010700E+00  1.12447918E+00
   185  1.11000000E+02  1.12450771E+00  1.04242743E+00  1.12450771E+00
   186  1.11600000E+02  1.12450209E+00  1.04482638E+00  1.12450209E+00
   187  1.12200000E+02  1.12450750E+00  1.04730132E+00  1.12450750E+00
   188  1.12800000E+02  1.12450662E+00  1.04984913E+00  1.12450662E+00
   189  1.13400000E+02  1.12452268E+00  1.05246604E+00  1.12452268E+00
   190  1.14000000E+02  1.12452871E+00  1.05514764E+00  1.12452871E+00
   191  1.14600000E+02  1.12452176E+00  1.05788887E+00  1.12452176E+00
   192  1.15200000E+02  1.12453279E+00  1.06068397E+00  1.12453279E+00
   193  1.15800000E+02  1.12453569E+00  1.06352653E+00  1.12453569E+00
   194  1.16400000E+02  1.12455396E+00  1.06640942E+00  1.12455396E+00
   195  1.17000000E+02  1.12453397E+00  1.06932490E+00  1.12453397E+00
   196  1.17600000E+02  1.12455750E+00  1.07226455E+00  1.12455750E+00
   197  1.18200000E+02  1.12454656E+00  1.07521934E+00  1.12454656E+00
   198  1.18800000E+02  1.12457764E+00  1.07817970E+00  1.12457764E+00
   199  1.19400000E+02  1.12454396E+00  1.08113548E+00  1.12454396E+00
   200  1.20000000E+02  1.12458056E+00  1.08407610E+00  1.12458056E+00
   201  1.20600000E+02  1.12455512E+00  1.08699056E+00  1.12455512E+00
   202  1.21200000E+02  1.12459958E+00  1.08986755E+00  1.12459958E+00
   203  1.21800000E+02  1.12456900E+00  1.09269551E+00  1.12456900E+00
   204  1.22400000E+02  1.12460179E+00  1.09546274E+00  1.12460179E+00
   205  1.23000000E+02  1.12457563E+00  1.09815754E+00  1.12457563E+00
   206  1.23600000E+02  1.12461961E+00  1.10076826E+00  1.12461961E+00
   207  1.24200000E+02  1.12459989E+00  1.10328351E+00  1.12459989E+00
   208  1.24800000E+02  1.12462104E+00  1.10569223E+00  1.12462104E+00
   209  1.25400000E+02  1.12460600E+00  1.10798390E+00  1.12460600E+00
   210  1.26000000E+02  1.12463759E+00  1.11014867E+00  1.12463759E+00
   211  1.26600000E+02  1.12462930E+00  1.11217751E+00  1.12462930E+00
   212  1.27200000E+02  1.12463818E+00  1.11406246E+00  1.12463818E+00
   213  1.27800000E+02  1.12463483E+00  1.11579672E+00  1.12463483E+00
   214  1.28400000E+02  1.12465340E+00  1.11737492E+00  1.12465340E+00
   215  1.29000000E+02  1.12465711E+00  1.11879322E+00  1.12465711E+00
   216  1.29600000E+02  1.12465307E+00  1.12004955E+00  1.12465307E+00
   217  1.30200000E+02  1.12466197E+00  1.12114372E+00  1.12466197E+00
   218  1.30800000E+02  1.12466691E+00  1.12207754E+00  1.12466691E+00
   219  1.31400000E+02  1.12468317E+00  1.12285493E+00  1.12468317E+00
   220  1.32000000E+02  1.12466563E+00  1.12348196E+00  1.12466563E+00
   221  1.32600000E+02  1.12468739E+00  1.12396680E+00  1.12468739E+00
   222  1.33200000E+02  1.12467825E+00  1.12431969E+00  1.12467825E+00
   223  1.33800000E+02  1.12470765E+00  1.12455271E+00  1.12470765E+00
   224  1.34400000E+02  1.12467958E+00  1.12467958E+00  1.12467958E+00
   225  1.35000000E+02  1.12471533E+00  1.12471533E+00  1.12471533E+00
   226  1.35600000E+02  1.12467590E+00  1.12467590E+00  1.12467590E+00
   227  1.36200000E+02  1.12457767E+00  1.12457767E+00  1.12457767E+00
   228  1.36800000E+02  1.12443698E+00  1.12443698E+00  1.12443698E+00
   229  1.37400000E+02  1.12426955E+00  1.12426955E+00  1.12426955E+00
   230  1.38000000E+02  1.12409001E+00  1.12409001E+00  1.12409001E+00
   231  1.38600000E+02  1.12391136E+00  1.12391136E+00  1.12391136E+00
   232  1.39200000E+02  1.12374460E+00  1.12374460E+00  1.12374460E+00
   233  1.39800000E+02  1.12370441E+00  1.12359836E+00  1.12370441E+00
   234  1.40400000E+02  1.12370441E+00  1.12347875E+00  1.12370441E+00
   235  1.41000000E+02  1.12370441E+00  1.12338925E+00  1.12370441E+00
   236  1.41600000E+02  1.12370441E+00  1.12333086E+00  1.12370441E+00
   237  1.42200000E+02  1.12370440E+00  1.12330229E+00  1.12370440E+00
   238  1.42800000E+02  1.12370440E+00  1.12330036E+00  1.12370440E+00
   239  1.43400000E+02  1.12370440E+00  1.12332042E+00  1.12370440E+00
   240  1.44000000E+02  1.12370440E+00  1.12335690E+00  1.12370440E+00
   241  1.44600000E+02  1.12370440E+00  1.12340386E+00  1.12370440E+00
   242  1.45200000E+02  1.12370440E+00  1.12345546E+00  1.12370440E+00
   243  1.45800000E+02  1.12370439E+00  1.12350648E+00  1.12370439E+00
   244  1.46400000E+02  1.12370439E+00  1.12355263E+00  1.12370439E+00
   245  1.47000000E+02  1.12370439E+00  1.12359080E+00  1.12370439E+00
   246  1.47600000E+02  1.12370439E+00  1.12361913E+00  1.12370439E+00
   247  1.48200000E+02  1.12370439E+00  1.12363702E+00  1.12370439E+00
   248  1.48800000E+02  1.12370439E+00  1.12364498E+00  1.12370439E+00
   249  1.49400000E+02  1.12370439E+00  1.12364438E+00  1.12370439E+00
   250  1.50000000E+02  1.12370439E+00  1.12363716E+00  1.12370439E+00
   251  1.50600000E+02  1.12370439E+00  1.12362557E+00  1.12370439E+00
   252  1.51200000E+02  1.12370439E+00  1.12361186E+00  1.12370439E+00
   253  1.51800000E+02  1.12370438E+00  1.12359800E+00  1.12370438E+00
   254  1.52400000E+02  1.12370438E+00  1.12358560E+00  1.12370438E+00
   255  1.53000000E+02  1.12370438E+00  1.12357573E+00  1.12370438E+00
   256  1.53600000E+02  1.12370438E+00  1.12356892E+00  1.12370438E+00
   257  1.54200000E+02  1.12370438E+00  1.12356521E+00  1.12370438E+00
   258  1.54800000E+02  1.12370438E+00  1.12356427E+00  1.12370438E+00
   259  1.55400000E+02  1.12370438E+00  1.12356546E+00  1.12370438E+00
   260  1.56000000E+02  1.12370438E+00  1.12356805E+00  1.12370438E+00
   261  1.56600000E+02  1.12370438E+00  1.12357126E+00  1.12370438E+00
   262  1.57200000E+02  1.12370438E+00  1.12357443E+00  1.12370438E+00
   263  1.57800000E+02  1.12370438E+00  1.12357705E+00  1.12370438E+00
   264  1.58400000E+02  1.12370438E+00  1.12357881E+00  1.12370438E+00
 steady-height stop at step    264: changes <=   1.0000E-05, max-end <=   1.0000E-02, max/end/gap/profile_change =   1.12370438E+00  1.12357881E+00  1.25570160E-04  1.76300003E-06


STDERR:
