COMMAND:
/shared/generate_rom_data/extrudate_swell2d_c_cluster

STDOUT:
 comppar: model =   6
 comppar: lambda,mobility/eps,betav,eta_0 =  6.4000E+00  3.6667E-01  5.0000E-01  1.0000E+00
 comppar: eta_s,eta_p,G =  5.0000E-01  5.0000E-01  7.8125E-02
 comppar: U_avg,deltat,flowrate,nsteps =  5.0000E-02  6.0000E-01  1.5708E-01     700
 comppar: geometry = axisymmetric
 comppar: steady stop change,gap,hold,min =  1.0000E-05  1.0000E-02      10      80
 comppar: ncompc,ncompg =     4     5
 mesh nnodes = 5765
 mesh nelem = 2780
 P1 BC   5.0000000000000000     
 P2 BC   0.0000000000000000     
     1  6.00000000E-01  1.00379173E+00  1.00000000E+00  1.00379173E+00
     2  1.20000000E+00  1.00748896E+00  1.00000000E+00  1.00748896E+00
     3  1.80000000E+00  1.01108372E+00  1.00000000E+00  1.01108372E+00
     4  2.40000000E+00  1.01458366E+00  1.00000000E+00  1.01458366E+00
     5  3.00000000E+00  1.01799246E+00  1.00000000E+00  1.01799246E+00
     6  3.60000000E+00  1.02131289E+00  1.00000000E+00  1.02131289E+00
     7  4.20000000E+00  1.02455306E+00  1.00000000E+00  1.02455306E+00
     8  4.80000000E+00  1.02772158E+00  1.00000000E+00  1.02772158E+00
     9  5.40000000E+00  1.03083437E+00  1.00000001E+00  1.03083437E+00
    10  6.00000000E+00  1.03387679E+00  1.00000001E+00  1.03387679E+00
    11  6.60000000E+00  1.03685514E+00  1.00000001E+00  1.03685514E+00
    12  7.20000000E+00  1.03980134E+00  1.00000001E+00  1.03980134E+00
    13  7.80000000E+00  1.04266736E+00  1.00000001E+00  1.04266736E+00
    14  8.40000000E+00  1.04551886E+00  1.00000000E+00  1.04551886E+00
    15  9.00000000E+00  1.04828945E+00  1.00000000E+00  1.04828945E+00
    16  9.60000000E+00  1.05104391E+00  9.99999999E-01  1.05104391E+00
    17  1.02000000E+01  1.05372387E+00  9.99999995E-01  1.05372387E+00
    18  1.08000000E+01  1.05638098E+00  9.99999990E-01  1.05638098E+00
    19  1.14000000E+01  1.05892894E+00  9.99999984E-01  1.05892894E+00
    20  1.20000000E+01  1.06150287E+00  9.99999976E-01  1.06150287E+00
    21  1.26000000E+01  1.06394781E+00  9.99999967E-01  1.06394781E+00
    22  1.32000000E+01  1.06641289E+00  9.99999955E-01  1.06641289E+00
    23  1.38000000E+01  1.06876476E+00  9.99999942E-01  1.06876476E+00
    24  1.44000000E+01  1.07108709E+00  9.99999926E-01  1.07108709E+00
    25  1.50000000E+01  1.07336528E+00  9.99999907E-01  1.07336528E+00
    26  1.56000000E+01  1.07553049E+00  9.99999885E-01  1.07553049E+00
    27  1.62000000E+01  1.07773109E+00  9.99999860E-01  1.07773109E+00
    28  1.68000000E+01  1.07978030E+00  9.99999832E-01  1.07978030E+00
    29  1.74000000E+01  1.08182699E+00  9.99999799E-01  1.08182699E+00
    30  1.80000000E+01  1.08382281E+00  9.99999762E-01  1.08382281E+00
    31  1.86000000E+01  1.08566381E+00  9.99999720E-01  1.08566381E+00
    32  1.92000000E+01  1.08760399E+00  9.99999672E-01  1.08760399E+00
    33  1.98000000E+01  1.08938409E+00  9.99999619E-01  1.08938409E+00
    34  2.04000000E+01  1.09107631E+00  9.99999560E-01  1.09107631E+00
    35  2.10000000E+01  1.09283458E+00  9.99999493E-01  1.09283458E+00
    36  2.16000000E+01  1.09443120E+00  9.99999419E-01  1.09443120E+00
    37  2.22000000E+01  1.09600318E+00  9.99999336E-01  1.09600318E+00
    38  2.28000000E+01  1.09757633E+00  9.99999244E-01  1.09757633E+00
    39  2.34000000E+01  1.09898987E+00  9.99999143E-01  1.09898987E+00
    40  2.40000000E+01  1.10040519E+00  9.99999030E-01  1.10040519E+00
    41  2.46000000E+01  1.10182910E+00  9.99998907E-01  1.10182910E+00
    42  2.52000000E+01  1.10309924E+00  9.99998770E-01  1.10309924E+00
    43  2.58000000E+01  1.10436518E+00  9.99998621E-01  1.10436518E+00
    44  2.64000000E+01  1.10564186E+00  9.99998456E-01  1.10564186E+00
    45  2.70000000E+01  1.10677278E+00  9.99998276E-01  1.10677278E+00
    46  2.76000000E+01  1.10789147E+00  9.99998079E-01  1.10789147E+00
    47  2.82000000E+01  1.10903517E+00  9.99997864E-01  1.10903517E+00
    48  2.88000000E+01  1.11004390E+00  9.99997629E-01  1.11004390E+00
    49  2.94000000E+01  1.11103046E+00  9.99997373E-01  1.11103046E+00
    50  3.00000000E+01  1.11204670E+00  9.99997095E-01  1.11204670E+00
    51  3.06000000E+01  1.11294039E+00  9.99996792E-01  1.11294039E+00
    52  3.12000000E+01  1.11381305E+00  9.99996464E-01  1.11381305E+00
    53  3.18000000E+01  1.11471758E+00  9.99996108E-01  1.11471758E+00
    54  3.24000000E+01  1.11551286E+00  9.99995722E-01  1.11551286E+00
    55  3.30000000E+01  1.11626428E+00  9.99995304E-01  1.11626428E+00
    56  3.36000000E+01  1.11706519E+00  9.99994853E-01  1.11706519E+00
    57  3.42000000E+01  1.11777112E+00  9.99994367E-01  1.11777112E+00
    58  3.48000000E+01  1.11842781E+00  9.99993842E-01  1.11842781E+00
    59  3.54000000E+01  1.11914121E+00  9.99993276E-01  1.11914121E+00
    60  3.60000000E+01  1.11977261E+00  9.99992667E-01  1.11977261E+00
    61  3.66000000E+01  1.12033622E+00  9.99992013E-01  1.12033622E+00
    62  3.72000000E+01  1.12095332E+00  9.99991310E-01  1.12095332E+00
    63  3.78000000E+01  1.12151981E+00  9.99990556E-01  1.12151981E+00
    64  3.84000000E+01  1.12203008E+00  9.99989748E-01  1.12203008E+00
    65  3.90000000E+01  1.12256150E+00  9.99988882E-01  1.12256150E+00
    66  3.96000000E+01  1.12307331E+00  9.99987956E-01  1.12307331E+00
    67  4.02000000E+01  1.12353727E+00  9.99986966E-01  1.12353727E+00
    68  4.08000000E+01  1.12396117E+00  9.99985909E-01  1.12396117E+00
    69  4.14000000E+01  1.12442231E+00  9.99984782E-01  1.12442231E+00
    70  4.20000000E+01  1.12484824E+00  9.99983580E-01  1.12484824E+00
    71  4.26000000E+01  1.12523931E+00  9.99982301E-01  1.12523931E+00
    72  4.32000000E+01  1.12561926E+00  9.99980940E-01  1.12561926E+00
    73  4.38000000E+01  1.12600923E+00  9.99979494E-01  1.12600923E+00
    74  4.44000000E+01  1.12636735E+00  9.99977960E-01  1.12636735E+00
    75  4.50000000E+01  1.12669520E+00  9.99976332E-01  1.12669520E+00
    76  4.56000000E+01  1.12701766E+00  9.99974608E-01  1.12701766E+00
    77  4.62000000E+01  1.12734807E+00  9.99972783E-01  1.12734807E+00
    78  4.68000000E+01  1.12764868E+00  9.99970854E-01  1.12764868E+00
    79  4.74000000E+01  1.12791901E+00  9.99968817E-01  1.12791901E+00
    80  4.80000000E+01  1.12820545E+00  9.99966669E-01  1.12820545E+00
    81  4.86000000E+01  1.12847678E+00  9.99964405E-01  1.12847678E+00
    82  4.92000000E+01  1.12871819E+00  9.99962023E-01  1.12871819E+00
    83  4.98000000E+01  1.12894721E+00  9.99959519E-01  1.12894721E+00
    84  5.04000000E+01  1.12919170E+00  9.99956890E-01  1.12919170E+00
    85  5.10000000E+01  1.12940594E+00  9.99954135E-01  1.12940594E+00
    86  5.16000000E+01  1.12959022E+00  9.99951249E-01  1.12959022E+00
    87  5.22000000E+01  1.12980297E+00  9.99948233E-01  1.12980297E+00
    88  5.28000000E+01  1.12999029E+00  9.99945084E-01  1.12999029E+00
    89  5.34000000E+01  1.13014909E+00  9.99941801E-01  1.13014909E+00
    90  5.40000000E+01  1.13032466E+00  9.99938384E-01  1.13032466E+00
    91  5.46000000E+01  1.13048617E+00  9.99934835E-01  1.13048617E+00
    92  5.52000000E+01  1.13062054E+00  9.99931154E-01  1.13062054E+00
    93  5.58000000E+01  1.13076334E+00  9.99927343E-01  1.13076334E+00
    94  5.64000000E+01  1.13090109E+00  9.99923407E-01  1.13090109E+00
    95  5.70000000E+01  1.13101396E+00  9.99919350E-01  1.13101396E+00
    96  5.76000000E+01  1.13113088E+00  9.99915177E-01  1.13113088E+00
    97  5.82000000E+01  1.13124589E+00  9.99910897E-01  1.13124589E+00
    98  5.88000000E+01  1.13133846E+00  9.99906518E-01  1.13133846E+00
    99  5.94000000E+01  1.13143425E+00  9.99902052E-01  1.13143425E+00
   100  6.00000000E+01  1.13152976E+00  9.99897511E-01  1.13152976E+00
   101  6.06000000E+01  1.13160558E+00  9.99892911E-01  1.13160558E+00
   102  6.12000000E+01  1.13168159E+00  9.99888269E-01  1.13168159E+00
   103  6.18000000E+01  1.13175888E+00  9.99883606E-01  1.13175888E+00
   104  6.24000000E+01  1.13181948E+00  9.99878945E-01  1.13181948E+00
   105  6.30000000E+01  1.13188239E+00  9.99874313E-01  1.13188239E+00
   106  6.36000000E+01  1.13194497E+00  9.99869742E-01  1.13194497E+00
   107  6.42000000E+01  1.13199362E+00  9.99865264E-01  1.13199362E+00
   108  6.48000000E+01  1.13204024E+00  9.99860919E-01  1.13204024E+00
   109  6.54000000E+01  1.13208974E+00  9.99856750E-01  1.13208974E+00
   110  6.60000000E+01  1.13212824E+00  9.99852806E-01  1.13212824E+00
   111  6.66000000E+01  1.13216648E+00  9.99849142E-01  1.13216648E+00
   112  6.72000000E+01  1.13220587E+00  9.99845816E-01  1.13220587E+00
   113  6.78000000E+01  1.13223658E+00  9.99842896E-01  1.13223658E+00
   114  6.84000000E+01  1.13226115E+00  9.99840455E-01  1.13226115E+00
   115  6.90000000E+01  1.13229164E+00  9.99838576E-01  1.13229164E+00
   116  6.96000000E+01  1.13231646E+00  9.99837348E-01  1.13231646E+00
   117  7.02000000E+01  1.13233701E+00  9.99836870E-01  1.13233701E+00
   118  7.08000000E+01  1.13235969E+00  9.99837250E-01  1.13235969E+00
   119  7.14000000E+01  1.13237988E+00  9.99838607E-01  1.13237988E+00
   120  7.20000000E+01  1.13239703E+00  9.99841073E-01  1.13239703E+00
   121  7.26000000E+01  1.13241220E+00  9.99844788E-01  1.13241220E+00
   122  7.32000000E+01  1.13242596E+00  9.99849908E-01  1.13242596E+00
   123  7.38000000E+01  1.13243888E+00  9.99856603E-01  1.13243888E+00
   124  7.44000000E+01  1.13245281E+00  9.99865056E-01  1.13245281E+00
   125  7.50000000E+01  1.13246561E+00  9.99875468E-01  1.13246561E+00
   126  7.56000000E+01  1.13247729E+00  9.99888055E-01  1.13247729E+00
   127  7.62000000E+01  1.13248777E+00  9.99903054E-01  1.13248777E+00
   128  7.68000000E+01  1.13249695E+00  9.99920718E-01  1.13249695E+00
   129  7.74000000E+01  1.13250480E+00  9.99941325E-01  1.13250480E+00
   130  7.80000000E+01  1.13251338E+00  9.99965173E-01  1.13251338E+00
   131  7.86000000E+01  1.13252138E+00  9.99992584E-01  1.13252138E+00
   132  7.92000000E+01  1.13252813E+00  1.00002391E+00  1.13252813E+00
   133  7.98000000E+01  1.13253370E+00  1.00005951E+00  1.13253370E+00
   134  8.04000000E+01  1.13253822E+00  1.00009981E+00  1.13253822E+00
   135  8.10000000E+01  1.13254214E+00  1.00014523E+00  1.13254214E+00
   136  8.16000000E+01  1.13254675E+00  1.00019625E+00  1.13254675E+00
   137  8.22000000E+01  1.13255045E+00  1.00025335E+00  1.13255045E+00
   138  8.28000000E+01  1.13255344E+00  1.00031708E+00  1.13255344E+00
   139  8.34000000E+01  1.13255588E+00  1.00038801E+00  1.13255588E+00
   140  8.40000000E+01  1.13255794E+00  1.00046676E+00  1.13255794E+00
   141  8.46000000E+01  1.13255973E+00  1.00055398E+00  1.13255973E+00
   142  8.52000000E+01  1.13256131E+00  1.00065038E+00  1.13256131E+00
   143  8.58000000E+01  1.13256273E+00  1.00075670E+00  1.13256273E+00
   144  8.64000000E+01  1.13256401E+00  1.00087374E+00  1.13256401E+00
   145  8.70000000E+01  1.13256513E+00  1.00100236E+00  1.13256513E+00
   146  8.76000000E+01  1.13256612E+00  1.00114345E+00  1.13256612E+00
   147  8.82000000E+01  1.13256695E+00  1.00129798E+00  1.13256695E+00
   148  8.88000000E+01  1.13256767E+00  1.00146696E+00  1.13256767E+00
   149  8.94000000E+01  1.13256852E+00  1.00165148E+00  1.13256852E+00
   150  9.00000000E+01  1.13256923E+00  1.00185268E+00  1.13256923E+00
   151  9.06000000E+01  1.13256982E+00  1.00207178E+00  1.13256982E+00
   152  9.12000000E+01  1.13257030E+00  1.00231005E+00  1.13257030E+00
   153  9.18000000E+01  1.13257067E+00  1.00256884E+00  1.13257067E+00
   154  9.24000000E+01  1.13257097E+00  1.00284958E+00  1.13257097E+00
   155  9.30000000E+01  1.13257119E+00  1.00315377E+00  1.13257119E+00
   156  9.36000000E+01  1.13257136E+00  1.00348297E+00  1.13257136E+00
   157  9.42000000E+01  1.13257148E+00  1.00383884E+00  1.13257148E+00
   158  9.48000000E+01  1.13257156E+00  1.00422310E+00  1.13257156E+00
   159  9.54000000E+01  1.13257162E+00  1.00463756E+00  1.13257162E+00
   160  9.60000000E+01  1.13257164E+00  1.00508411E+00  1.13257164E+00
   161  9.66000000E+01  1.13257164E+00  1.00556471E+00  1.13257164E+00
   162  9.72000000E+01  1.13257163E+00  1.00608139E+00  1.13257163E+00
   163  9.78000000E+01  1.13257159E+00  1.00663628E+00  1.13257159E+00
   164  9.84000000E+01  1.13257154E+00  1.00723157E+00  1.13257154E+00
   165  9.90000000E+01  1.13257148E+00  1.00786950E+00  1.13257148E+00
   166  9.96000000E+01  1.13257140E+00  1.00855240E+00  1.13257140E+00
   167  1.00200000E+02  1.13257133E+00  1.00928265E+00  1.13257133E+00
   168  1.00800000E+02  1.13257124E+00  1.01006270E+00  1.13257124E+00
   169  1.01400000E+02  1.13257116E+00  1.01089501E+00  1.13257116E+00
   170  1.02000000E+02  1.13257107E+00  1.01178210E+00  1.13257107E+00
   171  1.02600000E+02  1.13257098E+00  1.01272650E+00  1.13257098E+00
   172  1.03200000E+02  1.13257090E+00  1.01373076E+00  1.13257090E+00
   173  1.03800000E+02  1.13257081E+00  1.01479743E+00  1.13257081E+00
   174  1.04400000E+02  1.13257073E+00  1.01592903E+00  1.13257073E+00
   175  1.05000000E+02  1.13257065E+00  1.01712802E+00  1.13257065E+00
   176  1.05600000E+02  1.13257057E+00  1.01839683E+00  1.13257057E+00
   177  1.06200000E+02  1.13257050E+00  1.01973779E+00  1.13257050E+00
   178  1.06800000E+02  1.13257042E+00  1.02115312E+00  1.13257042E+00
   179  1.07400000E+02  1.13257036E+00  1.02264491E+00  1.13257036E+00
   180  1.08000000E+02  1.13257029E+00  1.02421507E+00  1.13257029E+00
   181  1.08600000E+02  1.13257023E+00  1.02586532E+00  1.13257023E+00
   182  1.09200000E+02  1.13257018E+00  1.02759715E+00  1.13257018E+00
   183  1.09800000E+02  1.13257013E+00  1.02941179E+00  1.13257013E+00
   184  1.10400000E+02  1.13257008E+00  1.03131017E+00  1.13257008E+00
   185  1.11000000E+02  1.13257003E+00  1.03329286E+00  1.13257003E+00
   186  1.11600000E+02  1.13256999E+00  1.03536009E+00  1.13256999E+00
   187  1.12200000E+02  1.13256995E+00  1.03751166E+00  1.13256995E+00
   188  1.12800000E+02  1.13256991E+00  1.03974690E+00  1.13256991E+00
   189  1.13400000E+02  1.13256988E+00  1.04206470E+00  1.13256988E+00
   190  1.14000000E+02  1.13256985E+00  1.04446337E+00  1.13256985E+00
   191  1.14600000E+02  1.13256982E+00  1.04694069E+00  1.13256982E+00
   192  1.15200000E+02  1.13256979E+00  1.04949384E+00  1.13256979E+00
   193  1.15800000E+02  1.13256977E+00  1.05211937E+00  1.13256977E+00
   194  1.16400000E+02  1.13256975E+00  1.05481319E+00  1.13256975E+00
   195  1.17000000E+02  1.13256973E+00  1.05757053E+00  1.13256973E+00
   196  1.17600000E+02  1.13256971E+00  1.06038597E+00  1.13256971E+00
   197  1.18200000E+02  1.13256969E+00  1.06325335E+00  1.13256969E+00
   198  1.18800000E+02  1.13256968E+00  1.06616588E+00  1.13256968E+00
   199  1.19400000E+02  1.13256967E+00  1.06911605E+00  1.13256967E+00
   200  1.20000000E+02  1.13256965E+00  1.07209572E+00  1.13256965E+00
   201  1.20600000E+02  1.13256964E+00  1.07509611E+00  1.13256964E+00
   202  1.21200000E+02  1.13256963E+00  1.07810783E+00  1.13256963E+00
   203  1.21800000E+02  1.13256962E+00  1.08112098E+00  1.13256962E+00
   204  1.22400000E+02  1.13256961E+00  1.08412515E+00  1.13256961E+00
   205  1.23000000E+02  1.13256961E+00  1.08710953E+00  1.13256961E+00
   206  1.23600000E+02  1.13256960E+00  1.09006297E+00  1.13256960E+00
   207  1.24200000E+02  1.13256959E+00  1.09297407E+00  1.13256959E+00
   208  1.24800000E+02  1.13256959E+00  1.09583133E+00  1.13256959E+00
   209  1.25400000E+02  1.13256958E+00  1.09862321E+00  1.13256958E+00
   210  1.26000000E+02  1.13256958E+00  1.10133831E+00  1.13256958E+00
   211  1.26600000E+02  1.13256957E+00  1.10396549E+00  1.13256957E+00
   212  1.27200000E+02  1.13256957E+00  1.10649405E+00  1.13256957E+00
   213  1.27800000E+02  1.13256957E+00  1.10891387E+00  1.13256957E+00
   214  1.28400000E+02  1.13256956E+00  1.11121562E+00  1.13256956E+00
   215  1.29000000E+02  1.13256956E+00  1.11339096E+00  1.13256956E+00
   216  1.29600000E+02  1.13256956E+00  1.11543267E+00  1.13256956E+00
   217  1.30200000E+02  1.13256956E+00  1.11733492E+00  1.13256956E+00
   218  1.30800000E+02  1.13256955E+00  1.11909338E+00  1.13256955E+00
   219  1.31400000E+02  1.13256955E+00  1.12070542E+00  1.13256955E+00
   220  1.32000000E+02  1.13256955E+00  1.12217023E+00  1.13256955E+00
   221  1.32600000E+02  1.13256955E+00  1.12348891E+00  1.13256955E+00
   222  1.33200000E+02  1.13256955E+00  1.12466454E+00  1.13256955E+00
   223  1.33800000E+02  1.13256955E+00  1.12570214E+00  1.13256955E+00
   224  1.34400000E+02  1.13256955E+00  1.12660860E+00  1.13256955E+00
   225  1.35000000E+02  1.13256954E+00  1.12739253E+00  1.13256954E+00
   226  1.35600000E+02  1.13256954E+00  1.12806403E+00  1.13256954E+00
   227  1.36200000E+02  1.13256954E+00  1.12863437E+00  1.13256954E+00
   228  1.36800000E+02  1.13256954E+00  1.12911565E+00  1.13256954E+00
   229  1.37400000E+02  1.13256954E+00  1.12952036E+00  1.13256954E+00
   230  1.38000000E+02  1.13256954E+00  1.12986096E+00  1.13256954E+00
   231  1.38600000E+02  1.13256954E+00  1.13014939E+00  1.13256954E+00
   232  1.39200000E+02  1.13256954E+00  1.13039670E+00  1.13256954E+00
   233  1.39800000E+02  1.13256954E+00  1.13061264E+00  1.13256954E+00
   234  1.40400000E+02  1.13256954E+00  1.13080537E+00  1.13256954E+00
   235  1.41000000E+02  1.13256954E+00  1.13098130E+00  1.13256954E+00
   236  1.41600000E+02  1.13256954E+00  1.13114501E+00  1.13256954E+00
   237  1.42200000E+02  1.13256954E+00  1.13129929E+00  1.13256954E+00
   238  1.42800000E+02  1.13256954E+00  1.13144535E+00  1.13256954E+00
   239  1.43400000E+02  1.13256954E+00  1.13158306E+00  1.13256954E+00
   240  1.44000000E+02  1.13256954E+00  1.13171134E+00  1.13256954E+00
   241  1.44600000E+02  1.13256954E+00  1.13182853E+00  1.13256954E+00
   242  1.45200000E+02  1.13256954E+00  1.13193282E+00  1.13256954E+00
   243  1.45800000E+02  1.13256954E+00  1.13202258E+00  1.13256954E+00
   244  1.46400000E+02  1.13256954E+00  1.13209669E+00  1.13256954E+00
   245  1.47000000E+02  1.13256954E+00  1.13215472E+00  1.13256954E+00
   246  1.47600000E+02  1.13256954E+00  1.13219709E+00  1.13256954E+00
   247  1.48200000E+02  1.13256954E+00  1.13222500E+00  1.13256954E+00
   248  1.48800000E+02  1.13256954E+00  1.13224036E+00  1.13256954E+00
   249  1.49400000E+02  1.13256954E+00  1.13224559E+00  1.13256954E+00
   250  1.50000000E+02  1.13256953E+00  1.13224342E+00  1.13256953E+00
   251  1.50600000E+02  1.13256953E+00  1.13223660E+00  1.13256953E+00
   252  1.51200000E+02  1.13256953E+00  1.13222770E+00  1.13256953E+00
   253  1.51800000E+02  1.13256953E+00  1.13221887E+00  1.13256953E+00
   254  1.52400000E+02  1.13256953E+00  1.13221175E+00  1.13256953E+00
   255  1.53000000E+02  1.13256953E+00  1.13220738E+00  1.13256953E+00
   256  1.53600000E+02  1.13256953E+00  1.13220619E+00  1.13256953E+00
   257  1.54200000E+02  1.13256953E+00  1.13220812E+00  1.13256953E+00
   258  1.54800000E+02  1.13256953E+00  1.13221267E+00  1.13256953E+00
 steady-height stop at step    258: changes <=   1.0000E-05, max-end <=   1.0000E-02, max/end/gap/profile_change =   1.13256953E+00  1.13221267E+00  3.56867882E-04  7.46668183E-06


STDERR:
