COMMAND:
/shared/generate_rom_data/extrudate_swell2d_c_cluster

STDOUT:
 comppar: model =   6
 comppar: lambda,mobility/eps,betav,eta_0 =  1.0000E+01  3.6667E-01  7.0000E-01  1.0000E+00
 comppar: eta_s,eta_p,G =  7.0000E-01  3.0000E-01  3.0000E-02
 comppar: U_avg,deltat,flowrate,nsteps =  5.0000E-02  6.0000E-01  1.5708E-01     700
 comppar: geometry = axisymmetric
 comppar: steady stop change,gap,hold,min =  1.0000E-05  1.0000E-02      10      80
 comppar: ncompc,ncompg =     4     5
 mesh nnodes = 5765
 mesh nelem = 2780
 P1 BC   5.0000000000000000     
 P2 BC   0.0000000000000000     
     1  6.00000000E-01  1.00379362E+00  1.00000000E+00  1.00379362E+00
     2  1.20000000E+00  1.00750256E+00  1.00000000E+00  1.00750256E+00
     3  1.80000000E+00  1.01112685E+00  1.00000000E+00  1.01112685E+00
     4  2.40000000E+00  1.01466800E+00  1.00000000E+00  1.01466800E+00
     5  3.00000000E+00  1.01812826E+00  1.00000000E+00  1.01812826E+00
     6  3.60000000E+00  1.02150490E+00  1.00000000E+00  1.02150490E+00
     7  4.20000000E+00  1.02481066E+00  1.00000000E+00  1.02481066E+00
     8  4.80000000E+00  1.02805006E+00  1.00000000E+00  1.02805006E+00
     9  5.40000000E+00  1.03121447E+00  1.00000000E+00  1.03121447E+00
    10  6.00000000E+00  1.03430281E+00  1.00000000E+00  1.03430281E+00
    11  6.60000000E+00  1.03735021E+00  1.00000000E+00  1.03735021E+00
    12  7.20000000E+00  1.04032657E+00  1.00000000E+00  1.04032657E+00
    13  7.80000000E+00  1.04323608E+00  1.00000000E+00  1.04323608E+00
    14  8.40000000E+00  1.04611936E+00  1.00000000E+00  1.04611936E+00
    15  9.00000000E+00  1.04890215E+00  9.99999998E-01  1.04890215E+00
    16  9.60000000E+00  1.05169515E+00  9.99999994E-01  1.05169515E+00
    17  1.02000000E+01  1.05438648E+00  9.99999990E-01  1.05438648E+00
    18  1.08000000E+01  1.05707632E+00  9.99999983E-01  1.05707632E+00
    19  1.14000000E+01  1.05964497E+00  9.99999976E-01  1.05964497E+00
    20  1.20000000E+01  1.06225247E+00  9.99999967E-01  1.06225247E+00
    21  1.26000000E+01  1.06473305E+00  9.99999956E-01  1.06473305E+00
    22  1.32000000E+01  1.06723481E+00  9.99999942E-01  1.06723481E+00
    23  1.38000000E+01  1.06963258E+00  9.99999927E-01  1.06963258E+00
    24  1.44000000E+01  1.07200193E+00  9.99999909E-01  1.07200193E+00
    25  1.50000000E+01  1.07434030E+00  9.99999888E-01  1.07434030E+00
    26  1.56000000E+01  1.07656405E+00  9.99999864E-01  1.07656405E+00
    27  1.62000000E+01  1.07884165E+00  9.99999836E-01  1.07884165E+00
    28  1.68000000E+01  1.08098165E+00  9.99999805E-01  1.08098165E+00
    29  1.74000000E+01  1.08310038E+00  9.99999769E-01  1.08310038E+00
    30  1.80000000E+01  1.08520557E+00  9.99999729E-01  1.08520557E+00
    31  1.86000000E+01  1.08716793E+00  9.99999683E-01  1.08716793E+00
    32  1.92000000E+01  1.08919093E+00  9.99999632E-01  1.08919093E+00
    33  1.98000000E+01  1.09111572E+00  9.99999576E-01  1.09111572E+00
    34  2.04000000E+01  1.09289441E+00  9.99999512E-01  1.09289441E+00
    35  2.10000000E+01  1.09479377E+00  9.99999441E-01  1.09479377E+00
    36  2.16000000E+01  1.09656703E+00  9.99999363E-01  1.09656703E+00
    37  2.22000000E+01  1.09819552E+00  9.99999276E-01  1.09819552E+00
    38  2.28000000E+01  1.09995973E+00  9.99999180E-01  1.09995973E+00
    39  2.34000000E+01  1.10157852E+00  9.99999075E-01  1.10157852E+00
    40  2.40000000E+01  1.10305420E+00  9.99998958E-01  1.10305420E+00
    41  2.46000000E+01  1.10465780E+00  9.99998830E-01  1.10465780E+00
    42  2.52000000E+01  1.10615443E+00  9.99998690E-01  1.10615443E+00
    43  2.58000000E+01  1.10751303E+00  9.99998536E-01  1.10751303E+00
    44  2.64000000E+01  1.10893658E+00  9.99998368E-01  1.10893658E+00
    45  2.70000000E+01  1.11031090E+00  9.99998184E-01  1.11031090E+00
    46  2.76000000E+01  1.11155378E+00  9.99997984E-01  1.11155378E+00
    47  2.82000000E+01  1.11279856E+00  9.99997765E-01  1.11279856E+00
    48  2.88000000E+01  1.11406117E+00  9.99997528E-01  1.11406117E+00
    49  2.94000000E+01  1.11520095E+00  9.99997270E-01  1.11520095E+00
    50  3.00000000E+01  1.11628045E+00  9.99996990E-01  1.11628045E+00
    51  3.06000000E+01  1.11743425E+00  9.99996686E-01  1.11743425E+00
    52  3.12000000E+01  1.11847513E+00  9.99996357E-01  1.11847513E+00
    53  3.18000000E+01  1.11941607E+00  9.99996001E-01  1.11941607E+00
    54  3.24000000E+01  1.12046435E+00  9.99995616E-01  1.12046435E+00
    55  3.30000000E+01  1.12141890E+00  9.99995201E-01  1.12141890E+00
    56  3.36000000E+01  1.12228471E+00  9.99994753E-01  1.12228471E+00
    57  3.42000000E+01  1.12316722E+00  9.99994270E-01  1.12316722E+00
    58  3.48000000E+01  1.12404178E+00  9.99993750E-01  1.12404178E+00
    59  3.54000000E+01  1.12483942E+00  9.99993192E-01  1.12483942E+00
    60  3.60000000E+01  1.12558669E+00  9.99992592E-01  1.12558669E+00
    61  3.66000000E+01  1.12639333E+00  9.99991947E-01  1.12639333E+00
    62  3.72000000E+01  1.12713334E+00  9.99991256E-01  1.12713334E+00
    63  3.78000000E+01  1.12781826E+00  9.99990516E-01  1.12781826E+00
    64  3.84000000E+01  1.12847744E+00  9.99989724E-01  1.12847744E+00
    65  3.90000000E+01  1.12916728E+00  9.99988876E-01  1.12916728E+00
    66  3.96000000E+01  1.12981076E+00  9.99987971E-01  1.12981076E+00
    67  4.02000000E+01  1.13041547E+00  9.99987005E-01  1.13041547E+00
    68  4.08000000E+01  1.13099658E+00  9.99985974E-01  1.13099658E+00
    69  4.14000000E+01  1.13160275E+00  9.99984876E-01  1.13160275E+00
    70  4.20000000E+01  1.13217435E+00  9.99983706E-01  1.13217435E+00
    71  4.26000000E+01  1.13271467E+00  9.99982463E-01  1.13271467E+00
    72  4.32000000E+01  1.13322487E+00  9.99981141E-01  1.13322487E+00
    73  4.38000000E+01  1.13373208E+00  9.99979738E-01  1.13373208E+00
    74  4.44000000E+01  1.13424595E+00  9.99978250E-01  1.13424595E+00
    75  4.50000000E+01  1.13472955E+00  9.99976673E-01  1.13472955E+00
    76  4.56000000E+01  1.13518137E+00  9.99975004E-01  1.13518137E+00
    77  4.62000000E+01  1.13560706E+00  9.99973239E-01  1.13560706E+00
    78  4.68000000E+01  1.13606075E+00  9.99971374E-01  1.13606075E+00
    79  4.74000000E+01  1.13648167E+00  9.99969405E-01  1.13648167E+00
    80  4.80000000E+01  1.13686793E+00  9.99967330E-01  1.13686793E+00
    81  4.86000000E+01  1.13723526E+00  9.99965144E-01  1.13723526E+00
    82  4.92000000E+01  1.13762634E+00  9.99962844E-01  1.13762634E+00
    83  4.98000000E+01  1.13798140E+00  9.99960427E-01  1.13798140E+00
    84  5.04000000E+01  1.13829973E+00  9.99957890E-01  1.13829973E+00
    85  5.10000000E+01  1.13862254E+00  9.99955230E-01  1.13862254E+00
    86  5.16000000E+01  1.13894604E+00  9.99952445E-01  1.13894604E+00
    87  5.22000000E+01  1.13923352E+00  9.99949533E-01  1.13923352E+00
    88  5.28000000E+01  1.13949197E+00  9.99946492E-01  1.13949197E+00
    89  5.34000000E+01  1.13978413E+00  9.99943320E-01  1.13978413E+00
    90  5.40000000E+01  1.14004103E+00  9.99940017E-01  1.14004103E+00
    91  5.46000000E+01  1.14026479E+00  9.99936583E-01  1.14026479E+00
    92  5.52000000E+01  1.14050197E+00  9.99933019E-01  1.14050197E+00
    93  5.58000000E+01  1.14073107E+00  9.99929326E-01  1.14073107E+00
    94  5.64000000E+01  1.14092940E+00  9.99925505E-01  1.14092940E+00
    95  5.70000000E+01  1.14111701E+00  9.99921562E-01  1.14111701E+00
    96  5.76000000E+01  1.14131889E+00  9.99917499E-01  1.14131889E+00
    97  5.82000000E+01  1.14149272E+00  9.99913323E-01  1.14149272E+00
    98  5.88000000E+01  1.14164219E+00  9.99909040E-01  1.14164219E+00
    99  5.94000000E+01  1.14181660E+00  9.99904661E-01  1.14181660E+00
   100  6.00000000E+01  1.14196967E+00  9.99900193E-01  1.14196967E+00
   101  6.06000000E+01  1.14210119E+00  9.99895651E-01  1.14210119E+00
   102  6.12000000E+01  1.14223283E+00  9.99891049E-01  1.14223283E+00
   103  6.18000000E+01  1.14236655E+00  9.99886402E-01  1.14236655E+00
   104  6.24000000E+01  1.14248183E+00  9.99881731E-01  1.14248183E+00
   105  6.30000000E+01  1.14258241E+00  9.99877056E-01  1.14258241E+00
   106  6.36000000E+01  1.14269998E+00  9.99872405E-01  1.14269998E+00
   107  6.42000000E+01  1.14280159E+00  9.99867803E-01  1.14280159E+00
   108  6.48000000E+01  1.14289017E+00  9.99863285E-01  1.14289017E+00
   109  6.54000000E+01  1.14297154E+00  9.99858886E-01  1.14297154E+00
   110  6.60000000E+01  1.14306144E+00  9.99854646E-01  1.14306144E+00
   111  6.66000000E+01  1.14314049E+00  9.99850610E-01  1.14314049E+00
   112  6.72000000E+01  1.14321060E+00  9.99846828E-01  1.14321060E+00
   113  6.78000000E+01  1.14327734E+00  9.99843357E-01  1.14327734E+00
   114  6.84000000E+01  1.14334777E+00  9.99840258E-01  1.14334777E+00
   115  6.90000000E+01  1.14341048E+00  9.99837600E-01  1.14341048E+00
   116  6.96000000E+01  1.14346654E+00  9.99835456E-01  1.14346654E+00
   117  7.02000000E+01  1.14351671E+00  9.99833911E-01  1.14351671E+00
   118  7.08000000E+01  1.14356965E+00  9.99833056E-01  1.14356965E+00
   119  7.14000000E+01  1.14362066E+00  9.99832989E-01  1.14362066E+00
   120  7.20000000E+01  1.14366625E+00  9.99833822E-01  1.14366625E+00
   121  7.26000000E+01  1.14370682E+00  9.99835672E-01  1.14370682E+00
   122  7.32000000E+01  1.14374350E+00  9.99838671E-01  1.14374350E+00
   123  7.38000000E+01  1.14378446E+00  9.99842961E-01  1.14378446E+00
   124  7.44000000E+01  1.14382084E+00  9.99848697E-01  1.14382084E+00
   125  7.50000000E+01  1.14385298E+00  9.99856047E-01  1.14385298E+00
   126  7.56000000E+01  1.14388124E+00  9.99865195E-01  1.14388124E+00
   127  7.62000000E+01  1.14390821E+00  9.99876338E-01  1.14390821E+00
   128  7.68000000E+01  1.14393703E+00  9.99889692E-01  1.14393703E+00
   129  7.74000000E+01  1.14396227E+00  9.99905490E-01  1.14396227E+00
   130  7.80000000E+01  1.14398437E+00  9.99923981E-01  1.14398437E+00
   131  7.86000000E+01  1.14400374E+00  9.99945440E-01  1.14400374E+00
   132  7.92000000E+01  1.14402187E+00  9.99970157E-01  1.14402187E+00
   133  7.98000000E+01  1.14404162E+00  9.99998450E-01  1.14404162E+00
   134  8.04000000E+01  1.14405894E+00  1.00003066E+00  1.14405894E+00
   135  8.10000000E+01  1.14407421E+00  1.00006715E+00  1.14407421E+00
   136  8.16000000E+01  1.14408772E+00  1.00010831E+00  1.14408772E+00
   137  8.22000000E+01  1.14409975E+00  1.00015458E+00  1.14409975E+00
   138  8.28000000E+01  1.14411049E+00  1.00020639E+00  1.14411049E+00
   139  8.34000000E+01  1.14412221E+00  1.00026424E+00  1.14412221E+00
   140  8.40000000E+01  1.14413312E+00  1.00032864E+00  1.14413312E+00
   141  8.46000000E+01  1.14414287E+00  1.00040016E+00  1.14414287E+00
   142  8.52000000E+01  1.14415161E+00  1.00047938E+00  1.14415161E+00
   143  8.58000000E+01  1.14415943E+00  1.00056694E+00  1.14415943E+00
   144  8.64000000E+01  1.14416641E+00  1.00066352E+00  1.14416641E+00
   145  8.70000000E+01  1.14417263E+00  1.00076984E+00  1.14417263E+00
   146  8.76000000E+01  1.14417816E+00  1.00088667E+00  1.14417816E+00
   147  8.82000000E+01  1.14418306E+00  1.00101481E+00  1.14418306E+00
   148  8.88000000E+01  1.14418811E+00  1.00115515E+00  1.14418811E+00
   149  8.94000000E+01  1.14419309E+00  1.00130860E+00  1.14419309E+00
   150  9.00000000E+01  1.14419751E+00  1.00147613E+00  1.14419751E+00
   151  9.06000000E+01  1.14420142E+00  1.00165878E+00  1.14420142E+00
   152  9.12000000E+01  1.14420489E+00  1.00185764E+00  1.14420489E+00
   153  9.18000000E+01  1.14420797E+00  1.00207388E+00  1.14420797E+00
   154  9.24000000E+01  1.14421070E+00  1.00230870E+00  1.14421070E+00
   155  9.30000000E+01  1.14421312E+00  1.00256340E+00  1.14421312E+00
   156  9.36000000E+01  1.14421526E+00  1.00283934E+00  1.14421526E+00
   157  9.42000000E+01  1.14421716E+00  1.00313793E+00  1.14421716E+00
   158  9.48000000E+01  1.14421884E+00  1.00346067E+00  1.14421884E+00
   159  9.54000000E+01  1.14422033E+00  1.00380913E+00  1.14422033E+00
   160  9.60000000E+01  1.14422163E+00  1.00418496E+00  1.14422163E+00
   161  9.66000000E+01  1.14422278E+00  1.00458987E+00  1.14422278E+00
   162  9.72000000E+01  1.14422379E+00  1.00502566E+00  1.14422379E+00
   163  9.78000000E+01  1.14422467E+00  1.00549418E+00  1.14422467E+00
   164  9.84000000E+01  1.14422545E+00  1.00599738E+00  1.14422545E+00
   165  9.90000000E+01  1.14422612E+00  1.00653728E+00  1.14422612E+00
   166  9.96000000E+01  1.14422670E+00  1.00711594E+00  1.14422670E+00
   167  1.00200000E+02  1.14422721E+00  1.00773553E+00  1.14422721E+00
   168  1.00800000E+02  1.14422765E+00  1.00839826E+00  1.14422765E+00
   169  1.01400000E+02  1.14422803E+00  1.00910640E+00  1.14422803E+00
   170  1.02000000E+02  1.14422835E+00  1.00986228E+00  1.14422835E+00
   171  1.02600000E+02  1.14422863E+00  1.01066828E+00  1.14422863E+00
   172  1.03200000E+02  1.14422887E+00  1.01152681E+00  1.14422887E+00
   173  1.03800000E+02  1.14422907E+00  1.01244031E+00  1.14422907E+00
   174  1.04400000E+02  1.14422924E+00  1.01341124E+00  1.14422924E+00
   175  1.05000000E+02  1.14422939E+00  1.01444208E+00  1.14422939E+00
   176  1.05600000E+02  1.14422956E+00  1.01553529E+00  1.14422956E+00
   177  1.06200000E+02  1.14422971E+00  1.01669330E+00  1.14422971E+00
   178  1.06800000E+02  1.14422983E+00  1.01791851E+00  1.14422983E+00
   179  1.07400000E+02  1.14422993E+00  1.01921326E+00  1.14422993E+00
   180  1.08000000E+02  1.14423001E+00  1.02057978E+00  1.14423001E+00
   181  1.08600000E+02  1.14423008E+00  1.02202024E+00  1.14423008E+00
   182  1.09200000E+02  1.14423013E+00  1.02353663E+00  1.14423013E+00
   183  1.09800000E+02  1.14423018E+00  1.02513082E+00  1.14423018E+00
   184  1.10400000E+02  1.14423021E+00  1.02680447E+00  1.14423021E+00
   185  1.11000000E+02  1.14423023E+00  1.02855902E+00  1.14423023E+00
   186  1.11600000E+02  1.14423025E+00  1.03039569E+00  1.14423025E+00
   187  1.12200000E+02  1.14423026E+00  1.03231538E+00  1.14423026E+00
   188  1.12800000E+02  1.14423027E+00  1.03431870E+00  1.14423027E+00
   189  1.13400000E+02  1.14423027E+00  1.03640591E+00  1.14423027E+00
   190  1.14000000E+02  1.14423027E+00  1.03857687E+00  1.14423027E+00
   191  1.14600000E+02  1.14423027E+00  1.04083104E+00  1.14423027E+00
   192  1.15200000E+02  1.14423027E+00  1.04316741E+00  1.14423027E+00
   193  1.15800000E+02  1.14423026E+00  1.04558452E+00  1.14423026E+00
   194  1.16400000E+02  1.14423025E+00  1.04808036E+00  1.14423025E+00
   195  1.17000000E+02  1.14423025E+00  1.05065239E+00  1.14423025E+00
   196  1.17600000E+02  1.14423024E+00  1.05329751E+00  1.14423024E+00
   197  1.18200000E+02  1.14423023E+00  1.05601203E+00  1.14423023E+00
   198  1.18800000E+02  1.14423022E+00  1.05879165E+00  1.14423022E+00
   199  1.19400000E+02  1.14423021E+00  1.06163147E+00  1.14423021E+00
   200  1.20000000E+02  1.14423021E+00  1.06452595E+00  1.14423021E+00
   201  1.20600000E+02  1.14423020E+00  1.06746895E+00  1.14423020E+00
   202  1.21200000E+02  1.14423019E+00  1.07045370E+00  1.14423019E+00
   203  1.21800000E+02  1.14423018E+00  1.07347286E+00  1.14423018E+00
   204  1.22400000E+02  1.14423018E+00  1.07651850E+00  1.14423018E+00
   205  1.23000000E+02  1.14423017E+00  1.07958218E+00  1.14423017E+00
   206  1.23600000E+02  1.14423016E+00  1.08265495E+00  1.14423016E+00
   207  1.24200000E+02  1.14423016E+00  1.08572741E+00  1.14423016E+00
   208  1.24800000E+02  1.14423015E+00  1.08878978E+00  1.14423015E+00
   209  1.25400000E+02  1.14423015E+00  1.09183196E+00  1.14423015E+00
   210  1.26000000E+02  1.14423014E+00  1.09484362E+00  1.14423014E+00
   211  1.26600000E+02  1.14423014E+00  1.09781426E+00  1.14423014E+00
   212  1.27200000E+02  1.14423013E+00  1.10073334E+00  1.14423013E+00
   213  1.27800000E+02  1.14423013E+00  1.10359035E+00  1.14423013E+00
   214  1.28400000E+02  1.14423013E+00  1.10637495E+00  1.14423013E+00
   215  1.29000000E+02  1.14423013E+00  1.10907708E+00  1.14423013E+00
   216  1.29600000E+02  1.14423012E+00  1.11168713E+00  1.14423012E+00
   217  1.30200000E+02  1.14423012E+00  1.11419601E+00  1.14423012E+00
   218  1.30800000E+02  1.14423012E+00  1.11659538E+00  1.14423012E+00
   219  1.31400000E+02  1.14423012E+00  1.11887775E+00  1.14423012E+00
   220  1.32000000E+02  1.14423012E+00  1.12103666E+00  1.14423012E+00
   221  1.32600000E+02  1.14423011E+00  1.12306682E+00  1.14423011E+00
   222  1.33200000E+02  1.14423011E+00  1.12496426E+00  1.14423011E+00
   223  1.33800000E+02  1.14423011E+00  1.12672646E+00  1.14423011E+00
   224  1.34400000E+02  1.14423011E+00  1.12835247E+00  1.14423011E+00
   225  1.35000000E+02  1.14423011E+00  1.12984298E+00  1.14423011E+00
   226  1.35600000E+02  1.14423011E+00  1.13120037E+00  1.14423011E+00
   227  1.36200000E+02  1.14423011E+00  1.13242868E+00  1.14423011E+00
   228  1.36800000E+02  1.14423011E+00  1.13353360E+00  1.14423011E+00
   229  1.37400000E+02  1.14423011E+00  1.13452231E+00  1.14423011E+00
   230  1.38000000E+02  1.14423011E+00  1.13540332E+00  1.14423011E+00
   231  1.38600000E+02  1.14423011E+00  1.13618623E+00  1.14423011E+00
   232  1.39200000E+02  1.14423011E+00  1.13688141E+00  1.14423011E+00
   233  1.39800000E+02  1.14423011E+00  1.13749970E+00  1.14423011E+00
   234  1.40400000E+02  1.14423011E+00  1.13805199E+00  1.14423011E+00
   235  1.41000000E+02  1.14423011E+00  1.13854886E+00  1.14423011E+00
   236  1.41600000E+02  1.14423011E+00  1.13900017E+00  1.14423011E+00
   237  1.42200000E+02  1.14423011E+00  1.13941477E+00  1.14423011E+00
   238  1.42800000E+02  1.14423011E+00  1.13980017E+00  1.14423011E+00
   239  1.43400000E+02  1.14423011E+00  1.14016235E+00  1.14423011E+00
   240  1.44000000E+02  1.14423011E+00  1.14050565E+00  1.14423011E+00
   241  1.44600000E+02  1.14423011E+00  1.14083277E+00  1.14423011E+00
   242  1.45200000E+02  1.14423011E+00  1.14114489E+00  1.14423011E+00
   243  1.45800000E+02  1.14423011E+00  1.14144184E+00  1.14423011E+00
   244  1.46400000E+02  1.14423011E+00  1.14172245E+00  1.14423011E+00
   245  1.47000000E+02  1.14423011E+00  1.14198482E+00  1.14423011E+00
   246  1.47600000E+02  1.14423011E+00  1.14222677E+00  1.14423011E+00
   247  1.48200000E+02  1.14423011E+00  1.14244619E+00  1.14423011E+00
   248  1.48800000E+02  1.14423011E+00  1.14264135E+00  1.14423011E+00
   249  1.49400000E+02  1.14423011E+00  1.14281118E+00  1.14423011E+00
   250  1.50000000E+02  1.14423011E+00  1.14295547E+00  1.14423011E+00
   251  1.50600000E+02  1.14423011E+00  1.14307494E+00  1.14423011E+00
   252  1.51200000E+02  1.14423011E+00  1.14317119E+00  1.14423011E+00
   253  1.51800000E+02  1.14423011E+00  1.14324661E+00  1.14423011E+00
   254  1.52400000E+02  1.14423011E+00  1.14330419E+00  1.14423011E+00
   255  1.53000000E+02  1.14423011E+00  1.14334729E+00  1.14423011E+00
   256  1.53600000E+02  1.14423011E+00  1.14337933E+00  1.14423011E+00
   257  1.54200000E+02  1.14423011E+00  1.14340362E+00  1.14423011E+00
   258  1.54800000E+02  1.14423011E+00  1.14342307E+00  1.14423011E+00
   259  1.55400000E+02  1.14423011E+00  1.14344007E+00  1.14423011E+00
   260  1.56000000E+02  1.14423011E+00  1.14345640E+00  1.14423011E+00
   261  1.56600000E+02  1.14423011E+00  1.14347317E+00  1.14423011E+00
   262  1.57200000E+02  1.14423011E+00  1.14349092E+00  1.14423011E+00
   263  1.57800000E+02  1.14423011E+00  1.14350967E+00  1.14423011E+00
   264  1.58400000E+02  1.14423011E+00  1.14352905E+00  1.14423011E+00
   265  1.59000000E+02  1.14423011E+00  1.14354847E+00  1.14423011E+00
   266  1.59600000E+02  1.14423011E+00  1.14356727E+00  1.14423011E+00
   267  1.60200000E+02  1.14423011E+00  1.14358479E+00  1.14423011E+00
   268  1.60800000E+02  1.14423011E+00  1.14360052E+00  1.14423011E+00
   269  1.61400000E+02  1.14423011E+00  1.14361414E+00  1.14423011E+00
   270  1.62000000E+02  1.14423011E+00  1.14362553E+00  1.14423011E+00
   271  1.62600000E+02  1.14423011E+00  1.14363474E+00  1.14423011E+00
   272  1.63200000E+02  1.14423011E+00  1.14364202E+00  1.14423011E+00
   273  1.63800000E+02  1.14423011E+00  1.14364768E+00  1.14423011E+00
   274  1.64400000E+02  1.14423011E+00  1.14365212E+00  1.14423011E+00
   275  1.65000000E+02  1.14423011E+00  1.14365569E+00  1.14423011E+00
   276  1.65600000E+02  1.14423011E+00  1.14365873E+00  1.14423011E+00
   277  1.66200000E+02  1.14423011E+00  1.14366150E+00  1.14423011E+00
   278  1.66800000E+02  1.14423011E+00  1.14366415E+00  1.14423011E+00
   279  1.67400000E+02  1.14423011E+00  1.14366678E+00  1.14423011E+00
   280  1.68000000E+02  1.14423011E+00  1.14366941E+00  1.14423011E+00
 steady-height stop at step    280: changes <=   1.0000E-05, max-end <=   1.0000E-02, max/end/gap/profile_change =   1.14423011E+00  1.14366941E+00  5.60700077E-04  2.62875556E-06


STDERR:
