COMMAND:
/shared/generate_rom_data/extrudate_swell2d_c_cluster

STDOUT:
 comppar: model =   6
 comppar: lambda,mobility/eps,betav,eta_0 =  4.6000E+00  5.0000E-01  3.0000E-01  1.0000E+00
 comppar: eta_s,eta_p,G =  3.0000E-01  7.0000E-01  1.5217E-01
 comppar: U_avg,deltat,flowrate,nsteps =  5.0000E-02  6.0000E-01  1.5708E-01     700
 comppar: geometry = axisymmetric
 comppar: steady stop change,gap,hold,min =  1.0000E-05  1.0000E-02      10      80
 comppar: ncompc,ncompg =     4     5
 mesh nnodes = 5765
 mesh nelem = 2780
 P1 BC   5.0000000000000000     
 P2 BC   0.0000000000000000     
     1  6.00000000E-01  1.00378882E+00  1.00000000E+00  1.00378882E+00
     2  1.20000000E+00  1.00745963E+00  1.00000000E+00  1.00745963E+00
     3  1.80000000E+00  1.01098741E+00  1.00000000E+00  1.01098741E+00
     4  2.40000000E+00  1.01439693E+00  1.00000000E+00  1.01439693E+00
     5  3.00000000E+00  1.01769836E+00  1.00000000E+00  1.01769836E+00
     6  3.60000000E+00  1.02090590E+00  1.00000000E+00  1.02090590E+00
     7  4.20000000E+00  1.02403035E+00  1.00000001E+00  1.02403035E+00
     8  4.80000000E+00  1.02707142E+00  1.00000001E+00  1.02707142E+00
     9  5.40000000E+00  1.03004645E+00  1.00000001E+00  1.03004645E+00
    10  6.00000000E+00  1.03296904E+00  1.00000001E+00  1.03296904E+00
    11  6.60000000E+00  1.03580542E+00  1.00000001E+00  1.03580542E+00
    12  7.20000000E+00  1.03860396E+00  1.00000001E+00  1.03860396E+00
    13  7.80000000E+00  1.04133279E+00  1.00000001E+00  1.04133279E+00
    14  8.40000000E+00  1.04399294E+00  1.00000001E+00  1.04399294E+00
    15  9.00000000E+00  1.04661362E+00  1.00000001E+00  1.04661362E+00
    16  9.60000000E+00  1.04914524E+00  1.00000001E+00  1.04914524E+00
    17  1.02000000E+01  1.05165235E+00  1.00000000E+00  1.05165235E+00
    18  1.08000000E+01  1.05404824E+00  9.99999998E-01  1.05404824E+00
    19  1.14000000E+01  1.05641131E+00  9.99999992E-01  1.05641131E+00
    20  1.20000000E+01  1.05868387E+00  9.99999985E-01  1.05868387E+00
    21  1.26000000E+01  1.06091776E+00  9.99999977E-01  1.06091776E+00
    22  1.32000000E+01  1.06306151E+00  9.99999966E-01  1.06306151E+00
    23  1.38000000E+01  1.06515894E+00  9.99999953E-01  1.06515894E+00
    24  1.44000000E+01  1.06719614E+00  9.99999938E-01  1.06719614E+00
    25  1.50000000E+01  1.06915358E+00  9.99999920E-01  1.06915358E+00
    26  1.56000000E+01  1.07108165E+00  9.99999899E-01  1.07108165E+00
    27  1.62000000E+01  1.07284989E+00  9.99999875E-01  1.07284989E+00
    28  1.68000000E+01  1.07469993E+00  9.99999846E-01  1.07469993E+00
    29  1.74000000E+01  1.07636129E+00  9.99999814E-01  1.07636129E+00
    30  1.80000000E+01  1.07806865E+00  9.99999777E-01  1.07806865E+00
    31  1.86000000E+01  1.07964873E+00  9.99999735E-01  1.07964873E+00
    32  1.92000000E+01  1.08114319E+00  9.99999687E-01  1.08114319E+00
    33  1.98000000E+01  1.08268292E+00  9.99999633E-01  1.08268292E+00
    34  2.04000000E+01  1.08402481E+00  9.99999573E-01  1.08402481E+00
    35  2.10000000E+01  1.08546992E+00  9.99999505E-01  1.08546992E+00
    36  2.16000000E+01  1.08677117E+00  9.99999428E-01  1.08677117E+00
    37  2.22000000E+01  1.08795273E+00  9.99999344E-01  1.08795273E+00
    38  2.28000000E+01  1.08925286E+00  9.99999249E-01  1.08925286E+00
    39  2.34000000E+01  1.09035656E+00  9.99999144E-01  1.09035656E+00
    40  2.40000000E+01  1.09148222E+00  9.99999028E-01  1.09148222E+00
    41  2.46000000E+01  1.09258300E+00  9.99998899E-01  1.09258300E+00
    42  2.52000000E+01  1.09349270E+00  9.99998757E-01  1.09349270E+00
    43  2.58000000E+01  1.09455195E+00  9.99998600E-01  1.09455195E+00
    44  2.64000000E+01  1.09546723E+00  9.99998428E-01  1.09546723E+00
    45  2.70000000E+01  1.09630464E+00  9.99998239E-01  1.09630464E+00
    46  2.76000000E+01  1.09722052E+00  9.99998032E-01  1.09722052E+00
    47  2.82000000E+01  1.09795732E+00  9.99997805E-01  1.09795732E+00
    48  2.88000000E+01  1.09876197E+00  9.99997557E-01  1.09876197E+00
    49  2.94000000E+01  1.09950539E+00  9.99997286E-01  1.09950539E+00
    50  3.00000000E+01  1.10011939E+00  9.99996991E-01  1.10011939E+00
    51  3.06000000E+01  1.10086357E+00  9.99996669E-01  1.10086357E+00
    52  3.12000000E+01  1.10144479E+00  9.99996320E-01  1.10144479E+00
    53  3.18000000E+01  1.10205097E+00  9.99995940E-01  1.10205097E+00
    54  3.24000000E+01  1.10263911E+00  9.99995529E-01  1.10263911E+00
    55  3.30000000E+01  1.10308708E+00  9.99995083E-01  1.10308708E+00
    56  3.36000000E+01  1.10367587E+00  9.99994600E-01  1.10367587E+00
    57  3.42000000E+01  1.10412111E+00  9.99994078E-01  1.10412111E+00
    58  3.48000000E+01  1.10458509E+00  9.99993515E-01  1.10458509E+00
    59  3.54000000E+01  1.10503685E+00  9.99992907E-01  1.10503685E+00
    60  3.60000000E+01  1.10536737E+00  9.99992252E-01  1.10536737E+00
    61  3.66000000E+01  1.10581674E+00  9.99991548E-01  1.10581674E+00
    62  3.72000000E+01  1.10614681E+00  9.99990790E-01  1.10614681E+00
    63  3.78000000E+01  1.10650119E+00  9.99989977E-01  1.10650119E+00
    64  3.84000000E+01  1.10683682E+00  9.99989104E-01  1.10683682E+00
    65  3.90000000E+01  1.10707789E+00  9.99988169E-01  1.10707789E+00
    66  3.96000000E+01  1.10741356E+00  9.99987168E-01  1.10741356E+00
    67  4.02000000E+01  1.10764953E+00  9.99986097E-01  1.10764953E+00
    68  4.08000000E+01  1.10792462E+00  9.99984953E-01  1.10792462E+00
    69  4.14000000E+01  1.10816466E+00  9.99983732E-01  1.10816466E+00
    70  4.20000000E+01  1.10834371E+00  9.99982431E-01  1.10834371E+00
    71  4.26000000E+01  1.10858338E+00  9.99981045E-01  1.10858338E+00
    72  4.32000000E+01  1.10874543E+00  9.99979571E-01  1.10874543E+00
    73  4.38000000E+01  1.10895939E+00  9.99978005E-01  1.10895939E+00
    74  4.44000000E+01  1.10912372E+00  9.99976343E-01  1.10912372E+00
    75  4.50000000E+01  1.10925707E+00  9.99974580E-01  1.10925707E+00
    76  4.56000000E+01  1.10942064E+00  9.99972714E-01  1.10942064E+00
    77  4.62000000E+01  1.10952770E+00  9.99970739E-01  1.10952770E+00
    78  4.68000000E+01  1.10969404E+00  9.99968654E-01  1.10969404E+00
    79  4.74000000E+01  1.10980113E+00  9.99966453E-01  1.10980113E+00
    80  4.80000000E+01  1.10989996E+00  9.99964135E-01  1.10989996E+00
    81  4.86000000E+01  1.11000597E+00  9.99961695E-01  1.11000597E+00
    82  4.92000000E+01  1.11009367E+00  9.99959131E-01  1.11009367E+00
    83  4.98000000E+01  1.11020057E+00  9.99956441E-01  1.11020057E+00
    84  5.04000000E+01  1.11026695E+00  9.99953622E-01  1.11026695E+00
    85  5.10000000E+01  1.11033740E+00  9.99950673E-01  1.11033740E+00
    86  5.16000000E+01  1.11040247E+00  9.99947593E-01  1.11040247E+00
    87  5.22000000E+01  1.11047389E+00  9.99944383E-01  1.11047389E+00
    88  5.28000000E+01  1.11053800E+00  9.99941041E-01  1.11053800E+00
    89  5.34000000E+01  1.11057780E+00  9.99937570E-01  1.11057780E+00
    90  5.40000000E+01  1.11062479E+00  9.99933972E-01  1.11062479E+00
    91  5.46000000E+01  1.11066319E+00  9.99930251E-01  1.11066319E+00
    92  5.52000000E+01  1.11071897E+00  9.99926411E-01  1.11071897E+00
    93  5.58000000E+01  1.11075475E+00  9.99922459E-01  1.11075475E+00
    94  5.64000000E+01  1.11079307E+00  9.99918402E-01  1.11079307E+00
    95  5.70000000E+01  1.11084455E+00  9.99914249E-01  1.11084455E+00
    96  5.76000000E+01  1.11089565E+00  9.99910013E-01  1.11089565E+00
    97  5.82000000E+01  1.11094739E+00  9.99905707E-01  1.11094739E+00
    98  5.88000000E+01  1.11099066E+00  9.99901347E-01  1.11099066E+00
    99  5.94000000E+01  1.11103313E+00  9.99896953E-01  1.11103313E+00
   100  6.00000000E+01  1.11107738E+00  9.99892545E-01  1.11107738E+00
   101  6.06000000E+01  1.11111115E+00  9.99888150E-01  1.11111115E+00
   102  6.12000000E+01  1.11113947E+00  9.99883796E-01  1.11113947E+00
   103  6.18000000E+01  1.11117505E+00  9.99879515E-01  1.11117505E+00
   104  6.24000000E+01  1.11120013E+00  9.99875346E-01  1.11120013E+00
   105  6.30000000E+01  1.11122723E+00  9.99871329E-01  1.11122723E+00
   106  6.36000000E+01  1.11125282E+00  9.99867513E-01  1.11125282E+00
   107  6.42000000E+01  1.11126823E+00  9.99863950E-01  1.11126823E+00
   108  6.48000000E+01  1.11128888E+00  9.99860699E-01  1.11128888E+00
   109  6.54000000E+01  1.11130632E+00  9.99857825E-01  1.11130632E+00
   110  6.60000000E+01  1.11131693E+00  9.99855402E-01  1.11131693E+00
   111  6.66000000E+01  1.11133470E+00  9.99853511E-01  1.11133470E+00
   112  6.72000000E+01  1.11134334E+00  9.99852242E-01  1.11134334E+00
   113  6.78000000E+01  1.11135176E+00  9.99851693E-01  1.11135176E+00
   114  6.84000000E+01  1.11136225E+00  9.99851974E-01  1.11136225E+00
   115  6.90000000E+01  1.11136528E+00  9.99853206E-01  1.11136528E+00
   116  6.96000000E+01  1.11137411E+00  9.99855520E-01  1.11137411E+00
   117  7.02000000E+01  1.11137701E+00  9.99859060E-01  1.11137701E+00
   118  7.08000000E+01  1.11137917E+00  9.99863987E-01  1.11137917E+00
   119  7.14000000E+01  1.11138359E+00  9.99870471E-01  1.11138359E+00
   120  7.20000000E+01  1.11138217E+00  9.99878703E-01  1.11138217E+00
   121  7.26000000E+01  1.11138471E+00  9.99888889E-01  1.11138471E+00
   122  7.32000000E+01  1.11138305E+00  9.99901253E-01  1.11138305E+00
   123  7.38000000E+01  1.11138257E+00  9.99916038E-01  1.11138257E+00
   124  7.44000000E+01  1.11138202E+00  9.99933510E-01  1.11138202E+00
   125  7.50000000E+01  1.11137734E+00  9.99953956E-01  1.11137734E+00
   126  7.56000000E+01  1.11137661E+00  9.99977689E-01  1.11137661E+00
   127  7.62000000E+01  1.11137158E+00  1.00000504E+00  1.11137158E+00
   128  7.68000000E+01  1.11137050E+00  1.00003639E+00  1.11137050E+00
   129  7.74000000E+01  1.11136617E+00  1.00007212E+00  1.11136617E+00
   130  7.80000000E+01  1.11136644E+00  1.00011266E+00  1.11136644E+00
   131  7.86000000E+01  1.11136803E+00  1.00015846E+00  1.11136803E+00
   132  7.92000000E+01  1.11136908E+00  1.00021003E+00  1.11136908E+00
   133  7.98000000E+01  1.11136961E+00  1.00026789E+00  1.11136961E+00
   134  8.04000000E+01  1.11136972E+00  1.00033261E+00  1.11136972E+00
   135  8.10000000E+01  1.11136968E+00  1.00040480E+00  1.11136968E+00
   136  8.16000000E+01  1.11136977E+00  1.00048513E+00  1.11136977E+00
   137  8.22000000E+01  1.11136957E+00  1.00057428E+00  1.11136957E+00
   138  8.28000000E+01  1.11136923E+00  1.00067302E+00  1.11136923E+00
   139  8.34000000E+01  1.11136885E+00  1.00078214E+00  1.11136885E+00
   140  8.40000000E+01  1.11136852E+00  1.00090250E+00  1.11136852E+00
   141  8.46000000E+01  1.11136825E+00  1.00103501E+00  1.11136825E+00
   142  8.52000000E+01  1.11136805E+00  1.00118065E+00  1.11136805E+00
   143  8.58000000E+01  1.11136789E+00  1.00134046E+00  1.11136789E+00
   144  8.64000000E+01  1.11136774E+00  1.00151552E+00  1.11136774E+00
   145  8.70000000E+01  1.11136758E+00  1.00170701E+00  1.11136758E+00
   146  8.76000000E+01  1.11136739E+00  1.00191616E+00  1.11136739E+00
   147  8.82000000E+01  1.11136718E+00  1.00214429E+00  1.11136718E+00
   148  8.88000000E+01  1.11136693E+00  1.00239278E+00  1.11136693E+00
   149  8.94000000E+01  1.11136667E+00  1.00266309E+00  1.11136667E+00
   150  9.00000000E+01  1.11136640E+00  1.00295676E+00  1.11136640E+00
   151  9.06000000E+01  1.11136613E+00  1.00327541E+00  1.11136613E+00
   152  9.12000000E+01  1.11136586E+00  1.00362074E+00  1.11136586E+00
   153  9.18000000E+01  1.11136560E+00  1.00399453E+00  1.11136560E+00
   154  9.24000000E+01  1.11136536E+00  1.00439865E+00  1.11136536E+00
   155  9.30000000E+01  1.11136513E+00  1.00483504E+00  1.11136513E+00
   156  9.36000000E+01  1.11136491E+00  1.00530574E+00  1.11136491E+00
   157  9.42000000E+01  1.11136470E+00  1.00581285E+00  1.11136470E+00
   158  9.48000000E+01  1.11136451E+00  1.00635857E+00  1.11136451E+00
   159  9.54000000E+01  1.11136432E+00  1.00694515E+00  1.11136432E+00
   160  9.60000000E+01  1.11136415E+00  1.00757493E+00  1.11136415E+00
   161  9.66000000E+01  1.11136399E+00  1.00825031E+00  1.11136399E+00
   162  9.72000000E+01  1.11136383E+00  1.00897375E+00  1.11136383E+00
   163  9.78000000E+01  1.11136369E+00  1.00974776E+00  1.11136369E+00
   164  9.84000000E+01  1.11136356E+00  1.01057488E+00  1.11136356E+00
   165  9.90000000E+01  1.11136344E+00  1.01145770E+00  1.11136344E+00
   166  9.96000000E+01  1.11136333E+00  1.01239879E+00  1.11136333E+00
   167  1.00200000E+02  1.11136322E+00  1.01340076E+00  1.11136322E+00
   168  1.00800000E+02  1.11136313E+00  1.01446616E+00  1.11136313E+00
   169  1.01400000E+02  1.11136304E+00  1.01559754E+00  1.11136304E+00
   170  1.02000000E+02  1.11136296E+00  1.01679734E+00  1.11136296E+00
   171  1.02600000E+02  1.11136289E+00  1.01806796E+00  1.11136289E+00
   172  1.03200000E+02  1.11136282E+00  1.01941164E+00  1.11136282E+00
   173  1.03800000E+02  1.11136276E+00  1.02083050E+00  1.11136276E+00
   174  1.04400000E+02  1.11136271E+00  1.02232648E+00  1.11136271E+00
   175  1.05000000E+02  1.11136266E+00  1.02390129E+00  1.11136266E+00
   176  1.05600000E+02  1.11136261E+00  1.02555641E+00  1.11136261E+00
   177  1.06200000E+02  1.11136257E+00  1.02729301E+00  1.11136257E+00
   178  1.06800000E+02  1.11136253E+00  1.02911193E+00  1.11136253E+00
   179  1.07400000E+02  1.11136250E+00  1.03101367E+00  1.11136250E+00
   180  1.08000000E+02  1.11136247E+00  1.03299828E+00  1.11136247E+00
   181  1.08600000E+02  1.11136244E+00  1.03506535E+00  1.11136244E+00
   182  1.09200000E+02  1.11136242E+00  1.03721398E+00  1.11136242E+00
   183  1.09800000E+02  1.11136240E+00  1.03944269E+00  1.11136240E+00
   184  1.10400000E+02  1.11136238E+00  1.04174944E+00  1.11136238E+00
   185  1.11000000E+02  1.11136237E+00  1.04413149E+00  1.11136237E+00
   186  1.11600000E+02  1.11136236E+00  1.04658548E+00  1.11136236E+00
   187  1.12200000E+02  1.11136234E+00  1.04910727E+00  1.11136234E+00
   188  1.12800000E+02  1.11136233E+00  1.05169200E+00  1.11136233E+00
   189  1.13400000E+02  1.11136232E+00  1.05433401E+00  1.11136232E+00
   190  1.14000000E+02  1.11136231E+00  1.05702685E+00  1.11136231E+00
   191  1.14600000E+02  1.11136231E+00  1.05976325E+00  1.11136231E+00
   192  1.15200000E+02  1.11136230E+00  1.06253512E+00  1.11136230E+00
   193  1.15800000E+02  1.11136229E+00  1.06533357E+00  1.11136229E+00
   194  1.16400000E+02  1.11136229E+00  1.06814892E+00  1.11136229E+00
   195  1.17000000E+02  1.11136228E+00  1.07097071E+00  1.11136228E+00
   196  1.17600000E+02  1.11136228E+00  1.07378779E+00  1.11136228E+00
   197  1.18200000E+02  1.11136227E+00  1.07658836E+00  1.11136227E+00
   198  1.18800000E+02  1.11137135E+00  1.07936001E+00  1.11137135E+00
   199  1.19400000E+02  1.11136227E+00  1.08208988E+00  1.11136227E+00
   200  1.20000000E+02  1.11137442E+00  1.08476472E+00  1.11137442E+00
   201  1.20600000E+02  1.11138174E+00  1.08737103E+00  1.11138174E+00
   202  1.21200000E+02  1.11139798E+00  1.08989525E+00  1.11139798E+00
   203  1.21800000E+02  1.11138386E+00  1.09232393E+00  1.11138386E+00
   204  1.22400000E+02  1.11140110E+00  1.09464391E+00  1.11140110E+00
   205  1.23000000E+02  1.11140406E+00  1.09684259E+00  1.11140406E+00
   206  1.23600000E+02  1.11142440E+00  1.09890817E+00  1.11142440E+00
   207  1.24200000E+02  1.11140612E+00  1.10082996E+00  1.11140612E+00
   208  1.24800000E+02  1.11142755E+00  1.10259864E+00  1.11142755E+00
   209  1.25400000E+02  1.11142589E+00  1.10420658E+00  1.11142589E+00
   210  1.26000000E+02  1.11145056E+00  1.10564817E+00  1.11145056E+00
   211  1.26600000E+02  1.11142785E+00  1.10692007E+00  1.11142785E+00
   212  1.27200000E+02  1.11145370E+00  1.10802148E+00  1.11145370E+00
   213  1.27800000E+02  1.11144719E+00  1.10895432E+00  1.11144719E+00
   214  1.28400000E+02  1.11147641E+00  1.10972341E+00  1.11147641E+00
   215  1.29000000E+02  1.11144906E+00  1.11033641E+00  1.11144906E+00
   216  1.29600000E+02  1.11147961E+00  1.11080382E+00  1.11147961E+00
   217  1.30200000E+02  1.11146822E+00  1.11113875E+00  1.11146822E+00
   218  1.30800000E+02  1.11150228E+00  1.11135654E+00  1.11150228E+00
   219  1.31400000E+02  1.11147437E+00  1.11147434E+00  1.11147437E+00
   220  1.32000000E+02  1.11151048E+00  1.11151048E+00  1.11151048E+00
   221  1.32600000E+02  1.11148381E+00  1.11148381E+00  1.11148381E+00
   222  1.33200000E+02  1.11141294E+00  1.11141294E+00  1.11141294E+00
   223  1.33800000E+02  1.11136224E+00  1.11131549E+00  1.11136224E+00
   224  1.34400000E+02  1.11136224E+00  1.11120732E+00  1.11136224E+00
   225  1.35000000E+02  1.11136223E+00  1.11110199E+00  1.11136223E+00
   226  1.35600000E+02  1.11136223E+00  1.11101016E+00  1.11136223E+00
   227  1.36200000E+02  1.11136223E+00  1.11093939E+00  1.11136223E+00
   228  1.36800000E+02  1.11136223E+00  1.11089395E+00  1.11136223E+00
   229  1.37400000E+02  1.11136223E+00  1.11087503E+00  1.11136223E+00
   230  1.38000000E+02  1.11136223E+00  1.11088104E+00  1.11136223E+00
   231  1.38600000E+02  1.11136223E+00  1.11090817E+00  1.11136223E+00
   232  1.39200000E+02  1.11136223E+00  1.11095104E+00  1.11136223E+00
   233  1.39800000E+02  1.11136223E+00  1.11100341E+00  1.11136223E+00
   234  1.40400000E+02  1.11136223E+00  1.11105896E+00  1.11136223E+00
   235  1.41000000E+02  1.11136223E+00  1.11111191E+00  1.11136223E+00
   236  1.41600000E+02  1.11136223E+00  1.11115756E+00  1.11136223E+00
   237  1.42200000E+02  1.11136223E+00  1.11119265E+00  1.11136223E+00
   238  1.42800000E+02  1.11136223E+00  1.11121554E+00  1.11136223E+00
   239  1.43400000E+02  1.11136223E+00  1.11122610E+00  1.11136223E+00
   240  1.44000000E+02  1.11136223E+00  1.11122559E+00  1.11136223E+00
   241  1.44600000E+02  1.11136223E+00  1.11121626E+00  1.11136223E+00
   242  1.45200000E+02  1.11136223E+00  1.11120098E+00  1.11136223E+00
   243  1.45800000E+02  1.11136223E+00  1.11118276E+00  1.11136223E+00
   244  1.46400000E+02  1.11136223E+00  1.11116444E+00  1.11136223E+00
   245  1.47000000E+02  1.11136223E+00  1.11114828E+00  1.11136223E+00
   246  1.47600000E+02  1.11136223E+00  1.11113588E+00  1.11136223E+00
   247  1.48200000E+02  1.11136223E+00  1.11112803E+00  1.11136223E+00
   248  1.48800000E+02  1.11136223E+00  1.11112475E+00  1.11136223E+00
   249  1.49400000E+02  1.11136223E+00  1.11112549E+00  1.11136223E+00
   250  1.50000000E+02  1.11136223E+00  1.11112926E+00  1.11136223E+00
   251  1.50600000E+02  1.11136223E+00  1.11113487E+00  1.11136223E+00
   252  1.51200000E+02  1.11136223E+00  1.11114111E+00  1.11136223E+00
   253  1.51800000E+02  1.11136223E+00  1.11114697E+00  1.11136223E+00
   254  1.52400000E+02  1.11136223E+00  1.11115170E+00  1.11136223E+00
   255  1.53000000E+02  1.11136223E+00  1.11115487E+00  1.11136223E+00
   256  1.53600000E+02  1.11136223E+00  1.11115637E+00  1.11136223E+00
 steady-height stop at step    256: changes <=   1.0000E-05, max-end <=   1.0000E-02, max/end/gap/profile_change =   1.11136223E+00  1.11115637E+00  2.05859711E-04  2.16395815E-06


STDERR:
