COMMAND:
/shared/generate_rom_data/extrudate_swell2d_c_cluster

STDOUT:
 comppar: model =   6
 comppar: lambda,mobility/eps,betav,eta_0 =  1.0000E+00  5.0000E-01  9.0000E-01  1.0000E+00
 comppar: eta_s,eta_p,G =  9.0000E-01  1.0000E-01  1.0000E-01
 comppar: U_avg,deltat,flowrate,nsteps =  5.0000E-02  6.0000E-01  1.5708E-01     700
 comppar: geometry = axisymmetric
 comppar: steady stop change,gap,hold,min =  1.0000E-05  1.0000E-02      10      80
 comppar: ncompc,ncompg =     4     5
 mesh nnodes = 5765
 mesh nelem = 2780
 P1 BC   5.0000000000000000     
 P2 BC   0.0000000000000000     
     1  6.00000000E-01  1.00379480E+00  1.00000000E+00  1.00379480E+00
     2  1.20000000E+00  1.00750568E+00  1.00000000E+00  1.00750568E+00
     3  1.80000000E+00  1.01112892E+00  1.00000000E+00  1.01112892E+00
     4  2.40000000E+00  1.01466959E+00  1.00000000E+00  1.01466959E+00
     5  3.00000000E+00  1.01813444E+00  1.00000000E+00  1.01813444E+00
     6  3.60000000E+00  1.02151916E+00  1.00000000E+00  1.02151916E+00
     7  4.20000000E+00  1.02484056E+00  1.00000000E+00  1.02484056E+00
     8  4.80000000E+00  1.02809218E+00  1.00000000E+00  1.02809218E+00
     9  5.40000000E+00  1.03126637E+00  1.00000000E+00  1.03126637E+00
    10  6.00000000E+00  1.03436325E+00  1.00000000E+00  1.03436325E+00
    11  6.60000000E+00  1.03741898E+00  1.00000000E+00  1.03741898E+00
    12  7.20000000E+00  1.04038892E+00  1.00000000E+00  1.04038892E+00
    13  7.80000000E+00  1.04329114E+00  1.00000000E+00  1.04329114E+00
    14  8.40000000E+00  1.04615095E+00  9.99999999E-01  1.04615095E+00
    15  9.00000000E+00  1.04890152E+00  9.99999996E-01  1.04890152E+00
    16  9.60000000E+00  1.05164756E+00  9.99999991E-01  1.05164756E+00
    17  1.02000000E+01  1.05428880E+00  9.99999986E-01  1.05428880E+00
    18  1.08000000E+01  1.05689658E+00  9.99999978E-01  1.05689658E+00
    19  1.14000000E+01  1.05940942E+00  9.99999970E-01  1.05940942E+00
    20  1.20000000E+01  1.06189825E+00  9.99999959E-01  1.06189825E+00
    21  1.26000000E+01  1.06429320E+00  9.99999946E-01  1.06429320E+00
    22  1.32000000E+01  1.06666314E+00  9.99999930E-01  1.06666314E+00
    23  1.38000000E+01  1.06891250E+00  9.99999912E-01  1.06891250E+00
    24  1.44000000E+01  1.07118876E+00  9.99999891E-01  1.07118876E+00
    25  1.50000000E+01  1.07330353E+00  9.99999866E-01  1.07330353E+00
    26  1.56000000E+01  1.07548455E+00  9.99999838E-01  1.07548455E+00
    27  1.62000000E+01  1.07750417E+00  9.99999805E-01  1.07750417E+00
    28  1.68000000E+01  1.07952674E+00  9.99999768E-01  1.07952674E+00
    29  1.74000000E+01  1.08148342E+00  9.99999726E-01  1.08148342E+00
    30  1.80000000E+01  1.08333563E+00  9.99999678E-01  1.08333563E+00
    31  1.86000000E+01  1.08522955E+00  9.99999624E-01  1.08522955E+00
    32  1.92000000E+01  1.08695269E+00  9.99999563E-01  1.08695269E+00
    33  1.98000000E+01  1.08871016E+00  9.99999495E-01  1.08871016E+00
    34  2.04000000E+01  1.09040847E+00  9.99999419E-01  1.09040847E+00
    35  2.10000000E+01  1.09194451E+00  9.99999334E-01  1.09194451E+00
    36  2.16000000E+01  1.09361724E+00  9.99999240E-01  1.09361724E+00
    37  2.22000000E+01  1.09511698E+00  9.99999136E-01  1.09511698E+00
    38  2.28000000E+01  1.09653193E+00  9.99999020E-01  1.09653193E+00
    39  2.34000000E+01  1.09804166E+00  9.99998892E-01  1.09804166E+00
    40  2.40000000E+01  1.09937780E+00  9.99998752E-01  1.09937780E+00
    41  2.46000000E+01  1.10070043E+00  9.99998597E-01  1.10070043E+00
    42  2.52000000E+01  1.10204589E+00  9.99998427E-01  1.10204589E+00
    43  2.58000000E+01  1.10321852E+00  9.99998241E-01  1.10321852E+00
    44  2.64000000E+01  1.10444018E+00  9.99998037E-01  1.10444018E+00
    45  2.70000000E+01  1.10562758E+00  9.99997814E-01  1.10562758E+00
    46  2.76000000E+01  1.10664542E+00  9.99997571E-01  1.10664542E+00
    47  2.82000000E+01  1.10779821E+00  9.99997305E-01  1.10779821E+00
    48  2.88000000E+01  1.10882855E+00  9.99997017E-01  1.10882855E+00
    49  2.94000000E+01  1.10973284E+00  9.99996703E-01  1.10973284E+00
    50  3.00000000E+01  1.11077794E+00  9.99996363E-01  1.11077794E+00
    51  3.06000000E+01  1.11165882E+00  9.99995994E-01  1.11165882E+00
    52  3.12000000E+01  1.11252202E+00  9.99995594E-01  1.11252202E+00
    53  3.18000000E+01  1.11341478E+00  9.99995162E-01  1.11341478E+00
    54  3.24000000E+01  1.11415015E+00  9.99994695E-01  1.11415015E+00
    55  3.30000000E+01  1.11497348E+00  9.99994191E-01  1.11497348E+00
    56  3.36000000E+01  1.11572348E+00  9.99993648E-01  1.11572348E+00
    57  3.42000000E+01  1.11635728E+00  9.99993063E-01  1.11635728E+00
    58  3.48000000E+01  1.11711855E+00  9.99992433E-01  1.11711855E+00
    59  3.54000000E+01  1.11773116E+00  9.99991757E-01  1.11773116E+00
    60  3.60000000E+01  1.11835263E+00  9.99991030E-01  1.11835263E+00
    61  3.66000000E+01  1.11897929E+00  9.99990252E-01  1.11897929E+00
    62  3.72000000E+01  1.11946853E+00  9.99989417E-01  1.11946853E+00
    63  3.78000000E+01  1.12007526E+00  9.99988524E-01  1.12007526E+00
    64  3.84000000E+01  1.12057405E+00  9.99987569E-01  1.12057405E+00
    65  3.90000000E+01  1.12104063E+00  9.99986549E-01  1.12104063E+00
    66  3.96000000E+01  1.12155270E+00  9.99985461E-01  1.12155270E+00
    67  4.02000000E+01  1.12193901E+00  9.99984300E-01  1.12193901E+00
    68  4.08000000E+01  1.12240302E+00  9.99983064E-01  1.12240302E+00
    69  4.14000000E+01  1.12279792E+00  9.99981750E-01  1.12279792E+00
    70  4.20000000E+01  1.12315084E+00  9.99980352E-01  1.12315084E+00
    71  4.26000000E+01  1.12355808E+00  9.99978869E-01  1.12355808E+00
    72  4.32000000E+01  1.12385222E+00  9.99977295E-01  1.12385222E+00
    73  4.38000000E+01  1.12420972E+00  9.99975628E-01  1.12420972E+00
    74  4.44000000E+01  1.12451144E+00  9.99973864E-01  1.12451144E+00
    75  4.50000000E+01  1.12478333E+00  9.99971999E-01  1.12478333E+00
    76  4.56000000E+01  1.12509624E+00  9.99970029E-01  1.12509624E+00
    77  4.62000000E+01  1.12530941E+00  9.99967951E-01  1.12530941E+00
    78  4.68000000E+01  1.12558919E+00  9.99965762E-01  1.12558919E+00
    79  4.74000000E+01  1.12580888E+00  9.99963459E-01  1.12580888E+00
    80  4.80000000E+01  1.12602491E+00  9.99961038E-01  1.12602491E+00
    81  4.86000000E+01  1.12625443E+00  9.99958497E-01  1.12625443E+00
    82  4.92000000E+01  1.12639798E+00  9.99955834E-01  1.12639798E+00
    83  4.98000000E+01  1.12662227E+00  9.99953046E-01  1.12662227E+00
    84  5.04000000E+01  1.12677124E+00  9.99950132E-01  1.12677124E+00
    85  5.10000000E+01  1.12695056E+00  9.99947091E-01  1.12695056E+00
    86  5.16000000E+01  1.12710784E+00  9.99943921E-01  1.12710784E+00
    87  5.22000000E+01  1.12721511E+00  9.99940624E-01  1.12721511E+00
    88  5.28000000E+01  1.12737833E+00  9.99937201E-01  1.12737833E+00
    89  5.34000000E+01  1.12746779E+00  9.99933652E-01  1.12746779E+00
    90  5.40000000E+01  1.12762381E+00  9.99929981E-01  1.12762381E+00
    91  5.46000000E+01  1.12771992E+00  9.99926191E-01  1.12771992E+00
    92  5.52000000E+01  1.12781471E+00  9.99922288E-01  1.12781471E+00
    93  5.58000000E+01  1.12791564E+00  9.99918278E-01  1.12791564E+00
    94  5.64000000E+01  1.12798990E+00  9.99914168E-01  1.12798990E+00
    95  5.70000000E+01  1.12809812E+00  9.99909969E-01  1.12809812E+00
    96  5.76000000E+01  1.12814387E+00  9.99905692E-01  1.12814387E+00
    97  5.82000000E+01  1.12823337E+00  9.99901350E-01  1.12823337E+00
    98  5.88000000E+01  1.12828281E+00  9.99896959E-01  1.12828281E+00
    99  5.94000000E+01  1.12836287E+00  9.99892538E-01  1.12836287E+00
   100  6.00000000E+01  1.12841791E+00  9.99888108E-01  1.12841791E+00
   101  6.06000000E+01  1.12845259E+00  9.99883692E-01  1.12845259E+00
   102  6.12000000E+01  1.12851178E+00  9.99879319E-01  1.12851178E+00
   103  6.18000000E+01  1.12854218E+00  9.99875019E-01  1.12854218E+00
   104  6.24000000E+01  1.12860760E+00  9.99870828E-01  1.12860760E+00
   105  6.30000000E+01  1.12861976E+00  9.99866785E-01  1.12861976E+00
   106  6.36000000E+01  1.12866803E+00  9.99862935E-01  1.12866803E+00
   107  6.42000000E+01  1.12868322E+00  9.99859328E-01  1.12868322E+00
   108  6.48000000E+01  1.12873480E+00  9.99856017E-01  1.12873480E+00
   109  6.54000000E+01  1.12875449E+00  9.99853065E-01  1.12875449E+00
   110  6.60000000E+01  1.12877077E+00  9.99850540E-01  1.12877077E+00
   111  6.66000000E+01  1.12879395E+00  9.99848517E-01  1.12879395E+00
   112  6.72000000E+01  1.12881631E+00  9.99847078E-01  1.12881631E+00
   113  6.78000000E+01  1.12884460E+00  9.99846315E-01  1.12884460E+00
   114  6.84000000E+01  1.12883470E+00  9.99846329E-01  1.12883470E+00
   115  6.90000000E+01  1.12886692E+00  9.99847229E-01  1.12886692E+00
   116  6.96000000E+01  1.12886491E+00  9.99849136E-01  1.12886491E+00
   117  7.02000000E+01  1.12890284E+00  9.99852182E-01  1.12890284E+00
   118  7.08000000E+01  1.12889240E+00  9.99856512E-01  1.12889240E+00
   119  7.14000000E+01  1.12891314E+00  9.99862283E-01  1.12891314E+00
   120  7.20000000E+01  1.12890548E+00  9.99869666E-01  1.12890548E+00
   121  7.26000000E+01  1.12893873E+00  9.99878849E-01  1.12893873E+00
   122  7.32000000E+01  1.12893506E+00  9.99890033E-01  1.12893506E+00
   123  7.38000000E+01  1.12894081E+00  9.99903439E-01  1.12894081E+00
   124  7.44000000E+01  1.12894033E+00  9.99919306E-01  1.12894033E+00
   125  7.50000000E+01  1.12895918E+00  9.99937892E-01  1.12895918E+00
   126  7.56000000E+01  1.12896328E+00  9.99959476E-01  1.12896328E+00
   127  7.62000000E+01  1.12895574E+00  9.99984361E-01  1.12895574E+00
   128  7.68000000E+01  1.12896344E+00  1.00001287E+00  1.12896344E+00
   129  7.74000000E+01  1.12896916E+00  1.00004536E+00  1.12896916E+00
   130  7.80000000E+01  1.12898201E+00  1.00008220E+00  1.12898201E+00
   131  7.86000000E+01  1.12896210E+00  1.00012381E+00  1.12896210E+00
   132  7.92000000E+01  1.12897897E+00  1.00017062E+00  1.12897897E+00
   133  7.98000000E+01  1.12897212E+00  1.00022310E+00  1.12897212E+00
   134  8.04000000E+01  1.12899470E+00  1.00028175E+00  1.12899470E+00
   135  8.10000000E+01  1.12896976E+00  1.00034712E+00  1.12896976E+00
   136  8.16000000E+01  1.12898973E+00  1.00041979E+00  1.12898973E+00
   137  8.22000000E+01  1.12897034E+00  1.00050036E+00  1.12897034E+00
   138  8.28000000E+01  1.12900360E+00  1.00058952E+00  1.12900360E+00
   139  8.34000000E+01  1.12898552E+00  1.00068795E+00  1.12898552E+00
   140  8.40000000E+01  1.12899753E+00  1.00079642E+00  1.12899753E+00
   141  8.46000000E+01  1.12898269E+00  1.00091573E+00  1.12898269E+00
   142  8.52000000E+01  1.12901017E+00  1.00104673E+00  1.12901017E+00
   143  8.58000000E+01  1.12899988E+00  1.00119033E+00  1.12899988E+00
   144  8.64000000E+01  1.12900351E+00  1.00134749E+00  1.12900351E+00
   145  8.70000000E+01  1.12899685E+00  1.00151925E+00  1.12899685E+00
   146  8.76000000E+01  1.12901526E+00  1.00170667E+00  1.12901526E+00
   147  8.82000000E+01  1.12901369E+00  1.00191092E+00  1.12901369E+00
   148  8.88000000E+01  1.12900826E+00  1.00213320E+00  1.12900826E+00
   149  8.94000000E+01  1.12901071E+00  1.00237479E+00  1.12901071E+00
   150  9.00000000E+01  1.12901925E+00  1.00263705E+00  1.12901925E+00
   151  9.06000000E+01  1.12902732E+00  1.00292139E+00  1.12902732E+00
   152  9.12000000E+01  1.12901201E+00  1.00322931E+00  1.12901201E+00
   153  9.18000000E+01  1.12902449E+00  1.00356238E+00  1.12902449E+00
   154  9.24000000E+01  1.12902226E+00  1.00392224E+00  1.12902226E+00
   155  9.30000000E+01  1.12904087E+00  1.00431061E+00  1.12904087E+00
   156  9.36000000E+01  1.12901475E+00  1.00472930E+00  1.12901475E+00
   157  9.42000000E+01  1.12903816E+00  1.00518017E+00  1.12903816E+00
   158  9.48000000E+01  1.12902419E+00  1.00566517E+00  1.12902419E+00
   159  9.54000000E+01  1.12905423E+00  1.00618633E+00  1.12905423E+00
   160  9.60000000E+01  1.12903020E+00  1.00674575E+00  1.12903020E+00
   161  9.66000000E+01  1.12905155E+00  1.00734558E+00  1.12905155E+00
   162  9.72000000E+01  1.12903112E+00  1.00798807E+00  1.12903112E+00
   163  9.78000000E+01  1.12906716E+00  1.00867550E+00  1.12906716E+00
   164  9.84000000E+01  1.12905171E+00  1.00941022E+00  1.12905171E+00
   165  9.90000000E+01  1.12906437E+00  1.01019462E+00  1.12906437E+00
   166  9.96000000E+01  1.12905290E+00  1.01103115E+00  1.12905290E+00
   167  1.00200000E+02  1.12907935E+00  1.01192226E+00  1.12907935E+00
   168  1.00800000E+02  1.12907336E+00  1.01287045E+00  1.12907336E+00
   169  1.01400000E+02  1.12907630E+00  1.01387820E+00  1.12907630E+00
   170  1.02000000E+02  1.12907466E+00  1.01494799E+00  1.12907466E+00
   171  1.02600000E+02  1.12909047E+00  1.01608229E+00  1.12909047E+00
   172  1.03200000E+02  1.12909480E+00  1.01728350E+00  1.12909480E+00
   173  1.03800000E+02  1.12908698E+00  1.01855398E+00  1.12908698E+00
   174  1.04400000E+02  1.12909603E+00  1.01989598E+00  1.12909603E+00
   175  1.05000000E+02  1.12910015E+00  1.02131166E+00  1.12910015E+00
   176  1.05600000E+02  1.12911565E+00  1.02280304E+00  1.12911565E+00
   177  1.06200000E+02  1.12909606E+00  1.02437197E+00  1.12909606E+00
   178  1.06800000E+02  1.12911665E+00  1.02602009E+00  1.12911665E+00
   179  1.07400000E+02  1.12910805E+00  1.02774885E+00  1.12910805E+00
   180  1.08000000E+02  1.12913556E+00  1.02955941E+00  1.12913556E+00
   181  1.08600000E+02  1.12910657E+00  1.03145264E+00  1.12910657E+00
   182  1.09200000E+02  1.12913615E+00  1.03342909E+00  1.12913615E+00
   183  1.09800000E+02  1.12911382E+00  1.03548893E+00  1.12911382E+00
   184  1.10400000E+02  1.12915416E+00  1.03763196E+00  1.12915416E+00
   185  1.11000000E+02  1.12913440E+00  1.03985750E+00  1.12913440E+00
   186  1.11600000E+02  1.12915419E+00  1.04216443E+00  1.12915419E+00
   187  1.12200000E+02  1.12913869E+00  1.04455110E+00  1.12913869E+00
   188  1.12800000E+02  1.12917113E+00  1.04701536E+00  1.12917113E+00
   189  1.13400000E+02  1.12916143E+00  1.04955447E+00  1.12916143E+00
   190  1.14000000E+02  1.12917045E+00  1.05216509E+00  1.12917045E+00
   191  1.14600000E+02  1.12916537E+00  1.05484329E+00  1.12916537E+00
   192  1.15200000E+02  1.12918615E+00  1.05758451E+00  1.12918615E+00
   193  1.15800000E+02  1.12918734E+00  1.06038353E+00  1.12918734E+00
   194  1.16400000E+02  1.12918462E+00  1.06323450E+00  1.12918462E+00
   195  1.17000000E+02  1.12919079E+00  1.06613093E+00  1.12919079E+00
   196  1.17600000E+02  1.12919895E+00  1.06906568E+00  1.12919895E+00
   197  1.18200000E+02  1.12921183E+00  1.07203100E+00  1.12921183E+00
   198  1.18800000E+02  1.12919644E+00  1.07501854E+00  1.12919644E+00
   199  1.19400000E+02  1.12921465E+00  1.07801939E+00  1.12921465E+00
   200  1.20000000E+02  1.12920926E+00  1.08102409E+00  1.12920926E+00
   201  1.20600000E+02  1.12923462E+00  1.08402274E+00  1.12923462E+00
   202  1.21200000E+02  1.12920565E+00  1.08700501E+00  1.12920565E+00
   203  1.21800000E+02  1.12923670E+00  1.08996020E+00  1.12923670E+00
   204  1.22400000E+02  1.12921683E+00  1.09287737E+00  1.12921683E+00
   205  1.23000000E+02  1.12925546E+00  1.09574538E+00  1.12925546E+00
   206  1.23600000E+02  1.12923196E+00  1.09855297E+00  1.12923196E+00
   207  1.24200000E+02  1.12925668E+00  1.10128892E+00  1.12925668E+00
   208  1.24800000E+02  1.12923769E+00  1.10394212E+00  1.12923769E+00
   209  1.25400000E+02  1.12927411E+00  1.10650168E+00  1.12927411E+00
   210  1.26000000E+02  1.12926118E+00  1.10895711E+00  1.12926118E+00
   211  1.26600000E+02  1.12927437E+00  1.11129841E+00  1.12927437E+00
   212  1.27200000E+02  1.12926631E+00  1.11351622E+00  1.12926631E+00
   213  1.27800000E+02  1.12929036E+00  1.11560199E+00  1.12929036E+00
   214  1.28400000E+02  1.12928879E+00  1.11754814E+00  1.12928879E+00
   215  1.29000000E+02  1.12928955E+00  1.11934819E+00  1.12928955E+00
   216  1.29600000E+02  1.12929319E+00  1.12099695E+00  1.12929319E+00
   217  1.30200000E+02  1.12930398E+00  1.12249066E+00  1.12930398E+00
   218  1.30800000E+02  1.12931455E+00  1.12382715E+00  1.12931455E+00
   219  1.31400000E+02  1.12930201E+00  1.12500596E+00  1.12930201E+00
   220  1.32000000E+02  1.12931814E+00  1.12602845E+00  1.12931814E+00
   221  1.32600000E+02  1.12931480E+00  1.12689790E+00  1.12931480E+00
   222  1.33200000E+02  1.12933828E+00  1.12761952E+00  1.12933828E+00
   223  1.33800000E+02  1.12931164E+00  1.12820044E+00  1.12931164E+00
   224  1.34400000E+02  1.12934107E+00  1.12864969E+00  1.12934107E+00
   225  1.35000000E+02  1.12932289E+00  1.12897801E+00  1.12932289E+00
   226  1.35600000E+02  1.12936008E+00  1.12919767E+00  1.12936008E+00
   227  1.36200000E+02  1.12933329E+00  1.12932225E+00  1.12933329E+00
   228  1.36800000E+02  1.12936623E+00  1.12936623E+00  1.12936623E+00
   229  1.37400000E+02  1.12934465E+00  1.12934465E+00  1.12934465E+00
   230  1.38000000E+02  1.12927267E+00  1.12927267E+00  1.12927267E+00
   231  1.38600000E+02  1.12916511E+00  1.12916511E+00  1.12916511E+00
   232  1.39200000E+02  1.12903595E+00  1.12903595E+00  1.12903595E+00
   233  1.39800000E+02  1.12889794E+00  1.12889794E+00  1.12889794E+00
   234  1.40400000E+02  1.12877503E+00  1.12876218E+00  1.12877503E+00
   235  1.41000000E+02  1.12877503E+00  1.12863779E+00  1.12877503E+00
   236  1.41600000E+02  1.12877503E+00  1.12853170E+00  1.12877503E+00
   237  1.42200000E+02  1.12877503E+00  1.12844856E+00  1.12877503E+00
   238  1.42800000E+02  1.12877503E+00  1.12839072E+00  1.12877503E+00
   239  1.43400000E+02  1.12877503E+00  1.12835840E+00  1.12877503E+00
   240  1.44000000E+02  1.12877503E+00  1.12834997E+00  1.12877503E+00
   241  1.44600000E+02  1.12877503E+00  1.12836224E+00  1.12877503E+00
   242  1.45200000E+02  1.12877503E+00  1.12839096E+00  1.12877503E+00
   243  1.45800000E+02  1.12877503E+00  1.12843124E+00  1.12877503E+00
   244  1.46400000E+02  1.12877503E+00  1.12847804E+00  1.12877503E+00
   245  1.47000000E+02  1.12877503E+00  1.12852657E+00  1.12877503E+00
   246  1.47600000E+02  1.12877503E+00  1.12857267E+00  1.12877503E+00
   247  1.48200000E+02  1.12877503E+00  1.12861308E+00  1.12877503E+00
   248  1.48800000E+02  1.12877502E+00  1.12864556E+00  1.12877502E+00
   249  1.49400000E+02  1.12877502E+00  1.12866897E+00  1.12877502E+00
   250  1.50000000E+02  1.12877502E+00  1.12868320E+00  1.12877502E+00
   251  1.50600000E+02  1.12877502E+00  1.12868901E+00  1.12877502E+00
   252  1.51200000E+02  1.12877502E+00  1.12868781E+00  1.12877502E+00
   253  1.51800000E+02  1.12877502E+00  1.12868143E+00  1.12877502E+00
   254  1.52400000E+02  1.12877502E+00  1.12867185E+00  1.12877502E+00
   255  1.53000000E+02  1.12877502E+00  1.12866095E+00  1.12877502E+00
   256  1.53600000E+02  1.12877502E+00  1.12865036E+00  1.12877502E+00
   257  1.54200000E+02  1.12877502E+00  1.12864133E+00  1.12877502E+00
   258  1.54800000E+02  1.12877502E+00  1.12863461E+00  1.12877502E+00
   259  1.55400000E+02  1.12877502E+00  1.12863052E+00  1.12877502E+00
   260  1.56000000E+02  1.12877502E+00  1.12862900E+00  1.12877502E+00
   261  1.56600000E+02  1.12877502E+00  1.12862963E+00  1.12877502E+00
   262  1.57200000E+02  1.12877502E+00  1.12863184E+00  1.12877502E+00
   263  1.57800000E+02  1.12877502E+00  1.12863496E+00  1.12877502E+00
   264  1.58400000E+02  1.12877502E+00  1.12863834E+00  1.12877502E+00
   265  1.59000000E+02  1.12877502E+00  1.12864146E+00  1.12877502E+00
   266  1.59600000E+02  1.12877502E+00  1.12864392E+00  1.12877502E+00
 steady-height stop at step    266: changes <=   1.0000E-05, max-end <=   1.0000E-02, max/end/gap/profile_change =   1.12877502E+00  1.12864392E+00  1.31101163E-04  2.46434099E-06


STDERR:
