COMMAND:
/shared/generate_rom_data/extrudate_swell2d_c_cluster

STDOUT:
 comppar: model =   6
 comppar: lambda,mobility/eps,betav,eta_0 =  6.4000E+00  5.0000E-01  5.0000E-01  1.0000E+00
 comppar: eta_s,eta_p,G =  5.0000E-01  5.0000E-01  7.8125E-02
 comppar: U_avg,deltat,flowrate,nsteps =  5.0000E-02  6.0000E-01  1.5708E-01     700
 comppar: geometry = axisymmetric
 comppar: steady stop change,gap,hold,min =  1.0000E-05  1.0000E-02      10      80
 comppar: ncompc,ncompg =     4     5
 mesh nnodes = 5765
 mesh nelem = 2780
 P1 BC   5.0000000000000000     
 P2 BC   0.0000000000000000     
     1  6.00000000E-01  1.00379173E+00  1.00000000E+00  1.00379173E+00
     2  1.20000000E+00  1.00748893E+00  1.00000000E+00  1.00748893E+00
     3  1.80000000E+00  1.01108322E+00  1.00000000E+00  1.01108322E+00
     4  2.40000000E+00  1.01458096E+00  1.00000000E+00  1.01458096E+00
     5  3.00000000E+00  1.01798478E+00  1.00000000E+00  1.01798478E+00
     6  3.60000000E+00  1.02129692E+00  1.00000000E+00  1.02129692E+00
     7  4.20000000E+00  1.02452481E+00  1.00000000E+00  1.02452481E+00
     8  4.80000000E+00  1.02767789E+00  1.00000001E+00  1.02767789E+00
     9  5.40000000E+00  1.03076940E+00  1.00000001E+00  1.03076940E+00
    10  6.00000000E+00  1.03378567E+00  1.00000001E+00  1.03378567E+00
    11  6.60000000E+00  1.03673532E+00  1.00000001E+00  1.03673532E+00
    12  7.20000000E+00  1.03964506E+00  1.00000001E+00  1.03964506E+00
    13  7.80000000E+00  1.04246965E+00  1.00000001E+00  1.04246965E+00
    14  8.40000000E+00  1.04527669E+00  1.00000000E+00  1.04527669E+00
    15  9.00000000E+00  1.04799565E+00  1.00000000E+00  1.04799565E+00
    16  9.60000000E+00  1.05069373E+00  1.00000000E+00  1.05069373E+00
    17  1.02000000E+01  1.05331307E+00  9.99999996E-01  1.05331307E+00
    18  1.08000000E+01  1.05590085E+00  9.99999991E-01  1.05590085E+00
    19  1.14000000E+01  1.05838283E+00  9.99999985E-01  1.05838283E+00
    20  1.20000000E+01  1.06087443E+00  9.99999977E-01  1.06087443E+00
    21  1.26000000E+01  1.06322942E+00  9.99999968E-01  1.06322942E+00
    22  1.32000000E+01  1.06562047E+00  9.99999957E-01  1.06562047E+00
    23  1.38000000E+01  1.06786571E+00  9.99999943E-01  1.06786571E+00
    24  1.44000000E+01  1.07012171E+00  9.99999928E-01  1.07012171E+00
    25  1.50000000E+01  1.07228063E+00  9.99999909E-01  1.07228063E+00
    26  1.56000000E+01  1.07438374E+00  9.99999888E-01  1.07438374E+00
    27  1.62000000E+01  1.07645285E+00  9.99999863E-01  1.07645285E+00
    28  1.68000000E+01  1.07835699E+00  9.99999834E-01  1.07835699E+00
    29  1.74000000E+01  1.08036179E+00  9.99999802E-01  1.08036179E+00
    30  1.80000000E+01  1.08220261E+00  9.99999765E-01  1.08220261E+00
    31  1.86000000E+01  1.08401341E+00  9.99999723E-01  1.08401341E+00
    32  1.92000000E+01  1.08578921E+00  9.99999676E-01  1.08578921E+00
    33  1.98000000E+01  1.08739139E+00  9.99999622E-01  1.08739139E+00
    34  2.04000000E+01  1.08909294E+00  9.99999563E-01  1.08909294E+00
    35  2.10000000E+01  1.09066739E+00  9.99999496E-01  1.09066739E+00
    36  2.16000000E+01  1.09212719E+00  9.99999421E-01  1.09212719E+00
    37  2.22000000E+01  1.09367201E+00  9.99999338E-01  1.09367201E+00
    38  2.28000000E+01  1.09504394E+00  9.99999246E-01  1.09504394E+00
    39  2.34000000E+01  1.09636362E+00  9.99999143E-01  1.09636362E+00
    40  2.40000000E+01  1.09774219E+00  9.99999030E-01  1.09774219E+00
    41  2.46000000E+01  1.09895286E+00  9.99998905E-01  1.09895286E+00
    42  2.52000000E+01  1.10015422E+00  9.99998768E-01  1.10015422E+00
    43  2.58000000E+01  1.10136829E+00  9.99998616E-01  1.10136829E+00
    44  2.64000000E+01  1.10242230E+00  9.99998450E-01  1.10242230E+00
    45  2.70000000E+01  1.10350319E+00  9.99998268E-01  1.10350319E+00
    46  2.76000000E+01  1.10456783E+00  9.99998068E-01  1.10456783E+00
    47  2.82000000E+01  1.10548433E+00  9.99997850E-01  1.10548433E+00
    48  2.88000000E+01  1.10646159E+00  9.99997612E-01  1.10646159E+00
    49  2.94000000E+01  1.10738326E+00  9.99997352E-01  1.10738326E+00
    50  3.00000000E+01  1.10817098E+00  9.99997069E-01  1.10817098E+00
    51  3.06000000E+01  1.10905749E+00  9.99996762E-01  1.10905749E+00
    52  3.12000000E+01  1.10985475E+00  9.99996427E-01  1.10985475E+00
    53  3.18000000E+01  1.11053418E+00  9.99996065E-01  1.11053418E+00
    54  3.24000000E+01  1.11131971E+00  9.99995672E-01  1.11131971E+00
    55  3.30000000E+01  1.11200264E+00  9.99995247E-01  1.11200264E+00
    56  3.36000000E+01  1.11260247E+00  9.99994787E-01  1.11260247E+00
    57  3.42000000E+01  1.11329393E+00  9.99994291E-01  1.11329393E+00
    58  3.48000000E+01  1.11388283E+00  9.99993755E-01  1.11388283E+00
    59  3.54000000E+01  1.11440354E+00  9.99993178E-01  1.11440354E+00
    60  3.60000000E+01  1.11499544E+00  9.99992557E-01  1.11499544E+00
    61  3.66000000E+01  1.11550221E+00  9.99991888E-01  1.11550221E+00
    62  3.72000000E+01  1.11597438E+00  9.99991170E-01  1.11597438E+00
    63  3.78000000E+01  1.11648585E+00  9.99990399E-01  1.11648585E+00
    64  3.84000000E+01  1.11692748E+00  9.99989573E-01  1.11692748E+00
    65  3.90000000E+01  1.11731510E+00  9.99988687E-01  1.11731510E+00
    66  3.96000000E+01  1.11775717E+00  9.99987740E-01  1.11775717E+00
    67  4.02000000E+01  1.11814554E+00  9.99986727E-01  1.11814554E+00
    68  4.08000000E+01  1.11849248E+00  9.99985645E-01  1.11849248E+00
    69  4.14000000E+01  1.11887535E+00  9.99984491E-01  1.11887535E+00
    70  4.20000000E+01  1.11922095E+00  9.99983261E-01  1.11922095E+00
    71  4.26000000E+01  1.11953354E+00  9.99981951E-01  1.11953354E+00
    72  4.32000000E+01  1.11982586E+00  9.99980557E-01  1.11982586E+00
    73  4.38000000E+01  1.12013898E+00  9.99979076E-01  1.12013898E+00
    74  4.44000000E+01  1.12042618E+00  9.99977505E-01  1.12042618E+00
    75  4.50000000E+01  1.12069136E+00  9.99975838E-01  1.12069136E+00
    76  4.56000000E+01  1.12095108E+00  9.99974072E-01  1.12095108E+00
    77  4.62000000E+01  1.12121305E+00  9.99972204E-01  1.12121305E+00
    78  4.68000000E+01  1.12145465E+00  9.99970229E-01  1.12145465E+00
    79  4.74000000E+01  1.12167559E+00  9.99968144E-01  1.12167559E+00
    80  4.80000000E+01  1.12188763E+00  9.99965945E-01  1.12188763E+00
    81  4.86000000E+01  1.12211029E+00  9.99963629E-01  1.12211029E+00
    82  4.92000000E+01  1.12231118E+00  9.99961193E-01  1.12231118E+00
    83  4.98000000E+01  1.12248849E+00  9.99958633E-01  1.12248849E+00
    84  5.04000000E+01  1.12267479E+00  9.99955948E-01  1.12267479E+00
    85  5.10000000E+01  1.12285256E+00  9.99953134E-01  1.12285256E+00
    86  5.16000000E+01  1.12300651E+00  9.99950191E-01  1.12300651E+00
    87  5.22000000E+01  1.12315661E+00  9.99947115E-01  1.12315661E+00
    88  5.28000000E+01  1.12331278E+00  9.99943908E-01  1.12331278E+00
    89  5.34000000E+01  1.12344433E+00  9.99940568E-01  1.12344433E+00
    90  5.40000000E+01  1.12356179E+00  9.99937096E-01  1.12356179E+00
    91  5.46000000E+01  1.12369551E+00  9.99933493E-01  1.12369551E+00
    92  5.52000000E+01  1.12380552E+00  9.99929762E-01  1.12380552E+00
    93  5.58000000E+01  1.12390246E+00  9.99925907E-01  1.12390246E+00
    94  5.64000000E+01  1.12401442E+00  9.99921931E-01  1.12401442E+00
    95  5.70000000E+01  1.12410349E+00  9.99917842E-01  1.12410349E+00
    96  5.76000000E+01  1.12418039E+00  9.99913647E-01  1.12418039E+00
    97  5.82000000E+01  1.12427232E+00  9.99909354E-01  1.12427232E+00
    98  5.88000000E+01  1.12434346E+00  9.99904976E-01  1.12434346E+00
    99  5.94000000E+01  1.12440759E+00  9.99900525E-01  1.12440759E+00
   100  6.00000000E+01  1.12448009E+00  9.99896018E-01  1.12448009E+00
   101  6.06000000E+01  1.12453415E+00  9.99891471E-01  1.12453415E+00
   102  6.12000000E+01  1.12458717E+00  9.99886907E-01  1.12458717E+00
   103  6.18000000E+01  1.12464373E+00  9.99882349E-01  1.12464373E+00
   104  6.24000000E+01  1.12468463E+00  9.99877825E-01  1.12468463E+00
   105  6.30000000E+01  1.12472744E+00  9.99873366E-01  1.12472744E+00
   106  6.36000000E+01  1.12476905E+00  9.99869008E-01  1.12476905E+00
   107  6.42000000E+01  1.12479813E+00  9.99864790E-01  1.12479813E+00
   108  6.48000000E+01  1.12483479E+00  9.99860757E-01  1.12483479E+00
   109  6.54000000E+01  1.12486534E+00  9.99856960E-01  1.12486534E+00
   110  6.60000000E+01  1.12488613E+00  9.99853453E-01  1.12488613E+00
   111  6.66000000E+01  1.12491218E+00  9.99850300E-01  1.12491218E+00
   112  6.72000000E+01  1.12493314E+00  9.99847568E-01  1.12493314E+00
   113  6.78000000E+01  1.12494772E+00  9.99845335E-01  1.12494772E+00
   114  6.84000000E+01  1.12496971E+00  9.99843685E-01  1.12496971E+00
   115  6.90000000E+01  1.12498422E+00  9.99842710E-01  1.12498422E+00
   116  6.96000000E+01  1.12499415E+00  9.99842513E-01  1.12499415E+00
   117  7.02000000E+01  1.12500533E+00  9.99843207E-01  1.12500533E+00
   118  7.08000000E+01  1.12501514E+00  9.99844915E-01  1.12501514E+00
   119  7.14000000E+01  1.12502260E+00  9.99847772E-01  1.12502260E+00
   120  7.20000000E+01  1.12503050E+00  9.99851925E-01  1.12503050E+00
   121  7.26000000E+01  1.12503737E+00  9.99857537E-01  1.12503737E+00
   122  7.32000000E+01  1.12504362E+00  9.99864783E-01  1.12504362E+00
   123  7.38000000E+01  1.12505139E+00  9.99873855E-01  1.12505139E+00
   124  7.44000000E+01  1.12505921E+00  9.99884960E-01  1.12505921E+00
   125  7.50000000E+01  1.12506666E+00  9.99898325E-01  1.12506666E+00
   126  7.56000000E+01  1.12507340E+00  9.99914195E-01  1.12507340E+00
   127  7.62000000E+01  1.12507921E+00  9.99932837E-01  1.12507921E+00
   128  7.68000000E+01  1.12508427E+00  9.99954537E-01  1.12508427E+00
   129  7.74000000E+01  1.12509027E+00  9.99979608E-01  1.12509027E+00
   130  7.80000000E+01  1.12509532E+00  1.00000839E+00  1.12509532E+00
   131  7.86000000E+01  1.12509942E+00  1.00004124E+00  1.12509942E+00
   132  7.92000000E+01  1.12510268E+00  1.00007855E+00  1.12510268E+00
   133  7.98000000E+01  1.12510526E+00  1.00012074E+00  1.12510526E+00
   134  8.04000000E+01  1.12510734E+00  1.00016828E+00  1.12510734E+00
   135  8.10000000E+01  1.12510953E+00  1.00022164E+00  1.12510953E+00
   136  8.16000000E+01  1.12511160E+00  1.00028135E+00  1.12511160E+00
   137  8.22000000E+01  1.12511334E+00  1.00034797E+00  1.12511334E+00
   138  8.28000000E+01  1.12511487E+00  1.00042211E+00  1.12511487E+00
   139  8.34000000E+01  1.12511629E+00  1.00050440E+00  1.12511629E+00
   140  8.40000000E+01  1.12511764E+00  1.00059553E+00  1.12511764E+00
   141  8.46000000E+01  1.12511891E+00  1.00069625E+00  1.12511891E+00
   142  8.52000000E+01  1.12512009E+00  1.00080733E+00  1.12512009E+00
   143  8.58000000E+01  1.12512116E+00  1.00092961E+00  1.12512116E+00
   144  8.64000000E+01  1.12512210E+00  1.00106398E+00  1.12512210E+00
   145  8.70000000E+01  1.12512290E+00  1.00121139E+00  1.12512290E+00
   146  8.76000000E+01  1.12512356E+00  1.00137285E+00  1.12512356E+00
   147  8.82000000E+01  1.12512409E+00  1.00154942E+00  1.12512409E+00
   148  8.88000000E+01  1.12512452E+00  1.00174223E+00  1.12512452E+00
   149  8.94000000E+01  1.12512485E+00  1.00195249E+00  1.12512485E+00
   150  9.00000000E+01  1.12512511E+00  1.00218147E+00  1.12512511E+00
   151  9.06000000E+01  1.12512531E+00  1.00243050E+00  1.12512531E+00
   152  9.12000000E+01  1.12512547E+00  1.00270100E+00  1.12512547E+00
   153  9.18000000E+01  1.12512558E+00  1.00299445E+00  1.12512558E+00
   154  9.24000000E+01  1.12512566E+00  1.00331243E+00  1.12512566E+00
   155  9.30000000E+01  1.12512571E+00  1.00365657E+00  1.12512571E+00
   156  9.36000000E+01  1.12512573E+00  1.00402860E+00  1.12512573E+00
   157  9.42000000E+01  1.12512573E+00  1.00443032E+00  1.12512573E+00
   158  9.48000000E+01  1.12512571E+00  1.00486362E+00  1.12512571E+00
   159  9.54000000E+01  1.12512567E+00  1.00533045E+00  1.12512567E+00
   160  9.60000000E+01  1.12512562E+00  1.00583285E+00  1.12512562E+00
   161  9.66000000E+01  1.12512556E+00  1.00637295E+00  1.12512556E+00
   162  9.72000000E+01  1.12512549E+00  1.00695294E+00  1.12512549E+00
   163  9.78000000E+01  1.12512541E+00  1.00757507E+00  1.12512541E+00
   164  9.84000000E+01  1.12512534E+00  1.00824169E+00  1.12512534E+00
   165  9.90000000E+01  1.12512526E+00  1.00895518E+00  1.12512526E+00
   166  9.96000000E+01  1.12512518E+00  1.00971799E+00  1.12512518E+00
   167  1.00200000E+02  1.12512510E+00  1.01053261E+00  1.12512510E+00
   168  1.00800000E+02  1.12512503E+00  1.01140156E+00  1.12512503E+00
   169  1.01400000E+02  1.12512495E+00  1.01232741E+00  1.12512495E+00
   170  1.02000000E+02  1.12512488E+00  1.01331271E+00  1.12512488E+00
   171  1.02600000E+02  1.12512481E+00  1.01436002E+00  1.12512481E+00
   172  1.03200000E+02  1.12512475E+00  1.01547189E+00  1.12512475E+00
   173  1.03800000E+02  1.12512469E+00  1.01665081E+00  1.12512469E+00
   174  1.04400000E+02  1.12512463E+00  1.01789921E+00  1.12512463E+00
   175  1.05000000E+02  1.12512457E+00  1.01921944E+00  1.12512457E+00
   176  1.05600000E+02  1.12512452E+00  1.02061374E+00  1.12512452E+00
   177  1.06200000E+02  1.12512447E+00  1.02208419E+00  1.12512447E+00
   178  1.06800000E+02  1.12512443E+00  1.02363272E+00  1.12512443E+00
   179  1.07400000E+02  1.12512439E+00  1.02526105E+00  1.12512439E+00
   180  1.08000000E+02  1.12512435E+00  1.02697066E+00  1.12512435E+00
   181  1.08600000E+02  1.12512431E+00  1.02876275E+00  1.12512431E+00
   182  1.09200000E+02  1.12512428E+00  1.03063822E+00  1.12512428E+00
   183  1.09800000E+02  1.12512425E+00  1.03259762E+00  1.12512425E+00
   184  1.10400000E+02  1.12512422E+00  1.03464110E+00  1.12512422E+00
   185  1.11000000E+02  1.12512420E+00  1.03676838E+00  1.12512420E+00
   186  1.11600000E+02  1.12512417E+00  1.03897872E+00  1.12512417E+00
   187  1.12200000E+02  1.12512415E+00  1.04127086E+00  1.12512415E+00
   188  1.12800000E+02  1.12512413E+00  1.04364298E+00  1.12512413E+00
   189  1.13400000E+02  1.12512412E+00  1.04609269E+00  1.12512412E+00
   190  1.14000000E+02  1.12512410E+00  1.04861697E+00  1.12512410E+00
   191  1.14600000E+02  1.12512409E+00  1.05121212E+00  1.12512409E+00
   192  1.15200000E+02  1.12512407E+00  1.05387378E+00  1.12512407E+00
   193  1.15800000E+02  1.12512406E+00  1.05659688E+00  1.12512406E+00
   194  1.16400000E+02  1.12512405E+00  1.05937562E+00  1.12512405E+00
   195  1.17000000E+02  1.12512404E+00  1.06220348E+00  1.12512404E+00
   196  1.17600000E+02  1.12512403E+00  1.06507320E+00  1.12512403E+00
   197  1.18200000E+02  1.12512403E+00  1.06797681E+00  1.12512403E+00
   198  1.18800000E+02  1.12512402E+00  1.07090561E+00  1.12512402E+00
   199  1.19400000E+02  1.12512401E+00  1.07385027E+00  1.12512401E+00
   200  1.20000000E+02  1.12512401E+00  1.07680078E+00  1.12512401E+00
   201  1.20600000E+02  1.12512400E+00  1.07974658E+00  1.12512400E+00
   202  1.21200000E+02  1.12512400E+00  1.08267659E+00  1.12512400E+00
   203  1.21800000E+02  1.12512399E+00  1.08557926E+00  1.12512399E+00
   204  1.22400000E+02  1.12512399E+00  1.08844273E+00  1.12512399E+00
   205  1.23000000E+02  1.12512399E+00  1.09125488E+00  1.12512399E+00
   206  1.23600000E+02  1.12512398E+00  1.09400348E+00  1.12512398E+00
   207  1.24200000E+02  1.12512398E+00  1.09667630E+00  1.12512398E+00
   208  1.24800000E+02  1.12512398E+00  1.09926133E+00  1.12512398E+00
   209  1.25400000E+02  1.12512398E+00  1.10174688E+00  1.12512398E+00
   210  1.26000000E+02  1.12512397E+00  1.10412182E+00  1.12512397E+00
   211  1.26600000E+02  1.12512397E+00  1.10637578E+00  1.12512397E+00
   212  1.27200000E+02  1.12512397E+00  1.10849934E+00  1.12512397E+00
   213  1.27800000E+02  1.12512397E+00  1.11048429E+00  1.12512397E+00
   214  1.28400000E+02  1.12512397E+00  1.11232385E+00  1.12512397E+00
   215  1.29000000E+02  1.12512397E+00  1.11401286E+00  1.12512397E+00
   216  1.29600000E+02  1.12512396E+00  1.11554804E+00  1.12512396E+00
   217  1.30200000E+02  1.12512396E+00  1.11692814E+00  1.12512396E+00
   218  1.30800000E+02  1.12512396E+00  1.11815404E+00  1.12512396E+00
   219  1.31400000E+02  1.12512396E+00  1.11922891E+00  1.12512396E+00
   220  1.32000000E+02  1.12512396E+00  1.12015815E+00  1.12512396E+00
   221  1.32600000E+02  1.12512396E+00  1.12094938E+00  1.12512396E+00
   222  1.33200000E+02  1.12512396E+00  1.12161222E+00  1.12512396E+00
   223  1.33800000E+02  1.12512396E+00  1.12215811E+00  1.12512396E+00
   224  1.34400000E+02  1.12512396E+00  1.12259992E+00  1.12512396E+00
   225  1.35000000E+02  1.12512396E+00  1.12295154E+00  1.12512396E+00
   226  1.35600000E+02  1.12512396E+00  1.12322741E+00  1.12512396E+00
   227  1.36200000E+02  1.12512396E+00  1.12344194E+00  1.12512396E+00
   228  1.36800000E+02  1.12512396E+00  1.12360901E+00  1.12512396E+00
   229  1.37400000E+02  1.12512396E+00  1.12374141E+00  1.12512396E+00
   230  1.38000000E+02  1.12512396E+00  1.12385039E+00  1.12512396E+00
   231  1.38600000E+02  1.12512396E+00  1.12394531E+00  1.12512396E+00
   232  1.39200000E+02  1.12512396E+00  1.12403337E+00  1.12512396E+00
   233  1.39800000E+02  1.12512396E+00  1.12411950E+00  1.12512396E+00
   234  1.40400000E+02  1.12512396E+00  1.12420647E+00  1.12512396E+00
   235  1.41000000E+02  1.12512396E+00  1.12429505E+00  1.12512396E+00
   236  1.41600000E+02  1.12512396E+00  1.12438434E+00  1.12512396E+00
   237  1.42200000E+02  1.12512395E+00  1.12447225E+00  1.12512395E+00
   238  1.42800000E+02  1.12512395E+00  1.12455597E+00  1.12512395E+00
   239  1.43400000E+02  1.12512395E+00  1.12463247E+00  1.12512395E+00
   240  1.44000000E+02  1.12512395E+00  1.12469896E+00  1.12512395E+00
   241  1.44600000E+02  1.12512395E+00  1.12475331E+00  1.12512395E+00
   242  1.45200000E+02  1.12512395E+00  1.12479426E+00  1.12512395E+00
   243  1.45800000E+02  1.12512395E+00  1.12482159E+00  1.12512395E+00
   244  1.46400000E+02  1.12512395E+00  1.12483613E+00  1.12512395E+00
   245  1.47000000E+02  1.12512395E+00  1.12483958E+00  1.12512395E+00
   246  1.47600000E+02  1.12512395E+00  1.12483433E+00  1.12512395E+00
   247  1.48200000E+02  1.12512395E+00  1.12482314E+00  1.12512395E+00
   248  1.48800000E+02  1.12512395E+00  1.12480887E+00  1.12512395E+00
   249  1.49400000E+02  1.12512395E+00  1.12479411E+00  1.12512395E+00
   250  1.50000000E+02  1.12512395E+00  1.12478104E+00  1.12512395E+00
   251  1.50600000E+02  1.12512395E+00  1.12477120E+00  1.12512395E+00
   252  1.51200000E+02  1.12512395E+00  1.12476544E+00  1.12512395E+00
   253  1.51800000E+02  1.12512395E+00  1.12476395E+00  1.12512395E+00
   254  1.52400000E+02  1.12512395E+00  1.12476634E+00  1.12512395E+00
   255  1.53000000E+02  1.12512395E+00  1.12477179E+00  1.12512395E+00
   256  1.53600000E+02  1.12512395E+00  1.12477925E+00  1.12512395E+00
   257  1.54200000E+02  1.12512395E+00  1.12478761E+00  1.12512395E+00
   258  1.54800000E+02  1.12512395E+00  1.12479582E+00  1.12512395E+00
   259  1.55400000E+02  1.12512395E+00  1.12480307E+00  1.12512395E+00
   260  1.56000000E+02  1.12512395E+00  1.12480881E+00  1.12512395E+00
 steady-height stop at step    260: changes <=   1.0000E-05, max-end <=   1.0000E-02, max/end/gap/profile_change =   1.12512395E+00  1.12480881E+00  3.15142260E-04  5.74281365E-06


STDERR:
