COMMAND:
/shared/generate_rom_data/extrudate_swell2d_c_cluster

STDOUT:
 comppar: model =   6
 comppar: lambda,mobility/eps,betav,eta_0 =  2.8000E+00  1.0000E-01  5.0000E-01  1.0000E+00
 comppar: eta_s,eta_p,G =  5.0000E-01  5.0000E-01  1.7857E-01
 comppar: U_avg,deltat,flowrate,nsteps =  5.0000E-02  6.0000E-01  1.5708E-01     700
 comppar: geometry = axisymmetric
 comppar: steady stop change,gap,hold,min =  1.0000E-05  1.0000E-02      10      80
 comppar: ncompc,ncompg =     4     5
 mesh nnodes = 5765
 mesh nelem = 2780
 P1 BC   5.0000000000000000     
 P2 BC   0.0000000000000000     
     1  6.00000000E-01  1.00379206E+00  1.00000000E+00  1.00379206E+00
     2  1.20000000E+00  1.00747933E+00  1.00000000E+00  1.00747933E+00
     3  1.80000000E+00  1.01104700E+00  1.00000000E+00  1.01104700E+00
     4  2.40000000E+00  1.01451926E+00  1.00000000E+00  1.01451926E+00
     5  3.00000000E+00  1.01790804E+00  1.00000000E+00  1.01790804E+00
     6  3.60000000E+00  1.02122269E+00  1.00000000E+00  1.02122269E+00
     7  4.20000000E+00  1.02447291E+00  1.00000000E+00  1.02447291E+00
     8  4.80000000E+00  1.02765494E+00  1.00000001E+00  1.02765494E+00
     9  5.40000000E+00  1.03080530E+00  1.00000001E+00  1.03080530E+00
    10  6.00000000E+00  1.03389692E+00  1.00000001E+00  1.03389692E+00
    11  6.60000000E+00  1.03691304E+00  1.00000001E+00  1.03691304E+00
    12  7.20000000E+00  1.03991888E+00  1.00000001E+00  1.03991888E+00
    13  7.80000000E+00  1.04284811E+00  1.00000000E+00  1.04284811E+00
    14  8.40000000E+00  1.04573032E+00  1.00000000E+00  1.04573032E+00
    15  9.00000000E+00  1.04856471E+00  1.00000000E+00  1.04856471E+00
    16  9.60000000E+00  1.05133282E+00  9.99999996E-01  1.05133282E+00
    17  1.02000000E+01  1.05407073E+00  9.99999992E-01  1.05407073E+00
    18  1.08000000E+01  1.05671946E+00  9.99999985E-01  1.05671946E+00
    19  1.14000000E+01  1.05933282E+00  9.99999977E-01  1.05933282E+00
    20  1.20000000E+01  1.06187713E+00  9.99999967E-01  1.06187713E+00
    21  1.26000000E+01  1.06436972E+00  9.99999956E-01  1.06436972E+00
    22  1.32000000E+01  1.06680666E+00  9.99999942E-01  1.06680666E+00
    23  1.38000000E+01  1.06915487E+00  9.99999925E-01  1.06915487E+00
    24  1.44000000E+01  1.07150680E+00  9.99999905E-01  1.07150680E+00
    25  1.50000000E+01  1.07370849E+00  9.99999883E-01  1.07370849E+00
    26  1.56000000E+01  1.07597445E+00  9.99999856E-01  1.07597445E+00
    27  1.62000000E+01  1.07808441E+00  9.99999826E-01  1.07808441E+00
    28  1.68000000E+01  1.08017731E+00  9.99999792E-01  1.08017731E+00
    29  1.74000000E+01  1.08222933E+00  9.99999752E-01  1.08222933E+00
    30  1.80000000E+01  1.08413369E+00  9.99999708E-01  1.08413369E+00
    31  1.86000000E+01  1.08612737E+00  9.99999657E-01  1.08612737E+00
    32  1.92000000E+01  1.08795833E+00  9.99999601E-01  1.08795833E+00
    33  1.98000000E+01  1.08973727E+00  9.99999537E-01  1.08973727E+00
    34  2.04000000E+01  1.09154607E+00  9.99999466E-01  1.09154607E+00
    35  2.10000000E+01  1.09318994E+00  9.99999387E-01  1.09318994E+00
    36  2.16000000E+01  1.09487113E+00  9.99999299E-01  1.09487113E+00
    37  2.22000000E+01  1.09649287E+00  9.99999201E-01  1.09649287E+00
    38  2.28000000E+01  1.09794965E+00  9.99999092E-01  1.09794965E+00
    39  2.34000000E+01  1.09950271E+00  9.99998973E-01  1.09950271E+00
    40  2.40000000E+01  1.10097207E+00  9.99998841E-01  1.10097207E+00
    41  2.46000000E+01  1.10227941E+00  9.99998695E-01  1.10227941E+00
    42  2.52000000E+01  1.10370816E+00  9.99998536E-01  1.10370816E+00
    43  2.58000000E+01  1.10502595E+00  9.99998360E-01  1.10502595E+00
    44  2.64000000E+01  1.10618611E+00  9.99998168E-01  1.10618611E+00
    45  2.70000000E+01  1.10748761E+00  9.99997958E-01  1.10748761E+00
    46  2.76000000E+01  1.10866381E+00  9.99997729E-01  1.10866381E+00
    47  2.82000000E+01  1.10969628E+00  9.99997479E-01  1.10969628E+00
    48  2.88000000E+01  1.11088524E+00  9.99997207E-01  1.11088524E+00
    49  2.94000000E+01  1.11192293E+00  9.99996911E-01  1.11192293E+00
    50  3.00000000E+01  1.11286253E+00  9.99996589E-01  1.11286253E+00
    51  3.06000000E+01  1.11391586E+00  9.99996241E-01  1.11391586E+00
    52  3.12000000E+01  1.11482612E+00  9.99995863E-01  1.11482612E+00
    53  3.18000000E+01  1.11568698E+00  9.99995453E-01  1.11568698E+00
    54  3.24000000E+01  1.11660873E+00  9.99995011E-01  1.11660873E+00
    55  3.30000000E+01  1.11739701E+00  9.99994533E-01  1.11739701E+00
    56  3.36000000E+01  1.11818943E+00  9.99994018E-01  1.11818943E+00
    57  3.42000000E+01  1.11899181E+00  9.99993463E-01  1.11899181E+00
    58  3.48000000E+01  1.11967171E+00  9.99992865E-01  1.11967171E+00
    59  3.54000000E+01  1.12039638E+00  9.99992222E-01  1.12039638E+00
    60  3.60000000E+01  1.12108573E+00  9.99991532E-01  1.12108573E+00
    61  3.66000000E+01  1.12166471E+00  9.99990791E-01  1.12166471E+00
    62  3.72000000E+01  1.12234076E+00  9.99989996E-01  1.12234076E+00
    63  3.78000000E+01  1.12293095E+00  9.99989145E-01  1.12293095E+00
    64  3.84000000E+01  1.12343254E+00  9.99988235E-01  1.12343254E+00
    65  3.90000000E+01  1.12403133E+00  9.99987261E-01  1.12403133E+00
    66  3.96000000E+01  1.12453042E+00  9.99986222E-01  1.12453042E+00
    67  4.02000000E+01  1.12500399E+00  9.99985113E-01  1.12500399E+00
    68  4.08000000E+01  1.12551294E+00  9.99983931E-01  1.12551294E+00
    69  4.14000000E+01  1.12593413E+00  9.99982672E-01  1.12593413E+00
    70  4.20000000E+01  1.12635771E+00  9.99981333E-01  1.12635771E+00
    71  4.26000000E+01  1.12678532E+00  9.99979910E-01  1.12678532E+00
    72  4.32000000E+01  1.12713758E+00  9.99978399E-01  1.12713758E+00
    73  4.38000000E+01  1.12753957E+00  9.99976797E-01  1.12753957E+00
    74  4.44000000E+01  1.12789813E+00  9.99975099E-01  1.12789813E+00
    75  4.50000000E+01  1.12819217E+00  9.99973303E-01  1.12819217E+00
    76  4.56000000E+01  1.12854278E+00  9.99971403E-01  1.12854278E+00
    77  4.62000000E+01  1.12884137E+00  9.99969397E-01  1.12884137E+00
    78  4.68000000E+01  1.12911355E+00  9.99967280E-01  1.12911355E+00
    79  4.74000000E+01  1.12941717E+00  9.99965050E-01  1.12941717E+00
    80  4.80000000E+01  1.12966518E+00  9.99962703E-01  1.12966518E+00
    81  4.86000000E+01  1.12989720E+00  9.99960235E-01  1.12989720E+00
    82  4.92000000E+01  1.13014920E+00  9.99957644E-01  1.13014920E+00
    83  4.98000000E+01  1.13035545E+00  9.99954927E-01  1.13035545E+00
    84  5.04000000E+01  1.13057869E+00  9.99952082E-01  1.13057869E+00
    85  5.10000000E+01  1.13078715E+00  9.99949106E-01  1.13078715E+00
    86  5.16000000E+01  1.13095777E+00  9.99945999E-01  1.13095777E+00
    87  5.22000000E+01  1.13114158E+00  9.99942759E-01  1.13114158E+00
    88  5.28000000E+01  1.13131499E+00  9.99939386E-01  1.13131499E+00
    89  5.34000000E+01  1.13145786E+00  9.99935881E-01  1.13145786E+00
    90  5.40000000E+01  1.13163129E+00  9.99932244E-01  1.13163129E+00
    91  5.46000000E+01  1.13177457E+00  9.99928478E-01  1.13177457E+00
    92  5.52000000E+01  1.13189306E+00  9.99924586E-01  1.13189306E+00
    93  5.58000000E+01  1.13203083E+00  9.99920571E-01  1.13203083E+00
    94  5.64000000E+01  1.13215133E+00  9.99916441E-01  1.13215133E+00
    95  5.70000000E+01  1.13225789E+00  9.99912201E-01  1.13225789E+00
    96  5.76000000E+01  1.13237834E+00  9.99907861E-01  1.13237834E+00
    97  5.82000000E+01  1.13247854E+00  9.99903430E-01  1.13247854E+00
    98  5.88000000E+01  1.13256281E+00  9.99898922E-01  1.13256281E+00
    99  5.94000000E+01  1.13265971E+00  9.99894349E-01  1.13265971E+00
   100  6.00000000E+01  1.13274548E+00  9.99889730E-01  1.13274548E+00
   101  6.06000000E+01  1.13281854E+00  9.99885085E-01  1.13281854E+00
   102  6.12000000E+01  1.13290373E+00  9.99880434E-01  1.13290373E+00
   103  6.18000000E+01  1.13297603E+00  9.99875804E-01  1.13297603E+00
   104  6.24000000E+01  1.13303800E+00  9.99871225E-01  1.13303800E+00
   105  6.30000000E+01  1.13310036E+00  9.99866729E-01  1.13310036E+00
   106  6.36000000E+01  1.13316349E+00  9.99862352E-01  1.13316349E+00
   107  6.42000000E+01  1.13321802E+00  9.99858138E-01  1.13321802E+00
   108  6.48000000E+01  1.13326989E+00  9.99854131E-01  1.13326989E+00
   109  6.54000000E+01  1.13332408E+00  9.99850386E-01  1.13332408E+00
   110  6.60000000E+01  1.13337135E+00  9.99846958E-01  1.13337135E+00
   111  6.66000000E+01  1.13341278E+00  9.99843912E-01  1.13341278E+00
   112  6.72000000E+01  1.13345434E+00  9.99841319E-01  1.13345434E+00
   113  6.78000000E+01  1.13349651E+00  9.99839258E-01  1.13349651E+00
   114  6.84000000E+01  1.13353359E+00  9.99837814E-01  1.13353359E+00
   115  6.90000000E+01  1.13356632E+00  9.99837083E-01  1.13356632E+00
   116  6.96000000E+01  1.13360171E+00  9.99837169E-01  1.13360171E+00
   117  7.02000000E+01  1.13363459E+00  9.99838187E-01  1.13363459E+00
   118  7.08000000E+01  1.13366372E+00  9.99840262E-01  1.13366372E+00
   119  7.14000000E+01  1.13368951E+00  9.99843531E-01  1.13368951E+00
   120  7.20000000E+01  1.13371664E+00  9.99848143E-01  1.13371664E+00
   121  7.26000000E+01  1.13374279E+00  9.99854262E-01  1.13374279E+00
   122  7.32000000E+01  1.13376587E+00  9.99862065E-01  1.13376587E+00
   123  7.38000000E+01  1.13378611E+00  9.99871744E-01  1.13378611E+00
   124  7.44000000E+01  1.13380734E+00  9.99883510E-01  1.13380734E+00
   125  7.50000000E+01  1.13382773E+00  9.99897589E-01  1.13382773E+00
   126  7.56000000E+01  1.13384542E+00  9.99914226E-01  1.13384542E+00
   127  7.62000000E+01  1.13386053E+00  9.99933690E-01  1.13386053E+00
   128  7.68000000E+01  1.13387658E+00  9.99956266E-01  1.13387658E+00
   129  7.74000000E+01  1.13389198E+00  9.99982266E-01  1.13389198E+00
   130  7.80000000E+01  1.13390488E+00  1.00001203E+00  1.13390488E+00
   131  7.86000000E+01  1.13391539E+00  1.00004591E+00  1.13391539E+00
   132  7.92000000E+01  1.13392784E+00  1.00008430E+00  1.13392784E+00
   133  7.98000000E+01  1.13393859E+00  1.00012761E+00  1.13393859E+00
   134  8.04000000E+01  1.13394714E+00  1.00017631E+00  1.13394714E+00
   135  8.10000000E+01  1.13395455E+00  1.00023087E+00  1.13395455E+00
   136  8.16000000E+01  1.13396335E+00  1.00029181E+00  1.13396335E+00
   137  8.22000000E+01  1.13397011E+00  1.00035967E+00  1.13397011E+00
   138  8.28000000E+01  1.13397509E+00  1.00043507E+00  1.13397509E+00
   139  8.34000000E+01  1.13398060E+00  1.00051863E+00  1.13398060E+00
   140  8.40000000E+01  1.13398582E+00  1.00061102E+00  1.13398582E+00
   141  8.46000000E+01  1.13398953E+00  1.00071298E+00  1.13398953E+00
   142  8.52000000E+01  1.13399205E+00  1.00082527E+00  1.13399205E+00
   143  8.58000000E+01  1.13399543E+00  1.00094872E+00  1.13399543E+00
   144  8.64000000E+01  1.13399803E+00  1.00108419E+00  1.13399803E+00
   145  8.70000000E+01  1.13399972E+00  1.00123262E+00  1.13399972E+00
   146  8.76000000E+01  1.13400078E+00  1.00139499E+00  1.13400078E+00
   147  8.82000000E+01  1.13400217E+00  1.00157234E+00  1.13400217E+00
   148  8.88000000E+01  1.13400328E+00  1.00176579E+00  1.13400328E+00
   149  8.94000000E+01  1.13400397E+00  1.00197651E+00  1.13400397E+00
   150  9.00000000E+01  1.13400443E+00  1.00220573E+00  1.13400443E+00
   151  9.06000000E+01  1.13400482E+00  1.00245477E+00  1.13400482E+00
   152  9.12000000E+01  1.13400521E+00  1.00272500E+00  1.13400521E+00
   153  9.18000000E+01  1.13400561E+00  1.00301787E+00  1.13400561E+00
   154  9.24000000E+01  1.13400601E+00  1.00333491E+00  1.13400601E+00
   155  9.30000000E+01  1.13400635E+00  1.00367771E+00  1.13400635E+00
   156  9.36000000E+01  1.13400661E+00  1.00404797E+00  1.13400661E+00
   157  9.42000000E+01  1.13400674E+00  1.00444742E+00  1.13400674E+00
   158  9.48000000E+01  1.13400672E+00  1.00487790E+00  1.13400672E+00
   159  9.54000000E+01  1.13400657E+00  1.00534133E+00  1.13400657E+00
   160  9.60000000E+01  1.13400629E+00  1.00583968E+00  1.13400629E+00
   161  9.66000000E+01  1.13400592E+00  1.00637502E+00  1.13400592E+00
   162  9.72000000E+01  1.13400549E+00  1.00694949E+00  1.13400549E+00
   163  9.78000000E+01  1.13400512E+00  1.00756529E+00  1.13400512E+00
   164  9.84000000E+01  1.13400469E+00  1.00822468E+00  1.13400469E+00
   165  9.90000000E+01  1.13400423E+00  1.00893001E+00  1.13400423E+00
   166  9.96000000E+01  1.13400376E+00  1.00968367E+00  1.13400376E+00
   167  1.00200000E+02  1.13400331E+00  1.01048808E+00  1.13400331E+00
   168  1.00800000E+02  1.13400291E+00  1.01134573E+00  1.13400291E+00
   169  1.01400000E+02  1.13400255E+00  1.01225913E+00  1.13400255E+00
   170  1.02000000E+02  1.13400219E+00  1.01323080E+00  1.13400219E+00
   171  1.02600000E+02  1.13400185E+00  1.01426328E+00  1.13400185E+00
   172  1.03200000E+02  1.13400151E+00  1.01535907E+00  1.13400151E+00
   173  1.03800000E+02  1.13400119E+00  1.01652068E+00  1.13400119E+00
   174  1.04400000E+02  1.13400087E+00  1.01775055E+00  1.13400087E+00
   175  1.05000000E+02  1.13400057E+00  1.01905105E+00  1.13400057E+00
   176  1.05600000E+02  1.13400029E+00  1.02042449E+00  1.13400029E+00
   177  1.06200000E+02  1.13400002E+00  1.02187301E+00  1.13400002E+00
   178  1.06800000E+02  1.13399977E+00  1.02339866E+00  1.13399977E+00
   179  1.07400000E+02  1.13399954E+00  1.02500328E+00  1.13399954E+00
   180  1.08000000E+02  1.13399932E+00  1.02668854E+00  1.13399932E+00
   181  1.08600000E+02  1.13399911E+00  1.02845584E+00  1.13399911E+00
   182  1.09200000E+02  1.13399892E+00  1.03030633E+00  1.13399892E+00
   183  1.09800000E+02  1.13399875E+00  1.03224086E+00  1.13399875E+00
   184  1.10400000E+02  1.13399858E+00  1.03425995E+00  1.13399858E+00
   185  1.11000000E+02  1.13399843E+00  1.03636371E+00  1.13399843E+00
   186  1.11600000E+02  1.13399829E+00  1.03855187E+00  1.13399829E+00
   187  1.12200000E+02  1.13399816E+00  1.04082370E+00  1.13399816E+00
   188  1.12800000E+02  1.13399804E+00  1.04317799E+00  1.13399804E+00
   189  1.13400000E+02  1.13399793E+00  1.04561303E+00  1.13399793E+00
   190  1.14000000E+02  1.13399783E+00  1.04812653E+00  1.13399783E+00
   191  1.14600000E+02  1.13399773E+00  1.05071565E+00  1.13399773E+00
   192  1.15200000E+02  1.13399765E+00  1.05337693E+00  1.13399765E+00
   193  1.15800000E+02  1.13399757E+00  1.05610631E+00  1.13399757E+00
   194  1.16400000E+02  1.13399749E+00  1.05889907E+00  1.13399749E+00
   195  1.17000000E+02  1.13399743E+00  1.06174985E+00  1.13399743E+00
   196  1.17600000E+02  1.13399737E+00  1.06465263E+00  1.13399737E+00
   197  1.18200000E+02  1.13399731E+00  1.06760076E+00  1.13399731E+00
   198  1.18800000E+02  1.13399726E+00  1.07058694E+00  1.13399726E+00
   199  1.19400000E+02  1.13399721E+00  1.07360326E+00  1.13399721E+00
   200  1.20000000E+02  1.13399717E+00  1.07664121E+00  1.13399717E+00
   201  1.20600000E+02  1.13399713E+00  1.07969174E+00  1.13399713E+00
   202  1.21200000E+02  1.13399710E+00  1.08274530E+00  1.13399710E+00
   203  1.21800000E+02  1.13399707E+00  1.08579189E+00  1.13399707E+00
   204  1.22400000E+02  1.13399704E+00  1.08882112E+00  1.13399704E+00
   205  1.23000000E+02  1.13399701E+00  1.09182229E+00  1.13399701E+00
   206  1.23600000E+02  1.13399699E+00  1.09478446E+00  1.13399699E+00
   207  1.24200000E+02  1.13399696E+00  1.09769659E+00  1.13399696E+00
   208  1.24800000E+02  1.13399694E+00  1.10054757E+00  1.13399694E+00
   209  1.25400000E+02  1.13399693E+00  1.10332638E+00  1.13399693E+00
   210  1.26000000E+02  1.13399691E+00  1.10602219E+00  1.13399691E+00
   211  1.26600000E+02  1.13399689E+00  1.10862448E+00  1.13399689E+00
   212  1.27200000E+02  1.13399688E+00  1.11112320E+00  1.13399688E+00
   213  1.27800000E+02  1.13399687E+00  1.11350889E+00  1.13399687E+00
   214  1.28400000E+02  1.13399686E+00  1.11577284E+00  1.13399686E+00
   215  1.29000000E+02  1.13399685E+00  1.11790723E+00  1.13399685E+00
   216  1.29600000E+02  1.13399684E+00  1.11990529E+00  1.13399684E+00
   217  1.30200000E+02  1.13399683E+00  1.12176148E+00  1.13399683E+00
   218  1.30800000E+02  1.13399682E+00  1.12347157E+00  1.13399682E+00
   219  1.31400000E+02  1.13399681E+00  1.12503283E+00  1.13399681E+00
   220  1.32000000E+02  1.13399681E+00  1.12644413E+00  1.13399681E+00
   221  1.32600000E+02  1.13399680E+00  1.12770601E+00  1.13399680E+00
   222  1.33200000E+02  1.13399680E+00  1.12882077E+00  1.13399680E+00
   223  1.33800000E+02  1.13399679E+00  1.12979246E+00  1.13399679E+00
   224  1.34400000E+02  1.13399679E+00  1.13062687E+00  1.13399679E+00
   225  1.35000000E+02  1.13399678E+00  1.13133144E+00  1.13399678E+00
   226  1.35600000E+02  1.13399678E+00  1.13191509E+00  1.13399678E+00
   227  1.36200000E+02  1.13399678E+00  1.13238809E+00  1.13399678E+00
   228  1.36800000E+02  1.13399677E+00  1.13276176E+00  1.13399677E+00
   229  1.37400000E+02  1.13399677E+00  1.13304814E+00  1.13399677E+00
   230  1.38000000E+02  1.13399677E+00  1.13325974E+00  1.13399677E+00
   231  1.38600000E+02  1.13399677E+00  1.13340910E+00  1.13399677E+00
   232  1.39200000E+02  1.13399676E+00  1.13350843E+00  1.13399676E+00
   233  1.39800000E+02  1.13399676E+00  1.13356928E+00  1.13399676E+00
   234  1.40400000E+02  1.13399676E+00  1.13360222E+00  1.13399676E+00
   235  1.41000000E+02  1.13399676E+00  1.13361652E+00  1.13399676E+00
   236  1.41600000E+02  1.13399676E+00  1.13362002E+00  1.13399676E+00
   237  1.42200000E+02  1.13399676E+00  1.13361899E+00  1.13399676E+00
   238  1.42800000E+02  1.13399675E+00  1.13361807E+00  1.13399675E+00
   239  1.43400000E+02  1.13399675E+00  1.13362039E+00  1.13399675E+00
   240  1.44000000E+02  1.13399675E+00  1.13362768E+00  1.13399675E+00
   241  1.44600000E+02  1.13399675E+00  1.13364048E+00  1.13399675E+00
   242  1.45200000E+02  1.13399675E+00  1.13365839E+00  1.13399675E+00
   243  1.45800000E+02  1.13399675E+00  1.13368036E+00  1.13399675E+00
   244  1.46400000E+02  1.13399675E+00  1.13370493E+00  1.13399675E+00
   245  1.47000000E+02  1.13399675E+00  1.13373052E+00  1.13399675E+00
   246  1.47600000E+02  1.13399675E+00  1.13375560E+00  1.13399675E+00
   247  1.48200000E+02  1.13399675E+00  1.13377888E+00  1.13399675E+00
   248  1.48800000E+02  1.13399675E+00  1.13379938E+00  1.13399675E+00
   249  1.49400000E+02  1.13399675E+00  1.13381651E+00  1.13399675E+00
   250  1.50000000E+02  1.13399674E+00  1.13383003E+00  1.13399674E+00
   251  1.50600000E+02  1.13399674E+00  1.13384003E+00  1.13399674E+00
   252  1.51200000E+02  1.13399674E+00  1.13384682E+00  1.13399674E+00
   253  1.51800000E+02  1.13399674E+00  1.13385089E+00  1.13399674E+00
   254  1.52400000E+02  1.13399674E+00  1.13385283E+00  1.13399674E+00
   255  1.53000000E+02  1.13399674E+00  1.13385319E+00  1.13399674E+00
   256  1.53600000E+02  1.13399674E+00  1.13385253E+00  1.13399674E+00
   257  1.54200000E+02  1.13399674E+00  1.13385127E+00  1.13399674E+00
   258  1.54800000E+02  1.13399674E+00  1.13384977E+00  1.13399674E+00
   259  1.55400000E+02  1.13399674E+00  1.13384828E+00  1.13399674E+00
   260  1.56000000E+02  1.13399674E+00  1.13384695E+00  1.13399674E+00
 steady-height stop at step    260: changes <=   1.0000E-05, max-end <=   1.0000E-02, max/end/gap/profile_change =   1.13399674E+00  1.13384695E+00  1.49794997E-04  1.33386777E-06


STDERR:
