COMMAND:
/shared/generate_rom_data/extrudate_swell2d_c_cluster

STDOUT:
 comppar: model =   6
 comppar: lambda,mobility/eps,betav,eta_0 =  2.8000E+00  5.0000E-01  1.0000E-01  1.0000E+00
 comppar: eta_s,eta_p,G =  1.0000E-01  9.0000E-01  3.2143E-01
 comppar: U_avg,deltat,flowrate,nsteps =  5.0000E-02  6.0000E-01  1.5708E-01     700
 comppar: geometry = axisymmetric
 comppar: steady stop change,gap,hold,min =  1.0000E-05  1.0000E-02      10      80
 comppar: ncompc,ncompg =     4     5
 mesh nnodes = 5765
 mesh nelem = 2780
 P1 BC   5.0000000000000000     
 P2 BC   0.0000000000000000     
     1  6.00000000E-01  1.00378557E+00  1.00000000E+00  1.00378557E+00
     2  1.20000000E+00  1.00739516E+00  1.00000000E+00  1.00739516E+00
     3  1.80000000E+00  1.01078203E+00  1.00000000E+00  1.01078203E+00
     4  2.40000000E+00  1.01405041E+00  1.00000000E+00  1.01405041E+00
     5  3.00000000E+00  1.01722125E+00  1.00000000E+00  1.01722125E+00
     6  3.60000000E+00  1.02031324E+00  1.00000000E+00  1.02031324E+00
     7  4.20000000E+00  1.02333436E+00  1.00000001E+00  1.02333436E+00
     8  4.80000000E+00  1.02628416E+00  1.00000001E+00  1.02628416E+00
     9  5.40000000E+00  1.02915087E+00  1.00000001E+00  1.02915087E+00
    10  6.00000000E+00  1.03194956E+00  1.00000001E+00  1.03194956E+00
    11  6.60000000E+00  1.03468497E+00  1.00000001E+00  1.03468497E+00
    12  7.20000000E+00  1.03732863E+00  1.00000001E+00  1.03732863E+00
    13  7.80000000E+00  1.03994551E+00  1.00000001E+00  1.03994551E+00
    14  8.40000000E+00  1.04246730E+00  1.00000001E+00  1.04246730E+00
    15  9.00000000E+00  1.04494513E+00  1.00000001E+00  1.04494513E+00
    16  9.60000000E+00  1.04735159E+00  1.00000001E+00  1.04735159E+00
    17  1.02000000E+01  1.04968495E+00  1.00000000E+00  1.04968495E+00
    18  1.08000000E+01  1.05194971E+00  9.99999996E-01  1.05194971E+00
    19  1.14000000E+01  1.05415207E+00  9.99999990E-01  1.05415207E+00
    20  1.20000000E+01  1.05630605E+00  9.99999982E-01  1.05630605E+00
    21  1.26000000E+01  1.05837221E+00  9.99999972E-01  1.05837221E+00
    22  1.32000000E+01  1.06041450E+00  9.99999960E-01  1.06041450E+00
    23  1.38000000E+01  1.06236728E+00  9.99999945E-01  1.06236728E+00
    24  1.44000000E+01  1.06428802E+00  9.99999928E-01  1.06428802E+00
    25  1.50000000E+01  1.06612433E+00  9.99999908E-01  1.06612433E+00
    26  1.56000000E+01  1.06787595E+00  9.99999885E-01  1.06787595E+00
    27  1.62000000E+01  1.06962704E+00  9.99999857E-01  1.06962704E+00
    28  1.68000000E+01  1.07122887E+00  9.99999826E-01  1.07122887E+00
    29  1.74000000E+01  1.07289389E+00  9.99999790E-01  1.07289389E+00
    30  1.80000000E+01  1.07435462E+00  9.99999749E-01  1.07435462E+00
    31  1.86000000E+01  1.07590254E+00  9.99999703E-01  1.07590254E+00
    32  1.92000000E+01  1.07731627E+00  9.99999650E-01  1.07731627E+00
    33  1.98000000E+01  1.07868297E+00  9.99999591E-01  1.07868297E+00
    34  2.04000000E+01  1.08004933E+00  9.99999525E-01  1.08004933E+00
    35  2.10000000E+01  1.08120104E+00  9.99999450E-01  1.08120104E+00
    36  2.16000000E+01  1.08251565E+00  9.99999367E-01  1.08251565E+00
    37  2.22000000E+01  1.08366183E+00  9.99999274E-01  1.08366183E+00
    38  2.28000000E+01  1.08475165E+00  9.99999170E-01  1.08475165E+00
    39  2.34000000E+01  1.08589022E+00  9.99999055E-01  1.08589022E+00
    40  2.40000000E+01  1.08681336E+00  9.99998928E-01  1.08681336E+00
    41  2.46000000E+01  1.08786978E+00  9.99998788E-01  1.08786978E+00
    42  2.52000000E+01  1.08879266E+00  9.99998633E-01  1.08879266E+00
    43  2.58000000E+01  1.08965045E+00  9.99998462E-01  1.08965045E+00
    44  2.64000000E+01  1.09056978E+00  9.99998274E-01  1.09056978E+00
    45  2.70000000E+01  1.09127873E+00  9.99998068E-01  1.09127873E+00
    46  2.76000000E+01  1.09213513E+00  9.99997842E-01  1.09213513E+00
    47  2.82000000E+01  1.09284575E+00  9.99997595E-01  1.09284575E+00
    48  2.88000000E+01  1.09353132E+00  9.99997325E-01  1.09353132E+00
    49  2.94000000E+01  1.09423886E+00  9.99997031E-01  1.09423886E+00
    50  3.00000000E+01  1.09475112E+00  9.99996710E-01  1.09475112E+00
    51  3.06000000E+01  1.09546017E+00  9.99996360E-01  1.09546017E+00
    52  3.12000000E+01  1.09597171E+00  9.99995981E-01  1.09597171E+00
    53  3.18000000E+01  1.09654306E+00  9.99995568E-01  1.09654306E+00
    54  3.24000000E+01  1.09705177E+00  9.99995121E-01  1.09705177E+00
    55  3.30000000E+01  1.09748719E+00  9.99994637E-01  1.09748719E+00
    56  3.36000000E+01  1.09799897E+00  9.99994114E-01  1.09799897E+00
    57  3.42000000E+01  1.09833014E+00  9.99993548E-01  1.09833014E+00
    58  3.48000000E+01  1.09882632E+00  9.99992938E-01  1.09882632E+00
    59  3.54000000E+01  1.09915482E+00  9.99992280E-01  1.09915482E+00
    60  3.60000000E+01  1.09954617E+00  9.99991571E-01  1.09954617E+00
    61  3.66000000E+01  1.09987882E+00  9.99990809E-01  1.09987882E+00
    62  3.72000000E+01  1.10017206E+00  9.99989990E-01  1.10017206E+00
    63  3.78000000E+01  1.10050234E+00  9.99989111E-01  1.10050234E+00
    64  3.84000000E+01  1.10071363E+00  9.99988169E-01  1.10071363E+00
    65  3.90000000E+01  1.10104814E+00  9.99987159E-01  1.10104814E+00
    66  3.96000000E+01  1.10122425E+00  9.99986080E-01  1.10122425E+00
    67  4.02000000E+01  1.10151268E+00  9.99984926E-01  1.10151268E+00
    68  4.08000000E+01  1.10168649E+00  9.99983695E-01  1.10168649E+00
    69  4.14000000E+01  1.10191750E+00  9.99982382E-01  1.10191750E+00
    70  4.20000000E+01  1.10209595E+00  9.99980984E-01  1.10209595E+00
    71  4.26000000E+01  1.10225821E+00  9.99979496E-01  1.10225821E+00
    72  4.32000000E+01  1.10243466E+00  9.99977915E-01  1.10243466E+00
    73  4.38000000E+01  1.10255490E+00  9.99976237E-01  1.10255490E+00
    74  4.44000000E+01  1.10273609E+00  9.99974458E-01  1.10273609E+00
    75  4.50000000E+01  1.10280042E+00  9.99972575E-01  1.10280042E+00
    76  4.56000000E+01  1.10297991E+00  9.99970583E-01  1.10297991E+00
    77  4.62000000E+01  1.10302527E+00  9.99968480E-01  1.10302527E+00
    78  4.68000000E+01  1.10319782E+00  9.99966262E-01  1.10319782E+00
    79  4.74000000E+01  1.10324769E+00  9.99963925E-01  1.10324769E+00
    80  4.80000000E+01  1.10336943E+00  9.99961467E-01  1.10336943E+00
    81  4.86000000E+01  1.10341752E+00  9.99958886E-01  1.10341752E+00
    82  4.92000000E+01  1.10352530E+00  9.99956180E-01  1.10352530E+00
    83  4.98000000E+01  1.10357797E+00  9.99953347E-01  1.10357797E+00
    84  5.04000000E+01  1.10364392E+00  9.99950386E-01  1.10364392E+00
    85  5.10000000E+01  1.10369505E+00  9.99947297E-01  1.10369505E+00
    86  5.16000000E+01  1.10375387E+00  9.99944080E-01  1.10375387E+00
    87  5.22000000E+01  1.10380965E+00  9.99940737E-01  1.10380965E+00
    88  5.28000000E+01  1.10383340E+00  9.99937270E-01  1.10383340E+00
    89  5.34000000E+01  1.10388784E+00  9.99933683E-01  1.10388784E+00
    90  5.40000000E+01  1.10390987E+00  9.99929980E-01  1.10390987E+00
    91  5.46000000E+01  1.10396903E+00  9.99926168E-01  1.10396903E+00
    92  5.52000000E+01  1.10396124E+00  9.99922255E-01  1.10396124E+00
    93  5.58000000E+01  1.10401924E+00  9.99918250E-01  1.10401924E+00
    94  5.64000000E+01  1.10401374E+00  9.99914165E-01  1.10401374E+00
    95  5.70000000E+01  1.10407649E+00  9.99910014E-01  1.10407649E+00
    96  5.76000000E+01  1.10404544E+00  9.99905814E-01  1.10404544E+00
    97  5.82000000E+01  1.10410719E+00  9.99901583E-01  1.10410719E+00
    98  5.88000000E+01  1.10408139E+00  9.99897344E-01  1.10408139E+00
    99  5.94000000E+01  1.10414791E+00  9.99893123E-01  1.10414791E+00
   100  6.00000000E+01  1.10410156E+00  9.99888949E-01  1.10410156E+00
   101  6.06000000E+01  1.10416535E+00  9.99884856E-01  1.10416535E+00
   102  6.12000000E+01  1.10412454E+00  9.99880881E-01  1.10412454E+00
   103  6.18000000E+01  1.10419495E+00  9.99877069E-01  1.10419495E+00
   104  6.24000000E+01  1.10415137E+00  9.99873466E-01  1.10415137E+00
   105  6.30000000E+01  1.10420379E+00  9.99870127E-01  1.10420379E+00
   106  6.36000000E+01  1.10415906E+00  9.99867113E-01  1.10415906E+00
   107  6.42000000E+01  1.10422610E+00  9.99864491E-01  1.10422610E+00
   108  6.48000000E+01  1.10418543E+00  9.99862337E-01  1.10418543E+00
   109  6.54000000E+01  1.10422954E+00  9.99860733E-01  1.10422954E+00
   110  6.60000000E+01  1.10418782E+00  9.99859771E-01  1.10418782E+00
   111  6.66000000E+01  1.10424726E+00  9.99859555E-01  1.10424726E+00
   112  6.72000000E+01  1.10420961E+00  9.99860196E-01  1.10420961E+00
   113  6.78000000E+01  1.10424754E+00  9.99861819E-01  1.10424754E+00
   114  6.84000000E+01  1.10420894E+00  9.99864560E-01  1.10420894E+00
   115  6.90000000E+01  1.10426273E+00  9.99868568E-01  1.10426273E+00
   116  6.96000000E+01  1.10422818E+00  9.99874007E-01  1.10422818E+00
   117  7.02000000E+01  1.10426161E+00  9.99881056E-01  1.10426161E+00
   118  7.08000000E+01  1.10422618E+00  9.99889911E-01  1.10422618E+00
   119  7.14000000E+01  1.10427554E+00  9.99900784E-01  1.10427554E+00
   120  7.20000000E+01  1.10424417E+00  9.99913909E-01  1.10424417E+00
   121  7.26000000E+01  1.10427396E+00  9.99929538E-01  1.10427396E+00
   122  7.32000000E+01  1.10424177E+00  9.99947945E-01  1.10424177E+00
   123  7.38000000E+01  1.10428745E+00  9.99969430E-01  1.10428745E+00
   124  7.44000000E+01  1.10425930E+00  9.99994316E-01  1.10425930E+00
   125  7.50000000E+01  1.10428609E+00  1.00002295E+00  1.10428609E+00
   126  7.56000000E+01  1.10425717E+00  1.00005572E+00  1.10425717E+00
   127  7.62000000E+01  1.10429967E+00  1.00009303E+00  1.10429967E+00
   128  7.68000000E+01  1.10427478E+00  1.00013532E+00  1.10427478E+00
   129  7.74000000E+01  1.10429891E+00  1.00018308E+00  1.10429891E+00
   130  7.80000000E+01  1.10427330E+00  1.00023680E+00  1.10427330E+00
   131  7.86000000E+01  1.10431292E+00  1.00029706E+00  1.10431292E+00
   132  7.92000000E+01  1.10429130E+00  1.00036443E+00  1.10429130E+00
   133  7.98000000E+01  1.10431296E+00  1.00043955E+00  1.10431296E+00
   134  8.04000000E+01  1.10429067E+00  1.00052312E+00  1.10429067E+00
   135  8.10000000E+01  1.10432747E+00  1.00061585E+00  1.10432747E+00
   136  8.16000000E+01  1.10430914E+00  1.00071854E+00  1.10430914E+00
   137  8.22000000E+01  1.10432834E+00  1.00083201E+00  1.10432834E+00
   138  8.28000000E+01  1.10430938E+00  1.00095716E+00  1.10430938E+00
   139  8.34000000E+01  1.10434342E+00  1.00109494E+00  1.10434342E+00
   140  8.40000000E+01  1.10432839E+00  1.00124637E+00  1.10432839E+00
   141  8.46000000E+01  1.10434514E+00  1.00141251E+00  1.10434514E+00
   142  8.52000000E+01  1.10432951E+00  1.00159452E+00  1.10432951E+00
   143  8.58000000E+01  1.10436073E+00  1.00179362E+00  1.10436073E+00
   144  8.64000000E+01  1.10434900E+00  1.00201109E+00  1.10434900E+00
   145  8.70000000E+01  1.10436323E+00  1.00224828E+00  1.10436323E+00
   146  8.76000000E+01  1.10435092E+00  1.00250665E+00  1.10435092E+00
   147  8.82000000E+01  1.10437929E+00  1.00278771E+00  1.10437929E+00
   148  8.88000000E+01  1.10437084E+00  1.00309306E+00  1.10437084E+00
   149  8.94000000E+01  1.10438248E+00  1.00342437E+00  1.10438248E+00
   150  9.00000000E+01  1.10437348E+00  1.00378341E+00  1.10437348E+00
   151  9.06000000E+01  1.10439890E+00  1.00417202E+00  1.10439890E+00
   152  9.12000000E+01  1.10439373E+00  1.00459213E+00  1.10439373E+00
   153  9.18000000E+01  1.10440268E+00  1.00504574E+00  1.10440268E+00
   154  9.24000000E+01  1.10439698E+00  1.00553495E+00  1.10439698E+00
   155  9.30000000E+01  1.10441939E+00  1.00606192E+00  1.10441939E+00
   156  9.36000000E+01  1.10441749E+00  1.00662890E+00  1.10441749E+00
   157  9.42000000E+01  1.10442367E+00  1.00723821E+00  1.10442367E+00
   158  9.48000000E+01  1.10442126E+00  1.00789222E+00  1.10442126E+00
   159  9.54000000E+01  1.10444057E+00  1.00859339E+00  1.10444057E+00
   160  9.60000000E+01  1.10444192E+00  1.00934419E+00  1.10444192E+00
   161  9.66000000E+01  1.10444524E+00  1.01014715E+00  1.10444524E+00
   162  9.72000000E+01  1.10444610E+00  1.01100485E+00  1.10444610E+00
   163  9.78000000E+01  1.10446227E+00  1.01191985E+00  1.10446227E+00
   164  9.84000000E+01  1.10446686E+00  1.01289473E+00  1.10446686E+00
   165  9.90000000E+01  1.10446726E+00  1.01393203E+00  1.10446726E+00
   166  9.96000000E+01  1.10447138E+00  1.01503425E+00  1.10447138E+00
   167  1.00200000E+02  1.10448434E+00  1.01620385E+00  1.10448434E+00
   168  1.00800000E+02  1.10449214E+00  1.01744318E+00  1.10449214E+00
   169  1.01400000E+02  1.10448958E+00  1.01875445E+00  1.10448958E+00
   170  1.02000000E+02  1.10449692E+00  1.02013976E+00  1.10449692E+00
   171  1.02600000E+02  1.10450665E+00  1.02160100E+00  1.10450665E+00
   172  1.03200000E+02  1.10451765E+00  1.02313983E+00  1.10451765E+00
   173  1.03800000E+02  1.10451207E+00  1.02475769E+00  1.10451207E+00
   174  1.04400000E+02  1.10452263E+00  1.02645568E+00  1.10452263E+00
   175  1.05000000E+02  1.10452908E+00  1.02823459E+00  1.10452908E+00
   176  1.05600000E+02  1.10454327E+00  1.03009480E+00  1.10454327E+00
   177  1.06200000E+02  1.10453464E+00  1.03203628E+00  1.10453464E+00
   178  1.06800000E+02  1.10454839E+00  1.03405852E+00  1.10454839E+00
   179  1.07400000E+02  1.10455156E+00  1.03616047E+00  1.10455156E+00
   180  1.08000000E+02  1.10456891E+00  1.03834052E+00  1.10456891E+00
   181  1.08600000E+02  1.10455721E+00  1.04059644E+00  1.10455721E+00
   182  1.09200000E+02  1.10457414E+00  1.04292533E+00  1.10457414E+00
   183  1.09800000E+02  1.10457400E+00  1.04532358E+00  1.10457400E+00
   184  1.10400000E+02  1.10459449E+00  1.04778683E+00  1.10459449E+00
   185  1.11000000E+02  1.10457971E+00  1.05030994E+00  1.10457971E+00
   186  1.11600000E+02  1.10459979E+00  1.05288696E+00  1.10459979E+00
   187  1.12200000E+02  1.10459636E+00  1.05551112E+00  1.10459636E+00
   188  1.12800000E+02  1.10461997E+00  1.05817478E+00  1.10461997E+00
   189  1.13400000E+02  1.10460210E+00  1.06086947E+00  1.10460210E+00
   190  1.14000000E+02  1.10462531E+00  1.06358588E+00  1.10462531E+00
   191  1.14600000E+02  1.10461858E+00  1.06631388E+00  1.10461858E+00
   192  1.15200000E+02  1.10464529E+00  1.06904254E+00  1.10464529E+00
   193  1.15800000E+02  1.10462433E+00  1.07176019E+00  1.10462433E+00
   194  1.16400000E+02  1.10465066E+00  1.07445448E+00  1.10465066E+00
   195  1.17000000E+02  1.10464064E+00  1.07711246E+00  1.10464064E+00
   196  1.17600000E+02  1.10467044E+00  1.07972065E+00  1.10467044E+00
   197  1.18200000E+02  1.10464639E+00  1.08226519E+00  1.10464639E+00
   198  1.18800000E+02  1.10467581E+00  1.08473198E+00  1.10467581E+00
   199  1.19400000E+02  1.10466251E+00  1.08710681E+00  1.10466251E+00
   200  1.20000000E+02  1.10469537E+00  1.08937560E+00  1.10469537E+00
   201  1.20600000E+02  1.10466824E+00  1.09152461E+00  1.10466824E+00
   202  1.21200000E+02  1.10470074E+00  1.09354069E+00  1.10470074E+00
   203  1.21800000E+02  1.10468418E+00  1.09541159E+00  1.10468418E+00
   204  1.22400000E+02  1.10472009E+00  1.09712625E+00  1.10472009E+00
   205  1.23000000E+02  1.10468987E+00  1.09867515E+00  1.10468987E+00
   206  1.23600000E+02  1.10472543E+00  1.10005070E+00  1.10472543E+00
   207  1.24200000E+02  1.10470563E+00  1.10124752E+00  1.10470563E+00
   208  1.24800000E+02  1.10474457E+00  1.10226286E+00  1.10474457E+00
   209  1.25400000E+02  1.10471115E+00  1.10309684E+00  1.10471115E+00
   210  1.26000000E+02  1.10474980E+00  1.10375276E+00  1.10474980E+00
   211  1.26600000E+02  1.10472696E+00  1.10423720E+00  1.10472696E+00
   212  1.27200000E+02  1.10476899E+00  1.10456015E+00  1.10476899E+00
   213  1.27800000E+02  1.10473484E+00  1.10473484E+00  1.10473484E+00
   214  1.28400000E+02  1.10477759E+00  1.10477759E+00  1.10477759E+00
   215  1.29000000E+02  1.10470736E+00  1.10470736E+00  1.10470736E+00
   216  1.29600000E+02  1.10454521E+00  1.10454521E+00  1.10454521E+00
   217  1.30200000E+02  1.10431354E+00  1.10431354E+00  1.10431354E+00
   218  1.30800000E+02  1.10403530E+00  1.10403530E+00  1.10403530E+00
   219  1.31400000E+02  1.10373301E+00  1.10373301E+00  1.10373301E+00
   220  1.32000000E+02  1.10342779E+00  1.10342779E+00  1.10342779E+00
   221  1.32600000E+02  1.10313845E+00  1.10313845E+00  1.10313845E+00
   222  1.33200000E+02  1.10294911E+00  1.10288066E+00  1.10294911E+00
   223  1.33800000E+02  1.10294911E+00  1.10266628E+00  1.10294911E+00
   224  1.34400000E+02  1.10294911E+00  1.10250295E+00  1.10294911E+00
   225  1.35000000E+02  1.10294911E+00  1.10239396E+00  1.10294911E+00
   226  1.35600000E+02  1.10294911E+00  1.10233839E+00  1.10294911E+00
   227  1.36200000E+02  1.10294911E+00  1.10233156E+00  1.10294911E+00
   228  1.36800000E+02  1.10294911E+00  1.10236578E+00  1.10294911E+00
   229  1.37400000E+02  1.10294911E+00  1.10243120E+00  1.10294911E+00
   230  1.38000000E+02  1.10294911E+00  1.10251686E+00  1.10294911E+00
   231  1.38600000E+02  1.10294911E+00  1.10261172E+00  1.10294911E+00
   232  1.39200000E+02  1.10294911E+00  1.10270564E+00  1.10294911E+00
   233  1.39800000E+02  1.10294911E+00  1.10279012E+00  1.10294911E+00
   234  1.40400000E+02  1.10294911E+00  1.10285894E+00  1.10294911E+00
   235  1.41000000E+02  1.10294911E+00  1.10290838E+00  1.10294911E+00
   236  1.41600000E+02  1.10294911E+00  1.10293724E+00  1.10294911E+00
   237  1.42200000E+02  1.10294910E+00  1.10294662E+00  1.10294910E+00
   238  1.42800000E+02  1.10294910E+00  1.10293940E+00  1.10294910E+00
   239  1.43400000E+02  1.10294910E+00  1.10291971E+00  1.10294910E+00
   240  1.44000000E+02  1.10294910E+00  1.10289225E+00  1.10294910E+00
   241  1.44600000E+02  1.10294910E+00  1.10286166E+00  1.10294910E+00
   242  1.45200000E+02  1.10294910E+00  1.10283201E+00  1.10294910E+00
   243  1.45800000E+02  1.10294910E+00  1.10280646E+00  1.10294910E+00
   244  1.46400000E+02  1.10294910E+00  1.10278702E+00  1.10294910E+00
   245  1.47000000E+02  1.10294910E+00  1.10277454E+00  1.10294910E+00
   246  1.47600000E+02  1.10294910E+00  1.10276883E+00  1.10294910E+00
   247  1.48200000E+02  1.10294910E+00  1.10276889E+00  1.10294910E+00
   248  1.48800000E+02  1.10294910E+00  1.10277322E+00  1.10294910E+00
   249  1.49400000E+02  1.10294910E+00  1.10278010E+00  1.10294910E+00
   250  1.50000000E+02  1.10294910E+00  1.10278789E+00  1.10294910E+00
   251  1.50600000E+02  1.10294910E+00  1.10279520E+00  1.10294910E+00
   252  1.51200000E+02  1.10294910E+00  1.10280106E+00  1.10294910E+00
   253  1.51800000E+02  1.10294910E+00  1.10280494E+00  1.10294910E+00
   254  1.52400000E+02  1.10294910E+00  1.10280674E+00  1.10294910E+00
   255  1.53000000E+02  1.10294910E+00  1.10280666E+00  1.10294910E+00
 steady-height stop at step    255: changes <=   1.0000E-05, max-end <=   1.0000E-02, max/end/gap/profile_change =   1.10294910E+00  1.10280666E+00  1.42441403E-04  2.48979996E-06


STDERR:
