COMMAND:
/shared/generate_rom_data/extrudate_swell2d_c_cluster

STDOUT:
 comppar: model =   6
 comppar: lambda,mobility/eps,betav,eta_0 =  6.4000E+00  3.6667E-01  3.0000E-01  1.0000E+00
 comppar: eta_s,eta_p,G =  3.0000E-01  7.0000E-01  1.0937E-01
 comppar: U_avg,deltat,flowrate,nsteps =  5.0000E-02  6.0000E-01  1.5708E-01     700
 comppar: geometry = axisymmetric
 comppar: steady stop change,gap,hold,min =  1.0000E-05  1.0000E-02      10      80
 comppar: ncompc,ncompg =     4     5
 mesh nnodes = 5765
 mesh nelem = 2780
 P1 BC   5.0000000000000000     
 P2 BC   0.0000000000000000     
     1  6.00000000E-01  1.00378845E+00  1.00000000E+00  1.00378845E+00
     2  1.20000000E+00  1.00746618E+00  1.00000000E+00  1.00746618E+00
     3  1.80000000E+00  1.01101484E+00  1.00000000E+00  1.01101484E+00
     4  2.40000000E+00  1.01445463E+00  1.00000000E+00  1.01445463E+00
     5  3.00000000E+00  1.01779390E+00  1.00000000E+00  1.01779390E+00
     6  3.60000000E+00  1.02104475E+00  1.00000000E+00  1.02104475E+00
     7  4.20000000E+00  1.02421969E+00  1.00000000E+00  1.02421969E+00
     8  4.80000000E+00  1.02732027E+00  1.00000001E+00  1.02732027E+00
     9  5.40000000E+00  1.03036780E+00  1.00000001E+00  1.03036780E+00
    10  6.00000000E+00  1.03337267E+00  1.00000001E+00  1.03337267E+00
    11  6.60000000E+00  1.03630348E+00  1.00000001E+00  1.03630348E+00
    12  7.20000000E+00  1.03921707E+00  1.00000001E+00  1.03921707E+00
    13  7.80000000E+00  1.04206661E+00  1.00000001E+00  1.04206661E+00
    14  8.40000000E+00  1.04487876E+00  1.00000001E+00  1.04487876E+00
    15  9.00000000E+00  1.04764101E+00  1.00000001E+00  1.04764101E+00
    16  9.60000000E+00  1.05036371E+00  1.00000001E+00  1.05036371E+00
    17  1.02000000E+01  1.05302676E+00  1.00000000E+00  1.05302676E+00
    18  1.08000000E+01  1.05565280E+00  9.99999999E-01  1.05565280E+00
    19  1.14000000E+01  1.05816072E+00  9.99999994E-01  1.05816072E+00
    20  1.20000000E+01  1.06069754E+00  9.99999988E-01  1.06069754E+00
    21  1.26000000E+01  1.06310155E+00  9.99999980E-01  1.06310155E+00
    22  1.32000000E+01  1.06550145E+00  9.99999970E-01  1.06550145E+00
    23  1.38000000E+01  1.06779965E+00  9.99999959E-01  1.06779965E+00
    24  1.44000000E+01  1.07004559E+00  9.99999945E-01  1.07004559E+00
    25  1.50000000E+01  1.07225627E+00  9.99999929E-01  1.07225627E+00
    26  1.56000000E+01  1.07433591E+00  9.99999910E-01  1.07433591E+00
    27  1.62000000E+01  1.07645516E+00  9.99999888E-01  1.07645516E+00
    28  1.68000000E+01  1.07841173E+00  9.99999863E-01  1.07841173E+00
    29  1.74000000E+01  1.08035989E+00  9.99999834E-01  1.08035989E+00
    30  1.80000000E+01  1.08225087E+00  9.99999801E-01  1.08225087E+00
    31  1.86000000E+01  1.08399116E+00  9.99999763E-01  1.08399116E+00
    32  1.92000000E+01  1.08581547E+00  9.99999721E-01  1.08581547E+00
    33  1.98000000E+01  1.08746868E+00  9.99999673E-01  1.08746868E+00
    34  2.04000000E+01  1.08906537E+00  9.99999619E-01  1.08906537E+00
    35  2.10000000E+01  1.09068905E+00  9.99999558E-01  1.09068905E+00
    36  2.16000000E+01  1.09214293E+00  9.99999490E-01  1.09214293E+00
    37  2.22000000E+01  1.09362573E+00  9.99999414E-01  1.09362573E+00
    38  2.28000000E+01  1.09504937E+00  9.99999329E-01  1.09504937E+00
    39  2.34000000E+01  1.09630985E+00  9.99999235E-01  1.09630985E+00
    40  2.40000000E+01  1.09765243E+00  9.99999131E-01  1.09765243E+00
    41  2.46000000E+01  1.09891911E+00  9.99999016E-01  1.09891911E+00
    42  2.52000000E+01  1.10003369E+00  9.99998889E-01  1.10003369E+00
    43  2.58000000E+01  1.10123303E+00  9.99998749E-01  1.10123303E+00
    44  2.64000000E+01  1.10234880E+00  9.99998595E-01  1.10234880E+00
    45  2.70000000E+01  1.10332609E+00  9.99998426E-01  1.10332609E+00
    46  2.76000000E+01  1.10438915E+00  9.99998241E-01  1.10438915E+00
    47  2.82000000E+01  1.10537515E+00  9.99998038E-01  1.10537515E+00
    48  2.88000000E+01  1.10623843E+00  9.99997816E-01  1.10623843E+00
    49  2.94000000E+01  1.10716553E+00  9.99997574E-01  1.10716553E+00
    50  3.00000000E+01  1.10803115E+00  9.99997309E-01  1.10803115E+00
    51  3.06000000E+01  1.10879107E+00  9.99997022E-01  1.10879107E+00
    52  3.12000000E+01  1.10960940E+00  9.99996709E-01  1.10960940E+00
    53  3.18000000E+01  1.11037508E+00  9.99996369E-01  1.11037508E+00
    54  3.24000000E+01  1.11105057E+00  9.99996000E-01  1.11105057E+00
    55  3.30000000E+01  1.11173687E+00  9.99995600E-01  1.11173687E+00
    56  3.36000000E+01  1.11241353E+00  9.99995167E-01  1.11241353E+00
    57  3.42000000E+01  1.11301564E+00  9.99994699E-01  1.11301564E+00
    58  3.48000000E+01  1.11360615E+00  9.99994194E-01  1.11360615E+00
    59  3.54000000E+01  1.11420988E+00  9.99993648E-01  1.11420988E+00
    60  3.60000000E+01  1.11475053E+00  9.99993061E-01  1.11475053E+00
    61  3.66000000E+01  1.11523891E+00  9.99992428E-01  1.11523891E+00
    62  3.72000000E+01  1.11576431E+00  9.99991747E-01  1.11576431E+00
    63  3.78000000E+01  1.11625343E+00  9.99991015E-01  1.11625343E+00
    64  3.84000000E+01  1.11669770E+00  9.99990230E-01  1.11669770E+00
    65  3.90000000E+01  1.11714070E+00  9.99989388E-01  1.11714070E+00
    66  3.96000000E+01  1.11758236E+00  9.99988486E-01  1.11758236E+00
    67  4.02000000E+01  1.11798304E+00  9.99987521E-01  1.11798304E+00
    68  4.08000000E+01  1.11834491E+00  9.99986488E-01  1.11834491E+00
    69  4.14000000E+01  1.11872770E+00  9.99985386E-01  1.11872770E+00
    70  4.20000000E+01  1.11909158E+00  9.99984210E-01  1.11909158E+00
    71  4.26000000E+01  1.11941743E+00  9.99982956E-01  1.11941743E+00
    72  4.32000000E+01  1.11972813E+00  9.99981620E-01  1.11972813E+00
    73  4.38000000E+01  1.12005290E+00  9.99980199E-01  1.12005290E+00
    74  4.44000000E+01  1.12034053E+00  9.99978690E-01  1.12034053E+00
    75  4.50000000E+01  1.12059083E+00  9.99977087E-01  1.12059083E+00
    76  4.56000000E+01  1.12087701E+00  9.99975387E-01  1.12087701E+00
    77  4.62000000E+01  1.12113000E+00  9.99973586E-01  1.12113000E+00
    78  4.68000000E+01  1.12134598E+00  9.99971680E-01  1.12134598E+00
    79  4.74000000E+01  1.12158017E+00  9.99969665E-01  1.12158017E+00
    80  4.80000000E+01  1.12179836E+00  9.99967537E-01  1.12179836E+00
    81  4.86000000E+01  1.12198164E+00  9.99965294E-01  1.12198164E+00
    82  4.92000000E+01  1.12217601E+00  9.99962931E-01  1.12217601E+00
    83  4.98000000E+01  1.12236170E+00  9.99960444E-01  1.12236170E+00
    84  5.04000000E+01  1.12251425E+00  9.99957832E-01  1.12251425E+00
    85  5.10000000E+01  1.12267384E+00  9.99955091E-01  1.12267384E+00
    86  5.16000000E+01  1.12282947E+00  9.99952219E-01  1.12282947E+00
    87  5.22000000E+01  1.12295508E+00  9.99949213E-01  1.12295508E+00
    88  5.28000000E+01  1.12308812E+00  9.99946073E-01  1.12308812E+00
    89  5.34000000E+01  1.12321551E+00  9.99942798E-01  1.12321551E+00
    90  5.40000000E+01  1.12331605E+00  9.99939387E-01  1.12331605E+00
    91  5.46000000E+01  1.12342757E+00  9.99935841E-01  1.12342757E+00
    92  5.52000000E+01  1.12353091E+00  9.99932161E-01  1.12353091E+00
    93  5.58000000E+01  1.12361101E+00  9.99928351E-01  1.12361101E+00
    94  5.64000000E+01  1.12370129E+00  9.99924412E-01  1.12370129E+00
    95  5.70000000E+01  1.12378247E+00  9.99920351E-01  1.12378247E+00
    96  5.76000000E+01  1.12384427E+00  9.99916173E-01  1.12384427E+00
    97  5.82000000E+01  1.12392047E+00  9.99911886E-01  1.12392047E+00
    98  5.88000000E+01  1.12398405E+00  9.99907499E-01  1.12398405E+00
    99  5.94000000E+01  1.12403174E+00  9.99903025E-01  1.12403174E+00
   100  6.00000000E+01  1.12408937E+00  9.99898476E-01  1.12408937E+00
   101  6.06000000E+01  1.12413756E+00  9.99893868E-01  1.12413756E+00
   102  6.12000000E+01  1.12417356E+00  9.99889220E-01  1.12417356E+00
   103  6.18000000E+01  1.12422228E+00  9.99884554E-01  1.12422228E+00
   104  6.24000000E+01  1.12425886E+00  9.99879894E-01  1.12425886E+00
   105  6.30000000E+01  1.12428609E+00  9.99875268E-01  1.12428609E+00
   106  6.36000000E+01  1.12431846E+00  9.99870708E-01  1.12431846E+00
   107  6.42000000E+01  1.12434584E+00  9.99866251E-01  1.12434584E+00
   108  6.48000000E+01  1.12436676E+00  9.99861937E-01  1.12436676E+00
   109  6.54000000E+01  1.12439261E+00  9.99857812E-01  1.12439261E+00
   110  6.60000000E+01  1.12441317E+00  9.99853927E-01  1.12441317E+00
   111  6.66000000E+01  1.12442926E+00  9.99850340E-01  1.12442926E+00
   112  6.72000000E+01  1.12444266E+00  9.99847113E-01  1.12444266E+00
   113  6.78000000E+01  1.12445708E+00  9.99844318E-01  1.12445708E+00
   114  6.84000000E+01  1.12447051E+00  9.99842032E-01  1.12447051E+00
   115  6.90000000E+01  1.12448245E+00  9.99840342E-01  1.12448245E+00
   116  6.96000000E+01  1.12449352E+00  9.99839343E-01  1.12449352E+00
   117  7.02000000E+01  1.12450397E+00  9.99839141E-01  1.12450397E+00
   118  7.08000000E+01  1.12451384E+00  9.99839850E-01  1.12451384E+00
   119  7.14000000E+01  1.12452304E+00  9.99841597E-01  1.12452304E+00
   120  7.20000000E+01  1.12453149E+00  9.99844520E-01  1.12453149E+00
   121  7.26000000E+01  1.12453968E+00  9.99848770E-01  1.12453968E+00
   122  7.32000000E+01  1.12454811E+00  9.99854514E-01  1.12454811E+00
   123  7.38000000E+01  1.12455583E+00  9.99861931E-01  1.12455583E+00
   124  7.44000000E+01  1.12456278E+00  9.99871216E-01  1.12456278E+00
   125  7.50000000E+01  1.12456898E+00  9.99882584E-01  1.12456898E+00
   126  7.56000000E+01  1.12457447E+00  9.99896266E-01  1.12457447E+00
   127  7.62000000E+01  1.12457934E+00  9.99912514E-01  1.12457934E+00
   128  7.68000000E+01  1.12458367E+00  9.99931601E-01  1.12458367E+00
   129  7.74000000E+01  1.12458756E+00  9.99953822E-01  1.12458756E+00
   130  7.80000000E+01  1.12459121E+00  9.99979497E-01  1.12459121E+00
   131  7.86000000E+01  1.12459511E+00  1.00000897E+00  1.12459511E+00
   132  7.92000000E+01  1.12459863E+00  1.00004262E+00  1.12459863E+00
   133  7.98000000E+01  1.12460186E+00  1.00008084E+00  1.12460186E+00
   134  8.04000000E+01  1.12460482E+00  1.00012407E+00  1.12460482E+00
   135  8.10000000E+01  1.12460755E+00  1.00017278E+00  1.12460755E+00
   136  8.16000000E+01  1.12461008E+00  1.00022746E+00  1.12461008E+00
   137  8.22000000E+01  1.12461241E+00  1.00028865E+00  1.12461241E+00
   138  8.28000000E+01  1.12461456E+00  1.00035693E+00  1.12461456E+00
   139  8.34000000E+01  1.12461651E+00  1.00043292E+00  1.12461651E+00
   140  8.40000000E+01  1.12461829E+00  1.00051727E+00  1.12461829E+00
   141  8.46000000E+01  1.12461990E+00  1.00061070E+00  1.12461990E+00
   142  8.52000000E+01  1.12462133E+00  1.00071396E+00  1.12462133E+00
   143  8.58000000E+01  1.12462261E+00  1.00082785E+00  1.12462261E+00
   144  8.64000000E+01  1.12462374E+00  1.00095324E+00  1.12462374E+00
   145  8.70000000E+01  1.12462474E+00  1.00109103E+00  1.12462474E+00
   146  8.76000000E+01  1.12462561E+00  1.00124220E+00  1.12462561E+00
   147  8.82000000E+01  1.12462637E+00  1.00140778E+00  1.12462637E+00
   148  8.88000000E+01  1.12462703E+00  1.00158888E+00  1.12462703E+00
   149  8.94000000E+01  1.12462761E+00  1.00178666E+00  1.12462761E+00
   150  9.00000000E+01  1.12462810E+00  1.00200235E+00  1.12462810E+00
   151  9.06000000E+01  1.12462852E+00  1.00223725E+00  1.12462852E+00
   152  9.12000000E+01  1.12462888E+00  1.00249274E+00  1.12462888E+00
   153  9.18000000E+01  1.12462918E+00  1.00277028E+00  1.12462918E+00
   154  9.24000000E+01  1.12462943E+00  1.00307139E+00  1.12462943E+00
   155  9.30000000E+01  1.12462963E+00  1.00339768E+00  1.12462963E+00
   156  9.36000000E+01  1.12462980E+00  1.00375084E+00  1.12462980E+00
   157  9.42000000E+01  1.12462993E+00  1.00413264E+00  1.12462993E+00
   158  9.48000000E+01  1.12463003E+00  1.00454493E+00  1.12463003E+00
   159  9.54000000E+01  1.12463010E+00  1.00498964E+00  1.12463010E+00
   160  9.60000000E+01  1.12463016E+00  1.00546877E+00  1.12463016E+00
   161  9.66000000E+01  1.12463019E+00  1.00598444E+00  1.12463019E+00
   162  9.72000000E+01  1.12463022E+00  1.00653879E+00  1.12463022E+00
   163  9.78000000E+01  1.12463023E+00  1.00713409E+00  1.12463023E+00
   164  9.84000000E+01  1.12463022E+00  1.00777265E+00  1.12463022E+00
   165  9.90000000E+01  1.12463022E+00  1.00845684E+00  1.12463022E+00
   166  9.96000000E+01  1.12463020E+00  1.00918913E+00  1.12463020E+00
   167  1.00200000E+02  1.12463018E+00  1.00997200E+00  1.12463018E+00
   168  1.00800000E+02  1.12463016E+00  1.01080799E+00  1.12463016E+00
   169  1.01400000E+02  1.12463013E+00  1.01169967E+00  1.12463013E+00
   170  1.02000000E+02  1.12463010E+00  1.01264965E+00  1.12463010E+00
   171  1.02600000E+02  1.12463007E+00  1.01366052E+00  1.12463007E+00
   172  1.03200000E+02  1.12463004E+00  1.01473487E+00  1.12463004E+00
   173  1.03800000E+02  1.12463001E+00  1.01587524E+00  1.12463001E+00
   174  1.04400000E+02  1.12462998E+00  1.01708416E+00  1.12462998E+00
   175  1.05000000E+02  1.12462995E+00  1.01836404E+00  1.12462995E+00
   176  1.05600000E+02  1.12462993E+00  1.01971723E+00  1.12462993E+00
   177  1.06200000E+02  1.12462990E+00  1.02114591E+00  1.12462990E+00
   178  1.06800000E+02  1.12462987E+00  1.02265213E+00  1.12462987E+00
   179  1.07400000E+02  1.12462985E+00  1.02423776E+00  1.12462985E+00
   180  1.08000000E+02  1.12462983E+00  1.02590440E+00  1.12462983E+00
   181  1.08600000E+02  1.12462981E+00  1.02765345E+00  1.12462981E+00
   182  1.09200000E+02  1.12462979E+00  1.02948597E+00  1.12462979E+00
   183  1.09800000E+02  1.12462977E+00  1.03140269E+00  1.12462977E+00
   184  1.10400000E+02  1.12462975E+00  1.03340398E+00  1.12462975E+00
   185  1.11000000E+02  1.12462973E+00  1.03548977E+00  1.12462973E+00
   186  1.11600000E+02  1.12462972E+00  1.03765954E+00  1.12462972E+00
   187  1.12200000E+02  1.12462971E+00  1.03991226E+00  1.12462971E+00
   188  1.12800000E+02  1.12462969E+00  1.04224635E+00  1.12462969E+00
   189  1.13400000E+02  1.12462968E+00  1.04465964E+00  1.12462968E+00
   190  1.14000000E+02  1.12462967E+00  1.04714934E+00  1.12462967E+00
   191  1.14600000E+02  1.12462966E+00  1.04971198E+00  1.12462966E+00
   192  1.15200000E+02  1.12462965E+00  1.05234341E+00  1.12462965E+00
   193  1.15800000E+02  1.12462965E+00  1.05503874E+00  1.12462965E+00
   194  1.16400000E+02  1.12462964E+00  1.05779236E+00  1.12462964E+00
   195  1.17000000E+02  1.12462963E+00  1.06059790E+00  1.12462963E+00
   196  1.17600000E+02  1.12462963E+00  1.06344822E+00  1.12462963E+00
   197  1.18200000E+02  1.12462962E+00  1.06633544E+00  1.12462962E+00
   198  1.18800000E+02  1.12462962E+00  1.06925095E+00  1.12462962E+00
   199  1.19400000E+02  1.12462961E+00  1.07218544E+00  1.12462961E+00
   200  1.20000000E+02  1.12462961E+00  1.07512892E+00  1.12462961E+00
   201  1.20600000E+02  1.12462960E+00  1.07807079E+00  1.12462960E+00
   202  1.21200000E+02  1.12462960E+00  1.08099988E+00  1.12462960E+00
   203  1.21800000E+02  1.12462960E+00  1.08390459E+00  1.12462960E+00
   204  1.22400000E+02  1.12462959E+00  1.08677290E+00  1.12462959E+00
   205  1.23000000E+02  1.12462959E+00  1.08959257E+00  1.12462959E+00
   206  1.23600000E+02  1.12462959E+00  1.09235119E+00  1.12462959E+00
   207  1.24200000E+02  1.12462959E+00  1.09503639E+00  1.12462959E+00
   208  1.24800000E+02  1.12462959E+00  1.09763597E+00  1.12462959E+00
   209  1.25400000E+02  1.12462958E+00  1.10013811E+00  1.12462958E+00
   210  1.26000000E+02  1.12462958E+00  1.10253156E+00  1.12462958E+00
   211  1.26600000E+02  1.12462958E+00  1.10480588E+00  1.12462958E+00
   212  1.27200000E+02  1.12462958E+00  1.10695162E+00  1.12462958E+00
   213  1.27800000E+02  1.12462958E+00  1.10896065E+00  1.12462958E+00
   214  1.28400000E+02  1.12462958E+00  1.11082630E+00  1.12462958E+00
   215  1.29000000E+02  1.12462958E+00  1.11254363E+00  1.12462958E+00
   216  1.29600000E+02  1.12462958E+00  1.11410965E+00  1.12462958E+00
   217  1.30200000E+02  1.12462958E+00  1.11552343E+00  1.12462958E+00
   218  1.30800000E+02  1.12462957E+00  1.11678627E+00  1.12462957E+00
   219  1.31400000E+02  1.12462957E+00  1.11790170E+00  1.12462957E+00
   220  1.32000000E+02  1.12462957E+00  1.11887547E+00  1.12462957E+00
   221  1.32600000E+02  1.12462957E+00  1.11971545E+00  1.12462957E+00
   222  1.33200000E+02  1.12462957E+00  1.12043140E+00  1.12462957E+00
   223  1.33800000E+02  1.12462957E+00  1.12103463E+00  1.12462957E+00
   224  1.34400000E+02  1.12462957E+00  1.12153769E+00  1.12462957E+00
   225  1.35000000E+02  1.12462957E+00  1.12195383E+00  1.12462957E+00
   226  1.35600000E+02  1.12462957E+00  1.12229653E+00  1.12462957E+00
   227  1.36200000E+02  1.12462957E+00  1.12257896E+00  1.12462957E+00
   228  1.36800000E+02  1.12462957E+00  1.12281346E+00  1.12462957E+00
   229  1.37400000E+02  1.12462957E+00  1.12301113E+00  1.12462957E+00
   230  1.38000000E+02  1.12462957E+00  1.12318139E+00  1.12462957E+00
   231  1.38600000E+02  1.12462957E+00  1.12333178E+00  1.12462957E+00
   232  1.39200000E+02  1.12462957E+00  1.12346786E+00  1.12462957E+00
   233  1.39800000E+02  1.12462957E+00  1.12359320E+00  1.12462957E+00
   234  1.40400000E+02  1.12462957E+00  1.12370962E+00  1.12462957E+00
   235  1.41000000E+02  1.12462957E+00  1.12381746E+00  1.12462957E+00
   236  1.41600000E+02  1.12462957E+00  1.12391599E+00  1.12462957E+00
   237  1.42200000E+02  1.12462957E+00  1.12400386E+00  1.12462957E+00
   238  1.42800000E+02  1.12462957E+00  1.12407954E+00  1.12462957E+00
   239  1.43400000E+02  1.12462957E+00  1.12414172E+00  1.12462957E+00
   240  1.44000000E+02  1.12462957E+00  1.12418967E+00  1.12462957E+00
   241  1.44600000E+02  1.12462957E+00  1.12422337E+00  1.12462957E+00
   242  1.45200000E+02  1.12462957E+00  1.12424368E+00  1.12462957E+00
   243  1.45800000E+02  1.12462957E+00  1.12425221E+00  1.12462957E+00
   244  1.46400000E+02  1.12462957E+00  1.12425125E+00  1.12462957E+00
   245  1.47000000E+02  1.12462957E+00  1.12424347E+00  1.12462957E+00
   246  1.47600000E+02  1.12462957E+00  1.12423169E+00  1.12462957E+00
   247  1.48200000E+02  1.12462957E+00  1.12421857E+00  1.12462957E+00
   248  1.48800000E+02  1.12462957E+00  1.12420641E+00  1.12462957E+00
   249  1.49400000E+02  1.12462957E+00  1.12419693E+00  1.12462957E+00
   250  1.50000000E+02  1.12462957E+00  1.12419122E+00  1.12462957E+00
   251  1.50600000E+02  1.12462957E+00  1.12418968E+00  1.12462957E+00
   252  1.51200000E+02  1.12462957E+00  1.12419214E+00  1.12462957E+00
   253  1.51800000E+02  1.12462957E+00  1.12419794E+00  1.12462957E+00
   254  1.52400000E+02  1.12462957E+00  1.12420612E+00  1.12462957E+00
   255  1.53000000E+02  1.12462957E+00  1.12421561E+00  1.12462957E+00
   256  1.53600000E+02  1.12462957E+00  1.12422535E+00  1.12462957E+00
   257  1.54200000E+02  1.12462957E+00  1.12423446E+00  1.12462957E+00
   258  1.54800000E+02  1.12462957E+00  1.12424230E+00  1.12462957E+00
 steady-height stop at step    258: changes <=   1.0000E-05, max-end <=   1.0000E-02, max/end/gap/profile_change =   1.12462957E+00  1.12424230E+00  3.87268418E-04  7.83714717E-06


STDERR:
