COMMAND:
/shared/generate_rom_data/extrudate_swell2d_c_cluster

STDOUT:
 comppar: model =   2
 comppar: lambda,mobility/eps,betav,eta_0 =  6.4000E+00  3.0000E-01  5.0000E-01  1.0000E+00
 comppar: eta_s,eta_p,G =  5.0000E-01  5.0000E-01  7.8125E-02
 comppar: U_avg,deltat,flowrate,nsteps =  1.0000E-01  6.0000E-01  3.1416E-01     700
 comppar: geometry = axisymmetric
 comppar: steady stop change,gap,hold,min =  1.0000E-05  1.0000E-02      10      80
 comppar: ncompc,ncompg =     4     5
 mesh nnodes = 5765
 mesh nelem = 2780
 P1 BC   5.0000000000000000     
 P2 BC   0.0000000000000000     
     1  6.00000000E-01  1.00753195E+00  1.00000000E+00  1.00753195E+00
     2  1.20000000E+00  1.01470168E+00  1.00000000E+00  1.01470168E+00
     3  1.80000000E+00  1.02154736E+00  1.00000000E+00  1.02154736E+00
     4  2.40000000E+00  1.02817369E+00  1.00000000E+00  1.02817369E+00
     5  3.00000000E+00  1.03465915E+00  1.00000000E+00  1.03465915E+00
     6  3.60000000E+00  1.04105363E+00  1.00000000E+00  1.04105363E+00
     7  4.20000000E+00  1.04740880E+00  1.00000000E+00  1.04740880E+00
     8  4.80000000E+00  1.05376967E+00  9.99999993E-01  1.05376967E+00
     9  5.40000000E+00  1.06017803E+00  9.99999981E-01  1.06017803E+00
    10  6.00000000E+00  1.06660278E+00  9.99999965E-01  1.06660278E+00
    11  6.60000000E+00  1.07317902E+00  9.99999942E-01  1.07317902E+00
    12  7.20000000E+00  1.07980420E+00  9.99999910E-01  1.07980420E+00
    13  7.80000000E+00  1.08651379E+00  9.99999870E-01  1.08651379E+00
    14  8.40000000E+00  1.09336387E+00  9.99999818E-01  1.09336387E+00
    15  9.00000000E+00  1.10029434E+00  9.99999754E-01  1.10029434E+00
    16  9.60000000E+00  1.10732469E+00  9.99999676E-01  1.10732469E+00
    17  1.02000000E+01  1.11448460E+00  9.99999581E-01  1.11448460E+00
    18  1.08000000E+01  1.12166777E+00  9.99999468E-01  1.12166777E+00
    19  1.14000000E+01  1.12895646E+00  9.99999335E-01  1.12895646E+00
    20  1.20000000E+01  1.13635405E+00  9.99999179E-01  1.13635405E+00
    21  1.26000000E+01  1.14376010E+00  9.99998998E-01  1.14376010E+00
    22  1.32000000E+01  1.15116559E+00  9.99998788E-01  1.15116559E+00
    23  1.38000000E+01  1.15860850E+00  9.99998547E-01  1.15860850E+00
    24  1.44000000E+01  1.16610698E+00  9.99998272E-01  1.16610698E+00
    25  1.50000000E+01  1.17355566E+00  9.99997959E-01  1.17355566E+00
    26  1.56000000E+01  1.18093344E+00  9.99997605E-01  1.18093344E+00
    27  1.62000000E+01  1.18821649E+00  9.99997204E-01  1.18821649E+00
    28  1.68000000E+01  1.19550172E+00  9.99996754E-01  1.19550172E+00
    29  1.74000000E+01  1.20274864E+00  9.99996248E-01  1.20274864E+00
    30  1.80000000E+01  1.20985104E+00  9.99995683E-01  1.20985104E+00
    31  1.86000000E+01  1.21678369E+00  9.99995052E-01  1.21678369E+00
    32  1.92000000E+01  1.22362598E+00  9.99994351E-01  1.22362598E+00
    33  1.98000000E+01  1.23045483E+00  9.99993572E-01  1.23045483E+00
    34  2.04000000E+01  1.23707251E+00  9.99992710E-01  1.23707251E+00
    35  2.10000000E+01  1.24345061E+00  9.99991758E-01  1.24345061E+00
    36  2.16000000E+01  1.24995008E+00  9.99990708E-01  1.24995008E+00
    37  2.22000000E+01  1.25622425E+00  9.99989552E-01  1.25622425E+00
    38  2.28000000E+01  1.26222262E+00  9.99988283E-01  1.26222262E+00
    39  2.34000000E+01  1.26830799E+00  9.99986892E-01  1.26830799E+00
    40  2.40000000E+01  1.27419605E+00  9.99985370E-01  1.27419605E+00
    41  2.46000000E+01  1.27977662E+00  9.99983707E-01  1.27977662E+00
    42  2.52000000E+01  1.28539922E+00  9.99981893E-01  1.28539922E+00
    43  2.58000000E+01  1.29086506E+00  9.99979918E-01  1.29086506E+00
    44  2.64000000E+01  1.29600402E+00  9.99977771E-01  1.29600402E+00
    45  2.70000000E+01  1.30123705E+00  9.99975439E-01  1.30123705E+00
    46  2.76000000E+01  1.30626377E+00  9.99972912E-01  1.30626377E+00
    47  2.82000000E+01  1.31096020E+00  9.99970176E-01  1.31096020E+00
    48  2.88000000E+01  1.31582656E+00  9.99967218E-01  1.31582656E+00
    49  2.94000000E+01  1.32042095E+00  9.99964026E-01  1.32042095E+00
    50  3.00000000E+01  1.32475936E+00  9.99960585E-01  1.32475936E+00
    51  3.06000000E+01  1.32924830E+00  9.99956881E-01  1.32924830E+00
    52  3.12000000E+01  1.33343702E+00  9.99952899E-01  1.33343702E+00
    53  3.18000000E+01  1.33739941E+00  9.99948625E-01  1.33739941E+00
    54  3.24000000E+01  1.34150309E+00  9.99944044E-01  1.34150309E+00
    55  3.30000000E+01  1.34535107E+00  9.99939140E-01  1.34535107E+00
    56  3.36000000E+01  1.34898598E+00  9.99933899E-01  1.34898598E+00
    57  3.42000000E+01  1.35273165E+00  9.99928307E-01  1.35273165E+00
    58  3.48000000E+01  1.35629912E+00  9.99922348E-01  1.35629912E+00
    59  3.54000000E+01  1.35971007E+00  9.99916008E-01  1.35971007E+00
    60  3.60000000E+01  1.36311424E+00  9.99909274E-01  1.36311424E+00
    61  3.66000000E+01  1.36647592E+00  9.99902134E-01  1.36647592E+00
    62  3.72000000E+01  1.36972396E+00  9.99894576E-01  1.36972396E+00
    63  3.78000000E+01  1.37288210E+00  9.99886590E-01  1.37288210E+00
    64  3.84000000E+01  1.37595870E+00  9.99878167E-01  1.37595870E+00
    65  3.90000000E+01  1.37904474E+00  9.99869302E-01  1.37904474E+00
    66  3.96000000E+01  1.38208345E+00  9.99859991E-01  1.38208345E+00
    67  4.02000000E+01  1.38503151E+00  9.99850233E-01  1.38503151E+00
    68  4.08000000E+01  1.38786751E+00  9.99840031E-01  1.38786751E+00
    69  4.14000000E+01  1.39063407E+00  9.99829390E-01  1.39063407E+00
    70  4.20000000E+01  1.39341592E+00  9.99818323E-01  1.39341592E+00
    71  4.26000000E+01  1.39605762E+00  9.99806845E-01  1.39605762E+00
    72  4.32000000E+01  1.39853669E+00  9.99794979E-01  1.39853669E+00
    73  4.38000000E+01  1.40112276E+00  9.99782755E-01  1.40112276E+00
    74  4.44000000E+01  1.40354991E+00  9.99770209E-01  1.40354991E+00
    75  4.50000000E+01  1.40579773E+00  9.99757388E-01  1.40579773E+00
    76  4.56000000E+01  1.40812496E+00  9.99744348E-01  1.40812496E+00
    77  4.62000000E+01  1.41032365E+00  9.99731155E-01  1.41032365E+00
    78  4.68000000E+01  1.41234515E+00  9.99717891E-01  1.41234515E+00
    79  4.74000000E+01  1.41448546E+00  9.99704650E-01  1.41448546E+00
    80  4.80000000E+01  1.41645619E+00  9.99691540E-01  1.41645619E+00
    81  4.86000000E+01  1.41828339E+00  9.99678691E-01  1.41828339E+00
    82  4.92000000E+01  1.42021185E+00  9.99666248E-01  1.42021185E+00
    83  4.98000000E+01  1.42197927E+00  9.99654382E-01  1.42197927E+00
    84  5.04000000E+01  1.42365080E+00  9.99643284E-01  1.42365080E+00
    85  5.10000000E+01  1.42537338E+00  9.99633174E-01  1.42537338E+00
    86  5.16000000E+01  1.42695722E+00  9.99624301E-01  1.42695722E+00
    87  5.22000000E+01  1.42846687E+00  9.99616947E-01  1.42846687E+00
    88  5.28000000E+01  1.43001755E+00  9.99611428E-01  1.43001755E+00
    89  5.34000000E+01  1.43145234E+00  9.99608100E-01  1.43145234E+00
    90  5.40000000E+01  1.43279072E+00  9.99607361E-01  1.43279072E+00
    91  5.46000000E+01  1.43419294E+00  9.99609659E-01  1.43419294E+00
    92  5.52000000E+01  1.43550171E+00  9.99615489E-01  1.43550171E+00
    93  5.58000000E+01  1.43673025E+00  9.99625407E-01  1.43673025E+00
    94  5.64000000E+01  1.43797330E+00  9.99640026E-01  1.43797330E+00
    95  5.70000000E+01  1.43917590E+00  9.99660030E-01  1.43917590E+00
    96  5.76000000E+01  1.44030814E+00  9.99686174E-01  1.44030814E+00
    97  5.82000000E+01  1.44137982E+00  9.99719291E-01  1.44137982E+00
    98  5.88000000E+01  1.44249192E+00  9.99760304E-01  1.44249192E+00
    99  5.94000000E+01  1.44353995E+00  9.99810227E-01  1.44353995E+00
   100  6.00000000E+01  1.44452583E+00  9.99870177E-01  1.44452583E+00
   101  6.06000000E+01  1.44549469E+00  9.99941379E-01  1.44549469E+00
   102  6.12000000E+01  1.44646139E+00  1.00002518E+00  1.44646139E+00
   103  6.18000000E+01  1.44736945E+00  1.00012305E+00  1.44736945E+00
   104  6.24000000E+01  1.44822104E+00  1.00023660E+00  1.44822104E+00
   105  6.30000000E+01  1.44909670E+00  1.00036760E+00  1.44909670E+00
   106  6.36000000E+01  1.44993337E+00  1.00051796E+00  1.44993337E+00
   107  6.42000000E+01  1.45071747E+00  1.00068978E+00  1.45071747E+00
   108  6.48000000E+01  1.45146939E+00  1.00088533E+00  1.45146939E+00
   109  6.54000000E+01  1.45224045E+00  1.00110708E+00  1.45224045E+00
   110  6.60000000E+01  1.45296392E+00  1.00135772E+00  1.45296392E+00
   111  6.66000000E+01  1.45364363E+00  1.00164016E+00  1.45364363E+00
   112  6.72000000E+01  1.45431661E+00  1.00195755E+00  1.45431661E+00
   113  6.78000000E+01  1.45498452E+00  1.00231327E+00  1.45498452E+00
   114  6.84000000E+01  1.45561276E+00  1.00271100E+00  1.45561276E+00
   115  6.90000000E+01  1.45620369E+00  1.00315468E+00  1.45620369E+00
   116  6.96000000E+01  1.45680229E+00  1.00364856E+00  1.45680229E+00
   117  7.02000000E+01  1.45738242E+00  1.00419720E+00  1.45738242E+00
   118  7.08000000E+01  1.45792656E+00  1.00480548E+00  1.45792656E+00
   119  7.14000000E+01  1.45843521E+00  1.00547861E+00  1.45843521E+00
   120  7.20000000E+01  1.45896493E+00  1.00622218E+00  1.45896493E+00
   121  7.26000000E+01  1.45946411E+00  1.00704210E+00  1.45946411E+00
   122  7.32000000E+01  1.45992804E+00  1.00794468E+00  1.45992804E+00
   123  7.38000000E+01  1.46037398E+00  1.00893658E+00  1.46037398E+00
   124  7.44000000E+01  1.46082832E+00  1.01002486E+00  1.46082832E+00
   125  7.50000000E+01  1.46124803E+00  1.01121692E+00  1.46124803E+00
   126  7.56000000E+01  1.46163383E+00  1.01252056E+00  1.46163383E+00
   127  7.62000000E+01  1.46203523E+00  1.01394391E+00  1.46203523E+00
   128  7.68000000E+01  1.46241258E+00  1.01549545E+00  1.46241258E+00
   129  7.74000000E+01  1.46275769E+00  1.01718396E+00  1.46275769E+00
   130  7.80000000E+01  1.46309601E+00  1.01901851E+00  1.46309601E+00
   131  7.86000000E+01  1.46343368E+00  1.02100838E+00  1.46343368E+00
   132  7.92000000E+01  1.46374176E+00  1.02316305E+00  1.46374176E+00
   133  7.98000000E+01  1.46402517E+00  1.02549210E+00  1.46402517E+00
   134  8.04000000E+01  1.46432608E+00  1.02800516E+00  1.46432608E+00
   135  8.10000000E+01  1.46460044E+00  1.03071181E+00  1.46460044E+00
   136  8.16000000E+01  1.46485099E+00  1.03362148E+00  1.46485099E+00
   137  8.22000000E+01  1.46510272E+00  1.03674334E+00  1.46510272E+00
   138  8.28000000E+01  1.46534775E+00  1.04008618E+00  1.46534775E+00
   139  8.34000000E+01  1.46557206E+00  1.04365828E+00  1.46557206E+00
   140  8.40000000E+01  1.46577803E+00  1.04746725E+00  1.46577803E+00
   141  8.46000000E+01  1.46599567E+00  1.05151989E+00  1.46599567E+00
   142  8.52000000E+01  1.46619719E+00  1.05582205E+00  1.46619719E+00
   143  8.58000000E+01  1.46638290E+00  1.06037843E+00  1.46638290E+00
   144  8.64000000E+01  1.46655782E+00  1.06519250E+00  1.46655782E+00
   145  8.70000000E+01  1.46673948E+00  1.07026628E+00  1.46673948E+00
   146  8.76000000E+01  1.46690729E+00  1.07560023E+00  1.46690729E+00
   147  8.82000000E+01  1.46706251E+00  1.08119317E+00  1.46706251E+00
   148  8.88000000E+01  1.46720761E+00  1.08704211E+00  1.46720761E+00
   149  8.94000000E+01  1.46735983E+00  1.09314224E+00  1.46735983E+00
   150  9.00000000E+01  1.46750073E+00  1.09948685E+00  1.46750073E+00
   151  9.06000000E+01  1.46763111E+00  1.10606737E+00  1.46763111E+00
   152  9.12000000E+01  1.46775167E+00  1.11287337E+00  1.46775167E+00
   153  9.18000000E+01  1.46787810E+00  1.11989262E+00  1.46787810E+00
   154  9.24000000E+01  1.46799626E+00  1.12711128E+00  1.46799626E+00
   155  9.30000000E+01  1.46810546E+00  1.13451397E+00  1.46810546E+00
   156  9.36000000E+01  1.46820630E+00  1.14208405E+00  1.46820630E+00
   157  9.42000000E+01  1.46830759E+00  1.14980378E+00  1.46830759E+00
   158  9.48000000E+01  1.46840648E+00  1.15765464E+00  1.46840648E+00
   159  9.54000000E+01  1.46849773E+00  1.16561756E+00  1.46849773E+00
   160  9.60000000E+01  1.46858189E+00  1.17367325E+00  1.46858189E+00
   161  9.66000000E+01  1.46866021E+00  1.18180247E+00  1.46866021E+00
   162  9.72000000E+01  1.46874271E+00  1.18998629E+00  1.46874271E+00
   163  9.78000000E+01  1.46881877E+00  1.19820640E+00  1.46881877E+00
   164  9.84000000E+01  1.46888888E+00  1.20644529E+00  1.46888888E+00
   165  9.90000000E+01  1.46895350E+00  1.21468646E+00  1.46895350E+00
   166  9.96000000E+01  1.46901623E+00  1.22291457E+00  1.46901623E+00
   167  1.00200000E+02  1.46907957E+00  1.23111550E+00  1.46907957E+00
   168  1.00800000E+02  1.46913793E+00  1.23927642E+00  1.46913793E+00
   169  1.01400000E+02  1.46919170E+00  1.24738575E+00  1.46919170E+00
   170  1.02000000E+02  1.46924125E+00  1.25543312E+00  1.46924125E+00
   171  1.02600000E+02  1.46928914E+00  1.26340920E+00  1.46928914E+00
   172  1.03200000E+02  1.46933768E+00  1.27130560E+00  1.46933768E+00
   173  1.03800000E+02  1.46938242E+00  1.27911463E+00  1.46938242E+00
   174  1.04400000E+02  1.46942364E+00  1.28682913E+00  1.46942364E+00
   175  1.05000000E+02  1.46946164E+00  1.29444220E+00  1.46946164E+00
   176  1.05600000E+02  1.46949666E+00  1.30194701E+00  1.46949666E+00
   177  1.06200000E+02  1.46953311E+00  1.30933655E+00  1.46953311E+00
   178  1.06800000E+02  1.46956745E+00  1.31660346E+00  1.46956745E+00
   179  1.07400000E+02  1.46959912E+00  1.32373982E+00  1.46959912E+00
   180  1.08000000E+02  1.46962831E+00  1.33073705E+00  1.46962831E+00
   181  1.08600000E+02  1.46965522E+00  1.33758582E+00  1.46965522E+00
   182  1.09200000E+02  1.46968002E+00  1.34427598E+00  1.46968002E+00
   183  1.09800000E+02  1.46970457E+00  1.35079668E+00  1.46970457E+00
   184  1.10400000E+02  1.46972888E+00  1.35713642E+00  1.46972888E+00
   185  1.11000000E+02  1.46975128E+00  1.36328325E+00  1.46975128E+00
   186  1.11600000E+02  1.46977191E+00  1.36922507E+00  1.46977191E+00
   187  1.12200000E+02  1.46979091E+00  1.37494994E+00  1.46979091E+00
   188  1.12800000E+02  1.46980840E+00  1.38044657E+00  1.46980840E+00
   189  1.13400000E+02  1.46982450E+00  1.38570478E+00  1.46982450E+00
   190  1.14000000E+02  1.46983931E+00  1.39071607E+00  1.46983931E+00
   191  1.14600000E+02  1.46985504E+00  1.39547416E+00  1.46985504E+00
   192  1.15200000E+02  1.46986955E+00  1.39997558E+00  1.46986955E+00
   193  1.15800000E+02  1.46988291E+00  1.40422010E+00  1.46988291E+00
   194  1.16400000E+02  1.46989518E+00  1.40821112E+00  1.46989518E+00
   195  1.17000000E+02  1.46990646E+00  1.41195585E+00  1.46990646E+00
   196  1.17600000E+02  1.46991683E+00  1.41546522E+00  1.46991683E+00
   197  1.18200000E+02  1.46992635E+00  1.41875364E+00  1.46992635E+00
   198  1.18800000E+02  1.46993509E+00  1.42183835E+00  1.46993509E+00
   199  1.19400000E+02  1.46994311E+00  1.42473855E+00  1.46994311E+00
   200  1.20000000E+02  1.46995046E+00  1.42747436E+00  1.46995046E+00
   201  1.20600000E+02  1.46995765E+00  1.43006552E+00  1.46995765E+00
   202  1.21200000E+02  1.46996485E+00  1.43253014E+00  1.46996485E+00
   203  1.21800000E+02  1.46997145E+00  1.43488350E+00  1.46997145E+00
   204  1.22400000E+02  1.46997750E+00  1.43713707E+00  1.46997750E+00
   205  1.23000000E+02  1.46998304E+00  1.43929796E+00  1.46998304E+00
   206  1.23600000E+02  1.46998811E+00  1.44136868E+00  1.46998811E+00
   207  1.24200000E+02  1.46999275E+00  1.44334758E+00  1.46999275E+00
   208  1.24800000E+02  1.46999699E+00  1.44522962E+00  1.46999699E+00
   209  1.25400000E+02  1.47000087E+00  1.44700765E+00  1.47000087E+00
   210  1.26000000E+02  1.47000442E+00  1.44867386E+00  1.47000442E+00
   211  1.26600000E+02  1.47000765E+00  1.45022143E+00  1.47000765E+00
   212  1.27200000E+02  1.47001061E+00  1.45164589E+00  1.47001061E+00
   213  1.27800000E+02  1.47001331E+00  1.45294629E+00  1.47001331E+00
   214  1.28400000E+02  1.47001577E+00  1.45412580E+00  1.47001577E+00
   215  1.29000000E+02  1.47001802E+00  1.45519179E+00  1.47001802E+00
   216  1.29600000E+02  1.47002006E+00  1.45615532E+00  1.47002006E+00
   217  1.30200000E+02  1.47002193E+00  1.45703013E+00  1.47002193E+00
   218  1.30800000E+02  1.47002363E+00  1.45783131E+00  1.47002363E+00
   219  1.31400000E+02  1.47002518E+00  1.45857384E+00  1.47002518E+00
   220  1.32000000E+02  1.47002658E+00  1.45927121E+00  1.47002658E+00
   221  1.32600000E+02  1.47002786E+00  1.45993433E+00  1.47002786E+00
   222  1.33200000E+02  1.47002903E+00  1.46057082E+00  1.47002903E+00
   223  1.33800000E+02  1.47003009E+00  1.46118488E+00  1.47003009E+00
   224  1.34400000E+02  1.47003105E+00  1.46177749E+00  1.47003105E+00
   225  1.35000000E+02  1.47003193E+00  1.46234716E+00  1.47003193E+00
   226  1.35600000E+02  1.47003272E+00  1.46289081E+00  1.47003272E+00
   227  1.36200000E+02  1.47003344E+00  1.46340473E+00  1.47003344E+00
   228  1.36800000E+02  1.47003410E+00  1.46388550E+00  1.47003410E+00
   229  1.37400000E+02  1.47003481E+00  1.46433065E+00  1.47003481E+00
   230  1.38000000E+02  1.47003545E+00  1.46473908E+00  1.47003545E+00
   231  1.38600000E+02  1.47003603E+00  1.46511114E+00  1.47003603E+00
   232  1.39200000E+02  1.47003656E+00  1.46544847E+00  1.47003656E+00
   233  1.39800000E+02  1.47003704E+00  1.46575368E+00  1.47003704E+00
   234  1.40400000E+02  1.47003747E+00  1.46602989E+00  1.47003747E+00
   235  1.41000000E+02  1.47003786E+00  1.46628038E+00  1.47003786E+00
   236  1.41600000E+02  1.47003822E+00  1.46650822E+00  1.47003822E+00
   237  1.42200000E+02  1.47003855E+00  1.46671611E+00  1.47003855E+00
   238  1.42800000E+02  1.47003884E+00  1.46690627E+00  1.47003884E+00
   239  1.43400000E+02  1.47003911E+00  1.46708052E+00  1.47003911E+00
   240  1.44000000E+02  1.47003935E+00  1.46724035E+00  1.47003935E+00
   241  1.44600000E+02  1.47003957E+00  1.46738704E+00  1.47003957E+00
   242  1.45200000E+02  1.47003977E+00  1.46752179E+00  1.47003977E+00
   243  1.45800000E+02  1.47003995E+00  1.46764575E+00  1.47003995E+00
   244  1.46400000E+02  1.47004011E+00  1.46776006E+00  1.47004011E+00
   245  1.47000000E+02  1.47004026E+00  1.46786581E+00  1.47004026E+00
   246  1.47600000E+02  1.47004039E+00  1.46796396E+00  1.47004039E+00
   247  1.48200000E+02  1.47004052E+00  1.46805534E+00  1.47004052E+00
   248  1.48800000E+02  1.47004062E+00  1.46814061E+00  1.47004062E+00
   249  1.49400000E+02  1.47004072E+00  1.46822020E+00  1.47004072E+00
   250  1.50000000E+02  1.47004081E+00  1.46829440E+00  1.47004081E+00
   251  1.50600000E+02  1.47004090E+00  1.46836339E+00  1.47004090E+00
   252  1.51200000E+02  1.47004097E+00  1.46842727E+00  1.47004097E+00
   253  1.51800000E+02  1.47004104E+00  1.46848617E+00  1.47004104E+00
   254  1.52400000E+02  1.47004110E+00  1.46854025E+00  1.47004110E+00
   255  1.53000000E+02  1.47004115E+00  1.46858975E+00  1.47004115E+00
   256  1.53600000E+02  1.47004120E+00  1.46863497E+00  1.47004120E+00
   257  1.54200000E+02  1.47004124E+00  1.46867628E+00  1.47004124E+00
   258  1.54800000E+02  1.47004129E+00  1.46871406E+00  1.47004129E+00
   259  1.55400000E+02  1.47004132E+00  1.46874872E+00  1.47004132E+00
   260  1.56000000E+02  1.47004135E+00  1.46878059E+00  1.47004135E+00
   261  1.56600000E+02  1.47004138E+00  1.46880999E+00  1.47004138E+00
   262  1.57200000E+02  1.47004141E+00  1.46883718E+00  1.47004141E+00
   263  1.57800000E+02  1.47004143E+00  1.46886235E+00  1.47004143E+00
   264  1.58400000E+02  1.47004146E+00  1.46888564E+00  1.47004146E+00
   265  1.59000000E+02  1.47004148E+00  1.46890719E+00  1.47004148E+00
   266  1.59600000E+02  1.47004149E+00  1.46892709E+00  1.47004149E+00
   267  1.60200000E+02  1.47004151E+00  1.46894544E+00  1.47004151E+00
   268  1.60800000E+02  1.47004152E+00  1.46896233E+00  1.47004152E+00
   269  1.61400000E+02  1.47004154E+00  1.46897786E+00  1.47004154E+00
   270  1.62000000E+02  1.47004155E+00  1.46899212E+00  1.47004155E+00
   271  1.62600000E+02  1.47004156E+00  1.46900522E+00  1.47004156E+00
   272  1.63200000E+02  1.47004157E+00  1.46901724E+00  1.47004157E+00
   273  1.63800000E+02  1.47004157E+00  1.46902828E+00  1.47004157E+00
   274  1.64400000E+02  1.47004158E+00  1.46903842E+00  1.47004158E+00
   275  1.65000000E+02  1.47004159E+00  1.46904774E+00  1.47004159E+00
   276  1.65600000E+02  1.47004159E+00  1.46905629E+00  1.47004159E+00
   277  1.66200000E+02  1.47004160E+00  1.46906413E+00  1.47004160E+00
   278  1.66800000E+02  1.47004160E+00  1.46907133E+00  1.47004160E+00
   279  1.67400000E+02  1.47004161E+00  1.46907793E+00  1.47004161E+00
   280  1.68000000E+02  1.47004161E+00  1.46908398E+00  1.47004161E+00
   281  1.68600000E+02  1.47004161E+00  1.46908952E+00  1.47004161E+00
   282  1.69200000E+02  1.47004162E+00  1.46909458E+00  1.47004162E+00
   283  1.69800000E+02  1.47004162E+00  1.46909922E+00  1.47004162E+00
   284  1.70400000E+02  1.47004162E+00  1.46910346E+00  1.47004162E+00
 steady-height stop at step    284: changes <=   1.0000E-05, max-end <=   1.0000E-02, max/end/gap/profile_change =   1.47004162E+00  1.46910346E+00  9.38164361E-04  4.23878662E-06


STDERR:
