COMMAND:
/shared/generate_rom_data/extrudate_swell2d_c_cluster

STDOUT:
 comppar: model =   2
 comppar: lambda,mobility/eps,betav,eta_0 =  2.8000E+00  3.0000E-01  7.0000E-01  1.0000E+00
 comppar: eta_s,eta_p,G =  7.0000E-01  3.0000E-01  1.0714E-01
 comppar: U_avg,deltat,flowrate,nsteps =  1.0000E-01  6.0000E-01  3.1416E-01     700
 comppar: geometry = axisymmetric
 comppar: steady stop change,gap,hold,min =  1.0000E-05  1.0000E-02      10      80
 comppar: ncompc,ncompg =     4     5
 mesh nnodes = 5765
 mesh nelem = 2780
 P1 BC   5.0000000000000000     
 P2 BC   0.0000000000000000     
     1  6.00000000E-01  1.00753634E+00  1.00000000E+00  1.00753634E+00
     2  1.20000000E+00  1.01471619E+00  1.00000000E+00  1.01471619E+00
     3  1.80000000E+00  1.02157133E+00  1.00000000E+00  1.02157133E+00
     4  2.40000000E+00  1.02818705E+00  1.00000000E+00  1.02818705E+00
     5  3.00000000E+00  1.03460413E+00  1.00000000E+00  1.03460413E+00
     6  3.60000000E+00  1.04084416E+00  1.00000000E+00  1.04084416E+00
     7  4.20000000E+00  1.04691766E+00  9.99999999E-01  1.04691766E+00
     8  4.80000000E+00  1.05283630E+00  9.99999991E-01  1.05283630E+00
     9  5.40000000E+00  1.05861596E+00  9.99999978E-01  1.05861596E+00
    10  6.00000000E+00  1.06423461E+00  9.99999958E-01  1.06423461E+00
    11  6.60000000E+00  1.06969584E+00  9.99999931E-01  1.06969584E+00
    12  7.20000000E+00  1.07497326E+00  9.99999893E-01  1.07497326E+00
    13  7.80000000E+00  1.08015458E+00  9.99999843E-01  1.08015458E+00
    14  8.40000000E+00  1.08519125E+00  9.99999778E-01  1.08519125E+00
    15  9.00000000E+00  1.09001663E+00  9.99999694E-01  1.09001663E+00
    16  9.60000000E+00  1.09466819E+00  9.99999589E-01  1.09466819E+00
    17  1.02000000E+01  1.09924351E+00  9.99999459E-01  1.09924351E+00
    18  1.08000000E+01  1.10353388E+00  9.99999299E-01  1.10353388E+00
    19  1.14000000E+01  1.10775077E+00  9.99999104E-01  1.10775077E+00
    20  1.20000000E+01  1.11176838E+00  9.99998869E-01  1.11176838E+00
    21  1.26000000E+01  1.11557825E+00  9.99998586E-01  1.11557825E+00
    22  1.32000000E+01  1.11930509E+00  9.99998250E-01  1.11930509E+00
    23  1.38000000E+01  1.12277683E+00  9.99997852E-01  1.12277683E+00
    24  1.44000000E+01  1.12620264E+00  9.99997384E-01  1.12620264E+00
    25  1.50000000E+01  1.12935614E+00  9.99996834E-01  1.12935614E+00
    26  1.56000000E+01  1.13248480E+00  9.99996193E-01  1.13248480E+00
    27  1.62000000E+01  1.13535354E+00  9.99995448E-01  1.13535354E+00
    28  1.68000000E+01  1.13818989E+00  9.99994586E-01  1.13818989E+00
    29  1.74000000E+01  1.14079875E+00  9.99993593E-01  1.14079875E+00
    30  1.80000000E+01  1.14336947E+00  9.99992452E-01  1.14336947E+00
    31  1.86000000E+01  1.14574607E+00  9.99991147E-01  1.14574607E+00
    32  1.92000000E+01  1.14805298E+00  9.99989659E-01  1.14805298E+00
    33  1.98000000E+01  1.15021973E+00  9.99987967E-01  1.15021973E+00
    34  2.04000000E+01  1.15228706E+00  9.99986052E-01  1.15228706E+00
    35  2.10000000E+01  1.15426139E+00  9.99983889E-01  1.15426139E+00
    36  2.16000000E+01  1.15609925E+00  9.99981456E-01  1.15609925E+00
    37  2.22000000E+01  1.15789655E+00  9.99978727E-01  1.15789655E+00
    38  2.28000000E+01  1.15953693E+00  9.99975676E-01  1.15953693E+00
    39  2.34000000E+01  1.16116504E+00  9.99972279E-01  1.16116504E+00
    40  2.40000000E+01  1.16261755E+00  9.99968508E-01  1.16261755E+00
    41  2.46000000E+01  1.16408654E+00  9.99964337E-01  1.16408654E+00
    42  2.52000000E+01  1.16537983E+00  9.99959742E-01  1.16537983E+00
    43  2.58000000E+01  1.16668519E+00  9.99954698E-01  1.16668519E+00
    44  2.64000000E+01  1.16783216E+00  9.99949187E-01  1.16783216E+00
    45  2.70000000E+01  1.16898941E+00  9.99943190E-01  1.16898941E+00
    46  2.76000000E+01  1.17000091E+00  9.99936696E-01  1.17000091E+00
    47  2.82000000E+01  1.17102175E+00  9.99929701E-01  1.17102175E+00
    48  2.88000000E+01  1.17191138E+00  9.99922208E-01  1.17191138E+00
    49  2.94000000E+01  1.17281133E+00  9.99914232E-01  1.17281133E+00
    50  3.00000000E+01  1.17359298E+00  9.99905804E-01  1.17359298E+00
    51  3.06000000E+01  1.17438400E+00  9.99896968E-01  1.17438400E+00
    52  3.12000000E+01  1.17507521E+00  9.99887792E-01  1.17507521E+00
    53  3.18000000E+01  1.17576419E+00  9.99878367E-01  1.17576419E+00
    54  3.24000000E+01  1.17637937E+00  9.99868816E-01  1.17637937E+00
    55  3.30000000E+01  1.17698032E+00  9.99859297E-01  1.17698032E+00
    56  3.36000000E+01  1.17753472E+00  9.99850008E-01  1.17753472E+00
    57  3.42000000E+01  1.17804897E+00  9.99841202E-01  1.17804897E+00
    58  3.48000000E+01  1.17855389E+00  9.99833187E-01  1.17855389E+00
    59  3.54000000E+01  1.17901517E+00  9.99826339E-01  1.17901517E+00
    60  3.60000000E+01  1.17946043E+00  9.99821117E-01  1.17946043E+00
    61  3.66000000E+01  1.17988580E+00  9.99818068E-01  1.17988580E+00
    62  3.72000000E+01  1.18027436E+00  9.99817849E-01  1.18027436E+00
    63  3.78000000E+01  1.18065337E+00  9.99821236E-01  1.18065337E+00
    64  3.84000000E+01  1.18100704E+00  9.99829148E-01  1.18100704E+00
    65  3.90000000E+01  1.18132680E+00  9.99842662E-01  1.18132680E+00
    66  3.96000000E+01  1.18164241E+00  9.99863036E-01  1.18164241E+00
    67  4.02000000E+01  1.18191430E+00  9.99891736E-01  1.18191430E+00
    68  4.08000000E+01  1.18219139E+00  9.99930460E-01  1.18219139E+00
    69  4.14000000E+01  1.18242106E+00  9.99981170E-01  1.18242106E+00
    70  4.20000000E+01  1.18265668E+00  1.00004612E+00  1.18265668E+00
    71  4.26000000E+01  1.18285044E+00  1.00012791E+00  1.18285044E+00
    72  4.32000000E+01  1.18305003E+00  1.00022948E+00  1.18305003E+00
    73  4.38000000E+01  1.18321205E+00  1.00035421E+00  1.18321205E+00
    74  4.44000000E+01  1.18337665E+00  1.00050592E+00  1.18337665E+00
    75  4.50000000E+01  1.18351356E+00  1.00068893E+00  1.18351356E+00
    76  4.56000000E+01  1.18364628E+00  1.00090812E+00  1.18364628E+00
    77  4.62000000E+01  1.18376038E+00  1.00116896E+00  1.18376038E+00
    78  4.68000000E+01  1.18386710E+00  1.00147759E+00  1.18386710E+00
    79  4.74000000E+01  1.18396088E+00  1.00184085E+00  1.18396088E+00
    80  4.80000000E+01  1.18404604E+00  1.00226633E+00  1.18404604E+00
    81  4.86000000E+01  1.18412347E+00  1.00276243E+00  1.18412347E+00
    82  4.92000000E+01  1.18419291E+00  1.00333840E+00  1.18419291E+00
    83  4.98000000E+01  1.18425310E+00  1.00400441E+00  1.18425310E+00
    84  5.04000000E+01  1.18431113E+00  1.00477149E+00  1.18431113E+00
    85  5.10000000E+01  1.18436179E+00  1.00565164E+00  1.18436179E+00
    86  5.16000000E+01  1.18440945E+00  1.00665778E+00  1.18440945E+00
    87  5.22000000E+01  1.18445551E+00  1.00780371E+00  1.18445551E+00
    88  5.28000000E+01  1.18449917E+00  1.00910409E+00  1.18449917E+00
    89  5.34000000E+01  1.18454034E+00  1.01057433E+00  1.18454034E+00
    90  5.40000000E+01  1.18457785E+00  1.01223047E+00  1.18457785E+00
    91  5.46000000E+01  1.18461203E+00  1.01408899E+00  1.18461203E+00
    92  5.52000000E+01  1.18464554E+00  1.01616661E+00  1.18464554E+00
    93  5.58000000E+01  1.18467351E+00  1.01847996E+00  1.18467351E+00
    94  5.64000000E+01  1.18469834E+00  1.02104531E+00  1.18469834E+00
    95  5.70000000E+01  1.18472187E+00  1.02387808E+00  1.18472187E+00
    96  5.76000000E+01  1.18474015E+00  1.02699242E+00  1.18474015E+00
    97  5.82000000E+01  1.18475853E+00  1.03040067E+00  1.18475853E+00
    98  5.88000000E+01  1.18477315E+00  1.03411279E+00  1.18477315E+00
    99  5.94000000E+01  1.18478489E+00  1.03813571E+00  1.18478489E+00
   100  6.00000000E+01  1.18479670E+00  1.04247271E+00  1.18479670E+00
   101  6.06000000E+01  1.18480593E+00  1.04712280E+00  1.18480593E+00
   102  6.12000000E+01  1.18481360E+00  1.05208006E+00  1.18481360E+00
   103  6.18000000E+01  1.18482033E+00  1.05733316E+00  1.18482033E+00
   104  6.24000000E+01  1.18482679E+00  1.06286482E+00  1.18482679E+00
   105  6.30000000E+01  1.18483287E+00  1.06865156E+00  1.18483287E+00
   106  6.36000000E+01  1.18483837E+00  1.07466355E+00  1.18483837E+00
   107  6.42000000E+01  1.18484320E+00  1.08086460E+00  1.18484320E+00
   108  6.48000000E+01  1.18484727E+00  1.08721254E+00  1.18484727E+00
   109  6.54000000E+01  1.18485059E+00  1.09365972E+00  1.18485059E+00
   110  6.60000000E+01  1.18485321E+00  1.10015383E+00  1.18485321E+00
   111  6.66000000E+01  1.18485529E+00  1.10663904E+00  1.18485529E+00
   112  6.72000000E+01  1.18485744E+00  1.11305731E+00  1.18485744E+00
   113  6.78000000E+01  1.18485916E+00  1.11934996E+00  1.18485916E+00
   114  6.84000000E+01  1.18486057E+00  1.12545941E+00  1.18486057E+00
   115  6.90000000E+01  1.18486176E+00  1.13133101E+00  1.18486176E+00
   116  6.96000000E+01  1.18486279E+00  1.13691487E+00  1.18486279E+00
   117  7.02000000E+01  1.18486368E+00  1.14216766E+00  1.18486368E+00
   118  7.08000000E+01  1.18486444E+00  1.14705413E+00  1.18486444E+00
   119  7.14000000E+01  1.18486507E+00  1.15154843E+00  1.18486507E+00
   120  7.20000000E+01  1.18486559E+00  1.15563502E+00  1.18486559E+00
   121  7.26000000E+01  1.18486602E+00  1.15930900E+00  1.18486602E+00
   122  7.32000000E+01  1.18486636E+00  1.16257607E+00  1.18486636E+00
   123  7.38000000E+01  1.18486664E+00  1.16545178E+00  1.18486664E+00
   124  7.44000000E+01  1.18486688E+00  1.16796034E+00  1.18486688E+00
   125  7.50000000E+01  1.18486708E+00  1.17013282E+00  1.18486708E+00
   126  7.56000000E+01  1.18486724E+00  1.17200515E+00  1.18486724E+00
   127  7.62000000E+01  1.18486738E+00  1.17361573E+00  1.18486738E+00
   128  7.68000000E+01  1.18486750E+00  1.17500313E+00  1.18486750E+00
   129  7.74000000E+01  1.18486760E+00  1.17620395E+00  1.18486760E+00
   130  7.80000000E+01  1.18486767E+00  1.17725097E+00  1.18486767E+00
   131  7.86000000E+01  1.18486774E+00  1.17817196E+00  1.18486774E+00
   132  7.92000000E+01  1.18486779E+00  1.17898900E+00  1.18486779E+00
   133  7.98000000E+01  1.18486784E+00  1.17971853E+00  1.18486784E+00
   134  8.04000000E+01  1.18486788E+00  1.18037195E+00  1.18486788E+00
   135  8.10000000E+01  1.18486791E+00  1.18095672E+00  1.18486791E+00
   136  8.16000000E+01  1.18486793E+00  1.18147763E+00  1.18486793E+00
   137  8.22000000E+01  1.18486796E+00  1.18193819E+00  1.18486796E+00
   138  8.28000000E+01  1.18486797E+00  1.18234173E+00  1.18486797E+00
   139  8.34000000E+01  1.18486799E+00  1.18269217E+00  1.18486799E+00
   140  8.40000000E+01  1.18486800E+00  1.18299441E+00  1.18486800E+00
   141  8.46000000E+01  1.18486801E+00  1.18325413E+00  1.18486801E+00
   142  8.52000000E+01  1.18486802E+00  1.18347739E+00  1.18486802E+00
   143  8.58000000E+01  1.18486803E+00  1.18366999E+00  1.18486803E+00
   144  8.64000000E+01  1.18486803E+00  1.18383687E+00  1.18486803E+00
   145  8.70000000E+01  1.18486804E+00  1.18398167E+00  1.18486804E+00
   146  8.76000000E+01  1.18486804E+00  1.18410664E+00  1.18486804E+00
   147  8.82000000E+01  1.18486804E+00  1.18421289E+00  1.18486804E+00
   148  8.88000000E+01  1.18486805E+00  1.18430081E+00  1.18486805E+00
   149  8.94000000E+01  1.18486805E+00  1.18437076E+00  1.18486805E+00
   150  9.00000000E+01  1.18486805E+00  1.18442358E+00  1.18486805E+00
   151  9.06000000E+01  1.18486805E+00  1.18446103E+00  1.18486805E+00
   152  9.12000000E+01  1.18486805E+00  1.18448583E+00  1.18486805E+00
   153  9.18000000E+01  1.18486805E+00  1.18450148E+00  1.18486805E+00
   154  9.24000000E+01  1.18486805E+00  1.18451179E+00  1.18486805E+00
   155  9.30000000E+01  1.18486805E+00  1.18452027E+00  1.18486805E+00
   156  9.36000000E+01  1.18486805E+00  1.18452963E+00  1.18486805E+00
   157  9.42000000E+01  1.18486806E+00  1.18454139E+00  1.18486806E+00
   158  9.48000000E+01  1.18486806E+00  1.18455584E+00  1.18486806E+00
   159  9.54000000E+01  1.18486806E+00  1.18457216E+00  1.18486806E+00
   160  9.60000000E+01  1.18486806E+00  1.18458886E+00  1.18486806E+00
   161  9.66000000E+01  1.18486806E+00  1.18460424E+00  1.18486806E+00
   162  9.72000000E+01  1.18486806E+00  1.18461689E+00  1.18486806E+00
   163  9.78000000E+01  1.18486806E+00  1.18462600E+00  1.18486806E+00
   164  9.84000000E+01  1.18486806E+00  1.18463146E+00  1.18486806E+00
   165  9.90000000E+01  1.18486806E+00  1.18463385E+00  1.18486806E+00
   166  9.96000000E+01  1.18486806E+00  1.18463414E+00  1.18486806E+00
   167  1.00200000E+02  1.18486806E+00  1.18463345E+00  1.18486806E+00
   168  1.00800000E+02  1.18486806E+00  1.18463274E+00  1.18486806E+00
   169  1.01400000E+02  1.18486806E+00  1.18463266E+00  1.18486806E+00
   170  1.02000000E+02  1.18486806E+00  1.18463345E+00  1.18486806E+00
   171  1.02600000E+02  1.18486806E+00  1.18463499E+00  1.18486806E+00
   172  1.03200000E+02  1.18486806E+00  1.18463696E+00  1.18486806E+00
 steady-height stop at step    172: changes <=   1.0000E-05, max-end <=   1.0000E-02, max/end/gap/profile_change =   1.18486806E+00  1.18463696E+00  2.31094813E-04  1.97203011E-06


STDERR:
