COMMAND:
/shared/generate_rom_data/extrudate_swell2d_c_cluster

STDOUT:
 comppar: model =   2
 comppar: lambda,mobility/eps,betav,eta_0 =  6.4000E+00  3.0000E-01  3.0000E-01  1.0000E+00
 comppar: eta_s,eta_p,G =  3.0000E-01  7.0000E-01  1.0937E-01
 comppar: U_avg,deltat,flowrate,nsteps =  1.0000E-01  6.0000E-01  3.1416E-01     700
 comppar: geometry = axisymmetric
 comppar: steady stop change,gap,hold,min =  1.0000E-05  1.0000E-02      10      80
 comppar: ncompc,ncompg =     4     5
 mesh nnodes = 5765
 mesh nelem = 2780
 P1 BC   5.0000000000000000     
 P2 BC   0.0000000000000000     
     1  6.00000000E-01  1.00752473E+00  1.00000000E+00  1.00752473E+00
     2  1.20000000E+00  1.01466163E+00  1.00000000E+00  1.01466163E+00
     3  1.80000000E+00  1.02146847E+00  1.00000000E+00  1.02146847E+00
     4  2.40000000E+00  1.02811844E+00  1.00000000E+00  1.02811844E+00
     5  3.00000000E+00  1.03475431E+00  1.00000001E+00  1.03475431E+00
     6  3.60000000E+00  1.04143698E+00  1.00000001E+00  1.04143698E+00
     7  4.20000000E+00  1.04826300E+00  1.00000000E+00  1.04826300E+00
     8  4.80000000E+00  1.05528856E+00  9.99999998E-01  1.05528856E+00
     9  5.40000000E+00  1.06253720E+00  9.99999989E-01  1.06253720E+00
    10  6.00000000E+00  1.07009819E+00  9.99999977E-01  1.07009819E+00
    11  6.60000000E+00  1.07781461E+00  9.99999959E-01  1.07781461E+00
    12  7.20000000E+00  1.08586831E+00  9.99999935E-01  1.08586831E+00
    13  7.80000000E+00  1.09410724E+00  9.99999903E-01  1.09410724E+00
    14  8.40000000E+00  1.10251427E+00  9.99999864E-01  1.10251427E+00
    15  9.00000000E+00  1.11116549E+00  9.99999815E-01  1.11116549E+00
    16  9.60000000E+00  1.11995084E+00  9.99999756E-01  1.11995084E+00
    17  1.02000000E+01  1.12881415E+00  9.99999684E-01  1.12881415E+00
    18  1.08000000E+01  1.13771474E+00  9.99999599E-01  1.13771474E+00
    19  1.14000000E+01  1.14670836E+00  9.99999498E-01  1.14670836E+00
    20  1.20000000E+01  1.15570899E+00  9.99999380E-01  1.15570899E+00
    21  1.26000000E+01  1.16464101E+00  9.99999244E-01  1.16464101E+00
    22  1.32000000E+01  1.17347634E+00  9.99999086E-01  1.17347634E+00
    23  1.38000000E+01  1.18234821E+00  9.99998904E-01  1.18234821E+00
    24  1.44000000E+01  1.19107108E+00  9.99998697E-01  1.19107108E+00
    25  1.50000000E+01  1.19961704E+00  9.99998461E-01  1.19961704E+00
    26  1.56000000E+01  1.20814349E+00  9.99998193E-01  1.20814349E+00
    27  1.62000000E+01  1.21654092E+00  9.99997891E-01  1.21654092E+00
    28  1.68000000E+01  1.22472366E+00  9.99997551E-01  1.22472366E+00
    29  1.74000000E+01  1.23285314E+00  9.99997169E-01  1.23285314E+00
    30  1.80000000E+01  1.24086676E+00  9.99996743E-01  1.24086676E+00
    31  1.86000000E+01  1.24864469E+00  9.99996268E-01  1.24864469E+00
    32  1.92000000E+01  1.25618808E+00  9.99995740E-01  1.25618808E+00
    33  1.98000000E+01  1.26382603E+00  9.99995155E-01  1.26382603E+00
    34  2.04000000E+01  1.27121745E+00  9.99994507E-01  1.27121745E+00
    35  2.10000000E+01  1.27835548E+00  9.99993792E-01  1.27835548E+00
    36  2.16000000E+01  1.28537201E+00  9.99993004E-01  1.28537201E+00
    37  2.22000000E+01  1.29237067E+00  9.99992138E-01  1.29237067E+00
    38  2.28000000E+01  1.29911249E+00  9.99991187E-01  1.29911249E+00
    39  2.34000000E+01  1.30559353E+00  9.99990146E-01  1.30559353E+00
    40  2.40000000E+01  1.31219783E+00  9.99989006E-01  1.31219783E+00
    41  2.46000000E+01  1.31858704E+00  9.99987762E-01  1.31858704E+00
    42  2.52000000E+01  1.32471285E+00  9.99986405E-01  1.32471285E+00
    43  2.58000000E+01  1.33077518E+00  9.99984928E-01  1.33077518E+00
    44  2.64000000E+01  1.33681064E+00  9.99983321E-01  1.33681064E+00
    45  2.70000000E+01  1.34257626E+00  9.99981577E-01  1.34257626E+00
    46  2.76000000E+01  1.34805633E+00  9.99979685E-01  1.34805633E+00
    47  2.82000000E+01  1.35373635E+00  9.99977636E-01  1.35373635E+00
    48  2.88000000E+01  1.35913094E+00  9.99975420E-01  1.35913094E+00
    49  2.94000000E+01  1.36421710E+00  9.99973026E-01  1.36421710E+00
    50  3.00000000E+01  1.36941925E+00  9.99970442E-01  1.36941925E+00
    51  3.06000000E+01  1.37443081E+00  9.99967657E-01  1.37443081E+00
    52  3.12000000E+01  1.37911002E+00  9.99964660E-01  1.37911002E+00
    53  3.18000000E+01  1.38389663E+00  9.99961436E-01  1.38389663E+00
    54  3.24000000E+01  1.38849871E+00  9.99957973E-01  1.38849871E+00
    55  3.30000000E+01  1.39275064E+00  9.99954258E-01  1.39275064E+00
    56  3.36000000E+01  1.39721305E+00  9.99950277E-01  1.39721305E+00
    57  3.42000000E+01  1.40139880E+00  9.99946015E-01  1.40139880E+00
    58  3.48000000E+01  1.40522916E+00  9.99941458E-01  1.40522916E+00
    59  3.54000000E+01  1.40931139E+00  9.99936591E-01  1.40931139E+00
    60  3.60000000E+01  1.41308487E+00  9.99931398E-01  1.41308487E+00
    61  3.66000000E+01  1.41663251E+00  9.99925865E-01  1.41663251E+00
    62  3.72000000E+01  1.42034766E+00  9.99919975E-01  1.42034766E+00
    63  3.78000000E+01  1.42373489E+00  9.99913714E-01  1.42373489E+00
    64  3.84000000E+01  1.42705392E+00  9.99907066E-01  1.42705392E+00
    65  3.90000000E+01  1.43040026E+00  9.99900016E-01  1.43040026E+00
    66  3.96000000E+01  1.43346362E+00  9.99892549E-01  1.43346362E+00
    67  4.02000000E+01  1.43654697E+00  9.99884651E-01  1.43654697E+00
    68  4.08000000E+01  1.43956312E+00  9.99876309E-01  1.43956312E+00
    69  4.14000000E+01  1.44235240E+00  9.99867508E-01  1.44235240E+00
    70  4.20000000E+01  1.44516524E+00  9.99858238E-01  1.44516524E+00
    71  4.26000000E+01  1.44793153E+00  9.99848489E-01  1.44793153E+00
    72  4.32000000E+01  1.45053194E+00  9.99838251E-01  1.45053194E+00
    73  4.38000000E+01  1.45301847E+00  9.99827518E-01  1.45301847E+00
    74  4.44000000E+01  1.45557771E+00  9.99816284E-01  1.45557771E+00
    75  4.50000000E+01  1.45803608E+00  9.99804549E-01  1.45803608E+00
    76  4.56000000E+01  1.46042356E+00  9.99792312E-01  1.46042356E+00
    77  4.62000000E+01  1.46275769E+00  9.99779579E-01  1.46275769E+00
    78  4.68000000E+01  1.46503313E+00  9.99766358E-01  1.46503313E+00
    79  4.74000000E+01  1.46732847E+00  9.99752662E-01  1.46732847E+00
    80  4.80000000E+01  1.46956657E+00  9.99738510E-01  1.46956657E+00
    81  4.86000000E+01  1.47172064E+00  9.99723925E-01  1.47172064E+00
    82  4.92000000E+01  1.47376027E+00  9.99708938E-01  1.47376027E+00
    83  4.98000000E+01  1.47583561E+00  9.99693587E-01  1.47583561E+00
    84  5.04000000E+01  1.47785721E+00  9.99677920E-01  1.47785721E+00
    85  5.10000000E+01  1.47973357E+00  9.99661993E-01  1.47973357E+00
    86  5.16000000E+01  1.48157068E+00  9.99645871E-01  1.48157068E+00
    87  5.22000000E+01  1.48342201E+00  9.99629633E-01  1.48342201E+00
    88  5.28000000E+01  1.48511712E+00  9.99613369E-01  1.48511712E+00
    89  5.34000000E+01  1.48680825E+00  9.99597186E-01  1.48680825E+00
    90  5.40000000E+01  1.48848463E+00  9.99581204E-01  1.48848463E+00
    91  5.46000000E+01  1.49000163E+00  9.99565561E-01  1.49000163E+00
    92  5.52000000E+01  1.49151218E+00  9.99550415E-01  1.49151218E+00
    93  5.58000000E+01  1.49302038E+00  9.99535945E-01  1.49302038E+00
    94  5.64000000E+01  1.49438835E+00  9.99522352E-01  1.49438835E+00
    95  5.70000000E+01  1.49576674E+00  9.99509864E-01  1.49576674E+00
    96  5.76000000E+01  1.49711706E+00  9.99498737E-01  1.49711706E+00
    97  5.82000000E+01  1.49835235E+00  9.99489255E-01  1.49835235E+00
    98  5.88000000E+01  1.49957845E+00  9.99481739E-01  1.49957845E+00
    99  5.94000000E+01  1.50081102E+00  9.99476543E-01  1.50081102E+00
   100  6.00000000E+01  1.50195764E+00  9.99474063E-01  1.50195764E+00
   101  6.06000000E+01  1.50304534E+00  9.99474736E-01  1.50304534E+00
   102  6.12000000E+01  1.50414742E+00  9.99479050E-01  1.50414742E+00
   103  6.18000000E+01  1.50522337E+00  9.99487540E-01  1.50522337E+00
   104  6.24000000E+01  1.50626301E+00  9.99500798E-01  1.50626301E+00
   105  6.30000000E+01  1.50727636E+00  9.99519476E-01  1.50727636E+00
   106  6.36000000E+01  1.50826271E+00  9.99544294E-01  1.50826271E+00
   107  6.42000000E+01  1.50922926E+00  9.99576038E-01  1.50922926E+00
   108  6.48000000E+01  1.51020003E+00  9.99615574E-01  1.51020003E+00
   109  6.54000000E+01  1.51113559E+00  9.99663851E-01  1.51113559E+00
   110  6.60000000E+01  1.51202496E+00  9.99721905E-01  1.51202496E+00
   111  6.66000000E+01  1.51285981E+00  9.99790870E-01  1.51285981E+00
   112  6.72000000E+01  1.51374398E+00  9.99871982E-01  1.51374398E+00
   113  6.78000000E+01  1.51457044E+00  9.99966592E-01  1.51457044E+00
   114  6.84000000E+01  1.51533144E+00  1.00007617E+00  1.51533144E+00
   115  6.90000000E+01  1.51608730E+00  1.00020231E+00  1.51608730E+00
   116  6.96000000E+01  1.51684263E+00  1.00034675E+00  1.51684263E+00
   117  7.02000000E+01  1.51753268E+00  1.00051137E+00  1.51753268E+00
   118  7.08000000E+01  1.51820023E+00  1.00069822E+00  1.51820023E+00
   119  7.14000000E+01  1.51888377E+00  1.00090950E+00  1.51888377E+00
   120  7.20000000E+01  1.51950381E+00  1.00114761E+00  1.51950381E+00
   121  7.26000000E+01  1.52007649E+00  1.00141514E+00  1.52007649E+00
   122  7.32000000E+01  1.52069454E+00  1.00171486E+00  1.52069454E+00
   123  7.38000000E+01  1.52125585E+00  1.00204980E+00  1.52125585E+00
   124  7.44000000E+01  1.52176833E+00  1.00242318E+00  1.52176833E+00
   125  7.50000000E+01  1.52230542E+00  1.00283849E+00  1.52230542E+00
   126  7.56000000E+01  1.52281164E+00  1.00329946E+00  1.52281164E+00
   127  7.62000000E+01  1.52327795E+00  1.00381011E+00  1.52327795E+00
   128  7.68000000E+01  1.52373265E+00  1.00437473E+00  1.52373265E+00
   129  7.74000000E+01  1.52419554E+00  1.00499792E+00  1.52419554E+00
   130  7.80000000E+01  1.52462465E+00  1.00568457E+00  1.52462465E+00
   131  7.86000000E+01  1.52502533E+00  1.00643991E+00  1.52502533E+00
   132  7.92000000E+01  1.52541908E+00  1.00726951E+00  1.52541908E+00
   133  7.98000000E+01  1.52581581E+00  1.00817926E+00  1.52581581E+00
   134  8.04000000E+01  1.52618792E+00  1.00917542E+00  1.52618792E+00
   135  8.10000000E+01  1.52653650E+00  1.01026460E+00  1.52653650E+00
   136  8.16000000E+01  1.52687834E+00  1.01145378E+00  1.52687834E+00
   137  8.22000000E+01  1.52722207E+00  1.01275027E+00  1.52722207E+00
   138  8.28000000E+01  1.52754286E+00  1.01416176E+00  1.52754286E+00
   139  8.34000000E+01  1.52784055E+00  1.01569628E+00  1.52784055E+00
   140  8.40000000E+01  1.52813366E+00  1.01736219E+00  1.52813366E+00
   141  8.46000000E+01  1.52842926E+00  1.01916817E+00  1.52842926E+00
   142  8.52000000E+01  1.52870178E+00  1.02112315E+00  1.52870178E+00
   143  8.58000000E+01  1.52895178E+00  1.02323635E+00  1.52895178E+00
   144  8.64000000E+01  1.52920542E+00  1.02551716E+00  1.52920542E+00
   145  8.70000000E+01  1.52945366E+00  1.02797513E+00  1.52945366E+00
   146  8.76000000E+01  1.52968105E+00  1.03061990E+00  1.52968105E+00
   147  8.82000000E+01  1.52988924E+00  1.03346112E+00  1.52988924E+00
   148  8.88000000E+01  1.53011016E+00  1.03650836E+00  1.53011016E+00
   149  8.94000000E+01  1.53031645E+00  1.03977102E+00  1.53031645E+00
   150  9.00000000E+01  1.53050555E+00  1.04325824E+00  1.53050555E+00
   151  9.06000000E+01  1.53067991E+00  1.04697875E+00  1.53067991E+00
   152  9.12000000E+01  1.53086783E+00  1.05094077E+00  1.53086783E+00
   153  9.18000000E+01  1.53104045E+00  1.05515188E+00  1.53104045E+00
   154  9.24000000E+01  1.53119955E+00  1.05961887E+00  1.53119955E+00
   155  9.30000000E+01  1.53134660E+00  1.06434759E+00  1.53134660E+00
   156  9.36000000E+01  1.53150216E+00  1.06934284E+00  1.53150216E+00
   157  9.42000000E+01  1.53164792E+00  1.07460820E+00  1.53164792E+00
   158  9.48000000E+01  1.53178289E+00  1.08014594E+00  1.53178289E+00
   159  9.54000000E+01  1.53190785E+00  1.08595686E+00  1.53190785E+00
   160  9.60000000E+01  1.53203468E+00  1.09204020E+00  1.53203468E+00
   161  9.66000000E+01  1.53215830E+00  1.09839358E+00  1.53215830E+00
   162  9.72000000E+01  1.53227261E+00  1.10501290E+00  1.53227261E+00
   163  9.78000000E+01  1.53237810E+00  1.11189235E+00  1.53237810E+00
   164  9.84000000E+01  1.53247735E+00  1.11902438E+00  1.53247735E+00
   165  9.90000000E+01  1.53258208E+00  1.12639976E+00  1.53258208E+00
   166  9.96000000E+01  1.53267851E+00  1.13400762E+00  1.53267851E+00
   167  1.00200000E+02  1.53276712E+00  1.14183556E+00  1.53276712E+00
   168  1.00800000E+02  1.53284850E+00  1.14986982E+00  1.53284850E+00
   169  1.01400000E+02  1.53293007E+00  1.15809538E+00  1.53293007E+00
   170  1.02000000E+02  1.53301087E+00  1.16649622E+00  1.53301087E+00
   171  1.02600000E+02  1.53308508E+00  1.17505548E+00  1.53308508E+00
   172  1.03200000E+02  1.53315328E+00  1.18375572E+00  1.53315328E+00
   173  1.03800000E+02  1.53321604E+00  1.19257909E+00  1.53321604E+00
   174  1.04400000E+02  1.53328095E+00  1.20150764E+00  1.53328095E+00
   175  1.05000000E+02  1.53334322E+00  1.21052345E+00  1.53334322E+00
   176  1.05600000E+02  1.53340060E+00  1.21960885E+00  1.53340060E+00
   177  1.06200000E+02  1.53345353E+00  1.22874659E+00  1.53345353E+00
   178  1.06800000E+02  1.53350240E+00  1.23791997E+00  1.53350240E+00
   179  1.07400000E+02  1.53355099E+00  1.24711290E+00  1.53355099E+00
   180  1.08000000E+02  1.53359943E+00  1.25630999E+00  1.53359943E+00
   181  1.08600000E+02  1.53364415E+00  1.26549658E+00  1.53364415E+00
   182  1.09200000E+02  1.53368543E+00  1.27465866E+00  1.53368543E+00
   183  1.09800000E+02  1.53372352E+00  1.28378292E+00  1.53372352E+00
   184  1.10400000E+02  1.53375864E+00  1.29285658E+00  1.53375864E+00
   185  1.11000000E+02  1.53379458E+00  1.30186740E+00  1.53379458E+00
   186  1.11600000E+02  1.53382946E+00  1.31080353E+00  1.53382946E+00
   187  1.12200000E+02  1.53386161E+00  1.31965344E+00  1.53386161E+00
   188  1.12800000E+02  1.53389125E+00  1.32840582E+00  1.53389125E+00
   189  1.13400000E+02  1.53391859E+00  1.33704954E+00  1.53391859E+00
   190  1.14000000E+02  1.53394380E+00  1.34557354E+00  1.53394380E+00
   191  1.14600000E+02  1.53396708E+00  1.35396684E+00  1.53396708E+00
   192  1.15200000E+02  1.53399175E+00  1.36221851E+00  1.53399175E+00
   193  1.15800000E+02  1.53401486E+00  1.37031766E+00  1.53401486E+00
   194  1.16400000E+02  1.53403619E+00  1.37825351E+00  1.53403619E+00
   195  1.17000000E+02  1.53405589E+00  1.38601537E+00  1.53405589E+00
   196  1.17600000E+02  1.53407410E+00  1.39359276E+00  1.53407410E+00
   197  1.18200000E+02  1.53409091E+00  1.40097545E+00  1.53409091E+00
   198  1.18800000E+02  1.53410645E+00  1.40815351E+00  1.53410645E+00
   199  1.19400000E+02  1.53412078E+00  1.41511744E+00  1.53412078E+00
   200  1.20000000E+02  1.53413506E+00  1.42185816E+00  1.53413506E+00
   201  1.20600000E+02  1.53414930E+00  1.42836716E+00  1.53414930E+00
   202  1.21200000E+02  1.53416245E+00  1.43463646E+00  1.53416245E+00
   203  1.21800000E+02  1.53417458E+00  1.44065877E+00  1.53417458E+00
   204  1.22400000E+02  1.53418577E+00  1.44642745E+00  1.53418577E+00
   205  1.23000000E+02  1.53419608E+00  1.45193665E+00  1.53419608E+00
   206  1.23600000E+02  1.53420560E+00  1.45718136E+00  1.53420560E+00
   207  1.24200000E+02  1.53421436E+00  1.46215751E+00  1.53421436E+00
   208  1.24800000E+02  1.53422244E+00  1.46686217E+00  1.53422244E+00
   209  1.25400000E+02  1.53422988E+00  1.47129373E+00  1.53422988E+00
   210  1.26000000E+02  1.53423672E+00  1.47545212E+00  1.53423672E+00
   211  1.26600000E+02  1.53424302E+00  1.47933914E+00  1.53424302E+00
   212  1.27200000E+02  1.53424881E+00  1.48295875E+00  1.53424881E+00
   213  1.27800000E+02  1.53425472E+00  1.48631734E+00  1.53425472E+00
   214  1.28400000E+02  1.53426046E+00  1.48942401E+00  1.53426046E+00
   215  1.29000000E+02  1.53426574E+00  1.49229070E+00  1.53426574E+00
   216  1.29600000E+02  1.53427059E+00  1.49493220E+00  1.53427059E+00
   217  1.30200000E+02  1.53427504E+00  1.49736591E+00  1.53427504E+00
   218  1.30800000E+02  1.53427912E+00  1.49961143E+00  1.53427912E+00
   219  1.31400000E+02  1.53428285E+00  1.50168991E+00  1.53428285E+00
   220  1.32000000E+02  1.53428627E+00  1.50362308E+00  1.53428627E+00
   221  1.32600000E+02  1.53428940E+00  1.50543228E+00  1.53428940E+00
   222  1.33200000E+02  1.53429226E+00  1.50713730E+00  1.53429226E+00
   223  1.33800000E+02  1.53429487E+00  1.50875529E+00  1.53429487E+00
   224  1.34400000E+02  1.53429725E+00  1.51029992E+00  1.53429725E+00
   225  1.35000000E+02  1.53429943E+00  1.51178076E+00  1.53429943E+00
   226  1.35600000E+02  1.53430140E+00  1.51320311E+00  1.53430140E+00
   227  1.36200000E+02  1.53430321E+00  1.51456823E+00  1.53430321E+00
   228  1.36800000E+02  1.53430485E+00  1.51587409E+00  1.53430485E+00
   229  1.37400000E+02  1.53430634E+00  1.51711643E+00  1.53430634E+00
   230  1.38000000E+02  1.53430769E+00  1.51829001E+00  1.53430769E+00
   231  1.38600000E+02  1.53430892E+00  1.51938998E+00  1.53430892E+00
   232  1.39200000E+02  1.53431004E+00  1.52041307E+00  1.53431004E+00
   233  1.39800000E+02  1.53431105E+00  1.52135844E+00  1.53431105E+00
   234  1.40400000E+02  1.53431196E+00  1.52222815E+00  1.53431196E+00
   235  1.41000000E+02  1.53431279E+00  1.52302702E+00  1.53431279E+00
   236  1.41600000E+02  1.53431354E+00  1.52376215E+00  1.53431354E+00
   237  1.42200000E+02  1.53431422E+00  1.52444201E+00  1.53431422E+00
   238  1.42800000E+02  1.53431483E+00  1.52507529E+00  1.53431483E+00
   239  1.43400000E+02  1.53431538E+00  1.52566990E+00  1.53431538E+00
   240  1.44000000E+02  1.53431588E+00  1.52623202E+00  1.53431588E+00
   241  1.44600000E+02  1.53431633E+00  1.52676556E+00  1.53431633E+00
   242  1.45200000E+02  1.53431673E+00  1.52727208E+00  1.53431673E+00
   243  1.45800000E+02  1.53431710E+00  1.52775107E+00  1.53431710E+00
   244  1.46400000E+02  1.53431743E+00  1.52820061E+00  1.53431743E+00
   245  1.47000000E+02  1.53431773E+00  1.52861818E+00  1.53431773E+00
   246  1.47600000E+02  1.53431799E+00  1.52900155E+00  1.53431799E+00
   247  1.48200000E+02  1.53431823E+00  1.52934949E+00  1.53431823E+00
   248  1.48800000E+02  1.53431845E+00  1.52966227E+00  1.53431845E+00
   249  1.49400000E+02  1.53431864E+00  1.52994177E+00  1.53431864E+00
   250  1.50000000E+02  1.53431882E+00  1.53019129E+00  1.53431882E+00
   251  1.50600000E+02  1.53431898E+00  1.53041515E+00  1.53431898E+00
   252  1.51200000E+02  1.53431912E+00  1.53061803E+00  1.53431912E+00
   253  1.51800000E+02  1.53431925E+00  1.53080443E+00  1.53431925E+00
   254  1.52400000E+02  1.53431937E+00  1.53097814E+00  1.53431937E+00
   255  1.53000000E+02  1.53431947E+00  1.53114186E+00  1.53431947E+00
   256  1.53600000E+02  1.53431956E+00  1.53129716E+00  1.53431956E+00
   257  1.54200000E+02  1.53431965E+00  1.53144456E+00  1.53431965E+00
   258  1.54800000E+02  1.53431973E+00  1.53158380E+00  1.53431973E+00
   259  1.55400000E+02  1.53431979E+00  1.53171419E+00  1.53431979E+00
   260  1.56000000E+02  1.53431986E+00  1.53183499E+00  1.53431986E+00
   261  1.56600000E+02  1.53431991E+00  1.53194567E+00  1.53431991E+00
   262  1.57200000E+02  1.53431997E+00  1.53204616E+00  1.53431997E+00
   263  1.57800000E+02  1.53432001E+00  1.53213684E+00  1.53432001E+00
   264  1.58400000E+02  1.53432005E+00  1.53221851E+00  1.53432005E+00
   265  1.59000000E+02  1.53432009E+00  1.53229227E+00  1.53432009E+00
   266  1.59600000E+02  1.53432013E+00  1.53235931E+00  1.53432013E+00
   267  1.60200000E+02  1.53432016E+00  1.53242079E+00  1.53432016E+00
   268  1.60800000E+02  1.53432019E+00  1.53247764E+00  1.53432019E+00
   269  1.61400000E+02  1.53432021E+00  1.53253059E+00  1.53432021E+00
   270  1.62000000E+02  1.53432024E+00  1.53258007E+00  1.53432024E+00
   271  1.62600000E+02  1.53432026E+00  1.53262632E+00  1.53432026E+00
   272  1.63200000E+02  1.53432028E+00  1.53266942E+00  1.53432028E+00
   273  1.63800000E+02  1.53432030E+00  1.53270941E+00  1.53432030E+00
   274  1.64400000E+02  1.53432032E+00  1.53274632E+00  1.53432032E+00
   275  1.65000000E+02  1.53432033E+00  1.53278022E+00  1.53432033E+00
   276  1.65600000E+02  1.53432034E+00  1.53281126E+00  1.53432034E+00
   277  1.66200000E+02  1.53432036E+00  1.53283966E+00  1.53432036E+00
   278  1.66800000E+02  1.53432037E+00  1.53286567E+00  1.53432037E+00
   279  1.67400000E+02  1.53432038E+00  1.53288956E+00  1.53432038E+00
   280  1.68000000E+02  1.53432039E+00  1.53291158E+00  1.53432039E+00
   281  1.68600000E+02  1.53432040E+00  1.53293195E+00  1.53432040E+00
   282  1.69200000E+02  1.53432041E+00  1.53295082E+00  1.53432041E+00
   283  1.69800000E+02  1.53432041E+00  1.53296835E+00  1.53432041E+00
   284  1.70400000E+02  1.53432042E+00  1.53298460E+00  1.53432042E+00
   285  1.71000000E+02  1.53432043E+00  1.53299967E+00  1.53432043E+00
   286  1.71600000E+02  1.53432043E+00  1.53301360E+00  1.53432043E+00
   287  1.72200000E+02  1.53432044E+00  1.53302645E+00  1.53432044E+00
   288  1.72800000E+02  1.53432044E+00  1.53303830E+00  1.53432044E+00
   289  1.73400000E+02  1.53432045E+00  1.53304921E+00  1.53432045E+00
   290  1.74000000E+02  1.53432045E+00  1.53305924E+00  1.53432045E+00
   291  1.74600000E+02  1.53432045E+00  1.53306848E+00  1.53432045E+00
   292  1.75200000E+02  1.53432046E+00  1.53307698E+00  1.53432046E+00
   293  1.75800000E+02  1.53432046E+00  1.53308482E+00  1.53432046E+00
   294  1.76400000E+02  1.53432046E+00  1.53309205E+00  1.53432046E+00
   295  1.77000000E+02  1.53432046E+00  1.53309871E+00  1.53432046E+00
   296  1.77600000E+02  1.53432047E+00  1.53310484E+00  1.53432047E+00
   297  1.78200000E+02  1.53432047E+00  1.53311048E+00  1.53432047E+00
   298  1.78800000E+02  1.53432047E+00  1.53311567E+00  1.53432047E+00
   299  1.79400000E+02  1.53432047E+00  1.53312042E+00  1.53432047E+00
   300  1.80000000E+02  1.53432047E+00  1.53312479E+00  1.53432047E+00
 steady-height stop at step    300: changes <=   1.0000E-05, max-end <=   1.0000E-02, max/end/gap/profile_change =   1.53432047E+00  1.53312479E+00  1.19568482E-03  4.36283483E-06


STDERR:
