COMMAND:
/shared/generate_rom_data/extrudate_swell2d_c_cluster

STDOUT:
 comppar: model =   2
 comppar: lambda,mobility/eps,betav,eta_0 =  4.6000E+00  3.0000E-01  3.0000E-01  1.0000E+00
 comppar: eta_s,eta_p,G =  3.0000E-01  7.0000E-01  1.5217E-01
 comppar: U_avg,deltat,flowrate,nsteps =  1.0000E-01  6.0000E-01  3.1416E-01     700
 comppar: geometry = axisymmetric
 comppar: steady stop change,gap,hold,min =  1.0000E-05  1.0000E-02      10      80
 comppar: ncompc,ncompg =     4     5
 mesh nnodes = 5765
 mesh nelem = 2780
 P1 BC   5.0000000000000000     
 P2 BC   0.0000000000000000     
     1  6.00000000E-01  1.00752554E+00  1.00000000E+00  1.00752554E+00
     2  1.20000000E+00  1.01465334E+00  1.00000000E+00  1.01465334E+00
     3  1.80000000E+00  1.02144457E+00  1.00000000E+00  1.02144457E+00
     4  2.40000000E+00  1.02810213E+00  1.00000001E+00  1.02810213E+00
     5  3.00000000E+00  1.03476137E+00  1.00000001E+00  1.03476137E+00
     6  3.60000000E+00  1.04148081E+00  1.00000001E+00  1.04148081E+00
     7  4.20000000E+00  1.04833802E+00  1.00000000E+00  1.04833802E+00
     8  4.80000000E+00  1.05536406E+00  9.99999999E-01  1.05536406E+00
     9  5.40000000E+00  1.06255356E+00  9.99999991E-01  1.06255356E+00
    10  6.00000000E+00  1.06996122E+00  9.99999977E-01  1.06996122E+00
    11  6.60000000E+00  1.07742177E+00  9.99999959E-01  1.07742177E+00
    12  7.20000000E+00  1.08509067E+00  9.99999934E-01  1.08509067E+00
    13  7.80000000E+00  1.09277992E+00  9.99999900E-01  1.09277992E+00
    14  8.40000000E+00  1.10057981E+00  9.99999858E-01  1.10057981E+00
    15  9.00000000E+00  1.10841858E+00  9.99999804E-01  1.10841858E+00
    16  9.60000000E+00  1.11621599E+00  9.99999737E-01  1.11621599E+00
    17  1.02000000E+01  1.12408944E+00  9.99999656E-01  1.12408944E+00
    18  1.08000000E+01  1.13189908E+00  9.99999558E-01  1.13189908E+00
    19  1.14000000E+01  1.13959809E+00  9.99999441E-01  1.13959809E+00
    20  1.20000000E+01  1.14731830E+00  9.99999303E-01  1.14731830E+00
    21  1.26000000E+01  1.15490825E+00  9.99999139E-01  1.15490825E+00
    22  1.32000000E+01  1.16232736E+00  9.99998948E-01  1.16232736E+00
    23  1.38000000E+01  1.16974259E+00  9.99998725E-01  1.16974259E+00
    24  1.44000000E+01  1.17699110E+00  9.99998468E-01  1.17699110E+00
    25  1.50000000E+01  1.18401970E+00  9.99998171E-01  1.18401970E+00
    26  1.56000000E+01  1.19104478E+00  9.99997830E-01  1.19104478E+00
    27  1.62000000E+01  1.19785716E+00  9.99997441E-01  1.19785716E+00
    28  1.68000000E+01  1.20441192E+00  9.99996998E-01  1.20441192E+00
    29  1.74000000E+01  1.21094047E+00  9.99996496E-01  1.21094047E+00
    30  1.80000000E+01  1.21728940E+00  9.99995927E-01  1.21728940E+00
    31  1.86000000E+01  1.22335178E+00  9.99995286E-01  1.22335178E+00
    32  1.92000000E+01  1.22937345E+00  9.99994564E-01  1.22937345E+00
    33  1.98000000E+01  1.23521533E+00  9.99993755E-01  1.23521533E+00
    34  2.04000000E+01  1.24074479E+00  9.99992849E-01  1.24074479E+00
    35  2.10000000E+01  1.24633723E+00  9.99991838E-01  1.24633723E+00
    36  2.16000000E+01  1.25167862E+00  9.99990712E-01  1.25167862E+00
    37  2.22000000E+01  1.25673681E+00  9.99989460E-01  1.25673681E+00
    38  2.28000000E+01  1.26188889E+00  9.99988071E-01  1.26188889E+00
    39  2.34000000E+01  1.26669991E+00  9.99986533E-01  1.26669991E+00
    40  2.40000000E+01  1.27134277E+00  9.99984834E-01  1.27134277E+00
    41  2.46000000E+01  1.27596008E+00  9.99982959E-01  1.27596008E+00
    42  2.52000000E+01  1.28021090E+00  9.99980896E-01  1.28021090E+00
    43  2.58000000E+01  1.28452795E+00  9.99978627E-01  1.28452795E+00
    44  2.64000000E+01  1.28858190E+00  9.99976139E-01  1.28858190E+00
    45  2.70000000E+01  1.29243792E+00  9.99973413E-01  1.29243792E+00
    46  2.76000000E+01  1.29629493E+00  9.99970434E-01  1.29629493E+00
    47  2.82000000E+01  1.29976399E+00  9.99967181E-01  1.29976399E+00
    48  2.88000000E+01  1.30340139E+00  9.99963637E-01  1.30340139E+00
    49  2.94000000E+01  1.30667729E+00  9.99959782E-01  1.30667729E+00
    50  3.00000000E+01  1.30988085E+00  9.99955597E-01  1.30988085E+00
    51  3.06000000E+01  1.31296978E+00  9.99951060E-01  1.31296978E+00
    52  3.12000000E+01  1.31582714E+00  9.99946151E-01  1.31582714E+00
    53  3.18000000E+01  1.31873402E+00  9.99940850E-01  1.31873402E+00
    54  3.24000000E+01  1.32128361E+00  9.99935134E-01  1.32128361E+00
    55  3.30000000E+01  1.32401746E+00  9.99928985E-01  1.32401746E+00
    56  3.36000000E+01  1.32641434E+00  9.99922382E-01  1.32641434E+00
    57  3.42000000E+01  1.32884877E+00  9.99915306E-01  1.32884877E+00
    58  3.48000000E+01  1.33109631E+00  9.99907739E-01  1.33109631E+00
    59  3.54000000E+01  1.33324177E+00  9.99899665E-01  1.33324177E+00
    60  3.60000000E+01  1.33535925E+00  9.99891071E-01  1.33535925E+00
    61  3.66000000E+01  1.33723429E+00  9.99881945E-01  1.33723429E+00
    62  3.72000000E+01  1.33922509E+00  9.99872279E-01  1.33922509E+00
    63  3.78000000E+01  1.34099275E+00  9.99862071E-01  1.34099275E+00
    64  3.84000000E+01  1.34275072E+00  9.99851321E-01  1.34275072E+00
    65  3.90000000E+01  1.34443461E+00  9.99840038E-01  1.34443461E+00
    66  3.96000000E+01  1.34597428E+00  9.99828234E-01  1.34597428E+00
    67  4.02000000E+01  1.34754285E+00  9.99815934E-01  1.34754285E+00
    68  4.08000000E+01  1.34902373E+00  9.99803169E-01  1.34902373E+00
    69  4.14000000E+01  1.35042303E+00  9.99789984E-01  1.35042303E+00
    70  4.20000000E+01  1.35182316E+00  9.99776433E-01  1.35182316E+00
    71  4.26000000E+01  1.35317980E+00  9.99762589E-01  1.35317980E+00
    72  4.32000000E+01  1.35448010E+00  9.99748540E-01  1.35448010E+00
    73  4.38000000E+01  1.35572297E+00  9.99734393E-01  1.35572297E+00
    74  4.44000000E+01  1.35693531E+00  9.99720277E-01  1.35693531E+00
    75  4.50000000E+01  1.35814315E+00  9.99706347E-01  1.35814315E+00
    76  4.56000000E+01  1.35927233E+00  9.99692785E-01  1.35927233E+00
    77  4.62000000E+01  1.36032884E+00  9.99679806E-01  1.36032884E+00
    78  4.68000000E+01  1.36140781E+00  9.99667659E-01  1.36140781E+00
    79  4.74000000E+01  1.36238516E+00  9.99656633E-01  1.36238516E+00
    80  4.80000000E+01  1.36333977E+00  9.99647064E-01  1.36333977E+00
    81  4.86000000E+01  1.36426793E+00  9.99639335E-01  1.36426793E+00
    82  4.92000000E+01  1.36508170E+00  9.99633886E-01  1.36508170E+00
    83  4.98000000E+01  1.36594270E+00  9.99631220E-01  1.36594270E+00
    84  5.04000000E+01  1.36671116E+00  9.99631906E-01  1.36671116E+00
    85  5.10000000E+01  1.36745134E+00  9.99636592E-01  1.36745134E+00
    86  5.16000000E+01  1.36817268E+00  9.99646009E-01  1.36817268E+00
    87  5.22000000E+01  1.36879574E+00  9.99660981E-01  1.36879574E+00
    88  5.28000000E+01  1.36946918E+00  9.99682435E-01  1.36946918E+00
    89  5.34000000E+01  1.37005945E+00  9.99711412E-01  1.37005945E+00
    90  5.40000000E+01  1.37062660E+00  9.99749076E-01  1.37062660E+00
    91  5.46000000E+01  1.37118091E+00  9.99796730E-01  1.37118091E+00
    92  5.52000000E+01  1.37167102E+00  9.99855825E-01  1.37167102E+00
    93  5.58000000E+01  1.37218061E+00  9.99927977E-01  1.37218061E+00
    94  5.64000000E+01  1.37264931E+00  1.00001498E+00  1.37264931E+00
    95  5.70000000E+01  1.37307827E+00  1.00011883E+00  1.37307827E+00
    96  5.76000000E+01  1.37350858E+00  1.00024173E+00  1.37350858E+00
    97  5.82000000E+01  1.37392139E+00  1.00038610E+00  1.37392139E+00
    98  5.88000000E+01  1.37431179E+00  1.00055465E+00  1.37431179E+00
    99  5.94000000E+01  1.37468364E+00  1.00075032E+00  1.37468364E+00
   100  6.00000000E+01  1.37505361E+00  1.00097637E+00  1.37505361E+00
   101  6.06000000E+01  1.37541135E+00  1.00123636E+00  1.37541135E+00
   102  6.12000000E+01  1.37574782E+00  1.00153419E+00  1.37574782E+00
   103  6.18000000E+01  1.37605793E+00  1.00187415E+00  1.37605793E+00
   104  6.24000000E+01  1.37637487E+00  1.00226087E+00  1.37637487E+00
   105  6.30000000E+01  1.37667207E+00  1.00269944E+00  1.37667207E+00
   106  6.36000000E+01  1.37693679E+00  1.00319536E+00  1.37693679E+00
   107  6.42000000E+01  1.37720321E+00  1.00375460E+00  1.37720321E+00
   108  6.48000000E+01  1.37745390E+00  1.00438364E+00  1.37745390E+00
   109  6.54000000E+01  1.37767162E+00  1.00508943E+00  1.37767162E+00
   110  6.60000000E+01  1.37790586E+00  1.00587947E+00  1.37790586E+00
   111  6.66000000E+01  1.37810986E+00  1.00676181E+00  1.37810986E+00
   112  6.72000000E+01  1.37829310E+00  1.00774506E+00  1.37829310E+00
   113  6.78000000E+01  1.37848541E+00  1.00883837E+00  1.37848541E+00
   114  6.84000000E+01  1.37864939E+00  1.01005149E+00  1.37864939E+00
   115  6.90000000E+01  1.37880835E+00  1.01139468E+00  1.37880835E+00
   116  6.96000000E+01  1.37896106E+00  1.01287878E+00  1.37896106E+00
   117  7.02000000E+01  1.37909201E+00  1.01451512E+00  1.37909201E+00
   118  7.08000000E+01  1.37922613E+00  1.01631548E+00  1.37922613E+00
   119  7.14000000E+01  1.37934937E+00  1.01829205E+00  1.37934937E+00
   120  7.20000000E+01  1.37945687E+00  1.02045736E+00  1.37945687E+00
   121  7.26000000E+01  1.37956419E+00  1.02282415E+00  1.37956419E+00
   122  7.32000000E+01  1.37966535E+00  1.02540528E+00  1.37966535E+00
   123  7.38000000E+01  1.37975575E+00  1.02821356E+00  1.37975575E+00
   124  7.44000000E+01  1.37984094E+00  1.03126162E+00  1.37984094E+00
   125  7.50000000E+01  1.37992613E+00  1.03456172E+00  1.37992613E+00
   126  7.56000000E+01  1.38000295E+00  1.03812552E+00  1.38000295E+00
   127  7.62000000E+01  1.38007212E+00  1.04196385E+00  1.38007212E+00
   128  7.68000000E+01  1.38013836E+00  1.04608650E+00  1.38013836E+00
   129  7.74000000E+01  1.38020420E+00  1.05050191E+00  1.38020420E+00
   130  7.80000000E+01  1.38026277E+00  1.05521696E+00  1.38026277E+00
   131  7.86000000E+01  1.38031421E+00  1.06023664E+00  1.38031421E+00
   132  7.92000000E+01  1.38036620E+00  1.06556384E+00  1.38036620E+00
   133  7.98000000E+01  1.38041471E+00  1.07119909E+00  1.38041471E+00
   134  8.04000000E+01  1.38045693E+00  1.07714033E+00  1.38045693E+00
   135  8.10000000E+01  1.38049356E+00  1.08338274E+00  1.38049356E+00
   136  8.16000000E+01  1.38053322E+00  1.08991862E+00  1.38053322E+00
   137  8.22000000E+01  1.38056763E+00  1.09673731E+00  1.38056763E+00
   138  8.28000000E+01  1.38059765E+00  1.10382515E+00  1.38059765E+00
   139  8.34000000E+01  1.38062412E+00  1.11116560E+00  1.38062412E+00
   140  8.40000000E+01  1.38065123E+00  1.11873934E+00  1.38065123E+00
   141  8.46000000E+01  1.38067625E+00  1.12652451E+00  1.38067625E+00
   142  8.52000000E+01  1.38069852E+00  1.13449700E+00  1.38069852E+00
   143  8.58000000E+01  1.38071845E+00  1.14263083E+00  1.38071845E+00
   144  8.64000000E+01  1.38073627E+00  1.15089854E+00  1.38073627E+00
   145  8.70000000E+01  1.38075291E+00  1.15927170E+00  1.38075291E+00
   146  8.76000000E+01  1.38076984E+00  1.16772139E+00  1.38076984E+00
   147  8.82000000E+01  1.38078488E+00  1.17621867E+00  1.38078488E+00
   148  8.88000000E+01  1.38079814E+00  1.18473512E+00  1.38079814E+00
   149  8.94000000E+01  1.38080973E+00  1.19324326E+00  1.38080973E+00
   150  9.00000000E+01  1.38081985E+00  1.20171692E+00  1.38081985E+00
   151  9.06000000E+01  1.38082868E+00  1.21013159E+00  1.38082868E+00
   152  9.12000000E+01  1.38083782E+00  1.21846464E+00  1.38083782E+00
   153  9.18000000E+01  1.38084615E+00  1.22669540E+00  1.38084615E+00
   154  9.24000000E+01  1.38085345E+00  1.23480526E+00  1.38085345E+00
   155  9.30000000E+01  1.38085988E+00  1.24277754E+00  1.38085988E+00
   156  9.36000000E+01  1.38086556E+00  1.25059736E+00  1.38086556E+00
   157  9.42000000E+01  1.38087058E+00  1.25825140E+00  1.38087058E+00
   158  9.48000000E+01  1.38087502E+00  1.26572760E+00  1.38087502E+00
   159  9.54000000E+01  1.38087892E+00  1.27301484E+00  1.38087892E+00
   160  9.60000000E+01  1.38088235E+00  1.28010262E+00  1.38088235E+00
   161  9.66000000E+01  1.38088534E+00  1.28698073E+00  1.38088534E+00
   162  9.72000000E+01  1.38088794E+00  1.29363896E+00  1.38088794E+00
   163  9.78000000E+01  1.38089029E+00  1.30006690E+00  1.38089029E+00
   164  9.84000000E+01  1.38089274E+00  1.30625380E+00  1.38089274E+00
   165  9.90000000E+01  1.38089487E+00  1.31218851E+00  1.38089487E+00
   166  9.96000000E+01  1.38089672E+00  1.31785957E+00  1.38089672E+00
   167  1.00200000E+02  1.38089834E+00  1.32325537E+00  1.38089834E+00
   168  1.00800000E+02  1.38089974E+00  1.32836445E+00  1.38089974E+00
   169  1.01400000E+02  1.38090096E+00  1.33317590E+00  1.38090096E+00
   170  1.02000000E+02  1.38090201E+00  1.33767988E+00  1.38090201E+00
   171  1.02600000E+02  1.38090291E+00  1.34186818E+00  1.38090291E+00
   172  1.03200000E+02  1.38090369E+00  1.34573487E+00  1.38090369E+00
   173  1.03800000E+02  1.38090435E+00  1.34927692E+00  1.38090435E+00
   174  1.04400000E+02  1.38090492E+00  1.35249487E+00  1.38090492E+00
   175  1.05000000E+02  1.38090539E+00  1.35539335E+00  1.38090539E+00
   176  1.05600000E+02  1.38090580E+00  1.35798151E+00  1.38090580E+00
   177  1.06200000E+02  1.38090614E+00  1.36027322E+00  1.38090614E+00
   178  1.06800000E+02  1.38090642E+00  1.36228710E+00  1.38090642E+00
   179  1.07400000E+02  1.38090666E+00  1.36404614E+00  1.38090666E+00
   180  1.08000000E+02  1.38090685E+00  1.36557711E+00  1.38090685E+00
   181  1.08600000E+02  1.38090701E+00  1.36690957E+00  1.38090701E+00
   182  1.09200000E+02  1.38090714E+00  1.36807463E+00  1.38090714E+00
   183  1.09800000E+02  1.38090724E+00  1.36910345E+00  1.38090724E+00
   184  1.10400000E+02  1.38090732E+00  1.37002569E+00  1.38090732E+00
   185  1.11000000E+02  1.38090738E+00  1.37086790E+00  1.38090738E+00
   186  1.11600000E+02  1.38090743E+00  1.37165219E+00  1.38090743E+00
   187  1.12200000E+02  1.38090746E+00  1.37239520E+00  1.38090746E+00
   188  1.12800000E+02  1.38090748E+00  1.37310758E+00  1.38090748E+00
   189  1.13400000E+02  1.38090750E+00  1.37379405E+00  1.38090750E+00
   190  1.14000000E+02  1.38090750E+00  1.37445401E+00  1.38090750E+00
   191  1.14600000E+02  1.38090750E+00  1.37508281E+00  1.38090750E+00
   192  1.15200000E+02  1.38090750E+00  1.37567328E+00  1.38090750E+00
   193  1.15800000E+02  1.38090749E+00  1.37621752E+00  1.38090749E+00
   194  1.16400000E+02  1.38090748E+00  1.37670867E+00  1.38090748E+00
   195  1.17000000E+02  1.38090747E+00  1.37714227E+00  1.38090747E+00
   196  1.17600000E+02  1.38090745E+00  1.37751725E+00  1.38090745E+00
   197  1.18200000E+02  1.38090744E+00  1.37783620E+00  1.38090744E+00
   198  1.18800000E+02  1.38090742E+00  1.37810502E+00  1.38090742E+00
   199  1.19400000E+02  1.38090741E+00  1.37833207E+00  1.38090741E+00
   200  1.20000000E+02  1.38090739E+00  1.37852690E+00  1.38090739E+00
   201  1.20600000E+02  1.38090738E+00  1.37869886E+00  1.38090738E+00
   202  1.21200000E+02  1.38090736E+00  1.37885587E+00  1.38090736E+00
   203  1.21800000E+02  1.38090735E+00  1.37900357E+00  1.38090735E+00
   204  1.22400000E+02  1.38090733E+00  1.37914487E+00  1.38090733E+00
   205  1.23000000E+02  1.38090732E+00  1.37928011E+00  1.38090732E+00
   206  1.23600000E+02  1.38090731E+00  1.37940767E+00  1.38090731E+00
   207  1.24200000E+02  1.38090729E+00  1.37952484E+00  1.38090729E+00
   208  1.24800000E+02  1.38090728E+00  1.37962875E+00  1.38090728E+00
   209  1.25400000E+02  1.38090727E+00  1.37971731E+00  1.38090727E+00
   210  1.26000000E+02  1.38090726E+00  1.37978970E+00  1.38090726E+00
   211  1.26600000E+02  1.38090725E+00  1.37984666E+00  1.38090725E+00
   212  1.27200000E+02  1.38090725E+00  1.37989028E+00  1.38090725E+00
   213  1.27800000E+02  1.38090724E+00  1.37992358E+00  1.38090724E+00
   214  1.28400000E+02  1.38090723E+00  1.37994996E+00  1.38090723E+00
   215  1.29000000E+02  1.38090722E+00  1.37997253E+00  1.38090722E+00
   216  1.29600000E+02  1.38090722E+00  1.37999374E+00  1.38090722E+00
   217  1.30200000E+02  1.38090721E+00  1.38001504E+00  1.38090721E+00
   218  1.30800000E+02  1.38090721E+00  1.38003692E+00  1.38090721E+00
   219  1.31400000E+02  1.38090720E+00  1.38005905E+00  1.38090720E+00
   220  1.32000000E+02  1.38090720E+00  1.38008064E+00  1.38090720E+00
   221  1.32600000E+02  1.38090720E+00  1.38010071E+00  1.38090720E+00
   222  1.33200000E+02  1.38090719E+00  1.38011846E+00  1.38090719E+00
   223  1.33800000E+02  1.38090719E+00  1.38013343E+00  1.38090719E+00
   224  1.34400000E+02  1.38090719E+00  1.38014554E+00  1.38090719E+00
   225  1.35000000E+02  1.38090718E+00  1.38015511E+00  1.38090718E+00
   226  1.35600000E+02  1.38090718E+00  1.38016265E+00  1.38090718E+00
   227  1.36200000E+02  1.38090718E+00  1.38016880E+00  1.38090718E+00
   228  1.36800000E+02  1.38090718E+00  1.38017409E+00  1.38090718E+00
   229  1.37400000E+02  1.38090718E+00  1.38017893E+00  1.38090718E+00
   230  1.38000000E+02  1.38090718E+00  1.38018355E+00  1.38090718E+00
   231  1.38600000E+02  1.38090717E+00  1.38018799E+00  1.38090717E+00
   232  1.39200000E+02  1.38090717E+00  1.38019219E+00  1.38090717E+00
   233  1.39800000E+02  1.38090717E+00  1.38019605E+00  1.38090717E+00
   234  1.40400000E+02  1.38090717E+00  1.38019946E+00  1.38090717E+00
 steady-height stop at step    234: changes <=   1.0000E-05, max-end <=   1.0000E-02, max/end/gap/profile_change =   1.38090717E+00  1.38019946E+00  7.07713180E-04  3.40870498E-06


STDERR:
