COMMAND:
/shared/generate_rom_data/extrudate_swell2d_c_cluster

STDOUT:
 comppar: model =   2
 comppar: lambda,mobility/eps,betav,eta_0 =  6.4000E+00  3.0000E-01  1.0000E-01  1.0000E+00
 comppar: eta_s,eta_p,G =  1.0000E-01  9.0000E-01  1.4062E-01
 comppar: U_avg,deltat,flowrate,nsteps =  2.5000E-02  8.0000E-01  7.8540E-02     700
 comppar: geometry = axisymmetric
 comppar: steady stop change,gap,hold,min =  1.0000E-05  1.0000E-02      10      80
 comppar: ncompc,ncompg =     4     5
 mesh nnodes = 5765
 mesh nelem = 2780
 P1 BC   5.0000000000000000     
 P2 BC   0.0000000000000000     
     1  8.00000000E-01  1.00252543E+00  1.00000000E+00  1.00252543E+00
     2  1.60000000E+00  1.00496993E+00  1.00000000E+00  1.00496993E+00
     3  2.40000000E+00  1.00731315E+00  1.00000000E+00  1.00731315E+00
     4  3.20000000E+00  1.00959553E+00  1.00000000E+00  1.00959553E+00
     5  4.00000000E+00  1.01183341E+00  1.00000000E+00  1.01183341E+00
     6  4.80000000E+00  1.01404074E+00  1.00000000E+00  1.01404074E+00
     7  5.60000000E+00  1.01622283E+00  1.00000000E+00  1.01622283E+00
     8  6.40000000E+00  1.01840224E+00  1.00000000E+00  1.01840224E+00
     9  7.20000000E+00  1.02057413E+00  1.00000000E+00  1.02057413E+00
    10  8.00000000E+00  1.02274214E+00  1.00000001E+00  1.02274214E+00
    11  8.80000000E+00  1.02490695E+00  1.00000001E+00  1.02490695E+00
    12  9.60000000E+00  1.02707492E+00  1.00000001E+00  1.02707492E+00
    13  1.04000000E+01  1.02922780E+00  1.00000001E+00  1.02922780E+00
    14  1.12000000E+01  1.03139500E+00  1.00000001E+00  1.03139500E+00
    15  1.20000000E+01  1.03353529E+00  1.00000001E+00  1.03353529E+00
    16  1.28000000E+01  1.03568162E+00  1.00000001E+00  1.03568162E+00
    17  1.36000000E+01  1.03782299E+00  1.00000001E+00  1.03782299E+00
    18  1.44000000E+01  1.03993218E+00  1.00000001E+00  1.03993218E+00
    19  1.52000000E+01  1.04206174E+00  1.00000001E+00  1.04206174E+00
    20  1.60000000E+01  1.04416695E+00  1.00000001E+00  1.04416695E+00
    21  1.68000000E+01  1.04623465E+00  1.00000001E+00  1.04623465E+00
    22  1.76000000E+01  1.04832812E+00  1.00000001E+00  1.04832812E+00
    23  1.84000000E+01  1.05039619E+00  1.00000001E+00  1.05039619E+00
    24  1.92000000E+01  1.05242242E+00  1.00000000E+00  1.05242242E+00
    25  2.00000000E+01  1.05444915E+00  1.00000000E+00  1.05444915E+00
    26  2.08000000E+01  1.05647125E+00  9.99999998E-01  1.05647125E+00
    27  2.16000000E+01  1.05844766E+00  9.99999994E-01  1.05844766E+00
    28  2.24000000E+01  1.06037544E+00  9.99999989E-01  1.06037544E+00
    29  2.32000000E+01  1.06232165E+00  9.99999984E-01  1.06232165E+00
    30  2.40000000E+01  1.06425219E+00  9.99999979E-01  1.06425219E+00
    31  2.48000000E+01  1.06613188E+00  9.99999972E-01  1.06613188E+00
    32  2.56000000E+01  1.06796790E+00  9.99999964E-01  1.06796790E+00
    33  2.64000000E+01  1.06984803E+00  9.99999956E-01  1.06984803E+00
    34  2.72000000E+01  1.07167541E+00  9.99999946E-01  1.07167541E+00
    35  2.80000000E+01  1.07344802E+00  9.99999936E-01  1.07344802E+00
    36  2.88000000E+01  1.07522365E+00  9.99999924E-01  1.07522365E+00
    37  2.96000000E+01  1.07701072E+00  9.99999911E-01  1.07701072E+00
    38  3.04000000E+01  1.07874220E+00  9.99999897E-01  1.07874220E+00
    39  3.12000000E+01  1.08041652E+00  9.99999881E-01  1.08041652E+00
    40  3.20000000E+01  1.08210988E+00  9.99999863E-01  1.08210988E+00
    41  3.28000000E+01  1.08379895E+00  9.99999844E-01  1.08379895E+00
    42  3.36000000E+01  1.08543035E+00  9.99999823E-01  1.08543035E+00
    43  3.44000000E+01  1.08700304E+00  9.99999801E-01  1.08700304E+00
    44  3.52000000E+01  1.08855488E+00  9.99999776E-01  1.08855488E+00
    45  3.60000000E+01  1.09016066E+00  9.99999749E-01  1.09016066E+00
    46  3.68000000E+01  1.09170799E+00  9.99999720E-01  1.09170799E+00
    47  3.76000000E+01  1.09319636E+00  9.99999689E-01  1.09319636E+00
    48  3.84000000E+01  1.09462570E+00  9.99999655E-01  1.09462570E+00
    49  3.92000000E+01  1.09613118E+00  9.99999618E-01  1.09613118E+00
    50  4.00000000E+01  1.09759354E+00  9.99999578E-01  1.09759354E+00
    51  4.08000000E+01  1.09899722E+00  9.99999536E-01  1.09899722E+00
    52  4.16000000E+01  1.10034284E+00  9.99999490E-01  1.10034284E+00
    53  4.24000000E+01  1.10167147E+00  9.99999441E-01  1.10167147E+00
    54  4.32000000E+01  1.10306963E+00  9.99999388E-01  1.10306963E+00
    55  4.40000000E+01  1.10441034E+00  9.99999332E-01  1.10441034E+00
    56  4.48000000E+01  1.10569465E+00  9.99999271E-01  1.10569465E+00
    57  4.56000000E+01  1.10692409E+00  9.99999207E-01  1.10692409E+00
    58  4.64000000E+01  1.10816822E+00  9.99999138E-01  1.10816822E+00
    59  4.72000000E+01  1.10944639E+00  9.99999064E-01  1.10944639E+00
    60  4.80000000E+01  1.11066995E+00  9.99998985E-01  1.11066995E+00
    61  4.88000000E+01  1.11184080E+00  9.99998902E-01  1.11184080E+00
    62  4.96000000E+01  1.11296111E+00  9.99998812E-01  1.11296111E+00
    63  5.04000000E+01  1.11407193E+00  9.99998718E-01  1.11407193E+00
    64  5.12000000E+01  1.11525451E+00  9.99998617E-01  1.11525451E+00
    65  5.20000000E+01  1.11638601E+00  9.99998510E-01  1.11638601E+00
    66  5.28000000E+01  1.11746871E+00  9.99998396E-01  1.11746871E+00
    67  5.36000000E+01  1.11850519E+00  9.99998275E-01  1.11850519E+00
    68  5.44000000E+01  1.11949832E+00  9.99998147E-01  1.11949832E+00
    69  5.52000000E+01  1.12055847E+00  9.99998011E-01  1.12055847E+00
    70  5.60000000E+01  1.12160318E+00  9.99997868E-01  1.12160318E+00
    71  5.68000000E+01  1.12260364E+00  9.99997716E-01  1.12260364E+00
    72  5.76000000E+01  1.12356286E+00  9.99997555E-01  1.12356286E+00
    73  5.84000000E+01  1.12448413E+00  9.99997385E-01  1.12448413E+00
    74  5.92000000E+01  1.12539039E+00  9.99997206E-01  1.12539039E+00
    75  6.00000000E+01  1.12635968E+00  9.99997017E-01  1.12635968E+00
    76  6.08000000E+01  1.12729003E+00  9.99996817E-01  1.12729003E+00
    77  6.16000000E+01  1.12818488E+00  9.99996606E-01  1.12818488E+00
    78  6.24000000E+01  1.12904764E+00  9.99996383E-01  1.12904764E+00
    79  6.32000000E+01  1.12988156E+00  9.99996149E-01  1.12988156E+00
    80  6.40000000E+01  1.13068932E+00  9.99995902E-01  1.13068932E+00
    81  6.48000000E+01  1.13155336E+00  9.99995642E-01  1.13155336E+00
    82  6.56000000E+01  1.13239174E+00  9.99995369E-01  1.13239174E+00
    83  6.64000000E+01  1.13320353E+00  9.99995081E-01  1.13320353E+00
    84  6.72000000E+01  1.13399106E+00  9.99994779E-01  1.13399106E+00
    85  6.80000000E+01  1.13475553E+00  9.99994461E-01  1.13475553E+00
    86  6.88000000E+01  1.13549679E+00  9.99994127E-01  1.13549679E+00
    87  6.96000000E+01  1.13624374E+00  9.99993777E-01  1.13624374E+00
    88  7.04000000E+01  1.13701117E+00  9.99993409E-01  1.13701117E+00
    89  7.12000000E+01  1.13775463E+00  9.99993023E-01  1.13775463E+00
    90  7.20000000E+01  1.13847305E+00  9.99992619E-01  1.13847305E+00
    91  7.28000000E+01  1.13916411E+00  9.99992195E-01  1.13916411E+00
    92  7.36000000E+01  1.13982446E+00  9.99991751E-01  1.13982446E+00
    93  7.44000000E+01  1.14046910E+00  9.99991286E-01  1.14046910E+00
    94  7.52000000E+01  1.14116846E+00  9.99990799E-01  1.14116846E+00
    95  7.60000000E+01  1.14183871E+00  9.99990289E-01  1.14183871E+00
    96  7.68000000E+01  1.14247580E+00  9.99989756E-01  1.14247580E+00
    97  7.76000000E+01  1.14307532E+00  9.99989199E-01  1.14307532E+00
    98  7.84000000E+01  1.14363307E+00  9.99988617E-01  1.14363307E+00
    99  7.92000000E+01  1.14425312E+00  9.99988008E-01  1.14425312E+00
   100  8.00000000E+01  1.14485957E+00  9.99987372E-01  1.14485957E+00
   101  8.08000000E+01  1.14542664E+00  9.99986709E-01  1.14542664E+00
   102  8.16000000E+01  1.14595098E+00  9.99986017E-01  1.14595098E+00
   103  8.24000000E+01  1.14644383E+00  9.99985294E-01  1.14644383E+00
   104  8.32000000E+01  1.14702381E+00  9.99984541E-01  1.14702381E+00
   105  8.40000000E+01  1.14756174E+00  9.99983756E-01  1.14756174E+00
   106  8.48000000E+01  1.14805470E+00  9.99982939E-01  1.14805470E+00
   107  8.56000000E+01  1.14850100E+00  9.99982087E-01  1.14850100E+00
   108  8.64000000E+01  1.14895552E+00  9.99981200E-01  1.14895552E+00
   109  8.72000000E+01  1.14946096E+00  9.99980277E-01  1.14946096E+00
   110  8.80000000E+01  1.14992167E+00  9.99979317E-01  1.14992167E+00
   111  8.88000000E+01  1.15033683E+00  9.99978318E-01  1.15033683E+00
   112  8.96000000E+01  1.15070699E+00  9.99977280E-01  1.15070699E+00
   113  9.04000000E+01  1.15117690E+00  9.99976202E-01  1.15117690E+00
   114  9.12000000E+01  1.15160525E+00  9.99975082E-01  1.15160525E+00
   115  9.20000000E+01  1.15198776E+00  9.99973919E-01  1.15198776E+00
   116  9.28000000E+01  1.15232594E+00  9.99972711E-01  1.15232594E+00
   117  9.36000000E+01  1.15269019E+00  9.99971459E-01  1.15269019E+00
   118  9.44000000E+01  1.15308848E+00  9.99970160E-01  1.15308848E+00
   119  9.52000000E+01  1.15344282E+00  9.99968814E-01  1.15344282E+00
   120  9.60000000E+01  1.15375522E+00  9.99967419E-01  1.15375522E+00
   121  9.68000000E+01  1.15405398E+00  9.99965974E-01  1.15405398E+00
   122  9.76000000E+01  1.15442045E+00  9.99964479E-01  1.15442045E+00
   123  9.84000000E+01  1.15474381E+00  9.99962931E-01  1.15474381E+00
   124  9.92000000E+01  1.15502694E+00  9.99961330E-01  1.15502694E+00
   125  1.00000000E+02  1.15527358E+00  9.99959676E-01  1.15527358E+00
   126  1.00800000E+02  1.15559036E+00  9.99957965E-01  1.15559036E+00
   127  1.01600000E+02  1.15588888E+00  9.99956199E-01  1.15588888E+00
   128  1.02400000E+02  1.15614973E+00  9.99954375E-01  1.15614973E+00
   129  1.03200000E+02  1.15637670E+00  9.99952493E-01  1.15637670E+00
   130  1.04000000E+02  1.15663136E+00  9.99950552E-01  1.15663136E+00
   131  1.04800000E+02  1.15690165E+00  9.99948551E-01  1.15690165E+00
   132  1.05600000E+02  1.15713671E+00  9.99946490E-01  1.15713671E+00
   133  1.06400000E+02  1.15734080E+00  9.99944367E-01  1.15734080E+00
   134  1.07200000E+02  1.15754347E+00  9.99942181E-01  1.15754347E+00
   135  1.08000000E+02  1.15779231E+00  9.99939933E-01  1.15779231E+00
   136  1.08800000E+02  1.15800845E+00  9.99937622E-01  1.15800845E+00
   137  1.09600000E+02  1.15819602E+00  9.99935248E-01  1.15819602E+00
   138  1.10400000E+02  1.15835921E+00  9.99932810E-01  1.15835921E+00
   139  1.11200000E+02  1.15857061E+00  9.99930308E-01  1.15857061E+00
   140  1.12000000E+02  1.15876486E+00  9.99927741E-01  1.15876486E+00
   141  1.12800000E+02  1.15893362E+00  9.99925112E-01  1.15893362E+00
   142  1.13600000E+02  1.15908107E+00  9.99922418E-01  1.15908107E+00
   143  1.14400000E+02  1.15925755E+00  9.99919662E-01  1.15925755E+00
   144  1.15200000E+02  1.15943593E+00  9.99916843E-01  1.15943593E+00
   145  1.16000000E+02  1.15959091E+00  9.99913963E-01  1.15959091E+00
   146  1.16800000E+02  1.15972643E+00  9.99911022E-01  1.15972643E+00
   147  1.17600000E+02  1.15984766E+00  9.99908021E-01  1.15984766E+00
   148  1.18400000E+02  1.16000810E+00  9.99904963E-01  1.16000810E+00
   149  1.19200000E+02  1.16014814E+00  9.99901848E-01  1.16014814E+00
   150  1.20000000E+02  1.16027150E+00  9.99898679E-01  1.16027150E+00
   151  1.20800000E+02  1.16038141E+00  9.99895458E-01  1.16038141E+00
   152  1.21600000E+02  1.16051821E+00  9.99892187E-01  1.16051821E+00
   153  1.22400000E+02  1.16064683E+00  9.99888870E-01  1.16064683E+00
   154  1.23200000E+02  1.16076028E+00  9.99885509E-01  1.16076028E+00
   155  1.24000000E+02  1.16086148E+00  9.99882109E-01  1.16086148E+00
   156  1.24800000E+02  1.16095285E+00  9.99878673E-01  1.16095285E+00
   157  1.25600000E+02  1.16106216E+00  9.99875207E-01  1.16106216E+00
   158  1.26400000E+02  1.16116652E+00  9.99871714E-01  1.16116652E+00
   159  1.27200000E+02  1.16126065E+00  9.99868200E-01  1.16126065E+00
   160  1.28000000E+02  1.16134652E+00  9.99864672E-01  1.16134652E+00
   161  1.28800000E+02  1.16143749E+00  9.99861136E-01  1.16143749E+00
   162  1.29600000E+02  1.16153358E+00  9.99857599E-01  1.16153358E+00
   163  1.30400000E+02  1.16162040E+00  9.99854069E-01  1.16162040E+00
   164  1.31200000E+02  1.16169972E+00  9.99850554E-01  1.16169972E+00
   165  1.32000000E+02  1.16177282E+00  9.99847063E-01  1.16177282E+00
   166  1.32800000E+02  1.16184057E+00  9.99843607E-01  1.16184057E+00
   167  1.33600000E+02  1.16191569E+00  9.99840195E-01  1.16191569E+00
   168  1.34400000E+02  1.16199105E+00  9.99836840E-01  1.16199105E+00
   169  1.35200000E+02  1.16206096E+00  9.99833552E-01  1.16206096E+00
   170  1.36000000E+02  1.16212598E+00  9.99830346E-01  1.16212598E+00
   171  1.36800000E+02  1.16218641E+00  9.99827236E-01  1.16218641E+00
   172  1.37600000E+02  1.16225204E+00  9.99824236E-01  1.16225204E+00
   173  1.38400000E+02  1.16231684E+00  9.99821363E-01  1.16231684E+00
   174  1.39200000E+02  1.16237715E+00  9.99818634E-01  1.16237715E+00
   175  1.40000000E+02  1.16243325E+00  9.99816067E-01  1.16243325E+00
   176  1.40800000E+02  1.16248528E+00  9.99813683E-01  1.16248528E+00
   177  1.41600000E+02  1.16253328E+00  9.99811502E-01  1.16253328E+00
   178  1.42400000E+02  1.16258514E+00  9.99809548E-01  1.16258514E+00
   179  1.43200000E+02  1.16263903E+00  9.99807843E-01  1.16263903E+00
   180  1.44000000E+02  1.16268881E+00  9.99806415E-01  1.16268881E+00
   181  1.44800000E+02  1.16273451E+00  9.99805289E-01  1.16273451E+00
   182  1.45600000E+02  1.16277621E+00  9.99804495E-01  1.16277621E+00
   183  1.46400000E+02  1.16281690E+00  9.99804064E-01  1.16281690E+00
   184  1.47200000E+02  1.16286323E+00  9.99804028E-01  1.16286323E+00
   185  1.48000000E+02  1.16290580E+00  9.99804421E-01  1.16290580E+00
   186  1.48800000E+02  1.16294466E+00  9.99805281E-01  1.16294466E+00
   187  1.49600000E+02  1.16297992E+00  9.99806644E-01  1.16297992E+00
   188  1.50400000E+02  1.16301177E+00  9.99808553E-01  1.16301177E+00
   189  1.51200000E+02  1.16304852E+00  9.99811050E-01  1.16304852E+00
   190  1.52000000E+02  1.16308512E+00  9.99814181E-01  1.16308512E+00
   191  1.52800000E+02  1.16311816E+00  9.99817993E-01  1.16311816E+00
   192  1.53600000E+02  1.16314786E+00  9.99822538E-01  1.16314786E+00
   193  1.54400000E+02  1.16317450E+00  9.99827869E-01  1.16317450E+00
   194  1.55200000E+02  1.16320252E+00  9.99834042E-01  1.16320252E+00
   195  1.56000000E+02  1.16323336E+00  9.99841117E-01  1.16323336E+00
   196  1.56800000E+02  1.16326110E+00  9.99849156E-01  1.16326110E+00
   197  1.57600000E+02  1.16328599E+00  9.99858227E-01  1.16328599E+00
   198  1.58400000E+02  1.16330831E+00  9.99868397E-01  1.16330831E+00
   199  1.59200000E+02  1.16332833E+00  9.99879742E-01  1.16332833E+00
   200  1.60000000E+02  1.16335392E+00  9.99892337E-01  1.16335392E+00
   201  1.60800000E+02  1.16337700E+00  9.99906265E-01  1.16337700E+00
   202  1.61600000E+02  1.16339768E+00  9.99921609E-01  1.16339768E+00
   203  1.62400000E+02  1.16341627E+00  9.99938461E-01  1.16341627E+00
   204  1.63200000E+02  1.16343303E+00  9.99956913E-01  1.16343303E+00
   205  1.64000000E+02  1.16345179E+00  9.99977065E-01  1.16345179E+00
   206  1.64800000E+02  1.16347112E+00  9.99999020E-01  1.16347112E+00
   207  1.65600000E+02  1.16348848E+00  1.00002289E+00  1.16348848E+00
   208  1.66400000E+02  1.16350413E+00  1.00004878E+00  1.16350413E+00
   209  1.67200000E+02  1.16351828E+00  1.00007682E+00  1.16351828E+00
   210  1.68000000E+02  1.16353113E+00  1.00010713E+00  1.16353113E+00
   211  1.68800000E+02  1.16354528E+00  1.00013984E+00  1.16354528E+00
   212  1.69600000E+02  1.16355987E+00  1.00017509E+00  1.16355987E+00
   213  1.70400000E+02  1.16357312E+00  1.00021302E+00  1.16357312E+00
   214  1.71200000E+02  1.16358519E+00  1.00025378E+00  1.16358519E+00
   215  1.72000000E+02  1.16359622E+00  1.00029753E+00  1.16359622E+00
   216  1.72800000E+02  1.16360631E+00  1.00034443E+00  1.16360631E+00
   217  1.73600000E+02  1.16361713E+00  1.00039465E+00  1.16361713E+00
   218  1.74400000E+02  1.16362838E+00  1.00044837E+00  1.16362838E+00
   219  1.75200000E+02  1.16363864E+00  1.00050578E+00  1.16363864E+00
   220  1.76000000E+02  1.16364803E+00  1.00056707E+00  1.16364803E+00
   221  1.76800000E+02  1.16365661E+00  1.00063244E+00  1.16365661E+00
   222  1.77600000E+02  1.16366445E+00  1.00070211E+00  1.16366445E+00
   223  1.78400000E+02  1.16367160E+00  1.00077628E+00  1.16367160E+00
   224  1.79200000E+02  1.16367924E+00  1.00085520E+00  1.16367924E+00
   225  1.80000000E+02  1.16368735E+00  1.00093910E+00  1.16368735E+00
   226  1.80800000E+02  1.16369476E+00  1.00102824E+00  1.16369476E+00
   227  1.81600000E+02  1.16370149E+00  1.00112286E+00  1.16370149E+00
   228  1.82400000E+02  1.16370759E+00  1.00122323E+00  1.16370759E+00
   229  1.83200000E+02  1.16371310E+00  1.00132965E+00  1.16371310E+00
   230  1.84000000E+02  1.16371806E+00  1.00144239E+00  1.16371806E+00
   231  1.84800000E+02  1.16372344E+00  1.00156177E+00  1.16372344E+00
   232  1.85600000E+02  1.16372911E+00  1.00168810E+00  1.16372911E+00
   233  1.86400000E+02  1.16373422E+00  1.00182169E+00  1.16373422E+00
   234  1.87200000E+02  1.16373882E+00  1.00196290E+00  1.16373882E+00
   235  1.88000000E+02  1.16374294E+00  1.00211207E+00  1.16374294E+00
   236  1.88800000E+02  1.16374662E+00  1.00226956E+00  1.16374662E+00
   237  1.89600000E+02  1.16374990E+00  1.00243576E+00  1.16374990E+00
   238  1.90400000E+02  1.16375282E+00  1.00261104E+00  1.16375282E+00
   239  1.91200000E+02  1.16375660E+00  1.00279582E+00  1.16375660E+00
   240  1.92000000E+02  1.16376001E+00  1.00299051E+00  1.16376001E+00
   241  1.92800000E+02  1.16376304E+00  1.00319553E+00  1.16376304E+00
   242  1.93600000E+02  1.16376574E+00  1.00341135E+00  1.16376574E+00
   243  1.94400000E+02  1.16376812E+00  1.00363841E+00  1.16376812E+00
   244  1.95200000E+02  1.16377024E+00  1.00387719E+00  1.16377024E+00
   245  1.96000000E+02  1.16377211E+00  1.00412818E+00  1.16377211E+00
   246  1.96800000E+02  1.16377376E+00  1.00439188E+00  1.16377376E+00
   247  1.97600000E+02  1.16377547E+00  1.00466881E+00  1.16377547E+00
   248  1.98400000E+02  1.16377741E+00  1.00495950E+00  1.16377741E+00
   249  1.99200000E+02  1.16377912E+00  1.00526451E+00  1.16377912E+00
   250  2.00000000E+02  1.16378062E+00  1.00558440E+00  1.16378062E+00
   251  2.00800000E+02  1.16378195E+00  1.00591974E+00  1.16378195E+00
   252  2.01600000E+02  1.16378310E+00  1.00627114E+00  1.16378310E+00
   253  2.02400000E+02  1.16378411E+00  1.00663919E+00  1.16378411E+00
   254  2.03200000E+02  1.16378499E+00  1.00702452E+00  1.16378499E+00
   255  2.04000000E+02  1.16378574E+00  1.00742777E+00  1.16378574E+00
   256  2.04800000E+02  1.16378638E+00  1.00784958E+00  1.16378638E+00
   257  2.05600000E+02  1.16378692E+00  1.00829062E+00  1.16378692E+00
   258  2.06400000E+02  1.16378737E+00  1.00875158E+00  1.16378737E+00
   259  2.07200000E+02  1.16378774E+00  1.00923313E+00  1.16378774E+00
   260  2.08000000E+02  1.16378827E+00  1.00973599E+00  1.16378827E+00
   261  2.08800000E+02  1.16378875E+00  1.01026087E+00  1.16378875E+00
   262  2.09600000E+02  1.16378915E+00  1.01080848E+00  1.16378915E+00
   263  2.10400000E+02  1.16378947E+00  1.01137958E+00  1.16378947E+00
   264  2.11200000E+02  1.16378972E+00  1.01197490E+00  1.16378972E+00
   265  2.12000000E+02  1.16378991E+00  1.01259519E+00  1.16378991E+00
   266  2.12800000E+02  1.16379004E+00  1.01324120E+00  1.16379004E+00
   267  2.13600000E+02  1.16379013E+00  1.01391371E+00  1.16379013E+00
   268  2.14400000E+02  1.16379018E+00  1.01461346E+00  1.16379018E+00
   269  2.15200000E+02  1.16379019E+00  1.01534124E+00  1.16379019E+00
   270  2.16000000E+02  1.16379016E+00  1.01609778E+00  1.16379016E+00
   271  2.16800000E+02  1.16379011E+00  1.01688386E+00  1.16379011E+00
   272  2.17600000E+02  1.16379003E+00  1.01770023E+00  1.16379003E+00
   273  2.18400000E+02  1.16378993E+00  1.01854762E+00  1.16378993E+00
   274  2.19200000E+02  1.16378982E+00  1.01942677E+00  1.16378982E+00
   275  2.20000000E+02  1.16378968E+00  1.02033838E+00  1.16378968E+00
   276  2.20800000E+02  1.16378954E+00  1.02128317E+00  1.16378954E+00
   277  2.21600000E+02  1.16378939E+00  1.02226181E+00  1.16378939E+00
   278  2.22400000E+02  1.16378922E+00  1.02327495E+00  1.16378922E+00
   279  2.23200000E+02  1.16378905E+00  1.02432322E+00  1.16378905E+00
   280  2.24000000E+02  1.16378887E+00  1.02540722E+00  1.16378887E+00
   281  2.24800000E+02  1.16378869E+00  1.02652753E+00  1.16378869E+00
   282  2.25600000E+02  1.16378851E+00  1.02768466E+00  1.16378851E+00
   283  2.26400000E+02  1.16378833E+00  1.02887911E+00  1.16378833E+00
   284  2.27200000E+02  1.16378814E+00  1.03011133E+00  1.16378814E+00
   285  2.28000000E+02  1.16378795E+00  1.03138171E+00  1.16378795E+00
   286  2.28800000E+02  1.16378777E+00  1.03269060E+00  1.16378777E+00
   287  2.29600000E+02  1.16378759E+00  1.03403828E+00  1.16378759E+00
   288  2.30400000E+02  1.16378741E+00  1.03542499E+00  1.16378741E+00
   289  2.31200000E+02  1.16378723E+00  1.03685089E+00  1.16378723E+00
   290  2.32000000E+02  1.16378706E+00  1.03831606E+00  1.16378706E+00
   291  2.32800000E+02  1.16378689E+00  1.03982053E+00  1.16378689E+00
   292  2.33600000E+02  1.16378672E+00  1.04136423E+00  1.16378672E+00
   293  2.34400000E+02  1.16378656E+00  1.04294700E+00  1.16378656E+00
   294  2.35200000E+02  1.16378640E+00  1.04456862E+00  1.16378640E+00
   295  2.36000000E+02  1.16378624E+00  1.04622875E+00  1.16378624E+00
   296  2.36800000E+02  1.16378609E+00  1.04792696E+00  1.16378609E+00
   297  2.37600000E+02  1.16378595E+00  1.04966271E+00  1.16378595E+00
   298  2.38400000E+02  1.16378581E+00  1.05143537E+00  1.16378581E+00
   299  2.39200000E+02  1.16378567E+00  1.05324419E+00  1.16378567E+00
   300  2.40000000E+02  1.16378554E+00  1.05508830E+00  1.16378554E+00
   301  2.40800000E+02  1.16378542E+00  1.05696674E+00  1.16378542E+00
   302  2.41600000E+02  1.16378530E+00  1.05887841E+00  1.16378530E+00
   303  2.42400000E+02  1.16378518E+00  1.06082212E+00  1.16378518E+00
   304  2.43200000E+02  1.16378507E+00  1.06279652E+00  1.16378507E+00
   305  2.44000000E+02  1.16378496E+00  1.06480020E+00  1.16378496E+00
   306  2.44800000E+02  1.16378486E+00  1.06683158E+00  1.16378486E+00
   307  2.45600000E+02  1.16378476E+00  1.06888899E+00  1.16378476E+00
   308  2.46400000E+02  1.16378466E+00  1.07097065E+00  1.16378466E+00
   309  2.47200000E+02  1.16378457E+00  1.07307467E+00  1.16378457E+00
   310  2.48000000E+02  1.16378449E+00  1.07519903E+00  1.16378449E+00
   311  2.48800000E+02  1.16378441E+00  1.07734163E+00  1.16378441E+00
   312  2.49600000E+02  1.16378433E+00  1.07950025E+00  1.16378433E+00
   313  2.50400000E+02  1.16378425E+00  1.08167259E+00  1.16378425E+00
   314  2.51200000E+02  1.16378418E+00  1.08385624E+00  1.16378418E+00
   315  2.52000000E+02  1.16378411E+00  1.08604874E+00  1.16378411E+00
   316  2.52800000E+02  1.16378405E+00  1.08824750E+00  1.16378405E+00
   317  2.53600000E+02  1.16378399E+00  1.09044990E+00  1.16378399E+00
   318  2.54400000E+02  1.16378393E+00  1.09265325E+00  1.16378393E+00
   319  2.55200000E+02  1.16378387E+00  1.09485477E+00  1.16378387E+00
   320  2.56000000E+02  1.16378382E+00  1.09705168E+00  1.16378382E+00
   321  2.56800000E+02  1.16378377E+00  1.09924113E+00  1.16378377E+00
   322  2.57600000E+02  1.16378372E+00  1.10142025E+00  1.16378372E+00
   323  2.58400000E+02  1.16378368E+00  1.10358616E+00  1.16378368E+00
   324  2.59200000E+02  1.16378363E+00  1.10573596E+00  1.16378363E+00
   325  2.60000000E+02  1.16378359E+00  1.10786677E+00  1.16378359E+00
   326  2.60800000E+02  1.16378355E+00  1.10997572E+00  1.16378355E+00
   327  2.61600000E+02  1.16378352E+00  1.11205998E+00  1.16378352E+00
   328  2.62400000E+02  1.16378348E+00  1.11411674E+00  1.16378348E+00
   329  2.63200000E+02  1.16378345E+00  1.11614327E+00  1.16378345E+00
   330  2.64000000E+02  1.16378342E+00  1.11813690E+00  1.16378342E+00
   331  2.64800000E+02  1.16378339E+00  1.12009507E+00  1.16378339E+00
   332  2.65600000E+02  1.16378337E+00  1.12201529E+00  1.16378337E+00
   333  2.66400000E+02  1.16378334E+00  1.12389519E+00  1.16378334E+00
   334  2.67200000E+02  1.16378331E+00  1.12573257E+00  1.16378331E+00
   335  2.68000000E+02  1.16378329E+00  1.12752532E+00  1.16378329E+00
   336  2.68800000E+02  1.16378327E+00  1.12927155E+00  1.16378327E+00
   337  2.69600000E+02  1.16378325E+00  1.13096951E+00  1.16378325E+00
   338  2.70400000E+02  1.16378323E+00  1.13261766E+00  1.16378323E+00
   339  2.71200000E+02  1.16378321E+00  1.13421468E+00  1.16378321E+00
   340  2.72000000E+02  1.16378320E+00  1.13575946E+00  1.16378320E+00
   341  2.72800000E+02  1.16378318E+00  1.13725114E+00  1.16378318E+00
   342  2.73600000E+02  1.16378316E+00  1.13868913E+00  1.16378316E+00
   343  2.74400000E+02  1.16378315E+00  1.14007308E+00  1.16378315E+00
   344  2.75200000E+02  1.16378314E+00  1.14140295E+00  1.16378314E+00
   345  2.76000000E+02  1.16378312E+00  1.14267897E+00  1.16378312E+00
   346  2.76800000E+02  1.16378311E+00  1.14390169E+00  1.16378311E+00
   347  2.77600000E+02  1.16378310E+00  1.14507193E+00  1.16378310E+00
   348  2.78400000E+02  1.16378309E+00  1.14619081E+00  1.16378309E+00
   349  2.79200000E+02  1.16378308E+00  1.14725973E+00  1.16378308E+00
   350  2.80000000E+02  1.16378307E+00  1.14828034E+00  1.16378307E+00
   351  2.80800000E+02  1.16378306E+00  1.14925450E+00  1.16378306E+00
   352  2.81600000E+02  1.16378306E+00  1.15018426E+00  1.16378306E+00
   353  2.82400000E+02  1.16378305E+00  1.15107176E+00  1.16378305E+00
   354  2.83200000E+02  1.16378304E+00  1.15191923E+00  1.16378304E+00
   355  2.84000000E+02  1.16378303E+00  1.15272887E+00  1.16378303E+00
   356  2.84800000E+02  1.16378303E+00  1.15350280E+00  1.16378303E+00
   357  2.85600000E+02  1.16378302E+00  1.15424299E+00  1.16378302E+00
   358  2.86400000E+02  1.16378302E+00  1.15495115E+00  1.16378302E+00
   359  2.87200000E+02  1.16378301E+00  1.15562873E+00  1.16378301E+00
   360  2.88000000E+02  1.16378301E+00  1.15627683E+00  1.16378301E+00
   361  2.88800000E+02  1.16378300E+00  1.15689618E+00  1.16378300E+00
   362  2.89600000E+02  1.16378300E+00  1.15748712E+00  1.16378300E+00
   363  2.90400000E+02  1.16378299E+00  1.15804965E+00  1.16378299E+00
   364  2.91200000E+02  1.16378299E+00  1.15858341E+00  1.16378299E+00
   365  2.92000000E+02  1.16378299E+00  1.15908779E+00  1.16378299E+00
   366  2.92800000E+02  1.16378298E+00  1.15956199E+00  1.16378298E+00
   367  2.93600000E+02  1.16378298E+00  1.16000511E+00  1.16378298E+00
   368  2.94400000E+02  1.16378298E+00  1.16041626E+00  1.16378298E+00
   369  2.95200000E+02  1.16378297E+00  1.16079467E+00  1.16378297E+00
   370  2.96000000E+02  1.16378297E+00  1.16113981E+00  1.16378297E+00
   371  2.96800000E+02  1.16378297E+00  1.16145144E+00  1.16378297E+00
   372  2.97600000E+02  1.16378297E+00  1.16172975E+00  1.16378297E+00
   373  2.98400000E+02  1.16378296E+00  1.16197536E+00  1.16378296E+00
   374  2.99200000E+02  1.16378296E+00  1.16218937E+00  1.16378296E+00
   375  3.00000000E+02  1.16378296E+00  1.16237336E+00  1.16378296E+00
   376  3.00800000E+02  1.16378296E+00  1.16252936E+00  1.16378296E+00
   377  3.01600000E+02  1.16378296E+00  1.16265977E+00  1.16378296E+00
   378  3.02400000E+02  1.16378296E+00  1.16276730E+00  1.16378296E+00
   379  3.03200000E+02  1.16378295E+00  1.16285488E+00  1.16378295E+00
   380  3.04000000E+02  1.16378295E+00  1.16292555E+00  1.16378295E+00
   381  3.04800000E+02  1.16378295E+00  1.16298232E+00  1.16378295E+00
   382  3.05600000E+02  1.16378295E+00  1.16302809E+00  1.16378295E+00
   383  3.06400000E+02  1.16378295E+00  1.16306556E+00  1.16378295E+00
   384  3.07200000E+02  1.16378295E+00  1.16309714E+00  1.16378295E+00
   385  3.08000000E+02  1.16378295E+00  1.16312488E+00  1.16378295E+00
   386  3.08800000E+02  1.16378295E+00  1.16315045E+00  1.16378295E+00
   387  3.09600000E+02  1.16378295E+00  1.16317512E+00  1.16378295E+00
   388  3.10400000E+02  1.16378294E+00  1.16319978E+00  1.16378294E+00
   389  3.11200000E+02  1.16378294E+00  1.16322494E+00  1.16378294E+00
   390  3.12000000E+02  1.16378294E+00  1.16325081E+00  1.16378294E+00
   391  3.12800000E+02  1.16378294E+00  1.16327733E+00  1.16378294E+00
   392  3.13600000E+02  1.16378294E+00  1.16330424E+00  1.16378294E+00
   393  3.14400000E+02  1.16378294E+00  1.16333117E+00  1.16378294E+00
   394  3.15200000E+02  1.16378294E+00  1.16335765E+00  1.16378294E+00
   395  3.16000000E+02  1.16378294E+00  1.16338322E+00  1.16378294E+00
   396  3.16800000E+02  1.16378294E+00  1.16340744E+00  1.16378294E+00
   397  3.17600000E+02  1.16378294E+00  1.16342996E+00  1.16378294E+00
   398  3.18400000E+02  1.16378294E+00  1.16345050E+00  1.16378294E+00
   399  3.19200000E+02  1.16378294E+00  1.16346889E+00  1.16378294E+00
   400  3.20000000E+02  1.16378294E+00  1.16348507E+00  1.16378294E+00
   401  3.20800000E+02  1.16378294E+00  1.16349908E+00  1.16378294E+00
   402  3.21600000E+02  1.16378294E+00  1.16351103E+00  1.16378294E+00
   403  3.22400000E+02  1.16378294E+00  1.16352112E+00  1.16378294E+00
   404  3.23200000E+02  1.16378294E+00  1.16352957E+00  1.16378294E+00
   405  3.24000000E+02  1.16378294E+00  1.16353662E+00  1.16378294E+00
   406  3.24800000E+02  1.16378294E+00  1.16354254E+00  1.16378294E+00
   407  3.25600000E+02  1.16378294E+00  1.16354757E+00  1.16378294E+00
   408  3.26400000E+02  1.16378294E+00  1.16355191E+00  1.16378294E+00
   409  3.27200000E+02  1.16378293E+00  1.16355576E+00  1.16378293E+00
   410  3.28000000E+02  1.16378293E+00  1.16355925E+00  1.16378293E+00
   411  3.28800000E+02  1.16378293E+00  1.16356249E+00  1.16378293E+00
   412  3.29600000E+02  1.16378293E+00  1.16356555E+00  1.16378293E+00
   413  3.30400000E+02  1.16378293E+00  1.16356847E+00  1.16378293E+00
 steady-height stop at step    413: changes <=   1.0000E-05, max-end <=   1.0000E-02, max/end/gap/profile_change =   1.16378293E+00  1.16356847E+00  2.14461418E-04  2.91836551E-06


STDERR:
