COMMAND:
/shared/generate_rom_data/extrudate_swell2d_c_cluster

STDOUT:
 comppar: model =   2
 comppar: lambda,mobility/eps,betav,eta_0 =  6.4000E+00  3.0000E-01  5.0000E-01  1.0000E+00
 comppar: eta_s,eta_p,G =  5.0000E-01  5.0000E-01  7.8125E-02
 comppar: U_avg,deltat,flowrate,nsteps =  2.5000E-02  8.0000E-01  7.8540E-02     700
 comppar: geometry = axisymmetric
 comppar: steady stop change,gap,hold,min =  1.0000E-05  1.0000E-02      10      80
 comppar: ncompc,ncompg =     4     5
 mesh nnodes = 5765
 mesh nelem = 2780
 P1 BC   5.0000000000000000     
 P2 BC   0.0000000000000000     
     1  8.00000000E-01  1.00253029E+00  1.00000000E+00  1.00253029E+00
     2  1.60000000E+00  1.00501782E+00  1.00000000E+00  1.00501782E+00
     3  2.40000000E+00  1.00745571E+00  1.00000000E+00  1.00745571E+00
     4  3.20000000E+00  1.00984662E+00  1.00000000E+00  1.00984662E+00
     5  4.00000000E+00  1.01219096E+00  1.00000000E+00  1.01219096E+00
     6  4.80000000E+00  1.01449877E+00  1.00000000E+00  1.01449877E+00
     7  5.60000000E+00  1.01676593E+00  1.00000000E+00  1.01676593E+00
     8  6.40000000E+00  1.01899671E+00  1.00000000E+00  1.01899671E+00
     9  7.20000000E+00  1.02120575E+00  1.00000000E+00  1.02120575E+00
    10  8.00000000E+00  1.02337609E+00  1.00000000E+00  1.02337609E+00
    11  8.80000000E+00  1.02554148E+00  1.00000000E+00  1.02554148E+00
    12  9.60000000E+00  1.02766308E+00  1.00000001E+00  1.02766308E+00
    13  1.04000000E+01  1.02979154E+00  1.00000001E+00  1.02979154E+00
    14  1.12000000E+01  1.03187604E+00  1.00000001E+00  1.03187604E+00
    15  1.20000000E+01  1.03397038E+00  1.00000001E+00  1.03397038E+00
    16  1.28000000E+01  1.03602549E+00  1.00000001E+00  1.03602549E+00
    17  1.36000000E+01  1.03807335E+00  1.00000001E+00  1.03807335E+00
    18  1.44000000E+01  1.04010964E+00  1.00000001E+00  1.04010964E+00
    19  1.52000000E+01  1.04210358E+00  1.00000001E+00  1.04210358E+00
    20  1.60000000E+01  1.04412207E+00  1.00000000E+00  1.04412207E+00
    21  1.68000000E+01  1.04609450E+00  1.00000000E+00  1.04609450E+00
    22  1.76000000E+01  1.04804362E+00  1.00000000E+00  1.04804362E+00
    23  1.84000000E+01  1.05000770E+00  1.00000000E+00  1.05000770E+00
    24  1.92000000E+01  1.05192259E+00  9.99999997E-01  1.05192259E+00
    25  2.00000000E+01  1.05382258E+00  9.99999994E-01  1.05382258E+00
    26  2.08000000E+01  1.05572799E+00  9.99999990E-01  1.05572799E+00
    27  2.16000000E+01  1.05758098E+00  9.99999986E-01  1.05758098E+00
    28  2.24000000E+01  1.05939140E+00  9.99999981E-01  1.05939140E+00
    29  2.32000000E+01  1.06124544E+00  9.99999975E-01  1.06124544E+00
    30  2.40000000E+01  1.06304476E+00  9.99999969E-01  1.06304476E+00
    31  2.48000000E+01  1.06478654E+00  9.99999961E-01  1.06478654E+00
    32  2.56000000E+01  1.06656602E+00  9.99999953E-01  1.06656602E+00
    33  2.64000000E+01  1.06830821E+00  9.99999944E-01  1.06830821E+00
    34  2.72000000E+01  1.06999090E+00  9.99999933E-01  1.06999090E+00
    35  2.80000000E+01  1.07165416E+00  9.99999921E-01  1.07165416E+00
    36  2.88000000E+01  1.07335200E+00  9.99999908E-01  1.07335200E+00
    37  2.96000000E+01  1.07498929E+00  9.99999894E-01  1.07498929E+00
    38  3.04000000E+01  1.07656387E+00  9.99999878E-01  1.07656387E+00
    39  3.12000000E+01  1.07817405E+00  9.99999861E-01  1.07817405E+00
    40  3.20000000E+01  1.07976435E+00  9.99999841E-01  1.07976435E+00
    41  3.28000000E+01  1.08129118E+00  9.99999821E-01  1.08129118E+00
    42  3.36000000E+01  1.08275288E+00  9.99999798E-01  1.08275288E+00
    43  3.44000000E+01  1.08427782E+00  9.99999773E-01  1.08427782E+00
    44  3.52000000E+01  1.08577520E+00  9.99999746E-01  1.08577520E+00
    45  3.60000000E+01  1.08720755E+00  9.99999717E-01  1.08720755E+00
    46  3.68000000E+01  1.08857367E+00  9.99999685E-01  1.08857367E+00
    47  3.76000000E+01  1.09000514E+00  9.99999651E-01  1.09000514E+00
    48  3.84000000E+01  1.09140710E+00  9.99999613E-01  1.09140710E+00
    49  3.92000000E+01  1.09274299E+00  9.99999573E-01  1.09274299E+00
    50  4.00000000E+01  1.09401211E+00  9.99999530E-01  1.09401211E+00
    51  4.08000000E+01  1.09530676E+00  9.99999484E-01  1.09530676E+00
    52  4.16000000E+01  1.09663444E+00  9.99999434E-01  1.09663444E+00
    53  4.24000000E+01  1.09789596E+00  9.99999381E-01  1.09789596E+00
    54  4.32000000E+01  1.09909109E+00  9.99999323E-01  1.09909109E+00
    55  4.40000000E+01  1.10024298E+00  9.99999262E-01  1.10024298E+00
    56  4.48000000E+01  1.10149566E+00  9.99999196E-01  1.10149566E+00
    57  4.56000000E+01  1.10268236E+00  9.99999126E-01  1.10268236E+00
    58  4.64000000E+01  1.10380331E+00  9.99999051E-01  1.10380331E+00
    59  4.72000000E+01  1.10485929E+00  9.99998971E-01  1.10485929E+00
    60  4.80000000E+01  1.10594736E+00  9.99998885E-01  1.10594736E+00
    61  4.88000000E+01  1.10708064E+00  9.99998794E-01  1.10708064E+00
    62  4.96000000E+01  1.10814929E+00  9.99998697E-01  1.10814929E+00
    63  5.04000000E+01  1.10915460E+00  9.99998594E-01  1.10915460E+00
    64  5.12000000E+01  1.11009851E+00  9.99998485E-01  1.11009851E+00
    65  5.20000000E+01  1.11112385E+00  9.99998369E-01  1.11112385E+00
    66  5.28000000E+01  1.11213958E+00  9.99998245E-01  1.11213958E+00
    67  5.36000000E+01  1.11309347E+00  9.99998114E-01  1.11309347E+00
    68  5.44000000E+01  1.11398796E+00  9.99997976E-01  1.11398796E+00
    69  5.52000000E+01  1.11482622E+00  9.99997828E-01  1.11482622E+00
    70  5.60000000E+01  1.11577904E+00  9.99997673E-01  1.11577904E+00
    71  5.68000000E+01  1.11668728E+00  9.99997508E-01  1.11668728E+00
    72  5.76000000E+01  1.11753882E+00  9.99997334E-01  1.11753882E+00
    73  5.84000000E+01  1.11833720E+00  9.99997150E-01  1.11833720E+00
    74  5.92000000E+01  1.11910173E+00  9.99996955E-01  1.11910173E+00
    75  6.00000000E+01  1.11996347E+00  9.99996750E-01  1.11996347E+00
    76  6.08000000E+01  1.12077111E+00  9.99996533E-01  1.12077111E+00
    77  6.16000000E+01  1.12152860E+00  9.99996305E-01  1.12152860E+00
    78  6.24000000E+01  1.12224028E+00  9.99996064E-01  1.12224028E+00
    79  6.32000000E+01  1.12294508E+00  9.99995810E-01  1.12294508E+00
    80  6.40000000E+01  1.12371450E+00  9.99995543E-01  1.12371450E+00
    81  6.48000000E+01  1.12443693E+00  9.99995262E-01  1.12443693E+00
    82  6.56000000E+01  1.12511660E+00  9.99994966E-01  1.12511660E+00
    83  6.64000000E+01  1.12575767E+00  9.99994654E-01  1.12575767E+00
    84  6.72000000E+01  1.12637762E+00  9.99994327E-01  1.12637762E+00
    85  6.80000000E+01  1.12706437E+00  9.99993984E-01  1.12706437E+00
    86  6.88000000E+01  1.12771176E+00  9.99993623E-01  1.12771176E+00
    87  6.96000000E+01  1.12832380E+00  9.99993244E-01  1.12832380E+00
    88  7.04000000E+01  1.12890402E+00  9.99992846E-01  1.12890402E+00
    89  7.12000000E+01  1.12945522E+00  9.99992430E-01  1.12945522E+00
    90  7.20000000E+01  1.13007416E+00  9.99991993E-01  1.13007416E+00
    91  7.28000000E+01  1.13066024E+00  9.99991535E-01  1.13066024E+00
    92  7.36000000E+01  1.13121602E+00  9.99991055E-01  1.13121602E+00
    93  7.44000000E+01  1.13174383E+00  9.99990553E-01  1.13174383E+00
    94  7.52000000E+01  1.13224527E+00  9.99990027E-01  1.13224527E+00
    95  7.60000000E+01  1.13275835E+00  9.99989478E-01  1.13275835E+00
    96  7.68000000E+01  1.13329159E+00  9.99988903E-01  1.13329159E+00
    97  7.76000000E+01  1.13379849E+00  9.99988302E-01  1.13379849E+00
    98  7.84000000E+01  1.13428006E+00  9.99987674E-01  1.13428006E+00
    99  7.92000000E+01  1.13473673E+00  9.99987018E-01  1.13473673E+00
   100  8.00000000E+01  1.13517806E+00  9.99986333E-01  1.13517806E+00
   101  8.08000000E+01  1.13566269E+00  9.99985619E-01  1.13566269E+00
   102  8.16000000E+01  1.13612225E+00  9.99984873E-01  1.13612225E+00
   103  8.24000000E+01  1.13655701E+00  9.99984096E-01  1.13655701E+00
   104  8.32000000E+01  1.13696689E+00  9.99983286E-01  1.13696689E+00
   105  8.40000000E+01  1.13735171E+00  9.99982442E-01  1.13735171E+00
   106  8.48000000E+01  1.13776999E+00  9.99981564E-01  1.13776999E+00
   107  8.56000000E+01  1.13818592E+00  9.99980649E-01  1.13818592E+00
   108  8.64000000E+01  1.13857682E+00  9.99979697E-01  1.13857682E+00
   109  8.72000000E+01  1.13894241E+00  9.99978706E-01  1.13894241E+00
   110  8.80000000E+01  1.13928257E+00  9.99977677E-01  1.13928257E+00
   111  8.88000000E+01  1.13964804E+00  9.99976607E-01  1.13964804E+00
   112  8.96000000E+01  1.14001798E+00  9.99975495E-01  1.14001798E+00
   113  9.04000000E+01  1.14036303E+00  9.99974340E-01  1.14036303E+00
   114  9.12000000E+01  1.14068327E+00  9.99973142E-01  1.14068327E+00
   115  9.20000000E+01  1.14097904E+00  9.99971899E-01  1.14097904E+00
   116  9.28000000E+01  1.14130557E+00  9.99970609E-01  1.14130557E+00
   117  9.36000000E+01  1.14163168E+00  9.99969273E-01  1.14163168E+00
   118  9.44000000E+01  1.14193304E+00  9.99967888E-01  1.14193304E+00
   119  9.52000000E+01  1.14221023E+00  9.99966453E-01  1.14221023E+00
   120  9.60000000E+01  1.14246417E+00  9.99964969E-01  1.14246417E+00
   121  9.68000000E+01  1.14275942E+00  9.99963432E-01  1.14275942E+00
   122  9.76000000E+01  1.14304237E+00  9.99961843E-01  1.14304237E+00
   123  9.84000000E+01  1.14330215E+00  9.99960201E-01  1.14330215E+00
   124  9.92000000E+01  1.14353978E+00  9.99958504E-01  1.14353978E+00
   125  1.00000000E+02  1.14376210E+00  9.99956752E-01  1.14376210E+00
   126  1.00800000E+02  1.14402704E+00  9.99954943E-01  1.14402704E+00
   127  1.01600000E+02  1.14426944E+00  9.99953077E-01  1.14426944E+00
   128  1.02400000E+02  1.14449054E+00  9.99951153E-01  1.14449054E+00
   129  1.03200000E+02  1.14469184E+00  9.99949171E-01  1.14469184E+00
   130  1.04000000E+02  1.14489752E+00  9.99947129E-01  1.14489752E+00
   131  1.04800000E+02  1.14512424E+00  9.99945028E-01  1.14512424E+00
   132  1.05600000E+02  1.14533082E+00  9.99942867E-01  1.14533082E+00
   133  1.06400000E+02  1.14551873E+00  9.99940644E-01  1.14551873E+00
   134  1.07200000E+02  1.14568956E+00  9.99938361E-01  1.14568956E+00
   135  1.08000000E+02  1.14587638E+00  9.99936018E-01  1.14587638E+00
   136  1.08800000E+02  1.14606813E+00  9.99933613E-01  1.14606813E+00
   137  1.09600000E+02  1.14624242E+00  9.99931147E-01  1.14624242E+00
   138  1.10400000E+02  1.14640088E+00  9.99928621E-01  1.14640088E+00
   139  1.11200000E+02  1.14654511E+00  9.99926035E-01  1.14654511E+00
   140  1.12000000E+02  1.14671872E+00  9.99923389E-01  1.14671872E+00
   141  1.12800000E+02  1.14688127E+00  9.99920685E-01  1.14688127E+00
   142  1.13600000E+02  1.14702900E+00  9.99917923E-01  1.14702900E+00
   143  1.14400000E+02  1.14716343E+00  9.99915106E-01  1.14716343E+00
   144  1.15200000E+02  1.14728597E+00  9.99912233E-01  1.14728597E+00
   145  1.16000000E+02  1.14743561E+00  9.99909307E-01  1.14743561E+00
   146  1.16800000E+02  1.14757279E+00  9.99906331E-01  1.14757279E+00
   147  1.17600000E+02  1.14769783E+00  9.99903306E-01  1.14769783E+00
   148  1.18400000E+02  1.14781203E+00  9.99900235E-01  1.14781203E+00
   149  1.19200000E+02  1.14792450E+00  9.99897121E-01  1.14792450E+00
   150  1.20000000E+02  1.14805235E+00  9.99893968E-01  1.14805235E+00
   151  1.20800000E+02  1.14816887E+00  9.99890779E-01  1.14816887E+00
   152  1.21600000E+02  1.14827527E+00  9.99887558E-01  1.14827527E+00
   153  1.22400000E+02  1.14837263E+00  9.99884310E-01  1.14837263E+00
   154  1.23200000E+02  1.14846361E+00  9.99881040E-01  1.14846361E+00
   155  1.24000000E+02  1.14857226E+00  9.99877754E-01  1.14857226E+00
   156  1.24800000E+02  1.14867169E+00  9.99874458E-01  1.14867169E+00
   157  1.25600000E+02  1.14876284E+00  9.99871158E-01  1.14876284E+00
   158  1.26400000E+02  1.14884649E+00  9.99867862E-01  1.14884649E+00
   159  1.27200000E+02  1.14892742E+00  9.99864577E-01  1.14892742E+00
   160  1.28000000E+02  1.14902005E+00  9.99861314E-01  1.14902005E+00
   161  1.28800000E+02  1.14910495E+00  9.99858080E-01  1.14910495E+00
   162  1.29600000E+02  1.14918286E+00  9.99854886E-01  1.14918286E+00
   163  1.30400000E+02  1.14925436E+00  9.99851743E-01  1.14925436E+00
   164  1.31200000E+02  1.14931998E+00  9.99848662E-01  1.14931998E+00
   165  1.32000000E+02  1.14939546E+00  9.99845657E-01  1.14939546E+00
   166  1.32800000E+02  1.14946862E+00  9.99842740E-01  1.14946862E+00
   167  1.33600000E+02  1.14953579E+00  9.99839927E-01  1.14953579E+00
   168  1.34400000E+02  1.14959740E+00  9.99837233E-01  1.14959740E+00
   169  1.35200000E+02  1.14965385E+00  9.99834675E-01  1.14965385E+00
   170  1.36000000E+02  1.14971743E+00  9.99832271E-01  1.14971743E+00
   171  1.36800000E+02  1.14977995E+00  9.99830040E-01  1.14977995E+00
   172  1.37600000E+02  1.14983727E+00  9.99828002E-01  1.14983727E+00
   173  1.38400000E+02  1.14988977E+00  9.99826179E-01  1.14988977E+00
   174  1.39200000E+02  1.14993777E+00  9.99824595E-01  1.14993777E+00
   175  1.40000000E+02  1.14998570E+00  9.99823275E-01  1.14998570E+00
   176  1.40800000E+02  1.15003951E+00  9.99822245E-01  1.15003951E+00
   177  1.41600000E+02  1.15008871E+00  9.99821533E-01  1.15008871E+00
   178  1.42400000E+02  1.15013363E+00  9.99821169E-01  1.15013363E+00
   179  1.43200000E+02  1.15017457E+00  9.99821186E-01  1.15017457E+00
   180  1.44000000E+02  1.15021333E+00  9.99821617E-01  1.15021333E+00
   181  1.44800000E+02  1.15025909E+00  9.99822497E-01  1.15025909E+00
   182  1.45600000E+02  1.15030085E+00  9.99823865E-01  1.15030085E+00
   183  1.46400000E+02  1.15033890E+00  9.99825761E-01  1.15033890E+00
   184  1.47200000E+02  1.15037351E+00  9.99828227E-01  1.15037351E+00
   185  1.48000000E+02  1.15040497E+00  9.99831308E-01  1.15040497E+00
   186  1.48800000E+02  1.15044022E+00  9.99835053E-01  1.15044022E+00
   187  1.49600000E+02  1.15047572E+00  9.99839510E-01  1.15047572E+00
   188  1.50400000E+02  1.15050798E+00  9.99844733E-01  1.15050798E+00
   189  1.51200000E+02  1.15053727E+00  9.99850779E-01  1.15053727E+00
   190  1.52000000E+02  1.15056387E+00  9.99857705E-01  1.15056387E+00
   191  1.52800000E+02  1.15059114E+00  9.99865575E-01  1.15059114E+00
   192  1.53600000E+02  1.15062111E+00  9.99874454E-01  1.15062111E+00
   193  1.54400000E+02  1.15064833E+00  9.99884411E-01  1.15064833E+00
   194  1.55200000E+02  1.15067303E+00  9.99895519E-01  1.15067303E+00
   195  1.56000000E+02  1.15069547E+00  9.99907856E-01  1.15069547E+00
   196  1.56800000E+02  1.15071584E+00  9.99921501E-01  1.15071584E+00
   197  1.57600000E+02  1.15073915E+00  9.99936539E-01  1.15073915E+00
   198  1.58400000E+02  1.15076215E+00  9.99953061E-01  1.15076215E+00
   199  1.59200000E+02  1.15078303E+00  9.99971160E-01  1.15078303E+00
   200  1.60000000E+02  1.15080202E+00  9.99990935E-01  1.15080202E+00
   201  1.60800000E+02  1.15081930E+00  1.00001249E+00  1.15081930E+00
   202  1.61600000E+02  1.15083598E+00  1.00003593E+00  1.15083598E+00
   203  1.62400000E+02  1.15085538E+00  1.00006137E+00  1.15085538E+00
   204  1.63200000E+02  1.15087302E+00  1.00008894E+00  1.15087302E+00
   205  1.64000000E+02  1.15088906E+00  1.00011875E+00  1.15088906E+00
   206  1.64800000E+02  1.15090368E+00  1.00015094E+00  1.15090368E+00
   207  1.65600000E+02  1.15091700E+00  1.00018565E+00  1.15091700E+00
   208  1.66400000E+02  1.15092940E+00  1.00022301E+00  1.15092940E+00
   209  1.67200000E+02  1.15094439E+00  1.00026319E+00  1.15094439E+00
   210  1.68000000E+02  1.15095804E+00  1.00030633E+00  1.15095804E+00
   211  1.68800000E+02  1.15097050E+00  1.00035261E+00  1.15097050E+00
   212  1.69600000E+02  1.15098186E+00  1.00040219E+00  1.15098186E+00
   213  1.70400000E+02  1.15099222E+00  1.00045525E+00  1.15099222E+00
   214  1.71200000E+02  1.15100166E+00  1.00051199E+00  1.15100166E+00
   215  1.72000000E+02  1.15101322E+00  1.00057260E+00  1.15101322E+00
   216  1.72800000E+02  1.15102377E+00  1.00063727E+00  1.15102377E+00
   217  1.73600000E+02  1.15103338E+00  1.00070624E+00  1.15103338E+00
   218  1.74400000E+02  1.15104215E+00  1.00077971E+00  1.15104215E+00
   219  1.75200000E+02  1.15105013E+00  1.00085791E+00  1.15105013E+00
   220  1.76000000E+02  1.15105739E+00  1.00094111E+00  1.15105739E+00
   221  1.76800000E+02  1.15106468E+00  1.00102953E+00  1.15106468E+00
   222  1.77600000E+02  1.15107287E+00  1.00112344E+00  1.15107287E+00
   223  1.78400000E+02  1.15108033E+00  1.00122313E+00  1.15108033E+00
   224  1.79200000E+02  1.15108711E+00  1.00132886E+00  1.15108711E+00
   225  1.80000000E+02  1.15109326E+00  1.00144094E+00  1.15109326E+00
   226  1.80800000E+02  1.15109884E+00  1.00155967E+00  1.15109884E+00
   227  1.81600000E+02  1.15110389E+00  1.00168536E+00  1.15110389E+00
   228  1.82400000E+02  1.15110923E+00  1.00181836E+00  1.15110923E+00
   229  1.83200000E+02  1.15111493E+00  1.00195900E+00  1.15111493E+00
   230  1.84000000E+02  1.15112010E+00  1.00210763E+00  1.15112010E+00
   231  1.84800000E+02  1.15112477E+00  1.00226463E+00  1.15112477E+00
   232  1.85600000E+02  1.15112900E+00  1.00243038E+00  1.15112900E+00
   233  1.86400000E+02  1.15113282E+00  1.00260526E+00  1.15113282E+00
   234  1.87200000E+02  1.15113626E+00  1.00278970E+00  1.15113626E+00
   235  1.88000000E+02  1.15113936E+00  1.00298411E+00  1.15113936E+00
   236  1.88800000E+02  1.15114306E+00  1.00318892E+00  1.15114306E+00
   237  1.89600000E+02  1.15114660E+00  1.00340460E+00  1.15114660E+00
   238  1.90400000E+02  1.15114980E+00  1.00363160E+00  1.15114980E+00
   239  1.91200000E+02  1.15115267E+00  1.00387041E+00  1.15115267E+00
   240  1.92000000E+02  1.15115526E+00  1.00412152E+00  1.15115526E+00
   241  1.92800000E+02  1.15115759E+00  1.00438545E+00  1.15115759E+00
   242  1.93600000E+02  1.15115969E+00  1.00466271E+00  1.15115969E+00
   243  1.94400000E+02  1.15116156E+00  1.00495385E+00  1.15116156E+00
   244  1.95200000E+02  1.15116329E+00  1.00525943E+00  1.15116329E+00
   245  1.96000000E+02  1.15116543E+00  1.00558001E+00  1.15116543E+00
   246  1.96800000E+02  1.15116735E+00  1.00591619E+00  1.15116735E+00
   247  1.97600000E+02  1.15116908E+00  1.00626856E+00  1.15116908E+00
   248  1.98400000E+02  1.15117062E+00  1.00663774E+00  1.15117062E+00
   249  1.99200000E+02  1.15117200E+00  1.00702435E+00  1.15117200E+00
   250  2.00000000E+02  1.15117322E+00  1.00742905E+00  1.15117322E+00
   251  2.00800000E+02  1.15117431E+00  1.00785248E+00  1.15117431E+00
   252  2.01600000E+02  1.15117528E+00  1.00829533E+00  1.15117528E+00
   253  2.02400000E+02  1.15117614E+00  1.00875826E+00  1.15117614E+00
   254  2.03200000E+02  1.15117690E+00  1.00924199E+00  1.15117690E+00
   255  2.04000000E+02  1.15117756E+00  1.00974720E+00  1.15117756E+00
   256  2.04800000E+02  1.15117814E+00  1.01027463E+00  1.15117814E+00
   257  2.05600000E+02  1.15117887E+00  1.01082499E+00  1.15117887E+00
   258  2.06400000E+02  1.15117956E+00  1.01139903E+00  1.15117956E+00
   259  2.07200000E+02  1.15118016E+00  1.01199748E+00  1.15118016E+00
   260  2.08000000E+02  1.15118069E+00  1.01262109E+00  1.15118069E+00
   261  2.08800000E+02  1.15118114E+00  1.01327062E+00  1.15118114E+00
   262  2.09600000E+02  1.15118154E+00  1.01394682E+00  1.15118154E+00
   263  2.10400000E+02  1.15118188E+00  1.01465044E+00  1.15118188E+00
   264  2.11200000E+02  1.15118217E+00  1.01538225E+00  1.15118217E+00
   265  2.12000000E+02  1.15118241E+00  1.01614299E+00  1.15118241E+00
   266  2.12800000E+02  1.15118261E+00  1.01693341E+00  1.15118261E+00
   267  2.13600000E+02  1.15118278E+00  1.01775424E+00  1.15118278E+00
   268  2.14400000E+02  1.15118291E+00  1.01860621E+00  1.15118291E+00
   269  2.15200000E+02  1.15118302E+00  1.01949004E+00  1.15118302E+00
   270  2.16000000E+02  1.15118310E+00  1.02040641E+00  1.15118310E+00
   271  2.16800000E+02  1.15118316E+00  1.02135601E+00  1.15118316E+00
   272  2.17600000E+02  1.15118320E+00  1.02233948E+00  1.15118320E+00
   273  2.18400000E+02  1.15118322E+00  1.02335746E+00  1.15118322E+00
   274  2.19200000E+02  1.15118323E+00  1.02441053E+00  1.15118323E+00
   275  2.20000000E+02  1.15118322E+00  1.02549926E+00  1.15118322E+00
   276  2.20800000E+02  1.15118320E+00  1.02662418E+00  1.15118320E+00
   277  2.21600000E+02  1.15118318E+00  1.02778577E+00  1.15118318E+00
   278  2.22400000E+02  1.15118314E+00  1.02898446E+00  1.15118314E+00
   279  2.23200000E+02  1.15118310E+00  1.03022066E+00  1.15118310E+00
   280  2.24000000E+02  1.15118305E+00  1.03149469E+00  1.15118305E+00
   281  2.24800000E+02  1.15118299E+00  1.03280683E+00  1.15118299E+00
   282  2.25600000E+02  1.15118293E+00  1.03415730E+00  1.15118293E+00
   283  2.26400000E+02  1.15118287E+00  1.03554624E+00  1.15118287E+00
   284  2.27200000E+02  1.15118281E+00  1.03697372E+00  1.15118281E+00
   285  2.28000000E+02  1.15118274E+00  1.03843976E+00  1.15118274E+00
   286  2.28800000E+02  1.15118268E+00  1.03994426E+00  1.15118268E+00
   287  2.29600000E+02  1.15118261E+00  1.04148705E+00  1.15118261E+00
   288  2.30400000E+02  1.15118254E+00  1.04306787E+00  1.15118254E+00
   289  2.31200000E+02  1.15118247E+00  1.04468637E+00  1.15118247E+00
   290  2.32000000E+02  1.15118240E+00  1.04634210E+00  1.15118240E+00
   291  2.32800000E+02  1.15118233E+00  1.04803448E+00  1.15118233E+00
   292  2.33600000E+02  1.15118227E+00  1.04976286E+00  1.15118227E+00
   293  2.34400000E+02  1.15118220E+00  1.05152646E+00  1.15118220E+00
   294  2.35200000E+02  1.15118214E+00  1.05332438E+00  1.15118214E+00
   295  2.36000000E+02  1.15118208E+00  1.05515562E+00  1.15118208E+00
   296  2.36800000E+02  1.15118201E+00  1.05701905E+00  1.15118201E+00
   297  2.37600000E+02  1.15118196E+00  1.05891343E+00  1.15118196E+00
   298  2.38400000E+02  1.15118190E+00  1.06083738E+00  1.15118190E+00
   299  2.39200000E+02  1.15118184E+00  1.06278942E+00  1.15118184E+00
   300  2.40000000E+02  1.15118179E+00  1.06476793E+00  1.15118179E+00
   301  2.40800000E+02  1.15118174E+00  1.06677119E+00  1.15118174E+00
   302  2.41600000E+02  1.15118168E+00  1.06879735E+00  1.15118168E+00
   303  2.42400000E+02  1.15118164E+00  1.07084443E+00  1.15118164E+00
   304  2.43200000E+02  1.15118159E+00  1.07291035E+00  1.15118159E+00
   305  2.44000000E+02  1.15118154E+00  1.07499292E+00  1.15118154E+00
   306  2.44800000E+02  1.15118150E+00  1.07708983E+00  1.15118150E+00
   307  2.45600000E+02  1.15118146E+00  1.07919868E+00  1.15118146E+00
   308  2.46400000E+02  1.15118142E+00  1.08131697E+00  1.15118142E+00
   309  2.47200000E+02  1.15118138E+00  1.08344209E+00  1.15118138E+00
   310  2.48000000E+02  1.15118135E+00  1.08557137E+00  1.15118135E+00
   311  2.48800000E+02  1.15118131E+00  1.08770204E+00  1.15118131E+00
   312  2.49600000E+02  1.15118128E+00  1.08983127E+00  1.15118128E+00
   313  2.50400000E+02  1.15118125E+00  1.09195616E+00  1.15118125E+00
   314  2.51200000E+02  1.15118122E+00  1.09407376E+00  1.15118122E+00
   315  2.52000000E+02  1.15118119E+00  1.09618106E+00  1.15118119E+00
   316  2.52800000E+02  1.15118117E+00  1.09827504E+00  1.15118117E+00
   317  2.53600000E+02  1.15118114E+00  1.10035264E+00  1.15118114E+00
   318  2.54400000E+02  1.15118112E+00  1.10241078E+00  1.15118112E+00
   319  2.55200000E+02  1.15118109E+00  1.10444638E+00  1.15118109E+00
   320  2.56000000E+02  1.15118107E+00  1.10645638E+00  1.15118107E+00
   321  2.56800000E+02  1.15118105E+00  1.10843775E+00  1.15118105E+00
   322  2.57600000E+02  1.15118103E+00  1.11038747E+00  1.15118103E+00
   323  2.58400000E+02  1.15118102E+00  1.11230259E+00  1.15118102E+00
   324  2.59200000E+02  1.15118100E+00  1.11418023E+00  1.15118100E+00
   325  2.60000000E+02  1.15118098E+00  1.11601758E+00  1.15118098E+00
   326  2.60800000E+02  1.15118097E+00  1.11781194E+00  1.15118097E+00
   327  2.61600000E+02  1.15118095E+00  1.11956071E+00  1.15118095E+00
   328  2.62400000E+02  1.15118094E+00  1.12126143E+00  1.15118094E+00
   329  2.63200000E+02  1.15118093E+00  1.12291178E+00  1.15118093E+00
   330  2.64000000E+02  1.15118091E+00  1.12450962E+00  1.15118091E+00
   331  2.64800000E+02  1.15118090E+00  1.12605298E+00  1.15118090E+00
   332  2.65600000E+02  1.15118089E+00  1.12754011E+00  1.15118089E+00
   333  2.66400000E+02  1.15118088E+00  1.12896947E+00  1.15118088E+00
   334  2.67200000E+02  1.15118087E+00  1.13033981E+00  1.15118087E+00
   335  2.68000000E+02  1.15118086E+00  1.13165010E+00  1.15118086E+00
   336  2.68800000E+02  1.15118086E+00  1.13289966E+00  1.15118086E+00
   337  2.69600000E+02  1.15118085E+00  1.13408808E+00  1.15118085E+00
   338  2.70400000E+02  1.15118084E+00  1.13521533E+00  1.15118084E+00
   339  2.71200000E+02  1.15118083E+00  1.13628173E+00  1.15118083E+00
   340  2.72000000E+02  1.15118083E+00  1.13728793E+00  1.15118083E+00
   341  2.72800000E+02  1.15118082E+00  1.13823501E+00  1.15118082E+00
   342  2.73600000E+02  1.15118082E+00  1.13912438E+00  1.15118082E+00
   343  2.74400000E+02  1.15118081E+00  1.13995783E+00  1.15118081E+00
   344  2.75200000E+02  1.15118081E+00  1.14073748E+00  1.15118081E+00
   345  2.76000000E+02  1.15118080E+00  1.14146574E+00  1.15118080E+00
   346  2.76800000E+02  1.15118080E+00  1.14214531E+00  1.15118080E+00
   347  2.77600000E+02  1.15118079E+00  1.14277904E+00  1.15118079E+00
   348  2.78400000E+02  1.15118079E+00  1.14336996E+00  1.15118079E+00
   349  2.79200000E+02  1.15118079E+00  1.14392115E+00  1.15118079E+00
   350  2.80000000E+02  1.15118078E+00  1.14443568E+00  1.15118078E+00
   351  2.80800000E+02  1.15118078E+00  1.14491655E+00  1.15118078E+00
   352  2.81600000E+02  1.15118078E+00  1.14536660E+00  1.15118078E+00
   353  2.82400000E+02  1.15118077E+00  1.14578846E+00  1.15118077E+00
   354  2.83200000E+02  1.15118077E+00  1.14618452E+00  1.15118077E+00
   355  2.84000000E+02  1.15118077E+00  1.14655683E+00  1.15118077E+00
   356  2.84800000E+02  1.15118077E+00  1.14690717E+00  1.15118077E+00
   357  2.85600000E+02  1.15118076E+00  1.14723697E+00  1.15118076E+00
   358  2.86400000E+02  1.15118076E+00  1.14754736E+00  1.15118076E+00
   359  2.87200000E+02  1.15118076E+00  1.14783918E+00  1.15118076E+00
   360  2.88000000E+02  1.15118076E+00  1.14811305E+00  1.15118076E+00
   361  2.88800000E+02  1.15118076E+00  1.14836940E+00  1.15118076E+00
   362  2.89600000E+02  1.15118076E+00  1.14860853E+00  1.15118076E+00
   363  2.90400000E+02  1.15118075E+00  1.14883067E+00  1.15118075E+00
   364  2.91200000E+02  1.15118075E+00  1.14903606E+00  1.15118075E+00
   365  2.92000000E+02  1.15118075E+00  1.14922495E+00  1.15118075E+00
   366  2.92800000E+02  1.15118075E+00  1.14939772E+00  1.15118075E+00
   367  2.93600000E+02  1.15118075E+00  1.14955483E+00  1.15118075E+00
   368  2.94400000E+02  1.15118075E+00  1.14969691E+00  1.15118075E+00
   369  2.95200000E+02  1.15118075E+00  1.14982470E+00  1.15118075E+00
   370  2.96000000E+02  1.15118075E+00  1.14993909E+00  1.15118075E+00
   371  2.96800000E+02  1.15118075E+00  1.15004110E+00  1.15118075E+00
   372  2.97600000E+02  1.15118075E+00  1.15013182E+00  1.15118075E+00
   373  2.98400000E+02  1.15118075E+00  1.15021238E+00  1.15118075E+00
   374  2.99200000E+02  1.15118074E+00  1.15028395E+00  1.15118074E+00
   375  3.00000000E+02  1.15118074E+00  1.15034767E+00  1.15118074E+00
   376  3.00800000E+02  1.15118074E+00  1.15040463E+00  1.15118074E+00
   377  3.01600000E+02  1.15118074E+00  1.15045582E+00  1.15118074E+00
   378  3.02400000E+02  1.15118074E+00  1.15050214E+00  1.15118074E+00
   379  3.03200000E+02  1.15118074E+00  1.15054436E+00  1.15118074E+00
   380  3.04000000E+02  1.15118074E+00  1.15058311E+00  1.15118074E+00
   381  3.04800000E+02  1.15118074E+00  1.15061892E+00  1.15118074E+00
   382  3.05600000E+02  1.15118074E+00  1.15065217E+00  1.15118074E+00
   383  3.06400000E+02  1.15118074E+00  1.15068315E+00  1.15118074E+00
   384  3.07200000E+02  1.15118074E+00  1.15071206E+00  1.15118074E+00
   385  3.08000000E+02  1.15118074E+00  1.15073903E+00  1.15118074E+00
   386  3.08800000E+02  1.15118074E+00  1.15076414E+00  1.15118074E+00
   387  3.09600000E+02  1.15118074E+00  1.15078742E+00  1.15118074E+00
   388  3.10400000E+02  1.15118074E+00  1.15080893E+00  1.15118074E+00
   389  3.11200000E+02  1.15118074E+00  1.15082867E+00  1.15118074E+00
   390  3.12000000E+02  1.15118074E+00  1.15084671E+00  1.15118074E+00
   391  3.12800000E+02  1.15118074E+00  1.15086308E+00  1.15118074E+00
   392  3.13600000E+02  1.15118074E+00  1.15087787E+00  1.15118074E+00
   393  3.14400000E+02  1.15118074E+00  1.15089117E+00  1.15118074E+00
   394  3.15200000E+02  1.15118074E+00  1.15090308E+00  1.15118074E+00
   395  3.16000000E+02  1.15118074E+00  1.15091373E+00  1.15118074E+00
   396  3.16800000E+02  1.15118074E+00  1.15092324E+00  1.15118074E+00
   397  3.17600000E+02  1.15118074E+00  1.15093174E+00  1.15118074E+00
   398  3.18400000E+02  1.15118074E+00  1.15093935E+00  1.15118074E+00
   399  3.19200000E+02  1.15118074E+00  1.15094618E+00  1.15118074E+00
   400  3.20000000E+02  1.15118074E+00  1.15095235E+00  1.15118074E+00
   401  3.20800000E+02  1.15118074E+00  1.15095793E+00  1.15118074E+00
   402  3.21600000E+02  1.15118074E+00  1.15096301E+00  1.15118074E+00
   403  3.22400000E+02  1.15118074E+00  1.15096765E+00  1.15118074E+00
   404  3.23200000E+02  1.15118074E+00  1.15097190E+00  1.15118074E+00
   405  3.24000000E+02  1.15118074E+00  1.15097579E+00  1.15118074E+00
 steady-height stop at step    405: changes <=   1.0000E-05, max-end <=   1.0000E-02, max/end/gap/profile_change =   1.15118074E+00  1.15097579E+00  2.04944879E-04  3.89417430E-06


STDERR:
