COMMAND:
/shared/extrudate_rom/generate_rom_data/extrudate_swell2d_c_cluster

STDOUT:
 comppar: model =   3
 comppar: lambda,mobility/eps,betav,eta_0 =  2.8000E+00  5.0000E-01  7.0000E-01  1.0000E+00
 comppar: eta_s,eta_p,G =  7.0000E-01  3.0000E-01  1.0714E-01
 comppar: U_avg,deltat,flowrate,nsteps =  5.0000E-02  6.0000E-01  1.5708E-01     700
 comppar: geometry = axisymmetric
 comppar: steady stop change,gap,hold,min =  1.0000E-05  1.0000E-02      10      80
 comppar: ncompc,ncompg =     4     5
 mesh nnodes = 5765
 mesh nelem = 2780
 P1 BC   5.0000000000000000     
 P2 BC   0.0000000000000000     
     1  6.00000000E-01  1.00379371E+00  1.00000000E+00  1.00379371E+00
     2  1.20000000E+00  1.00749431E+00  1.00000000E+00  1.00749431E+00
     3  1.80000000E+00  1.01109086E+00  1.00000000E+00  1.01109086E+00
     4  2.40000000E+00  1.01458906E+00  1.00000000E+00  1.01458906E+00
     5  3.00000000E+00  1.01799217E+00  1.00000000E+00  1.01799217E+00
     6  3.60000000E+00  1.02130066E+00  1.00000000E+00  1.02130066E+00
     7  4.20000000E+00  1.02452098E+00  1.00000000E+00  1.02452098E+00
     8  4.80000000E+00  1.02766765E+00  1.00000000E+00  1.02766765E+00
     9  5.40000000E+00  1.03073885E+00  1.00000001E+00  1.03073885E+00
    10  6.00000000E+00  1.03372749E+00  1.00000001E+00  1.03372749E+00
    11  6.60000000E+00  1.03664153E+00  1.00000000E+00  1.03664153E+00
    12  7.20000000E+00  1.03950563E+00  1.00000000E+00  1.03950563E+00
    13  7.80000000E+00  1.04227989E+00  1.00000000E+00  1.04227989E+00
    14  8.40000000E+00  1.04500902E+00  1.00000000E+00  1.04500902E+00
    15  9.00000000E+00  1.04766517E+00  9.99999997E-01  1.04766517E+00
    16  9.60000000E+00  1.05025301E+00  9.99999993E-01  1.05025301E+00
    17  1.02000000E+01  1.05280358E+00  9.99999988E-01  1.05280358E+00
    18  1.08000000E+01  1.05524973E+00  9.99999981E-01  1.05524973E+00
    19  1.14000000E+01  1.05768280E+00  9.99999972E-01  1.05768280E+00
    20  1.20000000E+01  1.06000699E+00  9.99999961E-01  1.06000699E+00
    21  1.26000000E+01  1.06232762E+00  9.99999949E-01  1.06232762E+00
    22  1.32000000E+01  1.06452940E+00  9.99999934E-01  1.06452940E+00
    23  1.38000000E+01  1.06672485E+00  9.99999916E-01  1.06672485E+00
    24  1.44000000E+01  1.06882955E+00  9.99999895E-01  1.06882955E+00
    25  1.50000000E+01  1.07089560E+00  9.99999870E-01  1.07089560E+00
    26  1.56000000E+01  1.07290312E+00  9.99999842E-01  1.07290312E+00
    27  1.62000000E+01  1.07480259E+00  9.99999810E-01  1.07480259E+00
    28  1.68000000E+01  1.07674374E+00  9.99999773E-01  1.07674374E+00
    29  1.74000000E+01  1.07851481E+00  9.99999731E-01  1.07851481E+00
    30  1.80000000E+01  1.08035548E+00  9.99999684E-01  1.08035548E+00
    31  1.86000000E+01  1.08205943E+00  9.99999631E-01  1.08205943E+00
    32  1.92000000E+01  1.08369511E+00  9.99999570E-01  1.08369511E+00
    33  1.98000000E+01  1.08536939E+00  9.99999503E-01  1.08536939E+00
    34  2.04000000E+01  1.08686786E+00  9.99999428E-01  1.08686786E+00
    35  2.10000000E+01  1.08844159E+00  9.99999343E-01  1.08844159E+00
    36  2.16000000E+01  1.08991056E+00  9.99999250E-01  1.08991056E+00
    37  2.22000000E+01  1.09121938E+00  9.99999146E-01  1.09121938E+00
    38  2.28000000E+01  1.09269347E+00  9.99999031E-01  1.09269347E+00
    39  2.34000000E+01  1.09399107E+00  9.99998904E-01  1.09399107E+00
    40  2.40000000E+01  1.09522260E+00  9.99998764E-01  1.09522260E+00
    41  2.46000000E+01  1.09652471E+00  9.99998610E-01  1.09652471E+00
    42  2.52000000E+01  1.09765071E+00  9.99998441E-01  1.09765071E+00
    43  2.58000000E+01  1.09879490E+00  9.99998255E-01  1.09879490E+00
    44  2.64000000E+01  1.09993118E+00  9.99998051E-01  1.09993118E+00
    45  2.70000000E+01  1.10089493E+00  9.99997829E-01  1.10089493E+00
    46  2.76000000E+01  1.10198515E+00  9.99997586E-01  1.10198515E+00
    47  2.82000000E+01  1.10295678E+00  9.99997321E-01  1.10295678E+00
    48  2.88000000E+01  1.10381376E+00  9.99997032E-01  1.10381376E+00
    49  2.94000000E+01  1.10479596E+00  9.99996719E-01  1.10479596E+00
    50  3.00000000E+01  1.10561196E+00  9.99996378E-01  1.10561196E+00
    51  3.06000000E+01  1.10643988E+00  9.99996008E-01  1.10643988E+00
    52  3.12000000E+01  1.10726329E+00  9.99995607E-01  1.10726329E+00
    53  3.18000000E+01  1.10792879E+00  9.99995174E-01  1.10792879E+00
    54  3.24000000E+01  1.10872791E+00  9.99994705E-01  1.10872791E+00
    55  3.30000000E+01  1.10940419E+00  9.99994199E-01  1.10940419E+00
    56  3.36000000E+01  1.11002734E+00  9.99993653E-01  1.11002734E+00
    57  3.42000000E+01  1.11071055E+00  9.99993065E-01  1.11071055E+00
    58  3.48000000E+01  1.11124667E+00  9.99992432E-01  1.11124667E+00
    59  3.54000000E+01  1.11186649E+00  9.99991751E-01  1.11186649E+00
    60  3.60000000E+01  1.11241292E+00  9.99991020E-01  1.11241292E+00
    61  3.66000000E+01  1.11288116E+00  9.99990236E-01  1.11288116E+00
    62  3.72000000E+01  1.11343396E+00  9.99989395E-01  1.11343396E+00
    63  3.78000000E+01  1.11385232E+00  9.99988495E-01  1.11385232E+00
    64  3.84000000E+01  1.11433470E+00  9.99987532E-01  1.11433470E+00
    65  3.90000000E+01  1.11476266E+00  9.99986504E-01  1.11476266E+00
    66  3.96000000E+01  1.11511718E+00  9.99985405E-01  1.11511718E+00
    67  4.02000000E+01  1.11555090E+00  9.99984234E-01  1.11555090E+00
    68  4.08000000E+01  1.11586426E+00  9.99982987E-01  1.11586426E+00
    69  4.14000000E+01  1.11624660E+00  9.99981660E-01  1.11624660E+00
    70  4.20000000E+01  1.11656863E+00  9.99980249E-01  1.11656863E+00
    71  4.26000000E+01  1.11684229E+00  9.99978750E-01  1.11684229E+00
    72  4.32000000E+01  1.11716937E+00  9.99977161E-01  1.11716937E+00
    73  4.38000000E+01  1.11739122E+00  9.99975477E-01  1.11739122E+00
    74  4.44000000E+01  1.11770135E+00  9.99973695E-01  1.11770135E+00
    75  4.50000000E+01  1.11793070E+00  9.99971811E-01  1.11793070E+00
    76  4.56000000E+01  1.11814852E+00  9.99969821E-01  1.11814852E+00
    77  4.62000000E+01  1.11838213E+00  9.99967723E-01  1.11838213E+00
    78  4.68000000E+01  1.11854352E+00  9.99965513E-01  1.11854352E+00
    79  4.74000000E+01  1.11878504E+00  9.99963188E-01  1.11878504E+00
    80  4.80000000E+01  1.11893528E+00  9.99960745E-01  1.11893528E+00
    81  4.86000000E+01  1.11911587E+00  9.99958181E-01  1.11911587E+00
    82  4.92000000E+01  1.11926955E+00  9.99955496E-01  1.11926955E+00
    83  4.98000000E+01  1.11941177E+00  9.99952686E-01  1.11941177E+00
    84  5.04000000E+01  1.11957203E+00  9.99949752E-01  1.11957203E+00
    85  5.10000000E+01  1.11965667E+00  9.99946691E-01  1.11965667E+00
    86  5.16000000E+01  1.11981277E+00  9.99943505E-01  1.11981277E+00
    87  5.22000000E+01  1.11990000E+00  9.99940194E-01  1.11990000E+00
    88  5.28000000E+01  1.12003274E+00  9.99936759E-01  1.12003274E+00
    89  5.34000000E+01  1.12012506E+00  9.99933204E-01  1.12012506E+00
    90  5.40000000E+01  1.12020186E+00  9.99929531E-01  1.12020186E+00
    91  5.46000000E+01  1.12029712E+00  9.99925747E-01  1.12029712E+00
    92  5.52000000E+01  1.12035893E+00  9.99921856E-01  1.12035893E+00
    93  5.58000000E+01  1.12045975E+00  9.99917868E-01  1.12045975E+00
    94  5.64000000E+01  1.12049714E+00  9.99913791E-01  1.12049714E+00
    95  5.70000000E+01  1.12057790E+00  9.99909637E-01  1.12057790E+00
    96  5.76000000E+01  1.12061736E+00  9.99905420E-01  1.12061736E+00
    97  5.82000000E+01  1.12069359E+00  9.99901155E-01  1.12069359E+00
    98  5.88000000E+01  1.12073704E+00  9.99896862E-01  1.12073704E+00
    99  5.94000000E+01  1.12077163E+00  9.99892560E-01  1.12077163E+00
   100  6.00000000E+01  1.12081747E+00  9.99888274E-01  1.12081747E+00
   101  6.06000000E+01  1.12085239E+00  9.99884032E-01  1.12085239E+00
   102  6.12000000E+01  1.12090267E+00  9.99879867E-01  1.12090267E+00
   103  6.18000000E+01  1.12090114E+00  9.99875812E-01  1.12090114E+00
   104  6.24000000E+01  1.12095398E+00  9.99871908E-01  1.12095398E+00
   105  6.30000000E+01  1.12095628E+00  9.99868201E-01  1.12095628E+00
   106  6.36000000E+01  1.12101414E+00  9.99864740E-01  1.12101414E+00
   107  6.42000000E+01  1.12101698E+00  9.99861582E-01  1.12101698E+00
   108  6.48000000E+01  1.12104458E+00  9.99858788E-01  1.12104458E+00
   109  6.54000000E+01  1.12104921E+00  9.99856429E-01  1.12104921E+00
   110  6.60000000E+01  1.12108682E+00  9.99854580E-01  1.12108682E+00
   111  6.66000000E+01  1.12109473E+00  9.99853326E-01  1.12109473E+00
   112  6.72000000E+01  1.12110263E+00  9.99852760E-01  1.12110263E+00
   113  6.78000000E+01  1.12111262E+00  9.99852986E-01  1.12111262E+00
   114  6.84000000E+01  1.12113230E+00  9.99854114E-01  1.12113230E+00
   115  6.90000000E+01  1.12114600E+00  9.99856270E-01  1.12114600E+00
   116  6.96000000E+01  1.12113811E+00  9.99859587E-01  1.12113811E+00
   117  7.02000000E+01  1.12115416E+00  9.99864215E-01  1.12115416E+00
   118  7.08000000E+01  1.12115917E+00  9.99870315E-01  1.12115917E+00
   119  7.14000000E+01  1.12117934E+00  9.99878062E-01  1.12117934E+00
   120  7.20000000E+01  1.12115833E+00  9.99887649E-01  1.12115833E+00
   121  7.26000000E+01  1.12118112E+00  9.99899283E-01  1.12118112E+00
   122  7.32000000E+01  1.12117355E+00  9.99913192E-01  1.12117355E+00
   123  7.38000000E+01  1.12120085E+00  9.99929620E-01  1.12120085E+00
   124  7.44000000E+01  1.12117789E+00  9.99948835E-01  1.12117789E+00
   125  7.50000000E+01  1.12119867E+00  9.99971123E-01  1.12119867E+00
   126  7.56000000E+01  1.12117991E+00  9.99996796E-01  1.12117991E+00
   127  7.62000000E+01  1.12121499E+00  1.00002619E+00  1.12121499E+00
   128  7.68000000E+01  1.12119666E+00  1.00005967E+00  1.12119666E+00
   129  7.74000000E+01  1.12121051E+00  1.00009762E+00  1.12121051E+00
   130  7.80000000E+01  1.12119411E+00  1.00014047E+00  1.12119411E+00
   131  7.86000000E+01  1.12122476E+00  1.00018867E+00  1.12122476E+00
   132  7.92000000E+01  1.12121168E+00  1.00024271E+00  1.12121168E+00
   133  7.98000000E+01  1.12121910E+00  1.00030310E+00  1.12121910E+00
   134  8.04000000E+01  1.12120820E+00  1.00037041E+00  1.12120820E+00
   135  8.10000000E+01  1.12123215E+00  1.00044524E+00  1.12123215E+00
   136  8.16000000E+01  1.12122494E+00  1.00052822E+00  1.12122494E+00
   137  8.22000000E+01  1.12122602E+00  1.00062005E+00  1.12122602E+00
   138  8.28000000E+01  1.12122124E+00  1.00072146E+00  1.12122124E+00
   139  8.34000000E+01  1.12123843E+00  1.00083323E+00  1.12123843E+00
   140  8.40000000E+01  1.12123771E+00  1.00095618E+00  1.12123771E+00
   141  8.46000000E+01  1.12123228E+00  1.00109122E+00  1.12123228E+00
   142  8.52000000E+01  1.12123422E+00  1.00123927E+00  1.12123422E+00
   143  8.58000000E+01  1.12124435E+00  1.00140135E+00  1.12124435E+00
   144  8.64000000E+01  1.12125069E+00  1.00157850E+00  1.12125069E+00
   145  8.70000000E+01  1.12123838E+00  1.00177186E+00  1.12123838E+00
   146  8.76000000E+01  1.12124763E+00  1.00198262E+00  1.12124763E+00
   147  8.82000000E+01  1.12125024E+00  1.00221203E+00  1.12125024E+00
   148  8.88000000E+01  1.12126423E+00  1.00246142E+00  1.12126423E+00
   149  8.94000000E+01  1.12124455E+00  1.00273220E+00  1.12124455E+00
   150  9.00000000E+01  1.12126168E+00  1.00302583E+00  1.12126168E+00
   151  9.06000000E+01  1.12125622E+00  1.00334386E+00  1.12125622E+00
   152  9.12000000E+01  1.12127842E+00  1.00368791E+00  1.12127842E+00
   153  9.18000000E+01  1.12125079E+00  1.00405970E+00  1.12125079E+00
   154  9.24000000E+01  1.12127636E+00  1.00446098E+00  1.12127636E+00
   155  9.30000000E+01  1.12126223E+00  1.00489363E+00  1.12126223E+00
   156  9.36000000E+01  1.12129318E+00  1.00535956E+00  1.12129318E+00
   157  9.42000000E+01  1.12126636E+00  1.00586079E+00  1.12126636E+00
   158  9.48000000E+01  1.12129155E+00  1.00639939E+00  1.12129155E+00
   159  9.54000000E+01  1.12126811E+00  1.00697752E+00  1.12126811E+00
   160  9.60000000E+01  1.12130835E+00  1.00759740E+00  1.12130835E+00
   161  9.66000000E+01  1.12128782E+00  1.00826129E+00  1.12128782E+00
   162  9.72000000E+01  1.12130703E+00  1.00897154E+00  1.12130703E+00
   163  9.78000000E+01  1.12128912E+00  1.00973053E+00  1.12128912E+00
   164  9.84000000E+01  1.12132368E+00  1.01054068E+00  1.12132368E+00
   165  9.90000000E+01  1.12130999E+00  1.01140446E+00  1.12130999E+00
   166  9.96000000E+01  1.12132256E+00  1.01232433E+00  1.12132256E+00
   167  1.00200000E+02  1.12131171E+00  1.01330278E+00  1.12131171E+00
   168  1.00800000E+02  1.12133893E+00  1.01434229E+00  1.12133893E+00
   169  1.01400000E+02  1.12133262E+00  1.01544528E+00  1.12133262E+00
   170  1.02000000E+02  1.12133787E+00  1.01661418E+00  1.12133787E+00
   171  1.02600000E+02  1.12133462E+00  1.01785131E+00  1.12133462E+00
   172  1.03200000E+02  1.12135384E+00  1.01915892E+00  1.12135384E+00
   173  1.03800000E+02  1.12135542E+00  1.02053913E+00  1.12135542E+00
   174  1.04400000E+02  1.12135273E+00  1.02199394E+00  1.12135273E+00
   175  1.05000000E+02  1.12135759E+00  1.02352517E+00  1.12135759E+00
   176  1.05600000E+02  1.12136816E+00  1.02513443E+00  1.12136816E+00
   177  1.06200000E+02  1.12137815E+00  1.02682311E+00  1.12137815E+00
   178  1.06800000E+02  1.12136688E+00  1.02859230E+00  1.12136688E+00
   179  1.07400000E+02  1.12138037E+00  1.03044281E+00  1.12138037E+00
   180  1.08000000E+02  1.12138166E+00  1.03237512E+00  1.12138166E+00
   181  1.08600000E+02  1.12140056E+00  1.03438929E+00  1.12140056E+00
   182  1.09200000E+02  1.12138010E+00  1.03648500E+00  1.12138010E+00
   183  1.09800000E+02  1.12140271E+00  1.03866146E+00  1.12140271E+00
   184  1.10400000E+02  1.12139412E+00  1.04091739E+00  1.12139412E+00
   185  1.11000000E+02  1.12142242E+00  1.04325098E+00  1.12142242E+00
   186  1.11600000E+02  1.12139218E+00  1.04565986E+00  1.12139218E+00
   187  1.12200000E+02  1.12142440E+00  1.04814109E+00  1.12142440E+00
   188  1.12800000E+02  1.12140535E+00  1.05069108E+00  1.12140535E+00
   189  1.13400000E+02  1.12144353E+00  1.05330562E+00  1.12144353E+00
   190  1.14000000E+02  1.12141745E+00  1.05597984E+00  1.12141745E+00
   191  1.14600000E+02  1.12144526E+00  1.05870820E+00  1.12144526E+00
   192  1.15200000E+02  1.12142213E+00  1.06148447E+00  1.12142213E+00
   193  1.15800000E+02  1.12146371E+00  1.06430175E+00  1.12146371E+00
   194  1.16400000E+02  1.12144518E+00  1.06715249E+00  1.12144518E+00
   195  1.17000000E+02  1.12146510E+00  1.07002847E+00  1.12146510E+00
   196  1.17600000E+02  1.12144973E+00  1.07292086E+00  1.12144973E+00
   197  1.18200000E+02  1.12148280E+00  1.07582025E+00  1.12148280E+00
   198  1.18800000E+02  1.12147229E+00  1.07871667E+00  1.12147229E+00
   199  1.19400000E+02  1.12148378E+00  1.08159968E+00  1.12148378E+00
   200  1.20000000E+02  1.12147665E+00  1.08445844E+00  1.12147665E+00
   201  1.20600000E+02  1.12150065E+00  1.08728173E+00  1.12150065E+00
   202  1.21200000E+02  1.12149865E+00  1.09005810E+00  1.12149865E+00
   203  1.21800000E+02  1.12150116E+00  1.09277594E+00  1.12150116E+00
   204  1.22400000E+02  1.12150274E+00  1.09542361E+00  1.12150274E+00
   205  1.23000000E+02  1.12151713E+00  1.09798951E+00  1.12151713E+00
   206  1.23600000E+02  1.12152412E+00  1.10046227E+00  1.12152412E+00
   207  1.24200000E+02  1.12151712E+00  1.10283089E+00  1.12151712E+00
   208  1.24800000E+02  1.12152787E+00  1.10508485E+00  1.12152787E+00
   209  1.25400000E+02  1.12153214E+00  1.10721433E+00  1.12153214E+00
   210  1.26000000E+02  1.12154856E+00  1.10921035E+00  1.12154856E+00
   211  1.26600000E+02  1.12153155E+00  1.11106498E+00  1.12153155E+00
   212  1.27200000E+02  1.12155194E+00  1.11277151E+00  1.12155194E+00
   213  1.27800000E+02  1.12154557E+00  1.11432467E+00  1.12154557E+00
   214  1.28400000E+02  1.12157188E+00  1.11572076E+00  1.12157188E+00
   215  1.29000000E+02  1.12154434E+00  1.11695787E+00  1.12154434E+00
   216  1.29600000E+02  1.12157482E+00  1.11803601E+00  1.12157482E+00
   217  1.30200000E+02  1.12155733E+00  1.11895725E+00  1.12155733E+00
   218  1.30800000E+02  1.12159397E+00  1.11972573E+00  1.12159397E+00
   219  1.31400000E+02  1.12156345E+00  1.12034779E+00  1.12156345E+00
   220  1.32000000E+02  1.12159651E+00  1.12083182E+00  1.12159651E+00
   221  1.32600000E+02  1.12156927E+00  1.12118825E+00  1.12156927E+00
   222  1.33200000E+02  1.12161504E+00  1.12142927E+00  1.12161504E+00
   223  1.33800000E+02  1.12159266E+00  1.12156863E+00  1.12159266E+00
   224  1.34400000E+02  1.12162126E+00  1.12162126E+00  1.12162126E+00
   225  1.35000000E+02  1.12160283E+00  1.12160283E+00  1.12160283E+00
   226  1.35600000E+02  1.12152934E+00  1.12152934E+00  1.12152934E+00
   227  1.36200000E+02  1.12141652E+00  1.12141652E+00  1.12141652E+00
   228  1.36800000E+02  1.12127938E+00  1.12127938E+00  1.12127938E+00
   229  1.37400000E+02  1.12113165E+00  1.12113165E+00  1.12113165E+00
   230  1.38000000E+02  1.12098539E+00  1.12098539E+00  1.12098539E+00
   231  1.38600000E+02  1.12092771E+00  1.12085054E+00  1.12092771E+00
   232  1.39200000E+02  1.12092771E+00  1.12073470E+00  1.12092771E+00
   233  1.39800000E+02  1.12092771E+00  1.12064302E+00  1.12092771E+00
   234  1.40400000E+02  1.12092771E+00  1.12057814E+00  1.12092771E+00
   235  1.41000000E+02  1.12092771E+00  1.12054038E+00  1.12092771E+00
   236  1.41600000E+02  1.12092771E+00  1.12052803E+00  1.12092771E+00
   237  1.42200000E+02  1.12092771E+00  1.12053772E+00  1.12092771E+00
   238  1.42800000E+02  1.12092771E+00  1.12056489E+00  1.12092771E+00
   239  1.43400000E+02  1.12092771E+00  1.12060431E+00  1.12092771E+00
   240  1.44000000E+02  1.12092771E+00  1.12065059E+00  1.12092771E+00
   241  1.44600000E+02  1.12092771E+00  1.12069864E+00  1.12092771E+00
   242  1.45200000E+02  1.12092771E+00  1.12074406E+00  1.12092771E+00
   243  1.45800000E+02  1.12092771E+00  1.12078343E+00  1.12092771E+00
   244  1.46400000E+02  1.12092771E+00  1.12081447E+00  1.12092771E+00
   245  1.47000000E+02  1.12092771E+00  1.12083607E+00  1.12092771E+00
   246  1.47600000E+02  1.12092771E+00  1.12084819E+00  1.12092771E+00
   247  1.48200000E+02  1.12092771E+00  1.12085174E+00  1.12092771E+00
   248  1.48800000E+02  1.12092771E+00  1.12084828E+00  1.12092771E+00
   249  1.49400000E+02  1.12092771E+00  1.12083980E+00  1.12092771E+00
   250  1.50000000E+02  1.12092771E+00  1.12082837E+00  1.12092771E+00
   251  1.50600000E+02  1.12092771E+00  1.12081599E+00  1.12092771E+00
   252  1.51200000E+02  1.12092771E+00  1.12080430E+00  1.12092771E+00
   253  1.51800000E+02  1.12092771E+00  1.12079454E+00  1.12092771E+00
   254  1.52400000E+02  1.12092771E+00  1.12078742E+00  1.12092771E+00
   255  1.53000000E+02  1.12092771E+00  1.12078320E+00  1.12092771E+00
   256  1.53600000E+02  1.12092771E+00  1.12078169E+00  1.12092771E+00
   257  1.54200000E+02  1.12092771E+00  1.12078243E+00  1.12092771E+00
   258  1.54800000E+02  1.12092771E+00  1.12078476E+00  1.12092771E+00
   259  1.55400000E+02  1.12092771E+00  1.12078796E+00  1.12092771E+00
   260  1.56000000E+02  1.12092771E+00  1.12079135E+00  1.12092771E+00
   261  1.56600000E+02  1.12092771E+00  1.12079439E+00  1.12092771E+00
   262  1.57200000E+02  1.12092771E+00  1.12079671E+00  1.12092771E+00
 steady-height stop at step    262: changes <=   1.0000E-05, max-end <=   1.0000E-02, max/end/gap/profile_change =   1.12092771E+00  1.12079671E+00  1.30996238E-04  2.31599916E-06


STDERR:
