COMMAND:
/shared/extrudate_rom/generate_rom_data/extrudate_swell2d_c_cluster

STDOUT:
 comppar: model =   3
 comppar: lambda,mobility/eps,betav,eta_0 =  4.6000E+00  1.0000E-01  5.0000E-01  1.0000E+00
 comppar: eta_s,eta_p,G =  5.0000E-01  5.0000E-01  1.0870E-01
 comppar: U_avg,deltat,flowrate,nsteps =  5.0000E-02  6.0000E-01  1.5708E-01     700
 comppar: geometry = axisymmetric
 comppar: steady stop change,gap,hold,min =  1.0000E-05  1.0000E-02      10      80
 comppar: ncompc,ncompg =     4     5
 mesh nnodes = 5765
 mesh nelem = 2780
 P1 BC   5.0000000000000000     
 P2 BC   0.0000000000000000     
     1  6.00000000E-01  1.00379184E+00  1.00000000E+00  1.00379184E+00
     2  1.20000000E+00  1.00748503E+00  1.00000000E+00  1.00748503E+00
     3  1.80000000E+00  1.01106880E+00  1.00000000E+00  1.01106880E+00
     4  2.40000000E+00  1.01455674E+00  1.00000000E+00  1.01455674E+00
     5  3.00000000E+00  1.01795641E+00  1.00000000E+00  1.01795641E+00
     6  3.60000000E+00  1.02127499E+00  1.00000000E+00  1.02127499E+00
     7  4.20000000E+00  1.02452356E+00  1.00000000E+00  1.02452356E+00
     8  4.80000000E+00  1.02770351E+00  1.00000001E+00  1.02770351E+00
     9  5.40000000E+00  1.03085034E+00  1.00000001E+00  1.03085034E+00
    10  6.00000000E+00  1.03394036E+00  1.00000001E+00  1.03394036E+00
    11  6.60000000E+00  1.03696353E+00  1.00000001E+00  1.03696353E+00
    12  7.20000000E+00  1.03998293E+00  1.00000001E+00  1.03998293E+00
    13  7.80000000E+00  1.04293313E+00  1.00000000E+00  1.04293313E+00
    14  8.40000000E+00  1.04585621E+00  1.00000000E+00  1.04585621E+00
    15  9.00000000E+00  1.04873154E+00  1.00000000E+00  1.04873154E+00
    16  9.60000000E+00  1.05157031E+00  9.99999997E-01  1.05157031E+00
    17  1.02000000E+01  1.05436911E+00  9.99999993E-01  1.05436911E+00
    18  1.08000000E+01  1.05712118E+00  9.99999987E-01  1.05712118E+00
    19  1.14000000E+01  1.05980202E+00  9.99999980E-01  1.05980202E+00
    20  1.20000000E+01  1.06248082E+00  9.99999970E-01  1.06248082E+00
    21  1.26000000E+01  1.06504452E+00  9.99999959E-01  1.06504452E+00
    22  1.32000000E+01  1.06764529E+00  9.99999946E-01  1.06764529E+00
    23  1.38000000E+01  1.07011918E+00  9.99999931E-01  1.07011918E+00
    24  1.44000000E+01  1.07259332E+00  9.99999913E-01  1.07259332E+00
    25  1.50000000E+01  1.07500468E+00  9.99999892E-01  1.07500468E+00
    26  1.56000000E+01  1.07732446E+00  9.99999867E-01  1.07732446E+00
    27  1.62000000E+01  1.07967028E+00  9.99999839E-01  1.07967028E+00
    28  1.68000000E+01  1.08187857E+00  9.99999807E-01  1.08187857E+00
    29  1.74000000E+01  1.08407810E+00  9.99999771E-01  1.08407810E+00
    30  1.80000000E+01  1.08624555E+00  9.99999729E-01  1.08624555E+00
    31  1.86000000E+01  1.08827147E+00  9.99999683E-01  1.08827147E+00
    32  1.92000000E+01  1.09035625E+00  9.99999630E-01  1.09035625E+00
    33  1.98000000E+01  1.09233924E+00  9.99999572E-01  1.09233924E+00
    34  2.04000000E+01  1.09417959E+00  9.99999506E-01  1.09417959E+00
    35  2.10000000E+01  1.09612397E+00  9.99999433E-01  1.09612397E+00
    36  2.16000000E+01  1.09795366E+00  9.99999352E-01  1.09795366E+00
    37  2.22000000E+01  1.09964302E+00  9.99999262E-01  1.09964302E+00
    38  2.28000000E+01  1.10143786E+00  9.99999163E-01  1.10143786E+00
    39  2.34000000E+01  1.10311449E+00  9.99999053E-01  1.10311449E+00
    40  2.40000000E+01  1.10465520E+00  9.99998932E-01  1.10465520E+00
    41  2.46000000E+01  1.10627471E+00  9.99998798E-01  1.10627471E+00
    42  2.52000000E+01  1.10783194E+00  9.99998652E-01  1.10783194E+00
    43  2.58000000E+01  1.10925909E+00  9.99998491E-01  1.10925909E+00
    44  2.64000000E+01  1.11068954E+00  9.99998316E-01  1.11068954E+00
    45  2.70000000E+01  1.11212921E+00  9.99998124E-01  1.11212921E+00
    46  2.76000000E+01  1.11344556E+00  9.99997914E-01  1.11344556E+00
    47  2.82000000E+01  1.11469265E+00  9.99997686E-01  1.11469265E+00
    48  2.88000000E+01  1.11602598E+00  9.99997437E-01  1.11602598E+00
    49  2.94000000E+01  1.11724384E+00  9.99997167E-01  1.11724384E+00
    50  3.00000000E+01  1.11835628E+00  9.99996874E-01  1.11835628E+00
    51  3.06000000E+01  1.11955172E+00  9.99996555E-01  1.11955172E+00
    52  3.12000000E+01  1.12067505E+00  9.99996211E-01  1.12067505E+00
    53  3.18000000E+01  1.12170200E+00  9.99995838E-01  1.12170200E+00
    54  3.24000000E+01  1.12274208E+00  9.99995435E-01  1.12274208E+00
    55  3.30000000E+01  1.12378113E+00  9.99995000E-01  1.12378113E+00
    56  3.36000000E+01  1.12473182E+00  9.99994530E-01  1.12473182E+00
    57  3.42000000E+01  1.12561073E+00  9.99994025E-01  1.12561073E+00
    58  3.48000000E+01  1.12657035E+00  9.99993481E-01  1.12657035E+00
    59  3.54000000E+01  1.12744988E+00  9.99992895E-01  1.12744988E+00
    60  3.60000000E+01  1.12825756E+00  9.99992267E-01  1.12825756E+00
    61  3.66000000E+01  1.12908715E+00  9.99991593E-01  1.12908715E+00
    62  3.72000000E+01  1.12990165E+00  9.99990869E-01  1.12990165E+00
    63  3.78000000E+01  1.13064909E+00  9.99990095E-01  1.13064909E+00
    64  3.84000000E+01  1.13133785E+00  9.99989266E-01  1.13133785E+00
    65  3.90000000E+01  1.13209253E+00  9.99988380E-01  1.13209253E+00
    66  3.96000000E+01  1.13278485E+00  9.99987434E-01  1.13278485E+00
    67  4.02000000E+01  1.13341817E+00  9.99986424E-01  1.13341817E+00
    68  4.08000000E+01  1.13406494E+00  9.99985347E-01  1.13406494E+00
    69  4.14000000E+01  1.13470298E+00  9.99984200E-01  1.13470298E+00
    70  4.20000000E+01  1.13528403E+00  9.99982979E-01  1.13528403E+00
    71  4.26000000E+01  1.13581801E+00  9.99981682E-01  1.13581801E+00
    72  4.32000000E+01  1.13640649E+00  9.99980303E-01  1.13640649E+00
    73  4.38000000E+01  1.13693965E+00  9.99978841E-01  1.13693965E+00
    74  4.44000000E+01  1.13741865E+00  9.99977290E-01  1.13741865E+00
    75  4.50000000E+01  1.13792363E+00  9.99975647E-01  1.13792363E+00
    76  4.56000000E+01  1.13840858E+00  9.99973909E-01  1.13840858E+00
    77  4.62000000E+01  1.13884147E+00  9.99972072E-01  1.13884147E+00
    78  4.68000000E+01  1.13926544E+00  9.99970131E-01  1.13926544E+00
    79  4.74000000E+01  1.13970580E+00  9.99968084E-01  1.13970580E+00
    80  4.80000000E+01  1.14009576E+00  9.99965926E-01  1.14009576E+00
    81  4.86000000E+01  1.14045153E+00  9.99963655E-01  1.14045153E+00
    82  4.92000000E+01  1.14084834E+00  9.99961267E-01  1.14084834E+00
    83  4.98000000E+01  1.14119771E+00  9.99958758E-01  1.14119771E+00
    84  5.04000000E+01  1.14150295E+00  9.99956126E-01  1.14150295E+00
    85  5.10000000E+01  1.14185025E+00  9.99953367E-01  1.14185025E+00
    86  5.16000000E+01  1.14216158E+00  9.99950480E-01  1.14216158E+00
    87  5.22000000E+01  1.14243210E+00  9.99947463E-01  1.14243210E+00
    88  5.28000000E+01  1.14272651E+00  9.99944313E-01  1.14272651E+00
    89  5.34000000E+01  1.14300360E+00  9.99941030E-01  1.14300360E+00
    90  5.40000000E+01  1.14324386E+00  9.99937612E-01  1.14324386E+00
    91  5.46000000E+01  1.14348824E+00  9.99934061E-01  1.14348824E+00
    92  5.52000000E+01  1.14373333E+00  9.99930376E-01  1.14373333E+00
    93  5.58000000E+01  1.14394548E+00  9.99926559E-01  1.14394548E+00
    94  5.64000000E+01  1.14415150E+00  9.99922613E-01  1.14415150E+00
    95  5.70000000E+01  1.14436894E+00  9.99918540E-01  1.14436894E+00
    96  5.76000000E+01  1.14455726E+00  9.99914347E-01  1.14455726E+00
    97  5.82000000E+01  1.14472208E+00  9.99910039E-01  1.14472208E+00
    98  5.88000000E+01  1.14491400E+00  9.99905622E-01  1.14491400E+00
    99  5.94000000E+01  1.14508068E+00  9.99901107E-01  1.14508068E+00
   100  6.00000000E+01  1.14522640E+00  9.99896503E-01  1.14522640E+00
   101  6.06000000E+01  1.14538793E+00  9.99891824E-01  1.14538793E+00
   102  6.12000000E+01  1.14553621E+00  9.99887083E-01  1.14553621E+00
   103  6.18000000E+01  1.14566621E+00  9.99882299E-01  1.14566621E+00
   104  6.24000000E+01  1.14578981E+00  9.99877491E-01  1.14578981E+00
   105  6.30000000E+01  1.14592196E+00  9.99872681E-01  1.14592196E+00
   106  6.36000000E+01  1.14603855E+00  9.99867896E-01  1.14603855E+00
   107  6.42000000E+01  1.14614197E+00  9.99863163E-01  1.14614197E+00
   108  6.48000000E+01  1.14625698E+00  9.99858516E-01  1.14625698E+00
   109  6.54000000E+01  1.14636120E+00  9.99853991E-01  1.14636120E+00
   110  6.60000000E+01  1.14645362E+00  9.99849631E-01  1.14645362E+00
   111  6.66000000E+01  1.14653833E+00  9.99845479E-01  1.14653833E+00
   112  6.72000000E+01  1.14663237E+00  9.99841588E-01  1.14663237E+00
   113  6.78000000E+01  1.14671582E+00  9.99838014E-01  1.14671582E+00
   114  6.84000000E+01  1.14678952E+00  9.99834820E-01  1.14678952E+00
   115  6.90000000E+01  1.14686547E+00  9.99832075E-01  1.14686547E+00
   116  6.96000000E+01  1.14693975E+00  9.99829855E-01  1.14693975E+00
   117  7.02000000E+01  1.14700500E+00  9.99828244E-01  1.14700500E+00
   118  7.08000000E+01  1.14706171E+00  9.99827333E-01  1.14706171E+00
   119  7.14000000E+01  1.14712643E+00  9.99827226E-01  1.14712643E+00
   120  7.20000000E+01  1.14718459E+00  9.99828030E-01  1.14718459E+00
   121  7.26000000E+01  1.14723459E+00  9.99829869E-01  1.14723459E+00
   122  7.32000000E+01  1.14728360E+00  9.99832873E-01  1.14728360E+00
   123  7.38000000E+01  1.14733459E+00  9.99837186E-01  1.14733459E+00
   124  7.44000000E+01  1.14737806E+00  9.99842965E-01  1.14737806E+00
   125  7.50000000E+01  1.14741461E+00  9.99850378E-01  1.14741461E+00
   126  7.56000000E+01  1.14745766E+00  9.99859612E-01  1.14745766E+00
   127  7.62000000E+01  1.14749533E+00  9.99870865E-01  1.14749533E+00
   128  7.68000000E+01  1.14752662E+00  9.99884355E-01  1.14752662E+00
   129  7.74000000E+01  1.14755820E+00  9.99900314E-01  1.14755820E+00
   130  7.80000000E+01  1.14759057E+00  9.99918997E-01  1.14759057E+00
   131  7.86000000E+01  1.14761728E+00  9.99940676E-01  1.14761728E+00
   132  7.92000000E+01  1.14763913E+00  9.99965646E-01  1.14763913E+00
   133  7.98000000E+01  1.14766645E+00  9.99994226E-01  1.14766645E+00
   134  8.04000000E+01  1.14768897E+00  1.00002676E+00  1.14768897E+00
   135  8.10000000E+01  1.14770733E+00  1.00006360E+00  1.14770733E+00
   136  8.16000000E+01  1.14772665E+00  1.00010517E+00  1.14772665E+00
   137  8.22000000E+01  1.14774572E+00  1.00015187E+00  1.14774572E+00
   138  8.28000000E+01  1.14776124E+00  1.00020416E+00  1.14776124E+00
   139  8.34000000E+01  1.14777395E+00  1.00026254E+00  1.14777395E+00
   140  8.40000000E+01  1.14778852E+00  1.00032751E+00  1.14778852E+00
   141  8.46000000E+01  1.14780156E+00  1.00039965E+00  1.14780156E+00
   142  8.52000000E+01  1.14781235E+00  1.00047954E+00  1.14781235E+00
   143  8.58000000E+01  1.14782143E+00  1.00056782E+00  1.14782143E+00
   144  8.64000000E+01  1.14783230E+00  1.00066518E+00  1.14783230E+00
   145  8.70000000E+01  1.14784146E+00  1.00077232E+00  1.14784146E+00
   146  8.76000000E+01  1.14784920E+00  1.00089002E+00  1.14784920E+00
   147  8.82000000E+01  1.14785582E+00  1.00101910E+00  1.14785582E+00
   148  8.88000000E+01  1.14786150E+00  1.00116043E+00  1.14786150E+00
   149  8.94000000E+01  1.14786815E+00  1.00131492E+00  1.14786815E+00
   150  9.00000000E+01  1.14787398E+00  1.00148356E+00  1.14787398E+00
   151  9.06000000E+01  1.14787898E+00  1.00166737E+00  1.14787898E+00
   152  9.12000000E+01  1.14788320E+00  1.00186746E+00  1.14788320E+00
   153  9.18000000E+01  1.14788667E+00  1.00208498E+00  1.14788667E+00
   154  9.24000000E+01  1.14789012E+00  1.00232115E+00  1.14789012E+00
   155  9.30000000E+01  1.14789364E+00  1.00257726E+00  1.14789364E+00
   156  9.36000000E+01  1.14789650E+00  1.00285466E+00  1.14789650E+00
   157  9.42000000E+01  1.14789872E+00  1.00315478E+00  1.14789872E+00
   158  9.48000000E+01  1.14790036E+00  1.00347913E+00  1.14790036E+00
   159  9.54000000E+01  1.14790150E+00  1.00382925E+00  1.14790150E+00
   160  9.60000000E+01  1.14790293E+00  1.00420681E+00  1.14790293E+00
   161  9.66000000E+01  1.14790415E+00  1.00461352E+00  1.14790415E+00
   162  9.72000000E+01  1.14790494E+00  1.00505116E+00  1.14790494E+00
   163  9.78000000E+01  1.14790539E+00  1.00552161E+00  1.14790539E+00
   164  9.84000000E+01  1.14790558E+00  1.00602681E+00  1.14790558E+00
   165  9.90000000E+01  1.14790558E+00  1.00656876E+00  1.14790558E+00
   166  9.96000000E+01  1.14790547E+00  1.00714956E+00  1.14790547E+00
   167  1.00200000E+02  1.14790526E+00  1.00777135E+00  1.14790526E+00
   168  1.00800000E+02  1.14790500E+00  1.00843635E+00  1.14790500E+00
   169  1.01400000E+02  1.14790468E+00  1.00914685E+00  1.14790468E+00
   170  1.02000000E+02  1.14790434E+00  1.00990516E+00  1.14790434E+00
   171  1.02600000E+02  1.14790396E+00  1.01071367E+00  1.14790396E+00
   172  1.03200000E+02  1.14790355E+00  1.01157480E+00  1.14790355E+00
   173  1.03800000E+02  1.14790313E+00  1.01249100E+00  1.14790313E+00
   174  1.04400000E+02  1.14790269E+00  1.01346475E+00  1.14790269E+00
   175  1.05000000E+02  1.14790224E+00  1.01449852E+00  1.14790224E+00
   176  1.05600000E+02  1.14790180E+00  1.01559479E+00  1.14790180E+00
   177  1.06200000E+02  1.14790136E+00  1.01675602E+00  1.14790136E+00
   178  1.06800000E+02  1.14790094E+00  1.01798463E+00  1.14790094E+00
   179  1.07400000E+02  1.14790053E+00  1.01928296E+00  1.14790053E+00
   180  1.08000000E+02  1.14790014E+00  1.02065330E+00  1.14790014E+00
   181  1.08600000E+02  1.14789977E+00  1.02209782E+00  1.14789977E+00
   182  1.09200000E+02  1.14789942E+00  1.02361859E+00  1.14789942E+00
   183  1.09800000E+02  1.14789909E+00  1.02521749E+00  1.14789909E+00
   184  1.10400000E+02  1.14789878E+00  1.02689624E+00  1.14789878E+00
   185  1.11000000E+02  1.14789849E+00  1.02865634E+00  1.14789849E+00
   186  1.11600000E+02  1.14789821E+00  1.03049907E+00  1.14789821E+00
   187  1.12200000E+02  1.14789795E+00  1.03242542E+00  1.14789795E+00
   188  1.12800000E+02  1.14789771E+00  1.03443608E+00  1.14789771E+00
   189  1.13400000E+02  1.14789749E+00  1.03653139E+00  1.14789749E+00
   190  1.14000000E+02  1.14789728E+00  1.03871134E+00  1.14789728E+00
   191  1.14600000E+02  1.14789708E+00  1.04097550E+00  1.14789708E+00
   192  1.15200000E+02  1.14789690E+00  1.04332301E+00  1.14789690E+00
   193  1.15800000E+02  1.14789674E+00  1.04575255E+00  1.14789674E+00
   194  1.16400000E+02  1.14789658E+00  1.04826229E+00  1.14789658E+00
   195  1.17000000E+02  1.14789644E+00  1.05084987E+00  1.14789644E+00
   196  1.17600000E+02  1.14789631E+00  1.05351241E+00  1.14789631E+00
   197  1.18200000E+02  1.14789619E+00  1.05624642E+00  1.14789619E+00
   198  1.18800000E+02  1.14789607E+00  1.05904784E+00  1.14789607E+00
   199  1.19400000E+02  1.14789597E+00  1.06191204E+00  1.14789597E+00
   200  1.20000000E+02  1.14789588E+00  1.06483374E+00  1.14789588E+00
   201  1.20600000E+02  1.14789579E+00  1.06780711E+00  1.14789579E+00
   202  1.21200000E+02  1.14789571E+00  1.07082568E+00  1.14789571E+00
   203  1.21800000E+02  1.14789564E+00  1.07388244E+00  1.14789564E+00
   204  1.22400000E+02  1.14789557E+00  1.07696983E+00  1.14789557E+00
   205  1.23000000E+02  1.14789551E+00  1.08007974E+00  1.14789551E+00
   206  1.23600000E+02  1.14789546E+00  1.08320362E+00  1.14789546E+00
   207  1.24200000E+02  1.14789541E+00  1.08633248E+00  1.14789541E+00
   208  1.24800000E+02  1.14789536E+00  1.08945693E+00  1.14789536E+00
   209  1.25400000E+02  1.14789532E+00  1.09256733E+00  1.14789532E+00
   210  1.26000000E+02  1.14789528E+00  1.09565375E+00  1.14789528E+00
   211  1.26600000E+02  1.14789525E+00  1.09870614E+00  1.14789525E+00
   212  1.27200000E+02  1.14789522E+00  1.10171438E+00  1.14789522E+00
   213  1.27800000E+02  1.14789519E+00  1.10466838E+00  1.14789519E+00
   214  1.28400000E+02  1.14789516E+00  1.10755819E+00  1.14789516E+00
   215  1.29000000E+02  1.14789514E+00  1.11037409E+00  1.14789514E+00
   216  1.29600000E+02  1.14789512E+00  1.11310675E+00  1.14789512E+00
   217  1.30200000E+02  1.14789510E+00  1.11574728E+00  1.14789510E+00
   218  1.30800000E+02  1.14789508E+00  1.11828745E+00  1.14789508E+00
   219  1.31400000E+02  1.14789506E+00  1.12071970E+00  1.14789506E+00
   220  1.32000000E+02  1.14789505E+00  1.12303739E+00  1.14789505E+00
   221  1.32600000E+02  1.14789503E+00  1.12523481E+00  1.14789503E+00
   222  1.33200000E+02  1.14789502E+00  1.12730736E+00  1.14789502E+00
   223  1.33800000E+02  1.14789501E+00  1.12925167E+00  1.14789501E+00
   224  1.34400000E+02  1.14789500E+00  1.13106560E+00  1.14789500E+00
   225  1.35000000E+02  1.14789499E+00  1.13274841E+00  1.14789499E+00
   226  1.35600000E+02  1.14789498E+00  1.13430073E+00  1.14789498E+00
   227  1.36200000E+02  1.14789498E+00  1.13572458E+00  1.14789498E+00
   228  1.36800000E+02  1.14789497E+00  1.13702335E+00  1.14789497E+00
   229  1.37400000E+02  1.14789496E+00  1.13820173E+00  1.14789496E+00
   230  1.38000000E+02  1.14789496E+00  1.13926555E+00  1.14789496E+00
   231  1.38600000E+02  1.14789495E+00  1.14022168E+00  1.14789495E+00
   232  1.39200000E+02  1.14789495E+00  1.14107777E+00  1.14789495E+00
   233  1.39800000E+02  1.14789495E+00  1.14184207E+00  1.14789495E+00
   234  1.40400000E+02  1.14789494E+00  1.14252311E+00  1.14789494E+00
   235  1.41000000E+02  1.14789494E+00  1.14312947E+00  1.14789494E+00
   236  1.41600000E+02  1.14789494E+00  1.14366952E+00  1.14789494E+00
   237  1.42200000E+02  1.14789493E+00  1.14415113E+00  1.14789493E+00
   238  1.42800000E+02  1.14789493E+00  1.14458149E+00  1.14789493E+00
   239  1.43400000E+02  1.14789493E+00  1.14496697E+00  1.14789493E+00
   240  1.44000000E+02  1.14789493E+00  1.14531297E+00  1.14789493E+00
   241  1.44600000E+02  1.14789492E+00  1.14562396E+00  1.14789492E+00
   242  1.45200000E+02  1.14789492E+00  1.14590346E+00  1.14789492E+00
   243  1.45800000E+02  1.14789492E+00  1.14615417E+00  1.14789492E+00
   244  1.46400000E+02  1.14789492E+00  1.14637815E+00  1.14789492E+00
   245  1.47000000E+02  1.14789492E+00  1.14657697E+00  1.14789492E+00
   246  1.47600000E+02  1.14789492E+00  1.14675193E+00  1.14789492E+00
   247  1.48200000E+02  1.14789492E+00  1.14690424E+00  1.14789492E+00
   248  1.48800000E+02  1.14789492E+00  1.14703519E+00  1.14789492E+00
   249  1.49400000E+02  1.14789491E+00  1.14714627E+00  1.14789491E+00
   250  1.50000000E+02  1.14789491E+00  1.14723920E+00  1.14789491E+00
   251  1.50600000E+02  1.14789491E+00  1.14731596E+00  1.14789491E+00
   252  1.51200000E+02  1.14789491E+00  1.14737873E+00  1.14789491E+00
   253  1.51800000E+02  1.14789491E+00  1.14742978E+00  1.14789491E+00
   254  1.52400000E+02  1.14789491E+00  1.14747138E+00  1.14789491E+00
   255  1.53000000E+02  1.14789491E+00  1.14750564E+00  1.14789491E+00
   256  1.53600000E+02  1.14789491E+00  1.14753443E+00  1.14789491E+00
   257  1.54200000E+02  1.14789491E+00  1.14755926E+00  1.14789491E+00
   258  1.54800000E+02  1.14789491E+00  1.14758126E+00  1.14789491E+00
   259  1.55400000E+02  1.14789491E+00  1.14760118E+00  1.14789491E+00
   260  1.56000000E+02  1.14789491E+00  1.14761942E+00  1.14789491E+00
   261  1.56600000E+02  1.14789491E+00  1.14763608E+00  1.14789491E+00
   262  1.57200000E+02  1.14789491E+00  1.14765108E+00  1.14789491E+00
   263  1.57800000E+02  1.14789491E+00  1.14766426E+00  1.14789491E+00
   264  1.58400000E+02  1.14789491E+00  1.14767543E+00  1.14789491E+00
   265  1.59000000E+02  1.14789491E+00  1.14768448E+00  1.14789491E+00
   266  1.59600000E+02  1.14789491E+00  1.14769141E+00  1.14789491E+00
   267  1.60200000E+02  1.14789491E+00  1.14769636E+00  1.14789491E+00
   268  1.60800000E+02  1.14789491E+00  1.14769957E+00  1.14789491E+00
   269  1.61400000E+02  1.14789491E+00  1.14770137E+00  1.14789491E+00
   270  1.62000000E+02  1.14789491E+00  1.14770214E+00  1.14789491E+00
   271  1.62600000E+02  1.14789491E+00  1.14770226E+00  1.14789491E+00
   272  1.63200000E+02  1.14789491E+00  1.14770207E+00  1.14789491E+00
   273  1.63800000E+02  1.14789491E+00  1.14770181E+00  1.14789491E+00
   274  1.64400000E+02  1.14789491E+00  1.14770166E+00  1.14789491E+00
 steady-height stop at step    274: changes <=   1.0000E-05, max-end <=   1.0000E-02, max/end/gap/profile_change =   1.14789491E+00  1.14770166E+00  1.93245882E-04  7.01372139E-07


STDERR:
