COMMAND:
/shared/extrudate_rom/generate_rom_data/extrudate_swell2d_c_cluster

STDOUT:
 comppar: model =   3
 comppar: lambda,mobility/eps,betav,eta_0 =  8.2000E+00  5.0000E-01  1.0000E-01  1.0000E+00
 comppar: eta_s,eta_p,G =  1.0000E-01  9.0000E-01  1.0976E-01
 comppar: U_avg,deltat,flowrate,nsteps =  5.0000E-02  6.0000E-01  1.5708E-01     700
 comppar: geometry = axisymmetric
 comppar: steady stop change,gap,hold,min =  1.0000E-05  1.0000E-02      10      80
 comppar: ncompc,ncompg =     4     5
 mesh nnodes = 5765
 mesh nelem = 2780
 P1 BC   5.0000000000000000     
 P2 BC   0.0000000000000000     
     1  6.00000000E-01  1.00378178E+00  1.00000000E+00  1.00378178E+00
     2  1.20000000E+00  1.00740967E+00  1.00000000E+00  1.00740967E+00
     3  1.80000000E+00  1.01084484E+00  1.00000000E+00  1.01084484E+00
     4  2.40000000E+00  1.01414751E+00  1.00000000E+00  1.01414751E+00
     5  3.00000000E+00  1.01732747E+00  1.00000000E+00  1.01732747E+00
     6  3.60000000E+00  1.02040861E+00  1.00000000E+00  1.02040861E+00
     7  4.20000000E+00  1.02340003E+00  1.00000001E+00  1.02340003E+00
     8  4.80000000E+00  1.02634138E+00  1.00000001E+00  1.02634138E+00
     9  5.40000000E+00  1.02921201E+00  1.00000001E+00  1.02921201E+00
    10  6.00000000E+00  1.03199649E+00  1.00000001E+00  1.03199649E+00
    11  6.60000000E+00  1.03474762E+00  1.00000001E+00  1.03474762E+00
    12  7.20000000E+00  1.03739788E+00  1.00000001E+00  1.03739788E+00
    13  7.80000000E+00  1.03999324E+00  1.00000001E+00  1.03999324E+00
    14  8.40000000E+00  1.04249379E+00  1.00000001E+00  1.04249379E+00
    15  9.00000000E+00  1.04492917E+00  1.00000001E+00  1.04492917E+00
    16  9.60000000E+00  1.04725780E+00  1.00000001E+00  1.04725780E+00
    17  1.02000000E+01  1.04952240E+00  1.00000001E+00  1.04952240E+00
    18  1.08000000E+01  1.05162586E+00  1.00000000E+00  1.05162586E+00
    19  1.14000000E+01  1.05371032E+00  9.99999997E-01  1.05371032E+00
    20  1.20000000E+01  1.05564218E+00  9.99999991E-01  1.05564218E+00
    21  1.26000000E+01  1.05753452E+00  9.99999982E-01  1.05753452E+00
    22  1.32000000E+01  1.05929207E+00  9.99999972E-01  1.05929207E+00
    23  1.38000000E+01  1.06104229E+00  9.99999960E-01  1.06104229E+00
    24  1.44000000E+01  1.06265411E+00  9.99999946E-01  1.06265411E+00
    25  1.50000000E+01  1.06425169E+00  9.99999929E-01  1.06425169E+00
    26  1.56000000E+01  1.06572224E+00  9.99999909E-01  1.06572224E+00
    27  1.62000000E+01  1.06712910E+00  9.99999885E-01  1.06712910E+00
    28  1.68000000E+01  1.06849927E+00  9.99999858E-01  1.06849927E+00
    29  1.74000000E+01  1.06973667E+00  9.99999827E-01  1.06973667E+00
    30  1.80000000E+01  1.07101226E+00  9.99999792E-01  1.07101226E+00
    31  1.86000000E+01  1.07210483E+00  9.99999752E-01  1.07210483E+00
    32  1.92000000E+01  1.07324389E+00  9.99999706E-01  1.07324389E+00
    33  1.98000000E+01  1.07428670E+00  9.99999655E-01  1.07428670E+00
    34  2.04000000E+01  1.07523664E+00  9.99999597E-01  1.07523664E+00
    35  2.10000000E+01  1.07623090E+00  9.99999532E-01  1.07623090E+00
    36  2.16000000E+01  1.07706193E+00  9.99999459E-01  1.07706193E+00
    37  2.22000000E+01  1.07794379E+00  9.99999378E-01  1.07794379E+00
    38  2.28000000E+01  1.07876808E+00  9.99999287E-01  1.07876808E+00
    39  2.34000000E+01  1.07945384E+00  9.99999187E-01  1.07945384E+00
    40  2.40000000E+01  1.08026517E+00  9.99999075E-01  1.08026517E+00
    41  2.46000000E+01  1.08094107E+00  9.99998952E-01  1.08094107E+00
    42  2.52000000E+01  1.08156335E+00  9.99998816E-01  1.08156335E+00
    43  2.58000000E+01  1.08223995E+00  9.99998666E-01  1.08223995E+00
    44  2.64000000E+01  1.08281066E+00  9.99998501E-01  1.08281066E+00
    45  2.70000000E+01  1.08335687E+00  9.99998319E-01  1.08335687E+00
    46  2.76000000E+01  1.08392112E+00  9.99998120E-01  1.08392112E+00
    47  2.82000000E+01  1.08441279E+00  9.99997901E-01  1.08441279E+00
    48  2.88000000E+01  1.08490005E+00  9.99997662E-01  1.08490005E+00
    49  2.94000000E+01  1.08539324E+00  9.99997401E-01  1.08539324E+00
    50  3.00000000E+01  1.08584369E+00  9.99997116E-01  1.08584369E+00
    51  3.06000000E+01  1.08627572E+00  9.99996806E-01  1.08627572E+00
    52  3.12000000E+01  1.08670265E+00  9.99996468E-01  1.08670265E+00
    53  3.18000000E+01  1.08712371E+00  9.99996101E-01  1.08712371E+00
    54  3.24000000E+01  1.08752432E+00  9.99995702E-01  1.08752432E+00
    55  3.30000000E+01  1.08792529E+00  9.99995270E-01  1.08792529E+00
    56  3.36000000E+01  1.08832489E+00  9.99994802E-01  1.08832489E+00
    57  3.42000000E+01  1.08868073E+00  9.99994296E-01  1.08868073E+00
    58  3.48000000E+01  1.08899290E+00  9.99993748E-01  1.08899290E+00
    59  3.54000000E+01  1.08933466E+00  9.99993158E-01  1.08933466E+00
    60  3.60000000E+01  1.08961022E+00  9.99992521E-01  1.08961022E+00
    61  3.66000000E+01  1.08989801E+00  9.99991835E-01  1.08989801E+00
    62  3.72000000E+01  1.09017342E+00  9.99991098E-01  1.09017342E+00
    63  3.78000000E+01  1.09036767E+00  9.99990306E-01  1.09036767E+00
    64  3.84000000E+01  1.09063435E+00  9.99989455E-01  1.09063435E+00
    65  3.90000000E+01  1.09082132E+00  9.99988544E-01  1.09082132E+00
    66  3.96000000E+01  1.09104404E+00  9.99987568E-01  1.09104404E+00
    67  4.02000000E+01  1.09123070E+00  9.99986524E-01  1.09123070E+00
    68  4.08000000E+01  1.09135827E+00  9.99985408E-01  1.09135827E+00
    69  4.14000000E+01  1.09154195E+00  9.99984218E-01  1.09154195E+00
    70  4.20000000E+01  1.09164160E+00  9.99982949E-01  1.09164160E+00
    71  4.26000000E+01  1.09181296E+00  9.99981598E-01  1.09181296E+00
    72  4.32000000E+01  1.09191196E+00  9.99980161E-01  1.09191196E+00
    73  4.38000000E+01  1.09201035E+00  9.99978635E-01  1.09201035E+00
    74  4.44000000E+01  1.09211134E+00  9.99977016E-01  1.09211134E+00
    75  4.50000000E+01  1.09218589E+00  9.99975301E-01  1.09218589E+00
    76  4.56000000E+01  1.09228631E+00  9.99973487E-01  1.09228631E+00
    77  4.62000000E+01  1.09230855E+00  9.99971570E-01  1.09230855E+00
    78  4.68000000E+01  1.09241021E+00  9.99969547E-01  1.09241021E+00
    79  4.74000000E+01  1.09243564E+00  9.99967416E-01  1.09243564E+00
    80  4.80000000E+01  1.09252325E+00  9.99965174E-01  1.09252325E+00
    81  4.86000000E+01  1.09254745E+00  9.99962820E-01  1.09254745E+00
    82  4.92000000E+01  1.09259309E+00  9.99960351E-01  1.09259309E+00
    83  4.98000000E+01  1.09262181E+00  9.99957766E-01  1.09262181E+00
    84  5.04000000E+01  1.09265581E+00  9.99955066E-01  1.09265581E+00
    85  5.10000000E+01  1.09268357E+00  9.99952250E-01  1.09268357E+00
    86  5.16000000E+01  1.09268406E+00  9.99949320E-01  1.09268406E+00
    87  5.22000000E+01  1.09271564E+00  9.99946277E-01  1.09271564E+00
    88  5.28000000E+01  1.09271321E+00  9.99943124E-01  1.09271321E+00
    89  5.34000000E+01  1.09274401E+00  9.99939865E-01  1.09274401E+00
    90  5.40000000E+01  1.09271577E+00  9.99936507E-01  1.09271577E+00
    91  5.46000000E+01  1.09274978E+00  9.99933055E-01  1.09274978E+00
    92  5.52000000E+01  1.09272385E+00  9.99929519E-01  1.09272385E+00
    93  5.58000000E+01  1.09275727E+00  9.99925909E-01  1.09275727E+00
    94  5.64000000E+01  1.09272663E+00  9.99922237E-01  1.09272663E+00
    95  5.70000000E+01  1.09274698E+00  9.99918518E-01  1.09274698E+00
    96  5.76000000E+01  1.09272137E+00  9.99914771E-01  1.09272137E+00
    97  5.82000000E+01  1.09274230E+00  9.99911015E-01  1.09274230E+00
    98  5.88000000E+01  1.09271558E+00  9.99907273E-01  1.09271558E+00
    99  5.94000000E+01  1.09272425E+00  9.99903574E-01  1.09272425E+00
   100  6.00000000E+01  1.09270198E+00  9.99899947E-01  1.09270198E+00
   101  6.06000000E+01  1.09271320E+00  9.99896427E-01  1.09271320E+00
   102  6.12000000E+01  1.09268996E+00  9.99893056E-01  1.09268996E+00
   103  6.18000000E+01  1.09268878E+00  9.99889877E-01  1.09268878E+00
   104  6.24000000E+01  1.09266950E+00  9.99886940E-01  1.09266950E+00
   105  6.30000000E+01  1.09267291E+00  9.99884303E-01  1.09267291E+00
   106  6.36000000E+01  1.09265279E+00  9.99882028E-01  1.09265279E+00
   107  6.42000000E+01  1.09264661E+00  9.99880185E-01  1.09264661E+00
   108  6.48000000E+01  1.09262996E+00  9.99878853E-01  1.09262996E+00
   109  6.54000000E+01  1.09262984E+00  9.99878119E-01  1.09262984E+00
   110  6.60000000E+01  1.09261245E+00  9.99878078E-01  1.09261245E+00
   111  6.66000000E+01  1.09260322E+00  9.99878837E-01  1.09260322E+00
   112  6.72000000E+01  1.09258885E+00  9.99880513E-01  1.09258885E+00
   113  6.78000000E+01  1.09258642E+00  9.99883234E-01  1.09258642E+00
   114  6.84000000E+01  1.09257140E+00  9.99887142E-01  1.09257140E+00
   115  6.90000000E+01  1.09256126E+00  9.99892393E-01  1.09256126E+00
   116  6.96000000E+01  1.09254885E+00  9.99899156E-01  1.09254885E+00
   117  7.02000000E+01  1.09254629E+00  9.99907617E-01  1.09254629E+00
   118  7.08000000E+01  1.09253330E+00  9.99917978E-01  1.09253330E+00
   119  7.14000000E+01  1.09252374E+00  9.99930462E-01  1.09252374E+00
   120  7.20000000E+01  1.09251298E+00  9.99945309E-01  1.09251298E+00
   121  7.26000000E+01  1.09251092E+00  9.99962782E-01  1.09251092E+00
   122  7.32000000E+01  1.09249963E+00  9.99983166E-01  1.09249963E+00
   123  7.38000000E+01  1.09249040E+00  1.00000677E+00  1.09249040E+00
   124  7.44000000E+01  1.09248099E+00  1.00003393E+00  1.09248099E+00
   125  7.50000000E+01  1.09247922E+00  1.00006501E+00  1.09247922E+00
   126  7.56000000E+01  1.09246933E+00  1.00010041E+00  1.09246933E+00
   127  7.62000000E+01  1.09246108E+00  1.00014055E+00  1.09246108E+00
   128  7.68000000E+01  1.09245276E+00  1.00018589E+00  1.09245276E+00
   129  7.74000000E+01  1.09245199E+00  1.00023692E+00  1.09245199E+00
   130  7.80000000E+01  1.09244323E+00  1.00029418E+00  1.09244323E+00
   131  7.86000000E+01  1.09243611E+00  1.00035824E+00  1.09243611E+00
   132  7.92000000E+01  1.09242863E+00  1.00042971E+00  1.09242863E+00
   133  7.98000000E+01  1.09242875E+00  1.00050925E+00  1.09242875E+00
   134  8.04000000E+01  1.09242085E+00  1.00059757E+00  1.09242085E+00
   135  8.10000000E+01  1.09241489E+00  1.00069542E+00  1.09241489E+00
   136  8.16000000E+01  1.09240802E+00  1.00080360E+00  1.09240802E+00
   137  8.22000000E+01  1.09240912E+00  1.00092300E+00  1.09240912E+00
   138  8.28000000E+01  1.09240186E+00  1.00105451E+00  1.09240186E+00
   139  8.34000000E+01  1.09239709E+00  1.00119912E+00  1.09239709E+00
   140  8.40000000E+01  1.09239063E+00  1.00135788E+00  1.09239063E+00
   141  8.46000000E+01  1.09239265E+00  1.00153188E+00  1.09239265E+00
   142  8.52000000E+01  1.09238581E+00  1.00172232E+00  1.09238581E+00
   143  8.58000000E+01  1.09238216E+00  1.00193042E+00  1.09238216E+00
   144  8.64000000E+01  1.09237591E+00  1.00215752E+00  1.09237591E+00
   145  8.70000000E+01  1.09237882E+00  1.00240500E+00  1.09237882E+00
   146  8.76000000E+01  1.09237222E+00  1.00267432E+00  1.09237222E+00
   147  8.82000000E+01  1.09236970E+00  1.00296703E+00  1.09236970E+00
   148  8.88000000E+01  1.09236349E+00  1.00328475E+00  1.09236349E+00
   149  8.94000000E+01  1.09236725E+00  1.00362917E+00  1.09236725E+00
   150  9.00000000E+01  1.09236071E+00  1.00400207E+00  1.09236071E+00
   151  9.06000000E+01  1.09235920E+00  1.00440531E+00  1.09235920E+00
   152  9.12000000E+01  1.09235288E+00  1.00484081E+00  1.09235288E+00
   153  9.18000000E+01  1.09235741E+00  1.00531056E+00  1.09235741E+00
   154  9.24000000E+01  1.09235078E+00  1.00581666E+00  1.09235078E+00
   155  9.30000000E+01  1.09235030E+00  1.00636122E+00  1.09235030E+00
   156  9.36000000E+01  1.09234373E+00  1.00694647E+00  1.09234373E+00
   157  9.42000000E+01  1.09234904E+00  1.00757466E+00  1.09234904E+00
   158  9.48000000E+01  1.09234217E+00  1.00824808E+00  1.09234217E+00
   159  9.54000000E+01  1.09234267E+00  1.00896909E+00  1.09234267E+00
   160  9.60000000E+01  1.09233573E+00  1.00974006E+00  1.09233573E+00
   161  9.66000000E+01  1.09234180E+00  1.01056336E+00  1.09234180E+00
   162  9.72000000E+01  1.09233457E+00  1.01144138E+00  1.09233457E+00
   163  9.78000000E+01  1.09233605E+00  1.01237646E+00  1.09233605E+00
   164  9.84000000E+01  1.09232862E+00  1.01337093E+00  1.09232862E+00
   165  9.90000000E+01  1.09233544E+00  1.01442702E+00  1.09233544E+00
   166  9.96000000E+01  1.09232773E+00  1.01554690E+00  1.09232773E+00
   167  1.00200000E+02  1.09233018E+00  1.01673259E+00  1.09233018E+00
   168  1.00800000E+02  1.09232216E+00  1.01798598E+00  1.09232216E+00
   169  1.01400000E+02  1.09232972E+00  1.01930877E+00  1.09232972E+00
   170  1.02000000E+02  1.09232145E+00  1.02070244E+00  1.09232145E+00
   171  1.02600000E+02  1.09232487E+00  1.02216822E+00  1.09232487E+00
   172  1.03200000E+02  1.09231618E+00  1.02370704E+00  1.09231618E+00
   173  1.03800000E+02  1.09232452E+00  1.02531948E+00  1.09232452E+00
   174  1.04400000E+02  1.09231558E+00  1.02700577E+00  1.09231558E+00
   175  1.05000000E+02  1.09231998E+00  1.02876568E+00  1.09231998E+00
   176  1.05600000E+02  1.09231054E+00  1.03059851E+00  1.09231054E+00
   177  1.06200000E+02  1.09231965E+00  1.03250304E+00  1.09231965E+00
   178  1.06800000E+02  1.09230997E+00  1.03447748E+00  1.09230997E+00
   179  1.07400000E+02  1.09231539E+00  1.03651937E+00  1.09231539E+00
   180  1.08000000E+02  1.09230512E+00  1.03862562E+00  1.09230512E+00
   181  1.08600000E+02  1.09231506E+00  1.04079237E+00  1.09231506E+00
   182  1.09200000E+02  1.09230456E+00  1.04301501E+00  1.09230456E+00
   183  1.09800000E+02  1.09231100E+00  1.04528811E+00  1.09231100E+00
   184  1.10400000E+02  1.09229985E+00  1.04760540E+00  1.09229985E+00
   185  1.11000000E+02  1.09231063E+00  1.04995976E+00  1.09231063E+00
   186  1.11600000E+02  1.09229926E+00  1.05234320E+00  1.09229926E+00
   187  1.12200000E+02  1.09230675E+00  1.05474684E+00  1.09230675E+00
   188  1.12800000E+02  1.09229466E+00  1.05716099E+00  1.09229466E+00
   189  1.13400000E+02  1.09230631E+00  1.05957515E+00  1.09230631E+00
   190  1.14000000E+02  1.09229401E+00  1.06197808E+00  1.09229401E+00
   191  1.14600000E+02  1.09230257E+00  1.06435791E+00  1.09230257E+00
   192  1.15200000E+02  1.09229003E+00  1.06670221E+00  1.09229003E+00
   193  1.15800000E+02  1.09230205E+00  1.06899817E+00  1.09230205E+00
   194  1.16400000E+02  1.09228878E+00  1.07123279E+00  1.09228878E+00
   195  1.17000000E+02  1.09229843E+00  1.07339303E+00  1.09229843E+00
   196  1.17600000E+02  1.09228784E+00  1.07546613E+00  1.09228784E+00
   197  1.18200000E+02  1.09229781E+00  1.07743984E+00  1.09229781E+00
   198  1.18800000E+02  1.09228620E+00  1.07930272E+00  1.09228620E+00
   199  1.19400000E+02  1.09229429E+00  1.08104451E+00  1.09229429E+00
   200  1.20000000E+02  1.09228565E+00  1.08265643E+00  1.09228565E+00
   201  1.20600000E+02  1.09229356E+00  1.08413153E+00  1.09229356E+00
   202  1.21200000E+02  1.09228410E+00  1.08546500E+00  1.09228410E+00
   203  1.21800000E+02  1.09229014E+00  1.08665442E+00  1.09229014E+00
   204  1.22400000E+02  1.09228344E+00  1.08770001E+00  1.09228344E+00
   205  1.23000000E+02  1.09228930E+00  1.08860469E+00  1.09228930E+00
   206  1.23600000E+02  1.09228197E+00  1.08937410E+00  1.09228197E+00
   207  1.24200000E+02  1.09228595E+00  1.09001647E+00  1.09228595E+00
   208  1.24800000E+02  1.09228119E+00  1.09054232E+00  1.09228119E+00
   209  1.25400000E+02  1.09228500E+00  1.09096407E+00  1.09228500E+00
   210  1.26000000E+02  1.09227979E+00  1.09129545E+00  1.09227979E+00
   211  1.26600000E+02  1.09228171E+00  1.09155085E+00  1.09228171E+00
   212  1.27200000E+02  1.09227890E+00  1.09174459E+00  1.09227890E+00
   213  1.27800000E+02  1.09228068E+00  1.09189017E+00  1.09228068E+00
   214  1.28400000E+02  1.09227757E+00  1.09199956E+00  1.09227757E+00
   215  1.29000000E+02  1.09227745E+00  1.09208269E+00  1.09227745E+00
   216  1.29600000E+02  1.09227684E+00  1.09214696E+00  1.09227684E+00
   217  1.30200000E+02  1.09227655E+00  1.09219714E+00  1.09227655E+00
   218  1.30800000E+02  1.09227537E+00  1.09223546E+00  1.09227537E+00
   219  1.31400000E+02  1.09227317E+00  1.09226192E+00  1.09227317E+00
   220  1.32000000E+02  1.09227492E+00  1.09227492E+00  1.09227492E+00
   221  1.32600000E+02  1.09227199E+00  1.09227199E+00  1.09227199E+00
   222  1.33200000E+02  1.09225058E+00  1.09225058E+00  1.09225058E+00
   223  1.33800000E+02  1.09220888E+00  1.09220888E+00  1.09220888E+00
   224  1.34400000E+02  1.09214649E+00  1.09214649E+00  1.09214649E+00
   225  1.35000000E+02  1.09206481E+00  1.09206481E+00  1.09206481E+00
   226  1.35600000E+02  1.09196719E+00  1.09196719E+00  1.09196719E+00
   227  1.36200000E+02  1.09185876E+00  1.09185876E+00  1.09185876E+00
   228  1.36800000E+02  1.09180183E+00  1.09174594E+00  1.09180183E+00
   229  1.37400000E+02  1.09180183E+00  1.09163575E+00  1.09180183E+00
   230  1.38000000E+02  1.09180183E+00  1.09153502E+00  1.09180183E+00
   231  1.38600000E+02  1.09180183E+00  1.09144955E+00  1.09180183E+00
   232  1.39200000E+02  1.09180183E+00  1.09138343E+00  1.09180183E+00
   233  1.39800000E+02  1.09180183E+00  1.09133862E+00  1.09180183E+00
   234  1.40400000E+02  1.09180183E+00  1.09131479E+00  1.09180183E+00
   235  1.41000000E+02  1.09180182E+00  1.09130946E+00  1.09180182E+00
   236  1.41600000E+02  1.09180182E+00  1.09131852E+00  1.09180182E+00
   237  1.42200000E+02  1.09180182E+00  1.09133683E+00  1.09180182E+00
   238  1.42800000E+02  1.09180182E+00  1.09135900E+00  1.09180182E+00
   239  1.43400000E+02  1.09180182E+00  1.09138012E+00  1.09180182E+00
   240  1.44000000E+02  1.09180182E+00  1.09139636E+00  1.09180182E+00
   241  1.44600000E+02  1.09180182E+00  1.09140535E+00  1.09180182E+00
   242  1.45200000E+02  1.09180182E+00  1.09140632E+00  1.09180182E+00
   243  1.45800000E+02  1.09180182E+00  1.09139995E+00  1.09180182E+00
   244  1.46400000E+02  1.09180182E+00  1.09138805E+00  1.09180182E+00
   245  1.47000000E+02  1.09180182E+00  1.09137310E+00  1.09180182E+00
   246  1.47600000E+02  1.09180182E+00  1.09135775E+00  1.09180182E+00
   247  1.48200000E+02  1.09180182E+00  1.09134436E+00  1.09180182E+00
   248  1.48800000E+02  1.09180182E+00  1.09133466E+00  1.09180182E+00
   249  1.49400000E+02  1.09180182E+00  1.09132957E+00  1.09180182E+00
   250  1.50000000E+02  1.09180182E+00  1.09132919E+00  1.09180182E+00
   251  1.50600000E+02  1.09180182E+00  1.09133292E+00  1.09180182E+00
   252  1.51200000E+02  1.09180182E+00  1.09133967E+00  1.09180182E+00
   253  1.51800000E+02  1.09180182E+00  1.09134813E+00  1.09180182E+00
   254  1.52400000E+02  1.09180182E+00  1.09135705E+00  1.09180182E+00
   255  1.53000000E+02  1.09180181E+00  1.09136540E+00  1.09180181E+00
   256  1.53600000E+02  1.09180181E+00  1.09137249E+00  1.09180181E+00
   257  1.54200000E+02  1.09180181E+00  1.09137805E+00  1.09180181E+00
 steady-height stop at step    257: changes <=   1.0000E-05, max-end <=   1.0000E-02, max/end/gap/profile_change =   1.09180181E+00  1.09137805E+00  4.23767731E-04  5.55655707E-06


STDERR:
