COMMAND:
/shared/extrudate_rom/generate_rom_data/extrudate_swell2d_c_cluster

STDOUT:
 comppar: model =   3
 comppar: lambda,mobility/eps,betav,eta_0 =  6.4000E+00  2.3333E-01  7.0000E-01  1.0000E+00
 comppar: eta_s,eta_p,G =  7.0000E-01  3.0000E-01  4.6875E-02
 comppar: U_avg,deltat,flowrate,nsteps =  5.0000E-02  6.0000E-01  1.5708E-01     700
 comppar: geometry = axisymmetric
 comppar: steady stop change,gap,hold,min =  1.0000E-05  1.0000E-02      10      80
 comppar: ncompc,ncompg =     4     5
 mesh nnodes = 5765
 mesh nelem = 2780
 P1 BC   5.0000000000000000     
 P2 BC   0.0000000000000000     
     1  6.00000000E-01  1.00379364E+00  1.00000000E+00  1.00379364E+00
     2  1.20000000E+00  1.00750039E+00  1.00000000E+00  1.00750039E+00
     3  1.80000000E+00  1.01111819E+00  1.00000000E+00  1.01111819E+00
     4  2.40000000E+00  1.01464992E+00  1.00000000E+00  1.01464992E+00
     5  3.00000000E+00  1.01809833E+00  1.00000000E+00  1.01809833E+00
     6  3.60000000E+00  1.02146191E+00  1.00000000E+00  1.02146191E+00
     7  4.20000000E+00  1.02474967E+00  1.00000000E+00  1.02474967E+00
     8  4.80000000E+00  1.02797494E+00  1.00000000E+00  1.02797494E+00
     9  5.40000000E+00  1.03112681E+00  1.00000000E+00  1.03112681E+00
    10  6.00000000E+00  1.03420363E+00  1.00000001E+00  1.03420363E+00
    11  6.60000000E+00  1.03722994E+00  1.00000000E+00  1.03722994E+00
    12  7.20000000E+00  1.04019636E+00  1.00000000E+00  1.04019636E+00
    13  7.80000000E+00  1.04308105E+00  1.00000000E+00  1.04308105E+00
    14  8.40000000E+00  1.04595314E+00  1.00000000E+00  1.04595314E+00
    15  9.00000000E+00  1.04872701E+00  9.99999998E-01  1.04872701E+00
    16  9.60000000E+00  1.05148646E+00  9.99999994E-01  1.05148646E+00
    17  1.02000000E+01  1.05416598E+00  9.99999989E-01  1.05416598E+00
    18  1.08000000E+01  1.05681263E+00  9.99999983E-01  1.05681263E+00
    19  1.14000000E+01  1.05936959E+00  9.99999975E-01  1.05936959E+00
    20  1.20000000E+01  1.06192283E+00  9.99999965E-01  1.06192283E+00
    21  1.26000000E+01  1.06436408E+00  9.99999953E-01  1.06436408E+00
    22  1.32000000E+01  1.06682370E+00  9.99999940E-01  1.06682370E+00
    23  1.38000000E+01  1.06914482E+00  9.99999923E-01  1.06914482E+00
    24  1.44000000E+01  1.07150244E+00  9.99999904E-01  1.07150244E+00
    25  1.50000000E+01  1.07375107E+00  9.99999882E-01  1.07375107E+00
    26  1.56000000E+01  1.07596499E+00  9.99999856E-01  1.07596499E+00
    27  1.62000000E+01  1.07814001E+00  9.99999827E-01  1.07814001E+00
    28  1.68000000E+01  1.08016734E+00  9.99999793E-01  1.08016734E+00
    29  1.74000000E+01  1.08229167E+00  9.99999755E-01  1.08229167E+00
    30  1.80000000E+01  1.08427318E+00  9.99999712E-01  1.08427318E+00
    31  1.86000000E+01  1.08620357E+00  9.99999663E-01  1.08620357E+00
    32  1.92000000E+01  1.08813758E+00  9.99999609E-01  1.08813758E+00
    33  1.98000000E+01  1.08992006E+00  9.99999548E-01  1.08992006E+00
    34  2.04000000E+01  1.09172452E+00  9.99999479E-01  1.09172452E+00
    35  2.10000000E+01  1.09349306E+00  9.99999403E-01  1.09349306E+00
    36  2.16000000E+01  1.09510970E+00  9.99999319E-01  1.09510970E+00
    37  2.22000000E+01  1.09679683E+00  9.99999225E-01  1.09679683E+00
    38  2.28000000E+01  1.09839780E+00  9.99999122E-01  1.09839780E+00
    39  2.34000000E+01  1.09984863E+00  9.99999007E-01  1.09984863E+00
    40  2.40000000E+01  1.10139000E+00  9.99998881E-01  1.10139000E+00
    41  2.46000000E+01  1.10285653E+00  9.99998743E-01  1.10285653E+00
    42  2.52000000E+01  1.10417713E+00  9.99998591E-01  1.10417713E+00
    43  2.58000000E+01  1.10556639E+00  9.99998424E-01  1.10556639E+00
    44  2.64000000E+01  1.10689911E+00  9.99998241E-01  1.10689911E+00
    45  2.70000000E+01  1.10809145E+00  9.99998042E-01  1.10809145E+00
    46  2.76000000E+01  1.10932850E+00  9.99997824E-01  1.10932850E+00
    47  2.82000000E+01  1.11053766E+00  9.99997587E-01  1.11053766E+00
    48  2.88000000E+01  1.11161408E+00  9.99997329E-01  1.11161408E+00
    49  2.94000000E+01  1.11271648E+00  9.99997048E-01  1.11271648E+00
    50  3.00000000E+01  1.11380516E+00  9.99996743E-01  1.11380516E+00
    51  3.06000000E+01  1.11476998E+00  9.99996413E-01  1.11476998E+00
    52  3.12000000E+01  1.11575181E+00  9.99996055E-01  1.11575181E+00
    53  3.18000000E+01  1.11673115E+00  9.99995668E-01  1.11673115E+00
    54  3.24000000E+01  1.11759670E+00  9.99995250E-01  1.11759670E+00
    55  3.30000000E+01  1.11845981E+00  9.99994798E-01  1.11845981E+00
    56  3.36000000E+01  1.11933517E+00  9.99994311E-01  1.11933517E+00
    57  3.42000000E+01  1.12010780E+00  9.99993786E-01  1.12010780E+00
    58  3.48000000E+01  1.12087242E+00  9.99993222E-01  1.12087242E+00
    59  3.54000000E+01  1.12165644E+00  9.99992615E-01  1.12165644E+00
    60  3.60000000E+01  1.12234864E+00  9.99991963E-01  1.12234864E+00
    61  3.66000000E+01  1.12300645E+00  9.99991263E-01  1.12300645E+00
    62  3.72000000E+01  1.12370611E+00  9.99990513E-01  1.12370611E+00
    63  3.78000000E+01  1.12432548E+00  9.99989709E-01  1.12432548E+00
    64  3.84000000E+01  1.12490677E+00  9.99988850E-01  1.12490677E+00
    65  3.90000000E+01  1.12553394E+00  9.99987931E-01  1.12553394E+00
    66  3.96000000E+01  1.12609103E+00  9.99986950E-01  1.12609103E+00
    67  4.02000000E+01  1.12658942E+00  9.99985903E-01  1.12658942E+00
    68  4.08000000E+01  1.12713639E+00  9.99984788E-01  1.12713639E+00
    69  4.14000000E+01  1.12763920E+00  9.99983599E-01  1.12763920E+00
    70  4.20000000E+01  1.12809242E+00  9.99982336E-01  1.12809242E+00
    71  4.26000000E+01  1.12856430E+00  9.99980992E-01  1.12856430E+00
    72  4.32000000E+01  1.12902034E+00  9.99979566E-01  1.12902034E+00
    73  4.38000000E+01  1.12943389E+00  9.99978053E-01  1.12943389E+00
    74  4.44000000E+01  1.12981197E+00  9.99976450E-01  1.12981197E+00
    75  4.50000000E+01  1.13022784E+00  9.99974753E-01  1.13022784E+00
    76  4.56000000E+01  1.13060879E+00  9.99972958E-01  1.13060879E+00
    77  4.62000000E+01  1.13095925E+00  9.99971062E-01  1.13095925E+00
    78  4.68000000E+01  1.13130531E+00  9.99969061E-01  1.13130531E+00
    79  4.74000000E+01  1.13165620E+00  9.99966952E-01  1.13165620E+00
    80  4.80000000E+01  1.13198024E+00  9.99964731E-01  1.13198024E+00
    81  4.86000000E+01  1.13228023E+00  9.99962396E-01  1.13228023E+00
    82  4.92000000E+01  1.13257257E+00  9.99959942E-01  1.13257257E+00
    83  4.98000000E+01  1.13287500E+00  9.99957368E-01  1.13287500E+00
    84  5.04000000E+01  1.13315506E+00  9.99954670E-01  1.13315506E+00
    85  5.10000000E+01  1.13341367E+00  9.99951847E-01  1.13341367E+00
    86  5.16000000E+01  1.13366761E+00  9.99948897E-01  1.13366761E+00
    87  5.22000000E+01  1.13392705E+00  9.99945819E-01  1.13392705E+00
    88  5.28000000E+01  1.13416590E+00  9.99942611E-01  1.13416590E+00
    89  5.34000000E+01  1.13438435E+00  9.99939274E-01  1.13438435E+00
    90  5.40000000E+01  1.13460249E+00  9.99935807E-01  1.13460249E+00
    91  5.46000000E+01  1.13482339E+00  9.99932214E-01  1.13482339E+00
    92  5.52000000E+01  1.13502395E+00  9.99928495E-01  1.13502395E+00
    93  5.58000000E+01  1.13520438E+00  9.99924654E-01  1.13520438E+00
    94  5.64000000E+01  1.13539629E+00  9.99920695E-01  1.13539629E+00
    95  5.70000000E+01  1.13557888E+00  9.99916624E-01  1.13557888E+00
    96  5.76000000E+01  1.13574192E+00  9.99912448E-01  1.13574192E+00
    97  5.82000000E+01  1.13589388E+00  9.99908175E-01  1.13589388E+00
    98  5.88000000E+01  1.13605924E+00  9.99903816E-01  1.13605924E+00
    99  5.94000000E+01  1.13620551E+00  9.99899383E-01  1.13620551E+00
   100  6.00000000E+01  1.13633360E+00  9.99894890E-01  1.13633360E+00
   101  6.06000000E+01  1.13647167E+00  9.99890354E-01  1.13647167E+00
   102  6.12000000E+01  1.13660215E+00  9.99885794E-01  1.13660215E+00
   103  6.18000000E+01  1.13671551E+00  9.99881232E-01  1.13671551E+00
   104  6.24000000E+01  1.13682470E+00  9.99876693E-01  1.13682470E+00
   105  6.30000000E+01  1.13693995E+00  9.99872206E-01  1.13693995E+00
   106  6.36000000E+01  1.13703926E+00  9.99867802E-01  1.13703926E+00
   107  6.42000000E+01  1.13712454E+00  9.99863517E-01  1.13712454E+00
   108  6.48000000E+01  1.13722600E+00  9.99859393E-01  1.13722600E+00
   109  6.54000000E+01  1.13731282E+00  9.99855475E-01  1.13731282E+00
   110  6.60000000E+01  1.13738665E+00  9.99851812E-01  1.13738665E+00
   111  6.66000000E+01  1.13746600E+00  9.99848462E-01  1.13746600E+00
   112  6.72000000E+01  1.13754114E+00  9.99845486E-01  1.13754114E+00
   113  6.78000000E+01  1.13760480E+00  9.99842953E-01  1.13760480E+00
   114  6.84000000E+01  1.13766716E+00  9.99840939E-01  1.13766716E+00
   115  6.90000000E+01  1.13773220E+00  9.99839527E-01  1.13773220E+00
   116  6.96000000E+01  1.13778710E+00  9.99838809E-01  1.13778710E+00
   117  7.02000000E+01  1.13783345E+00  9.99838886E-01  1.13783345E+00
   118  7.08000000E+01  1.13788847E+00  9.99839869E-01  1.13788847E+00
   119  7.14000000E+01  1.13793563E+00  9.99841879E-01  1.13793563E+00
   120  7.20000000E+01  1.13797552E+00  9.99845047E-01  1.13797552E+00
   121  7.26000000E+01  1.13801808E+00  9.99849517E-01  1.13801808E+00
   122  7.32000000E+01  1.13805859E+00  9.99855447E-01  1.13805859E+00
   123  7.38000000E+01  1.13809287E+00  9.99863007E-01  1.13809287E+00
   124  7.44000000E+01  1.13812200E+00  9.99872383E-01  1.13812200E+00
   125  7.50000000E+01  1.13815628E+00  9.99883775E-01  1.13815628E+00
   126  7.56000000E+01  1.13818592E+00  9.99897403E-01  1.13818592E+00
   127  7.62000000E+01  1.13821122E+00  9.99913501E-01  1.13821122E+00
   128  7.68000000E+01  1.13823573E+00  9.99932326E-01  1.13823573E+00
   129  7.74000000E+01  1.13826121E+00  9.99954153E-01  1.13826121E+00
   130  7.80000000E+01  1.13828297E+00  9.99979281E-01  1.13828297E+00
   131  7.86000000E+01  1.13830157E+00  1.00000803E+00  1.13830157E+00
   132  7.92000000E+01  1.13831907E+00  1.00004075E+00  1.13831907E+00
   133  7.98000000E+01  1.13833804E+00  1.00007780E+00  1.13833804E+00
   134  8.04000000E+01  1.13835424E+00  1.00011960E+00  1.13835424E+00
   135  8.10000000E+01  1.13836797E+00  1.00016656E+00  1.13836797E+00
   136  8.16000000E+01  1.13838078E+00  1.00021916E+00  1.13838078E+00
   137  8.22000000E+01  1.13839462E+00  1.00027788E+00  1.13839462E+00
   138  8.28000000E+01  1.13840628E+00  1.00034326E+00  1.13840628E+00
   139  8.34000000E+01  1.13841598E+00  1.00041586E+00  1.13841598E+00
   140  8.40000000E+01  1.13842390E+00  1.00049629E+00  1.13842390E+00
   141  8.46000000E+01  1.13843374E+00  1.00058519E+00  1.13843374E+00
   142  8.52000000E+01  1.13844190E+00  1.00068326E+00  1.13844190E+00
   143  8.58000000E+01  1.13844844E+00  1.00079123E+00  1.13844844E+00
   144  8.64000000E+01  1.13845356E+00  1.00090988E+00  1.13845356E+00
   145  8.70000000E+01  1.13845939E+00  1.00104004E+00  1.13845939E+00
   146  8.76000000E+01  1.13846467E+00  1.00118260E+00  1.13846467E+00
   147  8.82000000E+01  1.13846872E+00  1.00133851E+00  1.13846872E+00
   148  8.88000000E+01  1.13847172E+00  1.00150874E+00  1.13847172E+00
   149  8.94000000E+01  1.13847394E+00  1.00169437E+00  1.13847394E+00
   150  9.00000000E+01  1.13847705E+00  1.00189649E+00  1.13847705E+00
   151  9.06000000E+01  1.13847927E+00  1.00211630E+00  1.13847927E+00
   152  9.12000000E+01  1.13848078E+00  1.00235504E+00  1.13848078E+00
   153  9.18000000E+01  1.13848172E+00  1.00261402E+00  1.13848172E+00
   154  9.24000000E+01  1.13848222E+00  1.00289462E+00  1.13848222E+00
   155  9.30000000E+01  1.13848262E+00  1.00319828E+00  1.13848262E+00
   156  9.36000000E+01  1.13848315E+00  1.00352655E+00  1.13848315E+00
   157  9.42000000E+01  1.13848333E+00  1.00388100E+00  1.13848333E+00
   158  9.48000000E+01  1.13848324E+00  1.00426332E+00  1.13848324E+00
   159  9.54000000E+01  1.13848297E+00  1.00467525E+00  1.13848297E+00
   160  9.60000000E+01  1.13848254E+00  1.00511861E+00  1.13848254E+00
   161  9.66000000E+01  1.13848200E+00  1.00559530E+00  1.13848200E+00
   162  9.72000000E+01  1.13848138E+00  1.00610728E+00  1.13848138E+00
   163  9.78000000E+01  1.13848069E+00  1.00665659E+00  1.13848069E+00
   164  9.84000000E+01  1.13847995E+00  1.00724534E+00  1.13847995E+00
   165  9.90000000E+01  1.13847919E+00  1.00787571E+00  1.13847919E+00
   166  9.96000000E+01  1.13847841E+00  1.00854994E+00  1.13847841E+00
   167  1.00200000E+02  1.13847763E+00  1.00927031E+00  1.13847763E+00
   168  1.00800000E+02  1.13847686E+00  1.01003917E+00  1.13847686E+00
   169  1.01400000E+02  1.13847612E+00  1.01085890E+00  1.13847612E+00
   170  1.02000000E+02  1.13847541E+00  1.01173193E+00  1.13847541E+00
   171  1.02600000E+02  1.13847473E+00  1.01266070E+00  1.13847473E+00
   172  1.03200000E+02  1.13847408E+00  1.01364767E+00  1.13847408E+00
   173  1.03800000E+02  1.13847348E+00  1.01469530E+00  1.13847348E+00
   174  1.04400000E+02  1.13847292E+00  1.01580601E+00  1.13847292E+00
   175  1.05000000E+02  1.13847239E+00  1.01698223E+00  1.13847239E+00
   176  1.05600000E+02  1.13847190E+00  1.01822629E+00  1.13847190E+00
   177  1.06200000E+02  1.13847145E+00  1.01954048E+00  1.13847145E+00
   178  1.06800000E+02  1.13847103E+00  1.02092699E+00  1.13847103E+00
   179  1.07400000E+02  1.13847065E+00  1.02238787E+00  1.13847065E+00
   180  1.08000000E+02  1.13847030E+00  1.02392504E+00  1.13847030E+00
   181  1.08600000E+02  1.13846998E+00  1.02554024E+00  1.13846998E+00
   182  1.09200000E+02  1.13846968E+00  1.02723501E+00  1.13846968E+00
   183  1.09800000E+02  1.13846941E+00  1.02901065E+00  1.13846941E+00
   184  1.10400000E+02  1.13846917E+00  1.03086819E+00  1.13846917E+00
   185  1.11000000E+02  1.13846895E+00  1.03280836E+00  1.13846895E+00
   186  1.11600000E+02  1.13846875E+00  1.03483155E+00  1.13846875E+00
   187  1.12200000E+02  1.13846857E+00  1.03693780E+00  1.13846857E+00
   188  1.12800000E+02  1.13846841E+00  1.03912672E+00  1.13846841E+00
   189  1.13400000E+02  1.13846826E+00  1.04139750E+00  1.13846826E+00
   190  1.14000000E+02  1.13846813E+00  1.04374885E+00  1.13846813E+00
   191  1.14600000E+02  1.13846801E+00  1.04617899E+00  1.13846801E+00
   192  1.15200000E+02  1.13846791E+00  1.04868560E+00  1.13846791E+00
   193  1.15800000E+02  1.13846781E+00  1.05126581E+00  1.13846781E+00
   194  1.16400000E+02  1.13846773E+00  1.05391616E+00  1.13846773E+00
   195  1.17000000E+02  1.13846765E+00  1.05663261E+00  1.13846765E+00
   196  1.17600000E+02  1.13846758E+00  1.05941049E+00  1.13846758E+00
   197  1.18200000E+02  1.13846752E+00  1.06224453E+00  1.13846752E+00
   198  1.18800000E+02  1.13846747E+00  1.06512882E+00  1.13846747E+00
   199  1.19400000E+02  1.13846742E+00  1.06805686E+00  1.13846742E+00
   200  1.20000000E+02  1.13846738E+00  1.07102153E+00  1.13846738E+00
   201  1.20600000E+02  1.13846734E+00  1.07401513E+00  1.13846734E+00
   202  1.21200000E+02  1.13846731E+00  1.07702944E+00  1.13846731E+00
   203  1.21800000E+02  1.13846728E+00  1.08005569E+00  1.13846728E+00
   204  1.22400000E+02  1.13846725E+00  1.08308467E+00  1.13846725E+00
   205  1.23000000E+02  1.13846723E+00  1.08610676E+00  1.13846723E+00
   206  1.23600000E+02  1.13846721E+00  1.08911198E+00  1.13846721E+00
   207  1.24200000E+02  1.13846719E+00  1.09209009E+00  1.13846719E+00
   208  1.24800000E+02  1.13846717E+00  1.09503067E+00  1.13846717E+00
   209  1.25400000E+02  1.13846716E+00  1.09792317E+00  1.13846716E+00
   210  1.26000000E+02  1.13846715E+00  1.10075709E+00  1.13846715E+00
   211  1.26600000E+02  1.13846713E+00  1.10352198E+00  1.13846713E+00
   212  1.27200000E+02  1.13846712E+00  1.10620767E+00  1.13846712E+00
   213  1.27800000E+02  1.13846712E+00  1.10880431E+00  1.13846712E+00
   214  1.28400000E+02  1.13846711E+00  1.11130254E+00  1.13846711E+00
   215  1.29000000E+02  1.13846710E+00  1.11369360E+00  1.13846710E+00
   216  1.29600000E+02  1.13846709E+00  1.11596951E+00  1.13846709E+00
   217  1.30200000E+02  1.13846709E+00  1.11812319E+00  1.13846709E+00
   218  1.30800000E+02  1.13846708E+00  1.12014860E+00  1.13846708E+00
   219  1.31400000E+02  1.13846708E+00  1.12204090E+00  1.13846708E+00
   220  1.32000000E+02  1.13846707E+00  1.12379656E+00  1.13846707E+00
   221  1.32600000E+02  1.13846707E+00  1.12541349E+00  1.13846707E+00
   222  1.33200000E+02  1.13846707E+00  1.12689111E+00  1.13846707E+00
   223  1.33800000E+02  1.13846707E+00  1.12823048E+00  1.13846707E+00
   224  1.34400000E+02  1.13846706E+00  1.12943426E+00  1.13846706E+00
   225  1.35000000E+02  1.13846706E+00  1.13050677E+00  1.13846706E+00
   226  1.35600000E+02  1.13846706E+00  1.13145386E+00  1.13846706E+00
   227  1.36200000E+02  1.13846706E+00  1.13228288E+00  1.13846706E+00
   228  1.36800000E+02  1.13846705E+00  1.13300247E+00  1.13846705E+00
   229  1.37400000E+02  1.13846705E+00  1.13362236E+00  1.13846705E+00
   230  1.38000000E+02  1.13846705E+00  1.13415309E+00  1.13846705E+00
   231  1.38600000E+02  1.13846705E+00  1.13460571E+00  1.13846705E+00
   232  1.39200000E+02  1.13846705E+00  1.13499144E+00  1.13846705E+00
   233  1.39800000E+02  1.13846705E+00  1.13532133E+00  1.13846705E+00
   234  1.40400000E+02  1.13846705E+00  1.13560589E+00  1.13846705E+00
   235  1.41000000E+02  1.13846705E+00  1.13585478E+00  1.13846705E+00
   236  1.41600000E+02  1.13846705E+00  1.13607653E+00  1.13846705E+00
   237  1.42200000E+02  1.13846705E+00  1.13627834E+00  1.13846705E+00
   238  1.42800000E+02  1.13846705E+00  1.13646590E+00  1.13846705E+00
   239  1.43400000E+02  1.13846704E+00  1.13664341E+00  1.13846704E+00
   240  1.44000000E+02  1.13846704E+00  1.13681355E+00  1.13846704E+00
   241  1.44600000E+02  1.13846704E+00  1.13697766E+00  1.13846704E+00
   242  1.45200000E+02  1.13846704E+00  1.13713590E+00  1.13846704E+00
   243  1.45800000E+02  1.13846704E+00  1.13728754E+00  1.13846704E+00
   244  1.46400000E+02  1.13846704E+00  1.13743124E+00  1.13846704E+00
   245  1.47000000E+02  1.13846704E+00  1.13756535E+00  1.13846704E+00
   246  1.47600000E+02  1.13846704E+00  1.13768819E+00  1.13846704E+00
   247  1.48200000E+02  1.13846704E+00  1.13779830E+00  1.13846704E+00
   248  1.48800000E+02  1.13846704E+00  1.13789465E+00  1.13846704E+00
   249  1.49400000E+02  1.13846704E+00  1.13797674E+00  1.13846704E+00
   250  1.50000000E+02  1.13846704E+00  1.13804465E+00  1.13846704E+00
   251  1.50600000E+02  1.13846704E+00  1.13809907E+00  1.13846704E+00
   252  1.51200000E+02  1.13846704E+00  1.13814118E+00  1.13846704E+00
   253  1.51800000E+02  1.13846704E+00  1.13817253E+00  1.13846704E+00
   254  1.52400000E+02  1.13846704E+00  1.13819494E+00  1.13846704E+00
   255  1.53000000E+02  1.13846704E+00  1.13821030E+00  1.13846704E+00
   256  1.53600000E+02  1.13846704E+00  1.13822045E+00  1.13846704E+00
   257  1.54200000E+02  1.13846704E+00  1.13822706E+00  1.13846704E+00
   258  1.54800000E+02  1.13846704E+00  1.13823153E+00  1.13846704E+00
   259  1.55400000E+02  1.13846704E+00  1.13823493E+00  1.13846704E+00
   260  1.56000000E+02  1.13846704E+00  1.13823802E+00  1.13846704E+00
   261  1.56600000E+02  1.13846704E+00  1.13824123E+00  1.13846704E+00
   262  1.57200000E+02  1.13846704E+00  1.13824474E+00  1.13846704E+00
   263  1.57800000E+02  1.13846704E+00  1.13824853E+00  1.13846704E+00
   264  1.58400000E+02  1.13846704E+00  1.13825241E+00  1.13846704E+00
   265  1.59000000E+02  1.13846704E+00  1.13825616E+00  1.13846704E+00
   266  1.59600000E+02  1.13846704E+00  1.13825954E+00  1.13846704E+00
 steady-height stop at step    266: changes <=   1.0000E-05, max-end <=   1.0000E-02, max/end/gap/profile_change =   1.13846704E+00  1.13825954E+00  2.07498326E-04  3.38027354E-06


STDERR:
