COMMAND:
/shared/extrudate_rom/generate_rom_data/extrudate_swell2d_c_cluster

STDOUT:
 comppar: model =   3
 comppar: lambda,mobility/eps,betav,eta_0 =  2.8000E+00  2.3333E-01  7.0000E-01  1.0000E+00
 comppar: eta_s,eta_p,G =  7.0000E-01  3.0000E-01  1.0714E-01
 comppar: U_avg,deltat,flowrate,nsteps =  5.0000E-02  6.0000E-01  1.5708E-01     700
 comppar: geometry = axisymmetric
 comppar: steady stop change,gap,hold,min =  1.0000E-05  1.0000E-02      10      80
 comppar: ncompc,ncompg =     4     5
 mesh nnodes = 5765
 mesh nelem = 2780
 P1 BC   5.0000000000000000     
 P2 BC   0.0000000000000000     
     1  6.00000000E-01  1.00379371E+00  1.00000000E+00  1.00379371E+00
     2  1.20000000E+00  1.00749486E+00  1.00000000E+00  1.00749486E+00
     3  1.80000000E+00  1.01109540E+00  1.00000000E+00  1.01109540E+00
     4  2.40000000E+00  1.01460356E+00  1.00000000E+00  1.01460356E+00
     5  3.00000000E+00  1.01802398E+00  1.00000000E+00  1.01802398E+00
     6  3.60000000E+00  1.02135769E+00  1.00000000E+00  1.02135769E+00
     7  4.20000000E+00  1.02461114E+00  1.00000000E+00  1.02461114E+00
     8  4.80000000E+00  1.02779944E+00  1.00000000E+00  1.02779944E+00
     9  5.40000000E+00  1.03091853E+00  1.00000001E+00  1.03091853E+00
    10  6.00000000E+00  1.03396098E+00  1.00000001E+00  1.03396098E+00
    11  6.60000000E+00  1.03693773E+00  1.00000000E+00  1.03693773E+00
    12  7.20000000E+00  1.03986526E+00  1.00000000E+00  1.03986526E+00
    13  7.80000000E+00  1.04270565E+00  1.00000000E+00  1.04270565E+00
    14  8.40000000E+00  1.04551290E+00  1.00000000E+00  1.04551290E+00
    15  9.00000000E+00  1.04823873E+00  9.99999998E-01  1.04823873E+00
    16  9.60000000E+00  1.05091290E+00  9.99999994E-01  1.05091290E+00
    17  1.02000000E+01  1.05353506E+00  9.99999988E-01  1.05353506E+00
    18  1.08000000E+01  1.05607453E+00  9.99999981E-01  1.05607453E+00
    19  1.14000000E+01  1.05857527E+00  9.99999973E-01  1.05857527E+00
    20  1.20000000E+01  1.06099850E+00  9.99999962E-01  1.06099850E+00
    21  1.26000000E+01  1.06338352E+00  9.99999950E-01  1.06338352E+00
    22  1.32000000E+01  1.06568953E+00  9.99999935E-01  1.06568953E+00
    23  1.38000000E+01  1.06793899E+00  9.99999917E-01  1.06793899E+00
    24  1.44000000E+01  1.07015222E+00  9.99999897E-01  1.07015222E+00
    25  1.50000000E+01  1.07226583E+00  9.99999873E-01  1.07226583E+00
    26  1.56000000E+01  1.07438606E+00  9.99999845E-01  1.07438606E+00
    27  1.62000000E+01  1.07634190E+00  9.99999814E-01  1.07634190E+00
    28  1.68000000E+01  1.07837349E+00  9.99999777E-01  1.07837349E+00
    29  1.74000000E+01  1.08026588E+00  9.99999736E-01  1.08026588E+00
    30  1.80000000E+01  1.08212624E+00  9.99999689E-01  1.08212624E+00
    31  1.86000000E+01  1.08395496E+00  9.99999637E-01  1.08395496E+00
    32  1.92000000E+01  1.08561189E+00  9.99999577E-01  1.08561189E+00
    33  1.98000000E+01  1.08738720E+00  9.99999511E-01  1.08738720E+00
    34  2.04000000E+01  1.08901828E+00  9.99999437E-01  1.08901828E+00
    35  2.10000000E+01  1.09057316E+00  9.99999354E-01  1.09057316E+00
    36  2.16000000E+01  1.09217739E+00  9.99999262E-01  1.09217739E+00
    37  2.22000000E+01  1.09360825E+00  9.99999159E-01  1.09360825E+00
    38  2.28000000E+01  1.09505022E+00  9.99999046E-01  1.09505022E+00
    39  2.34000000E+01  1.09648985E+00  9.99998921E-01  1.09648985E+00
    40  2.40000000E+01  1.09775664E+00  9.99998783E-01  1.09775664E+00
    41  2.46000000E+01  1.09910541E+00  9.99998632E-01  1.09910541E+00
    42  2.52000000E+01  1.10037976E+00  9.99998465E-01  1.10037976E+00
    43  2.58000000E+01  1.10148351E+00  9.99998282E-01  1.10148351E+00
    44  2.64000000E+01  1.10273199E+00  9.99998082E-01  1.10273199E+00
    45  2.70000000E+01  1.10384901E+00  9.99997863E-01  1.10384901E+00
    46  2.76000000E+01  1.10484915E+00  9.99997624E-01  1.10484915E+00
    47  2.82000000E+01  1.10597641E+00  9.99997363E-01  1.10597641E+00
    48  2.88000000E+01  1.10693829E+00  9.99997079E-01  1.10693829E+00
    49  2.94000000E+01  1.10787136E+00  9.99996770E-01  1.10787136E+00
    50  3.00000000E+01  1.10884643E+00  9.99996435E-01  1.10884643E+00
    51  3.06000000E+01  1.10966330E+00  9.99996071E-01  1.10966330E+00
    52  3.12000000E+01  1.11054903E+00  9.99995677E-01  1.11054903E+00
    53  3.18000000E+01  1.11137549E+00  9.99995251E-01  1.11137549E+00
    54  3.24000000E+01  1.11205576E+00  9.99994790E-01  1.11205576E+00
    55  3.30000000E+01  1.11289521E+00  9.99994292E-01  1.11289521E+00
    56  3.36000000E+01  1.11358523E+00  9.99993756E-01  1.11358523E+00
    57  3.42000000E+01  1.11424081E+00  9.99993177E-01  1.11424081E+00
    58  3.48000000E+01  1.11493974E+00  9.99992555E-01  1.11493974E+00
    59  3.54000000E+01  1.11550030E+00  9.99991886E-01  1.11550030E+00
    60  3.60000000E+01  1.11613905E+00  9.99991167E-01  1.11613905E+00
    61  3.66000000E+01  1.11671146E+00  9.99990396E-01  1.11671146E+00
    62  3.72000000E+01  1.11718943E+00  9.99989570E-01  1.11718943E+00
    63  3.78000000E+01  1.11777004E+00  9.99988685E-01  1.11777004E+00
    64  3.84000000E+01  1.11822422E+00  9.99987738E-01  1.11822422E+00
    65  3.90000000E+01  1.11870411E+00  9.99986727E-01  1.11870411E+00
    66  3.96000000E+01  1.11916918E+00  9.99985647E-01  1.11916918E+00
    67  4.02000000E+01  1.11952199E+00  9.99984495E-01  1.11952199E+00
    68  4.08000000E+01  1.11998611E+00  9.99983268E-01  1.11998611E+00
    69  4.14000000E+01  1.12034509E+00  9.99981963E-01  1.12034509E+00
    70  4.20000000E+01  1.12070678E+00  9.99980574E-01  1.12070678E+00
    71  4.26000000E+01  1.12107549E+00  9.99979100E-01  1.12107549E+00
    72  4.32000000E+01  1.12134556E+00  9.99977535E-01  1.12134556E+00
    73  4.38000000E+01  1.12169770E+00  9.99975877E-01  1.12169770E+00
    74  4.44000000E+01  1.12197303E+00  9.99974122E-01  1.12197303E+00
    75  4.50000000E+01  1.12224770E+00  9.99972265E-01  1.12224770E+00
    76  4.56000000E+01  1.12253145E+00  9.99970304E-01  1.12253145E+00
    77  4.62000000E+01  1.12273038E+00  9.99968235E-01  1.12273038E+00
    78  4.68000000E+01  1.12299853E+00  9.99966054E-01  1.12299853E+00
    79  4.74000000E+01  1.12320181E+00  9.99963759E-01  1.12320181E+00
    80  4.80000000E+01  1.12341380E+00  9.99961345E-01  1.12341380E+00
    81  4.86000000E+01  1.12362405E+00  9.99958812E-01  1.12362405E+00
    82  4.92000000E+01  1.12376321E+00  9.99956155E-01  1.12376321E+00
    83  4.98000000E+01  1.12396935E+00  9.99953373E-01  1.12396935E+00
    84  5.04000000E+01  1.12411197E+00  9.99950465E-01  1.12411197E+00
    85  5.10000000E+01  1.12427972E+00  9.99947429E-01  1.12427972E+00
    86  5.16000000E+01  1.12442776E+00  9.99944264E-01  1.12442776E+00
    87  5.22000000E+01  1.12452663E+00  9.99940972E-01  1.12452663E+00
    88  5.28000000E+01  1.12467856E+00  9.99937552E-01  1.12467856E+00
    89  5.34000000E+01  1.12477141E+00  9.99934006E-01  1.12477141E+00
    90  5.40000000E+01  1.12490806E+00  9.99930338E-01  1.12490806E+00
    91  5.46000000E+01  1.12500477E+00  9.99926550E-01  1.12500477E+00
    92  5.52000000E+01  1.12508370E+00  9.99922649E-01  1.12508370E+00
    93  5.58000000E+01  1.12518339E+00  9.99918640E-01  1.12518339E+00
    94  5.64000000E+01  1.12524729E+00  9.99914531E-01  1.12524729E+00
    95  5.70000000E+01  1.12535144E+00  9.99910333E-01  1.12535144E+00
    96  5.76000000E+01  1.12540706E+00  9.99906056E-01  1.12540706E+00
    97  5.82000000E+01  1.12547337E+00  9.99901715E-01  1.12547337E+00
    98  5.88000000E+01  1.12553111E+00  9.99897325E-01  1.12553111E+00
    99  5.94000000E+01  1.12559225E+00  9.99892905E-01  1.12559225E+00
   100  6.00000000E+01  1.12565287E+00  9.99888477E-01  1.12565287E+00
   101  6.06000000E+01  1.12567685E+00  9.99884064E-01  1.12567685E+00
   102  6.12000000E+01  1.12573500E+00  9.99879696E-01  1.12573500E+00
   103  6.18000000E+01  1.12576031E+00  9.99875402E-01  1.12576031E+00
   104  6.24000000E+01  1.12582065E+00  9.99871221E-01  1.12582065E+00
   105  6.30000000E+01  1.12584735E+00  9.99867190E-01  1.12584735E+00
   106  6.36000000E+01  1.12587202E+00  9.99863356E-01  1.12587202E+00
   107  6.42000000E+01  1.12590035E+00  9.99859769E-01  1.12590035E+00
   108  6.48000000E+01  1.12593143E+00  9.99856485E-01  1.12593143E+00
   109  6.54000000E+01  1.12596167E+00  9.99853566E-01  1.12596167E+00
   110  6.60000000E+01  1.12596320E+00  9.99851081E-01  1.12596320E+00
   111  6.66000000E+01  1.12599284E+00  9.99849107E-01  1.12599284E+00
   112  6.72000000E+01  1.12600126E+00  9.99847728E-01  1.12600126E+00
   113  6.78000000E+01  1.12603587E+00  9.99847037E-01  1.12603587E+00
   114  6.84000000E+01  1.12603876E+00  9.99847136E-01  1.12603876E+00
   115  6.90000000E+01  1.12605178E+00  9.99848138E-01  1.12605178E+00
   116  6.96000000E+01  1.12605579E+00  9.99850165E-01  1.12605579E+00
   117  7.02000000E+01  1.12608212E+00  9.99853352E-01  1.12608212E+00
   118  7.08000000E+01  1.12608709E+00  9.99857846E-01  1.12608709E+00
   119  7.14000000E+01  1.12608764E+00  9.99863807E-01  1.12608764E+00
   120  7.20000000E+01  1.12609399E+00  9.99871411E-01  1.12609399E+00
   121  7.26000000E+01  1.12610940E+00  9.99880847E-01  1.12610940E+00
   122  7.32000000E+01  1.12611721E+00  9.99892323E-01  1.12611721E+00
   123  7.38000000E+01  1.12610806E+00  9.99906063E-01  1.12610806E+00
   124  7.44000000E+01  1.12611752E+00  9.99922310E-01  1.12611752E+00
   125  7.50000000E+01  1.12612412E+00  9.99941328E-01  1.12612412E+00
   126  7.56000000E+01  1.12613553E+00  9.99963403E-01  1.12613553E+00
   127  7.62000000E+01  1.12613075E+00  9.99988842E-01  1.12613075E+00
   128  7.68000000E+01  1.12613957E+00  1.00001798E+00  1.12613957E+00
   129  7.74000000E+01  1.12615280E+00  1.00005117E+00  1.12615280E+00
   130  7.80000000E+01  1.12616146E+00  1.00008881E+00  1.12616146E+00
   131  7.86000000E+01  1.12616914E+00  1.00013130E+00  1.12616914E+00
   132  7.92000000E+01  1.12617806E+00  1.00017910E+00  1.12617806E+00
   133  7.98000000E+01  1.12618304E+00  1.00023269E+00  1.12618304E+00
   134  8.04000000E+01  1.12618835E+00  1.00029258E+00  1.12618835E+00
   135  8.10000000E+01  1.12619424E+00  1.00035933E+00  1.12619424E+00
   136  8.16000000E+01  1.12619688E+00  1.00043353E+00  1.12619688E+00
   137  8.22000000E+01  1.12620072E+00  1.00051580E+00  1.12620072E+00
   138  8.28000000E+01  1.12620341E+00  1.00060684E+00  1.12620341E+00
   139  8.34000000E+01  1.12620380E+00  1.00070735E+00  1.12620380E+00
   140  8.40000000E+01  1.12620684E+00  1.00081812E+00  1.12620684E+00
   141  8.46000000E+01  1.12620763E+00  1.00093996E+00  1.12620763E+00
   142  8.52000000E+01  1.12620684E+00  1.00107375E+00  1.12620684E+00
   143  8.58000000E+01  1.12620753E+00  1.00122041E+00  1.12620753E+00
   144  8.64000000E+01  1.12620665E+00  1.00138094E+00  1.12620665E+00
   145  8.70000000E+01  1.12620606E+00  1.00155637E+00  1.12620606E+00
   146  8.76000000E+01  1.12620540E+00  1.00174782E+00  1.12620540E+00
   147  8.82000000E+01  1.12620375E+00  1.00195647E+00  1.12620375E+00
   148  8.88000000E+01  1.12620382E+00  1.00218355E+00  1.12620382E+00
   149  8.94000000E+01  1.12620480E+00  1.00243037E+00  1.12620480E+00
   150  9.00000000E+01  1.12620593E+00  1.00269831E+00  1.12620593E+00
   151  9.06000000E+01  1.12620692E+00  1.00298884E+00  1.12620692E+00
   152  9.12000000E+01  1.12620766E+00  1.00330346E+00  1.12620766E+00
   153  9.18000000E+01  1.12620808E+00  1.00364380E+00  1.12620808E+00
   154  9.24000000E+01  1.12620818E+00  1.00401153E+00  1.12620818E+00
   155  9.30000000E+01  1.12620803E+00  1.00440840E+00  1.12620803E+00
   156  9.36000000E+01  1.12620784E+00  1.00483625E+00  1.12620784E+00
   157  9.42000000E+01  1.12620770E+00  1.00529700E+00  1.12620770E+00
   158  9.48000000E+01  1.12620735E+00  1.00579262E+00  1.12620735E+00
   159  9.54000000E+01  1.12620689E+00  1.00632518E+00  1.12620689E+00
   160  9.60000000E+01  1.12620639E+00  1.00689682E+00  1.12620639E+00
   161  9.66000000E+01  1.12620591E+00  1.00750973E+00  1.12620591E+00
   162  9.72000000E+01  1.12620547E+00  1.00816619E+00  1.12620547E+00
   163  9.78000000E+01  1.12621519E+00  1.00886851E+00  1.12621519E+00
   164  9.84000000E+01  1.12620475E+00  1.00961908E+00  1.12620475E+00
   165  9.90000000E+01  1.12621274E+00  1.01042032E+00  1.12621274E+00
   166  9.96000000E+01  1.12620418E+00  1.01127469E+00  1.12620418E+00
   167  1.00200000E+02  1.12622929E+00  1.01218467E+00  1.12622929E+00
   168  1.00800000E+02  1.12621570E+00  1.01315277E+00  1.12621570E+00
   169  1.01400000E+02  1.12622715E+00  1.01418148E+00  1.12622715E+00
   170  1.02000000E+02  1.12621590E+00  1.01527329E+00  1.12621590E+00
   171  1.02600000E+02  1.12624365E+00  1.01643062E+00  1.12624365E+00
   172  1.03200000E+02  1.12623547E+00  1.01765589E+00  1.12623547E+00
   173  1.03800000E+02  1.12624164E+00  1.01895139E+00  1.12624164E+00
   174  1.04400000E+02  1.12623609E+00  1.02031935E+00  1.12623609E+00
   175  1.05000000E+02  1.12625791E+00  1.02176185E+00  1.12625791E+00
   176  1.05600000E+02  1.12625585E+00  1.02328083E+00  1.12625585E+00
   177  1.06200000E+02  1.12625589E+00  1.02487802E+00  1.12625589E+00
   178  1.06800000E+02  1.12625674E+00  1.02655497E+00  1.12625674E+00
   179  1.07400000E+02  1.12627176E+00  1.02831295E+00  1.12627176E+00
   180  1.08000000E+02  1.12627651E+00  1.03015296E+00  1.12627651E+00
   181  1.08600000E+02  1.12626957E+00  1.03207569E+00  1.12626957E+00
   182  1.09200000E+02  1.12627752E+00  1.03408145E+00  1.12627752E+00
   183  1.09800000E+02  1.12628487E+00  1.03617018E+00  1.12628487E+00
   184  1.10400000E+02  1.12629714E+00  1.03834138E+00  1.12629714E+00
   185  1.11000000E+02  1.12628238E+00  1.04059408E+00  1.12628238E+00
   186  1.11600000E+02  1.12629814E+00  1.04292682E+00  1.12629814E+00
   187  1.12200000E+02  1.12629694E+00  1.04533760E+00  1.12629694E+00
   188  1.12800000E+02  1.12631744E+00  1.04782384E+00  1.12631744E+00
   189  1.13400000E+02  1.12629402E+00  1.05038241E+00  1.12629402E+00
   190  1.14000000E+02  1.12631829E+00  1.05300950E+00  1.12631829E+00
   191  1.14600000E+02  1.12630772E+00  1.05570071E+00  1.12630772E+00
   192  1.15200000E+02  1.12633712E+00  1.05845097E+00  1.12633712E+00
   193  1.15800000E+02  1.12631820E+00  1.06125455E+00  1.12631820E+00
   194  1.16400000E+02  1.12633771E+00  1.06410504E+00  1.12633771E+00
   195  1.17000000E+02  1.12632155E+00  1.06699541E+00  1.12632155E+00
   196  1.17600000E+02  1.12635594E+00  1.06991794E+00  1.12635594E+00
   197  1.18200000E+02  1.12634344E+00  1.07286432E+00  1.12634344E+00
   198  1.18800000E+02  1.12635616E+00  1.07582565E+00  1.12635616E+00
   199  1.19400000E+02  1.12634671E+00  1.07879245E+00  1.12634671E+00
   200  1.20000000E+02  1.12637365E+00  1.08175476E+00  1.12637365E+00
   201  1.20600000E+02  1.12636826E+00  1.08470216E+00  1.12636826E+00
   202  1.21200000E+02  1.12637339E+00  1.08762388E+00  1.12637339E+00
   203  1.21800000E+02  1.12637133E+00  1.09050883E+00  1.12637133E+00
   204  1.22400000E+02  1.12639004E+00  1.09334571E+00  1.12639004E+00
   205  1.23000000E+02  1.12639244E+00  1.09612311E+00  1.12639244E+00
   206  1.23600000E+02  1.12638922E+00  1.09882962E+00  1.12638922E+00
   207  1.24200000E+02  1.12639522E+00  1.10145396E+00  1.12639522E+00
   208  1.24800000E+02  1.12640491E+00  1.10398506E+00  1.12640491E+00
   209  1.25400000E+02  1.12641576E+00  1.10641225E+00  1.12641576E+00
   210  1.26000000E+02  1.12640343E+00  1.10872539E+00  1.12640343E+00
   211  1.26600000E+02  1.12641816E+00  1.11091503E+00  1.12641816E+00
   212  1.27200000E+02  1.12641807E+00  1.11297256E+00  1.12641807E+00
   213  1.27800000E+02  1.12643803E+00  1.11489041E+00  1.12643803E+00
   214  1.28400000E+02  1.12641586E+00  1.11666219E+00  1.12641586E+00
   215  1.29000000E+02  1.12643999E+00  1.11828288E+00  1.12643999E+00
   216  1.29600000E+02  1.12642936E+00  1.11974899E+00  1.12642936E+00
   217  1.30200000E+02  1.12645910E+00  1.12105872E+00  1.12645910E+00
   218  1.30800000E+02  1.12643663E+00  1.12221207E+00  1.12643663E+00
   219  1.31400000E+02  1.12646052E+00  1.12321096E+00  1.12646052E+00
   220  1.32000000E+02  1.12644120E+00  1.12405928E+00  1.12644120E+00
   221  1.32600000E+02  1.12647878E+00  1.12476292E+00  1.12647878E+00
   222  1.33200000E+02  1.12646365E+00  1.12532970E+00  1.12646365E+00
   223  1.33800000E+02  1.12647973E+00  1.12576931E+00  1.12647973E+00
   224  1.34400000E+02  1.12646807E+00  1.12609308E+00  1.12646807E+00
   225  1.35000000E+02  1.12649724E+00  1.12631376E+00  1.12649724E+00
   226  1.35600000E+02  1.12649014E+00  1.12644519E+00  1.12649014E+00
   227  1.36200000E+02  1.12650197E+00  1.12650197E+00  1.12650197E+00
   228  1.36800000E+02  1.12649896E+00  1.12649896E+00  1.12649896E+00
   229  1.37400000E+02  1.12645087E+00  1.12645087E+00  1.12645087E+00
   230  1.38000000E+02  1.12637180E+00  1.12637180E+00  1.12637180E+00
   231  1.38600000E+02  1.12627475E+00  1.12627475E+00  1.12627475E+00
   232  1.39200000E+02  1.12619972E+00  1.12617127E+00  1.12619972E+00
   233  1.39800000E+02  1.12619972E+00  1.12607109E+00  1.12619972E+00
   234  1.40400000E+02  1.12619972E+00  1.12598187E+00  1.12619972E+00
   235  1.41000000E+02  1.12619972E+00  1.12590912E+00  1.12619972E+00
   236  1.41600000E+02  1.12619971E+00  1.12585614E+00  1.12619971E+00
   237  1.42200000E+02  1.12619971E+00  1.12582417E+00  1.12619971E+00
   238  1.42800000E+02  1.12619971E+00  1.12581257E+00  1.12619971E+00
   239  1.43400000E+02  1.12619971E+00  1.12581919E+00  1.12619971E+00
   240  1.44000000E+02  1.12619971E+00  1.12584074E+00  1.12619971E+00
   241  1.44600000E+02  1.12619971E+00  1.12587320E+00  1.12619971E+00
   242  1.45200000E+02  1.12619971E+00  1.12591228E+00  1.12619971E+00
   243  1.45800000E+02  1.12619971E+00  1.12595382E+00  1.12619971E+00
   244  1.46400000E+02  1.12619971E+00  1.12599409E+00  1.12619971E+00
   245  1.47000000E+02  1.12619971E+00  1.12603009E+00  1.12619971E+00
   246  1.47600000E+02  1.12619971E+00  1.12605969E+00  1.12619971E+00
   247  1.48200000E+02  1.12619971E+00  1.12608171E+00  1.12619971E+00
   248  1.48800000E+02  1.12619971E+00  1.12609585E+00  1.12619971E+00
   249  1.49400000E+02  1.12619971E+00  1.12610259E+00  1.12619971E+00
   250  1.50000000E+02  1.12619971E+00  1.12610302E+00  1.12619971E+00
   251  1.50600000E+02  1.12619971E+00  1.12609862E+00  1.12619971E+00
   252  1.51200000E+02  1.12619971E+00  1.12609103E+00  1.12619971E+00
   253  1.51800000E+02  1.12619971E+00  1.12608188E+00  1.12619971E+00
   254  1.52400000E+02  1.12619971E+00  1.12607261E+00  1.12619971E+00
   255  1.53000000E+02  1.12619971E+00  1.12606434E+00  1.12619971E+00
   256  1.53600000E+02  1.12619971E+00  1.12605782E+00  1.12619971E+00
   257  1.54200000E+02  1.12619971E+00  1.12605343E+00  1.12619971E+00
   258  1.54800000E+02  1.12619971E+00  1.12605120E+00  1.12619971E+00
 steady-height stop at step    258: changes <=   1.0000E-05, max-end <=   1.0000E-02, max/end/gap/profile_change =   1.12619971E+00  1.12605120E+00  1.48511402E-04  2.50653423E-06


STDERR:
