COMMAND:
/shared/extrudate_rom/generate_rom_data/extrudate_swell2d_c_cluster

STDOUT:
 comppar: model =   3
 comppar: lambda,mobility/eps,betav,eta_0 =  1.0000E+01  1.0000E-01  5.0000E-01  1.0000E+00
 comppar: eta_s,eta_p,G =  5.0000E-01  5.0000E-01  5.0000E-02
 comppar: U_avg,deltat,flowrate,nsteps =  5.0000E-02  6.0000E-01  1.5708E-01     700
 comppar: geometry = axisymmetric
 comppar: steady stop change,gap,hold,min =  1.0000E-05  1.0000E-02      10      80
 comppar: ncompc,ncompg =     4     5
 mesh nnodes = 5765
 mesh nelem = 2780
 P1 BC   5.0000000000000000     
 P2 BC   0.0000000000000000     
     1  6.00000000E-01  1.00379162E+00  1.00000000E+00  1.00379162E+00
     2  1.20000000E+00  1.00749331E+00  1.00000000E+00  1.00749331E+00
     3  1.80000000E+00  1.01110107E+00  1.00000000E+00  1.01110107E+00
     4  2.40000000E+00  1.01462038E+00  1.00000000E+00  1.01462038E+00
     5  3.00000000E+00  1.01805557E+00  1.00000000E+00  1.01805557E+00
     6  3.60000000E+00  1.02140933E+00  1.00000000E+00  1.02140933E+00
     7  4.20000000E+00  1.02469110E+00  1.00000000E+00  1.02469110E+00
     8  4.80000000E+00  1.02791615E+00  1.00000000E+00  1.02791615E+00
     9  5.40000000E+00  1.03109255E+00  1.00000001E+00  1.03109255E+00
    10  6.00000000E+00  1.03421342E+00  1.00000001E+00  1.03421342E+00
    11  6.60000000E+00  1.03729020E+00  1.00000001E+00  1.03729020E+00
    12  7.20000000E+00  1.04035035E+00  1.00000001E+00  1.04035035E+00
    13  7.80000000E+00  1.04335172E+00  1.00000000E+00  1.04335172E+00
    14  8.40000000E+00  1.04636556E+00  1.00000000E+00  1.04636556E+00
    15  9.00000000E+00  1.04931851E+00  1.00000000E+00  1.04931851E+00
    16  9.60000000E+00  1.05229270E+00  9.99999997E-01  1.05229270E+00
    17  1.02000000E+01  1.05520864E+00  9.99999993E-01  1.05520864E+00
    18  1.08000000E+01  1.05815530E+00  9.99999987E-01  1.05815530E+00
    19  1.14000000E+01  1.06102506E+00  9.99999980E-01  1.06102506E+00
    20  1.20000000E+01  1.06392680E+00  9.99999972E-01  1.06392680E+00
    21  1.26000000E+01  1.06679474E+00  9.99999962E-01  1.06679474E+00
    22  1.32000000E+01  1.06960838E+00  9.99999950E-01  1.06960838E+00
    23  1.38000000E+01  1.07247382E+00  9.99999936E-01  1.07247382E+00
    24  1.44000000E+01  1.07526562E+00  9.99999920E-01  1.07526562E+00
    25  1.50000000E+01  1.07802953E+00  9.99999901E-01  1.07802953E+00
    26  1.56000000E+01  1.08083644E+00  9.99999880E-01  1.08083644E+00
    27  1.62000000E+01  1.08356978E+00  9.99999855E-01  1.08356978E+00
    28  1.68000000E+01  1.08626220E+00  9.99999828E-01  1.08626220E+00
    29  1.74000000E+01  1.08900592E+00  9.99999797E-01  1.08900592E+00
    30  1.80000000E+01  1.09167627E+00  9.99999761E-01  1.09167627E+00
    31  1.86000000E+01  1.09427410E+00  9.99999722E-01  1.09427410E+00
    32  1.92000000E+01  1.09691793E+00  9.99999678E-01  1.09691793E+00
    33  1.98000000E+01  1.09954096E+00  9.99999629E-01  1.09954096E+00
    34  2.04000000E+01  1.10209308E+00  9.99999575E-01  1.10209308E+00
    35  2.10000000E+01  1.10457720E+00  9.99999515E-01  1.10457720E+00
    36  2.16000000E+01  1.10711500E+00  9.99999449E-01  1.10711500E+00
    37  2.22000000E+01  1.10961463E+00  9.99999376E-01  1.10961463E+00
    38  2.28000000E+01  1.11204923E+00  9.99999296E-01  1.11204923E+00
    39  2.34000000E+01  1.11442352E+00  9.99999209E-01  1.11442352E+00
    40  2.40000000E+01  1.11675852E+00  9.99999112E-01  1.11675852E+00
    41  2.46000000E+01  1.11915780E+00  9.99999007E-01  1.11915780E+00
    42  2.52000000E+01  1.12149939E+00  9.99998892E-01  1.12149939E+00
    43  2.58000000E+01  1.12378808E+00  9.99998767E-01  1.12378808E+00
    44  2.64000000E+01  1.12602792E+00  9.99998630E-01  1.12602792E+00
    45  2.70000000E+01  1.12822144E+00  9.99998482E-01  1.12822144E+00
    46  2.76000000E+01  1.13041112E+00  9.99998321E-01  1.13041112E+00
    47  2.82000000E+01  1.13261416E+00  9.99998146E-01  1.13261416E+00
    48  2.88000000E+01  1.13477015E+00  9.99997957E-01  1.13477015E+00
    49  2.94000000E+01  1.13687720E+00  9.99997752E-01  1.13687720E+00
    50  3.00000000E+01  1.13893056E+00  9.99997531E-01  1.13893056E+00
    51  3.06000000E+01  1.14092288E+00  9.99997292E-01  1.14092288E+00
    52  3.12000000E+01  1.14293865E+00  9.99997034E-01  1.14293865E+00
    53  3.18000000E+01  1.14494754E+00  9.99996756E-01  1.14494754E+00
    54  3.24000000E+01  1.14688915E+00  9.99996456E-01  1.14688915E+00
    55  3.30000000E+01  1.14875464E+00  9.99996134E-01  1.14875464E+00
    56  3.36000000E+01  1.15053543E+00  9.99995788E-01  1.15053543E+00
    57  3.42000000E+01  1.15238807E+00  9.99995416E-01  1.15238807E+00
    58  3.48000000E+01  1.15419619E+00  9.99995017E-01  1.15419619E+00
    59  3.54000000E+01  1.15591424E+00  9.99994589E-01  1.15591424E+00
    60  3.60000000E+01  1.15753651E+00  9.99994130E-01  1.15753651E+00
    61  3.66000000E+01  1.15915061E+00  9.99993639E-01  1.15915061E+00
    62  3.72000000E+01  1.16080399E+00  9.99993114E-01  1.16080399E+00
    63  3.78000000E+01  1.16236093E+00  9.99992553E-01  1.16236093E+00
    64  3.84000000E+01  1.16382038E+00  9.99991954E-01  1.16382038E+00
    65  3.90000000E+01  1.16526569E+00  9.99991314E-01  1.16526569E+00
    66  3.96000000E+01  1.16675519E+00  9.99990632E-01  1.16675519E+00
    67  4.02000000E+01  1.16814752E+00  9.99989905E-01  1.16814752E+00
    68  4.08000000E+01  1.16944624E+00  9.99989131E-01  1.16944624E+00
    69  4.14000000E+01  1.17073129E+00  9.99988307E-01  1.17073129E+00
    70  4.20000000E+01  1.17206228E+00  9.99987432E-01  1.17206228E+00
    71  4.26000000E+01  1.17330276E+00  9.99986501E-01  1.17330276E+00
    72  4.32000000E+01  1.17445841E+00  9.99985513E-01  1.17445841E+00
    73  4.38000000E+01  1.17560652E+00  9.99984464E-01  1.17560652E+00
    74  4.44000000E+01  1.17678655E+00  9.99983353E-01  1.17678655E+00
    75  4.50000000E+01  1.17788579E+00  9.99982175E-01  1.17788579E+00
    76  4.56000000E+01  1.17891064E+00  9.99980928E-01  1.17891064E+00
    77  4.62000000E+01  1.17991532E+00  9.99979608E-01  1.17991532E+00
    78  4.68000000E+01  1.18096387E+00  9.99978214E-01  1.18096387E+00
    79  4.74000000E+01  1.18194070E+00  9.99976740E-01  1.18194070E+00
    80  4.80000000E+01  1.18285104E+00  9.99975185E-01  1.18285104E+00
    81  4.86000000E+01  1.18371800E+00  9.99973544E-01  1.18371800E+00
    82  4.92000000E+01  1.18464779E+00  9.99971814E-01  1.18464779E+00
    83  4.98000000E+01  1.18551431E+00  9.99969992E-01  1.18551431E+00
    84  5.04000000E+01  1.18632103E+00  9.99968075E-01  1.18632103E+00
    85  5.10000000E+01  1.18708617E+00  9.99966058E-01  1.18708617E+00
    86  5.16000000E+01  1.18791008E+00  9.99963939E-01  1.18791008E+00
    87  5.22000000E+01  1.18867577E+00  9.99961715E-01  1.18867577E+00
    88  5.28000000E+01  1.18938566E+00  9.99959381E-01  1.18938566E+00
    89  5.34000000E+01  1.19004597E+00  9.99956934E-01  1.19004597E+00
    90  5.40000000E+01  1.19077373E+00  9.99954372E-01  1.19077373E+00
    91  5.46000000E+01  1.19144719E+00  9.99951691E-01  1.19144719E+00
    92  5.52000000E+01  1.19206804E+00  9.99948889E-01  1.19206804E+00
    93  5.58000000E+01  1.19264156E+00  9.99945962E-01  1.19264156E+00
    94  5.64000000E+01  1.19327842E+00  9.99942908E-01  1.19327842E+00
    95  5.70000000E+01  1.19386433E+00  9.99939725E-01  1.19386433E+00
    96  5.76000000E+01  1.19440122E+00  9.99936410E-01  1.19440122E+00
    97  5.82000000E+01  1.19489708E+00  9.99932963E-01  1.19489708E+00
    98  5.88000000E+01  1.19545039E+00  9.99929381E-01  1.19545039E+00
    99  5.94000000E+01  1.19595604E+00  9.99925664E-01  1.19595604E+00
   100  6.00000000E+01  1.19641645E+00  9.99921811E-01  1.19641645E+00
   101  6.06000000E+01  1.19684950E+00  9.99917822E-01  1.19684950E+00
   102  6.12000000E+01  1.19732516E+00  9.99913699E-01  1.19732516E+00
   103  6.18000000E+01  1.19775761E+00  9.99909442E-01  1.19775761E+00
   104  6.24000000E+01  1.19814972E+00  9.99905053E-01  1.19814972E+00
   105  6.30000000E+01  1.19852654E+00  9.99900537E-01  1.19852654E+00
   106  6.36000000E+01  1.19893210E+00  9.99895896E-01  1.19893210E+00
   107  6.42000000E+01  1.19929920E+00  9.99891135E-01  1.19929920E+00
   108  6.48000000E+01  1.19963105E+00  9.99886261E-01  1.19963105E+00
   109  6.54000000E+01  1.19996254E+00  9.99881281E-01  1.19996254E+00
   110  6.60000000E+01  1.20030660E+00  9.99876204E-01  1.20030660E+00
   111  6.66000000E+01  1.20061730E+00  9.99871039E-01  1.20061730E+00
   112  6.72000000E+01  1.20089770E+00  9.99865798E-01  1.20089770E+00
   113  6.78000000E+01  1.20118166E+00  9.99860495E-01  1.20118166E+00
   114  6.84000000E+01  1.20147209E+00  9.99855146E-01  1.20147209E+00
   115  6.90000000E+01  1.20173413E+00  9.99849768E-01  1.20173413E+00
   116  6.96000000E+01  1.20197054E+00  9.99844381E-01  1.20197054E+00
   117  7.02000000E+01  1.20221598E+00  9.99839008E-01  1.20221598E+00
   118  7.08000000E+01  1.20246090E+00  9.99833674E-01  1.20246090E+00
   119  7.14000000E+01  1.20268165E+00  9.99828406E-01  1.20268165E+00
   120  7.20000000E+01  1.20288055E+00  9.99823237E-01  1.20288055E+00
   121  7.26000000E+01  1.20308245E+00  9.99818201E-01  1.20308245E+00
   122  7.32000000E+01  1.20328876E+00  9.99813336E-01  1.20328876E+00
   123  7.38000000E+01  1.20347462E+00  9.99808684E-01  1.20347462E+00
   124  7.44000000E+01  1.20364187E+00  9.99804294E-01  1.20364187E+00
   125  7.50000000E+01  1.20381197E+00  9.99800215E-01  1.20381197E+00
   126  7.56000000E+01  1.20398517E+00  9.99796504E-01  1.20398517E+00
   127  7.62000000E+01  1.20414084E+00  9.99793223E-01  1.20414084E+00
   128  7.68000000E+01  1.20428049E+00  9.99790439E-01  1.20428049E+00
   129  7.74000000E+01  1.20441595E+00  9.99788226E-01  1.20441595E+00
   130  7.80000000E+01  1.20456126E+00  9.99786664E-01  1.20456126E+00
   131  7.86000000E+01  1.20469144E+00  9.99785840E-01  1.20469144E+00
   132  7.92000000E+01  1.20480775E+00  9.99785850E-01  1.20480775E+00
   133  7.98000000E+01  1.20491770E+00  9.99786795E-01  1.20491770E+00
   134  8.04000000E+01  1.20503855E+00  9.99788787E-01  1.20503855E+00
   135  8.10000000E+01  1.20514634E+00  9.99791947E-01  1.20514634E+00
   136  8.16000000E+01  1.20524216E+00  9.99796405E-01  1.20524216E+00
   137  8.22000000E+01  1.20532704E+00  9.99802302E-01  1.20532704E+00
   138  8.28000000E+01  1.20542683E+00  9.99809789E-01  1.20542683E+00
   139  8.34000000E+01  1.20551564E+00  9.99819030E-01  1.20551564E+00
   140  8.40000000E+01  1.20559411E+00  9.99830201E-01  1.20559411E+00
   141  8.46000000E+01  1.20566317E+00  9.99843491E-01  1.20566317E+00
   142  8.52000000E+01  1.20574177E+00  9.99859105E-01  1.20574177E+00
   143  8.58000000E+01  1.20581407E+00  9.99877260E-01  1.20581407E+00
   144  8.64000000E+01  1.20587756E+00  9.99898192E-01  1.20587756E+00
   145  8.70000000E+01  1.20593309E+00  9.99922152E-01  1.20593309E+00
   146  8.76000000E+01  1.20599179E+00  9.99949410E-01  1.20599179E+00
   147  8.82000000E+01  1.20605017E+00  9.99980255E-01  1.20605017E+00
   148  8.88000000E+01  1.20610109E+00  1.00001500E+00  1.20610109E+00
   149  8.94000000E+01  1.20614531E+00  1.00005396E+00  1.20614531E+00
   150  9.00000000E+01  1.20618961E+00  1.00009751E+00  1.20618961E+00
   151  9.06000000E+01  1.20623615E+00  1.00014600E+00  1.20623615E+00
   152  9.12000000E+01  1.20627642E+00  1.00019986E+00  1.20627642E+00
   153  9.18000000E+01  1.20631110E+00  1.00025949E+00  1.20631110E+00
   154  9.24000000E+01  1.20634080E+00  1.00032536E+00  1.20634080E+00
   155  9.30000000E+01  1.20637711E+00  1.00039795E+00  1.20637711E+00
   156  9.36000000E+01  1.20640860E+00  1.00047778E+00  1.20640860E+00
   157  9.42000000E+01  1.20643544E+00  1.00056538E+00  1.20643544E+00
   158  9.48000000E+01  1.20645817E+00  1.00066134E+00  1.20645817E+00
   159  9.54000000E+01  1.20648186E+00  1.00076628E+00  1.20648186E+00
   160  9.60000000E+01  1.20650596E+00  1.00088084E+00  1.20650596E+00
   161  9.66000000E+01  1.20652622E+00  1.00100570E+00  1.20652622E+00
   162  9.72000000E+01  1.20654308E+00  1.00114161E+00  1.20654308E+00
   163  9.78000000E+01  1.20655691E+00  1.00128933E+00  1.20655691E+00
   164  9.84000000E+01  1.20657324E+00  1.00144968E+00  1.20657324E+00
   165  9.90000000E+01  1.20658817E+00  1.00162351E+00  1.20658817E+00
   166  9.96000000E+01  1.20660030E+00  1.00181174E+00  1.20660030E+00
   167  1.00200000E+02  1.20660994E+00  1.00201531E+00  1.20660994E+00
   168  1.00800000E+02  1.20661739E+00  1.00223523E+00  1.20661739E+00
   169  1.01400000E+02  1.20662751E+00  1.00247257E+00  1.20662751E+00
   170  1.02000000E+02  1.20663569E+00  1.00272842E+00  1.20663569E+00
   171  1.02600000E+02  1.20664185E+00  1.00300397E+00  1.20664185E+00
   172  1.03200000E+02  1.20664624E+00  1.00330043E+00  1.20664624E+00
   173  1.03800000E+02  1.20664910E+00  1.00361908E+00  1.20664910E+00
   174  1.04400000E+02  1.20665249E+00  1.00396126E+00  1.20665249E+00
   175  1.05000000E+02  1.20665591E+00  1.00432838E+00  1.20665591E+00
   176  1.05600000E+02  1.20665792E+00  1.00472190E+00  1.20665792E+00
   177  1.06200000E+02  1.20665871E+00  1.00514334E+00  1.20665871E+00
   178  1.06800000E+02  1.20665848E+00  1.00559429E+00  1.20665848E+00
   179  1.07400000E+02  1.20665736E+00  1.00607639E+00  1.20665736E+00
   180  1.08000000E+02  1.20665608E+00  1.00659136E+00  1.20665608E+00
   181  1.08600000E+02  1.20665524E+00  1.00714098E+00  1.20665524E+00
   182  1.09200000E+02  1.20665362E+00  1.00772707E+00  1.20665362E+00
   183  1.09800000E+02  1.20665135E+00  1.00835152E+00  1.20665135E+00
   184  1.10400000E+02  1.20664855E+00  1.00901630E+00  1.20664855E+00
   185  1.11000000E+02  1.20664531E+00  1.00972340E+00  1.20664531E+00
   186  1.11600000E+02  1.20664173E+00  1.01047488E+00  1.20664173E+00
   187  1.12200000E+02  1.20663788E+00  1.01127285E+00  1.20663788E+00
   188  1.12800000E+02  1.20663384E+00  1.01211944E+00  1.20663384E+00
   189  1.13400000E+02  1.20662967E+00  1.01301685E+00  1.20662967E+00
   190  1.14000000E+02  1.20662542E+00  1.01396728E+00  1.20662542E+00
   191  1.14600000E+02  1.20662113E+00  1.01497298E+00  1.20662113E+00
   192  1.15200000E+02  1.20661684E+00  1.01603619E+00  1.20661684E+00
   193  1.15800000E+02  1.20661259E+00  1.01715916E+00  1.20661259E+00
   194  1.16400000E+02  1.20660839E+00  1.01834414E+00  1.20660839E+00
   195  1.17000000E+02  1.20660429E+00  1.01959335E+00  1.20660429E+00
   196  1.17600000E+02  1.20660028E+00  1.02090899E+00  1.20660028E+00
   197  1.18200000E+02  1.20659640E+00  1.02229319E+00  1.20659640E+00
   198  1.18800000E+02  1.20659265E+00  1.02374804E+00  1.20659265E+00
   199  1.19400000E+02  1.20658904E+00  1.02527553E+00  1.20658904E+00
   200  1.20000000E+02  1.20658558E+00  1.02687756E+00  1.20658558E+00
   201  1.20600000E+02  1.20658227E+00  1.02855590E+00  1.20658227E+00
   202  1.21200000E+02  1.20657912E+00  1.03031219E+00  1.20657912E+00
   203  1.21800000E+02  1.20657613E+00  1.03214790E+00  1.20657613E+00
   204  1.22400000E+02  1.20657329E+00  1.03406434E+00  1.20657329E+00
   205  1.23000000E+02  1.20657061E+00  1.03606259E+00  1.20657061E+00
   206  1.23600000E+02  1.20656808E+00  1.03814350E+00  1.20656808E+00
   207  1.24200000E+02  1.20656570E+00  1.04030769E+00  1.20656570E+00
   208  1.24800000E+02  1.20656346E+00  1.04255547E+00  1.20656346E+00
   209  1.25400000E+02  1.20656137E+00  1.04488689E+00  1.20656137E+00
   210  1.26000000E+02  1.20655941E+00  1.04730165E+00  1.20655941E+00
   211  1.26600000E+02  1.20655759E+00  1.04979911E+00  1.20655759E+00
   212  1.27200000E+02  1.20655589E+00  1.05237826E+00  1.20655589E+00
   213  1.27800000E+02  1.20655431E+00  1.05503772E+00  1.20655431E+00
   214  1.28400000E+02  1.20655285E+00  1.05777568E+00  1.20655285E+00
   215  1.29000000E+02  1.20655170E+00  1.06058995E+00  1.20655170E+00
   216  1.29600000E+02  1.20655067E+00  1.06347788E+00  1.20655067E+00
   217  1.30200000E+02  1.20654973E+00  1.06643641E+00  1.20654973E+00
   218  1.30800000E+02  1.20654887E+00  1.06946204E+00  1.20654887E+00
   219  1.31400000E+02  1.20654808E+00  1.07255084E+00  1.20654808E+00
   220  1.32000000E+02  1.20654736E+00  1.07569844E+00  1.20654736E+00
   221  1.32600000E+02  1.20654671E+00  1.07890007E+00  1.20654671E+00
   222  1.33200000E+02  1.20654611E+00  1.08215058E+00  1.20654611E+00
   223  1.33800000E+02  1.20654558E+00  1.08544442E+00  1.20654558E+00
   224  1.34400000E+02  1.20654509E+00  1.08877573E+00  1.20654509E+00
   225  1.35000000E+02  1.20654465E+00  1.09213831E+00  1.20654465E+00
   226  1.35600000E+02  1.20654426E+00  1.09552572E+00  1.20654426E+00
   227  1.36200000E+02  1.20654391E+00  1.09893128E+00  1.20654391E+00
   228  1.36800000E+02  1.20654359E+00  1.10234815E+00  1.20654359E+00
   229  1.37400000E+02  1.20654331E+00  1.10576934E+00  1.20654331E+00
   230  1.38000000E+02  1.20654306E+00  1.10918782E+00  1.20654306E+00
   231  1.38600000E+02  1.20654284E+00  1.11259652E+00  1.20654284E+00
   232  1.39200000E+02  1.20654265E+00  1.11598846E+00  1.20654265E+00
   233  1.39800000E+02  1.20654248E+00  1.11935673E+00  1.20654248E+00
   234  1.40400000E+02  1.20654233E+00  1.12269463E+00  1.20654233E+00
   235  1.41000000E+02  1.20654220E+00  1.12599569E+00  1.20654220E+00
   236  1.41600000E+02  1.20654209E+00  1.12925374E+00  1.20654209E+00
   237  1.42200000E+02  1.20654200E+00  1.13246299E+00  1.20654200E+00
   238  1.42800000E+02  1.20654192E+00  1.13561805E+00  1.20654192E+00
   239  1.43400000E+02  1.20654185E+00  1.13871403E+00  1.20654185E+00
   240  1.44000000E+02  1.20654179E+00  1.14174657E+00  1.20654179E+00
   241  1.44600000E+02  1.20654175E+00  1.14471189E+00  1.20654175E+00
   242  1.45200000E+02  1.20654171E+00  1.14760678E+00  1.20654171E+00
   243  1.45800000E+02  1.20654169E+00  1.15042872E+00  1.20654169E+00
   244  1.46400000E+02  1.20654167E+00  1.15317578E+00  1.20654167E+00
   245  1.47000000E+02  1.20654165E+00  1.15584670E+00  1.20654165E+00
   246  1.47600000E+02  1.20654164E+00  1.15844083E+00  1.20654164E+00
   247  1.48200000E+02  1.20654164E+00  1.16095810E+00  1.20654164E+00
   248  1.48800000E+02  1.20654164E+00  1.16339895E+00  1.20654164E+00
   249  1.49400000E+02  1.20654164E+00  1.16576426E+00  1.20654164E+00
   250  1.50000000E+02  1.20654165E+00  1.16805523E+00  1.20654165E+00
   251  1.50600000E+02  1.20654166E+00  1.17027327E+00  1.20654166E+00
   252  1.51200000E+02  1.20654167E+00  1.17241986E+00  1.20654167E+00
   253  1.51800000E+02  1.20654168E+00  1.17449643E+00  1.20654168E+00
   254  1.52400000E+02  1.20654170E+00  1.17650416E+00  1.20654170E+00
   255  1.53000000E+02  1.20654171E+00  1.17844389E+00  1.20654171E+00
   256  1.53600000E+02  1.20654173E+00  1.18031601E+00  1.20654173E+00
   257  1.54200000E+02  1.20654175E+00  1.18212037E+00  1.20654175E+00
   258  1.54800000E+02  1.20654177E+00  1.18385623E+00  1.20654177E+00
   259  1.55400000E+02  1.20654178E+00  1.18552230E+00  1.20654178E+00
   260  1.56000000E+02  1.20654180E+00  1.18711678E+00  1.20654180E+00
   261  1.56600000E+02  1.20654182E+00  1.18863753E+00  1.20654182E+00
   262  1.57200000E+02  1.20654183E+00  1.19008218E+00  1.20654183E+00
   263  1.57800000E+02  1.20654185E+00  1.19144841E+00  1.20654185E+00
   264  1.58400000E+02  1.20654187E+00  1.19273414E+00  1.20654187E+00
   265  1.59000000E+02  1.20654188E+00  1.19393778E+00  1.20654188E+00
   266  1.59600000E+02  1.20654190E+00  1.19505846E+00  1.20654190E+00
   267  1.60200000E+02  1.20654192E+00  1.19609621E+00  1.20654192E+00
   268  1.60800000E+02  1.20654193E+00  1.19705209E+00  1.20654193E+00
   269  1.61400000E+02  1.20654194E+00  1.19792823E+00  1.20654194E+00
   270  1.62000000E+02  1.20654196E+00  1.19872779E+00  1.20654196E+00
   271  1.62600000E+02  1.20654197E+00  1.19945491E+00  1.20654197E+00
   272  1.63200000E+02  1.20654198E+00  1.20011446E+00  1.20654198E+00
   273  1.63800000E+02  1.20654199E+00  1.20071188E+00  1.20654199E+00
   274  1.64400000E+02  1.20654200E+00  1.20125285E+00  1.20654200E+00
   275  1.65000000E+02  1.20654201E+00  1.20174309E+00  1.20654201E+00
   276  1.65600000E+02  1.20654202E+00  1.20218807E+00  1.20654202E+00
   277  1.66200000E+02  1.20654203E+00  1.20259279E+00  1.20654203E+00
   278  1.66800000E+02  1.20654204E+00  1.20296167E+00  1.20654204E+00
   279  1.67400000E+02  1.20654205E+00  1.20329844E+00  1.20654205E+00
   280  1.68000000E+02  1.20654206E+00  1.20360612E+00  1.20654206E+00
   281  1.68600000E+02  1.20654206E+00  1.20388709E+00  1.20654206E+00
   282  1.69200000E+02  1.20654207E+00  1.20414320E+00  1.20654207E+00
   283  1.69800000E+02  1.20654208E+00  1.20437586E+00  1.20654208E+00
   284  1.70400000E+02  1.20654208E+00  1.20458626E+00  1.20654208E+00
   285  1.71000000E+02  1.20654209E+00  1.20477545E+00  1.20654209E+00
   286  1.71600000E+02  1.20654209E+00  1.20494449E+00  1.20654209E+00
   287  1.72200000E+02  1.20654210E+00  1.20509455E+00  1.20654210E+00
   288  1.72800000E+02  1.20654210E+00  1.20522693E+00  1.20654210E+00
   289  1.73400000E+02  1.20654210E+00  1.20534306E+00  1.20654210E+00
   290  1.74000000E+02  1.20654211E+00  1.20544452E+00  1.20654211E+00
   291  1.74600000E+02  1.20654211E+00  1.20553293E+00  1.20654211E+00
   292  1.75200000E+02  1.20654211E+00  1.20560991E+00  1.20654211E+00
   293  1.75800000E+02  1.20654212E+00  1.20567700E+00  1.20654212E+00
   294  1.76400000E+02  1.20654212E+00  1.20573559E+00  1.20654212E+00
   295  1.77000000E+02  1.20654212E+00  1.20578693E+00  1.20654212E+00
   296  1.77600000E+02  1.20654212E+00  1.20583200E+00  1.20654212E+00
   297  1.78200000E+02  1.20654213E+00  1.20587162E+00  1.20654213E+00
   298  1.78800000E+02  1.20654213E+00  1.20590640E+00  1.20654213E+00
   299  1.79400000E+02  1.20654213E+00  1.20593679E+00  1.20654213E+00
   300  1.80000000E+02  1.20654213E+00  1.20596313E+00  1.20654213E+00
   301  1.80600000E+02  1.20654213E+00  1.20598568E+00  1.20654213E+00
   302  1.81200000E+02  1.20654213E+00  1.20600468E+00  1.20654213E+00
   303  1.81800000E+02  1.20654213E+00  1.20602034E+00  1.20654213E+00
   304  1.82400000E+02  1.20654213E+00  1.20603290E+00  1.20654213E+00
   305  1.83000000E+02  1.20654213E+00  1.20604265E+00  1.20654213E+00
   306  1.83600000E+02  1.20654214E+00  1.20604987E+00  1.20654214E+00
   307  1.84200000E+02  1.20654214E+00  1.20605488E+00  1.20654214E+00
   308  1.84800000E+02  1.20654214E+00  1.20605799E+00  1.20654214E+00
   309  1.85400000E+02  1.20654214E+00  1.20605951E+00  1.20654214E+00
   310  1.86000000E+02  1.20654214E+00  1.20605973E+00  1.20654214E+00
   311  1.86600000E+02  1.20654214E+00  1.20605889E+00  1.20654214E+00
   312  1.87200000E+02  1.20654214E+00  1.20605722E+00  1.20654214E+00
   313  1.87800000E+02  1.20654214E+00  1.20605488E+00  1.20654214E+00
   314  1.88400000E+02  1.20654214E+00  1.20605202E+00  1.20654214E+00
 steady-height stop at step    314: changes <=   1.0000E-05, max-end <=   1.0000E-02, max/end/gap/profile_change =   1.20654214E+00  1.20605202E+00  4.90114268E-04  4.54665912E-06


STDERR:
