COMMAND:
/shared/extrudate_rom/generate_rom_data/extrudate_swell2d_c_cluster

STDOUT:
 comppar: model =   3
 comppar: lambda,mobility/eps,betav,eta_0 =  2.8000E+00  1.0000E-01  5.0000E-01  1.0000E+00
 comppar: eta_s,eta_p,G =  5.0000E-01  5.0000E-01  1.7857E-01
 comppar: U_avg,deltat,flowrate,nsteps =  5.0000E-02  6.0000E-01  1.5708E-01     700
 comppar: geometry = axisymmetric
 comppar: steady stop change,gap,hold,min =  1.0000E-05  1.0000E-02      10      80
 comppar: ncompc,ncompg =     4     5
 mesh nnodes = 5765
 mesh nelem = 2780
 P1 BC   5.0000000000000000     
 P2 BC   0.0000000000000000     
     1  6.00000000E-01  1.00379206E+00  1.00000000E+00  1.00379206E+00
     2  1.20000000E+00  1.00747900E+00  1.00000000E+00  1.00747900E+00
     3  1.80000000E+00  1.01104461E+00  1.00000000E+00  1.01104461E+00
     4  2.40000000E+00  1.01451204E+00  1.00000000E+00  1.01451204E+00
     5  3.00000000E+00  1.01789234E+00  1.00000000E+00  1.01789234E+00
     6  3.60000000E+00  1.02119452E+00  1.00000000E+00  1.02119452E+00
     7  4.20000000E+00  1.02442831E+00  1.00000000E+00  1.02442831E+00
     8  4.80000000E+00  1.02759053E+00  1.00000001E+00  1.02759053E+00
     9  5.40000000E+00  1.03071527E+00  1.00000001E+00  1.03071527E+00
    10  6.00000000E+00  1.03378069E+00  1.00000001E+00  1.03378069E+00
    11  6.60000000E+00  1.03676915E+00  1.00000001E+00  1.03676915E+00
    12  7.20000000E+00  1.03973952E+00  1.00000001E+00  1.03973952E+00
    13  7.80000000E+00  1.04263759E+00  1.00000000E+00  1.04263759E+00
    14  8.40000000E+00  1.04547901E+00  1.00000000E+00  1.04547901E+00
    15  9.00000000E+00  1.04828149E+00  1.00000000E+00  1.04828149E+00
    16  9.60000000E+00  1.05100456E+00  9.99999996E-01  1.05100456E+00
    17  1.02000000E+01  1.05371014E+00  9.99999991E-01  1.05371014E+00
    18  1.08000000E+01  1.05631029E+00  9.99999984E-01  1.05631029E+00
    19  1.14000000E+01  1.05889441E+00  9.99999976E-01  1.05889441E+00
    20  1.20000000E+01  1.06138735E+00  9.99999966E-01  1.06138735E+00
    21  1.26000000E+01  1.06385265E+00  9.99999954E-01  1.06385265E+00
    22  1.32000000E+01  1.06623579E+00  9.99999940E-01  1.06623579E+00
    23  1.38000000E+01  1.06856320E+00  9.99999923E-01  1.06856320E+00
    24  1.44000000E+01  1.07085942E+00  9.99999903E-01  1.07085942E+00
    25  1.50000000E+01  1.07304382E+00  9.99999880E-01  1.07304382E+00
    26  1.56000000E+01  1.07525232E+00  9.99999853E-01  1.07525232E+00
    27  1.62000000E+01  1.07730273E+00  9.99999822E-01  1.07730273E+00
    28  1.68000000E+01  1.07938881E+00  9.99999787E-01  1.07938881E+00
    29  1.74000000E+01  1.08137998E+00  9.99999747E-01  1.08137998E+00
    30  1.80000000E+01  1.08328218E+00  9.99999702E-01  1.08328218E+00
    31  1.86000000E+01  1.08521372E+00  9.99999651E-01  1.08521372E+00
    32  1.92000000E+01  1.08698069E+00  9.99999593E-01  1.08698069E+00
    33  1.98000000E+01  1.08877191E+00  9.99999529E-01  1.08877191E+00
    34  2.04000000E+01  1.09051583E+00  9.99999456E-01  1.09051583E+00
    35  2.10000000E+01  1.09209328E+00  9.99999376E-01  1.09209328E+00
    36  2.16000000E+01  1.09379275E+00  9.99999287E-01  1.09379275E+00
    37  2.22000000E+01  1.09534713E+00  9.99999187E-01  1.09534713E+00
    38  2.28000000E+01  1.09675765E+00  9.99999077E-01  1.09675765E+00
    39  2.34000000E+01  1.09832236E+00  9.99998956E-01  1.09832236E+00
    40  2.40000000E+01  1.09972258E+00  9.99998822E-01  1.09972258E+00
    41  2.46000000E+01  1.10101878E+00  9.99998675E-01  1.10101878E+00
    42  2.52000000E+01  1.10242804E+00  9.99998513E-01  1.10242804E+00
    43  2.58000000E+01  1.10367527E+00  9.99998335E-01  1.10367527E+00
    44  2.64000000E+01  1.10484988E+00  9.99998141E-01  1.10484988E+00
    45  2.70000000E+01  1.10611177E+00  9.99997928E-01  1.10611177E+00
    46  2.76000000E+01  1.10721674E+00  9.99997695E-01  1.10721674E+00
    47  2.82000000E+01  1.10829923E+00  9.99997442E-01  1.10829923E+00
    48  2.88000000E+01  1.10941583E+00  9.99997166E-01  1.10941583E+00
    49  2.94000000E+01  1.11038220E+00  9.99996866E-01  1.11038220E+00
    50  3.00000000E+01  1.11137577E+00  9.99996540E-01  1.11137577E+00
    51  3.06000000E+01  1.11235673E+00  9.99996187E-01  1.11235673E+00
    52  3.12000000E+01  1.11319653E+00  9.99995804E-01  1.11319653E+00
    53  3.18000000E+01  1.11411233E+00  9.99995389E-01  1.11411233E+00
    54  3.24000000E+01  1.11496236E+00  9.99994941E-01  1.11496236E+00
    55  3.30000000E+01  1.11568177E+00  9.99994457E-01  1.11568177E+00
    56  3.36000000E+01  1.11653087E+00  9.99993935E-01  1.11653087E+00
    57  3.42000000E+01  1.11726314E+00  9.99993373E-01  1.11726314E+00
    58  3.48000000E+01  1.11791465E+00  9.99992767E-01  1.11791465E+00
    59  3.54000000E+01  1.11865632E+00  9.99992116E-01  1.11865632E+00
    60  3.60000000E+01  1.11927796E+00  9.99991417E-01  1.11927796E+00
    61  3.66000000E+01  1.11989103E+00  9.99990666E-01  1.11989103E+00
    62  3.72000000E+01  1.12052436E+00  9.99989861E-01  1.12052436E+00
    63  3.78000000E+01  1.12104999E+00  9.99989000E-01  1.12104999E+00
    64  3.84000000E+01  1.12160903E+00  9.99988078E-01  1.12160903E+00
    65  3.90000000E+01  1.12214192E+00  9.99987092E-01  1.12214192E+00
    66  3.96000000E+01  1.12258031E+00  9.99986040E-01  1.12258031E+00
    67  4.02000000E+01  1.12310971E+00  9.99984917E-01  1.12310971E+00
    68  4.08000000E+01  1.12355651E+00  9.99983721E-01  1.12355651E+00
    69  4.14000000E+01  1.12394292E+00  9.99982447E-01  1.12394292E+00
    70  4.20000000E+01  1.12439618E+00  9.99981092E-01  1.12439618E+00
    71  4.26000000E+01  1.12476608E+00  9.99979653E-01  1.12476608E+00
    72  4.32000000E+01  1.12513990E+00  9.99978125E-01  1.12513990E+00
    73  4.38000000E+01  1.12551678E+00  9.99976504E-01  1.12551678E+00
    74  4.44000000E+01  1.12582220E+00  9.99974788E-01  1.12582220E+00
    75  4.50000000E+01  1.12615319E+00  9.99972972E-01  1.12615319E+00
    76  4.56000000E+01  1.12646312E+00  9.99971052E-01  1.12646312E+00
    77  4.62000000E+01  1.12671685E+00  9.99969025E-01  1.12671685E+00
    78  4.68000000E+01  1.12703239E+00  9.99966888E-01  1.12703239E+00
    79  4.74000000E+01  1.12728649E+00  9.99964636E-01  1.12728649E+00
    80  4.80000000E+01  1.12750678E+00  9.99962267E-01  1.12750678E+00
    81  4.86000000E+01  1.12776477E+00  9.99959777E-01  1.12776477E+00
    82  4.92000000E+01  1.12797242E+00  9.99957163E-01  1.12797242E+00
    83  4.98000000E+01  1.12819035E+00  9.99954424E-01  1.12819035E+00
    84  5.04000000E+01  1.12840050E+00  9.99951557E-01  1.12840050E+00
    85  5.10000000E+01  1.12856933E+00  9.99948560E-01  1.12856933E+00
    86  5.16000000E+01  1.12875116E+00  9.99945433E-01  1.12875116E+00
    87  5.22000000E+01  1.12892259E+00  9.99942173E-01  1.12892259E+00
    88  5.28000000E+01  1.12906419E+00  9.99938783E-01  1.12906419E+00
    89  5.34000000E+01  1.12923713E+00  9.99935261E-01  1.12923713E+00
    90  5.40000000E+01  1.12937603E+00  9.99931611E-01  1.12937603E+00
    91  5.46000000E+01  1.12948873E+00  9.99927834E-01  1.12948873E+00
    92  5.52000000E+01  1.12962984E+00  9.99923934E-01  1.12962984E+00
    93  5.58000000E+01  1.12974427E+00  9.99919916E-01  1.12974427E+00
    94  5.64000000E+01  1.12985650E+00  9.99915787E-01  1.12985650E+00
    95  5.70000000E+01  1.12997067E+00  9.99911554E-01  1.12997067E+00
    96  5.76000000E+01  1.13006380E+00  9.99907227E-01  1.13006380E+00
    97  5.82000000E+01  1.13014876E+00  9.99902817E-01  1.13014876E+00
    98  5.88000000E+01  1.13024341E+00  9.99898337E-01  1.13024341E+00
    99  5.94000000E+01  1.13032174E+00  9.99893803E-01  1.13032174E+00
   100  6.00000000E+01  1.13040250E+00  9.99889234E-01  1.13040250E+00
   101  6.06000000E+01  1.13047984E+00  9.99884650E-01  1.13047984E+00
   102  6.12000000E+01  1.13054453E+00  9.99880076E-01  1.13054453E+00
   103  6.18000000E+01  1.13060215E+00  9.99875539E-01  1.13060215E+00
   104  6.24000000E+01  1.13066798E+00  9.99871070E-01  1.13066798E+00
   105  6.30000000E+01  1.13072383E+00  9.99866704E-01  1.13072383E+00
   106  6.36000000E+01  1.13077533E+00  9.99862481E-01  1.13077533E+00
   107  6.42000000E+01  1.13083022E+00  9.99858444E-01  1.13083022E+00
   108  6.48000000E+01  1.13087739E+00  9.99854644E-01  1.13087739E+00
   109  6.54000000E+01  1.13091830E+00  9.99851135E-01  1.13091830E+00
   110  6.60000000E+01  1.13095914E+00  9.99847979E-01  1.13095914E+00
   111  6.66000000E+01  1.13100083E+00  9.99845243E-01  1.13100083E+00
   112  6.72000000E+01  1.13103720E+00  9.99843003E-01  1.13103720E+00
   113  6.78000000E+01  1.13106903E+00  9.99841340E-01  1.13106903E+00
   114  6.84000000E+01  1.13110503E+00  9.99840347E-01  1.13110503E+00
   115  6.90000000E+01  1.13113679E+00  9.99840123E-01  1.13113679E+00
   116  6.96000000E+01  1.13116482E+00  9.99840779E-01  1.13116482E+00
   117  7.02000000E+01  1.13118960E+00  9.99842434E-01  1.13118960E+00
   118  7.08000000E+01  1.13121721E+00  9.99845222E-01  1.13121721E+00
   119  7.14000000E+01  1.13124237E+00  9.99849285E-01  1.13124237E+00
   120  7.20000000E+01  1.13126459E+00  9.99854782E-01  1.13126459E+00
   121  7.26000000E+01  1.13128423E+00  9.99861884E-01  1.13128423E+00
   122  7.32000000E+01  1.13130579E+00  9.99870776E-01  1.13130579E+00
   123  7.38000000E+01  1.13132557E+00  9.99881662E-01  1.13132557E+00
   124  7.44000000E+01  1.13134299E+00  9.99894760E-01  1.13134299E+00
   125  7.50000000E+01  1.13135821E+00  9.99910310E-01  1.13135821E+00
   126  7.56000000E+01  1.13137387E+00  9.99928569E-01  1.13137387E+00
   127  7.62000000E+01  1.13138930E+00  9.99949816E-01  1.13138930E+00
   128  7.68000000E+01  1.13140263E+00  9.99974353E-01  1.13140263E+00
   129  7.74000000E+01  1.13141394E+00  1.00000251E+00  1.13141394E+00
   130  7.80000000E+01  1.13142540E+00  1.00003462E+00  1.13142540E+00
   131  7.86000000E+01  1.13143683E+00  1.00007109E+00  1.13143683E+00
   132  7.92000000E+01  1.13144632E+00  1.00011230E+00  1.13144632E+00
   133  7.98000000E+01  1.13145394E+00  1.00015871E+00  1.13145394E+00
   134  8.04000000E+01  1.13146228E+00  1.00021077E+00  1.13146228E+00
   135  8.10000000E+01  1.13147010E+00  1.00026900E+00  1.13147010E+00
   136  8.16000000E+01  1.13147617E+00  1.00033393E+00  1.13147617E+00
   137  8.22000000E+01  1.13148064E+00  1.00040615E+00  1.13148064E+00
   138  8.28000000E+01  1.13148661E+00  1.00048626E+00  1.13148661E+00
   139  8.34000000E+01  1.13149127E+00  1.00057494E+00  1.13149127E+00
   140  8.40000000E+01  1.13149456E+00  1.00067290E+00  1.13149456E+00
   141  8.46000000E+01  1.13149710E+00  1.00078087E+00  1.13149710E+00
   142  8.52000000E+01  1.13150052E+00  1.00089968E+00  1.13150052E+00
   143  8.58000000E+01  1.13150276E+00  1.00103016E+00  1.13150276E+00
   144  8.64000000E+01  1.13150409E+00  1.00117324E+00  1.13150409E+00
   145  8.70000000E+01  1.13150513E+00  1.00132987E+00  1.13150513E+00
   146  8.76000000E+01  1.13150658E+00  1.00150108E+00  1.13150658E+00
   147  8.82000000E+01  1.13150736E+00  1.00168796E+00  1.13150736E+00
   148  8.88000000E+01  1.13150769E+00  1.00189166E+00  1.13150769E+00
   149  8.94000000E+01  1.13150780E+00  1.00211338E+00  1.13150780E+00
   150  9.00000000E+01  1.13150784E+00  1.00235442E+00  1.13150784E+00
   151  9.06000000E+01  1.13150790E+00  1.00261613E+00  1.13150790E+00
   152  9.12000000E+01  1.13150802E+00  1.00289993E+00  1.13150802E+00
   153  9.18000000E+01  1.13150818E+00  1.00320733E+00  1.13150818E+00
   154  9.24000000E+01  1.13150835E+00  1.00353990E+00  1.13150835E+00
   155  9.30000000E+01  1.13150848E+00  1.00389929E+00  1.13150848E+00
   156  9.36000000E+01  1.13150854E+00  1.00428723E+00  1.13150854E+00
   157  9.42000000E+01  1.13150847E+00  1.00470552E+00  1.13150847E+00
   158  9.48000000E+01  1.13150829E+00  1.00515605E+00  1.13150829E+00
   159  9.54000000E+01  1.13150799E+00  1.00564078E+00  1.13150799E+00
   160  9.60000000E+01  1.13150761E+00  1.00616173E+00  1.13150761E+00
   161  9.66000000E+01  1.13150731E+00  1.00672103E+00  1.13150731E+00
   162  9.72000000E+01  1.13150692E+00  1.00732085E+00  1.13150692E+00
   163  9.78000000E+01  1.13150648E+00  1.00796344E+00  1.13150648E+00
   164  9.84000000E+01  1.13150600E+00  1.00865111E+00  1.13150600E+00
   165  9.90000000E+01  1.13150552E+00  1.00938622E+00  1.13150552E+00
   166  9.96000000E+01  1.13150505E+00  1.01017119E+00  1.13150505E+00
   167  1.00200000E+02  1.13150460E+00  1.01100848E+00  1.13150460E+00
   168  1.00800000E+02  1.13150419E+00  1.01190059E+00  1.13150419E+00
   169  1.01400000E+02  1.13150380E+00  1.01285002E+00  1.13150380E+00
   170  1.02000000E+02  1.13150346E+00  1.01385929E+00  1.13150346E+00
   171  1.02600000E+02  1.13150313E+00  1.01493092E+00  1.13150313E+00
   172  1.03200000E+02  1.13150282E+00  1.01606739E+00  1.13150282E+00
   173  1.03800000E+02  1.13150252E+00  1.01727116E+00  1.13150252E+00
   174  1.04400000E+02  1.13150223E+00  1.01854459E+00  1.13150223E+00
   175  1.05000000E+02  1.13150195E+00  1.01989000E+00  1.13150195E+00
   176  1.05600000E+02  1.13150169E+00  1.02130955E+00  1.13150169E+00
   177  1.06200000E+02  1.13150145E+00  1.02280531E+00  1.13150145E+00
   178  1.06800000E+02  1.13150123E+00  1.02437914E+00  1.13150123E+00
   179  1.07400000E+02  1.13150102E+00  1.02603274E+00  1.13150102E+00
   180  1.08000000E+02  1.13150082E+00  1.02776756E+00  1.13150082E+00
   181  1.08600000E+02  1.13150064E+00  1.02958479E+00  1.13150064E+00
   182  1.09200000E+02  1.13150047E+00  1.03148532E+00  1.13150047E+00
   183  1.09800000E+02  1.13150032E+00  1.03346973E+00  1.13150032E+00
   184  1.10400000E+02  1.13150017E+00  1.03553820E+00  1.13150017E+00
   185  1.11000000E+02  1.13150004E+00  1.03769052E+00  1.13150004E+00
   186  1.11600000E+02  1.13149992E+00  1.03992604E+00  1.13149992E+00
   187  1.12200000E+02  1.13149980E+00  1.04224364E+00  1.13149980E+00
   188  1.12800000E+02  1.13149970E+00  1.04464166E+00  1.13149970E+00
   189  1.13400000E+02  1.13149960E+00  1.04711794E+00  1.13149960E+00
   190  1.14000000E+02  1.13149951E+00  1.04966970E+00  1.13149951E+00
   191  1.14600000E+02  1.13149943E+00  1.05229359E+00  1.13149943E+00
   192  1.15200000E+02  1.13149936E+00  1.05498563E+00  1.13149936E+00
   193  1.15800000E+02  1.13149929E+00  1.05774120E+00  1.13149929E+00
   194  1.16400000E+02  1.13149923E+00  1.06055504E+00  1.13149923E+00
   195  1.17000000E+02  1.13149917E+00  1.06342121E+00  1.13149917E+00
   196  1.17600000E+02  1.13149912E+00  1.06633315E+00  1.13149912E+00
   197  1.18200000E+02  1.13149907E+00  1.06928362E+00  1.13149907E+00
   198  1.18800000E+02  1.13149903E+00  1.07226479E+00  1.13149903E+00
   199  1.19400000E+02  1.13149899E+00  1.07526821E+00  1.13149899E+00
   200  1.20000000E+02  1.13149895E+00  1.07828487E+00  1.13149895E+00
   201  1.20600000E+02  1.13149892E+00  1.08130525E+00  1.13149892E+00
   202  1.21200000E+02  1.13149889E+00  1.08431938E+00  1.13149889E+00
   203  1.21800000E+02  1.13149886E+00  1.08731686E+00  1.13149886E+00
   204  1.22400000E+02  1.13149884E+00  1.09028698E+00  1.13149884E+00
   205  1.23000000E+02  1.13149882E+00  1.09321880E+00  1.13149882E+00
   206  1.23600000E+02  1.13149880E+00  1.09610119E+00  1.13149880E+00
   207  1.24200000E+02  1.13149878E+00  1.09892301E+00  1.13149878E+00
   208  1.24800000E+02  1.13149876E+00  1.10167315E+00  1.13149876E+00
   209  1.25400000E+02  1.13149875E+00  1.10434070E+00  1.13149875E+00
   210  1.26000000E+02  1.13149873E+00  1.10691503E+00  1.13149873E+00
   211  1.26600000E+02  1.13149872E+00  1.10938599E+00  1.13149872E+00
   212  1.27200000E+02  1.13149871E+00  1.11174399E+00  1.13149871E+00
   213  1.27800000E+02  1.13149870E+00  1.11398020E+00  1.13149870E+00
   214  1.28400000E+02  1.13149869E+00  1.11608669E+00  1.13149869E+00
   215  1.29000000E+02  1.13149868E+00  1.11805658E+00  1.13149868E+00
   216  1.29600000E+02  1.13149867E+00  1.11988419E+00  1.13149867E+00
   217  1.30200000E+02  1.13149867E+00  1.12156524E+00  1.13149867E+00
   218  1.30800000E+02  1.13149866E+00  1.12309693E+00  1.13149866E+00
   219  1.31400000E+02  1.13149865E+00  1.12447810E+00  1.13149865E+00
   220  1.32000000E+02  1.13149865E+00  1.12570929E+00  1.13149865E+00
   221  1.32600000E+02  1.13149864E+00  1.12679283E+00  1.13149864E+00
   222  1.33200000E+02  1.13149864E+00  1.12773288E+00  1.13149864E+00
   223  1.33800000E+02  1.13149863E+00  1.12853534E+00  1.13149863E+00
   224  1.34400000E+02  1.13149863E+00  1.12920783E+00  1.13149863E+00
   225  1.35000000E+02  1.13149863E+00  1.12975951E+00  1.13149863E+00
   226  1.35600000E+02  1.13149862E+00  1.13020088E+00  1.13149862E+00
   227  1.36200000E+02  1.13149862E+00  1.13054354E+00  1.13149862E+00
   228  1.36800000E+02  1.13149862E+00  1.13079986E+00  1.13149862E+00
   229  1.37400000E+02  1.13149862E+00  1.13098264E+00  1.13149862E+00
   230  1.38000000E+02  1.13149862E+00  1.13110471E+00  1.13149862E+00
   231  1.38600000E+02  1.13149861E+00  1.13117858E+00  1.13149861E+00
   232  1.39200000E+02  1.13149861E+00  1.13121601E+00  1.13149861E+00
   233  1.39800000E+02  1.13149861E+00  1.13122774E+00  1.13149861E+00
   234  1.40400000E+02  1.13149861E+00  1.13122318E+00  1.13149861E+00
   235  1.41000000E+02  1.13149861E+00  1.13121019E+00  1.13149861E+00
   236  1.41600000E+02  1.13149861E+00  1.13119501E+00  1.13149861E+00
   237  1.42200000E+02  1.13149860E+00  1.13118218E+00  1.13149860E+00
   238  1.42800000E+02  1.13149860E+00  1.13117465E+00  1.13149860E+00
   239  1.43400000E+02  1.13149860E+00  1.13117394E+00  1.13149860E+00
   240  1.44000000E+02  1.13149860E+00  1.13118032E+00  1.13149860E+00
   241  1.44600000E+02  1.13149860E+00  1.13119314E+00  1.13149860E+00
   242  1.45200000E+02  1.13149860E+00  1.13121104E+00  1.13149860E+00
   243  1.45800000E+02  1.13149860E+00  1.13123233E+00  1.13149860E+00
   244  1.46400000E+02  1.13149860E+00  1.13125520E+00  1.13149860E+00
   245  1.47000000E+02  1.13149860E+00  1.13127793E+00  1.13149860E+00
   246  1.47600000E+02  1.13149860E+00  1.13129909E+00  1.13149860E+00
   247  1.48200000E+02  1.13149860E+00  1.13131764E+00  1.13149860E+00
   248  1.48800000E+02  1.13149860E+00  1.13133292E+00  1.13149860E+00
   249  1.49400000E+02  1.13149860E+00  1.13134469E+00  1.13149860E+00
   250  1.50000000E+02  1.13149860E+00  1.13135305E+00  1.13149860E+00
   251  1.50600000E+02  1.13149859E+00  1.13135835E+00  1.13149859E+00
   252  1.51200000E+02  1.13149859E+00  1.13136112E+00  1.13149859E+00
   253  1.51800000E+02  1.13149859E+00  1.13136195E+00  1.13149859E+00
   254  1.52400000E+02  1.13149859E+00  1.13136143E+00  1.13149859E+00
   255  1.53000000E+02  1.13149859E+00  1.13136009E+00  1.13149859E+00
   256  1.53600000E+02  1.13149859E+00  1.13135837E+00  1.13149859E+00
   257  1.54200000E+02  1.13149859E+00  1.13135658E+00  1.13149859E+00
   258  1.54800000E+02  1.13149859E+00  1.13135494E+00  1.13149859E+00
   259  1.55400000E+02  1.13149859E+00  1.13135355E+00  1.13149859E+00
 steady-height stop at step    259: changes <=   1.0000E-05, max-end <=   1.0000E-02, max/end/gap/profile_change =   1.13149859E+00  1.13135355E+00  1.45041424E-04  1.38838935E-06


STDERR:
