COMMAND:
/shared/extrudate_rom/generate_rom_data/extrudate_swell2d_c_cluster

STDOUT:
 comppar: model =   3
 comppar: lambda,mobility/eps,betav,eta_0 =  6.4000E+00  1.0000E-01  3.0000E-01  1.0000E+00
 comppar: eta_s,eta_p,G =  3.0000E-01  7.0000E-01  1.0937E-01
 comppar: U_avg,deltat,flowrate,nsteps =  5.0000E-02  6.0000E-01  1.5708E-01     700
 comppar: geometry = axisymmetric
 comppar: steady stop change,gap,hold,min =  1.0000E-05  1.0000E-02      10      80
 comppar: ncompc,ncompg =     4     5
 mesh nnodes = 5765
 mesh nelem = 2780
 P1 BC   5.0000000000000000     
 P2 BC   0.0000000000000000     
     1  6.00000000E-01  1.00378845E+00  1.00000000E+00  1.00378845E+00
     2  1.20000000E+00  1.00746615E+00  1.00000000E+00  1.00746615E+00
     3  1.80000000E+00  1.01101552E+00  1.00000000E+00  1.01101552E+00
     4  2.40000000E+00  1.01446000E+00  1.00000000E+00  1.01446000E+00
     5  3.00000000E+00  1.01781226E+00  1.00000000E+00  1.01781226E+00
     6  3.60000000E+00  1.02108944E+00  1.00000000E+00  1.02108944E+00
     7  4.20000000E+00  1.02430951E+00  1.00000000E+00  1.02430951E+00
     8  4.80000000E+00  1.02748014E+00  1.00000001E+00  1.02748014E+00
     9  5.40000000E+00  1.03061822E+00  1.00000001E+00  1.03061822E+00
    10  6.00000000E+00  1.03375147E+00  1.00000001E+00  1.03375147E+00
    11  6.60000000E+00  1.03684411E+00  1.00000001E+00  1.03684411E+00
    12  7.20000000E+00  1.03994121E+00  1.00000001E+00  1.03994121E+00
    13  7.80000000E+00  1.04301746E+00  1.00000001E+00  1.04301746E+00
    14  8.40000000E+00  1.04608128E+00  1.00000001E+00  1.04608128E+00
    15  9.00000000E+00  1.04913333E+00  1.00000000E+00  1.04913333E+00
    16  9.60000000E+00  1.05217910E+00  1.00000000E+00  1.05217910E+00
    17  1.02000000E+01  1.05518661E+00  9.99999999E-01  1.05518661E+00
    18  1.08000000E+01  1.05820925E+00  9.99999994E-01  1.05820925E+00
    19  1.14000000E+01  1.06115593E+00  9.99999988E-01  1.06115593E+00
    20  1.20000000E+01  1.06409750E+00  9.99999981E-01  1.06409750E+00
    21  1.26000000E+01  1.06702166E+00  9.99999972E-01  1.06702166E+00
    22  1.32000000E+01  1.06985980E+00  9.99999961E-01  1.06985980E+00
    23  1.38000000E+01  1.07272095E+00  9.99999949E-01  1.07272095E+00
    24  1.44000000E+01  1.07552138E+00  9.99999934E-01  1.07552138E+00
    25  1.50000000E+01  1.07822758E+00  9.99999916E-01  1.07822758E+00
    26  1.56000000E+01  1.08099246E+00  9.99999896E-01  1.08099246E+00
    27  1.62000000E+01  1.08366942E+00  9.99999873E-01  1.08366942E+00
    28  1.68000000E+01  1.08624787E+00  9.99999846E-01  1.08624787E+00
    29  1.74000000E+01  1.08888476E+00  9.99999816E-01  1.08888476E+00
    30  1.80000000E+01  1.09142707E+00  9.99999782E-01  1.09142707E+00
    31  1.86000000E+01  1.09386985E+00  9.99999744E-01  1.09386985E+00
    32  1.92000000E+01  1.09633442E+00  9.99999700E-01  1.09633442E+00
    33  1.98000000E+01  1.09875969E+00  9.99999652E-01  1.09875969E+00
    34  2.04000000E+01  1.10108714E+00  9.99999598E-01  1.10108714E+00
    35  2.10000000E+01  1.10334607E+00  9.99999537E-01  1.10334607E+00
    36  2.16000000E+01  1.10565205E+00  9.99999470E-01  1.10565205E+00
    37  2.22000000E+01  1.10786404E+00  9.99999396E-01  1.10786404E+00
    38  2.28000000E+01  1.10998729E+00  9.99999314E-01  1.10998729E+00
    39  2.34000000E+01  1.11205765E+00  9.99999224E-01  1.11205765E+00
    40  2.40000000E+01  1.11417995E+00  9.99999124E-01  1.11417995E+00
    41  2.46000000E+01  1.11621898E+00  9.99999014E-01  1.11621898E+00
    42  2.52000000E+01  1.11818123E+00  9.99998894E-01  1.11818123E+00
    43  2.58000000E+01  1.12007285E+00  9.99998762E-01  1.12007285E+00
    44  2.64000000E+01  1.12199790E+00  9.99998618E-01  1.12199790E+00
    45  2.70000000E+01  1.12388297E+00  9.99998460E-01  1.12388297E+00
    46  2.76000000E+01  1.12570172E+00  9.99998288E-01  1.12570172E+00
    47  2.82000000E+01  1.12745685E+00  9.99998101E-01  1.12745685E+00
    48  2.88000000E+01  1.12914783E+00  9.99997897E-01  1.12914783E+00
    49  2.94000000E+01  1.13090640E+00  9.99997676E-01  1.13090640E+00
    50  3.00000000E+01  1.13260162E+00  9.99997436E-01  1.13260162E+00
    51  3.06000000E+01  1.13422871E+00  9.99997175E-01  1.13422871E+00
    52  3.12000000E+01  1.13578098E+00  9.99996894E-01  1.13578098E+00
    53  3.18000000E+01  1.13731183E+00  9.99996589E-01  1.13731183E+00
    54  3.24000000E+01  1.13887601E+00  9.99996259E-01  1.13887601E+00
    55  3.30000000E+01  1.14035927E+00  9.99995904E-01  1.14035927E+00
    56  3.36000000E+01  1.14175044E+00  9.99995520E-01  1.14175044E+00
    57  3.42000000E+01  1.14310028E+00  9.99995107E-01  1.14310028E+00
    58  3.48000000E+01  1.14450592E+00  9.99994663E-01  1.14450592E+00
    59  3.54000000E+01  1.14581267E+00  9.99994185E-01  1.14581267E+00
    60  3.60000000E+01  1.14701083E+00  9.99993672E-01  1.14701083E+00
    61  3.66000000E+01  1.14827250E+00  9.99993121E-01  1.14827250E+00
    62  3.72000000E+01  1.14949620E+00  9.99992530E-01  1.14949620E+00
    63  3.78000000E+01  1.15060607E+00  9.99991897E-01  1.15060607E+00
    64  3.84000000E+01  1.15166027E+00  9.99991220E-01  1.15166027E+00
    65  3.90000000E+01  1.15279639E+00  9.99990496E-01  1.15279639E+00
    66  3.96000000E+01  1.15381809E+00  9.99989722E-01  1.15381809E+00
    67  4.02000000E+01  1.15472490E+00  9.99988895E-01  1.15472490E+00
    68  4.08000000E+01  1.15577265E+00  9.99988013E-01  1.15577265E+00
    69  4.14000000E+01  1.15670608E+00  9.99987074E-01  1.15670608E+00
    70  4.20000000E+01  1.15752696E+00  9.99986073E-01  1.15752696E+00
    71  4.26000000E+01  1.15840858E+00  9.99985008E-01  1.15840858E+00
    72  4.32000000E+01  1.15926034E+00  9.99983875E-01  1.15926034E+00
    73  4.38000000E+01  1.16000603E+00  9.99982672E-01  1.16000603E+00
    74  4.44000000E+01  1.16077040E+00  9.99981395E-01  1.16077040E+00
    75  4.50000000E+01  1.16153973E+00  9.99980040E-01  1.16153973E+00
    76  4.56000000E+01  1.16220938E+00  9.99978605E-01  1.16220938E+00
    77  4.62000000E+01  1.16286413E+00  9.99977085E-01  1.16286413E+00
    78  4.68000000E+01  1.16356221E+00  9.99975476E-01  1.16356221E+00
    79  4.74000000E+01  1.16416885E+00  9.99973776E-01  1.16416885E+00
    80  4.80000000E+01  1.16472457E+00  9.99971980E-01  1.16472457E+00
    81  4.86000000E+01  1.16535063E+00  9.99970085E-01  1.16535063E+00
    82  4.92000000E+01  1.16589410E+00  9.99968087E-01  1.16589410E+00
    83  4.98000000E+01  1.16636831E+00  9.99965982E-01  1.16636831E+00
    84  5.04000000E+01  1.16692957E+00  9.99963766E-01  1.16692957E+00
    85  5.10000000E+01  1.16742215E+00  9.99961437E-01  1.16742215E+00
    86  5.16000000E+01  1.16785324E+00  9.99958989E-01  1.16785324E+00
    87  5.22000000E+01  1.16830961E+00  9.99956421E-01  1.16830961E+00
    88  5.28000000E+01  1.16875255E+00  9.99953728E-01  1.16875255E+00
    89  5.34000000E+01  1.16914301E+00  9.99950908E-01  1.16914301E+00
    90  5.40000000E+01  1.16953207E+00  9.99947958E-01  1.16953207E+00
    91  5.46000000E+01  1.16993470E+00  9.99944875E-01  1.16993470E+00
    92  5.52000000E+01  1.17029096E+00  9.99941656E-01  1.17029096E+00
    93  5.58000000E+01  1.17060973E+00  9.99938300E-01  1.17060973E+00
    94  5.64000000E+01  1.17095450E+00  9.99934806E-01  1.17095450E+00
    95  5.70000000E+01  1.17128057E+00  9.99931171E-01  1.17128057E+00
    96  5.76000000E+01  1.17157469E+00  9.99927396E-01  1.17157469E+00
    97  5.82000000E+01  1.17186273E+00  9.99923480E-01  1.17186273E+00
    98  5.88000000E+01  1.17216121E+00  9.99919425E-01  1.17216121E+00
    99  5.94000000E+01  1.17243081E+00  9.99915231E-01  1.17243081E+00
   100  6.00000000E+01  1.17267515E+00  9.99910901E-01  1.17267515E+00
   101  6.06000000E+01  1.17291600E+00  9.99906439E-01  1.17291600E+00
   102  6.12000000E+01  1.17316635E+00  9.99901849E-01  1.17316635E+00
   103  6.18000000E+01  1.17339340E+00  9.99897136E-01  1.17339340E+00
   104  6.24000000E+01  1.17359803E+00  9.99892307E-01  1.17359803E+00
   105  6.30000000E+01  1.17381484E+00  9.99887370E-01  1.17381484E+00
   106  6.36000000E+01  1.17402227E+00  9.99882336E-01  1.17402227E+00
   107  6.42000000E+01  1.17420844E+00  9.99877216E-01  1.17420844E+00
   108  6.48000000E+01  1.17437367E+00  9.99872024E-01  1.17437367E+00
   109  6.54000000E+01  1.17456091E+00  9.99866775E-01  1.17456091E+00
   110  6.60000000E+01  1.17473207E+00  9.99861487E-01  1.17473207E+00
   111  6.66000000E+01  1.17488254E+00  9.99856181E-01  1.17488254E+00
   112  6.72000000E+01  1.17502677E+00  9.99850881E-01  1.17502677E+00
   113  6.78000000E+01  1.17518170E+00  9.99845612E-01  1.17518170E+00
   114  6.84000000E+01  1.17531720E+00  9.99840405E-01  1.17531720E+00
   115  6.90000000E+01  1.17543418E+00  9.99835292E-01  1.17543418E+00
   116  6.96000000E+01  1.17556483E+00  9.99830310E-01  1.17556483E+00
   117  7.02000000E+01  1.17568682E+00  9.99825502E-01  1.17568682E+00
   118  7.08000000E+01  1.17579109E+00  9.99820911E-01  1.17579109E+00
   119  7.14000000E+01  1.17589005E+00  9.99816590E-01  1.17589005E+00
   120  7.20000000E+01  1.17599931E+00  9.99812593E-01  1.17599931E+00
   121  7.26000000E+01  1.17609234E+00  9.99808983E-01  1.17609234E+00
   122  7.32000000E+01  1.17617097E+00  9.99805826E-01  1.17617097E+00
   123  7.38000000E+01  1.17626224E+00  9.99803197E-01  1.17626224E+00
   124  7.44000000E+01  1.17634437E+00  9.99801178E-01  1.17634437E+00
   125  7.50000000E+01  1.17641350E+00  9.99799857E-01  1.17641350E+00
   126  7.56000000E+01  1.17648236E+00  9.99799332E-01  1.17648236E+00
   127  7.62000000E+01  1.17655533E+00  9.99799709E-01  1.17655533E+00
   128  7.68000000E+01  1.17661666E+00  9.99801103E-01  1.17661666E+00
   129  7.74000000E+01  1.17666837E+00  9.99803640E-01  1.17666837E+00
   130  7.80000000E+01  1.17672834E+00  9.99807456E-01  1.17672834E+00
   131  7.86000000E+01  1.17678214E+00  9.99812698E-01  1.17678214E+00
   132  7.92000000E+01  1.17682772E+00  9.99819526E-01  1.17682772E+00
   133  7.98000000E+01  1.17687224E+00  9.99828115E-01  1.17687224E+00
   134  8.04000000E+01  1.17691990E+00  9.99838649E-01  1.17691990E+00
   135  8.10000000E+01  1.17696029E+00  9.99851332E-01  1.17696029E+00
   136  8.16000000E+01  1.17699492E+00  9.99866382E-01  1.17699492E+00
   137  8.22000000E+01  1.17702851E+00  9.99884033E-01  1.17702851E+00
   138  8.28000000E+01  1.17706436E+00  9.99904538E-01  1.17706436E+00
   139  8.34000000E+01  1.17709537E+00  9.99928170E-01  1.17709537E+00
   140  8.40000000E+01  1.17712242E+00  9.99955222E-01  1.17712242E+00
   141  8.46000000E+01  1.17714902E+00  9.99986009E-01  1.17714902E+00
   142  8.52000000E+01  1.17717651E+00  1.00002087E+00  1.17717651E+00
   143  8.58000000E+01  1.17720045E+00  1.00006016E+00  1.17720045E+00
   144  8.64000000E+01  1.17722131E+00  1.00010427E+00  1.17722131E+00
   145  8.70000000E+01  1.17723936E+00  1.00015362E+00  1.17723936E+00
   146  8.76000000E+01  1.17725935E+00  1.00020865E+00  1.17725935E+00
   147  8.82000000E+01  1.17727821E+00  1.00026983E+00  1.17727821E+00
   148  8.88000000E+01  1.17729440E+00  1.00033767E+00  1.17729440E+00
   149  8.94000000E+01  1.17730804E+00  1.00041271E+00  1.17730804E+00
   150  9.00000000E+01  1.17732119E+00  1.00049552E+00  1.17732119E+00
   151  9.06000000E+01  1.17733530E+00  1.00058671E+00  1.17733530E+00
   152  9.12000000E+01  1.17734709E+00  1.00068693E+00  1.17734709E+00
   153  9.18000000E+01  1.17735668E+00  1.00079688E+00  1.17735668E+00
   154  9.24000000E+01  1.17736427E+00  1.00091729E+00  1.17736427E+00
   155  9.30000000E+01  1.17737407E+00  1.00104893E+00  1.17737407E+00
   156  9.36000000E+01  1.17738222E+00  1.00119263E+00  1.17738222E+00
   157  9.42000000E+01  1.17738849E+00  1.00134927E+00  1.17738849E+00
   158  9.48000000E+01  1.17739315E+00  1.00151977E+00  1.17739315E+00
   159  9.54000000E+01  1.17739799E+00  1.00170512E+00  1.17739799E+00
   160  9.60000000E+01  1.17740313E+00  1.00190634E+00  1.17740313E+00
   161  9.66000000E+01  1.17740684E+00  1.00212453E+00  1.17740684E+00
   162  9.72000000E+01  1.17740937E+00  1.00236083E+00  1.17740937E+00
   163  9.78000000E+01  1.17741096E+00  1.00261647E+00  1.17741096E+00
   164  9.84000000E+01  1.17741264E+00  1.00289272E+00  1.17741264E+00
   165  9.90000000E+01  1.17741444E+00  1.00319091E+00  1.17741444E+00
   166  9.96000000E+01  1.17741546E+00  1.00351246E+00  1.17741546E+00
   167  1.00200000E+02  1.17741589E+00  1.00385882E+00  1.17741589E+00
   168  1.00800000E+02  1.17741586E+00  1.00423156E+00  1.17741586E+00
   169  1.01400000E+02  1.17741549E+00  1.00463227E+00  1.17741549E+00
   170  1.02000000E+02  1.17741484E+00  1.00506264E+00  1.17741484E+00
   171  1.02600000E+02  1.17741396E+00  1.00552442E+00  1.17741396E+00
   172  1.03200000E+02  1.17741322E+00  1.00601943E+00  1.17741322E+00
   173  1.03800000E+02  1.17741235E+00  1.00654956E+00  1.17741235E+00
   174  1.04400000E+02  1.17741130E+00  1.00711678E+00  1.17741130E+00
   175  1.05000000E+02  1.17741009E+00  1.00772311E+00  1.17741009E+00
   176  1.05600000E+02  1.17740876E+00  1.00837065E+00  1.17740876E+00
   177  1.06200000E+02  1.17740734E+00  1.00906155E+00  1.17740734E+00
   178  1.06800000E+02  1.17740585E+00  1.00979802E+00  1.17740585E+00
   179  1.07400000E+02  1.17740432E+00  1.01058234E+00  1.17740432E+00
   180  1.08000000E+02  1.17740278E+00  1.01141682E+00  1.17740278E+00
   181  1.08600000E+02  1.17740125E+00  1.01230382E+00  1.17740125E+00
   182  1.09200000E+02  1.17739975E+00  1.01324573E+00  1.17739975E+00
   183  1.09800000E+02  1.17739829E+00  1.01424496E+00  1.17739829E+00
   184  1.10400000E+02  1.17739689E+00  1.01530394E+00  1.17739689E+00
   185  1.11000000E+02  1.17739555E+00  1.01642511E+00  1.17739555E+00
   186  1.11600000E+02  1.17739427E+00  1.01761088E+00  1.17739427E+00
   187  1.12200000E+02  1.17739306E+00  1.01886364E+00  1.17739306E+00
   188  1.12800000E+02  1.17739192E+00  1.02018574E+00  1.17739192E+00
   189  1.13400000E+02  1.17739084E+00  1.02157946E+00  1.17739084E+00
   190  1.14000000E+02  1.17738983E+00  1.02304700E+00  1.17738983E+00
   191  1.14600000E+02  1.17738894E+00  1.02459047E+00  1.17738894E+00
   192  1.15200000E+02  1.17738819E+00  1.02621182E+00  1.17738819E+00
   193  1.15800000E+02  1.17738749E+00  1.02791290E+00  1.17738749E+00
   194  1.16400000E+02  1.17738684E+00  1.02969534E+00  1.17738684E+00
   195  1.17000000E+02  1.17738624E+00  1.03156058E+00  1.17738624E+00
   196  1.17600000E+02  1.17738569E+00  1.03350986E+00  1.17738569E+00
   197  1.18200000E+02  1.17738518E+00  1.03554413E+00  1.17738518E+00
   198  1.18800000E+02  1.17738472E+00  1.03766408E+00  1.17738472E+00
   199  1.19400000E+02  1.17738429E+00  1.03987006E+00  1.17738429E+00
   200  1.20000000E+02  1.17738389E+00  1.04216211E+00  1.17738389E+00
   201  1.20600000E+02  1.17738353E+00  1.04453988E+00  1.17738353E+00
   202  1.21200000E+02  1.17738320E+00  1.04700263E+00  1.17738320E+00
   203  1.21800000E+02  1.17738290E+00  1.04954918E+00  1.17738290E+00
   204  1.22400000E+02  1.17738262E+00  1.05217791E+00  1.17738262E+00
   205  1.23000000E+02  1.17738237E+00  1.05488673E+00  1.17738237E+00
   206  1.23600000E+02  1.17738214E+00  1.05767305E+00  1.17738214E+00
   207  1.24200000E+02  1.17738193E+00  1.06053378E+00  1.17738193E+00
   208  1.24800000E+02  1.17738174E+00  1.06346529E+00  1.17738174E+00
   209  1.25400000E+02  1.17738157E+00  1.06646345E+00  1.17738157E+00
   210  1.26000000E+02  1.17738141E+00  1.06952360E+00  1.17738141E+00
   211  1.26600000E+02  1.17738127E+00  1.07264054E+00  1.17738127E+00
   212  1.27200000E+02  1.17738114E+00  1.07580860E+00  1.17738114E+00
   213  1.27800000E+02  1.17738102E+00  1.07902160E+00  1.17738102E+00
   214  1.28400000E+02  1.17738092E+00  1.08227292E+00  1.17738092E+00
   215  1.29000000E+02  1.17738082E+00  1.08555550E+00  1.17738082E+00
   216  1.29600000E+02  1.17738073E+00  1.08886191E+00  1.17738073E+00
   217  1.30200000E+02  1.17738065E+00  1.09218439E+00  1.17738065E+00
   218  1.30800000E+02  1.17738058E+00  1.09551489E+00  1.17738058E+00
   219  1.31400000E+02  1.17738052E+00  1.09884515E+00  1.17738052E+00
   220  1.32000000E+02  1.17738046E+00  1.10216676E+00  1.17738046E+00
   221  1.32600000E+02  1.17738040E+00  1.10547124E+00  1.17738040E+00
   222  1.33200000E+02  1.17738036E+00  1.10875008E+00  1.17738036E+00
   223  1.33800000E+02  1.17738031E+00  1.11199490E+00  1.17738031E+00
   224  1.34400000E+02  1.17738027E+00  1.11519746E+00  1.17738027E+00
   225  1.35000000E+02  1.17738024E+00  1.11834977E+00  1.17738024E+00
   226  1.35600000E+02  1.17738021E+00  1.12144421E+00  1.17738021E+00
   227  1.36200000E+02  1.17738018E+00  1.12447356E+00  1.17738018E+00
   228  1.36800000E+02  1.17738015E+00  1.12743117E+00  1.17738015E+00
   229  1.37400000E+02  1.17738013E+00  1.13031095E+00  1.17738013E+00
   230  1.38000000E+02  1.17738011E+00  1.13310752E+00  1.17738011E+00
   231  1.38600000E+02  1.17738009E+00  1.13581623E+00  1.17738009E+00
   232  1.39200000E+02  1.17738007E+00  1.13843326E+00  1.17738007E+00
   233  1.39800000E+02  1.17738005E+00  1.14095561E+00  1.17738005E+00
   234  1.40400000E+02  1.17738004E+00  1.14338117E+00  1.17738004E+00
   235  1.41000000E+02  1.17738003E+00  1.14570869E+00  1.17738003E+00
   236  1.41600000E+02  1.17738002E+00  1.14793777E+00  1.17738002E+00
   237  1.42200000E+02  1.17738001E+00  1.15006879E+00  1.17738001E+00
   238  1.42800000E+02  1.17738000E+00  1.15210285E+00  1.17738000E+00
   239  1.43400000E+02  1.17737999E+00  1.15404168E+00  1.17737999E+00
   240  1.44000000E+02  1.17737998E+00  1.15588745E+00  1.17737998E+00
   241  1.44600000E+02  1.17737997E+00  1.15764266E+00  1.17737997E+00
   242  1.45200000E+02  1.17737997E+00  1.15930994E+00  1.17737997E+00
   243  1.45800000E+02  1.17737996E+00  1.16089190E+00  1.17737996E+00
   244  1.46400000E+02  1.17737996E+00  1.16239090E+00  1.17737996E+00
   245  1.47000000E+02  1.17737995E+00  1.16380893E+00  1.17737995E+00
   246  1.47600000E+02  1.17737995E+00  1.16514748E+00  1.17737995E+00
   247  1.48200000E+02  1.17737994E+00  1.16640746E+00  1.17737994E+00
   248  1.48800000E+02  1.17737994E+00  1.16758914E+00  1.17737994E+00
   249  1.49400000E+02  1.17737994E+00  1.16869226E+00  1.17737994E+00
   250  1.50000000E+02  1.17737993E+00  1.16971609E+00  1.17737993E+00
   251  1.50600000E+02  1.17737993E+00  1.17065967E+00  1.17737993E+00
   252  1.51200000E+02  1.17737993E+00  1.17152201E+00  1.17737993E+00
   253  1.51800000E+02  1.17737993E+00  1.17230243E+00  1.17737993E+00
   254  1.52400000E+02  1.17737993E+00  1.17300080E+00  1.17737993E+00
   255  1.53000000E+02  1.17737992E+00  1.17361789E+00  1.17737992E+00
   256  1.53600000E+02  1.17737992E+00  1.17415558E+00  1.17737992E+00
   257  1.54200000E+02  1.17737992E+00  1.17461705E+00  1.17737992E+00
   258  1.54800000E+02  1.17737992E+00  1.17500681E+00  1.17737992E+00
   259  1.55400000E+02  1.17737992E+00  1.17533071E+00  1.17737992E+00
   260  1.56000000E+02  1.17737992E+00  1.17559574E+00  1.17737992E+00
   261  1.56600000E+02  1.17737992E+00  1.17580975E+00  1.17737992E+00
   262  1.57200000E+02  1.17737992E+00  1.17598111E+00  1.17737992E+00
   263  1.57800000E+02  1.17737991E+00  1.17611828E+00  1.17737991E+00
   264  1.58400000E+02  1.17737991E+00  1.17622936E+00  1.17737991E+00
   265  1.59000000E+02  1.17737991E+00  1.17632171E+00  1.17737991E+00
   266  1.59600000E+02  1.17737991E+00  1.17640160E+00  1.17737991E+00
   267  1.60200000E+02  1.17737991E+00  1.17647398E+00  1.17737991E+00
   268  1.60800000E+02  1.17737991E+00  1.17654234E+00  1.17737991E+00
   269  1.61400000E+02  1.17737991E+00  1.17660877E+00  1.17737991E+00
   270  1.62000000E+02  1.17737991E+00  1.17667405E+00  1.17737991E+00
   271  1.62600000E+02  1.17737991E+00  1.17673795E+00  1.17737991E+00
   272  1.63200000E+02  1.17737991E+00  1.17679947E+00  1.17737991E+00
   273  1.63800000E+02  1.17737991E+00  1.17685723E+00  1.17737991E+00
   274  1.64400000E+02  1.17737991E+00  1.17690973E+00  1.17737991E+00
   275  1.65000000E+02  1.17737991E+00  1.17695571E+00  1.17737991E+00
   276  1.65600000E+02  1.17737991E+00  1.17699430E+00  1.17737991E+00
   277  1.66200000E+02  1.17737991E+00  1.17702512E+00  1.17737991E+00
   278  1.66800000E+02  1.17737991E+00  1.17704837E+00  1.17737991E+00
   279  1.67400000E+02  1.17737991E+00  1.17706473E+00  1.17737991E+00
   280  1.68000000E+02  1.17737991E+00  1.17707525E+00  1.17737991E+00
   281  1.68600000E+02  1.17737991E+00  1.17708123E+00  1.17737991E+00
   282  1.69200000E+02  1.17737991E+00  1.17708401E+00  1.17737991E+00
   283  1.69800000E+02  1.17737991E+00  1.17708485E+00  1.17737991E+00
   284  1.70400000E+02  1.17737991E+00  1.17708481E+00  1.17737991E+00
   285  1.71000000E+02  1.17737991E+00  1.17708467E+00  1.17737991E+00
   286  1.71600000E+02  1.17737991E+00  1.17708491E+00  1.17737991E+00
   287  1.72200000E+02  1.17737991E+00  1.17708572E+00  1.17737991E+00
   288  1.72800000E+02  1.17737991E+00  1.17708706E+00  1.17737991E+00
   289  1.73400000E+02  1.17737991E+00  1.17708874E+00  1.17737991E+00
   290  1.74000000E+02  1.17737991E+00  1.17709045E+00  1.17737991E+00
 steady-height stop at step    290: changes <=   1.0000E-05, max-end <=   1.0000E-02, max/end/gap/profile_change =   1.17737991E+00  1.17709045E+00  2.89456334E-04  2.33332510E-06


STDERR:
