COMMAND:
/shared/extrudate_rom/generate_rom_data/extrudate_swell2d_c_cluster

STDOUT:
 comppar: model =   3
 comppar: lambda,mobility/eps,betav,eta_0 =  6.4000E+00  3.6667E-01  7.0000E-01  1.0000E+00
 comppar: eta_s,eta_p,G =  7.0000E-01  3.0000E-01  4.6875E-02
 comppar: U_avg,deltat,flowrate,nsteps =  5.0000E-02  6.0000E-01  1.5708E-01     700
 comppar: geometry = axisymmetric
 comppar: steady stop change,gap,hold,min =  1.0000E-05  1.0000E-02      10      80
 comppar: ncompc,ncompg =     4     5
 mesh nnodes = 5765
 mesh nelem = 2780
 P1 BC   5.0000000000000000     
 P2 BC   0.0000000000000000     
     1  6.00000000E-01  1.00379364E+00  1.00000000E+00  1.00379364E+00
     2  1.20000000E+00  1.00750034E+00  1.00000000E+00  1.00750034E+00
     3  1.80000000E+00  1.01111764E+00  1.00000000E+00  1.01111764E+00
     4  2.40000000E+00  1.01464785E+00  1.00000000E+00  1.01464785E+00
     5  3.00000000E+00  1.01809298E+00  1.00000000E+00  1.01809298E+00
     6  3.60000000E+00  1.02145081E+00  1.00000000E+00  1.02145081E+00
     7  4.20000000E+00  1.02472972E+00  1.00000000E+00  1.02472972E+00
     8  4.80000000E+00  1.02794236E+00  1.00000000E+00  1.02794236E+00
     9  5.40000000E+00  1.03107742E+00  1.00000000E+00  1.03107742E+00
    10  6.00000000E+00  1.03413299E+00  1.00000001E+00  1.03413299E+00
    11  6.60000000E+00  1.03713283E+00  1.00000000E+00  1.03713283E+00
    12  7.20000000E+00  1.04006842E+00  1.00000000E+00  1.04006842E+00
    13  7.80000000E+00  1.04291574E+00  1.00000000E+00  1.04291574E+00
    14  8.40000000E+00  1.04574705E+00  1.00000000E+00  1.04574705E+00
    15  9.00000000E+00  1.04847640E+00  9.99999998E-01  1.04847640E+00
    16  9.60000000E+00  1.05118129E+00  9.99999994E-01  1.05118129E+00
    17  1.02000000E+01  1.05380754E+00  9.99999989E-01  1.05380754E+00
    18  1.08000000E+01  1.05638738E+00  9.99999983E-01  1.05638738E+00
    19  1.14000000E+01  1.05888554E+00  9.99999975E-01  1.05888554E+00
    20  1.20000000E+01  1.06135992E+00  9.99999965E-01  1.06135992E+00
    21  1.26000000E+01  1.06373789E+00  9.99999953E-01  1.06373789E+00
    22  1.32000000E+01  1.06610680E+00  9.99999939E-01  1.06610680E+00
    23  1.38000000E+01  1.06833494E+00  9.99999923E-01  1.06833494E+00
    24  1.44000000E+01  1.07062174E+00  9.99999903E-01  1.07062174E+00
    25  1.50000000E+01  1.07276005E+00  9.99999881E-01  1.07276005E+00
    26  1.56000000E+01  1.07491034E+00  9.99999855E-01  1.07491034E+00
    27  1.62000000E+01  1.07696433E+00  9.99999825E-01  1.07696433E+00
    28  1.68000000E+01  1.07893493E+00  9.99999791E-01  1.07893493E+00
    29  1.74000000E+01  1.08093377E+00  9.99999752E-01  1.08093377E+00
    30  1.80000000E+01  1.08277580E+00  9.99999709E-01  1.08277580E+00
    31  1.86000000E+01  1.08466213E+00  9.99999659E-01  1.08466213E+00
    32  1.92000000E+01  1.08644802E+00  9.99999604E-01  1.08644802E+00
    33  1.98000000E+01  1.08809753E+00  9.99999542E-01  1.08809753E+00
    34  2.04000000E+01  1.08986174E+00  9.99999472E-01  1.08986174E+00
    35  2.10000000E+01  1.09146643E+00  9.99999395E-01  1.09146643E+00
    36  2.16000000E+01  1.09301624E+00  9.99999308E-01  1.09301624E+00
    37  2.22000000E+01  1.09459850E+00  9.99999213E-01  1.09459850E+00
    38  2.28000000E+01  1.09602102E+00  9.99999107E-01  1.09602102E+00
    39  2.34000000E+01  1.09743378E+00  9.99998990E-01  1.09743378E+00
    40  2.40000000E+01  1.09886702E+00  9.99998862E-01  1.09886702E+00
    41  2.46000000E+01  1.10014340E+00  9.99998720E-01  1.10014340E+00
    42  2.52000000E+01  1.10143167E+00  9.99998564E-01  1.10143167E+00
    43  2.58000000E+01  1.10271626E+00  9.99998393E-01  1.10271626E+00
    44  2.64000000E+01  1.10384860E+00  9.99998206E-01  1.10384860E+00
    45  2.70000000E+01  1.10500958E+00  9.99998002E-01  1.10500958E+00
    46  2.76000000E+01  1.10615551E+00  9.99997779E-01  1.10615551E+00
    47  2.82000000E+01  1.10715653E+00  9.99997535E-01  1.10715653E+00
    48  2.88000000E+01  1.10821212E+00  9.99997270E-01  1.10821212E+00
    49  2.94000000E+01  1.10922274E+00  9.99996982E-01  1.10922274E+00
    50  3.00000000E+01  1.11009744E+00  9.99996669E-01  1.11009744E+00
    51  3.06000000E+01  1.11105711E+00  9.99996330E-01  1.11105711E+00
    52  3.12000000E+01  1.11194432E+00  9.99995962E-01  1.11194432E+00
    53  3.18000000E+01  1.11270665E+00  9.99995564E-01  1.11270665E+00
    54  3.24000000E+01  1.11357366E+00  9.99995133E-01  1.11357366E+00
    55  3.30000000E+01  1.11434375E+00  9.99994669E-01  1.11434375E+00
    56  3.36000000E+01  1.11501045E+00  9.99994167E-01  1.11501045E+00
    57  3.42000000E+01  1.11579216E+00  9.99993627E-01  1.11579216E+00
    58  3.48000000E+01  1.11645987E+00  9.99993045E-01  1.11645987E+00
    59  3.54000000E+01  1.11705750E+00  9.99992419E-01  1.11705750E+00
    60  3.60000000E+01  1.11773217E+00  9.99991747E-01  1.11773217E+00
    61  3.66000000E+01  1.11830603E+00  9.99991026E-01  1.11830603E+00
    62  3.72000000E+01  1.11885611E+00  9.99990252E-01  1.11885611E+00
    63  3.78000000E+01  1.11943878E+00  9.99989424E-01  1.11943878E+00
    64  3.84000000E+01  1.11993368E+00  9.99988538E-01  1.11993368E+00
    65  3.90000000E+01  1.12041397E+00  9.99987590E-01  1.12041397E+00
    66  3.96000000E+01  1.12091379E+00  9.99986578E-01  1.12091379E+00
    67  4.02000000E+01  1.12133950E+00  9.99985498E-01  1.12133950E+00
    68  4.08000000E+01  1.12177895E+00  9.99984347E-01  1.12177895E+00
    69  4.14000000E+01  1.12221005E+00  9.99983121E-01  1.12221005E+00
    70  4.20000000E+01  1.12257917E+00  9.99981817E-01  1.12257917E+00
    71  4.26000000E+01  1.12294907E+00  9.99980432E-01  1.12294907E+00
    72  4.32000000E+01  1.12332133E+00  9.99978961E-01  1.12332133E+00
    73  4.38000000E+01  1.12364371E+00  9.99977401E-01  1.12364371E+00
    74  4.44000000E+01  1.12397706E+00  9.99975748E-01  1.12397706E+00
    75  4.50000000E+01  1.12430154E+00  9.99973999E-01  1.12430154E+00
    76  4.56000000E+01  1.12458591E+00  9.99972150E-01  1.12458591E+00
    77  4.62000000E+01  1.12485148E+00  9.99970197E-01  1.12485148E+00
    78  4.68000000E+01  1.12513771E+00  9.99968137E-01  1.12513771E+00
    79  4.74000000E+01  1.12539296E+00  9.99965966E-01  1.12539296E+00
    80  4.80000000E+01  1.12562486E+00  9.99963682E-01  1.12562486E+00
    81  4.86000000E+01  1.12587905E+00  9.99961282E-01  1.12587905E+00
    82  4.92000000E+01  1.12610969E+00  9.99958762E-01  1.12610969E+00
    83  4.98000000E+01  1.12632190E+00  9.99956120E-01  1.12632190E+00
    84  5.04000000E+01  1.12651944E+00  9.99953355E-01  1.12651944E+00
    85  5.10000000E+01  1.12672435E+00  9.99950463E-01  1.12672435E+00
    86  5.16000000E+01  1.12692288E+00  9.99947445E-01  1.12692288E+00
    87  5.22000000E+01  1.12710881E+00  9.99944300E-01  1.12710881E+00
    88  5.28000000E+01  1.12728282E+00  9.99941027E-01  1.12728282E+00
    89  5.34000000E+01  1.12745497E+00  9.99937627E-01  1.12745497E+00
    90  5.40000000E+01  1.12762781E+00  9.99934102E-01  1.12762781E+00
    91  5.46000000E+01  1.12778906E+00  9.99930455E-01  1.12778906E+00
    92  5.52000000E+01  1.12793796E+00  9.99926688E-01  1.12793796E+00
    93  5.58000000E+01  1.12807764E+00  9.99922806E-01  1.12807764E+00
    94  5.64000000E+01  1.12822800E+00  9.99918817E-01  1.12822800E+00
    95  5.70000000E+01  1.12836515E+00  9.99914726E-01  1.12836515E+00
    96  5.76000000E+01  1.12848819E+00  9.99910544E-01  1.12848819E+00
    97  5.82000000E+01  1.12860678E+00  9.99906281E-01  1.12860678E+00
    98  5.88000000E+01  1.12873094E+00  9.99901950E-01  1.12873094E+00
    99  5.94000000E+01  1.12884090E+00  9.99897566E-01  1.12884090E+00
   100  6.00000000E+01  1.12893646E+00  9.99893148E-01  1.12893646E+00
   101  6.06000000E+01  1.12904473E+00  9.99888714E-01  1.12904473E+00
   102  6.12000000E+01  1.12914172E+00  9.99884290E-01  1.12914172E+00
   103  6.18000000E+01  1.12922451E+00  9.99879900E-01  1.12922451E+00
   104  6.24000000E+01  1.12930879E+00  9.99875575E-01  1.12930879E+00
   105  6.30000000E+01  1.12939344E+00  9.99871350E-01  1.12939344E+00
   106  6.36000000E+01  1.12946467E+00  9.99867262E-01  1.12946467E+00
   107  6.42000000E+01  1.12953199E+00  9.99863354E-01  1.12953199E+00
   108  6.48000000E+01  1.12960440E+00  9.99859675E-01  1.12960440E+00
   109  6.54000000E+01  1.12966431E+00  9.99856277E-01  1.12966431E+00
   110  6.60000000E+01  1.12971637E+00  9.99853220E-01  1.12971637E+00
   111  6.66000000E+01  1.12977801E+00  9.99850569E-01  1.12977801E+00
   112  6.72000000E+01  1.12982836E+00  9.99848398E-01  1.12982836E+00
   113  6.78000000E+01  1.12986903E+00  9.99846787E-01  1.12986903E+00
   114  6.84000000E+01  1.12991967E+00  9.99845824E-01  1.12991967E+00
   115  6.90000000E+01  1.12996098E+00  9.99845607E-01  1.12996098E+00
   116  6.96000000E+01  1.12999414E+00  9.99846241E-01  1.12999414E+00
   117  7.02000000E+01  1.13003461E+00  9.99847846E-01  1.13003461E+00
   118  7.08000000E+01  1.13006865E+00  9.99850548E-01  1.13006865E+00
   119  7.14000000E+01  1.13009584E+00  9.99854487E-01  1.13009584E+00
   120  7.20000000E+01  1.13012490E+00  9.99859817E-01  1.13012490E+00
   121  7.26000000E+01  1.13015247E+00  9.99866703E-01  1.13015247E+00
   122  7.32000000E+01  1.13017460E+00  9.99875328E-01  1.13017460E+00
   123  7.38000000E+01  1.13019683E+00  9.99885887E-01  1.13019683E+00
   124  7.44000000E+01  1.13021931E+00  9.99898594E-01  1.13021931E+00
   125  7.50000000E+01  1.13023743E+00  9.99913681E-01  1.13023743E+00
   126  7.56000000E+01  1.13025233E+00  9.99931399E-01  1.13025233E+00
   127  7.62000000E+01  1.13026882E+00  9.99952019E-01  1.13026882E+00
   128  7.68000000E+01  1.13028387E+00  9.99975834E-01  1.13028387E+00
   129  7.74000000E+01  1.13029653E+00  1.00000316E+00  1.13029653E+00
   130  7.80000000E+01  1.13030741E+00  1.00003434E+00  1.13030741E+00
   131  7.86000000E+01  1.13031989E+00  1.00006974E+00  1.13031989E+00
   132  7.92000000E+01  1.13033051E+00  1.00010976E+00  1.13033051E+00
   133  7.98000000E+01  1.13033971E+00  1.00015482E+00  1.13033971E+00
   134  8.04000000E+01  1.13034770E+00  1.00020538E+00  1.13034770E+00
   135  8.10000000E+01  1.13035459E+00  1.00026193E+00  1.13035459E+00
   136  8.16000000E+01  1.13036209E+00  1.00032500E+00  1.13036209E+00
   137  8.22000000E+01  1.13036914E+00  1.00039515E+00  1.13036914E+00
   138  8.28000000E+01  1.13037512E+00  1.00047298E+00  1.13037512E+00
   139  8.34000000E+01  1.13038005E+00  1.00055914E+00  1.13038005E+00
   140  8.40000000E+01  1.13038396E+00  1.00065431E+00  1.13038396E+00
   141  8.46000000E+01  1.13038830E+00  1.00075924E+00  1.13038830E+00
   142  8.52000000E+01  1.13039230E+00  1.00087469E+00  1.13039230E+00
   143  8.58000000E+01  1.13039537E+00  1.00100150E+00  1.13039537E+00
   144  8.64000000E+01  1.13039759E+00  1.00114057E+00  1.13039759E+00
   145  8.70000000E+01  1.13039907E+00  1.00129282E+00  1.13039907E+00
   146  8.76000000E+01  1.13040102E+00  1.00145925E+00  1.13040102E+00
   147  8.82000000E+01  1.13040257E+00  1.00164093E+00  1.13040257E+00
   148  8.88000000E+01  1.13040349E+00  1.00183897E+00  1.13040349E+00
   149  8.94000000E+01  1.13040395E+00  1.00205455E+00  1.13040395E+00
   150  9.00000000E+01  1.13040406E+00  1.00228892E+00  1.13040406E+00
   151  9.06000000E+01  1.13040394E+00  1.00254341E+00  1.13040394E+00
   152  9.12000000E+01  1.13040369E+00  1.00281939E+00  1.13040369E+00
   153  9.18000000E+01  1.13040343E+00  1.00311834E+00  1.13040343E+00
   154  9.24000000E+01  1.13040316E+00  1.00344178E+00  1.13040316E+00
   155  9.30000000E+01  1.13040280E+00  1.00379132E+00  1.13040280E+00
   156  9.36000000E+01  1.13040240E+00  1.00416865E+00  1.13040240E+00
   157  9.42000000E+01  1.13040197E+00  1.00457552E+00  1.13040197E+00
   158  9.48000000E+01  1.13040154E+00  1.00501377E+00  1.13040154E+00
   159  9.54000000E+01  1.13040111E+00  1.00548530E+00  1.13040111E+00
   160  9.60000000E+01  1.13040067E+00  1.00599211E+00  1.13040067E+00
   161  9.66000000E+01  1.13040022E+00  1.00653624E+00  1.13040022E+00
   162  9.72000000E+01  1.13039977E+00  1.00711982E+00  1.13039977E+00
   163  9.78000000E+01  1.13039932E+00  1.00774505E+00  1.13039932E+00
   164  9.84000000E+01  1.13039887E+00  1.00841417E+00  1.13039887E+00
   165  9.90000000E+01  1.13039845E+00  1.00912949E+00  1.13039845E+00
   166  9.96000000E+01  1.13039804E+00  1.00989338E+00  1.13039804E+00
   167  1.00200000E+02  1.13039765E+00  1.01070823E+00  1.13039765E+00
   168  1.00800000E+02  1.13039734E+00  1.01157647E+00  1.13039734E+00
   169  1.01400000E+02  1.13039706E+00  1.01250056E+00  1.13039706E+00
   170  1.02000000E+02  1.13039681E+00  1.01348297E+00  1.13039681E+00
   171  1.02600000E+02  1.13039658E+00  1.01452614E+00  1.13039658E+00
   172  1.03200000E+02  1.13039637E+00  1.01563252E+00  1.13039637E+00
   173  1.03800000E+02  1.13039618E+00  1.01680449E+00  1.13039618E+00
   174  1.04400000E+02  1.13039601E+00  1.01804441E+00  1.13039601E+00
   175  1.05000000E+02  1.13039585E+00  1.01935452E+00  1.13039585E+00
   176  1.05600000E+02  1.13039571E+00  1.02073697E+00  1.13039571E+00
   177  1.06200000E+02  1.13039558E+00  1.02219378E+00  1.13039558E+00
   178  1.06800000E+02  1.13039546E+00  1.02372681E+00  1.13039546E+00
   179  1.07400000E+02  1.13039535E+00  1.02533774E+00  1.13039535E+00
   180  1.08000000E+02  1.13039526E+00  1.02702801E+00  1.13039526E+00
   181  1.08600000E+02  1.13039517E+00  1.02879882E+00  1.13039517E+00
   182  1.09200000E+02  1.13039510E+00  1.03065108E+00  1.13039510E+00
   183  1.09800000E+02  1.13039503E+00  1.03258538E+00  1.13039503E+00
   184  1.10400000E+02  1.13039496E+00  1.03460196E+00  1.13039496E+00
   185  1.11000000E+02  1.13039491E+00  1.03670066E+00  1.13039491E+00
   186  1.11600000E+02  1.13039486E+00  1.03888090E+00  1.13039486E+00
   187  1.12200000E+02  1.13039481E+00  1.04114161E+00  1.13039481E+00
   188  1.12800000E+02  1.13039477E+00  1.04348127E+00  1.13039477E+00
   189  1.13400000E+02  1.13039473E+00  1.04589778E+00  1.13039473E+00
   190  1.14000000E+02  1.13039470E+00  1.04838852E+00  1.13039470E+00
   191  1.14600000E+02  1.13039467E+00  1.05095026E+00  1.13039467E+00
   192  1.15200000E+02  1.13039464E+00  1.05357919E+00  1.13039464E+00
   193  1.15800000E+02  1.13039462E+00  1.05627083E+00  1.13039462E+00
   194  1.16400000E+02  1.13039460E+00  1.05902011E+00  1.13039460E+00
   195  1.17000000E+02  1.13039458E+00  1.06182128E+00  1.13039458E+00
   196  1.17600000E+02  1.13039456E+00  1.06466795E+00  1.13039456E+00
   197  1.18200000E+02  1.13039454E+00  1.06755311E+00  1.13039454E+00
   198  1.18800000E+02  1.13039453E+00  1.07046912E+00  1.13039453E+00
   199  1.19400000E+02  1.13039452E+00  1.07340775E+00  1.13039452E+00
   200  1.20000000E+02  1.13039450E+00  1.07636019E+00  1.13039450E+00
   201  1.20600000E+02  1.13039449E+00  1.07931714E+00  1.13039449E+00
   202  1.21200000E+02  1.13039448E+00  1.08226880E+00  1.13039448E+00
   203  1.21800000E+02  1.13039447E+00  1.08520501E+00  1.13039447E+00
   204  1.22400000E+02  1.13039447E+00  1.08811524E+00  1.13039447E+00
   205  1.23000000E+02  1.13039446E+00  1.09098873E+00  1.13039446E+00
   206  1.23600000E+02  1.13039445E+00  1.09381455E+00  1.13039445E+00
   207  1.24200000E+02  1.13039445E+00  1.09658173E+00  1.13039445E+00
   208  1.24800000E+02  1.13039444E+00  1.09927934E+00  1.13039444E+00
   209  1.25400000E+02  1.13039444E+00  1.10189665E+00  1.13039444E+00
   210  1.26000000E+02  1.13039443E+00  1.10442321E+00  1.13039443E+00
   211  1.26600000E+02  1.13039443E+00  1.10684904E+00  1.13039443E+00
   212  1.27200000E+02  1.13039442E+00  1.10916478E+00  1.13039442E+00
   213  1.27800000E+02  1.13039442E+00  1.11136179E+00  1.13039442E+00
   214  1.28400000E+02  1.13039442E+00  1.11343239E+00  1.13039442E+00
   215  1.29000000E+02  1.13039441E+00  1.11536995E+00  1.13039441E+00
   216  1.29600000E+02  1.13039441E+00  1.11716910E+00  1.13039441E+00
   217  1.30200000E+02  1.13039441E+00  1.11882589E+00  1.13039441E+00
   218  1.30800000E+02  1.13039441E+00  1.12033787E+00  1.13039441E+00
   219  1.31400000E+02  1.13039440E+00  1.12170431E+00  1.13039440E+00
   220  1.32000000E+02  1.13039440E+00  1.12292618E+00  1.13039440E+00
   221  1.32600000E+02  1.13039440E+00  1.12400630E+00  1.13039440E+00
   222  1.33200000E+02  1.13039440E+00  1.12494931E+00  1.13039440E+00
   223  1.33800000E+02  1.13039440E+00  1.12576161E+00  1.13039440E+00
   224  1.34400000E+02  1.13039440E+00  1.12645130E+00  1.13039440E+00
   225  1.35000000E+02  1.13039440E+00  1.12702798E+00  1.13039440E+00
   226  1.35600000E+02  1.13039439E+00  1.12750252E+00  1.13039439E+00
   227  1.36200000E+02  1.13039439E+00  1.12788680E+00  1.13039439E+00
   228  1.36800000E+02  1.13039439E+00  1.12819332E+00  1.13039439E+00
   229  1.37400000E+02  1.13039439E+00  1.12843482E+00  1.13039439E+00
   230  1.38000000E+02  1.13039439E+00  1.12862392E+00  1.13039439E+00
   231  1.38600000E+02  1.13039439E+00  1.12877264E+00  1.13039439E+00
   232  1.39200000E+02  1.13039439E+00  1.12889206E+00  1.13039439E+00
   233  1.39800000E+02  1.13039439E+00  1.12899194E+00  1.13039439E+00
   234  1.40400000E+02  1.13039439E+00  1.12908050E+00  1.13039439E+00
   235  1.41000000E+02  1.13039439E+00  1.12916418E+00  1.13039439E+00
   236  1.41600000E+02  1.13039439E+00  1.12924761E+00  1.13039439E+00
   237  1.42200000E+02  1.13039439E+00  1.12933357E+00  1.13039439E+00
   238  1.42800000E+02  1.13039439E+00  1.12942322E+00  1.13039439E+00
   239  1.43400000E+02  1.13039439E+00  1.12951625E+00  1.13039439E+00
   240  1.44000000E+02  1.13039439E+00  1.12961119E+00  1.13039439E+00
   241  1.44600000E+02  1.13039439E+00  1.12970581E+00  1.13039439E+00
   242  1.45200000E+02  1.13039439E+00  1.12979746E+00  1.13039439E+00
   243  1.45800000E+02  1.13039439E+00  1.12988342E+00  1.13039439E+00
   244  1.46400000E+02  1.13039439E+00  1.12996123E+00  1.13039439E+00
   245  1.47000000E+02  1.13039439E+00  1.13002896E+00  1.13039439E+00
   246  1.47600000E+02  1.13039439E+00  1.13008534E+00  1.13039439E+00
   247  1.48200000E+02  1.13039439E+00  1.13012989E+00  1.13039439E+00
   248  1.48800000E+02  1.13039439E+00  1.13016288E+00  1.13039439E+00
   249  1.49400000E+02  1.13039438E+00  1.13018524E+00  1.13039438E+00
   250  1.50000000E+02  1.13039438E+00  1.13019845E+00  1.13039438E+00
   251  1.50600000E+02  1.13039438E+00  1.13020433E+00  1.13039438E+00
   252  1.51200000E+02  1.13039438E+00  1.13020484E+00  1.13039438E+00
   253  1.51800000E+02  1.13039438E+00  1.13020191E+00  1.13039438E+00
   254  1.52400000E+02  1.13039438E+00  1.13019728E+00  1.13039438E+00
   255  1.53000000E+02  1.13039438E+00  1.13019236E+00  1.13039438E+00
   256  1.53600000E+02  1.13039438E+00  1.13018818E+00  1.13039438E+00
   257  1.54200000E+02  1.13039438E+00  1.13018536E+00  1.13039438E+00
   258  1.54800000E+02  1.13039438E+00  1.13018416E+00  1.13039438E+00
   259  1.55400000E+02  1.13039438E+00  1.13018451E+00  1.13039438E+00
   260  1.56000000E+02  1.13039438E+00  1.13018612E+00  1.13039438E+00
 steady-height stop at step    260: changes <=   1.0000E-05, max-end <=   1.0000E-02, max/end/gap/profile_change =   1.13039438E+00  1.13018612E+00  2.08260871E-04  2.82013622E-06


STDERR:
