COMMAND:
/shared/extrudate_rom/generate_rom_data/extrudate_swell2d_c_cluster

STDOUT:
 comppar: model =   3
 comppar: lambda,mobility/eps,betav,eta_0 =  1.0000E+00  1.0000E-01  5.0000E-01  1.0000E+00
 comppar: eta_s,eta_p,G =  5.0000E-01  5.0000E-01  5.0000E-01
 comppar: U_avg,deltat,flowrate,nsteps =  5.0000E-02  6.0000E-01  1.5708E-01     700
 comppar: geometry = axisymmetric
 comppar: steady stop change,gap,hold,min =  1.0000E-05  1.0000E-02      10      80
 comppar: ncompc,ncompg =     4     5
 mesh nnodes = 5765
 mesh nelem = 2780
 P1 BC   5.0000000000000000     
 P2 BC   0.0000000000000000     
     1  6.00000000E-01  1.00379282E+00  1.00000000E+00  1.00379282E+00
     2  1.20000000E+00  1.00748707E+00  1.00000000E+00  1.00748707E+00
     3  1.80000000E+00  1.01105126E+00  1.00000000E+00  1.01105126E+00
     4  2.40000000E+00  1.01452108E+00  1.00000000E+00  1.01452108E+00
     5  3.00000000E+00  1.01791761E+00  1.00000000E+00  1.01791761E+00
     6  3.60000000E+00  1.02124152E+00  1.00000000E+00  1.02124152E+00
     7  4.20000000E+00  1.02449492E+00  1.00000000E+00  1.02449492E+00
     8  4.80000000E+00  1.02767461E+00  1.00000000E+00  1.02767461E+00
     9  5.40000000E+00  1.03080592E+00  1.00000001E+00  1.03080592E+00
    10  6.00000000E+00  1.03386292E+00  1.00000001E+00  1.03386292E+00
    11  6.60000000E+00  1.03683522E+00  1.00000000E+00  1.03683522E+00
    12  7.20000000E+00  1.03978042E+00  1.00000000E+00  1.03978042E+00
    13  7.80000000E+00  1.04263814E+00  1.00000000E+00  1.04263814E+00
    14  8.40000000E+00  1.04543517E+00  1.00000000E+00  1.04543517E+00
    15  9.00000000E+00  1.04818020E+00  9.99999997E-01  1.04818020E+00
    16  9.60000000E+00  1.05083749E+00  9.99999992E-01  1.05083749E+00
    17  1.02000000E+01  1.05347731E+00  9.99999986E-01  1.05347731E+00
    18  1.08000000E+01  1.05599295E+00  9.99999979E-01  1.05599295E+00
    19  1.14000000E+01  1.05851711E+00  9.99999970E-01  1.05851711E+00
    20  1.20000000E+01  1.06091075E+00  9.99999959E-01  1.06091075E+00
    21  1.26000000E+01  1.06332134E+00  9.99999946E-01  1.06332134E+00
    22  1.32000000E+01  1.06559265E+00  9.99999931E-01  1.06559265E+00
    23  1.38000000E+01  1.06787773E+00  9.99999912E-01  1.06787773E+00
    24  1.44000000E+01  1.07005260E+00  9.99999891E-01  1.07005260E+00
    25  1.50000000E+01  1.07220405E+00  9.99999866E-01  1.07220405E+00
    26  1.56000000E+01  1.07428267E+00  9.99999837E-01  1.07428267E+00
    27  1.62000000E+01  1.07626362E+00  9.99999804E-01  1.07626362E+00
    28  1.68000000E+01  1.07827724E+00  9.99999767E-01  1.07827724E+00
    29  1.74000000E+01  1.08012121E+00  9.99999724E-01  1.08012121E+00
    30  1.80000000E+01  1.08203823E+00  9.99999675E-01  1.08203823E+00
    31  1.86000000E+01  1.08381694E+00  9.99999621E-01  1.08381694E+00
    32  1.92000000E+01  1.08552081E+00  9.99999560E-01  1.08552081E+00
    33  1.98000000E+01  1.08727183E+00  9.99999491E-01  1.08727183E+00
    34  2.04000000E+01  1.08884792E+00  9.99999414E-01  1.08884792E+00
    35  2.10000000E+01  1.09048151E+00  9.99999328E-01  1.09048151E+00
    36  2.16000000E+01  1.09203033E+00  9.99999233E-01  1.09203033E+00
    37  2.22000000E+01  1.09340143E+00  9.99999128E-01  1.09340143E+00
    38  2.28000000E+01  1.09494192E+00  9.99999011E-01  1.09494192E+00
    39  2.34000000E+01  1.09632217E+00  9.99998882E-01  1.09632217E+00
    40  2.40000000E+01  1.09759043E+00  9.99998740E-01  1.09759043E+00
    41  2.46000000E+01  1.09897761E+00  9.99998583E-01  1.09897761E+00
    42  2.52000000E+01  1.10018863E+00  9.99998411E-01  1.10018863E+00
    43  2.58000000E+01  1.10135884E+00  9.99998223E-01  1.10135884E+00
    44  2.64000000E+01  1.10258232E+00  9.99998016E-01  1.10258232E+00
    45  2.70000000E+01  1.10363194E+00  9.99997791E-01  1.10363194E+00
    46  2.76000000E+01  1.10474040E+00  9.99997544E-01  1.10474040E+00
    47  2.82000000E+01  1.10580055E+00  9.99997276E-01  1.10580055E+00
    48  2.88000000E+01  1.10669099E+00  9.99996984E-01  1.10669099E+00
    49  2.94000000E+01  1.10773565E+00  9.99996666E-01  1.10773565E+00
    50  3.00000000E+01  1.10863944E+00  9.99996321E-01  1.10863944E+00
    51  3.06000000E+01  1.10946764E+00  9.99995947E-01  1.10946764E+00
    52  3.12000000E+01  1.11038151E+00  9.99995541E-01  1.11038151E+00
    53  3.18000000E+01  1.11113261E+00  9.99995103E-01  1.11113261E+00
    54  3.24000000E+01  1.11192641E+00  9.99994629E-01  1.11192641E+00
    55  3.30000000E+01  1.11269055E+00  9.99994118E-01  1.11269055E+00
    56  3.36000000E+01  1.11330125E+00  9.99993566E-01  1.11330125E+00
    57  3.42000000E+01  1.11407320E+00  9.99992972E-01  1.11407320E+00
    58  3.48000000E+01  1.11469291E+00  9.99992333E-01  1.11469291E+00
    59  3.54000000E+01  1.11529537E+00  9.99991646E-01  1.11529537E+00
    60  3.60000000E+01  1.11592775E+00  9.99990908E-01  1.11592775E+00
    61  3.66000000E+01  1.11641740E+00  9.99990117E-01  1.11641740E+00
    62  3.72000000E+01  1.11701236E+00  9.99989269E-01  1.11701236E+00
    63  3.78000000E+01  1.11751020E+00  9.99988361E-01  1.11751020E+00
    64  3.84000000E+01  1.11796698E+00  9.99987391E-01  1.11796698E+00
    65  3.90000000E+01  1.11847691E+00  9.99986354E-01  1.11847691E+00
    66  3.96000000E+01  1.11885629E+00  9.99985247E-01  1.11885629E+00
    67  4.02000000E+01  1.11931744E+00  9.99984067E-01  1.11931744E+00
    68  4.08000000E+01  1.11970418E+00  9.99982810E-01  1.11970418E+00
    69  4.14000000E+01  1.12005634E+00  9.99981473E-01  1.12005634E+00
    70  4.20000000E+01  1.12045436E+00  9.99980051E-01  1.12045436E+00
    71  4.26000000E+01  1.12073523E+00  9.99978542E-01  1.12073523E+00
    72  4.32000000E+01  1.12109774E+00  9.99976942E-01  1.12109774E+00
    73  4.38000000E+01  1.12138506E+00  9.99975246E-01  1.12138506E+00
    74  4.44000000E+01  1.12166404E+00  9.99973451E-01  1.12166404E+00
    75  4.50000000E+01  1.12196159E+00  9.99971554E-01  1.12196159E+00
    76  4.56000000E+01  1.12215624E+00  9.99969550E-01  1.12215624E+00
    77  4.62000000E+01  1.12244765E+00  9.99967437E-01  1.12244765E+00
    78  4.68000000E+01  1.12264779E+00  9.99965210E-01  1.12264779E+00
    79  4.74000000E+01  1.12287766E+00  9.99962868E-01  1.12287766E+00
    80  4.80000000E+01  1.12308675E+00  9.99960407E-01  1.12308675E+00
    81  4.86000000E+01  1.12323394E+00  9.99957824E-01  1.12323394E+00
    82  4.92000000E+01  1.12344899E+00  9.99955117E-01  1.12344899E+00
    83  4.98000000E+01  1.12357440E+00  9.99952284E-01  1.12357440E+00
    84  5.04000000E+01  1.12377295E+00  9.99949324E-01  1.12377295E+00
    85  5.10000000E+01  1.12390585E+00  9.99946236E-01  1.12390585E+00
    86  5.16000000E+01  1.12403400E+00  9.99943019E-01  1.12403400E+00
    87  5.22000000E+01  1.12417185E+00  9.99939675E-01  1.12417185E+00
    88  5.28000000E+01  1.12426830E+00  9.99936204E-01  1.12426830E+00
    89  5.34000000E+01  1.12441417E+00  9.99932608E-01  1.12441417E+00
    90  5.40000000E+01  1.12448311E+00  9.99928890E-01  1.12448311E+00
    91  5.46000000E+01  1.12460252E+00  9.99925056E-01  1.12460252E+00
    92  5.52000000E+01  1.12467537E+00  9.99921110E-01  1.12467537E+00
    93  5.58000000E+01  1.12477641E+00  9.99917060E-01  1.12477641E+00
    94  5.64000000E+01  1.12485571E+00  9.99912915E-01  1.12485571E+00
    95  5.70000000E+01  1.12490550E+00  9.99908684E-01  1.12490550E+00
    96  5.76000000E+01  1.12498915E+00  9.99904382E-01  1.12498915E+00
    97  5.82000000E+01  1.12502744E+00  9.99900021E-01  1.12502744E+00
    98  5.88000000E+01  1.12511809E+00  9.99895621E-01  1.12511809E+00
    99  5.94000000E+01  1.12514264E+00  9.99891199E-01  1.12514264E+00
   100  6.00000000E+01  1.12520743E+00  9.99886781E-01  1.12520743E+00
   101  6.06000000E+01  1.12523527E+00  9.99882390E-01  1.12523527E+00
   102  6.12000000E+01  1.12529781E+00  9.99878058E-01  1.12529781E+00
   103  6.18000000E+01  1.12533100E+00  9.99873818E-01  1.12533100E+00
   104  6.24000000E+01  1.12535450E+00  9.99869707E-01  1.12535450E+00
   105  6.30000000E+01  1.12539138E+00  9.99865768E-01  1.12539138E+00
   106  6.36000000E+01  1.12541646E+00  9.99862049E-01  1.12541646E+00
   107  6.42000000E+01  1.12545921E+00  9.99858603E-01  1.12545921E+00
   108  6.48000000E+01  1.12544934E+00  9.99855488E-01  1.12544934E+00
   109  6.54000000E+01  1.12549619E+00  9.99852772E-01  1.12549619E+00
   110  6.60000000E+01  1.12549057E+00  9.99850525E-01  1.12549057E+00
   111  6.66000000E+01  1.12554381E+00  9.99848829E-01  1.12554381E+00
   112  6.72000000E+01  1.12553771E+00  9.99847773E-01  1.12553771E+00
   113  6.78000000E+01  1.12556414E+00  9.99847453E-01  1.12556414E+00
   114  6.84000000E+01  1.12556104E+00  9.99847977E-01  1.12556104E+00
   115  6.90000000E+01  1.12559735E+00  9.99849463E-01  1.12559735E+00
   116  6.96000000E+01  1.12559895E+00  9.99852039E-01  1.12559895E+00
   117  7.02000000E+01  1.12560605E+00  9.99855847E-01  1.12560605E+00
   118  7.08000000E+01  1.12561102E+00  9.99861039E-01  1.12561102E+00
   119  7.14000000E+01  1.12562915E+00  9.99867785E-01  1.12562915E+00
   120  7.20000000E+01  1.12563933E+00  9.99876267E-01  1.12563933E+00
   121  7.26000000E+01  1.12562990E+00  9.99886683E-01  1.12562990E+00
   122  7.32000000E+01  1.12564381E+00  9.99899250E-01  1.12564381E+00
   123  7.38000000E+01  1.12564595E+00  9.99914203E-01  1.12564595E+00
   124  7.44000000E+01  1.12566556E+00  9.99931794E-01  1.12566556E+00
   125  7.50000000E+01  1.12564143E+00  9.99952300E-01  1.12564143E+00
   126  7.56000000E+01  1.12566512E+00  9.99976018E-01  1.12566512E+00
   127  7.62000000E+01  1.12565268E+00  1.00000327E+00  1.12565268E+00
   128  7.68000000E+01  1.12568254E+00  1.00003440E+00  1.12568254E+00
   129  7.74000000E+01  1.12565590E+00  1.00006978E+00  1.12565590E+00
   130  7.80000000E+01  1.12567902E+00  1.00010982E+00  1.12567902E+00
   131  7.86000000E+01  1.12565533E+00  1.00015495E+00  1.12565533E+00
   132  7.92000000E+01  1.12569360E+00  1.00020564E+00  1.12569360E+00
   133  7.98000000E+01  1.12567442E+00  1.00026238E+00  1.12567442E+00
   134  8.04000000E+01  1.12568825E+00  1.00032570E+00  1.12568825E+00
   135  8.10000000E+01  1.12567236E+00  1.00039620E+00  1.12567236E+00
   136  8.16000000E+01  1.12570098E+00  1.00047447E+00  1.12570098E+00
   137  8.22000000E+01  1.12569007E+00  1.00056117E+00  1.12569007E+00
   138  8.28000000E+01  1.12569461E+00  1.00065702E+00  1.12569461E+00
   139  8.34000000E+01  1.12568732E+00  1.00076275E+00  1.12568732E+00
   140  8.40000000E+01  1.12570612E+00  1.00087917E+00  1.12570612E+00
   141  8.46000000E+01  1.12570426E+00  1.00100713E+00  1.12570426E+00
   142  8.52000000E+01  1.12569923E+00  1.00114752E+00  1.12569923E+00
   143  8.58000000E+01  1.12570132E+00  1.00130133E+00  1.12570132E+00
   144  8.64000000E+01  1.12570986E+00  1.00146955E+00  1.12570986E+00
   145  8.70000000E+01  1.12571782E+00  1.00165329E+00  1.12571782E+00
   146  8.76000000E+01  1.12570270E+00  1.00185368E+00  1.12570270E+00
   147  8.82000000E+01  1.12571494E+00  1.00207194E+00  1.12571494E+00
   148  8.88000000E+01  1.12571261E+00  1.00230934E+00  1.12571261E+00
   149  8.94000000E+01  1.12573114E+00  1.00256725E+00  1.12573114E+00
   150  9.00000000E+01  1.12570529E+00  1.00284708E+00  1.12570529E+00
   151  9.06000000E+01  1.12572842E+00  1.00315033E+00  1.12572842E+00
   152  9.12000000E+01  1.12571452E+00  1.00347857E+00  1.12571452E+00
   153  9.18000000E+01  1.12574435E+00  1.00383346E+00  1.12574435E+00
   154  9.24000000E+01  1.12571348E+00  1.00421672E+00  1.12571348E+00
   155  9.30000000E+01  1.12574177E+00  1.00463015E+00  1.12574177E+00
   156  9.36000000E+01  1.12571554E+00  1.00507564E+00  1.12571554E+00
   157  9.42000000E+01  1.12575737E+00  1.00555514E+00  1.12575737E+00
   158  9.48000000E+01  1.12573506E+00  1.00607069E+00  1.12573506E+00
   159  9.54000000E+01  1.12575487E+00  1.00662439E+00  1.12575487E+00
   160  9.60000000E+01  1.12573633E+00  1.00721844E+00  1.12573633E+00
   161  9.66000000E+01  1.12577002E+00  1.00785506E+00  1.12577002E+00
   162  9.72000000E+01  1.12575700E+00  1.00853658E+00  1.12575700E+00
   163  9.78000000E+01  1.12576747E+00  1.00926535E+00  1.12576747E+00
   164  9.84000000E+01  1.12575853E+00  1.01004379E+00  1.12575853E+00
   165  9.90000000E+01  1.12578203E+00  1.01087435E+00  1.12578203E+00
   166  9.96000000E+01  1.12577902E+00  1.01175952E+00  1.12577902E+00
   167  1.00200000E+02  1.12577931E+00  1.01270181E+00  1.12577931E+00
   168  1.00800000E+02  1.12578068E+00  1.01370372E+00  1.12578068E+00
   169  1.01400000E+02  1.12579313E+00  1.01476775E+00  1.12579313E+00
   170  1.02000000E+02  1.12580082E+00  1.01589639E+00  1.12580082E+00
   171  1.02600000E+02  1.12579008E+00  1.01709205E+00  1.12579008E+00
   172  1.03200000E+02  1.12580245E+00  1.01835710E+00  1.12580245E+00
   173  1.03800000E+02  1.12580301E+00  1.01969381E+00  1.12580301E+00
   174  1.04400000E+02  1.12582208E+00  1.02110435E+00  1.12582208E+00
   175  1.05000000E+02  1.12579949E+00  1.02259073E+00  1.12579949E+00
   176  1.05600000E+02  1.12582354E+00  1.02415479E+00  1.12582354E+00
   177  1.06200000E+02  1.12581139E+00  1.02579819E+00  1.12581139E+00
   178  1.06800000E+02  1.12584250E+00  1.02752232E+00  1.12584250E+00
   179  1.07400000E+02  1.12580925E+00  1.02932834E+00  1.12580925E+00
   180  1.08000000E+02  1.12584364E+00  1.03121707E+00  1.12584364E+00
   181  1.08600000E+02  1.12581797E+00  1.03318901E+00  1.12581797E+00
   182  1.09200000E+02  1.12586179E+00  1.03524428E+00  1.12586179E+00
   183  1.09800000E+02  1.12583794E+00  1.03738256E+00  1.12583794E+00
   184  1.10400000E+02  1.12586248E+00  1.03960312E+00  1.12586248E+00
   185  1.11000000E+02  1.12584279E+00  1.04190470E+00  1.12584279E+00
   186  1.11600000E+02  1.12587966E+00  1.04428554E+00  1.12587966E+00
   187  1.12200000E+02  1.12586590E+00  1.04674332E+00  1.12586590E+00
   188  1.12800000E+02  1.12587978E+00  1.04927512E+00  1.12587978E+00
   189  1.13400000E+02  1.12587047E+00  1.05187742E+00  1.12587047E+00
   190  1.14000000E+02  1.12589588E+00  1.05454606E+00  1.12589588E+00
   191  1.14600000E+02  1.12589287E+00  1.05727622E+00  1.12589287E+00
   192  1.15200000E+02  1.12589531E+00  1.06006245E+00  1.12589531E+00
   193  1.15800000E+02  1.12589703E+00  1.06289858E+00  1.12589703E+00
   194  1.16400000E+02  1.12591021E+00  1.06577781E+00  1.12591021E+00
   195  1.17000000E+02  1.12591859E+00  1.06869268E+00  1.12591859E+00
   196  1.17600000E+02  1.12590886E+00  1.07163506E+00  1.12590886E+00
   197  1.18200000E+02  1.12592225E+00  1.07459626E+00  1.12592225E+00
   198  1.18800000E+02  1.12592245E+00  1.07756696E+00  1.12592245E+00
   199  1.19400000E+02  1.12594286E+00  1.08053734E+00  1.12594286E+00
   200  1.20000000E+02  1.12592021E+00  1.08349709E+00  1.12592021E+00
   201  1.20600000E+02  1.12594591E+00  1.08643550E+00  1.12594591E+00
   202  1.21200000E+02  1.12593241E+00  1.08934150E+00  1.12593241E+00
   203  1.21800000E+02  1.12596547E+00  1.09220377E+00  1.12596547E+00
   204  1.22400000E+02  1.12593096E+00  1.09501083E+00  1.12593096E+00
   205  1.23000000E+02  1.12596783E+00  1.09775113E+00  1.12596783E+00
   206  1.23600000E+02  1.12593992E+00  1.10041319E+00  1.12593992E+00
   207  1.24200000E+02  1.12598623E+00  1.10298568E+00  1.12598623E+00
   208  1.24800000E+02  1.12596183E+00  1.10545759E+00  1.12596183E+00
   209  1.25400000E+02  1.12598783E+00  1.10781837E+00  1.12598783E+00
   210  1.26000000E+02  1.12596790E+00  1.11005806E+00  1.12596790E+00
   211  1.26600000E+02  1.12600500E+00  1.11216745E+00  1.12600500E+00
   212  1.27200000E+02  1.12599133E+00  1.11413828E+00  1.12599133E+00
   213  1.27800000E+02  1.12600574E+00  1.11596338E+00  1.12600574E+00
   214  1.28400000E+02  1.12599684E+00  1.11763685E+00  1.12599684E+00
   215  1.29000000E+02  1.12602160E+00  1.11915422E+00  1.12602160E+00
   216  1.29600000E+02  1.12601930E+00  1.12051266E+00  1.12601930E+00
   217  1.30200000E+02  1.12602142E+00  1.12171106E+00  1.12602142E+00
   218  1.30800000E+02  1.12602415E+00  1.12275021E+00  1.12602415E+00
   219  1.31400000E+02  1.12603591E+00  1.12363288E+00  1.12603591E+00
   220  1.32000000E+02  1.12604558E+00  1.12436387E+00  1.12604558E+00
   221  1.32600000E+02  1.12603479E+00  1.12495002E+00  1.12603479E+00
   222  1.33200000E+02  1.12604982E+00  1.12540016E+00  1.12604982E+00
   223  1.33800000E+02  1.12604804E+00  1.12572500E+00  1.12604804E+00
   224  1.34400000E+02  1.12607034E+00  1.12593690E+00  1.12607034E+00
   225  1.35000000E+02  1.12604966E+00  1.12604966E+00  1.12604966E+00
   226  1.35600000E+02  1.12607813E+00  1.12607813E+00  1.12607813E+00
   227  1.36200000E+02  1.12603784E+00  1.12603784E+00  1.12603784E+00
   228  1.36800000E+02  1.12594453E+00  1.12594453E+00  1.12594453E+00
   229  1.37400000E+02  1.12581367E+00  1.12581367E+00  1.12581367E+00
   230  1.38000000E+02  1.12565996E+00  1.12565996E+00  1.12565996E+00
   231  1.38600000E+02  1.12549689E+00  1.12549689E+00  1.12549689E+00
   232  1.39200000E+02  1.12533625E+00  1.12533625E+00  1.12533625E+00
   233  1.39800000E+02  1.12519177E+00  1.12518784E+00  1.12519177E+00
   234  1.40400000E+02  1.12519177E+00  1.12505916E+00  1.12519177E+00
   235  1.41000000E+02  1.12519177E+00  1.12495536E+00  1.12519177E+00
   236  1.41600000E+02  1.12519177E+00  1.12487915E+00  1.12519177E+00
   237  1.42200000E+02  1.12519176E+00  1.12483100E+00  1.12519176E+00
   238  1.42800000E+02  1.12519176E+00  1.12480937E+00  1.12519176E+00
   239  1.43400000E+02  1.12519176E+00  1.12481109E+00  1.12519176E+00
   240  1.44000000E+02  1.12519176E+00  1.12483176E+00  1.12519176E+00
   241  1.44600000E+02  1.12519176E+00  1.12486631E+00  1.12519176E+00
   242  1.45200000E+02  1.12519175E+00  1.12490939E+00  1.12519175E+00
   243  1.45800000E+02  1.12519175E+00  1.12495590E+00  1.12519175E+00
   244  1.46400000E+02  1.12519175E+00  1.12500130E+00  1.12519175E+00
   245  1.47000000E+02  1.12519175E+00  1.12504198E+00  1.12519175E+00
   246  1.47600000E+02  1.12519175E+00  1.12507535E+00  1.12519175E+00
   247  1.48200000E+02  1.12519175E+00  1.12509995E+00  1.12519175E+00
   248  1.48800000E+02  1.12519175E+00  1.12511541E+00  1.12519175E+00
   249  1.49400000E+02  1.12519175E+00  1.12512226E+00  1.12519175E+00
   250  1.50000000E+02  1.12519175E+00  1.12512177E+00  1.12519175E+00
   251  1.50600000E+02  1.12519174E+00  1.12511565E+00  1.12519174E+00
   252  1.51200000E+02  1.12519174E+00  1.12510584E+00  1.12519174E+00
   253  1.51800000E+02  1.12519174E+00  1.12509426E+00  1.12519174E+00
   254  1.52400000E+02  1.12519174E+00  1.12508258E+00  1.12519174E+00
   255  1.53000000E+02  1.12519174E+00  1.12507213E+00  1.12519174E+00
   256  1.53600000E+02  1.12519174E+00  1.12506379E+00  1.12519174E+00
   257  1.54200000E+02  1.12519174E+00  1.12505801E+00  1.12519174E+00
   258  1.54800000E+02  1.12519174E+00  1.12505480E+00  1.12519174E+00
   259  1.55400000E+02  1.12519174E+00  1.12505389E+00  1.12519174E+00
   260  1.56000000E+02  1.12519174E+00  1.12505476E+00  1.12519174E+00
   261  1.56600000E+02  1.12519174E+00  1.12505678E+00  1.12519174E+00
   262  1.57200000E+02  1.12519174E+00  1.12505934E+00  1.12519174E+00
   263  1.57800000E+02  1.12519174E+00  1.12506189E+00  1.12519174E+00
   264  1.58400000E+02  1.12519174E+00  1.12506400E+00  1.12519174E+00
   265  1.59000000E+02  1.12519174E+00  1.12506542E+00  1.12519174E+00
 steady-height stop at step    265: changes <=   1.0000E-05, max-end <=   1.0000E-02, max/end/gap/profile_change =   1.12519174E+00  1.12506542E+00  1.26317880E-04  1.42104930E-06


STDERR:
