COMMAND:
/shared/extrudate_rom/generate_rom_data/extrudate_swell2d_c_cluster

STDOUT:
 comppar: model =   3
 comppar: lambda,mobility/eps,betav,eta_0 =  6.4000E+00  2.3333E-01  3.0000E-01  1.0000E+00
 comppar: eta_s,eta_p,G =  3.0000E-01  7.0000E-01  1.0937E-01
 comppar: U_avg,deltat,flowrate,nsteps =  5.0000E-02  6.0000E-01  1.5708E-01     700
 comppar: geometry = axisymmetric
 comppar: steady stop change,gap,hold,min =  1.0000E-05  1.0000E-02      10      80
 comppar: ncompc,ncompg =     4     5
 mesh nnodes = 5765
 mesh nelem = 2780
 P1 BC   5.0000000000000000     
 P2 BC   0.0000000000000000     
     1  6.00000000E-01  1.00378845E+00  1.00000000E+00  1.00378845E+00
     2  1.20000000E+00  1.00746589E+00  1.00000000E+00  1.00746589E+00
     3  1.80000000E+00  1.01101304E+00  1.00000000E+00  1.01101304E+00
     4  2.40000000E+00  1.01445063E+00  1.00000000E+00  1.01445063E+00
     5  3.00000000E+00  1.01778807E+00  1.00000000E+00  1.01778807E+00
     6  3.60000000E+00  1.02103896E+00  1.00000000E+00  1.02103896E+00
     7  4.20000000E+00  1.02421784E+00  1.00000000E+00  1.02421784E+00
     8  4.80000000E+00  1.02732940E+00  1.00000001E+00  1.02732940E+00
     9  5.40000000E+00  1.03038694E+00  1.00000001E+00  1.03038694E+00
    10  6.00000000E+00  1.03341799E+00  1.00000001E+00  1.03341799E+00
    11  6.60000000E+00  1.03638625E+00  1.00000001E+00  1.03638625E+00
    12  7.20000000E+00  1.03932802E+00  1.00000001E+00  1.03932802E+00
    13  7.80000000E+00  1.04223198E+00  1.00000001E+00  1.04223198E+00
    14  8.40000000E+00  1.04508422E+00  1.00000001E+00  1.04508422E+00
    15  9.00000000E+00  1.04792041E+00  1.00000000E+00  1.04792041E+00
    16  9.60000000E+00  1.05069699E+00  1.00000000E+00  1.05069699E+00
    17  1.02000000E+01  1.05344922E+00  9.99999999E-01  1.05344922E+00
    18  1.08000000E+01  1.05614516E+00  9.99999994E-01  1.05614516E+00
    19  1.14000000E+01  1.05875471E+00  9.99999988E-01  1.05875471E+00
    20  1.20000000E+01  1.06137854E+00  9.99999980E-01  1.06137854E+00
    21  1.26000000E+01  1.06388552E+00  9.99999971E-01  1.06388552E+00
    22  1.32000000E+01  1.06639285E+00  9.99999960E-01  1.06639285E+00
    23  1.38000000E+01  1.06881547E+00  9.99999947E-01  1.06881547E+00
    24  1.44000000E+01  1.07116880E+00  9.99999931E-01  1.07116880E+00
    25  1.50000000E+01  1.07352380E+00  9.99999913E-01  1.07352380E+00
    26  1.56000000E+01  1.07574774E+00  9.99999891E-01  1.07574774E+00
    27  1.62000000E+01  1.07799161E+00  9.99999867E-01  1.07799161E+00
    28  1.68000000E+01  1.08014295E+00  9.99999839E-01  1.08014295E+00
    29  1.74000000E+01  1.08216712E+00  9.99999807E-01  1.08216712E+00
    30  1.80000000E+01  1.08427159E+00  9.99999770E-01  1.08427159E+00
    31  1.86000000E+01  1.08624028E+00  9.99999729E-01  1.08624028E+00
    32  1.92000000E+01  1.08812559E+00  9.99999682E-01  1.08812559E+00
    33  1.98000000E+01  1.09004627E+00  9.99999630E-01  1.09004627E+00
    34  2.04000000E+01  1.09183245E+00  9.99999571E-01  1.09183245E+00
    35  2.10000000E+01  1.09353518E+00  9.99999506E-01  1.09353518E+00
    36  2.16000000E+01  1.09530441E+00  9.99999433E-01  1.09530441E+00
    37  2.22000000E+01  1.09694472E+00  9.99999352E-01  1.09694472E+00
    38  2.28000000E+01  1.09847625E+00  9.99999262E-01  1.09847625E+00
    39  2.34000000E+01  1.10009789E+00  9.99999163E-01  1.10009789E+00
    40  2.40000000E+01  1.10159891E+00  9.99999053E-01  1.10159891E+00
    41  2.46000000E+01  1.10298943E+00  9.99998932E-01  1.10298943E+00
    42  2.52000000E+01  1.10443228E+00  9.99998798E-01  1.10443228E+00
    43  2.58000000E+01  1.10583040E+00  9.99998652E-01  1.10583040E+00
    44  2.64000000E+01  1.10712817E+00  9.99998491E-01  1.10712817E+00
    45  2.70000000E+01  1.10835454E+00  9.99998315E-01  1.10835454E+00
    46  2.76000000E+01  1.10965515E+00  9.99998123E-01  1.10965515E+00
    47  2.82000000E+01  1.11086583E+00  9.99997913E-01  1.11086583E+00
    48  2.88000000E+01  1.11199746E+00  9.99997684E-01  1.11199746E+00
    49  2.94000000E+01  1.11311353E+00  9.99997434E-01  1.11311353E+00
    50  3.00000000E+01  1.11424924E+00  9.99997163E-01  1.11424924E+00
    51  3.06000000E+01  1.11531183E+00  9.99996868E-01  1.11531183E+00
    52  3.12000000E+01  1.11630646E+00  9.99996548E-01  1.11630646E+00
    53  3.18000000E+01  1.11728872E+00  9.99996201E-01  1.11728872E+00
    54  3.24000000E+01  1.11828623E+00  9.99995825E-01  1.11828623E+00
    55  3.30000000E+01  1.11921776E+00  9.99995419E-01  1.11921776E+00
    56  3.36000000E+01  1.12008118E+00  9.99994980E-01  1.12008118E+00
    57  3.42000000E+01  1.12096829E+00  9.99994506E-01  1.12096829E+00
    58  3.48000000E+01  1.12183197E+00  9.99993996E-01  1.12183197E+00
    59  3.54000000E+01  1.12262367E+00  9.99993446E-01  1.12262367E+00
    60  3.60000000E+01  1.12336232E+00  9.99992854E-01  1.12336232E+00
    61  3.66000000E+01  1.12416069E+00  9.99992219E-01  1.12416069E+00
    62  3.72000000E+01  1.12488293E+00  9.99991536E-01  1.12488293E+00
    63  3.78000000E+01  1.12552357E+00  9.99990803E-01  1.12552357E+00
    64  3.84000000E+01  1.12621821E+00  9.99990018E-01  1.12621821E+00
    65  3.90000000E+01  1.12686502E+00  9.99989178E-01  1.12686502E+00
    66  3.96000000E+01  1.12742933E+00  9.99988279E-01  1.12742933E+00
    67  4.02000000E+01  1.12803754E+00  9.99987318E-01  1.12803754E+00
    68  4.08000000E+01  1.12861100E+00  9.99986292E-01  1.12861100E+00
    69  4.14000000E+01  1.12910119E+00  9.99985198E-01  1.12910119E+00
    70  4.20000000E+01  1.12962887E+00  9.99984032E-01  1.12962887E+00
    71  4.26000000E+01  1.13012911E+00  9.99982791E-01  1.13012911E+00
    72  4.32000000E+01  1.13054985E+00  9.99981471E-01  1.13054985E+00
    73  4.38000000E+01  1.13102109E+00  9.99980068E-01  1.13102109E+00
    74  4.44000000E+01  1.13145029E+00  9.99978579E-01  1.13145029E+00
    75  4.50000000E+01  1.13180399E+00  9.99977000E-01  1.13180399E+00
    76  4.56000000E+01  1.13221592E+00  9.99975327E-01  1.13221592E+00
    77  4.62000000E+01  1.13258086E+00  9.99973556E-01  1.13258086E+00
    78  4.68000000E+01  1.13287767E+00  9.99971684E-01  1.13287767E+00
    79  4.74000000E+01  1.13324523E+00  9.99969707E-01  1.13324523E+00
    80  4.80000000E+01  1.13354850E+00  9.99967620E-01  1.13354850E+00
    81  4.86000000E+01  1.13380629E+00  9.99965422E-01  1.13380629E+00
    82  4.92000000E+01  1.13412039E+00  9.99963107E-01  1.13412039E+00
    83  4.98000000E+01  1.13437279E+00  9.99960673E-01  1.13437279E+00
    84  5.04000000E+01  1.13460210E+00  9.99958117E-01  1.13460210E+00
    85  5.10000000E+01  1.13486018E+00  9.99955437E-01  1.13486018E+00
    86  5.16000000E+01  1.13506496E+00  9.99952628E-01  1.13506496E+00
    87  5.22000000E+01  1.13527391E+00  9.99949690E-01  1.13527391E+00
    88  5.28000000E+01  1.13548695E+00  9.99946621E-01  1.13548695E+00
    89  5.34000000E+01  1.13565512E+00  9.99943420E-01  1.13565512E+00
    90  5.40000000E+01  1.13583367E+00  9.99940085E-01  1.13583367E+00
    91  5.46000000E+01  1.13600519E+00  9.99936617E-01  1.13600519E+00
    92  5.52000000E+01  1.13614082E+00  9.99933017E-01  1.13614082E+00
    93  5.58000000E+01  1.13630594E+00  9.99929285E-01  1.13630594E+00
    94  5.64000000E+01  1.13644604E+00  9.99925426E-01  1.13644604E+00
    95  5.70000000E+01  1.13655736E+00  9.99921442E-01  1.13655736E+00
    96  5.76000000E+01  1.13668779E+00  9.99917338E-01  1.13668779E+00
    97  5.82000000E+01  1.13680073E+00  9.99913121E-01  1.13680073E+00
    98  5.88000000E+01  1.13689545E+00  9.99908797E-01  1.13689545E+00
    99  5.94000000E+01  1.13701156E+00  9.99904377E-01  1.13701156E+00
   100  6.00000000E+01  1.13710415E+00  9.99899870E-01  1.13710415E+00
   101  6.06000000E+01  1.13718034E+00  9.99895291E-01  1.13718034E+00
   102  6.12000000E+01  1.13726552E+00  9.99890655E-01  1.13726552E+00
   103  6.18000000E+01  1.13734243E+00  9.99885979E-01  1.13734243E+00
   104  6.24000000E+01  1.13740783E+00  9.99881285E-01  1.13740783E+00
   105  6.30000000E+01  1.13748339E+00  9.99876594E-01  1.13748339E+00
   106  6.36000000E+01  1.13754751E+00  9.99871935E-01  1.13754751E+00
   107  6.42000000E+01  1.13760280E+00  9.99867338E-01  1.13760280E+00
   108  6.48000000E+01  1.13765136E+00  9.99862836E-01  1.13765136E+00
   109  6.54000000E+01  1.13770587E+00  9.99858468E-01  1.13770587E+00
   110  6.60000000E+01  1.13775516E+00  9.99854278E-01  1.13775516E+00
   111  6.66000000E+01  1.13779869E+00  9.99850313E-01  1.13779869E+00
   112  6.72000000E+01  1.13784118E+00  9.99846627E-01  1.13784118E+00
   113  6.78000000E+01  1.13788304E+00  9.99843279E-01  1.13788304E+00
   114  6.84000000E+01  1.13791960E+00  9.99840335E-01  1.13791960E+00
   115  6.90000000E+01  1.13795044E+00  9.99837868E-01  1.13795044E+00
   116  6.96000000E+01  1.13798175E+00  9.99835959E-01  1.13798175E+00
   117  7.02000000E+01  1.13801377E+00  9.99834694E-01  1.13801377E+00
   118  7.08000000E+01  1.13803959E+00  9.99834173E-01  1.13803959E+00
   119  7.14000000E+01  1.13806099E+00  9.99834502E-01  1.13806099E+00
   120  7.20000000E+01  1.13808690E+00  9.99835797E-01  1.13808690E+00
   121  7.26000000E+01  1.13810688E+00  9.99838186E-01  1.13810688E+00
   122  7.32000000E+01  1.13812076E+00  9.99841809E-01  1.13812076E+00
   123  7.38000000E+01  1.13814152E+00  9.99846817E-01  1.13814152E+00
   124  7.44000000E+01  1.13815645E+00  9.99853377E-01  1.13815645E+00
   125  7.50000000E+01  1.13816538E+00  9.99861669E-01  1.13816538E+00
   126  7.56000000E+01  1.13817906E+00  9.99871887E-01  1.13817906E+00
   127  7.62000000E+01  1.13818920E+00  9.99884244E-01  1.13818920E+00
   128  7.68000000E+01  1.13819409E+00  9.99898970E-01  1.13819409E+00
   129  7.74000000E+01  1.13820405E+00  9.99916313E-01  1.13820405E+00
   130  7.80000000E+01  1.13820965E+00  9.99936544E-01  1.13820965E+00
   131  7.86000000E+01  1.13821059E+00  9.99959952E-01  1.13821059E+00
   132  7.92000000E+01  1.13821690E+00  9.99986852E-01  1.13821690E+00
   133  7.98000000E+01  1.13821898E+00  1.00001758E+00  1.13821898E+00
   134  8.04000000E+01  1.13821831E+00  1.00005251E+00  1.13821831E+00
   135  8.10000000E+01  1.13822099E+00  1.00009202E+00  1.13822099E+00
   136  8.16000000E+01  1.13821960E+00  1.00013655E+00  1.13821960E+00
   137  8.22000000E+01  1.13821776E+00  1.00018654E+00  1.13821776E+00
   138  8.28000000E+01  1.13821742E+00  1.00024248E+00  1.13821742E+00
   139  8.34000000E+01  1.13821384E+00  1.00030489E+00  1.13821384E+00
   140  8.40000000E+01  1.13821111E+00  1.00037433E+00  1.13821111E+00
   141  8.46000000E+01  1.13820776E+00  1.00045139E+00  1.13820776E+00
   142  8.52000000E+01  1.13820208E+00  1.00053672E+00  1.13820208E+00
   143  8.58000000E+01  1.13819945E+00  1.00063099E+00  1.13819945E+00
   144  8.64000000E+01  1.13819434E+00  1.00073493E+00  1.13819434E+00
   145  8.70000000E+01  1.13818854E+00  1.00084931E+00  1.13818854E+00
   146  8.76000000E+01  1.13818358E+00  1.00097495E+00  1.13818358E+00
   147  8.82000000E+01  1.13817682E+00  1.00111273E+00  1.13817682E+00
   148  8.88000000E+01  1.13817218E+00  1.00126358E+00  1.13817218E+00
   149  8.94000000E+01  1.13816585E+00  1.00142849E+00  1.13816585E+00
   150  9.00000000E+01  1.13815903E+00  1.00160849E+00  1.13815903E+00
   151  9.06000000E+01  1.13815277E+00  1.00180471E+00  1.13815277E+00
   152  9.12000000E+01  1.13814575E+00  1.00201830E+00  1.13814575E+00
   153  9.18000000E+01  1.13814138E+00  1.00225051E+00  1.13814138E+00
   154  9.24000000E+01  1.13813723E+00  1.00250265E+00  1.13813723E+00
   155  9.30000000E+01  1.13813328E+00  1.00277609E+00  1.13813328E+00
   156  9.36000000E+01  1.13812991E+00  1.00307228E+00  1.13812991E+00
   157  9.42000000E+01  1.13812729E+00  1.00339274E+00  1.13812729E+00
   158  9.48000000E+01  1.13812499E+00  1.00373906E+00  1.13812499E+00
   159  9.54000000E+01  1.13812300E+00  1.00411292E+00  1.13812300E+00
   160  9.60000000E+01  1.13812165E+00  1.00451606E+00  1.13812165E+00
   161  9.66000000E+01  1.13812046E+00  1.00495031E+00  1.13812046E+00
   162  9.72000000E+01  1.13811942E+00  1.00541757E+00  1.13811942E+00
   163  9.78000000E+01  1.13811850E+00  1.00591980E+00  1.13811850E+00
   164  9.84000000E+01  1.13811772E+00  1.00645907E+00  1.13811772E+00
   165  9.90000000E+01  1.13811704E+00  1.00703749E+00  1.13811704E+00
   166  9.96000000E+01  1.13811647E+00  1.00765724E+00  1.13811647E+00
   167  1.00200000E+02  1.13811599E+00  1.00832059E+00  1.13811599E+00
   168  1.00800000E+02  1.13811558E+00  1.00902984E+00  1.13811558E+00
   169  1.01400000E+02  1.13811525E+00  1.00978736E+00  1.13811525E+00
   170  1.02000000E+02  1.13811497E+00  1.01059556E+00  1.13811497E+00
   171  1.02600000E+02  1.13811474E+00  1.01145690E+00  1.13811474E+00
   172  1.03200000E+02  1.13811455E+00  1.01237385E+00  1.13811455E+00
   173  1.03800000E+02  1.13811440E+00  1.01334889E+00  1.13811440E+00
   174  1.04400000E+02  1.13811428E+00  1.01438453E+00  1.13811428E+00
   175  1.05000000E+02  1.13811418E+00  1.01548324E+00  1.13811418E+00
   176  1.05600000E+02  1.13811410E+00  1.01664747E+00  1.13811410E+00
   177  1.06200000E+02  1.13811404E+00  1.01787960E+00  1.13811404E+00
   178  1.06800000E+02  1.13811400E+00  1.01918196E+00  1.13811400E+00
   179  1.07400000E+02  1.13811396E+00  1.02055677E+00  1.13811396E+00
   180  1.08000000E+02  1.13811394E+00  1.02200612E+00  1.13811394E+00
   181  1.08600000E+02  1.13811393E+00  1.02353196E+00  1.13811393E+00
   182  1.09200000E+02  1.13811392E+00  1.02513608E+00  1.13811392E+00
   183  1.09800000E+02  1.13811391E+00  1.02682001E+00  1.13811391E+00
   184  1.10400000E+02  1.13811391E+00  1.02858509E+00  1.13811391E+00
   185  1.11000000E+02  1.13811391E+00  1.03043237E+00  1.13811391E+00
   186  1.11600000E+02  1.13811391E+00  1.03236258E+00  1.13811391E+00
   187  1.12200000E+02  1.13811392E+00  1.03437612E+00  1.13811392E+00
   188  1.12800000E+02  1.13811392E+00  1.03647301E+00  1.13811392E+00
   189  1.13400000E+02  1.13811393E+00  1.03865285E+00  1.13811393E+00
   190  1.14000000E+02  1.13811393E+00  1.04091478E+00  1.13811393E+00
   191  1.14600000E+02  1.13811394E+00  1.04325747E+00  1.13811394E+00
   192  1.15200000E+02  1.13811394E+00  1.04567907E+00  1.13811394E+00
   193  1.15800000E+02  1.13811394E+00  1.04817717E+00  1.13811394E+00
   194  1.16400000E+02  1.13811395E+00  1.05074878E+00  1.13811395E+00
   195  1.17000000E+02  1.13811395E+00  1.05339029E+00  1.13811395E+00
   196  1.17600000E+02  1.13811395E+00  1.05609751E+00  1.13811395E+00
   197  1.18200000E+02  1.13811395E+00  1.05886556E+00  1.13811395E+00
   198  1.18800000E+02  1.13811395E+00  1.06168896E+00  1.13811395E+00
   199  1.19400000E+02  1.13811395E+00  1.06456155E+00  1.13811395E+00
   200  1.20000000E+02  1.13811395E+00  1.06747658E+00  1.13811395E+00
   201  1.20600000E+02  1.13811395E+00  1.07042666E+00  1.13811395E+00
   202  1.21200000E+02  1.13811395E+00  1.07340381E+00  1.13811395E+00
   203  1.21800000E+02  1.13811395E+00  1.07639952E+00  1.13811395E+00
   204  1.22400000E+02  1.13811394E+00  1.07940478E+00  1.13811394E+00
   205  1.23000000E+02  1.13811394E+00  1.08241015E+00  1.13811394E+00
   206  1.23600000E+02  1.13811394E+00  1.08540579E+00  1.13811394E+00
   207  1.24200000E+02  1.13811394E+00  1.08838160E+00  1.13811394E+00
   208  1.24800000E+02  1.13811393E+00  1.09132729E+00  1.13811393E+00
   209  1.25400000E+02  1.13811393E+00  1.09423244E+00  1.13811393E+00
   210  1.26000000E+02  1.13811393E+00  1.09708669E+00  1.13811393E+00
   211  1.26600000E+02  1.13811393E+00  1.09987978E+00  1.13811393E+00
   212  1.27200000E+02  1.13811392E+00  1.10260175E+00  1.13811392E+00
   213  1.27800000E+02  1.13811392E+00  1.10524304E+00  1.13811392E+00
   214  1.28400000E+02  1.13811392E+00  1.10779465E+00  1.13811392E+00
   215  1.29000000E+02  1.13811391E+00  1.11024829E+00  1.13811391E+00
   216  1.29600000E+02  1.13811391E+00  1.11259650E+00  1.13811391E+00
   217  1.30200000E+02  1.13811391E+00  1.11483287E+00  1.13811391E+00
   218  1.30800000E+02  1.13811391E+00  1.11695207E+00  1.13811391E+00
   219  1.31400000E+02  1.13811390E+00  1.11895006E+00  1.13811390E+00
   220  1.32000000E+02  1.13811390E+00  1.12082416E+00  1.13811390E+00
   221  1.32600000E+02  1.13811390E+00  1.12257307E+00  1.13811390E+00
   222  1.33200000E+02  1.13811390E+00  1.12419699E+00  1.13811390E+00
   223  1.33800000E+02  1.13811390E+00  1.12569753E+00  1.13811390E+00
   224  1.34400000E+02  1.13811389E+00  1.12707766E+00  1.13811389E+00
   225  1.35000000E+02  1.13811389E+00  1.12834165E+00  1.13811389E+00
   226  1.35600000E+02  1.13811389E+00  1.12949481E+00  1.13811389E+00
   227  1.36200000E+02  1.13811389E+00  1.13054337E+00  1.13811389E+00
   228  1.36800000E+02  1.13811389E+00  1.13149414E+00  1.13811389E+00
   229  1.37400000E+02  1.13811389E+00  1.13235429E+00  1.13811389E+00
   230  1.38000000E+02  1.13811389E+00  1.13313100E+00  1.13811389E+00
   231  1.38600000E+02  1.13811389E+00  1.13383122E+00  1.13811389E+00
   232  1.39200000E+02  1.13811388E+00  1.13446138E+00  1.13811388E+00
   233  1.39800000E+02  1.13811388E+00  1.13502720E+00  1.13811388E+00
   234  1.40400000E+02  1.13811388E+00  1.13553358E+00  1.13811388E+00
   235  1.41000000E+02  1.13811388E+00  1.13598453E+00  1.13811388E+00
   236  1.41600000E+02  1.13811388E+00  1.13638323E+00  1.13811388E+00
   237  1.42200000E+02  1.13811388E+00  1.13673217E+00  1.13811388E+00
   238  1.42800000E+02  1.13811388E+00  1.13703334E+00  1.13811388E+00
   239  1.43400000E+02  1.13811388E+00  1.13728855E+00  1.13811388E+00
   240  1.44000000E+02  1.13811388E+00  1.13749965E+00  1.13811388E+00
   241  1.44600000E+02  1.13811388E+00  1.13766880E+00  1.13811388E+00
   242  1.45200000E+02  1.13811388E+00  1.13779875E+00  1.13811388E+00
   243  1.45800000E+02  1.13811388E+00  1.13789291E+00  1.13811388E+00
   244  1.46400000E+02  1.13811388E+00  1.13795541E+00  1.13811388E+00
   245  1.47000000E+02  1.13811388E+00  1.13799106E+00  1.13811388E+00
   246  1.47600000E+02  1.13811388E+00  1.13800510E+00  1.13811388E+00
   247  1.48200000E+02  1.13811388E+00  1.13800303E+00  1.13811388E+00
   248  1.48800000E+02  1.13811388E+00  1.13799021E+00  1.13811388E+00
   249  1.49400000E+02  1.13811388E+00  1.13797161E+00  1.13811388E+00
   250  1.50000000E+02  1.13811388E+00  1.13795147E+00  1.13811388E+00
   251  1.50600000E+02  1.13811388E+00  1.13793309E+00  1.13811388E+00
   252  1.51200000E+02  1.13811388E+00  1.13791871E+00  1.13811388E+00
   253  1.51800000E+02  1.13811387E+00  1.13790944E+00  1.13811387E+00
   254  1.52400000E+02  1.13811387E+00  1.13790540E+00  1.13811387E+00
   255  1.53000000E+02  1.13811387E+00  1.13790588E+00  1.13811387E+00
   256  1.53600000E+02  1.13811387E+00  1.13790959E+00  1.13811387E+00
   257  1.54200000E+02  1.13811387E+00  1.13791493E+00  1.13811387E+00
   258  1.54800000E+02  1.13811387E+00  1.13792029E+00  1.13811387E+00
   259  1.55400000E+02  1.13811387E+00  1.13792428E+00  1.13811387E+00
   260  1.56000000E+02  1.13811387E+00  1.13792589E+00  1.13811387E+00
   261  1.56600000E+02  1.13811387E+00  1.13792460E+00  1.13811387E+00
   262  1.57200000E+02  1.13811387E+00  1.13792035E+00  1.13811387E+00
   263  1.57800000E+02  1.13811387E+00  1.13791353E+00  1.13811387E+00
   264  1.58400000E+02  1.13811387E+00  1.13790482E+00  1.13811387E+00
   265  1.59000000E+02  1.13811387E+00  1.13789509E+00  1.13811387E+00
   266  1.59600000E+02  1.13811387E+00  1.13788520E+00  1.13811387E+00
   267  1.60200000E+02  1.13811387E+00  1.13787592E+00  1.13811387E+00
   268  1.60800000E+02  1.13811387E+00  1.13786782E+00  1.13811387E+00
   269  1.61400000E+02  1.13811387E+00  1.13786122E+00  1.13811387E+00
   270  1.62000000E+02  1.13811387E+00  1.13785621E+00  1.13811387E+00
   271  1.62600000E+02  1.13811387E+00  1.13785266E+00  1.13811387E+00
 steady-height stop at step    271: changes <=   1.0000E-05, max-end <=   1.0000E-02, max/end/gap/profile_change =   1.13811387E+00  1.13785266E+00  2.61214273E-04  3.54917013E-06


STDERR:
