COMMAND:
/shared/extrudate_rom/generate_rom_data/extrudate_swell2d_c_cluster

STDOUT:
 comppar: model =   3
 comppar: lambda,mobility/eps,betav,eta_0 =  6.4000E+00  1.0000E-01  5.0000E-01  1.0000E+00
 comppar: eta_s,eta_p,G =  5.0000E-01  5.0000E-01  7.8125E-02
 comppar: U_avg,deltat,flowrate,nsteps =  5.0000E-02  6.0000E-01  1.5708E-01     700
 comppar: geometry = axisymmetric
 comppar: steady stop change,gap,hold,min =  1.0000E-05  1.0000E-02      10      80
 comppar: ncompc,ncompg =     4     5
 mesh nnodes = 5765
 mesh nelem = 2780
 P1 BC   5.0000000000000000     
 P2 BC   0.0000000000000000     
     1  6.00000000E-01  1.00379173E+00  1.00000000E+00  1.00379173E+00
     2  1.20000000E+00  1.00748894E+00  1.00000000E+00  1.00748894E+00
     3  1.80000000E+00  1.01108406E+00  1.00000000E+00  1.01108406E+00
     4  2.40000000E+00  1.01458640E+00  1.00000000E+00  1.01458640E+00
     5  3.00000000E+00  1.01800180E+00  1.00000000E+00  1.01800180E+00
     6  3.60000000E+00  1.02133553E+00  1.00000000E+00  1.02133553E+00
     7  4.20000000E+00  1.02459830E+00  1.00000000E+00  1.02459830E+00
     8  4.80000000E+00  1.02779767E+00  1.00000000E+00  1.02779767E+00
     9  5.40000000E+00  1.03095829E+00  1.00000001E+00  1.03095829E+00
    10  6.00000000E+00  1.03406399E+00  1.00000001E+00  1.03406399E+00
    11  6.60000000E+00  1.03711394E+00  1.00000001E+00  1.03711394E+00
    12  7.20000000E+00  1.04015681E+00  1.00000001E+00  1.04015681E+00
    13  7.80000000E+00  1.04313655E+00  1.00000000E+00  1.04313655E+00
    14  8.40000000E+00  1.04610898E+00  1.00000000E+00  1.04610898E+00
    15  9.00000000E+00  1.04902833E+00  1.00000000E+00  1.04902833E+00
    16  9.60000000E+00  1.05194018E+00  9.99999998E-01  1.05194018E+00
    17  1.02000000E+01  1.05480153E+00  9.99999993E-01  1.05480153E+00
    18  1.08000000E+01  1.05765568E+00  9.99999988E-01  1.05765568E+00
    19  1.14000000E+01  1.06041117E+00  9.99999981E-01  1.06041117E+00
    20  1.20000000E+01  1.06322235E+00  9.99999972E-01  1.06322235E+00
    21  1.26000000E+01  1.06593408E+00  9.99999962E-01  1.06593408E+00
    22  1.32000000E+01  1.06863555E+00  9.99999949E-01  1.06863555E+00
    23  1.38000000E+01  1.07129856E+00  9.99999935E-01  1.07129856E+00
    24  1.44000000E+01  1.07385704E+00  9.99999918E-01  1.07385704E+00
    25  1.50000000E+01  1.07648763E+00  9.99999898E-01  1.07648763E+00
    26  1.56000000E+01  1.07900922E+00  9.99999875E-01  1.07900922E+00
    27  1.62000000E+01  1.08148181E+00  9.99999849E-01  1.08148181E+00
    28  1.68000000E+01  1.08396507E+00  9.99999819E-01  1.08396507E+00
    29  1.74000000E+01  1.08633454E+00  9.99999785E-01  1.08633454E+00
    30  1.80000000E+01  1.08867402E+00  9.99999747E-01  1.08867402E+00
    31  1.86000000E+01  1.09102589E+00  9.99999704E-01  1.09102589E+00
    32  1.92000000E+01  1.09326229E+00  9.99999656E-01  1.09326229E+00
    33  1.98000000E+01  1.09545520E+00  9.99999602E-01  1.09545520E+00
    34  2.04000000E+01  1.09766954E+00  9.99999542E-01  1.09766954E+00
    35  2.10000000E+01  1.09976889E+00  9.99999475E-01  1.09976889E+00
    36  2.16000000E+01  1.10175573E+00  9.99999400E-01  1.10175573E+00
    37  2.22000000E+01  1.10385562E+00  9.99999318E-01  1.10385562E+00
    38  2.28000000E+01  1.10584563E+00  9.99999227E-01  1.10584563E+00
    39  2.34000000E+01  1.10772758E+00  9.99999127E-01  1.10772758E+00
    40  2.40000000E+01  1.10960865E+00  9.99999017E-01  1.10960865E+00
    41  2.46000000E+01  1.11148869E+00  9.99998896E-01  1.11148869E+00
    42  2.52000000E+01  1.11326635E+00  9.99998763E-01  1.11326635E+00
    43  2.58000000E+01  1.11494895E+00  9.99998618E-01  1.11494895E+00
    44  2.64000000E+01  1.11668859E+00  9.99998459E-01  1.11668859E+00
    45  2.70000000E+01  1.11838895E+00  9.99998286E-01  1.11838895E+00
    46  2.76000000E+01  1.11999995E+00  9.99998097E-01  1.11999995E+00
    47  2.82000000E+01  1.12152939E+00  9.99997891E-01  1.12152939E+00
    48  2.88000000E+01  1.12308633E+00  9.99997668E-01  1.12308633E+00
    49  2.94000000E+01  1.12462664E+00  9.99997425E-01  1.12462664E+00
    50  3.00000000E+01  1.12609099E+00  9.99997162E-01  1.12609099E+00
    51  3.06000000E+01  1.12748533E+00  9.99996876E-01  1.12748533E+00
    52  3.12000000E+01  1.12886218E+00  9.99996567E-01  1.12886218E+00
    53  3.18000000E+01  1.13026639E+00  9.99996234E-01  1.13026639E+00
    54  3.24000000E+01  1.13160266E+00  9.99995873E-01  1.13160266E+00
    55  3.30000000E+01  1.13287309E+00  9.99995485E-01  1.13287309E+00
    56  3.36000000E+01  1.13407741E+00  9.99995066E-01  1.13407741E+00
    57  3.42000000E+01  1.13534680E+00  9.99994615E-01  1.13534680E+00
    58  3.48000000E+01  1.13656191E+00  9.99994129E-01  1.13656191E+00
    59  3.54000000E+01  1.13770988E+00  9.99993608E-01  1.13770988E+00
    60  3.60000000E+01  1.13878744E+00  9.99993048E-01  1.13878744E+00
    61  3.66000000E+01  1.13991435E+00  9.99992448E-01  1.13991435E+00
    62  3.72000000E+01  1.14100166E+00  9.99991805E-01  1.14100166E+00
    63  3.78000000E+01  1.14201681E+00  9.99991116E-01  1.14201681E+00
    64  3.84000000E+01  1.14295693E+00  9.99990379E-01  1.14295693E+00
    65  3.90000000E+01  1.14397970E+00  9.99989591E-01  1.14397970E+00
    66  3.96000000E+01  1.14493459E+00  9.99988750E-01  1.14493459E+00
    67  4.02000000E+01  1.14581310E+00  9.99987852E-01  1.14581310E+00
    68  4.08000000E+01  1.14665441E+00  9.99986895E-01  1.14665441E+00
    69  4.14000000E+01  1.14754747E+00  9.99985876E-01  1.14754747E+00
    70  4.20000000E+01  1.14836508E+00  9.99984791E-01  1.14836508E+00
    71  4.26000000E+01  1.14910835E+00  9.99983638E-01  1.14910835E+00
    72  4.32000000E+01  1.14989724E+00  9.99982412E-01  1.14989724E+00
    73  4.38000000E+01  1.15065498E+00  9.99981111E-01  1.15065498E+00
    74  4.44000000E+01  1.15134043E+00  9.99979732E-01  1.15134043E+00
    75  4.50000000E+01  1.15199677E+00  9.99978269E-01  1.15199677E+00
    76  4.56000000E+01  1.15269843E+00  9.99976721E-01  1.15269843E+00
    77  4.62000000E+01  1.15333156E+00  9.99975084E-01  1.15333156E+00
    78  4.68000000E+01  1.15390143E+00  9.99973353E-01  1.15390143E+00
    79  4.74000000E+01  1.15452098E+00  9.99971525E-01  1.15452098E+00
    80  4.80000000E+01  1.15510243E+00  9.99969596E-01  1.15510243E+00
    81  4.86000000E+01  1.15562530E+00  9.99967563E-01  1.15562530E+00
    82  4.92000000E+01  1.15613818E+00  9.99965423E-01  1.15613818E+00
    83  4.98000000E+01  1.15667426E+00  9.99963171E-01  1.15667426E+00
    84  5.04000000E+01  1.15715624E+00  9.99960805E-01  1.15715624E+00
    85  5.10000000E+01  1.15759043E+00  9.99958320E-01  1.15759043E+00
    86  5.16000000E+01  1.15806213E+00  9.99955714E-01  1.15806213E+00
    87  5.22000000E+01  1.15850472E+00  9.99952985E-01  1.15850472E+00
    88  5.28000000E+01  1.15890425E+00  9.99950128E-01  1.15890425E+00
    89  5.34000000E+01  1.15929299E+00  9.99947142E-01  1.15929299E+00
    90  5.40000000E+01  1.15970094E+00  9.99944025E-01  1.15970094E+00
    91  5.46000000E+01  1.16006928E+00  9.99940774E-01  1.16006928E+00
    92  5.52000000E+01  1.16040261E+00  9.99937389E-01  1.16040261E+00
    93  5.58000000E+01  1.16074772E+00  9.99933869E-01  1.16074772E+00
    94  5.64000000E+01  1.16108749E+00  9.99930213E-01  1.16108749E+00
    95  5.70000000E+01  1.16139538E+00  9.99926423E-01  1.16139538E+00
    96  5.76000000E+01  1.16167476E+00  9.99922498E-01  1.16167476E+00
    97  5.82000000E+01  1.16198774E+00  9.99918442E-01  1.16198774E+00
    98  5.88000000E+01  1.16227097E+00  9.99914256E-01  1.16227097E+00
    99  5.94000000E+01  1.16252689E+00  9.99909946E-01  1.16252689E+00
   100  6.00000000E+01  1.16277010E+00  9.99905515E-01  1.16277010E+00
   101  6.06000000E+01  1.16303164E+00  9.99900971E-01  1.16303164E+00
   102  6.12000000E+01  1.16326748E+00  9.99896320E-01  1.16326748E+00
   103  6.18000000E+01  1.16347904E+00  9.99891574E-01  1.16347904E+00
   104  6.24000000E+01  1.16369862E+00  9.99886741E-01  1.16369862E+00
   105  6.30000000E+01  1.16391427E+00  9.99881835E-01  1.16391427E+00
   106  6.36000000E+01  1.16410703E+00  9.99876872E-01  1.16410703E+00
   107  6.42000000E+01  1.16427822E+00  9.99871868E-01  1.16427822E+00
   108  6.48000000E+01  1.16447224E+00  9.99866842E-01  1.16447224E+00
   109  6.54000000E+01  1.16464821E+00  9.99861818E-01  1.16464821E+00
   110  6.60000000E+01  1.16480364E+00  9.99856821E-01  1.16480364E+00
   111  6.66000000E+01  1.16495558E+00  9.99851879E-01  1.16495558E+00
   112  6.72000000E+01  1.16511519E+00  9.99847024E-01  1.16511519E+00
   113  6.78000000E+01  1.16525569E+00  9.99842292E-01  1.16525569E+00
   114  6.84000000E+01  1.16537865E+00  9.99837723E-01  1.16537865E+00
   115  6.90000000E+01  1.16551417E+00  9.99833362E-01  1.16551417E+00
   116  6.96000000E+01  1.16564092E+00  9.99829258E-01  1.16564092E+00
   117  7.02000000E+01  1.16575136E+00  9.99825465E-01  1.16575136E+00
   118  7.08000000E+01  1.16585563E+00  9.99822043E-01  1.16585563E+00
   119  7.14000000E+01  1.16596975E+00  9.99819059E-01  1.16596975E+00
   120  7.20000000E+01  1.16606899E+00  9.99816586E-01  1.16606899E+00
   121  7.26000000E+01  1.16615508E+00  9.99814703E-01  1.16615508E+00
   122  7.32000000E+01  1.16624703E+00  9.99813498E-01  1.16624703E+00
   123  7.38000000E+01  1.16633583E+00  9.99813067E-01  1.16633583E+00
   124  7.44000000E+01  1.16641280E+00  9.99813514E-01  1.16641280E+00
   125  7.50000000E+01  1.16648194E+00  9.99814954E-01  1.16648194E+00
   126  7.56000000E+01  1.16656152E+00  9.99817509E-01  1.16656152E+00
   127  7.62000000E+01  1.16663045E+00  9.99821316E-01  1.16663045E+00
   128  7.68000000E+01  1.16669027E+00  9.99826520E-01  1.16669027E+00
   129  7.74000000E+01  1.16674819E+00  9.99833281E-01  1.16674819E+00
   130  7.80000000E+01  1.16680983E+00  9.99841770E-01  1.16680983E+00
   131  7.86000000E+01  1.16686343E+00  9.99852174E-01  1.16686343E+00
   132  7.92000000E+01  1.16691017E+00  9.99864693E-01  1.16691017E+00
   133  7.98000000E+01  1.16696019E+00  9.99879545E-01  1.16696019E+00
   134  8.04000000E+01  1.16700811E+00  9.99896964E-01  1.16700811E+00
   135  8.10000000E+01  1.16704988E+00  9.99917202E-01  1.16704988E+00
   136  8.16000000E+01  1.16708631E+00  9.99940531E-01  1.16708631E+00
   137  8.22000000E+01  1.16712449E+00  9.99967245E-01  1.16712449E+00
   138  8.28000000E+01  1.16716206E+00  9.99997657E-01  1.16716206E+00
   139  8.34000000E+01  1.16719484E+00  1.00003211E+00  1.16719484E+00
   140  8.40000000E+01  1.16722336E+00  1.00007095E+00  1.16722336E+00
   141  8.46000000E+01  1.16725335E+00  1.00011459E+00  1.16725335E+00
   142  8.52000000E+01  1.16728252E+00  1.00016343E+00  1.16728252E+00
   143  8.58000000E+01  1.16730781E+00  1.00021791E+00  1.16730781E+00
   144  8.64000000E+01  1.16732961E+00  1.00027853E+00  1.16732961E+00
   145  8.70000000E+01  1.16735083E+00  1.00034577E+00  1.16735083E+00
   146  8.76000000E+01  1.16737345E+00  1.00042019E+00  1.16737345E+00
   147  8.82000000E+01  1.16739282E+00  1.00050236E+00  1.16739282E+00
   148  8.88000000E+01  1.16740924E+00  1.00059290E+00  1.16740924E+00
   149  8.94000000E+01  1.16742424E+00  1.00069246E+00  1.16742424E+00
   150  9.00000000E+01  1.16744123E+00  1.00080175E+00  1.16744123E+00
   151  9.06000000E+01  1.16745556E+00  1.00092149E+00  1.16745556E+00
   152  9.12000000E+01  1.16746751E+00  1.00105249E+00  1.16746751E+00
   153  9.18000000E+01  1.16747736E+00  1.00119556E+00  1.16747736E+00
   154  9.24000000E+01  1.16748906E+00  1.00135160E+00  1.16748906E+00
   155  9.30000000E+01  1.16749938E+00  1.00152154E+00  1.16749938E+00
   156  9.36000000E+01  1.16750780E+00  1.00170636E+00  1.16750780E+00
   157  9.42000000E+01  1.16751460E+00  1.00190712E+00  1.16751460E+00
   158  9.48000000E+01  1.16752122E+00  1.00212492E+00  1.16752122E+00
   159  9.54000000E+01  1.16752837E+00  1.00236092E+00  1.16752837E+00
   160  9.60000000E+01  1.16753407E+00  1.00261634E+00  1.16753407E+00
   161  9.66000000E+01  1.16753857E+00  1.00289248E+00  1.16753857E+00
   162  9.72000000E+01  1.16754207E+00  1.00319068E+00  1.16754207E+00
   163  9.78000000E+01  1.16754518E+00  1.00351238E+00  1.16754518E+00
   164  9.84000000E+01  1.16754888E+00  1.00385905E+00  1.16754888E+00
   165  9.90000000E+01  1.16755171E+00  1.00423226E+00  1.16755171E+00
   166  9.96000000E+01  1.16755383E+00  1.00463363E+00  1.16755383E+00
   167  1.00200000E+02  1.16755534E+00  1.00506486E+00  1.16755534E+00
   168  1.00800000E+02  1.16755636E+00  1.00552773E+00  1.16755636E+00
   169  1.01400000E+02  1.16755694E+00  1.00602406E+00  1.16755694E+00
   170  1.02000000E+02  1.16755780E+00  1.00655577E+00  1.16755780E+00
   171  1.02600000E+02  1.16755844E+00  1.00712484E+00  1.16755844E+00
   172  1.03200000E+02  1.16755873E+00  1.00773330E+00  1.16755873E+00
   173  1.03800000E+02  1.16755870E+00  1.00838327E+00  1.16755870E+00
   174  1.04400000E+02  1.16755843E+00  1.00907692E+00  1.16755843E+00
   175  1.05000000E+02  1.16755795E+00  1.00981646E+00  1.16755795E+00
   176  1.05600000E+02  1.16755730E+00  1.01060417E+00  1.16755730E+00
   177  1.06200000E+02  1.16755652E+00  1.01144237E+00  1.16755652E+00
   178  1.06800000E+02  1.16755566E+00  1.01233341E+00  1.16755566E+00
   179  1.07400000E+02  1.16755472E+00  1.01327969E+00  1.16755472E+00
   180  1.08000000E+02  1.16755375E+00  1.01428360E+00  1.16755375E+00
   181  1.08600000E+02  1.16755275E+00  1.01534756E+00  1.16755275E+00
   182  1.09200000E+02  1.16755176E+00  1.01647397E+00  1.16755176E+00
   183  1.09800000E+02  1.16755077E+00  1.01766522E+00  1.16755077E+00
   184  1.10400000E+02  1.16754979E+00  1.01892365E+00  1.16754979E+00
   185  1.11000000E+02  1.16754884E+00  1.02025158E+00  1.16754884E+00
   186  1.11600000E+02  1.16754793E+00  1.02165120E+00  1.16754793E+00
   187  1.12200000E+02  1.16754704E+00  1.02312467E+00  1.16754704E+00
   188  1.12800000E+02  1.16754620E+00  1.02467399E+00  1.16754620E+00
   189  1.13400000E+02  1.16754539E+00  1.02630102E+00  1.16754539E+00
   190  1.14000000E+02  1.16754463E+00  1.02800750E+00  1.16754463E+00
   191  1.14600000E+02  1.16754390E+00  1.02979492E+00  1.16754390E+00
   192  1.15200000E+02  1.16754322E+00  1.03166458E+00  1.16754322E+00
   193  1.15800000E+02  1.16754258E+00  1.03361755E+00  1.16754258E+00
   194  1.16400000E+02  1.16754198E+00  1.03565459E+00  1.16754198E+00
   195  1.17000000E+02  1.16754143E+00  1.03777618E+00  1.16754143E+00
   196  1.17600000E+02  1.16754090E+00  1.03998246E+00  1.16754090E+00
   197  1.18200000E+02  1.16754042E+00  1.04227319E+00  1.16754042E+00
   198  1.18800000E+02  1.16753997E+00  1.04464775E+00  1.16753997E+00
   199  1.19400000E+02  1.16753956E+00  1.04710510E+00  1.16753956E+00
   200  1.20000000E+02  1.16753918E+00  1.04964375E+00  1.16753918E+00
   201  1.20600000E+02  1.16753882E+00  1.05226174E+00  1.16753882E+00
   202  1.21200000E+02  1.16753850E+00  1.05495660E+00  1.16753850E+00
   203  1.21800000E+02  1.16753820E+00  1.05772538E+00  1.16753820E+00
   204  1.22400000E+02  1.16753792E+00  1.06056456E+00  1.16753792E+00
   205  1.23000000E+02  1.16753767E+00  1.06347012E+00  1.16753767E+00
   206  1.23600000E+02  1.16753744E+00  1.06643749E+00  1.16753744E+00
   207  1.24200000E+02  1.16753723E+00  1.06946155E+00  1.16753723E+00
   208  1.24800000E+02  1.16753704E+00  1.07253667E+00  1.16753704E+00
   209  1.25400000E+02  1.16753687E+00  1.07565668E+00  1.16753687E+00
   210  1.26000000E+02  1.16753671E+00  1.07881494E+00  1.16753671E+00
   211  1.26600000E+02  1.16753656E+00  1.08200433E+00  1.16753656E+00
   212  1.27200000E+02  1.16753643E+00  1.08521731E+00  1.16753643E+00
   213  1.27800000E+02  1.16753631E+00  1.08844594E+00  1.16753631E+00
   214  1.28400000E+02  1.16753621E+00  1.09168196E+00  1.16753621E+00
   215  1.29000000E+02  1.16753611E+00  1.09491683E+00  1.16753611E+00
   216  1.29600000E+02  1.16753602E+00  1.09814177E+00  1.16753602E+00
   217  1.30200000E+02  1.16753594E+00  1.10134789E+00  1.16753594E+00
   218  1.30800000E+02  1.16753587E+00  1.10452621E+00  1.16753587E+00
   219  1.31400000E+02  1.16753580E+00  1.10766777E+00  1.16753580E+00
   220  1.32000000E+02  1.16753575E+00  1.11076369E+00  1.16753575E+00
   221  1.32600000E+02  1.16753569E+00  1.11380530E+00  1.16753569E+00
   222  1.33200000E+02  1.16753565E+00  1.11678420E+00  1.16753565E+00
   223  1.33800000E+02  1.16753560E+00  1.11969239E+00  1.16753560E+00
   224  1.34400000E+02  1.16753556E+00  1.12252233E+00  1.16753556E+00
   225  1.35000000E+02  1.16753553E+00  1.12526707E+00  1.16753553E+00
   226  1.35600000E+02  1.16753550E+00  1.12792032E+00  1.16753550E+00
   227  1.36200000E+02  1.16753547E+00  1.13047658E+00  1.16753547E+00
   228  1.36800000E+02  1.16753545E+00  1.13293119E+00  1.16753545E+00
   229  1.37400000E+02  1.16753543E+00  1.13528043E+00  1.16753543E+00
   230  1.38000000E+02  1.16753541E+00  1.13752156E+00  1.16753541E+00
   231  1.38600000E+02  1.16753539E+00  1.13965289E+00  1.16753539E+00
   232  1.39200000E+02  1.16753537E+00  1.14167379E+00  1.16753537E+00
   233  1.39800000E+02  1.16753536E+00  1.14358467E+00  1.16753536E+00
   234  1.40400000E+02  1.16753535E+00  1.14538699E+00  1.16753535E+00
   235  1.41000000E+02  1.16753534E+00  1.14708316E+00  1.16753534E+00
   236  1.41600000E+02  1.16753533E+00  1.14867648E+00  1.16753533E+00
   237  1.42200000E+02  1.16753532E+00  1.15017096E+00  1.16753532E+00
   238  1.42800000E+02  1.16753531E+00  1.15157121E+00  1.16753531E+00
   239  1.43400000E+02  1.16753530E+00  1.15288225E+00  1.16753530E+00
   240  1.44000000E+02  1.16753530E+00  1.15410928E+00  1.16753530E+00
   241  1.44600000E+02  1.16753529E+00  1.15525750E+00  1.16753529E+00
   242  1.45200000E+02  1.16753529E+00  1.15633191E+00  1.16753529E+00
   243  1.45800000E+02  1.16753528E+00  1.15733712E+00  1.16753528E+00
   244  1.46400000E+02  1.16753528E+00  1.15827719E+00  1.16753528E+00
   245  1.47000000E+02  1.16753527E+00  1.15915559E+00  1.16753527E+00
   246  1.47600000E+02  1.16753527E+00  1.15997506E+00  1.16753527E+00
   247  1.48200000E+02  1.16753527E+00  1.16073774E+00  1.16753527E+00
   248  1.48800000E+02  1.16753527E+00  1.16144513E+00  1.16753527E+00
   249  1.49400000E+02  1.16753526E+00  1.16209834E+00  1.16753526E+00
   250  1.50000000E+02  1.16753526E+00  1.16269817E+00  1.16753526E+00
   251  1.50600000E+02  1.16753526E+00  1.16324538E+00  1.16753526E+00
   252  1.51200000E+02  1.16753526E+00  1.16374087E+00  1.16753526E+00
   253  1.51800000E+02  1.16753526E+00  1.16418586E+00  1.16753526E+00
   254  1.52400000E+02  1.16753526E+00  1.16458208E+00  1.16753526E+00
   255  1.53000000E+02  1.16753526E+00  1.16493185E+00  1.16753526E+00
   256  1.53600000E+02  1.16753525E+00  1.16523808E+00  1.16753525E+00
   257  1.54200000E+02  1.16753525E+00  1.16550428E+00  1.16753525E+00
   258  1.54800000E+02  1.16753525E+00  1.16573443E+00  1.16753525E+00
   259  1.55400000E+02  1.16753525E+00  1.16593280E+00  1.16753525E+00
   260  1.56000000E+02  1.16753525E+00  1.16610377E+00  1.16753525E+00
   261  1.56600000E+02  1.16753525E+00  1.16625162E+00  1.16753525E+00
   262  1.57200000E+02  1.16753525E+00  1.16638032E+00  1.16753525E+00
   263  1.57800000E+02  1.16753525E+00  1.16649338E+00  1.16753525E+00
   264  1.58400000E+02  1.16753525E+00  1.16659371E+00  1.16753525E+00
   265  1.59000000E+02  1.16753525E+00  1.16668359E+00  1.16753525E+00
   266  1.59600000E+02  1.16753525E+00  1.16676465E+00  1.16753525E+00
   267  1.60200000E+02  1.16753525E+00  1.16683798E+00  1.16753525E+00
   268  1.60800000E+02  1.16753525E+00  1.16690419E+00  1.16753525E+00
   269  1.61400000E+02  1.16753525E+00  1.16696357E+00  1.16753525E+00
   270  1.62000000E+02  1.16753525E+00  1.16701624E+00  1.16753525E+00
   271  1.62600000E+02  1.16753525E+00  1.16706226E+00  1.16753525E+00
   272  1.63200000E+02  1.16753525E+00  1.16710176E+00  1.16753525E+00
   273  1.63800000E+02  1.16753525E+00  1.16713502E+00  1.16753525E+00
   274  1.64400000E+02  1.16753525E+00  1.16716245E+00  1.16753525E+00
   275  1.65000000E+02  1.16753525E+00  1.16718465E+00  1.16753525E+00
   276  1.65600000E+02  1.16753525E+00  1.16720234E+00  1.16753525E+00
   277  1.66200000E+02  1.16753525E+00  1.16721629E+00  1.16753525E+00
   278  1.66800000E+02  1.16753525E+00  1.16722728E+00  1.16753525E+00
   279  1.67400000E+02  1.16753525E+00  1.16723603E+00  1.16753525E+00
   280  1.68000000E+02  1.16753525E+00  1.16724316E+00  1.16753525E+00
   281  1.68600000E+02  1.16753525E+00  1.16724915E+00  1.16753525E+00
   282  1.69200000E+02  1.16753525E+00  1.16725432E+00  1.16753525E+00
   283  1.69800000E+02  1.16753525E+00  1.16725888E+00  1.16753525E+00
   284  1.70400000E+02  1.16753525E+00  1.16726289E+00  1.16753525E+00
   285  1.71000000E+02  1.16753525E+00  1.16726637E+00  1.16753525E+00
   286  1.71600000E+02  1.16753525E+00  1.16726927E+00  1.16753525E+00
   287  1.72200000E+02  1.16753525E+00  1.16727155E+00  1.16753525E+00
   288  1.72800000E+02  1.16753525E+00  1.16727316E+00  1.16753525E+00
 steady-height stop at step    288: changes <=   1.0000E-05, max-end <=   1.0000E-02, max/end/gap/profile_change =   1.16753525E+00  1.16727316E+00  2.62080480E-04  1.61843530E-06


STDERR:
