COMMAND:
/shared/extrudate_rom/generate_rom_data/extrudate_swell2d_c_cluster

STDOUT:
 comppar: model =   3
 comppar: lambda,mobility/eps,betav,eta_0 =  1.0000E+01  1.0000E-01  9.0000E-01  1.0000E+00
 comppar: eta_s,eta_p,G =  9.0000E-01  1.0000E-01  1.0000E-02
 comppar: U_avg,deltat,flowrate,nsteps =  5.0000E-02  6.0000E-01  1.5708E-01     700
 comppar: geometry = axisymmetric
 comppar: steady stop change,gap,hold,min =  1.0000E-05  1.0000E-02      10      80
 comppar: ncompc,ncompg =     4     5
 mesh nnodes = 5765
 mesh nelem = 2780
 P1 BC   5.0000000000000000     
 P2 BC   0.0000000000000000     
     1  6.00000000E-01  1.00379478E+00  1.00000000E+00  1.00379478E+00
     2  1.20000000E+00  1.00750759E+00  1.00000000E+00  1.00750759E+00
     3  1.80000000E+00  1.01114111E+00  1.00000000E+00  1.01114111E+00
     4  2.40000000E+00  1.01469550E+00  1.00000000E+00  1.01469550E+00
     5  3.00000000E+00  1.01817326E+00  1.00000000E+00  1.01817326E+00
     6  3.60000000E+00  1.02157029E+00  1.00000000E+00  1.02157029E+00
     7  4.20000000E+00  1.02490678E+00  1.00000000E+00  1.02490678E+00
     8  4.80000000E+00  1.02817090E+00  1.00000000E+00  1.02817090E+00
     9  5.40000000E+00  1.03135839E+00  1.00000000E+00  1.03135839E+00
    10  6.00000000E+00  1.03447429E+00  1.00000000E+00  1.03447429E+00
    11  6.60000000E+00  1.03754800E+00  1.00000000E+00  1.03754800E+00
    12  7.20000000E+00  1.04053862E+00  1.00000000E+00  1.04053862E+00
    13  7.80000000E+00  1.04347169E+00  1.00000000E+00  1.04347169E+00
    14  8.40000000E+00  1.04636076E+00  9.99999999E-01  1.04636076E+00
    15  9.00000000E+00  1.04914800E+00  9.99999996E-01  1.04914800E+00
    16  9.60000000E+00  1.05193945E+00  9.99999992E-01  1.05193945E+00
    17  1.02000000E+01  1.05462336E+00  9.99999986E-01  1.05462336E+00
    18  1.08000000E+01  1.05729779E+00  9.99999979E-01  1.05729779E+00
    19  1.14000000E+01  1.05985941E+00  9.99999970E-01  1.05985941E+00
    20  1.20000000E+01  1.06243373E+00  9.99999960E-01  1.06243373E+00
    21  1.26000000E+01  1.06488406E+00  9.99999947E-01  1.06488406E+00
    22  1.32000000E+01  1.06736009E+00  9.99999932E-01  1.06736009E+00
    23  1.38000000E+01  1.06969299E+00  9.99999915E-01  1.06969299E+00
    24  1.44000000E+01  1.07206695E+00  9.99999894E-01  1.07206695E+00
    25  1.50000000E+01  1.07432665E+00  9.99999870E-01  1.07432665E+00
    26  1.56000000E+01  1.07656711E+00  9.99999843E-01  1.07656711E+00
    27  1.62000000E+01  1.07875471E+00  9.99999812E-01  1.07875471E+00
    28  1.68000000E+01  1.08081899E+00  9.99999776E-01  1.08081899E+00
    29  1.74000000E+01  1.08296475E+00  9.99999735E-01  1.08296475E+00
    30  1.80000000E+01  1.08496206E+00  9.99999690E-01  1.08496206E+00
    31  1.86000000E+01  1.08695334E+00  9.99999638E-01  1.08695334E+00
    32  1.92000000E+01  1.08890978E+00  9.99999580E-01  1.08890978E+00
    33  1.98000000E+01  1.09071501E+00  9.99999516E-01  1.09071501E+00
    34  2.04000000E+01  1.09260419E+00  9.99999444E-01  1.09260419E+00
    35  2.10000000E+01  1.09440453E+00  9.99999363E-01  1.09440453E+00
    36  2.16000000E+01  1.09605400E+00  9.99999274E-01  1.09605400E+00
    37  2.22000000E+01  1.09784027E+00  9.99999176E-01  1.09784027E+00
    38  2.28000000E+01  1.09948411E+00  9.99999067E-01  1.09948411E+00
    39  2.34000000E+01  1.10097894E+00  9.99998948E-01  1.10097894E+00
    40  2.40000000E+01  1.10263667E+00  9.99998816E-01  1.10263667E+00
    41  2.46000000E+01  1.10415793E+00  9.99998671E-01  1.10415793E+00
    42  2.52000000E+01  1.10553399E+00  9.99998513E-01  1.10553399E+00
    43  2.58000000E+01  1.10704600E+00  9.99998339E-01  1.10704600E+00
    44  2.64000000E+01  1.10844524E+00  9.99998150E-01  1.10844524E+00
    45  2.70000000E+01  1.10970396E+00  9.99997943E-01  1.10970396E+00
    46  2.76000000E+01  1.11106356E+00  9.99997718E-01  1.11106356E+00
    47  2.82000000E+01  1.11234938E+00  9.99997473E-01  1.11234938E+00
    48  2.88000000E+01  1.11350110E+00  9.99997206E-01  1.11350110E+00
    49  2.94000000E+01  1.11472578E+00  9.99996917E-01  1.11472578E+00
    50  3.00000000E+01  1.11590002E+00  9.99996604E-01  1.11590002E+00
    51  3.06000000E+01  1.11694750E+00  9.99996265E-01  1.11694750E+00
    52  3.12000000E+01  1.11804446E+00  9.99995899E-01  1.11804446E+00
    53  3.18000000E+01  1.11911586E+00  9.99995503E-01  1.11911586E+00
    54  3.24000000E+01  1.12006927E+00  9.99995076E-01  1.12006927E+00
    55  3.30000000E+01  1.12104531E+00  9.99994615E-01  1.12104531E+00
    56  3.36000000E+01  1.12201748E+00  9.99994120E-01  1.12201748E+00
    57  3.42000000E+01  1.12288130E+00  9.99993587E-01  1.12288130E+00
    58  3.48000000E+01  1.12374907E+00  9.99993014E-01  1.12374907E+00
    59  3.54000000E+01  1.12463275E+00  9.99992399E-01  1.12463275E+00
    60  3.60000000E+01  1.12541837E+00  9.99991739E-01  1.12541837E+00
    61  3.66000000E+01  1.12617313E+00  9.99991033E-01  1.12617313E+00
    62  3.72000000E+01  1.12697347E+00  9.99990276E-01  1.12697347E+00
    63  3.78000000E+01  1.12768675E+00  9.99989467E-01  1.12768675E+00
    64  3.84000000E+01  1.12835448E+00  9.99988603E-01  1.12835448E+00
    65  3.90000000E+01  1.12908294E+00  9.99987680E-01  1.12908294E+00
    66  3.96000000E+01  1.12973500E+00  9.99986696E-01  1.12973500E+00
    67  4.02000000E+01  1.13032368E+00  9.99985647E-01  1.13032368E+00
    68  4.08000000E+01  1.13095984E+00  9.99984531E-01  1.13095984E+00
    69  4.14000000E+01  1.13155753E+00  9.99983344E-01  1.13155753E+00
    70  4.20000000E+01  1.13210245E+00  9.99982082E-01  1.13210245E+00
    71  4.26000000E+01  1.13265121E+00  9.99980743E-01  1.13265121E+00
    72  4.32000000E+01  1.13320396E+00  9.99979323E-01  1.13320396E+00
    73  4.38000000E+01  1.13371297E+00  9.99977818E-01  1.13371297E+00
    74  4.44000000E+01  1.13418842E+00  9.99976224E-01  1.13418842E+00
    75  4.50000000E+01  1.13466448E+00  9.99974539E-01  1.13466448E+00
    76  4.56000000E+01  1.13514455E+00  9.99972759E-01  1.13514455E+00
    77  4.62000000E+01  1.13559847E+00  9.99970880E-01  1.13559847E+00
    78  4.68000000E+01  1.13603300E+00  9.99968899E-01  1.13603300E+00
    79  4.74000000E+01  1.13645294E+00  9.99966812E-01  1.13645294E+00
    80  4.80000000E+01  1.13687982E+00  9.99964616E-01  1.13687982E+00
    81  4.86000000E+01  1.13729972E+00  9.99962309E-01  1.13729972E+00
    82  4.92000000E+01  1.13770754E+00  9.99959886E-01  1.13770754E+00
    83  4.98000000E+01  1.13810490E+00  9.99957346E-01  1.13810490E+00
    84  5.04000000E+01  1.13849196E+00  9.99954685E-01  1.13849196E+00
    85  5.10000000E+01  1.13886780E+00  9.99951902E-01  1.13886780E+00
    86  5.16000000E+01  1.13923081E+00  9.99948995E-01  1.13923081E+00
    87  5.22000000E+01  1.13960098E+00  9.99945963E-01  1.13960098E+00
    88  5.28000000E+01  1.13996683E+00  9.99942803E-01  1.13996683E+00
    89  5.34000000E+01  1.14031821E+00  9.99939517E-01  1.14031821E+00
    90  5.40000000E+01  1.14065318E+00  9.99936104E-01  1.14065318E+00
    91  5.46000000E+01  1.14097012E+00  9.99932565E-01  1.14097012E+00
    92  5.52000000E+01  1.14128902E+00  9.99928901E-01  1.14128902E+00
    93  5.58000000E+01  1.14160913E+00  9.99925117E-01  1.14160913E+00
    94  5.64000000E+01  1.14191054E+00  9.99921214E-01  1.14191054E+00
    95  5.70000000E+01  1.14219254E+00  9.99917198E-01  1.14219254E+00
    96  5.76000000E+01  1.14246442E+00  9.99913076E-01  1.14246442E+00
    97  5.82000000E+01  1.14274971E+00  9.99908853E-01  1.14274971E+00
    98  5.88000000E+01  1.14301532E+00  9.99904540E-01  1.14301532E+00
    99  5.94000000E+01  1.14326162E+00  9.99900147E-01  1.14326162E+00
   100  6.00000000E+01  1.14349084E+00  9.99895687E-01  1.14349084E+00
   101  6.06000000E+01  1.14374094E+00  9.99891174E-01  1.14374094E+00
   102  6.12000000E+01  1.14397233E+00  9.99886625E-01  1.14397233E+00
   103  6.18000000E+01  1.14418606E+00  9.99882059E-01  1.14418606E+00
   104  6.24000000E+01  1.14438341E+00  9.99877499E-01  1.14438341E+00
   105  6.30000000E+01  1.14459909E+00  9.99872969E-01  1.14459909E+00
   106  6.36000000E+01  1.14479876E+00  9.99868499E-01  1.14479876E+00
   107  6.42000000E+01  1.14498317E+00  9.99864119E-01  1.14498317E+00
   108  6.48000000E+01  1.14515365E+00  9.99859867E-01  1.14515365E+00
   109  6.54000000E+01  1.14533681E+00  9.99855782E-01  1.14533681E+00
   110  6.60000000E+01  1.14550945E+00  9.99851908E-01  1.14550945E+00
   111  6.66000000E+01  1.14566903E+00  9.99848296E-01  1.14566903E+00
   112  6.72000000E+01  1.14581666E+00  9.99845000E-01  1.14581666E+00
   113  6.78000000E+01  1.14596874E+00  9.99842081E-01  1.14596874E+00
   114  6.84000000E+01  1.14611809E+00  9.99839608E-01  1.14611809E+00
   115  6.90000000E+01  1.14625630E+00  9.99837653E-01  1.14625630E+00
   116  6.96000000E+01  1.14638416E+00  9.99836298E-01  1.14638416E+00
   117  7.02000000E+01  1.14651011E+00  9.99835632E-01  1.14651011E+00
   118  7.08000000E+01  1.14663931E+00  9.99835754E-01  1.14663931E+00
   119  7.14000000E+01  1.14675870E+00  9.99836770E-01  1.14675870E+00
   120  7.20000000E+01  1.14686887E+00  9.99838796E-01  1.14686887E+00
   121  7.26000000E+01  1.14697088E+00  9.99841961E-01  1.14697088E+00
   122  7.32000000E+01  1.14708250E+00  9.99846404E-01  1.14708250E+00
   123  7.38000000E+01  1.14718531E+00  9.99852274E-01  1.14718531E+00
   124  7.44000000E+01  1.14727977E+00  9.99859737E-01  1.14727977E+00
   125  7.50000000E+01  1.14736631E+00  9.99868971E-01  1.14736631E+00
   126  7.56000000E+01  1.14745792E+00  9.99880167E-01  1.14745792E+00
   127  7.62000000E+01  1.14754564E+00  9.99893536E-01  1.14754564E+00
   128  7.68000000E+01  1.14762587E+00  9.99909302E-01  1.14762587E+00
   129  7.74000000E+01  1.14769906E+00  9.99927710E-01  1.14769906E+00
   130  7.80000000E+01  1.14777312E+00  9.99949022E-01  1.14777312E+00
   131  7.86000000E+01  1.14784741E+00  9.99973522E-01  1.14784741E+00
   132  7.92000000E+01  1.14791504E+00  1.00000152E+00  1.14791504E+00
   133  7.98000000E+01  1.14797648E+00  1.00003333E+00  1.14797648E+00
   134  8.04000000E+01  1.14803602E+00  1.00006932E+00  1.14803602E+00
   135  8.10000000E+01  1.14809844E+00  1.00010987E+00  1.14809844E+00
   136  8.16000000E+01  1.14815506E+00  1.00015538E+00  1.14815506E+00
   137  8.22000000E+01  1.14820636E+00  1.00020628E+00  1.14820636E+00
   138  8.28000000E+01  1.14825298E+00  1.00026305E+00  1.14825298E+00
   139  8.34000000E+01  1.14830509E+00  1.00032618E+00  1.14830509E+00
   140  8.40000000E+01  1.14835223E+00  1.00039621E+00  1.14835223E+00
   141  8.46000000E+01  1.14839484E+00  1.00047371E+00  1.14839484E+00
   142  8.52000000E+01  1.14843328E+00  1.00055929E+00  1.14843328E+00
   143  8.58000000E+01  1.14847405E+00  1.00065359E+00  1.14847405E+00
   144  8.64000000E+01  1.14851310E+00  1.00075732E+00  1.14851310E+00
   145  8.70000000E+01  1.14854828E+00  1.00087119E+00  1.14854828E+00
   146  8.76000000E+01  1.14857994E+00  1.00099600E+00  1.14857994E+00
   147  8.82000000E+01  1.14861038E+00  1.00113257E+00  1.14861038E+00
   148  8.88000000E+01  1.14864258E+00  1.00128179E+00  1.14864258E+00
   149  8.94000000E+01  1.14867149E+00  1.00144458E+00  1.14867149E+00
   150  9.00000000E+01  1.14869740E+00  1.00162194E+00  1.14869740E+00
   151  9.06000000E+01  1.14872055E+00  1.00181491E+00  1.14872055E+00
   152  9.12000000E+01  1.14874588E+00  1.00202459E+00  1.14874588E+00
   153  9.18000000E+01  1.14876942E+00  1.00225214E+00  1.14876942E+00
   154  9.24000000E+01  1.14879040E+00  1.00249880E+00  1.14879040E+00
   155  9.30000000E+01  1.14880904E+00  1.00276586E+00  1.14880904E+00
   156  9.36000000E+01  1.14882664E+00  1.00305467E+00  1.14882664E+00
   157  9.42000000E+01  1.14884565E+00  1.00336666E+00  1.14884565E+00
   158  9.48000000E+01  1.14886249E+00  1.00370332E+00  1.14886249E+00
   159  9.54000000E+01  1.14887735E+00  1.00406621E+00  1.14887735E+00
   160  9.60000000E+01  1.14889040E+00  1.00445698E+00  1.14889040E+00
   161  9.66000000E+01  1.14890385E+00  1.00487733E+00  1.14890385E+00
   162  9.72000000E+01  1.14891717E+00  1.00532904E+00  1.14891717E+00
   163  9.78000000E+01  1.14892884E+00  1.00581394E+00  1.14892884E+00
   164  9.84000000E+01  1.14893900E+00  1.00633397E+00  1.14893900E+00
   165  9.90000000E+01  1.14894782E+00  1.00689111E+00  1.14894782E+00
   166  9.96000000E+01  1.14895723E+00  1.00748740E+00  1.14895723E+00
   167  1.00200000E+02  1.14896625E+00  1.00812496E+00  1.14896625E+00
   168  1.00800000E+02  1.14897405E+00  1.00880596E+00  1.14897405E+00
   169  1.01400000E+02  1.14898073E+00  1.00953262E+00  1.14898073E+00
   170  1.02000000E+02  1.14898642E+00  1.01030722E+00  1.14898642E+00
   171  1.02600000E+02  1.14899215E+00  1.01113207E+00  1.14899215E+00
   172  1.03200000E+02  1.14899798E+00  1.01200952E+00  1.14899798E+00
   173  1.03800000E+02  1.14900290E+00  1.01294193E+00  1.14900290E+00
   174  1.04400000E+02  1.14900702E+00  1.01393169E+00  1.14900702E+00
   175  1.05000000E+02  1.14901042E+00  1.01498119E+00  1.14901042E+00
   176  1.05600000E+02  1.14901318E+00  1.01609278E+00  1.14901318E+00
   177  1.06200000E+02  1.14901632E+00  1.01726880E+00  1.14901632E+00
   178  1.06800000E+02  1.14901918E+00  1.01851156E+00  1.14901918E+00
   179  1.07400000E+02  1.14902146E+00  1.01982327E+00  1.14902146E+00
   180  1.08000000E+02  1.14902324E+00  1.02120608E+00  1.14902324E+00
   181  1.08600000E+02  1.14902457E+00  1.02266201E+00  1.14902457E+00
   182  1.09200000E+02  1.14902550E+00  1.02419298E+00  1.14902550E+00
   183  1.09800000E+02  1.14902610E+00  1.02580071E+00  1.14902610E+00
   184  1.10400000E+02  1.14902703E+00  1.02748677E+00  1.14902703E+00
   185  1.11000000E+02  1.14902767E+00  1.02925250E+00  1.14902767E+00
   186  1.11600000E+02  1.14902801E+00  1.03109899E+00  1.14902801E+00
   187  1.12200000E+02  1.14902808E+00  1.03302708E+00  1.14902808E+00
   188  1.12800000E+02  1.14902793E+00  1.03503729E+00  1.14902793E+00
   189  1.13400000E+02  1.14902760E+00  1.03712979E+00  1.14902760E+00
   190  1.14000000E+02  1.14902710E+00  1.03930441E+00  1.14902710E+00
   191  1.14600000E+02  1.14902647E+00  1.04156057E+00  1.14902647E+00
   192  1.15200000E+02  1.14902573E+00  1.04389725E+00  1.14902573E+00
   193  1.15800000E+02  1.14902491E+00  1.04631300E+00  1.14902491E+00
   194  1.16400000E+02  1.14902401E+00  1.04880586E+00  1.14902401E+00
   195  1.17000000E+02  1.14902307E+00  1.05137338E+00  1.14902307E+00
   196  1.17600000E+02  1.14902208E+00  1.05401258E+00  1.14902208E+00
   197  1.18200000E+02  1.14902108E+00  1.05671991E+00  1.14902108E+00
   198  1.18800000E+02  1.14902007E+00  1.05949129E+00  1.14902007E+00
   199  1.19400000E+02  1.14901907E+00  1.06232205E+00  1.14901907E+00
   200  1.20000000E+02  1.14901805E+00  1.06520697E+00  1.14901805E+00
   201  1.20600000E+02  1.14901702E+00  1.06814025E+00  1.14901702E+00
   202  1.21200000E+02  1.14901599E+00  1.07111551E+00  1.14901599E+00
   203  1.21800000E+02  1.14901501E+00  1.07412586E+00  1.14901501E+00
   204  1.22400000E+02  1.14901406E+00  1.07716387E+00  1.14901406E+00
   205  1.23000000E+02  1.14901313E+00  1.08022162E+00  1.14901313E+00
   206  1.23600000E+02  1.14901224E+00  1.08329073E+00  1.14901224E+00
   207  1.24200000E+02  1.14901138E+00  1.08636243E+00  1.14901138E+00
   208  1.24800000E+02  1.14901055E+00  1.08942756E+00  1.14901055E+00
   209  1.25400000E+02  1.14900976E+00  1.09247671E+00  1.14900976E+00
   210  1.26000000E+02  1.14900900E+00  1.09550019E+00  1.14900900E+00
   211  1.26600000E+02  1.14900828E+00  1.09848818E+00  1.14900828E+00
   212  1.27200000E+02  1.14900759E+00  1.10143079E+00  1.14900759E+00
   213  1.27800000E+02  1.14900695E+00  1.10431811E+00  1.14900695E+00
   214  1.28400000E+02  1.14900633E+00  1.10714038E+00  1.14900633E+00
   215  1.29000000E+02  1.14900575E+00  1.10988801E+00  1.14900575E+00
   216  1.29600000E+02  1.14900520E+00  1.11255175E+00  1.14900520E+00
   217  1.30200000E+02  1.14900469E+00  1.11512275E+00  1.14900469E+00
   218  1.30800000E+02  1.14900421E+00  1.11759272E+00  1.14900421E+00
   219  1.31400000E+02  1.14900376E+00  1.11995402E+00  1.14900376E+00
   220  1.32000000E+02  1.14900333E+00  1.12219980E+00  1.14900333E+00
   221  1.32600000E+02  1.14900294E+00  1.12432413E+00  1.14900294E+00
   222  1.33200000E+02  1.14900257E+00  1.12632209E+00  1.14900257E+00
   223  1.33800000E+02  1.14900223E+00  1.12818993E+00  1.14900223E+00
   224  1.34400000E+02  1.14900191E+00  1.12992514E+00  1.14900191E+00
   225  1.35000000E+02  1.14900161E+00  1.13152659E+00  1.14900161E+00
   226  1.35600000E+02  1.14900134E+00  1.13299457E+00  1.14900134E+00
   227  1.36200000E+02  1.14900109E+00  1.13433085E+00  1.14900109E+00
   228  1.36800000E+02  1.14900085E+00  1.13553872E+00  1.14900085E+00
   229  1.37400000E+02  1.14900064E+00  1.13662299E+00  1.14900064E+00
   230  1.38000000E+02  1.14900044E+00  1.13758989E+00  1.14900044E+00
   231  1.38600000E+02  1.14900025E+00  1.13844700E+00  1.14900025E+00
   232  1.39200000E+02  1.14900009E+00  1.13920310E+00  1.14900009E+00
   233  1.39800000E+02  1.14899993E+00  1.13986798E+00  1.14899993E+00
   234  1.40400000E+02  1.14899979E+00  1.14045214E+00  1.14899979E+00
   235  1.41000000E+02  1.14899966E+00  1.14096660E+00  1.14899966E+00
   236  1.41600000E+02  1.14899954E+00  1.14142249E+00  1.14899954E+00
   237  1.42200000E+02  1.14899944E+00  1.14183077E+00  1.14899944E+00
   238  1.42800000E+02  1.14899934E+00  1.14220187E+00  1.14899934E+00
   239  1.43400000E+02  1.14899925E+00  1.14254538E+00  1.14899925E+00
   240  1.44000000E+02  1.14899917E+00  1.14286978E+00  1.14899917E+00
   241  1.44600000E+02  1.14899910E+00  1.14318216E+00  1.14899910E+00
   242  1.45200000E+02  1.14899903E+00  1.14348809E+00  1.14899903E+00
   243  1.45800000E+02  1.14899897E+00  1.14379155E+00  1.14899897E+00
   244  1.46400000E+02  1.14899892E+00  1.14409486E+00  1.14899892E+00
   245  1.47000000E+02  1.14899887E+00  1.14439888E+00  1.14899887E+00
   246  1.47600000E+02  1.14899883E+00  1.14470305E+00  1.14899883E+00
   247  1.48200000E+02  1.14899879E+00  1.14500575E+00  1.14899879E+00
   248  1.48800000E+02  1.14899876E+00  1.14530449E+00  1.14899876E+00
   249  1.49400000E+02  1.14899873E+00  1.14559631E+00  1.14899873E+00
   250  1.50000000E+02  1.14899870E+00  1.14587804E+00  1.14899870E+00
   251  1.50600000E+02  1.14899868E+00  1.14614664E+00  1.14899868E+00
   252  1.51200000E+02  1.14899866E+00  1.14639944E+00  1.14899866E+00
   253  1.51800000E+02  1.14899864E+00  1.14663436E+00  1.14899864E+00
   254  1.52400000E+02  1.14899862E+00  1.14685004E+00  1.14899862E+00
   255  1.53000000E+02  1.14899861E+00  1.14704589E+00  1.14899861E+00
   256  1.53600000E+02  1.14899860E+00  1.14722208E+00  1.14899860E+00
   257  1.54200000E+02  1.14899858E+00  1.14737946E+00  1.14899858E+00
   258  1.54800000E+02  1.14899858E+00  1.14751941E+00  1.14899858E+00
   259  1.55400000E+02  1.14899857E+00  1.14764374E+00  1.14899857E+00
   260  1.56000000E+02  1.14899856E+00  1.14775442E+00  1.14899856E+00
   261  1.56600000E+02  1.14899856E+00  1.14785350E+00  1.14899856E+00
   262  1.57200000E+02  1.14899855E+00  1.14794291E+00  1.14899855E+00
   263  1.57800000E+02  1.14899855E+00  1.14802434E+00  1.14899855E+00
   264  1.58400000E+02  1.14899855E+00  1.14809921E+00  1.14899855E+00
   265  1.59000000E+02  1.14899854E+00  1.14816857E+00  1.14899854E+00
   266  1.59600000E+02  1.14899854E+00  1.14823318E+00  1.14899854E+00
   267  1.60200000E+02  1.14899854E+00  1.14829347E+00  1.14899854E+00
   268  1.60800000E+02  1.14899854E+00  1.14834966E+00  1.14899854E+00
   269  1.61400000E+02  1.14899854E+00  1.14840181E+00  1.14899854E+00
   270  1.62000000E+02  1.14899854E+00  1.14844988E+00  1.14899854E+00
   271  1.62600000E+02  1.14899854E+00  1.14849381E+00  1.14899854E+00
   272  1.63200000E+02  1.14899854E+00  1.14853360E+00  1.14899854E+00
   273  1.63800000E+02  1.14899854E+00  1.14856928E+00  1.14899854E+00
   274  1.64400000E+02  1.14899854E+00  1.14860100E+00  1.14899854E+00
   275  1.65000000E+02  1.14899854E+00  1.14862897E+00  1.14899854E+00
   276  1.65600000E+02  1.14899854E+00  1.14865348E+00  1.14899854E+00
   277  1.66200000E+02  1.14899854E+00  1.14867487E+00  1.14899854E+00
   278  1.66800000E+02  1.14899854E+00  1.14869352E+00  1.14899854E+00
   279  1.67400000E+02  1.14899854E+00  1.14870977E+00  1.14899854E+00
   280  1.68000000E+02  1.14899855E+00  1.14872396E+00  1.14899855E+00
   281  1.68600000E+02  1.14899855E+00  1.14873639E+00  1.14899855E+00
   282  1.69200000E+02  1.14899855E+00  1.14874730E+00  1.14899855E+00
   283  1.69800000E+02  1.14899855E+00  1.14875688E+00  1.14899855E+00
   284  1.70400000E+02  1.14899855E+00  1.14876529E+00  1.14899855E+00
   285  1.71000000E+02  1.14899855E+00  1.14877264E+00  1.14899855E+00
   286  1.71600000E+02  1.14899855E+00  1.14877902E+00  1.14899855E+00
   287  1.72200000E+02  1.14899855E+00  1.14878449E+00  1.14899855E+00
   288  1.72800000E+02  1.14899855E+00  1.14878911E+00  1.14899855E+00
   289  1.73400000E+02  1.14899855E+00  1.14879296E+00  1.14899855E+00
   290  1.74000000E+02  1.14899856E+00  1.14879608E+00  1.14899856E+00
   291  1.74600000E+02  1.14899856E+00  1.14879855E+00  1.14899856E+00
   292  1.75200000E+02  1.14899856E+00  1.14880045E+00  1.14899856E+00
 steady-height stop at step    292: changes <=   1.0000E-05, max-end <=   1.0000E-02, max/end/gap/profile_change =   1.14899856E+00  1.14880045E+00  1.98111891E-04  1.89187936E-06


STDERR:
