COMMAND:
/shared/extrudate_rom/generate_rom_data/extrudate_swell2d_c_cluster

STDOUT:
 comppar: model =   3
 comppar: lambda,mobility/eps,betav,eta_0 =  4.6000E+00  2.3333E-01  1.0000E-01  1.0000E+00
 comppar: eta_s,eta_p,G =  1.0000E-01  9.0000E-01  1.9565E-01
 comppar: U_avg,deltat,flowrate,nsteps =  5.0000E-02  6.0000E-01  1.5708E-01     700
 comppar: geometry = axisymmetric
 comppar: steady stop change,gap,hold,min =  1.0000E-05  1.0000E-02      10      80
 comppar: ncompc,ncompg =     4     5
 mesh nnodes = 5765
 mesh nelem = 2780
 P1 BC   5.0000000000000000     
 P2 BC   0.0000000000000000     
     1  6.00000000E-01  1.00378357E+00  1.00000000E+00  1.00378357E+00
     2  1.20000000E+00  1.00739608E+00  1.00000000E+00  1.00739608E+00
     3  1.80000000E+00  1.01079764E+00  1.00000000E+00  1.01079764E+00
     4  2.40000000E+00  1.01408291E+00  1.00000000E+00  1.01408291E+00
     5  3.00000000E+00  1.01727431E+00  1.00000000E+00  1.01727431E+00
     6  3.60000000E+00  1.02039988E+00  1.00000000E+00  1.02039988E+00
     7  4.20000000E+00  1.02346799E+00  1.00000001E+00  1.02346799E+00
     8  4.80000000E+00  1.02651612E+00  1.00000001E+00  1.02651612E+00
     9  5.40000000E+00  1.02951783E+00  1.00000001E+00  1.02951783E+00
    10  6.00000000E+00  1.03246061E+00  1.00000001E+00  1.03246061E+00
    11  6.60000000E+00  1.03538616E+00  1.00000001E+00  1.03538616E+00
    12  7.20000000E+00  1.03823301E+00  1.00000001E+00  1.03823301E+00
    13  7.80000000E+00  1.04105889E+00  1.00000001E+00  1.04105889E+00
    14  8.40000000E+00  1.04380362E+00  1.00000001E+00  1.04380362E+00
    15  9.00000000E+00  1.04652507E+00  1.00000001E+00  1.04652507E+00
    16  9.60000000E+00  1.04915253E+00  1.00000001E+00  1.04915253E+00
    17  1.02000000E+01  1.05176338E+00  1.00000000E+00  1.05176338E+00
    18  1.08000000E+01  1.05424720E+00  9.99999997E-01  1.05424720E+00
    19  1.14000000E+01  1.05671812E+00  9.99999990E-01  1.05671812E+00
    20  1.20000000E+01  1.05909533E+00  9.99999982E-01  1.05909533E+00
    21  1.26000000E+01  1.06142546E+00  9.99999973E-01  1.06142546E+00
    22  1.32000000E+01  1.06369212E+00  9.99999961E-01  1.06369212E+00
    23  1.38000000E+01  1.06589663E+00  9.99999947E-01  1.06589663E+00
    24  1.44000000E+01  1.06807464E+00  9.99999930E-01  1.06807464E+00
    25  1.50000000E+01  1.07013258E+00  9.99999911E-01  1.07013258E+00
    26  1.56000000E+01  1.07222145E+00  9.99999888E-01  1.07222145E+00
    27  1.62000000E+01  1.07415689E+00  9.99999862E-01  1.07415689E+00
    28  1.68000000E+01  1.07608430E+00  9.99999832E-01  1.07608430E+00
    29  1.74000000E+01  1.07795894E+00  9.99999798E-01  1.07795894E+00
    30  1.80000000E+01  1.07969039E+00  9.99999759E-01  1.07969039E+00
    31  1.86000000E+01  1.08150391E+00  9.99999715E-01  1.08150391E+00
    32  1.92000000E+01  1.08316031E+00  9.99999666E-01  1.08316031E+00
    33  1.98000000E+01  1.08475820E+00  9.99999610E-01  1.08475820E+00
    34  2.04000000E+01  1.08638819E+00  9.99999547E-01  1.08638819E+00
    35  2.10000000E+01  1.08786411E+00  9.99999477E-01  1.08786411E+00
    36  2.16000000E+01  1.08935357E+00  9.99999399E-01  1.08935357E+00
    37  2.22000000E+01  1.09080287E+00  9.99999312E-01  1.09080287E+00
    38  2.28000000E+01  1.09210536E+00  9.99999216E-01  1.09210536E+00
    39  2.34000000E+01  1.09346134E+00  9.99999109E-01  1.09346134E+00
    40  2.40000000E+01  1.09476992E+00  9.99998991E-01  1.09476992E+00
    41  2.46000000E+01  1.09594201E+00  9.99998860E-01  1.09594201E+00
    42  2.52000000E+01  1.09716052E+00  9.99998717E-01  1.09716052E+00
    43  2.58000000E+01  1.09833427E+00  9.99998559E-01  1.09833427E+00
    44  2.64000000E+01  1.09938382E+00  9.99998386E-01  1.09938382E+00
    45  2.70000000E+01  1.10046805E+00  9.99998196E-01  1.10046805E+00
    46  2.76000000E+01  1.10152541E+00  9.99997988E-01  1.10152541E+00
    47  2.82000000E+01  1.10247260E+00  9.99997761E-01  1.10247260E+00
    48  2.88000000E+01  1.10342091E+00  9.99997513E-01  1.10342091E+00
    49  2.94000000E+01  1.10437008E+00  9.99997242E-01  1.10437008E+00
    50  3.00000000E+01  1.10522381E+00  9.99996948E-01  1.10522381E+00
    51  3.06000000E+01  1.10605914E+00  9.99996628E-01  1.10605914E+00
    52  3.12000000E+01  1.10691764E+00  9.99996281E-01  1.10691764E+00
    53  3.18000000E+01  1.10769377E+00  9.99995905E-01  1.10769377E+00
    54  3.24000000E+01  1.10840058E+00  9.99995497E-01  1.10840058E+00
    55  3.30000000E+01  1.10917213E+00  9.99995055E-01  1.10917213E+00
    56  3.36000000E+01  1.10987877E+00  9.99994578E-01  1.10987877E+00
    57  3.42000000E+01  1.11052533E+00  9.99994063E-01  1.11052533E+00
    58  3.48000000E+01  1.11118961E+00  9.99993507E-01  1.11118961E+00
    59  3.54000000E+01  1.11183424E+00  9.99992908E-01  1.11183424E+00
    60  3.60000000E+01  1.11242188E+00  9.99992264E-01  1.11242188E+00
    61  3.66000000E+01  1.11296945E+00  9.99991572E-01  1.11296945E+00
    62  3.72000000E+01  1.11355778E+00  9.99990828E-01  1.11355778E+00
    63  3.78000000E+01  1.11409081E+00  9.99990029E-01  1.11409081E+00
    64  3.84000000E+01  1.11456530E+00  9.99989174E-01  1.11456530E+00
    65  3.90000000E+01  1.11509241E+00  9.99988258E-01  1.11509241E+00
    66  3.96000000E+01  1.11556399E+00  9.99987278E-01  1.11556399E+00
    67  4.02000000E+01  1.11597289E+00  9.99986231E-01  1.11597289E+00
    68  4.08000000E+01  1.11643084E+00  9.99985113E-01  1.11643084E+00
    69  4.14000000E+01  1.11684392E+00  9.99983920E-01  1.11684392E+00
    70  4.20000000E+01  1.11718989E+00  9.99982650E-01  1.11718989E+00
    71  4.26000000E+01  1.11759235E+00  9.99981298E-01  1.11759235E+00
    72  4.32000000E+01  1.11793950E+00  9.99979861E-01  1.11793950E+00
    73  4.38000000E+01  1.11823962E+00  9.99978334E-01  1.11823962E+00
    74  4.44000000E+01  1.11859166E+00  9.99976715E-01  1.11859166E+00
    75  4.50000000E+01  1.11887573E+00  9.99974998E-01  1.11887573E+00
    76  4.56000000E+01  1.11914624E+00  9.99973181E-01  1.11914624E+00
    77  4.62000000E+01  1.11943355E+00  9.99971259E-01  1.11943355E+00
    78  4.68000000E+01  1.11965397E+00  9.99969229E-01  1.11965397E+00
    79  4.74000000E+01  1.11991596E+00  9.99967087E-01  1.11991596E+00
    80  4.80000000E+01  1.12014158E+00  9.99964830E-01  1.12014158E+00
    81  4.86000000E+01  1.12031957E+00  9.99962454E-01  1.12031957E+00
    82  4.92000000E+01  1.12055011E+00  9.99959957E-01  1.12055011E+00
    83  4.98000000E+01  1.12071721E+00  9.99957337E-01  1.12071721E+00
    84  5.04000000E+01  1.12090128E+00  9.99954589E-01  1.12090128E+00
    85  5.10000000E+01  1.12107315E+00  9.99951714E-01  1.12107315E+00
    86  5.16000000E+01  1.12119128E+00  9.99948708E-01  1.12119128E+00
    87  5.22000000E+01  1.12136924E+00  9.99945571E-01  1.12136924E+00
    88  5.28000000E+01  1.12148892E+00  9.99942304E-01  1.12148892E+00
    89  5.34000000E+01  1.12161948E+00  9.99938906E-01  1.12161948E+00
    90  5.40000000E+01  1.12174327E+00  9.99935378E-01  1.12174327E+00
    91  5.46000000E+01  1.12182210E+00  9.99931723E-01  1.12182210E+00
    92  5.52000000E+01  1.12195259E+00  9.99927944E-01  1.12195259E+00
    93  5.58000000E+01  1.12203132E+00  9.99924046E-01  1.12203132E+00
    94  5.64000000E+01  1.12212608E+00  9.99920034E-01  1.12212608E+00
    95  5.70000000E+01  1.12220812E+00  9.99915916E-01  1.12220812E+00
    96  5.76000000E+01  1.12226606E+00  9.99911700E-01  1.12226606E+00
    97  5.82000000E+01  1.12235485E+00  9.99907398E-01  1.12235485E+00
    98  5.88000000E+01  1.12239937E+00  9.99903022E-01  1.12239937E+00
    99  5.94000000E+01  1.12247304E+00  9.99898587E-01  1.12247304E+00
   100  6.00000000E+01  1.12252000E+00  9.99894112E-01  1.12252000E+00
   101  6.06000000E+01  1.12256820E+00  9.99889616E-01  1.12256820E+00
   102  6.12000000E+01  1.12262148E+00  9.99885124E-01  1.12262148E+00
   103  6.18000000E+01  1.12264276E+00  9.99880662E-01  1.12264276E+00
   104  6.24000000E+01  1.12269888E+00  9.99876260E-01  1.12269888E+00
   105  6.30000000E+01  1.12271750E+00  9.99871955E-01  1.12271750E+00
   106  6.36000000E+01  1.12276243E+00  9.99867783E-01  1.12276243E+00
   107  6.42000000E+01  1.12278655E+00  9.99863791E-01  1.12278655E+00
   108  6.48000000E+01  1.12280831E+00  9.99860026E-01  1.12280831E+00
   109  6.54000000E+01  1.12283443E+00  9.99856543E-01  1.12283443E+00
   110  6.60000000E+01  1.12284399E+00  9.99853405E-01  1.12284399E+00
   111  6.66000000E+01  1.12287569E+00  9.99850677E-01  1.12287569E+00
   112  6.72000000E+01  1.12287692E+00  9.99848436E-01  1.12287692E+00
   113  6.78000000E+01  1.12290161E+00  9.99846764E-01  1.12290161E+00
   114  6.84000000E+01  1.12290403E+00  9.99845754E-01  1.12290403E+00
   115  6.90000000E+01  1.12292365E+00  9.99845505E-01  1.12292365E+00
   116  6.96000000E+01  1.12293073E+00  9.99846130E-01  1.12293073E+00
   117  7.02000000E+01  1.12293455E+00  9.99847750E-01  1.12293455E+00
   118  7.08000000E+01  1.12294320E+00  9.99850499E-01  1.12294320E+00
   119  7.14000000E+01  1.12294332E+00  9.99854523E-01  1.12294332E+00
   120  7.20000000E+01  1.12295680E+00  9.99859980E-01  1.12295680E+00
   121  7.26000000E+01  1.12294509E+00  9.99867046E-01  1.12294509E+00
   122  7.32000000E+01  1.12295963E+00  9.99875909E-01  1.12295963E+00
   123  7.38000000E+01  1.12294874E+00  9.99886775E-01  1.12294874E+00
   124  7.44000000E+01  1.12296438E+00  9.99899868E-01  1.12296438E+00
   125  7.50000000E+01  1.12295734E+00  9.99915431E-01  1.12295734E+00
   126  7.56000000E+01  1.12296103E+00  9.99933727E-01  1.12296103E+00
   127  7.62000000E+01  1.12295517E+00  9.99955043E-01  1.12295517E+00
   128  7.68000000E+01  1.12295989E+00  9.99979685E-01  1.12295989E+00
   129  7.74000000E+01  1.12295811E+00  1.00000799E+00  1.12295811E+00
   130  7.80000000E+01  1.12295267E+00  1.00004032E+00  1.12295267E+00
   131  7.86000000E+01  1.12295239E+00  1.00007705E+00  1.12295239E+00
   132  7.92000000E+01  1.12294787E+00  1.00011862E+00  1.12294787E+00
   133  7.98000000E+01  1.12295180E+00  1.00016547E+00  1.12295180E+00
   134  8.04000000E+01  1.12293873E+00  1.00021808E+00  1.12293873E+00
   135  8.10000000E+01  1.12294444E+00  1.00027698E+00  1.12294444E+00
   136  8.16000000E+01  1.12293185E+00  1.00034272E+00  1.12293185E+00
   137  8.22000000E+01  1.12294183E+00  1.00041590E+00  1.12294183E+00
   138  8.28000000E+01  1.12292746E+00  1.00049716E+00  1.12292746E+00
   139  8.34000000E+01  1.12293377E+00  1.00058719E+00  1.12293377E+00
   140  8.40000000E+01  1.12292049E+00  1.00068671E+00  1.12292049E+00
   141  8.46000000E+01  1.12292999E+00  1.00079651E+00  1.12292999E+00
   142  8.52000000E+01  1.12292027E+00  1.00091741E+00  1.12292027E+00
   143  8.58000000E+01  1.12292189E+00  1.00105030E+00  1.12292189E+00
   144  8.64000000E+01  1.12291353E+00  1.00119613E+00  1.12291353E+00
   145  8.70000000E+01  1.12291755E+00  1.00135589E+00  1.12291755E+00
   146  8.76000000E+01  1.12291286E+00  1.00153065E+00  1.12291286E+00
   147  8.82000000E+01  1.12290978E+00  1.00172154E+00  1.12290978E+00
   148  8.88000000E+01  1.12290670E+00  1.00192975E+00  1.12290670E+00
   149  8.94000000E+01  1.12290532E+00  1.00215654E+00  1.12290532E+00
   150  9.00000000E+01  1.12290595E+00  1.00240325E+00  1.12290595E+00
   151  9.06000000E+01  1.12289809E+00  1.00267128E+00  1.12289809E+00
   152  9.12000000E+01  1.12290054E+00  1.00296213E+00  1.12290054E+00
   153  9.18000000E+01  1.12289360E+00  1.00327734E+00  1.12289360E+00
   154  9.24000000E+01  1.12289976E+00  1.00361855E+00  1.12289976E+00
   155  9.30000000E+01  1.12288686E+00  1.00398747E+00  1.12288686E+00
   156  9.36000000E+01  1.12289502E+00  1.00438590E+00  1.12289502E+00
   157  9.42000000E+01  1.12288251E+00  1.00481571E+00  1.12288251E+00
   158  9.48000000E+01  1.12289432E+00  1.00527884E+00  1.12289432E+00
   159  9.54000000E+01  1.12288188E+00  1.00577731E+00  1.12288188E+00
   160  9.60000000E+01  1.12289025E+00  1.00631324E+00  1.12289025E+00
   161  9.66000000E+01  1.12287922E+00  1.00688880E+00  1.12287922E+00
   162  9.72000000E+01  1.12288958E+00  1.00750622E+00  1.12288958E+00
   163  9.78000000E+01  1.12288179E+00  1.00816782E+00  1.12288179E+00
   164  9.84000000E+01  1.12288602E+00  1.00887596E+00  1.12288602E+00
   165  9.90000000E+01  1.12287983E+00  1.00963306E+00  1.12287983E+00
   166  9.96000000E+01  1.12288538E+00  1.01044158E+00  1.12288538E+00
   167  1.00200000E+02  1.12288243E+00  1.01130401E+00  1.12288243E+00
   168  1.00800000E+02  1.12288223E+00  1.01222286E+00  1.12288223E+00
   169  1.01400000E+02  1.12288105E+00  1.01320066E+00  1.12288105E+00
   170  1.02000000E+02  1.12288155E+00  1.01423991E+00  1.12288155E+00
   171  1.02600000E+02  1.12288356E+00  1.01534310E+00  1.12288356E+00
   172  1.03200000E+02  1.12287864E+00  1.01651265E+00  1.12287864E+00
   173  1.03800000E+02  1.12288255E+00  1.01775094E+00  1.12288255E+00
   174  1.04400000E+02  1.12287789E+00  1.01906021E+00  1.12287789E+00
   175  1.05000000E+02  1.12288492E+00  1.02044263E+00  1.12288492E+00
   176  1.05600000E+02  1.12287512E+00  1.02190017E+00  1.12287512E+00
   177  1.06200000E+02  1.12288417E+00  1.02343466E+00  1.12288417E+00
   178  1.06800000E+02  1.12287424E+00  1.02504768E+00  1.12287424E+00
   179  1.07400000E+02  1.12288630E+00  1.02674060E+00  1.12288630E+00
   180  1.08000000E+02  1.12287521E+00  1.02851447E+00  1.12287521E+00
   181  1.08600000E+02  1.12288564E+00  1.03037004E+00  1.12288564E+00
   182  1.09200000E+02  1.12287610E+00  1.03230770E+00  1.12287610E+00
   183  1.09800000E+02  1.12288750E+00  1.03432744E+00  1.12288750E+00
   184  1.10400000E+02  1.12288075E+00  1.03642881E+00  1.12288075E+00
   185  1.11000000E+02  1.12288684E+00  1.03861089E+00  1.12288684E+00
   186  1.11600000E+02  1.12288176E+00  1.04087224E+00  1.12288176E+00
   187  1.12200000E+02  1.12288839E+00  1.04321085E+00  1.12288839E+00
   188  1.12800000E+02  1.12288604E+00  1.04562414E+00  1.12288604E+00
   189  1.13400000E+02  1.12288762E+00  1.04810888E+00  1.12288762E+00
   190  1.14000000E+02  1.12288705E+00  1.05066122E+00  1.12288705E+00
   191  1.14600000E+02  1.12288884E+00  1.05327658E+00  1.12288884E+00
   192  1.15200000E+02  1.12289092E+00  1.05594973E+00  1.12289092E+00
   193  1.15800000E+02  1.12288790E+00  1.05867471E+00  1.12288790E+00
   194  1.16400000E+02  1.12289183E+00  1.06144483E+00  1.12289183E+00
   195  1.17000000E+02  1.12288879E+00  1.06425275E+00  1.12288879E+00
   196  1.17600000E+02  1.12289527E+00  1.06709040E+00  1.12289527E+00
   197  1.18200000E+02  1.12288760E+00  1.06994907E+00  1.12288760E+00
   198  1.18800000E+02  1.12289601E+00  1.07281944E+00  1.12289601E+00
   199  1.19400000E+02  1.12288817E+00  1.07569162E+00  1.12288817E+00
   200  1.20000000E+02  1.12289900E+00  1.07855522E+00  1.12289900E+00
   201  1.20600000E+02  1.12288835E+00  1.08139943E+00  1.12288835E+00
   202  1.21200000E+02  1.12289950E+00  1.08421310E+00  1.12289950E+00
   203  1.21800000E+02  1.12289040E+00  1.08698488E+00  1.12289040E+00
   204  1.22400000E+02  1.12290206E+00  1.08970329E+00  1.12290206E+00
   205  1.23000000E+02  1.12289529E+00  1.09235689E+00  1.12289529E+00
   206  1.23600000E+02  1.12290228E+00  1.09493441E+00  1.12290228E+00
   207  1.24200000E+02  1.12289714E+00  1.09742493E+00  1.12289714E+00
   208  1.24800000E+02  1.12290442E+00  1.09981806E+00  1.12290442E+00
   209  1.25400000E+02  1.12290153E+00  1.10210410E+00  1.12290153E+00
   210  1.26000000E+02  1.12290432E+00  1.10427427E+00  1.12290432E+00
   211  1.26600000E+02  1.12290313E+00  1.10632089E+00  1.12290313E+00
   212  1.27200000E+02  1.12290607E+00  1.10823755E+00  1.12290607E+00
   213  1.27800000E+02  1.12290702E+00  1.11001935E+00  1.12290702E+00
   214  1.28400000E+02  1.12290563E+00  1.11166298E+00  1.12290563E+00
   215  1.29000000E+02  1.12290833E+00  1.11316692E+00  1.12290833E+00
   216  1.29600000E+02  1.12290703E+00  1.11453148E+00  1.12290703E+00
   217  1.30200000E+02  1.12291176E+00  1.11575882E+00  1.12291176E+00
   218  1.30800000E+02  1.12290625E+00  1.11685294E+00  1.12290625E+00
   219  1.31400000E+02  1.12291276E+00  1.11781957E+00  1.12291276E+00
   220  1.32000000E+02  1.12290733E+00  1.11866597E+00  1.12290733E+00
   221  1.32600000E+02  1.12291576E+00  1.11940070E+00  1.12291576E+00
   222  1.33200000E+02  1.12290619E+00  1.12003328E+00  1.12290619E+00
   223  1.33800000E+02  1.12291643E+00  1.12057383E+00  1.12291643E+00
   224  1.34400000E+02  1.12290702E+00  1.12103269E+00  1.12290702E+00
   225  1.35000000E+02  1.12291903E+00  1.12141998E+00  1.12291903E+00
   226  1.35600000E+02  1.12291129E+00  1.12174525E+00  1.12291129E+00
   227  1.36200000E+02  1.12291938E+00  1.12201713E+00  1.12291938E+00
   228  1.36800000E+02  1.12291318E+00  1.12224314E+00  1.12291318E+00
   229  1.37400000E+02  1.12292162E+00  1.12242951E+00  1.12292162E+00
   230  1.38000000E+02  1.12291722E+00  1.12258118E+00  1.12291722E+00
   231  1.38600000E+02  1.12292183E+00  1.12270193E+00  1.12292183E+00
   232  1.39200000E+02  1.12291897E+00  1.12279457E+00  1.12291897E+00
   233  1.39800000E+02  1.12292363E+00  1.12286127E+00  1.12292363E+00
   234  1.40400000E+02  1.12292248E+00  1.12290386E+00  1.12292248E+00
   235  1.41000000E+02  1.12292422E+00  1.12292422E+00  1.12292422E+00
   236  1.41600000E+02  1.12292455E+00  1.12292455E+00  1.12292455E+00
   237  1.42200000E+02  1.12290756E+00  1.12290756E+00  1.12290756E+00
   238  1.42800000E+02  1.12287659E+00  1.12287659E+00  1.12287659E+00
   239  1.43400000E+02  1.12283555E+00  1.12283555E+00  1.12283555E+00
   240  1.44000000E+02  1.12281493E+00  1.12278872E+00  1.12281493E+00
   241  1.44600000E+02  1.12281493E+00  1.12274051E+00  1.12281493E+00
   242  1.45200000E+02  1.12281493E+00  1.12269507E+00  1.12281493E+00
   243  1.45800000E+02  1.12281493E+00  1.12265599E+00  1.12281493E+00
   244  1.46400000E+02  1.12281493E+00  1.12262590E+00  1.12281493E+00
   245  1.47000000E+02  1.12281493E+00  1.12260635E+00  1.12281493E+00
   246  1.47600000E+02  1.12281493E+00  1.12259762E+00  1.12281493E+00
   247  1.48200000E+02  1.12281493E+00  1.12259883E+00  1.12281493E+00
   248  1.48800000E+02  1.12281493E+00  1.12260808E+00  1.12281493E+00
   249  1.49400000E+02  1.12281493E+00  1.12262281E+00  1.12281493E+00
   250  1.50000000E+02  1.12281493E+00  1.12264010E+00  1.12281493E+00
   251  1.50600000E+02  1.12281493E+00  1.12265711E+00  1.12281493E+00
   252  1.51200000E+02  1.12281493E+00  1.12267139E+00  1.12281493E+00
   253  1.51800000E+02  1.12281493E+00  1.12268121E+00  1.12281493E+00
   254  1.52400000E+02  1.12281493E+00  1.12268561E+00  1.12281493E+00
   255  1.53000000E+02  1.12281493E+00  1.12268451E+00  1.12281493E+00
   256  1.53600000E+02  1.12281493E+00  1.12267861E+00  1.12281493E+00
   257  1.54200000E+02  1.12281493E+00  1.12266912E+00  1.12281493E+00
   258  1.54800000E+02  1.12281493E+00  1.12265761E+00  1.12281493E+00
   259  1.55400000E+02  1.12281493E+00  1.12264569E+00  1.12281493E+00
   260  1.56000000E+02  1.12281493E+00  1.12263477E+00  1.12281493E+00
   261  1.56600000E+02  1.12281493E+00  1.12262594E+00  1.12281493E+00
   262  1.57200000E+02  1.12281493E+00  1.12261979E+00  1.12281493E+00
   263  1.57800000E+02  1.12281493E+00  1.12261646E+00  1.12281493E+00
   264  1.58400000E+02  1.12281493E+00  1.12261568E+00  1.12281493E+00
   265  1.59000000E+02  1.12281493E+00  1.12261686E+00  1.12281493E+00
   266  1.59600000E+02  1.12281493E+00  1.12261928E+00  1.12281493E+00
   267  1.60200000E+02  1.12281493E+00  1.12262218E+00  1.12281493E+00
   268  1.60800000E+02  1.12281493E+00  1.12262489E+00  1.12281493E+00
   269  1.61400000E+02  1.12281493E+00  1.12262694E+00  1.12281493E+00
   270  1.62000000E+02  1.12281492E+00  1.12262807E+00  1.12281492E+00
 steady-height stop at step    270: changes <=   1.0000E-05, max-end <=   1.0000E-02, max/end/gap/profile_change =   1.12281492E+00  1.12262807E+00  1.86855739E-04  1.65592008E-06


STDERR:
