COMMAND:
/shared/extrudate_rom/generate_rom_data/extrudate_swell2d_c_cluster

STDOUT:
 comppar: model =   3
 comppar: lambda,mobility/eps,betav,eta_0 =  2.8000E+00  5.0000E-01  3.0000E-01  1.0000E+00
 comppar: eta_s,eta_p,G =  3.0000E-01  7.0000E-01  2.5000E-01
 comppar: U_avg,deltat,flowrate,nsteps =  5.0000E-02  6.0000E-01  1.5708E-01     700
 comppar: geometry = axisymmetric
 comppar: steady stop change,gap,hold,min =  1.0000E-05  1.0000E-02      10      80
 comppar: ncompc,ncompg =     4     5
 mesh nnodes = 5765
 mesh nelem = 2780
 P1 BC   5.0000000000000000     
 P2 BC   0.0000000000000000     
     1  6.00000000E-01  1.00378954E+00  1.00000000E+00  1.00378954E+00
     2  1.20000000E+00  1.00744816E+00  1.00000000E+00  1.00744816E+00
     3  1.80000000E+00  1.01093060E+00  1.00000000E+00  1.01093060E+00
     4  2.40000000E+00  1.01427350E+00  1.00000000E+00  1.01427350E+00
     5  3.00000000E+00  1.01749131E+00  1.00000000E+00  1.01749131E+00
     6  3.60000000E+00  1.02060100E+00  1.00000000E+00  1.02060100E+00
     7  4.20000000E+00  1.02361500E+00  1.00000000E+00  1.02361500E+00
     8  4.80000000E+00  1.02653730E+00  1.00000001E+00  1.02653730E+00
     9  5.40000000E+00  1.02937154E+00  1.00000001E+00  1.02937154E+00
    10  6.00000000E+00  1.03213873E+00  1.00000001E+00  1.03213873E+00
    11  6.60000000E+00  1.03483653E+00  1.00000001E+00  1.03483653E+00
    12  7.20000000E+00  1.03744570E+00  1.00000001E+00  1.03744570E+00
    13  7.80000000E+00  1.04001656E+00  1.00000001E+00  1.04001656E+00
    14  8.40000000E+00  1.04250761E+00  1.00000000E+00  1.04250761E+00
    15  9.00000000E+00  1.04493409E+00  1.00000000E+00  1.04493409E+00
    16  9.60000000E+00  1.04731838E+00  9.99999997E-01  1.04731838E+00
    17  1.02000000E+01  1.04959942E+00  9.99999991E-01  1.04959942E+00
    18  1.08000000E+01  1.05186047E+00  9.99999984E-01  1.05186047E+00
    19  1.14000000E+01  1.05401352E+00  9.99999976E-01  1.05401352E+00
    20  1.20000000E+01  1.05616852E+00  9.99999966E-01  1.05616852E+00
    21  1.26000000E+01  1.05819158E+00  9.99999953E-01  1.05819158E+00
    22  1.32000000E+01  1.06024029E+00  9.99999938E-01  1.06024029E+00
    23  1.38000000E+01  1.06215745E+00  9.99999921E-01  1.06215745E+00
    24  1.44000000E+01  1.06409065E+00  9.99999900E-01  1.06409065E+00
    25  1.50000000E+01  1.06590061E+00  9.99999876E-01  1.06590061E+00
    26  1.56000000E+01  1.06768632E+00  9.99999848E-01  1.06768632E+00
    27  1.62000000E+01  1.06941978E+00  9.99999816E-01  1.06941978E+00
    28  1.68000000E+01  1.07106060E+00  9.99999780E-01  1.07106060E+00
    29  1.74000000E+01  1.07271708E+00  9.99999738E-01  1.07271708E+00
    30  1.80000000E+01  1.07418896E+00  9.99999691E-01  1.07418896E+00
    31  1.86000000E+01  1.07577192E+00  9.99999638E-01  1.07577192E+00
    32  1.92000000E+01  1.07720395E+00  9.99999579E-01  1.07720395E+00
    33  1.98000000E+01  1.07860564E+00  9.99999511E-01  1.07860564E+00
    34  2.04000000E+01  1.07999718E+00  9.99999436E-01  1.07999718E+00
    35  2.10000000E+01  1.08119778E+00  9.99999353E-01  1.08119778E+00
    36  2.16000000E+01  1.08253562E+00  9.99999259E-01  1.08253562E+00
    37  2.22000000E+01  1.08373326E+00  9.99999156E-01  1.08373326E+00
    38  2.28000000E+01  1.08484451E+00  9.99999041E-01  1.08484451E+00
    39  2.34000000E+01  1.08603714E+00  9.99998914E-01  1.08603714E+00
    40  2.40000000E+01  1.08703895E+00  9.99998774E-01  1.08703895E+00
    41  2.46000000E+01  1.08809689E+00  9.99998619E-01  1.08809689E+00
    42  2.52000000E+01  1.08909995E+00  9.99998449E-01  1.08909995E+00
    43  2.58000000E+01  1.08995602E+00  9.99998262E-01  1.08995602E+00
    44  2.64000000E+01  1.09095754E+00  9.99998057E-01  1.09095754E+00
    45  2.70000000E+01  1.09177209E+00  9.99997833E-01  1.09177209E+00
    46  2.76000000E+01  1.09260684E+00  9.99997588E-01  1.09260684E+00
    47  2.82000000E+01  1.09342372E+00  9.99997320E-01  1.09342372E+00
    48  2.88000000E+01  1.09408362E+00  9.99997028E-01  1.09408362E+00
    49  2.94000000E+01  1.09489922E+00  9.99996710E-01  1.09489922E+00
    50  3.00000000E+01  1.09553572E+00  9.99996365E-01  1.09553572E+00
    51  3.06000000E+01  1.09620135E+00  9.99995989E-01  1.09620135E+00
    52  3.12000000E+01  1.09684101E+00  9.99995582E-01  1.09684101E+00
    53  3.18000000E+01  1.09736040E+00  9.99995141E-01  1.09736040E+00
    54  3.24000000E+01  1.09799891E+00  9.99994664E-01  1.09799891E+00
    55  3.30000000E+01  1.09847031E+00  9.99994148E-01  1.09847031E+00
    56  3.36000000E+01  1.09901943E+00  9.99993591E-01  1.09901943E+00
    57  3.42000000E+01  1.09949461E+00  9.99992991E-01  1.09949461E+00
    58  3.48000000E+01  1.09991680E+00  9.99992344E-01  1.09991680E+00
    59  3.54000000E+01  1.10039089E+00  9.99991648E-01  1.10039089E+00
    60  3.60000000E+01  1.10071366E+00  9.99990899E-01  1.10071366E+00
    61  3.66000000E+01  1.10117923E+00  9.99990096E-01  1.10117923E+00
    62  3.72000000E+01  1.10150602E+00  9.99989234E-01  1.10150602E+00
    63  3.78000000E+01  1.10186510E+00  9.99988311E-01  1.10186510E+00
    64  3.84000000E+01  1.10219083E+00  9.99987323E-01  1.10219083E+00
    65  3.90000000E+01  1.10246569E+00  9.99986267E-01  1.10246569E+00
    66  3.96000000E+01  1.10279550E+00  9.99985139E-01  1.10279550E+00
    67  4.02000000E+01  1.10299264E+00  9.99983936E-01  1.10299264E+00
    68  4.08000000E+01  1.10331224E+00  9.99982654E-01  1.10331224E+00
    69  4.14000000E+01  1.10350825E+00  9.99981289E-01  1.10350825E+00
    70  4.20000000E+01  1.10376693E+00  9.99979838E-01  1.10376693E+00
    71  4.26000000E+01  1.10396689E+00  9.99978298E-01  1.10396689E+00
    72  4.32000000E+01  1.10415083E+00  9.99976664E-01  1.10415083E+00
    73  4.38000000E+01  1.10434989E+00  9.99974932E-01  1.10434989E+00
    74  4.44000000E+01  1.10448843E+00  9.99973100E-01  1.10448843E+00
    75  4.50000000E+01  1.10469157E+00  9.99971164E-01  1.10469157E+00
    76  4.56000000E+01  1.10478164E+00  9.99969121E-01  1.10478164E+00
    77  4.62000000E+01  1.10497153E+00  9.99966967E-01  1.10497153E+00
    78  4.68000000E+01  1.10506059E+00  9.99964700E-01  1.10506059E+00
    79  4.74000000E+01  1.10522228E+00  9.99962317E-01  1.10522228E+00
    80  4.80000000E+01  1.10531489E+00  9.99959816E-01  1.10531489E+00
    81  4.86000000E+01  1.10542285E+00  9.99957195E-01  1.10542285E+00
    82  4.92000000E+01  1.10551468E+00  9.99954453E-01  1.10551468E+00
    83  4.98000000E+01  1.10560443E+00  9.99951589E-01  1.10560443E+00
    84  5.04000000E+01  1.10569995E+00  9.99948604E-01  1.10569995E+00
    85  5.10000000E+01  1.10574544E+00  9.99945497E-01  1.10574544E+00
    86  5.16000000E+01  1.10584038E+00  9.99942270E-01  1.10584038E+00
    87  5.22000000E+01  1.10587523E+00  9.99938926E-01  1.10587523E+00
    88  5.28000000E+01  1.10597400E+00  9.99935469E-01  1.10597400E+00
    89  5.34000000E+01  1.10597837E+00  9.99931902E-01  1.10597837E+00
    90  5.40000000E+01  1.10607015E+00  9.99928234E-01  1.10607015E+00
    91  5.46000000E+01  1.10607372E+00  9.99924471E-01  1.10607372E+00
    92  5.52000000E+01  1.10616554E+00  9.99920623E-01  1.10616554E+00
    93  5.58000000E+01  1.10617209E+00  9.99916701E-01  1.10617209E+00
    94  5.64000000E+01  1.10622926E+00  9.99912720E-01  1.10622926E+00
    95  5.70000000E+01  1.10623517E+00  9.99908696E-01  1.10623517E+00
    96  5.76000000E+01  1.10629668E+00  9.99904647E-01  1.10629668E+00
    97  5.82000000E+01  1.10630571E+00  9.99900594E-01  1.10630571E+00
    98  5.88000000E+01  1.10633719E+00  9.99896564E-01  1.10633719E+00
    99  5.94000000E+01  1.10634570E+00  9.99892585E-01  1.10634570E+00
   100  6.00000000E+01  1.10638482E+00  9.99888689E-01  1.10638482E+00
   101  6.06000000E+01  1.10639656E+00  9.99884913E-01  1.10639656E+00
   102  6.12000000E+01  1.10640909E+00  9.99881298E-01  1.10640909E+00
   103  6.18000000E+01  1.10642045E+00  9.99877892E-01  1.10642045E+00
   104  6.24000000E+01  1.10644297E+00  9.99874747E-01  1.10644297E+00
   105  6.30000000E+01  1.10645766E+00  9.99871921E-01  1.10645766E+00
   106  6.36000000E+01  1.10645626E+00  9.99869479E-01  1.10645626E+00
   107  6.42000000E+01  1.10647068E+00  9.99867493E-01  1.10647068E+00
   108  6.48000000E+01  1.10648086E+00  9.99866045E-01  1.10648086E+00
   109  6.54000000E+01  1.10649869E+00  9.99865222E-01  1.10649869E+00
   110  6.60000000E+01  1.10648695E+00  9.99865123E-01  1.10648695E+00
   111  6.66000000E+01  1.10650462E+00  9.99865856E-01  1.10650462E+00
   112  6.72000000E+01  1.10650546E+00  9.99867539E-01  1.10650546E+00
   113  6.78000000E+01  1.10652661E+00  9.99870304E-01  1.10652661E+00
   114  6.84000000E+01  1.10650702E+00  9.99874294E-01  1.10650702E+00
   115  6.90000000E+01  1.10652809E+00  9.99879665E-01  1.10652809E+00
   116  6.96000000E+01  1.10652176E+00  9.99886589E-01  1.10652176E+00
   117  7.02000000E+01  1.10654637E+00  9.99895254E-01  1.10654637E+00
   118  7.08000000E+01  1.10652083E+00  9.99905863E-01  1.10652083E+00
   119  7.14000000E+01  1.10654543E+00  9.99918638E-01  1.10654543E+00
   120  7.20000000E+01  1.10653345E+00  9.99933821E-01  1.10653345E+00
   121  7.26000000E+01  1.10656163E+00  9.99951674E-01  1.10656163E+00
   122  7.32000000E+01  1.10653129E+00  9.99972482E-01  1.10653129E+00
   123  7.38000000E+01  1.10655954E+00  9.99996553E-01  1.10655954E+00
   124  7.44000000E+01  1.10654284E+00  1.00002422E+00  1.10654284E+00
   125  7.50000000E+01  1.10657470E+00  1.00005585E+00  1.10657470E+00
   126  7.56000000E+01  1.10654032E+00  1.00009182E+00  1.10654032E+00
   127  7.62000000E+01  1.10657232E+00  1.00013257E+00  1.10657232E+00
   128  7.68000000E+01  1.10655149E+00  1.00017853E+00  1.10655149E+00
   129  7.74000000E+01  1.10658713E+00  1.00023021E+00  1.10658713E+00
   130  7.80000000E+01  1.10654917E+00  1.00028812E+00  1.10654917E+00
   131  7.86000000E+01  1.10658499E+00  1.00035284E+00  1.10658499E+00
   132  7.92000000E+01  1.10656043E+00  1.00042495E+00  1.10656043E+00
   133  7.98000000E+01  1.10659992E+00  1.00050512E+00  1.10659992E+00
   134  8.04000000E+01  1.10655863E+00  1.00059403E+00  1.10655863E+00
   135  8.10000000E+01  1.10659834E+00  1.00069243E+00  1.10659834E+00
   136  8.16000000E+01  1.10657018E+00  1.00080111E+00  1.10657018E+00
   137  8.22000000E+01  1.10661358E+00  1.00092091E+00  1.10661358E+00
   138  8.28000000E+01  1.10656903E+00  1.00105274E+00  1.10656903E+00
   139  8.34000000E+01  1.10661270E+00  1.00119755E+00  1.10661270E+00
   140  8.40000000E+01  1.10658099E+00  1.00135636E+00  1.10658099E+00
   141  8.46000000E+01  1.10662836E+00  1.00153026E+00  1.10662836E+00
   142  8.52000000E+01  1.10658550E+00  1.00172039E+00  1.10658550E+00
   143  8.58000000E+01  1.10662823E+00  1.00192797E+00  1.10662823E+00
   144  8.64000000E+01  1.10659294E+00  1.00215429E+00  1.10659294E+00
   145  8.70000000E+01  1.10664432E+00  1.00240071E+00  1.10664432E+00
   146  8.76000000E+01  1.10660429E+00  1.00266866E+00  1.10660429E+00
   147  8.82000000E+01  1.10664493E+00  1.00295965E+00  1.10664493E+00
   148  8.88000000E+01  1.10660600E+00  1.00327527E+00  1.10660600E+00
   149  8.94000000E+01  1.10666144E+00  1.00361717E+00  1.10666144E+00
   150  9.00000000E+01  1.10662431E+00  1.00398711E+00  1.10662431E+00
   151  9.06000000E+01  1.10666272E+00  1.00438690E+00  1.10666272E+00
   152  9.12000000E+01  1.10662560E+00  1.00481844E+00  1.10662560E+00
   153  9.18000000E+01  1.10667957E+00  1.00528371E+00  1.10667957E+00
   154  9.24000000E+01  1.10664542E+00  1.00578476E+00  1.10664542E+00
   155  9.30000000E+01  1.10668144E+00  1.00632370E+00  1.10668144E+00
   156  9.36000000E+01  1.10664733E+00  1.00690273E+00  1.10664733E+00
   157  9.42000000E+01  1.10669857E+00  1.00752412E+00  1.10669857E+00
   158  9.48000000E+01  1.10666745E+00  1.00819016E+00  1.10666745E+00
   159  9.54000000E+01  1.10670095E+00  1.00890323E+00  1.10670095E+00
   160  9.60000000E+01  1.10666991E+00  1.00966573E+00  1.10666991E+00
   161  9.66000000E+01  1.10671826E+00  1.01048010E+00  1.10671826E+00
   162  9.72000000E+01  1.10669024E+00  1.01134881E+00  1.10669024E+00
   163  9.78000000E+01  1.10672107E+00  1.01227431E+00  1.10672107E+00
   164  9.84000000E+01  1.10669316E+00  1.01325906E+00  1.10669316E+00
   165  9.90000000E+01  1.10673850E+00  1.01430548E+00  1.10673850E+00
   166  9.96000000E+01  1.10671363E+00  1.01541596E+00  1.10671363E+00
   167  1.00200000E+02  1.10674165E+00  1.01659279E+00  1.10674165E+00
   168  1.00800000E+02  1.10671691E+00  1.01783817E+00  1.10671691E+00
   169  1.01400000E+02  1.10675912E+00  1.01915421E+00  1.10675912E+00
   170  1.02000000E+02  1.10673745E+00  1.02054281E+00  1.10673745E+00
   171  1.02600000E+02  1.10676254E+00  1.02200573E+00  1.10676254E+00
   172  1.03200000E+02  1.10674103E+00  1.02354449E+00  1.10674103E+00
   173  1.03800000E+02  1.10677999E+00  1.02516035E+00  1.10677999E+00
   174  1.04400000E+02  1.10676157E+00  1.02685430E+00  1.10676157E+00
   175  1.05000000E+02  1.10678363E+00  1.02862698E+00  1.10678363E+00
   176  1.05600000E+02  1.10676540E+00  1.03047866E+00  1.10676540E+00
   177  1.06200000E+02  1.10680102E+00  1.03240921E+00  1.10680102E+00
   178  1.06800000E+02  1.10678588E+00  1.03441802E+00  1.10678588E+00
   179  1.07400000E+02  1.10680480E+00  1.03650401E+00  1.10680480E+00
   180  1.08000000E+02  1.10678989E+00  1.03866556E+00  1.10678989E+00
   181  1.08600000E+02  1.10682208E+00  1.04090044E+00  1.10682208E+00
   182  1.09200000E+02  1.10681028E+00  1.04320585E+00  1.10681028E+00
   183  1.09800000E+02  1.10682598E+00  1.04557830E+00  1.10682598E+00
   184  1.10400000E+02  1.10681442E+00  1.04801363E+00  1.10681442E+00
   185  1.11000000E+02  1.10684311E+00  1.05050698E+00  1.10684311E+00
   186  1.11600000E+02  1.10683468E+00  1.05305273E+00  1.10683468E+00
   187  1.12200000E+02  1.10684708E+00  1.05564453E+00  1.10684708E+00
   188  1.12800000E+02  1.10683892E+00  1.05827528E+00  1.10683892E+00
   189  1.13400000E+02  1.10686405E+00  1.06093712E+00  1.10686405E+00
   190  1.14000000E+02  1.10685902E+00  1.06362146E+00  1.10685902E+00
   191  1.14600000E+02  1.10686806E+00  1.06631897E+00  1.10686806E+00
   192  1.15200000E+02  1.10686333E+00  1.06901967E+00  1.10686333E+00
   193  1.15800000E+02  1.10688483E+00  1.07171292E+00  1.10688483E+00
   194  1.16400000E+02  1.10688325E+00  1.07438750E+00  1.10688325E+00
   195  1.17000000E+02  1.10688887E+00  1.07703169E+00  1.10688887E+00
   196  1.17600000E+02  1.10688760E+00  1.07963335E+00  1.10688760E+00
   197  1.18200000E+02  1.10690544E+00  1.08218002E+00  1.10690544E+00
   198  1.18800000E+02  1.10690732E+00  1.08465904E+00  1.10690732E+00
   199  1.19400000E+02  1.10690947E+00  1.08705770E+00  1.10690947E+00
   200  1.20000000E+02  1.10691169E+00  1.08936336E+00  1.10691169E+00
   201  1.20600000E+02  1.10692582E+00  1.09156369E+00  1.10692582E+00
   202  1.21200000E+02  1.10693121E+00  1.09364680E+00  1.10693121E+00
   203  1.21800000E+02  1.10692984E+00  1.09560152E+00  1.10692984E+00
   204  1.22400000E+02  1.10693559E+00  1.09741759E+00  1.10693559E+00
   205  1.23000000E+02  1.10694597E+00  1.09908595E+00  1.10694597E+00
   206  1.23600000E+02  1.10695489E+00  1.10059895E+00  1.10695489E+00
   207  1.24200000E+02  1.10694995E+00  1.10195069E+00  1.10694995E+00
   208  1.24800000E+02  1.10695926E+00  1.10313722E+00  1.10695926E+00
   209  1.25400000E+02  1.10696587E+00  1.10415683E+00  1.10696587E+00
   210  1.26000000E+02  1.10697835E+00  1.10501021E+00  1.10697835E+00
   211  1.26600000E+02  1.10696976E+00  1.10570066E+00  1.10696976E+00
   212  1.27200000E+02  1.10698269E+00  1.10623416E+00  1.10698269E+00
   213  1.27800000E+02  1.10698568E+00  1.10661937E+00  1.10698568E+00
   214  1.28400000E+02  1.10700181E+00  1.10686758E+00  1.10700181E+00
   215  1.29000000E+02  1.10699248E+00  1.10699248E+00  1.10699248E+00
   216  1.29600000E+02  1.10700986E+00  1.10700986E+00  1.10700986E+00
   217  1.30200000E+02  1.10693718E+00  1.10693718E+00  1.10693718E+00
   218  1.30800000E+02  1.10679298E+00  1.10679298E+00  1.10679298E+00
   219  1.31400000E+02  1.10659632E+00  1.10659632E+00  1.10659632E+00
   220  1.32000000E+02  1.10636604E+00  1.10636604E+00  1.10636604E+00
   221  1.32600000E+02  1.10612005E+00  1.10612005E+00  1.10612005E+00
   222  1.33200000E+02  1.10587465E+00  1.10587465E+00  1.10587465E+00
   223  1.33800000E+02  1.10564387E+00  1.10564387E+00  1.10564387E+00
   224  1.34400000E+02  1.10543900E+00  1.10543900E+00  1.10543900E+00
   225  1.35000000E+02  1.10539673E+00  1.10526822E+00  1.10539673E+00
   226  1.35600000E+02  1.10539673E+00  1.10513644E+00  1.10539673E+00
   227  1.36200000E+02  1.10539673E+00  1.10504532E+00  1.10539673E+00
   228  1.36800000E+02  1.10539673E+00  1.10499354E+00  1.10539673E+00
   229  1.37400000E+02  1.10539673E+00  1.10497723E+00  1.10539673E+00
   230  1.38000000E+02  1.10539673E+00  1.10499056E+00  1.10539673E+00
   231  1.38600000E+02  1.10539673E+00  1.10502639E+00  1.10539673E+00
   232  1.39200000E+02  1.10539673E+00  1.10507703E+00  1.10539673E+00
   233  1.39800000E+02  1.10539673E+00  1.10513492E+00  1.10539673E+00
   234  1.40400000E+02  1.10539673E+00  1.10519324E+00  1.10539673E+00
   235  1.41000000E+02  1.10539673E+00  1.10524638E+00  1.10539673E+00
   236  1.41600000E+02  1.10539673E+00  1.10529027E+00  1.10539673E+00
   237  1.42200000E+02  1.10539673E+00  1.10532253E+00  1.10539673E+00
   238  1.42800000E+02  1.10539673E+00  1.10534236E+00  1.10539673E+00
   239  1.43400000E+02  1.10539673E+00  1.10535039E+00  1.10539673E+00
   240  1.44000000E+02  1.10539673E+00  1.10534834E+00  1.10539673E+00
   241  1.44600000E+02  1.10539673E+00  1.10533867E+00  1.10539673E+00
   242  1.45200000E+02  1.10539673E+00  1.10532414E+00  1.10539673E+00
   243  1.45800000E+02  1.10539673E+00  1.10530748E+00  1.10539673E+00
   244  1.46400000E+02  1.10539673E+00  1.10529106E+00  1.10539673E+00
   245  1.47000000E+02  1.10539673E+00  1.10527671E+00  1.10539673E+00
   246  1.47600000E+02  1.10539673E+00  1.10526559E+00  1.10539673E+00
   247  1.48200000E+02  1.10539673E+00  1.10525823E+00  1.10539673E+00
   248  1.48800000E+02  1.10539673E+00  1.10525453E+00  1.10539673E+00
   249  1.49400000E+02  1.10539673E+00  1.10525400E+00  1.10539673E+00
   250  1.50000000E+02  1.10539673E+00  1.10525582E+00  1.10539673E+00
   251  1.50600000E+02  1.10539673E+00  1.10525908E+00  1.10539673E+00
   252  1.51200000E+02  1.10539673E+00  1.10526289E+00  1.10539673E+00
   253  1.51800000E+02  1.10539673E+00  1.10526652E+00  1.10539673E+00
   254  1.52400000E+02  1.10539673E+00  1.10526944E+00  1.10539673E+00
   255  1.53000000E+02  1.10539673E+00  1.10527135E+00  1.10539673E+00
   256  1.53600000E+02  1.10539673E+00  1.10527220E+00  1.10539673E+00
 steady-height stop at step    256: changes <=   1.0000E-05, max-end <=   1.0000E-02, max/end/gap/profile_change =   1.10539673E+00  1.10527220E+00  1.24523911E-04  1.51234087E-06


STDERR:
