COMMAND:
/shared/extrudate_rom/generate_rom_data/extrudate_swell2d_c_cluster

STDOUT:
 comppar: model =   3
 comppar: lambda,mobility/eps,betav,eta_0 =  6.4000E+00  2.3333E-01  9.0000E-01  1.0000E+00
 comppar: eta_s,eta_p,G =  9.0000E-01  1.0000E-01  1.5625E-02
 comppar: U_avg,deltat,flowrate,nsteps =  5.0000E-02  6.0000E-01  1.5708E-01     700
 comppar: geometry = axisymmetric
 comppar: steady stop change,gap,hold,min =  1.0000E-05  1.0000E-02      10      80
 comppar: ncompc,ncompg =     4     5
 mesh nnodes = 5765
 mesh nelem = 2780
 P1 BC   5.0000000000000000     
 P2 BC   0.0000000000000000     
     1  6.00000000E-01  1.00379478E+00  1.00000000E+00  1.00379478E+00
     2  1.20000000E+00  1.00750699E+00  1.00000000E+00  1.00750699E+00
     3  1.80000000E+00  1.01113870E+00  1.00000000E+00  1.01113870E+00
     4  2.40000000E+00  1.01469031E+00  1.00000000E+00  1.01469031E+00
     5  3.00000000E+00  1.01816421E+00  1.00000000E+00  1.01816421E+00
     6  3.60000000E+00  1.02155634E+00  1.00000000E+00  1.02155634E+00
     7  4.20000000E+00  1.02488570E+00  1.00000000E+00  1.02488570E+00
     8  4.80000000E+00  1.02814236E+00  1.00000000E+00  1.02814236E+00
     9  5.40000000E+00  1.03132118E+00  1.00000000E+00  1.03132118E+00
    10  6.00000000E+00  1.03442480E+00  1.00000000E+00  1.03442480E+00
    11  6.60000000E+00  1.03748629E+00  1.00000000E+00  1.03748629E+00
    12  7.20000000E+00  1.04046301E+00  1.00000000E+00  1.04046301E+00
    13  7.80000000E+00  1.04337676E+00  1.00000000E+00  1.04337676E+00
    14  8.40000000E+00  1.04624694E+00  9.99999999E-01  1.04624694E+00
    15  9.00000000E+00  1.04900911E+00  9.99999996E-01  1.04900911E+00
    16  9.60000000E+00  1.05177568E+00  9.99999992E-01  1.05177568E+00
    17  1.02000000E+01  1.05443252E+00  9.99999986E-01  1.05443252E+00
    18  1.08000000E+01  1.05706922E+00  9.99999979E-01  1.05706922E+00
    19  1.14000000E+01  1.05959820E+00  9.99999971E-01  1.05959820E+00
    20  1.20000000E+01  1.06212480E+00  9.99999960E-01  1.06212480E+00
    21  1.26000000E+01  1.06453660E+00  9.99999947E-01  1.06453660E+00
    22  1.32000000E+01  1.06695354E+00  9.99999932E-01  1.06695354E+00
    23  1.38000000E+01  1.06921904E+00  9.99999915E-01  1.06921904E+00
    24  1.44000000E+01  1.07154770E+00  9.99999894E-01  1.07154770E+00
    25  1.50000000E+01  1.07372677E+00  9.99999870E-01  1.07372677E+00
    26  1.56000000E+01  1.07591827E+00  9.99999843E-01  1.07591827E+00
    27  1.62000000E+01  1.07801106E+00  9.99999811E-01  1.07801106E+00
    28  1.68000000E+01  1.08003089E+00  9.99999775E-01  1.08003089E+00
    29  1.74000000E+01  1.08206807E+00  9.99999734E-01  1.08206807E+00
    30  1.80000000E+01  1.08394425E+00  9.99999687E-01  1.08394425E+00
    31  1.86000000E+01  1.08589171E+00  9.99999635E-01  1.08589171E+00
    32  1.92000000E+01  1.08771214E+00  9.99999576E-01  1.08771214E+00
    33  1.98000000E+01  1.08943289E+00  9.99999510E-01  1.08943289E+00
    34  2.04000000E+01  1.09123340E+00  9.99999437E-01  1.09123340E+00
    35  2.10000000E+01  1.09286997E+00  9.99999355E-01  1.09286997E+00
    36  2.16000000E+01  1.09450188E+00  9.99999264E-01  1.09450188E+00
    37  2.22000000E+01  1.09611838E+00  9.99999163E-01  1.09611838E+00
    38  2.28000000E+01  1.09756972E+00  9.99999051E-01  1.09756972E+00
    39  2.34000000E+01  1.09908075E+00  9.99998928E-01  1.09908075E+00
    40  2.40000000E+01  1.10054627E+00  9.99998792E-01  1.10054627E+00
    41  2.46000000E+01  1.10184817E+00  9.99998643E-01  1.10184817E+00
    42  2.52000000E+01  1.10324508E+00  9.99998479E-01  1.10324508E+00
    43  2.58000000E+01  1.10455926E+00  9.99998300E-01  1.10455926E+00
    44  2.64000000E+01  1.10571271E+00  9.99998103E-01  1.10571271E+00
    45  2.70000000E+01  1.10698991E+00  9.99997889E-01  1.10698991E+00
    46  2.76000000E+01  1.10816069E+00  9.99997655E-01  1.10816069E+00
    47  2.82000000E+01  1.10917605E+00  9.99997400E-01  1.10917605E+00
    48  2.88000000E+01  1.11035844E+00  9.99997122E-01  1.11035844E+00
    49  2.94000000E+01  1.11138778E+00  9.99996820E-01  1.11138778E+00
    50  3.00000000E+01  1.11231459E+00  9.99996493E-01  1.11231459E+00
    51  3.06000000E+01  1.11336056E+00  9.99996138E-01  1.11336056E+00
    52  3.12000000E+01  1.11425772E+00  9.99995754E-01  1.11425772E+00
    53  3.18000000E+01  1.11511765E+00  9.99995339E-01  1.11511765E+00
    54  3.24000000E+01  1.11602772E+00  9.99994890E-01  1.11602772E+00
    55  3.30000000E+01  1.11679740E+00  9.99994405E-01  1.11679740E+00
    56  3.36000000E+01  1.11759641E+00  9.99993883E-01  1.11759641E+00
    57  3.42000000E+01  1.11838147E+00  9.99993321E-01  1.11838147E+00
    58  3.48000000E+01  1.11903659E+00  9.99992716E-01  1.11903659E+00
    59  3.54000000E+01  1.11977841E+00  9.99992066E-01  1.11977841E+00
    60  3.60000000E+01  1.12044432E+00  9.99991369E-01  1.12044432E+00
    61  3.66000000E+01  1.12101217E+00  9.99990620E-01  1.12101217E+00
    62  3.72000000E+01  1.12169247E+00  9.99989819E-01  1.12169247E+00
    63  3.78000000E+01  1.12225320E+00  9.99988960E-01  1.12225320E+00
    64  3.84000000E+01  1.12278125E+00  9.99988043E-01  1.12278125E+00
    65  3.90000000E+01  1.12335171E+00  9.99987062E-01  1.12335171E+00
    66  3.96000000E+01  1.12381547E+00  9.99986016E-01  1.12381547E+00
    67  4.02000000E+01  1.12432175E+00  9.99984901E-01  1.12432175E+00
    68  4.08000000E+01  1.12479701E+00  9.99983712E-01  1.12479701E+00
    69  4.14000000E+01  1.12517895E+00  9.99982448E-01  1.12517895E+00
    70  4.20000000E+01  1.12564190E+00  9.99981104E-01  1.12564190E+00
    71  4.26000000E+01  1.12603093E+00  9.99979677E-01  1.12603093E+00
    72  4.32000000E+01  1.12638699E+00  9.99978162E-01  1.12638699E+00
    73  4.38000000E+01  1.12678607E+00  9.99976557E-01  1.12678607E+00
    74  4.44000000E+01  1.12710377E+00  9.99974858E-01  1.12710377E+00
    75  4.50000000E+01  1.12742635E+00  9.99973060E-01  1.12742635E+00
    76  4.56000000E+01  1.12775009E+00  9.99971162E-01  1.12775009E+00
    77  4.62000000E+01  1.12800660E+00  9.99969158E-01  1.12800660E+00
    78  4.68000000E+01  1.12832369E+00  9.99967045E-01  1.12832369E+00
    79  4.74000000E+01  1.12858638E+00  9.99964821E-01  1.12858638E+00
    80  4.80000000E+01  1.12880096E+00  9.99962482E-01  1.12880096E+00
    81  4.86000000E+01  1.12906865E+00  9.99960025E-01  1.12906865E+00
    82  4.92000000E+01  1.12928056E+00  9.99957448E-01  1.12928056E+00
    83  4.98000000E+01  1.12949820E+00  9.99954748E-01  1.12949820E+00
    84  5.04000000E+01  1.12971469E+00  9.99951922E-01  1.12971469E+00
    85  5.10000000E+01  1.12988754E+00  9.99948971E-01  1.12988754E+00
    86  5.16000000E+01  1.13006784E+00  9.99945892E-01  1.13006784E+00
    87  5.22000000E+01  1.13024334E+00  9.99942684E-01  1.13024334E+00
    88  5.28000000E+01  1.13038707E+00  9.99939349E-01  1.13038707E+00
    89  5.34000000E+01  1.13056326E+00  9.99935887E-01  1.13056326E+00
    90  5.40000000E+01  1.13070796E+00  9.99932300E-01  1.13070796E+00
    91  5.46000000E+01  1.13083045E+00  9.99928590E-01  1.13083045E+00
    92  5.52000000E+01  1.13096265E+00  9.99924761E-01  1.13096265E+00
    93  5.58000000E+01  1.13108604E+00  9.99920819E-01  1.13108604E+00
    94  5.64000000E+01  1.13119596E+00  9.99916769E-01  1.13119596E+00
    95  5.70000000E+01  1.13131699E+00  9.99912619E-01  1.13131699E+00
    96  5.76000000E+01  1.13142519E+00  9.99908379E-01  1.13142519E+00
    97  5.82000000E+01  1.13152619E+00  9.99904061E-01  1.13152619E+00
    98  5.88000000E+01  1.13162529E+00  9.99899676E-01  1.13162529E+00
    99  5.94000000E+01  1.13172549E+00  9.99895241E-01  1.13172549E+00
   100  6.00000000E+01  1.13182775E+00  9.99890775E-01  1.13182775E+00
   101  6.06000000E+01  1.13193140E+00  9.99886297E-01  1.13193140E+00
   102  6.12000000E+01  1.13203467E+00  9.99881831E-01  1.13203467E+00
   103  6.18000000E+01  1.13213519E+00  9.99877405E-01  1.13213519E+00
   104  6.24000000E+01  1.13223049E+00  9.99873048E-01  1.13223049E+00
   105  6.30000000E+01  1.13231840E+00  9.99868796E-01  1.13231840E+00
   106  6.36000000E+01  1.13241031E+00  9.99864687E-01  1.13241031E+00
   107  6.42000000E+01  1.13249948E+00  9.99860764E-01  1.13249948E+00
   108  6.48000000E+01  1.13257969E+00  9.99857076E-01  1.13257969E+00
   109  6.54000000E+01  1.13264998E+00  9.99853676E-01  1.13264998E+00
   110  6.60000000E+01  1.13272659E+00  9.99850625E-01  1.13272659E+00
   111  6.66000000E+01  1.13279873E+00  9.99847989E-01  1.13279873E+00
   112  6.72000000E+01  1.13286089E+00  9.99845841E-01  1.13286089E+00
   113  6.78000000E+01  1.13292270E+00  9.99844262E-01  1.13292270E+00
   114  6.84000000E+01  1.13298599E+00  9.99843341E-01  1.13298599E+00
   115  6.90000000E+01  1.13303940E+00  9.99843175E-01  1.13303940E+00
   116  6.96000000E+01  1.13308506E+00  9.99843872E-01  1.13308506E+00
   117  7.02000000E+01  1.13314044E+00  9.99845550E-01  1.13314044E+00
   118  7.08000000E+01  1.13318653E+00  9.99848336E-01  1.13318653E+00
   119  7.14000000E+01  1.13322446E+00  9.99852371E-01  1.13322446E+00
   120  7.20000000E+01  1.13326931E+00  9.99857808E-01  1.13326931E+00
   121  7.26000000E+01  1.13330786E+00  9.99864814E-01  1.13330786E+00
   122  7.32000000E+01  1.13333942E+00  9.99873570E-01  1.13333942E+00
   123  7.38000000E+01  1.13337407E+00  9.99884272E-01  1.13337407E+00
   124  7.44000000E+01  1.13340680E+00  9.99897135E-01  1.13340680E+00
   125  7.50000000E+01  1.13343358E+00  9.99912389E-01  1.13343358E+00
   126  7.56000000E+01  1.13345858E+00  9.99930285E-01  1.13345858E+00
   127  7.62000000E+01  1.13348569E+00  9.99951095E-01  1.13348569E+00
   128  7.68000000E+01  1.13350812E+00  9.99975110E-01  1.13350812E+00
   129  7.74000000E+01  1.13352711E+00  1.00000265E+00  1.13352711E+00
   130  7.80000000E+01  1.13354963E+00  1.00003404E+00  1.13354963E+00
   131  7.86000000E+01  1.13356881E+00  1.00006967E+00  1.13356881E+00
   132  7.92000000E+01  1.13358529E+00  1.00010992E+00  1.13358529E+00
   133  7.98000000E+01  1.13359988E+00  1.00015521E+00  1.13359988E+00
   134  8.04000000E+01  1.13361508E+00  1.00020600E+00  1.13361508E+00
   135  8.10000000E+01  1.13362975E+00  1.00026278E+00  1.13362975E+00
   136  8.16000000E+01  1.13364305E+00  1.00032607E+00  1.13364305E+00
   137  8.22000000E+01  1.13365523E+00  1.00039644E+00  1.13365523E+00
   138  8.28000000E+01  1.13366637E+00  1.00047447E+00  1.13366637E+00
   139  8.34000000E+01  1.13367727E+00  1.00056081E+00  1.13367727E+00
   140  8.40000000E+01  1.13368821E+00  1.00065614E+00  1.13368821E+00
   141  8.46000000E+01  1.13369817E+00  1.00076120E+00  1.13369817E+00
   142  8.52000000E+01  1.13370708E+00  1.00087675E+00  1.13370708E+00
   143  8.58000000E+01  1.13371486E+00  1.00100362E+00  1.13371486E+00
   144  8.64000000E+01  1.13372184E+00  1.00114269E+00  1.13372184E+00
   145  8.70000000E+01  1.13372980E+00  1.00129489E+00  1.13372980E+00
   146  8.76000000E+01  1.13373658E+00  1.00146121E+00  1.13373658E+00
   147  8.82000000E+01  1.13374219E+00  1.00164270E+00  1.13374219E+00
   148  8.88000000E+01  1.13374670E+00  1.00184046E+00  1.13374670E+00
   149  8.94000000E+01  1.13375135E+00  1.00205568E+00  1.13375135E+00
   150  9.00000000E+01  1.13375605E+00  1.00228958E+00  1.13375605E+00
   151  9.06000000E+01  1.13375977E+00  1.00254347E+00  1.13375977E+00
   152  9.12000000E+01  1.13376263E+00  1.00281873E+00  1.13376263E+00
   153  9.18000000E+01  1.13376480E+00  1.00311681E+00  1.13376480E+00
   154  9.24000000E+01  1.13376752E+00  1.00343922E+00  1.13376752E+00
   155  9.30000000E+01  1.13376974E+00  1.00378755E+00  1.13376974E+00
   156  9.36000000E+01  1.13377141E+00  1.00416348E+00  1.13377141E+00
   157  9.42000000E+01  1.13377266E+00  1.00456874E+00  1.13377266E+00
   158  9.48000000E+01  1.13377362E+00  1.00500515E+00  1.13377362E+00
   159  9.54000000E+01  1.13377435E+00  1.00547461E+00  1.13377435E+00
   160  9.60000000E+01  1.13377494E+00  1.00597909E+00  1.13377494E+00
   161  9.66000000E+01  1.13377566E+00  1.00652061E+00  1.13377566E+00
   162  9.72000000E+01  1.13377620E+00  1.00710130E+00  1.13377620E+00
   163  9.78000000E+01  1.13377661E+00  1.00772332E+00  1.13377661E+00
   164  9.84000000E+01  1.13377690E+00  1.00838892E+00  1.13377690E+00
   165  9.90000000E+01  1.13377709E+00  1.00910039E+00  1.13377709E+00
   166  9.96000000E+01  1.13377718E+00  1.00986008E+00  1.13377718E+00
   167  1.00200000E+02  1.13377717E+00  1.01067039E+00  1.13377717E+00
   168  1.00800000E+02  1.13377708E+00  1.01153373E+00  1.13377708E+00
   169  1.01400000E+02  1.13377692E+00  1.01245256E+00  1.13377692E+00
   170  1.02000000E+02  1.13377671E+00  1.01342935E+00  1.13377671E+00
   171  1.02600000E+02  1.13377645E+00  1.01446657E+00  1.13377645E+00
   172  1.03200000E+02  1.13377617E+00  1.01556666E+00  1.13377617E+00
   173  1.03800000E+02  1.13377588E+00  1.01673204E+00  1.13377588E+00
   174  1.04400000E+02  1.13377558E+00  1.01796509E+00  1.13377558E+00
   175  1.05000000E+02  1.13377529E+00  1.01926810E+00  1.13377529E+00
   176  1.05600000E+02  1.13377500E+00  1.02064327E+00  1.13377500E+00
   177  1.06200000E+02  1.13377472E+00  1.02209270E+00  1.13377472E+00
   178  1.06800000E+02  1.13377445E+00  1.02361832E+00  1.13377445E+00
   179  1.07400000E+02  1.13377419E+00  1.02522190E+00  1.13377419E+00
   180  1.08000000E+02  1.13377395E+00  1.02690500E+00  1.13377395E+00
   181  1.08600000E+02  1.13377371E+00  1.02866896E+00  1.13377371E+00
   182  1.09200000E+02  1.13377349E+00  1.03051484E+00  1.13377349E+00
   183  1.09800000E+02  1.13377328E+00  1.03244340E+00  1.13377328E+00
   184  1.10400000E+02  1.13377308E+00  1.03445507E+00  1.13377308E+00
   185  1.11000000E+02  1.13377290E+00  1.03654991E+00  1.13377290E+00
   186  1.11600000E+02  1.13377272E+00  1.03872757E+00  1.13377272E+00
   187  1.12200000E+02  1.13377256E+00  1.04098727E+00  1.13377256E+00
   188  1.12800000E+02  1.13377242E+00  1.04332774E+00  1.13377242E+00
   189  1.13400000E+02  1.13377228E+00  1.04574723E+00  1.13377228E+00
   190  1.14000000E+02  1.13377216E+00  1.04824345E+00  1.13377216E+00
   191  1.14600000E+02  1.13377204E+00  1.05081353E+00  1.13377204E+00
   192  1.15200000E+02  1.13377194E+00  1.05345405E+00  1.13377194E+00
   193  1.15800000E+02  1.13377184E+00  1.05616097E+00  1.13377184E+00
   194  1.16400000E+02  1.13377176E+00  1.05892963E+00  1.13377176E+00
   195  1.17000000E+02  1.13377168E+00  1.06175475E+00  1.13377168E+00
   196  1.17600000E+02  1.13377161E+00  1.06463043E+00  1.13377161E+00
   197  1.18200000E+02  1.13377154E+00  1.06755014E+00  1.13377154E+00
   198  1.18800000E+02  1.13377148E+00  1.07050673E+00  1.13377148E+00
   199  1.19400000E+02  1.13377143E+00  1.07349246E+00  1.13377143E+00
   200  1.20000000E+02  1.13377138E+00  1.07649903E+00  1.13377138E+00
   201  1.20600000E+02  1.13377134E+00  1.07951760E+00  1.13377134E+00
   202  1.21200000E+02  1.13377130E+00  1.08253885E+00  1.13377130E+00
   203  1.21800000E+02  1.13377126E+00  1.08555300E+00  1.13377126E+00
   204  1.22400000E+02  1.13377123E+00  1.08854992E+00  1.13377123E+00
   205  1.23000000E+02  1.13377120E+00  1.09151915E+00  1.13377120E+00
   206  1.23600000E+02  1.13377118E+00  1.09445002E+00  1.13377118E+00
   207  1.24200000E+02  1.13377115E+00  1.09733169E+00  1.13377115E+00
   208  1.24800000E+02  1.13377113E+00  1.10015331E+00  1.13377113E+00
   209  1.25400000E+02  1.13377111E+00  1.10290403E+00  1.13377111E+00
   210  1.26000000E+02  1.13377110E+00  1.10557322E+00  1.13377110E+00
   211  1.26600000E+02  1.13377108E+00  1.10815048E+00  1.13377108E+00
   212  1.27200000E+02  1.13377107E+00  1.11062588E+00  1.13377107E+00
   213  1.27800000E+02  1.13377106E+00  1.11298998E+00  1.13377106E+00
   214  1.28400000E+02  1.13377105E+00  1.11523405E+00  1.13377105E+00
   215  1.29000000E+02  1.13377104E+00  1.11735021E+00  1.13377104E+00
   216  1.29600000E+02  1.13377103E+00  1.11933153E+00  1.13377103E+00
   217  1.30200000E+02  1.13377102E+00  1.12117223E+00  1.13377102E+00
   218  1.30800000E+02  1.13377102E+00  1.12286780E+00  1.13377102E+00
   219  1.31400000E+02  1.13377101E+00  1.12441516E+00  1.13377101E+00
   220  1.32000000E+02  1.13377101E+00  1.12581277E+00  1.13377101E+00
   221  1.32600000E+02  1.13377100E+00  1.12706073E+00  1.13377100E+00
   222  1.33200000E+02  1.13377100E+00  1.12816090E+00  1.13377100E+00
   223  1.33800000E+02  1.13377099E+00  1.12911692E+00  1.13377099E+00
   224  1.34400000E+02  1.13377099E+00  1.12993423E+00  1.13377099E+00
   225  1.35000000E+02  1.13377099E+00  1.13062000E+00  1.13377099E+00
   226  1.35600000E+02  1.13377098E+00  1.13118307E+00  1.13377098E+00
   227  1.36200000E+02  1.13377098E+00  1.13163377E+00  1.13377098E+00
   228  1.36800000E+02  1.13377098E+00  1.13198370E+00  1.13377098E+00
   229  1.37400000E+02  1.13377098E+00  1.13224547E+00  1.13377098E+00
   230  1.38000000E+02  1.13377098E+00  1.13243233E+00  1.13377098E+00
   231  1.38600000E+02  1.13377098E+00  1.13255782E+00  1.13377098E+00
   232  1.39200000E+02  1.13377097E+00  1.13263538E+00  1.13377097E+00
   233  1.39800000E+02  1.13377097E+00  1.13267790E+00  1.13377097E+00
   234  1.40400000E+02  1.13377097E+00  1.13269734E+00  1.13377097E+00
   235  1.41000000E+02  1.13377097E+00  1.13270436E+00  1.13377097E+00
   236  1.41600000E+02  1.13377097E+00  1.13270802E+00  1.13377097E+00
   237  1.42200000E+02  1.13377097E+00  1.13271554E+00  1.13377097E+00
   238  1.42800000E+02  1.13377097E+00  1.13273217E+00  1.13377097E+00
   239  1.43400000E+02  1.13377097E+00  1.13276121E+00  1.13377097E+00
   240  1.44000000E+02  1.13377097E+00  1.13280403E+00  1.13377097E+00
   241  1.44600000E+02  1.13377097E+00  1.13286029E+00  1.13377097E+00
   242  1.45200000E+02  1.13377097E+00  1.13292824E+00  1.13377097E+00
   243  1.45800000E+02  1.13377097E+00  1.13300504E+00  1.13377097E+00
   244  1.46400000E+02  1.13377097E+00  1.13308714E+00  1.13377097E+00
   245  1.47000000E+02  1.13377097E+00  1.13317073E+00  1.13377097E+00
   246  1.47600000E+02  1.13377097E+00  1.13325206E+00  1.13377097E+00
   247  1.48200000E+02  1.13377097E+00  1.13332778E+00  1.13377097E+00
   248  1.48800000E+02  1.13377097E+00  1.13339523E+00  1.13377097E+00
   249  1.49400000E+02  1.13377096E+00  1.13345257E+00  1.13377096E+00
   250  1.50000000E+02  1.13377096E+00  1.13349887E+00  1.13377096E+00
   251  1.50600000E+02  1.13377096E+00  1.13353406E+00  1.13377096E+00
   252  1.51200000E+02  1.13377096E+00  1.13355888E+00  1.13377096E+00
   253  1.51800000E+02  1.13377096E+00  1.13357466E+00  1.13377096E+00
   254  1.52400000E+02  1.13377096E+00  1.13358314E+00  1.13377096E+00
   255  1.53000000E+02  1.13377096E+00  1.13358627E+00  1.13377096E+00
   256  1.53600000E+02  1.13377096E+00  1.13358599E+00  1.13377096E+00
   257  1.54200000E+02  1.13377096E+00  1.13358401E+00  1.13377096E+00
   258  1.54800000E+02  1.13377096E+00  1.13358177E+00  1.13377096E+00
   259  1.55400000E+02  1.13377096E+00  1.13358029E+00  1.13377096E+00
   260  1.56000000E+02  1.13377096E+00  1.13358016E+00  1.13377096E+00
   261  1.56600000E+02  1.13377096E+00  1.13358160E+00  1.13377096E+00
   262  1.57200000E+02  1.13377096E+00  1.13358451E+00  1.13377096E+00
   263  1.57800000E+02  1.13377096E+00  1.13358854E+00  1.13377096E+00
 steady-height stop at step    263: changes <=   1.0000E-05, max-end <=   1.0000E-02, max/end/gap/profile_change =   1.13377096E+00  1.13358854E+00  1.82422558E-04  4.78898831E-06


STDERR:
