COMMAND:
/shared/extrudate_rom/generate_rom_data/extrudate_swell2d_c_cluster

STDOUT:
 comppar: model =   3
 comppar: lambda,mobility/eps,betav,eta_0 =  2.8000E+00  5.0000E-01  5.0000E-01  1.0000E+00
 comppar: eta_s,eta_p,G =  5.0000E-01  5.0000E-01  1.7857E-01
 comppar: U_avg,deltat,flowrate,nsteps =  5.0000E-02  6.0000E-01  1.5708E-01     700
 comppar: geometry = axisymmetric
 comppar: steady stop change,gap,hold,min =  1.0000E-05  1.0000E-02      10      80
 comppar: ncompc,ncompg =     4     5
 mesh nnodes = 5765
 mesh nelem = 2780
 P1 BC   5.0000000000000000     
 P2 BC   0.0000000000000000     
     1  6.00000000E-01  1.00379206E+00  1.00000000E+00  1.00379206E+00
     2  1.20000000E+00  1.00747726E+00  1.00000000E+00  1.00747726E+00
     3  1.80000000E+00  1.01103041E+00  1.00000000E+00  1.01103041E+00
     4  2.40000000E+00  1.01446658E+00  1.00000000E+00  1.01446658E+00
     5  3.00000000E+00  1.01779210E+00  1.00000000E+00  1.01779210E+00
     6  3.60000000E+00  1.02101389E+00  1.00000000E+00  1.02101389E+00
     7  4.20000000E+00  1.02414149E+00  1.00000000E+00  1.02414149E+00
     8  4.80000000E+00  1.02717340E+00  1.00000001E+00  1.02717340E+00
     9  5.40000000E+00  1.03013991E+00  1.00000001E+00  1.03013991E+00
    10  6.00000000E+00  1.03303125E+00  1.00000001E+00  1.03303125E+00
    11  6.60000000E+00  1.03583156E+00  1.00000001E+00  1.03583156E+00
    12  7.20000000E+00  1.03858181E+00  1.00000001E+00  1.03858181E+00
    13  7.80000000E+00  1.04126591E+00  1.00000000E+00  1.04126591E+00
    14  8.40000000E+00  1.04385422E+00  1.00000000E+00  1.04385422E+00
    15  9.00000000E+00  1.04643152E+00  9.99999999E-01  1.04643152E+00
    16  9.60000000E+00  1.04890258E+00  9.99999995E-01  1.04890258E+00
    17  1.02000000E+01  1.05134909E+00  9.99999990E-01  1.05134909E+00
    18  1.08000000E+01  1.05368770E+00  9.99999983E-01  1.05368770E+00
    19  1.14000000E+01  1.05601265E+00  9.99999974E-01  1.05601265E+00
    20  1.20000000E+01  1.05823925E+00  9.99999964E-01  1.05823925E+00
    21  1.26000000E+01  1.06044171E+00  9.99999951E-01  1.06044171E+00
    22  1.32000000E+01  1.06253556E+00  9.99999936E-01  1.06253556E+00
    23  1.38000000E+01  1.06463908E+00  9.99999918E-01  1.06463908E+00
    24  1.44000000E+01  1.06660793E+00  9.99999898E-01  1.06660793E+00
    25  1.50000000E+01  1.06861199E+00  9.99999873E-01  1.06861199E+00
    26  1.56000000E+01  1.07044711E+00  9.99999846E-01  1.07044711E+00
    27  1.62000000E+01  1.07234011E+00  9.99999814E-01  1.07234011E+00
    28  1.68000000E+01  1.07410378E+00  9.99999777E-01  1.07410378E+00
    29  1.74000000E+01  1.07584292E+00  9.99999735E-01  1.07584292E+00
    30  1.80000000E+01  1.07753486E+00  9.99999688E-01  1.07753486E+00
    31  1.86000000E+01  1.07906758E+00  9.99999635E-01  1.07906758E+00
    32  1.92000000E+01  1.08072493E+00  9.99999575E-01  1.08072493E+00
    33  1.98000000E+01  1.08220301E+00  9.99999508E-01  1.08220301E+00
    34  2.04000000E+01  1.08368524E+00  9.99999433E-01  1.08368524E+00
    35  2.10000000E+01  1.08512874E+00  9.99999349E-01  1.08512874E+00
    36  2.16000000E+01  1.08638866E+00  9.99999255E-01  1.08638866E+00
    37  2.22000000E+01  1.08779481E+00  9.99999152E-01  1.08779481E+00
    38  2.28000000E+01  1.08905703E+00  9.99999037E-01  1.08905703E+00
    39  2.34000000E+01  1.09021843E+00  9.99998910E-01  1.09021843E+00
    40  2.40000000E+01  1.09148070E+00  9.99998770E-01  1.09148070E+00
    41  2.46000000E+01  1.09256068E+00  9.99998616E-01  1.09256068E+00
    42  2.52000000E+01  1.09364976E+00  9.99998446E-01  1.09364976E+00
    43  2.58000000E+01  1.09473580E+00  9.99998260E-01  1.09473580E+00
    44  2.64000000E+01  1.09564295E+00  9.99998056E-01  1.09564295E+00
    45  2.70000000E+01  1.09669544E+00  9.99997833E-01  1.09669544E+00
    46  2.76000000E+01  1.09760634E+00  9.99997589E-01  1.09760634E+00
    47  2.82000000E+01  1.09843807E+00  9.99997322E-01  1.09843807E+00
    48  2.88000000E+01  1.09935568E+00  9.99997032E-01  1.09935568E+00
    49  2.94000000E+01  1.10010139E+00  9.99996717E-01  1.10010139E+00
    50  3.00000000E+01  1.10091895E+00  9.99996374E-01  1.10091895E+00
    51  3.06000000E+01  1.10166813E+00  9.99996002E-01  1.10166813E+00
    52  3.12000000E+01  1.10230016E+00  9.99995598E-01  1.10230016E+00
    53  3.18000000E+01  1.10305647E+00  9.99995161E-01  1.10305647E+00
    54  3.24000000E+01  1.10365075E+00  9.99994689E-01  1.10365075E+00
    55  3.30000000E+01  1.10428832E+00  9.99994178E-01  1.10428832E+00
    56  3.36000000E+01  1.10488572E+00  9.99993627E-01  1.10488572E+00
    57  3.42000000E+01  1.10537396E+00  9.99993033E-01  1.10537396E+00
    58  3.48000000E+01  1.10597873E+00  9.99992394E-01  1.10597873E+00
    59  3.54000000E+01  1.10643401E+00  9.99991706E-01  1.10643401E+00
    60  3.60000000E+01  1.10693708E+00  9.99990967E-01  1.10693708E+00
    61  3.66000000E+01  1.10739512E+00  9.99990174E-01  1.10739512E+00
    62  3.72000000E+01  1.10777884E+00  9.99989324E-01  1.10777884E+00
    63  3.78000000E+01  1.10824416E+00  9.99988413E-01  1.10824416E+00
    64  3.84000000E+01  1.10857487E+00  9.99987438E-01  1.10857487E+00
    65  3.90000000E+01  1.10898054E+00  9.99986397E-01  1.10898054E+00
    66  3.96000000E+01  1.10931359E+00  9.99985284E-01  1.10931359E+00
    67  4.02000000E+01  1.10962801E+00  9.99984098E-01  1.10962801E+00
    68  4.08000000E+01  1.10996793E+00  9.99982835E-01  1.10996793E+00
    69  4.14000000E+01  1.11018993E+00  9.99981490E-01  1.11018993E+00
    70  4.20000000E+01  1.11052627E+00  9.99980060E-01  1.11052627E+00
    71  4.26000000E+01  1.11075010E+00  9.99978542E-01  1.11075010E+00
    72  4.32000000E+01  1.11101919E+00  9.99976931E-01  1.11101919E+00
    73  4.38000000E+01  1.11124914E+00  9.99975224E-01  1.11124914E+00
    74  4.44000000E+01  1.11143412E+00  9.99973418E-01  1.11143412E+00
    75  4.50000000E+01  1.11166621E+00  9.99971509E-01  1.11166621E+00
    76  4.56000000E+01  1.11179979E+00  9.99969494E-01  1.11179979E+00
    77  4.62000000E+01  1.11203824E+00  9.99967368E-01  1.11203824E+00
    78  4.68000000E+01  1.11217451E+00  9.99965130E-01  1.11217451E+00
    79  4.74000000E+01  1.11234340E+00  9.99962776E-01  1.11234340E+00
    80  4.80000000E+01  1.11248126E+00  9.99960304E-01  1.11248126E+00
    81  4.86000000E+01  1.11261643E+00  9.99957712E-01  1.11261643E+00
    82  4.92000000E+01  1.11275964E+00  9.99954998E-01  1.11275964E+00
    83  4.98000000E+01  1.11283493E+00  9.99952160E-01  1.11283493E+00
    84  5.04000000E+01  1.11298003E+00  9.99949199E-01  1.11298003E+00
    85  5.10000000E+01  1.11304017E+00  9.99946113E-01  1.11304017E+00
    86  5.16000000E+01  1.11318257E+00  9.99942903E-01  1.11318257E+00
    87  5.22000000E+01  1.11324681E+00  9.99939572E-01  1.11324681E+00
    88  5.28000000E+01  1.11333746E+00  9.99936121E-01  1.11333746E+00
    89  5.34000000E+01  1.11340298E+00  9.99932555E-01  1.11340298E+00
    90  5.40000000E+01  1.11348273E+00  9.99928877E-01  1.11348273E+00
    91  5.46000000E+01  1.11355266E+00  9.99925095E-01  1.11355266E+00
    92  5.52000000E+01  1.11358841E+00  9.99921215E-01  1.11358841E+00
    93  5.58000000E+01  1.11365986E+00  9.99917248E-01  1.11365986E+00
    94  5.64000000E+01  1.11369094E+00  9.99913205E-01  1.11369094E+00
    95  5.70000000E+01  1.11376709E+00  9.99909098E-01  1.11376709E+00
    96  5.76000000E+01  1.11377211E+00  9.99904945E-01  1.11377211E+00
    97  5.82000000E+01  1.11383818E+00  9.99900764E-01  1.11383818E+00
    98  5.88000000E+01  1.11384409E+00  9.99896575E-01  1.11384409E+00
    99  5.94000000E+01  1.11391409E+00  9.99892404E-01  1.11391409E+00
   100  6.00000000E+01  1.11392332E+00  9.99888277E-01  1.11392332E+00
   101  6.06000000E+01  1.11395903E+00  9.99884228E-01  1.11395903E+00
   102  6.12000000E+01  1.11396934E+00  9.99880292E-01  1.11396934E+00
   103  6.18000000E+01  1.11401244E+00  9.99876508E-01  1.11401244E+00
   104  6.24000000E+01  1.11402637E+00  9.99872924E-01  1.11402637E+00
   105  6.30000000E+01  1.11403883E+00  9.99869590E-01  1.11403883E+00
   106  6.36000000E+01  1.11405405E+00  9.99866562E-01  1.11405405E+00
   107  6.42000000E+01  1.11407634E+00  9.99863904E-01  1.11407634E+00
   108  6.48000000E+01  1.11409544E+00  9.99861686E-01  1.11409544E+00
   109  6.54000000E+01  1.11408997E+00  9.99859986E-01  1.11408997E+00
   110  6.60000000E+01  1.11411054E+00  9.99858890E-01  1.11411054E+00
   111  6.66000000E+01  1.11411651E+00  9.99858493E-01  1.11411651E+00
   112  6.72000000E+01  1.11414122E+00  9.99858899E-01  1.11414122E+00
   113  6.78000000E+01  1.11412157E+00  9.99860224E-01  1.11412157E+00
   114  6.84000000E+01  1.11414794E+00  9.99862593E-01  1.11414794E+00
   115  6.90000000E+01  1.11414072E+00  9.99866146E-01  1.11414072E+00
   116  6.96000000E+01  1.11417146E+00  9.99871032E-01  1.11417146E+00
   117  7.02000000E+01  1.11414023E+00  9.99877419E-01  1.11414023E+00
   118  7.08000000E+01  1.11417281E+00  9.99885486E-01  1.11417281E+00
   119  7.14000000E+01  1.11415455E+00  9.99895429E-01  1.11415455E+00
   120  7.20000000E+01  1.11419171E+00  9.99907463E-01  1.11419171E+00
   121  7.26000000E+01  1.11416241E+00  9.99921820E-01  1.11416241E+00
   122  7.32000000E+01  1.11418989E+00  9.99938752E-01  1.11418989E+00
   123  7.38000000E+01  1.11416208E+00  9.99958532E-01  1.11416208E+00
   124  7.44000000E+01  1.11420602E+00  9.99981458E-01  1.11420602E+00
   125  7.50000000E+01  1.11418103E+00  1.00000785E+00  1.11418103E+00
   126  7.56000000E+01  1.11420251E+00  1.00003805E+00  1.11420251E+00
   127  7.62000000E+01  1.11417877E+00  1.00007244E+00  1.11417877E+00
   128  7.68000000E+01  1.11421706E+00  1.00011142E+00  1.11421706E+00
   129  7.74000000E+01  1.11419676E+00  1.00015542E+00  1.11419676E+00
   130  7.80000000E+01  1.11421285E+00  1.00020491E+00  1.11421285E+00
   131  7.86000000E+01  1.11419395E+00  1.00026040E+00  1.11419395E+00
   132  7.92000000E+01  1.11422661E+00  1.00032242E+00  1.11422661E+00
   133  7.98000000E+01  1.11421136E+00  1.00039155E+00  1.11421136E+00
   134  8.04000000E+01  1.11422233E+00  1.00046841E+00  1.11422233E+00
   135  8.10000000E+01  1.11420862E+00  1.00055367E+00  1.11420862E+00
   136  8.16000000E+01  1.11423582E+00  1.00064803E+00  1.11423582E+00
   137  8.22000000E+01  1.11422596E+00  1.00075225E+00  1.11422596E+00
   138  8.28000000E+01  1.11423185E+00  1.00086715E+00  1.11423185E+00
   139  8.34000000E+01  1.11422366E+00  1.00099358E+00  1.11422366E+00
   140  8.40000000E+01  1.11424533E+00  1.00113246E+00  1.11424533E+00
   141  8.46000000E+01  1.11424117E+00  1.00128476E+00  1.11424117E+00
   142  8.52000000E+01  1.11424185E+00  1.00145152E+00  1.11424185E+00
   143  8.58000000E+01  1.11423950E+00  1.00163385E+00  1.11423950E+00
   144  8.64000000E+01  1.11425544E+00  1.00183290E+00  1.11425544E+00
   145  8.70000000E+01  1.11425731E+00  1.00204990E+00  1.11425731E+00
   146  8.76000000E+01  1.11425252E+00  1.00228617E+00  1.11425252E+00
   147  8.82000000E+01  1.11425633E+00  1.00254307E+00  1.11425633E+00
   148  8.88000000E+01  1.11426625E+00  1.00282205E+00  1.11426625E+00
   149  8.94000000E+01  1.11427444E+00  1.00312463E+00  1.11427444E+00
   150  9.00000000E+01  1.11426389E+00  1.00345242E+00  1.11426389E+00
   151  9.06000000E+01  1.11427413E+00  1.00380709E+00  1.11427413E+00
   152  9.12000000E+01  1.11427774E+00  1.00419039E+00  1.11427774E+00
   153  9.18000000E+01  1.11429252E+00  1.00460415E+00  1.11429252E+00
   154  9.24000000E+01  1.11427587E+00  1.00505030E+00  1.11427587E+00
   155  9.30000000E+01  1.11429283E+00  1.00553080E+00  1.11429283E+00
   156  9.36000000E+01  1.11428976E+00  1.00604773E+00  1.11428976E+00
   157  9.42000000E+01  1.11431141E+00  1.00660321E+00  1.11431141E+00
   158  9.48000000E+01  1.11428830E+00  1.00719945E+00  1.11428830E+00
   159  9.54000000E+01  1.11431225E+00  1.00783870E+00  1.11431225E+00
   160  9.60000000E+01  1.11430215E+00  1.00852330E+00  1.11430215E+00
   161  9.66000000E+01  1.11433093E+00  1.00925561E+00  1.11433093E+00
   162  9.72000000E+01  1.11430102E+00  1.01003805E+00  1.11430102E+00
   163  9.78000000E+01  1.11433220E+00  1.01087306E+00  1.11433220E+00
   164  9.84000000E+01  1.11431473E+00  1.01176313E+00  1.11431473E+00
   165  9.90000000E+01  1.11435088E+00  1.01271071E+00  1.11435088E+00
   166  9.96000000E+01  1.11431386E+00  1.01371829E+00  1.11431386E+00
   167  1.00200000E+02  1.11435247E+00  1.01478831E+00  1.11435247E+00
   168  1.00800000E+02  1.11432730E+00  1.01592315E+00  1.11432730E+00
   169  1.01400000E+02  1.11437107E+00  1.01712516E+00  1.11437107E+00
   170  1.02000000E+02  1.11433950E+00  1.01839658E+00  1.11433950E+00
   171  1.02600000E+02  1.11437289E+00  1.01973953E+00  1.11437289E+00
   172  1.03200000E+02  1.11434312E+00  1.02115600E+00  1.11434312E+00
   173  1.03800000E+02  1.11439129E+00  1.02264778E+00  1.11439129E+00
   174  1.04400000E+02  1.11436546E+00  1.02421649E+00  1.11436546E+00
   175  1.05000000E+02  1.11439325E+00  1.02586346E+00  1.11439325E+00
   176  1.05600000E+02  1.11436932E+00  1.02758980E+00  1.11436932E+00
   177  1.06200000E+02  1.11441139E+00  1.02939626E+00  1.11441139E+00
   178  1.06800000E+02  1.11439155E+00  1.03128327E+00  1.11439155E+00
   179  1.07400000E+02  1.11441341E+00  1.03325084E+00  1.11441341E+00
   180  1.08000000E+02  1.11439558E+00  1.03529857E+00  1.11439558E+00
   181  1.08600000E+02  1.11443122E+00  1.03742559E+00  1.11443122E+00
   182  1.09200000E+02  1.11441762E+00  1.03963051E+00  1.11441762E+00
   183  1.09800000E+02  1.11443323E+00  1.04191141E+00  1.11443323E+00
   184  1.10400000E+02  1.11442174E+00  1.04426576E+00  1.11442174E+00
   185  1.11000000E+02  1.11445063E+00  1.04669044E+00  1.11445063E+00
   186  1.11600000E+02  1.11444352E+00  1.04918168E+00  1.11444352E+00
   187  1.12200000E+02  1.11445258E+00  1.05173503E+00  1.11445258E+00
   188  1.12800000E+02  1.11444768E+00  1.05434536E+00  1.11444768E+00
   189  1.13400000E+02  1.11446953E+00  1.05700682E+00  1.11446953E+00
   190  1.14000000E+02  1.11446913E+00  1.05971287E+00  1.11446913E+00
   191  1.14600000E+02  1.11447136E+00  1.06245625E+00  1.11447136E+00
   192  1.15200000E+02  1.11447327E+00  1.06522899E+00  1.11447327E+00
   193  1.15800000E+02  1.11448782E+00  1.06802244E+00  1.11448782E+00
   194  1.16400000E+02  1.11449436E+00  1.07082733E+00  1.11449436E+00
   195  1.17000000E+02  1.11448948E+00  1.07363372E+00  1.11448948E+00
   196  1.17600000E+02  1.11449843E+00  1.07643116E+00  1.11449843E+00
   197  1.18200000E+02  1.11450541E+00  1.07920866E+00  1.11450541E+00
   198  1.18800000E+02  1.11451911E+00  1.08195483E+00  1.11451911E+00
   199  1.19400000E+02  1.11450687E+00  1.08465792E+00  1.11450687E+00
   200  1.20000000E+02  1.11452309E+00  1.08730594E+00  1.11452309E+00
   201  1.20600000E+02  1.11452224E+00  1.08988677E+00  1.11452224E+00
   202  1.21200000E+02  1.11454332E+00  1.09238830E+00  1.11454332E+00
   203  1.21800000E+02  1.11452347E+00  1.09479854E+00  1.11452347E+00
   204  1.22400000E+02  1.11454716E+00  1.09710582E+00  1.11454716E+00
   205  1.23000000E+02  1.11453826E+00  1.09929892E+00  1.11453826E+00
   206  1.23600000E+02  1.11456693E+00  1.10136730E+00  1.11456693E+00
   207  1.24200000E+02  1.11453924E+00  1.10330128E+00  1.11453924E+00
   208  1.24800000E+02  1.11457061E+00  1.10509223E+00  1.11457061E+00
   209  1.25400000E+02  1.11455342E+00  1.10673286E+00  1.11455342E+00
   210  1.26000000E+02  1.11458988E+00  1.10821736E+00  1.11458988E+00
   211  1.26600000E+02  1.11455411E+00  1.10954167E+00  1.11455411E+00
   212  1.27200000E+02  1.11459336E+00  1.11070368E+00  1.11459336E+00
   213  1.27800000E+02  1.11456770E+00  1.11170340E+00  1.11456770E+00
   214  1.28400000E+02  1.11461214E+00  1.11254308E+00  1.11461214E+00
   215  1.29000000E+02  1.11457678E+00  1.11322735E+00  1.11457678E+00
   216  1.29600000E+02  1.11461544E+00  1.11376322E+00  1.11461544E+00
   217  1.30200000E+02  1.11458225E+00  1.11416002E+00  1.11458225E+00
   218  1.30800000E+02  1.11463392E+00  1.11442928E+00  1.11463392E+00
   219  1.31400000E+02  1.11460492E+00  1.11458452E+00  1.11460492E+00
   220  1.32000000E+02  1.11464089E+00  1.11464089E+00  1.11464089E+00
   221  1.32600000E+02  1.11461474E+00  1.11461474E+00  1.11461474E+00
   222  1.33200000E+02  1.11452319E+00  1.11452319E+00  1.11452319E+00
   223  1.33800000E+02  1.11438347E+00  1.11438347E+00  1.11438347E+00
   224  1.34400000E+02  1.11421241E+00  1.11421241E+00  1.11421241E+00
   225  1.35000000E+02  1.11402578E+00  1.11402578E+00  1.11402578E+00
   226  1.35600000E+02  1.11383775E+00  1.11383775E+00  1.11383775E+00
   227  1.36200000E+02  1.11366040E+00  1.11366040E+00  1.11366040E+00
   228  1.36800000E+02  1.11355445E+00  1.11350334E+00  1.11355445E+00
   229  1.37400000E+02  1.11355445E+00  1.11337342E+00  1.11355445E+00
   230  1.38000000E+02  1.11355445E+00  1.11327470E+00  1.11355445E+00
   231  1.38600000E+02  1.11355445E+00  1.11320851E+00  1.11355445E+00
   232  1.39200000E+02  1.11355445E+00  1.11317367E+00  1.11355445E+00
   233  1.39800000E+02  1.11355445E+00  1.11316695E+00  1.11355445E+00
   234  1.40400000E+02  1.11355445E+00  1.11318349E+00  1.11355445E+00
   235  1.41000000E+02  1.11355445E+00  1.11321744E+00  1.11355445E+00
   236  1.41600000E+02  1.11355445E+00  1.11326253E+00  1.11355445E+00
   237  1.42200000E+02  1.11355445E+00  1.11331263E+00  1.11355445E+00
   238  1.42800000E+02  1.11355445E+00  1.11336226E+00  1.11355445E+00
   239  1.43400000E+02  1.11355445E+00  1.11340696E+00  1.11355445E+00
   240  1.44000000E+02  1.11355445E+00  1.11344353E+00  1.11355445E+00
   241  1.44600000E+02  1.11355445E+00  1.11347014E+00  1.11355445E+00
   242  1.45200000E+02  1.11355445E+00  1.11348624E+00  1.11355445E+00
   243  1.45800000E+02  1.11355445E+00  1.11349246E+00  1.11355445E+00
   244  1.46400000E+02  1.11355445E+00  1.11349029E+00  1.11355445E+00
   245  1.47000000E+02  1.11355445E+00  1.11348181E+00  1.11355445E+00
   246  1.47600000E+02  1.11355445E+00  1.11346934E+00  1.11355445E+00
   247  1.48200000E+02  1.11355445E+00  1.11345517E+00  1.11355445E+00
   248  1.48800000E+02  1.11355445E+00  1.11344128E+00  1.11355445E+00
   249  1.49400000E+02  1.11355445E+00  1.11342920E+00  1.11355445E+00
   250  1.50000000E+02  1.11355445E+00  1.11341990E+00  1.11355445E+00
   251  1.50600000E+02  1.11355445E+00  1.11341383E+00  1.11355445E+00
   252  1.51200000E+02  1.11355445E+00  1.11341090E+00  1.11355445E+00
   253  1.51800000E+02  1.11355445E+00  1.11341069E+00  1.11355445E+00
   254  1.52400000E+02  1.11355445E+00  1.11341250E+00  1.11355445E+00
   255  1.53000000E+02  1.11355445E+00  1.11341553E+00  1.11355445E+00
   256  1.53600000E+02  1.11355445E+00  1.11341902E+00  1.11355445E+00
   257  1.54200000E+02  1.11355445E+00  1.11342233E+00  1.11355445E+00
   258  1.54800000E+02  1.11355445E+00  1.11342497E+00  1.11355445E+00
   259  1.55400000E+02  1.11355445E+00  1.11342669E+00  1.11355445E+00
 steady-height stop at step    259: changes <=   1.0000E-05, max-end <=   1.0000E-02, max/end/gap/profile_change =   1.11355445E+00  1.11342669E+00  1.27753036E-04  1.72261548E-06


STDERR:
