COMMAND:
/shared/extrudate_rom/generate_rom_data/extrudate_swell2d_c_cluster

STDOUT:
 comppar: model =   3
 comppar: lambda,mobility/eps,betav,eta_0 =  8.2000E+00  1.0000E-01  5.0000E-01  1.0000E+00
 comppar: eta_s,eta_p,G =  5.0000E-01  5.0000E-01  6.0976E-02
 comppar: U_avg,deltat,flowrate,nsteps =  5.0000E-02  6.0000E-01  1.5708E-01     700
 comppar: geometry = axisymmetric
 comppar: steady stop change,gap,hold,min =  1.0000E-05  1.0000E-02      10      80
 comppar: ncompc,ncompg =     4     5
 mesh nnodes = 5765
 mesh nelem = 2780
 P1 BC   5.0000000000000000     
 P2 BC   0.0000000000000000     
     1  6.00000000E-01  1.00379166E+00  1.00000000E+00  1.00379166E+00
     2  1.20000000E+00  1.00749151E+00  1.00000000E+00  1.00749151E+00
     3  1.80000000E+00  1.01109408E+00  1.00000000E+00  1.01109408E+00
     4  2.40000000E+00  1.01460629E+00  1.00000000E+00  1.01460629E+00
     5  3.00000000E+00  1.01803309E+00  1.00000000E+00  1.01803309E+00
     6  3.60000000E+00  1.02137826E+00  1.00000000E+00  1.02137826E+00
     7  4.20000000E+00  1.02465187E+00  1.00000000E+00  1.02465187E+00
     8  4.80000000E+00  1.02786592E+00  1.00000000E+00  1.02786592E+00
     9  5.40000000E+00  1.03103590E+00  1.00000001E+00  1.03103590E+00
    10  6.00000000E+00  1.03415104E+00  1.00000001E+00  1.03415104E+00
    11  6.60000000E+00  1.03721746E+00  1.00000001E+00  1.03721746E+00
    12  7.20000000E+00  1.04027214E+00  1.00000001E+00  1.04027214E+00
    13  7.80000000E+00  1.04326677E+00  1.00000000E+00  1.04326677E+00
    14  8.40000000E+00  1.04626627E+00  1.00000000E+00  1.04626627E+00
    15  9.00000000E+00  1.04920862E+00  1.00000000E+00  1.04920862E+00
    16  9.60000000E+00  1.05216128E+00  9.99999997E-01  1.05216128E+00
    17  1.02000000E+01  1.05505848E+00  9.99999993E-01  1.05505848E+00
    18  1.08000000E+01  1.05797230E+00  9.99999987E-01  1.05797230E+00
    19  1.14000000E+01  1.06080096E+00  9.99999981E-01  1.06080096E+00
    20  1.20000000E+01  1.06366824E+00  9.99999972E-01  1.06366824E+00
    21  1.26000000E+01  1.06647799E+00  9.99999962E-01  1.06647799E+00
    22  1.32000000E+01  1.06924670E+00  9.99999950E-01  1.06924670E+00
    23  1.38000000E+01  1.07203440E+00  9.99999936E-01  1.07203440E+00
    24  1.44000000E+01  1.07473427E+00  9.99999920E-01  1.07473427E+00
    25  1.50000000E+01  1.07744222E+00  9.99999901E-01  1.07744222E+00
    26  1.56000000E+01  1.08013560E+00  9.99999879E-01  1.08013560E+00
    27  1.62000000E+01  1.08273856E+00  9.99999854E-01  1.08273856E+00
    28  1.68000000E+01  1.08536504E+00  9.99999825E-01  1.08536504E+00
    29  1.74000000E+01  1.08795570E+00  9.99999793E-01  1.08795570E+00
    30  1.80000000E+01  1.09045448E+00  9.99999757E-01  1.09045448E+00
    31  1.86000000E+01  1.09294503E+00  9.99999716E-01  1.09294503E+00
    32  1.92000000E+01  1.09544887E+00  9.99999670E-01  1.09544887E+00
    33  1.98000000E+01  1.09786106E+00  9.99999620E-01  1.09786106E+00
    34  2.04000000E+01  1.10018336E+00  9.99999563E-01  1.10018336E+00
    35  2.10000000E+01  1.10259097E+00  9.99999500E-01  1.10259097E+00
    36  2.16000000E+01  1.10491129E+00  9.99999431E-01  1.10491129E+00
    37  2.22000000E+01  1.10714479E+00  9.99999354E-01  1.10714479E+00
    38  2.28000000E+01  1.10930646E+00  9.99999270E-01  1.10930646E+00
    39  2.34000000E+01  1.11155579E+00  9.99999177E-01  1.11155579E+00
    40  2.40000000E+01  1.11372189E+00  9.99999075E-01  1.11372189E+00
    41  2.46000000E+01  1.11581024E+00  9.99998963E-01  1.11581024E+00
    42  2.52000000E+01  1.11782701E+00  9.99998841E-01  1.11782701E+00
    43  2.58000000E+01  1.11987934E+00  9.99998707E-01  1.11987934E+00
    44  2.64000000E+01  1.12190153E+00  9.99998561E-01  1.12190153E+00
    45  2.70000000E+01  1.12385683E+00  9.99998402E-01  1.12385683E+00
    46  2.76000000E+01  1.12575056E+00  9.99998229E-01  1.12575056E+00
    47  2.82000000E+01  1.12758635E+00  9.99998041E-01  1.12758635E+00
    48  2.88000000E+01  1.12946826E+00  9.99997838E-01  1.12946826E+00
    49  2.94000000E+01  1.13131664E+00  9.99997616E-01  1.13131664E+00
    50  3.00000000E+01  1.13310647E+00  9.99997377E-01  1.13310647E+00
    51  3.06000000E+01  1.13483715E+00  9.99997118E-01  1.13483715E+00
    52  3.12000000E+01  1.13650548E+00  9.99996838E-01  1.13650548E+00
    53  3.18000000E+01  1.13818276E+00  9.99996536E-01  1.13818276E+00
    54  3.24000000E+01  1.13986490E+00  9.99996210E-01  1.13986490E+00
    55  3.30000000E+01  1.14148121E+00  9.99995859E-01  1.14148121E+00
    56  3.36000000E+01  1.14302514E+00  9.99995481E-01  1.14302514E+00
    57  3.42000000E+01  1.14448956E+00  9.99995074E-01  1.14448956E+00
    58  3.48000000E+01  1.14602093E+00  9.99994637E-01  1.14602093E+00
    59  3.54000000E+01  1.14750249E+00  9.99994168E-01  1.14750249E+00
    60  3.60000000E+01  1.14890128E+00  9.99993665E-01  1.14890128E+00
    61  3.66000000E+01  1.15021240E+00  9.99993126E-01  1.15021240E+00
    62  3.72000000E+01  1.15158334E+00  9.99992549E-01  1.15158334E+00
    63  3.78000000E+01  1.15291705E+00  9.99991932E-01  1.15291705E+00
    64  3.84000000E+01  1.15416072E+00  9.99991271E-01  1.15416072E+00
    65  3.90000000E+01  1.15531347E+00  9.99990566E-01  1.15531347E+00
    66  3.96000000E+01  1.15654500E+00  9.99989813E-01  1.15654500E+00
    67  4.02000000E+01  1.15772271E+00  9.99989011E-01  1.15772271E+00
    68  4.08000000E+01  1.15881164E+00  9.99988155E-01  1.15881164E+00
    69  4.14000000E+01  1.15983523E+00  9.99987245E-01  1.15983523E+00
    70  4.20000000E+01  1.16094633E+00  9.99986275E-01  1.16094633E+00
    71  4.26000000E+01  1.16197035E+00  9.99985245E-01  1.16197035E+00
    72  4.32000000E+01  1.16291210E+00  9.99984151E-01  1.16291210E+00
    73  4.38000000E+01  1.16383281E+00  9.99982989E-01  1.16383281E+00
    74  4.44000000E+01  1.16479820E+00  9.99981757E-01  1.16479820E+00
    75  4.50000000E+01  1.16568532E+00  9.99980452E-01  1.16568532E+00
    76  4.56000000E+01  1.16650057E+00  9.99979069E-01  1.16650057E+00
    77  4.62000000E+01  1.16733429E+00  9.99977606E-01  1.16733429E+00
    78  4.68000000E+01  1.16816626E+00  9.99976059E-01  1.16816626E+00
    79  4.74000000E+01  1.16893116E+00  9.99974425E-01  1.16893116E+00
    80  4.80000000E+01  1.16963547E+00  9.99972700E-01  1.16963547E+00
    81  4.86000000E+01  1.17039443E+00  9.99970881E-01  1.17039443E+00
    82  4.92000000E+01  1.17111425E+00  9.99968964E-01  1.17111425E+00
    83  4.98000000E+01  1.17177665E+00  9.99966946E-01  1.17177665E+00
    84  5.04000000E+01  1.17238666E+00  9.99964822E-01  1.17238666E+00
    85  5.10000000E+01  1.17305581E+00  9.99962591E-01  1.17305581E+00
    86  5.16000000E+01  1.17367842E+00  9.99960247E-01  1.17367842E+00
    87  5.22000000E+01  1.17425191E+00  9.99957788E-01  1.17425191E+00
    88  5.28000000E+01  1.17478939E+00  9.99955211E-01  1.17478939E+00
    89  5.34000000E+01  1.17537424E+00  9.99952513E-01  1.17537424E+00
    90  5.40000000E+01  1.17591208E+00  9.99949690E-01  1.17591208E+00
    91  5.46000000E+01  1.17640581E+00  9.99946741E-01  1.17640581E+00
    92  5.52000000E+01  1.17687088E+00  9.99943662E-01  1.17687088E+00
    93  5.58000000E+01  1.17737620E+00  9.99940452E-01  1.17737620E+00
    94  5.64000000E+01  1.17783928E+00  9.99937108E-01  1.17783928E+00
    95  5.70000000E+01  1.17826196E+00  9.99933630E-01  1.17826196E+00
    96  5.76000000E+01  1.17867393E+00  9.99930017E-01  1.17867393E+00
    97  5.82000000E+01  1.17910625E+00  9.99926267E-01  1.17910625E+00
    98  5.88000000E+01  1.17949986E+00  9.99922382E-01  1.17949986E+00
    99  5.94000000E+01  1.17985654E+00  9.99918363E-01  1.17985654E+00
   100  6.00000000E+01  1.18021830E+00  9.99914210E-01  1.18021830E+00
   101  6.06000000E+01  1.18058528E+00  9.99909926E-01  1.18058528E+00
   102  6.12000000E+01  1.18091666E+00  9.99905515E-01  1.18091666E+00
   103  6.18000000E+01  1.18121452E+00  9.99900980E-01  1.18121452E+00
   104  6.24000000E+01  1.18153796E+00  9.99896328E-01  1.18153796E+00
   105  6.30000000E+01  1.18184504E+00  9.99891565E-01  1.18184504E+00
   106  6.36000000E+01  1.18212050E+00  9.99886700E-01  1.18212050E+00
   107  6.42000000E+01  1.18236906E+00  9.99881740E-01  1.18236906E+00
   108  6.48000000E+01  1.18265334E+00  9.99876699E-01  1.18265334E+00
   109  6.54000000E+01  1.18290761E+00  9.99871589E-01  1.18290761E+00
   110  6.60000000E+01  1.18313442E+00  9.99866425E-01  1.18313442E+00
   111  6.66000000E+01  1.18335706E+00  9.99861224E-01  1.18335706E+00
   112  6.72000000E+01  1.18359177E+00  9.99856006E-01  1.18359177E+00
   113  6.78000000E+01  1.18380085E+00  9.99850794E-01  1.18380085E+00
   114  6.84000000E+01  1.18398689E+00  9.99845611E-01  1.18398689E+00
   115  6.90000000E+01  1.18418027E+00  9.99840486E-01  1.18418027E+00
   116  6.96000000E+01  1.18437254E+00  9.99835451E-01  1.18437254E+00
   117  7.02000000E+01  1.18454352E+00  9.99830540E-01  1.18454352E+00
   118  7.08000000E+01  1.18469564E+00  9.99825793E-01  1.18469564E+00
   119  7.14000000E+01  1.18486609E+00  9.99821251E-01  1.18486609E+00
   120  7.20000000E+01  1.18502335E+00  9.99816964E-01  1.18502335E+00
   121  7.26000000E+01  1.18516314E+00  9.99812982E-01  1.18516314E+00
   122  7.32000000E+01  1.18528746E+00  9.99809365E-01  1.18528746E+00
   123  7.38000000E+01  1.18542961E+00  9.99806174E-01  1.18542961E+00
   124  7.44000000E+01  1.18555813E+00  9.99803480E-01  1.18555813E+00
   125  7.50000000E+01  1.18567249E+00  9.99801359E-01  1.18567249E+00
   126  7.56000000E+01  1.18577743E+00  9.99799892E-01  1.18577743E+00
   127  7.62000000E+01  1.18589540E+00  9.99799172E-01  1.18589540E+00
   128  7.68000000E+01  1.18600025E+00  9.99799297E-01  1.18600025E+00
   129  7.74000000E+01  1.18609340E+00  9.99800373E-01  1.18609340E+00
   130  7.80000000E+01  1.18617710E+00  9.99802518E-01  1.18617710E+00
   131  7.86000000E+01  1.18627355E+00  9.99805857E-01  1.18627355E+00
   132  7.92000000E+01  1.18635919E+00  9.99810529E-01  1.18635919E+00
   133  7.98000000E+01  1.18643505E+00  9.99816679E-01  1.18643505E+00
   134  8.04000000E+01  1.18650396E+00  9.99824470E-01  1.18650396E+00
   135  8.10000000E+01  1.18658223E+00  9.99834073E-01  1.18658223E+00
   136  8.16000000E+01  1.18665142E+00  9.99845676E-01  1.18665142E+00
   137  8.22000000E+01  1.18671237E+00  9.99859478E-01  1.18671237E+00
   138  8.28000000E+01  1.18676582E+00  9.99875697E-01  1.18676582E+00
   139  8.34000000E+01  1.18682854E+00  9.99894566E-01  1.18682854E+00
   140  8.40000000E+01  1.18688421E+00  9.99916335E-01  1.18688421E+00
   141  8.46000000E+01  1.18693285E+00  9.99941273E-01  1.18693285E+00
   142  8.52000000E+01  1.18697512E+00  9.99969669E-01  1.18697512E+00
   143  8.58000000E+01  1.18702522E+00  1.00000183E+00  1.18702522E+00
   144  8.64000000E+01  1.18706923E+00  1.00003809E+00  1.18706923E+00
   145  8.70000000E+01  1.18710734E+00  1.00007881E+00  1.18710734E+00
   146  8.76000000E+01  1.18714017E+00  1.00012436E+00  1.18714017E+00
   147  8.82000000E+01  1.18717732E+00  1.00017515E+00  1.18717732E+00
   148  8.88000000E+01  1.18721170E+00  1.00023161E+00  1.18721170E+00
   149  8.94000000E+01  1.18724117E+00  1.00029421E+00  1.18724117E+00
   150  9.00000000E+01  1.18726631E+00  1.00036343E+00  1.18726631E+00
   151  9.06000000E+01  1.18729339E+00  1.00043980E+00  1.18729339E+00
   152  9.12000000E+01  1.18731974E+00  1.00052388E+00  1.18731974E+00
   153  9.18000000E+01  1.18734210E+00  1.00061626E+00  1.18734210E+00
   154  9.24000000E+01  1.18736095E+00  1.00071758E+00  1.18736095E+00
   155  9.30000000E+01  1.18737843E+00  1.00082849E+00  1.18737843E+00
   156  9.36000000E+01  1.18739829E+00  1.00094972E+00  1.18739829E+00
   157  9.42000000E+01  1.18741496E+00  1.00108200E+00  1.18741496E+00
   158  9.48000000E+01  1.18742884E+00  1.00122615E+00  1.18742884E+00
   159  9.54000000E+01  1.18744029E+00  1.00138299E+00  1.18744029E+00
   160  9.60000000E+01  1.18745379E+00  1.00155343E+00  1.18745379E+00
   161  9.66000000E+01  1.18746587E+00  1.00173839E+00  1.18746587E+00
   162  9.72000000E+01  1.18747574E+00  1.00193889E+00  1.18747574E+00
   163  9.78000000E+01  1.18748370E+00  1.00215595E+00  1.18748370E+00
   164  9.84000000E+01  1.18748999E+00  1.00239069E+00  1.18748999E+00
   165  9.90000000E+01  1.18749798E+00  1.00264426E+00  1.18749798E+00
   166  9.96000000E+01  1.18750477E+00  1.00291788E+00  1.18750477E+00
   167  1.00200000E+02  1.18751004E+00  1.00321283E+00  1.18751004E+00
   168  1.00800000E+02  1.18751400E+00  1.00353046E+00  1.18751400E+00
   169  1.01400000E+02  1.18751683E+00  1.00387217E+00  1.18751683E+00
   170  1.02000000E+02  1.18752000E+00  1.00423942E+00  1.18752000E+00
   171  1.02600000E+02  1.18752311E+00  1.00463375E+00  1.18752311E+00
   172  1.03200000E+02  1.18752520E+00  1.00505676E+00  1.18752520E+00
   173  1.03800000E+02  1.18752642E+00  1.00551012E+00  1.18752642E+00
   174  1.04400000E+02  1.18752690E+00  1.00599556E+00  1.18752690E+00
   175  1.05000000E+02  1.18752675E+00  1.00651488E+00  1.18752675E+00
   176  1.05600000E+02  1.18752609E+00  1.00706995E+00  1.18752609E+00
   177  1.06200000E+02  1.18752606E+00  1.00766269E+00  1.18752606E+00
   178  1.06800000E+02  1.18752554E+00  1.00829509E+00  1.18752554E+00
   179  1.07400000E+02  1.18752457E+00  1.00896920E+00  1.18752457E+00
   180  1.08000000E+02  1.18752324E+00  1.00968713E+00  1.18752324E+00
   181  1.08600000E+02  1.18752161E+00  1.01045103E+00  1.18752161E+00
   182  1.09200000E+02  1.18751976E+00  1.01126312E+00  1.18751976E+00
   183  1.09800000E+02  1.18751774E+00  1.01212562E+00  1.18751774E+00
   184  1.10400000E+02  1.18751559E+00  1.01304084E+00  1.18751559E+00
   185  1.11000000E+02  1.18751337E+00  1.01401107E+00  1.18751337E+00
   186  1.11600000E+02  1.18751111E+00  1.01503864E+00  1.18751111E+00
   187  1.12200000E+02  1.18750882E+00  1.01612588E+00  1.18750882E+00
   188  1.12800000E+02  1.18750654E+00  1.01727512E+00  1.18750654E+00
   189  1.13400000E+02  1.18750429E+00  1.01848866E+00  1.18750429E+00
   190  1.14000000E+02  1.18750208E+00  1.01976878E+00  1.18750208E+00
   191  1.14600000E+02  1.18749993E+00  1.02111771E+00  1.18749993E+00
   192  1.15200000E+02  1.18749784E+00  1.02253761E+00  1.18749784E+00
   193  1.15800000E+02  1.18749583E+00  1.02403056E+00  1.18749583E+00
   194  1.16400000E+02  1.18749390E+00  1.02559851E+00  1.18749390E+00
   195  1.17000000E+02  1.18749205E+00  1.02724333E+00  1.18749205E+00
   196  1.17600000E+02  1.18749029E+00  1.02896671E+00  1.18749029E+00
   197  1.18200000E+02  1.18748863E+00  1.03077016E+00  1.18748863E+00
   198  1.18800000E+02  1.18748705E+00  1.03265502E+00  1.18748705E+00
   199  1.19400000E+02  1.18748557E+00  1.03462240E+00  1.18748557E+00
   200  1.20000000E+02  1.18748417E+00  1.03667315E+00  1.18748417E+00
   201  1.20600000E+02  1.18748286E+00  1.03880786E+00  1.18748286E+00
   202  1.21200000E+02  1.18748164E+00  1.04102682E+00  1.18748164E+00
   203  1.21800000E+02  1.18748050E+00  1.04332998E+00  1.18748050E+00
   204  1.22400000E+02  1.18747943E+00  1.04571696E+00  1.18747943E+00
   205  1.23000000E+02  1.18747844E+00  1.04818698E+00  1.18747844E+00
   206  1.23600000E+02  1.18747753E+00  1.05073887E+00  1.18747753E+00
   207  1.24200000E+02  1.18747668E+00  1.05337104E+00  1.18747668E+00
   208  1.24800000E+02  1.18747590E+00  1.05608146E+00  1.18747590E+00
   209  1.25400000E+02  1.18747518E+00  1.05886762E+00  1.18747518E+00
   210  1.26000000E+02  1.18747451E+00  1.06172656E+00  1.18747451E+00
   211  1.26600000E+02  1.18747390E+00  1.06465484E+00  1.18747390E+00
   212  1.27200000E+02  1.18747334E+00  1.06764853E+00  1.18747334E+00
   213  1.27800000E+02  1.18747283E+00  1.07070322E+00  1.18747283E+00
   214  1.28400000E+02  1.18747237E+00  1.07381401E+00  1.18747237E+00
   215  1.29000000E+02  1.18747194E+00  1.07697556E+00  1.18747194E+00
   216  1.29600000E+02  1.18747160E+00  1.08018209E+00  1.18747160E+00
   217  1.30200000E+02  1.18747132E+00  1.08342738E+00  1.18747132E+00
   218  1.30800000E+02  1.18747107E+00  1.08670483E+00  1.18747107E+00
   219  1.31400000E+02  1.18747084E+00  1.09000751E+00  1.18747084E+00
   220  1.32000000E+02  1.18747063E+00  1.09332816E+00  1.18747063E+00
   221  1.32600000E+02  1.18747045E+00  1.09665927E+00  1.18747045E+00
   222  1.33200000E+02  1.18747029E+00  1.09999313E+00  1.18747029E+00
   223  1.33800000E+02  1.18747014E+00  1.10332190E+00  1.18747014E+00
   224  1.34400000E+02  1.18747001E+00  1.10663764E+00  1.18747001E+00
   225  1.35000000E+02  1.18746989E+00  1.10993241E+00  1.18746989E+00
   226  1.35600000E+02  1.18746979E+00  1.11319834E+00  1.18746979E+00
   227  1.36200000E+02  1.18746970E+00  1.11642768E+00  1.18746970E+00
   228  1.36800000E+02  1.18746962E+00  1.11961291E+00  1.18746962E+00
   229  1.37400000E+02  1.18746955E+00  1.12274680E+00  1.18746955E+00
   230  1.38000000E+02  1.18746949E+00  1.12582249E+00  1.18746949E+00
   231  1.38600000E+02  1.18746943E+00  1.12883356E+00  1.18746943E+00
   232  1.39200000E+02  1.18746939E+00  1.13177412E+00  1.18746939E+00
   233  1.39800000E+02  1.18746935E+00  1.13463889E+00  1.18746935E+00
   234  1.40400000E+02  1.18746931E+00  1.13742323E+00  1.18746931E+00
   235  1.41000000E+02  1.18746928E+00  1.14012324E+00  1.18746928E+00
   236  1.41600000E+02  1.18746926E+00  1.14273577E+00  1.18746926E+00
   237  1.42200000E+02  1.18746923E+00  1.14525849E+00  1.18746923E+00
   238  1.42800000E+02  1.18746922E+00  1.14768986E+00  1.18746922E+00
   239  1.43400000E+02  1.18746920E+00  1.15002919E+00  1.18746920E+00
   240  1.44000000E+02  1.18746919E+00  1.15227654E+00  1.18746919E+00
   241  1.44600000E+02  1.18746918E+00  1.15443277E+00  1.18746918E+00
   242  1.45200000E+02  1.18746917E+00  1.15649935E+00  1.18746917E+00
   243  1.45800000E+02  1.18746916E+00  1.15847836E+00  1.18746916E+00
   244  1.46400000E+02  1.18746916E+00  1.16037230E+00  1.18746916E+00
   245  1.47000000E+02  1.18746915E+00  1.16218401E+00  1.18746915E+00
   246  1.47600000E+02  1.18746915E+00  1.16391642E+00  1.18746915E+00
   247  1.48200000E+02  1.18746915E+00  1.16557245E+00  1.18746915E+00
   248  1.48800000E+02  1.18746915E+00  1.16715485E+00  1.18746915E+00
   249  1.49400000E+02  1.18746915E+00  1.16866599E+00  1.18746915E+00
   250  1.50000000E+02  1.18746915E+00  1.17010778E+00  1.18746915E+00
   251  1.50600000E+02  1.18746915E+00  1.17148158E+00  1.18746915E+00
   252  1.51200000E+02  1.18746915E+00  1.17278815E+00  1.18746915E+00
   253  1.51800000E+02  1.18746915E+00  1.17402767E+00  1.18746915E+00
   254  1.52400000E+02  1.18746916E+00  1.17519984E+00  1.18746916E+00
   255  1.53000000E+02  1.18746916E+00  1.17630396E+00  1.18746916E+00
   256  1.53600000E+02  1.18746916E+00  1.17733918E+00  1.18746916E+00
   257  1.54200000E+02  1.18746916E+00  1.17830465E+00  1.18746916E+00
   258  1.54800000E+02  1.18746916E+00  1.17919978E+00  1.18746916E+00
   259  1.55400000E+02  1.18746917E+00  1.18002447E+00  1.18746917E+00
   260  1.56000000E+02  1.18746917E+00  1.18077929E+00  1.18746917E+00
   261  1.56600000E+02  1.18746917E+00  1.18146562E+00  1.18746917E+00
   262  1.57200000E+02  1.18746917E+00  1.18208573E+00  1.18746917E+00
   263  1.57800000E+02  1.18746918E+00  1.18264279E+00  1.18746918E+00
   264  1.58400000E+02  1.18746918E+00  1.18314081E+00  1.18746918E+00
   265  1.59000000E+02  1.18746918E+00  1.18358445E+00  1.18746918E+00
   266  1.59600000E+02  1.18746918E+00  1.18397886E+00  1.18746918E+00
   267  1.60200000E+02  1.18746918E+00  1.18432939E+00  1.18746918E+00
   268  1.60800000E+02  1.18746919E+00  1.18464141E+00  1.18746919E+00
   269  1.61400000E+02  1.18746919E+00  1.18491997E+00  1.18746919E+00
   270  1.62000000E+02  1.18746919E+00  1.18516970E+00  1.18746919E+00
   271  1.62600000E+02  1.18746919E+00  1.18539457E+00  1.18746919E+00
   272  1.63200000E+02  1.18746919E+00  1.18559787E+00  1.18746919E+00
   273  1.63800000E+02  1.18746919E+00  1.18578218E+00  1.18746919E+00
   274  1.64400000E+02  1.18746919E+00  1.18594941E+00  1.18746919E+00
   275  1.65000000E+02  1.18746919E+00  1.18610091E+00  1.18746919E+00
   276  1.65600000E+02  1.18746920E+00  1.18623764E+00  1.18746920E+00
   277  1.66200000E+02  1.18746920E+00  1.18636027E+00  1.18746920E+00
   278  1.66800000E+02  1.18746920E+00  1.18646938E+00  1.18746920E+00
   279  1.67400000E+02  1.18746920E+00  1.18656555E+00  1.18746920E+00
   280  1.68000000E+02  1.18746920E+00  1.18664946E+00  1.18746920E+00
   281  1.68600000E+02  1.18746920E+00  1.18672196E+00  1.18746920E+00
   282  1.69200000E+02  1.18746920E+00  1.18678403E+00  1.18746920E+00
   283  1.69800000E+02  1.18746920E+00  1.18683680E+00  1.18746920E+00
   284  1.70400000E+02  1.18746920E+00  1.18688146E+00  1.18746920E+00
   285  1.71000000E+02  1.18746920E+00  1.18691924E+00  1.18746920E+00
   286  1.71600000E+02  1.18746920E+00  1.18695127E+00  1.18746920E+00
   287  1.72200000E+02  1.18746920E+00  1.18697857E+00  1.18746920E+00
   288  1.72800000E+02  1.18746920E+00  1.18700203E+00  1.18746920E+00
   289  1.73400000E+02  1.18746920E+00  1.18702232E+00  1.18746920E+00
   290  1.74000000E+02  1.18746920E+00  1.18703995E+00  1.18746920E+00
   291  1.74600000E+02  1.18746920E+00  1.18705526E+00  1.18746920E+00
   292  1.75200000E+02  1.18746920E+00  1.18706847E+00  1.18746920E+00
   293  1.75800000E+02  1.18746920E+00  1.18707971E+00  1.18746920E+00
   294  1.76400000E+02  1.18746920E+00  1.18708907E+00  1.18746920E+00
   295  1.77000000E+02  1.18746920E+00  1.18709663E+00  1.18746920E+00
   296  1.77600000E+02  1.18746920E+00  1.18710247E+00  1.18746920E+00
   297  1.78200000E+02  1.18746920E+00  1.18710671E+00  1.18746920E+00
   298  1.78800000E+02  1.18746920E+00  1.18710951E+00  1.18746920E+00
   299  1.79400000E+02  1.18746920E+00  1.18711105E+00  1.18746920E+00
   300  1.80000000E+02  1.18746920E+00  1.18711154E+00  1.18746920E+00
   301  1.80600000E+02  1.18746920E+00  1.18711117E+00  1.18746920E+00
   302  1.81200000E+02  1.18746920E+00  1.18711015E+00  1.18746920E+00
   303  1.81800000E+02  1.18746920E+00  1.18710866E+00  1.18746920E+00
 steady-height stop at step    303: changes <=   1.0000E-05, max-end <=   1.0000E-02, max/end/gap/profile_change =   1.18746920E+00  1.18710866E+00  3.60543810E-04  2.41075823E-06


STDERR:
