COMMAND:
/shared/extrudate_rom/generate_rom_data/extrudate_swell2d_c_cluster

STDOUT:
 comppar: model =   3
 comppar: lambda,mobility/eps,betav,eta_0 =  1.0000E+00  5.0000E-01  3.0000E-01  1.0000E+00
 comppar: eta_s,eta_p,G =  3.0000E-01  7.0000E-01  7.0000E-01
 comppar: U_avg,deltat,flowrate,nsteps =  5.0000E-02  6.0000E-01  1.5708E-01     700
 comppar: geometry = axisymmetric
 comppar: steady stop change,gap,hold,min =  1.0000E-05  1.0000E-02      10      80
 comppar: ncompc,ncompg =     4     5
 mesh nnodes = 5765
 mesh nelem = 2780
 P1 BC   5.0000000000000000     
 P2 BC   0.0000000000000000     
     1  6.00000000E-01  1.00379152E+00  1.00000000E+00  1.00379152E+00
     2  1.20000000E+00  1.00745827E+00  1.00000000E+00  1.00745827E+00
     3  1.80000000E+00  1.01092725E+00  1.00000000E+00  1.01092725E+00
     4  2.40000000E+00  1.01427767E+00  1.00000000E+00  1.01427767E+00
     5  3.00000000E+00  1.01754937E+00  1.00000000E+00  1.01754937E+00
     6  3.60000000E+00  1.02074735E+00  1.00000000E+00  1.02074735E+00
     7  4.20000000E+00  1.02387376E+00  1.00000000E+00  1.02387376E+00
     8  4.80000000E+00  1.02692452E+00  1.00000000E+00  1.02692452E+00
     9  5.40000000E+00  1.02990984E+00  1.00000001E+00  1.02990984E+00
    10  6.00000000E+00  1.03284566E+00  1.00000001E+00  1.03284566E+00
    11  6.60000000E+00  1.03570090E+00  1.00000000E+00  1.03570090E+00
    12  7.20000000E+00  1.03849455E+00  1.00000000E+00  1.03849455E+00
    13  7.80000000E+00  1.04124474E+00  1.00000000E+00  1.04124474E+00
    14  8.40000000E+00  1.04389562E+00  1.00000000E+00  1.04389562E+00
    15  9.00000000E+00  1.04653360E+00  9.99999996E-01  1.04653360E+00
    16  9.60000000E+00  1.04907997E+00  9.99999991E-01  1.04907997E+00
    17  1.02000000E+01  1.05157978E+00  9.99999985E-01  1.05157978E+00
    18  1.08000000E+01  1.05400170E+00  9.99999978E-01  1.05400170E+00
    19  1.14000000E+01  1.05638045E+00  9.99999969E-01  1.05638045E+00
    20  1.20000000E+01  1.05869292E+00  9.99999957E-01  1.05869292E+00
    21  1.26000000E+01  1.06094946E+00  9.99999944E-01  1.06094946E+00
    22  1.32000000E+01  1.06313228E+00  9.99999928E-01  1.06313228E+00
    23  1.38000000E+01  1.06529059E+00  9.99999909E-01  1.06529059E+00
    24  1.44000000E+01  1.06734625E+00  9.99999887E-01  1.06734625E+00
    25  1.50000000E+01  1.06940602E+00  9.99999862E-01  1.06940602E+00
    26  1.56000000E+01  1.07129701E+00  9.99999833E-01  1.07129701E+00
    27  1.62000000E+01  1.07327956E+00  9.99999799E-01  1.07327956E+00
    28  1.68000000E+01  1.07510086E+00  9.99999761E-01  1.07510086E+00
    29  1.74000000E+01  1.07692585E+00  9.99999717E-01  1.07692585E+00
    30  1.80000000E+01  1.07867733E+00  9.99999668E-01  1.07867733E+00
    31  1.86000000E+01  1.08029364E+00  9.99999613E-01  1.08029364E+00
    32  1.92000000E+01  1.08201248E+00  9.99999550E-01  1.08201248E+00
    33  1.98000000E+01  1.08355313E+00  9.99999480E-01  1.08355313E+00
    34  2.04000000E+01  1.08511225E+00  9.99999402E-01  1.08511225E+00
    35  2.10000000E+01  1.08662053E+00  9.99999315E-01  1.08662053E+00
    36  2.16000000E+01  1.08794578E+00  9.99999219E-01  1.08794578E+00
    37  2.22000000E+01  1.08942336E+00  9.99999111E-01  1.08942336E+00
    38  2.28000000E+01  1.09075296E+00  9.99998993E-01  1.09075296E+00
    39  2.34000000E+01  1.09197628E+00  9.99998861E-01  1.09197628E+00
    40  2.40000000E+01  1.09330825E+00  9.99998717E-01  1.09330825E+00
    41  2.46000000E+01  1.09445742E+00  9.99998557E-01  1.09445742E+00
    42  2.52000000E+01  1.09559976E+00  9.99998382E-01  1.09559976E+00
    43  2.58000000E+01  1.09675689E+00  9.99998190E-01  1.09675689E+00
    44  2.64000000E+01  1.09773271E+00  9.99997980E-01  1.09773271E+00
    45  2.70000000E+01  1.09883288E+00  9.99997750E-01  1.09883288E+00
    46  2.76000000E+01  1.09981498E+00  9.99997500E-01  1.09981498E+00
    47  2.82000000E+01  1.10068206E+00  9.99997226E-01  1.10068206E+00
    48  2.88000000E+01  1.10167265E+00  9.99996928E-01  1.10167265E+00
    49  2.94000000E+01  1.10248665E+00  9.99996604E-01  1.10248665E+00
    50  3.00000000E+01  1.10333772E+00  9.99996252E-01  1.10333772E+00
    51  3.06000000E+01  1.10415770E+00  9.99995870E-01  1.10415770E+00
    52  3.12000000E+01  1.10481092E+00  9.99995457E-01  1.10481092E+00
    53  3.18000000E+01  1.10563978E+00  9.99995009E-01  1.10563978E+00
    54  3.24000000E+01  1.10629930E+00  9.99994526E-01  1.10629930E+00
    55  3.30000000E+01  1.10695935E+00  9.99994003E-01  1.10695935E+00
    56  3.36000000E+01  1.10762450E+00  9.99993440E-01  1.10762450E+00
    57  3.42000000E+01  1.10813006E+00  9.99992833E-01  1.10813006E+00
    58  3.48000000E+01  1.10879687E+00  9.99992180E-01  1.10879687E+00
    59  3.54000000E+01  1.10931172E+00  9.99991478E-01  1.10931172E+00
    60  3.60000000E+01  1.10983017E+00  9.99990725E-01  1.10983017E+00
    61  3.66000000E+01  1.11035023E+00  9.99989916E-01  1.11035023E+00
    62  3.72000000E+01  1.11073674E+00  9.99989049E-01  1.11073674E+00
    63  3.78000000E+01  1.11126605E+00  9.99988121E-01  1.11126605E+00
    64  3.84000000E+01  1.11164820E+00  9.99987129E-01  1.11164820E+00
    65  3.90000000E+01  1.11206545E+00  9.99986069E-01  1.11206545E+00
    66  3.96000000E+01  1.11245233E+00  9.99984938E-01  1.11245233E+00
    67  4.02000000E+01  1.11276602E+00  9.99983732E-01  1.11276602E+00
    68  4.08000000E+01  1.11316193E+00  9.99982448E-01  1.11316193E+00
    69  4.14000000E+01  1.11342523E+00  9.99981081E-01  1.11342523E+00
    70  4.20000000E+01  1.11377279E+00  9.99979630E-01  1.11377279E+00
    71  4.26000000E+01  1.11404019E+00  9.99978088E-01  1.11404019E+00
    72  4.32000000E+01  1.11430906E+00  9.99976454E-01  1.11430906E+00
    73  4.38000000E+01  1.11458496E+00  9.99974723E-01  1.11458496E+00
    74  4.44000000E+01  1.11476535E+00  9.99972892E-01  1.11476535E+00
    75  4.50000000E+01  1.11504566E+00  9.99970957E-01  1.11504566E+00
    76  4.56000000E+01  1.11520863E+00  9.99968915E-01  1.11520863E+00
    77  4.62000000E+01  1.11545286E+00  9.99966763E-01  1.11545286E+00
    78  4.68000000E+01  1.11562345E+00  9.99964497E-01  1.11562345E+00
    79  4.74000000E+01  1.11579185E+00  9.99962115E-01  1.11579185E+00
    80  4.80000000E+01  1.11596617E+00  9.99959613E-01  1.11596617E+00
    81  4.86000000E+01  1.11609110E+00  9.99956991E-01  1.11609110E+00
    82  4.92000000E+01  1.11627331E+00  9.99954246E-01  1.11627331E+00
    83  4.98000000E+01  1.11635415E+00  9.99951377E-01  1.11635415E+00
    84  5.04000000E+01  1.11652153E+00  9.99948383E-01  1.11652153E+00
    85  5.10000000E+01  1.11660531E+00  9.99945264E-01  1.11660531E+00
    86  5.16000000E+01  1.11674524E+00  9.99942020E-01  1.11674524E+00
    87  5.22000000E+01  1.11683578E+00  9.99938654E-01  1.11683578E+00
    88  5.28000000E+01  1.11692100E+00  9.99935167E-01  1.11692100E+00
    89  5.34000000E+01  1.11701481E+00  9.99931563E-01  1.11701481E+00
    90  5.40000000E+01  1.11708100E+00  9.99927847E-01  1.11708100E+00
    91  5.46000000E+01  1.11718188E+00  9.99924025E-01  1.11718188E+00
    92  5.52000000E+01  1.11720175E+00  9.99920104E-01  1.11720175E+00
    93  5.58000000E+01  1.11730621E+00  9.99916093E-01  1.11730621E+00
    94  5.64000000E+01  1.11732306E+00  9.99912005E-01  1.11732306E+00
    95  5.70000000E+01  1.11742552E+00  9.99907852E-01  1.11742552E+00
    96  5.76000000E+01  1.11744808E+00  9.99903649E-01  1.11744808E+00
    97  5.82000000E+01  1.11750908E+00  9.99899416E-01  1.11750908E+00
    98  5.88000000E+01  1.11753435E+00  9.99895172E-01  1.11753435E+00
    99  5.94000000E+01  1.11759278E+00  9.99890941E-01  1.11759278E+00
   100  6.00000000E+01  1.11762409E+00  9.99886752E-01  1.11762409E+00
   101  6.06000000E+01  1.11764640E+00  9.99882635E-01  1.11764640E+00
   102  6.12000000E+01  1.11768070E+00  9.99878626E-01  1.11768070E+00
   103  6.18000000E+01  1.11770408E+00  9.99874765E-01  1.11770408E+00
   104  6.24000000E+01  1.11774472E+00  9.99871095E-01  1.11774472E+00
   105  6.30000000E+01  1.11773608E+00  9.99867667E-01  1.11773608E+00
   106  6.36000000E+01  1.11777998E+00  9.99864536E-01  1.11777998E+00
   107  6.42000000E+01  1.11777501E+00  9.99861765E-01  1.11777501E+00
   108  6.48000000E+01  1.11782553E+00  9.99859423E-01  1.11782553E+00
   109  6.54000000E+01  1.11779836E+00  9.99857586E-01  1.11779836E+00
   110  6.60000000E+01  1.11784578E+00  9.99856338E-01  1.11784578E+00
   111  6.66000000E+01  1.11782093E+00  9.99855771E-01  1.11782093E+00
   112  6.72000000E+01  1.11787831E+00  9.99855990E-01  1.11787831E+00
   113  6.78000000E+01  1.11785862E+00  9.99857106E-01  1.11785862E+00
   114  6.84000000E+01  1.11788824E+00  9.99859243E-01  1.11788824E+00
   115  6.90000000E+01  1.11787113E+00  9.99862536E-01  1.11787113E+00
   116  6.96000000E+01  1.11791178E+00  9.99867134E-01  1.11791178E+00
   117  7.02000000E+01  1.11790012E+00  9.99873198E-01  1.11790012E+00
   118  7.08000000E+01  1.11791483E+00  9.99880904E-01  1.11791483E+00
   119  7.14000000E+01  1.11790597E+00  9.99890446E-01  1.11790597E+00
   120  7.20000000E+01  1.11793226E+00  9.99902032E-01  1.11793226E+00
   121  7.26000000E+01  1.11792913E+00  9.99915890E-01  1.11792913E+00
   122  7.32000000E+01  1.11793092E+00  9.99932266E-01  1.11793092E+00
   123  7.38000000E+01  1.11793081E+00  9.99951428E-01  1.11793081E+00
   124  7.44000000E+01  1.11794436E+00  9.99973666E-01  1.11794436E+00
   125  7.50000000E+01  1.11795023E+00  9.99999293E-01  1.11795023E+00
   126  7.56000000E+01  1.11794034E+00  1.00002865E+00  1.11794034E+00
   127  7.62000000E+01  1.11794944E+00  1.00006209E+00  1.11794944E+00
   128  7.68000000E+01  1.11795122E+00  1.00010003E+00  1.11795122E+00
   129  7.74000000E+01  1.11796654E+00  1.00014287E+00  1.11796654E+00
   130  7.80000000E+01  1.11794568E+00  1.00019109E+00  1.11794568E+00
   131  7.86000000E+01  1.11796445E+00  1.00024516E+00  1.11796445E+00
   132  7.92000000E+01  1.11795495E+00  1.00030561E+00  1.11795495E+00
   133  7.98000000E+01  1.11798015E+00  1.00037302E+00  1.11798015E+00
   134  8.04000000E+01  1.11794867E+00  1.00044798E+00  1.11794867E+00
   135  8.10000000E+01  1.11797751E+00  1.00053114E+00  1.11797751E+00
   136  8.16000000E+01  1.11795695E+00  1.00062319E+00  1.11795695E+00
   137  8.22000000E+01  1.11799243E+00  1.00072489E+00  1.11799243E+00
   138  8.28000000E+01  1.11795041E+00  1.00083700E+00  1.11795041E+00
   139  8.34000000E+01  1.11798971E+00  1.00096038E+00  1.11798971E+00
   140  8.40000000E+01  1.11795806E+00  1.00109592E+00  1.11795806E+00
   141  8.46000000E+01  1.11800420E+00  1.00124458E+00  1.11800420E+00
   142  8.52000000E+01  1.11796959E+00  1.00140736E+00  1.11796959E+00
   143  8.58000000E+01  1.11800164E+00  1.00158534E+00  1.11800164E+00
   144  8.64000000E+01  1.11796990E+00  1.00177966E+00  1.11796990E+00
   145  8.70000000E+01  1.11801587E+00  1.00199153E+00  1.11801587E+00
   146  8.76000000E+01  1.11798962E+00  1.00222221E+00  1.11798962E+00
   147  8.82000000E+01  1.11801360E+00  1.00247305E+00  1.11801360E+00
   148  8.88000000E+01  1.11799040E+00  1.00274546E+00  1.11799040E+00
   149  8.94000000E+01  1.11802763E+00  1.00304094E+00  1.11802763E+00
   150  9.00000000E+01  1.11801013E+00  1.00336105E+00  1.11801013E+00
   151  9.06000000E+01  1.11802566E+00  1.00370743E+00  1.11802566E+00
   152  9.12000000E+01  1.11801138E+00  1.00408181E+00  1.11801138E+00
   153  9.18000000E+01  1.11803950E+00  1.00448598E+00  1.11803950E+00
   154  9.24000000E+01  1.11803113E+00  1.00492182E+00  1.11803113E+00
   155  9.30000000E+01  1.11803778E+00  1.00539127E+00  1.11803778E+00
   156  9.36000000E+01  1.11803281E+00  1.00589637E+00  1.11803281E+00
   157  9.42000000E+01  1.11805135E+00  1.00643922E+00  1.11805135E+00
   158  9.48000000E+01  1.11805248E+00  1.00702198E+00  1.11805248E+00
   159  9.54000000E+01  1.11804981E+00  1.00764691E+00  1.11804981E+00
   160  9.60000000E+01  1.11805450E+00  1.00831629E+00  1.11805450E+00
   161  9.66000000E+01  1.11806304E+00  1.00903247E+00  1.11806304E+00
   162  9.72000000E+01  1.11807403E+00  1.00979787E+00  1.11807403E+00
   163  9.78000000E+01  1.11806159E+00  1.01061492E+00  1.11806159E+00
   164  9.84000000E+01  1.11807630E+00  1.01148609E+00  1.11807630E+00
   165  9.90000000E+01  1.11807439E+00  1.01241386E+00  1.11807439E+00
   166  9.96000000E+01  1.11809556E+00  1.01340072E+00  1.11809556E+00
   167  1.00200000E+02  1.11807291E+00  1.01444913E+00  1.11807291E+00
   168  1.00800000E+02  1.11809796E+00  1.01556155E+00  1.11809796E+00
   169  1.01400000E+02  1.11808518E+00  1.01674034E+00  1.11808518E+00
   170  1.02000000E+02  1.11811687E+00  1.01798784E+00  1.11811687E+00
   171  1.02600000E+02  1.11808359E+00  1.01930625E+00  1.11808359E+00
   172  1.03200000E+02  1.11811931E+00  1.02069767E+00  1.11811931E+00
   173  1.03800000E+02  1.11809524E+00  1.02216403E+00  1.11809524E+00
   174  1.04400000E+02  1.11813776E+00  1.02370709E+00  1.11813776E+00
   175  1.05000000E+02  1.11809737E+00  1.02532839E+00  1.11809737E+00
   176  1.05600000E+02  1.11814013E+00  1.02702922E+00  1.11814013E+00
   177  1.06200000E+02  1.11810438E+00  1.02881057E+00  1.11810438E+00
   178  1.06800000E+02  1.11815804E+00  1.03067315E+00  1.11815804E+00
   179  1.07400000E+02  1.11812634E+00  1.03261725E+00  1.11812634E+00
   180  1.08000000E+02  1.11816025E+00  1.03464281E+00  1.11816025E+00
   181  1.08600000E+02  1.11813184E+00  1.03674931E+00  1.11813184E+00
   182  1.09200000E+02  1.11817753E+00  1.03893575E+00  1.11817753E+00
   183  1.09800000E+02  1.11815487E+00  1.04120062E+00  1.11815487E+00
   184  1.10400000E+02  1.11817952E+00  1.04354187E+00  1.11817952E+00
   185  1.11000000E+02  1.11816029E+00  1.04595685E+00  1.11816029E+00
   186  1.11600000E+02  1.11819610E+00  1.04844232E+00  1.11819610E+00
   187  1.12200000E+02  1.11818280E+00  1.05099436E+00  1.11818280E+00
   188  1.12800000E+02  1.11819777E+00  1.05360842E+00  1.11819777E+00
   189  1.13400000E+02  1.11818807E+00  1.05627925E+00  1.11818807E+00
   190  1.14000000E+02  1.11821360E+00  1.05900093E+00  1.11821360E+00
   191  1.14600000E+02  1.11820999E+00  1.06176682E+00  1.11820999E+00
   192  1.15200000E+02  1.11821491E+00  1.06456961E+00  1.11821491E+00
   193  1.15800000E+02  1.11821504E+00  1.06740130E+00  1.11821504E+00
   194  1.16400000E+02  1.11822992E+00  1.07025322E+00  1.11822992E+00
   195  1.17000000E+02  1.11823632E+00  1.07311611E+00  1.11823632E+00
   196  1.17600000E+02  1.11823082E+00  1.07598008E+00  1.11823082E+00
   197  1.18200000E+02  1.11824109E+00  1.07883474E+00  1.11824109E+00
   198  1.18800000E+02  1.11824498E+00  1.08166921E+00  1.11824498E+00
   199  1.19400000E+02  1.11826167E+00  1.08447221E+00  1.11826167E+00
   200  1.20000000E+02  1.11824541E+00  1.08723214E+00  1.11824541E+00
   201  1.20600000E+02  1.11826612E+00  1.08993717E+00  1.11826612E+00
   202  1.21200000E+02  1.11825868E+00  1.09257537E+00  1.11825868E+00
   203  1.21800000E+02  1.11828597E+00  1.09513479E+00  1.11828597E+00
   204  1.22400000E+02  1.11825862E+00  1.09760365E+00  1.11825862E+00
   205  1.23000000E+02  1.11829005E+00  1.09997041E+00  1.11829005E+00
   206  1.23600000E+02  1.11827097E+00  1.10222399E+00  1.11827097E+00
   207  1.24200000E+02  1.11830912E+00  1.10435391E+00  1.11830912E+00
   208  1.24800000E+02  1.11827037E+00  1.10635048E+00  1.11827037E+00
   209  1.25400000E+02  1.11831280E+00  1.10820500E+00  1.11831280E+00
   210  1.26000000E+02  1.11828177E+00  1.10990993E+00  1.11828177E+00
   211  1.26600000E+02  1.11833107E+00  1.11145914E+00  1.11833107E+00
   212  1.27200000E+02  1.11829374E+00  1.11284808E+00  1.11829374E+00
   213  1.27800000E+02  1.11833431E+00  1.11407397E+00  1.11833431E+00
   214  1.28400000E+02  1.11830041E+00  1.11513601E+00  1.11830041E+00
   215  1.29000000E+02  1.11835176E+00  1.11603553E+00  1.11835176E+00
   216  1.29600000E+02  1.11832362E+00  1.11677606E+00  1.11832362E+00
   217  1.30200000E+02  1.11835454E+00  1.11736345E+00  1.11835454E+00
   218  1.30800000E+02  1.11833003E+00  1.11780587E+00  1.11833003E+00
   219  1.31400000E+02  1.11837137E+00  1.11811369E+00  1.11837137E+00
   220  1.32000000E+02  1.11835278E+00  1.11829939E+00  1.11835278E+00
   221  1.32600000E+02  1.11837725E+00  1.11837725E+00  1.11837725E+00
   222  1.33200000E+02  1.11836308E+00  1.11836308E+00  1.11836308E+00
   223  1.33800000E+02  1.11827372E+00  1.11827372E+00  1.11827372E+00
   224  1.34400000E+02  1.11812659E+00  1.11812659E+00  1.11812659E+00
   225  1.35000000E+02  1.11793912E+00  1.11793912E+00  1.11793912E+00
   226  1.35600000E+02  1.11772813E+00  1.11772813E+00  1.11772813E+00
   227  1.36200000E+02  1.11750925E+00  1.11750925E+00  1.11750925E+00
   228  1.36800000E+02  1.11729637E+00  1.11729637E+00  1.11729637E+00
   229  1.37400000E+02  1.11710114E+00  1.11710114E+00  1.11710114E+00
   230  1.38000000E+02  1.11703355E+00  1.11693261E+00  1.11703355E+00
   231  1.38600000E+02  1.11703354E+00  1.11679699E+00  1.11703354E+00
   232  1.39200000E+02  1.11703354E+00  1.11669757E+00  1.11703354E+00
   233  1.39800000E+02  1.11703354E+00  1.11663486E+00  1.11703354E+00
   234  1.40400000E+02  1.11703354E+00  1.11660681E+00  1.11703354E+00
   235  1.41000000E+02  1.11703353E+00  1.11660924E+00  1.11703353E+00
   236  1.41600000E+02  1.11703353E+00  1.11663642E+00  1.11703353E+00
   237  1.42200000E+02  1.11703353E+00  1.11668162E+00  1.11703353E+00
   238  1.42800000E+02  1.11703353E+00  1.11673777E+00  1.11703353E+00
   239  1.43400000E+02  1.11703353E+00  1.11679807E+00  1.11703353E+00
   240  1.44000000E+02  1.11703353E+00  1.11685649E+00  1.11703353E+00
   241  1.44600000E+02  1.11703352E+00  1.11690818E+00  1.11703352E+00
   242  1.45200000E+02  1.11703352E+00  1.11694973E+00  1.11703352E+00
   243  1.45800000E+02  1.11703352E+00  1.11697926E+00  1.11703352E+00
   244  1.46400000E+02  1.11703352E+00  1.11699636E+00  1.11703352E+00
   245  1.47000000E+02  1.11703352E+00  1.11700190E+00  1.11703352E+00
   246  1.47600000E+02  1.11703352E+00  1.11699773E+00  1.11703352E+00
   247  1.48200000E+02  1.11703352E+00  1.11698634E+00  1.11703352E+00
   248  1.48800000E+02  1.11703352E+00  1.11697049E+00  1.11703352E+00
   249  1.49400000E+02  1.11703352E+00  1.11695284E+00  1.11703352E+00
   250  1.50000000E+02  1.11703351E+00  1.11693574E+00  1.11703351E+00
   251  1.50600000E+02  1.11703351E+00  1.11692094E+00  1.11703351E+00
   252  1.51200000E+02  1.11703351E+00  1.11690959E+00  1.11703351E+00
   253  1.51800000E+02  1.11703351E+00  1.11690215E+00  1.11703351E+00
   254  1.52400000E+02  1.11703351E+00  1.11689853E+00  1.11703351E+00
   255  1.53000000E+02  1.11703351E+00  1.11689817E+00  1.11703351E+00
   256  1.53600000E+02  1.11703351E+00  1.11690022E+00  1.11703351E+00
   257  1.54200000E+02  1.11703351E+00  1.11690373E+00  1.11703351E+00
   258  1.54800000E+02  1.11703351E+00  1.11690776E+00  1.11703351E+00
   259  1.55400000E+02  1.11703351E+00  1.11691154E+00  1.11703351E+00
   260  1.56000000E+02  1.11703351E+00  1.11691449E+00  1.11703351E+00
   261  1.56600000E+02  1.11703351E+00  1.11691632E+00  1.11703351E+00
   262  1.57200000E+02  1.11703351E+00  1.11691694E+00  1.11703351E+00
 steady-height stop at step    262: changes <=   1.0000E-05, max-end <=   1.0000E-02, max/end/gap/profile_change =   1.11703351E+00  1.11691694E+00  1.16568495E-04  2.01401204E-06


STDERR:
