COMMAND:
/shared/extrudate_rom/generate_rom_data/extrudate_swell2d_c_cluster

STDOUT:
 comppar: model =   3
 comppar: lambda,mobility/eps,betav,eta_0 =  4.6000E+00  1.0000E-01  1.0000E-01  1.0000E+00
 comppar: eta_s,eta_p,G =  1.0000E-01  9.0000E-01  1.9565E-01
 comppar: U_avg,deltat,flowrate,nsteps =  5.0000E-02  6.0000E-01  1.5708E-01     700
 comppar: geometry = axisymmetric
 comppar: steady stop change,gap,hold,min =  1.0000E-05  1.0000E-02      10      80
 comppar: ncompc,ncompg =     4     5
 mesh nnodes = 5765
 mesh nelem = 2780
 P1 BC   5.0000000000000000     
 P2 BC   0.0000000000000000     
     1  6.00000000E-01  1.00378357E+00  1.00000000E+00  1.00378357E+00
     2  1.20000000E+00  1.00739714E+00  1.00000000E+00  1.00739714E+00
     3  1.80000000E+00  1.01080687E+00  1.00000000E+00  1.01080687E+00
     4  2.40000000E+00  1.01411492E+00  1.00000000E+00  1.01411492E+00
     5  3.00000000E+00  1.01735020E+00  1.00000000E+00  1.01735020E+00
     6  3.60000000E+00  1.02054577E+00  1.00000000E+00  1.02054577E+00
     7  4.20000000E+00  1.02371409E+00  1.00000001E+00  1.02371409E+00
     8  4.80000000E+00  1.02689590E+00  1.00000001E+00  1.02689590E+00
     9  5.40000000E+00  1.03006180E+00  1.00000001E+00  1.03006180E+00
    10  6.00000000E+00  1.03320920E+00  1.00000001E+00  1.03320920E+00
    11  6.60000000E+00  1.03635927E+00  1.00000001E+00  1.03635927E+00
    12  7.20000000E+00  1.03946596E+00  1.00000001E+00  1.03946596E+00
    13  7.80000000E+00  1.04258017E+00  1.00000001E+00  1.04258017E+00
    14  8.40000000E+00  1.04563021E+00  1.00000001E+00  1.04563021E+00
    15  9.00000000E+00  1.04869145E+00  1.00000001E+00  1.04869145E+00
    16  9.60000000E+00  1.05168625E+00  1.00000001E+00  1.05168625E+00
    17  1.02000000E+01  1.05465565E+00  1.00000000E+00  1.05465565E+00
    18  1.08000000E+01  1.05758409E+00  9.99999998E-01  1.05758409E+00
    19  1.14000000E+01  1.06041089E+00  9.99999992E-01  1.06041089E+00
    20  1.20000000E+01  1.06324392E+00  9.99999984E-01  1.06324392E+00
    21  1.26000000E+01  1.06600318E+00  9.99999975E-01  1.06600318E+00
    22  1.32000000E+01  1.06868344E+00  9.99999964E-01  1.06868344E+00
    23  1.38000000E+01  1.07136756E+00  9.99999951E-01  1.07136756E+00
    24  1.44000000E+01  1.07393422E+00  9.99999936E-01  1.07393422E+00
    25  1.50000000E+01  1.07652057E+00  9.99999917E-01  1.07652057E+00
    26  1.56000000E+01  1.07902645E+00  9.99999896E-01  1.07902645E+00
    27  1.62000000E+01  1.08143670E+00  9.99999872E-01  1.08143670E+00
    28  1.68000000E+01  1.08388006E+00  9.99999844E-01  1.08388006E+00
    29  1.74000000E+01  1.08620000E+00  9.99999812E-01  1.08620000E+00
    30  1.80000000E+01  1.08843377E+00  9.99999776E-01  1.08843377E+00
    31  1.86000000E+01  1.09071645E+00  9.99999735E-01  1.09071645E+00
    32  1.92000000E+01  1.09287594E+00  9.99999688E-01  1.09287594E+00
    33  1.98000000E+01  1.09494368E+00  9.99999636E-01  1.09494368E+00
    34  2.04000000E+01  1.09706498E+00  9.99999578E-01  1.09706498E+00
    35  2.10000000E+01  1.09906622E+00  9.99999514E-01  1.09906622E+00
    36  2.16000000E+01  1.10095223E+00  9.99999441E-01  1.10095223E+00
    37  2.22000000E+01  1.10290995E+00  9.99999361E-01  1.10290995E+00
    38  2.28000000E+01  1.10478688E+00  9.99999272E-01  1.10478688E+00
    39  2.34000000E+01  1.10655598E+00  9.99999174E-01  1.10655598E+00
    40  2.40000000E+01  1.10830332E+00  9.99999066E-01  1.10830332E+00
    41  2.46000000E+01  1.11006124E+00  9.99998946E-01  1.11006124E+00
    42  2.52000000E+01  1.11171966E+00  9.99998815E-01  1.11171966E+00
    43  2.58000000E+01  1.11328747E+00  9.99998671E-01  1.11328747E+00
    44  2.64000000E+01  1.11489962E+00  9.99998513E-01  1.11489962E+00
    45  2.70000000E+01  1.11647623E+00  9.99998340E-01  1.11647623E+00
    46  2.76000000E+01  1.11796889E+00  9.99998152E-01  1.11796889E+00
    47  2.82000000E+01  1.11938552E+00  9.99997946E-01  1.11938552E+00
    48  2.88000000E+01  1.12082477E+00  9.99997721E-01  1.12082477E+00
    49  2.94000000E+01  1.12224571E+00  9.99997477E-01  1.12224571E+00
    50  3.00000000E+01  1.12359582E+00  9.99997212E-01  1.12359582E+00
    51  3.06000000E+01  1.12487891E+00  9.99996924E-01  1.12487891E+00
    52  3.12000000E+01  1.12615564E+00  9.99996612E-01  1.12615564E+00
    53  3.18000000E+01  1.12744263E+00  9.99996274E-01  1.12744263E+00
    54  3.24000000E+01  1.12866163E+00  9.99995908E-01  1.12866163E+00
    55  3.30000000E+01  1.12980928E+00  9.99995513E-01  1.12980928E+00
    56  3.36000000E+01  1.13093432E+00  9.99995086E-01  1.13093432E+00
    57  3.42000000E+01  1.13209026E+00  9.99994626E-01  1.13209026E+00
    58  3.48000000E+01  1.13317010E+00  9.99994130E-01  1.13317010E+00
    59  3.54000000E+01  1.13416362E+00  9.99993597E-01  1.13416362E+00
    60  3.60000000E+01  1.13519269E+00  9.99993023E-01  1.13519269E+00
    61  3.66000000E+01  1.13619395E+00  9.99992407E-01  1.13619395E+00
    62  3.72000000E+01  1.13710046E+00  9.99991746E-01  1.13710046E+00
    63  3.78000000E+01  1.13798730E+00  9.99991038E-01  1.13798730E+00
    64  3.84000000E+01  1.13891054E+00  9.99990279E-01  1.13891054E+00
    65  3.90000000E+01  1.13973080E+00  9.99989466E-01  1.13973080E+00
    66  3.96000000E+01  1.14047904E+00  9.99988598E-01  1.14047904E+00
    67  4.02000000E+01  1.14131357E+00  9.99987670E-01  1.14131357E+00
    68  4.08000000E+01  1.14204016E+00  9.99986680E-01  1.14204016E+00
    69  4.14000000E+01  1.14271262E+00  9.99985624E-01  1.14271262E+00
    70  4.20000000E+01  1.14345929E+00  9.99984499E-01  1.14345929E+00
    71  4.26000000E+01  1.14409336E+00  9.99983301E-01  1.14409336E+00
    72  4.32000000E+01  1.14468147E+00  9.99982028E-01  1.14468147E+00
    73  4.38000000E+01  1.14533627E+00  9.99980675E-01  1.14533627E+00
    74  4.44000000E+01  1.14587991E+00  9.99979238E-01  1.14587991E+00
    75  4.50000000E+01  1.14642637E+00  9.99977715E-01  1.14642637E+00
    76  4.56000000E+01  1.14699023E+00  9.99976101E-01  1.14699023E+00
    77  4.62000000E+01  1.14744461E+00  9.99974391E-01  1.14744461E+00
    78  4.68000000E+01  1.14793191E+00  9.99972584E-01  1.14793191E+00
    79  4.74000000E+01  1.14841015E+00  9.99970674E-01  1.14841015E+00
    80  4.80000000E+01  1.14878684E+00  9.99968657E-01  1.14878684E+00
    81  4.86000000E+01  1.14924866E+00  9.99966530E-01  1.14924866E+00
    82  4.92000000E+01  1.14964254E+00  9.99964290E-01  1.14964254E+00
    83  4.98000000E+01  1.14995459E+00  9.99961931E-01  1.14995459E+00
    84  5.04000000E+01  1.15037200E+00  9.99959452E-01  1.15037200E+00
    85  5.10000000E+01  1.15069487E+00  9.99956848E-01  1.15069487E+00
    86  5.16000000E+01  1.15099710E+00  9.99954116E-01  1.15099710E+00
    87  5.22000000E+01  1.15133559E+00  9.99951253E-01  1.15133559E+00
    88  5.28000000E+01  1.15158928E+00  9.99948257E-01  1.15158928E+00
    89  5.34000000E+01  1.15187796E+00  9.99945126E-01  1.15187796E+00
    90  5.40000000E+01  1.15215216E+00  9.99941856E-01  1.15215216E+00
    91  5.46000000E+01  1.15235387E+00  9.99938447E-01  1.15235387E+00
    92  5.52000000E+01  1.15262354E+00  9.99934898E-01  1.15262354E+00
    93  5.58000000E+01  1.15283560E+00  9.99931208E-01  1.15283560E+00
    94  5.64000000E+01  1.15302172E+00  9.99927378E-01  1.15302172E+00
    95  5.70000000E+01  1.15325231E+00  9.99923408E-01  1.15325231E+00
    96  5.76000000E+01  1.15341904E+00  9.99919300E-01  1.15341904E+00
    97  5.82000000E+01  1.15359133E+00  9.99915059E-01  1.15359133E+00
    98  5.88000000E+01  1.15376680E+00  9.99910686E-01  1.15376680E+00
    99  5.94000000E+01  1.15389157E+00  9.99906188E-01  1.15389157E+00
   100  6.00000000E+01  1.15406833E+00  9.99901571E-01  1.15406833E+00
   101  6.06000000E+01  1.15420475E+00  9.99896843E-01  1.15420475E+00
   102  6.12000000E+01  1.15430518E+00  9.99892014E-01  1.15430518E+00
   103  6.18000000E+01  1.15444879E+00  9.99887095E-01  1.15444879E+00
   104  6.24000000E+01  1.15454996E+00  9.99882100E-01  1.15454996E+00
   105  6.30000000E+01  1.15466449E+00  9.99877045E-01  1.15466449E+00
   106  6.36000000E+01  1.15477492E+00  9.99871947E-01  1.15477492E+00
   107  6.42000000E+01  1.15485363E+00  9.99866827E-01  1.15485363E+00
   108  6.48000000E+01  1.15494236E+00  9.99861710E-01  1.15494236E+00
   109  6.54000000E+01  1.15502379E+00  9.99856623E-01  1.15502379E+00
   110  6.60000000E+01  1.15509419E+00  9.99851596E-01  1.15509419E+00
   111  6.66000000E+01  1.15518261E+00  9.99846663E-01  1.15518261E+00
   112  6.72000000E+01  1.15524613E+00  9.99841862E-01  1.15524613E+00
   113  6.78000000E+01  1.15529724E+00  9.99837238E-01  1.15529724E+00
   114  6.84000000E+01  1.15535779E+00  9.99832837E-01  1.15535779E+00
   115  6.90000000E+01  1.15540869E+00  9.99828713E-01  1.15540869E+00
   116  6.96000000E+01  1.15546727E+00  9.99824924E-01  1.15546727E+00
   117  7.02000000E+01  1.15551861E+00  9.99821535E-01  1.15551861E+00
   118  7.08000000E+01  1.15556910E+00  9.99818619E-01  1.15556910E+00
   119  7.14000000E+01  1.15562633E+00  9.99816253E-01  1.15562633E+00
   120  7.20000000E+01  1.15567812E+00  9.99814525E-01  1.15567812E+00
   121  7.26000000E+01  1.15573720E+00  9.99813530E-01  1.15573720E+00
   122  7.32000000E+01  1.15579100E+00  9.99813372E-01  1.15579100E+00
   123  7.38000000E+01  1.15583673E+00  9.99814166E-01  1.15583673E+00
   124  7.44000000E+01  1.15587506E+00  9.99816034E-01  1.15587506E+00
   125  7.50000000E+01  1.15592269E+00  9.99819114E-01  1.15592269E+00
   126  7.56000000E+01  1.15596191E+00  9.99823551E-01  1.15596191E+00
   127  7.62000000E+01  1.15599262E+00  9.99829508E-01  1.15599262E+00
   128  7.68000000E+01  1.15603425E+00  9.99837156E-01  1.15603425E+00
   129  7.74000000E+01  1.15606637E+00  9.99846686E-01  1.15606637E+00
   130  7.80000000E+01  1.15608918E+00  9.99858300E-01  1.15608918E+00
   131  7.86000000E+01  1.15611860E+00  9.99872221E-01  1.15611860E+00
   132  7.92000000E+01  1.15614486E+00  9.99888686E-01  1.15614486E+00
   133  7.98000000E+01  1.15616269E+00  9.99907954E-01  1.15616269E+00
   134  8.04000000E+01  1.15618823E+00  9.99930304E-01  1.15618823E+00
   135  8.10000000E+01  1.15620754E+00  9.99956035E-01  1.15620754E+00
   136  8.16000000E+01  1.15621936E+00  9.99985472E-01  1.15621936E+00
   137  8.22000000E+01  1.15623786E+00  1.00001896E+00  1.15623786E+00
   138  8.28000000E+01  1.15625257E+00  1.00005688E+00  1.15625257E+00
   139  8.34000000E+01  1.15626092E+00  1.00009962E+00  1.15626092E+00
   140  8.40000000E+01  1.15627572E+00  1.00014763E+00  1.15627572E+00
   141  8.46000000E+01  1.15628482E+00  1.00020135E+00  1.15628482E+00
   142  8.52000000E+01  1.15628904E+00  1.00026129E+00  1.15628904E+00
   143  8.58000000E+01  1.15630055E+00  1.00032798E+00  1.15630055E+00
   144  8.64000000E+01  1.15630656E+00  1.00040197E+00  1.15630656E+00
   145  8.70000000E+01  1.15630913E+00  1.00048387E+00  1.15630913E+00
   146  8.76000000E+01  1.15631574E+00  1.00057432E+00  1.15631574E+00
   147  8.82000000E+01  1.15631809E+00  1.00067402E+00  1.15631809E+00
   148  8.88000000E+01  1.15632001E+00  1.00078368E+00  1.15632001E+00
   149  8.94000000E+01  1.15632389E+00  1.00090408E+00  1.15632389E+00
   150  9.00000000E+01  1.15632453E+00  1.00103605E+00  1.15632453E+00
   151  9.06000000E+01  1.15632368E+00  1.00118047E+00  1.15632368E+00
   152  9.12000000E+01  1.15632416E+00  1.00133826E+00  1.15632416E+00
   153  9.18000000E+01  1.15632310E+00  1.00151041E+00  1.15632310E+00
   154  9.24000000E+01  1.15632250E+00  1.00169797E+00  1.15632250E+00
   155  9.30000000E+01  1.15632406E+00  1.00190203E+00  1.15632406E+00
   156  9.36000000E+01  1.15632519E+00  1.00212377E+00  1.15632519E+00
   157  9.42000000E+01  1.15632675E+00  1.00236442E+00  1.15632675E+00
   158  9.48000000E+01  1.15632802E+00  1.00262528E+00  1.15632802E+00
   159  9.54000000E+01  1.15632874E+00  1.00290771E+00  1.15632874E+00
   160  9.60000000E+01  1.15632883E+00  1.00321315E+00  1.15632883E+00
   161  9.66000000E+01  1.15632832E+00  1.00354311E+00  1.15632832E+00
   162  9.72000000E+01  1.15632824E+00  1.00389917E+00  1.15632824E+00
   163  9.78000000E+01  1.15632785E+00  1.00428299E+00  1.15632785E+00
   164  9.84000000E+01  1.15632692E+00  1.00469630E+00  1.15632692E+00
   165  9.90000000E+01  1.15632565E+00  1.00514090E+00  1.15632565E+00
   166  9.96000000E+01  1.15632422E+00  1.00561868E+00  1.15632422E+00
   167  1.00200000E+02  1.15632278E+00  1.00613158E+00  1.15632278E+00
   168  1.00800000E+02  1.15632142E+00  1.00668165E+00  1.15632142E+00
   169  1.01400000E+02  1.15632020E+00  1.00727098E+00  1.15632020E+00
   170  1.02000000E+02  1.15631911E+00  1.00790174E+00  1.15631911E+00
   171  1.02600000E+02  1.15631813E+00  1.00857617E+00  1.15631813E+00
   172  1.03200000E+02  1.15631722E+00  1.00929657E+00  1.15631722E+00
   173  1.03800000E+02  1.15631635E+00  1.01006530E+00  1.15631635E+00
   174  1.04400000E+02  1.15631549E+00  1.01088476E+00  1.15631549E+00
   175  1.05000000E+02  1.15631465E+00  1.01175741E+00  1.15631465E+00
   176  1.05600000E+02  1.15631381E+00  1.01268572E+00  1.15631381E+00
   177  1.06200000E+02  1.15631298E+00  1.01367220E+00  1.15631298E+00
   178  1.06800000E+02  1.15631218E+00  1.01471938E+00  1.15631218E+00
   179  1.07400000E+02  1.15631143E+00  1.01582976E+00  1.15631143E+00
   180  1.08000000E+02  1.15631071E+00  1.01700585E+00  1.15631071E+00
   181  1.08600000E+02  1.15631005E+00  1.01825010E+00  1.15631005E+00
   182  1.09200000E+02  1.15630944E+00  1.01956492E+00  1.15630944E+00
   183  1.09800000E+02  1.15630888E+00  1.02095263E+00  1.15630888E+00
   184  1.10400000E+02  1.15630836E+00  1.02241547E+00  1.15630836E+00
   185  1.11000000E+02  1.15630787E+00  1.02395553E+00  1.15630787E+00
   186  1.11600000E+02  1.15630742E+00  1.02557477E+00  1.15630742E+00
   187  1.12200000E+02  1.15630699E+00  1.02727496E+00  1.15630699E+00
   188  1.12800000E+02  1.15630660E+00  1.02905769E+00  1.15630660E+00
   189  1.13400000E+02  1.15630627E+00  1.03092427E+00  1.15630627E+00
   190  1.14000000E+02  1.15630598E+00  1.03287577E+00  1.15630598E+00
   191  1.14600000E+02  1.15630571E+00  1.03491297E+00  1.15630571E+00
   192  1.15200000E+02  1.15630546E+00  1.03703630E+00  1.15630546E+00
   193  1.15800000E+02  1.15630523E+00  1.03924583E+00  1.15630523E+00
   194  1.16400000E+02  1.15630503E+00  1.04154124E+00  1.15630503E+00
   195  1.17000000E+02  1.15630483E+00  1.04392177E+00  1.15630483E+00
   196  1.17600000E+02  1.15630465E+00  1.04638619E+00  1.15630465E+00
   197  1.18200000E+02  1.15630449E+00  1.04893281E+00  1.15630449E+00
   198  1.18800000E+02  1.15630434E+00  1.05155938E+00  1.15630434E+00
   199  1.19400000E+02  1.15630420E+00  1.05426313E+00  1.15630420E+00
   200  1.20000000E+02  1.15630407E+00  1.05704071E+00  1.15630407E+00
   201  1.20600000E+02  1.15630396E+00  1.05988820E+00  1.15630396E+00
   202  1.21200000E+02  1.15630385E+00  1.06280108E+00  1.15630385E+00
   203  1.21800000E+02  1.15630375E+00  1.06577424E+00  1.15630375E+00
   204  1.22400000E+02  1.15630366E+00  1.06880196E+00  1.15630366E+00
   205  1.23000000E+02  1.15630358E+00  1.07187797E+00  1.15630358E+00
   206  1.23600000E+02  1.15630350E+00  1.07499542E+00  1.15630350E+00
   207  1.24200000E+02  1.15630343E+00  1.07814694E+00  1.15630343E+00
   208  1.24800000E+02  1.15630337E+00  1.08132464E+00  1.15630337E+00
   209  1.25400000E+02  1.15630331E+00  1.08452022E+00  1.15630331E+00
   210  1.26000000E+02  1.15630326E+00  1.08772494E+00  1.15630326E+00
   211  1.26600000E+02  1.15630321E+00  1.09092976E+00  1.15630321E+00
   212  1.27200000E+02  1.15630316E+00  1.09412534E+00  1.15630316E+00
   213  1.27800000E+02  1.15630312E+00  1.09730220E+00  1.15630312E+00
   214  1.28400000E+02  1.15630308E+00  1.10045071E+00  1.15630308E+00
   215  1.29000000E+02  1.15630305E+00  1.10356126E+00  1.15630305E+00
   216  1.29600000E+02  1.15630302E+00  1.10662432E+00  1.15630302E+00
   217  1.30200000E+02  1.15630299E+00  1.10963055E+00  1.15630299E+00
   218  1.30800000E+02  1.15630297E+00  1.11257094E+00  1.15630297E+00
   219  1.31400000E+02  1.15630294E+00  1.11543687E+00  1.15630294E+00
   220  1.32000000E+02  1.15630292E+00  1.11822029E+00  1.15630292E+00
   221  1.32600000E+02  1.15630290E+00  1.12091378E+00  1.15630290E+00
   222  1.33200000E+02  1.15630288E+00  1.12351069E+00  1.15630288E+00
   223  1.33800000E+02  1.15630287E+00  1.12600524E+00  1.15630287E+00
   224  1.34400000E+02  1.15630285E+00  1.12839264E+00  1.15630285E+00
   225  1.35000000E+02  1.15630284E+00  1.13066910E+00  1.15630284E+00
   226  1.35600000E+02  1.15630283E+00  1.13283198E+00  1.15630283E+00
   227  1.36200000E+02  1.15630282E+00  1.13487974E+00  1.15630282E+00
   228  1.36800000E+02  1.15630281E+00  1.13681200E+00  1.15630281E+00
   229  1.37400000E+02  1.15630280E+00  1.13862949E+00  1.15630280E+00
   230  1.38000000E+02  1.15630279E+00  1.14033398E+00  1.15630279E+00
   231  1.38600000E+02  1.15630278E+00  1.14192817E+00  1.15630278E+00
   232  1.39200000E+02  1.15630277E+00  1.14341554E+00  1.15630277E+00
   233  1.39800000E+02  1.15630277E+00  1.14480019E+00  1.15630277E+00
   234  1.40400000E+02  1.15630276E+00  1.14608661E+00  1.15630276E+00
   235  1.41000000E+02  1.15630276E+00  1.14727944E+00  1.15630276E+00
   236  1.41600000E+02  1.15630275E+00  1.14838328E+00  1.15630275E+00
   237  1.42200000E+02  1.15630275E+00  1.14940241E+00  1.15630275E+00
   238  1.42800000E+02  1.15630274E+00  1.15034065E+00  1.15630274E+00
   239  1.43400000E+02  1.15630274E+00  1.15120116E+00  1.15630274E+00
   240  1.44000000E+02  1.15630274E+00  1.15198642E+00  1.15630274E+00
   241  1.44600000E+02  1.15630273E+00  1.15269821E+00  1.15630273E+00
   242  1.45200000E+02  1.15630273E+00  1.15333769E+00  1.15630273E+00
   243  1.45800000E+02  1.15630273E+00  1.15390557E+00  1.15630273E+00
   244  1.46400000E+02  1.15630273E+00  1.15440243E+00  1.15630273E+00
   245  1.47000000E+02  1.15630272E+00  1.15482893E+00  1.15630272E+00
   246  1.47600000E+02  1.15630272E+00  1.15518626E+00  1.15630272E+00
   247  1.48200000E+02  1.15630272E+00  1.15547640E+00  1.15630272E+00
   248  1.48800000E+02  1.15630272E+00  1.15570242E+00  1.15630272E+00
   249  1.49400000E+02  1.15630272E+00  1.15586872E+00  1.15630272E+00
   250  1.50000000E+02  1.15630272E+00  1.15598105E+00  1.15630272E+00
   251  1.50600000E+02  1.15630271E+00  1.15604649E+00  1.15630271E+00
   252  1.51200000E+02  1.15630271E+00  1.15607322E+00  1.15630271E+00
   253  1.51800000E+02  1.15630271E+00  1.15607016E+00  1.15630271E+00
   254  1.52400000E+02  1.15630271E+00  1.15604655E+00  1.15630271E+00
   255  1.53000000E+02  1.15630271E+00  1.15601135E+00  1.15630271E+00
   256  1.53600000E+02  1.15630271E+00  1.15597277E+00  1.15630271E+00
   257  1.54200000E+02  1.15630271E+00  1.15593777E+00  1.15630271E+00
   258  1.54800000E+02  1.15630271E+00  1.15591160E+00  1.15630271E+00
   259  1.55400000E+02  1.15630271E+00  1.15589768E+00  1.15630271E+00
   260  1.56000000E+02  1.15630271E+00  1.15589742E+00  1.15630271E+00
   261  1.56600000E+02  1.15630271E+00  1.15591041E+00  1.15630271E+00
   262  1.57200000E+02  1.15630270E+00  1.15593470E+00  1.15630270E+00
   263  1.57800000E+02  1.15630270E+00  1.15596720E+00  1.15630270E+00
   264  1.58400000E+02  1.15630270E+00  1.15600417E+00  1.15630270E+00
   265  1.59000000E+02  1.15630270E+00  1.15604175E+00  1.15630270E+00
   266  1.59600000E+02  1.15630270E+00  1.15607642E+00  1.15630270E+00
   267  1.60200000E+02  1.15630270E+00  1.15610539E+00  1.15630270E+00
   268  1.60800000E+02  1.15630270E+00  1.15612683E+00  1.15630270E+00
   269  1.61400000E+02  1.15630270E+00  1.15613996E+00  1.15630270E+00
   270  1.62000000E+02  1.15630270E+00  1.15614504E+00  1.15630270E+00
   271  1.62600000E+02  1.15630270E+00  1.15614315E+00  1.15630270E+00
   272  1.63200000E+02  1.15630270E+00  1.15613597E+00  1.15630270E+00
   273  1.63800000E+02  1.15630270E+00  1.15612549E+00  1.15630270E+00
   274  1.64400000E+02  1.15630270E+00  1.15611368E+00  1.15630270E+00
   275  1.65000000E+02  1.15630270E+00  1.15610228E+00  1.15630270E+00
   276  1.65600000E+02  1.15630270E+00  1.15609260E+00  1.15630270E+00
   277  1.66200000E+02  1.15630270E+00  1.15608545E+00  1.15630270E+00
   278  1.66800000E+02  1.15630270E+00  1.15608110E+00  1.15630270E+00
   279  1.67400000E+02  1.15630270E+00  1.15607938E+00  1.15630270E+00
   280  1.68000000E+02  1.15630270E+00  1.15607977E+00  1.15630270E+00
   281  1.68600000E+02  1.15630270E+00  1.15608157E+00  1.15630270E+00
   282  1.69200000E+02  1.15630270E+00  1.15608404E+00  1.15630270E+00
   283  1.69800000E+02  1.15630270E+00  1.15608649E+00  1.15630270E+00
   284  1.70400000E+02  1.15630270E+00  1.15608839E+00  1.15630270E+00
   285  1.71000000E+02  1.15630270E+00  1.15608945E+00  1.15630270E+00
 steady-height stop at step    285: changes <=   1.0000E-05, max-end <=   1.0000E-02, max/end/gap/profile_change =   1.15630270E+00  1.15608945E+00  2.13249738E-04  2.08667860E-06


STDERR:
