COMMAND:
/shared/extrudate_rom/generate_rom_data/extrudate_swell2d_c_cluster

STDOUT:
 comppar: model =   3
 comppar: lambda,mobility/eps,betav,eta_0 =  8.2000E+00  2.3333E-01  3.0000E-01  1.0000E+00
 comppar: eta_s,eta_p,G =  3.0000E-01  7.0000E-01  8.5366E-02
 comppar: U_avg,deltat,flowrate,nsteps =  5.0000E-02  6.0000E-01  1.5708E-01     700
 comppar: geometry = axisymmetric
 comppar: steady stop change,gap,hold,min =  1.0000E-05  1.0000E-02      10      80
 comppar: ncompc,ncompg =     4     5
 mesh nnodes = 5765
 mesh nelem = 2780
 P1 BC   5.0000000000000000     
 P2 BC   0.0000000000000000     
     1  6.00000000E-01  1.00378823E+00  1.00000000E+00  1.00378823E+00
     2  1.20000000E+00  1.00747059E+00  1.00000000E+00  1.00747059E+00
     3  1.80000000E+00  1.01103182E+00  1.00000000E+00  1.01103182E+00
     4  2.40000000E+00  1.01448804E+00  1.00000000E+00  1.01448804E+00
     5  3.00000000E+00  1.01784698E+00  1.00000000E+00  1.01784698E+00
     6  3.60000000E+00  1.02112027E+00  1.00000000E+00  1.02112027E+00
     7  4.20000000E+00  1.02432214E+00  1.00000000E+00  1.02432214E+00
     8  4.80000000E+00  1.02745718E+00  1.00000001E+00  1.02745718E+00
     9  5.40000000E+00  1.03054716E+00  1.00000001E+00  1.03054716E+00
    10  6.00000000E+00  1.03360803E+00  1.00000001E+00  1.03360803E+00
    11  6.60000000E+00  1.03661050E+00  1.00000001E+00  1.03661050E+00
    12  7.20000000E+00  1.03960256E+00  1.00000001E+00  1.03960256E+00
    13  7.80000000E+00  1.04255555E+00  1.00000001E+00  1.04255555E+00
    14  8.40000000E+00  1.04547899E+00  1.00000001E+00  1.04547899E+00
    15  9.00000000E+00  1.04838005E+00  1.00000000E+00  1.04838005E+00
    16  9.60000000E+00  1.05125380E+00  1.00000000E+00  1.05125380E+00
    17  1.02000000E+01  1.05408810E+00  9.99999999E-01  1.05408810E+00
    18  1.08000000E+01  1.05691010E+00  9.99999995E-01  1.05691010E+00
    19  1.14000000E+01  1.05964034E+00  9.99999989E-01  1.05964034E+00
    20  1.20000000E+01  1.06238555E+00  9.99999982E-01  1.06238555E+00
    21  1.26000000E+01  1.06506797E+00  9.99999974E-01  1.06506797E+00
    22  1.32000000E+01  1.06766997E+00  9.99999963E-01  1.06766997E+00
    23  1.38000000E+01  1.07029471E+00  9.99999951E-01  1.07029471E+00
    24  1.44000000E+01  1.07281379E+00  9.99999937E-01  1.07281379E+00
    25  1.50000000E+01  1.07529902E+00  9.99999920E-01  1.07529902E+00
    26  1.56000000E+01  1.07776930E+00  9.99999900E-01  1.07776930E+00
    27  1.62000000E+01  1.08012736E+00  9.99999877E-01  1.08012736E+00
    28  1.68000000E+01  1.08248270E+00  9.99999852E-01  1.08248270E+00
    29  1.74000000E+01  1.08478519E+00  9.99999822E-01  1.08478519E+00
    30  1.80000000E+01  1.08697302E+00  9.99999789E-01  1.08697302E+00
    31  1.86000000E+01  1.08915922E+00  9.99999751E-01  1.08915922E+00
    32  1.92000000E+01  1.09131292E+00  9.99999708E-01  1.09131292E+00
    33  1.98000000E+01  1.09335426E+00  9.99999661E-01  1.09335426E+00
    34  2.04000000E+01  1.09535397E+00  9.99999607E-01  1.09535397E+00
    35  2.10000000E+01  1.09735910E+00  9.99999547E-01  1.09735910E+00
    36  2.16000000E+01  1.09925810E+00  9.99999481E-01  1.09925810E+00
    37  2.22000000E+01  1.10105900E+00  9.99999407E-01  1.10105900E+00
    38  2.28000000E+01  1.10290355E+00  9.99999325E-01  1.10290355E+00
    39  2.34000000E+01  1.10469402E+00  9.99999235E-01  1.10469402E+00
    40  2.40000000E+01  1.10639643E+00  9.99999135E-01  1.10639643E+00
    41  2.46000000E+01  1.10802083E+00  9.99999024E-01  1.10802083E+00
    42  2.52000000E+01  1.10967282E+00  9.99998903E-01  1.10967282E+00
    43  2.58000000E+01  1.11128365E+00  9.99998770E-01  1.11128365E+00
    44  2.64000000E+01  1.11282569E+00  9.99998624E-01  1.11282569E+00
    45  2.70000000E+01  1.11430496E+00  9.99998465E-01  1.11430496E+00
    46  2.76000000E+01  1.11575046E+00  9.99998290E-01  1.11575046E+00
    47  2.82000000E+01  1.11722860E+00  9.99998099E-01  1.11722860E+00
    48  2.88000000E+01  1.11864364E+00  9.99997891E-01  1.11864364E+00
    49  2.94000000E+01  1.11999281E+00  9.99997665E-01  1.11999281E+00
    50  3.00000000E+01  1.12126846E+00  9.99997419E-01  1.12126846E+00
    51  3.06000000E+01  1.12257079E+00  9.99997152E-01  1.12257079E+00
    52  3.12000000E+01  1.12385142E+00  9.99996862E-01  1.12385142E+00
    53  3.18000000E+01  1.12504992E+00  9.99996547E-01  1.12504992E+00
    54  3.24000000E+01  1.12615351E+00  9.99996207E-01  1.12615351E+00
    55  3.30000000E+01  1.12731213E+00  9.99995839E-01  1.12731213E+00
    56  3.36000000E+01  1.12842189E+00  9.99995441E-01  1.12842189E+00
    57  3.42000000E+01  1.12942928E+00  9.99995012E-01  1.12942928E+00
    58  3.48000000E+01  1.13041501E+00  9.99994549E-01  1.13041501E+00
    59  3.54000000E+01  1.13143608E+00  9.99994050E-01  1.13143608E+00
    60  3.60000000E+01  1.13234762E+00  9.99993514E-01  1.13234762E+00
    61  3.66000000E+01  1.13316800E+00  9.99992937E-01  1.13316800E+00
    62  3.72000000E+01  1.13409355E+00  9.99992318E-01  1.13409355E+00
    63  3.78000000E+01  1.13490846E+00  9.99991654E-01  1.13490846E+00
    64  3.84000000E+01  1.13561946E+00  9.99990942E-01  1.13561946E+00
    65  3.90000000E+01  1.13644978E+00  9.99990179E-01  1.13644978E+00
    66  3.96000000E+01  1.13716863E+00  9.99989362E-01  1.13716863E+00
    67  4.02000000E+01  1.13778068E+00  9.99988490E-01  1.13778068E+00
    68  4.08000000E+01  1.13849067E+00  9.99987558E-01  1.13849067E+00
    69  4.14000000E+01  1.13912212E+00  9.99986563E-01  1.13912212E+00
    70  4.20000000E+01  1.13965539E+00  9.99985503E-01  1.13965539E+00
    71  4.26000000E+01  1.14027730E+00  9.99984373E-01  1.14027730E+00
    72  4.32000000E+01  1.14082241E+00  9.99983171E-01  1.14082241E+00
    73  4.38000000E+01  1.14127859E+00  9.99981893E-01  1.14127859E+00
    74  4.44000000E+01  1.14182589E+00  9.99980535E-01  1.14182589E+00
    75  4.50000000E+01  1.14229891E+00  9.99979094E-01  1.14229891E+00
    76  4.56000000E+01  1.14269343E+00  9.99977565E-01  1.14269343E+00
    77  4.62000000E+01  1.14316533E+00  9.99975946E-01  1.14316533E+00
    78  4.68000000E+01  1.14356828E+00  9.99974233E-01  1.14356828E+00
    79  4.74000000E+01  1.14390419E+00  9.99972421E-01  1.14390419E+00
    80  4.80000000E+01  1.14431544E+00  9.99970507E-01  1.14431544E+00
    81  4.86000000E+01  1.14466296E+00  9.99968487E-01  1.14466296E+00
    82  4.92000000E+01  1.14495300E+00  9.99966358E-01  1.14495300E+00
    83  4.98000000E+01  1.14528977E+00  9.99964116E-01  1.14528977E+00
    84  5.04000000E+01  1.14558539E+00  9.99961757E-01  1.14558539E+00
    85  5.10000000E+01  1.14583416E+00  9.99959278E-01  1.14583416E+00
    86  5.16000000E+01  1.14612844E+00  9.99956677E-01  1.14612844E+00
    87  5.22000000E+01  1.14638324E+00  9.99953950E-01  1.14638324E+00
    88  5.28000000E+01  1.14659847E+00  9.99951094E-01  1.14659847E+00
    89  5.34000000E+01  1.14682607E+00  9.99948108E-01  1.14682607E+00
    90  5.40000000E+01  1.14704498E+00  9.99944989E-01  1.14704498E+00
    91  5.46000000E+01  1.14723232E+00  9.99941736E-01  1.14723232E+00
    92  5.52000000E+01  1.14742994E+00  9.99938348E-01  1.14742994E+00
    93  5.58000000E+01  1.14761906E+00  9.99934825E-01  1.14761906E+00
    94  5.64000000E+01  1.14778137E+00  9.99931166E-01  1.14778137E+00
    95  5.70000000E+01  1.14792390E+00  9.99927374E-01  1.14792390E+00
    96  5.76000000E+01  1.14808902E+00  9.99923451E-01  1.14808902E+00
    97  5.82000000E+01  1.14823224E+00  9.99919398E-01  1.14823224E+00
    98  5.88000000E+01  1.14835668E+00  9.99915221E-01  1.14835668E+00
    99  5.94000000E+01  1.14849460E+00  9.99910924E-01  1.14849460E+00
   100  6.00000000E+01  1.14861832E+00  9.99906514E-01  1.14861832E+00
   101  6.06000000E+01  1.14872511E+00  9.99901999E-01  1.14872511E+00
   102  6.12000000E+01  1.14882046E+00  9.99897389E-01  1.14882046E+00
   103  6.18000000E+01  1.14893002E+00  9.99892696E-01  1.14893002E+00
   104  6.24000000E+01  1.14902378E+00  9.99887933E-01  1.14902378E+00
   105  6.30000000E+01  1.14910209E+00  9.99883116E-01  1.14910209E+00
   106  6.36000000E+01  1.14919064E+00  9.99878263E-01  1.14919064E+00
   107  6.42000000E+01  1.14926970E+00  9.99873395E-01  1.14926970E+00
   108  6.48000000E+01  1.14933451E+00  9.99868537E-01  1.14933451E+00
   109  6.54000000E+01  1.14939781E+00  9.99863715E-01  1.14939781E+00
   110  6.60000000E+01  1.14946542E+00  9.99858961E-01  1.14946542E+00
   111  6.66000000E+01  1.14951910E+00  9.99854309E-01  1.14951910E+00
   112  6.72000000E+01  1.14956498E+00  9.99849797E-01  1.14956498E+00
   113  6.78000000E+01  1.14962039E+00  9.99845470E-01  1.14962039E+00
   114  6.84000000E+01  1.14966315E+00  9.99841374E-01  1.14966315E+00
   115  6.90000000E+01  1.14969468E+00  9.99837565E-01  1.14969468E+00
   116  6.96000000E+01  1.14973985E+00  9.99834101E-01  1.14973985E+00
   117  7.02000000E+01  1.14977298E+00  9.99831048E-01  1.14977298E+00
   118  7.08000000E+01  1.14979547E+00  9.99828478E-01  1.14979547E+00
   119  7.14000000E+01  1.14982914E+00  9.99826471E-01  1.14982914E+00
   120  7.20000000E+01  1.14985386E+00  9.99825115E-01  1.14985386E+00
   121  7.26000000E+01  1.14986942E+00  9.99824506E-01  1.14986942E+00
   122  7.32000000E+01  1.14989329E+00  9.99824750E-01  1.14989329E+00
   123  7.38000000E+01  1.14991023E+00  9.99825961E-01  1.14991023E+00
   124  7.44000000E+01  1.14991934E+00  9.99828267E-01  1.14991934E+00
   125  7.50000000E+01  1.14993712E+00  9.99831803E-01  1.14993712E+00
   126  7.56000000E+01  1.14994797E+00  9.99836719E-01  1.14994797E+00
   127  7.62000000E+01  1.14995235E+00  9.99843178E-01  1.14995235E+00
   128  7.68000000E+01  1.14996251E+00  9.99851355E-01  1.14996251E+00
   129  7.74000000E+01  1.14996767E+00  9.99861441E-01  1.14996767E+00
   130  7.80000000E+01  1.14996776E+00  9.99873644E-01  1.14996776E+00
   131  7.86000000E+01  1.14997399E+00  9.99888188E-01  1.14997399E+00
   132  7.92000000E+01  1.14997509E+00  9.99905316E-01  1.14997509E+00
   133  7.98000000E+01  1.14997221E+00  9.99925288E-01  1.14997221E+00
   134  8.04000000E+01  1.14997239E+00  9.99948389E-01  1.14997239E+00
   135  8.10000000E+01  1.14996985E+00  9.99974923E-01  1.14996985E+00
   136  8.16000000E+01  1.14996511E+00  1.00000522E+00  1.14996511E+00
   137  8.22000000E+01  1.14996339E+00  1.00003963E+00  1.14996339E+00
   138  8.28000000E+01  1.14995839E+00  1.00007853E+00  1.14995839E+00
   139  8.34000000E+01  1.14995141E+00  1.00012234E+00  1.14995141E+00
   140  8.40000000E+01  1.14994534E+00  1.00017150E+00  1.14994534E+00
   141  8.46000000E+01  1.14993843E+00  1.00022646E+00  1.14993843E+00
   142  8.52000000E+01  1.14993081E+00  1.00028773E+00  1.14993081E+00
   143  8.58000000E+01  1.14992405E+00  1.00035586E+00  1.14992405E+00
   144  8.64000000E+01  1.14991582E+00  1.00043141E+00  1.14991582E+00
   145  8.70000000E+01  1.14990699E+00  1.00051499E+00  1.14990699E+00
   146  8.76000000E+01  1.14989806E+00  1.00060727E+00  1.14989806E+00
   147  8.82000000E+01  1.14988925E+00  1.00070894E+00  1.14988925E+00
   148  8.88000000E+01  1.14988060E+00  1.00082073E+00  1.14988060E+00
   149  8.94000000E+01  1.14987203E+00  1.00094345E+00  1.14987203E+00
   150  9.00000000E+01  1.14986348E+00  1.00107793E+00  1.14986348E+00
   151  9.06000000E+01  1.14985489E+00  1.00122505E+00  1.14985489E+00
   152  9.12000000E+01  1.14984629E+00  1.00138577E+00  1.14984629E+00
   153  9.18000000E+01  1.14983775E+00  1.00156109E+00  1.14983775E+00
   154  9.24000000E+01  1.14983016E+00  1.00175207E+00  1.14983016E+00
   155  9.30000000E+01  1.14982436E+00  1.00195983E+00  1.14982436E+00
   156  9.36000000E+01  1.14981954E+00  1.00218555E+00  1.14981954E+00
   157  9.42000000E+01  1.14981596E+00  1.00243049E+00  1.14981596E+00
   158  9.48000000E+01  1.14981277E+00  1.00269596E+00  1.14981277E+00
   159  9.54000000E+01  1.14980996E+00  1.00298335E+00  1.14980996E+00
   160  9.60000000E+01  1.14980750E+00  1.00329411E+00  1.14980750E+00
   161  9.66000000E+01  1.14980538E+00  1.00362978E+00  1.14980538E+00
   162  9.72000000E+01  1.14980379E+00  1.00399196E+00  1.14980379E+00
   163  9.78000000E+01  1.14980278E+00  1.00438231E+00  1.14980278E+00
   164  9.84000000E+01  1.14980197E+00  1.00480260E+00  1.14980197E+00
   165  9.90000000E+01  1.14980134E+00  1.00525464E+00  1.14980134E+00
   166  9.96000000E+01  1.14980087E+00  1.00574033E+00  1.14980087E+00
   167  1.00200000E+02  1.14980053E+00  1.00626164E+00  1.14980053E+00
   168  1.00800000E+02  1.14980031E+00  1.00682063E+00  1.14980031E+00
   169  1.01400000E+02  1.14980018E+00  1.00741939E+00  1.14980018E+00
   170  1.02000000E+02  1.14980015E+00  1.00806011E+00  1.14980015E+00
   171  1.02600000E+02  1.14980018E+00  1.00874504E+00  1.14980018E+00
   172  1.03200000E+02  1.14980028E+00  1.00947647E+00  1.14980028E+00
   173  1.03800000E+02  1.14980042E+00  1.01025675E+00  1.14980042E+00
   174  1.04400000E+02  1.14980061E+00  1.01108827E+00  1.14980061E+00
   175  1.05000000E+02  1.14980083E+00  1.01197348E+00  1.14980083E+00
   176  1.05600000E+02  1.14980107E+00  1.01291482E+00  1.14980107E+00
   177  1.06200000E+02  1.14980132E+00  1.01391477E+00  1.14980132E+00
   178  1.06800000E+02  1.14980159E+00  1.01497580E+00  1.14980159E+00
   179  1.07400000E+02  1.14980187E+00  1.01610035E+00  1.14980187E+00
   180  1.08000000E+02  1.14980214E+00  1.01729085E+00  1.14980214E+00
   181  1.08600000E+02  1.14980242E+00  1.01854968E+00  1.14980242E+00
   182  1.09200000E+02  1.14980269E+00  1.01987912E+00  1.14980269E+00
   183  1.09800000E+02  1.14980296E+00  1.02128140E+00  1.14980296E+00
   184  1.10400000E+02  1.14980322E+00  1.02275858E+00  1.14980322E+00
   185  1.11000000E+02  1.14980347E+00  1.02431261E+00  1.14980347E+00
   186  1.11600000E+02  1.14980371E+00  1.02594527E+00  1.14980371E+00
   187  1.12200000E+02  1.14980393E+00  1.02765812E+00  1.14980393E+00
   188  1.12800000E+02  1.14980415E+00  1.02945250E+00  1.14980415E+00
   189  1.13400000E+02  1.14980435E+00  1.03132949E+00  1.14980435E+00
   190  1.14000000E+02  1.14980454E+00  1.03328987E+00  1.14980454E+00
   191  1.14600000E+02  1.14980472E+00  1.03533411E+00  1.14980472E+00
   192  1.15200000E+02  1.14980488E+00  1.03746229E+00  1.14980488E+00
   193  1.15800000E+02  1.14980503E+00  1.03967411E+00  1.14980503E+00
   194  1.16400000E+02  1.14980517E+00  1.04196884E+00  1.14980517E+00
   195  1.17000000E+02  1.14980530E+00  1.04434529E+00  1.14980530E+00
   196  1.17600000E+02  1.14980542E+00  1.04680177E+00  1.14980542E+00
   197  1.18200000E+02  1.14980553E+00  1.04933607E+00  1.14980553E+00
   198  1.18800000E+02  1.14980563E+00  1.05194543E+00  1.14980563E+00
   199  1.19400000E+02  1.14980572E+00  1.05462650E+00  1.14980572E+00
   200  1.20000000E+02  1.14980580E+00  1.05737537E+00  1.14980580E+00
   201  1.20600000E+02  1.14980588E+00  1.06018752E+00  1.14980588E+00
   202  1.21200000E+02  1.14980594E+00  1.06305781E+00  1.14980594E+00
   203  1.21800000E+02  1.14980600E+00  1.06598054E+00  1.14980600E+00
   204  1.22400000E+02  1.14980606E+00  1.06894938E+00  1.14980606E+00
   205  1.23000000E+02  1.14980611E+00  1.07195747E+00  1.14980611E+00
   206  1.23600000E+02  1.14980615E+00  1.07499739E+00  1.14980615E+00
   207  1.24200000E+02  1.14980619E+00  1.07806123E+00  1.14980619E+00
   208  1.24800000E+02  1.14980622E+00  1.08114064E+00  1.14980622E+00
   209  1.25400000E+02  1.14980625E+00  1.08422687E+00  1.14980625E+00
   210  1.26000000E+02  1.14980628E+00  1.08731085E+00  1.14980628E+00
   211  1.26600000E+02  1.14980630E+00  1.09038328E+00  1.14980630E+00
   212  1.27200000E+02  1.14980632E+00  1.09343468E+00  1.14980632E+00
   213  1.27800000E+02  1.14980633E+00  1.09645552E+00  1.14980633E+00
   214  1.28400000E+02  1.14980635E+00  1.09943630E+00  1.14980635E+00
   215  1.29000000E+02  1.14980636E+00  1.10236770E+00  1.14980636E+00
   216  1.29600000E+02  1.14980637E+00  1.10524064E+00  1.14980637E+00
   217  1.30200000E+02  1.14980638E+00  1.10804644E+00  1.14980638E+00
   218  1.30800000E+02  1.14980639E+00  1.11077693E+00  1.14980639E+00
   219  1.31400000E+02  1.14980640E+00  1.11342460E+00  1.14980640E+00
   220  1.32000000E+02  1.14980640E+00  1.11598266E+00  1.14980640E+00
   221  1.32600000E+02  1.14980640E+00  1.11844524E+00  1.14980640E+00
   222  1.33200000E+02  1.14980641E+00  1.12080740E+00  1.14980641E+00
   223  1.33800000E+02  1.14980641E+00  1.12306529E+00  1.14980641E+00
   224  1.34400000E+02  1.14980641E+00  1.12521617E+00  1.14980641E+00
   225  1.35000000E+02  1.14980642E+00  1.12725845E+00  1.14980642E+00
   226  1.35600000E+02  1.14980642E+00  1.12919169E+00  1.14980642E+00
   227  1.36200000E+02  1.14980642E+00  1.13101656E+00  1.14980642E+00
   228  1.36800000E+02  1.14980642E+00  1.13273477E+00  1.14980642E+00
   229  1.37400000E+02  1.14980642E+00  1.13434890E+00  1.14980642E+00
   230  1.38000000E+02  1.14980642E+00  1.13586229E+00  1.14980642E+00
   231  1.38600000E+02  1.14980642E+00  1.13727878E+00  1.14980642E+00
   232  1.39200000E+02  1.14980642E+00  1.13860252E+00  1.14980642E+00
   233  1.39800000E+02  1.14980642E+00  1.13983768E+00  1.14980642E+00
   234  1.40400000E+02  1.14980642E+00  1.14098826E+00  1.14980642E+00
   235  1.41000000E+02  1.14980642E+00  1.14205783E+00  1.14980642E+00
   236  1.41600000E+02  1.14980642E+00  1.14304936E+00  1.14980642E+00
   237  1.42200000E+02  1.14980642E+00  1.14396513E+00  1.14980642E+00
   238  1.42800000E+02  1.14980642E+00  1.14480669E+00  1.14980642E+00
   239  1.43400000E+02  1.14980642E+00  1.14557495E+00  1.14980642E+00
   240  1.44000000E+02  1.14980642E+00  1.14627028E+00  1.14980642E+00
   241  1.44600000E+02  1.14980642E+00  1.14689280E+00  1.14980642E+00
   242  1.45200000E+02  1.14980642E+00  1.14744267E+00  1.14980642E+00
   243  1.45800000E+02  1.14980642E+00  1.14792041E+00  1.14980642E+00
   244  1.46400000E+02  1.14980642E+00  1.14832723E+00  1.14980642E+00
   245  1.47000000E+02  1.14980642E+00  1.14866535E+00  1.14980642E+00
   246  1.47600000E+02  1.14980641E+00  1.14893819E+00  1.14980641E+00
   247  1.48200000E+02  1.14980641E+00  1.14915047E+00  1.14980641E+00
   248  1.48800000E+02  1.14980641E+00  1.14930817E+00  1.14980641E+00
   249  1.49400000E+02  1.14980641E+00  1.14941837E+00  1.14980641E+00
   250  1.50000000E+02  1.14980641E+00  1.14948894E+00  1.14980641E+00
   251  1.50600000E+02  1.14980641E+00  1.14952816E+00  1.14980641E+00
   252  1.51200000E+02  1.14980641E+00  1.14954425E+00  1.14980641E+00
   253  1.51800000E+02  1.14980641E+00  1.14954493E+00  1.14980641E+00
   254  1.52400000E+02  1.14980641E+00  1.14953697E+00  1.14980641E+00
   255  1.53000000E+02  1.14980641E+00  1.14952589E+00  1.14980641E+00
   256  1.53600000E+02  1.14980641E+00  1.14951574E+00  1.14980641E+00
   257  1.54200000E+02  1.14980641E+00  1.14950904E+00  1.14980641E+00
   258  1.54800000E+02  1.14980641E+00  1.14950688E+00  1.14980641E+00
   259  1.55400000E+02  1.14980641E+00  1.14950912E+00  1.14980641E+00
   260  1.56000000E+02  1.14980641E+00  1.14951470E+00  1.14980641E+00
   261  1.56600000E+02  1.14980641E+00  1.14952199E+00  1.14980641E+00
   262  1.57200000E+02  1.14980641E+00  1.14952917E+00  1.14980641E+00
   263  1.57800000E+02  1.14980641E+00  1.14953454E+00  1.14980641E+00
   264  1.58400000E+02  1.14980641E+00  1.14953678E+00  1.14980641E+00
   265  1.59000000E+02  1.14980641E+00  1.14953511E+00  1.14980641E+00
   266  1.59600000E+02  1.14980641E+00  1.14952931E+00  1.14980641E+00
   267  1.60200000E+02  1.14980641E+00  1.14951972E+00  1.14980641E+00
   268  1.60800000E+02  1.14980641E+00  1.14950712E+00  1.14980641E+00
   269  1.61400000E+02  1.14980641E+00  1.14949254E+00  1.14980641E+00
   270  1.62000000E+02  1.14980641E+00  1.14947709E+00  1.14980641E+00
   271  1.62600000E+02  1.14980641E+00  1.14946185E+00  1.14980641E+00
   272  1.63200000E+02  1.14980642E+00  1.14944766E+00  1.14980642E+00
   273  1.63800000E+02  1.14980642E+00  1.14943511E+00  1.14980642E+00
   274  1.64400000E+02  1.14980642E+00  1.14942450E+00  1.14980642E+00
   275  1.65000000E+02  1.14980642E+00  1.14941582E+00  1.14980642E+00
   276  1.65600000E+02  1.14980642E+00  1.14940887E+00  1.14980642E+00
   277  1.66200000E+02  1.14980642E+00  1.14940332E+00  1.14980642E+00
   278  1.66800000E+02  1.14980642E+00  1.14939875E+00  1.14980642E+00
   279  1.67400000E+02  1.14980642E+00  1.14939479E+00  1.14980642E+00
   280  1.68000000E+02  1.14980642E+00  1.14939112E+00  1.14980642E+00
   281  1.68600000E+02  1.14980642E+00  1.14938756E+00  1.14980642E+00
   282  1.69200000E+02  1.14980642E+00  1.14938399E+00  1.14980642E+00
   283  1.69800000E+02  1.14980642E+00  1.14938043E+00  1.14980642E+00
   284  1.70400000E+02  1.14980642E+00  1.14937695E+00  1.14980642E+00
 steady-height stop at step    284: changes <=   1.0000E-05, max-end <=   1.0000E-02, max/end/gap/profile_change =   1.14980642E+00  1.14937695E+00  4.29461303E-04  3.47957367E-06


STDERR:
