COMMAND:
/shared/extrudate_rom/generate_rom_data/extrudate_swell2d_c_cluster

STDOUT:
 comppar: model =   3
 comppar: lambda,mobility/eps,betav,eta_0 =  8.2000E+00  3.6667E-01  1.0000E-01  1.0000E+00
 comppar: eta_s,eta_p,G =  1.0000E-01  9.0000E-01  1.0976E-01
 comppar: U_avg,deltat,flowrate,nsteps =  5.0000E-02  6.0000E-01  1.5708E-01     700
 comppar: geometry = axisymmetric
 comppar: steady stop change,gap,hold,min =  1.0000E-05  1.0000E-02      10      80
 comppar: ncompc,ncompg =     4     5
 mesh nnodes = 5765
 mesh nelem = 2780
 P1 BC   5.0000000000000000     
 P2 BC   0.0000000000000000     
     1  6.00000000E-01  1.00378178E+00  1.00000000E+00  1.00378178E+00
     2  1.20000000E+00  1.00741011E+00  1.00000000E+00  1.00741011E+00
     3  1.80000000E+00  1.01084896E+00  1.00000000E+00  1.01084896E+00
     4  2.40000000E+00  1.01416274E+00  1.00000000E+00  1.01416274E+00
     5  3.00000000E+00  1.01736577E+00  1.00000000E+00  1.01736577E+00
     6  3.60000000E+00  1.02048620E+00  1.00000000E+00  1.02048620E+00
     7  4.20000000E+00  1.02353726E+00  1.00000001E+00  1.02353726E+00
     8  4.80000000E+00  1.02656155E+00  1.00000001E+00  1.02656155E+00
     9  5.40000000E+00  1.02953872E+00  1.00000001E+00  1.02953872E+00
    10  6.00000000E+00  1.03246128E+00  1.00000001E+00  1.03246128E+00
    11  6.60000000E+00  1.03536930E+00  1.00000001E+00  1.03536930E+00
    12  7.20000000E+00  1.03819825E+00  1.00000001E+00  1.03819825E+00
    13  7.80000000E+00  1.04101620E+00  1.00000001E+00  1.04101620E+00
    14  8.40000000E+00  1.04373489E+00  1.00000001E+00  1.04373489E+00
    15  9.00000000E+00  1.04644813E+00  1.00000001E+00  1.04644813E+00
    16  9.60000000E+00  1.04904512E+00  1.00000001E+00  1.04904512E+00
    17  1.02000000E+01  1.05162115E+00  1.00000001E+00  1.05162115E+00
    18  1.08000000E+01  1.05408973E+00  1.00000000E+00  1.05408973E+00
    19  1.14000000E+01  1.05644194E+00  9.99999999E-01  1.05644194E+00
    20  1.20000000E+01  1.05878633E+00  9.99999993E-01  1.05878633E+00
    21  1.26000000E+01  1.06098673E+00  9.99999985E-01  1.06098673E+00
    22  1.32000000E+01  1.06315870E+00  9.99999976E-01  1.06315870E+00
    23  1.38000000E+01  1.06522439E+00  9.99999965E-01  1.06522439E+00
    24  1.44000000E+01  1.06724079E+00  9.99999951E-01  1.06724079E+00
    25  1.50000000E+01  1.06919513E+00  9.99999936E-01  1.06919513E+00
    26  1.56000000E+01  1.07103804E+00  9.99999917E-01  1.07103804E+00
    27  1.62000000E+01  1.07288386E+00  9.99999895E-01  1.07288386E+00
    28  1.68000000E+01  1.07457597E+00  9.99999870E-01  1.07457597E+00
    29  1.74000000E+01  1.07626360E+00  9.99999842E-01  1.07626360E+00
    30  1.80000000E+01  1.07788571E+00  9.99999809E-01  1.07788571E+00
    31  1.86000000E+01  1.07936217E+00  9.99999772E-01  1.07936217E+00
    32  1.92000000E+01  1.08091704E+00  9.99999729E-01  1.08091704E+00
    33  1.98000000E+01  1.08233113E+00  9.99999682E-01  1.08233113E+00
    34  2.04000000E+01  1.08362949E+00  9.99999628E-01  1.08362949E+00
    35  2.10000000E+01  1.08501494E+00  9.99999568E-01  1.08501494E+00
    36  2.16000000E+01  1.08627788E+00  9.99999500E-01  1.08627788E+00
    37  2.22000000E+01  1.08743828E+00  9.99999425E-01  1.08743828E+00
    38  2.28000000E+01  1.08865792E+00  9.99999341E-01  1.08865792E+00
    39  2.34000000E+01  1.08979648E+00  9.99999248E-01  1.08979648E+00
    40  2.40000000E+01  1.09086109E+00  9.99999145E-01  1.09086109E+00
    41  2.46000000E+01  1.09190754E+00  9.99999031E-01  1.09190754E+00
    42  2.52000000E+01  1.09297334E+00  9.99998906E-01  1.09297334E+00
    43  2.58000000E+01  1.09398806E+00  9.99998767E-01  1.09398806E+00
    44  2.64000000E+01  1.09497122E+00  9.99998614E-01  1.09497122E+00
    45  2.70000000E+01  1.09593309E+00  9.99998447E-01  1.09593309E+00
    46  2.76000000E+01  1.09687047E+00  9.99998263E-01  1.09687047E+00
    47  2.82000000E+01  1.09776522E+00  9.99998062E-01  1.09776522E+00
    48  2.88000000E+01  1.09869032E+00  9.99997841E-01  1.09869032E+00
    49  2.94000000E+01  1.09958272E+00  9.99997601E-01  1.09958272E+00
    50  3.00000000E+01  1.10040481E+00  9.99997338E-01  1.10040481E+00
    51  3.06000000E+01  1.10115737E+00  9.99997053E-01  1.10115737E+00
    52  3.12000000E+01  1.10196486E+00  9.99996742E-01  1.10196486E+00
    53  3.18000000E+01  1.10267130E+00  9.99996404E-01  1.10267130E+00
    54  3.24000000E+01  1.10333148E+00  9.99996037E-01  1.10333148E+00
    55  3.30000000E+01  1.10404204E+00  9.99995640E-01  1.10404204E+00
    56  3.36000000E+01  1.10462412E+00  9.99995209E-01  1.10462412E+00
    57  3.42000000E+01  1.10519981E+00  9.99994744E-01  1.10519981E+00
    58  3.48000000E+01  1.10578149E+00  9.99994240E-01  1.10578149E+00
    59  3.54000000E+01  1.10622418E+00  9.99993697E-01  1.10622418E+00
    60  3.60000000E+01  1.10680573E+00  9.99993112E-01  1.10680573E+00
    61  3.66000000E+01  1.10725444E+00  9.99992481E-01  1.10725444E+00
    62  3.72000000E+01  1.10763446E+00  9.99991803E-01  1.10763446E+00
    63  3.78000000E+01  1.10808974E+00  9.99991074E-01  1.10808974E+00
    64  3.84000000E+01  1.10840795E+00  9.99990292E-01  1.10840795E+00
    65  3.90000000E+01  1.10882438E+00  9.99989452E-01  1.10882438E+00
    66  3.96000000E+01  1.10914770E+00  9.99988553E-01  1.10914770E+00
    67  4.02000000E+01  1.10942885E+00  9.99987590E-01  1.10942885E+00
    68  4.08000000E+01  1.10976413E+00  9.99986561E-01  1.10976413E+00
    69  4.14000000E+01  1.10997281E+00  9.99985462E-01  1.10997281E+00
    70  4.20000000E+01  1.11030803E+00  9.99984290E-01  1.11030803E+00
    71  4.26000000E+01  1.11052008E+00  9.99983040E-01  1.11052008E+00
    72  4.32000000E+01  1.11073357E+00  9.99981709E-01  1.11073357E+00
    73  4.38000000E+01  1.11096035E+00  9.99980294E-01  1.11096035E+00
    74  4.44000000E+01  1.11110137E+00  9.99978790E-01  1.11110137E+00
    75  4.50000000E+01  1.11133255E+00  9.99977194E-01  1.11133255E+00
    76  4.56000000E+01  1.11145119E+00  9.99975502E-01  1.11145119E+00
    77  4.62000000E+01  1.11162286E+00  9.99973711E-01  1.11162286E+00
    78  4.68000000E+01  1.11175660E+00  9.99971817E-01  1.11175660E+00
    79  4.74000000E+01  1.11187090E+00  9.99969816E-01  1.11187090E+00
    80  4.80000000E+01  1.11200742E+00  9.99967705E-01  1.11200742E+00
    81  4.86000000E+01  1.11205844E+00  9.99965481E-01  1.11205844E+00
    82  4.92000000E+01  1.11220913E+00  9.99963141E-01  1.11220913E+00
    83  4.98000000E+01  1.11226655E+00  9.99960682E-01  1.11226655E+00
    84  5.04000000E+01  1.11237601E+00  9.99958102E-01  1.11237601E+00
    85  5.10000000E+01  1.11243454E+00  9.99955399E-01  1.11243454E+00
    86  5.16000000E+01  1.11250091E+00  9.99952572E-01  1.11250091E+00
    87  5.22000000E+01  1.11257273E+00  9.99949620E-01  1.11257273E+00
    88  5.28000000E+01  1.11260009E+00  9.99946541E-01  1.11260009E+00
    89  5.34000000E+01  1.11267386E+00  9.99943338E-01  1.11267386E+00
    90  5.40000000E+01  1.11267179E+00  9.99940011E-01  1.11267179E+00
    91  5.46000000E+01  1.11275213E+00  9.99936562E-01  1.11275213E+00
    92  5.52000000E+01  1.11276121E+00  9.99932995E-01  1.11276121E+00
    93  5.58000000E+01  1.11280690E+00  9.99929315E-01  1.11280690E+00
    94  5.64000000E+01  1.11281644E+00  9.99925527E-01  1.11281644E+00
    95  5.70000000E+01  1.11284515E+00  9.99921638E-01  1.11284515E+00
    96  5.76000000E+01  1.11286607E+00  9.99917658E-01  1.11286607E+00
    97  5.82000000E+01  1.11286952E+00  9.99913597E-01  1.11286952E+00
    98  5.88000000E+01  1.11289163E+00  9.99909470E-01  1.11289163E+00
    99  5.94000000E+01  1.11288111E+00  9.99905290E-01  1.11288111E+00
   100  6.00000000E+01  1.11291457E+00  9.99901076E-01  1.11291457E+00
   101  6.06000000E+01  1.11288615E+00  9.99896850E-01  1.11288615E+00
   102  6.12000000E+01  1.11292142E+00  9.99892634E-01  1.11292142E+00
   103  6.18000000E+01  1.11289161E+00  9.99888457E-01  1.11289161E+00
   104  6.24000000E+01  1.11292829E+00  9.99884350E-01  1.11292829E+00
   105  6.30000000E+01  1.11290775E+00  9.99880347E-01  1.11290775E+00
   106  6.36000000E+01  1.11292392E+00  9.99876490E-01  1.11292392E+00
   107  6.42000000E+01  1.11290384E+00  9.99872822E-01  1.11290384E+00
   108  6.48000000E+01  1.11291784E+00  9.99869395E-01  1.11291784E+00
   109  6.54000000E+01  1.11290728E+00  9.99866264E-01  1.11290728E+00
   110  6.60000000E+01  1.11290528E+00  9.99863492E-01  1.11290528E+00
   111  6.66000000E+01  1.11289573E+00  9.99861148E-01  1.11289573E+00
   112  6.72000000E+01  1.11289232E+00  9.99859310E-01  1.11289232E+00
   113  6.78000000E+01  1.11289237E+00  9.99858063E-01  1.11289237E+00
   114  6.84000000E+01  1.11287656E+00  9.99857502E-01  1.11287656E+00
   115  6.90000000E+01  1.11287812E+00  9.99857730E-01  1.11287812E+00
   116  6.96000000E+01  1.11285944E+00  9.99858863E-01  1.11285944E+00
   117  7.02000000E+01  1.11287055E+00  9.99861026E-01  1.11287055E+00
   118  7.08000000E+01  1.11284213E+00  9.99864356E-01  1.11284213E+00
   119  7.14000000E+01  1.11285518E+00  9.99869004E-01  1.11285518E+00
   120  7.20000000E+01  1.11282340E+00  9.99875136E-01  1.11282340E+00
   121  7.26000000E+01  1.11284583E+00  9.99882931E-01  1.11284583E+00
   122  7.32000000E+01  1.11280783E+00  9.99892584E-01  1.11280783E+00
   123  7.38000000E+01  1.11283154E+00  9.99904309E-01  1.11283154E+00
   124  7.44000000E+01  1.11279429E+00  9.99918338E-01  1.11279429E+00
   125  7.50000000E+01  1.11282206E+00  9.99934924E-01  1.11282206E+00
   126  7.56000000E+01  1.11279288E+00  9.99954339E-01  1.11279288E+00
   127  7.62000000E+01  1.11280939E+00  9.99976881E-01  1.11280939E+00
   128  7.68000000E+01  1.11278136E+00  1.00000287E+00  1.11278136E+00
   129  7.74000000E+01  1.11279971E+00  1.00003266E+00  1.11279971E+00
   130  7.80000000E+01  1.11277977E+00  1.00006661E+00  1.11277977E+00
   131  7.86000000E+01  1.11278850E+00  1.00010515E+00  1.11278850E+00
   132  7.92000000E+01  1.11277007E+00  1.00014869E+00  1.11277007E+00
   133  7.98000000E+01  1.11277935E+00  1.00019772E+00  1.11277935E+00
   134  8.04000000E+01  1.11276896E+00  1.00025273E+00  1.11276896E+00
   135  8.10000000E+01  1.11277007E+00  1.00031428E+00  1.11277007E+00
   136  8.16000000E+01  1.11276150E+00  1.00038294E+00  1.11276150E+00
   137  8.22000000E+01  1.11276155E+00  1.00045933E+00  1.11276155E+00
   138  8.28000000E+01  1.11276090E+00  1.00054412E+00  1.11276090E+00
   139  8.34000000E+01  1.11275388E+00  1.00063803E+00  1.11275388E+00
   140  8.40000000E+01  1.11275531E+00  1.00074182E+00  1.11275531E+00
   141  8.46000000E+01  1.11274595E+00  1.00085630E+00  1.11274595E+00
   142  8.52000000E+01  1.11275510E+00  1.00098235E+00  1.11275510E+00
   143  8.58000000E+01  1.11273978E+00  1.00112087E+00  1.11273978E+00
   144  8.64000000E+01  1.11275124E+00  1.00127287E+00  1.11275124E+00
   145  8.70000000E+01  1.11273246E+00  1.00143938E+00  1.11273246E+00
   146  8.76000000E+01  1.11275141E+00  1.00162152E+00  1.11275141E+00
   147  8.82000000E+01  1.11272752E+00  1.00182046E+00  1.11272752E+00
   148  8.88000000E+01  1.11274897E+00  1.00203744E+00  1.11274897E+00
   149  8.94000000E+01  1.11272062E+00  1.00227379E+00  1.11272062E+00
   150  9.00000000E+01  1.11274928E+00  1.00253089E+00  1.11274928E+00
   151  9.06000000E+01  1.11271836E+00  1.00281020E+00  1.11271836E+00
   152  9.12000000E+01  1.11274795E+00  1.00311327E+00  1.11274795E+00
   153  9.18000000E+01  1.11271863E+00  1.00344171E+00  1.11271863E+00
   154  9.24000000E+01  1.11274834E+00  1.00379721E+00  1.11274834E+00
   155  9.30000000E+01  1.11272574E+00  1.00418156E+00  1.11272574E+00
   156  9.36000000E+01  1.11274787E+00  1.00459658E+00  1.11274787E+00
   157  9.42000000E+01  1.11272708E+00  1.00504423E+00  1.11272708E+00
   158  9.48000000E+01  1.11274810E+00  1.00552649E+00  1.11274810E+00
   159  9.54000000E+01  1.11273391E+00  1.00604546E+00  1.11273391E+00
   160  9.60000000E+01  1.11274820E+00  1.00660327E+00  1.11274820E+00
   161  9.66000000E+01  1.11273600E+00  1.00720215E+00  1.11273600E+00
   162  9.72000000E+01  1.11274825E+00  1.00784438E+00  1.11274825E+00
   163  9.78000000E+01  1.11274248E+00  1.00853229E+00  1.11274248E+00
   164  9.84000000E+01  1.11274874E+00  1.00926826E+00  1.11274874E+00
   165  9.90000000E+01  1.11274512E+00  1.01005472E+00  1.11274512E+00
   166  9.96000000E+01  1.11274847E+00  1.01089411E+00  1.11274847E+00
   167  1.00200000E+02  1.11275109E+00  1.01178890E+00  1.11275109E+00
   168  1.00800000E+02  1.11274915E+00  1.01274154E+00  1.11274915E+00
   169  1.01400000E+02  1.11275405E+00  1.01375448E+00  1.11275405E+00
   170  1.02000000E+02  1.11274854E+00  1.01483010E+00  1.11274854E+00
   171  1.02600000E+02  1.11275945E+00  1.01597075E+00  1.11275945E+00
   172  1.03200000E+02  1.11274927E+00  1.01717868E+00  1.11274927E+00
   173  1.03800000E+02  1.11276256E+00  1.01845603E+00  1.11276256E+00
   174  1.04400000E+02  1.11274823E+00  1.01980479E+00  1.11274823E+00
   175  1.05000000E+02  1.11276731E+00  1.02122679E+00  1.11276731E+00
   176  1.05600000E+02  1.11274886E+00  1.02272364E+00  1.11274886E+00
   177  1.06200000E+02  1.11277042E+00  1.02429674E+00  1.11277042E+00
   178  1.06800000E+02  1.11274739E+00  1.02594718E+00  1.11274739E+00
   179  1.07400000E+02  1.11277449E+00  1.02767575E+00  1.11277449E+00
   180  1.08000000E+02  1.11274787E+00  1.02948290E+00  1.11274787E+00
   181  1.08600000E+02  1.11277750E+00  1.03136867E+00  1.11277750E+00
   182  1.09200000E+02  1.11275079E+00  1.03333265E+00  1.11275079E+00
   183  1.09800000E+02  1.11278088E+00  1.03537395E+00  1.11278088E+00
   184  1.10400000E+02  1.11275960E+00  1.03749117E+00  1.11275960E+00
   185  1.11000000E+02  1.11278369E+00  1.03968231E+00  1.11278369E+00
   186  1.11600000E+02  1.11276434E+00  1.04194477E+00  1.11276434E+00
   187  1.12200000E+02  1.11278638E+00  1.04427526E+00  1.11278638E+00
   188  1.12800000E+02  1.11277231E+00  1.04666985E+00  1.11277231E+00
   189  1.13400000E+02  1.11278894E+00  1.04912383E+00  1.11278894E+00
   190  1.14000000E+02  1.11277690E+00  1.05163178E+00  1.11277690E+00
   191  1.14600000E+02  1.11279097E+00  1.05418751E+00  1.11279097E+00
   192  1.15200000E+02  1.11278403E+00  1.05678406E+00  1.11278403E+00
   193  1.15800000E+02  1.11279322E+00  1.05941371E+00  1.11279322E+00
   194  1.16400000E+02  1.11278839E+00  1.06206803E+00  1.11278839E+00
   195  1.17000000E+02  1.11279459E+00  1.06473787E+00  1.11279459E+00
   196  1.17600000E+02  1.11279469E+00  1.06741345E+00  1.11279469E+00
   197  1.18200000E+02  1.11279650E+00  1.07008441E+00  1.11279650E+00
   198  1.18800000E+02  1.11279877E+00  1.07273991E+00  1.11279877E+00
   199  1.19400000E+02  1.11279727E+00  1.07536875E+00  1.11279727E+00
   200  1.20000000E+02  1.11280428E+00  1.07795948E+00  1.11280428E+00
   201  1.20600000E+02  1.11279881E+00  1.08050055E+00  1.11279881E+00
   202  1.21200000E+02  1.11280806E+00  1.08298052E+00  1.11280806E+00
   203  1.21800000E+02  1.11279901E+00  1.08538822E+00  1.11279901E+00
   204  1.22400000E+02  1.11281280E+00  1.08771300E+00  1.11281280E+00
   205  1.23000000E+02  1.11280017E+00  1.08994489E+00  1.11280017E+00
   206  1.23600000E+02  1.11281623E+00  1.09207492E+00  1.11281623E+00
   207  1.24200000E+02  1.11279985E+00  1.09409529E+00  1.11279985E+00
   208  1.24800000E+02  1.11282025E+00  1.09599963E+00  1.11282025E+00
   209  1.25400000E+02  1.11280063E+00  1.09778315E+00  1.11280063E+00
   210  1.26000000E+02  1.11282333E+00  1.09944285E+00  1.11282333E+00
   211  1.26600000E+02  1.11279983E+00  1.10097762E+00  1.11279983E+00
   212  1.27200000E+02  1.11282666E+00  1.10238825E+00  1.11282666E+00
   213  1.27800000E+02  1.11280248E+00  1.10367742E+00  1.11280248E+00
   214  1.28400000E+02  1.11282938E+00  1.10484954E+00  1.11282938E+00
   215  1.29000000E+02  1.11280706E+00  1.10591057E+00  1.11280706E+00
   216  1.29600000E+02  1.11283208E+00  1.10686765E+00  1.11283208E+00
   217  1.30200000E+02  1.11281400E+00  1.10772875E+00  1.11281400E+00
   218  1.30800000E+02  1.11283443E+00  1.10850216E+00  1.11283443E+00
   219  1.31400000E+02  1.11281827E+00  1.10919605E+00  1.11281827E+00
   220  1.32000000E+02  1.11283655E+00  1.10981795E+00  1.11283655E+00
   221  1.32600000E+02  1.11282447E+00  1.11037436E+00  1.11282447E+00
   222  1.33200000E+02  1.11283855E+00  1.11087039E+00  1.11283855E+00
   223  1.33800000E+02  1.11282844E+00  1.11130960E+00  1.11282844E+00
   224  1.34400000E+02  1.11284012E+00  1.11169396E+00  1.11284012E+00
   225  1.35000000E+02  1.11283394E+00  1.11202409E+00  1.11283394E+00
   226  1.35600000E+02  1.11284185E+00  1.11229959E+00  1.11284185E+00
   227  1.36200000E+02  1.11283764E+00  1.11251959E+00  1.11283764E+00
   228  1.36800000E+02  1.11284282E+00  1.11268336E+00  1.11284282E+00
   229  1.37400000E+02  1.11284242E+00  1.11279100E+00  1.11284242E+00
   230  1.38000000E+02  1.11284406E+00  1.11284406E+00  1.11284406E+00
   231  1.38600000E+02  1.11284596E+00  1.11284596E+00  1.11284596E+00
   232  1.39200000E+02  1.11280227E+00  1.11280227E+00  1.11280227E+00
   233  1.39800000E+02  1.11272068E+00  1.11272068E+00  1.11272068E+00
   234  1.40400000E+02  1.11261067E+00  1.11261067E+00  1.11261067E+00
   235  1.41000000E+02  1.11248293E+00  1.11248293E+00  1.11248293E+00
   236  1.41600000E+02  1.11234855E+00  1.11234855E+00  1.11234855E+00
   237  1.42200000E+02  1.11230743E+00  1.11221814E+00  1.11230743E+00
   238  1.42800000E+02  1.11230743E+00  1.11210090E+00  1.11230743E+00
   239  1.43400000E+02  1.11230743E+00  1.11200387E+00  1.11230743E+00
   240  1.44000000E+02  1.11230743E+00  1.11193138E+00  1.11230743E+00
   241  1.44600000E+02  1.11230743E+00  1.11188481E+00  1.11230743E+00
   242  1.45200000E+02  1.11230743E+00  1.11186271E+00  1.11230743E+00
   243  1.45800000E+02  1.11230743E+00  1.11186124E+00  1.11230743E+00
   244  1.46400000E+02  1.11230743E+00  1.11187485E+00  1.11230743E+00
   245  1.47000000E+02  1.11230743E+00  1.11189715E+00  1.11230743E+00
   246  1.47600000E+02  1.11230743E+00  1.11192178E+00  1.11230743E+00
   247  1.48200000E+02  1.11230743E+00  1.11194322E+00  1.11230743E+00
   248  1.48800000E+02  1.11230743E+00  1.11195737E+00  1.11230743E+00
   249  1.49400000E+02  1.11230743E+00  1.11196193E+00  1.11230743E+00
   250  1.50000000E+02  1.11230743E+00  1.11195643E+00  1.11230743E+00
   251  1.50600000E+02  1.11230743E+00  1.11194204E+00  1.11230743E+00
   252  1.51200000E+02  1.11230743E+00  1.11192114E+00  1.11230743E+00
   253  1.51800000E+02  1.11230743E+00  1.11189679E+00  1.11230743E+00
   254  1.52400000E+02  1.11230743E+00  1.11187215E+00  1.11230743E+00
   255  1.53000000E+02  1.11230743E+00  1.11185003E+00  1.11230743E+00
   256  1.53600000E+02  1.11230743E+00  1.11183247E+00  1.11230743E+00
   257  1.54200000E+02  1.11230743E+00  1.11182060E+00  1.11230743E+00
   258  1.54800000E+02  1.11230743E+00  1.11181459E+00  1.11230743E+00
   259  1.55400000E+02  1.11230743E+00  1.11181381E+00  1.11230743E+00
   260  1.56000000E+02  1.11230743E+00  1.11181706E+00  1.11230743E+00
   261  1.56600000E+02  1.11230743E+00  1.11182285E+00  1.11230743E+00
   262  1.57200000E+02  1.11230743E+00  1.11182972E+00  1.11230743E+00
   263  1.57800000E+02  1.11230743E+00  1.11183642E+00  1.11230743E+00
   264  1.58400000E+02  1.11230743E+00  1.11184208E+00  1.11230743E+00
   265  1.59000000E+02  1.11230743E+00  1.11184627E+00  1.11230743E+00
   266  1.59600000E+02  1.11230743E+00  1.11184896E+00  1.11230743E+00
   267  1.60200000E+02  1.11230743E+00  1.11185039E+00  1.11230743E+00
 steady-height stop at step    267: changes <=   1.0000E-05, max-end <=   1.0000E-02, max/end/gap/profile_change =   1.11230743E+00  1.11185039E+00  4.57032391E-04  2.92846722E-06


STDERR:
