COMMAND:
/shared/extrudate_rom/generate_rom_data/extrudate_swell2d_c_cluster

STDOUT:
 comppar: model =   3
 comppar: lambda,mobility/eps,betav,eta_0 =  1.0000E+01  2.3333E-01  7.0000E-01  1.0000E+00
 comppar: eta_s,eta_p,G =  7.0000E-01  3.0000E-01  3.0000E-02
 comppar: U_avg,deltat,flowrate,nsteps =  5.0000E-02  6.0000E-01  1.5708E-01     700
 comppar: geometry = axisymmetric
 comppar: steady stop change,gap,hold,min =  1.0000E-05  1.0000E-02      10      80
 comppar: ncompc,ncompg =     4     5
 mesh nnodes = 5765
 mesh nelem = 2780
 P1 BC   5.0000000000000000     
 P2 BC   0.0000000000000000     
     1  6.00000000E-01  1.00379362E+00  1.00000000E+00  1.00379362E+00
     2  1.20000000E+00  1.00750254E+00  1.00000000E+00  1.00750254E+00
     3  1.80000000E+00  1.01112668E+00  1.00000000E+00  1.01112668E+00
     4  2.40000000E+00  1.01466766E+00  1.00000000E+00  1.01466766E+00
     5  3.00000000E+00  1.01812800E+00  1.00000000E+00  1.01812800E+00
     6  3.60000000E+00  1.02150539E+00  1.00000000E+00  1.02150539E+00
     7  4.20000000E+00  1.02481234E+00  1.00000000E+00  1.02481234E+00
     8  4.80000000E+00  1.02805478E+00  1.00000000E+00  1.02805478E+00
     9  5.40000000E+00  1.03122424E+00  1.00000000E+00  1.03122424E+00
    10  6.00000000E+00  1.03431973E+00  1.00000000E+00  1.03431973E+00
    11  6.60000000E+00  1.03737318E+00  1.00000000E+00  1.03737318E+00
    12  7.20000000E+00  1.04036076E+00  1.00000000E+00  1.04036076E+00
    13  7.80000000E+00  1.04327811E+00  1.00000000E+00  1.04327811E+00
    14  8.40000000E+00  1.04617639E+00  1.00000000E+00  1.04617639E+00
    15  9.00000000E+00  1.04897749E+00  9.99999998E-01  1.04897749E+00
    16  9.60000000E+00  1.05178159E+00  9.99999994E-01  1.05178159E+00
    17  1.02000000E+01  1.05449570E+00  9.99999989E-01  1.05449570E+00
    18  1.08000000E+01  1.05719907E+00  9.99999982E-01  1.05719907E+00
    19  1.14000000E+01  1.05979629E+00  9.99999974E-01  1.05979629E+00
    20  1.20000000E+01  1.06242074E+00  9.99999965E-01  1.06242074E+00
    21  1.26000000E+01  1.06492065E+00  9.99999953E-01  1.06492065E+00
    22  1.32000000E+01  1.06745629E+00  9.99999940E-01  1.06745629E+00
    23  1.38000000E+01  1.06987877E+00  9.99999924E-01  1.06987877E+00
    24  1.44000000E+01  1.07228714E+00  9.99999905E-01  1.07228714E+00
    25  1.50000000E+01  1.07465642E+00  9.99999883E-01  1.07465642E+00
    26  1.56000000E+01  1.07692225E+00  9.99999858E-01  1.07692225E+00
    27  1.62000000E+01  1.07923800E+00  9.99999829E-01  1.07923800E+00
    28  1.68000000E+01  1.08142419E+00  9.99999797E-01  1.08142419E+00
    29  1.74000000E+01  1.08358622E+00  9.99999760E-01  1.08358622E+00
    30  1.80000000E+01  1.08574599E+00  9.99999718E-01  1.08574599E+00
    31  1.86000000E+01  1.08777414E+00  9.99999671E-01  1.08777414E+00
    32  1.92000000E+01  1.08983522E+00  9.99999619E-01  1.08983522E+00
    33  1.98000000E+01  1.09183556E+00  9.99999560E-01  1.09183556E+00
    34  2.04000000E+01  1.09370390E+00  9.99999495E-01  1.09370390E+00
    35  2.10000000E+01  1.09562363E+00  9.99999423E-01  1.09562363E+00
    36  2.16000000E+01  1.09749450E+00  9.99999342E-01  1.09749450E+00
    37  2.22000000E+01  1.09923547E+00  9.99999253E-01  1.09923547E+00
    38  2.28000000E+01  1.10100186E+00  9.99999155E-01  1.10100186E+00
    39  2.34000000E+01  1.10274175E+00  9.99999047E-01  1.10274175E+00
    40  2.40000000E+01  1.10435529E+00  9.99998928E-01  1.10435529E+00
    41  2.46000000E+01  1.10592669E+00  9.99998798E-01  1.10592669E+00
    42  2.52000000E+01  1.10756553E+00  9.99998655E-01  1.10756553E+00
    43  2.58000000E+01  1.10908283E+00  9.99998498E-01  1.10908283E+00
    44  2.64000000E+01  1.11048538E+00  9.99998328E-01  1.11048538E+00
    45  2.70000000E+01  1.11198714E+00  9.99998141E-01  1.11198714E+00
    46  2.76000000E+01  1.11340841E+00  9.99997938E-01  1.11340841E+00
    47  2.82000000E+01  1.11472200E+00  9.99997717E-01  1.11472200E+00
    48  2.88000000E+01  1.11601402E+00  9.99997477E-01  1.11601402E+00
    49  2.94000000E+01  1.11734883E+00  9.99997217E-01  1.11734883E+00
    50  3.00000000E+01  1.11858362E+00  9.99996934E-01  1.11858362E+00
    51  3.06000000E+01  1.11972850E+00  9.99996628E-01  1.11972850E+00
    52  3.12000000E+01  1.12092390E+00  9.99996297E-01  1.12092390E+00
    53  3.18000000E+01  1.12208247E+00  9.99995940E-01  1.12208247E+00
    54  3.24000000E+01  1.12315965E+00  9.99995554E-01  1.12315965E+00
    55  3.30000000E+01  1.12417026E+00  9.99995138E-01  1.12417026E+00
    56  3.36000000E+01  1.12526096E+00  9.99994689E-01  1.12526096E+00
    57  3.42000000E+01  1.12627770E+00  9.99994207E-01  1.12627770E+00
    58  3.48000000E+01  1.12722954E+00  9.99993688E-01  1.12722954E+00
    59  3.54000000E+01  1.12812558E+00  9.99993130E-01  1.12812558E+00
    60  3.60000000E+01  1.12908630E+00  9.99992532E-01  1.12908630E+00
    61  3.66000000E+01  1.12998884E+00  9.99991890E-01  1.12998884E+00
    62  3.72000000E+01  1.13083965E+00  9.99991203E-01  1.13083965E+00
    63  3.78000000E+01  1.13164354E+00  9.99990467E-01  1.13164354E+00
    64  3.84000000E+01  1.13248470E+00  9.99989681E-01  1.13248470E+00
    65  3.90000000E+01  1.13329332E+00  9.99988840E-01  1.13329332E+00
    66  3.96000000E+01  1.13405781E+00  9.99987943E-01  1.13405781E+00
    67  4.02000000E+01  1.13478064E+00  9.99986986E-01  1.13478064E+00
    68  4.08000000E+01  1.13549433E+00  9.99985966E-01  1.13549433E+00
    69  4.14000000E+01  1.13622326E+00  9.99984880E-01  1.13622326E+00
    70  4.20000000E+01  1.13691189E+00  9.99983725E-01  1.13691189E+00
    71  4.26000000E+01  1.13756105E+00  9.99982497E-01  1.13756105E+00
    72  4.32000000E+01  1.13817317E+00  9.99981194E-01  1.13817317E+00
    73  4.38000000E+01  1.13882669E+00  9.99979811E-01  1.13882669E+00
    74  4.44000000E+01  1.13944146E+00  9.99978345E-01  1.13944146E+00
    75  4.50000000E+01  1.14001767E+00  9.99976793E-01  1.14001767E+00
    76  4.56000000E+01  1.14055542E+00  9.99975151E-01  1.14055542E+00
    77  4.62000000E+01  1.14112115E+00  9.99973415E-01  1.14112115E+00
    78  4.68000000E+01  1.14166471E+00  9.99971582E-01  1.14166471E+00
    79  4.74000000E+01  1.14216991E+00  9.99969648E-01  1.14216991E+00
    80  4.80000000E+01  1.14263710E+00  9.99967611E-01  1.14263710E+00
    81  4.86000000E+01  1.14312632E+00  9.99965466E-01  1.14312632E+00
    82  4.92000000E+01  1.14359918E+00  9.99963210E-01  1.14359918E+00
    83  4.98000000E+01  1.14403468E+00  9.99960840E-01  1.14403468E+00
    84  5.04000000E+01  1.14443365E+00  9.99958353E-01  1.14443365E+00
    85  5.10000000E+01  1.14486399E+00  9.99955746E-01  1.14486399E+00
    86  5.16000000E+01  1.14526839E+00  9.99953017E-01  1.14526839E+00
    87  5.22000000E+01  1.14563718E+00  9.99950164E-01  1.14563718E+00
    88  5.28000000E+01  1.14597670E+00  9.99947185E-01  1.14597670E+00
    89  5.34000000E+01  1.14635119E+00  9.99944077E-01  1.14635119E+00
    90  5.40000000E+01  1.14669130E+00  9.99940842E-01  1.14669130E+00
    91  5.46000000E+01  1.14699871E+00  9.99937477E-01  1.14699871E+00
    92  5.52000000E+01  1.14730017E+00  9.99933984E-01  1.14730017E+00
    93  5.58000000E+01  1.14761242E+00  9.99930363E-01  1.14761242E+00
    94  5.64000000E+01  1.14789358E+00  9.99926615E-01  1.14789358E+00
    95  5.70000000E+01  1.14814582E+00  9.99922745E-01  1.14814582E+00
    96  5.76000000E+01  1.14841438E+00  9.99918755E-01  1.14841438E+00
    97  5.82000000E+01  1.14867126E+00  9.99914650E-01  1.14867126E+00
    98  5.88000000E+01  1.14890103E+00  9.99910437E-01  1.14890103E+00
    99  5.94000000E+01  1.14910900E+00  9.99906122E-01  1.14910900E+00
   100  6.00000000E+01  1.14934277E+00  9.99901715E-01  1.14934277E+00
   101  6.06000000E+01  1.14955136E+00  9.99897227E-01  1.14955136E+00
   102  6.12000000E+01  1.14973711E+00  9.99892670E-01  1.14973711E+00
   103  6.18000000E+01  1.14992243E+00  9.99888059E-01  1.14992243E+00
   104  6.24000000E+01  1.15011170E+00  9.99883410E-01  1.15011170E+00
   105  6.30000000E+01  1.15027989E+00  9.99878743E-01  1.15027989E+00
   106  6.36000000E+01  1.15042916E+00  9.99874081E-01  1.15042916E+00
   107  6.42000000E+01  1.15058862E+00  9.99869449E-01  1.15058862E+00
   108  6.48000000E+01  1.15074069E+00  9.99864874E-01  1.15074069E+00
   109  6.54000000E+01  1.15087552E+00  9.99860389E-01  1.15087552E+00
   110  6.60000000E+01  1.15099644E+00  9.99856031E-01  1.15099644E+00
   111  6.66000000E+01  1.15113374E+00  9.99851838E-01  1.15113374E+00
   112  6.72000000E+01  1.15125526E+00  9.99847856E-01  1.15125526E+00
   113  6.78000000E+01  1.15136266E+00  9.99844134E-01  1.15136266E+00
   114  6.84000000E+01  1.15146315E+00  9.99840728E-01  1.15146315E+00
   115  6.90000000E+01  1.15157273E+00  9.99837698E-01  1.15157273E+00
   116  6.96000000E+01  1.15166944E+00  9.99835111E-01  1.15166944E+00
   117  7.02000000E+01  1.15175460E+00  9.99833042E-01  1.15175460E+00
   118  7.08000000E+01  1.15183963E+00  9.99831571E-01  1.15183963E+00
   119  7.14000000E+01  1.15192634E+00  9.99830787E-01  1.15192634E+00
   120  7.20000000E+01  1.15200247E+00  9.99830788E-01  1.15200247E+00
   121  7.26000000E+01  1.15206909E+00  9.99831680E-01  1.15206909E+00
   122  7.32000000E+01  1.15213723E+00  9.99833581E-01  1.15213723E+00
   123  7.38000000E+01  1.15220538E+00  9.99836616E-01  1.15220538E+00
   124  7.44000000E+01  1.15226480E+00  9.99840925E-01  1.15226480E+00
   125  7.50000000E+01  1.15231633E+00  9.99846657E-01  1.15231633E+00
   126  7.56000000E+01  1.15237156E+00  9.99853976E-01  1.15237156E+00
   127  7.62000000E+01  1.15242421E+00  9.99863058E-01  1.15242421E+00
   128  7.68000000E+01  1.15246966E+00  9.99874096E-01  1.15246966E+00
   129  7.74000000E+01  1.15250866E+00  9.99887296E-01  1.15250866E+00
   130  7.80000000E+01  1.15255099E+00  9.99902884E-01  1.15255099E+00
   131  7.86000000E+01  1.15259105E+00  9.99921101E-01  1.15259105E+00
   132  7.92000000E+01  1.15262520E+00  9.99942208E-01  1.15262520E+00
   133  7.98000000E+01  1.15265412E+00  9.99966487E-01  1.15265412E+00
   134  8.04000000E+01  1.15268681E+00  9.99994241E-01  1.15268681E+00
   135  8.10000000E+01  1.15271650E+00  1.00002580E+00  1.15271650E+00
   136  8.16000000E+01  1.15274146E+00  1.00006151E+00  1.15274146E+00
   137  8.22000000E+01  1.15276223E+00  1.00010174E+00  1.15276223E+00
   138  8.28000000E+01  1.15278494E+00  1.00014691E+00  1.15278494E+00
   139  8.34000000E+01  1.15280640E+00  1.00019745E+00  1.15280640E+00
   140  8.40000000E+01  1.15282411E+00  1.00025381E+00  1.15282411E+00
   141  8.46000000E+01  1.15283855E+00  1.00031650E+00  1.15283855E+00
   142  8.52000000E+01  1.15285343E+00  1.00038605E+00  1.15285343E+00
   143  8.58000000E+01  1.15286834E+00  1.00046301E+00  1.15286834E+00
   144  8.64000000E+01  1.15288033E+00  1.00054800E+00  1.15288033E+00
   145  8.70000000E+01  1.15288982E+00  1.00064166E+00  1.15288982E+00
   146  8.76000000E+01  1.15289713E+00  1.00074467E+00  1.15289713E+00
   147  8.82000000E+01  1.15290702E+00  1.00085777E+00  1.15290702E+00
   148  8.88000000E+01  1.15291469E+00  1.00098172E+00  1.15291469E+00
   149  8.94000000E+01  1.15292045E+00  1.00111735E+00  1.15292045E+00
   150  9.00000000E+01  1.15292457E+00  1.00126553E+00  1.15292457E+00
   151  9.06000000E+01  1.15292804E+00  1.00142719E+00  1.15292804E+00
   152  9.12000000E+01  1.15293237E+00  1.00160331E+00  1.15293237E+00
   153  9.18000000E+01  1.15293526E+00  1.00179492E+00  1.15293526E+00
   154  9.24000000E+01  1.15293694E+00  1.00200312E+00  1.15293694E+00
   155  9.30000000E+01  1.15293760E+00  1.00222905E+00  1.15293760E+00
   156  9.36000000E+01  1.15293739E+00  1.00247395E+00  1.15293739E+00
   157  9.42000000E+01  1.15293725E+00  1.00273908E+00  1.15293725E+00
   158  9.48000000E+01  1.15293718E+00  1.00302580E+00  1.15293718E+00
   159  9.54000000E+01  1.15293638E+00  1.00333551E+00  1.15293638E+00
   160  9.60000000E+01  1.15293497E+00  1.00366972E+00  1.15293497E+00
   161  9.66000000E+01  1.15293307E+00  1.00402995E+00  1.15293307E+00
   162  9.72000000E+01  1.15293079E+00  1.00441785E+00  1.15293079E+00
   163  9.78000000E+01  1.15292821E+00  1.00483510E+00  1.15292821E+00
   164  9.84000000E+01  1.15292542E+00  1.00528347E+00  1.15292542E+00
   165  9.90000000E+01  1.15292248E+00  1.00576480E+00  1.15292248E+00
   166  9.96000000E+01  1.15291945E+00  1.00628099E+00  1.15291945E+00
   167  1.00200000E+02  1.15291638E+00  1.00683402E+00  1.15291638E+00
   168  1.00800000E+02  1.15291331E+00  1.00742592E+00  1.15291331E+00
   169  1.01400000E+02  1.15291027E+00  1.00805880E+00  1.15291027E+00
   170  1.02000000E+02  1.15290728E+00  1.00873483E+00  1.15290728E+00
   171  1.02600000E+02  1.15290438E+00  1.00945621E+00  1.15290438E+00
   172  1.03200000E+02  1.15290157E+00  1.01022523E+00  1.15290157E+00
   173  1.03800000E+02  1.15289887E+00  1.01104418E+00  1.15289887E+00
   174  1.04400000E+02  1.15289629E+00  1.01191542E+00  1.15289629E+00
   175  1.05000000E+02  1.15289384E+00  1.01284131E+00  1.15289384E+00
   176  1.05600000E+02  1.15289152E+00  1.01382424E+00  1.15289152E+00
   177  1.06200000E+02  1.15288934E+00  1.01486660E+00  1.15288934E+00
   178  1.06800000E+02  1.15288728E+00  1.01597075E+00  1.15288728E+00
   179  1.07400000E+02  1.15288536E+00  1.01713907E+00  1.15288536E+00
   180  1.08000000E+02  1.15288358E+00  1.01837384E+00  1.15288358E+00
   181  1.08600000E+02  1.15288192E+00  1.01967732E+00  1.15288192E+00
   182  1.09200000E+02  1.15288038E+00  1.02105167E+00  1.15288038E+00
   183  1.09800000E+02  1.15287897E+00  1.02249895E+00  1.15287897E+00
   184  1.10400000E+02  1.15287766E+00  1.02402108E+00  1.15287766E+00
   185  1.11000000E+02  1.15287647E+00  1.02561985E+00  1.15287647E+00
   186  1.11600000E+02  1.15287538E+00  1.02729684E+00  1.15287538E+00
   187  1.12200000E+02  1.15287439E+00  1.02905345E+00  1.15287439E+00
   188  1.12800000E+02  1.15287348E+00  1.03089081E+00  1.15287348E+00
   189  1.13400000E+02  1.15287267E+00  1.03280982E+00  1.15287267E+00
   190  1.14000000E+02  1.15287193E+00  1.03481105E+00  1.15287193E+00
   191  1.14600000E+02  1.15287127E+00  1.03689476E+00  1.15287127E+00
   192  1.15200000E+02  1.15287067E+00  1.03906084E+00  1.15287067E+00
   193  1.15800000E+02  1.15287014E+00  1.04130878E+00  1.15287014E+00
   194  1.16400000E+02  1.15286967E+00  1.04363766E+00  1.15286967E+00
   195  1.17000000E+02  1.15286925E+00  1.04604611E+00  1.15286925E+00
   196  1.17600000E+02  1.15286888E+00  1.04853228E+00  1.15286888E+00
   197  1.18200000E+02  1.15286856E+00  1.05109379E+00  1.15286856E+00
   198  1.18800000E+02  1.15286827E+00  1.05372779E+00  1.15286827E+00
   199  1.19400000E+02  1.15286803E+00  1.05643084E+00  1.15286803E+00
   200  1.20000000E+02  1.15286781E+00  1.05919895E+00  1.15286781E+00
   201  1.20600000E+02  1.15286763E+00  1.06202760E+00  1.15286763E+00
   202  1.21200000E+02  1.15286751E+00  1.06491167E+00  1.15286751E+00
   203  1.21800000E+02  1.15286742E+00  1.06784549E+00  1.15286742E+00
   204  1.22400000E+02  1.15286735E+00  1.07082283E+00  1.15286735E+00
   205  1.23000000E+02  1.15286729E+00  1.07383694E+00  1.15286729E+00
   206  1.23600000E+02  1.15286725E+00  1.07688054E+00  1.15286725E+00
   207  1.24200000E+02  1.15286721E+00  1.07994589E+00  1.15286721E+00
   208  1.24800000E+02  1.15286719E+00  1.08302480E+00  1.15286719E+00
   209  1.25400000E+02  1.15286717E+00  1.08610870E+00  1.15286717E+00
   210  1.26000000E+02  1.15286716E+00  1.08918867E+00  1.15286716E+00
   211  1.26600000E+02  1.15286716E+00  1.09225554E+00  1.15286716E+00
   212  1.27200000E+02  1.15286716E+00  1.09529993E+00  1.15286716E+00
   213  1.27800000E+02  1.15286717E+00  1.09831232E+00  1.15286717E+00
   214  1.28400000E+02  1.15286718E+00  1.10128317E+00  1.15286718E+00
   215  1.29000000E+02  1.15286719E+00  1.10420299E+00  1.15286719E+00
   216  1.29600000E+02  1.15286721E+00  1.10706243E+00  1.15286721E+00
   217  1.30200000E+02  1.15286722E+00  1.10985240E+00  1.15286722E+00
   218  1.30800000E+02  1.15286724E+00  1.11256415E+00  1.15286724E+00
   219  1.31400000E+02  1.15286726E+00  1.11518945E+00  1.15286726E+00
   220  1.32000000E+02  1.15286728E+00  1.11772063E+00  1.15286728E+00
   221  1.32600000E+02  1.15286730E+00  1.12015073E+00  1.15286730E+00
   222  1.33200000E+02  1.15286732E+00  1.12247363E+00  1.15286732E+00
   223  1.33800000E+02  1.15286734E+00  1.12468415E+00  1.15286734E+00
   224  1.34400000E+02  1.15286736E+00  1.12677818E+00  1.15286736E+00
   225  1.35000000E+02  1.15286737E+00  1.12875274E+00  1.15286737E+00
   226  1.35600000E+02  1.15286739E+00  1.13060612E+00  1.15286739E+00
   227  1.36200000E+02  1.15286741E+00  1.13233789E+00  1.15286741E+00
   228  1.36800000E+02  1.15286742E+00  1.13394897E+00  1.15286742E+00
   229  1.37400000E+02  1.15286744E+00  1.13544163E+00  1.15286744E+00
   230  1.38000000E+02  1.15286746E+00  1.13681944E+00  1.15286746E+00
   231  1.38600000E+02  1.15286747E+00  1.13808723E+00  1.15286747E+00
   232  1.39200000E+02  1.15286748E+00  1.13925093E+00  1.15286748E+00
   233  1.39800000E+02  1.15286749E+00  1.14031747E+00  1.15286749E+00
   234  1.40400000E+02  1.15286751E+00  1.14129450E+00  1.15286751E+00
   235  1.41000000E+02  1.15286752E+00  1.14219021E+00  1.15286752E+00
   236  1.41600000E+02  1.15286753E+00  1.14301303E+00  1.15286753E+00
   237  1.42200000E+02  1.15286754E+00  1.14377137E+00  1.15286754E+00
   238  1.42800000E+02  1.15286754E+00  1.14447330E+00  1.15286754E+00
   239  1.43400000E+02  1.15286755E+00  1.14512632E+00  1.15286755E+00
   240  1.44000000E+02  1.15286756E+00  1.14573713E+00  1.15286756E+00
   241  1.44600000E+02  1.15286757E+00  1.14631139E+00  1.15286757E+00
   242  1.45200000E+02  1.15286757E+00  1.14685367E+00  1.15286757E+00
   243  1.45800000E+02  1.15286758E+00  1.14736731E+00  1.15286758E+00
   244  1.46400000E+02  1.15286758E+00  1.14785455E+00  1.15286758E+00
   245  1.47000000E+02  1.15286759E+00  1.14831653E+00  1.15286759E+00
   246  1.47600000E+02  1.15286759E+00  1.14875349E+00  1.15286759E+00
   247  1.48200000E+02  1.15286759E+00  1.14916500E+00  1.15286759E+00
   248  1.48800000E+02  1.15286760E+00  1.14955016E+00  1.15286760E+00
   249  1.49400000E+02  1.15286760E+00  1.14990789E+00  1.15286760E+00
   250  1.50000000E+02  1.15286760E+00  1.15023714E+00  1.15286760E+00
   251  1.50600000E+02  1.15286761E+00  1.15053714E+00  1.15286761E+00
   252  1.51200000E+02  1.15286761E+00  1.15080756E+00  1.15286761E+00
   253  1.51800000E+02  1.15286761E+00  1.15104861E+00  1.15286761E+00
   254  1.52400000E+02  1.15286761E+00  1.15126108E+00  1.15286761E+00
   255  1.53000000E+02  1.15286761E+00  1.15144636E+00  1.15286761E+00
   256  1.53600000E+02  1.15286761E+00  1.15160634E+00  1.15286761E+00
   257  1.54200000E+02  1.15286761E+00  1.15174330E+00  1.15286761E+00
   258  1.54800000E+02  1.15286762E+00  1.15185982E+00  1.15286762E+00
   259  1.55400000E+02  1.15286762E+00  1.15195855E+00  1.15286762E+00
   260  1.56000000E+02  1.15286762E+00  1.15204214E+00  1.15286762E+00
   261  1.56600000E+02  1.15286762E+00  1.15211308E+00  1.15286762E+00
   262  1.57200000E+02  1.15286762E+00  1.15217360E+00  1.15286762E+00
   263  1.57800000E+02  1.15286762E+00  1.15222561E+00  1.15286762E+00
   264  1.58400000E+02  1.15286762E+00  1.15227067E+00  1.15286762E+00
   265  1.59000000E+02  1.15286762E+00  1.15231000E+00  1.15286762E+00
   266  1.59600000E+02  1.15286762E+00  1.15234450E+00  1.15286762E+00
   267  1.60200000E+02  1.15286762E+00  1.15237480E+00  1.15286762E+00
   268  1.60800000E+02  1.15286762E+00  1.15240131E+00  1.15286762E+00
   269  1.61400000E+02  1.15286762E+00  1.15242433E+00  1.15286762E+00
   270  1.62000000E+02  1.15286762E+00  1.15244405E+00  1.15286762E+00
   271  1.62600000E+02  1.15286762E+00  1.15246063E+00  1.15286762E+00
   272  1.63200000E+02  1.15286762E+00  1.15247422E+00  1.15286762E+00
   273  1.63800000E+02  1.15286762E+00  1.15248501E+00  1.15286762E+00
   274  1.64400000E+02  1.15286762E+00  1.15249323E+00  1.15286762E+00
   275  1.65000000E+02  1.15286762E+00  1.15249914E+00  1.15286762E+00
   276  1.65600000E+02  1.15286762E+00  1.15250302E+00  1.15286762E+00
   277  1.66200000E+02  1.15286762E+00  1.15250518E+00  1.15286762E+00
   278  1.66800000E+02  1.15286762E+00  1.15250590E+00  1.15286762E+00
   279  1.67400000E+02  1.15286762E+00  1.15250549E+00  1.15286762E+00
   280  1.68000000E+02  1.15286762E+00  1.15250418E+00  1.15286762E+00
   281  1.68600000E+02  1.15286762E+00  1.15250222E+00  1.15286762E+00
   282  1.69200000E+02  1.15286762E+00  1.15249977E+00  1.15286762E+00
   283  1.69800000E+02  1.15286762E+00  1.15249700E+00  1.15286762E+00
 steady-height stop at step    283: changes <=   1.0000E-05, max-end <=   1.0000E-02, max/end/gap/profile_change =   1.15286762E+00  1.15249700E+00  3.70623125E-04  3.28178727E-06


STDERR:
