COMMAND:
/shared/extrudate_rom/generate_rom_data/extrudate_swell2d_c_cluster

STDOUT:
 comppar: model =   3
 comppar: lambda,mobility/eps,betav,eta_0 =  2.8000E+00  5.0000E-01  1.0000E-01  1.0000E+00
 comppar: eta_s,eta_p,G =  1.0000E-01  9.0000E-01  3.2143E-01
 comppar: U_avg,deltat,flowrate,nsteps =  5.0000E-02  6.0000E-01  1.5708E-01     700
 comppar: geometry = axisymmetric
 comppar: steady stop change,gap,hold,min =  1.0000E-05  1.0000E-02      10      80
 comppar: ncompc,ncompg =     4     5
 mesh nnodes = 5765
 mesh nelem = 2780
 P1 BC   5.0000000000000000     
 P2 BC   0.0000000000000000     
     1  6.00000000E-01  1.00378557E+00  1.00000000E+00  1.00378557E+00
     2  1.20000000E+00  1.00738901E+00  1.00000000E+00  1.00738901E+00
     3  1.80000000E+00  1.01074458E+00  1.00000000E+00  1.01074458E+00
     4  2.40000000E+00  1.01395277E+00  1.00000000E+00  1.01395277E+00
     5  3.00000000E+00  1.01703232E+00  1.00000000E+00  1.01703232E+00
     6  3.60000000E+00  1.02000598E+00  1.00000000E+00  1.02000598E+00
     7  4.20000000E+00  1.02287823E+00  1.00000001E+00  1.02287823E+00
     8  4.80000000E+00  1.02567950E+00  1.00000001E+00  1.02567950E+00
     9  5.40000000E+00  1.02839707E+00  1.00000001E+00  1.02839707E+00
    10  6.00000000E+00  1.03101954E+00  1.00000001E+00  1.03101954E+00
    11  6.60000000E+00  1.03358516E+00  1.00000001E+00  1.03358516E+00
    12  7.20000000E+00  1.03608217E+00  1.00000001E+00  1.03608217E+00
    13  7.80000000E+00  1.03848010E+00  1.00000001E+00  1.03848010E+00
    14  8.40000000E+00  1.04086866E+00  1.00000000E+00  1.04086866E+00
    15  9.00000000E+00  1.04315248E+00  1.00000000E+00  1.04315248E+00
    16  9.60000000E+00  1.04539736E+00  9.99999998E-01  1.04539736E+00
    17  1.02000000E+01  1.04754135E+00  9.99999992E-01  1.04754135E+00
    18  1.08000000E+01  1.04965830E+00  9.99999986E-01  1.04965830E+00
    19  1.14000000E+01  1.05169979E+00  9.99999977E-01  1.05169979E+00
    20  1.20000000E+01  1.05368603E+00  9.99999967E-01  1.05368603E+00
    21  1.26000000E+01  1.05562598E+00  9.99999954E-01  1.05562598E+00
    22  1.32000000E+01  1.05750370E+00  9.99999940E-01  1.05750370E+00
    23  1.38000000E+01  1.05933510E+00  9.99999922E-01  1.05933510E+00
    24  1.44000000E+01  1.06110201E+00  9.99999902E-01  1.06110201E+00
    25  1.50000000E+01  1.06277759E+00  9.99999878E-01  1.06277759E+00
    26  1.56000000E+01  1.06446263E+00  9.99999850E-01  1.06446263E+00
    27  1.62000000E+01  1.06600235E+00  9.99999819E-01  1.06600235E+00
    28  1.68000000E+01  1.06760466E+00  9.99999782E-01  1.06760466E+00
    29  1.74000000E+01  1.06901679E+00  9.99999741E-01  1.06901679E+00
    30  1.80000000E+01  1.07050819E+00  9.99999694E-01  1.07050819E+00
    31  1.86000000E+01  1.07187337E+00  9.99999642E-01  1.07187337E+00
    32  1.92000000E+01  1.07320014E+00  9.99999582E-01  1.07320014E+00
    33  1.98000000E+01  1.07451792E+00  9.99999516E-01  1.07451792E+00
    34  2.04000000E+01  1.07563522E+00  9.99999441E-01  1.07563522E+00
    35  2.10000000E+01  1.07691563E+00  9.99999357E-01  1.07691563E+00
    36  2.16000000E+01  1.07802397E+00  9.99999264E-01  1.07802397E+00
    37  2.22000000E+01  1.07909841E+00  9.99999161E-01  1.07909841E+00
    38  2.28000000E+01  1.08019596E+00  9.99999047E-01  1.08019596E+00
    39  2.34000000E+01  1.08109154E+00  9.99998920E-01  1.08109154E+00
    40  2.40000000E+01  1.08213576E+00  9.99998780E-01  1.08213576E+00
    41  2.46000000E+01  1.08302707E+00  9.99998625E-01  1.08302707E+00
    42  2.52000000E+01  1.08388785E+00  9.99998455E-01  1.08388785E+00
    43  2.58000000E+01  1.08477203E+00  9.99998268E-01  1.08477203E+00
    44  2.64000000E+01  1.08545824E+00  9.99998063E-01  1.08545824E+00
    45  2.70000000E+01  1.08631719E+00  9.99997838E-01  1.08631719E+00
    46  2.76000000E+01  1.08700088E+00  9.99997592E-01  1.08700088E+00
    47  2.82000000E+01  1.08770101E+00  9.99997323E-01  1.08770101E+00
    48  2.88000000E+01  1.08837807E+00  9.99997030E-01  1.08837807E+00
    49  2.94000000E+01  1.08891710E+00  9.99996711E-01  1.08891710E+00
    50  3.00000000E+01  1.08959144E+00  9.99996363E-01  1.08959144E+00
    51  3.06000000E+01  1.09007938E+00  9.99995986E-01  1.09007938E+00
    52  3.12000000E+01  1.09067201E+00  9.99995576E-01  1.09067201E+00
    53  3.18000000E+01  1.09115374E+00  9.99995132E-01  1.09115374E+00
    54  3.24000000E+01  1.09161969E+00  9.99994651E-01  1.09161969E+00
    55  3.30000000E+01  1.09210030E+00  9.99994131E-01  1.09210030E+00
    56  3.36000000E+01  1.09245656E+00  9.99993569E-01  1.09245656E+00
    57  3.42000000E+01  1.09293109E+00  9.99992963E-01  1.09293109E+00
    58  3.48000000E+01  1.09323518E+00  9.99992310E-01  1.09323518E+00
    59  3.54000000E+01  1.09365765E+00  9.99991607E-01  1.09365765E+00
    60  3.60000000E+01  1.09396193E+00  9.99990851E-01  1.09396193E+00
    61  3.66000000E+01  1.09429267E+00  9.99990039E-01  1.09429267E+00
    62  3.72000000E+01  1.09459143E+00  9.99989168E-01  1.09459143E+00
    63  3.78000000E+01  1.09484566E+00  9.99988235E-01  1.09484566E+00
    64  3.84000000E+01  1.09514467E+00  9.99987235E-01  1.09514467E+00
    65  3.90000000E+01  1.09532483E+00  9.99986167E-01  1.09532483E+00
    66  3.96000000E+01  1.09561854E+00  9.99985026E-01  1.09561854E+00
    67  4.02000000E+01  1.09576361E+00  9.99983808E-01  1.09576361E+00
    68  4.08000000E+01  1.09603350E+00  9.99982511E-01  1.09603350E+00
    69  4.14000000E+01  1.09617961E+00  9.99981130E-01  1.09617961E+00
    70  4.20000000E+01  1.09638526E+00  9.99979662E-01  1.09638526E+00
    71  4.26000000E+01  1.09652662E+00  9.99978103E-01  1.09652662E+00
    72  4.32000000E+01  1.09669344E+00  9.99976449E-01  1.09669344E+00
    73  4.38000000E+01  1.09683592E+00  9.99974698E-01  1.09683592E+00
    74  4.44000000E+01  1.09695060E+00  9.99972845E-01  1.09695060E+00
    75  4.50000000E+01  1.09708856E+00  9.99970888E-01  1.09708856E+00
    76  4.56000000E+01  1.09717563E+00  9.99968823E-01  1.09717563E+00
    77  4.62000000E+01  1.09731479E+00  9.99966648E-01  1.09731479E+00
    78  4.68000000E+01  1.09736020E+00  9.99964360E-01  1.09736020E+00
    79  4.74000000E+01  1.09749508E+00  9.99961956E-01  1.09749508E+00
    80  4.80000000E+01  1.09752297E+00  9.99959436E-01  1.09752297E+00
    81  4.86000000E+01  1.09765913E+00  9.99956797E-01  1.09765913E+00
    82  4.92000000E+01  1.09767185E+00  9.99954040E-01  1.09767185E+00
    83  4.98000000E+01  1.09778586E+00  9.99951163E-01  1.09778586E+00
    84  5.04000000E+01  1.09779471E+00  9.99948169E-01  1.09779471E+00
    85  5.10000000E+01  1.09790357E+00  9.99945058E-01  1.09790357E+00
    86  5.16000000E+01  1.09791388E+00  9.99941833E-01  1.09791388E+00
    87  5.22000000E+01  1.09799043E+00  9.99938497E-01  1.09799043E+00
    88  5.28000000E+01  1.09799703E+00  9.99935057E-01  1.09799703E+00
    89  5.34000000E+01  1.09807412E+00  9.99931517E-01  1.09807412E+00
    90  5.40000000E+01  1.09808222E+00  9.99927887E-01  1.09808222E+00
    91  5.46000000E+01  1.09813196E+00  9.99924177E-01  1.09813196E+00
    92  5.52000000E+01  1.09813648E+00  9.99920397E-01  1.09813648E+00
    93  5.58000000E+01  1.09819101E+00  9.99916563E-01  1.09819101E+00
    94  5.64000000E+01  1.09819704E+00  9.99912690E-01  1.09819704E+00
    95  5.70000000E+01  1.09822829E+00  9.99908799E-01  1.09822829E+00
    96  5.76000000E+01  1.09823088E+00  9.99904911E-01  1.09823088E+00
    97  5.82000000E+01  1.09827018E+00  9.99901052E-01  1.09827018E+00
    98  5.88000000E+01  1.09827427E+00  9.99897252E-01  1.09827427E+00
    99  5.94000000E+01  1.09829324E+00  9.99893545E-01  1.09829324E+00
   100  6.00000000E+01  1.09829399E+00  9.99889968E-01  1.09829399E+00
   101  6.06000000E+01  1.09832343E+00  9.99886565E-01  1.09832343E+00
   102  6.12000000E+01  1.09832568E+00  9.99883384E-01  1.09832568E+00
   103  6.18000000E+01  1.09833700E+00  9.99880478E-01  1.09833700E+00
   104  6.24000000E+01  1.09833599E+00  9.99877909E-01  1.09833599E+00
   105  6.30000000E+01  1.09835942E+00  9.99875743E-01  1.09835942E+00
   106  6.36000000E+01  1.09835990E+00  9.99874056E-01  1.09835990E+00
   107  6.42000000E+01  1.09836683E+00  9.99872931E-01  1.09836683E+00
   108  6.48000000E+01  1.09836413E+00  9.99872460E-01  1.09836413E+00
   109  6.54000000E+01  1.09838429E+00  9.99872745E-01  1.09838429E+00
   110  6.60000000E+01  1.09838305E+00  9.99873898E-01  1.09838305E+00
   111  6.66000000E+01  1.09838789E+00  9.99876042E-01  1.09838789E+00
   112  6.72000000E+01  1.09838353E+00  9.99879315E-01  1.09838353E+00
   113  6.78000000E+01  1.09840248E+00  9.99883864E-01  1.09840248E+00
   114  6.84000000E+01  1.09839955E+00  9.99889854E-01  1.09839955E+00
   115  6.90000000E+01  1.09840412E+00  9.99897462E-01  1.09840412E+00
   116  6.96000000E+01  1.09839811E+00  9.99906884E-01  1.09839811E+00
   117  7.02000000E+01  1.09841724E+00  9.99918333E-01  1.09841724E+00
   118  7.08000000E+01  1.09841262E+00  9.99932041E-01  1.09841262E+00
   119  7.14000000E+01  1.09841795E+00  9.99948258E-01  1.09841795E+00
   120  7.20000000E+01  1.09841029E+00  9.99967261E-01  1.09841029E+00
   121  7.26000000E+01  1.09843049E+00  9.99989345E-01  1.09843049E+00
   122  7.32000000E+01  1.09842417E+00  1.00001483E+00  1.09842417E+00
   123  7.38000000E+01  1.09843101E+00  1.00004408E+00  1.09843101E+00
   124  7.44000000E+01  1.09842170E+00  1.00007745E+00  1.09842170E+00
   125  7.50000000E+01  1.09844355E+00  1.00011537E+00  1.09844355E+00
   126  7.56000000E+01  1.09843553E+00  1.00015826E+00  1.09843553E+00
   127  7.62000000E+01  1.09844434E+00  1.00020661E+00  1.09844434E+00
   128  7.68000000E+01  1.09843335E+00  1.00026093E+00  1.09843335E+00
   129  7.74000000E+01  1.09845726E+00  1.00032177E+00  1.09845726E+00
   130  7.80000000E+01  1.09844752E+00  1.00038972E+00  1.09844752E+00
   131  7.86000000E+01  1.09845859E+00  1.00046541E+00  1.09845859E+00
   132  7.92000000E+01  1.09844590E+00  1.00054952E+00  1.09844590E+00
   133  7.98000000E+01  1.09847201E+00  1.00064278E+00  1.09847201E+00
   134  8.04000000E+01  1.09846052E+00  1.00074596E+00  1.09846052E+00
   135  8.10000000E+01  1.09847395E+00  1.00085991E+00  1.09847395E+00
   136  8.16000000E+01  1.09845953E+00  1.00098549E+00  1.09845953E+00
   137  8.22000000E+01  1.09848797E+00  1.00112366E+00  1.09848797E+00
   138  8.28000000E+01  1.09847471E+00  1.00127542E+00  1.09847471E+00
   139  8.34000000E+01  1.09849057E+00  1.00144184E+00  1.09849057E+00
   140  8.40000000E+01  1.09847440E+00  1.00162405E+00  1.09847440E+00
   141  8.46000000E+01  1.09850517E+00  1.00182326E+00  1.09850517E+00
   142  8.52000000E+01  1.09849010E+00  1.00204074E+00  1.09849010E+00
   143  8.58000000E+01  1.09850837E+00  1.00227784E+00  1.09850837E+00
   144  8.64000000E+01  1.09849042E+00  1.00253598E+00  1.09849042E+00
   145  8.70000000E+01  1.09852352E+00  1.00281665E+00  1.09852352E+00
   146  8.76000000E+01  1.09850662E+00  1.00312144E+00  1.09850662E+00
   147  8.82000000E+01  1.09852729E+00  1.00345198E+00  1.09852729E+00
   148  8.88000000E+01  1.09850751E+00  1.00381001E+00  1.09850751E+00
   149  8.94000000E+01  1.09854290E+00  1.00419734E+00  1.09854290E+00
   150  9.00000000E+01  1.09852413E+00  1.00461586E+00  1.09852413E+00
   151  9.06000000E+01  1.09854714E+00  1.00506752E+00  1.09854714E+00
   152  9.12000000E+01  1.09852550E+00  1.00555438E+00  1.09852550E+00
   153  9.18000000E+01  1.09856314E+00  1.00607853E+00  1.09856314E+00
   154  9.24000000E+01  1.09854247E+00  1.00664217E+00  1.09854247E+00
   155  9.30000000E+01  1.09856778E+00  1.00724753E+00  1.09856778E+00
   156  9.36000000E+01  1.09854425E+00  1.00789691E+00  1.09854425E+00
   157  9.42000000E+01  1.09858408E+00  1.00859267E+00  1.09858408E+00
   158  9.48000000E+01  1.09856148E+00  1.00933719E+00  1.09856148E+00
   159  9.54000000E+01  1.09858902E+00  1.01013290E+00  1.09858902E+00
   160  9.60000000E+01  1.09856358E+00  1.01098224E+00  1.09856358E+00
   161  9.66000000E+01  1.09860557E+00  1.01188763E+00  1.09860557E+00
   162  9.72000000E+01  1.09858100E+00  1.01285151E+00  1.09858100E+00
   163  9.78000000E+01  1.09861075E+00  1.01387627E+00  1.09861075E+00
   164  9.84000000E+01  1.09858335E+00  1.01496423E+00  1.09858335E+00
   165  9.90000000E+01  1.09862746E+00  1.01611764E+00  1.09862746E+00
   166  9.96000000E+01  1.09860090E+00  1.01733866E+00  1.09860090E+00
   167  1.00200000E+02  1.09863281E+00  1.01862927E+00  1.09863281E+00
   168  1.00800000E+02  1.09860343E+00  1.01999134E+00  1.09860343E+00
   169  1.01400000E+02  1.09864964E+00  1.02142649E+00  1.09864964E+00
   170  1.02000000E+02  1.09862105E+00  1.02293612E+00  1.09862105E+00
   171  1.02600000E+02  1.09865511E+00  1.02452137E+00  1.09865511E+00
   172  1.03200000E+02  1.09862371E+00  1.02618305E+00  1.09862371E+00
   173  1.03800000E+02  1.09867199E+00  1.02792162E+00  1.09867199E+00
   174  1.04400000E+02  1.09864136E+00  1.02973713E+00  1.09864136E+00
   175  1.05000000E+02  1.09867753E+00  1.03162922E+00  1.09867753E+00
   176  1.05600000E+02  1.09864409E+00  1.03359702E+00  1.09864409E+00
   177  1.06200000E+02  1.09869443E+00  1.03563912E+00  1.09869443E+00
   178  1.06800000E+02  1.09866172E+00  1.03775357E+00  1.09866172E+00
   179  1.07400000E+02  1.09870000E+00  1.03993776E+00  1.09870000E+00
   180  1.08000000E+02  1.09866450E+00  1.04218845E+00  1.09866450E+00
   181  1.08600000E+02  1.09871689E+00  1.04450168E+00  1.09871689E+00
   182  1.09200000E+02  1.09868208E+00  1.04687278E+00  1.09868208E+00
   183  1.09800000E+02  1.09872246E+00  1.04929630E+00  1.09872246E+00
   184  1.10400000E+02  1.09868486E+00  1.05176600E+00  1.09868486E+00
   185  1.11000000E+02  1.09873931E+00  1.05427486E+00  1.09873931E+00
   186  1.11600000E+02  1.09870237E+00  1.05681505E+00  1.09870237E+00
   187  1.12200000E+02  1.09874485E+00  1.05937793E+00  1.09874485E+00
   188  1.12800000E+02  1.09870514E+00  1.06195409E+00  1.09870514E+00
   189  1.13400000E+02  1.09876165E+00  1.06453335E+00  1.09876165E+00
   190  1.14000000E+02  1.09872256E+00  1.06710483E+00  1.09872256E+00
   191  1.14600000E+02  1.09876714E+00  1.06965697E+00  1.09876714E+00
   192  1.15200000E+02  1.09872529E+00  1.07217765E+00  1.09872529E+00
   193  1.15800000E+02  1.09878386E+00  1.07465421E+00  1.09878386E+00
   194  1.16400000E+02  1.09874260E+00  1.07707363E+00  1.09874260E+00
   195  1.17000000E+02  1.09878929E+00  1.07942261E+00  1.09878929E+00
   196  1.17600000E+02  1.09874528E+00  1.08168776E+00  1.09874528E+00
   197  1.18200000E+02  1.09880593E+00  1.08385572E+00  1.09880593E+00
   198  1.18800000E+02  1.09876248E+00  1.08591345E+00  1.09876248E+00
   199  1.19400000E+02  1.09881129E+00  1.08784840E+00  1.09881129E+00
   200  1.20000000E+02  1.09876509E+00  1.08964878E+00  1.09876509E+00
   201  1.20600000E+02  1.09882784E+00  1.09130387E+00  1.09882784E+00
   202  1.21200000E+02  1.09878217E+00  1.09280433E+00  1.09878217E+00
   203  1.21800000E+02  1.09883310E+00  1.09414249E+00  1.09883310E+00
   204  1.22400000E+02  1.09878470E+00  1.09531272E+00  1.09878470E+00
   205  1.23000000E+02  1.09884956E+00  1.09631169E+00  1.09884956E+00
   206  1.23600000E+02  1.09880166E+00  1.09713875E+00  1.09880166E+00
   207  1.24200000E+02  1.09885464E+00  1.09779607E+00  1.09885464E+00
   208  1.24800000E+02  1.09880767E+00  1.09828888E+00  1.09880767E+00
   209  1.25400000E+02  1.09887125E+00  1.09862554E+00  1.09887125E+00
   210  1.26000000E+02  1.09882118E+00  1.09881749E+00  1.09882118E+00
   211  1.26600000E+02  1.09887906E+00  1.09887906E+00  1.09887906E+00
   212  1.27200000E+02  1.09882721E+00  1.09882721E+00  1.09882721E+00
   213  1.27800000E+02  1.09868100E+00  1.09868100E+00  1.09868100E+00
   214  1.28400000E+02  1.09846101E+00  1.09846101E+00  1.09846101E+00
   215  1.29000000E+02  1.09818861E+00  1.09818861E+00  1.09818861E+00
   216  1.29600000E+02  1.09788508E+00  1.09788508E+00  1.09788508E+00
   217  1.30200000E+02  1.09757078E+00  1.09757078E+00  1.09757078E+00
   218  1.30800000E+02  1.09726427E+00  1.09726427E+00  1.09726427E+00
   219  1.31400000E+02  1.09698152E+00  1.09698152E+00  1.09698152E+00
   220  1.32000000E+02  1.09673787E+00  1.09673523E+00  1.09673787E+00
   221  1.32600000E+02  1.09673786E+00  1.09653439E+00  1.09673786E+00
   222  1.33200000E+02  1.09673786E+00  1.09638403E+00  1.09673786E+00
   223  1.33800000E+02  1.09673786E+00  1.09628524E+00  1.09673786E+00
   224  1.34400000E+02  1.09673786E+00  1.09623553E+00  1.09673786E+00
   225  1.35000000E+02  1.09673786E+00  1.09622927E+00  1.09673786E+00
   226  1.35600000E+02  1.09673786E+00  1.09625853E+00  1.09673786E+00
   227  1.36200000E+02  1.09673786E+00  1.09631389E+00  1.09673786E+00
   228  1.36800000E+02  1.09673786E+00  1.09638537E+00  1.09673786E+00
   229  1.37400000E+02  1.09673786E+00  1.09646335E+00  1.09673786E+00
   230  1.38000000E+02  1.09673786E+00  1.09653932E+00  1.09673786E+00
   231  1.38600000E+02  1.09673786E+00  1.09660645E+00  1.09673786E+00
   232  1.39200000E+02  1.09673786E+00  1.09666003E+00  1.09673786E+00
   233  1.39800000E+02  1.09673786E+00  1.09669752E+00  1.09673786E+00
   234  1.40400000E+02  1.09673786E+00  1.09671847E+00  1.09673786E+00
   235  1.41000000E+02  1.09673786E+00  1.09672424E+00  1.09673786E+00
   236  1.41600000E+02  1.09673786E+00  1.09671750E+00  1.09673786E+00
   237  1.42200000E+02  1.09673786E+00  1.09670171E+00  1.09673786E+00
   238  1.42800000E+02  1.09673786E+00  1.09668065E+00  1.09673786E+00
   239  1.43400000E+02  1.09673786E+00  1.09665786E+00  1.09673786E+00
   240  1.44000000E+02  1.09673786E+00  1.09663633E+00  1.09673786E+00
   241  1.44600000E+02  1.09673786E+00  1.09661821E+00  1.09673786E+00
   242  1.45200000E+02  1.09673786E+00  1.09660479E+00  1.09673786E+00
   243  1.45800000E+02  1.09673786E+00  1.09659646E+00  1.09673786E+00
   244  1.46400000E+02  1.09673786E+00  1.09659290E+00  1.09673786E+00
   245  1.47000000E+02  1.09673786E+00  1.09659325E+00  1.09673786E+00
   246  1.47600000E+02  1.09673786E+00  1.09659636E+00  1.09673786E+00
   247  1.48200000E+02  1.09673786E+00  1.09660102E+00  1.09673786E+00
   248  1.48800000E+02  1.09673786E+00  1.09660610E+00  1.09673786E+00
   249  1.49400000E+02  1.09673786E+00  1.09661074E+00  1.09673786E+00
   250  1.50000000E+02  1.09673786E+00  1.09661434E+00  1.09673786E+00
   251  1.50600000E+02  1.09673786E+00  1.09661663E+00  1.09673786E+00
   252  1.51200000E+02  1.09673786E+00  1.09661761E+00  1.09673786E+00
 steady-height stop at step    252: changes <=   1.0000E-05, max-end <=   1.0000E-02, max/end/gap/profile_change =   1.09673786E+00  1.09661761E+00  1.20246959E-04  1.58931673E-06


STDERR:
