COMMAND:
/shared/extrudate_rom/generate_rom_data/extrudate_swell2d_c_cluster

STDOUT:
 comppar: model =   3
 comppar: lambda,mobility/eps,betav,eta_0 =  4.6000E+00  5.0000E-01  5.0000E-01  1.0000E+00
 comppar: eta_s,eta_p,G =  5.0000E-01  5.0000E-01  1.0870E-01
 comppar: U_avg,deltat,flowrate,nsteps =  1.0000E-01  3.0000E-01  3.1416E-01     700
 comppar: geometry = axisymmetric
 comppar: steady stop change,gap,hold,min =  1.0000E-05  1.0000E-02      10      80
 comppar: ncompc,ncompg =     4     5
 mesh nnodes = 5765
 mesh nelem = 2780
 P1 BC   5.0000000000000000     
 P2 BC   0.0000000000000000     
     1  3.00000000E-01  1.00379164E+00  1.00000000E+00  1.00379164E+00
     2  6.00000000E-01  1.00749240E+00  1.00000000E+00  1.00749240E+00
     3  9.00000000E-01  1.01109638E+00  1.00000000E+00  1.01109638E+00
     4  1.20000000E+00  1.01460733E+00  1.00000000E+00  1.01460733E+00
     5  1.50000000E+00  1.01802675E+00  1.00000000E+00  1.01802675E+00
     6  1.80000000E+00  1.02135416E+00  1.00000000E+00  1.02135416E+00
     7  2.10000000E+00  1.02459543E+00  1.00000000E+00  1.02459543E+00
     8  2.40000000E+00  1.02776082E+00  1.00000000E+00  1.02776082E+00
     9  2.70000000E+00  1.03085759E+00  1.00000001E+00  1.03085759E+00
    10  3.00000000E+00  1.03387472E+00  1.00000001E+00  1.03387472E+00
    11  3.30000000E+00  1.03681648E+00  1.00000001E+00  1.03681648E+00
    12  3.60000000E+00  1.03971645E+00  1.00000001E+00  1.03971645E+00
    13  3.90000000E+00  1.04252793E+00  1.00000000E+00  1.04252793E+00
    14  4.20000000E+00  1.04530431E+00  1.00000000E+00  1.04530431E+00
    15  4.50000000E+00  1.04800352E+00  1.00000000E+00  1.04800352E+00
    16  4.80000000E+00  1.05065827E+00  9.99999997E-01  1.05065827E+00
    17  5.10000000E+00  1.05325297E+00  9.99999993E-01  1.05325297E+00
    18  5.40000000E+00  1.05578914E+00  9.99999987E-01  1.05578914E+00
    19  5.70000000E+00  1.05824554E+00  9.99999980E-01  1.05824554E+00
    20  6.00000000E+00  1.06068130E+00  9.99999971E-01  1.06068130E+00
    21  6.30000000E+00  1.06300442E+00  9.99999961E-01  1.06300442E+00
    22  6.60000000E+00  1.06533848E+00  9.99999948E-01  1.06533848E+00
    23  6.90000000E+00  1.06753351E+00  9.99999934E-01  1.06753351E+00
    24  7.20000000E+00  1.06975014E+00  9.99999916E-01  1.06975014E+00
    25  7.50000000E+00  1.07186244E+00  9.99999896E-01  1.07186244E+00
    26  7.80000000E+00  1.07391884E+00  9.99999873E-01  1.07391884E+00
    27  8.10000000E+00  1.07594647E+00  9.99999846E-01  1.07594647E+00
    28  8.40000000E+00  1.07782578E+00  9.99999815E-01  1.07782578E+00
    29  8.70000000E+00  1.07976227E+00  9.99999781E-01  1.07976227E+00
    30  9.00000000E+00  1.08158338E+00  9.99999741E-01  1.08158338E+00
    31  9.30000000E+00  1.08331287E+00  9.99999697E-01  1.08331287E+00
    32  9.60000000E+00  1.08507425E+00  9.99999647E-01  1.08507425E+00
    33  9.90000000E+00  1.08668507E+00  9.99999590E-01  1.08668507E+00
    34  1.02000000E+01  1.08826341E+00  9.99999527E-01  1.08826341E+00
    35  1.05000000E+01  1.08984744E+00  9.99999457E-01  1.08984744E+00
    36  1.08000000E+01  1.09128370E+00  9.99999379E-01  1.09128370E+00
    37  1.11000000E+01  1.09272593E+00  9.99999293E-01  1.09272593E+00
    38  1.14000000E+01  1.09413423E+00  9.99999197E-01  1.09413423E+00
    39  1.17000000E+01  1.09540122E+00  9.99999090E-01  1.09540122E+00
    40  1.20000000E+01  1.09668215E+00  9.99998973E-01  1.09668215E+00
    41  1.23000000E+01  1.09795215E+00  9.99998844E-01  1.09795215E+00
    42  1.26000000E+01  1.09909019E+00  9.99998702E-01  1.09909019E+00
    43  1.29000000E+01  1.10020693E+00  9.99998547E-01  1.10020693E+00
    44  1.32000000E+01  1.10134422E+00  9.99998376E-01  1.10134422E+00
    45  1.35000000E+01  1.10236086E+00  9.99998189E-01  1.10236086E+00
    46  1.38000000E+01  1.10332328E+00  9.99997985E-01  1.10332328E+00
    47  1.41000000E+01  1.10434550E+00  9.99997762E-01  1.10434550E+00
    48  1.44000000E+01  1.10526002E+00  9.99997519E-01  1.10526002E+00
    49  1.47000000E+01  1.10608154E+00  9.99997254E-01  1.10608154E+00
    50  1.50000000E+01  1.10698916E+00  9.99996966E-01  1.10698916E+00
    51  1.53000000E+01  1.10781096E+00  9.99996654E-01  1.10781096E+00
    52  1.56000000E+01  1.10855378E+00  9.99996315E-01  1.10855378E+00
    53  1.59000000E+01  1.10932957E+00  9.99995948E-01  1.10932957E+00
    54  1.62000000E+01  1.11007445E+00  9.99995550E-01  1.11007445E+00
    55  1.65000000E+01  1.11075183E+00  9.99995121E-01  1.11075183E+00
    56  1.68000000E+01  1.11137911E+00  9.99994656E-01  1.11137911E+00
    57  1.71000000E+01  1.11205685E+00  9.99994156E-01  1.11205685E+00
    58  1.74000000E+01  1.11267812E+00  9.99993616E-01  1.11267812E+00
    59  1.77000000E+01  1.11325148E+00  9.99993035E-01  1.11325148E+00
    60  1.80000000E+01  1.11381453E+00  9.99992410E-01  1.11381453E+00
    61  1.83000000E+01  1.11438631E+00  9.99991739E-01  1.11438631E+00
    62  1.86000000E+01  1.11491499E+00  9.99991018E-01  1.11491499E+00
    63  1.89000000E+01  1.11540387E+00  9.99990245E-01  1.11540387E+00
    64  1.92000000E+01  1.11587890E+00  9.99989417E-01  1.11587890E+00
    65  1.95000000E+01  1.11636927E+00  9.99988531E-01  1.11636927E+00
    66  1.98000000E+01  1.11682135E+00  9.99987584E-01  1.11682135E+00
    67  2.01000000E+01  1.11723482E+00  9.99986572E-01  1.11723482E+00
    68  2.04000000E+01  1.11765176E+00  9.99985493E-01  1.11765176E+00
    69  2.07000000E+01  1.11806475E+00  9.99984342E-01  1.11806475E+00
    70  2.10000000E+01  1.11843939E+00  9.99983117E-01  1.11843939E+00
    71  2.13000000E+01  1.11877506E+00  9.99981813E-01  1.11877506E+00
    72  2.16000000E+01  1.11914615E+00  9.99980428E-01  1.11914615E+00
    73  2.19000000E+01  1.11948439E+00  9.99978957E-01  1.11948439E+00
    74  2.22000000E+01  1.11978353E+00  9.99977397E-01  1.11978353E+00
    75  2.25000000E+01  1.12007950E+00  9.99975745E-01  1.12007950E+00
    76  2.28000000E+01  1.12038097E+00  9.99973996E-01  1.12038097E+00
    77  2.31000000E+01  1.12064470E+00  9.99972148E-01  1.12064470E+00
    78  2.34000000E+01  1.12088324E+00  9.99970196E-01  1.12088324E+00
    79  2.37000000E+01  1.12114941E+00  9.99968137E-01  1.12114941E+00
    80  2.40000000E+01  1.12137901E+00  9.99965969E-01  1.12137901E+00
    81  2.43000000E+01  1.12157445E+00  9.99963688E-01  1.12157445E+00
    82  2.46000000E+01  1.12179954E+00  9.99961291E-01  1.12179954E+00
    83  2.49000000E+01  1.12199803E+00  9.99958776E-01  1.12199803E+00
    84  2.52000000E+01  1.12216514E+00  9.99956140E-01  1.12216514E+00
    85  2.55000000E+01  1.12234751E+00  9.99953383E-01  1.12234751E+00
    86  2.58000000E+01  1.12251627E+00  9.99950501E-01  1.12251627E+00
    87  2.61000000E+01  1.12265672E+00  9.99947495E-01  1.12265672E+00
    88  2.64000000E+01  1.12280416E+00  9.99944365E-01  1.12280416E+00
    89  2.67000000E+01  1.12294706E+00  9.99941111E-01  1.12294706E+00
    90  2.70000000E+01  1.12306477E+00  9.99937734E-01  1.12306477E+00
    91  2.73000000E+01  1.12318050E+00  9.99934236E-01  1.12318050E+00
    92  2.76000000E+01  1.12329937E+00  9.99930621E-01  1.12329937E+00
    93  2.79000000E+01  1.12339643E+00  9.99926893E-01  1.12339643E+00
    94  2.82000000E+01  1.12348958E+00  9.99923058E-01  1.12348958E+00
    95  2.85000000E+01  1.12358817E+00  9.99919123E-01  1.12358817E+00
    96  2.88000000E+01  1.12366792E+00  9.99915096E-01  1.12366792E+00
    97  2.91000000E+01  1.12373575E+00  9.99910988E-01  1.12373575E+00
    98  2.94000000E+01  1.12381630E+00  9.99906812E-01  1.12381630E+00
    99  2.97000000E+01  1.12388113E+00  9.99902581E-01  1.12388113E+00
   100  3.00000000E+01  1.12393394E+00  9.99898314E-01  1.12393394E+00
   101  3.03000000E+01  1.12399944E+00  9.99894029E-01  1.12399944E+00
   102  3.06000000E+01  1.12405173E+00  9.99889750E-01  1.12405173E+00
   103  3.09000000E+01  1.12409338E+00  9.99885501E-01  1.12409338E+00
   104  3.12000000E+01  1.12413772E+00  9.99881313E-01  1.12413772E+00
   105  3.15000000E+01  1.12417986E+00  9.99877219E-01  1.12417986E+00
   106  3.18000000E+01  1.12421341E+00  9.99873255E-01  1.12421341E+00
   107  3.21000000E+01  1.12424535E+00  9.99869464E-01  1.12424535E+00
   108  3.24000000E+01  1.12427877E+00  9.99865892E-01  1.12427877E+00
   109  3.27000000E+01  1.12430520E+00  9.99862593E-01  1.12430520E+00
   110  3.30000000E+01  1.12432604E+00  9.99859625E-01  1.12432604E+00
   111  3.33000000E+01  1.12434822E+00  9.99857051E-01  1.12434822E+00
   112  3.36000000E+01  1.12436941E+00  9.99854945E-01  1.12436941E+00
   113  3.39000000E+01  1.12438604E+00  9.99853384E-01  1.12438604E+00
   114  3.42000000E+01  1.12439893E+00  9.99852457E-01  1.12439893E+00
   115  3.45000000E+01  1.12441466E+00  9.99852259E-01  1.12441466E+00
   116  3.48000000E+01  1.12442742E+00  9.99852897E-01  1.12442742E+00
   117  3.51000000E+01  1.12443717E+00  9.99854486E-01  1.12443717E+00
   118  3.54000000E+01  1.12444445E+00  9.99857153E-01  1.12444445E+00
   119  3.57000000E+01  1.12445163E+00  9.99861038E-01  1.12445163E+00
   120  3.60000000E+01  1.12445911E+00  9.99866291E-01  1.12445911E+00
   121  3.63000000E+01  1.12446453E+00  9.99873078E-01  1.12446453E+00
   122  3.66000000E+01  1.12446827E+00  9.99881580E-01  1.12446827E+00
   123  3.69000000E+01  1.12447068E+00  9.99891992E-01  1.12447068E+00
   124  3.72000000E+01  1.12447327E+00  9.99904526E-01  1.12447327E+00
   125  3.75000000E+01  1.12447570E+00  9.99919414E-01  1.12447570E+00
   126  3.78000000E+01  1.12447709E+00  9.99936905E-01  1.12447709E+00
   127  3.81000000E+01  1.12447770E+00  9.99957270E-01  1.12447770E+00
   128  3.84000000E+01  1.12447776E+00  9.99980802E-01  1.12447776E+00
   129  3.87000000E+01  1.12447747E+00  1.00000782E+00  1.12447747E+00
   130  3.90000000E+01  1.12447699E+00  1.00003866E+00  1.12447699E+00
   131  3.93000000E+01  1.12447644E+00  1.00007369E+00  1.12447644E+00
   132  3.96000000E+01  1.12447593E+00  1.00011331E+00  1.12447593E+00
   133  3.99000000E+01  1.12447553E+00  1.00015795E+00  1.12447553E+00
   134  4.02000000E+01  1.12447530E+00  1.00020807E+00  1.12447530E+00
   135  4.05000000E+01  1.12447527E+00  1.00026415E+00  1.12447527E+00
   136  4.08000000E+01  1.12447546E+00  1.00032673E+00  1.12447546E+00
   137  4.11000000E+01  1.12447587E+00  1.00039637E+00  1.12447587E+00
   138  4.14000000E+01  1.12447651E+00  1.00047367E+00  1.12447651E+00
   139  4.17000000E+01  1.12447736E+00  1.00055929E+00  1.12447736E+00
   140  4.20000000E+01  1.12447841E+00  1.00065392E+00  1.12447841E+00
   141  4.23000000E+01  1.12447963E+00  1.00075829E+00  1.12447963E+00
   142  4.26000000E+01  1.12448102E+00  1.00087319E+00  1.12448102E+00
   143  4.29000000E+01  1.12448254E+00  1.00099946E+00  1.12448254E+00
   144  4.32000000E+01  1.12448418E+00  1.00113798E+00  1.12448418E+00
   145  4.35000000E+01  1.12448593E+00  1.00128971E+00  1.12448593E+00
   146  4.38000000E+01  1.12448775E+00  1.00145565E+00  1.12448775E+00
   147  4.41000000E+01  1.12448964E+00  1.00163686E+00  1.12448964E+00
   148  4.44000000E+01  1.12449158E+00  1.00183447E+00  1.12449158E+00
   149  4.47000000E+01  1.12449354E+00  1.00204967E+00  1.12449354E+00
   150  4.50000000E+01  1.12449552E+00  1.00228372E+00  1.12449552E+00
   151  4.53000000E+01  1.12449750E+00  1.00253795E+00  1.12449750E+00
   152  4.56000000E+01  1.12449947E+00  1.00281376E+00  1.12449947E+00
   153  4.59000000E+01  1.12450141E+00  1.00311262E+00  1.12450141E+00
   154  4.62000000E+01  1.12450332E+00  1.00343607E+00  1.12450332E+00
   155  4.65000000E+01  1.12450518E+00  1.00378574E+00  1.12450518E+00
   156  4.68000000E+01  1.12450699E+00  1.00416331E+00  1.12450699E+00
   157  4.71000000E+01  1.12450875E+00  1.00457055E+00  1.12450875E+00
   158  4.74000000E+01  1.12451044E+00  1.00500931E+00  1.12451044E+00
   159  4.77000000E+01  1.12451206E+00  1.00548151E+00  1.12451206E+00
   160  4.80000000E+01  1.12451362E+00  1.00598914E+00  1.12451362E+00
   161  4.83000000E+01  1.12451511E+00  1.00653426E+00  1.12451511E+00
   162  4.86000000E+01  1.12451653E+00  1.00711900E+00  1.12451653E+00
   163  4.89000000E+01  1.12451787E+00  1.00774555E+00  1.12451787E+00
   164  4.92000000E+01  1.12451914E+00  1.00841616E+00  1.12451914E+00
   165  4.95000000E+01  1.12452034E+00  1.00913314E+00  1.12452034E+00
   166  4.98000000E+01  1.12452147E+00  1.00989883E+00  1.12452147E+00
   167  5.01000000E+01  1.12452253E+00  1.01071562E+00  1.12452253E+00
   168  5.04000000E+01  1.12452353E+00  1.01158592E+00  1.12452353E+00
   169  5.07000000E+01  1.12452446E+00  1.01251216E+00  1.12452446E+00
   170  5.10000000E+01  1.12452532E+00  1.01349674E+00  1.12452532E+00
   171  5.13000000E+01  1.12452613E+00  1.01454209E+00  1.12452613E+00
   172  5.16000000E+01  1.12452688E+00  1.01565056E+00  1.12452688E+00
   173  5.19000000E+01  1.12452758E+00  1.01682449E+00  1.12452758E+00
   174  5.22000000E+01  1.12452822E+00  1.01806610E+00  1.12452822E+00
   175  5.25000000E+01  1.12452881E+00  1.01937754E+00  1.12452881E+00
   176  5.28000000E+01  1.12452936E+00  1.02076084E+00  1.12452936E+00
   177  5.31000000E+01  1.12452987E+00  1.02221783E+00  1.12452987E+00
   178  5.34000000E+01  1.12453033E+00  1.02375022E+00  1.12453033E+00
   179  5.37000000E+01  1.12453076E+00  1.02535945E+00  1.12453076E+00
   180  5.40000000E+01  1.12453115E+00  1.02704675E+00  1.12453115E+00
   181  5.43000000E+01  1.12453151E+00  1.02881304E+00  1.12453151E+00
   182  5.46000000E+01  1.12453183E+00  1.03065895E+00  1.12453183E+00
   183  5.49000000E+01  1.12453213E+00  1.03258472E+00  1.12453213E+00
   184  5.52000000E+01  1.12453240E+00  1.03459024E+00  1.12453240E+00
   185  5.55000000E+01  1.12453265E+00  1.03667492E+00  1.12453265E+00
   186  5.58000000E+01  1.12453288E+00  1.03883776E+00  1.12453288E+00
   187  5.61000000E+01  1.12453308E+00  1.04107721E+00  1.12453308E+00
   188  5.64000000E+01  1.12453326E+00  1.04339120E+00  1.12453326E+00
   189  5.67000000E+01  1.12453343E+00  1.04577710E+00  1.12453343E+00
   190  5.70000000E+01  1.12453358E+00  1.04823166E+00  1.12453358E+00
   191  5.73000000E+01  1.12453372E+00  1.05075101E+00  1.12453372E+00
   192  5.76000000E+01  1.12453385E+00  1.05333064E+00  1.12453385E+00
   193  5.79000000E+01  1.12453396E+00  1.05596537E+00  1.12453396E+00
   194  5.82000000E+01  1.12453406E+00  1.05864938E+00  1.12453406E+00
   195  5.85000000E+01  1.12453415E+00  1.06137614E+00  1.12453415E+00
   196  5.88000000E+01  1.12453423E+00  1.06413850E+00  1.12453423E+00
   197  5.91000000E+01  1.12453431E+00  1.06692865E+00  1.12453431E+00
   198  5.94000000E+01  1.12453437E+00  1.06973819E+00  1.12453437E+00
   199  5.97000000E+01  1.12453443E+00  1.07255813E+00  1.12453443E+00
   200  6.00000000E+01  1.12453449E+00  1.07537898E+00  1.12453449E+00
   201  6.03000000E+01  1.12453454E+00  1.07819079E+00  1.12453454E+00
   202  6.06000000E+01  1.12453458E+00  1.08098321E+00  1.12453458E+00
   203  6.09000000E+01  1.12453462E+00  1.08374563E+00  1.12453462E+00
   204  6.12000000E+01  1.12453466E+00  1.08646722E+00  1.12453466E+00
   205  6.15000000E+01  1.12453469E+00  1.08913706E+00  1.12453469E+00
   206  6.18000000E+01  1.12453472E+00  1.09174430E+00  1.12453472E+00
   207  6.21000000E+01  1.12453474E+00  1.09427824E+00  1.12453474E+00
   208  6.24000000E+01  1.12453477E+00  1.09672853E+00  1.12453477E+00
   209  6.27000000E+01  1.12453479E+00  1.09908529E+00  1.12453479E+00
   210  6.30000000E+01  1.12453481E+00  1.10133931E+00  1.12453481E+00
   211  6.33000000E+01  1.12453483E+00  1.10348222E+00  1.12453483E+00
   212  6.36000000E+01  1.12453484E+00  1.10550667E+00  1.12453484E+00
   213  6.39000000E+01  1.12453486E+00  1.10740652E+00  1.12453486E+00
   214  6.42000000E+01  1.12453487E+00  1.10917697E+00  1.12453487E+00
   215  6.45000000E+01  1.12453488E+00  1.11081478E+00  1.12453488E+00
   216  6.48000000E+01  1.12453489E+00  1.11231836E+00  1.12453489E+00
   217  6.51000000E+01  1.12453490E+00  1.11368788E+00  1.12453490E+00
   218  6.54000000E+01  1.12453491E+00  1.11492532E+00  1.12453491E+00
   219  6.57000000E+01  1.12453492E+00  1.11603449E+00  1.12453492E+00
   220  6.60000000E+01  1.12453493E+00  1.11702095E+00  1.12453493E+00
   221  6.63000000E+01  1.12453494E+00  1.11789185E+00  1.12453494E+00
   222  6.66000000E+01  1.12453494E+00  1.11865580E+00  1.12453494E+00
   223  6.69000000E+01  1.12453495E+00  1.11932253E+00  1.12453495E+00
   224  6.72000000E+01  1.12453496E+00  1.11990257E+00  1.12453496E+00
   225  6.75000000E+01  1.12453496E+00  1.12040688E+00  1.12453496E+00
   226  6.78000000E+01  1.12453497E+00  1.12084644E+00  1.12453497E+00
   227  6.81000000E+01  1.12453497E+00  1.12123179E+00  1.12453497E+00
   228  6.84000000E+01  1.12453497E+00  1.12157270E+00  1.12453497E+00
   229  6.87000000E+01  1.12453498E+00  1.12187775E+00  1.12453498E+00
   230  6.90000000E+01  1.12453498E+00  1.12215413E+00  1.12453498E+00
   231  6.93000000E+01  1.12453499E+00  1.12240740E+00  1.12453499E+00
   232  6.96000000E+01  1.12453499E+00  1.12264151E+00  1.12453499E+00
   233  6.99000000E+01  1.12453499E+00  1.12285884E+00  1.12453499E+00
   234  7.02000000E+01  1.12453500E+00  1.12306034E+00  1.12453500E+00
   235  7.05000000E+01  1.12453500E+00  1.12324588E+00  1.12453500E+00
   236  7.08000000E+01  1.12453500E+00  1.12341454E+00  1.12453500E+00
   237  7.11000000E+01  1.12453500E+00  1.12356502E+00  1.12453500E+00
   238  7.14000000E+01  1.12453501E+00  1.12369601E+00  1.12453501E+00
   239  7.17000000E+01  1.12453501E+00  1.12380653E+00  1.12453501E+00
   240  7.20000000E+01  1.12453501E+00  1.12389617E+00  1.12453501E+00
   241  7.23000000E+01  1.12453501E+00  1.12396529E+00  1.12453501E+00
   242  7.26000000E+01  1.12453501E+00  1.12401507E+00  1.12453501E+00
   243  7.29000000E+01  1.12453502E+00  1.12404745E+00  1.12453502E+00
   244  7.32000000E+01  1.12453502E+00  1.12406500E+00  1.12453502E+00
   245  7.35000000E+01  1.12453502E+00  1.12407072E+00  1.12453502E+00
   246  7.38000000E+01  1.12453502E+00  1.12406775E+00  1.12453502E+00
   247  7.41000000E+01  1.12453502E+00  1.12405919E+00  1.12453502E+00
   248  7.44000000E+01  1.12453502E+00  1.12404781E+00  1.12453502E+00
   249  7.47000000E+01  1.12453502E+00  1.12403589E+00  1.12453502E+00
   250  7.50000000E+01  1.12453502E+00  1.12402515E+00  1.12453502E+00
   251  7.53000000E+01  1.12453503E+00  1.12401667E+00  1.12453503E+00
   252  7.56000000E+01  1.12453503E+00  1.12401093E+00  1.12453503E+00
   253  7.59000000E+01  1.12453503E+00  1.12400791E+00  1.12453503E+00
   254  7.62000000E+01  1.12453503E+00  1.12400725E+00  1.12453503E+00
   255  7.65000000E+01  1.12453503E+00  1.12400831E+00  1.12453503E+00
   256  7.68000000E+01  1.12453503E+00  1.12401042E+00  1.12453503E+00
   257  7.71000000E+01  1.12453503E+00  1.12401290E+00  1.12453503E+00
   258  7.74000000E+01  1.12453503E+00  1.12401521E+00  1.12453503E+00
   259  7.77000000E+01  1.12453503E+00  1.12401700E+00  1.12453503E+00
   260  7.80000000E+01  1.12453503E+00  1.12401808E+00  1.12453503E+00
 steady-height stop at step    260: changes <=   1.0000E-05, max-end <=   1.0000E-02, max/end/gap/profile_change =   1.12453503E+00  1.12401808E+00  5.16947854E-04  2.13806039E-06


STDERR:
