COMMAND:
/shared/extrudate_rom/generate_rom_data/extrudate_swell2d_c_cluster

STDOUT:
 comppar: model =   3
 comppar: lambda,mobility/eps,betav,eta_0 =  4.6000E+00  5.0000E-01  9.0000E-01  1.0000E+00
 comppar: eta_s,eta_p,G =  9.0000E-01  1.0000E-01  2.1739E-02
 comppar: U_avg,deltat,flowrate,nsteps =  1.0000E-01  3.0000E-01  3.1416E-01     700
 comppar: geometry = axisymmetric
 comppar: steady stop change,gap,hold,min =  1.0000E-05  1.0000E-02      10      80
 comppar: ncompc,ncompg =     4     5
 mesh nnodes = 5765
 mesh nelem = 2780
 P1 BC   5.0000000000000000     
 P2 BC   0.0000000000000000     
     1  3.00000000E-01  1.00379478E+00  1.00000000E+00  1.00379478E+00
     2  6.00000000E-01  1.00750747E+00  1.00000000E+00  1.00750747E+00
     3  9.00000000E-01  1.01114052E+00  1.00000000E+00  1.01114052E+00
     4  1.20000000E+00  1.01469387E+00  1.00000000E+00  1.01469387E+00
     5  1.50000000E+00  1.01816964E+00  1.00000000E+00  1.01816964E+00
     6  1.80000000E+00  1.02156334E+00  1.00000000E+00  1.02156334E+00
     7  2.10000000E+00  1.02489458E+00  1.00000000E+00  1.02489458E+00
     8  2.40000000E+00  1.02815131E+00  1.00000000E+00  1.02815131E+00
     9  2.70000000E+00  1.03132875E+00  1.00000000E+00  1.03132875E+00
    10  3.00000000E+00  1.03443120E+00  1.00000000E+00  1.03443120E+00
    11  3.30000000E+00  1.03748823E+00  1.00000000E+00  1.03748823E+00
    12  3.60000000E+00  1.04045851E+00  1.00000000E+00  1.04045851E+00
    13  3.90000000E+00  1.04336612E+00  1.00000000E+00  1.04336612E+00
    14  4.20000000E+00  1.04622627E+00  9.99999999E-01  1.04622627E+00
    15  4.50000000E+00  1.04897788E+00  9.99999996E-01  1.04897788E+00
    16  4.80000000E+00  1.05173124E+00  9.99999992E-01  1.05173124E+00
    17  5.10000000E+00  1.05437274E+00  9.99999986E-01  1.05437274E+00
    18  5.40000000E+00  1.05699393E+00  9.99999979E-01  1.05699393E+00
    19  5.70000000E+00  1.05950469E+00  9.99999970E-01  1.05950469E+00
    20  6.00000000E+00  1.06201219E+00  9.99999960E-01  1.06201219E+00
    21  6.30000000E+00  1.06440351E+00  9.99999947E-01  1.06440351E+00
    22  6.60000000E+00  1.06679805E+00  9.99999932E-01  1.06679805E+00
    23  6.90000000E+00  1.06903941E+00  9.99999915E-01  1.06903941E+00
    24  7.20000000E+00  1.07134483E+00  9.99999894E-01  1.07134483E+00
    25  7.50000000E+00  1.07349691E+00  9.99999870E-01  1.07349691E+00
    26  7.80000000E+00  1.07566419E+00  9.99999842E-01  1.07566419E+00
    27  8.10000000E+00  1.07772744E+00  9.99999811E-01  1.07772744E+00
    28  8.40000000E+00  1.07972343E+00  9.99999774E-01  1.07972343E+00
    29  8.70000000E+00  1.08172886E+00  9.99999733E-01  1.08172886E+00
    30  9.00000000E+00  1.08357204E+00  9.99999687E-01  1.08357204E+00
    31  9.30000000E+00  1.08549527E+00  9.99999634E-01  1.08549527E+00
    32  9.60000000E+00  1.08728085E+00  9.99999576E-01  1.08728085E+00
    33  9.90000000E+00  1.08898006E+00  9.99999510E-01  1.08898006E+00
    34  1.02000000E+01  1.09074412E+00  9.99999436E-01  1.09074412E+00
    35  1.05000000E+01  1.09234340E+00  9.99999354E-01  1.09234340E+00
    36  1.08000000E+01  1.09395480E+00  9.99999263E-01  1.09395480E+00
    37  1.11000000E+01  1.09553264E+00  9.99999162E-01  1.09553264E+00
    38  1.14000000E+01  1.09694479E+00  9.99999050E-01  1.09694479E+00
    39  1.17000000E+01  1.09843912E+00  9.99998927E-01  1.09843912E+00
    40  1.20000000E+01  1.09986428E+00  9.99998792E-01  1.09986428E+00
    41  1.23000000E+01  1.10112567E+00  9.99998642E-01  1.10112567E+00
    42  1.26000000E+01  1.10250763E+00  9.99998478E-01  1.10250763E+00
    43  1.29000000E+01  1.10378018E+00  9.99998299E-01  1.10378018E+00
    44  1.32000000E+01  1.10489228E+00  9.99998102E-01  1.10489228E+00
    45  1.35000000E+01  1.10615697E+00  9.99997888E-01  1.10615697E+00
    46  1.38000000E+01  1.10728540E+00  9.99997653E-01  1.10728540E+00
    47  1.41000000E+01  1.10828875E+00  9.99997398E-01  1.10828875E+00
    48  1.44000000E+01  1.10943031E+00  9.99997121E-01  1.10943031E+00
    49  1.47000000E+01  1.11041707E+00  9.99996819E-01  1.11041707E+00
    50  1.50000000E+01  1.11133656E+00  9.99996491E-01  1.11133656E+00
    51  1.53000000E+01  1.11233899E+00  9.99996136E-01  1.11233899E+00
    52  1.56000000E+01  1.11319404E+00  9.99995752E-01  1.11319404E+00
    53  1.59000000E+01  1.11404744E+00  9.99995337E-01  1.11404744E+00
    54  1.62000000E+01  1.11491437E+00  9.99994888E-01  1.11491437E+00
    55  1.65000000E+01  1.11564297E+00  9.99994403E-01  1.11564297E+00
    56  1.68000000E+01  1.11643678E+00  9.99993881E-01  1.11643678E+00
    57  1.71000000E+01  1.11717984E+00  9.99993319E-01  1.11717984E+00
    58  1.74000000E+01  1.11779572E+00  9.99992714E-01  1.11779572E+00
    59  1.77000000E+01  1.11853169E+00  9.99992064E-01  1.11853169E+00
    60  1.80000000E+01  1.11915737E+00  9.99991366E-01  1.11915737E+00
    61  1.83000000E+01  1.11972393E+00  9.99990617E-01  1.11972393E+00
    62  1.86000000E+01  1.12036301E+00  9.99989815E-01  1.12036301E+00
    63  1.89000000E+01  1.12088604E+00  9.99988957E-01  1.12088604E+00
    64  1.92000000E+01  1.12141136E+00  9.99988039E-01  1.12141136E+00
    65  1.95000000E+01  1.12194309E+00  9.99987059E-01  1.12194309E+00
    66  1.98000000E+01  1.12237236E+00  9.99986013E-01  1.12237236E+00
    67  2.01000000E+01  1.12287530E+00  9.99984897E-01  1.12287530E+00
    68  2.04000000E+01  1.12331504E+00  9.99983709E-01  1.12331504E+00
    69  2.07000000E+01  1.12367559E+00  9.99982444E-01  1.12367559E+00
    70  2.10000000E+01  1.12412300E+00  9.99981100E-01  1.12412300E+00
    71  2.13000000E+01  1.12448038E+00  9.99979673E-01  1.12448038E+00
    72  2.16000000E+01  1.12483472E+00  9.99978159E-01  1.12483472E+00
    73  2.19000000E+01  1.12520106E+00  9.99976554E-01  1.12520106E+00
    74  2.22000000E+01  1.12549141E+00  9.99974855E-01  1.12549141E+00
    75  2.25000000E+01  1.12580877E+00  9.99973059E-01  1.12580877E+00
    76  2.28000000E+01  1.12610420E+00  9.99971161E-01  1.12610420E+00
    77  2.31000000E+01  1.12634467E+00  9.99969158E-01  1.12634467E+00
    78  2.34000000E+01  1.12664750E+00  9.99967047E-01  1.12664750E+00
    79  2.37000000E+01  1.12688657E+00  9.99964825E-01  1.12688657E+00
    80  2.40000000E+01  1.12709626E+00  9.99962488E-01  1.12709626E+00
    81  2.43000000E+01  1.12733941E+00  9.99960034E-01  1.12733941E+00
    82  2.46000000E+01  1.12753279E+00  9.99957460E-01  1.12753279E+00
    83  2.49000000E+01  1.12774246E+00  9.99954764E-01  1.12774246E+00
    84  2.52000000E+01  1.12793935E+00  9.99951943E-01  1.12793935E+00
    85  2.55000000E+01  1.12809858E+00  9.99948997E-01  1.12809858E+00
    86  2.58000000E+01  1.12826684E+00  9.99945925E-01  1.12826684E+00
    87  2.61000000E+01  1.12842797E+00  9.99942726E-01  1.12842797E+00
    88  2.64000000E+01  1.12856312E+00  9.99939401E-01  1.12856312E+00
    89  2.67000000E+01  1.12872373E+00  9.99935950E-01  1.12872373E+00
    90  2.70000000E+01  1.12885890E+00  9.99932376E-01  1.12885890E+00
    91  2.73000000E+01  1.12897719E+00  9.99928681E-01  1.12897719E+00
    92  2.76000000E+01  1.12909068E+00  9.99924870E-01  1.12909068E+00
    93  2.79000000E+01  1.12920937E+00  9.99920948E-01  1.12920937E+00
    94  2.82000000E+01  1.12931931E+00  9.99916922E-01  1.12931931E+00
    95  2.85000000E+01  1.12942681E+00  9.99912799E-01  1.12942681E+00
    96  2.88000000E+01  1.12953566E+00  9.99908591E-01  1.12953566E+00
    97  2.91000000E+01  1.12964729E+00  9.99904308E-01  1.12964729E+00
    98  2.94000000E+01  1.12976129E+00  9.99899964E-01  1.12976129E+00
    99  2.97000000E+01  1.12987584E+00  9.99895576E-01  1.12987584E+00
   100  3.00000000E+01  1.12998835E+00  9.99891163E-01  1.12998835E+00
   101  3.03000000E+01  1.13009601E+00  9.99886745E-01  1.13009601E+00
   102  3.06000000E+01  1.13019624E+00  9.99882347E-01  1.13019624E+00
   103  3.09000000E+01  1.13028710E+00  9.99877998E-01  1.13028710E+00
   104  3.12000000E+01  1.13038739E+00  9.99873729E-01  1.13038739E+00
   105  3.15000000E+01  1.13047973E+00  9.99869575E-01  1.13047973E+00
   106  3.18000000E+01  1.13056197E+00  9.99865576E-01  1.13056197E+00
   107  3.21000000E+01  1.13064123E+00  9.99861777E-01  1.13064123E+00
   108  3.24000000E+01  1.13072477E+00  9.99858228E-01  1.13072477E+00
   109  3.27000000E+01  1.13079751E+00  9.99854985E-01  1.13079751E+00
   110  3.30000000E+01  1.13085962E+00  9.99852108E-01  1.13085962E+00
   111  3.33000000E+01  1.13092847E+00  9.99849667E-01  1.13092847E+00
   112  3.36000000E+01  1.13099263E+00  9.99847736E-01  1.13099263E+00
   113  3.39000000E+01  1.13104679E+00  9.99846399E-01  1.13104679E+00
   114  3.42000000E+01  1.13110119E+00  9.99845748E-01  1.13110119E+00
   115  3.45000000E+01  1.13115619E+00  9.99845881E-01  1.13115619E+00
   116  3.48000000E+01  1.13120212E+00  9.99846911E-01  1.13120212E+00
   117  3.51000000E+01  1.13124251E+00  9.99848957E-01  1.13124251E+00
   118  3.54000000E+01  1.13129008E+00  9.99852151E-01  1.13129008E+00
   119  3.57000000E+01  1.13132962E+00  9.99856637E-01  1.13132962E+00
   120  3.60000000E+01  1.13136263E+00  9.99862573E-01  1.13136263E+00
   121  3.63000000E+01  1.13139898E+00  9.99870128E-01  1.13139898E+00
   122  3.66000000E+01  1.13143232E+00  9.99879490E-01  1.13143232E+00
   123  3.69000000E+01  1.13146049E+00  9.99890861E-01  1.13146049E+00
   124  3.72000000E+01  1.13148720E+00  9.99904458E-01  1.13148720E+00
   125  3.75000000E+01  1.13151591E+00  9.99920519E-01  1.13151591E+00
   126  3.78000000E+01  1.13154040E+00  9.99939302E-01  1.13154040E+00
   127  3.81000000E+01  1.13156180E+00  9.99961084E-01  1.13156180E+00
   128  3.84000000E+01  1.13158092E+00  9.99986164E-01  1.13158092E+00
   129  3.87000000E+01  1.13160240E+00  1.00001487E+00  1.13160240E+00
   130  3.90000000E+01  1.13162163E+00  1.00004754E+00  1.13162163E+00
   131  3.93000000E+01  1.13163912E+00  1.00008456E+00  1.13163912E+00
   132  3.96000000E+01  1.13165511E+00  1.00012632E+00  1.13165511E+00
   133  3.99000000E+01  1.13166968E+00  1.00017328E+00  1.13166968E+00
   134  4.02000000E+01  1.13168536E+00  1.00022588E+00  1.13168536E+00
   135  4.05000000E+01  1.13169977E+00  1.00028462E+00  1.13169977E+00
   136  4.08000000E+01  1.13171282E+00  1.00035005E+00  1.13171282E+00
   137  4.11000000E+01  1.13172445E+00  1.00042274E+00  1.13172445E+00
   138  4.14000000E+01  1.13173461E+00  1.00050329E+00  1.13173461E+00
   139  4.17000000E+01  1.13174530E+00  1.00059237E+00  1.13174530E+00
   140  4.20000000E+01  1.13175567E+00  1.00069067E+00  1.13175567E+00
   141  4.23000000E+01  1.13176454E+00  1.00079893E+00  1.13176454E+00
   142  4.26000000E+01  1.13177194E+00  1.00091795E+00  1.13177194E+00
   143  4.29000000E+01  1.13177799E+00  1.00104858E+00  1.13177799E+00
   144  4.32000000E+01  1.13178538E+00  1.00119170E+00  1.13178538E+00
   145  4.35000000E+01  1.13179165E+00  1.00134827E+00  1.13179165E+00
   146  4.38000000E+01  1.13179671E+00  1.00151930E+00  1.13179671E+00
   147  4.41000000E+01  1.13180072E+00  1.00170585E+00  1.13180072E+00
   148  4.44000000E+01  1.13180428E+00  1.00190907E+00  1.13180428E+00
   149  4.47000000E+01  1.13180838E+00  1.00213014E+00  1.13180838E+00
   150  4.50000000E+01  1.13181160E+00  1.00237032E+00  1.13181160E+00
   151  4.53000000E+01  1.13181412E+00  1.00263095E+00  1.13181412E+00
   152  4.56000000E+01  1.13181611E+00  1.00291343E+00  1.13181611E+00
   153  4.59000000E+01  1.13181768E+00  1.00321923E+00  1.13181768E+00
   154  4.62000000E+01  1.13181892E+00  1.00354989E+00  1.13181892E+00
   155  4.65000000E+01  1.13182047E+00  1.00390702E+00  1.13182047E+00
   156  4.68000000E+01  1.13182170E+00  1.00429234E+00  1.13182170E+00
   157  4.71000000E+01  1.13182266E+00  1.00470760E+00  1.13182266E+00
   158  4.74000000E+01  1.13182339E+00  1.00515464E+00  1.13182339E+00
   159  4.77000000E+01  1.13182392E+00  1.00563539E+00  1.13182392E+00
   160  4.80000000E+01  1.13182427E+00  1.00615184E+00  1.13182427E+00
   161  4.83000000E+01  1.13182445E+00  1.00670604E+00  1.13182445E+00
   162  4.86000000E+01  1.13182449E+00  1.00730014E+00  1.13182449E+00
   163  4.89000000E+01  1.13182440E+00  1.00793631E+00  1.13182440E+00
   164  4.92000000E+01  1.13182420E+00  1.00861683E+00  1.13182420E+00
   165  4.95000000E+01  1.13182392E+00  1.00934400E+00  1.13182392E+00
   166  4.98000000E+01  1.13182358E+00  1.01012018E+00  1.13182358E+00
   167  5.01000000E+01  1.13182320E+00  1.01094777E+00  1.13182320E+00
   168  5.04000000E+01  1.13182279E+00  1.01182919E+00  1.13182279E+00
   169  5.07000000E+01  1.13182236E+00  1.01276690E+00  1.13182236E+00
   170  5.10000000E+01  1.13182193E+00  1.01376334E+00  1.13182193E+00
   171  5.13000000E+01  1.13182149E+00  1.01482098E+00  1.13182149E+00
   172  5.16000000E+01  1.13182107E+00  1.01594222E+00  1.13182107E+00
   173  5.19000000E+01  1.13182065E+00  1.01712946E+00  1.13182065E+00
   174  5.22000000E+01  1.13182024E+00  1.01838503E+00  1.13182024E+00
   175  5.25000000E+01  1.13181984E+00  1.01971115E+00  1.13181984E+00
   176  5.28000000E+01  1.13181946E+00  1.02110998E+00  1.13181946E+00
   177  5.31000000E+01  1.13181909E+00  1.02258350E+00  1.13181909E+00
   178  5.34000000E+01  1.13181874E+00  1.02413357E+00  1.13181874E+00
   179  5.37000000E+01  1.13181841E+00  1.02576185E+00  1.13181841E+00
   180  5.40000000E+01  1.13181810E+00  1.02746976E+00  1.13181810E+00
   181  5.43000000E+01  1.13181780E+00  1.02925850E+00  1.13181780E+00
   182  5.46000000E+01  1.13181752E+00  1.03112898E+00  1.13181752E+00
   183  5.49000000E+01  1.13181727E+00  1.03308176E+00  1.13181727E+00
   184  5.52000000E+01  1.13181703E+00  1.03511710E+00  1.13181703E+00
   185  5.55000000E+01  1.13181680E+00  1.03723481E+00  1.13181680E+00
   186  5.58000000E+01  1.13181659E+00  1.03943433E+00  1.13181659E+00
   187  5.61000000E+01  1.13181640E+00  1.04171462E+00  1.13181640E+00
   188  5.64000000E+01  1.13181622E+00  1.04407414E+00  1.13181622E+00
   189  5.67000000E+01  1.13181605E+00  1.04651085E+00  1.13181605E+00
   190  5.70000000E+01  1.13181590E+00  1.04902214E+00  1.13181590E+00
   191  5.73000000E+01  1.13181576E+00  1.05160486E+00  1.13181576E+00
   192  5.76000000E+01  1.13181563E+00  1.05425522E+00  1.13181563E+00
   193  5.79000000E+01  1.13181551E+00  1.05696885E+00  1.13181551E+00
   194  5.82000000E+01  1.13181540E+00  1.05974074E+00  1.13181540E+00
   195  5.85000000E+01  1.13181530E+00  1.06256526E+00  1.13181530E+00
   196  5.88000000E+01  1.13181521E+00  1.06543614E+00  1.13181521E+00
   197  5.91000000E+01  1.13181513E+00  1.06834650E+00  1.13181513E+00
   198  5.94000000E+01  1.13181505E+00  1.07128885E+00  1.13181505E+00
   199  5.97000000E+01  1.13181498E+00  1.07425511E+00  1.13181498E+00
   200  6.00000000E+01  1.13181492E+00  1.07723664E+00  1.13181492E+00
   201  6.03000000E+01  1.13181486E+00  1.08022432E+00  1.13181486E+00
   202  6.06000000E+01  1.13181480E+00  1.08320852E+00  1.13181480E+00
   203  6.09000000E+01  1.13181476E+00  1.08617924E+00  1.13181476E+00
   204  6.12000000E+01  1.13181471E+00  1.08912613E+00  1.13181471E+00
   205  6.15000000E+01  1.13181467E+00  1.09203856E+00  1.13181467E+00
   206  6.18000000E+01  1.13181463E+00  1.09490573E+00  1.13181463E+00
   207  6.21000000E+01  1.13181460E+00  1.09771676E+00  1.13181460E+00
   208  6.24000000E+01  1.13181457E+00  1.10046075E+00  1.13181457E+00
   209  6.27000000E+01  1.13181454E+00  1.10312697E+00  1.13181454E+00
   210  6.30000000E+01  1.13181452E+00  1.10570488E+00  1.13181452E+00
   211  6.33000000E+01  1.13181449E+00  1.10818433E+00  1.13181449E+00
   212  6.36000000E+01  1.13181447E+00  1.11055569E+00  1.13181447E+00
   213  6.39000000E+01  1.13181445E+00  1.11280995E+00  1.13181445E+00
   214  6.42000000E+01  1.13181443E+00  1.11493890E+00  1.13181443E+00
   215  6.45000000E+01  1.13181442E+00  1.11693528E+00  1.13181442E+00
   216  6.48000000E+01  1.13181440E+00  1.11879292E+00  1.13181440E+00
   217  6.51000000E+01  1.13181439E+00  1.12050691E+00  1.13181439E+00
   218  6.54000000E+01  1.13181438E+00  1.12207374E+00  1.13181438E+00
   219  6.57000000E+01  1.13181437E+00  1.12349144E+00  1.13181437E+00
   220  6.60000000E+01  1.13181436E+00  1.12475968E+00  1.13181436E+00
   221  6.63000000E+01  1.13181435E+00  1.12587990E+00  1.13181435E+00
   222  6.66000000E+01  1.13181434E+00  1.12685535E+00  1.13181434E+00
   223  6.69000000E+01  1.13181433E+00  1.12769108E+00  1.13181433E+00
   224  6.72000000E+01  1.13181432E+00  1.12839399E+00  1.13181432E+00
   225  6.75000000E+01  1.13181432E+00  1.12897265E+00  1.13181432E+00
   226  6.78000000E+01  1.13181431E+00  1.12943722E+00  1.13181431E+00
   227  6.81000000E+01  1.13181431E+00  1.12979922E+00  1.13181431E+00
   228  6.84000000E+01  1.13181430E+00  1.13007124E+00  1.13181430E+00
   229  6.87000000E+01  1.13181430E+00  1.13026662E+00  1.13181430E+00
   230  6.90000000E+01  1.13181429E+00  1.13039907E+00  1.13181429E+00
   231  6.93000000E+01  1.13181429E+00  1.13048225E+00  1.13181429E+00
   232  6.96000000E+01  1.13181429E+00  1.13052936E+00  1.13181429E+00
   233  6.99000000E+01  1.13181428E+00  1.13055268E+00  1.13181428E+00
   234  7.02000000E+01  1.13181428E+00  1.13056323E+00  1.13181428E+00
   235  7.05000000E+01  1.13181428E+00  1.13057041E+00  1.13181428E+00
   236  7.08000000E+01  1.13181428E+00  1.13058177E+00  1.13181428E+00
   237  7.11000000E+01  1.13181427E+00  1.13060282E+00  1.13181427E+00
   238  7.14000000E+01  1.13181427E+00  1.13063704E+00  1.13181427E+00
   239  7.17000000E+01  1.13181427E+00  1.13068591E+00  1.13181427E+00
   240  7.20000000E+01  1.13181427E+00  1.13074911E+00  1.13181427E+00
   241  7.23000000E+01  1.13181427E+00  1.13082483E+00  1.13181427E+00
   242  7.26000000E+01  1.13181427E+00  1.13091007E+00  1.13181427E+00
   243  7.29000000E+01  1.13181426E+00  1.13100108E+00  1.13181426E+00
   244  7.32000000E+01  1.13181426E+00  1.13109379E+00  1.13181426E+00
   245  7.35000000E+01  1.13181426E+00  1.13118417E+00  1.13181426E+00
   246  7.38000000E+01  1.13181426E+00  1.13126864E+00  1.13181426E+00
   247  7.41000000E+01  1.13181426E+00  1.13134429E+00  1.13181426E+00
   248  7.44000000E+01  1.13181426E+00  1.13140910E+00  1.13181426E+00
   249  7.47000000E+01  1.13181426E+00  1.13146202E+00  1.13181426E+00
   250  7.50000000E+01  1.13181426E+00  1.13150292E+00  1.13181426E+00
   251  7.53000000E+01  1.13181426E+00  1.13153254E+00  1.13181426E+00
   252  7.56000000E+01  1.13181426E+00  1.13155229E+00  1.13181426E+00
   253  7.59000000E+01  1.13181426E+00  1.13156401E+00  1.13181426E+00
   254  7.62000000E+01  1.13181426E+00  1.13156979E+00  1.13181426E+00
   255  7.65000000E+01  1.13181426E+00  1.13157168E+00  1.13181426E+00
   256  7.68000000E+01  1.13181426E+00  1.13157157E+00  1.13181426E+00
   257  7.71000000E+01  1.13181426E+00  1.13157098E+00  1.13181426E+00
   258  7.74000000E+01  1.13181426E+00  1.13157103E+00  1.13181426E+00
   259  7.77000000E+01  1.13181426E+00  1.13157236E+00  1.13181426E+00
   260  7.80000000E+01  1.13181425E+00  1.13157523E+00  1.13181425E+00
   261  7.83000000E+01  1.13181425E+00  1.13157951E+00  1.13181425E+00
   262  7.86000000E+01  1.13181425E+00  1.13158486E+00  1.13181425E+00
   263  7.89000000E+01  1.13181425E+00  1.13159076E+00  1.13181425E+00
 steady-height stop at step    263: changes <=   1.0000E-05, max-end <=   1.0000E-02, max/end/gap/profile_change =   1.13181425E+00  1.13159076E+00  2.23497399E-04  5.90000410E-06


STDERR:
