COMMAND:
/shared/extrudate_rom/generate_rom_data/extrudate_swell2d_c_cluster

STDOUT:
 comppar: model =   3
 comppar: lambda,mobility/eps,betav,eta_0 =  1.0000E+01  2.3333E-01  5.0000E-01  1.0000E+00
 comppar: eta_s,eta_p,G =  5.0000E-01  5.0000E-01  5.0000E-02
 comppar: U_avg,deltat,flowrate,nsteps =  1.0000E-01  3.0000E-01  3.1416E-01     700
 comppar: geometry = axisymmetric
 comppar: steady stop change,gap,hold,min =  1.0000E-05  1.0000E-02      10      80
 comppar: ncompc,ncompg =     4     5
 mesh nnodes = 5765
 mesh nelem = 2780
 P1 BC   5.0000000000000000     
 P2 BC   0.0000000000000000     
     1  3.00000000E-01  1.00379152E+00  1.00000000E+00  1.00379152E+00
     2  6.00000000E-01  1.00749787E+00  1.00000000E+00  1.00749787E+00
     3  9.00000000E-01  1.01111872E+00  1.00000000E+00  1.01111872E+00
     4  1.20000000E+00  1.01465618E+00  1.00000000E+00  1.01465618E+00
     5  1.50000000E+00  1.01811294E+00  1.00000000E+00  1.01811294E+00
     6  1.80000000E+00  1.02148806E+00  1.00000000E+00  1.02148806E+00
     7  2.10000000E+00  1.02478999E+00  1.00000000E+00  1.02478999E+00
     8  2.40000000E+00  1.02803604E+00  1.00000000E+00  1.02803604E+00
     9  2.70000000E+00  1.03121618E+00  1.00000000E+00  1.03121618E+00
    10  3.00000000E+00  1.03433061E+00  1.00000000E+00  1.03433061E+00
    11  3.30000000E+00  1.03740478E+00  1.00000000E+00  1.03740478E+00
    12  3.60000000E+00  1.04043417E+00  1.00000000E+00  1.04043417E+00
    13  3.90000000E+00  1.04339970E+00  1.00000000E+00  1.04339970E+00
    14  4.20000000E+00  1.04636915E+00  1.00000000E+00  1.04636915E+00
    15  4.50000000E+00  1.04925741E+00  9.99999998E-01  1.04925741E+00
    16  4.80000000E+00  1.05216883E+00  9.99999995E-01  1.05216883E+00
    17  5.10000000E+00  1.05500524E+00  9.99999990E-01  1.05500524E+00
    18  5.40000000E+00  1.05786876E+00  9.99999984E-01  1.05786876E+00
    19  5.70000000E+00  1.06064465E+00  9.99999977E-01  1.06064465E+00
    20  6.00000000E+00  1.06345987E+00  9.99999968E-01  1.06345987E+00
    21  6.30000000E+00  1.06622312E+00  9.99999958E-01  1.06622312E+00
    22  6.60000000E+00  1.06895564E+00  9.99999946E-01  1.06895564E+00
    23  6.90000000E+00  1.07171274E+00  9.99999931E-01  1.07171274E+00
    24  7.20000000E+00  1.07439427E+00  9.99999915E-01  1.07439427E+00
    25  7.50000000E+00  1.07709474E+00  9.99999895E-01  1.07709474E+00
    26  7.80000000E+00  1.07979854E+00  9.99999873E-01  1.07979854E+00
    27  8.10000000E+00  1.08243276E+00  9.99999849E-01  1.08243276E+00
    28  8.40000000E+00  1.08508256E+00  9.99999820E-01  1.08508256E+00
    29  8.70000000E+00  1.08774204E+00  9.99999789E-01  1.08774204E+00
    30  9.00000000E+00  1.09033740E+00  9.99999754E-01  1.09033740E+00
    31  9.30000000E+00  1.09287144E+00  9.99999714E-01  1.09287144E+00
    32  9.60000000E+00  1.09550991E+00  9.99999670E-01  1.09550991E+00
    33  9.90000000E+00  1.09809070E+00  9.99999622E-01  1.09809070E+00
    34  1.02000000E+01  1.10061528E+00  9.99999568E-01  1.10061528E+00
    35  1.05000000E+01  1.10308798E+00  9.99999509E-01  1.10308798E+00
    36  1.08000000E+01  1.10564375E+00  9.99999444E-01  1.10564375E+00
    37  1.11000000E+01  1.10815529E+00  9.99999373E-01  1.10815529E+00
    38  1.14000000E+01  1.11061959E+00  9.99999295E-01  1.11061959E+00
    39  1.17000000E+01  1.11304207E+00  9.99999209E-01  1.11304207E+00
    40  1.20000000E+01  1.11542829E+00  9.99999116E-01  1.11542829E+00
    41  1.23000000E+01  1.11786506E+00  9.99999014E-01  1.11786506E+00
    42  1.26000000E+01  1.12029283E+00  9.99998904E-01  1.12029283E+00
    43  1.29000000E+01  1.12268584E+00  9.99998784E-01  1.12268584E+00
    44  1.32000000E+01  1.12504743E+00  9.99998654E-01  1.12504743E+00
    45  1.35000000E+01  1.12737895E+00  9.99998513E-01  1.12737895E+00
    46  1.38000000E+01  1.12967915E+00  9.99998360E-01  1.12967915E+00
    47  1.41000000E+01  1.13194385E+00  9.99998195E-01  1.13194385E+00
    48  1.44000000E+01  1.13424556E+00  9.99998016E-01  1.13424556E+00
    49  1.47000000E+01  1.13653115E+00  9.99997823E-01  1.13653115E+00
    50  1.50000000E+01  1.13877334E+00  9.99997616E-01  1.13877334E+00
    51  1.53000000E+01  1.14096345E+00  9.99997392E-01  1.14096345E+00
    52  1.56000000E+01  1.14309163E+00  9.99997151E-01  1.14309163E+00
    53  1.59000000E+01  1.14514812E+00  9.99996892E-01  1.14514812E+00
    54  1.62000000E+01  1.14728990E+00  9.99996614E-01  1.14728990E+00
    55  1.65000000E+01  1.14937469E+00  9.99996315E-01  1.14937469E+00
    56  1.68000000E+01  1.15138152E+00  9.99995994E-01  1.15138152E+00
    57  1.71000000E+01  1.15330349E+00  9.99995650E-01  1.15330349E+00
    58  1.74000000E+01  1.15516712E+00  9.99995282E-01  1.15516712E+00
    59  1.77000000E+01  1.15711833E+00  9.99994887E-01  1.15711833E+00
    60  1.80000000E+01  1.15897955E+00  9.99994465E-01  1.15897955E+00
    61  1.83000000E+01  1.16074788E+00  9.99994014E-01  1.16074788E+00
    62  1.86000000E+01  1.16242278E+00  9.99993532E-01  1.16242278E+00
    63  1.89000000E+01  1.16413105E+00  9.99993017E-01  1.16413105E+00
    64  1.92000000E+01  1.16583690E+00  9.99992468E-01  1.16583690E+00
    65  1.95000000E+01  1.16744922E+00  9.99991883E-01  1.16744922E+00
    66  1.98000000E+01  1.16896983E+00  9.99991259E-01  1.16896983E+00
    67  2.01000000E+01  1.17044654E+00  9.99990594E-01  1.17044654E+00
    68  2.04000000E+01  1.17199208E+00  9.99989887E-01  1.17199208E+00
    69  2.07000000E+01  1.17344715E+00  9.99989135E-01  1.17344715E+00
    70  2.10000000E+01  1.17481490E+00  9.99988335E-01  1.17481490E+00
    71  2.13000000E+01  1.17609836E+00  9.99987486E-01  1.17609836E+00
    72  2.16000000E+01  1.17747776E+00  9.99986585E-01  1.17747776E+00
    73  2.19000000E+01  1.17878447E+00  9.99985628E-01  1.17878447E+00
    74  2.22000000E+01  1.18000789E+00  9.99984615E-01  1.18000789E+00
    75  2.25000000E+01  1.18115073E+00  9.99983541E-01  1.18115073E+00
    76  2.28000000E+01  1.18233838E+00  9.99982404E-01  1.18233838E+00
    77  2.31000000E+01  1.18350255E+00  9.99981201E-01  1.18350255E+00
    78  2.34000000E+01  1.18458791E+00  9.99979929E-01  1.18458791E+00
    79  2.37000000E+01  1.18559672E+00  9.99978585E-01  1.18559672E+00
    80  2.40000000E+01  1.18660188E+00  9.99977165E-01  1.18660188E+00
    81  2.43000000E+01  1.18763104E+00  9.99975668E-01  1.18763104E+00
    82  2.46000000E+01  1.18858523E+00  9.99974089E-01  1.18858523E+00
    83  2.49000000E+01  1.18946696E+00  9.99972425E-01  1.18946696E+00
    84  2.52000000E+01  1.19031419E+00  9.99970672E-01  1.19031419E+00
    85  2.55000000E+01  1.19121622E+00  9.99968829E-01  1.19121622E+00
    86  2.58000000E+01  1.19204760E+00  9.99966890E-01  1.19204760E+00
    87  2.61000000E+01  1.19281121E+00  9.99964853E-01  1.19281121E+00
    88  2.64000000E+01  1.19354144E+00  9.99962715E-01  1.19354144E+00
    89  2.67000000E+01  1.19432450E+00  9.99960472E-01  1.19432450E+00
    90  2.70000000E+01  1.19504221E+00  9.99958121E-01  1.19504221E+00
    91  2.73000000E+01  1.19569797E+00  9.99955659E-01  1.19569797E+00
    92  2.76000000E+01  1.19632099E+00  9.99953083E-01  1.19632099E+00
    93  2.79000000E+01  1.19699486E+00  9.99950390E-01  1.19699486E+00
    94  2.82000000E+01  1.19760925E+00  9.99947577E-01  1.19760925E+00
    95  2.85000000E+01  1.19816803E+00  9.99944642E-01  1.19816803E+00
    96  2.88000000E+01  1.19869298E+00  9.99941581E-01  1.19869298E+00
    97  2.91000000E+01  1.19926877E+00  9.99938394E-01  1.19926877E+00
    98  2.94000000E+01  1.19979161E+00  9.99935079E-01  1.19979161E+00
    99  2.97000000E+01  1.20026543E+00  9.99931633E-01  1.20026543E+00
   100  3.00000000E+01  1.20069528E+00  9.99928056E-01  1.20069528E+00
   101  3.03000000E+01  1.20118403E+00  9.99924347E-01  1.20118403E+00
   102  3.06000000E+01  1.20162642E+00  9.99920506E-01  1.20162642E+00
   103  3.09000000E+01  1.20202625E+00  9.99916533E-01  1.20202625E+00
   104  3.12000000E+01  1.20238708E+00  9.99912430E-01  1.20238708E+00
   105  3.15000000E+01  1.20278985E+00  9.99908199E-01  1.20278985E+00
   106  3.18000000E+01  1.20316281E+00  9.99903841E-01  1.20316281E+00
   107  3.21000000E+01  1.20349893E+00  9.99899360E-01  1.20349893E+00
   108  3.24000000E+01  1.20380135E+00  9.99894761E-01  1.20380135E+00
   109  3.27000000E+01  1.20411967E+00  9.99890049E-01  1.20411967E+00
   110  3.30000000E+01  1.20443303E+00  9.99885230E-01  1.20443303E+00
   111  3.33000000E+01  1.20471470E+00  9.99880313E-01  1.20471470E+00
   112  3.36000000E+01  1.20496736E+00  9.99875306E-01  1.20496736E+00
   113  3.39000000E+01  1.20522074E+00  9.99870220E-01  1.20522074E+00
   114  3.42000000E+01  1.20548268E+00  9.99865068E-01  1.20548268E+00
   115  3.45000000E+01  1.20571729E+00  9.99859863E-01  1.20571729E+00
   116  3.48000000E+01  1.20592687E+00  9.99854623E-01  1.20592687E+00
   117  3.51000000E+01  1.20611552E+00  9.99849365E-01  1.20611552E+00
   118  3.54000000E+01  1.20633377E+00  9.99844110E-01  1.20633377E+00
   119  3.57000000E+01  1.20652845E+00  9.99838882E-01  1.20652845E+00
   120  3.60000000E+01  1.20670153E+00  9.99833707E-01  1.20670153E+00
   121  3.63000000E+01  1.20685486E+00  9.99828613E-01  1.20685486E+00
   122  3.66000000E+01  1.20701753E+00  9.99823633E-01  1.20701753E+00
   123  3.69000000E+01  1.20717756E+00  9.99818803E-01  1.20717756E+00
   124  3.72000000E+01  1.20731904E+00  9.99814162E-01  1.20731904E+00
   125  3.75000000E+01  1.20744361E+00  9.99809754E-01  1.20744361E+00
   126  3.78000000E+01  1.20755278E+00  9.99805627E-01  1.20755278E+00
   127  3.81000000E+01  1.20768136E+00  9.99801833E-01  1.20768136E+00
   128  3.84000000E+01  1.20779618E+00  9.99798430E-01  1.20779618E+00
   129  3.87000000E+01  1.20789654E+00  9.99795481E-01  1.20789654E+00
   130  3.90000000E+01  1.20798379E+00  9.99793055E-01  1.20798379E+00
   131  3.93000000E+01  1.20806630E+00  9.99791228E-01  1.20806630E+00
   132  3.96000000E+01  1.20815824E+00  9.99790081E-01  1.20815824E+00
   133  3.99000000E+01  1.20823790E+00  9.99789702E-01  1.20823790E+00
   134  4.02000000E+01  1.20830646E+00  9.99790189E-01  1.20830646E+00
   135  4.05000000E+01  1.20836503E+00  9.99791646E-01  1.20836503E+00
   136  4.08000000E+01  1.20841918E+00  9.99794186E-01  1.20841918E+00
   137  4.11000000E+01  1.20848157E+00  9.99797932E-01  1.20848157E+00
   138  4.14000000E+01  1.20853459E+00  9.99803015E-01  1.20853459E+00
   139  4.17000000E+01  1.20857921E+00  9.99809580E-01  1.20857921E+00
   140  4.20000000E+01  1.20861627E+00  9.99817779E-01  1.20861627E+00
   141  4.23000000E+01  1.20864656E+00  9.99827778E-01  1.20864656E+00
   142  4.26000000E+01  1.20868396E+00  9.99839756E-01  1.20868396E+00
   143  4.29000000E+01  1.20871677E+00  9.99853905E-01  1.20871677E+00
   144  4.32000000E+01  1.20874327E+00  9.99870431E-01  1.20874327E+00
   145  4.35000000E+01  1.20876412E+00  9.99889556E-01  1.20876412E+00
   146  4.38000000E+01  1.20877995E+00  9.99911517E-01  1.20877995E+00
   147  4.41000000E+01  1.20879131E+00  9.99936568E-01  1.20879131E+00
   148  4.44000000E+01  1.20880712E+00  9.99964983E-01  1.20880712E+00
   149  4.47000000E+01  1.20882032E+00  9.99997052E-01  1.20882032E+00
   150  4.50000000E+01  1.20882937E+00  1.00003309E+00  1.20882937E+00
   151  4.53000000E+01  1.20883475E+00  1.00007342E+00  1.20883475E+00
   152  4.56000000E+01  1.20883691E+00  1.00011842E+00  1.20883691E+00
   153  4.59000000E+01  1.20883625E+00  1.00016844E+00  1.20883625E+00
   154  4.62000000E+01  1.20883313E+00  1.00022390E+00  1.20883313E+00
   155  4.65000000E+01  1.20882991E+00  1.00028523E+00  1.20882991E+00
   156  4.68000000E+01  1.20882779E+00  1.00035289E+00  1.20882779E+00
   157  4.71000000E+01  1.20882343E+00  1.00042736E+00  1.20882343E+00
   158  4.74000000E+01  1.20881716E+00  1.00050916E+00  1.20881716E+00
   159  4.77000000E+01  1.20880925E+00  1.00059884E+00  1.20880925E+00
   160  4.80000000E+01  1.20879997E+00  1.00069697E+00  1.20879997E+00
   161  4.83000000E+01  1.20878955E+00  1.00080419E+00  1.20878955E+00
   162  4.86000000E+01  1.20877821E+00  1.00092113E+00  1.20877821E+00
   163  4.89000000E+01  1.20876613E+00  1.00104850E+00  1.20876613E+00
   164  4.92000000E+01  1.20875349E+00  1.00118702E+00  1.20875349E+00
   165  4.95000000E+01  1.20874044E+00  1.00133747E+00  1.20874044E+00
   166  4.98000000E+01  1.20872712E+00  1.00150066E+00  1.20872712E+00
   167  5.01000000E+01  1.20871365E+00  1.00167746E+00  1.20871365E+00
   168  5.04000000E+01  1.20870013E+00  1.00186877E+00  1.20870013E+00
   169  5.07000000E+01  1.20868666E+00  1.00207555E+00  1.20868666E+00
   170  5.10000000E+01  1.20867333E+00  1.00229880E+00  1.20867333E+00
   171  5.13000000E+01  1.20866021E+00  1.00253959E+00  1.20866021E+00
   172  5.16000000E+01  1.20864736E+00  1.00279903E+00  1.20864736E+00
   173  5.19000000E+01  1.20863483E+00  1.00307827E+00  1.20863483E+00
   174  5.22000000E+01  1.20862267E+00  1.00337855E+00  1.20862267E+00
   175  5.25000000E+01  1.20861092E+00  1.00370114E+00  1.20861092E+00
   176  5.28000000E+01  1.20859960E+00  1.00404738E+00  1.20859960E+00
   177  5.31000000E+01  1.20858876E+00  1.00441866E+00  1.20858876E+00
   178  5.34000000E+01  1.20857839E+00  1.00481645E+00  1.20857839E+00
   179  5.37000000E+01  1.20856852E+00  1.00524225E+00  1.20856852E+00
   180  5.40000000E+01  1.20855916E+00  1.00569766E+00  1.20855916E+00
   181  5.43000000E+01  1.20855031E+00  1.00618430E+00  1.20855031E+00
   182  5.46000000E+01  1.20854198E+00  1.00670388E+00  1.20854198E+00
   183  5.49000000E+01  1.20853416E+00  1.00725816E+00  1.20853416E+00
   184  5.52000000E+01  1.20852685E+00  1.00784896E+00  1.20852685E+00
   185  5.55000000E+01  1.20852004E+00  1.00847816E+00  1.20852004E+00
   186  5.58000000E+01  1.20851372E+00  1.00914768E+00  1.20851372E+00
   187  5.61000000E+01  1.20850789E+00  1.00985952E+00  1.20850789E+00
   188  5.64000000E+01  1.20850253E+00  1.01061570E+00  1.20850253E+00
   189  5.67000000E+01  1.20849762E+00  1.01141830E+00  1.20849762E+00
   190  5.70000000E+01  1.20849316E+00  1.01226944E+00  1.20849316E+00
   191  5.73000000E+01  1.20848912E+00  1.01317126E+00  1.20848912E+00
   192  5.76000000E+01  1.20848549E+00  1.01412594E+00  1.20848549E+00
   193  5.79000000E+01  1.20848226E+00  1.01513567E+00  1.20848226E+00
   194  5.82000000E+01  1.20847939E+00  1.01620264E+00  1.20847939E+00
   195  5.85000000E+01  1.20847688E+00  1.01732906E+00  1.20847688E+00
   196  5.88000000E+01  1.20847494E+00  1.01851711E+00  1.20847494E+00
   197  5.91000000E+01  1.20847376E+00  1.01976894E+00  1.20847376E+00
   198  5.94000000E+01  1.20847284E+00  1.02108666E+00  1.20847284E+00
   199  5.97000000E+01  1.20847217E+00  1.02247235E+00  1.20847217E+00
   200  6.00000000E+01  1.20847172E+00  1.02392797E+00  1.20847172E+00
   201  6.03000000E+01  1.20847148E+00  1.02545543E+00  1.20847148E+00
   202  6.06000000E+01  1.20847143E+00  1.02705652E+00  1.20847143E+00
   203  6.09000000E+01  1.20847157E+00  1.02873291E+00  1.20847157E+00
   204  6.12000000E+01  1.20847186E+00  1.03048609E+00  1.20847186E+00
   205  6.15000000E+01  1.20847231E+00  1.03231742E+00  1.20847231E+00
   206  6.18000000E+01  1.20847289E+00  1.03422805E+00  1.20847289E+00
   207  6.21000000E+01  1.20847360E+00  1.03621891E+00  1.20847360E+00
   208  6.24000000E+01  1.20847441E+00  1.03829071E+00  1.20847441E+00
   209  6.27000000E+01  1.20847532E+00  1.04044390E+00  1.20847532E+00
   210  6.30000000E+01  1.20847633E+00  1.04267861E+00  1.20847633E+00
   211  6.33000000E+01  1.20847740E+00  1.04499472E+00  1.20847740E+00
   212  6.36000000E+01  1.20847855E+00  1.04739174E+00  1.20847855E+00
   213  6.39000000E+01  1.20847975E+00  1.04986885E+00  1.20847975E+00
   214  6.42000000E+01  1.20848100E+00  1.05242486E+00  1.20848100E+00
   215  6.45000000E+01  1.20848229E+00  1.05505822E+00  1.20848229E+00
   216  6.48000000E+01  1.20848361E+00  1.05776696E+00  1.20848361E+00
   217  6.51000000E+01  1.20848496E+00  1.06054872E+00  1.20848496E+00
   218  6.54000000E+01  1.20848632E+00  1.06340075E+00  1.20848632E+00
   219  6.57000000E+01  1.20848770E+00  1.06631988E+00  1.20848770E+00
   220  6.60000000E+01  1.20848909E+00  1.06930255E+00  1.20848909E+00
   221  6.63000000E+01  1.20849048E+00  1.07234479E+00  1.20849048E+00
   222  6.66000000E+01  1.20849186E+00  1.07544228E+00  1.20849186E+00
   223  6.69000000E+01  1.20849324E+00  1.07859032E+00  1.20849324E+00
   224  6.72000000E+01  1.20849460E+00  1.08178389E+00  1.20849460E+00
   225  6.75000000E+01  1.20849596E+00  1.08501766E+00  1.20849596E+00
   226  6.78000000E+01  1.20849729E+00  1.08828601E+00  1.20849729E+00
   227  6.81000000E+01  1.20849861E+00  1.09158311E+00  1.20849861E+00
   228  6.84000000E+01  1.20849990E+00  1.09490291E+00  1.20849990E+00
   229  6.87000000E+01  1.20850116E+00  1.09823922E+00  1.20850116E+00
   230  6.90000000E+01  1.20850240E+00  1.10158574E+00  1.20850240E+00
   231  6.93000000E+01  1.20850361E+00  1.10493610E+00  1.20850361E+00
   232  6.96000000E+01  1.20850479E+00  1.10828393E+00  1.20850479E+00
   233  6.99000000E+01  1.20850594E+00  1.11162292E+00  1.20850594E+00
   234  7.02000000E+01  1.20850706E+00  1.11494682E+00  1.20850706E+00
   235  7.05000000E+01  1.20850814E+00  1.11824958E+00  1.20850814E+00
   236  7.08000000E+01  1.20850919E+00  1.12152533E+00  1.20850919E+00
   237  7.11000000E+01  1.20851021E+00  1.12476849E+00  1.20851021E+00
   238  7.14000000E+01  1.20851120E+00  1.12797379E+00  1.20851120E+00
   239  7.17000000E+01  1.20851215E+00  1.13113636E+00  1.20851215E+00
   240  7.20000000E+01  1.20851306E+00  1.13425175E+00  1.20851306E+00
   241  7.23000000E+01  1.20851394E+00  1.13731598E+00  1.20851394E+00
   242  7.26000000E+01  1.20851479E+00  1.14032563E+00  1.20851479E+00
   243  7.29000000E+01  1.20851561E+00  1.14327779E+00  1.20851561E+00
   244  7.32000000E+01  1.20851639E+00  1.14617014E+00  1.20851639E+00
   245  7.35000000E+01  1.20851715E+00  1.14900093E+00  1.20851715E+00
   246  7.38000000E+01  1.20851787E+00  1.15176895E+00  1.20851787E+00
   247  7.41000000E+01  1.20851856E+00  1.15447350E+00  1.20851856E+00
   248  7.44000000E+01  1.20851922E+00  1.15711433E+00  1.20851922E+00
   249  7.47000000E+01  1.20851985E+00  1.15969152E+00  1.20851985E+00
   250  7.50000000E+01  1.20852045E+00  1.16220539E+00  1.20852045E+00
   251  7.53000000E+01  1.20852102E+00  1.16465633E+00  1.20852102E+00
   252  7.56000000E+01  1.20852157E+00  1.16704470E+00  1.20852157E+00
   253  7.59000000E+01  1.20852209E+00  1.16937062E+00  1.20852209E+00
   254  7.62000000E+01  1.20852258E+00  1.17163386E+00  1.20852258E+00
   255  7.65000000E+01  1.20852306E+00  1.17383370E+00  1.20852306E+00
   256  7.68000000E+01  1.20852350E+00  1.17596883E+00  1.20852350E+00
   257  7.71000000E+01  1.20852393E+00  1.17803730E+00  1.20852393E+00
   258  7.74000000E+01  1.20852433E+00  1.18003654E+00  1.20852433E+00
   259  7.77000000E+01  1.20852471E+00  1.18196343E+00  1.20852471E+00
   260  7.80000000E+01  1.20852508E+00  1.18381440E+00  1.20852508E+00
   261  7.83000000E+01  1.20852542E+00  1.18558563E+00  1.20852542E+00
   262  7.86000000E+01  1.20852574E+00  1.18727331E+00  1.20852574E+00
   263  7.89000000E+01  1.20852605E+00  1.18887383E+00  1.20852605E+00
   264  7.92000000E+01  1.20852634E+00  1.19038411E+00  1.20852634E+00
   265  7.95000000E+01  1.20852662E+00  1.19180183E+00  1.20852662E+00
   266  7.98000000E+01  1.20852688E+00  1.19312562E+00  1.20852688E+00
   267  8.01000000E+01  1.20852712E+00  1.19435524E+00  1.20852712E+00
   268  8.04000000E+01  1.20852735E+00  1.19549166E+00  1.20852735E+00
   269  8.07000000E+01  1.20852757E+00  1.19653704E+00  1.20852757E+00
   270  8.10000000E+01  1.20852777E+00  1.19749468E+00  1.20852777E+00
   271  8.13000000E+01  1.20852797E+00  1.19836883E+00  1.20852797E+00
   272  8.16000000E+01  1.20852815E+00  1.19916452E+00  1.20852815E+00
   273  8.19000000E+01  1.20852832E+00  1.19988729E+00  1.20852832E+00
   274  8.22000000E+01  1.20852848E+00  1.20054292E+00  1.20852848E+00
   275  8.25000000E+01  1.20852863E+00  1.20113722E+00  1.20852863E+00
   276  8.28000000E+01  1.20852877E+00  1.20167577E+00  1.20852877E+00
   277  8.31000000E+01  1.20852891E+00  1.20216377E+00  1.20852891E+00
   278  8.34000000E+01  1.20852903E+00  1.20260592E+00  1.20852903E+00
   279  8.37000000E+01  1.20852915E+00  1.20300638E+00  1.20852915E+00
   280  8.40000000E+01  1.20852926E+00  1.20336877E+00  1.20852926E+00
   281  8.43000000E+01  1.20852937E+00  1.20369620E+00  1.20852937E+00
   282  8.46000000E+01  1.20852947E+00  1.20399138E+00  1.20852947E+00
   283  8.49000000E+01  1.20852956E+00  1.20425670E+00  1.20852956E+00
   284  8.52000000E+01  1.20852965E+00  1.20449431E+00  1.20852965E+00
   285  8.55000000E+01  1.20852973E+00  1.20470626E+00  1.20852973E+00
   286  8.58000000E+01  1.20852980E+00  1.20489451E+00  1.20852980E+00
   287  8.61000000E+01  1.20852988E+00  1.20506098E+00  1.20852988E+00
   288  8.64000000E+01  1.20852994E+00  1.20520758E+00  1.20852994E+00
   289  8.67000000E+01  1.20853001E+00  1.20533620E+00  1.20853001E+00
   290  8.70000000E+01  1.20853007E+00  1.20544865E+00  1.20853007E+00
   291  8.73000000E+01  1.20853013E+00  1.20554668E+00  1.20853013E+00
   292  8.76000000E+01  1.20853018E+00  1.20563188E+00  1.20853018E+00
   293  8.79000000E+01  1.20853023E+00  1.20570571E+00  1.20853023E+00
   294  8.82000000E+01  1.20853028E+00  1.20576945E+00  1.20853028E+00
   295  8.85000000E+01  1.20853032E+00  1.20582422E+00  1.20853032E+00
   296  8.88000000E+01  1.20853036E+00  1.20587094E+00  1.20853036E+00
   297  8.91000000E+01  1.20853040E+00  1.20591042E+00  1.20853040E+00
   298  8.94000000E+01  1.20853044E+00  1.20594334E+00  1.20853044E+00
   299  8.97000000E+01  1.20853048E+00  1.20597027E+00  1.20853048E+00
   300  9.00000000E+01  1.20853051E+00  1.20599174E+00  1.20853051E+00
   301  9.03000000E+01  1.20853054E+00  1.20600823E+00  1.20853054E+00
   302  9.06000000E+01  1.20853057E+00  1.20602020E+00  1.20853057E+00
   303  9.09000000E+01  1.20853060E+00  1.20602811E+00  1.20853060E+00
   304  9.12000000E+01  1.20853063E+00  1.20603239E+00  1.20853063E+00
   305  9.15000000E+01  1.20853066E+00  1.20603349E+00  1.20853066E+00
   306  9.18000000E+01  1.20853068E+00  1.20603182E+00  1.20853068E+00
   307  9.21000000E+01  1.20853071E+00  1.20602777E+00  1.20853071E+00
   308  9.24000000E+01  1.20853073E+00  1.20602171E+00  1.20853073E+00
   309  9.27000000E+01  1.20853075E+00  1.20601398E+00  1.20853075E+00
   310  9.30000000E+01  1.20853077E+00  1.20600487E+00  1.20853077E+00
   311  9.33000000E+01  1.20853079E+00  1.20599464E+00  1.20853079E+00
   312  9.36000000E+01  1.20853081E+00  1.20598351E+00  1.20853081E+00
   313  9.39000000E+01  1.20853083E+00  1.20597166E+00  1.20853083E+00
   314  9.42000000E+01  1.20853085E+00  1.20595925E+00  1.20853085E+00
   315  9.45000000E+01  1.20853087E+00  1.20594644E+00  1.20853087E+00
   316  9.48000000E+01  1.20853088E+00  1.20593333E+00  1.20853088E+00
   317  9.51000000E+01  1.20853090E+00  1.20592004E+00  1.20853090E+00
   318  9.54000000E+01  1.20853091E+00  1.20590666E+00  1.20853091E+00
   319  9.57000000E+01  1.20853093E+00  1.20589330E+00  1.20853093E+00
   320  9.60000000E+01  1.20853094E+00  1.20588003E+00  1.20853094E+00
   321  9.63000000E+01  1.20853096E+00  1.20586694E+00  1.20853096E+00
   322  9.66000000E+01  1.20853097E+00  1.20585408E+00  1.20853097E+00
   323  9.69000000E+01  1.20853098E+00  1.20584152E+00  1.20853098E+00
   324  9.72000000E+01  1.20853099E+00  1.20582932E+00  1.20853099E+00
   325  9.75000000E+01  1.20853101E+00  1.20581752E+00  1.20853101E+00
   326  9.78000000E+01  1.20853102E+00  1.20580615E+00  1.20853102E+00
   327  9.81000000E+01  1.20853103E+00  1.20579524E+00  1.20853103E+00
   328  9.84000000E+01  1.20853104E+00  1.20578481E+00  1.20853104E+00
   329  9.87000000E+01  1.20853105E+00  1.20577488E+00  1.20853105E+00
   330  9.90000000E+01  1.20853106E+00  1.20576545E+00  1.20853106E+00
   331  9.93000000E+01  1.20853107E+00  1.20575653E+00  1.20853107E+00
   332  9.96000000E+01  1.20853108E+00  1.20574813E+00  1.20853108E+00
   333  9.99000000E+01  1.20853109E+00  1.20574024E+00  1.20853109E+00
   334  1.00200000E+02  1.20853110E+00  1.20573286E+00  1.20853110E+00
   335  1.00500000E+02  1.20853111E+00  1.20572597E+00  1.20853111E+00
   336  1.00800000E+02  1.20853112E+00  1.20571959E+00  1.20853112E+00
   337  1.01100000E+02  1.20853113E+00  1.20571368E+00  1.20853113E+00
   338  1.01400000E+02  1.20853114E+00  1.20570825E+00  1.20853114E+00
 steady-height stop at step    338: changes <=   1.0000E-05, max-end <=   1.0000E-02, max/end/gap/profile_change =   1.20853114E+00  1.20570825E+00  2.82288982E-03  5.43343928E-06


STDERR:
