COMMAND:
/shared/extrudate_rom/generate_rom_data/extrudate_swell2d_c_cluster

STDOUT:
 comppar: model =   3
 comppar: lambda,mobility/eps,betav,eta_0 =  1.0000E+00  2.3333E-01  9.0000E-01  1.0000E+00
 comppar: eta_s,eta_p,G =  9.0000E-01  1.0000E-01  1.0000E-01
 comppar: U_avg,deltat,flowrate,nsteps =  1.0000E-01  3.0000E-01  3.1416E-01     700
 comppar: geometry = axisymmetric
 comppar: steady stop change,gap,hold,min =  1.0000E-05  1.0000E-02      10      80
 comppar: ncompc,ncompg =     4     5
 mesh nnodes = 5765
 mesh nelem = 2780
 P1 BC   5.0000000000000000     
 P2 BC   0.0000000000000000     
     1  3.00000000E-01  1.00379479E+00  1.00000000E+00  1.00379479E+00
     2  6.00000000E-01  1.00750467E+00  1.00000000E+00  1.00750467E+00
     3  9.00000000E-01  1.01112886E+00  1.00000000E+00  1.01112886E+00
     4  1.20000000E+00  1.01467025E+00  1.00000000E+00  1.01467025E+00
     5  1.50000000E+00  1.01813229E+00  1.00000000E+00  1.01813229E+00
     6  1.80000000E+00  1.02151202E+00  1.00000000E+00  1.02151202E+00
     7  2.10000000E+00  1.02482558E+00  1.00000000E+00  1.02482558E+00
     8  2.40000000E+00  1.02806925E+00  1.00000000E+00  1.02806925E+00
     9  2.70000000E+00  1.03123546E+00  1.00000000E+00  1.03123546E+00
    10  3.00000000E+00  1.03432228E+00  1.00000000E+00  1.03432228E+00
    11  3.30000000E+00  1.03736880E+00  1.00000000E+00  1.03736880E+00
    12  3.60000000E+00  1.04033183E+00  1.00000000E+00  1.04033183E+00
    13  3.90000000E+00  1.04322275E+00  1.00000000E+00  1.04322275E+00
    14  4.20000000E+00  1.04607664E+00  9.99999999E-01  1.04607664E+00
    15  4.50000000E+00  1.04882280E+00  9.99999996E-01  1.04882280E+00
    16  4.80000000E+00  1.05155853E+00  9.99999991E-01  1.05155853E+00
    17  5.10000000E+00  1.05419632E+00  9.99999986E-01  1.05419632E+00
    18  5.40000000E+00  1.05679446E+00  9.99999979E-01  1.05679446E+00
    19  5.70000000E+00  1.05930516E+00  9.99999970E-01  1.05930516E+00
    20  6.00000000E+00  1.06178492E+00  9.99999959E-01  1.06178492E+00
    21  6.30000000E+00  1.06417825E+00  9.99999946E-01  1.06417825E+00
    22  6.60000000E+00  1.06653958E+00  9.99999931E-01  1.06653958E+00
    23  6.90000000E+00  1.06878878E+00  9.99999912E-01  1.06878878E+00
    24  7.20000000E+00  1.07105677E+00  9.99999891E-01  1.07105677E+00
    25  7.50000000E+00  1.07316955E+00  9.99999867E-01  1.07316955E+00
    26  7.80000000E+00  1.07534463E+00  9.99999838E-01  1.07534463E+00
    27  8.10000000E+00  1.07735647E+00  9.99999806E-01  1.07735647E+00
    28  8.40000000E+00  1.07938024E+00  9.99999768E-01  1.07938024E+00
    29  8.70000000E+00  1.08132926E+00  9.99999726E-01  1.08132926E+00
    30  9.00000000E+00  1.08318268E+00  9.99999678E-01  1.08318268E+00
    31  9.30000000E+00  1.08506901E+00  9.99999624E-01  1.08506901E+00
    32  9.60000000E+00  1.08678485E+00  9.99999564E-01  1.08678485E+00
    33  9.90000000E+00  1.08854454E+00  9.99999496E-01  1.08854454E+00
    34  1.02000000E+01  1.09023554E+00  9.99999420E-01  1.09023554E+00
    35  1.05000000E+01  1.09177396E+00  9.99999335E-01  1.09177396E+00
    36  1.08000000E+01  1.09343934E+00  9.99999241E-01  1.09343934E+00
    37  1.11000000E+01  1.09493215E+00  9.99999136E-01  1.09493215E+00
    38  1.14000000E+01  1.09635006E+00  9.99999021E-01  1.09635006E+00
    39  1.17000000E+01  1.09785273E+00  9.99998893E-01  1.09785273E+00
    40  1.20000000E+01  1.09918240E+00  9.99998753E-01  1.09918240E+00
    41  1.23000000E+01  1.10050741E+00  9.99998598E-01  1.10050741E+00
    42  1.26000000E+01  1.10184620E+00  9.99998429E-01  1.10184620E+00
    43  1.29000000E+01  1.10301295E+00  9.99998242E-01  1.10301295E+00
    44  1.32000000E+01  1.10423661E+00  9.99998039E-01  1.10423661E+00
    45  1.35000000E+01  1.10541795E+00  9.99997816E-01  1.10541795E+00
    46  1.38000000E+01  1.10643075E+00  9.99997573E-01  1.10643075E+00
    47  1.41000000E+01  1.10758453E+00  9.99997308E-01  1.10758453E+00
    48  1.44000000E+01  1.10860956E+00  9.99997020E-01  1.10860956E+00
    49  1.47000000E+01  1.10951557E+00  9.99996706E-01  1.10951557E+00
    50  1.50000000E+01  1.11055516E+00  9.99996366E-01  1.11055516E+00
    51  1.53000000E+01  1.11143178E+00  9.99995998E-01  1.11143178E+00
    52  1.56000000E+01  1.11229536E+00  9.99995598E-01  1.11229536E+00
    53  1.59000000E+01  1.11318357E+00  9.99995166E-01  1.11318357E+00
    54  1.62000000E+01  1.11391590E+00  9.99994700E-01  1.11391590E+00
    55  1.65000000E+01  1.11473868E+00  9.99994196E-01  1.11473868E+00
    56  1.68000000E+01  1.11548538E+00  9.99993653E-01  1.11548538E+00
    57  1.71000000E+01  1.11611887E+00  9.99993068E-01  1.11611887E+00
    58  1.74000000E+01  1.11687654E+00  9.99992439E-01  1.11687654E+00
    59  1.77000000E+01  1.11748726E+00  9.99991763E-01  1.11748726E+00
    60  1.80000000E+01  1.11810734E+00  9.99991037E-01  1.11810734E+00
    61  1.83000000E+01  1.11873182E+00  9.99990259E-01  1.11873182E+00
    62  1.86000000E+01  1.11922072E+00  9.99989425E-01  1.11922072E+00
    63  1.89000000E+01  1.11982410E+00  9.99988532E-01  1.11982410E+00
    64  1.92000000E+01  1.12032224E+00  9.99987578E-01  1.12032224E+00
    65  1.95000000E+01  1.12078641E+00  9.99986558E-01  1.12078641E+00
    66  1.98000000E+01  1.12129753E+00  9.99985470E-01  1.12129753E+00
    67  2.01000000E+01  1.12168482E+00  9.99984311E-01  1.12168482E+00
    68  2.04000000E+01  1.12214446E+00  9.99983075E-01  1.12214446E+00
    69  2.07000000E+01  1.12254006E+00  9.99981761E-01  1.12254006E+00
    70  2.10000000E+01  1.12288954E+00  9.99980364E-01  1.12288954E+00
    71  2.13000000E+01  1.12329713E+00  9.99978881E-01  1.12329713E+00
    72  2.16000000E+01  1.12359358E+00  9.99977308E-01  1.12359358E+00
    73  2.19000000E+01  1.12394568E+00  9.99975642E-01  1.12394568E+00
    74  2.22000000E+01  1.12424944E+00  9.99973878E-01  1.12424944E+00
    75  2.25000000E+01  1.12451678E+00  9.99972014E-01  1.12451678E+00
    76  2.28000000E+01  1.12483137E+00  9.99970044E-01  1.12483137E+00
    77  2.31000000E+01  1.12504813E+00  9.99967967E-01  1.12504813E+00
    78  2.34000000E+01  1.12532149E+00  9.99965779E-01  1.12532149E+00
    79  2.37000000E+01  1.12554453E+00  9.99963476E-01  1.12554453E+00
    80  2.40000000E+01  1.12575490E+00  9.99961056E-01  1.12575490E+00
    81  2.43000000E+01  1.12598741E+00  9.99958516E-01  1.12598741E+00
    82  2.46000000E+01  1.12613573E+00  9.99955853E-01  1.12613573E+00
    83  2.49000000E+01  1.12635268E+00  9.99953065E-01  1.12635268E+00
    84  2.52000000E+01  1.12650622E+00  9.99950152E-01  1.12650622E+00
    85  2.55000000E+01  1.12667882E+00  9.99947111E-01  1.12667882E+00
    86  2.58000000E+01  1.12684031E+00  9.99943943E-01  1.12684031E+00
    87  2.61000000E+01  1.12694126E+00  9.99940646E-01  1.12694126E+00
    88  2.64000000E+01  1.12710846E+00  9.99937223E-01  1.12710846E+00
    89  2.67000000E+01  1.12720356E+00  9.99933675E-01  1.12720356E+00
    90  2.70000000E+01  1.12735188E+00  9.99930005E-01  1.12735188E+00
    91  2.73000000E+01  1.12745331E+00  9.99926216E-01  1.12745331E+00
    92  2.76000000E+01  1.12754086E+00  9.99922314E-01  1.12754086E+00
    93  2.79000000E+01  1.12764691E+00  9.99918305E-01  1.12764691E+00
    94  2.82000000E+01  1.12771442E+00  9.99914197E-01  1.12771442E+00
    95  2.85000000E+01  1.12782742E+00  9.99909999E-01  1.12782742E+00
    96  2.88000000E+01  1.12787944E+00  9.99905723E-01  1.12787944E+00
    97  2.91000000E+01  1.12796091E+00  9.99901383E-01  1.12796091E+00
    98  2.94000000E+01  1.12801646E+00  9.99896994E-01  1.12801646E+00
    99  2.97000000E+01  1.12808881E+00  9.99892576E-01  1.12808881E+00
   100  3.00000000E+01  1.12814965E+00  9.99888148E-01  1.12814965E+00
   101  3.03000000E+01  1.12817707E+00  9.99883735E-01  1.12817707E+00
   102  3.06000000E+01  1.12824189E+00  9.99879365E-01  1.12824189E+00
   103  3.09000000E+01  1.12826538E+00  9.99875070E-01  1.12826538E+00
   104  3.12000000E+01  1.12833611E+00  9.99870883E-01  1.12833611E+00
   105  3.15000000E+01  1.12835492E+00  9.99866846E-01  1.12835492E+00
   106  3.18000000E+01  1.12839516E+00  9.99863002E-01  1.12839516E+00
   107  3.21000000E+01  1.12841688E+00  9.99859401E-01  1.12841688E+00
   108  3.24000000E+01  1.12846062E+00  9.99856098E-01  1.12846062E+00
   109  3.27000000E+01  1.12848654E+00  9.99853155E-01  1.12848654E+00
   110  3.30000000E+01  1.12849544E+00  9.99850640E-01  1.12849544E+00
   111  3.33000000E+01  1.12852469E+00  9.99848628E-01  1.12852469E+00
   112  3.36000000E+01  1.12853990E+00  9.99847203E-01  1.12853990E+00
   113  3.39000000E+01  1.12857397E+00  9.99846455E-01  1.12857397E+00
   114  3.42000000E+01  1.12856475E+00  9.99846485E-01  1.12856475E+00
   115  3.45000000E+01  1.12859516E+00  9.99847404E-01  1.12859516E+00
   116  3.48000000E+01  1.12858821E+00  9.99849333E-01  1.12858821E+00
   117  3.51000000E+01  1.12862992E+00  9.99852403E-01  1.12862992E+00
   118  3.54000000E+01  1.12862610E+00  9.99856760E-01  1.12862610E+00
   119  3.57000000E+01  1.12863926E+00  9.99862562E-01  1.12863926E+00
   120  3.60000000E+01  1.12863809E+00  9.99869979E-01  1.12863809E+00
   121  3.63000000E+01  1.12866387E+00  9.99879200E-01  1.12866387E+00
   122  3.66000000E+01  1.12866642E+00  9.99890427E-01  1.12866642E+00
   123  3.69000000E+01  1.12866512E+00  9.99903881E-01  1.12866512E+00
   124  3.72000000E+01  1.12867071E+00  9.99919801E-01  1.12867071E+00
   125  3.75000000E+01  1.12868267E+00  9.99938446E-01  1.12868267E+00
   126  3.78000000E+01  1.12869255E+00  9.99960096E-01  1.12869255E+00
   127  3.81000000E+01  1.12867851E+00  9.99985053E-01  1.12867851E+00
   128  3.84000000E+01  1.12869183E+00  1.00001364E+00  1.12869183E+00
   129  3.87000000E+01  1.12869126E+00  1.00004622E+00  1.12869126E+00
   130  3.90000000E+01  1.12870944E+00  1.00008316E+00  1.12870944E+00
   131  3.93000000E+01  1.12868519E+00  1.00012488E+00  1.12868519E+00
   132  3.96000000E+01  1.12870561E+00  1.00017181E+00  1.12870561E+00
   133  3.99000000E+01  1.12869308E+00  1.00022442E+00  1.12869308E+00
   134  4.02000000E+01  1.12872050E+00  1.00028322E+00  1.12872050E+00
   135  4.05000000E+01  1.12870178E+00  1.00034875E+00  1.12870178E+00
   136  4.08000000E+01  1.12871483E+00  1.00042159E+00  1.12871483E+00
   137  4.11000000E+01  1.12869882E+00  1.00050236E+00  1.12869882E+00
   138  4.14000000E+01  1.12872797E+00  1.00059172E+00  1.12872797E+00
   139  4.17000000E+01  1.12871570E+00  1.00069039E+00  1.12871570E+00
   140  4.20000000E+01  1.12872129E+00  1.00079911E+00  1.12872129E+00
   141  4.23000000E+01  1.12871210E+00  1.00091870E+00  1.12871210E+00
   142  4.26000000E+01  1.12873331E+00  1.00105000E+00  1.12873331E+00
   143  4.29000000E+01  1.12872839E+00  1.00119393E+00  1.12872839E+00
   144  4.32000000E+01  1.12872611E+00  1.00135145E+00  1.12872611E+00
   145  4.35000000E+01  1.12872464E+00  1.00152359E+00  1.12872464E+00
   146  4.38000000E+01  1.12873733E+00  1.00171144E+00  1.12873733E+00
   147  4.41000000E+01  1.12874067E+00  1.00191614E+00  1.12874067E+00
   148  4.44000000E+01  1.12872986E+00  1.00213891E+00  1.12872986E+00
   149  4.47000000E+01  1.12873703E+00  1.00238104E+00  1.12873703E+00
   150  4.50000000E+01  1.12874044E+00  1.00264387E+00  1.12874044E+00
   151  4.53000000E+01  1.12875293E+00  1.00292883E+00  1.12875293E+00
   152  4.56000000E+01  1.12873280E+00  1.00323742E+00  1.12873280E+00
   153  4.59000000E+01  1.12874949E+00  1.00357121E+00  1.12874949E+00
   154  4.62000000E+01  1.12874273E+00  1.00393185E+00  1.12874273E+00
   155  4.65000000E+01  1.12876525E+00  1.00432106E+00  1.12876525E+00
   156  4.68000000E+01  1.12873895E+00  1.00474064E+00  1.12873895E+00
   157  4.71000000E+01  1.12876199E+00  1.00519246E+00  1.12876199E+00
   158  4.74000000E+01  1.12874410E+00  1.00567849E+00  1.12874410E+00
   159  4.77000000E+01  1.12877752E+00  1.00620074E+00  1.12877752E+00
   160  4.80000000E+01  1.12875848E+00  1.00676131E+00  1.12875848E+00
   161  4.83000000E+01  1.12877436E+00  1.00736238E+00  1.12877436E+00
   162  4.86000000E+01  1.12875874E+00  1.00800617E+00  1.12875874E+00
   163  4.89000000E+01  1.12878952E+00  1.00869498E+00  1.12878952E+00
   164  4.92000000E+01  1.12877858E+00  1.00943116E+00  1.12877858E+00
   165  4.95000000E+01  1.12878631E+00  1.01021710E+00  1.12878631E+00
   166  4.98000000E+01  1.12877916E+00  1.01105525E+00  1.12877916E+00
   167  5.01000000E+01  1.12880092E+00  1.01194806E+00  1.12880092E+00
   168  5.04000000E+01  1.12879896E+00  1.01289802E+00  1.12879896E+00
   169  5.07000000E+01  1.12879751E+00  1.01390763E+00  1.12879751E+00
   170  5.10000000E+01  1.12879969E+00  1.01497935E+00  1.12879969E+00
   171  5.13000000E+01  1.12881140E+00  1.01611565E+00  1.12881140E+00
   172  5.16000000E+01  1.12881925E+00  1.01731893E+00  1.12881925E+00
   173  5.19000000E+01  1.12880762E+00  1.01859153E+00  1.12880762E+00
   174  5.22000000E+01  1.12881997E+00  1.01993571E+00  1.12881997E+00
   175  5.25000000E+01  1.12882059E+00  1.02135362E+00  1.12882059E+00
   176  5.28000000E+01  1.12883908E+00  1.02284725E+00  1.12883908E+00
   177  5.31000000E+01  1.12881627E+00  1.02441845E+00  1.12881627E+00
   178  5.34000000E+01  1.12883963E+00  1.02606885E+00  1.12883963E+00
   179  5.37000000E+01  1.12882816E+00  1.02779987E+00  1.12882816E+00
   180  5.40000000E+01  1.12885811E+00  1.02961266E+00  1.12885811E+00
   181  5.43000000E+01  1.12883329E+00  1.03150806E+00  1.12883329E+00
   182  5.46000000E+01  1.12885831E+00  1.03348661E+00  1.12885831E+00
   183  5.49000000E+01  1.12883720E+00  1.03554844E+00  1.12883720E+00
   184  5.52000000E+01  1.12887597E+00  1.03769332E+00  1.12887597E+00
   185  5.55000000E+01  1.12885989E+00  1.03992054E+00  1.12885989E+00
   186  5.58000000E+01  1.12887567E+00  1.04222895E+00  1.12887567E+00
   187  5.61000000E+01  1.12886364E+00  1.04461688E+00  1.12886364E+00
   188  5.64000000E+01  1.12889235E+00  1.04708211E+00  1.12889235E+00
   189  5.67000000E+01  1.12888581E+00  1.04962187E+00  1.12888581E+00
   190  5.70000000E+01  1.12889140E+00  1.05223278E+00  1.12889140E+00
   191  5.73000000E+01  1.12888927E+00  1.05491088E+00  1.12888927E+00
   192  5.76000000E+01  1.12890693E+00  1.05765154E+00  1.12890693E+00
   193  5.79000000E+01  1.12891074E+00  1.06044952E+00  1.12891074E+00
   194  5.82000000E+01  1.12890519E+00  1.06329891E+00  1.12890519E+00
   195  5.85000000E+01  1.12891376E+00  1.06619316E+00  1.12891376E+00
   196  5.88000000E+01  1.12891943E+00  1.06912511E+00  1.12891943E+00
   197  5.91000000E+01  1.12893440E+00  1.07208695E+00  1.12893440E+00
   198  5.94000000E+01  1.12891678E+00  1.07507029E+00  1.12891678E+00
   199  5.97000000E+01  1.12893685E+00  1.07806617E+00  1.12893685E+00
   200  6.00000000E+01  1.12892960E+00  1.08106511E+00  1.12892960E+00
   201  6.03000000E+01  1.12895649E+00  1.08405717E+00  1.12895649E+00
   202  6.06000000E+01  1.12892657E+00  1.08703198E+00  1.12892657E+00
   203  6.09000000E+01  1.12895826E+00  1.08997885E+00  1.12895826E+00
   204  6.12000000E+01  1.12893719E+00  1.09288681E+00  1.12893719E+00
   205  6.15000000E+01  1.12897678E+00  1.09574469E+00  1.12897678E+00
   206  6.18000000E+01  1.12895612E+00  1.09854128E+00  1.12895612E+00
   207  6.21000000E+01  1.12897775E+00  1.10126535E+00  1.12897775E+00
   208  6.24000000E+01  1.12896138E+00  1.10390583E+00  1.12896138E+00
   209  6.27000000E+01  1.12899502E+00  1.10645186E+00  1.12899502E+00
   210  6.30000000E+01  1.12898440E+00  1.10889302E+00  1.12898440E+00
   211  6.33000000E+01  1.12899509E+00  1.11121936E+00  1.12899509E+00
   212  6.36000000E+01  1.12898911E+00  1.11342164E+00  1.12898911E+00
   213  6.39000000E+01  1.12901100E+00  1.11549142E+00  1.12901100E+00
   214  6.42000000E+01  1.12901120E+00  1.11742123E+00  1.12901120E+00
   215  6.45000000E+01  1.12901007E+00  1.11920477E+00  1.12901007E+00
   216  6.48000000E+01  1.12901525E+00  1.12083701E+00  1.12901525E+00
   217  6.51000000E+01  1.12902452E+00  1.12231440E+00  1.12902452E+00
   218  6.54000000E+01  1.12903630E+00  1.12363498E+00  1.12903630E+00
   219  6.57000000E+01  1.12902250E+00  1.12479853E+00  1.12902250E+00
   220  6.60000000E+01  1.12903958E+00  1.12580664E+00  1.12903958E+00
   221  6.63000000E+01  1.12903540E+00  1.12666284E+00  1.12903540E+00
   222  6.66000000E+01  1.12905950E+00  1.12737257E+00  1.12905950E+00
   223  6.69000000E+01  1.12903225E+00  1.12794321E+00  1.12903225E+00
   224  6.72000000E+01  1.12906206E+00  1.12838397E+00  1.12906206E+00
   225  6.75000000E+01  1.12904370E+00  1.12870576E+00  1.12904370E+00
   226  6.78000000E+01  1.12908093E+00  1.12892096E+00  1.12908093E+00
   227  6.81000000E+01  1.12905617E+00  1.12904320E+00  1.12905617E+00
   228  6.84000000E+01  1.12908694E+00  1.12908694E+00  1.12908694E+00
   229  6.87000000E+01  1.12906714E+00  1.12906714E+00  1.12906714E+00
   230  6.90000000E+01  1.12899878E+00  1.12899878E+00  1.12899878E+00
   231  6.93000000E+01  1.12889642E+00  1.12889642E+00  1.12889642E+00
   232  6.96000000E+01  1.12877376E+00  1.12877376E+00  1.12877376E+00
   233  6.99000000E+01  1.12864318E+00  1.12864318E+00  1.12864318E+00
   234  7.02000000E+01  1.12855862E+00  1.12851536E+00  1.12855862E+00
   235  7.05000000E+01  1.12855862E+00  1.12839902E+00  1.12855862E+00
   236  7.08000000E+01  1.12855862E+00  1.12830071E+00  1.12855862E+00
   237  7.11000000E+01  1.12855862E+00  1.12822468E+00  1.12855862E+00
   238  7.14000000E+01  1.12855862E+00  1.12817299E+00  1.12855862E+00
   239  7.17000000E+01  1.12855862E+00  1.12814565E+00  1.12855862E+00
   240  7.20000000E+01  1.12855862E+00  1.12814086E+00  1.12855862E+00
   241  7.23000000E+01  1.12855862E+00  1.12815541E+00  1.12855862E+00
   242  7.26000000E+01  1.12855862E+00  1.12818510E+00  1.12855862E+00
   243  7.29000000E+01  1.12855862E+00  1.12822519E+00  1.12855862E+00
   244  7.32000000E+01  1.12855862E+00  1.12827084E+00  1.12855862E+00
   245  7.35000000E+01  1.12855862E+00  1.12831752E+00  1.12855862E+00
   246  7.38000000E+01  1.12855862E+00  1.12836135E+00  1.12855862E+00
   247  7.41000000E+01  1.12855862E+00  1.12839933E+00  1.12855862E+00
   248  7.44000000E+01  1.12855861E+00  1.12842949E+00  1.12855861E+00
   249  7.47000000E+01  1.12855861E+00  1.12845087E+00  1.12855861E+00
   250  7.50000000E+01  1.12855861E+00  1.12846351E+00  1.12855861E+00
   251  7.53000000E+01  1.12855861E+00  1.12846823E+00  1.12855861E+00
   252  7.56000000E+01  1.12855861E+00  1.12846647E+00  1.12855861E+00
   253  7.59000000E+01  1.12855861E+00  1.12846000E+00  1.12855861E+00
   254  7.62000000E+01  1.12855861E+00  1.12845072E+00  1.12855861E+00
   255  7.65000000E+01  1.12855861E+00  1.12844040E+00  1.12855861E+00
   256  7.68000000E+01  1.12855861E+00  1.12843054E+00  1.12855861E+00
   257  7.71000000E+01  1.12855861E+00  1.12842228E+00  1.12855861E+00
   258  7.74000000E+01  1.12855861E+00  1.12841627E+00  1.12855861E+00
   259  7.77000000E+01  1.12855861E+00  1.12841277E+00  1.12855861E+00
   260  7.80000000E+01  1.12855861E+00  1.12841166E+00  1.12855861E+00
   261  7.83000000E+01  1.12855861E+00  1.12841254E+00  1.12855861E+00
   262  7.86000000E+01  1.12855861E+00  1.12841482E+00  1.12855861E+00
   263  7.89000000E+01  1.12855861E+00  1.12841788E+00  1.12855861E+00
   264  7.92000000E+01  1.12855861E+00  1.12842112E+00  1.12855861E+00
   265  7.95000000E+01  1.12855861E+00  1.12842405E+00  1.12855861E+00
 steady-height stop at step    265: changes <=   1.0000E-05, max-end <=   1.0000E-02, max/end/gap/profile_change =   1.12855861E+00  1.12842405E+00  1.34561458E-04  2.92876459E-06


STDERR:
