COMMAND:
/shared/extrudate_rom/generate_rom_data/extrudate_swell2d_c_cluster

STDOUT:
 comppar: model =   3
 comppar: lambda,mobility/eps,betav,eta_0 =  1.0000E+00  1.0000E-01  5.0000E-01  1.0000E+00
 comppar: eta_s,eta_p,G =  5.0000E-01  5.0000E-01  5.0000E-01
 comppar: U_avg,deltat,flowrate,nsteps =  1.0000E-01  3.0000E-01  3.1416E-01     700
 comppar: geometry = axisymmetric
 comppar: steady stop change,gap,hold,min =  1.0000E-05  1.0000E-02      10      80
 comppar: ncompc,ncompg =     4     5
 mesh nnodes = 5765
 mesh nelem = 2780
 P1 BC   5.0000000000000000     
 P2 BC   0.0000000000000000     
     1  3.00000000E-01  1.00379227E+00  1.00000000E+00  1.00379227E+00
     2  6.00000000E-01  1.00747634E+00  1.00000000E+00  1.00747634E+00
     3  9.00000000E-01  1.01103228E+00  1.00000000E+00  1.01103228E+00
     4  1.20000000E+00  1.01449120E+00  1.00000000E+00  1.01449120E+00
     5  1.50000000E+00  1.01786669E+00  1.00000000E+00  1.01786669E+00
     6  1.80000000E+00  1.02116710E+00  1.00000000E+00  1.02116710E+00
     7  2.10000000E+00  1.02439961E+00  1.00000000E+00  1.02439961E+00
     8  2.40000000E+00  1.02755873E+00  1.00000001E+00  1.02755873E+00
     9  2.70000000E+00  1.03067595E+00  1.00000001E+00  1.03067595E+00
    10  3.00000000E+00  1.03372971E+00  1.00000001E+00  1.03372971E+00
    11  3.30000000E+00  1.03670156E+00  1.00000001E+00  1.03670156E+00
    12  3.60000000E+00  1.03964691E+00  1.00000001E+00  1.03964691E+00
    13  3.90000000E+00  1.04251776E+00  1.00000000E+00  1.04251776E+00
    14  4.20000000E+00  1.04531990E+00  1.00000000E+00  1.04531990E+00
    15  4.50000000E+00  1.04808671E+00  9.99999999E-01  1.04808671E+00
    16  4.80000000E+00  1.05075673E+00  9.99999994E-01  1.05075673E+00
    17  5.10000000E+00  1.05342098E+00  9.99999989E-01  1.05342098E+00
    18  5.40000000E+00  1.05595536E+00  9.99999982E-01  1.05595536E+00
    19  5.70000000E+00  1.05850186E+00  9.99999974E-01  1.05850186E+00
    20  6.00000000E+00  1.06091861E+00  9.99999963E-01  1.06091861E+00
    21  6.30000000E+00  1.06334950E+00  9.99999950E-01  1.06334950E+00
    22  6.60000000E+00  1.06564741E+00  9.99999935E-01  1.06564741E+00
    23  6.90000000E+00  1.06795076E+00  9.99999918E-01  1.06795076E+00
    24  7.20000000E+00  1.07015478E+00  9.99999897E-01  1.07015478E+00
    25  7.50000000E+00  1.07232121E+00  9.99999873E-01  1.07232121E+00
    26  7.80000000E+00  1.07443121E+00  9.99999845E-01  1.07443121E+00
    27  8.10000000E+00  1.07641950E+00  9.99999813E-01  1.07641950E+00
    28  8.40000000E+00  1.07846602E+00  9.99999777E-01  1.07846602E+00
    29  8.70000000E+00  1.08034600E+00  9.99999735E-01  1.08034600E+00
    30  9.00000000E+00  1.08226342E+00  9.99999688E-01  1.08226342E+00
    31  9.30000000E+00  1.08407958E+00  9.99999635E-01  1.08407958E+00
    32  9.60000000E+00  1.08577392E+00  9.99999575E-01  1.08577392E+00
    33  9.90000000E+00  1.08756320E+00  9.99999508E-01  1.08756320E+00
    34  1.02000000E+01  1.08918106E+00  9.99999433E-01  1.08918106E+00
    35  1.05000000E+01  1.09079768E+00  9.99999350E-01  1.09079768E+00
    36  1.08000000E+01  1.09238906E+00  9.99999257E-01  1.09238906E+00
    37  1.11000000E+01  1.09380677E+00  9.99999154E-01  1.09380677E+00
    38  1.14000000E+01  1.09531447E+00  9.99999040E-01  1.09531447E+00
    39  1.17000000E+01  1.09674155E+00  9.99998915E-01  1.09674155E+00
    40  1.20000000E+01  1.09799609E+00  9.99998776E-01  1.09799609E+00
    41  1.23000000E+01  1.09940637E+00  9.99998623E-01  1.09940637E+00
    42  1.26000000E+01  1.10066889E+00  9.99998455E-01  1.10066889E+00
    43  1.29000000E+01  1.10179293E+00  9.99998271E-01  1.10179293E+00
    44  1.32000000E+01  1.10306817E+00  9.99998069E-01  1.10306817E+00
    45  1.35000000E+01  1.10417467E+00  9.99997849E-01  1.10417467E+00
    46  1.38000000E+01  1.10522830E+00  9.99997608E-01  1.10522830E+00
    47  1.41000000E+01  1.10634536E+00  9.99997346E-01  1.10634536E+00
    48  1.44000000E+01  1.10729839E+00  9.99997060E-01  1.10729839E+00
    49  1.47000000E+01  1.10828034E+00  9.99996749E-01  1.10828034E+00
    50  1.50000000E+01  1.10924689E+00  9.99996411E-01  1.10924689E+00
    51  1.53000000E+01  1.11005706E+00  9.99996045E-01  1.11005706E+00
    52  1.56000000E+01  1.11098550E+00  9.99995648E-01  1.11098550E+00
    53  1.59000000E+01  1.11180540E+00  9.99995219E-01  1.11180540E+00
    54  1.62000000E+01  1.11252545E+00  9.99994755E-01  1.11252545E+00
    55  1.65000000E+01  1.11335856E+00  9.99994254E-01  1.11335856E+00
    56  1.68000000E+01  1.11404436E+00  9.99993713E-01  1.11404436E+00
    57  1.71000000E+01  1.11473421E+00  9.99993131E-01  1.11473421E+00
    58  1.74000000E+01  1.11542900E+00  9.99992504E-01  1.11542900E+00
    59  1.77000000E+01  1.11598780E+00  9.99991830E-01  1.11598780E+00
    60  1.80000000E+01  1.11665622E+00  9.99991106E-01  1.11665622E+00
    61  1.83000000E+01  1.11722687E+00  9.99990330E-01  1.11722687E+00
    62  1.86000000E+01  1.11773103E+00  9.99989498E-01  1.11773103E+00
    63  1.89000000E+01  1.11830991E+00  9.99988606E-01  1.11830991E+00
    64  1.92000000E+01  1.11876476E+00  9.99987653E-01  1.11876476E+00
    65  1.95000000E+01  1.11926651E+00  9.99986634E-01  1.11926651E+00
    66  1.98000000E+01  1.11973216E+00  9.99985546E-01  1.11973216E+00
    67  2.01000000E+01  1.12009579E+00  9.99984386E-01  1.12009579E+00
    68  2.04000000E+01  1.12056889E+00  9.99983150E-01  1.12056889E+00
    69  2.07000000E+01  1.12093068E+00  9.99981835E-01  1.12093068E+00
    70  2.10000000E+01  1.12130774E+00  9.99980436E-01  1.12130774E+00
    71  2.13000000E+01  1.12167912E+00  9.99978950E-01  1.12167912E+00
    72  2.16000000E+01  1.12195374E+00  9.99977374E-01  1.12195374E+00
    73  2.19000000E+01  1.12231707E+00  9.99975703E-01  1.12231707E+00
    74  2.22000000E+01  1.12259696E+00  9.99973934E-01  1.12259696E+00
    75  2.25000000E+01  1.12288126E+00  9.99972063E-01  1.12288126E+00
    76  2.28000000E+01  1.12316938E+00  9.99970086E-01  1.12316938E+00
    77  2.31000000E+01  1.12337407E+00  9.99968000E-01  1.12337407E+00
    78  2.34000000E+01  1.12364876E+00  9.99965802E-01  1.12364876E+00
    79  2.37000000E+01  1.12385784E+00  9.99963488E-01  1.12385784E+00
    80  2.40000000E+01  1.12407497E+00  9.99961054E-01  1.12407497E+00
    81  2.43000000E+01  1.12429082E+00  9.99958499E-01  1.12429082E+00
    82  2.46000000E+01  1.12443634E+00  9.99955820E-01  1.12443634E+00
    83  2.49000000E+01  1.12464559E+00  9.99953014E-01  1.12464559E+00
    84  2.52000000E+01  1.12479467E+00  9.99950080E-01  1.12479467E+00
    85  2.55000000E+01  1.12496409E+00  9.99947017E-01  1.12496409E+00
    86  2.58000000E+01  1.12511842E+00  9.99943824E-01  1.12511842E+00
    87  2.61000000E+01  1.12521805E+00  9.99940500E-01  1.12521805E+00
    88  2.64000000E+01  1.12537637E+00  9.99937048E-01  1.12537637E+00
    89  2.67000000E+01  1.12547573E+00  9.99933468E-01  1.12547573E+00
    90  2.70000000E+01  1.12561175E+00  9.99929763E-01  1.12561175E+00
    91  2.73000000E+01  1.12571485E+00  9.99925936E-01  1.12571485E+00
    92  2.76000000E+01  1.12579265E+00  9.99921994E-01  1.12579265E+00
    93  2.79000000E+01  1.12589888E+00  9.99917941E-01  1.12589888E+00
    94  2.82000000E+01  1.12596048E+00  9.99913786E-01  1.12596048E+00
    95  2.85000000E+01  1.12607105E+00  9.99909539E-01  1.12607105E+00
    96  2.88000000E+01  1.12613257E+00  9.99905211E-01  1.12613257E+00
    97  2.91000000E+01  1.12619684E+00  9.99900815E-01  1.12619684E+00
    98  2.94000000E+01  1.12626069E+00  9.99896367E-01  1.12626069E+00
    99  2.97000000E+01  1.12631851E+00  9.99891886E-01  1.12631851E+00
   100  3.00000000E+01  1.12638520E+00  9.99887393E-01  1.12638520E+00
   101  3.03000000E+01  1.12641404E+00  9.99882912E-01  1.12641404E+00
   102  3.06000000E+01  1.12647012E+00  9.99878471E-01  1.12647012E+00
   103  3.09000000E+01  1.12650055E+00  9.99874101E-01  1.12650055E+00
   104  3.12000000E+01  1.12655746E+00  9.99869839E-01  1.12655746E+00
   105  3.15000000E+01  1.12658933E+00  9.99865724E-01  1.12658933E+00
   106  3.18000000E+01  1.12661064E+00  9.99861800E-01  1.12661064E+00
   107  3.21000000E+01  1.12664438E+00  9.99858118E-01  1.12664438E+00
   108  3.24000000E+01  1.12667093E+00  9.99854734E-01  1.12667093E+00
   109  3.27000000E+01  1.12670663E+00  9.99851710E-01  1.12670663E+00
   110  3.30000000E+01  1.12671195E+00  9.99849115E-01  1.12671195E+00
   111  3.33000000E+01  1.12673907E+00  9.99847024E-01  1.12673907E+00
   112  3.36000000E+01  1.12674555E+00  9.99845522E-01  1.12674555E+00
   113  3.39000000E+01  1.12678241E+00  9.99844702E-01  1.12678241E+00
   114  3.42000000E+01  1.12678951E+00  9.99844665E-01  1.12678951E+00
   115  3.45000000E+01  1.12679901E+00  9.99845524E-01  1.12679901E+00
   116  3.48000000E+01  1.12680749E+00  9.99847400E-01  1.12680749E+00
   117  3.51000000E+01  1.12682920E+00  9.99850428E-01  1.12682920E+00
   118  3.54000000E+01  1.12683877E+00  9.99854756E-01  1.12683877E+00
   119  3.57000000E+01  1.12683493E+00  9.99860543E-01  1.12683493E+00
   120  3.60000000E+01  1.12684614E+00  9.99867963E-01  1.12684614E+00
   121  3.63000000E+01  1.12685619E+00  9.99877207E-01  1.12685619E+00
   122  3.66000000E+01  1.12686896E+00  9.99888481E-01  1.12686896E+00
   123  3.69000000E+01  1.12685564E+00  9.99902009E-01  1.12685564E+00
   124  3.72000000E+01  1.12686938E+00  9.99918035E-01  1.12686938E+00
   125  3.75000000E+01  1.12687001E+00  9.99936821E-01  1.12687001E+00
   126  3.78000000E+01  1.12688674E+00  9.99958652E-01  1.12688674E+00
   127  3.81000000E+01  1.12687460E+00  9.99983837E-01  1.12687460E+00
   128  3.84000000E+01  1.12688286E+00  1.00001271E+00  1.12688286E+00
   129  3.87000000E+01  1.12687550E+00  1.00004562E+00  1.12687550E+00
   130  3.90000000E+01  1.12689696E+00  1.00008297E+00  1.12689696E+00
   131  3.93000000E+01  1.12688664E+00  1.00012516E+00  1.12688664E+00
   132  3.96000000E+01  1.12689060E+00  1.00017265E+00  1.12689060E+00
   133  3.99000000E+01  1.12688167E+00  1.00022592E+00  1.12688167E+00
   134  4.02000000E+01  1.12690287E+00  1.00028547E+00  1.12690287E+00
   135  4.05000000E+01  1.12689506E+00  1.00035187E+00  1.12689506E+00
   136  4.08000000E+01  1.12689526E+00  1.00042570E+00  1.12689526E+00
   137  4.11000000E+01  1.12688908E+00  1.00050761E+00  1.12688908E+00
   138  4.14000000E+01  1.12690663E+00  1.00059825E+00  1.12690663E+00
   139  4.17000000E+01  1.12690202E+00  1.00069837E+00  1.12690202E+00
   140  4.20000000E+01  1.12689857E+00  1.00080873E+00  1.12689857E+00
   141  4.23000000E+01  1.12689584E+00  1.00093015E+00  1.12689584E+00
   142  4.26000000E+01  1.12690962E+00  1.00106351E+00  1.12690962E+00
   143  4.29000000E+01  1.12690893E+00  1.00120973E+00  1.12690893E+00
   144  4.32000000E+01  1.12690160E+00  1.00136981E+00  1.12690160E+00
   145  4.35000000E+01  1.12690305E+00  1.00154479E+00  1.12690305E+00
   146  4.38000000E+01  1.12691262E+00  1.00173579E+00  1.12691262E+00
   147  4.41000000E+01  1.12691656E+00  1.00194398E+00  1.12691656E+00
   148  4.44000000E+01  1.12690485E+00  1.00217060E+00  1.12690485E+00
   149  4.47000000E+01  1.12691121E+00  1.00241697E+00  1.12691121E+00
   150  4.50000000E+01  1.12691596E+00  1.00268447E+00  1.12691596E+00
   151  4.53000000E+01  1.12692527E+00  1.00297455E+00  1.12692527E+00
   152  4.56000000E+01  1.12690854E+00  1.00328876E+00  1.12690854E+00
   153  4.59000000E+01  1.12692056E+00  1.00362870E+00  1.12692056E+00
   154  4.62000000E+01  1.12691972E+00  1.00399605E+00  1.12691972E+00
   155  4.65000000E+01  1.12693514E+00  1.00439258E+00  1.12693514E+00
   156  4.68000000E+01  1.12691427E+00  1.00482013E+00  1.12691427E+00
   157  4.71000000E+01  1.12693104E+00  1.00528062E+00  1.12693104E+00
   158  4.74000000E+01  1.12692380E+00  1.00577604E+00  1.12692380E+00
   159  4.77000000E+01  1.12694607E+00  1.00630847E+00  1.12694607E+00
   160  4.80000000E+01  1.12692896E+00  1.00688004E+00  1.12692896E+00
   161  4.83000000E+01  1.12694249E+00  1.00749297E+00  1.12694249E+00
   162  4.86000000E+01  1.12692795E+00  1.00814955E+00  1.12692795E+00
   163  4.89000000E+01  1.12695780E+00  1.00885210E+00  1.12695780E+00
   164  4.92000000E+01  1.12694516E+00  1.00960303E+00  1.12694516E+00
   165  4.95000000E+01  1.12695463E+00  1.01040476E+00  1.12695463E+00
   166  4.98000000E+01  1.12694431E+00  1.01125980E+00  1.12694431E+00
   167  5.01000000E+01  1.12697006E+00  1.01217062E+00  1.12697006E+00
   168  5.04000000E+01  1.12696257E+00  1.01313976E+00  1.12696257E+00
   169  5.07000000E+01  1.12696714E+00  1.01416973E+00  1.12696714E+00
   170  5.10000000E+01  1.12696226E+00  1.01526303E+00  1.12696226E+00
   171  5.13000000E+01  1.12698249E+00  1.01642214E+00  1.12698249E+00
   172  5.16000000E+01  1.12698087E+00  1.01764947E+00  1.12698087E+00
   173  5.19000000E+01  1.12697967E+00  1.01894735E+00  1.12697967E+00
   174  5.22000000E+01  1.12698094E+00  1.02031803E+00  1.12698094E+00
   175  5.25000000E+01  1.12699477E+00  1.02176362E+00  1.12699477E+00
   176  5.28000000E+01  1.12699973E+00  1.02328609E+00  1.12699973E+00
   177  5.31000000E+01  1.12699188E+00  1.02488720E+00  1.12699188E+00
   178  5.34000000E+01  1.12700002E+00  1.02656851E+00  1.12700002E+00
   179  5.37000000E+01  1.12700655E+00  1.02833134E+00  1.12700655E+00
   180  5.40000000E+01  1.12701879E+00  1.03017671E+00  1.12701879E+00
   181  5.43000000E+01  1.12700345E+00  1.03210532E+00  1.12700345E+00
   182  5.46000000E+01  1.12701916E+00  1.03411753E+00  1.12701916E+00
   183  5.49000000E+01  1.12701751E+00  1.03621329E+00  1.12701751E+00
   184  5.52000000E+01  1.12703775E+00  1.03839211E+00  1.12703775E+00
   185  5.55000000E+01  1.12701414E+00  1.04065306E+00  1.12701414E+00
   186  5.58000000E+01  1.12703805E+00  1.04299468E+00  1.12703805E+00
   187  5.61000000E+01  1.12702735E+00  1.04541498E+00  1.12702735E+00
   188  5.64000000E+01  1.12705628E+00  1.04791141E+00  1.12705628E+00
   189  5.67000000E+01  1.12703826E+00  1.05048081E+00  1.12703826E+00
   190  5.70000000E+01  1.12705639E+00  1.05311940E+00  1.12705639E+00
   191  5.73000000E+01  1.12704114E+00  1.05582275E+00  1.12704114E+00
   192  5.76000000E+01  1.12707412E+00  1.05858577E+00  1.12707412E+00
   193  5.79000000E+01  1.12706236E+00  1.06140273E+00  1.12706236E+00
   194  5.82000000E+01  1.12707391E+00  1.06426718E+00  1.12707391E+00
   195  5.85000000E+01  1.12706520E+00  1.06717207E+00  1.12706520E+00
   196  5.88000000E+01  1.12709099E+00  1.07010964E+00  1.12709099E+00
   197  5.91000000E+01  1.12708619E+00  1.07307155E+00  1.12708619E+00
   198  5.94000000E+01  1.12709036E+00  1.07604884E+00  1.12709036E+00
   199  5.97000000E+01  1.12708888E+00  1.07903201E+00  1.12708888E+00
   200  6.00000000E+01  1.12710666E+00  1.08201104E+00  1.12710666E+00
   201  6.03000000E+01  1.12710949E+00  1.08497547E+00  1.12710949E+00
   202  6.06000000E+01  1.12710549E+00  1.08791449E+00  1.12710549E+00
   203  6.09000000E+01  1.12711193E+00  1.09081696E+00  1.12711193E+00
   204  6.12000000E+01  1.12712089E+00  1.09367154E+00  1.12712089E+00
   205  6.15000000E+01  1.12713204E+00  1.09646681E+00  1.12713204E+00
   206  6.18000000E+01  1.12711909E+00  1.09919130E+00  1.12711909E+00
   207  6.21000000E+01  1.12713413E+00  1.10183372E+00  1.12713413E+00
   208  6.24000000E+01  1.12713348E+00  1.10438297E+00  1.12713348E+00
   209  6.27000000E+01  1.12715363E+00  1.10682839E+00  1.12715363E+00
   210  6.30000000E+01  1.12713096E+00  1.10915981E+00  1.12713096E+00
   211  6.33000000E+01  1.12715529E+00  1.11136778E+00  1.12715529E+00
   212  6.36000000E+01  1.12714424E+00  1.11344370E+00  1.12714424E+00
   213  6.39000000E+01  1.12717406E+00  1.11537999E+00  1.12717406E+00
   214  6.42000000E+01  1.12715275E+00  1.11717027E+00  1.12715275E+00
   215  6.45000000E+01  1.12717521E+00  1.11880951E+00  1.12717521E+00
   216  6.48000000E+01  1.12715708E+00  1.12029422E+00  1.12715708E+00
   217  6.51000000E+01  1.12719316E+00  1.12162256E+00  1.12719316E+00
   218  6.54000000E+01  1.12717911E+00  1.12279451E+00  1.12717911E+00
   219  6.57000000E+01  1.12719371E+00  1.12381191E+00  1.12719371E+00
   220  6.60000000E+01  1.12718312E+00  1.12467858E+00  1.12718312E+00
   221  6.63000000E+01  1.12721076E+00  1.12540027E+00  1.12721076E+00
   222  6.66000000E+01  1.12720463E+00  1.12598468E+00  1.12720463E+00
   223  6.69000000E+01  1.12721075E+00  1.12644127E+00  1.12721075E+00
   224  6.72000000E+01  1.12720842E+00  1.12678117E+00  1.12720842E+00
   225  6.75000000E+01  1.12722699E+00  1.12701686E+00  1.12722699E+00
   226  6.78000000E+01  1.12722949E+00  1.12716192E+00  1.12722949E+00
   227  6.81000000E+01  1.12723062E+00  1.12723062E+00  1.12723062E+00
   228  6.84000000E+01  1.12723753E+00  1.12723753E+00  1.12723753E+00
   229  6.87000000E+01  1.12719706E+00  1.12719706E+00  1.12719706E+00
   230  6.90000000E+01  1.12712304E+00  1.12712304E+00  1.12712304E+00
   231  6.93000000E+01  1.12702828E+00  1.12702828E+00  1.12702828E+00
   232  6.96000000E+01  1.12692419E+00  1.12692419E+00  1.12692419E+00
   233  6.99000000E+01  1.12682044E+00  1.12682044E+00  1.12682044E+00
   234  7.02000000E+01  1.12681426E+00  1.12672480E+00  1.12681426E+00
   235  7.05000000E+01  1.12681426E+00  1.12664295E+00  1.12681426E+00
   236  7.08000000E+01  1.12681425E+00  1.12657853E+00  1.12681425E+00
   237  7.11000000E+01  1.12681425E+00  1.12653321E+00  1.12681425E+00
   238  7.14000000E+01  1.12681425E+00  1.12650694E+00  1.12681425E+00
   239  7.17000000E+01  1.12681425E+00  1.12649818E+00  1.12681425E+00
   240  7.20000000E+01  1.12681425E+00  1.12650432E+00  1.12681425E+00
   241  7.23000000E+01  1.12681425E+00  1.12652204E+00  1.12681425E+00
   242  7.26000000E+01  1.12681425E+00  1.12654767E+00  1.12681425E+00
   243  7.29000000E+01  1.12681425E+00  1.12657758E+00  1.12681425E+00
   244  7.32000000E+01  1.12681425E+00  1.12660846E+00  1.12681425E+00
   245  7.35000000E+01  1.12681425E+00  1.12663755E+00  1.12681425E+00
   246  7.38000000E+01  1.12681424E+00  1.12666280E+00  1.12681424E+00
   247  7.41000000E+01  1.12681424E+00  1.12668290E+00  1.12681424E+00
   248  7.44000000E+01  1.12681424E+00  1.12669726E+00  1.12681424E+00
   249  7.47000000E+01  1.12681424E+00  1.12670595E+00  1.12681424E+00
   250  7.50000000E+01  1.12681424E+00  1.12670955E+00  1.12681424E+00
   251  7.53000000E+01  1.12681424E+00  1.12670901E+00  1.12681424E+00
   252  7.56000000E+01  1.12681424E+00  1.12670544E+00  1.12681424E+00
   253  7.59000000E+01  1.12681424E+00  1.12670001E+00  1.12681424E+00
   254  7.62000000E+01  1.12681424E+00  1.12669379E+00  1.12681424E+00
   255  7.65000000E+01  1.12681424E+00  1.12668767E+00  1.12681424E+00
   256  7.68000000E+01  1.12681424E+00  1.12668231E+00  1.12681424E+00
   257  7.71000000E+01  1.12681424E+00  1.12667810E+00  1.12681424E+00
   258  7.74000000E+01  1.12681424E+00  1.12667521E+00  1.12681424E+00
 steady-height stop at step    258: changes <=   1.0000E-05, max-end <=   1.0000E-02, max/end/gap/profile_change =   1.12681424E+00  1.12667521E+00  1.39028360E-04  2.88607773E-06


STDERR:
