COMMAND:
/shared/extrudate_rom/generate_rom_data/extrudate_swell2d_c_cluster

STDOUT:
 comppar: model =   3
 comppar: lambda,mobility/eps,betav,eta_0 =  2.8000E+00  2.3333E-01  9.0000E-01  1.0000E+00
 comppar: eta_s,eta_p,G =  9.0000E-01  1.0000E-01  3.5714E-02
 comppar: U_avg,deltat,flowrate,nsteps =  1.0000E-01  3.0000E-01  3.1416E-01     700
 comppar: geometry = axisymmetric
 comppar: steady stop change,gap,hold,min =  1.0000E-05  1.0000E-02      10      80
 comppar: ncompc,ncompg =     4     5
 mesh nnodes = 5765
 mesh nelem = 2780
 P1 BC   5.0000000000000000     
 P2 BC   0.0000000000000000     
     1  3.00000000E-01  1.00379478E+00  1.00000000E+00  1.00379478E+00
     2  6.00000000E-01  1.00750677E+00  1.00000000E+00  1.00750677E+00
     3  9.00000000E-01  1.01113782E+00  1.00000000E+00  1.01113782E+00
     4  1.20000000E+00  1.01468848E+00  1.00000000E+00  1.01468848E+00
     5  1.50000000E+00  1.01816114E+00  1.00000000E+00  1.01816114E+00
     6  1.80000000E+00  1.02155182E+00  1.00000000E+00  1.02155182E+00
     7  2.10000000E+00  1.02487916E+00  1.00000000E+00  1.02487916E+00
     8  2.40000000E+00  1.02813398E+00  1.00000000E+00  1.02813398E+00
     9  2.70000000E+00  1.03131088E+00  1.00000000E+00  1.03131088E+00
    10  3.00000000E+00  1.03441177E+00  1.00000000E+00  1.03441177E+00
    11  3.30000000E+00  1.03747102E+00  1.00000000E+00  1.03747102E+00
    12  3.60000000E+00  1.04044545E+00  1.00000000E+00  1.04044545E+00
    13  3.90000000E+00  1.04335566E+00  1.00000000E+00  1.04335566E+00
    14  4.20000000E+00  1.04622309E+00  9.99999999E-01  1.04622309E+00
    15  4.50000000E+00  1.04898248E+00  9.99999996E-01  1.04898248E+00
    16  4.80000000E+00  1.05174434E+00  9.99999992E-01  1.05174434E+00
    17  5.10000000E+00  1.05439781E+00  9.99999986E-01  1.05439781E+00
    18  5.40000000E+00  1.05702866E+00  9.99999979E-01  1.05702866E+00
    19  5.70000000E+00  1.05955401E+00  9.99999971E-01  1.05955401E+00
    20  6.00000000E+00  1.06207341E+00  9.99999960E-01  1.06207341E+00
    21  6.30000000E+00  1.06448121E+00  9.99999947E-01  1.06448121E+00
    22  6.60000000E+00  1.06688945E+00  9.99999932E-01  1.06688945E+00
    23  6.90000000E+00  1.06914810E+00  9.99999915E-01  1.06914810E+00
    24  7.20000000E+00  1.07146971E+00  9.99999894E-01  1.07146971E+00
    25  7.50000000E+00  1.07363708E+00  9.99999870E-01  1.07363708E+00
    26  7.80000000E+00  1.07582478E+00  9.99999842E-01  1.07582478E+00
    27  8.10000000E+00  1.07790410E+00  9.99999810E-01  1.07790410E+00
    28  8.40000000E+00  1.07992188E+00  9.99999774E-01  1.07992188E+00
    29  8.70000000E+00  1.08194398E+00  9.99999733E-01  1.08194398E+00
    30  9.00000000E+00  1.08380329E+00  9.99999686E-01  1.08380329E+00
    31  9.30000000E+00  1.08574985E+00  9.99999634E-01  1.08574985E+00
    32  9.60000000E+00  1.08755174E+00  9.99999575E-01  1.08755174E+00
    33  9.90000000E+00  1.08927554E+00  9.99999509E-01  1.08927554E+00
    34  1.02000000E+01  1.09105620E+00  9.99999435E-01  1.09105620E+00
    35  1.05000000E+01  1.09267096E+00  9.99999352E-01  1.09267096E+00
    36  1.08000000E+01  1.09430863E+00  9.99999261E-01  1.09430863E+00
    37  1.11000000E+01  1.09590207E+00  9.99999160E-01  1.09590207E+00
    38  1.14000000E+01  1.09732836E+00  9.99999047E-01  1.09732836E+00
    39  1.17000000E+01  1.09885159E+00  9.99998924E-01  1.09885159E+00
    40  1.20000000E+01  1.10029119E+00  9.99998787E-01  1.10029119E+00
    41  1.23000000E+01  1.10156521E+00  9.99998637E-01  1.10156521E+00
    42  1.26000000E+01  1.10297809E+00  9.99998472E-01  1.10297809E+00
    43  1.29000000E+01  1.10426359E+00  9.99998292E-01  1.10426359E+00
    44  1.32000000E+01  1.10538652E+00  9.99998094E-01  1.10538652E+00
    45  1.35000000E+01  1.10668399E+00  9.99997878E-01  1.10668399E+00
    46  1.38000000E+01  1.10782358E+00  9.99997643E-01  1.10782358E+00
    47  1.41000000E+01  1.10885928E+00  9.99997386E-01  1.10885928E+00
    48  1.44000000E+01  1.11001240E+00  9.99997106E-01  1.11001240E+00
    49  1.47000000E+01  1.11100823E+00  9.99996803E-01  1.11100823E+00
    50  1.50000000E+01  1.11196170E+00  9.99996473E-01  1.11196170E+00
    51  1.53000000E+01  1.11297359E+00  9.99996116E-01  1.11297359E+00
    52  1.56000000E+01  1.11383525E+00  9.99995729E-01  1.11383525E+00
    53  1.59000000E+01  1.11472504E+00  9.99995311E-01  1.11472504E+00
    54  1.62000000E+01  1.11559904E+00  9.99994858E-01  1.11559904E+00
    55  1.65000000E+01  1.11633149E+00  9.99994371E-01  1.11633149E+00
    56  1.68000000E+01  1.11716365E+00  9.99993845E-01  1.11716365E+00
    57  1.71000000E+01  1.11791101E+00  9.99993278E-01  1.11791101E+00
    58  1.74000000E+01  1.11854611E+00  9.99992669E-01  1.11854611E+00
    59  1.77000000E+01  1.11930493E+00  9.99992014E-01  1.11930493E+00
    60  1.80000000E+01  1.11993182E+00  9.99991311E-01  1.11993182E+00
    61  1.83000000E+01  1.12053748E+00  9.99990557E-01  1.12053748E+00
    62  1.86000000E+01  1.12117830E+00  9.99989749E-01  1.12117830E+00
    63  1.89000000E+01  1.12169912E+00  9.99988884E-01  1.12169912E+00
    64  1.92000000E+01  1.12226656E+00  9.99987960E-01  1.12226656E+00
    65  1.95000000E+01  1.12279664E+00  9.99986972E-01  1.12279664E+00
    66  1.98000000E+01  1.12322448E+00  9.99985917E-01  1.12322448E+00
    67  2.01000000E+01  1.12376741E+00  9.99984793E-01  1.12376741E+00
    68  2.04000000E+01  1.12420181E+00  9.99983596E-01  1.12420181E+00
    69  2.07000000E+01  1.12460522E+00  9.99982321E-01  1.12460522E+00
    70  2.10000000E+01  1.12504786E+00  9.99980967E-01  1.12504786E+00
    71  2.13000000E+01  1.12539595E+00  9.99979528E-01  1.12539595E+00
    72  2.16000000E+01  1.12579561E+00  9.99978002E-01  1.12579561E+00
    73  2.19000000E+01  1.12615330E+00  9.99976385E-01  1.12615330E+00
    74  2.22000000E+01  1.12643146E+00  9.99974672E-01  1.12643146E+00
    75  2.25000000E+01  1.12679638E+00  9.99972861E-01  1.12679638E+00
    76  2.28000000E+01  1.12707906E+00  9.99970948E-01  1.12707906E+00
    77  2.31000000E+01  1.12736551E+00  9.99968929E-01  1.12736551E+00
    78  2.34000000E+01  1.12765627E+00  9.99966801E-01  1.12765627E+00
    79  2.37000000E+01  1.12787859E+00  9.99964561E-01  1.12787859E+00
    80  2.40000000E+01  1.12813750E+00  9.99962205E-01  1.12813750E+00
    81  2.43000000E+01  1.12836442E+00  9.99959731E-01  1.12836442E+00
    82  2.46000000E+01  1.12856511E+00  9.99957135E-01  1.12856511E+00
    83  2.49000000E+01  1.12879853E+00  9.99954416E-01  1.12879853E+00
    84  2.52000000E+01  1.12897526E+00  9.99951572E-01  1.12897526E+00
    85  2.55000000E+01  1.12915241E+00  9.99948602E-01  1.12915241E+00
    86  2.58000000E+01  1.12933278E+00  9.99945503E-01  1.12933278E+00
    87  2.61000000E+01  1.12946987E+00  9.99942277E-01  1.12946987E+00
    88  2.64000000E+01  1.12965481E+00  9.99938922E-01  1.12965481E+00
    89  2.67000000E+01  1.12979454E+00  9.99935441E-01  1.12979454E+00
    90  2.70000000E+01  1.12990978E+00  9.99931835E-01  1.12990978E+00
    91  2.73000000E+01  1.13005222E+00  9.99928107E-01  1.13005222E+00
    92  2.76000000E+01  1.13016156E+00  9.99924261E-01  1.13016156E+00
    93  2.79000000E+01  1.13028729E+00  9.99920303E-01  1.13028729E+00
    94  2.82000000E+01  1.13039784E+00  9.99916238E-01  1.13039784E+00
    95  2.85000000E+01  1.13048545E+00  9.99912076E-01  1.13048545E+00
    96  2.88000000E+01  1.13057896E+00  9.99907825E-01  1.13057896E+00
    97  2.91000000E+01  1.13066744E+00  9.99903499E-01  1.13066744E+00
    98  2.94000000E+01  1.13074746E+00  9.99899110E-01  1.13074746E+00
    99  2.97000000E+01  1.13083584E+00  9.99894674E-01  1.13083584E+00
   100  3.00000000E+01  1.13090912E+00  9.99890211E-01  1.13090912E+00
   101  3.03000000E+01  1.13097573E+00  9.99885742E-01  1.13097573E+00
   102  3.06000000E+01  1.13104166E+00  9.99881290E-01  1.13104166E+00
   103  3.09000000E+01  1.13111045E+00  9.99876885E-01  1.13111045E+00
   104  3.12000000E+01  1.13119095E+00  9.99872557E-01  1.13119095E+00
   105  3.15000000E+01  1.13127114E+00  9.99868343E-01  1.13127114E+00
   106  3.18000000E+01  1.13134769E+00  9.99864281E-01  1.13134769E+00
   107  3.21000000E+01  1.13141906E+00  9.99860416E-01  1.13141906E+00
   108  3.24000000E+01  1.13149556E+00  9.99856799E-01  1.13149556E+00
   109  3.27000000E+01  1.13156693E+00  9.99853485E-01  1.13156693E+00
   110  3.30000000E+01  1.13163125E+00  9.99850535E-01  1.13163125E+00
   111  3.33000000E+01  1.13169172E+00  9.99848018E-01  1.13169172E+00
   112  3.36000000E+01  1.13175717E+00  9.99846008E-01  1.13175717E+00
   113  3.39000000E+01  1.13181434E+00  9.99844589E-01  1.13181434E+00
   114  3.42000000E+01  1.13186272E+00  9.99843852E-01  1.13186272E+00
   115  3.45000000E+01  1.13191457E+00  9.99843897E-01  1.13191457E+00
   116  3.48000000E+01  1.13196477E+00  9.99844835E-01  1.13196477E+00
   117  3.51000000E+01  1.13200638E+00  9.99846786E-01  1.13200638E+00
   118  3.54000000E+01  1.13204867E+00  9.99849882E-01  1.13204867E+00
   119  3.57000000E+01  1.13209115E+00  9.99854266E-01  1.13209115E+00
   120  3.60000000E+01  1.13212545E+00  9.99860096E-01  1.13212545E+00
   121  3.63000000E+01  1.13215682E+00  9.99867543E-01  1.13215682E+00
   122  3.66000000E+01  1.13219283E+00  9.99876791E-01  1.13219283E+00
   123  3.69000000E+01  1.13222144E+00  9.99888044E-01  1.13222144E+00
   124  3.72000000E+01  1.13224610E+00  9.99901520E-01  1.13224610E+00
   125  3.75000000E+01  1.13227526E+00  9.99917456E-01  1.13227526E+00
   126  3.78000000E+01  1.13229808E+00  9.99936108E-01  1.13229808E+00
   127  3.81000000E+01  1.13231653E+00  9.99957755E-01  1.13231653E+00
   128  3.84000000E+01  1.13234053E+00  9.99982696E-01  1.13234053E+00
   129  3.87000000E+01  1.13235917E+00  1.00001125E+00  1.13235917E+00
   130  3.90000000E+01  1.13237385E+00  1.00004378E+00  1.13237385E+00
   131  3.93000000E+01  1.13239071E+00  1.00008064E+00  1.13239071E+00
   132  3.96000000E+01  1.13240551E+00  1.00012225E+00  1.13240551E+00
   133  3.99000000E+01  1.13241748E+00  1.00016904E+00  1.13241748E+00
   134  4.02000000E+01  1.13242997E+00  1.00022147E+00  1.13242997E+00
   135  4.05000000E+01  1.13244211E+00  1.00028004E+00  1.13244211E+00
   136  4.08000000E+01  1.13245217E+00  1.00034529E+00  1.13245217E+00
   137  4.11000000E+01  1.13246098E+00  1.00041779E+00  1.13246098E+00
   138  4.14000000E+01  1.13246904E+00  1.00049815E+00  1.13246904E+00
   139  4.17000000E+01  1.13247682E+00  1.00058703E+00  1.13247682E+00
   140  4.20000000E+01  1.13248490E+00  1.00068513E+00  1.13248490E+00
   141  4.23000000E+01  1.13249253E+00  1.00079318E+00  1.13249253E+00
   142  4.26000000E+01  1.13249976E+00  1.00091199E+00  1.13249976E+00
   143  4.29000000E+01  1.13250651E+00  1.00104239E+00  1.13250651E+00
   144  4.32000000E+01  1.13251262E+00  1.00118529E+00  1.13251262E+00
   145  4.35000000E+01  1.13251796E+00  1.00134163E+00  1.13251796E+00
   146  4.38000000E+01  1.13252274E+00  1.00151243E+00  1.13252274E+00
   147  4.41000000E+01  1.13252812E+00  1.00169875E+00  1.13252812E+00
   148  4.44000000E+01  1.13253273E+00  1.00190173E+00  1.13253273E+00
   149  4.47000000E+01  1.13253651E+00  1.00212256E+00  1.13253651E+00
   150  4.50000000E+01  1.13253947E+00  1.00236251E+00  1.13253947E+00
   151  4.53000000E+01  1.13254236E+00  1.00262291E+00  1.13254236E+00
   152  4.56000000E+01  1.13254543E+00  1.00290516E+00  1.13254543E+00
   153  4.59000000E+01  1.13254773E+00  1.00321073E+00  1.13254773E+00
   154  4.62000000E+01  1.13254939E+00  1.00354117E+00  1.13254939E+00
   155  4.65000000E+01  1.13255054E+00  1.00389811E+00  1.13255054E+00
   156  4.68000000E+01  1.13255159E+00  1.00428323E+00  1.13255159E+00
   157  4.71000000E+01  1.13255284E+00  1.00469832E+00  1.13255284E+00
   158  4.74000000E+01  1.13255368E+00  1.00514522E+00  1.13255368E+00
   159  4.77000000E+01  1.13255423E+00  1.00562585E+00  1.13255423E+00
   160  4.80000000E+01  1.13255460E+00  1.00614222E+00  1.13255460E+00
   161  4.83000000E+01  1.13255485E+00  1.00669638E+00  1.13255485E+00
   162  4.86000000E+01  1.13255503E+00  1.00729048E+00  1.13255503E+00
   163  4.89000000E+01  1.13255516E+00  1.00792673E+00  1.13255516E+00
   164  4.92000000E+01  1.13255524E+00  1.00860738E+00  1.13255524E+00
   165  4.95000000E+01  1.13255526E+00  1.00933476E+00  1.13255526E+00
   166  4.98000000E+01  1.13255524E+00  1.01011125E+00  1.13255524E+00
   167  5.01000000E+01  1.13255516E+00  1.01093924E+00  1.13255516E+00
   168  5.04000000E+01  1.13255503E+00  1.01182119E+00  1.13255503E+00
   169  5.07000000E+01  1.13255486E+00  1.01275956E+00  1.13255486E+00
   170  5.10000000E+01  1.13255466E+00  1.01375682E+00  1.13255466E+00
   171  5.13000000E+01  1.13255444E+00  1.01481545E+00  1.13255444E+00
   172  5.16000000E+01  1.13255420E+00  1.01593789E+00  1.13255420E+00
   173  5.19000000E+01  1.13255397E+00  1.01712655E+00  1.13255397E+00
   174  5.22000000E+01  1.13255374E+00  1.01838379E+00  1.13255374E+00
   175  5.25000000E+01  1.13255351E+00  1.01971187E+00  1.13255351E+00
   176  5.28000000E+01  1.13255330E+00  1.02111296E+00  1.13255330E+00
   177  5.31000000E+01  1.13255309E+00  1.02258911E+00  1.13255309E+00
   178  5.34000000E+01  1.13255290E+00  1.02414220E+00  1.13255290E+00
   179  5.37000000E+01  1.13255271E+00  1.02577392E+00  1.13255271E+00
   180  5.40000000E+01  1.13255254E+00  1.02748577E+00  1.13255254E+00
   181  5.43000000E+01  1.13255237E+00  1.02927897E+00  1.13255237E+00
   182  5.46000000E+01  1.13255222E+00  1.03115449E+00  1.13255222E+00
   183  5.49000000E+01  1.13255207E+00  1.03311296E+00  1.13255207E+00
   184  5.52000000E+01  1.13255194E+00  1.03515467E+00  1.13255194E+00
   185  5.55000000E+01  1.13255181E+00  1.03727952E+00  1.13255181E+00
   186  5.58000000E+01  1.13255169E+00  1.03948700E+00  1.13255169E+00
   187  5.61000000E+01  1.13255158E+00  1.04177614E+00  1.13255158E+00
   188  5.64000000E+01  1.13255148E+00  1.04414548E+00  1.13255148E+00
   189  5.67000000E+01  1.13255139E+00  1.04659305E+00  1.13255139E+00
   190  5.70000000E+01  1.13255131E+00  1.04911631E+00  1.13255131E+00
   191  5.73000000E+01  1.13255123E+00  1.05171219E+00  1.13255123E+00
   192  5.76000000E+01  1.13255116E+00  1.05437698E+00  1.13255116E+00
   193  5.79000000E+01  1.13255110E+00  1.05710638E+00  1.13255110E+00
   194  5.82000000E+01  1.13255104E+00  1.05989547E+00  1.13255104E+00
   195  5.85000000E+01  1.13255098E+00  1.06273868E+00  1.13255098E+00
   196  5.88000000E+01  1.13255094E+00  1.06562983E+00  1.13255094E+00
   197  5.91000000E+01  1.13255089E+00  1.06856210E+00  1.13255089E+00
   198  5.94000000E+01  1.13255085E+00  1.07152806E+00  1.13255085E+00
   199  5.97000000E+01  1.13255082E+00  1.07451969E+00  1.13255082E+00
   200  6.00000000E+01  1.13255078E+00  1.07752842E+00  1.13255078E+00
   201  6.03000000E+01  1.13255075E+00  1.08054515E+00  1.13255075E+00
   202  6.06000000E+01  1.13255073E+00  1.08356030E+00  1.13255073E+00
   203  6.09000000E+01  1.13255070E+00  1.08656387E+00  1.13255070E+00
   204  6.12000000E+01  1.13255068E+00  1.08954553E+00  1.13255068E+00
   205  6.15000000E+01  1.13255066E+00  1.09249463E+00  1.13255066E+00
   206  6.18000000E+01  1.13255064E+00  1.09540034E+00  1.13255064E+00
   207  6.21000000E+01  1.13255063E+00  1.09825173E+00  1.13255063E+00
   208  6.24000000E+01  1.13255061E+00  1.10103783E+00  1.13255061E+00
   209  6.27000000E+01  1.13255060E+00  1.10374778E+00  1.13255060E+00
   210  6.30000000E+01  1.13255059E+00  1.10637094E+00  1.13255059E+00
   211  6.33000000E+01  1.13255058E+00  1.10889699E+00  1.13255058E+00
   212  6.36000000E+01  1.13255057E+00  1.11131608E+00  1.13255057E+00
   213  6.39000000E+01  1.13255056E+00  1.11361897E+00  1.13255056E+00
   214  6.42000000E+01  1.13255056E+00  1.11579717E+00  1.13255056E+00
   215  6.45000000E+01  1.13255055E+00  1.11784308E+00  1.13255055E+00
   216  6.48000000E+01  1.13255054E+00  1.11975016E+00  1.13255054E+00
   217  6.51000000E+01  1.13255054E+00  1.12151307E+00  1.13255054E+00
   218  6.54000000E+01  1.13255053E+00  1.12312783E+00  1.13255053E+00
   219  6.57000000E+01  1.13255053E+00  1.12459195E+00  1.13255053E+00
   220  6.60000000E+01  1.13255053E+00  1.12590453E+00  1.13255053E+00
   221  6.63000000E+01  1.13255052E+00  1.12706642E+00  1.13255052E+00
   222  6.66000000E+01  1.13255052E+00  1.12808024E+00  1.13255052E+00
   223  6.69000000E+01  1.13255052E+00  1.12895044E+00  1.13255052E+00
   224  6.72000000E+01  1.13255051E+00  1.12968327E+00  1.13255051E+00
   225  6.75000000E+01  1.13255051E+00  1.13028675E+00  1.13255051E+00
   226  6.78000000E+01  1.13255051E+00  1.13077049E+00  1.13255051E+00
   227  6.81000000E+01  1.13255051E+00  1.13114559E+00  1.13255051E+00
   228  6.84000000E+01  1.13255051E+00  1.13142431E+00  1.13255051E+00
   229  6.87000000E+01  1.13255051E+00  1.13161982E+00  1.13255051E+00
   230  6.90000000E+01  1.13255050E+00  1.13174579E+00  1.13255050E+00
   231  6.93000000E+01  1.13255050E+00  1.13181607E+00  1.13255050E+00
   232  6.96000000E+01  1.13255050E+00  1.13184420E+00  1.13255050E+00
   233  6.99000000E+01  1.13255050E+00  1.13184301E+00  1.13255050E+00
   234  7.02000000E+01  1.13255050E+00  1.13182425E+00  1.13255050E+00
   235  7.05000000E+01  1.13255050E+00  1.13179821E+00  1.13255050E+00
   236  7.08000000E+01  1.13255050E+00  1.13177344E+00  1.13255050E+00
   237  7.11000000E+01  1.13255050E+00  1.13175655E+00  1.13255050E+00
   238  7.14000000E+01  1.13255050E+00  1.13175213E+00  1.13255050E+00
   239  7.17000000E+01  1.13255050E+00  1.13176277E+00  1.13255050E+00
   240  7.20000000E+01  1.13255050E+00  1.13178916E+00  1.13255050E+00
   241  7.23000000E+01  1.13255050E+00  1.13183036E+00  1.13255050E+00
   242  7.26000000E+01  1.13255050E+00  1.13188408E+00  1.13255050E+00
   243  7.29000000E+01  1.13255050E+00  1.13194707E+00  1.13255050E+00
   244  7.32000000E+01  1.13255050E+00  1.13201553E+00  1.13255050E+00
   245  7.35000000E+01  1.13255050E+00  1.13208550E+00  1.13255050E+00
   246  7.38000000E+01  1.13255050E+00  1.13215321E+00  1.13255050E+00
   247  7.41000000E+01  1.13255049E+00  1.13221544E+00  1.13255049E+00
   248  7.44000000E+01  1.13255049E+00  1.13226971E+00  1.13255049E+00
   249  7.47000000E+01  1.13255049E+00  1.13231441E+00  1.13255049E+00
   250  7.50000000E+01  1.13255049E+00  1.13234885E+00  1.13255049E+00
   251  7.53000000E+01  1.13255049E+00  1.13237321E+00  1.13255049E+00
   252  7.56000000E+01  1.13255049E+00  1.13238841E+00  1.13255049E+00
   253  7.59000000E+01  1.13255049E+00  1.13239589E+00  1.13255049E+00
   254  7.62000000E+01  1.13255049E+00  1.13239746E+00  1.13255049E+00
   255  7.65000000E+01  1.13255049E+00  1.13239503E+00  1.13255049E+00
   256  7.68000000E+01  1.13255049E+00  1.13239041E+00  1.13255049E+00
   257  7.71000000E+01  1.13255049E+00  1.13238518E+00  1.13255049E+00
   258  7.74000000E+01  1.13255049E+00  1.13238057E+00  1.13255049E+00
   259  7.77000000E+01  1.13255049E+00  1.13237739E+00  1.13255049E+00
   260  7.80000000E+01  1.13255049E+00  1.13237604E+00  1.13255049E+00
   261  7.83000000E+01  1.13255049E+00  1.13237654E+00  1.13255049E+00
   262  7.86000000E+01  1.13255049E+00  1.13237865E+00  1.13255049E+00
 steady-height stop at step    262: changes <=   1.0000E-05, max-end <=   1.0000E-02, max/end/gap/profile_change =   1.13255049E+00  1.13237865E+00  1.71838724E-04  3.93384973E-06


STDERR:
