COMMAND:
/shared/extrudate_rom/generate_rom_data/extrudate_swell2d_c_cluster

STDOUT:
 comppar: model =   3
 comppar: lambda,mobility/eps,betav,eta_0 =  4.6000E+00  1.0000E-01  5.0000E-01  1.0000E+00
 comppar: eta_s,eta_p,G =  5.0000E-01  5.0000E-01  1.0870E-01
 comppar: U_avg,deltat,flowrate,nsteps =  1.0000E-01  3.0000E-01  3.1416E-01     700
 comppar: geometry = axisymmetric
 comppar: steady stop change,gap,hold,min =  1.0000E-05  1.0000E-02      10      80
 comppar: ncompc,ncompg =     4     5
 mesh nnodes = 5765
 mesh nelem = 2780
 P1 BC   5.0000000000000000     
 P2 BC   0.0000000000000000     
     1  3.00000000E-01  1.00379164E+00  1.00000000E+00  1.00379164E+00
     2  6.00000000E-01  1.00749258E+00  1.00000000E+00  1.00749258E+00
     3  9.00000000E-01  1.01109825E+00  1.00000000E+00  1.01109825E+00
     4  1.20000000E+00  1.01461467E+00  1.00000000E+00  1.01461467E+00
     5  1.50000000E+00  1.01804643E+00  1.00000000E+00  1.01804643E+00
     6  1.80000000E+00  1.02139666E+00  1.00000000E+00  1.02139666E+00
     7  2.10000000E+00  1.02467508E+00  1.00000000E+00  1.02467508E+00
     8  2.40000000E+00  1.02789561E+00  1.00000000E+00  1.02789561E+00
     9  2.70000000E+00  1.03106945E+00  1.00000001E+00  1.03106945E+00
    10  3.00000000E+00  1.03418811E+00  1.00000001E+00  1.03418811E+00
    11  3.30000000E+00  1.03726085E+00  1.00000001E+00  1.03726085E+00
    12  3.60000000E+00  1.04031914E+00  1.00000001E+00  1.04031914E+00
    13  3.90000000E+00  1.04331823E+00  1.00000000E+00  1.04331823E+00
    14  4.20000000E+00  1.04632684E+00  1.00000000E+00  1.04632684E+00
    15  4.50000000E+00  1.04927620E+00  1.00000000E+00  1.04927620E+00
    16  4.80000000E+00  1.05224259E+00  9.99999997E-01  1.05224259E+00
    17  5.10000000E+00  1.05515182E+00  9.99999993E-01  1.05515182E+00
    18  5.40000000E+00  1.05808640E+00  9.99999987E-01  1.05808640E+00
    19  5.70000000E+00  1.06094094E+00  9.99999980E-01  1.06094094E+00
    20  6.00000000E+00  1.06382955E+00  9.99999972E-01  1.06382955E+00
    21  6.30000000E+00  1.06667550E+00  9.99999962E-01  1.06667550E+00
    22  6.60000000E+00  1.06947154E+00  9.99999950E-01  1.06947154E+00
    23  6.90000000E+00  1.07230712E+00  9.99999936E-01  1.07230712E+00
    24  7.20000000E+00  1.07506338E+00  9.99999920E-01  1.07506338E+00
    25  7.50000000E+00  1.07780456E+00  9.99999901E-01  1.07780456E+00
    26  7.80000000E+00  1.08056700E+00  9.99999880E-01  1.08056700E+00
    27  8.10000000E+00  1.08324903E+00  9.99999855E-01  1.08324903E+00
    28  8.40000000E+00  1.08591396E+00  9.99999827E-01  1.08591396E+00
    29  8.70000000E+00  1.08859684E+00  9.99999795E-01  1.08859684E+00
    30  9.00000000E+00  1.09119873E+00  9.99999760E-01  1.09119873E+00
    31  9.30000000E+00  1.09372040E+00  9.99999720E-01  1.09372040E+00
    32  9.60000000E+00  1.09633896E+00  9.99999675E-01  1.09633896E+00
    33  9.90000000E+00  1.09887697E+00  9.99999626E-01  1.09887697E+00
    34  1.02000000E+01  1.10133613E+00  9.99999571E-01  1.10133613E+00
    35  1.05000000E+01  1.10376822E+00  9.99999510E-01  1.10376822E+00
    36  1.08000000E+01  1.10623580E+00  9.99999442E-01  1.10623580E+00
    37  1.11000000E+01  1.10862694E+00  9.99999368E-01  1.10862694E+00
    38  1.14000000E+01  1.11094581E+00  9.99999286E-01  1.11094581E+00
    39  1.17000000E+01  1.11319761E+00  9.99999196E-01  1.11319761E+00
    40  1.20000000E+01  1.11553511E+00  9.99999098E-01  1.11553511E+00
    41  1.23000000E+01  1.11780657E+00  9.99998990E-01  1.11780657E+00
    42  1.26000000E+01  1.12001433E+00  9.99998872E-01  1.12001433E+00
    43  1.29000000E+01  1.12216368E+00  9.99998743E-01  1.12216368E+00
    44  1.32000000E+01  1.12425910E+00  9.99998603E-01  1.12425910E+00
    45  1.35000000E+01  1.12641038E+00  9.99998450E-01  1.12641038E+00
    46  1.38000000E+01  1.12851313E+00  9.99998285E-01  1.12851313E+00
    47  1.41000000E+01  1.13056355E+00  9.99998104E-01  1.13056355E+00
    48  1.44000000E+01  1.13256255E+00  9.99997909E-01  1.13256255E+00
    49  1.47000000E+01  1.13450826E+00  9.99997698E-01  1.13450826E+00
    50  1.50000000E+01  1.13643772E+00  9.99997469E-01  1.13643772E+00
    51  1.53000000E+01  1.13839607E+00  9.99997222E-01  1.13839607E+00
    52  1.56000000E+01  1.14029679E+00  9.99996955E-01  1.14029679E+00
    53  1.59000000E+01  1.14213403E+00  9.99996667E-01  1.14213403E+00
    54  1.62000000E+01  1.14390027E+00  9.99996356E-01  1.14390027E+00
    55  1.65000000E+01  1.14562841E+00  9.99996022E-01  1.14562841E+00
    56  1.68000000E+01  1.14741493E+00  9.99995663E-01  1.14741493E+00
    57  1.71000000E+01  1.14912481E+00  9.99995277E-01  1.14912481E+00
    58  1.74000000E+01  1.15075000E+00  9.99994862E-01  1.15075000E+00
    59  1.77000000E+01  1.15228394E+00  9.99994417E-01  1.15228394E+00
    60  1.80000000E+01  1.15388185E+00  9.99993940E-01  1.15388185E+00
    61  1.83000000E+01  1.15544177E+00  9.99993430E-01  1.15544177E+00
    62  1.86000000E+01  1.15690902E+00  9.99992883E-01  1.15690902E+00
    63  1.89000000E+01  1.15828136E+00  9.99992298E-01  1.15828136E+00
    64  1.92000000E+01  1.15971977E+00  9.99991674E-01  1.15971977E+00
    65  1.95000000E+01  1.16111921E+00  9.99991007E-01  1.16111921E+00
    66  1.98000000E+01  1.16242340E+00  9.99990296E-01  1.16242340E+00
    67  2.01000000E+01  1.16363489E+00  9.99989537E-01  1.16363489E+00
    68  2.04000000E+01  1.16492409E+00  9.99988729E-01  1.16492409E+00
    69  2.07000000E+01  1.16616505E+00  9.99987869E-01  1.16616505E+00
    70  2.10000000E+01  1.16731649E+00  9.99986955E-01  1.16731649E+00
    71  2.13000000E+01  1.16838379E+00  9.99985983E-01  1.16838379E+00
    72  2.16000000E+01  1.16955014E+00  9.99984950E-01  1.16955014E+00
    73  2.19000000E+01  1.17063967E+00  9.99983854E-01  1.17063967E+00
    74  2.22000000E+01  1.17164921E+00  9.99982693E-01  1.17164921E+00
    75  2.25000000E+01  1.17258602E+00  9.99981461E-01  1.17258602E+00
    76  2.28000000E+01  1.17362055E+00  9.99980158E-01  1.17362055E+00
    77  2.31000000E+01  1.17457870E+00  9.99978778E-01  1.17457870E+00
    78  2.34000000E+01  1.17546680E+00  9.99977320E-01  1.17546680E+00
    79  2.37000000E+01  1.17629161E+00  9.99975779E-01  1.17629161E+00
    80  2.40000000E+01  1.17719817E+00  9.99974152E-01  1.17719817E+00
    81  2.43000000E+01  1.17803895E+00  9.99972437E-01  1.17803895E+00
    82  2.46000000E+01  1.17881919E+00  9.99970628E-01  1.17881919E+00
    83  2.49000000E+01  1.17955634E+00  9.99968724E-01  1.17955634E+00
    84  2.52000000E+01  1.18035312E+00  9.99966719E-01  1.18035312E+00
    85  2.55000000E+01  1.18109159E+00  9.99964612E-01  1.18109159E+00
    86  2.58000000E+01  1.18177544E+00  9.99962398E-01  1.18177544E+00
    87  2.61000000E+01  1.18241445E+00  9.99960074E-01  1.18241445E+00
    88  2.64000000E+01  1.18311382E+00  9.99957637E-01  1.18311382E+00
    89  2.67000000E+01  1.18376087E+00  9.99955084E-01  1.18376087E+00
    90  2.70000000E+01  1.18435781E+00  9.99952411E-01  1.18435781E+00
    91  2.73000000E+01  1.18491708E+00  9.99949615E-01  1.18491708E+00
    92  2.76000000E+01  1.18552731E+00  9.99946695E-01  1.18552731E+00
    93  2.79000000E+01  1.18608906E+00  9.99943646E-01  1.18608906E+00
    94  2.82000000E+01  1.18660417E+00  9.99940468E-01  1.18660417E+00
    95  2.85000000E+01  1.18708785E+00  9.99937157E-01  1.18708785E+00
    96  2.88000000E+01  1.18761731E+00  9.99933713E-01  1.18761731E+00
    97  2.91000000E+01  1.18810143E+00  9.99930135E-01  1.18810143E+00
    98  2.94000000E+01  1.18854216E+00  9.99926420E-01  1.18854216E+00
    99  2.97000000E+01  1.18896730E+00  9.99922570E-01  1.18896730E+00
   100  3.00000000E+01  1.18942099E+00  9.99918584E-01  1.18942099E+00
   101  3.03000000E+01  1.18983320E+00  9.99914464E-01  1.18983320E+00
   102  3.06000000E+01  1.19020630E+00  9.99910210E-01  1.19020630E+00
   103  3.09000000E+01  1.19057941E+00  9.99905827E-01  1.19057941E+00
   104  3.12000000E+01  1.19096463E+00  9.99901317E-01  1.19096463E+00
   105  3.15000000E+01  1.19131242E+00  9.99896684E-01  1.19131242E+00
   106  3.18000000E+01  1.19162565E+00  9.99891934E-01  1.19162565E+00
   107  3.21000000E+01  1.19195684E+00  9.99887074E-01  1.19195684E+00
   108  3.24000000E+01  1.19228112E+00  9.99882112E-01  1.19228112E+00
   109  3.27000000E+01  1.19257281E+00  9.99877058E-01  1.19257281E+00
   110  3.30000000E+01  1.19283484E+00  9.99871921E-01  1.19283484E+00
   111  3.33000000E+01  1.19312330E+00  9.99866716E-01  1.19312330E+00
   112  3.36000000E+01  1.19339434E+00  9.99861457E-01  1.19339434E+00
   113  3.39000000E+01  1.19363764E+00  9.99856161E-01  1.19363764E+00
   114  3.42000000E+01  1.19385681E+00  9.99850848E-01  1.19385681E+00
   115  3.45000000E+01  1.19410895E+00  9.99845538E-01  1.19410895E+00
   116  3.48000000E+01  1.19433507E+00  9.99840257E-01  1.19433507E+00
   117  3.51000000E+01  1.19453784E+00  9.99835031E-01  1.19453784E+00
   118  3.54000000E+01  1.19472212E+00  9.99829891E-01  1.19472212E+00
   119  3.57000000E+01  1.19493204E+00  9.99824872E-01  1.19493204E+00
   120  3.60000000E+01  1.19512031E+00  9.99820010E-01  1.19512031E+00
   121  3.63000000E+01  1.19528917E+00  9.99815348E-01  1.19528917E+00
   122  3.66000000E+01  1.19544781E+00  9.99810930E-01  1.19544781E+00
   123  3.69000000E+01  1.19562245E+00  9.99806809E-01  1.19562245E+00
   124  3.72000000E+01  1.19577893E+00  9.99803039E-01  1.19577893E+00
   125  3.75000000E+01  1.19591905E+00  9.99799681E-01  1.19591905E+00
   126  3.78000000E+01  1.19604702E+00  9.99796802E-01  1.19604702E+00
   127  3.81000000E+01  1.19619232E+00  9.99794475E-01  1.19619232E+00
   128  3.84000000E+01  1.19632239E+00  9.99792781E-01  1.19632239E+00
   129  3.87000000E+01  1.19643863E+00  9.99791804E-01  1.19643863E+00
   130  3.90000000E+01  1.19654467E+00  9.99791641E-01  1.19654467E+00
   131  3.93000000E+01  1.19666489E+00  9.99792393E-01  1.19666489E+00
   132  3.96000000E+01  1.19677216E+00  9.99794172E-01  1.19677216E+00
   133  3.99000000E+01  1.19686760E+00  9.99797098E-01  1.19686760E+00
   134  4.02000000E+01  1.19695224E+00  9.99801302E-01  1.19695224E+00
   135  4.05000000E+01  1.19704945E+00  9.99806925E-01  1.19704945E+00
   136  4.08000000E+01  1.19713767E+00  9.99814120E-01  1.19713767E+00
   137  4.11000000E+01  1.19721569E+00  9.99823050E-01  1.19721569E+00
   138  4.14000000E+01  1.19728443E+00  9.99833893E-01  1.19728443E+00
   139  4.17000000E+01  1.19736239E+00  9.99846840E-01  1.19736239E+00
   140  4.20000000E+01  1.19743398E+00  9.99862096E-01  1.19743398E+00
   141  4.23000000E+01  1.19749690E+00  9.99879882E-01  1.19749690E+00
   142  4.26000000E+01  1.19755195E+00  9.99900435E-01  1.19755195E+00
   143  4.29000000E+01  1.19761156E+00  9.99924010E-01  1.19761156E+00
   144  4.32000000E+01  1.19766922E+00  9.99950879E-01  1.19766922E+00
   145  4.35000000E+01  1.19771950E+00  9.99981335E-01  1.19771950E+00
   146  4.38000000E+01  1.19776315E+00  1.00001569E+00  1.19776315E+00
   147  4.41000000E+01  1.19780941E+00  1.00005428E+00  1.19780941E+00
   148  4.44000000E+01  1.19785517E+00  1.00009747E+00  1.19785517E+00
   149  4.47000000E+01  1.19789476E+00  1.00014563E+00  1.19789476E+00
   150  4.50000000E+01  1.19792885E+00  1.00019917E+00  1.19792885E+00
   151  4.53000000E+01  1.19796123E+00  1.00025854E+00  1.19796123E+00
   152  4.56000000E+01  1.19799713E+00  1.00032418E+00  1.19799713E+00
   153  4.59000000E+01  1.19802793E+00  1.00039660E+00  1.19802793E+00
   154  4.62000000E+01  1.19805421E+00  1.00047632E+00  1.19805421E+00
   155  4.65000000E+01  1.19807650E+00  1.00056389E+00  1.19807650E+00
   156  4.68000000E+01  1.19810367E+00  1.00065991E+00  1.19810367E+00
   157  4.71000000E+01  1.19812718E+00  1.00076501E+00  1.19812718E+00
   158  4.74000000E+01  1.19814700E+00  1.00087985E+00  1.19814700E+00
   159  4.77000000E+01  1.19816356E+00  1.00100513E+00  1.19816356E+00
   160  4.80000000E+01  1.19817961E+00  1.00114161E+00  1.19817961E+00
   161  4.83000000E+01  1.19819725E+00  1.00129007E+00  1.19819725E+00
   162  4.86000000E+01  1.19821189E+00  1.00145136E+00  1.19821189E+00
   163  4.89000000E+01  1.19822389E+00  1.00162634E+00  1.19822389E+00
   164  4.92000000E+01  1.19823357E+00  1.00181595E+00  1.19823357E+00
   165  4.95000000E+01  1.19824456E+00  1.00202118E+00  1.19824456E+00
   166  4.98000000E+01  1.19825492E+00  1.00224305E+00  1.19825492E+00
   167  5.01000000E+01  1.19826315E+00  1.00248266E+00  1.19826315E+00
   168  5.04000000E+01  1.19826951E+00  1.00274114E+00  1.19826951E+00
   169  5.07000000E+01  1.19827424E+00  1.00301970E+00  1.19827424E+00
   170  5.10000000E+01  1.19827923E+00  1.00331960E+00  1.19827923E+00
   171  5.13000000E+01  1.19828450E+00  1.00364214E+00  1.19828450E+00
   172  5.16000000E+01  1.19828828E+00  1.00398872E+00  1.19828828E+00
   173  5.19000000E+01  1.19829076E+00  1.00436077E+00  1.19829076E+00
   174  5.22000000E+01  1.19829212E+00  1.00475981E+00  1.19829212E+00
   175  5.25000000E+01  1.19829252E+00  1.00518739E+00  1.19829252E+00
   176  5.28000000E+01  1.19829358E+00  1.00564516E+00  1.19829358E+00
   177  5.31000000E+01  1.19829427E+00  1.00613481E+00  1.19829427E+00
   178  5.34000000E+01  1.19829410E+00  1.00665809E+00  1.19829410E+00
   179  5.37000000E+01  1.19829321E+00  1.00721684E+00  1.19829321E+00
   180  5.40000000E+01  1.19829173E+00  1.00781295E+00  1.19829173E+00
   181  5.43000000E+01  1.19828976E+00  1.00844835E+00  1.19828976E+00
   182  5.46000000E+01  1.19828740E+00  1.00912505E+00  1.19828740E+00
   183  5.49000000E+01  1.19828473E+00  1.00984511E+00  1.19828473E+00
   184  5.52000000E+01  1.19828199E+00  1.01061064E+00  1.19828199E+00
   185  5.55000000E+01  1.19827942E+00  1.01142380E+00  1.19827942E+00
   186  5.58000000E+01  1.19827659E+00  1.01228677E+00  1.19827659E+00
   187  5.61000000E+01  1.19827356E+00  1.01320181E+00  1.19827356E+00
   188  5.64000000E+01  1.19827039E+00  1.01417115E+00  1.19827039E+00
   189  5.67000000E+01  1.19826713E+00  1.01519709E+00  1.19826713E+00
   190  5.70000000E+01  1.19826382E+00  1.01628191E+00  1.19826382E+00
   191  5.73000000E+01  1.19826050E+00  1.01742788E+00  1.19826050E+00
   192  5.76000000E+01  1.19825719E+00  1.01863729E+00  1.19825719E+00
   193  5.79000000E+01  1.19825392E+00  1.01991238E+00  1.19825392E+00
   194  5.82000000E+01  1.19825071E+00  1.02125534E+00  1.19825071E+00
   195  5.85000000E+01  1.19824758E+00  1.02266832E+00  1.19824758E+00
   196  5.88000000E+01  1.19824454E+00  1.02415338E+00  1.19824454E+00
   197  5.91000000E+01  1.19824161E+00  1.02571248E+00  1.19824161E+00
   198  5.94000000E+01  1.19823891E+00  1.02734749E+00  1.19823891E+00
   199  5.97000000E+01  1.19823650E+00  1.02906013E+00  1.19823650E+00
   200  6.00000000E+01  1.19823421E+00  1.03085195E+00  1.19823421E+00
   201  6.03000000E+01  1.19823205E+00  1.03272434E+00  1.19823205E+00
   202  6.06000000E+01  1.19823002E+00  1.03467848E+00  1.19823002E+00
   203  6.09000000E+01  1.19822811E+00  1.03671533E+00  1.19822811E+00
   204  6.12000000E+01  1.19822631E+00  1.03883557E+00  1.19822631E+00
   205  6.15000000E+01  1.19822463E+00  1.04103963E+00  1.19822463E+00
   206  6.18000000E+01  1.19822306E+00  1.04332764E+00  1.19822306E+00
   207  6.21000000E+01  1.19822160E+00  1.04569938E+00  1.19822160E+00
   208  6.24000000E+01  1.19822024E+00  1.04815431E+00  1.19822024E+00
   209  6.27000000E+01  1.19821898E+00  1.05069149E+00  1.19821898E+00
   210  6.30000000E+01  1.19821781E+00  1.05330960E+00  1.19821781E+00
   211  6.33000000E+01  1.19821673E+00  1.05600690E+00  1.19821673E+00
   212  6.36000000E+01  1.19821573E+00  1.05878123E+00  1.19821573E+00
   213  6.39000000E+01  1.19821482E+00  1.06162998E+00  1.19821482E+00
   214  6.42000000E+01  1.19821397E+00  1.06455010E+00  1.19821397E+00
   215  6.45000000E+01  1.19821320E+00  1.06753808E+00  1.19821320E+00
   216  6.48000000E+01  1.19821249E+00  1.07058994E+00  1.19821249E+00
   217  6.51000000E+01  1.19821185E+00  1.07370128E+00  1.19821185E+00
   218  6.54000000E+01  1.19821126E+00  1.07686723E+00  1.19821126E+00
   219  6.57000000E+01  1.19821072E+00  1.08008253E+00  1.19821072E+00
   220  6.60000000E+01  1.19821023E+00  1.08334150E+00  1.19821023E+00
   221  6.63000000E+01  1.19820979E+00  1.08663809E+00  1.19820979E+00
   222  6.66000000E+01  1.19820939E+00  1.08996590E+00  1.19820939E+00
   223  6.69000000E+01  1.19820903E+00  1.09331825E+00  1.19820903E+00
   224  6.72000000E+01  1.19820871E+00  1.09668821E+00  1.19820871E+00
   225  6.75000000E+01  1.19820842E+00  1.10006861E+00  1.19820842E+00
   226  6.78000000E+01  1.19820816E+00  1.10345215E+00  1.19820816E+00
   227  6.81000000E+01  1.19820792E+00  1.10683144E+00  1.19820792E+00
   228  6.84000000E+01  1.19820772E+00  1.11019904E+00  1.19820772E+00
   229  6.87000000E+01  1.19820753E+00  1.11354755E+00  1.19820753E+00
   230  6.90000000E+01  1.19820737E+00  1.11686966E+00  1.19820737E+00
   231  6.93000000E+01  1.19820723E+00  1.12015825E+00  1.19820723E+00
   232  6.96000000E+01  1.19820710E+00  1.12340640E+00  1.19820710E+00
   233  6.99000000E+01  1.19820699E+00  1.12660753E+00  1.19820699E+00
   234  7.02000000E+01  1.19820690E+00  1.12975542E+00  1.19820690E+00
   235  7.05000000E+01  1.19820681E+00  1.13284429E+00  1.19820681E+00
   236  7.08000000E+01  1.19820674E+00  1.13586886E+00  1.19820674E+00
   237  7.11000000E+01  1.19820668E+00  1.13882444E+00  1.19820668E+00
   238  7.14000000E+01  1.19820663E+00  1.14170692E+00  1.19820663E+00
   239  7.17000000E+01  1.19820659E+00  1.14451289E+00  1.19820659E+00
   240  7.20000000E+01  1.19820655E+00  1.14723960E+00  1.19820655E+00
   241  7.23000000E+01  1.19820652E+00  1.14988502E+00  1.19820652E+00
   242  7.26000000E+01  1.19820650E+00  1.15244784E+00  1.19820650E+00
   243  7.29000000E+01  1.19820648E+00  1.15492744E+00  1.19820648E+00
   244  7.32000000E+01  1.19820646E+00  1.15732388E+00  1.19820646E+00
   245  7.35000000E+01  1.19820645E+00  1.15963780E+00  1.19820645E+00
   246  7.38000000E+01  1.19820645E+00  1.16187037E+00  1.19820645E+00
   247  7.41000000E+01  1.19820644E+00  1.16402321E+00  1.19820644E+00
   248  7.44000000E+01  1.19820644E+00  1.16609819E+00  1.19820644E+00
   249  7.47000000E+01  1.19820644E+00  1.16809736E+00  1.19820644E+00
   250  7.50000000E+01  1.19820645E+00  1.17002277E+00  1.19820645E+00
   251  7.53000000E+01  1.19820645E+00  1.17187630E+00  1.19820645E+00
   252  7.56000000E+01  1.19820645E+00  1.17365956E+00  1.19820645E+00
   253  7.59000000E+01  1.19820646E+00  1.17537371E+00  1.19820646E+00
   254  7.62000000E+01  1.19820647E+00  1.17701939E+00  1.19820647E+00
   255  7.65000000E+01  1.19820648E+00  1.17859670E+00  1.19820648E+00
   256  7.68000000E+01  1.19820648E+00  1.18010511E+00  1.19820648E+00
   257  7.71000000E+01  1.19820649E+00  1.18154362E+00  1.19820649E+00
   258  7.74000000E+01  1.19820650E+00  1.18291078E+00  1.19820650E+00
   259  7.77000000E+01  1.19820651E+00  1.18420490E+00  1.19820651E+00
   260  7.80000000E+01  1.19820652E+00  1.18542424E+00  1.19820652E+00
   261  7.83000000E+01  1.19820653E+00  1.18656723E+00  1.19820653E+00
   262  7.86000000E+01  1.19820653E+00  1.18763272E+00  1.19820653E+00
   263  7.89000000E+01  1.19820654E+00  1.18862022E+00  1.19820654E+00
   264  7.92000000E+01  1.19820655E+00  1.18953002E+00  1.19820655E+00
   265  7.95000000E+01  1.19820656E+00  1.19036340E+00  1.19820656E+00
   266  7.98000000E+01  1.19820657E+00  1.19112263E+00  1.19820657E+00
   267  8.01000000E+01  1.19820657E+00  1.19181098E+00  1.19820657E+00
   268  8.04000000E+01  1.19820658E+00  1.19243260E+00  1.19820658E+00
   269  8.07000000E+01  1.19820659E+00  1.19299237E+00  1.19820659E+00
   270  8.10000000E+01  1.19820659E+00  1.19349567E+00  1.19820659E+00
   271  8.13000000E+01  1.19820660E+00  1.19394812E+00  1.19820660E+00
   272  8.16000000E+01  1.19820661E+00  1.19435532E+00  1.19820661E+00
   273  8.19000000E+01  1.19820661E+00  1.19472258E+00  1.19820661E+00
   274  8.22000000E+01  1.19820662E+00  1.19505476E+00  1.19820662E+00
   275  8.25000000E+01  1.19820662E+00  1.19535610E+00  1.19820662E+00
   276  8.28000000E+01  1.19820663E+00  1.19563011E+00  1.19820663E+00
   277  8.31000000E+01  1.19820663E+00  1.19587962E+00  1.19820663E+00
   278  8.34000000E+01  1.19820663E+00  1.19610678E+00  1.19820663E+00
   279  8.37000000E+01  1.19820664E+00  1.19631323E+00  1.19820664E+00
   280  8.40000000E+01  1.19820664E+00  1.19650016E+00  1.19820664E+00
   281  8.43000000E+01  1.19820664E+00  1.19666854E+00  1.19820664E+00
   282  8.46000000E+01  1.19820665E+00  1.19681922E+00  1.19820665E+00
   283  8.49000000E+01  1.19820665E+00  1.19695305E+00  1.19820665E+00
   284  8.52000000E+01  1.19820665E+00  1.19707100E+00  1.19820665E+00
   285  8.55000000E+01  1.19820665E+00  1.19717418E+00  1.19820665E+00
   286  8.58000000E+01  1.19820666E+00  1.19726385E+00  1.19820666E+00
   287  8.61000000E+01  1.19820666E+00  1.19734137E+00  1.19820666E+00
   288  8.64000000E+01  1.19820666E+00  1.19740821E+00  1.19820666E+00
   289  8.67000000E+01  1.19820666E+00  1.19746578E+00  1.19820666E+00
   290  8.70000000E+01  1.19820666E+00  1.19751547E+00  1.19820666E+00
   291  8.73000000E+01  1.19820666E+00  1.19755848E+00  1.19820666E+00
   292  8.76000000E+01  1.19820667E+00  1.19759588E+00  1.19820667E+00
   293  8.79000000E+01  1.19820667E+00  1.19762852E+00  1.19820667E+00
   294  8.82000000E+01  1.19820667E+00  1.19765705E+00  1.19820667E+00
   295  8.85000000E+01  1.19820667E+00  1.19768196E+00  1.19820667E+00
   296  8.88000000E+01  1.19820667E+00  1.19770359E+00  1.19820667E+00
   297  8.91000000E+01  1.19820667E+00  1.19772217E+00  1.19820667E+00
   298  8.94000000E+01  1.19820667E+00  1.19773788E+00  1.19820667E+00
   299  8.97000000E+01  1.19820667E+00  1.19775089E+00  1.19820667E+00
   300  9.00000000E+01  1.19820667E+00  1.19776135E+00  1.19820667E+00
   301  9.03000000E+01  1.19820667E+00  1.19776945E+00  1.19820667E+00
   302  9.06000000E+01  1.19820667E+00  1.19777541E+00  1.19820667E+00
   303  9.09000000E+01  1.19820667E+00  1.19777948E+00  1.19820667E+00
   304  9.12000000E+01  1.19820667E+00  1.19778191E+00  1.19820667E+00
   305  9.15000000E+01  1.19820667E+00  1.19778298E+00  1.19820667E+00
   306  9.18000000E+01  1.19820667E+00  1.19778295E+00  1.19820667E+00
   307  9.21000000E+01  1.19820667E+00  1.19778203E+00  1.19820667E+00
   308  9.24000000E+01  1.19820667E+00  1.19778045E+00  1.19820667E+00
   309  9.27000000E+01  1.19820667E+00  1.19777835E+00  1.19820667E+00
   310  9.30000000E+01  1.19820667E+00  1.19777587E+00  1.19820667E+00
 steady-height stop at step    310: changes <=   1.0000E-05, max-end <=   1.0000E-02, max/end/gap/profile_change =   1.19820667E+00  1.19777587E+00  4.30802727E-04  3.51837988E-06


STDERR:
