COMMAND:
/shared/extrudate_rom/generate_rom_data/extrudate_swell2d_c_cluster

STDOUT:
 comppar: model =   3
 comppar: lambda,mobility/eps,betav,eta_0 =  4.6000E+00  2.3333E-01  7.0000E-01  1.0000E+00
 comppar: eta_s,eta_p,G =  7.0000E-01  3.0000E-01  6.5217E-02
 comppar: U_avg,deltat,flowrate,nsteps =  1.0000E-01  3.0000E-01  3.1416E-01     700
 comppar: geometry = axisymmetric
 comppar: steady stop change,gap,hold,min =  1.0000E-05  1.0000E-02      10      80
 comppar: ncompc,ncompg =     4     5
 mesh nnodes = 5765
 mesh nelem = 2780
 P1 BC   5.0000000000000000     
 P2 BC   0.0000000000000000     
     1  3.00000000E-01  1.00379362E+00  1.00000000E+00  1.00379362E+00
     2  6.00000000E-01  1.00750219E+00  1.00000000E+00  1.00750219E+00
     3  9.00000000E-01  1.01112531E+00  1.00000000E+00  1.01112531E+00
     4  1.20000000E+00  1.01466477E+00  1.00000000E+00  1.01466477E+00
     5  1.50000000E+00  1.01812315E+00  1.00000000E+00  1.01812315E+00
     6  1.80000000E+00  1.02149826E+00  1.00000000E+00  1.02149826E+00
     7  2.10000000E+00  1.02480202E+00  1.00000000E+00  1.02480202E+00
     8  2.40000000E+00  1.02804163E+00  1.00000000E+00  1.02804163E+00
     9  2.70000000E+00  1.03120822E+00  1.00000000E+00  1.03120822E+00
    10  3.00000000E+00  1.03430070E+00  1.00000000E+00  1.03430070E+00
    11  3.30000000E+00  1.03734972E+00  1.00000000E+00  1.03734972E+00
    12  3.60000000E+00  1.04033399E+00  1.00000000E+00  1.04033399E+00
    13  3.90000000E+00  1.04324613E+00  1.00000000E+00  1.04324613E+00
    14  4.20000000E+00  1.04614036E+00  1.00000000E+00  1.04614036E+00
    15  4.50000000E+00  1.04893725E+00  9.99999998E-01  1.04893725E+00
    16  4.80000000E+00  1.05173438E+00  9.99999994E-01  1.05173438E+00
    17  5.10000000E+00  1.05444304E+00  9.99999989E-01  1.05444304E+00
    18  5.40000000E+00  1.05713757E+00  9.99999982E-01  1.05713757E+00
    19  5.70000000E+00  1.05972812E+00  9.99999975E-01  1.05972812E+00
    20  6.00000000E+00  1.06234136E+00  9.99999965E-01  1.06234136E+00
    21  6.30000000E+00  1.06482825E+00  9.99999953E-01  1.06482825E+00
    22  6.60000000E+00  1.06735473E+00  9.99999940E-01  1.06735473E+00
    23  6.90000000E+00  1.06976091E+00  9.99999924E-01  1.06976091E+00
    24  7.20000000E+00  1.07215969E+00  9.99999905E-01  1.07215969E+00
    25  7.50000000E+00  1.07450916E+00  9.99999883E-01  1.07450916E+00
    26  7.80000000E+00  1.07676463E+00  9.99999858E-01  1.07676463E+00
    27  8.10000000E+00  1.07905679E+00  9.99999829E-01  1.07905679E+00
    28  8.40000000E+00  1.08121617E+00  9.99999797E-01  1.08121617E+00
    29  8.70000000E+00  1.08336904E+00  9.99999760E-01  1.08336904E+00
    30  9.00000000E+00  1.08549814E+00  9.99999718E-01  1.08549814E+00
    31  9.30000000E+00  1.08749194E+00  9.99999671E-01  1.08749194E+00
    32  9.60000000E+00  1.08954488E+00  9.99999618E-01  1.08954488E+00
    33  9.90000000E+00  1.09150687E+00  9.99999559E-01  1.09150687E+00
    34  1.02000000E+01  1.09333286E+00  9.99999493E-01  1.09333286E+00
    35  1.05000000E+01  1.09525212E+00  9.99999420E-01  1.09525212E+00
    36  1.08000000E+01  1.09707731E+00  9.99999339E-01  1.09707731E+00
    37  1.11000000E+01  1.09876852E+00  9.99999249E-01  1.09876852E+00
    38  1.14000000E+01  1.10053975E+00  9.99999150E-01  1.10053975E+00
    39  1.17000000E+01  1.10222677E+00  9.99999041E-01  1.10222677E+00
    40  1.20000000E+01  1.10378349E+00  9.99998921E-01  1.10378349E+00
    41  1.23000000E+01  1.10537286E+00  9.99998789E-01  1.10537286E+00
    42  1.26000000E+01  1.10695263E+00  9.99998645E-01  1.10695263E+00
    43  1.29000000E+01  1.10840713E+00  9.99998487E-01  1.10840713E+00
    44  1.32000000E+01  1.10980015E+00  9.99998314E-01  1.10980015E+00
    45  1.35000000E+01  1.11127253E+00  9.99998125E-01  1.11127253E+00
    46  1.38000000E+01  1.11262559E+00  9.99997920E-01  1.11262559E+00
    47  1.41000000E+01  1.11386803E+00  9.99997696E-01  1.11386803E+00
    48  1.44000000E+01  1.11519703E+00  9.99997452E-01  1.11519703E+00
    49  1.47000000E+01  1.11645901E+00  9.99997188E-01  1.11645901E+00
    50  1.50000000E+01  1.11761853E+00  9.99996902E-01  1.11761853E+00
    51  1.53000000E+01  1.11875348E+00  9.99996592E-01  1.11875348E+00
    52  1.56000000E+01  1.11992701E+00  9.99996256E-01  1.11992701E+00
    53  1.59000000E+01  1.12100690E+00  9.99995893E-01  1.12100690E+00
    54  1.62000000E+01  1.12200402E+00  9.99995501E-01  1.12200402E+00
    55  1.65000000E+01  1.12306800E+00  9.99995078E-01  1.12306800E+00
    56  1.68000000E+01  1.12407735E+00  9.99994622E-01  1.12407735E+00
    57  1.71000000E+01  1.12501189E+00  9.99994132E-01  1.12501189E+00
    58  1.74000000E+01  1.12589241E+00  9.99993604E-01  1.12589241E+00
    59  1.77000000E+01  1.12683600E+00  9.99993038E-01  1.12683600E+00
    60  1.80000000E+01  1.12771304E+00  9.99992429E-01  1.12771304E+00
    61  1.83000000E+01  1.12853200E+00  9.99991777E-01  1.12853200E+00
    62  1.86000000E+01  1.12932696E+00  9.99991077E-01  1.12932696E+00
    63  1.89000000E+01  1.13015215E+00  9.99990329E-01  1.13015215E+00
    64  1.92000000E+01  1.13092465E+00  9.99989528E-01  1.13092465E+00
    65  1.95000000E+01  1.13165014E+00  9.99988673E-01  1.13165014E+00
    66  1.98000000E+01  1.13233360E+00  9.99987759E-01  1.13233360E+00
    67  2.01000000E+01  1.13306482E+00  9.99986785E-01  1.13306482E+00
    68  2.04000000E+01  1.13375286E+00  9.99985746E-01  1.13375286E+00
    69  2.07000000E+01  1.13440067E+00  9.99984640E-01  1.13440067E+00
    70  2.10000000E+01  1.13501011E+00  9.99983464E-01  1.13501011E+00
    71  2.13000000E+01  1.13564606E+00  9.99982214E-01  1.13564606E+00
    72  2.16000000E+01  1.13625872E+00  9.99980886E-01  1.13625872E+00
    73  2.19000000E+01  1.13683435E+00  9.99979478E-01  1.13683435E+00
    74  2.22000000E+01  1.13737365E+00  9.99977985E-01  1.13737365E+00
    75  2.25000000E+01  1.13791686E+00  9.99976404E-01  1.13791686E+00
    76  2.28000000E+01  1.13846124E+00  9.99974732E-01  1.13846124E+00
    77  2.31000000E+01  1.13896962E+00  9.99972964E-01  1.13896962E+00
    78  2.34000000E+01  1.13944226E+00  9.99971098E-01  1.13944226E+00
    79  2.37000000E+01  1.13990927E+00  9.99969129E-01  1.13990927E+00
    80  2.40000000E+01  1.14038632E+00  9.99967055E-01  1.14038632E+00
    81  2.43000000E+01  1.14082816E+00  9.99964871E-01  1.14082816E+00
    82  2.46000000E+01  1.14123517E+00  9.99962575E-01  1.14123517E+00
    83  2.49000000E+01  1.14164235E+00  9.99960164E-01  1.14164235E+00
    84  2.52000000E+01  1.14205430E+00  9.99957634E-01  1.14205430E+00
    85  2.55000000E+01  1.14243188E+00  9.99954983E-01  1.14243188E+00
    86  2.58000000E+01  1.14277596E+00  9.99952208E-01  1.14277596E+00
    87  2.61000000E+01  1.14313298E+00  9.99949308E-01  1.14313298E+00
    88  2.64000000E+01  1.14348201E+00  9.99946281E-01  1.14348201E+00
    89  2.67000000E+01  1.14379861E+00  9.99943126E-01  1.14379861E+00
    90  2.70000000E+01  1.14408422E+00  9.99939842E-01  1.14408422E+00
    91  2.73000000E+01  1.14440246E+00  9.99936428E-01  1.14440246E+00
    92  2.76000000E+01  1.14469235E+00  9.99932886E-01  1.14469235E+00
    93  2.79000000E+01  1.14495267E+00  9.99929217E-01  1.14495267E+00
    94  2.82000000E+01  1.14520498E+00  9.99925423E-01  1.14520498E+00
    95  2.85000000E+01  1.14546986E+00  9.99921507E-01  1.14546986E+00
    96  2.88000000E+01  1.14570675E+00  9.99917474E-01  1.14570675E+00
    97  2.91000000E+01  1.14591775E+00  9.99913329E-01  1.14591775E+00
    98  2.94000000E+01  1.14614329E+00  9.99909078E-01  1.14614329E+00
    99  2.97000000E+01  1.14635784E+00  9.99904731E-01  1.14635784E+00
   100  3.00000000E+01  1.14654834E+00  9.99900298E-01  1.14654834E+00
   101  3.03000000E+01  1.14672517E+00  9.99895789E-01  1.14672517E+00
   102  3.06000000E+01  1.14691931E+00  9.99891219E-01  1.14691931E+00
   103  3.09000000E+01  1.14709122E+00  9.99886604E-01  1.14709122E+00
   104  3.12000000E+01  1.14724312E+00  9.99881963E-01  1.14724312E+00
   105  3.15000000E+01  1.14739856E+00  9.99877315E-01  1.14739856E+00
   106  3.18000000E+01  1.14755319E+00  9.99872687E-01  1.14755319E+00
   107  3.21000000E+01  1.14768964E+00  9.99868103E-01  1.14768964E+00
   108  3.24000000E+01  1.14780991E+00  9.99863596E-01  1.14780991E+00
   109  3.27000000E+01  1.14794791E+00  9.99859200E-01  1.14794791E+00
   110  3.30000000E+01  1.14807034E+00  9.99854953E-01  1.14807034E+00
   111  3.33000000E+01  1.14817808E+00  9.99850899E-01  1.14817808E+00
   112  3.36000000E+01  1.14827951E+00  9.99847085E-01  1.14827951E+00
   113  3.39000000E+01  1.14838930E+00  9.99843565E-01  1.14838930E+00
   114  3.42000000E+01  1.14848586E+00  9.99840397E-01  1.14848586E+00
   115  3.45000000E+01  1.14857066E+00  9.99837647E-01  1.14857066E+00
   116  3.48000000E+01  1.14865850E+00  9.99835386E-01  1.14865850E+00
   117  3.51000000E+01  1.14874474E+00  9.99833693E-01  1.14874474E+00
   118  3.54000000E+01  1.14882033E+00  9.99832656E-01  1.14882033E+00
   119  3.57000000E+01  1.14888643E+00  9.99832368E-01  1.14888643E+00
   120  3.60000000E+01  1.14895796E+00  9.99832934E-01  1.14895796E+00
   121  3.63000000E+01  1.14902548E+00  9.99834468E-01  1.14902548E+00
   122  3.66000000E+01  1.14908437E+00  9.99837093E-01  1.14908437E+00
   123  3.69000000E+01  1.14913553E+00  9.99840945E-01  1.14913553E+00
   124  3.72000000E+01  1.14919472E+00  9.99846172E-01  1.14919472E+00
   125  3.75000000E+01  1.14924682E+00  9.99852932E-01  1.14924682E+00
   126  3.78000000E+01  1.14929189E+00  9.99861400E-01  1.14929189E+00
   127  3.81000000E+01  1.14933085E+00  9.99871763E-01  1.14933085E+00
   128  3.84000000E+01  1.14937701E+00  9.99884225E-01  1.14937701E+00
   129  3.87000000E+01  1.14941674E+00  9.99899008E-01  1.14941674E+00
   130  3.90000000E+01  1.14945072E+00  9.99916348E-01  1.14945072E+00
   131  3.93000000E+01  1.14948163E+00  9.99936503E-01  1.14948163E+00
   132  3.96000000E+01  1.14951636E+00  9.99959751E-01  1.14951636E+00
   133  3.99000000E+01  1.14954589E+00  9.99986391E-01  1.14954589E+00
   134  4.02000000E+01  1.14957077E+00  1.00001674E+00  1.14957077E+00
   135  4.05000000E+01  1.14959291E+00  1.00005115E+00  1.14959291E+00
   136  4.08000000E+01  1.14961852E+00  1.00009000E+00  1.14961852E+00
   137  4.11000000E+01  1.14963992E+00  1.00013367E+00  1.14963992E+00
   138  4.14000000E+01  1.14965764E+00  1.00018260E+00  1.14965764E+00
   139  4.17000000E+01  1.14967309E+00  1.00023724E+00  1.14967309E+00
   140  4.20000000E+01  1.14969132E+00  1.00029810E+00  1.14969132E+00
   141  4.23000000E+01  1.14970626E+00  1.00036568E+00  1.14970626E+00
   142  4.26000000E+01  1.14971835E+00  1.00044056E+00  1.14971835E+00
   143  4.29000000E+01  1.14972798E+00  1.00052333E+00  1.14972798E+00
   144  4.32000000E+01  1.14973961E+00  1.00061463E+00  1.14973961E+00
   145  4.35000000E+01  1.14974961E+00  1.00071514E+00  1.14974961E+00
   146  4.38000000E+01  1.14975745E+00  1.00082558E+00  1.14975745E+00
   147  4.41000000E+01  1.14976345E+00  1.00094673E+00  1.14976345E+00
   148  4.44000000E+01  1.14976924E+00  1.00107940E+00  1.14976924E+00
   149  4.47000000E+01  1.14977546E+00  1.00122445E+00  1.14977546E+00
   150  4.50000000E+01  1.14978007E+00  1.00138282E+00  1.14978007E+00
   151  4.53000000E+01  1.14978332E+00  1.00155547E+00  1.14978332E+00
   152  4.56000000E+01  1.14978543E+00  1.00174343E+00  1.14978543E+00
   153  4.59000000E+01  1.14978694E+00  1.00194780E+00  1.14978694E+00
   154  4.62000000E+01  1.14978923E+00  1.00216972E+00  1.14978923E+00
   155  4.65000000E+01  1.14979052E+00  1.00241042E+00  1.14979052E+00
   156  4.68000000E+01  1.14979099E+00  1.00267116E+00  1.14979099E+00
   157  4.71000000E+01  1.14979077E+00  1.00295330E+00  1.14979077E+00
   158  4.74000000E+01  1.14978998E+00  1.00325824E+00  1.14978998E+00
   159  4.77000000E+01  1.14978873E+00  1.00358747E+00  1.14978873E+00
   160  4.80000000E+01  1.14978748E+00  1.00394254E+00  1.14978748E+00
   161  4.83000000E+01  1.14978628E+00  1.00432507E+00  1.14978628E+00
   162  4.86000000E+01  1.14978470E+00  1.00473676E+00  1.14978470E+00
   163  4.89000000E+01  1.14978283E+00  1.00517938E+00  1.14978283E+00
   164  4.92000000E+01  1.14978075E+00  1.00565476E+00  1.14978075E+00
   165  4.95000000E+01  1.14977851E+00  1.00616482E+00  1.14977851E+00
   166  4.98000000E+01  1.14977617E+00  1.00671153E+00  1.14977617E+00
   167  5.01000000E+01  1.14977377E+00  1.00729694E+00  1.14977377E+00
   168  5.04000000E+01  1.14977136E+00  1.00792316E+00  1.14977136E+00
   169  5.07000000E+01  1.14976897E+00  1.00859236E+00  1.14976897E+00
   170  5.10000000E+01  1.14976662E+00  1.00930677E+00  1.14976662E+00
   171  5.13000000E+01  1.14976432E+00  1.01006867E+00  1.14976432E+00
   172  5.16000000E+01  1.14976211E+00  1.01088037E+00  1.14976211E+00
   173  5.19000000E+01  1.14975998E+00  1.01174423E+00  1.14975998E+00
   174  5.22000000E+01  1.14975795E+00  1.01266265E+00  1.14975795E+00
   175  5.25000000E+01  1.14975602E+00  1.01363801E+00  1.14975602E+00
   176  5.28000000E+01  1.14975419E+00  1.01467273E+00  1.14975419E+00
   177  5.31000000E+01  1.14975248E+00  1.01576919E+00  1.14975248E+00
   178  5.34000000E+01  1.14975087E+00  1.01692977E+00  1.14975087E+00
   179  5.37000000E+01  1.14974937E+00  1.01815680E+00  1.14974937E+00
   180  5.40000000E+01  1.14974818E+00  1.01945253E+00  1.14974818E+00
   181  5.43000000E+01  1.14974710E+00  1.02081916E+00  1.14974710E+00
   182  5.46000000E+01  1.14974612E+00  1.02225875E+00  1.14974612E+00
   183  5.49000000E+01  1.14974521E+00  1.02377326E+00  1.14974521E+00
   184  5.52000000E+01  1.14974439E+00  1.02536449E+00  1.14974439E+00
   185  5.55000000E+01  1.14974365E+00  1.02703405E+00  1.14974365E+00
   186  5.58000000E+01  1.14974297E+00  1.02878334E+00  1.14974297E+00
   187  5.61000000E+01  1.14974236E+00  1.03061353E+00  1.14974236E+00
   188  5.64000000E+01  1.14974181E+00  1.03252551E+00  1.14974181E+00
   189  5.67000000E+01  1.14974132E+00  1.03451988E+00  1.14974132E+00
   190  5.70000000E+01  1.14974089E+00  1.03659689E+00  1.14974089E+00
   191  5.73000000E+01  1.14974050E+00  1.03875644E+00  1.14974050E+00
   192  5.76000000E+01  1.14974015E+00  1.04099803E+00  1.14974015E+00
   193  5.79000000E+01  1.14973984E+00  1.04332072E+00  1.14973984E+00
   194  5.82000000E+01  1.14973958E+00  1.04572312E+00  1.14973958E+00
   195  5.85000000E+01  1.14973934E+00  1.04820337E+00  1.14973934E+00
   196  5.88000000E+01  1.14973914E+00  1.05075908E+00  1.14973914E+00
   197  5.91000000E+01  1.14973896E+00  1.05338732E+00  1.14973896E+00
   198  5.94000000E+01  1.14973880E+00  1.05608464E+00  1.14973880E+00
   199  5.97000000E+01  1.14973867E+00  1.05884698E+00  1.14973867E+00
   200  6.00000000E+01  1.14973856E+00  1.06166975E+00  1.14973856E+00
   201  6.03000000E+01  1.14973847E+00  1.06454776E+00  1.14973847E+00
   202  6.06000000E+01  1.14973839E+00  1.06747524E+00  1.14973839E+00
   203  6.09000000E+01  1.14973832E+00  1.07044586E+00  1.14973832E+00
   204  6.12000000E+01  1.14973827E+00  1.07345275E+00  1.14973827E+00
   205  6.15000000E+01  1.14973822E+00  1.07648852E+00  1.14973822E+00
   206  6.18000000E+01  1.14973819E+00  1.07954526E+00  1.14973819E+00
   207  6.21000000E+01  1.14973816E+00  1.08261465E+00  1.14973816E+00
   208  6.24000000E+01  1.14973814E+00  1.08568794E+00  1.14973814E+00
   209  6.27000000E+01  1.14973813E+00  1.08875604E+00  1.14973813E+00
   210  6.30000000E+01  1.14973812E+00  1.09180958E+00  1.14973812E+00
   211  6.33000000E+01  1.14973812E+00  1.09483899E+00  1.14973812E+00
   212  6.36000000E+01  1.14973811E+00  1.09783456E+00  1.14973811E+00
   213  6.39000000E+01  1.14973812E+00  1.10078652E+00  1.14973812E+00
   214  6.42000000E+01  1.14973812E+00  1.10368517E+00  1.14973812E+00
   215  6.45000000E+01  1.14973813E+00  1.10652096E+00  1.14973813E+00
   216  6.48000000E+01  1.14973814E+00  1.10928457E+00  1.14973814E+00
   217  6.51000000E+01  1.14973814E+00  1.11196709E+00  1.14973814E+00
   218  6.54000000E+01  1.14973815E+00  1.11456006E+00  1.14973815E+00
   219  6.57000000E+01  1.14973816E+00  1.11705564E+00  1.14973816E+00
   220  6.60000000E+01  1.14973818E+00  1.11944673E+00  1.14973818E+00
   221  6.63000000E+01  1.14973819E+00  1.12172707E+00  1.14973819E+00
   222  6.66000000E+01  1.14973820E+00  1.12389140E+00  1.14973820E+00
   223  6.69000000E+01  1.14973821E+00  1.12593553E+00  1.14973821E+00
   224  6.72000000E+01  1.14973822E+00  1.12785646E+00  1.14973822E+00
   225  6.75000000E+01  1.14973823E+00  1.12965251E+00  1.14973823E+00
   226  6.78000000E+01  1.14973824E+00  1.13132331E+00  1.14973824E+00
   227  6.81000000E+01  1.14973825E+00  1.13286992E+00  1.14973825E+00
   228  6.84000000E+01  1.14973826E+00  1.13429478E+00  1.14973826E+00
   229  6.87000000E+01  1.14973827E+00  1.13560171E+00  1.14973827E+00
   230  6.90000000E+01  1.14973827E+00  1.13679583E+00  1.14973827E+00
   231  6.93000000E+01  1.14973828E+00  1.13788342E+00  1.14973828E+00
   232  6.96000000E+01  1.14973829E+00  1.13887180E+00  1.14973829E+00
   233  6.99000000E+01  1.14973830E+00  1.13976908E+00  1.14973830E+00
   234  7.02000000E+01  1.14973830E+00  1.14058391E+00  1.14973830E+00
   235  7.05000000E+01  1.14973831E+00  1.14132524E+00  1.14973831E+00
   236  7.08000000E+01  1.14973831E+00  1.14200199E+00  1.14973831E+00
   237  7.11000000E+01  1.14973832E+00  1.14262277E+00  1.14973832E+00
   238  7.14000000E+01  1.14973832E+00  1.14319560E+00  1.14973832E+00
   239  7.17000000E+01  1.14973833E+00  1.14372766E+00  1.14973833E+00
   240  7.20000000E+01  1.14973833E+00  1.14422509E+00  1.14973833E+00
   241  7.23000000E+01  1.14973833E+00  1.14469286E+00  1.14973833E+00
   242  7.26000000E+01  1.14973834E+00  1.14513469E+00  1.14973834E+00
   243  7.29000000E+01  1.14973834E+00  1.14555310E+00  1.14973834E+00
   244  7.32000000E+01  1.14973834E+00  1.14594949E+00  1.14973834E+00
   245  7.35000000E+01  1.14973834E+00  1.14632427E+00  1.14973834E+00
   246  7.38000000E+01  1.14973835E+00  1.14667712E+00  1.14973835E+00
   247  7.41000000E+01  1.14973835E+00  1.14700718E+00  1.14973835E+00
   248  7.44000000E+01  1.14973835E+00  1.14731337E+00  1.14973835E+00
   249  7.47000000E+01  1.14973835E+00  1.14759461E+00  1.14973835E+00
   250  7.50000000E+01  1.14973835E+00  1.14785004E+00  1.14973835E+00
   251  7.53000000E+01  1.14973835E+00  1.14807921E+00  1.14973835E+00
   252  7.56000000E+01  1.14973835E+00  1.14828220E+00  1.14973835E+00
   253  7.59000000E+01  1.14973836E+00  1.14845968E+00  1.14973836E+00
   254  7.62000000E+01  1.14973836E+00  1.14861287E+00  1.14973836E+00
   255  7.65000000E+01  1.14973836E+00  1.14874351E+00  1.14973836E+00
   256  7.68000000E+01  1.14973836E+00  1.14885376E+00  1.14973836E+00
   257  7.71000000E+01  1.14973836E+00  1.14894601E+00  1.14973836E+00
   258  7.74000000E+01  1.14973836E+00  1.14902280E+00  1.14973836E+00
   259  7.77000000E+01  1.14973836E+00  1.14908663E+00  1.14973836E+00
   260  7.80000000E+01  1.14973836E+00  1.14913984E+00  1.14973836E+00
   261  7.83000000E+01  1.14973836E+00  1.14918453E+00  1.14973836E+00
   262  7.86000000E+01  1.14973836E+00  1.14922246E+00  1.14973836E+00
   263  7.89000000E+01  1.14973836E+00  1.14925506E+00  1.14973836E+00
   264  7.92000000E+01  1.14973836E+00  1.14928340E+00  1.14973836E+00
   265  7.95000000E+01  1.14973836E+00  1.14930826E+00  1.14973836E+00
   266  7.98000000E+01  1.14973836E+00  1.14933014E+00  1.14973836E+00
   267  8.01000000E+01  1.14973836E+00  1.14934933E+00  1.14973836E+00
   268  8.04000000E+01  1.14973836E+00  1.14936601E+00  1.14973836E+00
   269  8.07000000E+01  1.14973836E+00  1.14938027E+00  1.14973836E+00
   270  8.10000000E+01  1.14973836E+00  1.14939217E+00  1.14973836E+00
   271  8.13000000E+01  1.14973836E+00  1.14940179E+00  1.14973836E+00
   272  8.16000000E+01  1.14973836E+00  1.14940924E+00  1.14973836E+00
   273  8.19000000E+01  1.14973836E+00  1.14941468E+00  1.14973836E+00
   274  8.22000000E+01  1.14973836E+00  1.14941831E+00  1.14973836E+00
   275  8.25000000E+01  1.14973836E+00  1.14942037E+00  1.14973836E+00
   276  8.28000000E+01  1.14973836E+00  1.14942111E+00  1.14973836E+00
   277  8.31000000E+01  1.14973836E+00  1.14942078E+00  1.14973836E+00
   278  8.34000000E+01  1.14973836E+00  1.14941964E+00  1.14973836E+00
   279  8.37000000E+01  1.14973836E+00  1.14941790E+00  1.14973836E+00
   280  8.40000000E+01  1.14973836E+00  1.14941575E+00  1.14973836E+00
 steady-height stop at step    280: changes <=   1.0000E-05, max-end <=   1.0000E-02, max/end/gap/profile_change =   1.14973836E+00  1.14941575E+00  3.22609547E-04  2.60418354E-06


STDERR:
