COMMAND:
/shared/extrudate_rom/generate_rom_data/extrudate_swell2d_c_cluster

STDOUT:
 comppar: model =   3
 comppar: lambda,mobility/eps,betav,eta_0 =  2.8000E+00  5.0000E-01  1.0000E-01  1.0000E+00
 comppar: eta_s,eta_p,G =  1.0000E-01  9.0000E-01  3.2143E-01
 comppar: U_avg,deltat,flowrate,nsteps =  1.0000E-01  3.0000E-01  3.1416E-01     700
 comppar: geometry = axisymmetric
 comppar: steady stop change,gap,hold,min =  1.0000E-05  1.0000E-02      10      80
 comppar: ncompc,ncompg =     4     5
 mesh nnodes = 5765
 mesh nelem = 2780
 P1 BC   5.0000000000000000     
 P2 BC   0.0000000000000000     
     1  3.00000000E-01  1.00378289E+00  1.00000000E+00  1.00378289E+00
     2  6.00000000E-01  1.00739853E+00  1.00000000E+00  1.00739853E+00
     3  9.00000000E-01  1.01079992E+00  1.00000000E+00  1.01079992E+00
     4  1.20000000E+00  1.01406098E+00  1.00000000E+00  1.01406098E+00
     5  1.50000000E+00  1.01719301E+00  1.00000000E+00  1.01719301E+00
     6  1.80000000E+00  1.02021811E+00  1.00000000E+00  1.02021811E+00
     7  2.10000000E+00  1.02314291E+00  1.00000001E+00  1.02314291E+00
     8  2.40000000E+00  1.02599828E+00  1.00000001E+00  1.02599828E+00
     9  2.70000000E+00  1.02877091E+00  1.00000001E+00  1.02877091E+00
    10  3.00000000E+00  1.03144001E+00  1.00000001E+00  1.03144001E+00
    11  3.30000000E+00  1.03405352E+00  1.00000001E+00  1.03405352E+00
    12  3.60000000E+00  1.03656850E+00  1.00000001E+00  1.03656850E+00
    13  3.90000000E+00  1.03899388E+00  1.00000001E+00  1.03899388E+00
    14  4.20000000E+00  1.04135913E+00  1.00000001E+00  1.04135913E+00
    15  4.50000000E+00  1.04360951E+00  1.00000001E+00  1.04360951E+00
    16  4.80000000E+00  1.04582132E+00  1.00000001E+00  1.04582132E+00
    17  5.10000000E+00  1.04789704E+00  1.00000000E+00  1.04789704E+00
    18  5.40000000E+00  1.04992247E+00  9.99999997E-01  1.04992247E+00
    19  5.70000000E+00  1.05184108E+00  9.99999990E-01  1.05184108E+00
    20  6.00000000E+00  1.05372303E+00  9.99999982E-01  1.05372303E+00
    21  6.30000000E+00  1.05548420E+00  9.99999972E-01  1.05548420E+00
    22  6.60000000E+00  1.05726199E+00  9.99999960E-01  1.05726199E+00
    23  6.90000000E+00  1.05889359E+00  9.99999945E-01  1.05889359E+00
    24  7.20000000E+00  1.06055565E+00  9.99999928E-01  1.06055565E+00
    25  7.50000000E+00  1.06205887E+00  9.99999908E-01  1.06205887E+00
    26  7.80000000E+00  1.06356489E+00  9.99999885E-01  1.06356489E+00
    27  8.10000000E+00  1.06497479E+00  9.99999857E-01  1.06497479E+00
    28  8.40000000E+00  1.06634080E+00  9.99999826E-01  1.06634080E+00
    29  8.70000000E+00  1.06765882E+00  9.99999791E-01  1.06765882E+00
    30  9.00000000E+00  1.06884423E+00  9.99999750E-01  1.06884423E+00
    31  9.30000000E+00  1.07010921E+00  9.99999704E-01  1.07010921E+00
    32  9.60000000E+00  1.07117740E+00  9.99999652E-01  1.07117740E+00
    33  9.90000000E+00  1.07234713E+00  9.99999594E-01  1.07234713E+00
    34  1.02000000E+01  1.07336302E+00  9.99999528E-01  1.07336302E+00
    35  1.05000000E+01  1.07433541E+00  9.99999455E-01  1.07433541E+00
    36  1.08000000E+01  1.07533849E+00  9.99999373E-01  1.07533849E+00
    37  1.11000000E+01  1.07614926E+00  9.99999282E-01  1.07614926E+00
    38  1.14000000E+01  1.07711531E+00  9.99999180E-01  1.07711531E+00
    39  1.17000000E+01  1.07791176E+00  9.99999067E-01  1.07791176E+00
    40  1.20000000E+01  1.07867980E+00  9.99998942E-01  1.07867980E+00
    41  1.23000000E+01  1.07946946E+00  9.99998804E-01  1.07946946E+00
    42  1.26000000E+01  1.08008012E+00  9.99998652E-01  1.08008012E+00
    43  1.29000000E+01  1.08085426E+00  9.99998485E-01  1.08085426E+00
    44  1.32000000E+01  1.08145445E+00  9.99998301E-01  1.08145445E+00
    45  1.35000000E+01  1.08206948E+00  9.99998098E-01  1.08206948E+00
    46  1.38000000E+01  1.08266574E+00  9.99997877E-01  1.08266574E+00
    47  1.41000000E+01  1.08314095E+00  9.99997634E-01  1.08314095E+00
    48  1.44000000E+01  1.08372706E+00  9.99997369E-01  1.08372706E+00
    49  1.47000000E+01  1.08415583E+00  9.99997080E-01  1.08415583E+00
    50  1.50000000E+01  1.08465144E+00  9.99996765E-01  1.08465144E+00
    51  1.53000000E+01  1.08507833E+00  9.99996422E-01  1.08507833E+00
    52  1.56000000E+01  1.08545863E+00  9.99996048E-01  1.08545863E+00
    53  1.59000000E+01  1.08587639E+00  9.99995643E-01  1.08587639E+00
    54  1.62000000E+01  1.08616719E+00  9.99995204E-01  1.08616719E+00
    55  1.65000000E+01  1.08658297E+00  9.99994728E-01  1.08658297E+00
    56  1.68000000E+01  1.08686916E+00  9.99994213E-01  1.08686916E+00
    57  1.71000000E+01  1.08718724E+00  9.99993657E-01  1.08718724E+00
    58  1.74000000E+01  1.08746529E+00  9.99993056E-01  1.08746529E+00
    59  1.77000000E+01  1.08771498E+00  9.99992409E-01  1.08771498E+00
    60  1.80000000E+01  1.08799213E+00  9.99991712E-01  1.08799213E+00
    61  1.83000000E+01  1.08816829E+00  9.99990962E-01  1.08816829E+00
    62  1.86000000E+01  1.08842918E+00  9.99990156E-01  1.08842918E+00
    63  1.89000000E+01  1.08859837E+00  9.99989291E-01  1.08859837E+00
    64  1.92000000E+01  1.08881877E+00  9.99988364E-01  1.08881877E+00
    65  1.95000000E+01  1.08898701E+00  9.99987372E-01  1.08898701E+00
    66  1.98000000E+01  1.08913618E+00  9.99986310E-01  1.08913618E+00
    67  2.01000000E+01  1.08929772E+00  9.99985176E-01  1.08929772E+00
    68  2.04000000E+01  1.08942165E+00  9.99983966E-01  1.08942165E+00
    69  2.07000000E+01  1.08958218E+00  9.99982676E-01  1.08958218E+00
    70  2.10000000E+01  1.08967024E+00  9.99981302E-01  1.08967024E+00
    71  2.13000000E+01  1.08980348E+00  9.99979842E-01  1.08980348E+00
    72  2.16000000E+01  1.08988596E+00  9.99978292E-01  1.08988596E+00
    73  2.19000000E+01  1.09001039E+00  9.99976647E-01  1.09001039E+00
    74  2.22000000E+01  1.09009108E+00  9.99974905E-01  1.09009108E+00
    75  2.25000000E+01  1.09016317E+00  9.99973062E-01  1.09016317E+00
    76  2.28000000E+01  1.09023847E+00  9.99971115E-01  1.09023847E+00
    77  2.31000000E+01  1.09030978E+00  9.99969062E-01  1.09030978E+00
    78  2.34000000E+01  1.09038333E+00  9.99966899E-01  1.09038333E+00
    79  2.37000000E+01  1.09041164E+00  9.99964625E-01  1.09041164E+00
    80  2.40000000E+01  1.09048001E+00  9.99962237E-01  1.09048001E+00
    81  2.43000000E+01  1.09051584E+00  9.99959734E-01  1.09051584E+00
    82  2.46000000E+01  1.09058250E+00  9.99957116E-01  1.09058250E+00
    83  2.49000000E+01  1.09060141E+00  9.99954381E-01  1.09060141E+00
    84  2.52000000E+01  1.09064415E+00  9.99951530E-01  1.09064415E+00
    85  2.55000000E+01  1.09065893E+00  9.99948565E-01  1.09065893E+00
    86  2.58000000E+01  1.09071663E+00  9.99945488E-01  1.09071663E+00
    87  2.61000000E+01  1.09072864E+00  9.99942302E-01  1.09072864E+00
    88  2.64000000E+01  1.09075341E+00  9.99939012E-01  1.09075341E+00
    89  2.67000000E+01  1.09076141E+00  9.99935624E-01  1.09076141E+00
    90  2.70000000E+01  1.09080509E+00  9.99932145E-01  1.09080509E+00
    91  2.73000000E+01  1.09081042E+00  9.99928585E-01  1.09081042E+00
    92  2.76000000E+01  1.09082462E+00  9.99924955E-01  1.09082462E+00
    93  2.79000000E+01  1.09082607E+00  9.99921268E-01  1.09082607E+00
    94  2.82000000E+01  1.09086128E+00  9.99917540E-01  1.09086128E+00
    95  2.85000000E+01  1.09086016E+00  9.99913790E-01  1.09086016E+00
    96  2.88000000E+01  1.09086911E+00  9.99910039E-01  1.09086911E+00
    97  2.91000000E+01  1.09086421E+00  9.99906312E-01  1.09086421E+00
    98  2.94000000E+01  1.09089642E+00  9.99902638E-01  1.09089642E+00
    99  2.97000000E+01  1.09088902E+00  9.99899049E-01  1.09088902E+00
   100  3.00000000E+01  1.09089714E+00  9.99895582E-01  1.09089714E+00
   101  3.03000000E+01  1.09088604E+00  9.99892279E-01  1.09088604E+00
   102  3.06000000E+01  1.09091857E+00  9.99889187E-01  1.09091857E+00
   103  3.09000000E+01  1.09090504E+00  9.99886359E-01  1.09090504E+00
   104  3.12000000E+01  1.09091506E+00  9.99883854E-01  1.09091506E+00
   105  3.15000000E+01  1.09090445E+00  9.99881738E-01  1.09090445E+00
   106  3.18000000E+01  1.09093313E+00  9.99880085E-01  1.09093313E+00
   107  3.21000000E+01  1.09091362E+00  9.99878976E-01  1.09091362E+00
   108  3.24000000E+01  1.09092746E+00  9.99878502E-01  1.09092746E+00
   109  3.27000000E+01  1.09092101E+00  9.99878764E-01  1.09092101E+00
   110  3.30000000E+01  1.09094373E+00  9.99879872E-01  1.09094373E+00
   111  3.33000000E+01  1.09091857E+00  9.99881948E-01  1.09091857E+00
   112  3.36000000E+01  1.09093705E+00  9.99885128E-01  1.09093705E+00
   113  3.39000000E+01  1.09093573E+00  9.99889558E-01  1.09093573E+00
   114  3.42000000E+01  1.09095257E+00  9.99895400E-01  1.09095257E+00
   115  3.45000000E+01  1.09093324E+00  9.99902833E-01  1.09093324E+00
   116  3.48000000E+01  1.09094590E+00  9.99912048E-01  1.09094590E+00
   117  3.51000000E+01  1.09095044E+00  9.99923259E-01  1.09095044E+00
   118  3.54000000E+01  1.09096145E+00  9.99936694E-01  1.09096145E+00
   119  3.57000000E+01  1.09094831E+00  9.99952605E-01  1.09094831E+00
   120  3.60000000E+01  1.09095521E+00  9.99971266E-01  1.09095521E+00
   121  3.63000000E+01  1.09096586E+00  9.99992973E-01  1.09096586E+00
   122  3.66000000E+01  1.09097111E+00  1.00001805E+00  1.09097111E+00
   123  3.69000000E+01  1.09096434E+00  1.00004684E+00  1.09096434E+00
   124  3.72000000E+01  1.09096553E+00  1.00007973E+00  1.09096553E+00
   125  3.75000000E+01  1.09098239E+00  1.00011712E+00  1.09098239E+00
   126  3.78000000E+01  1.09098192E+00  1.00015946E+00  1.09098192E+00
   127  3.81000000E+01  1.09098159E+00  1.00020723E+00  1.09098159E+00
   128  3.84000000E+01  1.09097712E+00  1.00026092E+00  1.09097712E+00
   129  3.87000000E+01  1.09100027E+00  1.00032111E+00  1.09100027E+00
   130  3.90000000E+01  1.09099413E+00  1.00038838E+00  1.09099413E+00
   131  3.93000000E+01  1.09100022E+00  1.00046337E+00  1.09100022E+00
   132  3.96000000E+01  1.09099013E+00  1.00054676E+00  1.09099013E+00
   133  3.99000000E+01  1.09101942E+00  1.00063929E+00  1.09101942E+00
   134  4.02000000E+01  1.09100765E+00  1.00074173E+00  1.09100765E+00
   135  4.05000000E+01  1.09101997E+00  1.00085492E+00  1.09101997E+00
   136  4.08000000E+01  1.09100431E+00  1.00097975E+00  1.09100431E+00
   137  4.11000000E+01  1.09103966E+00  1.00111717E+00  1.09103966E+00
   138  4.14000000E+01  1.09102231E+00  1.00126821E+00  1.09102231E+00
   139  4.17000000E+01  1.09104077E+00  1.00143393E+00  1.09104077E+00
   140  4.20000000E+01  1.09101958E+00  1.00161547E+00  1.09101958E+00
   141  4.23000000E+01  1.09106081E+00  1.00181406E+00  1.09106081E+00
   142  4.26000000E+01  1.09103792E+00  1.00203098E+00  1.09103792E+00
   143  4.29000000E+01  1.09106233E+00  1.00226759E+00  1.09106233E+00
   144  4.32000000E+01  1.09104508E+00  1.00252531E+00  1.09104508E+00
   145  4.35000000E+01  1.09108266E+00  1.00280566E+00  1.09108266E+00
   146  4.38000000E+01  1.09105426E+00  1.00311023E+00  1.09105426E+00
   147  4.41000000E+01  1.09108450E+00  1.00344067E+00  1.09108450E+00
   148  4.44000000E+01  1.09107346E+00  1.00379874E+00  1.09107346E+00
   149  4.47000000E+01  1.09110497E+00  1.00418626E+00  1.09110497E+00
   150  4.50000000E+01  1.09107994E+00  1.00460512E+00  1.09107994E+00
   151  4.53000000E+01  1.09110701E+00  1.00505730E+00  1.09110701E+00
   152  4.56000000E+01  1.09110209E+00  1.00554484E+00  1.09110209E+00
   153  4.59000000E+01  1.09112755E+00  1.00606987E+00  1.09112755E+00
   154  4.62000000E+01  1.09110864E+00  1.00663456E+00  1.09110864E+00
   155  4.65000000E+01  1.09112970E+00  1.00724117E+00  1.09112970E+00
   156  4.68000000E+01  1.09113078E+00  1.00789198E+00  1.09113078E+00
   157  4.71000000E+01  1.09115021E+00  1.00858935E+00  1.09115021E+00
   158  4.74000000E+01  1.09113728E+00  1.00933563E+00  1.09113728E+00
   159  4.77000000E+01  1.09115238E+00  1.01013323E+00  1.09115238E+00
   160  4.80000000E+01  1.09115935E+00  1.01098454E+00  1.09115935E+00
   161  4.83000000E+01  1.09117279E+00  1.01189197E+00  1.09117279E+00
   162  4.86000000E+01  1.09116577E+00  1.01285786E+00  1.09116577E+00
   163  4.89000000E+01  1.09117491E+00  1.01388453E+00  1.09117491E+00
   164  4.92000000E+01  1.09118769E+00  1.01497420E+00  1.09118769E+00
   165  4.95000000E+01  1.09119517E+00  1.01612902E+00  1.09119517E+00
   166  4.98000000E+01  1.09119395E+00  1.01735098E+00  1.09119395E+00
   167  5.01000000E+01  1.09119717E+00  1.01864191E+00  1.09119717E+00
   168  5.04000000E+01  1.09121569E+00  1.02000346E+00  1.09121569E+00
   169  5.07000000E+01  1.09121723E+00  1.02143702E+00  1.09121723E+00
   170  5.10000000E+01  1.09122175E+00  1.02294372E+00  1.09122175E+00
   171  5.13000000E+01  1.09121908E+00  1.02452440E+00  1.09121908E+00
   172  5.16000000E+01  1.09124326E+00  1.02617952E+00  1.09124326E+00
   173  5.19000000E+01  1.09123890E+00  1.02790913E+00  1.09123890E+00
   174  5.22000000E+01  1.09124908E+00  1.02971287E+00  1.09124908E+00
   175  5.25000000E+01  1.09124056E+00  1.03158986E+00  1.09124056E+00
   176  5.28000000E+01  1.09127033E+00  1.03353869E+00  1.09127033E+00
   177  5.31000000E+01  1.09126010E+00  1.03555733E+00  1.09126010E+00
   178  5.34000000E+01  1.09127588E+00  1.03764315E+00  1.09127588E+00
   179  5.37000000E+01  1.09126153E+00  1.03979281E+00  1.09126153E+00
   180  5.40000000E+01  1.09129685E+00  1.04200222E+00  1.09129685E+00
   181  5.43000000E+01  1.09128078E+00  1.04426653E+00  1.09128078E+00
   182  5.46000000E+01  1.09130211E+00  1.04658009E+00  1.09130211E+00
   183  5.49000000E+01  1.09128196E+00  1.04893639E+00  1.09128196E+00
   184  5.52000000E+01  1.09132278E+00  1.05132806E+00  1.09132278E+00
   185  5.55000000E+01  1.09130091E+00  1.05374689E+00  1.09130091E+00
   186  5.58000000E+01  1.09132773E+00  1.05618378E+00  1.09132773E+00
   187  5.61000000E+01  1.09130182E+00  1.05862878E+00  1.09130182E+00
   188  5.64000000E+01  1.09134808E+00  1.06107116E+00  1.09134808E+00
   189  5.67000000E+01  1.09132045E+00  1.06349942E+00  1.09132045E+00
   190  5.70000000E+01  1.09135271E+00  1.06590134E+00  1.09135271E+00
   191  5.73000000E+01  1.09132896E+00  1.06826417E+00  1.09132896E+00
   192  5.76000000E+01  1.09137275E+00  1.07057466E+00  1.09137275E+00
   193  5.79000000E+01  1.09133938E+00  1.07281925E+00  1.09133938E+00
   194  5.82000000E+01  1.09137705E+00  1.07498425E+00  1.09137705E+00
   195  5.85000000E+01  1.09135952E+00  1.07705608E+00  1.09135952E+00
   196  5.88000000E+01  1.09139676E+00  1.07902149E+00  1.09139676E+00
   197  5.91000000E+01  1.09136810E+00  1.08086787E+00  1.09136810E+00
   198  5.94000000E+01  1.09140072E+00  1.08258356E+00  1.09140072E+00
   199  5.97000000E+01  1.09138938E+00  1.08415820E+00  1.09138938E+00
   200  6.00000000E+01  1.09142011E+00  1.08558309E+00  1.09142011E+00
   201  6.03000000E+01  1.09139756E+00  1.08685159E+00  1.09139756E+00
   202  6.06000000E+01  1.09142372E+00  1.08795938E+00  1.09142372E+00
   203  6.09000000E+01  1.09141854E+00  1.08890486E+00  1.09141854E+00
   204  6.12000000E+01  1.09144280E+00  1.08968935E+00  1.09144280E+00
   205  6.15000000E+01  1.09142628E+00  1.09031727E+00  1.09142628E+00
   206  6.18000000E+01  1.09144608E+00  1.09079615E+00  1.09144608E+00
   207  6.21000000E+01  1.09144719E+00  1.09113657E+00  1.09144719E+00
   208  6.24000000E+01  1.09146508E+00  1.09135190E+00  1.09146508E+00
   209  6.27000000E+01  1.09145789E+00  1.09145789E+00  1.09145789E+00
   210  6.30000000E+01  1.09147210E+00  1.09147210E+00  1.09147210E+00
   211  6.33000000E+01  1.09141322E+00  1.09141322E+00  1.09141322E+00
   212  6.36000000E+01  1.09130023E+00  1.09130023E+00  1.09130023E+00
   213  6.39000000E+01  1.09115161E+00  1.09115161E+00  1.09115161E+00
   214  6.42000000E+01  1.09098445E+00  1.09098445E+00  1.09098445E+00
   215  6.45000000E+01  1.09081370E+00  1.09081370E+00  1.09081370E+00
   216  6.48000000E+01  1.09065155E+00  1.09065155E+00  1.09065155E+00
   217  6.51000000E+01  1.09050699E+00  1.09050699E+00  1.09050699E+00
   218  6.54000000E+01  1.09038567E+00  1.09038567E+00  1.09038567E+00
   219  6.57000000E+01  1.09028995E+00  1.09028995E+00  1.09028995E+00
   220  6.60000000E+01  1.09021925E+00  1.09021925E+00  1.09021925E+00
   221  6.63000000E+01  1.09017065E+00  1.09017065E+00  1.09017065E+00
   222  6.66000000E+01  1.09013957E+00  1.09013957E+00  1.09013957E+00
   223  6.69000000E+01  1.09012059E+00  1.09012059E+00  1.09012059E+00
   224  6.72000000E+01  1.09010825E+00  1.09010825E+00  1.09010825E+00
   225  6.75000000E+01  1.09009776E+00  1.09009776E+00  1.09009776E+00
   226  6.78000000E+01  1.09008547E+00  1.09008547E+00  1.09008547E+00
   227  6.81000000E+01  1.09008179E+00  1.09006922E+00  1.09008179E+00
   228  6.84000000E+01  1.09008179E+00  1.09004836E+00  1.09008179E+00
   229  6.87000000E+01  1.09008179E+00  1.09002356E+00  1.09008179E+00
   230  6.90000000E+01  1.09008179E+00  1.08999653E+00  1.09008179E+00
   231  6.93000000E+01  1.09008179E+00  1.08996950E+00  1.09008179E+00
   232  6.96000000E+01  1.09008179E+00  1.08994475E+00  1.09008179E+00
   233  6.99000000E+01  1.09008179E+00  1.08992421E+00  1.09008179E+00
   234  7.02000000E+01  1.09008179E+00  1.08990911E+00  1.09008179E+00
   235  7.05000000E+01  1.09008179E+00  1.08989985E+00  1.09008179E+00
   236  7.08000000E+01  1.09008179E+00  1.08989597E+00  1.09008179E+00
   237  7.11000000E+01  1.09008179E+00  1.08989636E+00  1.09008179E+00
   238  7.14000000E+01  1.09008179E+00  1.08989945E+00  1.09008179E+00
   239  7.17000000E+01  1.09008179E+00  1.08990357E+00  1.09008179E+00
   240  7.20000000E+01  1.09008179E+00  1.08990721E+00  1.09008179E+00
   241  7.23000000E+01  1.09008179E+00  1.08990925E+00  1.09008179E+00
   242  7.26000000E+01  1.09008179E+00  1.08990912E+00  1.09008179E+00
   243  7.29000000E+01  1.09008179E+00  1.08990678E+00  1.09008179E+00
   244  7.32000000E+01  1.09008179E+00  1.08990266E+00  1.09008179E+00
 steady-height stop at step    244: changes <=   1.0000E-05, max-end <=   1.0000E-02, max/end/gap/profile_change =   1.09008179E+00  1.08990266E+00  1.79127078E-04  5.24097426E-06


STDERR:
