COMMAND:
/shared/extrudate_rom/generate_rom_data/extrudate_swell2d_c_cluster

STDOUT:
 comppar: model =   3
 comppar: lambda,mobility/eps,betav,eta_0 =  4.6000E+00  5.0000E-01  7.0000E-01  1.0000E+00
 comppar: eta_s,eta_p,G =  7.0000E-01  3.0000E-01  6.5217E-02
 comppar: U_avg,deltat,flowrate,nsteps =  1.0000E-01  3.0000E-01  3.1416E-01     700
 comppar: geometry = axisymmetric
 comppar: steady stop change,gap,hold,min =  1.0000E-05  1.0000E-02      10      80
 comppar: ncompc,ncompg =     4     5
 mesh nnodes = 5765
 mesh nelem = 2780
 P1 BC   5.0000000000000000     
 P2 BC   0.0000000000000000     
     1  3.00000000E-01  1.00379362E+00  1.00000000E+00  1.00379362E+00
     2  6.00000000E-01  1.00750213E+00  1.00000000E+00  1.00750213E+00
     3  9.00000000E-01  1.01112475E+00  1.00000000E+00  1.01112475E+00
     4  1.20000000E+00  1.01466259E+00  1.00000000E+00  1.01466259E+00
     5  1.50000000E+00  1.01811732E+00  1.00000000E+00  1.01811732E+00
     6  1.80000000E+00  1.02148573E+00  1.00000000E+00  1.02148573E+00
     7  2.10000000E+00  1.02477879E+00  1.00000000E+00  1.02477879E+00
     8  2.40000000E+00  1.02800255E+00  1.00000000E+00  1.02800255E+00
     9  2.70000000E+00  1.03114734E+00  1.00000000E+00  1.03114734E+00
    10  3.00000000E+00  1.03421139E+00  1.00000000E+00  1.03421139E+00
    11  3.30000000E+00  1.03722418E+00  1.00000000E+00  1.03722418E+00
    12  3.60000000E+00  1.04016487E+00  1.00000000E+00  1.04016487E+00
    13  3.90000000E+00  1.04302327E+00  1.00000000E+00  1.04302327E+00
    14  4.20000000E+00  1.04585691E+00  1.00000000E+00  1.04585691E+00
    15  4.50000000E+00  1.04858595E+00  9.99999998E-01  1.04858595E+00
    16  4.80000000E+00  1.05129914E+00  9.99999994E-01  1.05129914E+00
    17  5.10000000E+00  1.05392280E+00  9.99999989E-01  1.05392280E+00
    18  5.40000000E+00  1.05651033E+00  9.99999982E-01  1.05651033E+00
    19  5.70000000E+00  1.05900257E+00  9.99999974E-01  1.05900257E+00
    20  6.00000000E+00  1.06148476E+00  9.99999965E-01  1.06148476E+00
    21  6.30000000E+00  1.06385427E+00  9.99999953E-01  1.06385427E+00
    22  6.60000000E+00  1.06623196E+00  9.99999939E-01  1.06623196E+00
    23  6.90000000E+00  1.06846524E+00  9.99999923E-01  1.06846524E+00
    24  7.20000000E+00  1.07074327E+00  9.99999904E-01  1.07074327E+00
    25  7.50000000E+00  1.07289484E+00  9.99999881E-01  1.07289484E+00
    26  7.80000000E+00  1.07502633E+00  9.99999856E-01  1.07502633E+00
    27  8.10000000E+00  1.07709587E+00  9.99999826E-01  1.07709587E+00
    28  8.40000000E+00  1.07903846E+00  9.99999793E-01  1.07903846E+00
    29  8.70000000E+00  1.08105466E+00  9.99999755E-01  1.08105466E+00
    30  9.00000000E+00  1.08291888E+00  9.99999712E-01  1.08291888E+00
    31  9.30000000E+00  1.08476853E+00  9.99999663E-01  1.08476853E+00
    32  9.60000000E+00  1.08657881E+00  9.99999608E-01  1.08657881E+00
    33  9.90000000E+00  1.08823394E+00  9.99999547E-01  1.08823394E+00
    34  1.02000000E+01  1.08996604E+00  9.99999479E-01  1.08996604E+00
    35  1.05000000E+01  1.09160188E+00  9.99999403E-01  1.09160188E+00
    36  1.08000000E+01  1.09308720E+00  9.99999319E-01  1.09308720E+00
    37  1.11000000E+01  1.09470150E+00  9.99999225E-01  1.09470150E+00
    38  1.14000000E+01  1.09616233E+00  9.99999121E-01  1.09616233E+00
    39  1.17000000E+01  1.09748710E+00  9.99999007E-01  1.09748710E+00
    40  1.20000000E+01  1.09895830E+00  9.99998881E-01  1.09895830E+00
    41  1.23000000E+01  1.10027921E+00  9.99998742E-01  1.10027921E+00
    42  1.26000000E+01  1.10146543E+00  9.99998590E-01  1.10146543E+00
    43  1.29000000E+01  1.10279409E+00  9.99998424E-01  1.10279409E+00
    44  1.32000000E+01  1.10397727E+00  9.99998241E-01  1.10397727E+00
    45  1.35000000E+01  1.10502259E+00  9.99998041E-01  1.10502259E+00
    46  1.38000000E+01  1.10621795E+00  9.99997824E-01  1.10621795E+00
    47  1.41000000E+01  1.10727607E+00  9.99997586E-01  1.10727607E+00
    48  1.44000000E+01  1.10820611E+00  9.99997328E-01  1.10820611E+00
    49  1.47000000E+01  1.10926939E+00  9.99997047E-01  1.10926939E+00
    50  1.50000000E+01  1.11020749E+00  9.99996742E-01  1.11020749E+00
    51  1.53000000E+01  1.11102875E+00  9.99996411E-01  1.11102875E+00
    52  1.56000000E+01  1.11197672E+00  9.99996053E-01  1.11197672E+00
    53  1.59000000E+01  1.11280862E+00  9.99995665E-01  1.11280862E+00
    54  1.62000000E+01  1.11353597E+00  9.99995246E-01  1.11353597E+00
    55  1.65000000E+01  1.11436422E+00  9.99994794E-01  1.11436422E+00
    56  1.68000000E+01  1.11509755E+00  9.99994306E-01  1.11509755E+00
    57  1.71000000E+01  1.11573961E+00  9.99993780E-01  1.11573961E+00
    58  1.74000000E+01  1.11647172E+00  9.99993214E-01  1.11647172E+00
    59  1.77000000E+01  1.11712137E+00  9.99992605E-01  1.11712137E+00
    60  1.80000000E+01  1.11769239E+00  9.99991951E-01  1.11769239E+00
    61  1.83000000E+01  1.11831302E+00  9.99991250E-01  1.11831302E+00
    62  1.86000000E+01  1.11888813E+00  9.99990497E-01  1.11888813E+00
    63  1.89000000E+01  1.11939762E+00  9.99989691E-01  1.11939762E+00
    64  1.92000000E+01  1.11994060E+00  9.99988829E-01  1.11994060E+00
    65  1.95000000E+01  1.12045422E+00  9.99987907E-01  1.12045422E+00
    66  1.98000000E+01  1.12091323E+00  9.99986923E-01  1.12091323E+00
    67  2.01000000E+01  1.12135185E+00  9.99985872E-01  1.12135185E+00
    68  2.04000000E+01  1.12181347E+00  9.99984753E-01  1.12181347E+00
    69  2.07000000E+01  1.12223120E+00  9.99983560E-01  1.12223120E+00
    70  2.10000000E+01  1.12261453E+00  9.99982292E-01  1.12261453E+00
    71  2.13000000E+01  1.12302009E+00  9.99980944E-01  1.12302009E+00
    72  2.16000000E+01  1.12340326E+00  9.99979513E-01  1.12340326E+00
    73  2.19000000E+01  1.12375829E+00  9.99977995E-01  1.12375829E+00
    74  2.22000000E+01  1.12409046E+00  9.99976386E-01  1.12409046E+00
    75  2.25000000E+01  1.12442208E+00  9.99974684E-01  1.12442208E+00
    76  2.28000000E+01  1.12475564E+00  9.99972884E-01  1.12475564E+00
    77  2.31000000E+01  1.12506959E+00  9.99970983E-01  1.12506959E+00
    78  2.34000000E+01  1.12536542E+00  9.99968977E-01  1.12536542E+00
    79  2.37000000E+01  1.12564326E+00  9.99966864E-01  1.12564326E+00
    80  2.40000000E+01  1.12593622E+00  9.99964639E-01  1.12593622E+00
    81  2.43000000E+01  1.12621347E+00  9.99962300E-01  1.12621347E+00
    82  2.46000000E+01  1.12647269E+00  9.99959844E-01  1.12647269E+00
    83  2.49000000E+01  1.12671280E+00  9.99957269E-01  1.12671280E+00
    84  2.52000000E+01  1.12695494E+00  9.99954573E-01  1.12695494E+00
    85  2.55000000E+01  1.12719711E+00  9.99951753E-01  1.12719711E+00
    86  2.58000000E+01  1.12741909E+00  9.99948809E-01  1.12741909E+00
    87  2.61000000E+01  1.12761998E+00  9.99945739E-01  1.12761998E+00
    88  2.64000000E+01  1.12782470E+00  9.99942544E-01  1.12782470E+00
    89  2.67000000E+01  1.12802747E+00  9.99939224E-01  1.12802747E+00
    90  2.70000000E+01  1.12820916E+00  9.99935780E-01  1.12820916E+00
    91  2.73000000E+01  1.12836984E+00  9.99932214E-01  1.12836984E+00
    92  2.76000000E+01  1.12855270E+00  9.99928530E-01  1.12855270E+00
    93  2.79000000E+01  1.12871532E+00  9.99924732E-01  1.12871532E+00
    94  2.82000000E+01  1.12885745E+00  9.99920826E-01  1.12885745E+00
    95  2.85000000E+01  1.12899909E+00  9.99916818E-01  1.12899909E+00
    96  2.88000000E+01  1.12914375E+00  9.99912717E-01  1.12914375E+00
    97  2.91000000E+01  1.12926908E+00  9.99908534E-01  1.12926908E+00
    98  2.94000000E+01  1.12937900E+00  9.99904280E-01  1.12937900E+00
    99  2.97000000E+01  1.12950594E+00  9.99899970E-01  1.12950594E+00
   100  3.00000000E+01  1.12961495E+00  9.99895621E-01  1.12961495E+00
   101  3.03000000E+01  1.12970801E+00  9.99891251E-01  1.12970801E+00
   102  3.06000000E+01  1.12980853E+00  9.99886883E-01  1.12980853E+00
   103  3.09000000E+01  1.12990347E+00  9.99882543E-01  1.12990347E+00
   104  3.12000000E+01  1.12998421E+00  9.99878257E-01  1.12998421E+00
   105  3.15000000E+01  1.13005900E+00  9.99874060E-01  1.13005900E+00
   106  3.18000000E+01  1.13014072E+00  9.99869987E-01  1.13014072E+00
   107  3.21000000E+01  1.13021019E+00  9.99866080E-01  1.13021019E+00
   108  3.24000000E+01  1.13026949E+00  9.99862383E-01  1.13026949E+00
   109  3.27000000E+01  1.13033632E+00  9.99858948E-01  1.13033632E+00
   110  3.30000000E+01  1.13039640E+00  9.99855832E-01  1.13039640E+00
   111  3.33000000E+01  1.13044779E+00  9.99853097E-01  1.13044779E+00
   112  3.36000000E+01  1.13049320E+00  9.99850813E-01  1.13049320E+00
   113  3.39000000E+01  1.13054514E+00  9.99849056E-01  1.13054514E+00
   114  3.42000000E+01  1.13058990E+00  9.99847913E-01  1.13058990E+00
   115  3.45000000E+01  1.13062881E+00  9.99847475E-01  1.13062881E+00
   116  3.48000000E+01  1.13066591E+00  9.99847844E-01  1.13066591E+00
   117  3.51000000E+01  1.13070489E+00  9.99849134E-01  1.13070489E+00
   118  3.54000000E+01  1.13073889E+00  9.99851467E-01  1.13073889E+00
   119  3.57000000E+01  1.13076868E+00  9.99854977E-01  1.13076868E+00
   120  3.60000000E+01  1.13079479E+00  9.99859811E-01  1.13079479E+00
   121  3.63000000E+01  1.13082392E+00  9.99866128E-01  1.13082392E+00
   122  3.66000000E+01  1.13085040E+00  9.99874103E-01  1.13085040E+00
   123  3.69000000E+01  1.13087355E+00  9.99883923E-01  1.13087355E+00
   124  3.72000000E+01  1.13089367E+00  9.99895795E-01  1.13089367E+00
   125  3.75000000E+01  1.13091355E+00  9.99909941E-01  1.13091355E+00
   126  3.78000000E+01  1.13093375E+00  9.99926601E-01  1.13093375E+00
   127  3.81000000E+01  1.13095120E+00  9.99946037E-01  1.13095120E+00
   128  3.84000000E+01  1.13096610E+00  9.99968530E-01  1.13096610E+00
   129  3.87000000E+01  1.13097868E+00  9.99994384E-01  1.13097868E+00
   130  3.90000000E+01  1.13099272E+00  1.00002393E+00  1.13099272E+00
   131  3.93000000E+01  1.13100554E+00  1.00005752E+00  1.13100554E+00
   132  3.96000000E+01  1.13101625E+00  1.00009553E+00  1.13101625E+00
   133  3.99000000E+01  1.13102510E+00  1.00013837E+00  1.13102510E+00
   134  4.02000000E+01  1.13103238E+00  1.00018649E+00  1.13103238E+00
   135  4.05000000E+01  1.13104096E+00  1.00024036E+00  1.13104096E+00
   136  4.08000000E+01  1.13104840E+00  1.00030048E+00  1.13104840E+00
   137  4.11000000E+01  1.13105448E+00  1.00036740E+00  1.13105448E+00
   138  4.14000000E+01  1.13105945E+00  1.00044169E+00  1.13105945E+00
   139  4.17000000E+01  1.13106353E+00  1.00052398E+00  1.13106353E+00
   140  4.20000000E+01  1.13106689E+00  1.00061493E+00  1.13106689E+00
   141  4.23000000E+01  1.13107057E+00  1.00071525E+00  1.13107057E+00
   142  4.26000000E+01  1.13107398E+00  1.00082569E+00  1.13107398E+00
   143  4.29000000E+01  1.13107682E+00  1.00094705E+00  1.13107682E+00
   144  4.32000000E+01  1.13107918E+00  1.00108019E+00  1.13107918E+00
   145  4.35000000E+01  1.13108115E+00  1.00122602E+00  1.13108115E+00
   146  4.38000000E+01  1.13108280E+00  1.00138549E+00  1.13108280E+00
   147  4.41000000E+01  1.13108416E+00  1.00155963E+00  1.13108416E+00
   148  4.44000000E+01  1.13108529E+00  1.00174952E+00  1.13108529E+00
   149  4.47000000E+01  1.13108621E+00  1.00195631E+00  1.13108621E+00
   150  4.50000000E+01  1.13108696E+00  1.00218119E+00  1.13108696E+00
   151  4.53000000E+01  1.13108757E+00  1.00242545E+00  1.13108757E+00
   152  4.56000000E+01  1.13108807E+00  1.00269043E+00  1.13108807E+00
   153  4.59000000E+01  1.13108849E+00  1.00297753E+00  1.13108849E+00
   154  4.62000000E+01  1.13108885E+00  1.00328826E+00  1.13108885E+00
   155  4.65000000E+01  1.13108916E+00  1.00362415E+00  1.13108916E+00
   156  4.68000000E+01  1.13108944E+00  1.00398685E+00  1.13108944E+00
   157  4.71000000E+01  1.13108970E+00  1.00437806E+00  1.13108970E+00
   158  4.74000000E+01  1.13108994E+00  1.00479955E+00  1.13108994E+00
   159  4.77000000E+01  1.13109017E+00  1.00525319E+00  1.13109017E+00
   160  4.80000000E+01  1.13109039E+00  1.00574091E+00  1.13109039E+00
   161  4.83000000E+01  1.13109061E+00  1.00626469E+00  1.13109061E+00
   162  4.86000000E+01  1.13109082E+00  1.00682660E+00  1.13109082E+00
   163  4.89000000E+01  1.13109103E+00  1.00742879E+00  1.13109103E+00
   164  4.92000000E+01  1.13109123E+00  1.00807345E+00  1.13109123E+00
   165  4.95000000E+01  1.13109144E+00  1.00876284E+00  1.13109144E+00
   166  4.98000000E+01  1.13109165E+00  1.00949925E+00  1.13109165E+00
   167  5.01000000E+01  1.13109185E+00  1.01028504E+00  1.13109185E+00
   168  5.04000000E+01  1.13109205E+00  1.01112260E+00  1.13109205E+00
   169  5.07000000E+01  1.13109225E+00  1.01201433E+00  1.13109225E+00
   170  5.10000000E+01  1.13109245E+00  1.01296267E+00  1.13109245E+00
   171  5.13000000E+01  1.13109264E+00  1.01397003E+00  1.13109264E+00
   172  5.16000000E+01  1.13109283E+00  1.01503882E+00  1.13109283E+00
   173  5.19000000E+01  1.13109301E+00  1.01617143E+00  1.13109301E+00
   174  5.22000000E+01  1.13109319E+00  1.01737018E+00  1.13109319E+00
   175  5.25000000E+01  1.13109337E+00  1.01863732E+00  1.13109337E+00
   176  5.28000000E+01  1.13109353E+00  1.01997502E+00  1.13109353E+00
   177  5.31000000E+01  1.13109369E+00  1.02138532E+00  1.13109369E+00
   178  5.34000000E+01  1.13109385E+00  1.02287012E+00  1.13109385E+00
   179  5.37000000E+01  1.13109400E+00  1.02443113E+00  1.13109400E+00
   180  5.40000000E+01  1.13109413E+00  1.02606987E+00  1.13109413E+00
   181  5.43000000E+01  1.13109427E+00  1.02778763E+00  1.13109427E+00
   182  5.46000000E+01  1.13109439E+00  1.02958541E+00  1.13109439E+00
   183  5.49000000E+01  1.13109451E+00  1.03146393E+00  1.13109451E+00
   184  5.52000000E+01  1.13109462E+00  1.03342355E+00  1.13109462E+00
   185  5.55000000E+01  1.13109473E+00  1.03546428E+00  1.13109473E+00
   186  5.58000000E+01  1.13109482E+00  1.03758570E+00  1.13109482E+00
   187  5.61000000E+01  1.13109491E+00  1.03978697E+00  1.13109491E+00
   188  5.64000000E+01  1.13109500E+00  1.04206674E+00  1.13109500E+00
   189  5.67000000E+01  1.13109508E+00  1.04442319E+00  1.13109508E+00
   190  5.70000000E+01  1.13109515E+00  1.04685393E+00  1.13109515E+00
   191  5.73000000E+01  1.13109522E+00  1.04935601E+00  1.13109522E+00
   192  5.76000000E+01  1.13109528E+00  1.05192590E+00  1.13109528E+00
   193  5.79000000E+01  1.13109534E+00  1.05455945E+00  1.13109534E+00
   194  5.82000000E+01  1.13109539E+00  1.05725188E+00  1.13109539E+00
   195  5.85000000E+01  1.13109543E+00  1.05999779E+00  1.13109543E+00
   196  5.88000000E+01  1.13109548E+00  1.06279113E+00  1.13109548E+00
   197  5.91000000E+01  1.13109552E+00  1.06562522E+00  1.13109552E+00
   198  5.94000000E+01  1.13109555E+00  1.06849279E+00  1.13109555E+00
   199  5.97000000E+01  1.13109558E+00  1.07138596E+00  1.13109558E+00
   200  6.00000000E+01  1.13109561E+00  1.07429626E+00  1.13109561E+00
   201  6.03000000E+01  1.13109564E+00  1.07721475E+00  1.13109564E+00
   202  6.06000000E+01  1.13109566E+00  1.08013198E+00  1.13109566E+00
   203  6.09000000E+01  1.13109568E+00  1.08303810E+00  1.13109568E+00
   204  6.12000000E+01  1.13109570E+00  1.08592291E+00  1.13109570E+00
   205  6.15000000E+01  1.13109572E+00  1.08877596E+00  1.13109572E+00
   206  6.18000000E+01  1.13109573E+00  1.09158660E+00  1.13109573E+00
   207  6.21000000E+01  1.13109575E+00  1.09434412E+00  1.13109575E+00
   208  6.24000000E+01  1.13109576E+00  1.09703784E+00  1.13109576E+00
   209  6.27000000E+01  1.13109577E+00  1.09965723E+00  1.13109577E+00
   210  6.30000000E+01  1.13109578E+00  1.10219204E+00  1.13109578E+00
   211  6.33000000E+01  1.13109578E+00  1.10463244E+00  1.13109578E+00
   212  6.36000000E+01  1.13109579E+00  1.10696917E+00  1.13109579E+00
   213  6.39000000E+01  1.13109580E+00  1.10919368E+00  1.13109580E+00
   214  6.42000000E+01  1.13109580E+00  1.11129832E+00  1.13109580E+00
   215  6.45000000E+01  1.13109581E+00  1.11327645E+00  1.13109581E+00
   216  6.48000000E+01  1.13109581E+00  1.11512267E+00  1.13109581E+00
   217  6.51000000E+01  1.13109581E+00  1.11683290E+00  1.13109581E+00
   218  6.54000000E+01  1.13109581E+00  1.11840457E+00  1.13109581E+00
   219  6.57000000E+01  1.13109582E+00  1.11983673E+00  1.13109582E+00
   220  6.60000000E+01  1.13109582E+00  1.12113012E+00  1.13109582E+00
   221  6.63000000E+01  1.13109582E+00  1.12228725E+00  1.13109582E+00
   222  6.66000000E+01  1.13109582E+00  1.12331242E+00  1.13109582E+00
   223  6.69000000E+01  1.13109582E+00  1.12421162E+00  1.13109582E+00
   224  6.72000000E+01  1.13109582E+00  1.12499252E+00  1.13109582E+00
   225  6.75000000E+01  1.13109582E+00  1.12566419E+00  1.13109582E+00
   226  6.78000000E+01  1.13109582E+00  1.12623696E+00  1.13109582E+00
   227  6.81000000E+01  1.13109582E+00  1.12672210E+00  1.13109582E+00
   228  6.84000000E+01  1.13109582E+00  1.12713143E+00  1.13109582E+00
   229  6.87000000E+01  1.13109582E+00  1.12747702E+00  1.13109582E+00
   230  6.90000000E+01  1.13109582E+00  1.12777071E+00  1.13109582E+00
   231  6.93000000E+01  1.13109582E+00  1.12802374E+00  1.13109582E+00
   232  6.96000000E+01  1.13109582E+00  1.12824638E+00  1.13109582E+00
   233  6.99000000E+01  1.13109582E+00  1.12844758E+00  1.13109582E+00
   234  7.02000000E+01  1.13109582E+00  1.12863471E+00  1.13109582E+00
   235  7.05000000E+01  1.13109582E+00  1.12881344E+00  1.13109582E+00
   236  7.08000000E+01  1.13109582E+00  1.12898764E+00  1.13109582E+00
   237  7.11000000E+01  1.13109582E+00  1.12915942E+00  1.13109582E+00
   238  7.14000000E+01  1.13109582E+00  1.12932934E+00  1.13109582E+00
   239  7.17000000E+01  1.13109582E+00  1.12949664E+00  1.13109582E+00
   240  7.20000000E+01  1.13109582E+00  1.12965954E+00  1.13109582E+00
   241  7.23000000E+01  1.13109582E+00  1.12981561E+00  1.13109582E+00
   242  7.26000000E+01  1.13109582E+00  1.12996218E+00  1.13109582E+00
   243  7.29000000E+01  1.13109582E+00  1.13009669E+00  1.13109582E+00
   244  7.32000000E+01  1.13109582E+00  1.13021694E+00  1.13109582E+00
   245  7.35000000E+01  1.13109582E+00  1.13032142E+00  1.13109582E+00
   246  7.38000000E+01  1.13109582E+00  1.13040938E+00  1.13109582E+00
   247  7.41000000E+01  1.13109582E+00  1.13048091E+00  1.13109582E+00
   248  7.44000000E+01  1.13109582E+00  1.13053689E+00  1.13109582E+00
   249  7.47000000E+01  1.13109582E+00  1.13057890E+00  1.13109582E+00
   250  7.50000000E+01  1.13109582E+00  1.13060899E+00  1.13109582E+00
   251  7.53000000E+01  1.13109582E+00  1.13062953E+00  1.13109582E+00
   252  7.56000000E+01  1.13109582E+00  1.13064294E+00  1.13109582E+00
   253  7.59000000E+01  1.13109582E+00  1.13065154E+00  1.13109582E+00
   254  7.62000000E+01  1.13109582E+00  1.13065733E+00  1.13109582E+00
   255  7.65000000E+01  1.13109582E+00  1.13066193E+00  1.13109582E+00
   256  7.68000000E+01  1.13109582E+00  1.13066649E+00  1.13109582E+00
   257  7.71000000E+01  1.13109582E+00  1.13067169E+00  1.13109582E+00
   258  7.74000000E+01  1.13109582E+00  1.13067780E+00  1.13109582E+00
   259  7.77000000E+01  1.13109582E+00  1.13068476E+00  1.13109582E+00
   260  7.80000000E+01  1.13109582E+00  1.13069227E+00  1.13109582E+00
   261  7.83000000E+01  1.13109582E+00  1.13069990E+00  1.13109582E+00
   262  7.86000000E+01  1.13109582E+00  1.13070719E+00  1.13109582E+00
 steady-height stop at step    262: changes <=   1.0000E-05, max-end <=   1.0000E-02, max/end/gap/profile_change =   1.13109582E+00  1.13070719E+00  3.88634074E-04  7.28808587E-06


STDERR:
