COMMAND:
/shared/extrudate_rom/generate_rom_data/extrudate_swell2d_c_cluster

STDOUT:
 comppar: model =   3
 comppar: lambda,mobility/eps,betav,eta_0 =  8.2000E+00  2.3333E-01  9.0000E-01  1.0000E+00
 comppar: eta_s,eta_p,G =  9.0000E-01  1.0000E-01  1.2195E-02
 comppar: U_avg,deltat,flowrate,nsteps =  1.0000E-01  3.0000E-01  3.1416E-01     700
 comppar: geometry = axisymmetric
 comppar: steady stop change,gap,hold,min =  1.0000E-05  1.0000E-02      10      80
 comppar: ncompc,ncompg =     4     5
 mesh nnodes = 5765
 mesh nelem = 2780
 P1 BC   5.0000000000000000     
 P2 BC   0.0000000000000000     
     1  3.00000000E-01  1.00379478E+00  1.00000000E+00  1.00379478E+00
     2  6.00000000E-01  1.00750803E+00  1.00000000E+00  1.00750803E+00
     3  9.00000000E-01  1.01114280E+00  1.00000000E+00  1.01114280E+00
     4  1.20000000E+00  1.01469893E+00  1.00000000E+00  1.01469893E+00
     5  1.50000000E+00  1.01817880E+00  1.00000000E+00  1.01817880E+00
     6  1.80000000E+00  1.02157869E+00  1.00000000E+00  1.02157869E+00
     7  2.10000000E+00  1.02491726E+00  1.00000000E+00  1.02491726E+00
     8  2.40000000E+00  1.02818283E+00  1.00000000E+00  1.02818283E+00
     9  2.70000000E+00  1.03137069E+00  1.00000000E+00  1.03137069E+00
    10  3.00000000E+00  1.03448763E+00  1.00000000E+00  1.03448763E+00
    11  3.30000000E+00  1.03755926E+00  1.00000000E+00  1.03755926E+00
    12  3.60000000E+00  1.04054601E+00  1.00000000E+00  1.04054601E+00
    13  3.90000000E+00  1.04347586E+00  1.00000000E+00  1.04347586E+00
    14  4.20000000E+00  1.04635769E+00  9.99999999E-01  1.04635769E+00
    15  4.50000000E+00  1.04913797E+00  9.99999996E-01  1.04913797E+00
    16  4.80000000E+00  1.05191821E+00  9.99999991E-01  1.05191821E+00
    17  5.10000000E+00  1.05458940E+00  9.99999986E-01  1.05458940E+00
    18  5.40000000E+00  1.05725068E+00  9.99999979E-01  1.05725068E+00
    19  5.70000000E+00  1.05979673E+00  9.99999970E-01  1.05979673E+00
    20  6.00000000E+00  1.06235363E+00  9.99999959E-01  1.06235363E+00
    21  6.30000000E+00  1.06478617E+00  9.99999947E-01  1.06478617E+00
    22  6.60000000E+00  1.06724064E+00  9.99999932E-01  1.06724064E+00
    23  6.90000000E+00  1.06954934E+00  9.99999914E-01  1.06954934E+00
    24  7.20000000E+00  1.07190316E+00  9.99999893E-01  1.07190316E+00
    25  7.50000000E+00  1.07413497E+00  9.99999870E-01  1.07413497E+00
    26  7.80000000E+00  1.07635472E+00  9.99999842E-01  1.07635472E+00
    27  8.10000000E+00  1.07851105E+00  9.99999811E-01  1.07851105E+00
    28  8.40000000E+00  1.08055642E+00  9.99999775E-01  1.08055642E+00
    29  8.70000000E+00  1.08266817E+00  9.99999734E-01  1.08266817E+00
    30  9.00000000E+00  1.08462906E+00  9.99999688E-01  1.08462906E+00
    31  9.30000000E+00  1.08660293E+00  9.99999636E-01  1.08660293E+00
    32  9.60000000E+00  1.08852076E+00  9.99999578E-01  1.08852076E+00
    33  9.90000000E+00  1.09028513E+00  9.99999513E-01  1.09028513E+00
    34  1.02000000E+01  1.09216307E+00  9.99999441E-01  1.09216307E+00
    35  1.05000000E+01  1.09392124E+00  9.99999360E-01  1.09392124E+00
    36  1.08000000E+01  1.09555561E+00  9.99999271E-01  1.09555561E+00
    37  1.11000000E+01  1.09730565E+00  9.99999172E-01  1.09730565E+00
    38  1.14000000E+01  1.09890450E+00  9.99999063E-01  1.09890450E+00
    39  1.17000000E+01  1.10038878E+00  9.99998942E-01  1.10038878E+00
    40  1.20000000E+01  1.10201222E+00  9.99998810E-01  1.10201222E+00
    41  1.23000000E+01  1.10348666E+00  9.99998665E-01  1.10348666E+00
    42  1.26000000E+01  1.10483627E+00  9.99998506E-01  1.10483627E+00
    43  1.29000000E+01  1.10633337E+00  9.99998332E-01  1.10633337E+00
    44  1.32000000E+01  1.10768455E+00  9.99998141E-01  1.10768455E+00
    45  1.35000000E+01  1.10889426E+00  9.99997934E-01  1.10889426E+00
    46  1.38000000E+01  1.11026608E+00  9.99997708E-01  1.11026608E+00
    47  1.41000000E+01  1.11150328E+00  9.99997462E-01  1.11150328E+00
    48  1.44000000E+01  1.11260589E+00  9.99997194E-01  1.11260589E+00
    49  1.47000000E+01  1.11384677E+00  9.99996905E-01  1.11384677E+00
    50  1.50000000E+01  1.11497239E+00  9.99996590E-01  1.11497239E+00
    51  1.53000000E+01  1.11597133E+00  9.99996250E-01  1.11597133E+00
    52  1.56000000E+01  1.11708807E+00  9.99995883E-01  1.11708807E+00
    53  1.59000000E+01  1.11811156E+00  9.99995486E-01  1.11811156E+00
    54  1.62000000E+01  1.11901774E+00  9.99995057E-01  1.11901774E+00
    55  1.65000000E+01  1.12001582E+00  9.99994596E-01  1.12001582E+00
    56  1.68000000E+01  1.12094138E+00  9.99994099E-01  1.12094138E+00
    57  1.71000000E+01  1.12175994E+00  9.99993564E-01  1.12175994E+00
    58  1.74000000E+01  1.12265171E+00  9.99992990E-01  1.12265171E+00
    59  1.77000000E+01  1.12349083E+00  9.99992374E-01  1.12349083E+00
    60  1.80000000E+01  1.12423393E+00  9.99991713E-01  1.12423393E+00
    61  1.83000000E+01  1.12501278E+00  9.99991004E-01  1.12501278E+00
    62  1.86000000E+01  1.12577125E+00  9.99990247E-01  1.12577125E+00
    63  1.89000000E+01  1.12644541E+00  9.99989436E-01  1.12644541E+00
    64  1.92000000E+01  1.12713714E+00  9.99988570E-01  1.12713714E+00
    65  1.95000000E+01  1.12782711E+00  9.99987646E-01  1.12782711E+00
    66  1.98000000E+01  1.12844414E+00  9.99986660E-01  1.12844414E+00
    67  2.01000000E+01  1.12902784E+00  9.99985610E-01  1.12902784E+00
    68  2.04000000E+01  1.12965631E+00  9.99984493E-01  1.12965631E+00
    69  2.07000000E+01  1.13022358E+00  9.99983304E-01  1.13022358E+00
    70  2.10000000E+01  1.13074267E+00  9.99982041E-01  1.13074267E+00
    71  2.13000000E+01  1.13130732E+00  9.99980701E-01  1.13130732E+00
    72  2.16000000E+01  1.13183473E+00  9.99979279E-01  1.13183473E+00
    73  2.19000000E+01  1.13232334E+00  9.99977773E-01  1.13232334E+00
    74  2.22000000E+01  1.13278349E+00  9.99976179E-01  1.13278349E+00
    75  2.25000000E+01  1.13326652E+00  9.99974493E-01  1.13326652E+00
    76  2.28000000E+01  1.13373186E+00  9.99972712E-01  1.13373186E+00
    77  2.31000000E+01  1.13417617E+00  9.99970833E-01  1.13417617E+00
    78  2.34000000E+01  1.13460594E+00  9.99968852E-01  1.13460594E+00
    79  2.37000000E+01  1.13502543E+00  9.99966765E-01  1.13502543E+00
    80  2.40000000E+01  1.13544682E+00  9.99964570E-01  1.13544682E+00
    81  2.43000000E+01  1.13586675E+00  9.99962264E-01  1.13586675E+00
    82  2.46000000E+01  1.13627827E+00  9.99959843E-01  1.13627827E+00
    83  2.49000000E+01  1.13668215E+00  9.99957305E-01  1.13668215E+00
    84  2.52000000E+01  1.13707759E+00  9.99954647E-01  1.13707759E+00
    85  2.55000000E+01  1.13746273E+00  9.99951867E-01  1.13746273E+00
    86  2.58000000E+01  1.13783510E+00  9.99948964E-01  1.13783510E+00
    87  2.61000000E+01  1.13819495E+00  9.99945937E-01  1.13819495E+00
    88  2.64000000E+01  1.13857122E+00  9.99942784E-01  1.13857122E+00
    89  2.67000000E+01  1.13893237E+00  9.99939504E-01  1.13893237E+00
    90  2.70000000E+01  1.13927597E+00  9.99936100E-01  1.13927597E+00
    91  2.73000000E+01  1.13960015E+00  9.99932571E-01  1.13960015E+00
    92  2.76000000E+01  1.13991286E+00  9.99928919E-01  1.13991286E+00
    93  2.79000000E+01  1.14024136E+00  9.99925148E-01  1.14024136E+00
    94  2.82000000E+01  1.14054966E+00  9.99921261E-01  1.14054966E+00
    95  2.85000000E+01  1.14083712E+00  9.99917263E-01  1.14083712E+00
    96  2.88000000E+01  1.14110691E+00  9.99913160E-01  1.14110691E+00
    97  2.91000000E+01  1.14139832E+00  9.99908961E-01  1.14139832E+00
    98  2.94000000E+01  1.14166875E+00  9.99904674E-01  1.14166875E+00
    99  2.97000000E+01  1.14191886E+00  9.99900311E-01  1.14191886E+00
   100  3.00000000E+01  1.14214980E+00  9.99895884E-01  1.14214980E+00
   101  3.03000000E+01  1.14240316E+00  9.99891409E-01  1.14240316E+00
   102  3.06000000E+01  1.14263815E+00  9.99886902E-01  1.14263815E+00
   103  3.09000000E+01  1.14285487E+00  9.99882384E-01  1.14285487E+00
   104  3.12000000E+01  1.14305482E+00  9.99877878E-01  1.14305482E+00
   105  3.15000000E+01  1.14327283E+00  9.99873408E-01  1.14327283E+00
   106  3.18000000E+01  1.14347541E+00  9.99869005E-01  1.14347541E+00
   107  3.21000000E+01  1.14366242E+00  9.99864701E-01  1.14366242E+00
   108  3.24000000E+01  1.14383524E+00  9.99860532E-01  1.14383524E+00
   109  3.27000000E+01  1.14402139E+00  9.99856540E-01  1.14402139E+00
   110  3.30000000E+01  1.14419653E+00  9.99852771E-01  1.14419653E+00
   111  3.33000000E+01  1.14435831E+00  9.99849274E-01  1.14435831E+00
   112  3.36000000E+01  1.14450776E+00  9.99846106E-01  1.14450776E+00
   113  3.39000000E+01  1.14466294E+00  9.99843330E-01  1.14466294E+00
   114  3.42000000E+01  1.14481440E+00  9.99841014E-01  1.14481440E+00
   115  3.45000000E+01  1.14495426E+00  9.99839234E-01  1.14495426E+00
   116  3.48000000E+01  1.14508319E+00  9.99838072E-01  1.14508319E+00
   117  3.51000000E+01  1.14521283E+00  9.99837619E-01  1.14521283E+00
   118  3.54000000E+01  1.14534332E+00  9.99837976E-01  1.14534332E+00
   119  3.57000000E+01  1.14546338E+00  9.99839251E-01  1.14546338E+00
   120  3.60000000E+01  1.14557351E+00  9.99841563E-01  1.14557351E+00
   121  3.63000000E+01  1.14568022E+00  9.99845043E-01  1.14568022E+00
   122  3.66000000E+01  1.14579206E+00  9.99849831E-01  1.14579206E+00
   123  3.69000000E+01  1.14589435E+00  9.99856081E-01  1.14589435E+00
   124  3.72000000E+01  1.14598752E+00  9.99863961E-01  1.14598752E+00
   125  3.75000000E+01  1.14607561E+00  9.99873651E-01  1.14607561E+00
   126  3.78000000E+01  1.14617024E+00  9.99885349E-01  1.14617024E+00
   127  3.81000000E+01  1.14625619E+00  9.99899266E-01  1.14625619E+00
   128  3.84000000E+01  1.14633396E+00  9.99915632E-01  1.14633396E+00
   129  3.87000000E+01  1.14640640E+00  9.99934695E-01  1.14640640E+00
   130  3.90000000E+01  1.14648553E+00  9.99956724E-01  1.14648553E+00
   131  3.93000000E+01  1.14655687E+00  9.99982006E-01  1.14655687E+00
   132  3.96000000E+01  1.14662096E+00  1.00001085E+00  1.14662096E+00
   133  3.99000000E+01  1.14668066E+00  1.00004360E+00  1.14668066E+00
   134  4.02000000E+01  1.14674596E+00  1.00008060E+00  1.14674596E+00
   135  4.05000000E+01  1.14680445E+00  1.00012225E+00  1.14680445E+00
   136  4.08000000E+01  1.14685665E+00  1.00016895E+00  1.14685665E+00
   137  4.11000000E+01  1.14690490E+00  1.00022115E+00  1.14690490E+00
   138  4.14000000E+01  1.14695809E+00  1.00027933E+00  1.14695809E+00
   139  4.17000000E+01  1.14700543E+00  1.00034399E+00  1.14700543E+00
   140  4.20000000E+01  1.14704742E+00  1.00041568E+00  1.14704742E+00
   141  4.23000000E+01  1.14708632E+00  1.00049497E+00  1.14708632E+00
   142  4.26000000E+01  1.14712913E+00  1.00058249E+00  1.14712913E+00
   143  4.29000000E+01  1.14716694E+00  1.00067889E+00  1.14716694E+00
   144  4.32000000E+01  1.14720019E+00  1.00078487E+00  1.14720019E+00
   145  4.35000000E+01  1.14723041E+00  1.00090119E+00  1.14723041E+00
   146  4.38000000E+01  1.14726437E+00  1.00102864E+00  1.14726437E+00
   147  4.41000000E+01  1.14729410E+00  1.00116805E+00  1.14729410E+00
   148  4.44000000E+01  1.14731995E+00  1.00132032E+00  1.14731995E+00
   149  4.47000000E+01  1.14734348E+00  1.00148640E+00  1.14734348E+00
   150  4.50000000E+01  1.14736989E+00  1.00166730E+00  1.14736989E+00
   151  4.53000000E+01  1.14739270E+00  1.00186406E+00  1.14739270E+00
   152  4.56000000E+01  1.14741222E+00  1.00207781E+00  1.14741222E+00
   153  4.59000000E+01  1.14742952E+00  1.00230973E+00  1.14742952E+00
   154  4.62000000E+01  1.14744956E+00  1.00256106E+00  1.14744956E+00
   155  4.65000000E+01  1.14746654E+00  1.00283311E+00  1.14746654E+00
   156  4.68000000E+01  1.14748072E+00  1.00312726E+00  1.14748072E+00
   157  4.71000000E+01  1.14749327E+00  1.00344495E+00  1.14749327E+00
   158  4.74000000E+01  1.14750787E+00  1.00378769E+00  1.14750787E+00
   159  4.77000000E+01  1.14751987E+00  1.00415706E+00  1.14751987E+00
   160  4.80000000E+01  1.14752954E+00  1.00455471E+00  1.14752954E+00
   161  4.83000000E+01  1.14753784E+00  1.00498238E+00  1.14753784E+00
   162  4.86000000E+01  1.14754787E+00  1.00544186E+00  1.14754787E+00
   163  4.89000000E+01  1.14755574E+00  1.00593500E+00  1.14755574E+00
   164  4.92000000E+01  1.14756166E+00  1.00646375E+00  1.14756166E+00
   165  4.95000000E+01  1.14756676E+00  1.00703011E+00  1.14756676E+00
   166  4.98000000E+01  1.14757297E+00  1.00763613E+00  1.14757297E+00
   167  5.01000000E+01  1.14757740E+00  1.00828395E+00  1.14757740E+00
   168  5.04000000E+01  1.14758024E+00  1.00897575E+00  1.14758024E+00
   169  5.07000000E+01  1.14758250E+00  1.00971376E+00  1.14758250E+00
   170  5.10000000E+01  1.14758558E+00  1.01050026E+00  1.14758558E+00
   171  5.13000000E+01  1.14758722E+00  1.01133757E+00  1.14758722E+00
   172  5.16000000E+01  1.14758759E+00  1.01222803E+00  1.14758759E+00
   173  5.19000000E+01  1.14758796E+00  1.01317402E+00  1.14758796E+00
   174  5.22000000E+01  1.14758851E+00  1.01417790E+00  1.14758851E+00
   175  5.25000000E+01  1.14758790E+00  1.01524204E+00  1.14758790E+00
   176  5.28000000E+01  1.14758629E+00  1.01636880E+00  1.14758629E+00
   177  5.31000000E+01  1.14758475E+00  1.01756048E+00  1.14758475E+00
   178  5.34000000E+01  1.14758330E+00  1.01881935E+00  1.14758330E+00
   179  5.37000000E+01  1.14758094E+00  1.02014759E+00  1.14758094E+00
   180  5.40000000E+01  1.14757781E+00  1.02154729E+00  1.14757781E+00
   181  5.43000000E+01  1.14757495E+00  1.02302043E+00  1.14757495E+00
   182  5.46000000E+01  1.14757192E+00  1.02456885E+00  1.14757192E+00
   183  5.49000000E+01  1.14756821E+00  1.02619419E+00  1.14756821E+00
   184  5.52000000E+01  1.14756391E+00  1.02789794E+00  1.14756391E+00
   185  5.55000000E+01  1.14755984E+00  1.02968133E+00  1.14755984E+00
   186  5.58000000E+01  1.14755563E+00  1.03154535E+00  1.14755563E+00
   187  5.61000000E+01  1.14755092E+00  1.03349069E+00  1.14755092E+00
   188  5.64000000E+01  1.14754578E+00  1.03551774E+00  1.14754578E+00
   189  5.67000000E+01  1.14754101E+00  1.03762654E+00  1.14754101E+00
   190  5.70000000E+01  1.14753591E+00  1.03981673E+00  1.14753591E+00
   191  5.73000000E+01  1.14753046E+00  1.04208755E+00  1.14753046E+00
   192  5.76000000E+01  1.14752473E+00  1.04443782E+00  1.14752473E+00
   193  5.79000000E+01  1.14751930E+00  1.04686585E+00  1.14751930E+00
   194  5.82000000E+01  1.14751361E+00  1.04936948E+00  1.14751361E+00
   195  5.85000000E+01  1.14750768E+00  1.05194605E+00  1.14750768E+00
   196  5.88000000E+01  1.14750174E+00  1.05459232E+00  1.14750174E+00
   197  5.91000000E+01  1.14749583E+00  1.05730452E+00  1.14749583E+00
   198  5.94000000E+01  1.14748974E+00  1.06007833E+00  1.14748974E+00
   199  5.97000000E+01  1.14748352E+00  1.06290882E+00  1.14748352E+00
   200  6.00000000E+01  1.14747733E+00  1.06579052E+00  1.14747733E+00
   201  6.03000000E+01  1.14747113E+00  1.06871739E+00  1.14747113E+00
   202  6.06000000E+01  1.14746484E+00  1.07168281E+00  1.14746484E+00
   203  6.09000000E+01  1.14745863E+00  1.07467965E+00  1.14745863E+00
   204  6.12000000E+01  1.14745233E+00  1.07770026E+00  1.14745233E+00
   205  6.15000000E+01  1.14744611E+00  1.08073651E+00  1.14744611E+00
   206  6.18000000E+01  1.14744022E+00  1.08377984E+00  1.14744022E+00
   207  6.21000000E+01  1.14743521E+00  1.08682130E+00  1.14743521E+00
   208  6.24000000E+01  1.14743058E+00  1.08985161E+00  1.14743058E+00
   209  6.27000000E+01  1.14742627E+00  1.09286122E+00  1.14742627E+00
   210  6.30000000E+01  1.14742243E+00  1.09584037E+00  1.14742243E+00
   211  6.33000000E+01  1.14741879E+00  1.09877919E+00  1.14741879E+00
   212  6.36000000E+01  1.14741532E+00  1.10166778E+00  1.14741532E+00
   213  6.39000000E+01  1.14741223E+00  1.10449628E+00  1.14741223E+00
   214  6.42000000E+01  1.14740948E+00  1.10725500E+00  1.14740948E+00
   215  6.45000000E+01  1.14740689E+00  1.10993449E+00  1.14740689E+00
   216  6.48000000E+01  1.14740446E+00  1.11252569E+00  1.14740446E+00
   217  6.51000000E+01  1.14740217E+00  1.11502000E+00  1.14740217E+00
   218  6.54000000E+01  1.14740001E+00  1.11740944E+00  1.14740001E+00
   219  6.57000000E+01  1.14739800E+00  1.11968679E+00  1.14739800E+00
   220  6.60000000E+01  1.14739611E+00  1.12184564E+00  1.14739611E+00
   221  6.63000000E+01  1.14739435E+00  1.12388060E+00  1.14739435E+00
   222  6.66000000E+01  1.14739292E+00  1.12578740E+00  1.14739292E+00
   223  6.69000000E+01  1.14739161E+00  1.12756300E+00  1.14739161E+00
   224  6.72000000E+01  1.14739039E+00  1.12920569E+00  1.14739039E+00
   225  6.75000000E+01  1.14738926E+00  1.13071520E+00  1.14738926E+00
   226  6.78000000E+01  1.14738822E+00  1.13209279E+00  1.14738822E+00
   227  6.81000000E+01  1.14738725E+00  1.13334123E+00  1.14738725E+00
   228  6.84000000E+01  1.14738636E+00  1.13446487E+00  1.14738636E+00
   229  6.87000000E+01  1.14738554E+00  1.13546957E+00  1.14738554E+00
   230  6.90000000E+01  1.14738479E+00  1.13636260E+00  1.14738479E+00
   231  6.93000000E+01  1.14738409E+00  1.13715256E+00  1.14738409E+00
   232  6.96000000E+01  1.14738345E+00  1.13784911E+00  1.14738345E+00
   233  6.99000000E+01  1.14738287E+00  1.13846281E+00  1.14738287E+00
   234  7.02000000E+01  1.14738234E+00  1.13900479E+00  1.14738234E+00
   235  7.05000000E+01  1.14738185E+00  1.13948642E+00  1.14738185E+00
   236  7.08000000E+01  1.14738140E+00  1.13991898E+00  1.14738140E+00
   237  7.11000000E+01  1.14738100E+00  1.14031330E+00  1.14738100E+00
   238  7.14000000E+01  1.14738063E+00  1.14067940E+00  1.14738063E+00
   239  7.17000000E+01  1.14738030E+00  1.14102619E+00  1.14738030E+00
   240  7.20000000E+01  1.14738000E+00  1.14136118E+00  1.14738000E+00
   241  7.23000000E+01  1.14737973E+00  1.14169032E+00  1.14737973E+00
   242  7.26000000E+01  1.14737948E+00  1.14201783E+00  1.14737948E+00
   243  7.29000000E+01  1.14737926E+00  1.14234622E+00  1.14737926E+00
   244  7.32000000E+01  1.14737906E+00  1.14267636E+00  1.14737906E+00
   245  7.35000000E+01  1.14737889E+00  1.14300761E+00  1.14737889E+00
   246  7.38000000E+01  1.14737873E+00  1.14333813E+00  1.14737873E+00
   247  7.41000000E+01  1.14737859E+00  1.14366509E+00  1.14737859E+00
   248  7.44000000E+01  1.14737847E+00  1.14398511E+00  1.14737847E+00
   249  7.47000000E+01  1.14737836E+00  1.14429457E+00  1.14737836E+00
   250  7.50000000E+01  1.14737826E+00  1.14458993E+00  1.14737826E+00
   251  7.53000000E+01  1.14737818E+00  1.14486807E+00  1.14737818E+00
   252  7.56000000E+01  1.14737810E+00  1.14512653E+00  1.14737810E+00
   253  7.59000000E+01  1.14737804E+00  1.14536364E+00  1.14737804E+00
   254  7.62000000E+01  1.14737799E+00  1.14557859E+00  1.14737799E+00
   255  7.65000000E+01  1.14737794E+00  1.14577148E+00  1.14737794E+00
   256  7.68000000E+01  1.14737790E+00  1.14594317E+00  1.14737790E+00
   257  7.71000000E+01  1.14737787E+00  1.14609519E+00  1.14737787E+00
   258  7.74000000E+01  1.14737784E+00  1.14622951E+00  1.14737784E+00
   259  7.77000000E+01  1.14737782E+00  1.14634837E+00  1.14737782E+00
   260  7.80000000E+01  1.14737780E+00  1.14645409E+00  1.14737780E+00
   261  7.83000000E+01  1.14737778E+00  1.14654884E+00  1.14737778E+00
   262  7.86000000E+01  1.14737777E+00  1.14663456E+00  1.14737777E+00
   263  7.89000000E+01  1.14737777E+00  1.14671285E+00  1.14737777E+00
   264  7.92000000E+01  1.14737776E+00  1.14678490E+00  1.14737776E+00
   265  7.95000000E+01  1.14737776E+00  1.14685154E+00  1.14737776E+00
   266  7.98000000E+01  1.14737776E+00  1.14691322E+00  1.14737776E+00
   267  8.01000000E+01  1.14737776E+00  1.14697018E+00  1.14737776E+00
   268  8.04000000E+01  1.14737776E+00  1.14702242E+00  1.14737776E+00
   269  8.07000000E+01  1.14737776E+00  1.14706989E+00  1.14737776E+00
   270  8.10000000E+01  1.14737777E+00  1.14711249E+00  1.14737777E+00
   271  8.13000000E+01  1.14737777E+00  1.14715019E+00  1.14737777E+00
   272  8.16000000E+01  1.14737778E+00  1.14718306E+00  1.14737778E+00
   273  8.19000000E+01  1.14737778E+00  1.14721126E+00  1.14737778E+00
   274  8.22000000E+01  1.14737779E+00  1.14723505E+00  1.14737779E+00
   275  8.25000000E+01  1.14737780E+00  1.14725480E+00  1.14737780E+00
   276  8.28000000E+01  1.14737780E+00  1.14727093E+00  1.14737780E+00
   277  8.31000000E+01  1.14737781E+00  1.14728389E+00  1.14737781E+00
   278  8.34000000E+01  1.14737782E+00  1.14729411E+00  1.14737782E+00
   279  8.37000000E+01  1.14737782E+00  1.14730200E+00  1.14737782E+00
   280  8.40000000E+01  1.14737783E+00  1.14730792E+00  1.14737783E+00
   281  8.43000000E+01  1.14737783E+00  1.14731215E+00  1.14737783E+00
   282  8.46000000E+01  1.14737784E+00  1.14731493E+00  1.14737784E+00
   283  8.49000000E+01  1.14737785E+00  1.14731644E+00  1.14737785E+00
   284  8.52000000E+01  1.14737785E+00  1.14731681E+00  1.14737785E+00
   285  8.55000000E+01  1.14737786E+00  1.14731614E+00  1.14737786E+00
   286  8.58000000E+01  1.14737786E+00  1.14731452E+00  1.14737786E+00
   287  8.61000000E+01  1.14737787E+00  1.14731203E+00  1.14737787E+00
   288  8.64000000E+01  1.14737787E+00  1.14730875E+00  1.14737787E+00
 steady-height stop at step    288: changes <=   1.0000E-05, max-end <=   1.0000E-02, max/end/gap/profile_change =   1.14737787E+00  1.14730875E+00  6.91228031E-05  6.50716740E-06


STDERR:
