COMMAND:
/shared/extrudate_rom/generate_rom_data/extrudate_swell2d_c_cluster

STDOUT:
 comppar: model =   3
 comppar: lambda,mobility/eps,betav,eta_0 =  6.4000E+00  3.6667E-01  7.0000E-01  1.0000E+00
 comppar: eta_s,eta_p,G =  7.0000E-01  3.0000E-01  4.6875E-02
 comppar: U_avg,deltat,flowrate,nsteps =  1.0000E-01  3.0000E-01  3.1416E-01     700
 comppar: geometry = axisymmetric
 comppar: steady stop change,gap,hold,min =  1.0000E-05  1.0000E-02      10      80
 comppar: ncompc,ncompg =     4     5
 mesh nnodes = 5765
 mesh nelem = 2780
 P1 BC   5.0000000000000000     
 P2 BC   0.0000000000000000     
     1  3.00000000E-01  1.00379361E+00  1.00000000E+00  1.00379361E+00
     2  6.00000000E-01  1.00750343E+00  1.00000000E+00  1.00750343E+00
     3  9.00000000E-01  1.01113011E+00  1.00000000E+00  1.01113011E+00
     4  1.20000000E+00  1.01467454E+00  1.00000000E+00  1.01467454E+00
     5  1.50000000E+00  1.01813893E+00  1.00000000E+00  1.01813893E+00
     6  1.80000000E+00  1.02152017E+00  1.00000000E+00  1.02152017E+00
     7  2.10000000E+00  1.02483202E+00  1.00000000E+00  1.02483202E+00
     8  2.40000000E+00  1.02807636E+00  1.00000000E+00  1.02807636E+00
     9  2.70000000E+00  1.03124533E+00  1.00000000E+00  1.03124533E+00
    10  3.00000000E+00  1.03433775E+00  1.00000000E+00  1.03433775E+00
    11  3.30000000E+00  1.03738861E+00  1.00000000E+00  1.03738861E+00
    12  3.60000000E+00  1.04036679E+00  1.00000000E+00  1.04036679E+00
    13  3.90000000E+00  1.04327519E+00  1.00000000E+00  1.04327519E+00
    14  4.20000000E+00  1.04615740E+00  1.00000000E+00  1.04615740E+00
    15  4.50000000E+00  1.04893876E+00  9.99999997E-01  1.04893876E+00
    16  4.80000000E+00  1.05172279E+00  9.99999993E-01  1.05172279E+00
    17  5.10000000E+00  1.05441083E+00  9.99999988E-01  1.05441083E+00
    18  5.40000000E+00  1.05708627E+00  9.99999982E-01  1.05708627E+00
    19  5.70000000E+00  1.05965249E+00  9.99999974E-01  1.05965249E+00
    20  6.00000000E+00  1.06224139E+00  9.99999964E-01  1.06224139E+00
    21  6.30000000E+00  1.06470119E+00  9.99999953E-01  1.06470119E+00
    22  6.60000000E+00  1.06719925E+00  9.99999939E-01  1.06719925E+00
    23  6.90000000E+00  1.06957448E+00  9.99999923E-01  1.06957448E+00
    24  7.20000000E+00  1.07194380E+00  9.99999904E-01  1.07194380E+00
    25  7.50000000E+00  1.07425948E+00  9.99999882E-01  1.07425948E+00
    26  7.80000000E+00  1.07648491E+00  9.99999857E-01  1.07648491E+00
    27  8.10000000E+00  1.07874123E+00  9.99999828E-01  1.07874123E+00
    28  8.40000000E+00  1.08086385E+00  9.99999795E-01  1.08086385E+00
    29  8.70000000E+00  1.08298715E+00  9.99999758E-01  1.08298715E+00
    30  9.00000000E+00  1.08507857E+00  9.99999716E-01  1.08507857E+00
    31  9.30000000E+00  1.08703455E+00  9.99999669E-01  1.08703455E+00
    32  9.60000000E+00  1.08905823E+00  9.99999616E-01  1.08905823E+00
    33  9.90000000E+00  1.09098227E+00  9.99999557E-01  1.09098227E+00
    34  1.02000000E+01  1.09277093E+00  9.99999492E-01  1.09277093E+00
    35  1.05000000E+01  1.09466208E+00  9.99999419E-01  1.09466208E+00
    36  1.08000000E+01  1.09645017E+00  9.99999338E-01  1.09645017E+00
    37  1.11000000E+01  1.09810557E+00  9.99999249E-01  1.09810557E+00
    38  1.14000000E+01  1.09984741E+00  9.99999150E-01  1.09984741E+00
    39  1.17000000E+01  1.10149904E+00  9.99999041E-01  1.10149904E+00
    40  1.20000000E+01  1.10302233E+00  9.99998922E-01  1.10302233E+00
    41  1.23000000E+01  1.10458107E+00  9.99998791E-01  1.10458107E+00
    42  1.26000000E+01  1.10612755E+00  9.99998647E-01  1.10612755E+00
    43  1.29000000E+01  1.10755135E+00  9.99998490E-01  1.10755135E+00
    44  1.32000000E+01  1.10891010E+00  9.99998318E-01  1.10891010E+00
    45  1.35000000E+01  1.11035172E+00  9.99998131E-01  1.11035172E+00
    46  1.38000000E+01  1.11167727E+00  9.99997926E-01  1.11167727E+00
    47  1.41000000E+01  1.11289606E+00  9.99997704E-01  1.11289606E+00
    48  1.44000000E+01  1.11418279E+00  9.99997463E-01  1.11418279E+00
    49  1.47000000E+01  1.11542098E+00  9.99997201E-01  1.11542098E+00
    50  1.50000000E+01  1.11656122E+00  9.99996917E-01  1.11656122E+00
    51  1.53000000E+01  1.11764727E+00  9.99996610E-01  1.11764727E+00
    52  1.56000000E+01  1.11880120E+00  9.99996277E-01  1.11880120E+00
    53  1.59000000E+01  1.11986666E+00  9.99995918E-01  1.11986666E+00
    54  1.62000000E+01  1.12085499E+00  9.99995530E-01  1.12085499E+00
    55  1.65000000E+01  1.12185788E+00  9.99995111E-01  1.12185788E+00
    56  1.68000000E+01  1.12285803E+00  9.99994660E-01  1.12285803E+00
    57  1.71000000E+01  1.12378944E+00  9.99994175E-01  1.12378944E+00
    58  1.74000000E+01  1.12466189E+00  9.99993654E-01  1.12466189E+00
    59  1.77000000E+01  1.12554114E+00  9.99993093E-01  1.12554114E+00
    60  1.80000000E+01  1.12642107E+00  9.99992492E-01  1.12642107E+00
    61  1.83000000E+01  1.12724938E+00  9.99991847E-01  1.12724938E+00
    62  1.86000000E+01  1.12803280E+00  9.99991155E-01  1.12803280E+00
    63  1.89000000E+01  1.12879529E+00  9.99990416E-01  1.12879529E+00
    64  1.92000000E+01  1.12958304E+00  9.99989625E-01  1.12958304E+00
    65  1.95000000E+01  1.13032985E+00  9.99988779E-01  1.13032985E+00
    66  1.98000000E+01  1.13103929E+00  9.99987877E-01  1.13103929E+00
    67  2.01000000E+01  1.13171336E+00  9.99986915E-01  1.13171336E+00
    68  2.04000000E+01  1.13238314E+00  9.99985889E-01  1.13238314E+00
    69  2.07000000E+01  1.13306240E+00  9.99984797E-01  1.13306240E+00
    70  2.10000000E+01  1.13370709E+00  9.99983636E-01  1.13370709E+00
    71  2.13000000E+01  1.13431713E+00  9.99982402E-01  1.13431713E+00
    72  2.16000000E+01  1.13489190E+00  9.99981091E-01  1.13489190E+00
    73  2.19000000E+01  1.13549101E+00  9.99979701E-01  1.13549101E+00
    74  2.22000000E+01  1.13606970E+00  9.99978227E-01  1.13606970E+00
    75  2.25000000E+01  1.13661278E+00  9.99976667E-01  1.13661278E+00
    76  2.28000000E+01  1.13711941E+00  9.99975016E-01  1.13711941E+00
    77  2.31000000E+01  1.13762889E+00  9.99973272E-01  1.13762889E+00
    78  2.34000000E+01  1.13814093E+00  9.99971430E-01  1.13814093E+00
    79  2.37000000E+01  1.13861588E+00  9.99969487E-01  1.13861588E+00
    80  2.40000000E+01  1.13905350E+00  9.99967440E-01  1.13905350E+00
    81  2.43000000E+01  1.13948741E+00  9.99965286E-01  1.13948741E+00
    82  2.46000000E+01  1.13993053E+00  9.99963021E-01  1.13993053E+00
    83  2.49000000E+01  1.14033674E+00  9.99960642E-01  1.14033674E+00
    84  2.52000000E+01  1.14070677E+00  9.99958147E-01  1.14070677E+00
    85  2.55000000E+01  1.14108621E+00  9.99955532E-01  1.14108621E+00
    86  2.58000000E+01  1.14146125E+00  9.99952796E-01  1.14146125E+00
    87  2.61000000E+01  1.14180111E+00  9.99949937E-01  1.14180111E+00
    88  2.64000000E+01  1.14210758E+00  9.99946952E-01  1.14210758E+00
    89  2.67000000E+01  1.14243855E+00  9.99943842E-01  1.14243855E+00
    90  2.70000000E+01  1.14275026E+00  9.99940605E-01  1.14275026E+00
    91  2.73000000E+01  1.14303034E+00  9.99937241E-01  1.14303034E+00
    92  2.76000000E+01  1.14328665E+00  9.99933751E-01  1.14328665E+00
    93  2.79000000E+01  1.14357094E+00  9.99930137E-01  1.14357094E+00
    94  2.82000000E+01  1.14382559E+00  9.99926401E-01  1.14382559E+00
    95  2.85000000E+01  1.14405319E+00  9.99922546E-01  1.14405319E+00
    96  2.88000000E+01  1.14427740E+00  9.99918576E-01  1.14427740E+00
    97  2.91000000E+01  1.14450904E+00  9.99914498E-01  1.14450904E+00
    98  2.94000000E+01  1.14471564E+00  9.99910319E-01  1.14471564E+00
    99  2.97000000E+01  1.14489974E+00  9.99906046E-01  1.14489974E+00
   100  3.00000000E+01  1.14509083E+00  9.99901690E-01  1.14509083E+00
   101  3.03000000E+01  1.14527787E+00  9.99897264E-01  1.14527787E+00
   102  3.06000000E+01  1.14544448E+00  9.99892780E-01  1.14544448E+00
   103  3.09000000E+01  1.14559284E+00  9.99888256E-01  1.14559284E+00
   104  3.12000000E+01  1.14575573E+00  9.99883710E-01  1.14575573E+00
   105  3.15000000E+01  1.14590639E+00  9.99879163E-01  1.14590639E+00
   106  3.18000000E+01  1.14604037E+00  9.99874640E-01  1.14604037E+00
   107  3.21000000E+01  1.14615940E+00  9.99870168E-01  1.14615940E+00
   108  3.24000000E+01  1.14629119E+00  9.99865778E-01  1.14629119E+00
   109  3.27000000E+01  1.14641232E+00  9.99861506E-01  1.14641232E+00
   110  3.30000000E+01  1.14651982E+00  9.99857389E-01  1.14651982E+00
   111  3.33000000E+01  1.14661500E+00  9.99853473E-01  1.14661500E+00
   112  3.36000000E+01  1.14672223E+00  9.99849805E-01  1.14672223E+00
   113  3.39000000E+01  1.14681887E+00  9.99846439E-01  1.14681887E+00
   114  3.42000000E+01  1.14690420E+00  9.99843434E-01  1.14690420E+00
   115  3.45000000E+01  1.14697925E+00  9.99840856E-01  1.14697925E+00
   116  3.48000000E+01  1.14706176E+00  9.99838779E-01  1.14706176E+00
   117  3.51000000E+01  1.14713837E+00  9.99837280E-01  1.14713837E+00
   118  3.54000000E+01  1.14720549E+00  9.99836449E-01  1.14720549E+00
   119  3.57000000E+01  1.14726400E+00  9.99836380E-01  1.14726400E+00
   120  3.60000000E+01  1.14732686E+00  9.99837179E-01  1.14732686E+00
   121  3.63000000E+01  1.14738652E+00  9.99838960E-01  1.14738652E+00
   122  3.66000000E+01  1.14743829E+00  9.99841850E-01  1.14743829E+00
   123  3.69000000E+01  1.14748296E+00  9.99845983E-01  1.14748296E+00
   124  3.72000000E+01  1.14752770E+00  9.99851510E-01  1.14752770E+00
   125  3.75000000E+01  1.14757344E+00  9.99858590E-01  1.14757344E+00
   126  3.78000000E+01  1.14761269E+00  9.99867400E-01  1.14761269E+00
   127  3.81000000E+01  1.14764613E+00  9.99878128E-01  1.14764613E+00
   128  3.84000000E+01  1.14767610E+00  9.99890982E-01  1.14767610E+00
   129  3.87000000E+01  1.14771036E+00  9.99906183E-01  1.14771036E+00
   130  3.90000000E+01  1.14773939E+00  9.99923971E-01  1.14773939E+00
   131  3.93000000E+01  1.14776379E+00  9.99944606E-01  1.14776379E+00
   132  3.96000000E+01  1.14778412E+00  9.99968368E-01  1.14778412E+00
   133  3.99000000E+01  1.14780537E+00  9.99995558E-01  1.14780537E+00
   134  4.02000000E+01  1.14782631E+00  1.00002650E+00  1.14782631E+00
   135  4.05000000E+01  1.14784363E+00  1.00006155E+00  1.14784363E+00
   136  4.08000000E+01  1.14785778E+00  1.00010107E+00  1.14785778E+00
   137  4.11000000E+01  1.14786917E+00  1.00014547E+00  1.14786917E+00
   138  4.14000000E+01  1.14788211E+00  1.00019518E+00  1.14788211E+00
   139  4.17000000E+01  1.14789385E+00  1.00025067E+00  1.14789385E+00
   140  4.20000000E+01  1.14790314E+00  1.00031242E+00  1.14790314E+00
   141  4.23000000E+01  1.14791030E+00  1.00038097E+00  1.14791030E+00
   142  4.26000000E+01  1.14791563E+00  1.00045689E+00  1.14791563E+00
   143  4.29000000E+01  1.14791938E+00  1.00054077E+00  1.14791938E+00
   144  4.32000000E+01  1.14792493E+00  1.00063326E+00  1.14792493E+00
   145  4.35000000E+01  1.14792892E+00  1.00073505E+00  1.14792892E+00
   146  4.38000000E+01  1.14793152E+00  1.00084686E+00  1.14793152E+00
   147  4.41000000E+01  1.14793292E+00  1.00096947E+00  1.14793292E+00
   148  4.44000000E+01  1.14793332E+00  1.00110371E+00  1.14793332E+00
   149  4.47000000E+01  1.14793287E+00  1.00125045E+00  1.14793287E+00
   150  4.50000000E+01  1.14793173E+00  1.00141061E+00  1.14793173E+00
   151  4.53000000E+01  1.14793002E+00  1.00158518E+00  1.14793002E+00
   152  4.56000000E+01  1.14792889E+00  1.00177519E+00  1.14792889E+00
   153  4.59000000E+01  1.14792724E+00  1.00198175E+00  1.14792724E+00
   154  4.62000000E+01  1.14792513E+00  1.00220601E+00  1.14792513E+00
   155  4.65000000E+01  1.14792266E+00  1.00244919E+00  1.14792266E+00
   156  4.68000000E+01  1.14791992E+00  1.00271257E+00  1.14791992E+00
   157  4.71000000E+01  1.14791698E+00  1.00299752E+00  1.14791698E+00
   158  4.74000000E+01  1.14791391E+00  1.00330544E+00  1.14791391E+00
   159  4.77000000E+01  1.14791076E+00  1.00363783E+00  1.14791076E+00
   160  4.80000000E+01  1.14790759E+00  1.00399625E+00  1.14790759E+00
   161  4.83000000E+01  1.14790443E+00  1.00438232E+00  1.14790443E+00
   162  4.86000000E+01  1.14790132E+00  1.00479775E+00  1.14790132E+00
   163  4.89000000E+01  1.14789828E+00  1.00524431E+00  1.14789828E+00
   164  4.92000000E+01  1.14789533E+00  1.00572384E+00  1.14789533E+00
   165  4.95000000E+01  1.14789250E+00  1.00623825E+00  1.14789250E+00
   166  4.98000000E+01  1.14788978E+00  1.00678952E+00  1.14788978E+00
   167  5.01000000E+01  1.14788721E+00  1.00737970E+00  1.14788721E+00
   168  5.04000000E+01  1.14788477E+00  1.00801089E+00  1.14788477E+00
   169  5.07000000E+01  1.14788248E+00  1.00868527E+00  1.14788248E+00
   170  5.10000000E+01  1.14788034E+00  1.00940505E+00  1.14788034E+00
   171  5.13000000E+01  1.14787834E+00  1.01017251E+00  1.14787834E+00
   172  5.16000000E+01  1.14787649E+00  1.01098994E+00  1.14787649E+00
   173  5.19000000E+01  1.14787478E+00  1.01185969E+00  1.14787478E+00
   174  5.22000000E+01  1.14787348E+00  1.01278413E+00  1.14787348E+00
   175  5.25000000E+01  1.14787231E+00  1.01376562E+00  1.14787231E+00
   176  5.28000000E+01  1.14787126E+00  1.01480655E+00  1.14787126E+00
   177  5.31000000E+01  1.14787032E+00  1.01590926E+00  1.14787032E+00
   178  5.34000000E+01  1.14786948E+00  1.01707609E+00  1.14786948E+00
   179  5.37000000E+01  1.14786873E+00  1.01830931E+00  1.14786873E+00
   180  5.40000000E+01  1.14786807E+00  1.01961113E+00  1.14786807E+00
   181  5.43000000E+01  1.14786750E+00  1.02098367E+00  1.14786750E+00
   182  5.46000000E+01  1.14786700E+00  1.02242892E+00  1.14786700E+00
   183  5.49000000E+01  1.14786657E+00  1.02394875E+00  1.14786657E+00
   184  5.52000000E+01  1.14786620E+00  1.02554487E+00  1.14786620E+00
   185  5.55000000E+01  1.14786589E+00  1.02721878E+00  1.14786589E+00
   186  5.58000000E+01  1.14786564E+00  1.02897176E+00  1.14786564E+00
   187  5.61000000E+01  1.14786543E+00  1.03080486E+00  1.14786543E+00
   188  5.64000000E+01  1.14786526E+00  1.03271883E+00  1.14786526E+00
   189  5.67000000E+01  1.14786514E+00  1.03471410E+00  1.14786514E+00
   190  5.70000000E+01  1.14786504E+00  1.03679077E+00  1.14786504E+00
   191  5.73000000E+01  1.14786498E+00  1.03894856E+00  1.14786498E+00
   192  5.76000000E+01  1.14786494E+00  1.04118677E+00  1.14786494E+00
   193  5.79000000E+01  1.14786493E+00  1.04350426E+00  1.14786493E+00
   194  5.82000000E+01  1.14786494E+00  1.04589945E+00  1.14786494E+00
   195  5.85000000E+01  1.14786496E+00  1.04837022E+00  1.14786496E+00
   196  5.88000000E+01  1.14786500E+00  1.05091396E+00  1.14786500E+00
   197  5.91000000E+01  1.14786505E+00  1.05352751E+00  1.14786505E+00
   198  5.94000000E+01  1.14786511E+00  1.05620715E+00  1.14786511E+00
   199  5.97000000E+01  1.14786517E+00  1.05894861E+00  1.14786517E+00
   200  6.00000000E+01  1.14786525E+00  1.06174701E+00  1.14786525E+00
   201  6.03000000E+01  1.14786533E+00  1.06459693E+00  1.14786533E+00
   202  6.06000000E+01  1.14786541E+00  1.06749236E+00  1.14786541E+00
   203  6.09000000E+01  1.14786549E+00  1.07042674E+00  1.14786549E+00
   204  6.12000000E+01  1.14786558E+00  1.07339298E+00  1.14786558E+00
   205  6.15000000E+01  1.14786567E+00  1.07638348E+00  1.14786567E+00
   206  6.18000000E+01  1.14786575E+00  1.07939017E+00  1.14786575E+00
   207  6.21000000E+01  1.14786584E+00  1.08240455E+00  1.14786584E+00
   208  6.24000000E+01  1.14786592E+00  1.08541777E+00  1.14786592E+00
   209  6.27000000E+01  1.14786601E+00  1.08842065E+00  1.14786601E+00
   210  6.30000000E+01  1.14786609E+00  1.09140378E+00  1.14786609E+00
   211  6.33000000E+01  1.14786616E+00  1.09435756E+00  1.14786616E+00
   212  6.36000000E+01  1.14786624E+00  1.09727234E+00  1.14786624E+00
   213  6.39000000E+01  1.14786631E+00  1.10013846E+00  1.14786631E+00
   214  6.42000000E+01  1.14786637E+00  1.10294639E+00  1.14786637E+00
   215  6.45000000E+01  1.14786644E+00  1.10568678E+00  1.14786644E+00
   216  6.48000000E+01  1.14786650E+00  1.10835064E+00  1.14786650E+00
   217  6.51000000E+01  1.14786655E+00  1.11092942E+00  1.14786655E+00
   218  6.54000000E+01  1.14786661E+00  1.11341513E+00  1.14786661E+00
   219  6.57000000E+01  1.14786666E+00  1.11580051E+00  1.14786666E+00
   220  6.60000000E+01  1.14786671E+00  1.11807910E+00  1.14786671E+00
   221  6.63000000E+01  1.14786675E+00  1.12024540E+00  1.14786675E+00
   222  6.66000000E+01  1.14786679E+00  1.12229501E+00  1.14786679E+00
   223  6.69000000E+01  1.14786683E+00  1.12422470E+00  1.14786683E+00
   224  6.72000000E+01  1.14786686E+00  1.12603255E+00  1.14786686E+00
   225  6.75000000E+01  1.14786689E+00  1.12771800E+00  1.14786689E+00
   226  6.78000000E+01  1.14786692E+00  1.12928192E+00  1.14786692E+00
   227  6.81000000E+01  1.14786695E+00  1.13072663E+00  1.14786695E+00
   228  6.84000000E+01  1.14786697E+00  1.13205583E+00  1.14786697E+00
   229  6.87000000E+01  1.14786700E+00  1.13327459E+00  1.14786700E+00
   230  6.90000000E+01  1.14786702E+00  1.13438920E+00  1.14786702E+00
   231  6.93000000E+01  1.14786703E+00  1.13540701E+00  1.14786703E+00
   232  6.96000000E+01  1.14786705E+00  1.13633619E+00  1.14786705E+00
   233  6.99000000E+01  1.14786707E+00  1.13718550E+00  1.14786707E+00
   234  7.02000000E+01  1.14786708E+00  1.13796397E+00  1.14786708E+00
   235  7.05000000E+01  1.14786709E+00  1.13868060E+00  1.14786709E+00
   236  7.08000000E+01  1.14786710E+00  1.13934404E+00  1.14786710E+00
   237  7.11000000E+01  1.14786711E+00  1.13996227E+00  1.14786711E+00
   238  7.14000000E+01  1.14786712E+00  1.14054238E+00  1.14786712E+00
   239  7.17000000E+01  1.14786713E+00  1.14109027E+00  1.14786713E+00
   240  7.20000000E+01  1.14786713E+00  1.14161062E+00  1.14786713E+00
   241  7.23000000E+01  1.14786714E+00  1.14210670E+00  1.14786714E+00
   242  7.26000000E+01  1.14786714E+00  1.14258051E+00  1.14786714E+00
   243  7.29000000E+01  1.14786715E+00  1.14303280E+00  1.14786715E+00
   244  7.32000000E+01  1.14786715E+00  1.14346330E+00  1.14786715E+00
   245  7.35000000E+01  1.14786715E+00  1.14387095E+00  1.14786715E+00
   246  7.38000000E+01  1.14786716E+00  1.14425418E+00  1.14786716E+00
   247  7.41000000E+01  1.14786716E+00  1.14461122E+00  1.14786716E+00
   248  7.44000000E+01  1.14786716E+00  1.14494039E+00  1.14786716E+00
   249  7.47000000E+01  1.14786716E+00  1.14524035E+00  1.14786716E+00
   250  7.50000000E+01  1.14786716E+00  1.14551031E+00  1.14786716E+00
   251  7.53000000E+01  1.14786716E+00  1.14575017E+00  1.14786716E+00
   252  7.56000000E+01  1.14786716E+00  1.14596057E+00  1.14786716E+00
   253  7.59000000E+01  1.14786716E+00  1.14614286E+00  1.14786716E+00
   254  7.62000000E+01  1.14786716E+00  1.14629906E+00  1.14786716E+00
   255  7.65000000E+01  1.14786716E+00  1.14643166E+00  1.14786716E+00
   256  7.68000000E+01  1.14786716E+00  1.14654352E+00  1.14786716E+00
   257  7.71000000E+01  1.14786716E+00  1.14663761E+00  1.14786716E+00
   258  7.74000000E+01  1.14786716E+00  1.14671688E+00  1.14786716E+00
   259  7.77000000E+01  1.14786716E+00  1.14678409E+00  1.14786716E+00
   260  7.80000000E+01  1.14786716E+00  1.14684165E+00  1.14786716E+00
   261  7.83000000E+01  1.14786716E+00  1.14689159E+00  1.14786716E+00
   262  7.86000000E+01  1.14786716E+00  1.14693549E+00  1.14786716E+00
   263  7.89000000E+01  1.14786716E+00  1.14697451E+00  1.14786716E+00
   264  7.92000000E+01  1.14786716E+00  1.14700941E+00  1.14786716E+00
   265  7.95000000E+01  1.14786716E+00  1.14704066E+00  1.14786716E+00
   266  7.98000000E+01  1.14786716E+00  1.14706848E+00  1.14786716E+00
   267  8.01000000E+01  1.14786716E+00  1.14709295E+00  1.14786716E+00
   268  8.04000000E+01  1.14786716E+00  1.14711411E+00  1.14786716E+00
   269  8.07000000E+01  1.14786716E+00  1.14713196E+00  1.14786716E+00
   270  8.10000000E+01  1.14786716E+00  1.14714659E+00  1.14786716E+00
   271  8.13000000E+01  1.14786716E+00  1.14715813E+00  1.14786716E+00
   272  8.16000000E+01  1.14786716E+00  1.14716681E+00  1.14786716E+00
   273  8.19000000E+01  1.14786716E+00  1.14717292E+00  1.14786716E+00
   274  8.22000000E+01  1.14786716E+00  1.14717680E+00  1.14786716E+00
   275  8.25000000E+01  1.14786716E+00  1.14717883E+00  1.14786716E+00
   276  8.28000000E+01  1.14786716E+00  1.14717936E+00  1.14786716E+00
   277  8.31000000E+01  1.14786716E+00  1.14717874E+00  1.14786716E+00
   278  8.34000000E+01  1.14786716E+00  1.14717727E+00  1.14786716E+00
   279  8.37000000E+01  1.14786716E+00  1.14717520E+00  1.14786716E+00
   280  8.40000000E+01  1.14786716E+00  1.14717271E+00  1.14786716E+00
   281  8.43000000E+01  1.14786716E+00  1.14716994E+00  1.14786716E+00
 steady-height stop at step    281: changes <=   1.0000E-05, max-end <=   1.0000E-02, max/end/gap/profile_change =   1.14786716E+00  1.14716994E+00  6.97219858E-04  3.33312686E-06


STDERR:
