COMMAND:
/shared/extrudate_rom/generate_rom_data/extrudate_swell2d_c_cluster

STDOUT:
 comppar: model =   3
 comppar: lambda,mobility/eps,betav,eta_0 =  8.2000E+00  1.0000E-01  3.0000E-01  1.0000E+00
 comppar: eta_s,eta_p,G =  3.0000E-01  7.0000E-01  8.5366E-02
 comppar: U_avg,deltat,flowrate,nsteps =  1.0000E-01  3.0000E-01  3.1416E-01     700
 comppar: geometry = axisymmetric
 comppar: steady stop change,gap,hold,min =  1.0000E-05  1.0000E-02      10      80
 comppar: ncompc,ncompg =     4     5
 mesh nnodes = 5765
 mesh nelem = 2780
 P1 BC   5.0000000000000000     
 P2 BC   0.0000000000000000     
     1  3.00000000E-01  1.00378779E+00  1.00000000E+00  1.00378779E+00
     2  6.00000000E-01  1.00748101E+00  1.00000000E+00  1.00748101E+00
     3  9.00000000E-01  1.01107352E+00  1.00000000E+00  1.01107352E+00
     4  1.20000000E+00  1.01457390E+00  1.00000000E+00  1.01457390E+00
     5  1.50000000E+00  1.01798796E+00  1.00000000E+00  1.01798796E+00
     6  1.80000000E+00  1.02132324E+00  1.00000000E+00  1.02132324E+00
     7  2.10000000E+00  1.02459323E+00  1.00000000E+00  1.02459323E+00
     8  2.40000000E+00  1.02780203E+00  1.00000000E+00  1.02780203E+00
     9  2.70000000E+00  1.03099578E+00  1.00000001E+00  1.03099578E+00
    10  3.00000000E+00  1.03415568E+00  1.00000001E+00  1.03415568E+00
    11  3.30000000E+00  1.03727758E+00  1.00000001E+00  1.03727758E+00
    12  3.60000000E+00  1.04043419E+00  1.00000001E+00  1.04043419E+00
    13  3.90000000E+00  1.04356166E+00  1.00000001E+00  1.04356166E+00
    14  4.20000000E+00  1.04672752E+00  1.00000000E+00  1.04672752E+00
    15  4.50000000E+00  1.04987800E+00  1.00000000E+00  1.04987800E+00
    16  4.80000000E+00  1.05309705E+00  1.00000000E+00  1.05309705E+00
    17  5.10000000E+00  1.05629655E+00  9.99999997E-01  1.05629655E+00
    18  5.40000000E+00  1.05957478E+00  9.99999992E-01  1.05957478E+00
    19  5.70000000E+00  1.06286368E+00  9.99999987E-01  1.06286368E+00
    20  6.00000000E+00  1.06614908E+00  9.99999980E-01  1.06614908E+00
    21  6.30000000E+00  1.06950589E+00  9.99999973E-01  1.06950589E+00
    22  6.60000000E+00  1.07290782E+00  9.99999963E-01  1.07290782E+00
    23  6.90000000E+00  1.07631644E+00  9.99999952E-01  1.07631644E+00
    24  7.20000000E+00  1.07973450E+00  9.99999940E-01  1.07973450E+00
    25  7.50000000E+00  1.08321959E+00  9.99999925E-01  1.08321959E+00
    26  7.80000000E+00  1.08674904E+00  9.99999909E-01  1.08674904E+00
    27  8.10000000E+00  1.09029039E+00  9.99999890E-01  1.09029039E+00
    28  8.40000000E+00  1.09384489E+00  9.99999870E-01  1.09384489E+00
    29  8.70000000E+00  1.09741345E+00  9.99999846E-01  1.09741345E+00
    30  9.00000000E+00  1.10099865E+00  9.99999820E-01  1.10099865E+00
    31  9.30000000E+00  1.10466136E+00  9.99999792E-01  1.10466136E+00
    32  9.60000000E+00  1.10833320E+00  9.99999760E-01  1.10833320E+00
    33  9.90000000E+00  1.11201335E+00  9.99999724E-01  1.11201335E+00
    34  1.02000000E+01  1.11570049E+00  9.99999686E-01  1.11570049E+00
    35  1.05000000E+01  1.11939286E+00  9.99999643E-01  1.11939286E+00
    36  1.08000000E+01  1.12308822E+00  9.99999597E-01  1.12308822E+00
    37  1.11000000E+01  1.12678385E+00  9.99999546E-01  1.12678385E+00
    38  1.14000000E+01  1.13047648E+00  9.99999490E-01  1.13047648E+00
    39  1.17000000E+01  1.13417403E+00  9.99999430E-01  1.13417403E+00
    40  1.20000000E+01  1.13789635E+00  9.99999364E-01  1.13789635E+00
    41  1.23000000E+01  1.14160570E+00  9.99999293E-01  1.14160570E+00
    42  1.26000000E+01  1.14529739E+00  9.99999215E-01  1.14529739E+00
    43  1.29000000E+01  1.14896519E+00  9.99999131E-01  1.14896519E+00
    44  1.32000000E+01  1.15260080E+00  9.99999040E-01  1.15260080E+00
    45  1.35000000E+01  1.15619334E+00  9.99998942E-01  1.15619334E+00
    46  1.38000000E+01  1.15972903E+00  9.99998836E-01  1.15972903E+00
    47  1.41000000E+01  1.16328164E+00  9.99998722E-01  1.16328164E+00
    48  1.44000000E+01  1.16682551E+00  9.99998599E-01  1.16682551E+00
    49  1.47000000E+01  1.17029687E+00  9.99998467E-01  1.17029687E+00
    50  1.50000000E+01  1.17367786E+00  9.99998324E-01  1.17367786E+00
    51  1.53000000E+01  1.17695165E+00  9.99998171E-01  1.17695165E+00
    52  1.56000000E+01  1.18034427E+00  9.99998007E-01  1.18034427E+00
    53  1.59000000E+01  1.18362950E+00  9.99997830E-01  1.18362950E+00
    54  1.62000000E+01  1.18678837E+00  9.99997641E-01  1.18678837E+00
    55  1.65000000E+01  1.18980408E+00  9.99997438E-01  1.18980408E+00
    56  1.68000000E+01  1.19286731E+00  9.99997221E-01  1.19286731E+00
    57  1.71000000E+01  1.19593052E+00  9.99996989E-01  1.19593052E+00
    58  1.74000000E+01  1.19884406E+00  9.99996741E-01  1.19884406E+00
    59  1.77000000E+01  1.20159898E+00  9.99996476E-01  1.20159898E+00
    60  1.80000000E+01  1.20439205E+00  9.99996193E-01  1.20439205E+00
    61  1.83000000E+01  1.20719760E+00  9.99995891E-01  1.20719760E+00
    62  1.86000000E+01  1.20983991E+00  9.99995569E-01  1.20983991E+00
    63  1.89000000E+01  1.21231972E+00  9.99995226E-01  1.21231972E+00
    64  1.92000000E+01  1.21482432E+00  9.99994860E-01  1.21482432E+00
    65  1.95000000E+01  1.21739864E+00  9.99994471E-01  1.21739864E+00
    66  1.98000000E+01  1.21981359E+00  9.99994057E-01  1.21981359E+00
    67  2.01000000E+01  1.22207642E+00  9.99993617E-01  1.22207642E+00
    68  2.04000000E+01  1.22432482E+00  9.99993149E-01  1.22432482E+00
    69  2.07000000E+01  1.22666373E+00  9.99992652E-01  1.22666373E+00
    70  2.10000000E+01  1.22885320E+00  9.99992124E-01  1.22885320E+00
    71  2.13000000E+01  1.23090563E+00  9.99991564E-01  1.23090563E+00
    72  2.16000000E+01  1.23283663E+00  9.99990971E-01  1.23283663E+00
    73  2.19000000E+01  1.23497052E+00  9.99990341E-01  1.23497052E+00
    74  2.22000000E+01  1.23697008E+00  9.99989675E-01  1.23697008E+00
    75  2.25000000E+01  1.23884742E+00  9.99988969E-01  1.23884742E+00
    76  2.28000000E+01  1.24061328E+00  9.99988223E-01  1.24061328E+00
    77  2.31000000E+01  1.24241325E+00  9.99987433E-01  1.24241325E+00
    78  2.34000000E+01  1.24423446E+00  9.99986598E-01  1.24423446E+00
    79  2.37000000E+01  1.24594883E+00  9.99985716E-01  1.24594883E+00
    80  2.40000000E+01  1.24756379E+00  9.99984784E-01  1.24756379E+00
    81  2.43000000E+01  1.24911064E+00  9.99983801E-01  1.24911064E+00
    82  2.46000000E+01  1.25077783E+00  9.99982763E-01  1.25077783E+00
    83  2.49000000E+01  1.25234540E+00  9.99981670E-01  1.25234540E+00
    84  2.52000000E+01  1.25381755E+00  9.99980517E-01  1.25381755E+00
    85  2.55000000E+01  1.25519618E+00  9.99979302E-01  1.25519618E+00
    86  2.58000000E+01  1.25660913E+00  9.99978024E-01  1.25660913E+00
    87  2.61000000E+01  1.25804062E+00  9.99976678E-01  1.25804062E+00
    88  2.64000000E+01  1.25937969E+00  9.99975263E-01  1.25937969E+00
    89  2.67000000E+01  1.26062614E+00  9.99973776E-01  1.26062614E+00
    90  2.70000000E+01  1.26177973E+00  9.99972213E-01  1.26177973E+00
    91  2.73000000E+01  1.26307503E+00  9.99970571E-01  1.26307503E+00
    92  2.76000000E+01  1.26427894E+00  9.99968848E-01  1.26427894E+00
    93  2.79000000E+01  1.26539176E+00  9.99967041E-01  1.26539176E+00
    94  2.82000000E+01  1.26641456E+00  9.99965146E-01  1.26641456E+00
    95  2.85000000E+01  1.26750089E+00  9.99963160E-01  1.26750089E+00
    96  2.88000000E+01  1.26857775E+00  9.99961080E-01  1.26857775E+00
    97  2.91000000E+01  1.26956497E+00  9.99958902E-01  1.26956497E+00
    98  2.94000000E+01  1.27046519E+00  9.99956624E-01  1.27046519E+00
    99  2.97000000E+01  1.27142248E+00  9.99954242E-01  1.27142248E+00
   100  3.00000000E+01  1.27237537E+00  9.99951753E-01  1.27237537E+00
   101  3.03000000E+01  1.27324373E+00  9.99949154E-01  1.27324373E+00
   102  3.06000000E+01  1.27403160E+00  9.99946440E-01  1.27403160E+00
   103  3.09000000E+01  1.27486994E+00  9.99943610E-01  1.27486994E+00
   104  3.12000000E+01  1.27570681E+00  9.99940659E-01  1.27570681E+00
   105  3.15000000E+01  1.27646454E+00  9.99937585E-01  1.27646454E+00
   106  3.18000000E+01  1.27714868E+00  9.99934384E-01  1.27714868E+00
   107  3.21000000E+01  1.27786202E+00  9.99931053E-01  1.27786202E+00
   108  3.24000000E+01  1.27859343E+00  9.99927590E-01  1.27859343E+00
   109  3.27000000E+01  1.27925331E+00  9.99923992E-01  1.27925331E+00
   110  3.30000000E+01  1.27984752E+00  9.99920256E-01  1.27984752E+00
   111  3.33000000E+01  1.28043783E+00  9.99916379E-01  1.28043783E+00
   112  3.36000000E+01  1.28107227E+00  9.99912360E-01  1.28107227E+00
   113  3.39000000E+01  1.28164310E+00  9.99908196E-01  1.28164310E+00
   114  3.42000000E+01  1.28215647E+00  9.99903885E-01  1.28215647E+00
   115  3.45000000E+01  1.28264839E+00  9.99899427E-01  1.28264839E+00
   116  3.48000000E+01  1.28319918E+00  9.99894820E-01  1.28319918E+00
   117  3.51000000E+01  1.28369390E+00  9.99890063E-01  1.28369390E+00
   118  3.54000000E+01  1.28413821E+00  9.99885155E-01  1.28413821E+00
   119  3.57000000E+01  1.28453726E+00  9.99880098E-01  1.28453726E+00
   120  3.60000000E+01  1.28500655E+00  9.99874891E-01  1.28500655E+00
   121  3.63000000E+01  1.28543393E+00  9.99869536E-01  1.28543393E+00
   122  3.66000000E+01  1.28581790E+00  9.99864034E-01  1.28581790E+00
   123  3.69000000E+01  1.28616280E+00  9.99858388E-01  1.28616280E+00
   124  3.72000000E+01  1.28656227E+00  9.99852601E-01  1.28656227E+00
   125  3.75000000E+01  1.28693155E+00  9.99846676E-01  1.28693155E+00
   126  3.78000000E+01  1.28726275E+00  9.99840620E-01  1.28726275E+00
   127  3.81000000E+01  1.28755959E+00  9.99834437E-01  1.28755959E+00
   128  3.84000000E+01  1.28787245E+00  9.99828135E-01  1.28787245E+00
   129  3.87000000E+01  1.28819169E+00  9.99821721E-01  1.28819169E+00
   130  3.90000000E+01  1.28847783E+00  9.99815204E-01  1.28847783E+00
   131  3.93000000E+01  1.28873382E+00  9.99808596E-01  1.28873382E+00
   132  3.96000000E+01  1.28898332E+00  9.99801908E-01  1.28898332E+00
   133  3.99000000E+01  1.28925792E+00  9.99795154E-01  1.28925792E+00
   134  4.02000000E+01  1.28950332E+00  9.99788349E-01  1.28950332E+00
   135  4.05000000E+01  1.28972206E+00  9.99781509E-01  1.28972206E+00
   136  4.08000000E+01  1.28991638E+00  9.99774655E-01  1.28991638E+00
   137  4.11000000E+01  1.29013365E+00  9.99767805E-01  1.29013365E+00
   138  4.14000000E+01  1.29034455E+00  9.99760985E-01  1.29034455E+00
   139  4.17000000E+01  1.29053170E+00  9.99754219E-01  1.29053170E+00
   140  4.20000000E+01  1.29069707E+00  9.99747536E-01  1.29069707E+00
   141  4.23000000E+01  1.29086284E+00  9.99740965E-01  1.29086284E+00
   142  4.26000000E+01  1.29104204E+00  9.99734543E-01  1.29104204E+00
   143  4.29000000E+01  1.29120026E+00  9.99728304E-01  1.29120026E+00
   144  4.32000000E+01  1.29133929E+00  9.99722290E-01  1.29133929E+00
   145  4.35000000E+01  1.29146083E+00  9.99716544E-01  1.29146083E+00
   146  4.38000000E+01  1.29160200E+00  9.99711115E-01  1.29160200E+00
   147  4.41000000E+01  1.29173555E+00  9.99706054E-01  1.29173555E+00
   148  4.44000000E+01  1.29185208E+00  9.99701418E-01  1.29185208E+00
   149  4.47000000E+01  1.29195319E+00  9.99697266E-01  1.29195319E+00
   150  4.50000000E+01  1.29205028E+00  9.99693665E-01  1.29205028E+00
   151  4.53000000E+01  1.29216160E+00  9.99690685E-01  1.29216160E+00
   152  4.56000000E+01  1.29225805E+00  9.99688403E-01  1.29225805E+00
   153  4.59000000E+01  1.29234111E+00  9.99686900E-01  1.29234111E+00
   154  4.62000000E+01  1.29241218E+00  9.99686265E-01  1.29241218E+00
   155  4.65000000E+01  1.29248703E+00  9.99686592E-01  1.29248703E+00
   156  4.68000000E+01  1.29256633E+00  9.99687984E-01  1.29256633E+00
   157  4.71000000E+01  1.29263401E+00  9.99690550E-01  1.29263401E+00
   158  4.74000000E+01  1.29269135E+00  9.99694407E-01  1.29269135E+00
   159  4.77000000E+01  1.29273949E+00  9.99699679E-01  1.29273949E+00
   160  4.80000000E+01  1.29279728E+00  9.99706502E-01  1.29279728E+00
   161  4.83000000E+01  1.29285149E+00  9.99715020E-01  1.29285149E+00
   162  4.86000000E+01  1.29289680E+00  9.99725385E-01  1.29289680E+00
   163  4.89000000E+01  1.29293419E+00  9.99737762E-01  1.29293419E+00
   164  4.92000000E+01  1.29296454E+00  9.99752325E-01  1.29296454E+00
   165  4.95000000E+01  1.29300249E+00  9.99769262E-01  1.29300249E+00
   166  4.98000000E+01  1.29303770E+00  9.99788771E-01  1.29303770E+00
   167  5.01000000E+01  1.29306613E+00  9.99811064E-01  1.29306613E+00
   168  5.04000000E+01  1.29308852E+00  9.99836367E-01  1.29308852E+00
   169  5.07000000E+01  1.29310550E+00  9.99864918E-01  1.29310550E+00
   170  5.10000000E+01  1.29313151E+00  9.99896973E-01  1.29313151E+00
   171  5.13000000E+01  1.29315194E+00  9.99932802E-01  1.29315194E+00
   172  5.16000000E+01  1.29316716E+00  9.99972691E-01  1.29316716E+00
   173  5.19000000E+01  1.29317773E+00  1.00001695E+00  1.29317773E+00
   174  5.22000000E+01  1.29318415E+00  1.00006589E+00  1.29318415E+00
   175  5.25000000E+01  1.29319244E+00  1.00011986E+00  1.29319244E+00
   176  5.28000000E+01  1.29320177E+00  1.00017922E+00  1.29320177E+00
   177  5.31000000E+01  1.29320708E+00  1.00024436E+00  1.29320708E+00
   178  5.34000000E+01  1.29320879E+00  1.00031568E+00  1.29320879E+00
   179  5.37000000E+01  1.29320730E+00  1.00039360E+00  1.29320730E+00
   180  5.40000000E+01  1.29320296E+00  1.00047858E+00  1.29320296E+00
   181  5.43000000E+01  1.29320091E+00  1.00057110E+00  1.29320091E+00
   182  5.46000000E+01  1.29319842E+00  1.00067165E+00  1.29319842E+00
   183  5.49000000E+01  1.29319320E+00  1.00078078E+00  1.29319320E+00
   184  5.52000000E+01  1.29318560E+00  1.00089905E+00  1.29318560E+00
   185  5.55000000E+01  1.29317590E+00  1.00102703E+00  1.29317590E+00
   186  5.58000000E+01  1.29316441E+00  1.00116536E+00  1.29316441E+00
   187  5.61000000E+01  1.29315138E+00  1.00131469E+00  1.29315138E+00
   188  5.64000000E+01  1.29314075E+00  1.00147571E+00  1.29314075E+00
   189  5.67000000E+01  1.29312877E+00  1.00164914E+00  1.29312877E+00
   190  5.70000000E+01  1.29311533E+00  1.00183573E+00  1.29311533E+00
   191  5.73000000E+01  1.29310067E+00  1.00203630E+00  1.29310067E+00
   192  5.76000000E+01  1.29308500E+00  1.00225168E+00  1.29308500E+00
   193  5.79000000E+01  1.29306852E+00  1.00248273E+00  1.29306852E+00
   194  5.82000000E+01  1.29305142E+00  1.00273039E+00  1.29305142E+00
   195  5.85000000E+01  1.29303385E+00  1.00299562E+00  1.29303385E+00
   196  5.88000000E+01  1.29301596E+00  1.00327942E+00  1.29301596E+00
   197  5.91000000E+01  1.29299789E+00  1.00358284E+00  1.29299789E+00
   198  5.94000000E+01  1.29297973E+00  1.00390699E+00  1.29297973E+00
   199  5.97000000E+01  1.29296161E+00  1.00425300E+00  1.29296161E+00
   200  6.00000000E+01  1.29294360E+00  1.00462209E+00  1.29294360E+00
   201  6.03000000E+01  1.29292580E+00  1.00501549E+00  1.29292580E+00
   202  6.06000000E+01  1.29290826E+00  1.00543450E+00  1.29290826E+00
   203  6.09000000E+01  1.29289106E+00  1.00588048E+00  1.29289106E+00
   204  6.12000000E+01  1.29287424E+00  1.00635482E+00  1.29287424E+00
   205  6.15000000E+01  1.29285785E+00  1.00685898E+00  1.29285785E+00
   206  6.18000000E+01  1.29284193E+00  1.00739447E+00  1.29284193E+00
   207  6.21000000E+01  1.29282652E+00  1.00796285E+00  1.29282652E+00
   208  6.24000000E+01  1.29281162E+00  1.00856573E+00  1.29281162E+00
   209  6.27000000E+01  1.29279728E+00  1.00920478E+00  1.29279728E+00
   210  6.30000000E+01  1.29278349E+00  1.00988173E+00  1.29278349E+00
   211  6.33000000E+01  1.29277027E+00  1.01059833E+00  1.29277027E+00
   212  6.36000000E+01  1.29275857E+00  1.01135642E+00  1.29275857E+00
   213  6.39000000E+01  1.29274806E+00  1.01215785E+00  1.29274806E+00
   214  6.42000000E+01  1.29273810E+00  1.01300454E+00  1.29273810E+00
   215  6.45000000E+01  1.29272869E+00  1.01389844E+00  1.29272869E+00
   216  6.48000000E+01  1.29271982E+00  1.01484155E+00  1.29271982E+00
   217  6.51000000E+01  1.29271147E+00  1.01583589E+00  1.29271147E+00
   218  6.54000000E+01  1.29270363E+00  1.01688351E+00  1.29270363E+00
   219  6.57000000E+01  1.29269628E+00  1.01798650E+00  1.29269628E+00
   220  6.60000000E+01  1.29268941E+00  1.01914694E+00  1.29268941E+00
   221  6.63000000E+01  1.29268299E+00  1.02036694E+00  1.29268299E+00
   222  6.66000000E+01  1.29267702E+00  1.02164860E+00  1.29267702E+00
   223  6.69000000E+01  1.29267148E+00  1.02299402E+00  1.29267148E+00
   224  6.72000000E+01  1.29266634E+00  1.02440528E+00  1.29266634E+00
   225  6.75000000E+01  1.29266158E+00  1.02588443E+00  1.29266158E+00
   226  6.78000000E+01  1.29265720E+00  1.02743349E+00  1.29265720E+00
   227  6.81000000E+01  1.29265365E+00  1.02905443E+00  1.29265365E+00
   228  6.84000000E+01  1.29265078E+00  1.03074915E+00  1.29265078E+00
   229  6.87000000E+01  1.29264818E+00  1.03251948E+00  1.29264818E+00
   230  6.90000000E+01  1.29264584E+00  1.03436718E+00  1.29264584E+00
   231  6.93000000E+01  1.29264374E+00  1.03629388E+00  1.29264374E+00
   232  6.96000000E+01  1.29264187E+00  1.03830110E+00  1.29264187E+00
   233  6.99000000E+01  1.29264021E+00  1.04039024E+00  1.29264021E+00
   234  7.02000000E+01  1.29263875E+00  1.04256253E+00  1.29263875E+00
   235  7.05000000E+01  1.29263747E+00  1.04481904E+00  1.29263747E+00
   236  7.08000000E+01  1.29263637E+00  1.04716066E+00  1.29263637E+00
   237  7.11000000E+01  1.29263542E+00  1.04958807E+00  1.29263542E+00
   238  7.14000000E+01  1.29263462E+00  1.05210174E+00  1.29263462E+00
   239  7.17000000E+01  1.29263396E+00  1.05470189E+00  1.29263396E+00
   240  7.20000000E+01  1.29263342E+00  1.05738850E+00  1.29263342E+00
   241  7.23000000E+01  1.29263300E+00  1.06016130E+00  1.29263300E+00
   242  7.26000000E+01  1.29263269E+00  1.06301972E+00  1.29263269E+00
   243  7.29000000E+01  1.29263247E+00  1.06596293E+00  1.29263247E+00
   244  7.32000000E+01  1.29263235E+00  1.06898979E+00  1.29263235E+00
   245  7.35000000E+01  1.29263230E+00  1.07209888E+00  1.29263230E+00
   246  7.38000000E+01  1.29263233E+00  1.07528848E+00  1.29263233E+00
   247  7.41000000E+01  1.29263242E+00  1.07855657E+00  1.29263242E+00
   248  7.44000000E+01  1.29263257E+00  1.08190086E+00  1.29263257E+00
   249  7.47000000E+01  1.29263278E+00  1.08531877E+00  1.29263278E+00
   250  7.50000000E+01  1.29263303E+00  1.08880746E+00  1.29263303E+00
   251  7.53000000E+01  1.29263332E+00  1.09236385E+00  1.29263332E+00
   252  7.56000000E+01  1.29263365E+00  1.09598462E+00  1.29263365E+00
   253  7.59000000E+01  1.29263401E+00  1.09966625E+00  1.29263401E+00
   254  7.62000000E+01  1.29263440E+00  1.10340504E+00  1.29263440E+00
   255  7.65000000E+01  1.29263482E+00  1.10719713E+00  1.29263482E+00
   256  7.68000000E+01  1.29263525E+00  1.11103855E+00  1.29263525E+00
   257  7.71000000E+01  1.29263570E+00  1.11492520E+00  1.29263570E+00
   258  7.74000000E+01  1.29263616E+00  1.11885295E+00  1.29263616E+00
   259  7.77000000E+01  1.29263664E+00  1.12281759E+00  1.29263664E+00
   260  7.80000000E+01  1.29263711E+00  1.12681494E+00  1.29263711E+00
   261  7.83000000E+01  1.29263760E+00  1.13084081E+00  1.29263760E+00
   262  7.86000000E+01  1.29263809E+00  1.13489106E+00  1.29263809E+00
   263  7.89000000E+01  1.29263858E+00  1.13896159E+00  1.29263858E+00
   264  7.92000000E+01  1.29263906E+00  1.14304842E+00  1.29263906E+00
   265  7.95000000E+01  1.29263955E+00  1.14714762E+00  1.29263955E+00
   266  7.98000000E+01  1.29264003E+00  1.15125541E+00  1.29264003E+00
   267  8.01000000E+01  1.29264050E+00  1.15536809E+00  1.29264050E+00
   268  8.04000000E+01  1.29264097E+00  1.15948209E+00  1.29264097E+00
   269  8.07000000E+01  1.29264143E+00  1.16359394E+00  1.29264143E+00
   270  8.10000000E+01  1.29264188E+00  1.16770031E+00  1.29264188E+00
   271  8.13000000E+01  1.29264232E+00  1.17179795E+00  1.29264232E+00
   272  8.16000000E+01  1.29264276E+00  1.17588371E+00  1.29264276E+00
   273  8.19000000E+01  1.29264318E+00  1.17995453E+00  1.29264318E+00
   274  8.22000000E+01  1.29264359E+00  1.18400739E+00  1.29264359E+00
   275  8.25000000E+01  1.29264399E+00  1.18803938E+00  1.29264399E+00
   276  8.28000000E+01  1.29264438E+00  1.19204758E+00  1.29264438E+00
   277  8.31000000E+01  1.29264475E+00  1.19602911E+00  1.29264475E+00
   278  8.34000000E+01  1.29264512E+00  1.19998109E+00  1.29264512E+00
   279  8.37000000E+01  1.29264547E+00  1.20390062E+00  1.29264547E+00
   280  8.40000000E+01  1.29264581E+00  1.20778472E+00  1.29264581E+00
   281  8.43000000E+01  1.29264614E+00  1.21163032E+00  1.29264614E+00
   282  8.46000000E+01  1.29264645E+00  1.21543415E+00  1.29264645E+00
   283  8.49000000E+01  1.29264676E+00  1.21919274E+00  1.29264676E+00
   284  8.52000000E+01  1.29264705E+00  1.22290231E+00  1.29264705E+00
   285  8.55000000E+01  1.29264733E+00  1.22655866E+00  1.29264733E+00
   286  8.58000000E+01  1.29264760E+00  1.23015713E+00  1.29264760E+00
   287  8.61000000E+01  1.29264786E+00  1.23369249E+00  1.29264786E+00
   288  8.64000000E+01  1.29264810E+00  1.23715892E+00  1.29264810E+00
   289  8.67000000E+01  1.29264834E+00  1.24054990E+00  1.29264834E+00
   290  8.70000000E+01  1.29264856E+00  1.24385829E+00  1.29264856E+00
   291  8.73000000E+01  1.29264878E+00  1.24707638E+00  1.29264878E+00
   292  8.76000000E+01  1.29264898E+00  1.25019596E+00  1.29264898E+00
   293  8.79000000E+01  1.29264918E+00  1.25320856E+00  1.29264918E+00
   294  8.82000000E+01  1.29264937E+00  1.25610564E+00  1.29264937E+00
   295  8.85000000E+01  1.29264954E+00  1.25887895E+00  1.29264954E+00
   296  8.88000000E+01  1.29264971E+00  1.26152082E+00  1.29264971E+00
   297  8.91000000E+01  1.29264987E+00  1.26402452E+00  1.29264987E+00
   298  8.94000000E+01  1.29265002E+00  1.26638463E+00  1.29265002E+00
   299  8.97000000E+01  1.29265016E+00  1.26859735E+00  1.29265016E+00
   300  9.00000000E+01  1.29265030E+00  1.27066073E+00  1.29265030E+00
   301  9.03000000E+01  1.29265043E+00  1.27257487E+00  1.29265043E+00
   302  9.06000000E+01  1.29265055E+00  1.27434193E+00  1.29265055E+00
   303  9.09000000E+01  1.29265067E+00  1.27596611E+00  1.29265067E+00
   304  9.12000000E+01  1.29265077E+00  1.27745344E+00  1.29265077E+00
   305  9.15000000E+01  1.29265088E+00  1.27881153E+00  1.29265088E+00
   306  9.18000000E+01  1.29265097E+00  1.28004913E+00  1.29265097E+00
   307  9.21000000E+01  1.29265106E+00  1.28117580E+00  1.29265106E+00
   308  9.24000000E+01  1.29265115E+00  1.28220137E+00  1.29265115E+00
   309  9.27000000E+01  1.29265123E+00  1.28313554E+00  1.29265123E+00
   310  9.30000000E+01  1.29265131E+00  1.28398749E+00  1.29265131E+00
   311  9.33000000E+01  1.29265138E+00  1.28476555E+00  1.29265138E+00
   312  9.36000000E+01  1.29265145E+00  1.28547702E+00  1.29265145E+00
   313  9.39000000E+01  1.29265151E+00  1.28612803E+00  1.29265151E+00
   314  9.42000000E+01  1.29265157E+00  1.28672357E+00  1.29265157E+00
   315  9.45000000E+01  1.29265162E+00  1.28726757E+00  1.29265162E+00
   316  9.48000000E+01  1.29265168E+00  1.28776310E+00  1.29265168E+00
   317  9.51000000E+01  1.29265172E+00  1.28821259E+00  1.29265172E+00
   318  9.54000000E+01  1.29265177E+00  1.28861805E+00  1.29265177E+00
   319  9.57000000E+01  1.29265181E+00  1.28898135E+00  1.29265181E+00
   320  9.60000000E+01  1.29265185E+00  1.28930443E+00  1.29265185E+00
   321  9.63000000E+01  1.29265189E+00  1.28958939E+00  1.29265189E+00
   322  9.66000000E+01  1.29265192E+00  1.28983865E+00  1.29265192E+00
   323  9.69000000E+01  1.29265196E+00  1.29005494E+00  1.29265196E+00
   324  9.72000000E+01  1.29265199E+00  1.29024126E+00  1.29265199E+00
   325  9.75000000E+01  1.29265202E+00  1.29040084E+00  1.29265202E+00
   326  9.78000000E+01  1.29265204E+00  1.29053695E+00  1.29265204E+00
   327  9.81000000E+01  1.29265207E+00  1.29065282E+00  1.29265207E+00
   328  9.84000000E+01  1.29265209E+00  1.29075150E+00  1.29265209E+00
   329  9.87000000E+01  1.29265211E+00  1.29083576E+00  1.29265211E+00
   330  9.90000000E+01  1.29265213E+00  1.29090798E+00  1.29265213E+00
   331  9.93000000E+01  1.29265215E+00  1.29097015E+00  1.29265215E+00
   332  9.96000000E+01  1.29265217E+00  1.29102381E+00  1.29265217E+00
   333  9.99000000E+01  1.29265219E+00  1.29107013E+00  1.29265219E+00
   334  1.00200000E+02  1.29265220E+00  1.29110994E+00  1.29265220E+00
   335  1.00500000E+02  1.29265222E+00  1.29114378E+00  1.29265222E+00
   336  1.00800000E+02  1.29265223E+00  1.29117203E+00  1.29265223E+00
   337  1.01100000E+02  1.29265224E+00  1.29119493E+00  1.29265224E+00
   338  1.01400000E+02  1.29265225E+00  1.29121269E+00  1.29265225E+00
   339  1.01700000E+02  1.29265226E+00  1.29122552E+00  1.29265226E+00
   340  1.02000000E+02  1.29265227E+00  1.29123369E+00  1.29265227E+00
   341  1.02300000E+02  1.29265228E+00  1.29123751E+00  1.29265228E+00
   342  1.02600000E+02  1.29265229E+00  1.29123735E+00  1.29265229E+00
   343  1.02900000E+02  1.29265230E+00  1.29123365E+00  1.29265230E+00
   344  1.03200000E+02  1.29265231E+00  1.29122685E+00  1.29265231E+00
   345  1.03500000E+02  1.29265232E+00  1.29121742E+00  1.29265232E+00
   346  1.03800000E+02  1.29265232E+00  1.29120581E+00  1.29265232E+00
   347  1.04100000E+02  1.29265233E+00  1.29119242E+00  1.29265233E+00
   348  1.04400000E+02  1.29265234E+00  1.29117764E+00  1.29265234E+00
   349  1.04700000E+02  1.29265234E+00  1.29116175E+00  1.29265234E+00
   350  1.05000000E+02  1.29265235E+00  1.29114503E+00  1.29265235E+00
   351  1.05300000E+02  1.29265235E+00  1.29112767E+00  1.29265235E+00
   352  1.05600000E+02  1.29265236E+00  1.29110982E+00  1.29265236E+00
   353  1.05900000E+02  1.29265236E+00  1.29109161E+00  1.29265236E+00
   354  1.06200000E+02  1.29265237E+00  1.29107315E+00  1.29265237E+00
   355  1.06500000E+02  1.29265237E+00  1.29105451E+00  1.29265237E+00
   356  1.06800000E+02  1.29265237E+00  1.29103577E+00  1.29265237E+00
   357  1.07100000E+02  1.29265238E+00  1.29101702E+00  1.29265238E+00
   358  1.07400000E+02  1.29265238E+00  1.29099833E+00  1.29265238E+00
   359  1.07700000E+02  1.29265238E+00  1.29097977E+00  1.29265238E+00
   360  1.08000000E+02  1.29265239E+00  1.29096143E+00  1.29265239E+00
   361  1.08300000E+02  1.29265239E+00  1.29094338E+00  1.29265239E+00
   362  1.08600000E+02  1.29265239E+00  1.29092570E+00  1.29265239E+00
   363  1.08900000E+02  1.29265240E+00  1.29090844E+00  1.29265240E+00
   364  1.09200000E+02  1.29265240E+00  1.29089167E+00  1.29265240E+00
   365  1.09500000E+02  1.29265240E+00  1.29087543E+00  1.29265240E+00
   366  1.09800000E+02  1.29265240E+00  1.29085975E+00  1.29265240E+00
   367  1.10100000E+02  1.29265241E+00  1.29084466E+00  1.29265241E+00
   368  1.10400000E+02  1.29265241E+00  1.29083017E+00  1.29265241E+00
   369  1.10700000E+02  1.29265241E+00  1.29081630E+00  1.29265241E+00
   370  1.11000000E+02  1.29265241E+00  1.29080304E+00  1.29265241E+00
   371  1.11300000E+02  1.29265242E+00  1.29079040E+00  1.29265242E+00
   372  1.11600000E+02  1.29265242E+00  1.29077836E+00  1.29265242E+00
   373  1.11900000E+02  1.29265242E+00  1.29076692E+00  1.29265242E+00
   374  1.12200000E+02  1.29265242E+00  1.29075607E+00  1.29265242E+00
   375  1.12500000E+02  1.29265242E+00  1.29074579E+00  1.29265242E+00
   376  1.12800000E+02  1.29265243E+00  1.29073609E+00  1.29265243E+00
   377  1.13100000E+02  1.29265243E+00  1.29072693E+00  1.29265243E+00
   378  1.13400000E+02  1.29265243E+00  1.29071832E+00  1.29265243E+00
   379  1.13700000E+02  1.29265243E+00  1.29071023E+00  1.29265243E+00
   380  1.14000000E+02  1.29265243E+00  1.29070265E+00  1.29265243E+00
   381  1.14300000E+02  1.29265244E+00  1.29069557E+00  1.29265244E+00
   382  1.14600000E+02  1.29265244E+00  1.29068896E+00  1.29265244E+00
   383  1.14900000E+02  1.29265244E+00  1.29068281E+00  1.29265244E+00
   384  1.15200000E+02  1.29265244E+00  1.29067710E+00  1.29265244E+00
   385  1.15500000E+02  1.29265244E+00  1.29067182E+00  1.29265244E+00
 steady-height stop at step    385: changes <=   1.0000E-05, max-end <=   1.0000E-02, max/end/gap/profile_change =   1.29265244E+00  1.29067182E+00  1.98062543E-03  5.28555583E-06


STDERR:
