COMMAND:
/shared/extrudate_rom/generate_rom_data/extrudate_swell2d_c_cluster

STDOUT:
 comppar: model =   3
 comppar: lambda,mobility/eps,betav,eta_0 =  2.8000E+00  1.0000E-01  3.0000E-01  1.0000E+00
 comppar: eta_s,eta_p,G =  3.0000E-01  7.0000E-01  2.5000E-01
 comppar: U_avg,deltat,flowrate,nsteps =  1.0000E-01  3.0000E-01  3.1416E-01     700
 comppar: geometry = axisymmetric
 comppar: steady stop change,gap,hold,min =  1.0000E-05  1.0000E-02      10      80
 comppar: ncompc,ncompg =     4     5
 mesh nnodes = 5765
 mesh nelem = 2780
 P1 BC   5.0000000000000000     
 P2 BC   0.0000000000000000     
     1  3.00000000E-01  1.00378859E+00  1.00000000E+00  1.00378859E+00
     2  6.00000000E-01  1.00746354E+00  1.00000000E+00  1.00746354E+00
     3  9.00000000E-01  1.01100537E+00  1.00000000E+00  1.01100537E+00
     4  1.20000000E+00  1.01444096E+00  1.00000000E+00  1.01444096E+00
     5  1.50000000E+00  1.01778440E+00  1.00000000E+00  1.01778440E+00
     6  1.80000000E+00  1.02105398E+00  1.00000000E+00  1.02105398E+00
     7  2.10000000E+00  1.02426758E+00  1.00000000E+00  1.02426758E+00
     8  2.40000000E+00  1.02743239E+00  1.00000001E+00  1.02743239E+00
     9  2.70000000E+00  1.03056093E+00  1.00000001E+00  1.03056093E+00
    10  3.00000000E+00  1.03368527E+00  1.00000001E+00  1.03368527E+00
    11  3.30000000E+00  1.03676585E+00  1.00000001E+00  1.03676585E+00
    12  3.60000000E+00  1.03984227E+00  1.00000001E+00  1.03984227E+00
    13  3.90000000E+00  1.04289611E+00  1.00000001E+00  1.04289611E+00
    14  4.20000000E+00  1.04592498E+00  1.00000001E+00  1.04592498E+00
    15  4.50000000E+00  1.04894258E+00  1.00000000E+00  1.04894258E+00
    16  4.80000000E+00  1.05193555E+00  1.00000000E+00  1.05193555E+00
    17  5.10000000E+00  1.05489570E+00  9.99999998E-01  1.05489570E+00
    18  5.40000000E+00  1.05784570E+00  9.99999994E-01  1.05784570E+00
    19  5.70000000E+00  1.06070641E+00  9.99999987E-01  1.06070641E+00
    20  6.00000000E+00  1.06358832E+00  9.99999980E-01  1.06358832E+00
    21  6.30000000E+00  1.06640663E+00  9.99999970E-01  1.06640663E+00
    22  6.60000000E+00  1.06915372E+00  9.99999959E-01  1.06915372E+00
    23  6.90000000E+00  1.07191964E+00  9.99999946E-01  1.07191964E+00
    24  7.20000000E+00  1.07458093E+00  9.99999930E-01  1.07458093E+00
    25  7.50000000E+00  1.07722583E+00  9.99999912E-01  1.07722583E+00
    26  7.80000000E+00  1.07984474E+00  9.99999891E-01  1.07984474E+00
    27  8.10000000E+00  1.08235255E+00  9.99999866E-01  1.08235255E+00
    28  8.40000000E+00  1.08488134E+00  9.99999839E-01  1.08488134E+00
    29  8.70000000E+00  1.08734082E+00  9.99999807E-01  1.08734082E+00
    30  9.00000000E+00  1.08968630E+00  9.99999771E-01  1.08968630E+00
    31  9.30000000E+00  1.09205905E+00  9.99999730E-01  1.09205905E+00
    32  9.60000000E+00  1.09437797E+00  9.99999685E-01  1.09437797E+00
    33  9.90000000E+00  1.09658368E+00  9.99999634E-01  1.09658368E+00
    34  1.02000000E+01  1.09877953E+00  9.99999576E-01  1.09877953E+00
    35  1.05000000E+01  1.10095596E+00  9.99999513E-01  1.10095596E+00
    36  1.08000000E+01  1.10302254E+00  9.99999442E-01  1.10302254E+00
    37  1.11000000E+01  1.10498902E+00  9.99999363E-01  1.10498902E+00
    38  1.14000000E+01  1.10705158E+00  9.99999276E-01  1.10705158E+00
    39  1.17000000E+01  1.10900938E+00  9.99999180E-01  1.10900938E+00
    40  1.20000000E+01  1.11086875E+00  9.99999075E-01  1.11086875E+00
    41  1.23000000E+01  1.11269458E+00  9.99998958E-01  1.11269458E+00
    42  1.26000000E+01  1.11454646E+00  9.99998830E-01  1.11454646E+00
    43  1.29000000E+01  1.11630714E+00  9.99998690E-01  1.11630714E+00
    44  1.32000000E+01  1.11798449E+00  9.99998537E-01  1.11798449E+00
    45  1.35000000E+01  1.11963669E+00  9.99998369E-01  1.11963669E+00
    46  1.38000000E+01  1.12132430E+00  9.99998186E-01  1.12132430E+00
    47  1.41000000E+01  1.12293357E+00  9.99997987E-01  1.12293357E+00
    48  1.44000000E+01  1.12447047E+00  9.99997770E-01  1.12447047E+00
    49  1.47000000E+01  1.12593867E+00  9.99997534E-01  1.12593867E+00
    50  1.50000000E+01  1.12746045E+00  9.99997278E-01  1.12746045E+00
    51  1.53000000E+01  1.12893463E+00  9.99997000E-01  1.12893463E+00
    52  1.56000000E+01  1.13034138E+00  9.99996699E-01  1.13034138E+00
    53  1.59000000E+01  1.13167868E+00  9.99996374E-01  1.13167868E+00
    54  1.62000000E+01  1.13301343E+00  9.99996022E-01  1.13301343E+00
    55  1.65000000E+01  1.13435645E+00  9.99995642E-01  1.13435645E+00
    56  1.68000000E+01  1.13562574E+00  9.99995232E-01  1.13562574E+00
    57  1.71000000E+01  1.13681446E+00  9.99994791E-01  1.13681446E+00
    58  1.74000000E+01  1.13800404E+00  9.99994315E-01  1.13800404E+00
    59  1.77000000E+01  1.13920706E+00  9.99993804E-01  1.13920706E+00
    60  1.80000000E+01  1.14032393E+00  9.99993255E-01  1.14032393E+00
    61  1.83000000E+01  1.14134615E+00  9.99992665E-01  1.14134615E+00
    62  1.86000000E+01  1.14243965E+00  9.99992033E-01  1.14243965E+00
    63  1.89000000E+01  1.14347731E+00  9.99991355E-01  1.14347731E+00
    64  1.92000000E+01  1.14441709E+00  9.99990630E-01  1.14441709E+00
    65  1.95000000E+01  1.14535853E+00  9.99989854E-01  1.14535853E+00
    66  1.98000000E+01  1.14631843E+00  9.99989025E-01  1.14631843E+00
    67  2.01000000E+01  1.14717695E+00  9.99988140E-01  1.14717695E+00
    68  2.04000000E+01  1.14796026E+00  9.99987196E-01  1.14796026E+00
    69  2.07000000E+01  1.14883930E+00  9.99986189E-01  1.14883930E+00
    70  2.10000000E+01  1.14961769E+00  9.99985117E-01  1.14961769E+00
    71  2.13000000E+01  1.15029839E+00  9.99983976E-01  1.15029839E+00
    72  2.16000000E+01  1.15109744E+00  9.99982764E-01  1.15109744E+00
    73  2.19000000E+01  1.15179629E+00  9.99981475E-01  1.15179629E+00
    74  2.22000000E+01  1.15239949E+00  9.99980108E-01  1.15239949E+00
    75  2.25000000E+01  1.15309383E+00  9.99978658E-01  1.15309383E+00
    76  2.28000000E+01  1.15372026E+00  9.99977122E-01  1.15372026E+00
    77  2.31000000E+01  1.15425793E+00  9.99975496E-01  1.15425793E+00
    78  2.34000000E+01  1.15486589E+00  9.99973777E-01  1.15486589E+00
    79  2.37000000E+01  1.15542022E+00  9.99971959E-01  1.15542022E+00
    80  2.40000000E+01  1.15589289E+00  9.99970041E-01  1.15589289E+00
    81  2.43000000E+01  1.15641837E+00  9.99968017E-01  1.15641837E+00
    82  2.46000000E+01  1.15691148E+00  9.99965885E-01  1.15691148E+00
    83  2.49000000E+01  1.15733123E+00  9.99963641E-01  1.15733123E+00
    84  2.52000000E+01  1.15778149E+00  9.99961280E-01  1.15778149E+00
    85  2.55000000E+01  1.15821414E+00  9.99958800E-01  1.15821414E+00
    86  2.58000000E+01  1.15858239E+00  9.99956197E-01  1.15858239E+00
    87  2.61000000E+01  1.15897507E+00  9.99953468E-01  1.15897507E+00
    88  2.64000000E+01  1.15935888E+00  9.99950610E-01  1.15935888E+00
    89  2.67000000E+01  1.15968636E+00  9.99947621E-01  1.15968636E+00
    90  2.70000000E+01  1.16000991E+00  9.99944498E-01  1.16000991E+00
    91  2.73000000E+01  1.16034660E+00  9.99941239E-01  1.16034660E+00
    92  2.76000000E+01  1.16063597E+00  9.99937842E-01  1.16063597E+00
    93  2.79000000E+01  1.16091790E+00  9.99934306E-01  1.16091790E+00
    94  2.82000000E+01  1.16121730E+00  9.99930631E-01  1.16121730E+00
    95  2.85000000E+01  1.16147610E+00  9.99926818E-01  1.16147610E+00
    96  2.88000000E+01  1.16170343E+00  9.99922865E-01  1.16170343E+00
    97  2.91000000E+01  1.16195961E+00  9.99918776E-01  1.16195961E+00
    98  2.94000000E+01  1.16219168E+00  9.99914552E-01  1.16219168E+00
    99  2.97000000E+01  1.16239834E+00  9.99910198E-01  1.16239834E+00
   100  3.00000000E+01  1.16261702E+00  9.99905717E-01  1.16261702E+00
   101  3.03000000E+01  1.16282621E+00  9.99901115E-01  1.16282621E+00
   102  3.06000000E+01  1.16301348E+00  9.99896401E-01  1.16301348E+00
   103  3.09000000E+01  1.16318284E+00  9.99891581E-01  1.16318284E+00
   104  3.12000000E+01  1.16336155E+00  9.99886667E-01  1.16336155E+00
   105  3.15000000E+01  1.16353427E+00  9.99881671E-01  1.16353427E+00
   106  3.18000000E+01  1.16369127E+00  9.99876607E-01  1.16369127E+00
   107  3.21000000E+01  1.16383505E+00  9.99871491E-01  1.16383505E+00
   108  3.24000000E+01  1.16399211E+00  9.99866343E-01  1.16399211E+00
   109  3.27000000E+01  1.16413466E+00  9.99861184E-01  1.16413466E+00
   110  3.30000000E+01  1.16426321E+00  9.99856039E-01  1.16426321E+00
   111  3.33000000E+01  1.16437817E+00  9.99850935E-01  1.16437817E+00
   112  3.36000000E+01  1.16451025E+00  9.99845903E-01  1.16451025E+00
   113  3.39000000E+01  1.16462837E+00  9.99840979E-01  1.16462837E+00
   114  3.42000000E+01  1.16473225E+00  9.99836202E-01  1.16473225E+00
   115  3.45000000E+01  1.16483368E+00  9.99831614E-01  1.16483368E+00
   116  3.48000000E+01  1.16493973E+00  9.99827264E-01  1.16493973E+00
   117  3.51000000E+01  1.16503228E+00  9.99823205E-01  1.16503228E+00
   118  3.54000000E+01  1.16511155E+00  9.99819497E-01  1.16511155E+00
   119  3.57000000E+01  1.16520320E+00  9.99816205E-01  1.16520320E+00
   120  3.60000000E+01  1.16528574E+00  9.99813400E-01  1.16528574E+00
   121  3.63000000E+01  1.16535534E+00  9.99811160E-01  1.16535534E+00
   122  3.66000000E+01  1.16542409E+00  9.99809573E-01  1.16542409E+00
   123  3.69000000E+01  1.16549693E+00  9.99808732E-01  1.16549693E+00
   124  3.72000000E+01  1.16555789E+00  9.99808741E-01  1.16555789E+00
   125  3.75000000E+01  1.16560907E+00  9.99809713E-01  1.16560907E+00
   126  3.78000000E+01  1.16567276E+00  9.99811771E-01  1.16567276E+00
   127  3.81000000E+01  1.16572533E+00  9.99815047E-01  1.16572533E+00
   128  3.84000000E+01  1.16576830E+00  9.99819687E-01  1.16576830E+00
   129  3.87000000E+01  1.16581715E+00  9.99825849E-01  1.16581715E+00
   130  3.90000000E+01  1.16586280E+00  9.99833703E-01  1.16586280E+00
   131  3.93000000E+01  1.16589998E+00  9.99843434E-01  1.16589998E+00
   132  3.96000000E+01  1.16593425E+00  9.99855241E-01  1.16593425E+00
   133  3.99000000E+01  1.16597304E+00  9.99869341E-01  1.16597304E+00
   134  4.02000000E+01  1.16600456E+00  9.99885967E-01  1.16600456E+00
   135  4.05000000E+01  1.16603042E+00  9.99905369E-01  1.16603042E+00
   136  4.08000000E+01  1.16606186E+00  9.99927820E-01  1.16606186E+00
   137  4.11000000E+01  1.16608901E+00  9.99953611E-01  1.16608901E+00
   138  4.14000000E+01  1.16611133E+00  9.99983056E-01  1.16611133E+00
   139  4.17000000E+01  1.16613019E+00  1.00001649E+00  1.16613019E+00
   140  4.20000000E+01  1.16615327E+00  1.00005428E+00  1.16615327E+00
   141  4.23000000E+01  1.16617252E+00  1.00009681E+00  1.16617252E+00
   142  4.26000000E+01  1.16618894E+00  1.00014450E+00  1.16618894E+00
   143  4.29000000E+01  1.16620427E+00  1.00019780E+00  1.16620427E+00
   144  4.32000000E+01  1.16622091E+00  1.00025717E+00  1.16622091E+00
   145  4.35000000E+01  1.16623515E+00  1.00032314E+00  1.16623515E+00
   146  4.38000000E+01  1.16624753E+00  1.00039623E+00  1.16624753E+00
   147  4.41000000E+01  1.16625832E+00  1.00047704E+00  1.16625832E+00
   148  4.44000000E+01  1.16626776E+00  1.00056618E+00  1.16626776E+00
   149  4.47000000E+01  1.16627892E+00  1.00066431E+00  1.16627892E+00
   150  4.50000000E+01  1.16628865E+00  1.00077212E+00  1.16628865E+00
   151  4.53000000E+01  1.16629697E+00  1.00089037E+00  1.16629697E+00
   152  4.56000000E+01  1.16630386E+00  1.00101984E+00  1.16630386E+00
   153  4.59000000E+01  1.16630975E+00  1.00116137E+00  1.16630975E+00
   154  4.62000000E+01  1.16631682E+00  1.00131585E+00  1.16631682E+00
   155  4.65000000E+01  1.16632259E+00  1.00148423E+00  1.16632259E+00
   156  4.68000000E+01  1.16632710E+00  1.00166749E+00  1.16632710E+00
   157  4.71000000E+01  1.16633043E+00  1.00186669E+00  1.16633043E+00
   158  4.74000000E+01  1.16633365E+00  1.00208295E+00  1.16633365E+00
   159  4.77000000E+01  1.16633727E+00  1.00231745E+00  1.16633727E+00
   160  4.80000000E+01  1.16633979E+00  1.00257141E+00  1.16633979E+00
   161  4.83000000E+01  1.16634138E+00  1.00284614E+00  1.16634138E+00
   162  4.86000000E+01  1.16634222E+00  1.00314302E+00  1.16634222E+00
   163  4.89000000E+01  1.16634293E+00  1.00346348E+00  1.16634293E+00
   164  4.92000000E+01  1.16634398E+00  1.00380902E+00  1.16634398E+00
   165  4.95000000E+01  1.16634439E+00  1.00418122E+00  1.16634439E+00
   166  4.98000000E+01  1.16634434E+00  1.00458174E+00  1.16634434E+00
   167  5.01000000E+01  1.16634396E+00  1.00501229E+00  1.16634396E+00
   168  5.04000000E+01  1.16634336E+00  1.00547468E+00  1.16634336E+00
   169  5.07000000E+01  1.16634262E+00  1.00597076E+00  1.16634262E+00
   170  5.10000000E+01  1.16634178E+00  1.00650247E+00  1.16634178E+00
   171  5.13000000E+01  1.16634088E+00  1.00707183E+00  1.16634088E+00
   172  5.16000000E+01  1.16633992E+00  1.00768090E+00  1.16633992E+00
   173  5.19000000E+01  1.16633892E+00  1.00833184E+00  1.16633892E+00
   174  5.22000000E+01  1.16633788E+00  1.00902685E+00  1.16633788E+00
   175  5.25000000E+01  1.16633682E+00  1.00976819E+00  1.16633682E+00
   176  5.28000000E+01  1.16633574E+00  1.01055818E+00  1.16633574E+00
   177  5.31000000E+01  1.16633467E+00  1.01139918E+00  1.16633467E+00
   178  5.34000000E+01  1.16633361E+00  1.01229359E+00  1.16633361E+00
   179  5.37000000E+01  1.16633258E+00  1.01324386E+00  1.16633258E+00
   180  5.40000000E+01  1.16633159E+00  1.01425243E+00  1.16633159E+00
   181  5.43000000E+01  1.16633064E+00  1.01532177E+00  1.16633064E+00
   182  5.46000000E+01  1.16632975E+00  1.01645433E+00  1.16632975E+00
   183  5.49000000E+01  1.16632890E+00  1.01765255E+00  1.16632890E+00
   184  5.52000000E+01  1.16632810E+00  1.01891883E+00  1.16632810E+00
   185  5.55000000E+01  1.16632735E+00  1.02025552E+00  1.16632735E+00
   186  5.58000000E+01  1.16632665E+00  1.02166489E+00  1.16632665E+00
   187  5.61000000E+01  1.16632599E+00  1.02314911E+00  1.16632599E+00
   188  5.64000000E+01  1.16632537E+00  1.02471025E+00  1.16632537E+00
   189  5.67000000E+01  1.16632479E+00  1.02635020E+00  1.16632479E+00
   190  5.70000000E+01  1.16632426E+00  1.02807072E+00  1.16632426E+00
   191  5.73000000E+01  1.16632376E+00  1.02987334E+00  1.16632376E+00
   192  5.76000000E+01  1.16632330E+00  1.03175939E+00  1.16632330E+00
   193  5.79000000E+01  1.16632287E+00  1.03372994E+00  1.16632287E+00
   194  5.82000000E+01  1.16632248E+00  1.03578576E+00  1.16632248E+00
   195  5.85000000E+01  1.16632211E+00  1.03792733E+00  1.16632211E+00
   196  5.88000000E+01  1.16632178E+00  1.04015477E+00  1.16632178E+00
   197  5.91000000E+01  1.16632147E+00  1.04246783E+00  1.16632147E+00
   198  5.94000000E+01  1.16632118E+00  1.04486585E+00  1.16632118E+00
   199  5.97000000E+01  1.16632092E+00  1.04734775E+00  1.16632092E+00
   200  6.00000000E+01  1.16632068E+00  1.04991195E+00  1.16632068E+00
   201  6.03000000E+01  1.16632046E+00  1.05255644E+00  1.16632046E+00
   202  6.06000000E+01  1.16632026E+00  1.05527864E+00  1.16632026E+00
   203  6.09000000E+01  1.16632008E+00  1.05807547E+00  1.16632008E+00
   204  6.12000000E+01  1.16631991E+00  1.06094332E+00  1.16631991E+00
   205  6.15000000E+01  1.16631975E+00  1.06387799E+00  1.16631975E+00
   206  6.18000000E+01  1.16631961E+00  1.06687476E+00  1.16631961E+00
   207  6.21000000E+01  1.16631948E+00  1.06992834E+00  1.16631948E+00
   208  6.24000000E+01  1.16631936E+00  1.07303289E+00  1.16631936E+00
   209  6.27000000E+01  1.16631925E+00  1.07618205E+00  1.16631925E+00
   210  6.30000000E+01  1.16631915E+00  1.07936898E+00  1.16631915E+00
   211  6.33000000E+01  1.16631906E+00  1.08258633E+00  1.16631906E+00
   212  6.36000000E+01  1.16631898E+00  1.08582636E+00  1.16631898E+00
   213  6.39000000E+01  1.16631891E+00  1.08908094E+00  1.16631891E+00
   214  6.42000000E+01  1.16631884E+00  1.09234159E+00  1.16631884E+00
   215  6.45000000E+01  1.16631878E+00  1.09559959E+00  1.16631878E+00
   216  6.48000000E+01  1.16631872E+00  1.09884603E+00  1.16631872E+00
   217  6.51000000E+01  1.16631867E+00  1.10207185E+00  1.16631867E+00
   218  6.54000000E+01  1.16631862E+00  1.10526798E+00  1.16631862E+00
   219  6.57000000E+01  1.16631858E+00  1.10842540E+00  1.16631858E+00
   220  6.60000000E+01  1.16631854E+00  1.11153520E+00  1.16631854E+00
   221  6.63000000E+01  1.16631851E+00  1.11458875E+00  1.16631851E+00
   222  6.66000000E+01  1.16631848E+00  1.11757772E+00  1.16631848E+00
   223  6.69000000E+01  1.16631845E+00  1.12049426E+00  1.16631845E+00
   224  6.72000000E+01  1.16631842E+00  1.12333102E+00  1.16631842E+00
   225  6.75000000E+01  1.16631840E+00  1.12608133E+00  1.16631840E+00
   226  6.78000000E+01  1.16631838E+00  1.12873921E+00  1.16631838E+00
   227  6.81000000E+01  1.16631836E+00  1.13129953E+00  1.16631836E+00
   228  6.84000000E+01  1.16631834E+00  1.13375807E+00  1.16631834E+00
   229  6.87000000E+01  1.16631832E+00  1.13611153E+00  1.16631832E+00
   230  6.90000000E+01  1.16631831E+00  1.13835765E+00  1.16631831E+00
   231  6.93000000E+01  1.16631829E+00  1.14049517E+00  1.16631829E+00
   232  6.96000000E+01  1.16631828E+00  1.14252385E+00  1.16631828E+00
   233  6.99000000E+01  1.16631827E+00  1.14444444E+00  1.16631827E+00
   234  7.02000000E+01  1.16631826E+00  1.14625859E+00  1.16631826E+00
   235  7.05000000E+01  1.16631825E+00  1.14796876E+00  1.16631825E+00
   236  7.08000000E+01  1.16631825E+00  1.14957809E+00  1.16631825E+00
   237  7.11000000E+01  1.16631824E+00  1.15109023E+00  1.16631824E+00
   238  7.14000000E+01  1.16631823E+00  1.15250916E+00  1.16631823E+00
   239  7.17000000E+01  1.16631822E+00  1.15383898E+00  1.16631822E+00
   240  7.20000000E+01  1.16631822E+00  1.15508369E+00  1.16631822E+00
   241  7.23000000E+01  1.16631821E+00  1.15624706E+00  1.16631821E+00
   242  7.26000000E+01  1.16631821E+00  1.15733238E+00  1.16631821E+00
   243  7.29000000E+01  1.16631821E+00  1.15834242E+00  1.16631821E+00
   244  7.32000000E+01  1.16631820E+00  1.15927931E+00  1.16631820E+00
   245  7.35000000E+01  1.16631820E+00  1.16014454E+00  1.16631820E+00
   246  7.38000000E+01  1.16631820E+00  1.16093909E+00  1.16631820E+00
   247  7.41000000E+01  1.16631819E+00  1.16166352E+00  1.16631819E+00
   248  7.44000000E+01  1.16631819E+00  1.16231820E+00  1.16631819E+00
   249  7.47000000E+01  1.16631819E+00  1.16290358E+00  1.16631819E+00
   250  7.50000000E+01  1.16631819E+00  1.16342042E+00  1.16631819E+00
   251  7.53000000E+01  1.16631818E+00  1.16387011E+00  1.16631818E+00
   252  7.56000000E+01  1.16631818E+00  1.16425490E+00  1.16631818E+00
   253  7.59000000E+01  1.16631818E+00  1.16457801E+00  1.16631818E+00
   254  7.62000000E+01  1.16631818E+00  1.16484378E+00  1.16631818E+00
   255  7.65000000E+01  1.16631818E+00  1.16505759E+00  1.16631818E+00
   256  7.68000000E+01  1.16631818E+00  1.16522574E+00  1.16631818E+00
   257  7.71000000E+01  1.16631818E+00  1.16535520E+00  1.16631818E+00
   258  7.74000000E+01  1.16631817E+00  1.16545329E+00  1.16631817E+00
   259  7.77000000E+01  1.16631817E+00  1.16552731E+00  1.16631817E+00
   260  7.80000000E+01  1.16631817E+00  1.16558413E+00  1.16631817E+00
   261  7.83000000E+01  1.16631817E+00  1.16562988E+00  1.16631817E+00
   262  7.86000000E+01  1.16631817E+00  1.16566961E+00  1.16631817E+00
   263  7.89000000E+01  1.16631817E+00  1.16570714E+00  1.16631817E+00
   264  7.92000000E+01  1.16631817E+00  1.16574497E+00  1.16631817E+00
   265  7.95000000E+01  1.16631817E+00  1.16578431E+00  1.16631817E+00
   266  7.98000000E+01  1.16631817E+00  1.16582526E+00  1.16631817E+00
   267  8.01000000E+01  1.16631817E+00  1.16586705E+00  1.16631817E+00
   268  8.04000000E+01  1.16631817E+00  1.16590833E+00  1.16631817E+00
   269  8.07000000E+01  1.16631817E+00  1.16594749E+00  1.16631817E+00
   270  8.10000000E+01  1.16631817E+00  1.16598295E+00  1.16631817E+00
   271  8.13000000E+01  1.16631817E+00  1.16601342E+00  1.16631817E+00
   272  8.16000000E+01  1.16631817E+00  1.16603805E+00  1.16631817E+00
   273  8.19000000E+01  1.16631817E+00  1.16605652E+00  1.16631817E+00
   274  8.22000000E+01  1.16631817E+00  1.16606906E+00  1.16631817E+00
   275  8.25000000E+01  1.16631817E+00  1.16607633E+00  1.16631817E+00
   276  8.28000000E+01  1.16631817E+00  1.16607934E+00  1.16631817E+00
   277  8.31000000E+01  1.16631817E+00  1.16607927E+00  1.16631817E+00
   278  8.34000000E+01  1.16631816E+00  1.16607729E+00  1.16631816E+00
   279  8.37000000E+01  1.16631816E+00  1.16607450E+00  1.16631816E+00
   280  8.40000000E+01  1.16631816E+00  1.16607173E+00  1.16631816E+00
   281  8.43000000E+01  1.16631816E+00  1.16606958E+00  1.16631816E+00
   282  8.46000000E+01  1.16631816E+00  1.16606831E+00  1.16631816E+00
   283  8.49000000E+01  1.16631816E+00  1.16606798E+00  1.16631816E+00
   284  8.52000000E+01  1.16631816E+00  1.16606843E+00  1.16631816E+00
 steady-height stop at step    284: changes <=   1.0000E-05, max-end <=   1.0000E-02, max/end/gap/profile_change =   1.16631816E+00  1.16606843E+00  2.49738429E-04  1.80875519E-06


STDERR:
