COMMAND:
/shared/extrudate_rom/generate_rom_data/extrudate_swell2d_c_cluster

STDOUT:
 comppar: model =   3
 comppar: lambda,mobility/eps,betav,eta_0 =  8.2000E+00  1.0000E-01  7.0000E-01  1.0000E+00
 comppar: eta_s,eta_p,G =  7.0000E-01  3.0000E-01  3.6585E-02
 comppar: U_avg,deltat,flowrate,nsteps =  1.0000E-01  3.0000E-01  3.1416E-01     700
 comppar: geometry = axisymmetric
 comppar: steady stop change,gap,hold,min =  1.0000E-05  1.0000E-02      10      80
 comppar: ncompc,ncompg =     4     5
 mesh nnodes = 5765
 mesh nelem = 2780
 P1 BC   5.0000000000000000     
 P2 BC   0.0000000000000000     
     1  3.00000000E-01  1.00379360E+00  1.00000000E+00  1.00379360E+00
     2  6.00000000E-01  1.00750420E+00  1.00000000E+00  1.00750420E+00
     3  9.00000000E-01  1.01113325E+00  1.00000000E+00  1.01113325E+00
     4  1.20000000E+00  1.01468164E+00  1.00000000E+00  1.01468164E+00
     5  1.50000000E+00  1.01815199E+00  1.00000000E+00  1.01815199E+00
     6  1.80000000E+00  1.02154155E+00  1.00000000E+00  1.02154155E+00
     7  2.10000000E+00  1.02486616E+00  1.00000000E+00  1.02486616E+00
     8  2.40000000E+00  1.02812571E+00  1.00000000E+00  1.02812571E+00
     9  2.70000000E+00  1.03131411E+00  1.00000000E+00  1.03131411E+00
    10  3.00000000E+00  1.03443129E+00  1.00000000E+00  1.03443129E+00
    11  3.30000000E+00  1.03751618E+00  1.00000000E+00  1.03751618E+00
    12  3.60000000E+00  1.04053246E+00  1.00000000E+00  1.04053246E+00
    13  3.90000000E+00  1.04349150E+00  1.00000000E+00  1.04349150E+00
    14  4.20000000E+00  1.04642966E+00  1.00000000E+00  1.04642966E+00
    15  4.50000000E+00  1.04927579E+00  9.99999997E-01  1.04927579E+00
    16  4.80000000E+00  1.05214397E+00  9.99999993E-01  1.05214397E+00
    17  5.10000000E+00  1.05492003E+00  9.99999988E-01  1.05492003E+00
    18  5.40000000E+00  1.05770899E+00  9.99999981E-01  1.05770899E+00
    19  5.70000000E+00  1.06038760E+00  9.99999973E-01  1.06038760E+00
    20  6.00000000E+00  1.06312418E+00  9.99999963E-01  1.06312418E+00
    21  6.30000000E+00  1.06575485E+00  9.99999952E-01  1.06575485E+00
    22  6.60000000E+00  1.06840689E+00  9.99999938E-01  1.06840689E+00
    23  6.90000000E+00  1.07099655E+00  9.99999922E-01  1.07099655E+00
    24  7.20000000E+00  1.07353808E+00  9.99999903E-01  1.07353808E+00
    25  7.50000000E+00  1.07611480E+00  9.99999881E-01  1.07611480E+00
    26  7.80000000E+00  1.07859126E+00  9.99999856E-01  1.07859126E+00
    27  8.10000000E+00  1.08110078E+00  9.99999828E-01  1.08110078E+00
    28  8.40000000E+00  1.08357220E+00  9.99999796E-01  1.08357220E+00
    29  8.70000000E+00  1.08594740E+00  9.99999760E-01  1.08594740E+00
    30  9.00000000E+00  1.08839309E+00  9.99999720E-01  1.08839309E+00
    31  9.30000000E+00  1.09079444E+00  9.99999674E-01  1.09079444E+00
    32  9.60000000E+00  1.09310528E+00  9.99999624E-01  1.09310528E+00
    33  9.90000000E+00  1.09545785E+00  9.99999567E-01  1.09545785E+00
    34  1.02000000E+01  1.09779648E+00  9.99999505E-01  1.09779648E+00
    35  1.05000000E+01  1.10005079E+00  9.99999437E-01  1.10005079E+00
    36  1.08000000E+01  1.10223261E+00  9.99999361E-01  1.10223261E+00
    37  1.11000000E+01  1.10453989E+00  9.99999278E-01  1.10453989E+00
    38  1.14000000E+01  1.10676905E+00  9.99999186E-01  1.10676905E+00
    39  1.17000000E+01  1.10892507E+00  9.99999087E-01  1.10892507E+00
    40  1.20000000E+01  1.11102413E+00  9.99998977E-01  1.11102413E+00
    41  1.23000000E+01  1.11322770E+00  9.99998859E-01  1.11322770E+00
    42  1.26000000E+01  1.11536457E+00  9.99998729E-01  1.11536457E+00
    43  1.29000000E+01  1.11744152E+00  9.99998588E-01  1.11744152E+00
    44  1.32000000E+01  1.11946602E+00  9.99998435E-01  1.11946602E+00
    45  1.35000000E+01  1.12151014E+00  9.99998270E-01  1.12151014E+00
    46  1.38000000E+01  1.12359282E+00  9.99998091E-01  1.12359282E+00
    47  1.41000000E+01  1.12562745E+00  9.99997897E-01  1.12562745E+00
    48  1.44000000E+01  1.12762086E+00  9.99997688E-01  1.12762086E+00
    49  1.47000000E+01  1.12957906E+00  9.99997462E-01  1.12957906E+00
    50  1.50000000E+01  1.13150665E+00  9.99997219E-01  1.13150665E+00
    51  1.53000000E+01  1.13345332E+00  9.99996958E-01  1.13345332E+00
    52  1.56000000E+01  1.13542138E+00  9.99996677E-01  1.13542138E+00
    53  1.59000000E+01  1.13735985E+00  9.99996375E-01  1.13735985E+00
    54  1.62000000E+01  1.13927019E+00  9.99996051E-01  1.13927019E+00
    55  1.65000000E+01  1.14115188E+00  9.99995704E-01  1.14115188E+00
    56  1.68000000E+01  1.14300275E+00  9.99995332E-01  1.14300275E+00
    57  1.71000000E+01  1.14481943E+00  9.99994934E-01  1.14481943E+00
    58  1.74000000E+01  1.14665556E+00  9.99994509E-01  1.14665556E+00
    59  1.77000000E+01  1.14850331E+00  9.99994054E-01  1.14850331E+00
    60  1.80000000E+01  1.15031357E+00  9.99993569E-01  1.15031357E+00
    61  1.83000000E+01  1.15208261E+00  9.99993052E-01  1.15208261E+00
    62  1.86000000E+01  1.15380692E+00  9.99992500E-01  1.15380692E+00
    63  1.89000000E+01  1.15548358E+00  9.99991912E-01  1.15548358E+00
    64  1.92000000E+01  1.15718608E+00  9.99991286E-01  1.15718608E+00
    65  1.95000000E+01  1.15889376E+00  9.99990621E-01  1.15889376E+00
    66  1.98000000E+01  1.16055115E+00  9.99989913E-01  1.16055115E+00
    67  2.01000000E+01  1.16215668E+00  9.99989162E-01  1.16215668E+00
    68  2.04000000E+01  1.16370949E+00  9.99988364E-01  1.16370949E+00
    69  2.07000000E+01  1.16523834E+00  9.99987518E-01  1.16523834E+00
    70  2.10000000E+01  1.16682037E+00  9.99986622E-01  1.16682037E+00
    71  2.13000000E+01  1.16834863E+00  9.99985672E-01  1.16834863E+00
    72  2.16000000E+01  1.16982289E+00  9.99984666E-01  1.16982289E+00
    73  2.19000000E+01  1.17124317E+00  9.99983602E-01  1.17124317E+00
    74  2.22000000E+01  1.17263162E+00  9.99982477E-01  1.17263162E+00
    75  2.25000000E+01  1.17407730E+00  9.99981289E-01  1.17407730E+00
    76  2.28000000E+01  1.17546851E+00  9.99980034E-01  1.17546851E+00
    77  2.31000000E+01  1.17680541E+00  9.99978711E-01  1.17680541E+00
    78  2.34000000E+01  1.17808807E+00  9.99977315E-01  1.17808807E+00
    79  2.37000000E+01  1.17933226E+00  9.99975845E-01  1.17933226E+00
    80  2.40000000E+01  1.18063866E+00  9.99974296E-01  1.18063866E+00
    81  2.43000000E+01  1.18189031E+00  9.99972667E-01  1.18189031E+00
    82  2.46000000E+01  1.18308737E+00  9.99970954E-01  1.18308737E+00
    83  2.49000000E+01  1.18423003E+00  9.99969155E-01  1.18423003E+00
    84  2.52000000E+01  1.18535746E+00  9.99967265E-01  1.18535746E+00
    85  2.55000000E+01  1.18652262E+00  9.99965282E-01  1.18652262E+00
    86  2.58000000E+01  1.18763331E+00  9.99963204E-01  1.18763331E+00
    87  2.61000000E+01  1.18868998E+00  9.99961026E-01  1.18868998E+00
    88  2.64000000E+01  1.18969332E+00  9.99958747E-01  1.18969332E+00
    89  2.67000000E+01  1.19073480E+00  9.99956363E-01  1.19073480E+00
    90  2.70000000E+01  1.19175963E+00  9.99953872E-01  1.19175963E+00
    91  2.73000000E+01  1.19273159E+00  9.99951271E-01  1.19273159E+00
    92  2.76000000E+01  1.19365178E+00  9.99948557E-01  1.19365178E+00
    93  2.79000000E+01  1.19455124E+00  9.99945728E-01  1.19455124E+00
    94  2.82000000E+01  1.19549177E+00  9.99942782E-01  1.19549177E+00
    95  2.85000000E+01  1.19638115E+00  9.99939717E-01  1.19638115E+00
    96  2.88000000E+01  1.19722089E+00  9.99936532E-01  1.19722089E+00
    97  2.91000000E+01  1.19801267E+00  9.99933225E-01  1.19801267E+00
    98  2.94000000E+01  1.19884516E+00  9.99929795E-01  1.19884516E+00
    99  2.97000000E+01  1.19965584E+00  9.99926241E-01  1.19965584E+00
   100  3.00000000E+01  1.20041948E+00  9.99922564E-01  1.20041948E+00
   101  3.03000000E+01  1.20113792E+00  9.99918763E-01  1.20113792E+00
   102  3.06000000E+01  1.20184661E+00  9.99914840E-01  1.20184661E+00
   103  3.09000000E+01  1.20258242E+00  9.99910796E-01  1.20258242E+00
   104  3.12000000E+01  1.20327412E+00  9.99906633E-01  1.20327412E+00
   105  3.15000000E+01  1.20392361E+00  9.99902354E-01  1.20392361E+00
   106  3.18000000E+01  1.20453281E+00  9.99897963E-01  1.20453281E+00
   107  3.21000000E+01  1.20518890E+00  9.99893465E-01  1.20518890E+00
   108  3.24000000E+01  1.20581365E+00  9.99888865E-01  1.20581365E+00
   109  3.27000000E+01  1.20639912E+00  9.99884170E-01  1.20639912E+00
   110  3.30000000E+01  1.20694716E+00  9.99879388E-01  1.20694716E+00
   111  3.33000000E+01  1.20750141E+00  9.99874529E-01  1.20750141E+00
   112  3.36000000E+01  1.20806388E+00  9.99869603E-01  1.20806388E+00
   113  3.39000000E+01  1.20859000E+00  9.99864622E-01  1.20859000E+00
   114  3.42000000E+01  1.20908152E+00  9.99859600E-01  1.20908152E+00
   115  3.45000000E+01  1.20955090E+00  9.99854554E-01  1.20955090E+00
   116  3.48000000E+01  1.21005578E+00  9.99849501E-01  1.21005578E+00
   117  3.51000000E+01  1.21052706E+00  9.99844462E-01  1.21052706E+00
   118  3.54000000E+01  1.21096641E+00  9.99839458E-01  1.21096641E+00
   119  3.57000000E+01  1.21137546E+00  9.99834515E-01  1.21137546E+00
   120  3.60000000E+01  1.21180925E+00  9.99829661E-01  1.21180925E+00
   121  3.63000000E+01  1.21223016E+00  9.99824927E-01  1.21223016E+00
   122  3.66000000E+01  1.21262170E+00  9.99820346E-01  1.21262170E+00
   123  3.69000000E+01  1.21298543E+00  9.99815956E-01  1.21298543E+00
   124  3.72000000E+01  1.21334843E+00  9.99811799E-01  1.21334843E+00
   125  3.75000000E+01  1.21372301E+00  9.99807919E-01  1.21372301E+00
   126  3.78000000E+01  1.21407068E+00  9.99804365E-01  1.21407068E+00
   127  3.81000000E+01  1.21439292E+00  9.99801192E-01  1.21439292E+00
   128  3.84000000E+01  1.21469115E+00  9.99798459E-01  1.21469115E+00
   129  3.87000000E+01  1.21502211E+00  9.99796230E-01  1.21502211E+00
   130  3.90000000E+01  1.21532986E+00  9.99794574E-01  1.21532986E+00
   131  3.93000000E+01  1.21561443E+00  9.99793568E-01  1.21561443E+00
   132  3.96000000E+01  1.21587716E+00  9.99793294E-01  1.21587716E+00
   133  3.99000000E+01  1.21615159E+00  9.99793841E-01  1.21615159E+00
   134  4.02000000E+01  1.21642295E+00  9.99795305E-01  1.21642295E+00
   135  4.05000000E+01  1.21667324E+00  9.99797792E-01  1.21667324E+00
   136  4.08000000E+01  1.21690374E+00  9.99801412E-01  1.21690374E+00
   137  4.11000000E+01  1.21712584E+00  9.99806289E-01  1.21712584E+00
   138  4.14000000E+01  1.21736430E+00  9.99812552E-01  1.21736430E+00
   139  4.17000000E+01  1.21758368E+00  9.99820342E-01  1.21758368E+00
   140  4.20000000E+01  1.21778517E+00  9.99829811E-01  1.21778517E+00
   141  4.23000000E+01  1.21796989E+00  9.99841121E-01  1.21796989E+00
   142  4.26000000E+01  1.21817235E+00  9.99854447E-01  1.21817235E+00
   143  4.29000000E+01  1.21836375E+00  9.99869976E-01  1.21836375E+00
   144  4.32000000E+01  1.21853900E+00  9.99887909E-01  1.21853900E+00
   145  4.35000000E+01  1.21869916E+00  9.99908460E-01  1.21869916E+00
   146  4.38000000E+01  1.21885952E+00  9.99931859E-01  1.21885952E+00
   147  4.41000000E+01  1.21902583E+00  9.99958352E-01  1.21902583E+00
   148  4.44000000E+01  1.21917762E+00  9.99988201E-01  1.21917762E+00
   149  4.47000000E+01  1.21931584E+00  1.00002169E+00  1.21931584E+00
   150  4.50000000E+01  1.21944186E+00  1.00005911E+00  1.21944186E+00
   151  4.53000000E+01  1.21958554E+00  1.00010079E+00  1.21958554E+00
   152  4.56000000E+01  1.21971619E+00  1.00014706E+00  1.21971619E+00
   153  4.59000000E+01  1.21983467E+00  1.00019828E+00  1.21983467E+00
   154  4.62000000E+01  1.21994183E+00  1.00025485E+00  1.21994183E+00
   155  4.65000000E+01  1.22005349E+00  1.00031717E+00  1.22005349E+00
   156  4.68000000E+01  1.22016532E+00  1.00038566E+00  1.22016532E+00
   157  4.71000000E+01  1.22026629E+00  1.00046080E+00  1.22026629E+00
   158  4.74000000E+01  1.22035714E+00  1.00054307E+00  1.22035714E+00
   159  4.77000000E+01  1.22044370E+00  1.00063299E+00  1.22044370E+00
   160  4.80000000E+01  1.22053865E+00  1.00073111E+00  1.22053865E+00
   161  4.83000000E+01  1.22062392E+00  1.00083800E+00  1.22062392E+00
   162  4.86000000E+01  1.22070019E+00  1.00095428E+00  1.22070019E+00
   163  4.89000000E+01  1.22076814E+00  1.00108059E+00  1.22076814E+00
   164  4.92000000E+01  1.22084300E+00  1.00121763E+00  1.22084300E+00
   165  4.95000000E+01  1.22091441E+00  1.00136611E+00  1.22091441E+00
   166  4.98000000E+01  1.22097785E+00  1.00152679E+00  1.22097785E+00
   167  5.01000000E+01  1.22103392E+00  1.00170047E+00  1.22103392E+00
   168  5.04000000E+01  1.22108871E+00  1.00188801E+00  1.22108871E+00
   169  5.07000000E+01  1.22114778E+00  1.00209028E+00  1.22114778E+00
   170  5.10000000E+01  1.22119981E+00  1.00230822E+00  1.22119981E+00
   171  5.13000000E+01  1.22124534E+00  1.00254280E+00  1.22124534E+00
   172  5.16000000E+01  1.22128488E+00  1.00279506E+00  1.22128488E+00
   173  5.19000000E+01  1.22133030E+00  1.00306606E+00  1.22133030E+00
   174  5.22000000E+01  1.22137236E+00  1.00335694E+00  1.22137236E+00
   175  5.25000000E+01  1.22140871E+00  1.00366887E+00  1.22140871E+00
   176  5.28000000E+01  1.22143982E+00  1.00400309E+00  1.22143982E+00
   177  5.31000000E+01  1.22147077E+00  1.00436087E+00  1.22147077E+00
   178  5.34000000E+01  1.22150403E+00  1.00474355E+00  1.22150403E+00
   179  5.37000000E+01  1.22153229E+00  1.00515253E+00  1.22153229E+00
   180  5.40000000E+01  1.22155599E+00  1.00558925E+00  1.22155599E+00
   181  5.43000000E+01  1.22157552E+00  1.00605522E+00  1.22157552E+00
   182  5.46000000E+01  1.22159951E+00  1.00655199E+00  1.22159951E+00
   183  5.49000000E+01  1.22162080E+00  1.00708118E+00  1.22162080E+00
   184  5.52000000E+01  1.22163813E+00  1.00764444E+00  1.22163813E+00
   185  5.55000000E+01  1.22165186E+00  1.00824350E+00  1.22165186E+00
   186  5.58000000E+01  1.22166480E+00  1.00888012E+00  1.22166480E+00
   187  5.61000000E+01  1.22167999E+00  1.00955612E+00  1.22167999E+00
   188  5.64000000E+01  1.22169177E+00  1.01027337E+00  1.22169177E+00
   189  5.67000000E+01  1.22170046E+00  1.01103376E+00  1.22170046E+00
   190  5.70000000E+01  1.22170635E+00  1.01183924E+00  1.22170635E+00
   191  5.73000000E+01  1.22171372E+00  1.01269177E+00  1.22171372E+00
   192  5.76000000E+01  1.22172079E+00  1.01359338E+00  1.22172079E+00
   193  5.79000000E+01  1.22172523E+00  1.01454607E+00  1.22172523E+00
   194  5.82000000E+01  1.22172729E+00  1.01555189E+00  1.22172729E+00
   195  5.85000000E+01  1.22172721E+00  1.01661289E+00  1.22172721E+00
   196  5.88000000E+01  1.22172983E+00  1.01773110E+00  1.22172983E+00
   197  5.91000000E+01  1.22173062E+00  1.01890856E+00  1.22173062E+00
   198  5.94000000E+01  1.22172942E+00  1.02014727E+00  1.22172942E+00
   199  5.97000000E+01  1.22172644E+00  1.02144920E+00  1.22172644E+00
   200  6.00000000E+01  1.22172217E+00  1.02281627E+00  1.22172217E+00
   201  6.03000000E+01  1.22171994E+00  1.02425034E+00  1.22171994E+00
   202  6.06000000E+01  1.22171605E+00  1.02575317E+00  1.22171605E+00
   203  6.09000000E+01  1.22171070E+00  1.02732646E+00  1.22171070E+00
   204  6.12000000E+01  1.22170407E+00  1.02897176E+00  1.22170407E+00
   205  6.15000000E+01  1.22169737E+00  1.03069053E+00  1.22169737E+00
   206  6.18000000E+01  1.22169125E+00  1.03248405E+00  1.22169125E+00
   207  6.21000000E+01  1.22168393E+00  1.03435345E+00  1.22168393E+00
   208  6.24000000E+01  1.22167559E+00  1.03629966E+00  1.22167559E+00
   209  6.27000000E+01  1.22166636E+00  1.03832341E+00  1.22166636E+00
   210  6.30000000E+01  1.22165656E+00  1.04042521E+00  1.22165656E+00
   211  6.33000000E+01  1.22164771E+00  1.04260531E+00  1.22164771E+00
   212  6.36000000E+01  1.22163805E+00  1.04486371E+00  1.22163805E+00
   213  6.39000000E+01  1.22162770E+00  1.04720009E+00  1.22162770E+00
   214  6.42000000E+01  1.22161680E+00  1.04961387E+00  1.22161680E+00
   215  6.45000000E+01  1.22160544E+00  1.05210412E+00  1.22160544E+00
   216  6.48000000E+01  1.22159372E+00  1.05466957E+00  1.22159372E+00
   217  6.51000000E+01  1.22158226E+00  1.05730862E+00  1.22158226E+00
   218  6.54000000E+01  1.22157067E+00  1.06001929E+00  1.22157067E+00
   219  6.57000000E+01  1.22155876E+00  1.06279924E+00  1.22155876E+00
   220  6.60000000E+01  1.22154664E+00  1.06564576E+00  1.22154664E+00
   221  6.63000000E+01  1.22153436E+00  1.06855574E+00  1.22153436E+00
   222  6.66000000E+01  1.22152201E+00  1.07152573E+00  1.22152201E+00
   223  6.69000000E+01  1.22150963E+00  1.07455189E+00  1.22150963E+00
   224  6.72000000E+01  1.22149730E+00  1.07763002E+00  1.22149730E+00
   225  6.75000000E+01  1.22148504E+00  1.08075560E+00  1.22148504E+00
   226  6.78000000E+01  1.22147292E+00  1.08392375E+00  1.22147292E+00
   227  6.81000000E+01  1.22146109E+00  1.08712933E+00  1.22146109E+00
   228  6.84000000E+01  1.22144994E+00  1.09036689E+00  1.22144994E+00
   229  6.87000000E+01  1.22143907E+00  1.09363076E+00  1.22143907E+00
   230  6.90000000E+01  1.22142850E+00  1.09691506E+00  1.22142850E+00
   231  6.93000000E+01  1.22141824E+00  1.10021373E+00  1.22141824E+00
   232  6.96000000E+01  1.22140830E+00  1.10352059E+00  1.22140830E+00
   233  6.99000000E+01  1.22139950E+00  1.10682940E+00  1.22139950E+00
   234  7.02000000E+01  1.22139106E+00  1.11013385E+00  1.22139106E+00
   235  7.05000000E+01  1.22138296E+00  1.11342766E+00  1.22138296E+00
   236  7.08000000E+01  1.22137520E+00  1.11670464E+00  1.22137520E+00
   237  7.11000000E+01  1.22136778E+00  1.11995869E+00  1.22136778E+00
   238  7.14000000E+01  1.22136109E+00  1.12318389E+00  1.22136109E+00
   239  7.17000000E+01  1.22135510E+00  1.12637457E+00  1.22135510E+00
   240  7.20000000E+01  1.22134942E+00  1.12952533E+00  1.22134942E+00
   241  7.23000000E+01  1.22134403E+00  1.13263111E+00  1.22134403E+00
   242  7.26000000E+01  1.22133892E+00  1.13568725E+00  1.22133892E+00
   243  7.29000000E+01  1.22133409E+00  1.13868954E+00  1.22133409E+00
   244  7.32000000E+01  1.22132953E+00  1.14163425E+00  1.22132953E+00
   245  7.35000000E+01  1.22132523E+00  1.14451822E+00  1.22132523E+00
   246  7.38000000E+01  1.22132118E+00  1.14733885E+00  1.22132118E+00
   247  7.41000000E+01  1.22131737E+00  1.15009417E+00  1.22131737E+00
   248  7.44000000E+01  1.22131402E+00  1.15278284E+00  1.22131402E+00
   249  7.47000000E+01  1.22131116E+00  1.15540418E+00  1.22131116E+00
   250  7.50000000E+01  1.22130849E+00  1.15795815E+00  1.22130849E+00
   251  7.53000000E+01  1.22130600E+00  1.16044534E+00  1.22130600E+00
   252  7.56000000E+01  1.22130369E+00  1.16286693E+00  1.22130369E+00
   253  7.59000000E+01  1.22130154E+00  1.16522460E+00  1.22130154E+00
   254  7.62000000E+01  1.22129954E+00  1.16752050E+00  1.22129954E+00
   255  7.65000000E+01  1.22129769E+00  1.16975711E+00  1.22129769E+00
   256  7.68000000E+01  1.22129598E+00  1.17193711E+00  1.22129598E+00
   257  7.71000000E+01  1.22129440E+00  1.17406329E+00  1.22129440E+00
   258  7.74000000E+01  1.22129294E+00  1.17613834E+00  1.22129294E+00
   259  7.77000000E+01  1.22129161E+00  1.17816475E+00  1.22129161E+00
   260  7.80000000E+01  1.22129038E+00  1.18014467E+00  1.22129038E+00
   261  7.83000000E+01  1.22128925E+00  1.18207974E+00  1.22128925E+00
   262  7.86000000E+01  1.22128822E+00  1.18397106E+00  1.22128822E+00
   263  7.89000000E+01  1.22128729E+00  1.18581907E+00  1.22128729E+00
   264  7.92000000E+01  1.22128643E+00  1.18762355E+00  1.22128643E+00
   265  7.95000000E+01  1.22128566E+00  1.18938364E+00  1.22128566E+00
   266  7.98000000E+01  1.22128496E+00  1.19109791E+00  1.22128496E+00
   267  8.01000000E+01  1.22128433E+00  1.19276442E+00  1.22128433E+00
   268  8.04000000E+01  1.22128377E+00  1.19438094E+00  1.22128377E+00
   269  8.07000000E+01  1.22128326E+00  1.19594504E+00  1.22128326E+00
   270  8.10000000E+01  1.22128282E+00  1.19745429E+00  1.22128282E+00
   271  8.13000000E+01  1.22128242E+00  1.19890644E+00  1.22128242E+00
   272  8.16000000E+01  1.22128207E+00  1.20029956E+00  1.22128207E+00
   273  8.19000000E+01  1.22128176E+00  1.20163217E+00  1.22128176E+00
   274  8.22000000E+01  1.22128150E+00  1.20290334E+00  1.22128150E+00
   275  8.25000000E+01  1.22128127E+00  1.20411275E+00  1.22128127E+00
   276  8.28000000E+01  1.22128108E+00  1.20526065E+00  1.22128108E+00
   277  8.31000000E+01  1.22128091E+00  1.20634790E+00  1.22128091E+00
   278  8.34000000E+01  1.22128078E+00  1.20737582E+00  1.22128078E+00
   279  8.37000000E+01  1.22128067E+00  1.20834617E+00  1.22128067E+00
   280  8.40000000E+01  1.22128059E+00  1.20926099E+00  1.22128059E+00
   281  8.43000000E+01  1.22128053E+00  1.21012253E+00  1.22128053E+00
   282  8.46000000E+01  1.22128048E+00  1.21093311E+00  1.22128048E+00
   283  8.49000000E+01  1.22128046E+00  1.21169506E+00  1.22128046E+00
   284  8.52000000E+01  1.22128045E+00  1.21241065E+00  1.22128045E+00
   285  8.55000000E+01  1.22128045E+00  1.21308205E+00  1.22128045E+00
   286  8.58000000E+01  1.22128047E+00  1.21371132E+00  1.22128047E+00
   287  8.61000000E+01  1.22128050E+00  1.21430037E+00  1.22128050E+00
   288  8.64000000E+01  1.22128053E+00  1.21485104E+00  1.22128053E+00
   289  8.67000000E+01  1.22128058E+00  1.21536507E+00  1.22128058E+00
   290  8.70000000E+01  1.22128063E+00  1.21584417E+00  1.22128063E+00
   291  8.73000000E+01  1.22128069E+00  1.21629000E+00  1.22128069E+00
   292  8.76000000E+01  1.22128076E+00  1.21670421E+00  1.22128076E+00
   293  8.79000000E+01  1.22128082E+00  1.21708848E+00  1.22128082E+00
   294  8.82000000E+01  1.22128090E+00  1.21744444E+00  1.22128090E+00
   295  8.85000000E+01  1.22128097E+00  1.21777376E+00  1.22128097E+00
   296  8.88000000E+01  1.22128105E+00  1.21807803E+00  1.22128105E+00
   297  8.91000000E+01  1.22128113E+00  1.21835883E+00  1.22128113E+00
   298  8.94000000E+01  1.22128121E+00  1.21861767E+00  1.22128121E+00
   299  8.97000000E+01  1.22128129E+00  1.21885598E+00  1.22128129E+00
   300  9.00000000E+01  1.22128137E+00  1.21907511E+00  1.22128137E+00
   301  9.03000000E+01  1.22128145E+00  1.21927631E+00  1.22128145E+00
   302  9.06000000E+01  1.22128153E+00  1.21946075E+00  1.22128153E+00
   303  9.09000000E+01  1.22128161E+00  1.21962950E+00  1.22128161E+00
   304  9.12000000E+01  1.22128169E+00  1.21978356E+00  1.22128169E+00
   305  9.15000000E+01  1.22128177E+00  1.21992387E+00  1.22128177E+00
   306  9.18000000E+01  1.22128185E+00  1.22005131E+00  1.22128185E+00
   307  9.21000000E+01  1.22128192E+00  1.22016671E+00  1.22128192E+00
   308  9.24000000E+01  1.22128199E+00  1.22027088E+00  1.22128199E+00
   309  9.27000000E+01  1.22128206E+00  1.22036456E+00  1.22128206E+00
   310  9.30000000E+01  1.22128213E+00  1.22044851E+00  1.22128213E+00
   311  9.33000000E+01  1.22128220E+00  1.22052341E+00  1.22128220E+00
   312  9.36000000E+01  1.22128226E+00  1.22058995E+00  1.22128226E+00
   313  9.39000000E+01  1.22128232E+00  1.22064876E+00  1.22128232E+00
   314  9.42000000E+01  1.22128238E+00  1.22070045E+00  1.22128238E+00
   315  9.45000000E+01  1.22128244E+00  1.22074560E+00  1.22128244E+00
   316  9.48000000E+01  1.22128250E+00  1.22078472E+00  1.22128250E+00
   317  9.51000000E+01  1.22128255E+00  1.22081833E+00  1.22128255E+00
   318  9.54000000E+01  1.22128260E+00  1.22084687E+00  1.22128260E+00
   319  9.57000000E+01  1.22128265E+00  1.22087079E+00  1.22128265E+00
   320  9.60000000E+01  1.22128269E+00  1.22089048E+00  1.22128269E+00
   321  9.63000000E+01  1.22128274E+00  1.22090631E+00  1.22128274E+00
   322  9.66000000E+01  1.22128278E+00  1.22091862E+00  1.22128278E+00
   323  9.69000000E+01  1.22128282E+00  1.22092773E+00  1.22128282E+00
   324  9.72000000E+01  1.22128286E+00  1.22093396E+00  1.22128286E+00
   325  9.75000000E+01  1.22128289E+00  1.22093757E+00  1.22128289E+00
   326  9.78000000E+01  1.22128293E+00  1.22093883E+00  1.22128293E+00
   327  9.81000000E+01  1.22128296E+00  1.22093800E+00  1.22128296E+00
   328  9.84000000E+01  1.22128299E+00  1.22093529E+00  1.22128299E+00
   329  9.87000000E+01  1.22128302E+00  1.22093093E+00  1.22128302E+00
   330  9.90000000E+01  1.22128304E+00  1.22092511E+00  1.22128304E+00
   331  9.93000000E+01  1.22128307E+00  1.22091801E+00  1.22128307E+00
   332  9.96000000E+01  1.22128309E+00  1.22090980E+00  1.22128309E+00
   333  9.99000000E+01  1.22128311E+00  1.22090064E+00  1.22128311E+00
   334  1.00200000E+02  1.22128313E+00  1.22089066E+00  1.22128313E+00
   335  1.00500000E+02  1.22128315E+00  1.22088000E+00  1.22128315E+00
   336  1.00800000E+02  1.22128317E+00  1.22086878E+00  1.22128317E+00
   337  1.01100000E+02  1.22128319E+00  1.22085710E+00  1.22128319E+00
   338  1.01400000E+02  1.22128320E+00  1.22084506E+00  1.22128320E+00
   339  1.01700000E+02  1.22128322E+00  1.22083275E+00  1.22128322E+00
   340  1.02000000E+02  1.22128323E+00  1.22082025E+00  1.22128323E+00
   341  1.02300000E+02  1.22128324E+00  1.22080764E+00  1.22128324E+00
   342  1.02600000E+02  1.22128326E+00  1.22079497E+00  1.22128326E+00
   343  1.02900000E+02  1.22128327E+00  1.22078232E+00  1.22128327E+00
   344  1.03200000E+02  1.22128328E+00  1.22076972E+00  1.22128328E+00
   345  1.03500000E+02  1.22128328E+00  1.22075724E+00  1.22128328E+00
   346  1.03800000E+02  1.22128329E+00  1.22074491E+00  1.22128329E+00
   347  1.04100000E+02  1.22128330E+00  1.22073277E+00  1.22128330E+00
   348  1.04400000E+02  1.22128331E+00  1.22072084E+00  1.22128331E+00
   349  1.04700000E+02  1.22128331E+00  1.22070917E+00  1.22128331E+00
   350  1.05000000E+02  1.22128332E+00  1.22069776E+00  1.22128332E+00
   351  1.05300000E+02  1.22128333E+00  1.22068664E+00  1.22128333E+00
   352  1.05600000E+02  1.22128333E+00  1.22067584E+00  1.22128333E+00
   353  1.05900000E+02  1.22128333E+00  1.22066535E+00  1.22128333E+00
   354  1.06200000E+02  1.22128334E+00  1.22065519E+00  1.22128334E+00
   355  1.06500000E+02  1.22128334E+00  1.22064537E+00  1.22128334E+00
   356  1.06800000E+02  1.22128334E+00  1.22063590E+00  1.22128334E+00
   357  1.07100000E+02  1.22128335E+00  1.22062677E+00  1.22128335E+00
   358  1.07400000E+02  1.22128335E+00  1.22061800E+00  1.22128335E+00
   359  1.07700000E+02  1.22128335E+00  1.22060957E+00  1.22128335E+00
   360  1.08000000E+02  1.22128335E+00  1.22060149E+00  1.22128335E+00
   361  1.08300000E+02  1.22128336E+00  1.22059376E+00  1.22128336E+00
   362  1.08600000E+02  1.22128336E+00  1.22058637E+00  1.22128336E+00
   363  1.08900000E+02  1.22128336E+00  1.22057932E+00  1.22128336E+00
   364  1.09200000E+02  1.22128336E+00  1.22057260E+00  1.22128336E+00
 steady-height stop at step    364: changes <=   1.0000E-05, max-end <=   1.0000E-02, max/end/gap/profile_change =   1.22128336E+00  1.22057260E+00  7.10756934E-04  6.72030048E-06


STDERR:
