COMMAND:
/shared/extrudate_rom/generate_rom_data/extrudate_swell2d_c_cluster

STDOUT:
 comppar: model =   3
 comppar: lambda,mobility/eps,betav,eta_0 =  8.2000E+00  2.3333E-01  3.0000E-01  1.0000E+00
 comppar: eta_s,eta_p,G =  3.0000E-01  7.0000E-01  8.5366E-02
 comppar: U_avg,deltat,flowrate,nsteps =  1.0000E-01  3.0000E-01  3.1416E-01     700
 comppar: geometry = axisymmetric
 comppar: steady stop change,gap,hold,min =  1.0000E-05  1.0000E-02      10      80
 comppar: ncompc,ncompg =     4     5
 mesh nnodes = 5765
 mesh nelem = 2780
 P1 BC   5.0000000000000000     
 P2 BC   0.0000000000000000     
     1  3.00000000E-01  1.00378779E+00  1.00000000E+00  1.00378779E+00
     2  6.00000000E-01  1.00748097E+00  1.00000000E+00  1.00748097E+00
     3  9.00000000E-01  1.01107306E+00  1.00000000E+00  1.01107306E+00
     4  1.20000000E+00  1.01457200E+00  1.00000000E+00  1.01457200E+00
     5  1.50000000E+00  1.01798258E+00  1.00000000E+00  1.01798258E+00
     6  1.80000000E+00  1.02131094E+00  1.00000000E+00  1.02131094E+00
     7  2.10000000E+00  1.02456878E+00  1.00000000E+00  1.02456878E+00
     8  2.40000000E+00  1.02775825E+00  1.00000000E+00  1.02775825E+00
     9  2.70000000E+00  1.03092299E+00  1.00000001E+00  1.03092299E+00
    10  3.00000000E+00  1.03404214E+00  1.00000001E+00  1.03404214E+00
    11  3.30000000E+00  1.03710875E+00  1.00000001E+00  1.03710875E+00
    12  3.60000000E+00  1.04019445E+00  1.00000001E+00  1.04019445E+00
    13  3.90000000E+00  1.04323359E+00  1.00000001E+00  1.04323359E+00
    14  4.20000000E+00  1.04628685E+00  1.00000000E+00  1.04628685E+00
    15  4.50000000E+00  1.04930889E+00  1.00000000E+00  1.04930889E+00
    16  4.80000000E+00  1.05236561E+00  1.00000000E+00  1.05236561E+00
    17  5.10000000E+00  1.05537331E+00  9.99999997E-01  1.05537331E+00
    18  5.40000000E+00  1.05844928E+00  9.99999993E-01  1.05844928E+00
    19  5.70000000E+00  1.06148244E+00  9.99999987E-01  1.06148244E+00
    20  6.00000000E+00  1.06448437E+00  9.99999981E-01  1.06448437E+00
    21  6.30000000E+00  1.06756012E+00  9.99999973E-01  1.06756012E+00
    22  6.60000000E+00  1.07059763E+00  9.99999963E-01  1.07059763E+00
    23  6.90000000E+00  1.07359701E+00  9.99999952E-01  1.07359701E+00
    24  7.20000000E+00  1.07664771E+00  9.99999939E-01  1.07664771E+00
    25  7.50000000E+00  1.07968499E+00  9.99999924E-01  1.07968499E+00
    26  7.80000000E+00  1.08268452E+00  9.99999907E-01  1.08268452E+00
    27  8.10000000E+00  1.08564674E+00  9.99999888E-01  1.08564674E+00
    28  8.40000000E+00  1.08867729E+00  9.99999866E-01  1.08867729E+00
    29  8.70000000E+00  1.09167477E+00  9.99999841E-01  1.09167477E+00
    30  9.00000000E+00  1.09463335E+00  9.99999813E-01  1.09463335E+00
    31  9.30000000E+00  1.09755432E+00  9.99999782E-01  1.09755432E+00
    32  9.60000000E+00  1.10046999E+00  9.99999748E-01  1.10046999E+00
    33  9.90000000E+00  1.10340564E+00  9.99999709E-01  1.10340564E+00
    34  1.02000000E+01  1.10630269E+00  9.99999667E-01  1.10630269E+00
    35  1.05000000E+01  1.10916399E+00  9.99999619E-01  1.10916399E+00
    36  1.08000000E+01  1.11199290E+00  9.99999567E-01  1.11199290E+00
    37  1.11000000E+01  1.11479262E+00  9.99999510E-01  1.11479262E+00
    38  1.14000000E+01  1.11756511E+00  9.99999447E-01  1.11756511E+00
    39  1.17000000E+01  1.12035127E+00  9.99999378E-01  1.12035127E+00
    40  1.20000000E+01  1.12312110E+00  9.99999302E-01  1.12312110E+00
    41  1.23000000E+01  1.12585905E+00  9.99999219E-01  1.12585905E+00
    42  1.26000000E+01  1.12855997E+00  9.99999128E-01  1.12855997E+00
    43  1.29000000E+01  1.13121340E+00  9.99999029E-01  1.13121340E+00
    44  1.32000000E+01  1.13380333E+00  9.99998921E-01  1.13380333E+00
    45  1.35000000E+01  1.13633625E+00  9.99998803E-01  1.13633625E+00
    46  1.38000000E+01  1.13890809E+00  9.99998675E-01  1.13890809E+00
    47  1.41000000E+01  1.14139181E+00  9.99998535E-01  1.14139181E+00
    48  1.44000000E+01  1.14376360E+00  9.99998384E-01  1.14376360E+00
    49  1.47000000E+01  1.14600037E+00  9.99998220E-01  1.14600037E+00
    50  1.50000000E+01  1.14833739E+00  9.99998042E-01  1.14833739E+00
    51  1.53000000E+01  1.15057057E+00  9.99997850E-01  1.15057057E+00
    52  1.56000000E+01  1.15265330E+00  9.99997642E-01  1.15265330E+00
    53  1.59000000E+01  1.15465940E+00  9.99997417E-01  1.15465940E+00
    54  1.62000000E+01  1.15674096E+00  9.99997174E-01  1.15674096E+00
    55  1.65000000E+01  1.15865907E+00  9.99996913E-01  1.15865907E+00
    56  1.68000000E+01  1.16040911E+00  9.99996630E-01  1.16040911E+00
    57  1.71000000E+01  1.16223834E+00  9.99996326E-01  1.16223834E+00
    58  1.74000000E+01  1.16402665E+00  9.99995999E-01  1.16402665E+00
    59  1.77000000E+01  1.16565063E+00  9.99995648E-01  1.16565063E+00
    60  1.80000000E+01  1.16717270E+00  9.99995270E-01  1.16717270E+00
    61  1.83000000E+01  1.16882629E+00  9.99994865E-01  1.16882629E+00
    62  1.86000000E+01  1.17031929E+00  9.99994430E-01  1.17031929E+00
    63  1.89000000E+01  1.17166408E+00  9.99993963E-01  1.17166408E+00
    64  1.92000000E+01  1.17303644E+00  9.99993464E-01  1.17303644E+00
    65  1.95000000E+01  1.17441920E+00  9.99992930E-01  1.17441920E+00
    66  1.98000000E+01  1.17566304E+00  9.99992358E-01  1.17566304E+00
    67  2.01000000E+01  1.17678319E+00  9.99991747E-01  1.17678319E+00
    68  2.04000000E+01  1.17801052E+00  9.99991094E-01  1.17801052E+00
    69  2.07000000E+01  1.17915220E+00  9.99990398E-01  1.17915220E+00
    70  2.10000000E+01  1.18018167E+00  9.99989656E-01  1.18018167E+00
    71  2.13000000E+01  1.18116520E+00  9.99988864E-01  1.18116520E+00
    72  2.16000000E+01  1.18222111E+00  9.99988022E-01  1.18222111E+00
    73  2.19000000E+01  1.18317198E+00  9.99987125E-01  1.18317198E+00
    74  2.22000000E+01  1.18402936E+00  9.99986171E-01  1.18402936E+00
    75  2.25000000E+01  1.18487780E+00  9.99985158E-01  1.18487780E+00
    76  2.28000000E+01  1.18575465E+00  9.99984082E-01  1.18575465E+00
    77  2.31000000E+01  1.18654573E+00  9.99982941E-01  1.18654573E+00
    78  2.34000000E+01  1.18725743E+00  9.99981730E-01  1.18725743E+00
    79  2.37000000E+01  1.18798154E+00  9.99980448E-01  1.18798154E+00
    80  2.40000000E+01  1.18870879E+00  9.99979090E-01  1.18870879E+00
    81  2.43000000E+01  1.18936010E+00  9.99977653E-01  1.18936010E+00
    82  2.46000000E+01  1.18993944E+00  9.99976135E-01  1.18993944E+00
    83  2.49000000E+01  1.19053821E+00  9.99974530E-01  1.19053821E+00
    84  2.52000000E+01  1.19113704E+00  9.99972836E-01  1.19113704E+00
    85  2.55000000E+01  1.19166668E+00  9.99971049E-01  1.19166668E+00
    86  2.58000000E+01  1.19213013E+00  9.99969166E-01  1.19213013E+00
    87  2.61000000E+01  1.19267058E+00  9.99967182E-01  1.19267058E+00
    88  2.64000000E+01  1.19315060E+00  9.99965095E-01  1.19315060E+00
    89  2.67000000E+01  1.19356839E+00  9.99962900E-01  1.19356839E+00
    90  2.70000000E+01  1.19397039E+00  9.99960594E-01  1.19397039E+00
    91  2.73000000E+01  1.19440666E+00  9.99958174E-01  1.19440666E+00
    92  2.76000000E+01  1.19478332E+00  9.99955635E-01  1.19478332E+00
    93  2.79000000E+01  1.19510499E+00  9.99952975E-01  1.19510499E+00
    94  2.82000000E+01  1.19545571E+00  9.99950191E-01  1.19545571E+00
    95  2.85000000E+01  1.19579386E+00  9.99947279E-01  1.19579386E+00
    96  2.88000000E+01  1.19608127E+00  9.99944236E-01  1.19608127E+00
    97  2.91000000E+01  1.19632335E+00  9.99941060E-01  1.19632335E+00
    98  2.94000000E+01  1.19661686E+00  9.99937748E-01  1.19661686E+00
    99  2.97000000E+01  1.19687235E+00  9.99934298E-01  1.19687235E+00
   100  3.00000000E+01  1.19708630E+00  9.99930709E-01  1.19708630E+00
   101  3.03000000E+01  1.19728324E+00  9.99926980E-01  1.19728324E+00
   102  3.06000000E+01  1.19751070E+00  9.99923108E-01  1.19751070E+00
   103  3.09000000E+01  1.19770038E+00  9.99919095E-01  1.19770038E+00
   104  3.12000000E+01  1.19785773E+00  9.99914940E-01  1.19785773E+00
   105  3.15000000E+01  1.19801049E+00  9.99910644E-01  1.19801049E+00
   106  3.18000000E+01  1.19817744E+00  9.99906210E-01  1.19817744E+00
   107  3.21000000E+01  1.19831560E+00  9.99901639E-01  1.19831560E+00
   108  3.24000000E+01  1.19842969E+00  9.99896936E-01  1.19842969E+00
   109  3.27000000E+01  1.19855499E+00  9.99892104E-01  1.19855499E+00
   110  3.30000000E+01  1.19867624E+00  9.99887150E-01  1.19867624E+00
   111  3.33000000E+01  1.19877577E+00  9.99882079E-01  1.19877577E+00
   112  3.36000000E+01  1.19885714E+00  9.99876902E-01  1.19885714E+00
   113  3.39000000E+01  1.19894020E+00  9.99871627E-01  1.19894020E+00
   114  3.42000000E+01  1.19902727E+00  9.99866266E-01  1.19902727E+00
   115  3.45000000E+01  1.19909830E+00  9.99860832E-01  1.19909830E+00
   116  3.48000000E+01  1.19915565E+00  9.99855341E-01  1.19915565E+00
   117  3.51000000E+01  1.19920717E+00  9.99849810E-01  1.19920717E+00
   118  3.54000000E+01  1.19926793E+00  9.99844260E-01  1.19926793E+00
   119  3.57000000E+01  1.19931634E+00  9.99838712E-01  1.19931634E+00
   120  3.60000000E+01  1.19935402E+00  9.99833193E-01  1.19935402E+00
   121  3.63000000E+01  1.19938225E+00  9.99827730E-01  1.19938225E+00
   122  3.66000000E+01  1.19940742E+00  9.99822355E-01  1.19940742E+00
   123  3.69000000E+01  1.19943912E+00  9.99817105E-01  1.19943912E+00
   124  3.72000000E+01  1.19946210E+00  9.99812017E-01  1.19946210E+00
   125  3.75000000E+01  1.19947736E+00  9.99807135E-01  1.19947736E+00
   126  3.78000000E+01  1.19948584E+00  9.99802507E-01  1.19948584E+00
   127  3.81000000E+01  1.19949201E+00  9.99798186E-01  1.19949201E+00
   128  3.84000000E+01  1.19950262E+00  9.99794230E-01  1.19950262E+00
   129  3.87000000E+01  1.19950719E+00  9.99790702E-01  1.19950719E+00
   130  3.90000000E+01  1.19950661E+00  9.99787673E-01  1.19950661E+00
   131  3.93000000E+01  1.19950171E+00  9.99785218E-01  1.19950171E+00
   132  3.96000000E+01  1.19949332E+00  9.99783420E-01  1.19949332E+00
   133  3.99000000E+01  1.19948294E+00  9.99782371E-01  1.19948294E+00
   134  4.02000000E+01  1.19947578E+00  9.99782168E-01  1.19947578E+00
   135  4.05000000E+01  1.19946561E+00  9.99782919E-01  1.19946561E+00
   136  4.08000000E+01  1.19945312E+00  9.99784739E-01  1.19945312E+00
   137  4.11000000E+01  1.19943893E+00  9.99787755E-01  1.19943893E+00
   138  4.14000000E+01  1.19942353E+00  9.99792103E-01  1.19942353E+00
   139  4.17000000E+01  1.19940731E+00  9.99797929E-01  1.19940731E+00
   140  4.20000000E+01  1.19939060E+00  9.99805393E-01  1.19939060E+00
   141  4.23000000E+01  1.19937365E+00  9.99814667E-01  1.19937365E+00
   142  4.26000000E+01  1.19935666E+00  9.99825936E-01  1.19935666E+00
   143  4.29000000E+01  1.19933982E+00  9.99839399E-01  1.19933982E+00
   144  4.32000000E+01  1.19932327E+00  9.99855272E-01  1.19932327E+00
   145  4.35000000E+01  1.19930714E+00  9.99873786E-01  1.19930714E+00
   146  4.38000000E+01  1.19929156E+00  9.99895190E-01  1.19929156E+00
   147  4.41000000E+01  1.19927663E+00  9.99919749E-01  1.19927663E+00
   148  4.44000000E+01  1.19926242E+00  9.99947751E-01  1.19926242E+00
   149  4.47000000E+01  1.19924900E+00  9.99979502E-01  1.19924900E+00
   150  4.50000000E+01  1.19923642E+00  1.00001533E+00  1.19923642E+00
   151  4.53000000E+01  1.19922472E+00  1.00005559E+00  1.19922472E+00
   152  4.56000000E+01  1.19921391E+00  1.00010065E+00  1.19921391E+00
   153  4.59000000E+01  1.19920399E+00  1.00015091E+00  1.19920399E+00
   154  4.62000000E+01  1.19919601E+00  1.00020681E+00  1.19919601E+00
   155  4.65000000E+01  1.19918982E+00  1.00026879E+00  1.19918982E+00
   156  4.68000000E+01  1.19918443E+00  1.00033735E+00  1.19918443E+00
   157  4.71000000E+01  1.19917982E+00  1.00041300E+00  1.19917982E+00
   158  4.74000000E+01  1.19917596E+00  1.00049629E+00  1.19917596E+00
   159  4.77000000E+01  1.19917280E+00  1.00058781E+00  1.19917280E+00
   160  4.80000000E+01  1.19917030E+00  1.00068817E+00  1.19917030E+00
   161  4.83000000E+01  1.19916844E+00  1.00079804E+00  1.19916844E+00
   162  4.86000000E+01  1.19916716E+00  1.00091811E+00  1.19916716E+00
   163  4.89000000E+01  1.19916644E+00  1.00104913E+00  1.19916644E+00
   164  4.92000000E+01  1.19916623E+00  1.00119187E+00  1.19916623E+00
   165  4.95000000E+01  1.19916648E+00  1.00134718E+00  1.19916648E+00
   166  4.98000000E+01  1.19916717E+00  1.00151593E+00  1.19916717E+00
   167  5.01000000E+01  1.19916826E+00  1.00169905E+00  1.19916826E+00
   168  5.04000000E+01  1.19916970E+00  1.00189750E+00  1.19916970E+00
   169  5.07000000E+01  1.19917147E+00  1.00211234E+00  1.19917147E+00
   170  5.10000000E+01  1.19917353E+00  1.00234464E+00  1.19917353E+00
   171  5.13000000E+01  1.19917584E+00  1.00259554E+00  1.19917584E+00
   172  5.16000000E+01  1.19917838E+00  1.00286625E+00  1.19917838E+00
   173  5.19000000E+01  1.19918112E+00  1.00315803E+00  1.19918112E+00
   174  5.22000000E+01  1.19918402E+00  1.00347220E+00  1.19918402E+00
   175  5.25000000E+01  1.19918707E+00  1.00381015E+00  1.19918707E+00
   176  5.28000000E+01  1.19919024E+00  1.00417333E+00  1.19919024E+00
   177  5.31000000E+01  1.19919351E+00  1.00456326E+00  1.19919351E+00
   178  5.34000000E+01  1.19919685E+00  1.00498152E+00  1.19919685E+00
   179  5.37000000E+01  1.19920025E+00  1.00542976E+00  1.19920025E+00
   180  5.40000000E+01  1.19920369E+00  1.00590969E+00  1.19920369E+00
   181  5.43000000E+01  1.19920715E+00  1.00642311E+00  1.19920715E+00
   182  5.46000000E+01  1.19921061E+00  1.00697185E+00  1.19921061E+00
   183  5.49000000E+01  1.19921407E+00  1.00755784E+00  1.19921407E+00
   184  5.52000000E+01  1.19921751E+00  1.00818306E+00  1.19921751E+00
   185  5.55000000E+01  1.19922092E+00  1.00884954E+00  1.19922092E+00
   186  5.58000000E+01  1.19922428E+00  1.00955939E+00  1.19922428E+00
   187  5.61000000E+01  1.19922760E+00  1.01031476E+00  1.19922760E+00
   188  5.64000000E+01  1.19923086E+00  1.01111787E+00  1.19923086E+00
   189  5.67000000E+01  1.19923406E+00  1.01197096E+00  1.19923406E+00
   190  5.70000000E+01  1.19923719E+00  1.01287632E+00  1.19923719E+00
   191  5.73000000E+01  1.19924024E+00  1.01383628E+00  1.19924024E+00
   192  5.76000000E+01  1.19924322E+00  1.01485319E+00  1.19924322E+00
   193  5.79000000E+01  1.19924611E+00  1.01592939E+00  1.19924611E+00
   194  5.82000000E+01  1.19924892E+00  1.01706724E+00  1.19924892E+00
   195  5.85000000E+01  1.19925165E+00  1.01826910E+00  1.19925165E+00
   196  5.88000000E+01  1.19925428E+00  1.01953727E+00  1.19925428E+00
   197  5.91000000E+01  1.19925683E+00  1.02087403E+00  1.19925683E+00
   198  5.94000000E+01  1.19925929E+00  1.02228161E+00  1.19925929E+00
   199  5.97000000E+01  1.19926165E+00  1.02376213E+00  1.19926165E+00
   200  6.00000000E+01  1.19926393E+00  1.02531766E+00  1.19926393E+00
   201  6.03000000E+01  1.19926612E+00  1.02695011E+00  1.19926612E+00
   202  6.06000000E+01  1.19926823E+00  1.02866128E+00  1.19926823E+00
   203  6.09000000E+01  1.19927024E+00  1.03045281E+00  1.19927024E+00
   204  6.12000000E+01  1.19927218E+00  1.03232613E+00  1.19927218E+00
   205  6.15000000E+01  1.19927403E+00  1.03428249E+00  1.19927403E+00
   206  6.18000000E+01  1.19927579E+00  1.03632289E+00  1.19927579E+00
   207  6.21000000E+01  1.19927748E+00  1.03844806E+00  1.19927748E+00
   208  6.24000000E+01  1.19927910E+00  1.04065846E+00  1.19927910E+00
   209  6.27000000E+01  1.19928063E+00  1.04295422E+00  1.19928063E+00
   210  6.30000000E+01  1.19928210E+00  1.04533513E+00  1.19928210E+00
   211  6.33000000E+01  1.19928349E+00  1.04780061E+00  1.19928349E+00
   212  6.36000000E+01  1.19928482E+00  1.05034970E+00  1.19928482E+00
   213  6.39000000E+01  1.19928608E+00  1.05298102E+00  1.19928608E+00
   214  6.42000000E+01  1.19928728E+00  1.05569277E+00  1.19928728E+00
   215  6.45000000E+01  1.19928842E+00  1.05848271E+00  1.19928842E+00
   216  6.48000000E+01  1.19928951E+00  1.06134815E+00  1.19928951E+00
   217  6.51000000E+01  1.19929053E+00  1.06428597E+00  1.19929053E+00
   218  6.54000000E+01  1.19929150E+00  1.06729259E+00  1.19929150E+00
   219  6.57000000E+01  1.19929243E+00  1.07036400E+00  1.19929243E+00
   220  6.60000000E+01  1.19929330E+00  1.07349579E+00  1.19929330E+00
   221  6.63000000E+01  1.19929413E+00  1.07668314E+00  1.19929413E+00
   222  6.66000000E+01  1.19929491E+00  1.07992087E+00  1.19929491E+00
   223  6.69000000E+01  1.19929565E+00  1.08320347E+00  1.19929565E+00
   224  6.72000000E+01  1.19929635E+00  1.08652514E+00  1.19929635E+00
   225  6.75000000E+01  1.19929702E+00  1.08987985E+00  1.19929702E+00
   226  6.78000000E+01  1.19929764E+00  1.09326137E+00  1.19929764E+00
   227  6.81000000E+01  1.19929824E+00  1.09666330E+00  1.19929824E+00
   228  6.84000000E+01  1.19929880E+00  1.10007920E+00  1.19929880E+00
   229  6.87000000E+01  1.19929933E+00  1.10350257E+00  1.19929933E+00
   230  6.90000000E+01  1.19929983E+00  1.10692695E+00  1.19929983E+00
   231  6.93000000E+01  1.19930030E+00  1.11034596E+00  1.19930030E+00
   232  6.96000000E+01  1.19930075E+00  1.11375339E+00  1.19930075E+00
   233  6.99000000E+01  1.19930117E+00  1.11714320E+00  1.19930117E+00
   234  7.02000000E+01  1.19930157E+00  1.12050963E+00  1.19930157E+00
   235  7.05000000E+01  1.19930195E+00  1.12384721E+00  1.19930195E+00
   236  7.08000000E+01  1.19930230E+00  1.12715083E+00  1.19930230E+00
   237  7.11000000E+01  1.19930264E+00  1.13041575E+00  1.19930264E+00
   238  7.14000000E+01  1.19930296E+00  1.13363767E+00  1.19930296E+00
   239  7.17000000E+01  1.19930326E+00  1.13681271E+00  1.19930326E+00
   240  7.20000000E+01  1.19930354E+00  1.13993746E+00  1.19930354E+00
   241  7.23000000E+01  1.19930381E+00  1.14300893E+00  1.19930381E+00
   242  7.26000000E+01  1.19930407E+00  1.14602454E+00  1.19930407E+00
   243  7.29000000E+01  1.19930431E+00  1.14898209E+00  1.19930431E+00
   244  7.32000000E+01  1.19930454E+00  1.15187966E+00  1.19930454E+00
   245  7.35000000E+01  1.19930476E+00  1.15471554E+00  1.19930476E+00
   246  7.38000000E+01  1.19930496E+00  1.15748807E+00  1.19930496E+00
   247  7.41000000E+01  1.19930516E+00  1.16019554E+00  1.19930516E+00
   248  7.44000000E+01  1.19930534E+00  1.16283596E+00  1.19930534E+00
   249  7.47000000E+01  1.19930552E+00  1.16540695E+00  1.19930552E+00
   250  7.50000000E+01  1.19930568E+00  1.16790554E+00  1.19930568E+00
   251  7.53000000E+01  1.19930584E+00  1.17032803E+00  1.19930584E+00
   252  7.56000000E+01  1.19930599E+00  1.17266989E+00  1.19930599E+00
   253  7.59000000E+01  1.19930614E+00  1.17492571E+00  1.19930614E+00
   254  7.62000000E+01  1.19930627E+00  1.17708927E+00  1.19930627E+00
   255  7.65000000E+01  1.19930640E+00  1.17915364E+00  1.19930640E+00
   256  7.68000000E+01  1.19930652E+00  1.18111143E+00  1.19930652E+00
   257  7.71000000E+01  1.19930664E+00  1.18295515E+00  1.19930664E+00
   258  7.74000000E+01  1.19930675E+00  1.18467758E+00  1.19930675E+00
   259  7.77000000E+01  1.19930686E+00  1.18627227E+00  1.19930686E+00
   260  7.80000000E+01  1.19930696E+00  1.18773403E+00  1.19930696E+00
   261  7.83000000E+01  1.19930706E+00  1.18905944E+00  1.19930706E+00
   262  7.86000000E+01  1.19930715E+00  1.19024719E+00  1.19930715E+00
   263  7.89000000E+01  1.19930724E+00  1.19129844E+00  1.19930724E+00
   264  7.92000000E+01  1.19930733E+00  1.19221694E+00  1.19930733E+00
   265  7.95000000E+01  1.19930741E+00  1.19300901E+00  1.19930741E+00
   266  7.98000000E+01  1.19930749E+00  1.19368331E+00  1.19930749E+00
   267  8.01000000E+01  1.19930756E+00  1.19425046E+00  1.19930756E+00
   268  8.04000000E+01  1.19930763E+00  1.19472251E+00  1.19930763E+00
   269  8.07000000E+01  1.19930770E+00  1.19511233E+00  1.19930770E+00
   270  8.10000000E+01  1.19930777E+00  1.19543291E+00  1.19930777E+00
   271  8.13000000E+01  1.19930783E+00  1.19569672E+00  1.19930783E+00
   272  8.16000000E+01  1.19930789E+00  1.19591515E+00  1.19930789E+00
   273  8.19000000E+01  1.19930795E+00  1.19609804E+00  1.19930795E+00
   274  8.22000000E+01  1.19930800E+00  1.19625342E+00  1.19930800E+00
   275  8.25000000E+01  1.19930806E+00  1.19638744E+00  1.19930806E+00
   276  8.28000000E+01  1.19930811E+00  1.19650437E+00  1.19930811E+00
   277  8.31000000E+01  1.19930816E+00  1.19660690E+00  1.19930816E+00
   278  8.34000000E+01  1.19930820E+00  1.19669640E+00  1.19930820E+00
   279  8.37000000E+01  1.19930825E+00  1.19677340E+00  1.19930825E+00
   280  8.40000000E+01  1.19930829E+00  1.19683790E+00  1.19930829E+00
   281  8.43000000E+01  1.19930833E+00  1.19688978E+00  1.19930833E+00
   282  8.46000000E+01  1.19930837E+00  1.19692911E+00  1.19930837E+00
   283  8.49000000E+01  1.19930841E+00  1.19695629E+00  1.19930841E+00
   284  8.52000000E+01  1.19930845E+00  1.19697216E+00  1.19930845E+00
   285  8.55000000E+01  1.19930849E+00  1.19697800E+00  1.19930849E+00
   286  8.58000000E+01  1.19930852E+00  1.19697541E+00  1.19930852E+00
   287  8.61000000E+01  1.19930855E+00  1.19696620E+00  1.19930855E+00
   288  8.64000000E+01  1.19930859E+00  1.19695220E+00  1.19930859E+00
   289  8.67000000E+01  1.19930862E+00  1.19693511E+00  1.19930862E+00
   290  8.70000000E+01  1.19930865E+00  1.19691637E+00  1.19930865E+00
   291  8.73000000E+01  1.19930868E+00  1.19689711E+00  1.19930868E+00
   292  8.76000000E+01  1.19930870E+00  1.19687808E+00  1.19930870E+00
   293  8.79000000E+01  1.19930873E+00  1.19685968E+00  1.19930873E+00
   294  8.82000000E+01  1.19930876E+00  1.19684204E+00  1.19930876E+00
   295  8.85000000E+01  1.19930878E+00  1.19682508E+00  1.19930878E+00
   296  8.88000000E+01  1.19930880E+00  1.19680859E+00  1.19930880E+00
   297  8.91000000E+01  1.19930883E+00  1.19679236E+00  1.19930883E+00
   298  8.94000000E+01  1.19930885E+00  1.19677619E+00  1.19930885E+00
   299  8.97000000E+01  1.19930887E+00  1.19675998E+00  1.19930887E+00
   300  9.00000000E+01  1.19930889E+00  1.19674373E+00  1.19930889E+00
   301  9.03000000E+01  1.19930891E+00  1.19672752E+00  1.19930891E+00
   302  9.06000000E+01  1.19930893E+00  1.19671152E+00  1.19930893E+00
   303  9.09000000E+01  1.19930894E+00  1.19669596E+00  1.19930894E+00
   304  9.12000000E+01  1.19930896E+00  1.19668105E+00  1.19930896E+00
   305  9.15000000E+01  1.19930898E+00  1.19666701E+00  1.19930898E+00
   306  9.18000000E+01  1.19930899E+00  1.19665400E+00  1.19930899E+00
   307  9.21000000E+01  1.19930901E+00  1.19664211E+00  1.19930901E+00
   308  9.24000000E+01  1.19930902E+00  1.19663140E+00  1.19930902E+00
   309  9.27000000E+01  1.19930904E+00  1.19662186E+00  1.19930904E+00
   310  9.30000000E+01  1.19930905E+00  1.19661343E+00  1.19930905E+00
   311  9.33000000E+01  1.19930907E+00  1.19660604E+00  1.19930907E+00
   312  9.36000000E+01  1.19930908E+00  1.19659960E+00  1.19930908E+00
   313  9.39000000E+01  1.19930909E+00  1.19659402E+00  1.19930909E+00
   314  9.42000000E+01  1.19930910E+00  1.19658922E+00  1.19930910E+00
   315  9.45000000E+01  1.19930911E+00  1.19658515E+00  1.19930911E+00
   316  9.48000000E+01  1.19930912E+00  1.19658175E+00  1.19930912E+00
   317  9.51000000E+01  1.19930913E+00  1.19657898E+00  1.19930913E+00
   318  9.54000000E+01  1.19930914E+00  1.19657683E+00  1.19930914E+00
 steady-height stop at step    318: changes <=   1.0000E-05, max-end <=   1.0000E-02, max/end/gap/profile_change =   1.19930914E+00  1.19657683E+00  2.73231779E-03  3.54319583E-06


STDERR:
