COMMAND:
/shared/extrudate_rom/generate_rom_data/extrudate_swell2d_c_cluster

STDOUT:
 comppar: model =   3
 comppar: lambda,mobility/eps,betav,eta_0 =  1.0000E+00  3.6667E-01  5.0000E-01  1.0000E+00
 comppar: eta_s,eta_p,G =  5.0000E-01  5.0000E-01  5.0000E-01
 comppar: U_avg,deltat,flowrate,nsteps =  1.0000E-01  3.0000E-01  3.1416E-01     700
 comppar: geometry = axisymmetric
 comppar: steady stop change,gap,hold,min =  1.0000E-05  1.0000E-02      10      80
 comppar: ncompc,ncompg =     4     5
 mesh nnodes = 5765
 mesh nelem = 2780
 P1 BC   5.0000000000000000     
 P2 BC   0.0000000000000000     
     1  3.00000000E-01  1.00379227E+00  1.00000000E+00  1.00379227E+00
     2  6.00000000E-01  1.00747423E+00  1.00000000E+00  1.00747423E+00
     3  9.00000000E-01  1.01101677E+00  1.00000000E+00  1.01101677E+00
     4  1.20000000E+00  1.01444591E+00  1.00000000E+00  1.01444591E+00
     5  1.50000000E+00  1.01777439E+00  1.00000000E+00  1.01777439E+00
     6  1.80000000E+00  1.02101172E+00  1.00000000E+00  1.02101172E+00
     7  2.10000000E+00  1.02416682E+00  1.00000000E+00  1.02416682E+00
     8  2.40000000E+00  1.02723669E+00  1.00000001E+00  1.02723669E+00
     9  2.70000000E+00  1.03025062E+00  1.00000001E+00  1.03025062E+00
    10  3.00000000E+00  1.03319638E+00  1.00000001E+00  1.03319638E+00
    11  3.30000000E+00  1.03605621E+00  1.00000001E+00  1.03605621E+00
    12  3.60000000E+00  1.03887384E+00  1.00000000E+00  1.03887384E+00
    13  3.90000000E+00  1.04162535E+00  1.00000000E+00  1.04162535E+00
    14  4.20000000E+00  1.04428849E+00  1.00000000E+00  1.04428849E+00
    15  4.50000000E+00  1.04693598E+00  9.99999998E-01  1.04693598E+00
    16  4.80000000E+00  1.04947732E+00  9.99999994E-01  1.04947732E+00
    17  5.10000000E+00  1.05200461E+00  9.99999988E-01  1.05200461E+00
    18  5.40000000E+00  1.05441408E+00  9.99999981E-01  1.05441408E+00
    19  5.70000000E+00  1.05682245E+00  9.99999973E-01  1.05682245E+00
    20  6.00000000E+00  1.05911947E+00  9.99999962E-01  1.05911947E+00
    21  6.30000000E+00  1.06140770E+00  9.99999949E-01  1.06140770E+00
    22  6.60000000E+00  1.06356653E+00  9.99999934E-01  1.06356653E+00
    23  6.90000000E+00  1.06575800E+00  9.99999916E-01  1.06575800E+00
    24  7.20000000E+00  1.06778783E+00  9.99999895E-01  1.06778783E+00
    25  7.50000000E+00  1.06988217E+00  9.99999870E-01  1.06988217E+00
    26  7.80000000E+00  1.07181018E+00  9.99999842E-01  1.07181018E+00
    27  8.10000000E+00  1.07375525E+00  9.99999809E-01  1.07375525E+00
    28  8.40000000E+00  1.07561436E+00  9.99999772E-01  1.07561436E+00
    29  8.70000000E+00  1.07739968E+00  9.99999730E-01  1.07739968E+00
    30  9.00000000E+00  1.07918976E+00  9.99999682E-01  1.07918976E+00
    31  9.30000000E+00  1.08080289E+00  9.99999629E-01  1.08080289E+00
    32  9.60000000E+00  1.08251183E+00  9.99999568E-01  1.08251183E+00
    33  9.90000000E+00  1.08409369E+00  9.99999500E-01  1.08409369E+00
    34  1.02000000E+01  1.08559783E+00  9.99999424E-01  1.08559783E+00
    35  1.05000000E+01  1.08714769E+00  9.99999339E-01  1.08714769E+00
    36  1.08000000E+01  1.08851684E+00  9.99999245E-01  1.08851684E+00
    37  1.11000000E+01  1.08992564E+00  9.99999140E-01  1.08992564E+00
    38  1.14000000E+01  1.09129920E+00  9.99999025E-01  1.09129920E+00
    39  1.17000000E+01  1.09249139E+00  9.99998897E-01  1.09249139E+00
    40  1.20000000E+01  1.09382893E+00  9.99998755E-01  1.09382893E+00
    41  1.23000000E+01  1.09502460E+00  9.99998600E-01  1.09502460E+00
    42  1.26000000E+01  1.09609377E+00  9.99998429E-01  1.09609377E+00
    43  1.29000000E+01  1.09729760E+00  9.99998241E-01  1.09729760E+00
    44  1.32000000E+01  1.09832282E+00  9.99998036E-01  1.09832282E+00
    45  1.35000000E+01  1.09934741E+00  9.99997811E-01  1.09934741E+00
    46  1.38000000E+01  1.10037900E+00  9.99997566E-01  1.10037900E+00
    47  1.41000000E+01  1.10123601E+00  9.99997298E-01  1.10123601E+00
    48  1.44000000E+01  1.10221127E+00  9.99997007E-01  1.10221127E+00
    49  1.47000000E+01  1.10307792E+00  9.99996689E-01  1.10307792E+00
    50  1.50000000E+01  1.10385115E+00  9.99996345E-01  1.10385115E+00
    51  1.53000000E+01  1.10472393E+00  9.99995971E-01  1.10472393E+00
    52  1.56000000E+01  1.10542983E+00  9.99995566E-01  1.10542983E+00
    53  1.59000000E+01  1.10618191E+00  9.99995127E-01  1.10618191E+00
    54  1.62000000E+01  1.10689745E+00  9.99994653E-01  1.10689745E+00
    55  1.65000000E+01  1.10747800E+00  9.99994141E-01  1.10747800E+00
    56  1.68000000E+01  1.10819936E+00  9.99993589E-01  1.10819936E+00
    57  1.71000000E+01  1.10876395E+00  9.99992993E-01  1.10876395E+00
    58  1.74000000E+01  1.10934961E+00  9.99992352E-01  1.10934961E+00
    59  1.77000000E+01  1.10992369E+00  9.99991663E-01  1.10992369E+00
    60  1.80000000E+01  1.11036132E+00  9.99990923E-01  1.11036132E+00
    61  1.83000000E+01  1.11094083E+00  9.99990128E-01  1.11094083E+00
    62  1.86000000E+01  1.11137592E+00  9.99989277E-01  1.11137592E+00
    63  1.89000000E+01  1.11183652E+00  9.99988365E-01  1.11183652E+00
    64  1.92000000E+01  1.11228068E+00  9.99987390E-01  1.11228068E+00
    65  1.95000000E+01  1.11261666E+00  9.99986347E-01  1.11261666E+00
    66  1.98000000E+01  1.11306579E+00  9.99985234E-01  1.11306579E+00
    67  2.01000000E+01  1.11338479E+00  9.99984048E-01  1.11338479E+00
    68  2.04000000E+01  1.11375752E+00  9.99982783E-01  1.11375752E+00
    69  2.07000000E+01  1.11408488E+00  9.99981438E-01  1.11408488E+00
    70  2.10000000E+01  1.11435142E+00  9.99980008E-01  1.11435142E+00
    71  2.13000000E+01  1.11468315E+00  9.99978489E-01  1.11468315E+00
    72  2.16000000E+01  1.11490050E+00  9.99976879E-01  1.11490050E+00
    73  2.19000000E+01  1.11521203E+00  9.99975172E-01  1.11521203E+00
    74  2.22000000E+01  1.11543675E+00  9.99973366E-01  1.11543675E+00
    75  2.25000000E+01  1.11565790E+00  9.99971456E-01  1.11565790E+00
    76  2.28000000E+01  1.11588632E+00  9.99969440E-01  1.11588632E+00
    77  2.31000000E+01  1.11605104E+00  9.99967314E-01  1.11605104E+00
    78  2.34000000E+01  1.11628715E+00  9.99965074E-01  1.11628715E+00
    79  2.37000000E+01  1.11642402E+00  9.99962719E-01  1.11642402E+00
    80  2.40000000E+01  1.11661715E+00  9.99960244E-01  1.11661715E+00
    81  2.43000000E+01  1.11675697E+00  9.99957649E-01  1.11675697E+00
    82  2.46000000E+01  1.11691193E+00  9.99954930E-01  1.11691193E+00
    83  2.49000000E+01  1.11705826E+00  9.99952086E-01  1.11705826E+00
    84  2.52000000E+01  1.11714890E+00  9.99949117E-01  1.11714890E+00
    85  2.55000000E+01  1.11729853E+00  9.99946022E-01  1.11729853E+00
    86  2.58000000E+01  1.11736465E+00  9.99942800E-01  1.11736465E+00
    87  2.61000000E+01  1.11751816E+00  9.99939454E-01  1.11751816E+00
    88  2.64000000E+01  1.11758937E+00  9.99935985E-01  1.11758937E+00
    89  2.67000000E+01  1.11768764E+00  9.99932396E-01  1.11768764E+00
    90  2.70000000E+01  1.11776136E+00  9.99928692E-01  1.11776136E+00
    91  2.73000000E+01  1.11784513E+00  9.99924878E-01  1.11784513E+00
    92  2.76000000E+01  1.11792435E+00  9.99920960E-01  1.11792435E+00
    93  2.79000000E+01  1.11796105E+00  9.99916947E-01  1.11796105E+00
    94  2.82000000E+01  1.11804308E+00  9.99912850E-01  1.11804308E+00
    95  2.85000000E+01  1.11807180E+00  9.99908682E-01  1.11807180E+00
    96  2.88000000E+01  1.11815971E+00  9.99904455E-01  1.11815971E+00
    97  2.91000000E+01  1.11817598E+00  9.99900188E-01  1.11817598E+00
    98  2.94000000E+01  1.11823889E+00  9.99895900E-01  1.11823889E+00
    99  2.97000000E+01  1.11825713E+00  9.99891614E-01  1.11825713E+00
   100  3.00000000E+01  1.11832108E+00  9.99887356E-01  1.11832108E+00
   101  3.03000000E+01  1.11834370E+00  9.99883155E-01  1.11834370E+00
   102  3.06000000E+01  1.11837133E+00  9.99879045E-01  1.11837133E+00
   103  3.09000000E+01  1.11839620E+00  9.99875063E-01  1.11839620E+00
   104  3.12000000E+01  1.11842849E+00  9.99871252E-01  1.11842849E+00
   105  3.15000000E+01  1.11845811E+00  9.99867660E-01  1.11845811E+00
   106  3.18000000E+01  1.11845798E+00  9.99864340E-01  1.11845798E+00
   107  3.21000000E+01  1.11849012E+00  9.99861351E-01  1.11849012E+00
   108  3.24000000E+01  1.11849719E+00  9.99858759E-01  1.11849719E+00
   109  3.27000000E+01  1.11853445E+00  9.99856637E-01  1.11853445E+00
   110  3.30000000E+01  1.11851214E+00  9.99855066E-01  1.11851214E+00
   111  3.33000000E+01  1.11855218E+00  9.99854135E-01  1.11855218E+00
   112  3.36000000E+01  1.11853874E+00  9.99853943E-01  1.11853874E+00
   113  3.39000000E+01  1.11858423E+00  9.99854597E-01  1.11858423E+00
   114  3.42000000E+01  1.11856517E+00  9.99856217E-01  1.11856517E+00
   115  3.45000000E+01  1.11859224E+00  9.99858933E-01  1.11859224E+00
   116  3.48000000E+01  1.11857507E+00  9.99862887E-01  1.11857507E+00
   117  3.51000000E+01  1.11861591E+00  9.99868235E-01  1.11861591E+00
   118  3.54000000E+01  1.11860264E+00  9.99875147E-01  1.11860264E+00
   119  3.57000000E+01  1.11861750E+00  9.99883809E-01  1.11861750E+00
   120  3.60000000E+01  1.11860636E+00  9.99894423E-01  1.11860636E+00
   121  3.63000000E+01  1.11863556E+00  9.99907207E-01  1.11863556E+00
   122  3.66000000E+01  1.11862866E+00  9.99922400E-01  1.11862866E+00
   123  3.69000000E+01  1.11863316E+00  9.99940261E-01  1.11863316E+00
   124  3.72000000E+01  1.11862861E+00  9.99961069E-01  1.11862861E+00
   125  3.75000000E+01  1.11864765E+00  9.99985127E-01  1.11864765E+00
   126  3.78000000E+01  1.11864766E+00  1.00001276E+00  1.11864766E+00
   127  3.81000000E+01  1.11864289E+00  1.00004433E+00  1.11864289E+00
   128  3.84000000E+01  1.11864547E+00  1.00008021E+00  1.11864547E+00
   129  3.87000000E+01  1.11865514E+00  1.00012081E+00  1.11865514E+00
   130  3.90000000E+01  1.11866259E+00  1.00016658E+00  1.11866259E+00
   131  3.93000000E+01  1.11864915E+00  1.00021799E+00  1.11864915E+00
   132  3.96000000E+01  1.11865938E+00  1.00027555E+00  1.11865938E+00
   133  3.99000000E+01  1.11866005E+00  1.00033982E+00  1.11866005E+00
   134  4.02000000E+01  1.11867544E+00  1.00041137E+00  1.11867544E+00
   135  4.05000000E+01  1.11865353E+00  1.00049084E+00  1.11865353E+00
   136  4.08000000E+01  1.11867191E+00  1.00057890E+00  1.11867191E+00
   137  4.11000000E+01  1.11866367E+00  1.00067627E+00  1.11866367E+00
   138  4.14000000E+01  1.11868747E+00  1.00078372E+00  1.11868747E+00
   139  4.17000000E+01  1.11865707E+00  1.00090206E+00  1.11865707E+00
   140  4.20000000E+01  1.11868407E+00  1.00103218E+00  1.11868407E+00
   141  4.23000000E+01  1.11866676E+00  1.00117499E+00  1.11866676E+00
   142  4.26000000E+01  1.11869944E+00  1.00133148E+00  1.11869944E+00
   143  4.29000000E+01  1.11866563E+00  1.00150270E+00  1.11866563E+00
   144  4.32000000E+01  1.11869636E+00  1.00168976E+00  1.11869636E+00
   145  4.35000000E+01  1.11866968E+00  1.00189384E+00  1.11866968E+00
   146  4.38000000E+01  1.11871168E+00  1.00211618E+00  1.11871168E+00
   147  4.41000000E+01  1.11868437E+00  1.00235809E+00  1.11868437E+00
   148  4.44000000E+01  1.11870903E+00  1.00262096E+00  1.11870903E+00
   149  4.47000000E+01  1.11868419E+00  1.00290625E+00  1.11868419E+00
   150  4.50000000E+01  1.11872433E+00  1.00321549E+00  1.11872433E+00
   151  4.53000000E+01  1.11870399E+00  1.00355030E+00  1.11870399E+00
   152  4.56000000E+01  1.11872210E+00  1.00391235E+00  1.11872210E+00
   153  4.59000000E+01  1.11870441E+00  1.00430343E+00  1.11870441E+00
   154  4.62000000E+01  1.11873735E+00  1.00472537E+00  1.11873735E+00
   155  4.65000000E+01  1.11872442E+00  1.00518009E+00  1.11872442E+00
   156  4.68000000E+01  1.11873549E+00  1.00566959E+00  1.11873549E+00
   157  4.71000000E+01  1.11872540E+00  1.00619594E+00  1.11872540E+00
   158  4.74000000E+01  1.11875060E+00  1.00676130E+00  1.11875060E+00
   159  4.77000000E+01  1.11874553E+00  1.00736786E+00  1.11874553E+00
   160  4.80000000E+01  1.11874901E+00  1.00801792E+00  1.11874901E+00
   161  4.83000000E+01  1.11874695E+00  1.00871379E+00  1.11874695E+00
   162  4.86000000E+01  1.11876389E+00  1.00945788E+00  1.11876389E+00
   163  4.89000000E+01  1.11876709E+00  1.01025262E+00  1.11876709E+00
   164  4.92000000E+01  1.11876246E+00  1.01110045E+00  1.11876246E+00
   165  4.95000000E+01  1.11876886E+00  1.01200388E+00  1.11876886E+00
   166  4.98000000E+01  1.11877700E+00  1.01296540E+00  1.11877700E+00
   167  5.01000000E+01  1.11878889E+00  1.01398748E+00  1.11878889E+00
   168  5.04000000E+01  1.11877562E+00  1.01507261E+00  1.11877562E+00
   169  5.07000000E+01  1.11879089E+00  1.01622320E+00  1.11879089E+00
   170  5.10000000E+01  1.11878971E+00  1.01744160E+00  1.11878971E+00
   171  5.13000000E+01  1.11881069E+00  1.01873010E+00  1.11881069E+00
   172  5.16000000E+01  1.11878828E+00  1.02009085E+00  1.11878828E+00
   173  5.19000000E+01  1.11881280E+00  1.02152587E+00  1.11881280E+00
   174  5.22000000E+01  1.11880182E+00  1.02303701E+00  1.11880182E+00
   175  5.25000000E+01  1.11883226E+00  1.02462593E+00  1.11883226E+00
   176  5.28000000E+01  1.11880022E+00  1.02629403E+00  1.11880022E+00
   177  5.31000000E+01  1.11883438E+00  1.02804246E+00  1.11883438E+00
   178  5.34000000E+01  1.11881311E+00  1.02987206E+00  1.11881311E+00
   179  5.37000000E+01  1.11885340E+00  1.03178333E+00  1.11885340E+00
   180  5.40000000E+01  1.11882064E+00  1.03377638E+00  1.11882064E+00
   181  5.43000000E+01  1.11885543E+00  1.03585090E+00  1.11885543E+00
   182  5.46000000E+01  1.11882549E+00  1.03800614E+00  1.11882549E+00
   183  5.49000000E+01  1.11887392E+00  1.04024083E+00  1.11887392E+00
   184  5.52000000E+01  1.11884879E+00  1.04255317E+00  1.11884879E+00
   185  5.55000000E+01  1.11887578E+00  1.04494080E+00  1.11887578E+00
   186  5.58000000E+01  1.11885364E+00  1.04740075E+00  1.11885364E+00
   187  5.61000000E+01  1.11889364E+00  1.04992944E+00  1.11889364E+00
   188  5.64000000E+01  1.11887655E+00  1.05252260E+00  1.11887655E+00
   189  5.67000000E+01  1.11889526E+00  1.05517531E+00  1.11889526E+00
   190  5.70000000E+01  1.11888132E+00  1.05788197E+00  1.11888132E+00
   191  5.73000000E+01  1.11891243E+00  1.06063626E+00  1.11891243E+00
   192  5.76000000E+01  1.11890376E+00  1.06343118E+00  1.11890376E+00
   193  5.79000000E+01  1.11891373E+00  1.06625904E+00  1.11891373E+00
   194  5.82000000E+01  1.11890837E+00  1.06911150E+00  1.11890837E+00
   195  5.85000000E+01  1.11893016E+00  1.07197955E+00  1.11893016E+00
   196  5.88000000E+01  1.11893027E+00  1.07485360E+00  1.11893027E+00
   197  5.91000000E+01  1.11893109E+00  1.07772348E+00  1.11893109E+00
   198  5.94000000E+01  1.11893467E+00  1.08057853E+00  1.11893467E+00
   199  5.97000000E+01  1.11894671E+00  1.08340766E+00  1.11894671E+00
   200  6.00000000E+01  1.11895596E+00  1.08619942E+00  1.11895596E+00
   201  6.03000000E+01  1.11894721E+00  1.08894210E+00  1.11894721E+00
   202  6.06000000E+01  1.11896010E+00  1.09162381E+00  1.11896010E+00
   203  6.09000000E+01  1.11896199E+00  1.09423264E+00  1.11896199E+00
   204  6.12000000E+01  1.11898074E+00  1.09675675E+00  1.11898074E+00
   205  6.15000000E+01  1.11896202E+00  1.09918452E+00  1.11896202E+00
   206  6.18000000E+01  1.11898456E+00  1.10150470E+00  1.11898456E+00
   207  6.21000000E+01  1.11897591E+00  1.10370659E+00  1.11897591E+00
   208  6.24000000E+01  1.11900451E+00  1.10578021E+00  1.11900451E+00
   209  6.27000000E+01  1.11897544E+00  1.10771650E+00  1.11897544E+00
   210  6.30000000E+01  1.11900798E+00  1.10950749E+00  1.11900798E+00
   211  6.33000000E+01  1.11898841E+00  1.11114653E+00  1.11898841E+00
   212  6.36000000E+01  1.11902719E+00  1.11262850E+00  1.11902719E+00
   213  6.39000000E+01  1.11899002E+00  1.11394997E+00  1.11899002E+00
   214  6.42000000E+01  1.11903025E+00  1.11510943E+00  1.11903025E+00
   215  6.45000000E+01  1.11899942E+00  1.11610738E+00  1.11899942E+00
   216  6.48000000E+01  1.11904870E+00  1.11694653E+00  1.11904870E+00
   217  6.51000000E+01  1.11901965E+00  1.11763181E+00  1.11901965E+00
   218  6.54000000E+01  1.11905138E+00  1.11817041E+00  1.11905138E+00
   219  6.57000000E+01  1.11902562E+00  1.11857173E+00  1.11902562E+00
   220  6.60000000E+01  1.11906925E+00  1.11884722E+00  1.11906925E+00
   221  6.63000000E+01  1.11904872E+00  1.11901017E+00  1.11904872E+00
   222  6.66000000E+01  1.11907541E+00  1.11907541E+00  1.11907541E+00
   223  6.69000000E+01  1.11905889E+00  1.11905889E+00  1.11905889E+00
   224  6.72000000E+01  1.11897722E+00  1.11897722E+00  1.11897722E+00
   225  6.75000000E+01  1.11884715E+00  1.11884715E+00  1.11884715E+00
   226  6.78000000E+01  1.11868500E+00  1.11868500E+00  1.11868500E+00
   227  6.81000000E+01  1.11850612E+00  1.11850612E+00  1.11850612E+00
   228  6.84000000E+01  1.11832434E+00  1.11832434E+00  1.11832434E+00
   229  6.87000000E+01  1.11815150E+00  1.11815150E+00  1.11815150E+00
   230  6.90000000E+01  1.11804864E+00  1.11799711E+00  1.11804864E+00
   231  6.93000000E+01  1.11804864E+00  1.11786810E+00  1.11804864E+00
   232  6.96000000E+01  1.11804864E+00  1.11776871E+00  1.11804864E+00
   233  6.99000000E+01  1.11804864E+00  1.11770060E+00  1.11804864E+00
   234  7.02000000E+01  1.11804864E+00  1.11766299E+00  1.11804864E+00
   235  7.05000000E+01  1.11804864E+00  1.11765308E+00  1.11804864E+00
   236  7.08000000E+01  1.11804864E+00  1.11766649E+00  1.11804864E+00
   237  7.11000000E+01  1.11804864E+00  1.11769775E+00  1.11804864E+00
   238  7.14000000E+01  1.11804864E+00  1.11774093E+00  1.11804864E+00
   239  7.17000000E+01  1.11804864E+00  1.11779012E+00  1.11804864E+00
   240  7.20000000E+01  1.11804864E+00  1.11783992E+00  1.11804864E+00
   241  7.23000000E+01  1.11804864E+00  1.11788585E+00  1.11804864E+00
   242  7.26000000E+01  1.11804864E+00  1.11792455E+00  1.11804864E+00
   243  7.29000000E+01  1.11804864E+00  1.11795394E+00  1.11804864E+00
   244  7.32000000E+01  1.11804863E+00  1.11797321E+00  1.11804863E+00
   245  7.35000000E+01  1.11804863E+00  1.11798265E+00  1.11804863E+00
   246  7.38000000E+01  1.11804863E+00  1.11798348E+00  1.11804863E+00
   247  7.41000000E+01  1.11804863E+00  1.11797754E+00  1.11804863E+00
   248  7.44000000E+01  1.11804863E+00  1.11796698E+00  1.11804863E+00
   249  7.47000000E+01  1.11804863E+00  1.11795401E+00  1.11804863E+00
   250  7.50000000E+01  1.11804863E+00  1.11794062E+00  1.11804863E+00
   251  7.53000000E+01  1.11804863E+00  1.11792843E+00  1.11804863E+00
   252  7.56000000E+01  1.11804863E+00  1.11791855E+00  1.11804863E+00
   253  7.59000000E+01  1.11804863E+00  1.11791158E+00  1.11804863E+00
   254  7.62000000E+01  1.11804863E+00  1.11790763E+00  1.11804863E+00
   255  7.65000000E+01  1.11804863E+00  1.11790642E+00  1.11804863E+00
   256  7.68000000E+01  1.11804863E+00  1.11790737E+00  1.11804863E+00
   257  7.71000000E+01  1.11804863E+00  1.11790978E+00  1.11804863E+00
   258  7.74000000E+01  1.11804863E+00  1.11791291E+00  1.11804863E+00
   259  7.77000000E+01  1.11804863E+00  1.11791609E+00  1.11804863E+00
   260  7.80000000E+01  1.11804863E+00  1.11791883E+00  1.11804863E+00
   261  7.83000000E+01  1.11804863E+00  1.11792078E+00  1.11804863E+00
 steady-height stop at step    261: changes <=   1.0000E-05, max-end <=   1.0000E-02, max/end/gap/profile_change =   1.11804863E+00  1.11792078E+00  1.27847878E-04  1.95601236E-06


STDERR:
