COMMAND:
/shared/extrudate_rom/generate_rom_data/extrudate_swell2d_c_cluster

STDOUT:
 comppar: model =   3
 comppar: lambda,mobility/eps,betav,eta_0 =  1.0000E+01  3.6667E-01  5.0000E-01  1.0000E+00
 comppar: eta_s,eta_p,G =  5.0000E-01  5.0000E-01  5.0000E-02
 comppar: U_avg,deltat,flowrate,nsteps =  1.0000E-01  3.0000E-01  3.1416E-01     700
 comppar: geometry = axisymmetric
 comppar: steady stop change,gap,hold,min =  1.0000E-05  1.0000E-02      10      80
 comppar: ncompc,ncompg =     4     5
 mesh nnodes = 5765
 mesh nelem = 2780
 P1 BC   5.0000000000000000     
 P2 BC   0.0000000000000000     
     1  3.00000000E-01  1.00379152E+00  1.00000000E+00  1.00379152E+00
     2  6.00000000E-01  1.00749785E+00  1.00000000E+00  1.00749785E+00
     3  9.00000000E-01  1.01111857E+00  1.00000000E+00  1.01111857E+00
     4  1.20000000E+00  1.01465558E+00  1.00000000E+00  1.01465558E+00
     5  1.50000000E+00  1.01811124E+00  1.00000000E+00  1.01811124E+00
     6  1.80000000E+00  1.02148415E+00  1.00000000E+00  1.02148415E+00
     7  2.10000000E+00  1.02478224E+00  1.00000000E+00  1.02478224E+00
     8  2.40000000E+00  1.02802207E+00  1.00000000E+00  1.02802207E+00
     9  2.70000000E+00  1.03119291E+00  1.00000000E+00  1.03119291E+00
    10  3.00000000E+00  1.03429425E+00  1.00000000E+00  1.03429425E+00
    11  3.30000000E+00  1.03735079E+00  1.00000000E+00  1.03735079E+00
    12  3.60000000E+00  1.04035738E+00  1.00000000E+00  1.04035738E+00
    13  3.90000000E+00  1.04329368E+00  1.00000000E+00  1.04329368E+00
    14  4.20000000E+00  1.04622784E+00  1.00000000E+00  1.04622784E+00
    15  4.50000000E+00  1.04907441E+00  9.99999999E-01  1.04907441E+00
    16  4.80000000E+00  1.05193344E+00  9.99999995E-01  1.05193344E+00
    17  5.10000000E+00  1.05471273E+00  9.99999990E-01  1.05471273E+00
    18  5.40000000E+00  1.05750416E+00  9.99999984E-01  1.05750416E+00
    19  5.70000000E+00  1.06019547E+00  9.99999977E-01  1.06019547E+00
    20  6.00000000E+00  1.06292865E+00  9.99999968E-01  1.06292865E+00
    21  6.30000000E+00  1.06558279E+00  9.99999958E-01  1.06558279E+00
    22  6.60000000E+00  1.06821780E+00  9.99999946E-01  1.06821780E+00
    23  6.90000000E+00  1.07083901E+00  9.99999931E-01  1.07083901E+00
    24  7.20000000E+00  1.07336641E+00  9.99999914E-01  1.07336641E+00
    25  7.50000000E+00  1.07595027E+00  9.99999895E-01  1.07595027E+00
    26  7.80000000E+00  1.07847070E+00  9.99999873E-01  1.07847070E+00
    27  8.10000000E+00  1.08090220E+00  9.99999847E-01  1.08090220E+00
    28  8.40000000E+00  1.08341398E+00  9.99999819E-01  1.08341398E+00
    29  8.70000000E+00  1.08583717E+00  9.99999786E-01  1.08583717E+00
    30  9.00000000E+00  1.08817240E+00  9.99999750E-01  1.08817240E+00
    31  9.30000000E+00  1.09057161E+00  9.99999710E-01  1.09057161E+00
    32  9.60000000E+00  1.09292165E+00  9.99999665E-01  1.09292165E+00
    33  9.90000000E+00  1.09518726E+00  9.99999614E-01  1.09518726E+00
    34  1.02000000E+01  1.09742593E+00  9.99999559E-01  1.09742593E+00
    35  1.05000000E+01  1.09970066E+00  9.99999497E-01  1.09970066E+00
    36  1.08000000E+01  1.10189492E+00  9.99999429E-01  1.10189492E+00
    37  1.11000000E+01  1.10401361E+00  9.99999355E-01  1.10401361E+00
    38  1.14000000E+01  1.10610154E+00  9.99999273E-01  1.10610154E+00
    39  1.17000000E+01  1.10824530E+00  9.99999183E-01  1.10824530E+00
    40  1.20000000E+01  1.11031869E+00  9.99999084E-01  1.11031869E+00
    41  1.23000000E+01  1.11232853E+00  9.99998977E-01  1.11232853E+00
    42  1.26000000E+01  1.11428188E+00  9.99998859E-01  1.11428188E+00
    43  1.29000000E+01  1.11623025E+00  9.99998731E-01  1.11623025E+00
    44  1.32000000E+01  1.11819577E+00  9.99998591E-01  1.11819577E+00
    45  1.35000000E+01  1.12010979E+00  9.99998440E-01  1.12010979E+00
    46  1.38000000E+01  1.12197703E+00  9.99998275E-01  1.12197703E+00
    47  1.41000000E+01  1.12379977E+00  9.99998096E-01  1.12379977E+00
    48  1.44000000E+01  1.12557727E+00  9.99997903E-01  1.12557727E+00
    49  1.47000000E+01  1.12735521E+00  9.99997693E-01  1.12735521E+00
    50  1.50000000E+01  1.12914445E+00  9.99997467E-01  1.12914445E+00
    51  1.53000000E+01  1.13088405E+00  9.99997222E-01  1.13088405E+00
    52  1.56000000E+01  1.13256910E+00  9.99996957E-01  1.13256910E+00
    53  1.59000000E+01  1.13419318E+00  9.99996672E-01  1.13419318E+00
    54  1.62000000E+01  1.13574943E+00  9.99996365E-01  1.13574943E+00
    55  1.65000000E+01  1.13737098E+00  9.99996034E-01  1.13737098E+00
    56  1.68000000E+01  1.13894166E+00  9.99995678E-01  1.13894166E+00
    57  1.71000000E+01  1.14043849E+00  9.99995296E-01  1.14043849E+00
    58  1.74000000E+01  1.14185623E+00  9.99994885E-01  1.14185623E+00
    59  1.77000000E+01  1.14321917E+00  9.99994444E-01  1.14321917E+00
    60  1.80000000E+01  1.14465222E+00  9.99993971E-01  1.14465222E+00
    61  1.83000000E+01  1.14600380E+00  9.99993464E-01  1.14600380E+00
    62  1.86000000E+01  1.14727186E+00  9.99992922E-01  1.14727186E+00
    63  1.89000000E+01  1.14845618E+00  9.99992342E-01  1.14845618E+00
    64  1.92000000E+01  1.14972020E+00  9.99991721E-01  1.14972020E+00
    65  1.95000000E+01  1.15091839E+00  9.99991058E-01  1.15091839E+00
    66  1.98000000E+01  1.15203327E+00  9.99990351E-01  1.15203327E+00
    67  2.01000000E+01  1.15306712E+00  9.99989596E-01  1.15306712E+00
    68  2.04000000E+01  1.15415572E+00  9.99988792E-01  1.15415572E+00
    69  2.07000000E+01  1.15520475E+00  9.99987935E-01  1.15520475E+00
    70  2.10000000E+01  1.15617448E+00  9.99987023E-01  1.15617448E+00
    71  2.13000000E+01  1.15706818E+00  9.99986053E-01  1.15706818E+00
    72  2.16000000E+01  1.15800814E+00  9.99985023E-01  1.15800814E+00
    73  2.19000000E+01  1.15891402E+00  9.99983928E-01  1.15891402E+00
    74  2.22000000E+01  1.15974671E+00  9.99982767E-01  1.15974671E+00
    75  2.25000000E+01  1.16050979E+00  9.99981536E-01  1.16050979E+00
    76  2.28000000E+01  1.16130672E+00  9.99980231E-01  1.16130672E+00
    77  2.31000000E+01  1.16208194E+00  9.99978850E-01  1.16208194E+00
    78  2.34000000E+01  1.16279017E+00  9.99977390E-01  1.16279017E+00
    79  2.37000000E+01  1.16343511E+00  9.99975846E-01  1.16343511E+00
    80  2.40000000E+01  1.16410587E+00  9.99974215E-01  1.16410587E+00
    81  2.43000000E+01  1.16476200E+00  9.99972495E-01  1.16476200E+00
    82  2.46000000E+01  1.16535792E+00  9.99970681E-01  1.16535792E+00
    83  2.49000000E+01  1.16589728E+00  9.99968770E-01  1.16589728E+00
    84  2.52000000E+01  1.16647070E+00  9.99966759E-01  1.16647070E+00
    85  2.55000000E+01  1.16702058E+00  9.99964644E-01  1.16702058E+00
    86  2.58000000E+01  1.16751701E+00  9.99962422E-01  1.16751701E+00
    87  2.61000000E+01  1.16796379E+00  9.99960091E-01  1.16796379E+00
    88  2.64000000E+01  1.16844320E+00  9.99957646E-01  1.16844320E+00
    89  2.67000000E+01  1.16889975E+00  9.99955085E-01  1.16889975E+00
    90  2.70000000E+01  1.16930972E+00  9.99952406E-01  1.16930972E+00
    91  2.73000000E+01  1.16967690E+00  9.99949606E-01  1.16967690E+00
    92  2.76000000E+01  1.17007233E+00  9.99946682E-01  1.17007233E+00
    93  2.79000000E+01  1.17044835E+00  9.99943634E-01  1.17044835E+00
    94  2.82000000E+01  1.17078457E+00  9.99940459E-01  1.17078457E+00
    95  2.85000000E+01  1.17108458E+00  9.99937156E-01  1.17108458E+00
    96  2.88000000E+01  1.17139728E+00  9.99933725E-01  1.17139728E+00
    97  2.91000000E+01  1.17170516E+00  9.99930166E-01  1.17170516E+00
    98  2.94000000E+01  1.17197958E+00  9.99926479E-01  1.17197958E+00
    99  2.97000000E+01  1.17222378E+00  9.99922666E-01  1.17222378E+00
   100  3.00000000E+01  1.17246652E+00  9.99918729E-01  1.17246652E+00
   101  3.03000000E+01  1.17271746E+00  9.99914671E-01  1.17271746E+00
   102  3.06000000E+01  1.17294052E+00  9.99910496E-01  1.17294052E+00
   103  3.09000000E+01  1.17313847E+00  9.99906209E-01  1.17313847E+00
   104  3.12000000E+01  1.17331384E+00  9.99901816E-01  1.17331384E+00
   105  3.15000000E+01  1.17351708E+00  9.99897325E-01  1.17351708E+00
   106  3.18000000E+01  1.17369804E+00  9.99892745E-01  1.17369804E+00
   107  3.21000000E+01  1.17385822E+00  9.99888087E-01  1.17385822E+00
   108  3.24000000E+01  1.17399968E+00  9.99883363E-01  1.17399968E+00
   109  3.27000000E+01  1.17414364E+00  9.99878587E-01  1.17414364E+00
   110  3.30000000E+01  1.17428962E+00  9.99873777E-01  1.17428962E+00
   111  3.33000000E+01  1.17441836E+00  9.99868950E-01  1.17441836E+00
   112  3.36000000E+01  1.17453156E+00  9.99864130E-01  1.17453156E+00
   113  3.39000000E+01  1.17463078E+00  9.99859339E-01  1.17463078E+00
   114  3.42000000E+01  1.17473701E+00  9.99854606E-01  1.17473701E+00
   115  3.45000000E+01  1.17484018E+00  9.99849961E-01  1.17484018E+00
   116  3.48000000E+01  1.17493044E+00  9.99845438E-01  1.17493044E+00
   117  3.51000000E+01  1.17500911E+00  9.99841076E-01  1.17500911E+00
   118  3.54000000E+01  1.17507737E+00  9.99836916E-01  1.17507737E+00
   119  3.57000000E+01  1.17514707E+00  9.99833006E-01  1.17514707E+00
   120  3.60000000E+01  1.17521826E+00  9.99829397E-01  1.17521826E+00
   121  3.63000000E+01  1.17527990E+00  9.99826147E-01  1.17527990E+00
   122  3.66000000E+01  1.17533303E+00  9.99823318E-01  1.17533303E+00
   123  3.69000000E+01  1.17537856E+00  9.99820980E-01  1.17537856E+00
   124  3.72000000E+01  1.17541734E+00  9.99819207E-01  1.17541734E+00
   125  3.75000000E+01  1.17545845E+00  9.99818083E-01  1.17545845E+00
   126  3.78000000E+01  1.17549946E+00  9.99817698E-01  1.17549946E+00
   127  3.81000000E+01  1.17553431E+00  9.99818150E-01  1.17553431E+00
   128  3.84000000E+01  1.17556369E+00  9.99819547E-01  1.17556369E+00
   129  3.87000000E+01  1.17558824E+00  9.99822006E-01  1.17558824E+00
   130  3.90000000E+01  1.17560854E+00  9.99825653E-01  1.17560854E+00
   131  3.93000000E+01  1.17562510E+00  9.99830626E-01  1.17562510E+00
   132  3.96000000E+01  1.17564130E+00  9.99837074E-01  1.17564130E+00
   133  3.99000000E+01  1.17565918E+00  9.99845158E-01  1.17565918E+00
   134  4.02000000E+01  1.17567367E+00  9.99855052E-01  1.17567367E+00
   135  4.05000000E+01  1.17568518E+00  9.99866945E-01  1.17568518E+00
   136  4.08000000E+01  1.17569411E+00  9.99881041E-01  1.17569411E+00
   137  4.11000000E+01  1.17570079E+00  9.99897557E-01  1.17570079E+00
   138  4.14000000E+01  1.17570553E+00  9.99916731E-01  1.17570553E+00
   139  4.17000000E+01  1.17570861E+00  9.99938816E-01  1.17570861E+00
   140  4.20000000E+01  1.17571029E+00  9.99964086E-01  1.17571029E+00
   141  4.23000000E+01  1.17571080E+00  9.99992834E-01  1.17571080E+00
   142  4.26000000E+01  1.17571033E+00  1.00002538E+00  1.17571033E+00
   143  4.29000000E+01  1.17570906E+00  1.00006205E+00  1.17570906E+00
   144  4.32000000E+01  1.17570716E+00  1.00010321E+00  1.17570716E+00
   145  4.35000000E+01  1.17570483E+00  1.00014926E+00  1.17570483E+00
   146  4.38000000E+01  1.17570341E+00  1.00020059E+00  1.17570341E+00
   147  4.41000000E+01  1.17570145E+00  1.00025767E+00  1.17570145E+00
   148  4.44000000E+01  1.17569908E+00  1.00032095E+00  1.17569908E+00
   149  4.47000000E+01  1.17569642E+00  1.00039095E+00  1.17569642E+00
   150  4.50000000E+01  1.17569355E+00  1.00046819E+00  1.17569355E+00
   151  4.53000000E+01  1.17569058E+00  1.00055326E+00  1.17569058E+00
   152  4.56000000E+01  1.17568757E+00  1.00064675E+00  1.17568757E+00
   153  4.59000000E+01  1.17568459E+00  1.00074931E+00  1.17568459E+00
   154  4.62000000E+01  1.17568169E+00  1.00086164E+00  1.17568169E+00
   155  4.65000000E+01  1.17567893E+00  1.00098446E+00  1.17567893E+00
   156  4.68000000E+01  1.17567634E+00  1.00111854E+00  1.17567634E+00
   157  4.71000000E+01  1.17567396E+00  1.00126469E+00  1.17567396E+00
   158  4.74000000E+01  1.17567180E+00  1.00142380E+00  1.17567180E+00
   159  4.77000000E+01  1.17566990E+00  1.00159676E+00  1.17566990E+00
   160  4.80000000E+01  1.17566826E+00  1.00178455E+00  1.17566826E+00
   161  4.83000000E+01  1.17566690E+00  1.00198818E+00  1.17566690E+00
   162  4.86000000E+01  1.17566582E+00  1.00220874E+00  1.17566582E+00
   163  4.89000000E+01  1.17566503E+00  1.00244736E+00  1.17566503E+00
   164  4.92000000E+01  1.17566457E+00  1.00270522E+00  1.17566457E+00
   165  4.95000000E+01  1.17566486E+00  1.00298358E+00  1.17566486E+00
   166  4.98000000E+01  1.17566541E+00  1.00328375E+00  1.17566541E+00
   167  5.01000000E+01  1.17566622E+00  1.00360711E+00  1.17566622E+00
   168  5.04000000E+01  1.17566727E+00  1.00395510E+00  1.17566727E+00
   169  5.07000000E+01  1.17566855E+00  1.00432922E+00  1.17566855E+00
   170  5.10000000E+01  1.17567005E+00  1.00473104E+00  1.17567005E+00
   171  5.13000000E+01  1.17567174E+00  1.00516220E+00  1.17567174E+00
   172  5.16000000E+01  1.17567363E+00  1.00562441E+00  1.17567363E+00
   173  5.19000000E+01  1.17567568E+00  1.00611944E+00  1.17567568E+00
   174  5.22000000E+01  1.17567790E+00  1.00664911E+00  1.17567790E+00
   175  5.25000000E+01  1.17568025E+00  1.00721532E+00  1.17568025E+00
   176  5.28000000E+01  1.17568274E+00  1.00782003E+00  1.17568274E+00
   177  5.31000000E+01  1.17568534E+00  1.00846525E+00  1.17568534E+00
   178  5.34000000E+01  1.17568804E+00  1.00915306E+00  1.17568804E+00
   179  5.37000000E+01  1.17569082E+00  1.00988557E+00  1.17569082E+00
   180  5.40000000E+01  1.17569369E+00  1.01066496E+00  1.17569369E+00
   181  5.43000000E+01  1.17569661E+00  1.01149341E+00  1.17569661E+00
   182  5.46000000E+01  1.17569958E+00  1.01237317E+00  1.17569958E+00
   183  5.49000000E+01  1.17570259E+00  1.01330650E+00  1.17570259E+00
   184  5.52000000E+01  1.17570563E+00  1.01429566E+00  1.17570563E+00
   185  5.55000000E+01  1.17570869E+00  1.01534293E+00  1.17570869E+00
   186  5.58000000E+01  1.17571175E+00  1.01645056E+00  1.17571175E+00
   187  5.61000000E+01  1.17571482E+00  1.01762078E+00  1.17571482E+00
   188  5.64000000E+01  1.17571787E+00  1.01885579E+00  1.17571787E+00
   189  5.67000000E+01  1.17572091E+00  1.02015771E+00  1.17572091E+00
   190  5.70000000E+01  1.17572392E+00  1.02152860E+00  1.17572392E+00
   191  5.73000000E+01  1.17572690E+00  1.02297041E+00  1.17572690E+00
   192  5.76000000E+01  1.17572984E+00  1.02448498E+00  1.17572984E+00
   193  5.79000000E+01  1.17573275E+00  1.02607399E+00  1.17573275E+00
   194  5.82000000E+01  1.17573560E+00  1.02773898E+00  1.17573560E+00
   195  5.85000000E+01  1.17573841E+00  1.02948128E+00  1.17573841E+00
   196  5.88000000E+01  1.17574115E+00  1.03130201E+00  1.17574115E+00
   197  5.91000000E+01  1.17574384E+00  1.03320205E+00  1.17574384E+00
   198  5.94000000E+01  1.17574647E+00  1.03518199E+00  1.17574647E+00
   199  5.97000000E+01  1.17574904E+00  1.03724215E+00  1.17574904E+00
   200  6.00000000E+01  1.17575153E+00  1.03938251E+00  1.17575153E+00
   201  6.03000000E+01  1.17575396E+00  1.04160268E+00  1.17575396E+00
   202  6.06000000E+01  1.17575633E+00  1.04390191E+00  1.17575633E+00
   203  6.09000000E+01  1.17575862E+00  1.04627905E+00  1.17575862E+00
   204  6.12000000E+01  1.17576084E+00  1.04873250E+00  1.17576084E+00
   205  6.15000000E+01  1.17576299E+00  1.05126024E+00  1.17576299E+00
   206  6.18000000E+01  1.17576506E+00  1.05385978E+00  1.17576506E+00
   207  6.21000000E+01  1.17576707E+00  1.05652815E+00  1.17576707E+00
   208  6.24000000E+01  1.17576900E+00  1.05926190E+00  1.17576900E+00
   209  6.27000000E+01  1.17577087E+00  1.06205710E+00  1.17577087E+00
   210  6.30000000E+01  1.17577266E+00  1.06490935E+00  1.17577266E+00
   211  6.33000000E+01  1.17577439E+00  1.06781377E+00  1.17577439E+00
   212  6.36000000E+01  1.17577605E+00  1.07076503E+00  1.17577605E+00
   213  6.39000000E+01  1.17577764E+00  1.07375737E+00  1.17577764E+00
   214  6.42000000E+01  1.17577917E+00  1.07678463E+00  1.17577917E+00
   215  6.45000000E+01  1.17578063E+00  1.07984029E+00  1.17578063E+00
   216  6.48000000E+01  1.17578203E+00  1.08291749E+00  1.17578203E+00
   217  6.51000000E+01  1.17578337E+00  1.08600910E+00  1.17578337E+00
   218  6.54000000E+01  1.17578465E+00  1.08910775E+00  1.17578465E+00
   219  6.57000000E+01  1.17578587E+00  1.09220592E+00  1.17578587E+00
   220  6.60000000E+01  1.17578704E+00  1.09529596E+00  1.17578704E+00
   221  6.63000000E+01  1.17578816E+00  1.09837022E+00  1.17578816E+00
   222  6.66000000E+01  1.17578922E+00  1.10142104E+00  1.17578922E+00
   223  6.69000000E+01  1.17579023E+00  1.10444092E+00  1.17579023E+00
   224  6.72000000E+01  1.17579119E+00  1.10742254E+00  1.17579119E+00
   225  6.75000000E+01  1.17579210E+00  1.11035884E+00  1.17579210E+00
   226  6.78000000E+01  1.17579297E+00  1.11324319E+00  1.17579297E+00
   227  6.81000000E+01  1.17579380E+00  1.11606937E+00  1.17579380E+00
   228  6.84000000E+01  1.17579458E+00  1.11883175E+00  1.17579458E+00
   229  6.87000000E+01  1.17579533E+00  1.12152534E+00  1.17579533E+00
   230  6.90000000E+01  1.17579603E+00  1.12414587E+00  1.17579603E+00
   231  6.93000000E+01  1.17579670E+00  1.12668987E+00  1.17579670E+00
   232  6.96000000E+01  1.17579734E+00  1.12915471E+00  1.17579734E+00
   233  6.99000000E+01  1.17579794E+00  1.13153867E+00  1.17579794E+00
   234  7.02000000E+01  1.17579851E+00  1.13384091E+00  1.17579851E+00
   235  7.05000000E+01  1.17579905E+00  1.13606148E+00  1.17579905E+00
   236  7.08000000E+01  1.17579956E+00  1.13820125E+00  1.17579956E+00
   237  7.11000000E+01  1.17580004E+00  1.14026181E+00  1.17580004E+00
   238  7.14000000E+01  1.17580049E+00  1.14224535E+00  1.17580049E+00
   239  7.17000000E+01  1.17580097E+00  1.14415449E+00  1.17580097E+00
   240  7.20000000E+01  1.17580143E+00  1.14599207E+00  1.17580143E+00
   241  7.23000000E+01  1.17580187E+00  1.14776097E+00  1.17580187E+00
   242  7.26000000E+01  1.17580228E+00  1.14946384E+00  1.17580228E+00
   243  7.29000000E+01  1.17580267E+00  1.15110294E+00  1.17580267E+00
   244  7.32000000E+01  1.17580304E+00  1.15267993E+00  1.17580304E+00
   245  7.35000000E+01  1.17580339E+00  1.15419570E+00  1.17580339E+00
   246  7.38000000E+01  1.17580372E+00  1.15565038E+00  1.17580372E+00
   247  7.41000000E+01  1.17580403E+00  1.15704323E+00  1.17580403E+00
   248  7.44000000E+01  1.17580433E+00  1.15837279E+00  1.17580433E+00
   249  7.47000000E+01  1.17580460E+00  1.15963696E+00  1.17580460E+00
   250  7.50000000E+01  1.17580486E+00  1.16083328E+00  1.17580486E+00
   251  7.53000000E+01  1.17580511E+00  1.16195915E+00  1.17580511E+00
   252  7.56000000E+01  1.17580535E+00  1.16301213E+00  1.17580535E+00
   253  7.59000000E+01  1.17580557E+00  1.16399025E+00  1.17580557E+00
   254  7.62000000E+01  1.17580577E+00  1.16489226E+00  1.17580577E+00
   255  7.65000000E+01  1.17580597E+00  1.16571790E+00  1.17580597E+00
   256  7.68000000E+01  1.17580616E+00  1.16646798E+00  1.17580616E+00
   257  7.71000000E+01  1.17580633E+00  1.16714450E+00  1.17580633E+00
   258  7.74000000E+01  1.17580650E+00  1.16775060E+00  1.17580650E+00
   259  7.77000000E+01  1.17580666E+00  1.16829040E+00  1.17580666E+00
   260  7.80000000E+01  1.17580681E+00  1.16876891E+00  1.17580681E+00
   261  7.83000000E+01  1.17580695E+00  1.16919165E+00  1.17580695E+00
   262  7.86000000E+01  1.17580708E+00  1.16956448E+00  1.17580708E+00
   263  7.89000000E+01  1.17580721E+00  1.16989328E+00  1.17580721E+00
   264  7.92000000E+01  1.17580733E+00  1.17018369E+00  1.17580733E+00
   265  7.95000000E+01  1.17580744E+00  1.17044089E+00  1.17580744E+00
   266  7.98000000E+01  1.17580755E+00  1.17066951E+00  1.17580755E+00
   267  8.01000000E+01  1.17580765E+00  1.17087347E+00  1.17580765E+00
   268  8.04000000E+01  1.17580775E+00  1.17105604E+00  1.17580775E+00
   269  8.07000000E+01  1.17580785E+00  1.17121980E+00  1.17580785E+00
   270  8.10000000E+01  1.17580793E+00  1.17136680E+00  1.17580793E+00
   271  8.13000000E+01  1.17580802E+00  1.17149863E+00  1.17580802E+00
   272  8.16000000E+01  1.17580810E+00  1.17161655E+00  1.17580810E+00
   273  8.19000000E+01  1.17580817E+00  1.17172161E+00  1.17580817E+00
   274  8.22000000E+01  1.17580825E+00  1.17181473E+00  1.17580825E+00
   275  8.25000000E+01  1.17580832E+00  1.17189679E+00  1.17580832E+00
   276  8.28000000E+01  1.17580838E+00  1.17196866E+00  1.17580838E+00
   277  8.31000000E+01  1.17580845E+00  1.17203125E+00  1.17580845E+00
   278  8.34000000E+01  1.17580851E+00  1.17208545E+00  1.17580851E+00
   279  8.37000000E+01  1.17580857E+00  1.17213218E+00  1.17580857E+00
   280  8.40000000E+01  1.17580862E+00  1.17217231E+00  1.17580862E+00
   281  8.43000000E+01  1.17580868E+00  1.17220665E+00  1.17580868E+00
   282  8.46000000E+01  1.17580873E+00  1.17223594E+00  1.17580873E+00
   283  8.49000000E+01  1.17580878E+00  1.17226085E+00  1.17580878E+00
   284  8.52000000E+01  1.17580883E+00  1.17228194E+00  1.17580883E+00
   285  8.55000000E+01  1.17580887E+00  1.17229969E+00  1.17580887E+00
   286  8.58000000E+01  1.17580891E+00  1.17231450E+00  1.17580891E+00
   287  8.61000000E+01  1.17580896E+00  1.17232671E+00  1.17580896E+00
   288  8.64000000E+01  1.17580900E+00  1.17233662E+00  1.17580900E+00
   289  8.67000000E+01  1.17580904E+00  1.17234450E+00  1.17580904E+00
   290  8.70000000E+01  1.17580907E+00  1.17235058E+00  1.17580907E+00
   291  8.73000000E+01  1.17580911E+00  1.17235511E+00  1.17580911E+00
   292  8.76000000E+01  1.17580915E+00  1.17235829E+00  1.17580915E+00
   293  8.79000000E+01  1.17580918E+00  1.17236033E+00  1.17580918E+00
   294  8.82000000E+01  1.17580921E+00  1.17236143E+00  1.17580921E+00
   295  8.85000000E+01  1.17580925E+00  1.17236175E+00  1.17580925E+00
   296  8.88000000E+01  1.17580928E+00  1.17236147E+00  1.17580928E+00
   297  8.91000000E+01  1.17580931E+00  1.17236072E+00  1.17580931E+00
 steady-height stop at step    297: changes <=   1.0000E-05, max-end <=   1.0000E-02, max/end/gap/profile_change =   1.17580931E+00  1.17236072E+00  3.44858496E-03  3.17747134E-06


STDERR:
