COMMAND:
/shared/extrudate_rom/generate_rom_data/extrudate_swell2d_c_cluster

STDOUT:
 comppar: model =   3
 comppar: lambda,mobility/eps,betav,eta_0 =  1.0000E+00  3.6667E-01  7.0000E-01  1.0000E+00
 comppar: eta_s,eta_p,G =  7.0000E-01  3.0000E-01  3.0000E-01
 comppar: U_avg,deltat,flowrate,nsteps =  1.0000E-01  3.0000E-01  3.1416E-01     700
 comppar: geometry = axisymmetric
 comppar: steady stop change,gap,hold,min =  1.0000E-05  1.0000E-02      10      80
 comppar: ncompc,ncompg =     4     5
 mesh nnodes = 5765
 mesh nelem = 2780
 P1 BC   5.0000000000000000     
 P2 BC   0.0000000000000000     
     1  3.00000000E-01  1.00379376E+00  1.00000000E+00  1.00379376E+00
     2  6.00000000E-01  1.00749225E+00  1.00000000E+00  1.00749225E+00
     3  9.00000000E-01  1.01108184E+00  1.00000000E+00  1.01108184E+00
     4  1.20000000E+00  1.01457365E+00  1.00000000E+00  1.01457365E+00
     5  1.50000000E+00  1.01797435E+00  1.00000000E+00  1.01797435E+00
     6  1.80000000E+00  1.02128635E+00  1.00000000E+00  1.02128635E+00
     7  2.10000000E+00  1.02451641E+00  1.00000000E+00  1.02451641E+00
     8  2.40000000E+00  1.02767741E+00  1.00000000E+00  1.02767741E+00
     9  2.70000000E+00  1.03076982E+00  1.00000001E+00  1.03076982E+00
    10  3.00000000E+00  1.03378404E+00  1.00000001E+00  1.03378404E+00
    11  3.30000000E+00  1.03672684E+00  1.00000000E+00  1.03672684E+00
    12  3.60000000E+00  1.03962333E+00  1.00000000E+00  1.03962333E+00
    13  3.90000000E+00  1.04243202E+00  1.00000000E+00  1.04243202E+00
    14  4.20000000E+00  1.04519780E+00  1.00000000E+00  1.04519780E+00
    15  4.50000000E+00  1.04789098E+00  9.99999997E-01  1.04789098E+00
    16  4.80000000E+00  1.05051809E+00  9.99999993E-01  1.05051809E+00
    17  5.10000000E+00  1.05310693E+00  9.99999987E-01  1.05310693E+00
    18  5.40000000E+00  1.05559377E+00  9.99999980E-01  1.05559377E+00
    19  5.70000000E+00  1.05806587E+00  9.99999971E-01  1.05806587E+00
    20  6.00000000E+00  1.06043162E+00  9.99999960E-01  1.06043162E+00
    21  6.30000000E+00  1.06279124E+00  9.99999947E-01  1.06279124E+00
    22  6.60000000E+00  1.06503526E+00  9.99999932E-01  1.06503526E+00
    23  6.90000000E+00  1.06726783E+00  9.99999914E-01  1.06726783E+00
    24  7.20000000E+00  1.06941545E+00  9.99999893E-01  1.06941545E+00
    25  7.50000000E+00  1.07151695E+00  9.99999868E-01  1.07151695E+00
    26  7.80000000E+00  1.07356813E+00  9.99999840E-01  1.07356813E+00
    27  8.10000000E+00  1.07549983E+00  9.99999807E-01  1.07549983E+00
    28  8.40000000E+00  1.07748546E+00  9.99999770E-01  1.07748546E+00
    29  8.70000000E+00  1.07930159E+00  9.99999728E-01  1.07930159E+00
    30  9.00000000E+00  1.08117224E+00  9.99999680E-01  1.08117224E+00
    31  9.30000000E+00  1.08292227E+00  9.99999626E-01  1.08292227E+00
    32  9.60000000E+00  1.08458202E+00  9.99999566E-01  1.08458202E+00
    33  9.90000000E+00  1.08630338E+00  9.99999498E-01  1.08630338E+00
    34  1.02000000E+01  1.08784958E+00  9.99999422E-01  1.08784958E+00
    35  1.05000000E+01  1.08944351E+00  9.99999337E-01  1.08944351E+00
    36  1.08000000E+01  1.09096136E+00  9.99999243E-01  1.09096136E+00
    37  1.11000000E+01  1.09230123E+00  9.99999138E-01  1.09230123E+00
    38  1.14000000E+01  1.09380646E+00  9.99999023E-01  1.09380646E+00
    39  1.17000000E+01  1.09515439E+00  9.99998895E-01  1.09515439E+00
    40  1.20000000E+01  1.09639362E+00  9.99998754E-01  1.09639362E+00
    41  1.23000000E+01  1.09774732E+00  9.99998599E-01  1.09774732E+00
    42  1.26000000E+01  1.09892478E+00  9.99998428E-01  1.09892478E+00
    43  1.29000000E+01  1.10007144E+00  9.99998242E-01  1.10007144E+00
    44  1.32000000E+01  1.10126031E+00  9.99998037E-01  1.10126031E+00
    45  1.35000000E+01  1.10227574E+00  9.99997813E-01  1.10227574E+00
    46  1.38000000E+01  1.10336531E+00  9.99997569E-01  1.10336531E+00
    47  1.41000000E+01  1.10439002E+00  9.99997303E-01  1.10439002E+00
    48  1.44000000E+01  1.10524607E+00  9.99997013E-01  1.10524607E+00
    49  1.47000000E+01  1.10627626E+00  9.99996697E-01  1.10627626E+00
    50  1.50000000E+01  1.10714461E+00  9.99996355E-01  1.10714461E+00
    51  1.53000000E+01  1.10796378E+00  9.99995984E-01  1.10796378E+00
    52  1.56000000E+01  1.10884098E+00  9.99995581E-01  1.10884098E+00
    53  1.59000000E+01  1.10955722E+00  9.99995146E-01  1.10955722E+00
    54  1.62000000E+01  1.11034539E+00  9.99994676E-01  1.11034539E+00
    55  1.65000000E+01  1.11107363E+00  9.99994168E-01  1.11107363E+00
    56  1.68000000E+01  1.11168155E+00  9.99993620E-01  1.11168155E+00
    57  1.71000000E+01  1.11241816E+00  9.99993030E-01  1.11241816E+00
    58  1.74000000E+01  1.11300344E+00  9.99992394E-01  1.11300344E+00
    59  1.77000000E+01  1.11360707E+00  9.99991712E-01  1.11360707E+00
    60  1.80000000E+01  1.11420393E+00  9.99990979E-01  1.11420393E+00
    61  1.83000000E+01  1.11466175E+00  9.99990192E-01  1.11466175E+00
    62  1.86000000E+01  1.11525705E+00  9.99989349E-01  1.11525705E+00
    63  1.89000000E+01  1.11572180E+00  9.99988447E-01  1.11572180E+00
    64  1.92000000E+01  1.11618486E+00  9.99987482E-01  1.11618486E+00
    65  1.95000000E+01  1.11666056E+00  9.99986450E-01  1.11666056E+00
    66  1.98000000E+01  1.11701032E+00  9.99985350E-01  1.11701032E+00
    67  2.01000000E+01  1.11747540E+00  9.99984176E-01  1.11747540E+00
    68  2.04000000E+01  1.11783128E+00  9.99982926E-01  1.11783128E+00
    69  2.07000000E+01  1.11819296E+00  9.99981596E-01  1.11819296E+00
    70  2.10000000E+01  1.11855893E+00  9.99980183E-01  1.11855893E+00
    71  2.13000000E+01  1.11881321E+00  9.99978681E-01  1.11881321E+00
    72  2.16000000E+01  1.11918153E+00  9.99977089E-01  1.11918153E+00
    73  2.19000000E+01  1.11944105E+00  9.99975402E-01  1.11944105E+00
    74  2.22000000E+01  1.11973101E+00  9.99973617E-01  1.11973101E+00
    75  2.25000000E+01  1.11999952E+00  9.99971729E-01  1.11999952E+00
    76  2.28000000E+01  1.12019468E+00  9.99969736E-01  1.12019468E+00
    77  2.31000000E+01  1.12046884E+00  9.99967634E-01  1.12046884E+00
    78  2.34000000E+01  1.12064500E+00  9.99965420E-01  1.12064500E+00
    79  2.37000000E+01  1.12088569E+00  9.99963090E-01  1.12088569E+00
    80  2.40000000E+01  1.12106951E+00  9.99960642E-01  1.12106951E+00
    81  2.43000000E+01  1.12122978E+00  9.99958074E-01  1.12122978E+00
    82  2.46000000E+01  1.12141834E+00  9.99955382E-01  1.12141834E+00
    83  2.49000000E+01  1.12153531E+00  9.99952566E-01  1.12153531E+00
    84  2.52000000E+01  1.12173201E+00  9.99949624E-01  1.12173201E+00
    85  2.55000000E+01  1.12184403E+00  9.99946555E-01  1.12184403E+00
    86  2.58000000E+01  1.12198343E+00  9.99943359E-01  1.12198343E+00
    87  2.61000000E+01  1.12209926E+00  9.99940037E-01  1.12209926E+00
    88  2.64000000E+01  1.12221093E+00  9.99936590E-01  1.12221093E+00
    89  2.67000000E+01  1.12233343E+00  9.99933020E-01  1.12233343E+00
    90  2.70000000E+01  1.12238740E+00  9.99929332E-01  1.12238740E+00
    91  2.73000000E+01  1.12251412E+00  9.99925529E-01  1.12251412E+00
    92  2.76000000E+01  1.12256991E+00  9.99921617E-01  1.12256991E+00
    93  2.79000000E+01  1.12268278E+00  9.99917605E-01  1.12268278E+00
    94  2.82000000E+01  1.12274365E+00  9.99913500E-01  1.12274365E+00
    95  2.85000000E+01  1.12280682E+00  9.99909315E-01  1.12280682E+00
    96  2.88000000E+01  1.12287093E+00  9.99905062E-01  1.12287093E+00
    97  2.91000000E+01  1.12292596E+00  9.99900756E-01  1.12292596E+00
    98  2.94000000E+01  1.12299566E+00  9.99896415E-01  1.12299566E+00
    99  2.97000000E+01  1.12300761E+00  9.99892059E-01  1.12300761E+00
   100  3.00000000E+01  1.12308093E+00  9.99887713E-01  1.12308093E+00
   101  3.03000000E+01  1.12309464E+00  9.99883403E-01  1.12309464E+00
   102  3.06000000E+01  1.12316909E+00  9.99879159E-01  1.12316909E+00
   103  3.09000000E+01  1.12318675E+00  9.99875015E-01  1.12318675E+00
   104  3.12000000E+01  1.12322343E+00  9.99871012E-01  1.12322343E+00
   105  3.15000000E+01  1.12324370E+00  9.99867192E-01  1.12324370E+00
   106  3.18000000E+01  1.12328478E+00  9.99863604E-01  1.12328478E+00
   107  3.21000000E+01  1.12330951E+00  9.99860302E-01  1.12330951E+00
   108  3.24000000E+01  1.12331674E+00  9.99857347E-01  1.12331674E+00
   109  3.27000000E+01  1.12334443E+00  9.99854807E-01  1.12334443E+00
   110  3.30000000E+01  1.12335872E+00  9.99852755E-01  1.12335872E+00
   111  3.33000000E+01  1.12339135E+00  9.99851274E-01  1.12339135E+00
   112  3.36000000E+01  1.12337481E+00  9.99850454E-01  1.12337481E+00
   113  3.39000000E+01  1.12341073E+00  9.99850395E-01  1.12341073E+00
   114  3.42000000E+01  1.12340301E+00  9.99851207E-01  1.12340301E+00
   115  3.45000000E+01  1.12344433E+00  9.99853010E-01  1.12344433E+00
   116  3.48000000E+01  1.12343125E+00  9.99855935E-01  1.12343125E+00
   117  3.51000000E+01  1.12345301E+00  9.99860127E-01  1.12345301E+00
   118  3.54000000E+01  1.12344221E+00  9.99865742E-01  1.12344221E+00
   119  3.57000000E+01  1.12347741E+00  9.99872953E-01  1.12347741E+00
   120  3.60000000E+01  1.12347036E+00  9.99881945E-01  1.12347036E+00
   121  3.63000000E+01  1.12347891E+00  9.99892921E-01  1.12347891E+00
   122  3.66000000E+01  1.12347445E+00  9.99906104E-01  1.12347445E+00
   123  3.69000000E+01  1.12349704E+00  9.99921730E-01  1.12349704E+00
   124  3.72000000E+01  1.12349678E+00  9.99940060E-01  1.12349678E+00
   125  3.75000000E+01  1.12349391E+00  9.99961375E-01  1.12349391E+00
   126  3.78000000E+01  1.12349654E+00  9.99985977E-01  1.12349654E+00
   127  3.81000000E+01  1.12350790E+00  1.00001420E+00  1.12350790E+00
   128  3.84000000E+01  1.12351518E+00  1.00004638E+00  1.12351518E+00
   129  3.87000000E+01  1.12350190E+00  1.00008292E+00  1.12350190E+00
   130  3.90000000E+01  1.12351236E+00  1.00012422E+00  1.12351236E+00
   131  3.93000000E+01  1.12351319E+00  1.00017072E+00  1.12351319E+00
   132  3.96000000E+01  1.12352873E+00  1.00022290E+00  1.12352873E+00
   133  3.99000000E+01  1.12350551E+00  1.00028126E+00  1.12350551E+00
   134  4.02000000E+01  1.12352453E+00  1.00034635E+00  1.12352453E+00
   135  4.05000000E+01  1.12351504E+00  1.00041877E+00  1.12351504E+00
   136  4.08000000E+01  1.12353954E+00  1.00049912E+00  1.12353954E+00
   137  4.11000000E+01  1.12350996E+00  1.00058809E+00  1.12350996E+00
   138  4.14000000E+01  1.12353473E+00  1.00068639E+00  1.12353473E+00
   139  4.17000000E+01  1.12351483E+00  1.00079478E+00  1.12351483E+00
   140  4.20000000E+01  1.12354898E+00  1.00091407E+00  1.12354898E+00
   141  4.23000000E+01  1.12352571E+00  1.00104513E+00  1.12352571E+00
   142  4.26000000E+01  1.12354402E+00  1.00118889E+00  1.12354402E+00
   143  4.29000000E+01  1.12352347E+00  1.00134631E+00  1.12352347E+00
   144  4.32000000E+01  1.12355783E+00  1.00151844E+00  1.12355783E+00
   145  4.35000000E+01  1.12354155E+00  1.00170638E+00  1.12354155E+00
   146  4.38000000E+01  1.12355295E+00  1.00191129E+00  1.12355295E+00
   147  4.41000000E+01  1.12353968E+00  1.00213440E+00  1.12353968E+00
   148  4.44000000E+01  1.12356646E+00  1.00237702E+00  1.12356646E+00
   149  4.47000000E+01  1.12355785E+00  1.00264052E+00  1.12355785E+00
   150  4.50000000E+01  1.12356177E+00  1.00292634E+00  1.12356177E+00
   151  4.53000000E+01  1.12355644E+00  1.00323599E+00  1.12355644E+00
   152  4.56000000E+01  1.12357500E+00  1.00357108E+00  1.12357500E+00
   153  4.59000000E+01  1.12357472E+00  1.00393327E+00  1.12357472E+00
   154  4.62000000E+01  1.12357048E+00  1.00432431E+00  1.12357048E+00
   155  4.65000000E+01  1.12357375E+00  1.00474603E+00  1.12357375E+00
   156  4.68000000E+01  1.12358338E+00  1.00520032E+00  1.12358338E+00
   157  4.71000000E+01  1.12359208E+00  1.00568917E+00  1.12359208E+00
   158  4.74000000E+01  1.12357896E+00  1.00621462E+00  1.12357896E+00
   159  4.77000000E+01  1.12359149E+00  1.00677881E+00  1.12359149E+00
   160  4.80000000E+01  1.12359144E+00  1.00738392E+00  1.12359144E+00
   161  4.83000000E+01  1.12360975E+00  1.00803220E+00  1.12360975E+00
   162  4.86000000E+01  1.12358701E+00  1.00872599E+00  1.12358701E+00
   163  4.89000000E+01  1.12360941E+00  1.00946765E+00  1.12360941E+00
   164  4.92000000E+01  1.12359894E+00  1.01025958E+00  1.12359894E+00
   165  4.95000000E+01  1.12362747E+00  1.01110426E+00  1.12362747E+00
   166  4.98000000E+01  1.12359597E+00  1.01200414E+00  1.12359597E+00
   167  5.01000000E+01  1.12362727E+00  1.01296173E+00  1.12362727E+00
   168  5.04000000E+01  1.12360562E+00  1.01397951E+00  1.12360562E+00
   169  5.07000000E+01  1.12364497E+00  1.01505995E+00  1.12364497E+00
   170  5.10000000E+01  1.12362112E+00  1.01620550E+00  1.12362112E+00
   171  5.13000000E+01  1.12364477E+00  1.01741853E+00  1.12364477E+00
   172  5.16000000E+01  1.12362421E+00  1.01870136E+00  1.12362421E+00
   173  5.19000000E+01  1.12366197E+00  1.02005618E+00  1.12366197E+00
   174  5.22000000E+01  1.12364639E+00  1.02148508E+00  1.12364639E+00
   175  5.25000000E+01  1.12366163E+00  1.02298999E+00  1.12366163E+00
   176  5.28000000E+01  1.12364959E+00  1.02457264E+00  1.12364959E+00
   177  5.31000000E+01  1.12367819E+00  1.02623456E+00  1.12367819E+00
   178  5.34000000E+01  1.12367148E+00  1.02797702E+00  1.12367148E+00
   179  5.37000000E+01  1.12367758E+00  1.02980101E+00  1.12367758E+00
   180  5.40000000E+01  1.12367468E+00  1.03170720E+00  1.12367468E+00
   181  5.43000000E+01  1.12369337E+00  1.03369589E+00  1.12369337E+00
   182  5.46000000E+01  1.12369613E+00  1.03576702E+00  1.12369613E+00
   183  5.49000000E+01  1.12369237E+00  1.03792005E+00  1.12369237E+00
   184  5.52000000E+01  1.12369919E+00  1.04015401E+00  1.12369919E+00
   185  5.55000000E+01  1.12370727E+00  1.04246740E+00  1.12370727E+00
   186  5.58000000E+01  1.12372008E+00  1.04485820E+00  1.12372008E+00
   187  5.61000000E+01  1.12370577E+00  1.04732380E+00  1.12370577E+00
   188  5.64000000E+01  1.12372289E+00  1.04986102E+00  1.12372289E+00
   189  5.67000000E+01  1.12371967E+00  1.05246603E+00  1.12371967E+00
   190  5.70000000E+01  1.12374309E+00  1.05513437E+00  1.12374309E+00
   191  5.73000000E+01  1.12371757E+00  1.05786091E+00  1.12371757E+00
   192  5.76000000E+01  1.12374556E+00  1.06063987E+00  1.12374556E+00
   193  5.79000000E+01  1.12373038E+00  1.06346477E+00  1.12373038E+00
   194  5.82000000E+01  1.12376497E+00  1.06632850E+00  1.12376497E+00
   195  5.85000000E+01  1.12373435E+00  1.06922327E+00  1.12373435E+00
   196  5.88000000E+01  1.12376699E+00  1.07214067E+00  1.12376699E+00
   197  5.91000000E+01  1.12373989E+00  1.07507170E+00  1.12373989E+00
   198  5.94000000E+01  1.12378552E+00  1.07800679E+00  1.12378552E+00
   199  5.97000000E+01  1.12376361E+00  1.08093585E+00  1.12376361E+00
   200  6.00000000E+01  1.12378701E+00  1.08384834E+00  1.12378701E+00
   201  6.03000000E+01  1.12376887E+00  1.08673335E+00  1.12376887E+00
   202  6.06000000E+01  1.12380456E+00  1.08957966E+00  1.12380456E+00
   203  6.09000000E+01  1.12379193E+00  1.09237582E+00  1.12379193E+00
   204  6.12000000E+01  1.12380545E+00  1.09511027E+00  1.12380545E+00
   205  6.15000000E+01  1.12379683E+00  1.09777145E+00  1.12379683E+00
   206  6.18000000E+01  1.12382195E+00  1.10034791E+00  1.12382195E+00
   207  6.21000000E+01  1.12381916E+00  1.10282844E+00  1.12381916E+00
   208  6.24000000E+01  1.12382217E+00  1.10520221E+00  1.12382217E+00
   209  6.27000000E+01  1.12382363E+00  1.10745896E+00  1.12382363E+00
   210  6.30000000E+01  1.12383755E+00  1.10958912E+00  1.12383755E+00
   211  6.33000000E+01  1.12384514E+00  1.11158397E+00  1.12384514E+00
   212  6.36000000E+01  1.12383703E+00  1.11343588E+00  1.12383703E+00
   213  6.39000000E+01  1.12384911E+00  1.11513843E+00  1.12384911E+00
   214  6.42000000E+01  1.12385123E+00  1.11668664E+00  1.12385123E+00
   215  6.45000000E+01  1.12386974E+00  1.11807709E+00  1.12386974E+00
   216  6.48000000E+01  1.12384991E+00  1.11930814E+00  1.12384991E+00
   217  6.51000000E+01  1.12387315E+00  1.12038001E+00  1.12387315E+00
   218  6.54000000E+01  1.12386288E+00  1.12129496E+00  1.12386288E+00
   219  6.57000000E+01  1.12389284E+00  1.12205729E+00  1.12389284E+00
   220  6.60000000E+01  1.12386075E+00  1.12267343E+00  1.12386075E+00
   221  6.63000000E+01  1.12389571E+00  1.12315183E+00  1.12389571E+00
   222  6.66000000E+01  1.12387264E+00  1.12350291E+00  1.12387264E+00
   223  6.69000000E+01  1.12391461E+00  1.12373884E+00  1.12391461E+00
   224  6.72000000E+01  1.12388681E+00  1.12387327E+00  1.12388681E+00
   225  6.75000000E+01  1.12392105E+00  1.12392105E+00  1.12392105E+00
   226  6.78000000E+01  1.12389773E+00  1.12389773E+00  1.12389773E+00
   227  6.81000000E+01  1.12381918E+00  1.12381918E+00  1.12381918E+00
   228  6.84000000E+01  1.12370106E+00  1.12370106E+00  1.12370106E+00
   229  6.87000000E+01  1.12355831E+00  1.12355831E+00  1.12355831E+00
   230  6.90000000E+01  1.12340463E+00  1.12340463E+00  1.12340463E+00
   231  6.93000000E+01  1.12325211E+00  1.12325211E+00  1.12325211E+00
   232  6.96000000E+01  1.12315900E+00  1.12311078E+00  1.12315900E+00
   233  6.99000000E+01  1.12315899E+00  1.12298836E+00  1.12315899E+00
   234  7.02000000E+01  1.12315899E+00  1.12289017E+00  1.12315899E+00
   235  7.05000000E+01  1.12315899E+00  1.12281905E+00  1.12315899E+00
   236  7.08000000E+01  1.12315899E+00  1.12277554E+00  1.12315899E+00
   237  7.11000000E+01  1.12315899E+00  1.12275813E+00  1.12315899E+00
   238  7.14000000E+01  1.12315899E+00  1.12276363E+00  1.12315899E+00
   239  7.17000000E+01  1.12315899E+00  1.12278760E+00  1.12315899E+00
   240  7.20000000E+01  1.12315899E+00  1.12282490E+00  1.12315899E+00
   241  7.23000000E+01  1.12315899E+00  1.12287013E+00  1.12315899E+00
   242  7.26000000E+01  1.12315899E+00  1.12291815E+00  1.12315899E+00
   243  7.29000000E+01  1.12315899E+00  1.12296443E+00  1.12315899E+00
   244  7.32000000E+01  1.12315899E+00  1.12300536E+00  1.12315899E+00
   245  7.35000000E+01  1.12315899E+00  1.12303846E+00  1.12315899E+00
   246  7.38000000E+01  1.12315899E+00  1.12306236E+00  1.12315899E+00
   247  7.41000000E+01  1.12315899E+00  1.12307682E+00  1.12315899E+00
   248  7.44000000E+01  1.12315899E+00  1.12308254E+00  1.12315899E+00
   249  7.47000000E+01  1.12315899E+00  1.12308093E+00  1.12315899E+00
   250  7.50000000E+01  1.12315899E+00  1.12307385E+00  1.12315899E+00
   251  7.53000000E+01  1.12315899E+00  1.12306336E+00  1.12315899E+00
   252  7.56000000E+01  1.12315898E+00  1.12305143E+00  1.12315898E+00
   253  7.59000000E+01  1.12315898E+00  1.12303978E+00  1.12315898E+00
   254  7.62000000E+01  1.12315898E+00  1.12302971E+00  1.12315898E+00
   255  7.65000000E+01  1.12315898E+00  1.12302206E+00  1.12315898E+00
   256  7.68000000E+01  1.12315898E+00  1.12301718E+00  1.12315898E+00
   257  7.71000000E+01  1.12315898E+00  1.12301502E+00  1.12315898E+00
   258  7.74000000E+01  1.12315898E+00  1.12301518E+00  1.12315898E+00
   259  7.77000000E+01  1.12315898E+00  1.12301705E+00  1.12315898E+00
   260  7.80000000E+01  1.12315898E+00  1.12301996E+00  1.12315898E+00
   261  7.83000000E+01  1.12315898E+00  1.12302322E+00  1.12315898E+00
   262  7.86000000E+01  1.12315898E+00  1.12302627E+00  1.12315898E+00
   263  7.89000000E+01  1.12315898E+00  1.12302871E+00  1.12315898E+00
   264  7.92000000E+01  1.12315898E+00  1.12303030E+00  1.12315898E+00
 steady-height stop at step    264: changes <=   1.0000E-05, max-end <=   1.0000E-02, max/end/gap/profile_change =   1.12315898E+00  1.12303030E+00  1.28683305E-04  1.58987419E-06


STDERR:
