COMMAND:
/shared/extrudate_rom/generate_rom_data/extrudate_swell2d_c_cluster

STDOUT:
 comppar: model =   3
 comppar: lambda,mobility/eps,betav,eta_0 =  1.0000E+00  5.0000E-01  1.0000E-01  1.0000E+00
 comppar: eta_s,eta_p,G =  1.0000E-01  9.0000E-01  9.0000E-01
 comppar: U_avg,deltat,flowrate,nsteps =  1.0000E-01  3.0000E-01  3.1416E-01     700
 comppar: geometry = axisymmetric
 comppar: steady stop change,gap,hold,min =  1.0000E-05  1.0000E-02      10      80
 comppar: ncompc,ncompg =     4     5
 mesh nnodes = 5765
 mesh nelem = 2780
 P1 BC   5.0000000000000000     
 P2 BC   0.0000000000000000     
     1  3.00000000E-01  1.00378705E+00  1.00000000E+00  1.00378705E+00
     2  6.00000000E-01  1.00739358E+00  1.00000000E+00  1.00739358E+00
     3  9.00000000E-01  1.01074245E+00  1.00000000E+00  1.01074245E+00
     4  1.20000000E+00  1.01394820E+00  1.00000000E+00  1.01394820E+00
     5  1.50000000E+00  1.01703755E+00  1.00000000E+00  1.01703755E+00
     6  1.80000000E+00  1.02003376E+00  1.00000000E+00  1.02003376E+00
     7  2.10000000E+00  1.02294050E+00  1.00000001E+00  1.02294050E+00
     8  2.40000000E+00  1.02578550E+00  1.00000001E+00  1.02578550E+00
     9  2.70000000E+00  1.02855143E+00  1.00000001E+00  1.02855143E+00
    10  3.00000000E+00  1.03123013E+00  1.00000001E+00  1.03123013E+00
    11  3.30000000E+00  1.03386695E+00  1.00000001E+00  1.03386695E+00
    12  3.60000000E+00  1.03643470E+00  1.00000001E+00  1.03643470E+00
    13  3.90000000E+00  1.03891471E+00  1.00000000E+00  1.03891471E+00
    14  4.20000000E+00  1.04138213E+00  1.00000000E+00  1.04138213E+00
    15  4.50000000E+00  1.04374826E+00  9.99999999E-01  1.04374826E+00
    16  4.80000000E+00  1.04608627E+00  9.99999995E-01  1.04608627E+00
    17  5.10000000E+00  1.04832174E+00  9.99999989E-01  1.04832174E+00
    18  5.40000000E+00  1.05053662E+00  9.99999982E-01  1.05053662E+00
    19  5.70000000E+00  1.05267167E+00  9.99999973E-01  1.05267167E+00
    20  6.00000000E+00  1.05476042E+00  9.99999962E-01  1.05476042E+00
    21  6.30000000E+00  1.05678471E+00  9.99999949E-01  1.05678471E+00
    22  6.60000000E+00  1.05876920E+00  9.99999933E-01  1.05876920E+00
    23  6.90000000E+00  1.06067925E+00  9.99999915E-01  1.06067925E+00
    24  7.20000000E+00  1.06255755E+00  9.99999893E-01  1.06255755E+00
    25  7.50000000E+00  1.06430641E+00  9.99999869E-01  1.06430641E+00
    26  7.80000000E+00  1.06610729E+00  9.99999840E-01  1.06610729E+00
    27  8.10000000E+00  1.06772826E+00  9.99999807E-01  1.06772826E+00
    28  8.40000000E+00  1.06943754E+00  9.99999770E-01  1.06943754E+00
    29  8.70000000E+00  1.07097759E+00  9.99999727E-01  1.07097759E+00
    30  9.00000000E+00  1.07251649E+00  9.99999679E-01  1.07251649E+00
    31  9.30000000E+00  1.07401392E+00  9.99999624E-01  1.07401392E+00
    32  9.60000000E+00  1.07537692E+00  9.99999563E-01  1.07537692E+00
    33  9.90000000E+00  1.07683144E+00  9.99999494E-01  1.07683144E+00
    34  1.02000000E+01  1.07809293E+00  9.99999417E-01  1.07809293E+00
    35  1.05000000E+01  1.07938368E+00  9.99999331E-01  1.07938368E+00
    36  1.08000000E+01  1.08063922E+00  9.99999236E-01  1.08063922E+00
    37  1.11000000E+01  1.08171048E+00  9.99999129E-01  1.08171048E+00
    38  1.14000000E+01  1.08295867E+00  9.99999012E-01  1.08295867E+00
    39  1.17000000E+01  1.08401072E+00  9.99998881E-01  1.08401072E+00
    40  1.20000000E+01  1.08503357E+00  9.99998738E-01  1.08503357E+00
    41  1.23000000E+01  1.08608401E+00  9.99998579E-01  1.08608401E+00
    42  1.26000000E+01  1.08693825E+00  9.99998405E-01  1.08693825E+00
    43  1.29000000E+01  1.08795730E+00  9.99998214E-01  1.08795730E+00
    44  1.32000000E+01  1.08880855E+00  9.99998004E-01  1.08880855E+00
    45  1.35000000E+01  1.08961993E+00  9.99997774E-01  1.08961993E+00
    46  1.38000000E+01  1.09047091E+00  9.99997523E-01  1.09047091E+00
    47  1.41000000E+01  1.09113101E+00  9.99997249E-01  1.09113101E+00
    48  1.44000000E+01  1.09196083E+00  9.99996950E-01  1.09196083E+00
    49  1.47000000E+01  1.09261807E+00  9.99996624E-01  1.09261807E+00
    50  1.50000000E+01  1.09327538E+00  9.99996271E-01  1.09327538E+00
    51  1.53000000E+01  1.09393348E+00  9.99995886E-01  1.09393348E+00
    52  1.56000000E+01  1.09445004E+00  9.99995470E-01  1.09445004E+00
    53  1.59000000E+01  1.09510512E+00  9.99995018E-01  1.09510512E+00
    54  1.62000000E+01  1.09557966E+00  9.99994530E-01  1.09557966E+00
    55  1.65000000E+01  1.09613614E+00  9.99994002E-01  1.09613614E+00
    56  1.68000000E+01  1.09661263E+00  9.99993432E-01  1.09661263E+00
    57  1.71000000E+01  1.09704704E+00  9.99992817E-01  1.09704704E+00
    58  1.74000000E+01  1.09752077E+00  9.99992156E-01  1.09752077E+00
    59  1.77000000E+01  1.09784213E+00  9.99991443E-01  1.09784213E+00
    60  1.80000000E+01  1.09831781E+00  9.99990678E-01  1.09831781E+00
    61  1.83000000E+01  1.09862843E+00  9.99989857E-01  1.09862843E+00
    62  1.86000000E+01  1.09901516E+00  9.99988976E-01  1.09901516E+00
    63  1.89000000E+01  1.09932326E+00  9.99988032E-01  1.09932326E+00
    64  1.92000000E+01  1.09962413E+00  9.99987022E-01  1.09962413E+00
    65  1.95000000E+01  1.09993498E+00  9.99985943E-01  1.09993498E+00
    66  1.98000000E+01  1.10015244E+00  9.99984790E-01  1.10015244E+00
    67  2.01000000E+01  1.10046094E+00  9.99983561E-01  1.10046094E+00
    68  2.04000000E+01  1.10062292E+00  9.99982252E-01  1.10062292E+00
    69  2.07000000E+01  1.10092215E+00  9.99980859E-01  1.10092215E+00
    70  2.10000000E+01  1.10108729E+00  9.99979378E-01  1.10108729E+00
    71  2.13000000E+01  1.10131469E+00  9.99977807E-01  1.10131469E+00
    72  2.16000000E+01  1.10147764E+00  9.99976140E-01  1.10147764E+00
    73  2.19000000E+01  1.10165831E+00  9.99974375E-01  1.10165831E+00
    74  2.22000000E+01  1.10182451E+00  9.99972508E-01  1.10182451E+00
    75  2.25000000E+01  1.10194671E+00  9.99970537E-01  1.10194671E+00
    76  2.28000000E+01  1.10211095E+00  9.99968456E-01  1.10211095E+00
    77  2.31000000E+01  1.10219864E+00  9.99966265E-01  1.10219864E+00
    78  2.34000000E+01  1.10236623E+00  9.99963960E-01  1.10236623E+00
    79  2.37000000E+01  1.10240869E+00  9.99961539E-01  1.10240869E+00
    80  2.40000000E+01  1.10257263E+00  9.99958999E-01  1.10257263E+00
    81  2.43000000E+01  1.10261321E+00  9.99956340E-01  1.10261321E+00
    82  2.46000000E+01  1.10275838E+00  9.99953561E-01  1.10275838E+00
    83  2.49000000E+01  1.10280220E+00  9.99950660E-01  1.10280220E+00
    84  2.52000000E+01  1.10290467E+00  9.99947640E-01  1.10290467E+00
    85  2.55000000E+01  1.10294679E+00  9.99944500E-01  1.10294679E+00
    86  2.58000000E+01  1.10303814E+00  9.99941243E-01  1.10303814E+00
    87  2.61000000E+01  1.10308358E+00  9.99937873E-01  1.10308358E+00
    88  2.64000000E+01  1.10313938E+00  9.99934393E-01  1.10313938E+00
    89  2.67000000E+01  1.10318329E+00  9.99930810E-01  1.10318329E+00
    90  2.70000000E+01  1.10323411E+00  9.99927131E-01  1.10323411E+00
    91  2.73000000E+01  1.10328140E+00  9.99923365E-01  1.10328140E+00
    92  2.76000000E+01  1.10330230E+00  9.99919523E-01  1.10330230E+00
    93  2.79000000E+01  1.10334820E+00  9.99915618E-01  1.10334820E+00
    94  2.82000000E+01  1.10336871E+00  9.99911666E-01  1.10336871E+00
    95  2.85000000E+01  1.10341804E+00  9.99907684E-01  1.10341804E+00
    96  2.88000000E+01  1.10341317E+00  9.99903693E-01  1.10341317E+00
    97  2.91000000E+01  1.10346125E+00  9.99899718E-01  1.10346125E+00
    98  2.94000000E+01  1.10345950E+00  9.99895786E-01  1.10345950E+00
    99  2.97000000E+01  1.10351104E+00  9.99891929E-01  1.10351104E+00
   100  3.00000000E+01  1.10348730E+00  9.99888182E-01  1.10348730E+00
   101  3.03000000E+01  1.10353770E+00  9.99884586E-01  1.10353770E+00
   102  3.06000000E+01  1.10351968E+00  9.99881185E-01  1.10351968E+00
   103  3.09000000E+01  1.10357355E+00  9.99878032E-01  1.10357355E+00
   104  3.12000000E+01  1.10353615E+00  9.99875183E-01  1.10353615E+00
   105  3.15000000E+01  1.10358898E+00  9.99872701E-01  1.10358898E+00
   106  3.18000000E+01  1.10355907E+00  9.99870657E-01  1.10355907E+00
   107  3.21000000E+01  1.10361538E+00  9.99869130E-01  1.10361538E+00
   108  3.24000000E+01  1.10356804E+00  9.99868206E-01  1.10356804E+00
   109  3.27000000E+01  1.10362339E+00  9.99867981E-01  1.10362339E+00
   110  3.30000000E+01  1.10358477E+00  9.99868562E-01  1.10358477E+00
   111  3.33000000E+01  1.10364359E+00  9.99870065E-01  1.10364359E+00
   112  3.36000000E+01  1.10359533E+00  9.99872618E-01  1.10359533E+00
   113  3.39000000E+01  1.10364691E+00  9.99876362E-01  1.10364691E+00
   114  3.42000000E+01  1.10360194E+00  9.99881451E-01  1.10360194E+00
   115  3.45000000E+01  1.10366331E+00  9.99888054E-01  1.10366331E+00
   116  3.48000000E+01  1.10361693E+00  9.99896356E-01  1.10361693E+00
   117  3.51000000E+01  1.10366403E+00  9.99906557E-01  1.10366403E+00
   118  3.54000000E+01  1.10361659E+00  9.99918876E-01  1.10361659E+00
   119  3.57000000E+01  1.10367827E+00  9.99933552E-01  1.10367827E+00
   120  3.60000000E+01  1.10363382E+00  9.99950843E-01  1.10363382E+00
   121  3.63000000E+01  1.10367766E+00  9.99971031E-01  1.10367766E+00
   122  3.66000000E+01  1.10363220E+00  9.99994420E-01  1.10363220E+00
   123  3.69000000E+01  1.10369083E+00  1.00002134E+00  1.10369083E+00
   124  3.72000000E+01  1.10364835E+00  1.00005215E+00  1.10364835E+00
   125  3.75000000E+01  1.10368979E+00  1.00008724E+00  1.10368979E+00
   126  3.78000000E+01  1.10364635E+00  1.00012701E+00  1.10364635E+00
   127  3.81000000E+01  1.10370261E+00  1.00017193E+00  1.10370261E+00
   128  3.84000000E+01  1.10366214E+00  1.00022248E+00  1.10366214E+00
   129  3.87000000E+01  1.10370172E+00  1.00027916E+00  1.10370172E+00
   130  3.90000000E+01  1.10366032E+00  1.00034256E+00  1.10366032E+00
   131  3.93000000E+01  1.10371467E+00  1.00041326E+00  1.10371467E+00
   132  3.96000000E+01  1.10367621E+00  1.00049191E+00  1.10367621E+00
   133  3.99000000E+01  1.10371427E+00  1.00057919E+00  1.10371427E+00
   134  4.02000000E+01  1.10367491E+00  1.00067585E+00  1.10367491E+00
   135  4.05000000E+01  1.10372756E+00  1.00078267E+00  1.10372756E+00
   136  4.08000000E+01  1.10369112E+00  1.00090049E+00  1.10369112E+00
   137  4.11000000E+01  1.10372778E+00  1.00103021E+00  1.10372778E+00
   138  4.14000000E+01  1.10369047E+00  1.00117278E+00  1.10369047E+00
   139  4.17000000E+01  1.10374155E+00  1.00132923E+00  1.10374155E+00
   140  4.20000000E+01  1.10370714E+00  1.00150061E+00  1.10370714E+00
   141  4.23000000E+01  1.10374249E+00  1.00168810E+00  1.10374249E+00
   142  4.26000000E+01  1.10370723E+00  1.00189288E+00  1.10370723E+00
   143  4.29000000E+01  1.10375675E+00  1.00211625E+00  1.10375675E+00
   144  4.32000000E+01  1.10372436E+00  1.00235957E+00  1.10372436E+00
   145  4.35000000E+01  1.10375839E+00  1.00262426E+00  1.10375839E+00
   146  4.38000000E+01  1.10372516E+00  1.00291184E+00  1.10372516E+00
   147  4.41000000E+01  1.10377313E+00  1.00322387E+00  1.10377313E+00
   148  4.44000000E+01  1.10374276E+00  1.00356202E+00  1.10374276E+00
   149  4.47000000E+01  1.10377542E+00  1.00392804E+00  1.10377542E+00
   150  4.50000000E+01  1.10374423E+00  1.00432374E+00  1.10374423E+00
   151  4.53000000E+01  1.10379059E+00  1.00475101E+00  1.10379059E+00
   152  4.56000000E+01  1.10376221E+00  1.00521183E+00  1.10376221E+00
   153  4.59000000E+01  1.10379345E+00  1.00570824E+00  1.10379345E+00
   154  4.62000000E+01  1.10376427E+00  1.00624236E+00  1.10376427E+00
   155  4.65000000E+01  1.10380897E+00  1.00681639E+00  1.10380897E+00
   156  4.68000000E+01  1.10378258E+00  1.00743257E+00  1.10378258E+00
   157  4.71000000E+01  1.10381233E+00  1.00809322E+00  1.10381233E+00
   158  4.74000000E+01  1.10378516E+00  1.00880070E+00  1.10378516E+00
   159  4.77000000E+01  1.10382813E+00  1.00955741E+00  1.10382813E+00
   160  4.80000000E+01  1.10380372E+00  1.01036578E+00  1.10380372E+00
   161  4.83000000E+01  1.10383191E+00  1.01122827E+00  1.10383191E+00
   162  4.86000000E+01  1.10380672E+00  1.01214734E+00  1.10380672E+00
   163  4.89000000E+01  1.10384791E+00  1.01312542E+00  1.10384791E+00
   164  4.92000000E+01  1.10382546E+00  1.01416494E+00  1.10382546E+00
   165  4.95000000E+01  1.10385203E+00  1.01526825E+00  1.10385203E+00
   166  4.98000000E+01  1.10382881E+00  1.01643764E+00  1.10382881E+00
   167  5.01000000E+01  1.10386818E+00  1.01767529E+00  1.10386818E+00
   168  5.04000000E+01  1.10384766E+00  1.01898328E+00  1.10384766E+00
   169  5.07000000E+01  1.10387257E+00  1.02036348E+00  1.10387257E+00
   170  5.10000000E+01  1.10385130E+00  1.02181763E+00  1.10385130E+00
   171  5.13000000E+01  1.10388880E+00  1.02334720E+00  1.10388880E+00
   172  5.16000000E+01  1.10387021E+00  1.02495341E+00  1.10387021E+00
   173  5.19000000E+01  1.10389341E+00  1.02663719E+00  1.10389341E+00
   174  5.22000000E+01  1.10387407E+00  1.02839912E+00  1.10387407E+00
   175  5.25000000E+01  1.10390966E+00  1.03023941E+00  1.10390966E+00
   176  5.28000000E+01  1.10389298E+00  1.03215785E+00  1.10389298E+00
   177  5.31000000E+01  1.10391444E+00  1.03415374E+00  1.10391444E+00
   178  5.34000000E+01  1.10389701E+00  1.03622590E+00  1.10389701E+00
   179  5.37000000E+01  1.10393068E+00  1.03837259E+00  1.10393068E+00
   180  5.40000000E+01  1.10391588E+00  1.04059147E+00  1.10391588E+00
   181  5.43000000E+01  1.10393557E+00  1.04287957E+00  1.10393557E+00
   182  5.46000000E+01  1.10392005E+00  1.04523327E+00  1.10392005E+00
   183  5.49000000E+01  1.10395178E+00  1.04764822E+00  1.10395178E+00
   184  5.52000000E+01  1.10393885E+00  1.05011938E+00  1.10393885E+00
   185  5.55000000E+01  1.10395676E+00  1.05264093E+00  1.10395676E+00
   186  5.58000000E+01  1.10394311E+00  1.05520631E+00  1.10394311E+00
   187  5.61000000E+01  1.10397289E+00  1.05780817E+00  1.10397289E+00
   188  5.64000000E+01  1.10396181E+00  1.06043840E+00  1.10396181E+00
   189  5.67000000E+01  1.10397792E+00  1.06308816E+00  1.10397792E+00
   190  5.70000000E+01  1.10396614E+00  1.06574785E+00  1.10396614E+00
   191  5.73000000E+01  1.10399397E+00  1.06840719E+00  1.10399397E+00
   192  5.76000000E+01  1.10398473E+00  1.07105525E+00  1.10398473E+00
   193  5.79000000E+01  1.10399904E+00  1.07368051E+00  1.10399904E+00
   194  5.82000000E+01  1.10398910E+00  1.07627096E+00  1.10398910E+00
   195  5.85000000E+01  1.10401498E+00  1.07881415E+00  1.10401498E+00
   196  5.88000000E+01  1.10400756E+00  1.08129731E+00  1.10400756E+00
   197  5.91000000E+01  1.10402007E+00  1.08370750E+00  1.10402007E+00
   198  5.94000000E+01  1.10401195E+00  1.08603175E+00  1.10401195E+00
   199  5.97000000E+01  1.10403589E+00  1.08825718E+00  1.10403589E+00
   200  6.00000000E+01  1.10403027E+00  1.09037125E+00  1.10403027E+00
   201  6.03000000E+01  1.10404099E+00  1.09236197E+00  1.10404099E+00
   202  6.06000000E+01  1.10403468E+00  1.09421807E+00  1.10403468E+00
   203  6.09000000E+01  1.10405669E+00  1.09592934E+00  1.10405669E+00
   204  6.12000000E+01  1.10405285E+00  1.09748684E+00  1.10405285E+00
   205  6.15000000E+01  1.10406177E+00  1.09888323E+00  1.10406177E+00
   206  6.18000000E+01  1.10405725E+00  1.10011304E+00  1.10405725E+00
   207  6.21000000E+01  1.10407735E+00  1.10117294E+00  1.10407735E+00
   208  6.24000000E+01  1.10407528E+00  1.10206203E+00  1.10407528E+00
   209  6.27000000E+01  1.10408232E+00  1.10278205E+00  1.10408232E+00
   210  6.30000000E+01  1.10407963E+00  1.10333753E+00  1.10407963E+00
   211  6.33000000E+01  1.10409801E+00  1.10373592E+00  1.10409801E+00
   212  6.36000000E+01  1.10409776E+00  1.10398756E+00  1.10409776E+00
   213  6.39000000E+01  1.10410555E+00  1.10410555E+00  1.10410555E+00
   214  6.42000000E+01  1.10410554E+00  1.10410554E+00  1.10410554E+00
   215  6.45000000E+01  1.10400530E+00  1.10400530E+00  1.10400530E+00
   216  6.48000000E+01  1.10382427E+00  1.10382427E+00  1.10382427E+00
   217  6.51000000E+01  1.10358285E+00  1.10358285E+00  1.10358285E+00
   218  6.54000000E+01  1.10330172E+00  1.10330172E+00  1.10330172E+00
   219  6.57000000E+01  1.10300103E+00  1.10300103E+00  1.10300103E+00
   220  6.60000000E+01  1.10269957E+00  1.10269957E+00  1.10269957E+00
   221  6.63000000E+01  1.10241403E+00  1.10241403E+00  1.10241403E+00
   222  6.66000000E+01  1.10215829E+00  1.10215829E+00  1.10215829E+00
   223  6.69000000E+01  1.10210542E+00  1.10194287E+00  1.10210542E+00
   224  6.72000000E+01  1.10210542E+00  1.10177464E+00  1.10210542E+00
   225  6.75000000E+01  1.10210542E+00  1.10165666E+00  1.10210542E+00
   226  6.78000000E+01  1.10210542E+00  1.10158836E+00  1.10210542E+00
   227  6.81000000E+01  1.10210542E+00  1.10156588E+00  1.10210542E+00
   228  6.84000000E+01  1.10210542E+00  1.10158266E+00  1.10210542E+00
   229  6.87000000E+01  1.10210542E+00  1.10163023E+00  1.10210542E+00
   230  6.90000000E+01  1.10210542E+00  1.10169904E+00  1.10210542E+00
   231  6.93000000E+01  1.10210542E+00  1.10177931E+00  1.10210542E+00
   232  6.96000000E+01  1.10210542E+00  1.10186190E+00  1.10210542E+00
   233  6.99000000E+01  1.10210542E+00  1.10193896E+00  1.10210542E+00
   234  7.02000000E+01  1.10210542E+00  1.10200446E+00  1.10210542E+00
   235  7.05000000E+01  1.10210542E+00  1.10205449E+00  1.10210542E+00
   236  7.08000000E+01  1.10210542E+00  1.10208727E+00  1.10210542E+00
   237  7.11000000E+01  1.10210542E+00  1.10210305E+00  1.10210542E+00
   238  7.14000000E+01  1.10210541E+00  1.10210371E+00  1.10210541E+00
   239  7.17000000E+01  1.10210541E+00  1.10209235E+00  1.10210541E+00
   240  7.20000000E+01  1.10210541E+00  1.10207273E+00  1.10210541E+00
   241  7.23000000E+01  1.10210541E+00  1.10204875E+00  1.10210541E+00
   242  7.26000000E+01  1.10210541E+00  1.10202402E+00  1.10210541E+00
   243  7.29000000E+01  1.10210541E+00  1.10200146E+00  1.10210541E+00
   244  7.32000000E+01  1.10210541E+00  1.10198314E+00  1.10210541E+00
   245  7.35000000E+01  1.10210541E+00  1.10197019E+00  1.10210541E+00
   246  7.38000000E+01  1.10210541E+00  1.10196283E+00  1.10210541E+00
   247  7.41000000E+01  1.10210541E+00  1.10196054E+00  1.10210541E+00
   248  7.44000000E+01  1.10210541E+00  1.10196228E+00  1.10210541E+00
   249  7.47000000E+01  1.10210541E+00  1.10196675E+00  1.10210541E+00
   250  7.50000000E+01  1.10210541E+00  1.10197258E+00  1.10210541E+00
   251  7.53000000E+01  1.10210541E+00  1.10197857E+00  1.10210541E+00
   252  7.56000000E+01  1.10210541E+00  1.10198376E+00  1.10210541E+00
   253  7.59000000E+01  1.10210541E+00  1.10198757E+00  1.10210541E+00
   254  7.62000000E+01  1.10210541E+00  1.10198975E+00  1.10210541E+00
   255  7.65000000E+01  1.10210541E+00  1.10199034E+00  1.10210541E+00
 steady-height stop at step    255: changes <=   1.0000E-05, max-end <=   1.0000E-02, max/end/gap/profile_change =   1.10210541E+00  1.10199034E+00  1.15066982E-04  2.14716517E-06


STDERR:
