COMMAND:
/shared/generate_rom_data/extrudate_swell2d_c_cluster

STDOUT:
 comppar: model =   6
 comppar: lambda,mobility/eps,betav,eta_0 =  1.0000E+01  2.3333E-01  1.0000E-01  1.0000E+00
 comppar: eta_s,eta_p,G =  1.0000E-01  9.0000E-01  9.0000E-02
 comppar: U_avg,deltat,flowrate,nsteps =  1.0000E-01  3.0000E-01  3.1416E-01     700
 comppar: geometry = axisymmetric
 comppar: steady stop change,gap,hold,min =  1.0000E-05  1.0000E-02      10      80
 comppar: ncompc,ncompg =     4     5
 mesh nnodes = 5765
 mesh nelem = 2780
 P1 BC   5.0000000000000000     
 P2 BC   0.0000000000000000     
     1  3.00000000E-01  1.00378016E+00  1.00000000E+00  1.00378016E+00
     2  6.00000000E-01  1.00743757E+00  1.00000000E+00  1.00743757E+00
     3  9.00000000E-01  1.01095294E+00  1.00000000E+00  1.01095294E+00
     4  1.20000000E+00  1.01436026E+00  1.00000000E+00  1.01436026E+00
     5  1.50000000E+00  1.01767166E+00  1.00000000E+00  1.01767166E+00
     6  1.80000000E+00  1.02091691E+00  1.00000000E+00  1.02091691E+00
     7  2.10000000E+00  1.02412476E+00  1.00000001E+00  1.02412476E+00
     8  2.40000000E+00  1.02731178E+00  1.00000001E+00  1.02731178E+00
     9  2.70000000E+00  1.03048828E+00  1.00000001E+00  1.03048828E+00
    10  3.00000000E+00  1.03368573E+00  1.00000001E+00  1.03368573E+00
    11  3.30000000E+00  1.03690027E+00  1.00000001E+00  1.03690027E+00
    12  3.60000000E+00  1.04014716E+00  1.00000001E+00  1.04014716E+00
    13  3.90000000E+00  1.04342023E+00  1.00000001E+00  1.04342023E+00
    14  4.20000000E+00  1.04674403E+00  1.00000001E+00  1.04674403E+00
    15  4.50000000E+00  1.05007325E+00  1.00000001E+00  1.05007325E+00
    16  4.80000000E+00  1.05347298E+00  1.00000001E+00  1.05347298E+00
    17  5.10000000E+00  1.05689770E+00  1.00000001E+00  1.05689770E+00
    18  5.40000000E+00  1.06032677E+00  1.00000001E+00  1.06032677E+00
    19  5.70000000E+00  1.06377071E+00  1.00000001E+00  1.06377071E+00
    20  6.00000000E+00  1.06726863E+00  1.00000001E+00  1.06726863E+00
    21  6.30000000E+00  1.07075659E+00  1.00000000E+00  1.07075659E+00
    22  6.60000000E+00  1.07422728E+00  9.99999998E-01  1.07422728E+00
    23  6.90000000E+00  1.07767228E+00  9.99999994E-01  1.07767228E+00
    24  7.20000000E+00  1.08108194E+00  9.99999988E-01  1.08108194E+00
    25  7.50000000E+00  1.08450093E+00  9.99999981E-01  1.08450093E+00
    26  7.80000000E+00  1.08789810E+00  9.99999972E-01  1.08789810E+00
    27  8.10000000E+00  1.09123354E+00  9.99999963E-01  1.09123354E+00
    28  8.40000000E+00  1.09449772E+00  9.99999952E-01  1.09449772E+00
    29  8.70000000E+00  1.09768454E+00  9.99999939E-01  1.09768454E+00
    30  9.00000000E+00  1.10084428E+00  9.99999924E-01  1.10084428E+00
    31  9.30000000E+00  1.10396436E+00  9.99999907E-01  1.10396436E+00
    32  9.60000000E+00  1.10700876E+00  9.99999888E-01  1.10700876E+00
    33  9.90000000E+00  1.10998960E+00  9.99999866E-01  1.10998960E+00
    34  1.02000000E+01  1.11291955E+00  9.99999842E-01  1.11291955E+00
    35  1.05000000E+01  1.11580159E+00  9.99999814E-01  1.11580159E+00
    36  1.08000000E+01  1.11864571E+00  9.99999783E-01  1.11864571E+00
    37  1.11000000E+01  1.12147700E+00  9.99999748E-01  1.12147700E+00
    38  1.14000000E+01  1.12421854E+00  9.99999709E-01  1.12421854E+00
    39  1.17000000E+01  1.12681572E+00  9.99999666E-01  1.12681572E+00
    40  1.20000000E+01  1.12937903E+00  9.99999617E-01  1.12937903E+00
    41  1.23000000E+01  1.13185991E+00  9.99999563E-01  1.13185991E+00
    42  1.26000000E+01  1.13409702E+00  9.99999503E-01  1.13409702E+00
    43  1.29000000E+01  1.13640939E+00  9.99999437E-01  1.13640939E+00
    44  1.32000000E+01  1.13853952E+00  9.99999364E-01  1.13853952E+00
    45  1.35000000E+01  1.14053240E+00  9.99999283E-01  1.14053240E+00
    46  1.38000000E+01  1.14256063E+00  9.99999194E-01  1.14256063E+00
    47  1.41000000E+01  1.14428774E+00  9.99999096E-01  1.14428774E+00
    48  1.44000000E+01  1.14598784E+00  9.99998989E-01  1.14598784E+00
    49  1.47000000E+01  1.14767987E+00  9.99998871E-01  1.14767987E+00
    50  1.50000000E+01  1.14909104E+00  9.99998741E-01  1.14909104E+00
    51  1.53000000E+01  1.15060115E+00  9.99998600E-01  1.15060115E+00
    52  1.56000000E+01  1.15196930E+00  9.99998445E-01  1.15196930E+00
    53  1.59000000E+01  1.15309882E+00  9.99998277E-01  1.15309882E+00
    54  1.62000000E+01  1.15439236E+00  9.99998093E-01  1.15439236E+00
    55  1.65000000E+01  1.15555921E+00  9.99997892E-01  1.15555921E+00
    56  1.68000000E+01  1.15653564E+00  9.99997675E-01  1.15653564E+00
    57  1.71000000E+01  1.15757722E+00  9.99997438E-01  1.15757722E+00
    58  1.74000000E+01  1.15855577E+00  9.99997182E-01  1.15855577E+00
    59  1.77000000E+01  1.15939372E+00  9.99996903E-01  1.15939372E+00
    60  1.80000000E+01  1.16018880E+00  9.99996602E-01  1.16018880E+00
    61  1.83000000E+01  1.16105096E+00  9.99996276E-01  1.16105096E+00
    62  1.86000000E+01  1.16180352E+00  9.99995924E-01  1.16180352E+00
    63  1.89000000E+01  1.16247896E+00  9.99995544E-01  1.16247896E+00
    64  1.92000000E+01  1.16309355E+00  9.99995133E-01  1.16309355E+00
    65  1.95000000E+01  1.16373555E+00  9.99994691E-01  1.16373555E+00
    66  1.98000000E+01  1.16435920E+00  9.99994215E-01  1.16435920E+00
    67  2.01000000E+01  1.16492869E+00  9.99993703E-01  1.16492869E+00
    68  2.04000000E+01  1.16543770E+00  9.99993153E-01  1.16543770E+00
    69  2.07000000E+01  1.16594191E+00  9.99992561E-01  1.16594191E+00
    70  2.10000000E+01  1.16644990E+00  9.99991927E-01  1.16644990E+00
    71  2.13000000E+01  1.16689609E+00  9.99991247E-01  1.16689609E+00
    72  2.16000000E+01  1.16727603E+00  9.99990519E-01  1.16727603E+00
    73  2.19000000E+01  1.16764302E+00  9.99989739E-01  1.16764302E+00
    74  2.22000000E+01  1.16804101E+00  9.99988906E-01  1.16804101E+00
    75  2.25000000E+01  1.16837149E+00  9.99988015E-01  1.16837149E+00
    76  2.28000000E+01  1.16863961E+00  9.99987064E-01  1.16863961E+00
    77  2.31000000E+01  1.16885782E+00  9.99986049E-01  1.16885782E+00
    78  2.34000000E+01  1.16914398E+00  9.99984967E-01  1.16914398E+00
    79  2.37000000E+01  1.16937853E+00  9.99983815E-01  1.16937853E+00
    80  2.40000000E+01  1.16957340E+00  9.99982589E-01  1.16957340E+00
    81  2.43000000E+01  1.16974223E+00  9.99981285E-01  1.16974223E+00
    82  2.46000000E+01  1.16989769E+00  9.99979900E-01  1.16989769E+00
    83  2.49000000E+01  1.17006056E+00  9.99978428E-01  1.17006056E+00
    84  2.52000000E+01  1.17021872E+00  9.99976868E-01  1.17021872E+00
    85  2.55000000E+01  1.17037230E+00  9.99975214E-01  1.17037230E+00
    86  2.58000000E+01  1.17052829E+00  9.99973462E-01  1.17052829E+00
    87  2.61000000E+01  1.17069081E+00  9.99971608E-01  1.17069081E+00
    88  2.64000000E+01  1.17085591E+00  9.99969648E-01  1.17085591E+00
    89  2.67000000E+01  1.17102489E+00  9.99967577E-01  1.17102489E+00
    90  2.70000000E+01  1.17119358E+00  9.99965392E-01  1.17119358E+00
    91  2.73000000E+01  1.17135941E+00  9.99963087E-01  1.17135941E+00
    92  2.76000000E+01  1.17152072E+00  9.99960659E-01  1.17152072E+00
    93  2.79000000E+01  1.17167695E+00  9.99958104E-01  1.17167695E+00
    94  2.82000000E+01  1.17182840E+00  9.99955416E-01  1.17182840E+00
    95  2.85000000E+01  1.17197591E+00  9.99952593E-01  1.17197591E+00
    96  2.88000000E+01  1.17212048E+00  9.99949630E-01  1.17212048E+00
    97  2.91000000E+01  1.17226305E+00  9.99946524E-01  1.17226305E+00
    98  2.94000000E+01  1.17240426E+00  9.99943271E-01  1.17240426E+00
    99  2.97000000E+01  1.17254448E+00  9.99939867E-01  1.17254448E+00
   100  3.00000000E+01  1.17268381E+00  9.99936311E-01  1.17268381E+00
   101  3.03000000E+01  1.17282217E+00  9.99932598E-01  1.17282217E+00
   102  3.06000000E+01  1.17295934E+00  9.99928728E-01  1.17295934E+00
   103  3.09000000E+01  1.17309509E+00  9.99924699E-01  1.17309509E+00
   104  3.12000000E+01  1.17322917E+00  9.99920510E-01  1.17322917E+00
   105  3.15000000E+01  1.17336135E+00  9.99916159E-01  1.17336135E+00
   106  3.18000000E+01  1.17349142E+00  9.99911648E-01  1.17349142E+00
   107  3.21000000E+01  1.17361917E+00  9.99906978E-01  1.17361917E+00
   108  3.24000000E+01  1.17374441E+00  9.99902151E-01  1.17374441E+00
   109  3.27000000E+01  1.17386696E+00  9.99897169E-01  1.17386696E+00
   110  3.30000000E+01  1.17398665E+00  9.99892038E-01  1.17398665E+00
   111  3.33000000E+01  1.17410330E+00  9.99886763E-01  1.17410330E+00
   112  3.36000000E+01  1.17422433E+00  9.99881352E-01  1.17422433E+00
   113  3.39000000E+01  1.17434243E+00  9.99875812E-01  1.17434243E+00
   114  3.42000000E+01  1.17445732E+00  9.99870155E-01  1.17445732E+00
   115  3.45000000E+01  1.17456887E+00  9.99864393E-01  1.17456887E+00
   116  3.48000000E+01  1.17467695E+00  9.99858542E-01  1.17467695E+00
   117  3.51000000E+01  1.17478149E+00  9.99852617E-01  1.17478149E+00
   118  3.54000000E+01  1.17488240E+00  9.99846640E-01  1.17488240E+00
   119  3.57000000E+01  1.17497964E+00  9.99840632E-01  1.17497964E+00
   120  3.60000000E+01  1.17507318E+00  9.99834618E-01  1.17507318E+00
   121  3.63000000E+01  1.17516302E+00  9.99828630E-01  1.17516302E+00
   122  3.66000000E+01  1.17524915E+00  9.99822698E-01  1.17524915E+00
   123  3.69000000E+01  1.17533161E+00  9.99816860E-01  1.17533161E+00
   124  3.72000000E+01  1.17541044E+00  9.99811158E-01  1.17541044E+00
   125  3.75000000E+01  1.17548569E+00  9.99805638E-01  1.17548569E+00
   126  3.78000000E+01  1.17555742E+00  9.99800351E-01  1.17555742E+00
   127  3.81000000E+01  1.17562569E+00  9.99795354E-01  1.17562569E+00
   128  3.84000000E+01  1.17569060E+00  9.99790710E-01  1.17569060E+00
   129  3.87000000E+01  1.17575380E+00  9.99786489E-01  1.17575380E+00
   130  3.90000000E+01  1.17581961E+00  9.99782766E-01  1.17581961E+00
   131  3.93000000E+01  1.17588209E+00  9.99779626E-01  1.17588209E+00
   132  3.96000000E+01  1.17594135E+00  9.99777160E-01  1.17594135E+00
   133  3.99000000E+01  1.17599747E+00  9.99775470E-01  1.17599747E+00
   134  4.02000000E+01  1.17605057E+00  9.99774664E-01  1.17605057E+00
   135  4.05000000E+01  1.17610074E+00  9.99774865E-01  1.17610074E+00
   136  4.08000000E+01  1.17614811E+00  9.99776202E-01  1.17614811E+00
   137  4.11000000E+01  1.17619277E+00  9.99778819E-01  1.17619277E+00
   138  4.14000000E+01  1.17623485E+00  9.99782872E-01  1.17623485E+00
   139  4.17000000E+01  1.17627446E+00  9.99788530E-01  1.17627446E+00
   140  4.20000000E+01  1.17631170E+00  9.99795977E-01  1.17631170E+00
   141  4.23000000E+01  1.17634671E+00  9.99805413E-01  1.17634671E+00
   142  4.26000000E+01  1.17637957E+00  9.99817052E-01  1.17637957E+00
   143  4.29000000E+01  1.17641041E+00  9.99831130E-01  1.17641041E+00
   144  4.32000000E+01  1.17643932E+00  9.99847897E-01  1.17643932E+00
   145  4.35000000E+01  1.17646642E+00  9.99867627E-01  1.17646642E+00
   146  4.38000000E+01  1.17649180E+00  9.99890613E-01  1.17649180E+00
   147  4.41000000E+01  1.17651556E+00  9.99917171E-01  1.17651556E+00
   148  4.44000000E+01  1.17653778E+00  9.99947639E-01  1.17653778E+00
   149  4.47000000E+01  1.17655857E+00  9.99982385E-01  1.17655857E+00
   150  4.50000000E+01  1.17657801E+00  1.00002180E+00  1.17657801E+00
   151  4.53000000E+01  1.17659618E+00  1.00006630E+00  1.17659618E+00
   152  4.56000000E+01  1.17661316E+00  1.00011634E+00  1.17661316E+00
   153  4.59000000E+01  1.17662903E+00  1.00017240E+00  1.17662903E+00
   154  4.62000000E+01  1.17664385E+00  1.00023500E+00  1.17664385E+00
   155  4.65000000E+01  1.17665770E+00  1.00030469E+00  1.17665770E+00
   156  4.68000000E+01  1.17667063E+00  1.00038207E+00  1.17667063E+00
   157  4.71000000E+01  1.17668272E+00  1.00046775E+00  1.17668272E+00
   158  4.74000000E+01  1.17669401E+00  1.00056241E+00  1.17669401E+00
   159  4.77000000E+01  1.17670456E+00  1.00066678E+00  1.17670456E+00
   160  4.80000000E+01  1.17671442E+00  1.00078161E+00  1.17671442E+00
   161  4.83000000E+01  1.17672364E+00  1.00090772E+00  1.17672364E+00
   162  4.86000000E+01  1.17673226E+00  1.00104597E+00  1.17673226E+00
   163  4.89000000E+01  1.17674033E+00  1.00119728E+00  1.17674033E+00
   164  4.92000000E+01  1.17674787E+00  1.00136262E+00  1.17674787E+00
   165  4.95000000E+01  1.17675494E+00  1.00154302E+00  1.17675494E+00
   166  4.98000000E+01  1.17676156E+00  1.00173959E+00  1.17676156E+00
   167  5.01000000E+01  1.17676777E+00  1.00195347E+00  1.17676777E+00
   168  5.04000000E+01  1.17677359E+00  1.00218588E+00  1.17677359E+00
   169  5.07000000E+01  1.17677905E+00  1.00243813E+00  1.17677905E+00
   170  5.10000000E+01  1.17678492E+00  1.00271157E+00  1.17678492E+00
   171  5.13000000E+01  1.17679046E+00  1.00300762E+00  1.17679046E+00
   172  5.16000000E+01  1.17679566E+00  1.00332781E+00  1.17679566E+00
   173  5.19000000E+01  1.17680055E+00  1.00367372E+00  1.17680055E+00
   174  5.22000000E+01  1.17680515E+00  1.00404701E+00  1.17680515E+00
   175  5.25000000E+01  1.17680948E+00  1.00444942E+00  1.17680948E+00
   176  5.28000000E+01  1.17681355E+00  1.00488279E+00  1.17681355E+00
   177  5.31000000E+01  1.17681738E+00  1.00534900E+00  1.17681738E+00
   178  5.34000000E+01  1.17682100E+00  1.00585006E+00  1.17682100E+00
   179  5.37000000E+01  1.17682442E+00  1.00638803E+00  1.17682442E+00
   180  5.40000000E+01  1.17682764E+00  1.00696506E+00  1.17682764E+00
   181  5.43000000E+01  1.17683069E+00  1.00758339E+00  1.17683069E+00
   182  5.46000000E+01  1.17683357E+00  1.00824531E+00  1.17683357E+00
   183  5.49000000E+01  1.17683630E+00  1.00895320E+00  1.17683630E+00
   184  5.52000000E+01  1.17683888E+00  1.00970952E+00  1.17683888E+00
   185  5.55000000E+01  1.17684133E+00  1.01051676E+00  1.17684133E+00
   186  5.58000000E+01  1.17684365E+00  1.01137750E+00  1.17684365E+00
   187  5.61000000E+01  1.17684586E+00  1.01229434E+00  1.17684586E+00
   188  5.64000000E+01  1.17684795E+00  1.01326991E+00  1.17684795E+00
   189  5.67000000E+01  1.17684994E+00  1.01430689E+00  1.17684994E+00
   190  5.70000000E+01  1.17685184E+00  1.01540794E+00  1.17685184E+00
   191  5.73000000E+01  1.17685364E+00  1.01657575E+00  1.17685364E+00
   192  5.76000000E+01  1.17685536E+00  1.01781296E+00  1.17685536E+00
   193  5.79000000E+01  1.17685699E+00  1.01912218E+00  1.17685699E+00
   194  5.82000000E+01  1.17685855E+00  1.02050597E+00  1.17685855E+00
   195  5.85000000E+01  1.17686004E+00  1.02196680E+00  1.17686004E+00
   196  5.88000000E+01  1.17686145E+00  1.02350705E+00  1.17686145E+00
   197  5.91000000E+01  1.17686281E+00  1.02512896E+00  1.17686281E+00
   198  5.94000000E+01  1.17686410E+00  1.02683461E+00  1.17686410E+00
   199  5.97000000E+01  1.17686534E+00  1.02862589E+00  1.17686534E+00
   200  6.00000000E+01  1.17686652E+00  1.03050449E+00  1.17686652E+00
   201  6.03000000E+01  1.17686765E+00  1.03247182E+00  1.17686765E+00
   202  6.06000000E+01  1.17686873E+00  1.03452901E+00  1.17686873E+00
   203  6.09000000E+01  1.17686976E+00  1.03667684E+00  1.17686976E+00
   204  6.12000000E+01  1.17687075E+00  1.03891575E+00  1.17687075E+00
   205  6.15000000E+01  1.17687170E+00  1.04124576E+00  1.17687170E+00
   206  6.18000000E+01  1.17687260E+00  1.04366646E+00  1.17687260E+00
   207  6.21000000E+01  1.17687347E+00  1.04617697E+00  1.17687347E+00
   208  6.24000000E+01  1.17687430E+00  1.04877594E+00  1.17687430E+00
   209  6.27000000E+01  1.17687510E+00  1.05146148E+00  1.17687510E+00
   210  6.30000000E+01  1.17687586E+00  1.05423119E+00  1.17687586E+00
   211  6.33000000E+01  1.17687659E+00  1.05708214E+00  1.17687659E+00
   212  6.36000000E+01  1.17687730E+00  1.06001086E+00  1.17687730E+00
   213  6.39000000E+01  1.17687797E+00  1.06301334E+00  1.17687797E+00
   214  6.42000000E+01  1.17687861E+00  1.06608507E+00  1.17687861E+00
   215  6.45000000E+01  1.17687923E+00  1.06922102E+00  1.17687923E+00
   216  6.48000000E+01  1.17687982E+00  1.07241568E+00  1.17687982E+00
   217  6.51000000E+01  1.17688039E+00  1.07566311E+00  1.17688039E+00
   218  6.54000000E+01  1.17688094E+00  1.07895692E+00  1.17688094E+00
   219  6.57000000E+01  1.17688146E+00  1.08229038E+00  1.17688146E+00
   220  6.60000000E+01  1.17688197E+00  1.08565638E+00  1.17688197E+00
   221  6.63000000E+01  1.17688245E+00  1.08904753E+00  1.17688245E+00
   222  6.66000000E+01  1.17688291E+00  1.09245617E+00  1.17688291E+00
   223  6.69000000E+01  1.17688336E+00  1.09587442E+00  1.17688336E+00
   224  6.72000000E+01  1.17688378E+00  1.09929425E+00  1.17688378E+00
   225  6.75000000E+01  1.17688419E+00  1.10270746E+00  1.17688419E+00
   226  6.78000000E+01  1.17688458E+00  1.10610576E+00  1.17688458E+00
   227  6.81000000E+01  1.17688496E+00  1.10948080E+00  1.17688496E+00
   228  6.84000000E+01  1.17688532E+00  1.11282419E+00  1.17688532E+00
   229  6.87000000E+01  1.17688567E+00  1.11612755E+00  1.17688567E+00
   230  6.90000000E+01  1.17688600E+00  1.11938249E+00  1.17688600E+00
   231  6.93000000E+01  1.17688632E+00  1.12258068E+00  1.17688632E+00
   232  6.96000000E+01  1.17688663E+00  1.12571382E+00  1.17688663E+00
   233  6.99000000E+01  1.17688693E+00  1.12877362E+00  1.17688693E+00
   234  7.02000000E+01  1.17688721E+00  1.13175182E+00  1.17688721E+00
   235  7.05000000E+01  1.17688748E+00  1.13464009E+00  1.17688748E+00
   236  7.08000000E+01  1.17688775E+00  1.13743005E+00  1.17688775E+00
   237  7.11000000E+01  1.17688800E+00  1.14011314E+00  1.17688800E+00
   238  7.14000000E+01  1.17688824E+00  1.14268066E+00  1.17688824E+00
   239  7.17000000E+01  1.17688847E+00  1.14512372E+00  1.17688847E+00
   240  7.20000000E+01  1.17688869E+00  1.14743329E+00  1.17688869E+00
   241  7.23000000E+01  1.17688891E+00  1.14960035E+00  1.17688891E+00
   242  7.26000000E+01  1.17688911E+00  1.15161611E+00  1.17688911E+00
   243  7.29000000E+01  1.17688931E+00  1.15347237E+00  1.17688931E+00
   244  7.32000000E+01  1.17688950E+00  1.15516193E+00  1.17688950E+00
   245  7.35000000E+01  1.17688968E+00  1.15667919E+00  1.17688968E+00
   246  7.38000000E+01  1.17688986E+00  1.15802069E+00  1.17688986E+00
   247  7.41000000E+01  1.17689003E+00  1.15918578E+00  1.17689003E+00
   248  7.44000000E+01  1.17689019E+00  1.16017708E+00  1.17689019E+00
   249  7.47000000E+01  1.17689034E+00  1.16100088E+00  1.17689034E+00
   250  7.50000000E+01  1.17689049E+00  1.16166732E+00  1.17689049E+00
   251  7.53000000E+01  1.17689064E+00  1.16219025E+00  1.17689064E+00
   252  7.56000000E+01  1.17689077E+00  1.16258682E+00  1.17689077E+00
   253  7.59000000E+01  1.17689091E+00  1.16287678E+00  1.17689091E+00
   254  7.62000000E+01  1.17689103E+00  1.16308148E+00  1.17689103E+00
   255  7.65000000E+01  1.17689116E+00  1.16322275E+00  1.17689116E+00
   256  7.68000000E+01  1.17689127E+00  1.16332166E+00  1.17689127E+00
   257  7.71000000E+01  1.17689139E+00  1.16339739E+00  1.17689139E+00
   258  7.74000000E+01  1.17689150E+00  1.16346621E+00  1.17689150E+00
   259  7.77000000E+01  1.17689160E+00  1.16354082E+00  1.17689160E+00
   260  7.80000000E+01  1.17689170E+00  1.16362994E+00  1.17689170E+00
   261  7.83000000E+01  1.17689180E+00  1.16373837E+00  1.17689180E+00
   262  7.86000000E+01  1.17689189E+00  1.16386735E+00  1.17689189E+00
   263  7.89000000E+01  1.17689198E+00  1.16401521E+00  1.17689198E+00
   264  7.92000000E+01  1.17689207E+00  1.16417824E+00  1.17689207E+00
   265  7.95000000E+01  1.17689215E+00  1.16435161E+00  1.17689215E+00
   266  7.98000000E+01  1.17689223E+00  1.16453026E+00  1.17689223E+00
   267  8.01000000E+01  1.17689230E+00  1.16470962E+00  1.17689230E+00
   268  8.04000000E+01  1.17689238E+00  1.16488612E+00  1.17689238E+00
   269  8.07000000E+01  1.17689245E+00  1.16505752E+00  1.17689245E+00
   270  8.10000000E+01  1.17689252E+00  1.16522283E+00  1.17689252E+00
   271  8.13000000E+01  1.17689258E+00  1.16538223E+00  1.17689258E+00
   272  8.16000000E+01  1.17689264E+00  1.16553666E+00  1.17689264E+00
   273  8.19000000E+01  1.17689270E+00  1.16568748E+00  1.17689270E+00
   274  8.22000000E+01  1.17689276E+00  1.16583609E+00  1.17689276E+00
   275  8.25000000E+01  1.17689282E+00  1.16598363E+00  1.17689282E+00
   276  8.28000000E+01  1.17689287E+00  1.16613076E+00  1.17689287E+00
   277  8.31000000E+01  1.17689292E+00  1.16627764E+00  1.17689292E+00
   278  8.34000000E+01  1.17689297E+00  1.16642393E+00  1.17689297E+00
   279  8.37000000E+01  1.17689302E+00  1.16656895E+00  1.17689302E+00
   280  8.40000000E+01  1.17689307E+00  1.16671187E+00  1.17689307E+00
   281  8.43000000E+01  1.17689311E+00  1.16685185E+00  1.17689311E+00
   282  8.46000000E+01  1.17689315E+00  1.16698820E+00  1.17689315E+00
   283  8.49000000E+01  1.17689319E+00  1.16712051E+00  1.17689319E+00
   284  8.52000000E+01  1.17689323E+00  1.16724862E+00  1.17689323E+00
   285  8.55000000E+01  1.17689327E+00  1.16737262E+00  1.17689327E+00
   286  8.58000000E+01  1.17689331E+00  1.16749281E+00  1.17689331E+00
   287  8.61000000E+01  1.17689334E+00  1.16760952E+00  1.17689334E+00
   288  8.64000000E+01  1.17689338E+00  1.16772308E+00  1.17689338E+00
   289  8.67000000E+01  1.17689341E+00  1.16783374E+00  1.17689341E+00
   290  8.70000000E+01  1.17689344E+00  1.16794159E+00  1.17689344E+00
   291  8.73000000E+01  1.17689347E+00  1.16804655E+00  1.17689347E+00
   292  8.76000000E+01  1.17689350E+00  1.16814843E+00  1.17689350E+00
   293  8.79000000E+01  1.17689353E+00  1.16824695E+00  1.17689353E+00
   294  8.82000000E+01  1.17689355E+00  1.16834178E+00  1.17689355E+00
   295  8.85000000E+01  1.17689358E+00  1.16843264E+00  1.17689358E+00
   296  8.88000000E+01  1.17689360E+00  1.16851931E+00  1.17689360E+00
   297  8.91000000E+01  1.17689363E+00  1.16860166E+00  1.17689363E+00
   298  8.94000000E+01  1.17689365E+00  1.16867970E+00  1.17689365E+00
   299  8.97000000E+01  1.17689367E+00  1.16875351E+00  1.17689367E+00
   300  9.00000000E+01  1.17689369E+00  1.16882327E+00  1.17689369E+00
   301  9.03000000E+01  1.17689371E+00  1.16888921E+00  1.17689371E+00
   302  9.06000000E+01  1.17689373E+00  1.16895156E+00  1.17689373E+00
   303  9.09000000E+01  1.17689375E+00  1.16901057E+00  1.17689375E+00
   304  9.12000000E+01  1.17689377E+00  1.16906643E+00  1.17689377E+00
   305  9.15000000E+01  1.17689379E+00  1.16911931E+00  1.17689379E+00
   306  9.18000000E+01  1.17689380E+00  1.16916936E+00  1.17689380E+00
   307  9.21000000E+01  1.17689382E+00  1.16921667E+00  1.17689382E+00
   308  9.24000000E+01  1.17689384E+00  1.16926133E+00  1.17689384E+00
   309  9.27000000E+01  1.17689385E+00  1.16930341E+00  1.17689385E+00
   310  9.30000000E+01  1.17689387E+00  1.16934298E+00  1.17689387E+00
   311  9.33000000E+01  1.17689388E+00  1.16938012E+00  1.17689388E+00
   312  9.36000000E+01  1.17689389E+00  1.16941493E+00  1.17689389E+00
   313  9.39000000E+01  1.17689391E+00  1.16944751E+00  1.17689391E+00
   314  9.42000000E+01  1.17689392E+00  1.16947799E+00  1.17689392E+00
   315  9.45000000E+01  1.17689393E+00  1.16950649E+00  1.17689393E+00
   316  9.48000000E+01  1.17689394E+00  1.16953312E+00  1.17689394E+00
   317  9.51000000E+01  1.17689395E+00  1.16955802E+00  1.17689395E+00
   318  9.54000000E+01  1.17689396E+00  1.16958129E+00  1.17689396E+00
   319  9.57000000E+01  1.17689397E+00  1.16960304E+00  1.17689397E+00
   320  9.60000000E+01  1.17689398E+00  1.16962337E+00  1.17689398E+00
   321  9.63000000E+01  1.17689399E+00  1.16964238E+00  1.17689399E+00
   322  9.66000000E+01  1.17689400E+00  1.16966014E+00  1.17689400E+00
   323  9.69000000E+01  1.17689401E+00  1.16967673E+00  1.17689401E+00
   324  9.72000000E+01  1.17689402E+00  1.16969222E+00  1.17689402E+00
   325  9.75000000E+01  1.17689403E+00  1.16970669E+00  1.17689403E+00
   326  9.78000000E+01  1.17689404E+00  1.16972019E+00  1.17689404E+00
   327  9.81000000E+01  1.17689404E+00  1.16973279E+00  1.17689404E+00
   328  9.84000000E+01  1.17689405E+00  1.16974456E+00  1.17689405E+00
   329  9.87000000E+01  1.17689406E+00  1.16975555E+00  1.17689406E+00
   330  9.90000000E+01  1.17689407E+00  1.16976581E+00  1.17689407E+00
   331  9.93000000E+01  1.17689407E+00  1.16977539E+00  1.17689407E+00
   332  9.96000000E+01  1.17689408E+00  1.16978436E+00  1.17689408E+00
   333  9.99000000E+01  1.17689408E+00  1.16979274E+00  1.17689408E+00
   334  1.00200000E+02  1.17689409E+00  1.16980058E+00  1.17689409E+00
   335  1.00500000E+02  1.17689410E+00  1.16980793E+00  1.17689410E+00
   336  1.00800000E+02  1.17689410E+00  1.16981481E+00  1.17689410E+00
   337  1.01100000E+02  1.17689411E+00  1.16982126E+00  1.17689411E+00
   338  1.01400000E+02  1.17689411E+00  1.16982731E+00  1.17689411E+00
   339  1.01700000E+02  1.17689412E+00  1.16983298E+00  1.17689412E+00
   340  1.02000000E+02  1.17689412E+00  1.16983831E+00  1.17689412E+00
 steady-height stop at step    340: changes <=   1.0000E-05, max-end <=   1.0000E-02, max/end/gap/profile_change =   1.17689412E+00  1.16983831E+00  7.05580739E-03  5.33038793E-06


STDERR:
