COMMAND:
/shared/generate_rom_data/extrudate_swell2d_c_cluster

STDOUT:
 comppar: model =   6
 comppar: lambda,mobility/eps,betav,eta_0 =  2.8000E+00  1.0000E-01  7.0000E-01  1.0000E+00
 comppar: eta_s,eta_p,G =  7.0000E-01  3.0000E-01  1.0714E-01
 comppar: U_avg,deltat,flowrate,nsteps =  1.0000E-01  3.0000E-01  3.1416E-01     700
 comppar: geometry = axisymmetric
 comppar: steady stop change,gap,hold,min =  1.0000E-05  1.0000E-02      10      80
 comppar: ncompc,ncompg =     4     5
 mesh nnodes = 5765
 mesh nelem = 2780
 P1 BC   5.0000000000000000     
 P2 BC   0.0000000000000000     
     1  3.00000000E-01  1.00379365E+00  1.00000000E+00  1.00379365E+00
     2  6.00000000E-01  1.00749973E+00  1.00000000E+00  1.00749973E+00
     3  9.00000000E-01  1.01111613E+00  1.00000000E+00  1.01111613E+00
     4  1.20000000E+00  1.01464730E+00  1.00000000E+00  1.01464730E+00
     5  1.50000000E+00  1.01809732E+00  1.00000000E+00  1.01809732E+00
     6  1.80000000E+00  1.02146626E+00  1.00000000E+00  1.02146626E+00
     7  2.10000000E+00  1.02476337E+00  1.00000000E+00  1.02476337E+00
     8  2.40000000E+00  1.02800515E+00  1.00000000E+00  1.02800515E+00
     9  2.70000000E+00  1.03118062E+00  1.00000000E+00  1.03118062E+00
    10  3.00000000E+00  1.03428835E+00  1.00000001E+00  1.03428835E+00
    11  3.30000000E+00  1.03735280E+00  1.00000000E+00  1.03735280E+00
    12  3.60000000E+00  1.04036581E+00  1.00000000E+00  1.04036581E+00
    13  3.90000000E+00  1.04330593E+00  1.00000000E+00  1.04330593E+00
    14  4.20000000E+00  1.04624017E+00  1.00000000E+00  1.04624017E+00
    15  4.50000000E+00  1.04908210E+00  9.99999998E-01  1.04908210E+00
    16  4.80000000E+00  1.05192306E+00  9.99999994E-01  1.05192306E+00
    17  5.10000000E+00  1.05468368E+00  9.99999989E-01  1.05468368E+00
    18  5.40000000E+00  1.05742938E+00  9.99999983E-01  1.05742938E+00
    19  5.70000000E+00  1.06007592E+00  9.99999975E-01  1.06007592E+00
    20  6.00000000E+00  1.06274488E+00  9.99999966E-01  1.06274488E+00
    21  6.30000000E+00  1.06528839E+00  9.99999954E-01  1.06528839E+00
    22  6.60000000E+00  1.06787391E+00  9.99999940E-01  1.06787391E+00
    23  6.90000000E+00  1.07033716E+00  9.99999924E-01  1.07033716E+00
    24  7.20000000E+00  1.07279453E+00  9.99999905E-01  1.07279453E+00
    25  7.50000000E+00  1.07519973E+00  9.99999884E-01  1.07519973E+00
    26  7.80000000E+00  1.07751271E+00  9.99999858E-01  1.07751271E+00
    27  8.10000000E+00  1.07985794E+00  9.99999829E-01  1.07985794E+00
    28  8.40000000E+00  1.08206643E+00  9.99999796E-01  1.08206643E+00
    29  8.70000000E+00  1.08427640E+00  9.99999759E-01  1.08427640E+00
    30  9.00000000E+00  1.08645078E+00  9.99999716E-01  1.08645078E+00
    31  9.30000000E+00  1.08848439E+00  9.99999669E-01  1.08848439E+00
    32  9.60000000E+00  1.09059479E+00  9.99999615E-01  1.09059479E+00
    33  9.90000000E+00  1.09259199E+00  9.99999555E-01  1.09259199E+00
    34  1.02000000E+01  1.09444658E+00  9.99999488E-01  1.09444658E+00
    35  1.05000000E+01  1.09642957E+00  9.99999414E-01  1.09642957E+00
    36  1.08000000E+01  1.09827983E+00  9.99999331E-01  1.09827983E+00
    37  1.11000000E+01  1.09998868E+00  9.99999240E-01  1.09998868E+00
    38  1.14000000E+01  1.10182997E+00  9.99999139E-01  1.10182997E+00
    39  1.17000000E+01  1.10353165E+00  9.99999027E-01  1.10353165E+00
    40  1.20000000E+01  1.10509487E+00  9.99998905E-01  1.10509487E+00
    41  1.23000000E+01  1.10676716E+00  9.99998770E-01  1.10676716E+00
    42  1.26000000E+01  1.10835228E+00  9.99998622E-01  1.10835228E+00
    43  1.29000000E+01  1.10980347E+00  9.99998460E-01  1.10980347E+00
    44  1.32000000E+01  1.11128916E+00  9.99998282E-01  1.11128916E+00
    45  1.35000000E+01  1.11275785E+00  9.99998089E-01  1.11275785E+00
    46  1.38000000E+01  1.11409806E+00  9.99997878E-01  1.11409806E+00
    47  1.41000000E+01  1.11539842E+00  9.99997648E-01  1.11539842E+00
    48  1.44000000E+01  1.11675992E+00  9.99997398E-01  1.11675992E+00
    49  1.47000000E+01  1.11799968E+00  9.99997126E-01  1.11799968E+00
    50  1.50000000E+01  1.11913150E+00  9.99996832E-01  1.11913150E+00
    51  1.53000000E+01  1.12038781E+00  9.99996512E-01  1.12038781E+00
    52  1.56000000E+01  1.12152995E+00  9.99996167E-01  1.12152995E+00
    53  1.59000000E+01  1.12256801E+00  9.99995793E-01  1.12256801E+00
    54  1.62000000E+01  1.12367080E+00  9.99995390E-01  1.12367080E+00
    55  1.65000000E+01  1.12472494E+00  9.99994955E-01  1.12472494E+00
    56  1.68000000E+01  1.12568341E+00  9.99994486E-01  1.12568341E+00
    57  1.71000000E+01  1.12662624E+00  9.99993981E-01  1.12662624E+00
    58  1.74000000E+01  1.12759671E+00  9.99993437E-01  1.12759671E+00
    59  1.77000000E+01  1.12848047E+00  9.99992854E-01  1.12848047E+00
    60  1.80000000E+01  1.12929036E+00  9.99992227E-01  1.12929036E+00
    61  1.83000000E+01  1.13018638E+00  9.99991555E-01  1.13018638E+00
    62  1.86000000E+01  1.13100360E+00  9.99990835E-01  1.13100360E+00
    63  1.89000000E+01  1.13175153E+00  9.99990064E-01  1.13175153E+00
    64  1.92000000E+01  1.13250162E+00  9.99989239E-01  1.13250162E+00
    65  1.95000000E+01  1.13325794E+00  9.99988358E-01  1.13325794E+00
    66  1.98000000E+01  1.13395235E+00  9.99987417E-01  1.13395235E+00
    67  2.01000000E+01  1.13459216E+00  9.99986414E-01  1.13459216E+00
    68  2.04000000E+01  1.13529115E+00  9.99985345E-01  1.13529115E+00
    69  2.07000000E+01  1.13593653E+00  9.99984206E-01  1.13593653E+00
    70  2.10000000E+01  1.13653228E+00  9.99982995E-01  1.13653228E+00
    71  2.13000000E+01  1.13710003E+00  9.99981708E-01  1.13710003E+00
    72  2.16000000E+01  1.13770211E+00  9.99980342E-01  1.13770211E+00
    73  2.19000000E+01  1.13825922E+00  9.99978892E-01  1.13825922E+00
    74  2.22000000E+01  1.13877561E+00  9.99977356E-01  1.13877561E+00
    75  2.25000000E+01  1.13928823E+00  9.99975730E-01  1.13928823E+00
    76  2.28000000E+01  1.13980843E+00  9.99974009E-01  1.13980843E+00
    77  2.31000000E+01  1.14029108E+00  9.99972191E-01  1.14029108E+00
    78  2.34000000E+01  1.14073908E+00  9.99970272E-01  1.14073908E+00
    79  2.37000000E+01  1.14118471E+00  9.99968248E-01  1.14118471E+00
    80  2.40000000E+01  1.14163764E+00  9.99966115E-01  1.14163764E+00
    81  2.43000000E+01  1.14205798E+00  9.99963870E-01  1.14205798E+00
    82  2.46000000E+01  1.14244771E+00  9.99961510E-01  1.14244771E+00
    83  2.49000000E+01  1.14283974E+00  9.99959032E-01  1.14283974E+00
    84  2.52000000E+01  1.14323304E+00  9.99956433E-01  1.14323304E+00
    85  2.55000000E+01  1.14359744E+00  9.99953709E-01  1.14359744E+00
    86  2.58000000E+01  1.14393438E+00  9.99950859E-01  1.14393438E+00
    87  2.61000000E+01  1.14427400E+00  9.99947881E-01  1.14427400E+00
    88  2.64000000E+01  1.14461502E+00  9.99944773E-01  1.14461502E+00
    89  2.67000000E+01  1.14492964E+00  9.99941533E-01  1.14492964E+00
    90  2.70000000E+01  1.14521901E+00  9.99938161E-01  1.14521901E+00
    91  2.73000000E+01  1.14551596E+00  9.99934657E-01  1.14551596E+00
    92  2.76000000E+01  1.14580880E+00  9.99931021E-01  1.14580880E+00
    93  2.79000000E+01  1.14607733E+00  9.99927255E-01  1.14607733E+00
    94  2.82000000E+01  1.14632252E+00  9.99923362E-01  1.14632252E+00
    95  2.85000000E+01  1.14658223E+00  9.99919344E-01  1.14658223E+00
    96  2.88000000E+01  1.14683098E+00  9.99915205E-01  1.14683098E+00
    97  2.91000000E+01  1.14705720E+00  9.99910953E-01  1.14705720E+00
    98  2.94000000E+01  1.14726189E+00  9.99906592E-01  1.14726189E+00
    99  2.97000000E+01  1.14749139E+00  9.99902132E-01  1.14749139E+00
   100  3.00000000E+01  1.14769934E+00  9.99897584E-01  1.14769934E+00
   101  3.03000000E+01  1.14788675E+00  9.99892958E-01  1.14788675E+00
   102  3.06000000E+01  1.14806763E+00  9.99888270E-01  1.14806763E+00
   103  3.09000000E+01  1.14825823E+00  9.99883534E-01  1.14825823E+00
   104  3.12000000E+01  1.14842925E+00  9.99878771E-01  1.14842925E+00
   105  3.15000000E+01  1.14858199E+00  9.99874002E-01  1.14858199E+00
   106  3.18000000E+01  1.14874362E+00  9.99869250E-01  1.14874362E+00
   107  3.21000000E+01  1.14889930E+00  9.99864543E-01  1.14889930E+00
   108  3.24000000E+01  1.14903790E+00  9.99859913E-01  1.14903790E+00
   109  3.27000000E+01  1.14916262E+00  9.99855395E-01  1.14916262E+00
   110  3.30000000E+01  1.14930385E+00  9.99851027E-01  1.14930385E+00
   111  3.33000000E+01  1.14942919E+00  9.99846854E-01  1.14942919E+00
   112  3.36000000E+01  1.14954017E+00  9.99842924E-01  1.14954017E+00
   113  3.39000000E+01  1.14965218E+00  9.99839291E-01  1.14965218E+00
   114  3.42000000E+01  1.14976548E+00  9.99836015E-01  1.14976548E+00
   115  3.45000000E+01  1.14986566E+00  9.99833161E-01  1.14986566E+00
   116  3.48000000E+01  1.14995420E+00  9.99830802E-01  1.14995420E+00
   117  3.51000000E+01  1.15005142E+00  9.99829019E-01  1.15005142E+00
   118  3.54000000E+01  1.15014169E+00  9.99827898E-01  1.15014169E+00
   119  3.57000000E+01  1.15022150E+00  9.99827537E-01  1.15022150E+00
   120  3.60000000E+01  1.15029570E+00  9.99828039E-01  1.15029570E+00
   121  3.63000000E+01  1.15037708E+00  9.99829521E-01  1.15037708E+00
   122  3.66000000E+01  1.15044906E+00  9.99832108E-01  1.15044906E+00
   123  3.69000000E+01  1.15051283E+00  9.99835937E-01  1.15051283E+00
   124  3.72000000E+01  1.15057439E+00  9.99841156E-01  1.15057439E+00
   125  3.75000000E+01  1.15063939E+00  9.99847927E-01  1.15063939E+00
   126  3.78000000E+01  1.15069709E+00  9.99856425E-01  1.15069709E+00
   127  3.81000000E+01  1.15074839E+00  9.99866842E-01  1.15074839E+00
   128  3.84000000E+01  1.15080035E+00  9.99879383E-01  1.15080035E+00
   129  3.87000000E+01  1.15085244E+00  9.99894270E-01  1.15085244E+00
   130  3.90000000E+01  1.15089877E+00  9.99911744E-01  1.15089877E+00
   131  3.93000000E+01  1.15094001E+00  9.99932066E-01  1.15094001E+00
   132  3.96000000E+01  1.15098037E+00  9.99955516E-01  1.15098037E+00
   133  3.99000000E+01  1.15102243E+00  9.99982395E-01  1.15102243E+00
   134  4.02000000E+01  1.15105985E+00  1.00001303E+00  1.15105985E+00
   135  4.05000000E+01  1.15109310E+00  1.00004777E+00  1.15109310E+00
   136  4.08000000E+01  1.15112481E+00  1.00008698E+00  1.15112481E+00
   137  4.11000000E+01  1.15115857E+00  1.00013108E+00  1.15115857E+00
   138  4.14000000E+01  1.15118852E+00  1.00018050E+00  1.15118852E+00
   139  4.17000000E+01  1.15121501E+00  1.00023569E+00  1.15121501E+00
   140  4.20000000E+01  1.15123837E+00  1.00029716E+00  1.15123837E+00
   141  4.23000000E+01  1.15126526E+00  1.00036543E+00  1.15126526E+00
   142  4.26000000E+01  1.15128915E+00  1.00044106E+00  1.15128915E+00
   143  4.29000000E+01  1.15131014E+00  1.00052468E+00  1.15131014E+00
   144  4.32000000E+01  1.15132853E+00  1.00061691E+00  1.15132853E+00
   145  4.35000000E+01  1.15134821E+00  1.00071844E+00  1.15134821E+00
   146  4.38000000E+01  1.15136700E+00  1.00083001E+00  1.15136700E+00
   147  4.41000000E+01  1.15138343E+00  1.00095239E+00  1.15138343E+00
   148  4.44000000E+01  1.15139775E+00  1.00108641E+00  1.15139775E+00
   149  4.47000000E+01  1.15141086E+00  1.00123294E+00  1.15141086E+00
   150  4.50000000E+01  1.15142552E+00  1.00139291E+00  1.15142552E+00
   151  4.53000000E+01  1.15143829E+00  1.00156731E+00  1.15143829E+00
   152  4.56000000E+01  1.15144940E+00  1.00175718E+00  1.15144940E+00
   153  4.59000000E+01  1.15145906E+00  1.00196361E+00  1.15145906E+00
   154  4.62000000E+01  1.15146863E+00  1.00218778E+00  1.15146863E+00
   155  4.65000000E+01  1.15147850E+00  1.00243090E+00  1.15147850E+00
   156  4.68000000E+01  1.15148707E+00  1.00269426E+00  1.15148707E+00
   157  4.71000000E+01  1.15149451E+00  1.00297923E+00  1.15149451E+00
   158  4.74000000E+01  1.15150098E+00  1.00328722E+00  1.15150098E+00
   159  4.77000000E+01  1.15150658E+00  1.00361975E+00  1.15150658E+00
   160  4.80000000E+01  1.15151320E+00  1.00397837E+00  1.15151320E+00
   161  4.83000000E+01  1.15151894E+00  1.00436472E+00  1.15151894E+00
   162  4.86000000E+01  1.15152392E+00  1.00478053E+00  1.15152392E+00
   163  4.89000000E+01  1.15152822E+00  1.00522757E+00  1.15152822E+00
   164  4.92000000E+01  1.15153193E+00  1.00570770E+00  1.15153193E+00
   165  4.95000000E+01  1.15153510E+00  1.00622286E+00  1.15153510E+00
   166  4.98000000E+01  1.15153842E+00  1.00677505E+00  1.15153842E+00
   167  5.01000000E+01  1.15154167E+00  1.00736633E+00  1.15154167E+00
   168  5.04000000E+01  1.15154445E+00  1.00799884E+00  1.15154445E+00
   169  5.07000000E+01  1.15154681E+00  1.00867478E+00  1.15154681E+00
   170  5.10000000E+01  1.15154881E+00  1.00939641E+00  1.15154881E+00
   171  5.13000000E+01  1.15155050E+00  1.01016603E+00  1.15155050E+00
   172  5.16000000E+01  1.15155191E+00  1.01098600E+00  1.15155191E+00
   173  5.19000000E+01  1.15155309E+00  1.01185870E+00  1.15155309E+00
   174  5.22000000E+01  1.15155407E+00  1.01278656E+00  1.15155407E+00
   175  5.25000000E+01  1.15155505E+00  1.01377202E+00  1.15155505E+00
   176  5.28000000E+01  1.15155606E+00  1.01481751E+00  1.15155606E+00
   177  5.31000000E+01  1.15155689E+00  1.01592548E+00  1.15155689E+00
   178  5.34000000E+01  1.15155757E+00  1.01709835E+00  1.15155757E+00
   179  5.37000000E+01  1.15155812E+00  1.01833847E+00  1.15155812E+00
   180  5.40000000E+01  1.15155856E+00  1.01964818E+00  1.15155856E+00
   181  5.43000000E+01  1.15155890E+00  1.02102971E+00  1.15155890E+00
   182  5.46000000E+01  1.15155917E+00  1.02248519E+00  1.15155917E+00
   183  5.49000000E+01  1.15155937E+00  1.02401662E+00  1.15155937E+00
   184  5.52000000E+01  1.15155951E+00  1.02562588E+00  1.15155951E+00
   185  5.55000000E+01  1.15155960E+00  1.02731463E+00  1.15155960E+00
   186  5.58000000E+01  1.15155966E+00  1.02908436E+00  1.15155966E+00
   187  5.61000000E+01  1.15155968E+00  1.03093629E+00  1.15155968E+00
   188  5.64000000E+01  1.15155967E+00  1.03287140E+00  1.15155967E+00
   189  5.67000000E+01  1.15155965E+00  1.03489036E+00  1.15155965E+00
   190  5.70000000E+01  1.15155960E+00  1.03699350E+00  1.15155960E+00
   191  5.73000000E+01  1.15155955E+00  1.03918081E+00  1.15155955E+00
   192  5.76000000E+01  1.15155948E+00  1.04145187E+00  1.15155948E+00
   193  5.79000000E+01  1.15155941E+00  1.04380582E+00  1.15155941E+00
   194  5.82000000E+01  1.15155933E+00  1.04624139E+00  1.15155933E+00
   195  5.85000000E+01  1.15155925E+00  1.04875678E+00  1.15155925E+00
   196  5.88000000E+01  1.15155917E+00  1.05134970E+00  1.15155917E+00
   197  5.91000000E+01  1.15155909E+00  1.05401734E+00  1.15155909E+00
   198  5.94000000E+01  1.15155900E+00  1.05675630E+00  1.15155900E+00
   199  5.97000000E+01  1.15155892E+00  1.05956265E+00  1.15155892E+00
   200  6.00000000E+01  1.15155884E+00  1.06243187E+00  1.15155884E+00
   201  6.03000000E+01  1.15155876E+00  1.06535885E+00  1.15155876E+00
   202  6.06000000E+01  1.15155869E+00  1.06833791E+00  1.15155869E+00
   203  6.09000000E+01  1.15155862E+00  1.07136278E+00  1.15155862E+00
   204  6.12000000E+01  1.15155855E+00  1.07442666E+00  1.15155855E+00
   205  6.15000000E+01  1.15155849E+00  1.07752219E+00  1.15155849E+00
   206  6.18000000E+01  1.15155843E+00  1.08064152E+00  1.15155843E+00
   207  6.21000000E+01  1.15155837E+00  1.08377630E+00  1.15155837E+00
   208  6.24000000E+01  1.15155832E+00  1.08691779E+00  1.15155832E+00
   209  6.27000000E+01  1.15155827E+00  1.09005686E+00  1.15155827E+00
   210  6.30000000E+01  1.15155822E+00  1.09318408E+00  1.15155822E+00
   211  6.33000000E+01  1.15155817E+00  1.09628977E+00  1.15155817E+00
   212  6.36000000E+01  1.15155813E+00  1.09936407E+00  1.15155813E+00
   213  6.39000000E+01  1.15155810E+00  1.10239706E+00  1.15155810E+00
   214  6.42000000E+01  1.15155806E+00  1.10537879E+00  1.15155806E+00
   215  6.45000000E+01  1.15155803E+00  1.10829943E+00  1.15155803E+00
   216  6.48000000E+01  1.15155800E+00  1.11114934E+00  1.15155800E+00
   217  6.51000000E+01  1.15155797E+00  1.11391918E+00  1.15155797E+00
   218  6.54000000E+01  1.15155794E+00  1.11660006E+00  1.15155794E+00
   219  6.57000000E+01  1.15155792E+00  1.11918357E+00  1.15155792E+00
   220  6.60000000E+01  1.15155790E+00  1.12166201E+00  1.15155790E+00
   221  6.63000000E+01  1.15155788E+00  1.12402842E+00  1.15155788E+00
   222  6.66000000E+01  1.15155786E+00  1.12627675E+00  1.15155786E+00
   223  6.69000000E+01  1.15155784E+00  1.12840195E+00  1.15155784E+00
   224  6.72000000E+01  1.15155783E+00  1.13040010E+00  1.15155783E+00
   225  6.75000000E+01  1.15155781E+00  1.13226849E+00  1.15155781E+00
   226  6.78000000E+01  1.15155780E+00  1.13400572E+00  1.15155780E+00
   227  6.81000000E+01  1.15155779E+00  1.13561174E+00  1.15155779E+00
   228  6.84000000E+01  1.15155778E+00  1.13708790E+00  1.15155778E+00
   229  6.87000000E+01  1.15155777E+00  1.13843694E+00  1.15155777E+00
   230  6.90000000E+01  1.15155776E+00  1.13966298E+00  1.15155776E+00
   231  6.93000000E+01  1.15155775E+00  1.14077143E+00  1.15155775E+00
   232  6.96000000E+01  1.15155774E+00  1.14176888E+00  1.15155774E+00
   233  6.99000000E+01  1.15155774E+00  1.14266291E+00  1.15155774E+00
   234  7.02000000E+01  1.15155773E+00  1.14346197E+00  1.15155773E+00
   235  7.05000000E+01  1.15155772E+00  1.14417505E+00  1.15155772E+00
   236  7.08000000E+01  1.15155772E+00  1.14481148E+00  1.15155772E+00
   237  7.11000000E+01  1.15155771E+00  1.14538065E+00  1.15155771E+00
   238  7.14000000E+01  1.15155771E+00  1.14589170E+00  1.15155771E+00
   239  7.17000000E+01  1.15155771E+00  1.14635330E+00  1.15155771E+00
   240  7.20000000E+01  1.15155770E+00  1.14677335E+00  1.15155770E+00
   241  7.23000000E+01  1.15155770E+00  1.14715885E+00  1.15155770E+00
   242  7.26000000E+01  1.15155770E+00  1.14751571E+00  1.15155770E+00
   243  7.29000000E+01  1.15155769E+00  1.14784870E+00  1.15155769E+00
   244  7.32000000E+01  1.15155769E+00  1.14816142E+00  1.15155769E+00
   245  7.35000000E+01  1.15155769E+00  1.14845636E+00  1.15155769E+00
   246  7.38000000E+01  1.15155769E+00  1.14873503E+00  1.15155769E+00
   247  7.41000000E+01  1.15155769E+00  1.14899808E+00  1.15155769E+00
   248  7.44000000E+01  1.15155769E+00  1.14924557E+00  1.15155769E+00
   249  7.47000000E+01  1.15155768E+00  1.14947709E+00  1.15155768E+00
   250  7.50000000E+01  1.15155768E+00  1.14969204E+00  1.15155768E+00
   251  7.53000000E+01  1.15155768E+00  1.14988983E+00  1.15155768E+00
   252  7.56000000E+01  1.15155768E+00  1.15006997E+00  1.15155768E+00
   253  7.59000000E+01  1.15155768E+00  1.15023228E+00  1.15155768E+00
   254  7.62000000E+01  1.15155768E+00  1.15037691E+00  1.15155768E+00
   255  7.65000000E+01  1.15155768E+00  1.15050437E+00  1.15155768E+00
   256  7.68000000E+01  1.15155768E+00  1.15061556E+00  1.15155768E+00
   257  7.71000000E+01  1.15155768E+00  1.15071167E+00  1.15155768E+00
   258  7.74000000E+01  1.15155768E+00  1.15079411E+00  1.15155768E+00
   259  7.77000000E+01  1.15155767E+00  1.15086447E+00  1.15155767E+00
   260  7.80000000E+01  1.15155767E+00  1.15092438E+00  1.15155767E+00
   261  7.83000000E+01  1.15155767E+00  1.15097542E+00  1.15155767E+00
   262  7.86000000E+01  1.15155767E+00  1.15101910E+00  1.15155767E+00
   263  7.89000000E+01  1.15155767E+00  1.15105676E+00  1.15155767E+00
   264  7.92000000E+01  1.15155767E+00  1.15108955E+00  1.15155767E+00
   265  7.95000000E+01  1.15155767E+00  1.15111842E+00  1.15155767E+00
   266  7.98000000E+01  1.15155767E+00  1.15114413E+00  1.15155767E+00
   267  8.01000000E+01  1.15155767E+00  1.15116722E+00  1.15155767E+00
   268  8.04000000E+01  1.15155767E+00  1.15118812E+00  1.15155767E+00
   269  8.07000000E+01  1.15155767E+00  1.15120708E+00  1.15155767E+00
   270  8.10000000E+01  1.15155767E+00  1.15122430E+00  1.15155767E+00
   271  8.13000000E+01  1.15155767E+00  1.15123987E+00  1.15155767E+00
   272  8.16000000E+01  1.15155767E+00  1.15125387E+00  1.15155767E+00
   273  8.19000000E+01  1.15155767E+00  1.15126635E+00  1.15155767E+00
   274  8.22000000E+01  1.15155767E+00  1.15127737E+00  1.15155767E+00
   275  8.25000000E+01  1.15155767E+00  1.15128699E+00  1.15155767E+00
   276  8.28000000E+01  1.15155767E+00  1.15129528E+00  1.15155767E+00
   277  8.31000000E+01  1.15155767E+00  1.15130235E+00  1.15155767E+00
   278  8.34000000E+01  1.15155767E+00  1.15130831E+00  1.15155767E+00
   279  8.37000000E+01  1.15155767E+00  1.15131329E+00  1.15155767E+00
   280  8.40000000E+01  1.15155767E+00  1.15131742E+00  1.15155767E+00
   281  8.43000000E+01  1.15155767E+00  1.15132084E+00  1.15155767E+00
   282  8.46000000E+01  1.15155767E+00  1.15132366E+00  1.15155767E+00
   283  8.49000000E+01  1.15155767E+00  1.15132601E+00  1.15155767E+00
   284  8.52000000E+01  1.15155767E+00  1.15132797E+00  1.15155767E+00
 steady-height stop at step    284: changes <=   1.0000E-05, max-end <=   1.0000E-02, max/end/gap/profile_change =   1.15155767E+00  1.15132797E+00  2.29699696E-04  1.96451898E-06


STDERR:
