COMMAND:
/shared/generate_rom_data/extrudate_swell2d_c_cluster

STDOUT:
 comppar: model =   6
 comppar: lambda,mobility/eps,betav,eta_0 =  4.6000E+00  1.0000E-01  1.0000E-01  1.0000E+00
 comppar: eta_s,eta_p,G =  1.0000E-01  9.0000E-01  1.9565E-01
 comppar: U_avg,deltat,flowrate,nsteps =  1.0000E-01  3.0000E-01  3.1416E-01     700
 comppar: geometry = axisymmetric
 comppar: steady stop change,gap,hold,min =  1.0000E-05  1.0000E-02      10      80
 comppar: ncompc,ncompg =     4     5
 mesh nnodes = 5765
 mesh nelem = 2780
 P1 BC   5.0000000000000000     
 P2 BC   0.0000000000000000     
     1  3.00000000E-01  1.00378150E+00  1.00000000E+00  1.00378150E+00
     2  6.00000000E-01  1.00741466E+00  1.00000000E+00  1.00741466E+00
     3  9.00000000E-01  1.01087116E+00  1.00000000E+00  1.01087116E+00
     4  1.20000000E+00  1.01422008E+00  1.00000000E+00  1.01422008E+00
     5  1.50000000E+00  1.01748552E+00  1.00000000E+00  1.01748552E+00
     6  1.80000000E+00  1.02070714E+00  1.00000000E+00  1.02070714E+00
     7  2.10000000E+00  1.02391411E+00  1.00000001E+00  1.02391411E+00
     8  2.40000000E+00  1.02715167E+00  1.00000001E+00  1.02715167E+00
     9  2.70000000E+00  1.03041077E+00  1.00000001E+00  1.03041077E+00
    10  3.00000000E+00  1.03370815E+00  1.00000001E+00  1.03370815E+00
    11  3.30000000E+00  1.03705217E+00  1.00000001E+00  1.03705217E+00
    12  3.60000000E+00  1.04043599E+00  1.00000001E+00  1.04043599E+00
    13  3.90000000E+00  1.04385253E+00  1.00000001E+00  1.04385253E+00
    14  4.20000000E+00  1.04731806E+00  1.00000001E+00  1.04731806E+00
    15  4.50000000E+00  1.05078095E+00  1.00000001E+00  1.05078095E+00
    16  4.80000000E+00  1.05430994E+00  1.00000001E+00  1.05430994E+00
    17  5.10000000E+00  1.05784338E+00  1.00000001E+00  1.05784338E+00
    18  5.40000000E+00  1.06136091E+00  1.00000001E+00  1.06136091E+00
    19  5.70000000E+00  1.06491260E+00  1.00000000E+00  1.06491260E+00
    20  6.00000000E+00  1.06847199E+00  1.00000000E+00  1.06847199E+00
    21  6.30000000E+00  1.07200223E+00  9.99999995E-01  1.07200223E+00
    22  6.60000000E+00  1.07549860E+00  9.99999989E-01  1.07549860E+00
    23  6.90000000E+00  1.07895938E+00  9.99999981E-01  1.07895938E+00
    24  7.20000000E+00  1.08247517E+00  9.99999971E-01  1.08247517E+00
    25  7.50000000E+00  1.08594894E+00  9.99999960E-01  1.08594894E+00
    26  7.80000000E+00  1.08937824E+00  9.99999947E-01  1.08937824E+00
    27  8.10000000E+00  1.09276151E+00  9.99999932E-01  1.09276151E+00
    28  8.40000000E+00  1.09611663E+00  9.99999914E-01  1.09611663E+00
    29  8.70000000E+00  1.09949195E+00  9.99999894E-01  1.09949195E+00
    30  9.00000000E+00  1.10281788E+00  9.99999872E-01  1.10281788E+00
    31  9.30000000E+00  1.10609385E+00  9.99999846E-01  1.10609385E+00
    32  9.60000000E+00  1.10931895E+00  9.99999817E-01  1.10931895E+00
    33  9.90000000E+00  1.11252852E+00  9.99999784E-01  1.11252852E+00
    34  1.02000000E+01  1.11574235E+00  9.99999747E-01  1.11574235E+00
    35  1.05000000E+01  1.11890261E+00  9.99999706E-01  1.11890261E+00
    36  1.08000000E+01  1.12200805E+00  9.99999660E-01  1.12200805E+00
    37  1.11000000E+01  1.12505797E+00  9.99999610E-01  1.12505797E+00
    38  1.14000000E+01  1.12809722E+00  9.99999554E-01  1.12809722E+00
    39  1.17000000E+01  1.13112815E+00  9.99999492E-01  1.13112815E+00
    40  1.20000000E+01  1.13410137E+00  9.99999423E-01  1.13410137E+00
    41  1.23000000E+01  1.13701591E+00  9.99999348E-01  1.13701591E+00
    42  1.26000000E+01  1.13986800E+00  9.99999266E-01  1.13986800E+00
    43  1.29000000E+01  1.14265947E+00  9.99999175E-01  1.14265947E+00
    44  1.32000000E+01  1.14549331E+00  9.99999076E-01  1.14549331E+00
    45  1.35000000E+01  1.14825149E+00  9.99998968E-01  1.14825149E+00
    46  1.38000000E+01  1.15091329E+00  9.99998850E-01  1.15091329E+00
    47  1.41000000E+01  1.15345183E+00  9.99998721E-01  1.15345183E+00
    48  1.44000000E+01  1.15609648E+00  9.99998580E-01  1.15609648E+00
    49  1.47000000E+01  1.15861350E+00  9.99998428E-01  1.15861350E+00
    50  1.50000000E+01  1.16096252E+00  9.99998263E-01  1.16096252E+00
    51  1.53000000E+01  1.16326705E+00  9.99998083E-01  1.16326705E+00
    52  1.56000000E+01  1.16562266E+00  9.99997889E-01  1.16562266E+00
    53  1.59000000E+01  1.16777907E+00  9.99997679E-01  1.16777907E+00
    54  1.62000000E+01  1.16982384E+00  9.99997452E-01  1.16982384E+00
    55  1.65000000E+01  1.17201098E+00  9.99997207E-01  1.17201098E+00
    56  1.68000000E+01  1.17397239E+00  9.99996942E-01  1.17397239E+00
    57  1.71000000E+01  1.17570906E+00  9.99996657E-01  1.17570906E+00
    58  1.74000000E+01  1.17774563E+00  9.99996350E-01  1.17774563E+00
    59  1.77000000E+01  1.17955034E+00  9.99996020E-01  1.17955034E+00
    60  1.80000000E+01  1.18111351E+00  9.99995666E-01  1.18111351E+00
    61  1.83000000E+01  1.18298598E+00  9.99995285E-01  1.18298598E+00
    62  1.86000000E+01  1.18463681E+00  9.99994876E-01  1.18463681E+00
    63  1.89000000E+01  1.18604641E+00  9.99994438E-01  1.18604641E+00
    64  1.92000000E+01  1.18759306E+00  9.99993969E-01  1.18759306E+00
    65  1.95000000E+01  1.18910600E+00  9.99993467E-01  1.18910600E+00
    66  1.98000000E+01  1.19039658E+00  9.99992930E-01  1.19039658E+00
    67  2.01000000E+01  1.19175713E+00  9.99992357E-01  1.19175713E+00
    68  2.04000000E+01  1.19312792E+00  9.99991744E-01  1.19312792E+00
    69  2.07000000E+01  1.19428823E+00  9.99991090E-01  1.19428823E+00
    70  2.10000000E+01  1.19542460E+00  9.99990393E-01  1.19542460E+00
    71  2.13000000E+01  1.19668376E+00  9.99989650E-01  1.19668376E+00
    72  2.16000000E+01  1.19775471E+00  9.99988859E-01  1.19775471E+00
    73  2.19000000E+01  1.19871544E+00  9.99988018E-01  1.19871544E+00
    74  2.22000000E+01  1.19985068E+00  9.99987123E-01  1.19985068E+00
    75  2.25000000E+01  1.20081661E+00  9.99986172E-01  1.20081661E+00
    76  2.28000000E+01  1.20165438E+00  9.99985163E-01  1.20165438E+00
    77  2.31000000E+01  1.20261728E+00  9.99984092E-01  1.20261728E+00
    78  2.34000000E+01  1.20351837E+00  9.99982956E-01  1.20351837E+00
    79  2.37000000E+01  1.20430930E+00  9.99981753E-01  1.20430930E+00
    80  2.40000000E+01  1.20505087E+00  9.99980478E-01  1.20505087E+00
    81  2.43000000E+01  1.20587316E+00  9.99979130E-01  1.20587316E+00
    82  2.46000000E+01  1.20660732E+00  9.99977704E-01  1.20660732E+00
    83  2.49000000E+01  1.20728639E+00  9.99976197E-01  1.20728639E+00
    84  2.52000000E+01  1.20802325E+00  9.99974605E-01  1.20802325E+00
    85  2.55000000E+01  1.20872190E+00  9.99972925E-01  1.20872190E+00
    86  2.58000000E+01  1.20937242E+00  9.99971154E-01  1.20937242E+00
    87  2.61000000E+01  1.20999341E+00  9.99969287E-01  1.20999341E+00
    88  2.64000000E+01  1.21059357E+00  9.99967321E-01  1.21059357E+00
    89  2.67000000E+01  1.21117310E+00  9.99965251E-01  1.21117310E+00
    90  2.70000000E+01  1.21177234E+00  9.99963075E-01  1.21177234E+00
    91  2.73000000E+01  1.21236144E+00  9.99960789E-01  1.21236144E+00
    92  2.76000000E+01  1.21292885E+00  9.99958387E-01  1.21292885E+00
    93  2.79000000E+01  1.21346618E+00  9.99955868E-01  1.21346618E+00
    94  2.82000000E+01  1.21396438E+00  9.99953226E-01  1.21396438E+00
    95  2.85000000E+01  1.21447073E+00  9.99950458E-01  1.21447073E+00
    96  2.88000000E+01  1.21497751E+00  9.99947561E-01  1.21497751E+00
    97  2.91000000E+01  1.21544563E+00  9.99944530E-01  1.21544563E+00
    98  2.94000000E+01  1.21586961E+00  9.99941363E-01  1.21586961E+00
    99  2.97000000E+01  1.21629614E+00  9.99938056E-01  1.21629614E+00
   100  3.00000000E+01  1.21674159E+00  9.99934605E-01  1.21674159E+00
   101  3.03000000E+01  1.21714009E+00  9.99931009E-01  1.21714009E+00
   102  3.06000000E+01  1.21749124E+00  9.99927264E-01  1.21749124E+00
   103  3.09000000E+01  1.21785178E+00  9.99923367E-01  1.21785178E+00
   104  3.12000000E+01  1.21822568E+00  9.99919317E-01  1.21822568E+00
   105  3.15000000E+01  1.21855520E+00  9.99915112E-01  1.21855520E+00
   106  3.18000000E+01  1.21884334E+00  9.99910752E-01  1.21884334E+00
   107  3.21000000E+01  1.21917655E+00  9.99906234E-01  1.21917655E+00
   108  3.24000000E+01  1.21948130E+00  9.99901559E-01  1.21948130E+00
   109  3.27000000E+01  1.21974655E+00  9.99896728E-01  1.21974655E+00
   110  3.30000000E+01  1.21998912E+00  9.99891741E-01  1.21998912E+00
   111  3.33000000E+01  1.22027529E+00  9.99886600E-01  1.22027529E+00
   112  3.36000000E+01  1.22052455E+00  9.99881309E-01  1.22052455E+00
   113  3.39000000E+01  1.22074239E+00  9.99875870E-01  1.22074239E+00
   114  3.42000000E+01  1.22096115E+00  9.99870288E-01  1.22096115E+00
   115  3.45000000E+01  1.22119034E+00  9.99864570E-01  1.22119034E+00
   116  3.48000000E+01  1.22139123E+00  9.99858723E-01  1.22139123E+00
   117  3.51000000E+01  1.22156955E+00  9.99852754E-01  1.22156955E+00
   118  3.54000000E+01  1.22175697E+00  9.99846675E-01  1.22175697E+00
   119  3.57000000E+01  1.22194582E+00  9.99840497E-01  1.22194582E+00
   120  3.60000000E+01  1.22211336E+00  9.99834233E-01  1.22211336E+00
   121  3.63000000E+01  1.22226398E+00  9.99827899E-01  1.22226398E+00
   122  3.66000000E+01  1.22240301E+00  9.99821513E-01  1.22240301E+00
   123  3.69000000E+01  1.22255936E+00  9.99815095E-01  1.22255936E+00
   124  3.72000000E+01  1.22270114E+00  9.99808667E-01  1.22270114E+00
   125  3.75000000E+01  1.22283094E+00  9.99802254E-01  1.22283094E+00
   126  3.78000000E+01  1.22295026E+00  9.99795885E-01  1.22295026E+00
   127  3.81000000E+01  1.22307139E+00  9.99789590E-01  1.22307139E+00
   128  3.84000000E+01  1.22319303E+00  9.99783406E-01  1.22319303E+00
   129  3.87000000E+01  1.22330478E+00  9.99777369E-01  1.22330478E+00
   130  3.90000000E+01  1.22340744E+00  9.99771523E-01  1.22340744E+00
   131  3.93000000E+01  1.22350139E+00  9.99765915E-01  1.22350139E+00
   132  3.96000000E+01  1.22359196E+00  9.99760595E-01  1.22359196E+00
   133  3.99000000E+01  1.22368998E+00  9.99755622E-01  1.22368998E+00
   134  4.02000000E+01  1.22377948E+00  9.99751056E-01  1.22377948E+00
   135  4.05000000E+01  1.22386068E+00  9.99746965E-01  1.22386068E+00
   136  4.08000000E+01  1.22393396E+00  9.99743422E-01  1.22393396E+00
   137  4.11000000E+01  1.22400508E+00  9.99740509E-01  1.22400508E+00
   138  4.14000000E+01  1.22408153E+00  9.99738312E-01  1.22408153E+00
   139  4.17000000E+01  1.22415067E+00  9.99736927E-01  1.22415067E+00
   140  4.20000000E+01  1.22421301E+00  9.99736454E-01  1.22421301E+00
   141  4.23000000E+01  1.22426921E+00  9.99737006E-01  1.22426921E+00
   142  4.26000000E+01  1.22432320E+00  9.99738703E-01  1.22432320E+00
   143  4.29000000E+01  1.22438204E+00  9.99741673E-01  1.22438204E+00
   144  4.32000000E+01  1.22443505E+00  9.99746058E-01  1.22443505E+00
   145  4.35000000E+01  1.22448299E+00  9.99752009E-01  1.22448299E+00
   146  4.38000000E+01  1.22452654E+00  9.99759688E-01  1.22452654E+00
   147  4.41000000E+01  1.22456633E+00  9.99769270E-01  1.22456633E+00
   148  4.44000000E+01  1.22460948E+00  9.99780945E-01  1.22460948E+00
   149  4.47000000E+01  1.22465081E+00  9.99794916E-01  1.22465081E+00
   150  4.50000000E+01  1.22468854E+00  9.99811399E-01  1.22468854E+00
   151  4.53000000E+01  1.22472311E+00  9.99830630E-01  1.22472311E+00
   152  4.56000000E+01  1.22475483E+00  9.99852859E-01  1.22475483E+00
   153  4.59000000E+01  1.22478397E+00  9.99878354E-01  1.22478397E+00
   154  4.62000000E+01  1.22481288E+00  9.99907402E-01  1.22481288E+00
   155  4.65000000E+01  1.22484313E+00  9.99940311E-01  1.22484313E+00
   156  4.68000000E+01  1.22487092E+00  9.99977409E-01  1.22487092E+00
   157  4.71000000E+01  1.22489638E+00  1.00001904E+00  1.22489638E+00
   158  4.74000000E+01  1.22491964E+00  1.00006559E+00  1.22491964E+00
   159  4.77000000E+01  1.22494083E+00  1.00011745E+00  1.22494083E+00
   160  4.80000000E+01  1.22496009E+00  1.00017504E+00  1.22496009E+00
   161  4.83000000E+01  1.22497976E+00  1.00023882E+00  1.22497976E+00
   162  4.86000000E+01  1.22499983E+00  1.00030926E+00  1.22499983E+00
   163  4.89000000E+01  1.22501808E+00  1.00038687E+00  1.22501808E+00
   164  4.92000000E+01  1.22503466E+00  1.00047219E+00  1.22503466E+00
   165  4.95000000E+01  1.22504971E+00  1.00056581E+00  1.22504971E+00
   166  4.98000000E+01  1.22506338E+00  1.00066832E+00  1.22506338E+00
   167  5.01000000E+01  1.22507581E+00  1.00078038E+00  1.22507581E+00
   168  5.04000000E+01  1.22508714E+00  1.00090267E+00  1.22508714E+00
   169  5.07000000E+01  1.22509747E+00  1.00103591E+00  1.22509747E+00
   170  5.10000000E+01  1.22510903E+00  1.00118088E+00  1.22510903E+00
   171  5.13000000E+01  1.22511978E+00  1.00133838E+00  1.22511978E+00
   172  5.16000000E+01  1.22512960E+00  1.00150926E+00  1.22512960E+00
   173  5.19000000E+01  1.22513857E+00  1.00169444E+00  1.22513857E+00
   174  5.22000000E+01  1.22514676E+00  1.00189487E+00  1.22514676E+00
   175  5.25000000E+01  1.22515425E+00  1.00211155E+00  1.22515425E+00
   176  5.28000000E+01  1.22516107E+00  1.00234554E+00  1.22516107E+00
   177  5.31000000E+01  1.22516730E+00  1.00259795E+00  1.22516730E+00
   178  5.34000000E+01  1.22517296E+00  1.00286995E+00  1.22517296E+00
   179  5.37000000E+01  1.22517810E+00  1.00316277E+00  1.22517810E+00
   180  5.40000000E+01  1.22518277E+00  1.00347769E+00  1.22518277E+00
   181  5.43000000E+01  1.22518701E+00  1.00381606E+00  1.22518701E+00
   182  5.46000000E+01  1.22519085E+00  1.00417930E+00  1.22519085E+00
   183  5.49000000E+01  1.22519433E+00  1.00456888E+00  1.22519433E+00
   184  5.52000000E+01  1.22519747E+00  1.00498633E+00  1.22519747E+00
   185  5.55000000E+01  1.22520073E+00  1.00543327E+00  1.22520073E+00
   186  5.58000000E+01  1.22520401E+00  1.00591137E+00  1.22520401E+00
   187  5.61000000E+01  1.22520698E+00  1.00642237E+00  1.22520698E+00
   188  5.64000000E+01  1.22520967E+00  1.00696807E+00  1.22520967E+00
   189  5.67000000E+01  1.22521209E+00  1.00755035E+00  1.22521209E+00
   190  5.70000000E+01  1.22521427E+00  1.00817116E+00  1.22521427E+00
   191  5.73000000E+01  1.22521623E+00  1.00883249E+00  1.22521623E+00
   192  5.76000000E+01  1.22521799E+00  1.00953643E+00  1.22521799E+00
   193  5.79000000E+01  1.22521956E+00  1.01028509E+00  1.22521956E+00
   194  5.82000000E+01  1.22522097E+00  1.01108068E+00  1.22522097E+00
   195  5.85000000E+01  1.22522223E+00  1.01192543E+00  1.22522223E+00
   196  5.88000000E+01  1.22522334E+00  1.01282163E+00  1.22522334E+00
   197  5.91000000E+01  1.22522433E+00  1.01377163E+00  1.22522433E+00
   198  5.94000000E+01  1.22522520E+00  1.01477780E+00  1.22522520E+00
   199  5.97000000E+01  1.22522597E+00  1.01584254E+00  1.22522597E+00
   200  6.00000000E+01  1.22522665E+00  1.01696827E+00  1.22522665E+00
   201  6.03000000E+01  1.22522724E+00  1.01815743E+00  1.22522724E+00
   202  6.06000000E+01  1.22522775E+00  1.01941244E+00  1.22522775E+00
   203  6.09000000E+01  1.22522820E+00  1.02073573E+00  1.22522820E+00
   204  6.12000000E+01  1.22522858E+00  1.02212967E+00  1.22522858E+00
   205  6.15000000E+01  1.22522890E+00  1.02359661E+00  1.22522890E+00
   206  6.18000000E+01  1.22522918E+00  1.02513883E+00  1.22522918E+00
   207  6.21000000E+01  1.22522941E+00  1.02675854E+00  1.22522941E+00
   208  6.24000000E+01  1.22522959E+00  1.02845786E+00  1.22522959E+00
   209  6.27000000E+01  1.22522975E+00  1.03023877E+00  1.22522975E+00
   210  6.30000000E+01  1.22522987E+00  1.03210315E+00  1.22522987E+00
   211  6.33000000E+01  1.22522996E+00  1.03405271E+00  1.22522996E+00
   212  6.36000000E+01  1.22523003E+00  1.03608897E+00  1.22523003E+00
   213  6.39000000E+01  1.22523007E+00  1.03821327E+00  1.22523007E+00
   214  6.42000000E+01  1.22523010E+00  1.04042672E+00  1.22523010E+00
   215  6.45000000E+01  1.22523011E+00  1.04273016E+00  1.22523011E+00
   216  6.48000000E+01  1.22523011E+00  1.04512417E+00  1.22523011E+00
   217  6.51000000E+01  1.22523009E+00  1.04760903E+00  1.22523009E+00
   218  6.54000000E+01  1.22523006E+00  1.05018468E+00  1.22523006E+00
   219  6.57000000E+01  1.22523003E+00  1.05285071E+00  1.22523003E+00
   220  6.60000000E+01  1.22522999E+00  1.05560635E+00  1.22522999E+00
   221  6.63000000E+01  1.22522994E+00  1.05845042E+00  1.22522994E+00
   222  6.66000000E+01  1.22522989E+00  1.06138133E+00  1.22522989E+00
   223  6.69000000E+01  1.22522983E+00  1.06439708E+00  1.22522983E+00
   224  6.72000000E+01  1.22522978E+00  1.06749522E+00  1.22522978E+00
   225  6.75000000E+01  1.22522972E+00  1.07067287E+00  1.22522972E+00
   226  6.78000000E+01  1.22522966E+00  1.07392671E+00  1.22522966E+00
   227  6.81000000E+01  1.22522959E+00  1.07725299E+00  1.22522959E+00
   228  6.84000000E+01  1.22522953E+00  1.08064756E+00  1.22522953E+00
   229  6.87000000E+01  1.22522947E+00  1.08410585E+00  1.22522947E+00
   230  6.90000000E+01  1.22522941E+00  1.08762290E+00  1.22522941E+00
   231  6.93000000E+01  1.22522935E+00  1.09119346E+00  1.22522935E+00
   232  6.96000000E+01  1.22522929E+00  1.09481190E+00  1.22522929E+00
   233  6.99000000E+01  1.22522923E+00  1.09847237E+00  1.22522923E+00
   234  7.02000000E+01  1.22522918E+00  1.10216878E+00  1.22522918E+00
   235  7.05000000E+01  1.22522912E+00  1.10589485E+00  1.22522912E+00
   236  7.08000000E+01  1.22522907E+00  1.10964419E+00  1.22522907E+00
   237  7.11000000E+01  1.22522902E+00  1.11341033E+00  1.22522902E+00
   238  7.14000000E+01  1.22522897E+00  1.11718677E+00  1.22522897E+00
   239  7.17000000E+01  1.22522892E+00  1.12096708E+00  1.22522892E+00
   240  7.20000000E+01  1.22522888E+00  1.12474489E+00  1.22522888E+00
   241  7.23000000E+01  1.22522884E+00  1.12851399E+00  1.22522884E+00
   242  7.26000000E+01  1.22522880E+00  1.13226836E+00  1.22522880E+00
   243  7.29000000E+01  1.22522876E+00  1.13600220E+00  1.22522876E+00
   244  7.32000000E+01  1.22522873E+00  1.13970998E+00  1.22522873E+00
   245  7.35000000E+01  1.22522869E+00  1.14338648E+00  1.22522869E+00
   246  7.38000000E+01  1.22522866E+00  1.14702675E+00  1.22522866E+00
   247  7.41000000E+01  1.22522863E+00  1.15062619E+00  1.22522863E+00
   248  7.44000000E+01  1.22522860E+00  1.15418048E+00  1.22522860E+00
   249  7.47000000E+01  1.22522858E+00  1.15768560E+00  1.22522858E+00
   250  7.50000000E+01  1.22522855E+00  1.16113778E+00  1.22522855E+00
   251  7.53000000E+01  1.22522853E+00  1.16453347E+00  1.22522853E+00
   252  7.56000000E+01  1.22522851E+00  1.16786929E+00  1.22522851E+00
   253  7.59000000E+01  1.22522849E+00  1.17114197E+00  1.22522849E+00
   254  7.62000000E+01  1.22522847E+00  1.17434825E+00  1.22522847E+00
   255  7.65000000E+01  1.22522845E+00  1.17748484E+00  1.22522845E+00
   256  7.68000000E+01  1.22522843E+00  1.18054832E+00  1.22522843E+00
   257  7.71000000E+01  1.22522842E+00  1.18353507E+00  1.22522842E+00
   258  7.74000000E+01  1.22522840E+00  1.18644115E+00  1.22522840E+00
   259  7.77000000E+01  1.22522839E+00  1.18926222E+00  1.22522839E+00
   260  7.80000000E+01  1.22522838E+00  1.19199350E+00  1.22522838E+00
   261  7.83000000E+01  1.22522837E+00  1.19462968E+00  1.22522837E+00
   262  7.86000000E+01  1.22522836E+00  1.19716492E+00  1.22522836E+00
   263  7.89000000E+01  1.22522835E+00  1.19959282E+00  1.22522835E+00
   264  7.92000000E+01  1.22522834E+00  1.20190657E+00  1.22522834E+00
   265  7.95000000E+01  1.22522833E+00  1.20409899E+00  1.22522833E+00
   266  7.98000000E+01  1.22522832E+00  1.20616286E+00  1.22522832E+00
   267  8.01000000E+01  1.22522832E+00  1.20809113E+00  1.22522832E+00
   268  8.04000000E+01  1.22522831E+00  1.20987733E+00  1.22522831E+00
   269  8.07000000E+01  1.22522831E+00  1.21151603E+00  1.22522831E+00
   270  8.10000000E+01  1.22522830E+00  1.21300329E+00  1.22522830E+00
   271  8.13000000E+01  1.22522830E+00  1.21433715E+00  1.22522830E+00
   272  8.16000000E+01  1.22522829E+00  1.21551810E+00  1.22522829E+00
   273  8.19000000E+01  1.22522829E+00  1.21654940E+00  1.22522829E+00
   274  8.22000000E+01  1.22522828E+00  1.21743728E+00  1.22522828E+00
   275  8.25000000E+01  1.22522828E+00  1.21819098E+00  1.22522828E+00
   276  8.28000000E+01  1.22522828E+00  1.21882257E+00  1.22522828E+00
   277  8.31000000E+01  1.22522827E+00  1.21934652E+00  1.22522827E+00
   278  8.34000000E+01  1.22522827E+00  1.21977907E+00  1.22522827E+00
   279  8.37000000E+01  1.22522827E+00  1.22013748E+00  1.22522827E+00
   280  8.40000000E+01  1.22522827E+00  1.22043907E+00  1.22522827E+00
   281  8.43000000E+01  1.22522826E+00  1.22070034E+00  1.22522826E+00
   282  8.46000000E+01  1.22522826E+00  1.22093603E+00  1.22522826E+00
   283  8.49000000E+01  1.22522826E+00  1.22115842E+00  1.22522826E+00
   284  8.52000000E+01  1.22522826E+00  1.22137676E+00  1.22522826E+00
   285  8.55000000E+01  1.22522826E+00  1.22159701E+00  1.22522826E+00
   286  8.58000000E+01  1.22522826E+00  1.22182185E+00  1.22522826E+00
   287  8.61000000E+01  1.22522826E+00  1.22205099E+00  1.22522826E+00
   288  8.64000000E+01  1.22522825E+00  1.22228170E+00  1.22522825E+00
   289  8.67000000E+01  1.22522825E+00  1.22250950E+00  1.22522825E+00
   290  8.70000000E+01  1.22522825E+00  1.22272904E+00  1.22522825E+00
   291  8.73000000E+01  1.22522825E+00  1.22293482E+00  1.22522825E+00
   292  8.76000000E+01  1.22522825E+00  1.22312200E+00  1.22522825E+00
   293  8.79000000E+01  1.22522825E+00  1.22328693E+00  1.22522825E+00
   294  8.82000000E+01  1.22522825E+00  1.22342754E+00  1.22522825E+00
   295  8.85000000E+01  1.22522825E+00  1.22354347E+00  1.22522825E+00
   296  8.88000000E+01  1.22522825E+00  1.22363598E+00  1.22522825E+00
   297  8.91000000E+01  1.22522825E+00  1.22370774E+00  1.22522825E+00
   298  8.94000000E+01  1.22522825E+00  1.22376237E+00  1.22522825E+00
   299  8.97000000E+01  1.22522825E+00  1.22380401E+00  1.22522825E+00
   300  9.00000000E+01  1.22522825E+00  1.22383686E+00  1.22522825E+00
   301  9.03000000E+01  1.22522825E+00  1.22386475E+00  1.22522825E+00
   302  9.06000000E+01  1.22522825E+00  1.22389081E+00  1.22522825E+00
   303  9.09000000E+01  1.22522825E+00  1.22391730E+00  1.22522825E+00
   304  9.12000000E+01  1.22522825E+00  1.22394556E+00  1.22522825E+00
   305  9.15000000E+01  1.22522825E+00  1.22397603E+00  1.22522825E+00
   306  9.18000000E+01  1.22522825E+00  1.22400842E+00  1.22522825E+00
   307  9.21000000E+01  1.22522825E+00  1.22404194E+00  1.22522825E+00
   308  9.24000000E+01  1.22522825E+00  1.22407550E+00  1.22522825E+00
   309  9.27000000E+01  1.22522825E+00  1.22410797E+00  1.22522825E+00
   310  9.30000000E+01  1.22522825E+00  1.22413832E+00  1.22522825E+00
   311  9.33000000E+01  1.22522825E+00  1.22416578E+00  1.22522825E+00
   312  9.36000000E+01  1.22522825E+00  1.22418990E+00  1.22522825E+00
   313  9.39000000E+01  1.22522825E+00  1.22421058E+00  1.22522825E+00
   314  9.42000000E+01  1.22522824E+00  1.22422797E+00  1.22522824E+00
   315  9.45000000E+01  1.22522824E+00  1.22424246E+00  1.22522824E+00
   316  9.48000000E+01  1.22522824E+00  1.22425458E+00  1.22522824E+00
   317  9.51000000E+01  1.22522824E+00  1.22426487E+00  1.22522824E+00
   318  9.54000000E+01  1.22522824E+00  1.22427387E+00  1.22522824E+00
   319  9.57000000E+01  1.22522824E+00  1.22428202E+00  1.22522824E+00
   320  9.60000000E+01  1.22522824E+00  1.22428963E+00  1.22522824E+00
   321  9.63000000E+01  1.22522824E+00  1.22429692E+00  1.22522824E+00
   322  9.66000000E+01  1.22522824E+00  1.22430397E+00  1.22522824E+00
   323  9.69000000E+01  1.22522824E+00  1.22431078E+00  1.22522824E+00
   324  9.72000000E+01  1.22522824E+00  1.22431730E+00  1.22522824E+00
   325  9.75000000E+01  1.22522824E+00  1.22432347E+00  1.22522824E+00
   326  9.78000000E+01  1.22522824E+00  1.22432919E+00  1.22522824E+00
   327  9.81000000E+01  1.22522824E+00  1.22433441E+00  1.22522824E+00
 steady-height stop at step    327: changes <=   1.0000E-05, max-end <=   1.0000E-02, max/end/gap/profile_change =   1.22522824E+00  1.22433441E+00  8.93836127E-04  5.22211185E-06


STDERR:
