COMMAND:
/shared/generate_rom_data/extrudate_swell2d_c_cluster

STDOUT:
 comppar: model =   6
 comppar: lambda,mobility/eps,betav,eta_0 =  1.0000E+01  2.3333E-01  9.0000E-01  1.0000E+00
 comppar: eta_s,eta_p,G =  9.0000E-01  1.0000E-01  1.0000E-02
 comppar: U_avg,deltat,flowrate,nsteps =  1.0000E-01  3.0000E-01  3.1416E-01     700
 comppar: geometry = axisymmetric
 comppar: steady stop change,gap,hold,min =  1.0000E-05  1.0000E-02      10      80
 comppar: ncompc,ncompg =     4     5
 mesh nnodes = 5765
 mesh nelem = 2780
 P1 BC   5.0000000000000000     
 P2 BC   0.0000000000000000     
     1  3.00000000E-01  1.00379478E+00  1.00000000E+00  1.00379478E+00
     2  6.00000000E-01  1.00750817E+00  1.00000000E+00  1.00750817E+00
     3  9.00000000E-01  1.01114333E+00  1.00000000E+00  1.01114333E+00
     4  1.20000000E+00  1.01470007E+00  1.00000000E+00  1.01470007E+00
     5  1.50000000E+00  1.01818076E+00  1.00000000E+00  1.01818076E+00
     6  1.80000000E+00  1.02158186E+00  1.00000000E+00  1.02158186E+00
     7  2.10000000E+00  1.02492157E+00  1.00000000E+00  1.02492157E+00
     8  2.40000000E+00  1.02818823E+00  1.00000000E+00  1.02818823E+00
     9  2.70000000E+00  1.03137695E+00  1.00000000E+00  1.03137695E+00
    10  3.00000000E+00  1.03449518E+00  1.00000000E+00  1.03449518E+00
    11  3.30000000E+00  1.03756712E+00  1.00000000E+00  1.03756712E+00
    12  3.60000000E+00  1.04055367E+00  1.00000000E+00  1.04055367E+00
    13  3.90000000E+00  1.04348400E+00  1.00000000E+00  1.04348400E+00
    14  4.20000000E+00  1.04636488E+00  9.99999999E-01  1.04636488E+00
    15  4.50000000E+00  1.04914511E+00  9.99999996E-01  1.04914511E+00
    16  4.80000000E+00  1.05192358E+00  9.99999991E-01  1.05192358E+00
    17  5.10000000E+00  1.05459273E+00  9.99999986E-01  1.05459273E+00
    18  5.40000000E+00  1.05725333E+00  9.99999979E-01  1.05725333E+00
    19  5.70000000E+00  1.05979695E+00  9.99999970E-01  1.05979695E+00
    20  6.00000000E+00  1.06235304E+00  9.99999959E-01  1.06235304E+00
    21  6.30000000E+00  1.06478319E+00  9.99999947E-01  1.06478319E+00
    22  6.60000000E+00  1.06723696E+00  9.99999932E-01  1.06723696E+00
    23  6.90000000E+00  1.06954507E+00  9.99999914E-01  1.06954507E+00
    24  7.20000000E+00  1.07189673E+00  9.99999894E-01  1.07189673E+00
    25  7.50000000E+00  1.07412846E+00  9.99999870E-01  1.07412846E+00
    26  7.80000000E+00  1.07634647E+00  9.99999842E-01  1.07634647E+00
    27  8.10000000E+00  1.07850344E+00  9.99999811E-01  1.07850344E+00
    28  8.40000000E+00  1.08054742E+00  9.99999775E-01  1.08054742E+00
    29  8.70000000E+00  1.08266076E+00  9.99999734E-01  1.08266076E+00
    30  9.00000000E+00  1.08462371E+00  9.99999688E-01  1.08462371E+00
    31  9.30000000E+00  1.08659766E+00  9.99999637E-01  1.08659766E+00
    32  9.60000000E+00  1.08851878E+00  9.99999579E-01  1.08851878E+00
    33  9.90000000E+00  1.09028688E+00  9.99999514E-01  1.09028688E+00
    34  1.02000000E+01  1.09216630E+00  9.99999442E-01  1.09216630E+00
    35  1.05000000E+01  1.09392969E+00  9.99999362E-01  1.09392969E+00
    36  1.08000000E+01  1.09556628E+00  9.99999273E-01  1.09556628E+00
    37  1.11000000E+01  1.09732323E+00  9.99999174E-01  1.09732323E+00
    38  1.14000000E+01  1.09892932E+00  9.99999066E-01  1.09892932E+00
    39  1.17000000E+01  1.10041679E+00  9.99998946E-01  1.10041679E+00
    40  1.20000000E+01  1.10204932E+00  9.99998814E-01  1.10204932E+00
    41  1.23000000E+01  1.10353298E+00  9.99998670E-01  1.10353298E+00
    42  1.26000000E+01  1.10488728E+00  9.99998511E-01  1.10488728E+00
    43  1.29000000E+01  1.10639556E+00  9.99998338E-01  1.10639556E+00
    44  1.32000000E+01  1.10775777E+00  9.99998149E-01  1.10775777E+00
    45  1.35000000E+01  1.10897801E+00  9.99997943E-01  1.10897801E+00
    46  1.38000000E+01  1.11035812E+00  9.99997718E-01  1.11035812E+00
    47  1.41000000E+01  1.11160787E+00  9.99997474E-01  1.11160787E+00
    48  1.44000000E+01  1.11272226E+00  9.99997208E-01  1.11272226E+00
    49  1.47000000E+01  1.11397346E+00  9.99996920E-01  1.11397346E+00
    50  1.50000000E+01  1.11511297E+00  9.99996608E-01  1.11511297E+00
    51  1.53000000E+01  1.11612479E+00  9.99996271E-01  1.11612479E+00
    52  1.56000000E+01  1.11725287E+00  9.99995906E-01  1.11725287E+00
    53  1.59000000E+01  1.11829133E+00  9.99995512E-01  1.11829133E+00
    54  1.62000000E+01  1.11921137E+00  9.99995087E-01  1.11921137E+00
    55  1.65000000E+01  1.12022216E+00  9.99994629E-01  1.12022216E+00
    56  1.68000000E+01  1.12116358E+00  9.99994136E-01  1.12116358E+00
    57  1.71000000E+01  1.12199685E+00  9.99993606E-01  1.12199685E+00
    58  1.74000000E+01  1.12290161E+00  9.99993037E-01  1.12290161E+00
    59  1.77000000E+01  1.12375749E+00  9.99992426E-01  1.12375749E+00
    60  1.80000000E+01  1.12451635E+00  9.99991771E-01  1.12451635E+00
    61  1.83000000E+01  1.12530909E+00  9.99991069E-01  1.12530909E+00
    62  1.86000000E+01  1.12608518E+00  9.99990318E-01  1.12608518E+00
    63  1.89000000E+01  1.12677619E+00  9.99989515E-01  1.12677619E+00
    64  1.92000000E+01  1.12748107E+00  9.99988657E-01  1.12748107E+00
    65  1.95000000E+01  1.12818981E+00  9.99987742E-01  1.12818981E+00
    66  1.98000000E+01  1.12882522E+00  9.99986766E-01  1.12882522E+00
    67  2.01000000E+01  1.12942045E+00  9.99985726E-01  1.12942045E+00
    68  2.04000000E+01  1.13006884E+00  9.99984620E-01  1.13006884E+00
    69  2.07000000E+01  1.13065608E+00  9.99983443E-01  1.13065608E+00
    70  2.10000000E+01  1.13119586E+00  9.99982193E-01  1.13119586E+00
    71  2.13000000E+01  1.13177143E+00  9.99980866E-01  1.13177143E+00
    72  2.16000000E+01  1.13232096E+00  9.99979459E-01  1.13232096E+00
    73  2.19000000E+01  1.13283288E+00  9.99977968E-01  1.13283288E+00
    74  2.22000000E+01  1.13331812E+00  9.99976390E-01  1.13331812E+00
    75  2.25000000E+01  1.13380758E+00  9.99974722E-01  1.13380758E+00
    76  2.28000000E+01  1.13429893E+00  9.99972960E-01  1.13429893E+00
    77  2.31000000E+01  1.13477138E+00  9.99971100E-01  1.13477138E+00
    78  2.34000000E+01  1.13523168E+00  9.99969139E-01  1.13523168E+00
    79  2.37000000E+01  1.13568406E+00  9.99967074E-01  1.13568406E+00
    80  2.40000000E+01  1.13613033E+00  9.99964901E-01  1.13613033E+00
    81  2.43000000E+01  1.13657017E+00  9.99962618E-01  1.13657017E+00
    82  2.46000000E+01  1.13700515E+00  9.99960221E-01  1.13700515E+00
    83  2.49000000E+01  1.13744584E+00  9.99957708E-01  1.13744584E+00
    84  2.52000000E+01  1.13787881E+00  9.99955076E-01  1.13787881E+00
    85  2.55000000E+01  1.13830132E+00  9.99952324E-01  1.13830132E+00
    86  2.58000000E+01  1.13871003E+00  9.99949448E-01  1.13871003E+00
    87  2.61000000E+01  1.13910153E+00  9.99946448E-01  1.13910153E+00
    88  2.64000000E+01  1.13948084E+00  9.99943323E-01  1.13948084E+00
    89  2.67000000E+01  1.13987764E+00  9.99940072E-01  1.13987764E+00
    90  2.70000000E+01  1.14025443E+00  9.99936695E-01  1.14025443E+00
    91  2.73000000E+01  1.14060889E+00  9.99933194E-01  1.14060889E+00
    92  2.76000000E+01  1.14093967E+00  9.99929569E-01  1.14093967E+00
    93  2.79000000E+01  1.14128440E+00  9.99925824E-01  1.14128440E+00
    94  2.82000000E+01  1.14162122E+00  9.99921962E-01  1.14162122E+00
    95  2.85000000E+01  1.14193409E+00  9.99917987E-01  1.14193409E+00
    96  2.88000000E+01  1.14222329E+00  9.99913905E-01  1.14222329E+00
    97  2.91000000E+01  1.14252957E+00  9.99909723E-01  1.14252957E+00
    98  2.94000000E+01  1.14282333E+00  9.99905450E-01  1.14282333E+00
    99  2.97000000E+01  1.14309401E+00  9.99901097E-01  1.14309401E+00
   100  3.00000000E+01  1.14334314E+00  9.99896674E-01  1.14334314E+00
   101  3.03000000E+01  1.14361146E+00  9.99892198E-01  1.14361146E+00
   102  3.06000000E+01  1.14386554E+00  9.99887683E-01  1.14386554E+00
   103  3.09000000E+01  1.14409920E+00  9.99883148E-01  1.14409920E+00
   104  3.12000000E+01  1.14431432E+00  9.99878616E-01  1.14431432E+00
   105  3.15000000E+01  1.14454884E+00  9.99874110E-01  1.14454884E+00
   106  3.18000000E+01  1.14476710E+00  9.99869658E-01  1.14476710E+00
   107  3.21000000E+01  1.14496833E+00  9.99865290E-01  1.14496833E+00
   108  3.24000000E+01  1.14515422E+00  9.99861042E-01  1.14515422E+00
   109  3.27000000E+01  1.14535787E+00  9.99856953E-01  1.14535787E+00
   110  3.30000000E+01  1.14554645E+00  9.99853066E-01  1.14554645E+00
   111  3.33000000E+01  1.14572067E+00  9.99849429E-01  1.14572067E+00
   112  3.36000000E+01  1.14588177E+00  9.99846096E-01  1.14588177E+00
   113  3.39000000E+01  1.14605348E+00  9.99843126E-01  1.14605348E+00
   114  3.42000000E+01  1.14621692E+00  9.99840585E-01  1.14621692E+00
   115  3.45000000E+01  1.14636812E+00  9.99838543E-01  1.14636812E+00
   116  3.48000000E+01  1.14650788E+00  9.99837081E-01  1.14650788E+00
   117  3.51000000E+01  1.14665344E+00  9.99836285E-01  1.14665344E+00
   118  3.54000000E+01  1.14679495E+00  9.99836251E-01  1.14679495E+00
   119  3.57000000E+01  1.14692560E+00  9.99837082E-01  1.14692560E+00
   120  3.60000000E+01  1.14704601E+00  9.99838891E-01  1.14704601E+00
   121  3.63000000E+01  1.14716707E+00  9.99841804E-01  1.14716707E+00
   122  3.66000000E+01  1.14728941E+00  9.99845955E-01  1.14728941E+00
   123  3.69000000E+01  1.14740194E+00  9.99851490E-01  1.14740194E+00
   124  3.72000000E+01  1.14750520E+00  9.99858571E-01  1.14750520E+00
   125  3.75000000E+01  1.14760612E+00  9.99867369E-01  1.14760612E+00
   126  3.78000000E+01  1.14771099E+00  9.99878073E-01  1.14771099E+00
   127  3.81000000E+01  1.14780710E+00  9.99890886E-01  1.14780710E+00
   128  3.84000000E+01  1.14789504E+00  9.99906027E-01  1.14789504E+00
   129  3.87000000E+01  1.14797832E+00  9.99923734E-01  1.14797832E+00
   130  3.90000000E+01  1.14806773E+00  9.99944264E-01  1.14806773E+00
   131  3.93000000E+01  1.14814942E+00  9.99967892E-01  1.14814942E+00
   132  3.96000000E+01  1.14822401E+00  9.99994915E-01  1.14822401E+00
   133  3.99000000E+01  1.14829255E+00  1.00002565E+00  1.14829255E+00
   134  4.02000000E+01  1.14836842E+00  1.00006045E+00  1.14836842E+00
   135  4.05000000E+01  1.14843766E+00  1.00009968E+00  1.14843766E+00
   136  4.08000000E+01  1.14850086E+00  1.00014373E+00  1.14850086E+00
   137  4.11000000E+01  1.14855858E+00  1.00019304E+00  1.14855858E+00
   138  4.14000000E+01  1.14861982E+00  1.00024805E+00  1.14861982E+00
   139  4.17000000E+01  1.14867847E+00  1.00030925E+00  1.14867847E+00
   140  4.20000000E+01  1.14873205E+00  1.00037716E+00  1.14873205E+00
   141  4.23000000E+01  1.14878103E+00  1.00045235E+00  1.14878103E+00
   142  4.26000000E+01  1.14882963E+00  1.00053539E+00  1.14882963E+00
   143  4.29000000E+01  1.14887935E+00  1.00062694E+00  1.14887935E+00
   144  4.32000000E+01  1.14892478E+00  1.00072765E+00  1.14892478E+00
   145  4.35000000E+01  1.14896632E+00  1.00083825E+00  1.14896632E+00
   146  4.38000000E+01  1.14900429E+00  1.00095950E+00  1.14900429E+00
   147  4.41000000E+01  1.14904544E+00  1.00109220E+00  1.14904544E+00
   148  4.44000000E+01  1.14908403E+00  1.00123723E+00  1.14908403E+00
   149  4.47000000E+01  1.14911930E+00  1.00139548E+00  1.14911930E+00
   150  4.50000000E+01  1.14915150E+00  1.00156792E+00  1.14915150E+00
   151  4.53000000E+01  1.14918255E+00  1.00175558E+00  1.14918255E+00
   152  4.56000000E+01  1.14921523E+00  1.00195953E+00  1.14921523E+00
   153  4.59000000E+01  1.14924507E+00  1.00218090E+00  1.14924507E+00
   154  4.62000000E+01  1.14927228E+00  1.00242090E+00  1.14927228E+00
   155  4.65000000E+01  1.14929708E+00  1.00268079E+00  1.14929708E+00
   156  4.68000000E+01  1.14932201E+00  1.00296189E+00  1.14932201E+00
   157  4.71000000E+01  1.14934723E+00  1.00326561E+00  1.14934723E+00
   158  4.74000000E+01  1.14937021E+00  1.00359339E+00  1.14937021E+00
   159  4.77000000E+01  1.14939112E+00  1.00394678E+00  1.14939112E+00
   160  4.80000000E+01  1.14941015E+00  1.00432738E+00  1.14941015E+00
   161  4.83000000E+01  1.14942951E+00  1.00473684E+00  1.14942951E+00
   162  4.86000000E+01  1.14944885E+00  1.00517693E+00  1.14944885E+00
   163  4.89000000E+01  1.14946644E+00  1.00564945E+00  1.14946644E+00
   164  4.92000000E+01  1.14948244E+00  1.00615628E+00  1.14948244E+00
   165  4.95000000E+01  1.14949700E+00  1.00669936E+00  1.14949700E+00
   166  4.98000000E+01  1.14951112E+00  1.00728072E+00  1.14951112E+00
   167  5.01000000E+01  1.14952592E+00  1.00790243E+00  1.14952592E+00
   168  5.04000000E+01  1.14953938E+00  1.00856663E+00  1.14953938E+00
   169  5.07000000E+01  1.14955161E+00  1.00927551E+00  1.14955161E+00
   170  5.10000000E+01  1.14956273E+00  1.01003130E+00  1.14956273E+00
   171  5.13000000E+01  1.14957282E+00  1.01083630E+00  1.14957282E+00
   172  5.16000000E+01  1.14958336E+00  1.01169283E+00  1.14958336E+00
   173  5.19000000E+01  1.14959361E+00  1.01260321E+00  1.14959361E+00
   174  5.22000000E+01  1.14960292E+00  1.01356983E+00  1.14960292E+00
   175  5.25000000E+01  1.14961137E+00  1.01459504E+00  1.14961137E+00
   176  5.28000000E+01  1.14961902E+00  1.01568120E+00  1.14961902E+00
   177  5.31000000E+01  1.14962596E+00  1.01683063E+00  1.14962596E+00
   178  5.34000000E+01  1.14963298E+00  1.01804564E+00  1.14963298E+00
   179  5.37000000E+01  1.14964004E+00  1.01932845E+00  1.14964004E+00
   180  5.40000000E+01  1.14964643E+00  1.02068122E+00  1.14964643E+00
   181  5.43000000E+01  1.14965222E+00  1.02210601E+00  1.14965222E+00
   182  5.46000000E+01  1.14965745E+00  1.02360473E+00  1.14965745E+00
   183  5.49000000E+01  1.14966217E+00  1.02517918E+00  1.14966217E+00
   184  5.52000000E+01  1.14966643E+00  1.02683096E+00  1.14966643E+00
   185  5.55000000E+01  1.14967072E+00  1.02856148E+00  1.14967072E+00
   186  5.58000000E+01  1.14967505E+00  1.03037191E+00  1.14967505E+00
   187  5.61000000E+01  1.14967896E+00  1.03226315E+00  1.14967896E+00
   188  5.64000000E+01  1.14968249E+00  1.03423584E+00  1.14968249E+00
   189  5.67000000E+01  1.14968566E+00  1.03629026E+00  1.14968566E+00
   190  5.70000000E+01  1.14968851E+00  1.03842636E+00  1.14968851E+00
   191  5.73000000E+01  1.14969108E+00  1.04064370E+00  1.14969108E+00
   192  5.76000000E+01  1.14969338E+00  1.04294141E+00  1.14969338E+00
   193  5.79000000E+01  1.14969544E+00  1.04531819E+00  1.14969544E+00
   194  5.82000000E+01  1.14969743E+00  1.04777228E+00  1.14969743E+00
   195  5.85000000E+01  1.14969953E+00  1.05030139E+00  1.14969953E+00
   196  5.88000000E+01  1.14970141E+00  1.05290275E+00  1.14970141E+00
   197  5.91000000E+01  1.14970310E+00  1.05557302E+00  1.14970310E+00
   198  5.94000000E+01  1.14970460E+00  1.05830833E+00  1.14970460E+00
   199  5.97000000E+01  1.14970594E+00  1.06110424E+00  1.14970594E+00
   200  6.00000000E+01  1.14970713E+00  1.06395573E+00  1.14970713E+00
   201  6.03000000E+01  1.14970818E+00  1.06685725E+00  1.14970818E+00
   202  6.06000000E+01  1.14970912E+00  1.06980264E+00  1.14970912E+00
   203  6.09000000E+01  1.14970995E+00  1.07278523E+00  1.14970995E+00
   204  6.12000000E+01  1.14971068E+00  1.07579782E+00  1.14971068E+00
   205  6.15000000E+01  1.14971132E+00  1.07883268E+00  1.14971132E+00
   206  6.18000000E+01  1.14971188E+00  1.08188165E+00  1.14971188E+00
   207  6.21000000E+01  1.14971237E+00  1.08493612E+00  1.14971237E+00
   208  6.24000000E+01  1.14971280E+00  1.08798711E+00  1.14971280E+00
   209  6.27000000E+01  1.14971317E+00  1.09102533E+00  1.14971317E+00
   210  6.30000000E+01  1.14971349E+00  1.09404121E+00  1.14971349E+00
   211  6.33000000E+01  1.14971377E+00  1.09702502E+00  1.14971377E+00
   212  6.36000000E+01  1.14971400E+00  1.09996689E+00  1.14971400E+00
   213  6.39000000E+01  1.14971420E+00  1.10285696E+00  1.14971420E+00
   214  6.42000000E+01  1.14971436E+00  1.10568540E+00  1.14971436E+00
   215  6.45000000E+01  1.14971450E+00  1.10844258E+00  1.14971450E+00
   216  6.48000000E+01  1.14971466E+00  1.11111912E+00  1.14971466E+00
   217  6.51000000E+01  1.14971480E+00  1.11370603E+00  1.14971480E+00
   218  6.54000000E+01  1.14971492E+00  1.11619483E+00  1.14971492E+00
   219  6.57000000E+01  1.14971501E+00  1.11857766E+00  1.14971501E+00
   220  6.60000000E+01  1.14971508E+00  1.12084743E+00  1.14971508E+00
   221  6.63000000E+01  1.14971514E+00  1.12299792E+00  1.14971514E+00
   222  6.66000000E+01  1.14971518E+00  1.12502394E+00  1.14971518E+00
   223  6.69000000E+01  1.14971520E+00  1.12692148E+00  1.14971520E+00
   224  6.72000000E+01  1.14971522E+00  1.12868775E+00  1.14971522E+00
   225  6.75000000E+01  1.14971522E+00  1.13032140E+00  1.14971522E+00
   226  6.78000000E+01  1.14971522E+00  1.13182253E+00  1.14971522E+00
   227  6.81000000E+01  1.14971521E+00  1.13319278E+00  1.14971521E+00
   228  6.84000000E+01  1.14971519E+00  1.13443540E+00  1.14971519E+00
   229  6.87000000E+01  1.14971517E+00  1.13555519E+00  1.14971517E+00
   230  6.90000000E+01  1.14971514E+00  1.13655849E+00  1.14971514E+00
   231  6.93000000E+01  1.14971511E+00  1.13745309E+00  1.14971511E+00
   232  6.96000000E+01  1.14971508E+00  1.13824802E+00  1.14971508E+00
   233  6.99000000E+01  1.14971504E+00  1.13895339E+00  1.14971504E+00
   234  7.02000000E+01  1.14971501E+00  1.13958011E+00  1.14971501E+00
   235  7.05000000E+01  1.14971497E+00  1.14013954E+00  1.14971497E+00
   236  7.08000000E+01  1.14971493E+00  1.14064323E+00  1.14971493E+00
   237  7.11000000E+01  1.14971489E+00  1.14110245E+00  1.14971489E+00
   238  7.14000000E+01  1.14971485E+00  1.14152789E+00  1.14971485E+00
   239  7.17000000E+01  1.14971482E+00  1.14192924E+00  1.14971482E+00
   240  7.20000000E+01  1.14971478E+00  1.14231495E+00  1.14971478E+00
   241  7.23000000E+01  1.14971474E+00  1.14269189E+00  1.14971474E+00
   242  7.26000000E+01  1.14971470E+00  1.14306522E+00  1.14971470E+00
   243  7.29000000E+01  1.14971467E+00  1.14343830E+00  1.14971467E+00
   244  7.32000000E+01  1.14971463E+00  1.14381269E+00  1.14971463E+00
   245  7.35000000E+01  1.14971460E+00  1.14418825E+00  1.14971460E+00
   246  7.38000000E+01  1.14971457E+00  1.14456341E+00  1.14971457E+00
   247  7.41000000E+01  1.14971453E+00  1.14493543E+00  1.14971453E+00
   248  7.44000000E+01  1.14971450E+00  1.14530071E+00  1.14971450E+00
   249  7.47000000E+01  1.14971448E+00  1.14565528E+00  1.14971448E+00
   250  7.50000000E+01  1.14971445E+00  1.14599507E+00  1.14971445E+00
   251  7.53000000E+01  1.14971442E+00  1.14631636E+00  1.14971442E+00
   252  7.56000000E+01  1.14971440E+00  1.14661603E+00  1.14971440E+00
   253  7.59000000E+01  1.14971437E+00  1.14689183E+00  1.14971437E+00
   254  7.62000000E+01  1.14971435E+00  1.14714245E+00  1.14971435E+00
   255  7.65000000E+01  1.14971433E+00  1.14736765E+00  1.14971433E+00
   256  7.68000000E+01  1.14971431E+00  1.14756812E+00  1.14971431E+00
   257  7.71000000E+01  1.14971429E+00  1.14774542E+00  1.14971429E+00
   258  7.74000000E+01  1.14971427E+00  1.14790174E+00  1.14971427E+00
   259  7.77000000E+01  1.14971425E+00  1.14803969E+00  1.14971425E+00
   260  7.80000000E+01  1.14971423E+00  1.14816205E+00  1.14971423E+00
   261  7.83000000E+01  1.14971422E+00  1.14827158E+00  1.14971422E+00
   262  7.86000000E+01  1.14971420E+00  1.14837076E+00  1.14971420E+00
   263  7.89000000E+01  1.14971419E+00  1.14846174E+00  1.14971419E+00
   264  7.92000000E+01  1.14971418E+00  1.14854619E+00  1.14971418E+00
   265  7.95000000E+01  1.14971417E+00  1.14862530E+00  1.14971417E+00
   266  7.98000000E+01  1.14971416E+00  1.14869981E+00  1.14971416E+00
   267  8.01000000E+01  1.14971415E+00  1.14877008E+00  1.14971415E+00
   268  8.04000000E+01  1.14971414E+00  1.14883620E+00  1.14971414E+00
   269  8.07000000E+01  1.14971413E+00  1.14889805E+00  1.14971413E+00
   270  8.10000000E+01  1.14971412E+00  1.14895547E+00  1.14971412E+00
   271  8.13000000E+01  1.14971411E+00  1.14900831E+00  1.14971411E+00
   272  8.16000000E+01  1.14971410E+00  1.14905650E+00  1.14971410E+00
   273  8.19000000E+01  1.14971410E+00  1.14910008E+00  1.14971410E+00
   274  8.22000000E+01  1.14971409E+00  1.14913924E+00  1.14971409E+00
   275  8.25000000E+01  1.14971408E+00  1.14917427E+00  1.14971408E+00
   276  8.28000000E+01  1.14971408E+00  1.14920556E+00  1.14971408E+00
   277  8.31000000E+01  1.14971407E+00  1.14923354E+00  1.14971407E+00
   278  8.34000000E+01  1.14971407E+00  1.14925867E+00  1.14971407E+00
   279  8.37000000E+01  1.14971407E+00  1.14928136E+00  1.14971407E+00
   280  8.40000000E+01  1.14971406E+00  1.14930199E+00  1.14971406E+00
   281  8.43000000E+01  1.14971406E+00  1.14932087E+00  1.14971406E+00
   282  8.46000000E+01  1.14971406E+00  1.14933821E+00  1.14971406E+00
   283  8.49000000E+01  1.14971405E+00  1.14935420E+00  1.14971405E+00
   284  8.52000000E+01  1.14971405E+00  1.14936894E+00  1.14971405E+00
   285  8.55000000E+01  1.14971405E+00  1.14938250E+00  1.14971405E+00
   286  8.58000000E+01  1.14971405E+00  1.14939494E+00  1.14971405E+00
   287  8.61000000E+01  1.14971404E+00  1.14940630E+00  1.14971404E+00
   288  8.64000000E+01  1.14971404E+00  1.14941662E+00  1.14971404E+00
   289  8.67000000E+01  1.14971404E+00  1.14942595E+00  1.14971404E+00
   290  8.70000000E+01  1.14971404E+00  1.14943435E+00  1.14971404E+00
   291  8.73000000E+01  1.14971404E+00  1.14944190E+00  1.14971404E+00
   292  8.76000000E+01  1.14971404E+00  1.14944868E+00  1.14971404E+00
   293  8.79000000E+01  1.14971404E+00  1.14945476E+00  1.14971404E+00
   294  8.82000000E+01  1.14971403E+00  1.14946023E+00  1.14971403E+00
   295  8.85000000E+01  1.14971403E+00  1.14946516E+00  1.14971403E+00
   296  8.88000000E+01  1.14971403E+00  1.14946962E+00  1.14971403E+00
   297  8.91000000E+01  1.14971403E+00  1.14947364E+00  1.14971403E+00
   298  8.94000000E+01  1.14971403E+00  1.14947728E+00  1.14971403E+00
 steady-height stop at step    298: changes <=   1.0000E-05, max-end <=   1.0000E-02, max/end/gap/profile_change =   1.14971403E+00  1.14947728E+00  2.36748220E-04  3.64242224E-06


STDERR:
