COMMAND:
/shared/generate_rom_data/extrudate_swell2d_c_cluster

STDOUT:
 comppar: model =   6
 comppar: lambda,mobility/eps,betav,eta_0 =  4.6000E+00  2.3333E-01  3.0000E-01  1.0000E+00
 comppar: eta_s,eta_p,G =  3.0000E-01  7.0000E-01  1.5217E-01
 comppar: U_avg,deltat,flowrate,nsteps =  1.0000E-01  3.0000E-01  3.1416E-01     700
 comppar: geometry = axisymmetric
 comppar: steady stop change,gap,hold,min =  1.0000E-05  1.0000E-02      10      80
 comppar: ncompc,ncompg =     4     5
 mesh nnodes = 5765
 mesh nelem = 2780
 P1 BC   5.0000000000000000     
 P2 BC   0.0000000000000000     
     1  3.00000000E-01  1.00378814E+00  1.00000000E+00  1.00378814E+00
     2  6.00000000E-01  1.00747279E+00  1.00000000E+00  1.00747279E+00
     3  9.00000000E-01  1.01104135E+00  1.00000000E+00  1.01104135E+00
     4  1.20000000E+00  1.01450914E+00  1.00000000E+00  1.01450914E+00
     5  1.50000000E+00  1.01788418E+00  1.00000000E+00  1.01788418E+00
     6  1.80000000E+00  1.02117770E+00  1.00000000E+00  1.02117770E+00
     7  2.10000000E+00  1.02440357E+00  1.00000000E+00  1.02440357E+00
     8  2.40000000E+00  1.02756520E+00  1.00000001E+00  1.02756520E+00
     9  2.70000000E+00  1.03069217E+00  1.00000001E+00  1.03069217E+00
    10  3.00000000E+00  1.03378649E+00  1.00000001E+00  1.03378649E+00
    11  3.30000000E+00  1.03682397E+00  1.00000001E+00  1.03682397E+00
    12  3.60000000E+00  1.03987062E+00  1.00000001E+00  1.03987062E+00
    13  3.90000000E+00  1.04286852E+00  1.00000001E+00  1.04286852E+00
    14  4.20000000E+00  1.04586554E+00  1.00000001E+00  1.04586554E+00
    15  4.50000000E+00  1.04882078E+00  1.00000001E+00  1.04882078E+00
    16  4.80000000E+00  1.05179138E+00  1.00000000E+00  1.05179138E+00
    17  5.10000000E+00  1.05469241E+00  1.00000000E+00  1.05469241E+00
    18  5.40000000E+00  1.05763720E+00  9.99999997E-01  1.05763720E+00
    19  5.70000000E+00  1.06050762E+00  9.99999993E-01  1.06050762E+00
    20  6.00000000E+00  1.06333167E+00  9.99999987E-01  1.06333167E+00
    21  6.30000000E+00  1.06617964E+00  9.99999979E-01  1.06617964E+00
    22  6.60000000E+00  1.06894246E+00  9.99999971E-01  1.06894246E+00
    23  6.90000000E+00  1.07167881E+00  9.99999960E-01  1.07167881E+00
    24  7.20000000E+00  1.07440215E+00  9.99999948E-01  1.07440215E+00
    25  7.50000000E+00  1.07702825E+00  9.99999933E-01  1.07702825E+00
    26  7.80000000E+00  1.07964875E+00  9.99999916E-01  1.07964875E+00
    27  8.10000000E+00  1.08223937E+00  9.99999897E-01  1.08223937E+00
    28  8.40000000E+00  1.08472330E+00  9.99999875E-01  1.08472330E+00
    29  8.70000000E+00  1.08720190E+00  9.99999850E-01  1.08720190E+00
    30  9.00000000E+00  1.08963867E+00  9.99999821E-01  1.08963867E+00
    31  9.30000000E+00  1.09196291E+00  9.99999788E-01  1.09196291E+00
    32  9.60000000E+00  1.09425243E+00  9.99999751E-01  1.09425243E+00
    33  9.90000000E+00  1.09654714E+00  9.99999710E-01  1.09654714E+00
    34  1.02000000E+01  1.09872864E+00  9.99999664E-01  1.09872864E+00
    35  1.05000000E+01  1.10081270E+00  9.99999612E-01  1.10081270E+00
    36  1.08000000E+01  1.10296034E+00  9.99999555E-01  1.10296034E+00
    37  1.11000000E+01  1.10499826E+00  9.99999491E-01  1.10499826E+00
    38  1.14000000E+01  1.10693242E+00  9.99999419E-01  1.10693242E+00
    39  1.17000000E+01  1.10883705E+00  9.99999341E-01  1.10883705E+00
    40  1.20000000E+01  1.11076210E+00  9.99999254E-01  1.11076210E+00
    41  1.23000000E+01  1.11259011E+00  9.99999158E-01  1.11259011E+00
    42  1.26000000E+01  1.11432774E+00  9.99999052E-01  1.11432774E+00
    43  1.29000000E+01  1.11603344E+00  9.99998936E-01  1.11603344E+00
    44  1.32000000E+01  1.11775872E+00  9.99998808E-01  1.11775872E+00
    45  1.35000000E+01  1.11939898E+00  9.99998668E-01  1.11939898E+00
    46  1.38000000E+01  1.12095654E+00  9.99998515E-01  1.12095654E+00
    47  1.41000000E+01  1.12245055E+00  9.99998348E-01  1.12245055E+00
    48  1.44000000E+01  1.12401144E+00  9.99998165E-01  1.12401144E+00
    49  1.47000000E+01  1.12548785E+00  9.99997966E-01  1.12548785E+00
    50  1.50000000E+01  1.12687665E+00  9.99997749E-01  1.12687665E+00
    51  1.53000000E+01  1.12817281E+00  9.99997513E-01  1.12817281E+00
    52  1.56000000E+01  1.12956521E+00  9.99997257E-01  1.12956521E+00
    53  1.59000000E+01  1.13087066E+00  9.99996979E-01  1.13087066E+00
    54  1.62000000E+01  1.13207918E+00  9.99996678E-01  1.13207918E+00
    55  1.65000000E+01  1.13320957E+00  9.99996351E-01  1.13320957E+00
    56  1.68000000E+01  1.13442749E+00  9.99995999E-01  1.13442749E+00
    57  1.71000000E+01  1.13554630E+00  9.99995618E-01  1.13554630E+00
    58  1.74000000E+01  1.13656361E+00  9.99995206E-01  1.13656361E+00
    59  1.77000000E+01  1.13759542E+00  9.99994763E-01  1.13759542E+00
    60  1.80000000E+01  1.13862641E+00  9.99994285E-01  1.13862641E+00
    61  1.83000000E+01  1.13955588E+00  9.99993770E-01  1.13955588E+00
    62  1.86000000E+01  1.14039562E+00  9.99993217E-01  1.14039562E+00
    63  1.89000000E+01  1.14134071E+00  9.99992623E-01  1.14134071E+00
    64  1.92000000E+01  1.14218777E+00  9.99991986E-01  1.14218777E+00
    65  1.95000000E+01  1.14294158E+00  9.99991302E-01  1.14294158E+00
    66  1.98000000E+01  1.14373228E+00  9.99990570E-01  1.14373228E+00
    67  2.01000000E+01  1.14449841E+00  9.99989786E-01  1.14449841E+00
    68  2.04000000E+01  1.14517665E+00  9.99988948E-01  1.14517665E+00
    69  2.07000000E+01  1.14581081E+00  9.99988052E-01  1.14581081E+00
    70  2.10000000E+01  1.14650429E+00  9.99987096E-01  1.14650429E+00
    71  2.13000000E+01  1.14711597E+00  9.99986076E-01  1.14711597E+00
    72  2.16000000E+01  1.14765387E+00  9.99984989E-01  1.14765387E+00
    73  2.19000000E+01  1.14824432E+00  9.99983832E-01  1.14824432E+00
    74  2.22000000E+01  1.14879169E+00  9.99982600E-01  1.14879169E+00
    75  2.25000000E+01  1.14927204E+00  9.99981291E-01  1.14927204E+00
    76  2.28000000E+01  1.14976006E+00  9.99979901E-01  1.14976006E+00
    77  2.31000000E+01  1.15025081E+00  9.99978426E-01  1.15025081E+00
    78  2.34000000E+01  1.15067987E+00  9.99976862E-01  1.15067987E+00
    79  2.37000000E+01  1.15106154E+00  9.99975206E-01  1.15106154E+00
    80  2.40000000E+01  1.15149889E+00  9.99973453E-01  1.15149889E+00
    81  2.43000000E+01  1.15188061E+00  9.99971599E-01  1.15188061E+00
    82  2.46000000E+01  1.15221284E+00  9.99969642E-01  1.15221284E+00
    83  2.49000000E+01  1.15257120E+00  9.99967576E-01  1.15257120E+00
    84  2.52000000E+01  1.15290981E+00  9.99965397E-01  1.15290981E+00
    85  2.55000000E+01  1.15320312E+00  9.99963103E-01  1.15320312E+00
    86  2.58000000E+01  1.15347338E+00  9.99960690E-01  1.15347338E+00
    87  2.61000000E+01  1.15377342E+00  9.99958153E-01  1.15377342E+00
    88  2.64000000E+01  1.15403253E+00  9.99955490E-01  1.15403253E+00
    89  2.67000000E+01  1.15425512E+00  9.99952697E-01  1.15425512E+00
    90  2.70000000E+01  1.15450670E+00  9.99949771E-01  1.15450670E+00
    91  2.73000000E+01  1.15473390E+00  9.99946709E-01  1.15473390E+00
    92  2.76000000E+01  1.15492826E+00  9.99943510E-01  1.15492826E+00
    93  2.79000000E+01  1.15511294E+00  9.99940171E-01  1.15511294E+00
    94  2.82000000E+01  1.15531263E+00  9.99936691E-01  1.15531263E+00
    95  2.85000000E+01  1.15548282E+00  9.99933069E-01  1.15548282E+00
    96  2.88000000E+01  1.15562728E+00  9.99929304E-01  1.15562728E+00
    97  2.91000000E+01  1.15579654E+00  9.99925398E-01  1.15579654E+00
    98  2.94000000E+01  1.15594462E+00  9.99921350E-01  1.15594462E+00
    99  2.97000000E+01  1.15607026E+00  9.99917163E-01  1.15607026E+00
   100  3.00000000E+01  1.15618918E+00  9.99912841E-01  1.15618918E+00
   101  3.03000000E+01  1.15631852E+00  9.99908386E-01  1.15631852E+00
   102  3.06000000E+01  1.15642824E+00  9.99903805E-01  1.15642824E+00
   103  3.09000000E+01  1.15652166E+00  9.99899105E-01  1.15652166E+00
   104  3.12000000E+01  1.15662479E+00  9.99894293E-01  1.15662479E+00
   105  3.15000000E+01  1.15672055E+00  9.99889379E-01  1.15672055E+00
   106  3.18000000E+01  1.15680250E+00  9.99884376E-01  1.15680250E+00
   107  3.21000000E+01  1.15687333E+00  9.99879297E-01  1.15687333E+00
   108  3.24000000E+01  1.15694873E+00  9.99874158E-01  1.15694873E+00
   109  3.27000000E+01  1.15702125E+00  9.99868978E-01  1.15702125E+00
   110  3.30000000E+01  1.15708453E+00  9.99863779E-01  1.15708453E+00
   111  3.33000000E+01  1.15714052E+00  9.99858584E-01  1.15714052E+00
   112  3.36000000E+01  1.15719468E+00  9.99853421E-01  1.15719468E+00
   113  3.39000000E+01  1.15725127E+00  9.99848322E-01  1.15725127E+00
   114  3.42000000E+01  1.15730172E+00  9.99843321E-01  1.15730172E+00
   115  3.45000000E+01  1.15734721E+00  9.99838458E-01  1.15734721E+00
   116  3.48000000E+01  1.15738852E+00  9.99833776E-01  1.15738852E+00
   117  3.51000000E+01  1.15742618E+00  9.99829324E-01  1.15742618E+00
   118  3.54000000E+01  1.15746366E+00  9.99825156E-01  1.15746366E+00
   119  3.57000000E+01  1.15750201E+00  9.99821332E-01  1.15750201E+00
   120  3.60000000E+01  1.15753702E+00  9.99817919E-01  1.15753702E+00
   121  3.63000000E+01  1.15756890E+00  9.99814989E-01  1.15756890E+00
   122  3.66000000E+01  1.15759787E+00  9.99812622E-01  1.15759787E+00
   123  3.69000000E+01  1.15762414E+00  9.99810908E-01  1.15762414E+00
   124  3.72000000E+01  1.15764795E+00  9.99809942E-01  1.15764795E+00
   125  3.75000000E+01  1.15767290E+00  9.99809832E-01  1.15767290E+00
   126  3.78000000E+01  1.15769714E+00  9.99810691E-01  1.15769714E+00
   127  3.81000000E+01  1.15771916E+00  9.99812647E-01  1.15771916E+00
   128  3.84000000E+01  1.15773924E+00  9.99815838E-01  1.15773924E+00
   129  3.87000000E+01  1.15775761E+00  9.99820412E-01  1.15775761E+00
   130  3.90000000E+01  1.15777453E+00  9.99826532E-01  1.15777453E+00
   131  3.93000000E+01  1.15779020E+00  9.99834374E-01  1.15779020E+00
   132  3.96000000E+01  1.15780480E+00  9.99844130E-01  1.15780480E+00
   133  3.99000000E+01  1.15781844E+00  9.99856008E-01  1.15781844E+00
   134  4.02000000E+01  1.15783240E+00  9.99870230E-01  1.15783240E+00
   135  4.05000000E+01  1.15784620E+00  9.99887041E-01  1.15784620E+00
   136  4.08000000E+01  1.15785913E+00  9.99906702E-01  1.15785913E+00
   137  4.11000000E+01  1.15787125E+00  9.99929496E-01  1.15787125E+00
   138  4.14000000E+01  1.15788261E+00  9.99955728E-01  1.15788261E+00
   139  4.17000000E+01  1.15789324E+00  9.99985725E-01  1.15789324E+00
   140  4.20000000E+01  1.15790317E+00  1.00001984E+00  1.15790317E+00
   141  4.23000000E+01  1.15791244E+00  1.00005846E+00  1.15791244E+00
   142  4.26000000E+01  1.15792108E+00  1.00010198E+00  1.15792108E+00
   143  4.29000000E+01  1.15792912E+00  1.00015084E+00  1.15792912E+00
   144  4.32000000E+01  1.15793660E+00  1.00020551E+00  1.15793660E+00
   145  4.35000000E+01  1.15794355E+00  1.00026649E+00  1.15794355E+00
   146  4.38000000E+01  1.15795001E+00  1.00033432E+00  1.15795001E+00
   147  4.41000000E+01  1.15795601E+00  1.00040957E+00  1.15795601E+00
   148  4.44000000E+01  1.15796157E+00  1.00049284E+00  1.15796157E+00
   149  4.47000000E+01  1.15796671E+00  1.00058480E+00  1.15796671E+00
   150  4.50000000E+01  1.15797147E+00  1.00068613E+00  1.15797147E+00
   151  4.53000000E+01  1.15797647E+00  1.00079757E+00  1.15797647E+00
   152  4.56000000E+01  1.15798129E+00  1.00091991E+00  1.15798129E+00
   153  4.59000000E+01  1.15798574E+00  1.00105399E+00  1.15798574E+00
   154  4.62000000E+01  1.15798985E+00  1.00120069E+00  1.15798985E+00
   155  4.65000000E+01  1.15799362E+00  1.00136095E+00  1.15799362E+00
   156  4.68000000E+01  1.15799708E+00  1.00153578E+00  1.15799708E+00
   157  4.71000000E+01  1.15800025E+00  1.00172624E+00  1.15800025E+00
   158  4.74000000E+01  1.15800315E+00  1.00193343E+00  1.15800315E+00
   159  4.77000000E+01  1.15800579E+00  1.00215855E+00  1.15800579E+00
   160  4.80000000E+01  1.15800821E+00  1.00240283E+00  1.15800821E+00
   161  4.83000000E+01  1.15801040E+00  1.00266760E+00  1.15801040E+00
   162  4.86000000E+01  1.15801239E+00  1.00295424E+00  1.15801239E+00
   163  4.89000000E+01  1.15801419E+00  1.00326421E+00  1.15801419E+00
   164  4.92000000E+01  1.15801583E+00  1.00359902E+00  1.15801583E+00
   165  4.95000000E+01  1.15801730E+00  1.00396030E+00  1.15801730E+00
   166  4.98000000E+01  1.15801863E+00  1.00434970E+00  1.15801863E+00
   167  5.01000000E+01  1.15801983E+00  1.00476899E+00  1.15801983E+00
   168  5.04000000E+01  1.15802090E+00  1.00521999E+00  1.15802090E+00
   169  5.07000000E+01  1.15802187E+00  1.00570461E+00  1.15802187E+00
   170  5.10000000E+01  1.15802273E+00  1.00622484E+00  1.15802273E+00
   171  5.13000000E+01  1.15802350E+00  1.00678273E+00  1.15802350E+00
   172  5.16000000E+01  1.15802419E+00  1.00738042E+00  1.15802419E+00
   173  5.19000000E+01  1.15802480E+00  1.00802010E+00  1.15802480E+00
   174  5.22000000E+01  1.15802535E+00  1.00870404E+00  1.15802535E+00
   175  5.25000000E+01  1.15802583E+00  1.00943458E+00  1.15802583E+00
   176  5.28000000E+01  1.15802626E+00  1.01021410E+00  1.15802626E+00
   177  5.31000000E+01  1.15802664E+00  1.01104506E+00  1.15802664E+00
   178  5.34000000E+01  1.15802697E+00  1.01192992E+00  1.15802697E+00
   179  5.37000000E+01  1.15802727E+00  1.01287120E+00  1.15802727E+00
   180  5.40000000E+01  1.15802753E+00  1.01387145E+00  1.15802753E+00
   181  5.43000000E+01  1.15802776E+00  1.01493321E+00  1.15802776E+00
   182  5.46000000E+01  1.15802796E+00  1.01605903E+00  1.15802796E+00
   183  5.49000000E+01  1.15802814E+00  1.01725142E+00  1.15802814E+00
   184  5.52000000E+01  1.15802829E+00  1.01851288E+00  1.15802829E+00
   185  5.55000000E+01  1.15802843E+00  1.01984582E+00  1.15802843E+00
   186  5.58000000E+01  1.15802854E+00  1.02125259E+00  1.15802854E+00
   187  5.61000000E+01  1.15802865E+00  1.02273543E+00  1.15802865E+00
   188  5.64000000E+01  1.15802874E+00  1.02429645E+00  1.15802874E+00
   189  5.67000000E+01  1.15802882E+00  1.02593761E+00  1.15802882E+00
   190  5.70000000E+01  1.15802888E+00  1.02766069E+00  1.15802888E+00
   191  5.73000000E+01  1.15802894E+00  1.02946725E+00  1.15802894E+00
   192  5.76000000E+01  1.15802899E+00  1.03135861E+00  1.15802899E+00
   193  5.79000000E+01  1.15802904E+00  1.03333581E+00  1.15802904E+00
   194  5.82000000E+01  1.15802908E+00  1.03539959E+00  1.15802908E+00
   195  5.85000000E+01  1.15802911E+00  1.03755034E+00  1.15802911E+00
   196  5.88000000E+01  1.15802914E+00  1.03978807E+00  1.15802914E+00
   197  5.91000000E+01  1.15802917E+00  1.04211236E+00  1.15802917E+00
   198  5.94000000E+01  1.15802919E+00  1.04452236E+00  1.15802919E+00
   199  5.97000000E+01  1.15802921E+00  1.04701674E+00  1.15802921E+00
   200  6.00000000E+01  1.15802923E+00  1.04959364E+00  1.15802923E+00
   201  6.03000000E+01  1.15802925E+00  1.05225065E+00  1.15802925E+00
   202  6.06000000E+01  1.15802926E+00  1.05498482E+00  1.15802926E+00
   203  6.09000000E+01  1.15802927E+00  1.05779258E+00  1.15802927E+00
   204  6.12000000E+01  1.15802928E+00  1.06066979E+00  1.15802928E+00
   205  6.15000000E+01  1.15802929E+00  1.06361169E+00  1.15802929E+00
   206  6.18000000E+01  1.15802930E+00  1.06661290E+00  1.15802930E+00
   207  6.21000000E+01  1.15802931E+00  1.06966746E+00  1.15802931E+00
   208  6.24000000E+01  1.15802932E+00  1.07276880E+00  1.15802932E+00
   209  6.27000000E+01  1.15802932E+00  1.07590980E+00  1.15802932E+00
   210  6.30000000E+01  1.15802933E+00  1.07908281E+00  1.15802933E+00
   211  6.33000000E+01  1.15802933E+00  1.08227968E+00  1.15802933E+00
   212  6.36000000E+01  1.15802934E+00  1.08549183E+00  1.15802934E+00
   213  6.39000000E+01  1.15802934E+00  1.08871027E+00  1.15802934E+00
   214  6.42000000E+01  1.15802935E+00  1.09192573E+00  1.15802935E+00
   215  6.45000000E+01  1.15802935E+00  1.09512866E+00  1.15802935E+00
   216  6.48000000E+01  1.15802936E+00  1.09830937E+00  1.15802936E+00
   217  6.51000000E+01  1.15802936E+00  1.10145811E+00  1.15802936E+00
   218  6.54000000E+01  1.15802936E+00  1.10456514E+00  1.15802936E+00
   219  6.57000000E+01  1.15802937E+00  1.10762087E+00  1.15802937E+00
   220  6.60000000E+01  1.15802937E+00  1.11061598E+00  1.15802937E+00
   221  6.63000000E+01  1.15802937E+00  1.11354148E+00  1.15802937E+00
   222  6.66000000E+01  1.15802938E+00  1.11638892E+00  1.15802938E+00
   223  6.69000000E+01  1.15802938E+00  1.11915044E+00  1.15802938E+00
   224  6.72000000E+01  1.15802938E+00  1.12181889E+00  1.15802938E+00
   225  6.75000000E+01  1.15802938E+00  1.12438802E+00  1.15802938E+00
   226  6.78000000E+01  1.15802939E+00  1.12685247E+00  1.15802939E+00
   227  6.81000000E+01  1.15802939E+00  1.12920795E+00  1.15802939E+00
   228  6.84000000E+01  1.15802939E+00  1.13145123E+00  1.15802939E+00
   229  6.87000000E+01  1.15802939E+00  1.13358026E+00  1.15802939E+00
   230  6.90000000E+01  1.15802939E+00  1.13559407E+00  1.15802939E+00
   231  6.93000000E+01  1.15802940E+00  1.13749282E+00  1.15802940E+00
   232  6.96000000E+01  1.15802940E+00  1.13927771E+00  1.15802940E+00
   233  6.99000000E+01  1.15802940E+00  1.14095084E+00  1.15802940E+00
   234  7.02000000E+01  1.15802940E+00  1.14251509E+00  1.15802940E+00
   235  7.05000000E+01  1.15802940E+00  1.14397395E+00  1.15802940E+00
   236  7.08000000E+01  1.15802940E+00  1.14533131E+00  1.15802940E+00
   237  7.11000000E+01  1.15802940E+00  1.14659125E+00  1.15802940E+00
   238  7.14000000E+01  1.15802941E+00  1.14775789E+00  1.15802941E+00
   239  7.17000000E+01  1.15802941E+00  1.14883515E+00  1.15802941E+00
   240  7.20000000E+01  1.15802941E+00  1.14982671E+00  1.15802941E+00
   241  7.23000000E+01  1.15802941E+00  1.15073584E+00  1.15802941E+00
   242  7.26000000E+01  1.15802941E+00  1.15156546E+00  1.15802941E+00
   243  7.29000000E+01  1.15802941E+00  1.15231814E+00  1.15802941E+00
   244  7.32000000E+01  1.15802941E+00  1.15299623E+00  1.15802941E+00
   245  7.35000000E+01  1.15802941E+00  1.15360200E+00  1.15802941E+00
   246  7.38000000E+01  1.15802941E+00  1.15413783E+00  1.15802941E+00
   247  7.41000000E+01  1.15802941E+00  1.15460638E+00  1.15802941E+00
   248  7.44000000E+01  1.15802941E+00  1.15501080E+00  1.15802941E+00
   249  7.47000000E+01  1.15802941E+00  1.15535479E+00  1.15802941E+00
   250  7.50000000E+01  1.15802941E+00  1.15564274E+00  1.15802941E+00
   251  7.53000000E+01  1.15802942E+00  1.15587967E+00  1.15802942E+00
   252  7.56000000E+01  1.15802942E+00  1.15607119E+00  1.15802942E+00
   253  7.59000000E+01  1.15802942E+00  1.15622328E+00  1.15802942E+00
   254  7.62000000E+01  1.15802942E+00  1.15634216E+00  1.15802942E+00
   255  7.65000000E+01  1.15802942E+00  1.15643400E+00  1.15802942E+00
   256  7.68000000E+01  1.15802942E+00  1.15650470E+00  1.15802942E+00
   257  7.71000000E+01  1.15802942E+00  1.15655961E+00  1.15802942E+00
   258  7.74000000E+01  1.15802942E+00  1.15660341E+00  1.15802942E+00
   259  7.77000000E+01  1.15802942E+00  1.15663995E+00  1.15802942E+00
   260  7.80000000E+01  1.15802942E+00  1.15667220E+00  1.15802942E+00
   261  7.83000000E+01  1.15802942E+00  1.15670224E+00  1.15802942E+00
   262  7.86000000E+01  1.15802942E+00  1.15673141E+00  1.15802942E+00
   263  7.89000000E+01  1.15802942E+00  1.15676036E+00  1.15802942E+00
   264  7.92000000E+01  1.15802942E+00  1.15678925E+00  1.15802942E+00
   265  7.95000000E+01  1.15802942E+00  1.15681791E+00  1.15802942E+00
   266  7.98000000E+01  1.15802942E+00  1.15684595E+00  1.15802942E+00
   267  8.01000000E+01  1.15802942E+00  1.15687299E+00  1.15802942E+00
   268  8.04000000E+01  1.15802942E+00  1.15689863E+00  1.15802942E+00
   269  8.07000000E+01  1.15802942E+00  1.15692261E+00  1.15802942E+00
   270  8.10000000E+01  1.15802942E+00  1.15694480E+00  1.15802942E+00
   271  8.13000000E+01  1.15802942E+00  1.15696516E+00  1.15802942E+00
   272  8.16000000E+01  1.15802942E+00  1.15698378E+00  1.15802942E+00
   273  8.19000000E+01  1.15802942E+00  1.15700079E+00  1.15802942E+00
   274  8.22000000E+01  1.15802942E+00  1.15701639E+00  1.15802942E+00
   275  8.25000000E+01  1.15802942E+00  1.15703073E+00  1.15802942E+00
   276  8.28000000E+01  1.15802942E+00  1.15704398E+00  1.15802942E+00
   277  8.31000000E+01  1.15802942E+00  1.15705626E+00  1.15802942E+00
   278  8.34000000E+01  1.15802942E+00  1.15706767E+00  1.15802942E+00
   279  8.37000000E+01  1.15802942E+00  1.15707829E+00  1.15802942E+00
   280  8.40000000E+01  1.15802942E+00  1.15708817E+00  1.15802942E+00
   281  8.43000000E+01  1.15802942E+00  1.15709737E+00  1.15802942E+00
   282  8.46000000E+01  1.15802942E+00  1.15710593E+00  1.15802942E+00
   283  8.49000000E+01  1.15802942E+00  1.15711390E+00  1.15802942E+00
   284  8.52000000E+01  1.15802942E+00  1.15712135E+00  1.15802942E+00
   285  8.55000000E+01  1.15802942E+00  1.15712832E+00  1.15802942E+00
   286  8.58000000E+01  1.15802942E+00  1.15713485E+00  1.15802942E+00
   287  8.61000000E+01  1.15802942E+00  1.15714099E+00  1.15802942E+00
   288  8.64000000E+01  1.15802942E+00  1.15714677E+00  1.15802942E+00
   289  8.67000000E+01  1.15802942E+00  1.15715220E+00  1.15802942E+00
 steady-height stop at step    289: changes <=   1.0000E-05, max-end <=   1.0000E-02, max/end/gap/profile_change =   1.15802942E+00  1.15715220E+00  8.77225218E-04  5.42673261E-06


STDERR:
