COMMAND:
/shared/generate_rom_data/extrudate_swell2d_c_cluster

STDOUT:
 comppar: model =   6
 comppar: lambda,mobility/eps,betav,eta_0 =  1.0000E+00  3.6667E-01  1.0000E-01  1.0000E+00
 comppar: eta_s,eta_p,G =  1.0000E-01  9.0000E-01  9.0000E-01
 comppar: U_avg,deltat,flowrate,nsteps =  1.0000E-01  3.0000E-01  3.1416E-01     700
 comppar: geometry = axisymmetric
 comppar: steady stop change,gap,hold,min =  1.0000E-05  1.0000E-02      10      80
 comppar: ncompc,ncompg =     4     5
 mesh nnodes = 5765
 mesh nelem = 2780
 P1 BC   5.0000000000000000     
 P2 BC   0.0000000000000000     
     1  3.00000000E-01  1.00378705E+00  1.00000000E+00  1.00378705E+00
     2  6.00000000E-01  1.00740381E+00  1.00000000E+00  1.00740381E+00
     3  9.00000000E-01  1.01080311E+00  1.00000000E+00  1.01080311E+00
     4  1.20000000E+00  1.01410370E+00  1.00000000E+00  1.01410370E+00
     5  1.50000000E+00  1.01732616E+00  1.00000000E+00  1.01732616E+00
     6  1.80000000E+00  1.02048350E+00  1.00000000E+00  1.02048350E+00
     7  2.10000000E+00  1.02358613E+00  1.00000001E+00  1.02358613E+00
     8  2.40000000E+00  1.02662244E+00  1.00000001E+00  1.02662244E+00
     9  2.70000000E+00  1.02958489E+00  1.00000001E+00  1.02958489E+00
    10  3.00000000E+00  1.03249012E+00  1.00000001E+00  1.03249012E+00
    11  3.30000000E+00  1.03533560E+00  1.00000001E+00  1.03533560E+00
    12  3.60000000E+00  1.03809452E+00  1.00000001E+00  1.03809452E+00
    13  3.90000000E+00  1.04083057E+00  1.00000001E+00  1.04083057E+00
    14  4.20000000E+00  1.04347265E+00  1.00000001E+00  1.04347265E+00
    15  4.50000000E+00  1.04607380E+00  1.00000000E+00  1.04607380E+00
    16  4.80000000E+00  1.04860454E+00  1.00000000E+00  1.04860454E+00
    17  5.10000000E+00  1.05106583E+00  9.99999996E-01  1.05106583E+00
    18  5.40000000E+00  1.05346027E+00  9.99999990E-01  1.05346027E+00
    19  5.70000000E+00  1.05579704E+00  9.99999982E-01  1.05579704E+00
    20  6.00000000E+00  1.05807976E+00  9.99999973E-01  1.05807976E+00
    21  6.30000000E+00  1.06028924E+00  9.99999961E-01  1.06028924E+00
    22  6.60000000E+00  1.06245016E+00  9.99999948E-01  1.06245016E+00
    23  6.90000000E+00  1.06455601E+00  9.99999931E-01  1.06455601E+00
    24  7.20000000E+00  1.06658743E+00  9.99999912E-01  1.06658743E+00
    25  7.50000000E+00  1.06858833E+00  9.99999890E-01  1.06858833E+00
    26  7.80000000E+00  1.07043958E+00  9.99999864E-01  1.07043958E+00
    27  8.10000000E+00  1.07236599E+00  9.99999834E-01  1.07236599E+00
    28  8.40000000E+00  1.07411111E+00  9.99999800E-01  1.07411111E+00
    29  8.70000000E+00  1.07590839E+00  9.99999761E-01  1.07590839E+00
    30  9.00000000E+00  1.07757670E+00  9.99999717E-01  1.07757670E+00
    31  9.30000000E+00  1.07917515E+00  9.99999666E-01  1.07917515E+00
    32  9.60000000E+00  1.08080594E+00  9.99999610E-01  1.08080594E+00
    33  9.90000000E+00  1.08224514E+00  9.99999546E-01  1.08224514E+00
    34  1.02000000E+01  1.08379794E+00  9.99999474E-01  1.08379794E+00
    35  1.05000000E+01  1.08519961E+00  9.99999395E-01  1.08519961E+00
    36  1.08000000E+01  1.08649339E+00  9.99999306E-01  1.08649339E+00
    37  1.11000000E+01  1.08789501E+00  9.99999207E-01  1.08789501E+00
    38  1.14000000E+01  1.08910224E+00  9.99999097E-01  1.08910224E+00
    39  1.17000000E+01  1.09034285E+00  9.99998975E-01  1.09034285E+00
    40  1.20000000E+01  1.09154958E+00  9.99998840E-01  1.09154958E+00
    41  1.23000000E+01  1.09256156E+00  9.99998692E-01  1.09256156E+00
    42  1.26000000E+01  1.09373713E+00  9.99998529E-01  1.09373713E+00
    43  1.29000000E+01  1.09475514E+00  9.99998349E-01  1.09475514E+00
    44  1.32000000E+01  1.09570734E+00  9.99998152E-01  1.09570734E+00
    45  1.35000000E+01  1.09672828E+00  9.99997936E-01  1.09672828E+00
    46  1.38000000E+01  1.09755935E+00  9.99997700E-01  1.09755935E+00
    47  1.41000000E+01  1.09847799E+00  9.99997442E-01  1.09847799E+00
    48  1.44000000E+01  1.09931591E+00  9.99997160E-01  1.09931591E+00
    49  1.47000000E+01  1.10004144E+00  9.99996853E-01  1.10004144E+00
    50  1.50000000E+01  1.10088235E+00  9.99996519E-01  1.10088235E+00
    51  1.53000000E+01  1.10154178E+00  9.99996157E-01  1.10154178E+00
    52  1.56000000E+01  1.10226420E+00  9.99995763E-01  1.10226420E+00
    53  1.59000000E+01  1.10293097E+00  9.99995336E-01  1.10293097E+00
    54  1.62000000E+01  1.10349171E+00  9.99994874E-01  1.10349171E+00
    55  1.65000000E+01  1.10416137E+00  9.99994375E-01  1.10416137E+00
    56  1.68000000E+01  1.10466153E+00  9.99993835E-01  1.10466153E+00
    57  1.71000000E+01  1.10524460E+00  9.99993253E-01  1.10524460E+00
    58  1.74000000E+01  1.10575236E+00  9.99992625E-01  1.10575236E+00
    59  1.77000000E+01  1.10619525E+00  9.99991949E-01  1.10619525E+00
    60  1.80000000E+01  1.10670568E+00  9.99991222E-01  1.10670568E+00
    61  1.83000000E+01  1.10706187E+00  9.99990441E-01  1.10706187E+00
    62  1.86000000E+01  1.10754323E+00  9.99989603E-01  1.10754323E+00
    63  1.89000000E+01  1.10790689E+00  9.99988705E-01  1.10790689E+00
    64  1.92000000E+01  1.10827075E+00  9.99987743E-01  1.10827075E+00
    65  1.95000000E+01  1.10863677E+00  9.99986713E-01  1.10863677E+00
    66  1.98000000E+01  1.10890638E+00  9.99985613E-01  1.10890638E+00
    67  2.01000000E+01  1.10927998E+00  9.99984439E-01  1.10927998E+00
    68  2.04000000E+01  1.10951665E+00  9.99983186E-01  1.10951665E+00
    69  2.07000000E+01  1.10982915E+00  9.99981852E-01  1.10982915E+00
    70  2.10000000E+01  1.11006770E+00  9.99980432E-01  1.11006770E+00
    71  2.13000000E+01  1.11031087E+00  9.99978923E-01  1.11031087E+00
    72  2.16000000E+01  1.11055653E+00  9.99977321E-01  1.11055653E+00
    73  2.19000000E+01  1.11071723E+00  9.99975621E-01  1.11071723E+00
    74  2.22000000E+01  1.11096509E+00  9.99973820E-01  1.11096509E+00
    75  2.25000000E+01  1.11109461E+00  9.99971915E-01  1.11109461E+00
    76  2.28000000E+01  1.11132785E+00  9.99969901E-01  1.11132785E+00
    77  2.31000000E+01  1.11146356E+00  9.99967776E-01  1.11146356E+00
    78  2.34000000E+01  1.11162526E+00  9.99965535E-01  1.11162526E+00
    79  2.37000000E+01  1.11176263E+00  9.99963176E-01  1.11176263E+00
    80  2.40000000E+01  1.11188964E+00  9.99960695E-01  1.11188964E+00
    81  2.43000000E+01  1.11203347E+00  9.99958091E-01  1.11203347E+00
    82  2.46000000E+01  1.11210135E+00  9.99955361E-01  1.11210135E+00
    83  2.49000000E+01  1.11224717E+00  9.99952503E-01  1.11224717E+00
    84  2.52000000E+01  1.11229274E+00  9.99949516E-01  1.11229274E+00
    85  2.55000000E+01  1.11244342E+00  9.99946399E-01  1.11244342E+00
    86  2.58000000E+01  1.11249422E+00  9.99943154E-01  1.11249422E+00
    87  2.61000000E+01  1.11259295E+00  9.99939779E-01  1.11259295E+00
    88  2.64000000E+01  1.11264507E+00  9.99936279E-01  1.11264507E+00
    89  2.67000000E+01  1.11273299E+00  9.99932654E-01  1.11273299E+00
    90  2.70000000E+01  1.11279063E+00  9.99928910E-01  1.11279063E+00
    91  2.73000000E+01  1.11283439E+00  9.99925052E-01  1.11283439E+00
    92  2.76000000E+01  1.11289363E+00  9.99921086E-01  1.11289363E+00
    93  2.79000000E+01  1.11293263E+00  9.99917022E-01  1.11293263E+00
    94  2.82000000E+01  1.11299765E+00  9.99912870E-01  1.11299765E+00
    95  2.85000000E+01  1.11299865E+00  9.99908641E-01  1.11299865E+00
    96  2.88000000E+01  1.11306553E+00  9.99904352E-01  1.11306553E+00
    97  2.91000000E+01  1.11306618E+00  9.99900018E-01  1.11306618E+00
    98  2.94000000E+01  1.11313908E+00  9.99895661E-01  1.11313908E+00
    99  2.97000000E+01  1.11312527E+00  9.99891304E-01  1.11312527E+00
   100  3.00000000E+01  1.11318176E+00  9.99886972E-01  1.11318176E+00
   101  3.03000000E+01  1.11316908E+00  9.99882697E-01  1.11316908E+00
   102  3.06000000E+01  1.11323357E+00  9.99878514E-01  1.11323357E+00
   103  3.09000000E+01  1.11322550E+00  9.99874460E-01  1.11322550E+00
   104  3.12000000E+01  1.11325851E+00  9.99870579E-01  1.11325851E+00
   105  3.15000000E+01  1.11325178E+00  9.99866922E-01  1.11325178E+00
   106  3.18000000E+01  1.11329508E+00  9.99863543E-01  1.11329508E+00
   107  3.21000000E+01  1.11329322E+00  9.99860503E-01  1.11329322E+00
   108  3.24000000E+01  1.11330793E+00  9.99857871E-01  1.11330793E+00
   109  3.27000000E+01  1.11330761E+00  9.99855722E-01  1.11330761E+00
   110  3.30000000E+01  1.11333403E+00  9.99854140E-01  1.11333403E+00
   111  3.33000000E+01  1.11333880E+00  9.99853219E-01  1.11333880E+00
   112  3.36000000E+01  1.11333884E+00  9.99853060E-01  1.11333884E+00
   113  3.39000000E+01  1.11334535E+00  9.99853777E-01  1.11334535E+00
   114  3.42000000E+01  1.11335791E+00  9.99855492E-01  1.11335791E+00
   115  3.45000000E+01  1.11336973E+00  9.99858343E-01  1.11336973E+00
   116  3.48000000E+01  1.11335757E+00  9.99862478E-01  1.11335757E+00
   117  3.51000000E+01  1.11337131E+00  9.99868060E-01  1.11337131E+00
   118  3.54000000E+01  1.11337216E+00  9.99875267E-01  1.11337216E+00
   119  3.57000000E+01  1.11339139E+00  9.99884293E-01  1.11339139E+00
   120  3.60000000E+01  1.11336888E+00  9.99895349E-01  1.11336888E+00
   121  3.63000000E+01  1.11339019E+00  9.99908666E-01  1.11339019E+00
   122  3.66000000E+01  1.11338072E+00  9.99924492E-01  1.11338072E+00
   123  3.69000000E+01  1.11340769E+00  9.99943100E-01  1.11340769E+00
   124  3.72000000E+01  1.11337584E+00  9.99964783E-01  1.11337584E+00
   125  3.75000000E+01  1.11340506E+00  9.99989859E-01  1.11340506E+00
   126  3.78000000E+01  1.11338609E+00  1.00001867E+00  1.11338609E+00
   127  3.81000000E+01  1.11342111E+00  1.00005160E+00  1.11342111E+00
   128  3.84000000E+01  1.11338056E+00  1.00008904E+00  1.11338056E+00
   129  3.87000000E+01  1.11341798E+00  1.00013142E+00  1.11341798E+00
   130  3.90000000E+01  1.11338996E+00  1.00017922E+00  1.11338996E+00
   131  3.93000000E+01  1.11343333E+00  1.00023293E+00  1.11343333E+00
   132  3.96000000E+01  1.11339155E+00  1.00029309E+00  1.11339155E+00
   133  3.99000000E+01  1.11343028E+00  1.00036029E+00  1.11343028E+00
   134  4.02000000E+01  1.11339345E+00  1.00043514E+00  1.11339345E+00
   135  4.05000000E+01  1.11344542E+00  1.00051832E+00  1.11344542E+00
   136  4.08000000E+01  1.11340985E+00  1.00061052E+00  1.11340985E+00
   137  4.11000000E+01  1.11344279E+00  1.00071251E+00  1.11344279E+00
   138  4.14000000E+01  1.11340894E+00  1.00082511E+00  1.11340894E+00
   139  4.17000000E+01  1.11345792E+00  1.00094917E+00  1.11345792E+00
   140  4.20000000E+01  1.11342886E+00  1.00108563E+00  1.11342886E+00
   141  4.23000000E+01  1.11345584E+00  1.00123547E+00  1.11345584E+00
   142  4.26000000E+01  1.11342864E+00  1.00139973E+00  1.11342864E+00
   143  4.29000000E+01  1.11347109E+00  1.00157953E+00  1.11347109E+00
   144  4.32000000E+01  1.11344884E+00  1.00177603E+00  1.11344884E+00
   145  4.35000000E+01  1.11346964E+00  1.00199049E+00  1.11346964E+00
   146  4.38000000E+01  1.11344937E+00  1.00222423E+00  1.11344937E+00
   147  4.41000000E+01  1.11348500E+00  1.00247863E+00  1.11348500E+00
   148  4.44000000E+01  1.11346982E+00  1.00275518E+00  1.11346982E+00
   149  4.47000000E+01  1.11348413E+00  1.00305541E+00  1.11348413E+00
   150  4.50000000E+01  1.11347105E+00  1.00338095E+00  1.11347105E+00
   151  4.53000000E+01  1.11349959E+00  1.00373351E+00  1.11349959E+00
   152  4.56000000E+01  1.11349174E+00  1.00411488E+00  1.11349174E+00
   153  4.59000000E+01  1.11349923E+00  1.00452691E+00  1.11349923E+00
   154  4.62000000E+01  1.11349361E+00  1.00497157E+00  1.11349361E+00
   155  4.65000000E+01  1.11351469E+00  1.00545088E+00  1.11351469E+00
   156  4.68000000E+01  1.11351442E+00  1.00596695E+00  1.11351442E+00
   157  4.71000000E+01  1.11351476E+00  1.00652196E+00  1.11351476E+00
   158  4.74000000E+01  1.11351682E+00  1.00711817E+00  1.11351682E+00
   159  4.77000000E+01  1.11353014E+00  1.00775790E+00  1.11353014E+00
   160  4.80000000E+01  1.11353767E+00  1.00844355E+00  1.11353767E+00
   161  4.83000000E+01  1.11353053E+00  1.00917755E+00  1.11353053E+00
   162  4.86000000E+01  1.11354050E+00  1.00996240E+00  1.11354050E+00
   163  4.89000000E+01  1.11354574E+00  1.01080062E+00  1.11354574E+00
   164  4.92000000E+01  1.11356129E+00  1.01169477E+00  1.11356129E+00
   165  4.95000000E+01  1.11354634E+00  1.01264740E+00  1.11354634E+00
   166  4.98000000E+01  1.11356444E+00  1.01366108E+00  1.11356444E+00
   167  5.01000000E+01  1.11356129E+00  1.01473835E+00  1.11356129E+00
   168  5.04000000E+01  1.11358508E+00  1.01588168E+00  1.11358508E+00
   169  5.07000000E+01  1.11356202E+00  1.01709352E+00  1.11356202E+00
   170  5.10000000E+01  1.11358846E+00  1.01837619E+00  1.11358846E+00
   171  5.13000000E+01  1.11357662E+00  1.01973191E+00  1.11357662E+00
   172  5.16000000E+01  1.11360885E+00  1.02116275E+00  1.11360885E+00
   173  5.19000000E+01  1.11357739E+00  1.02267060E+00  1.11357739E+00
   174  5.22000000E+01  1.11361236E+00  1.02425713E+00  1.11361236E+00
   175  5.25000000E+01  1.11359158E+00  1.02592378E+00  1.11359158E+00
   176  5.28000000E+01  1.11363243E+00  1.02767167E+00  1.11363243E+00
   177  5.31000000E+01  1.11359232E+00  1.02950163E+00  1.11359232E+00
   178  5.34000000E+01  1.11363599E+00  1.03141410E+00  1.11363599E+00
   179  5.37000000E+01  1.11360603E+00  1.03340911E+00  1.11360603E+00
   180  5.40000000E+01  1.11365568E+00  1.03548624E+00  1.11365568E+00
   181  5.43000000E+01  1.11361388E+00  1.03764459E+00  1.11361388E+00
   182  5.46000000E+01  1.11365923E+00  1.03988270E+00  1.11365923E+00
   183  5.49000000E+01  1.11361984E+00  1.04219855E+00  1.11361984E+00
   184  5.52000000E+01  1.11367847E+00  1.04458947E+00  1.11367847E+00
   185  5.55000000E+01  1.11364366E+00  1.04705218E+00  1.11364366E+00
   186  5.58000000E+01  1.11368195E+00  1.04958267E+00  1.11368195E+00
   187  5.61000000E+01  1.11364934E+00  1.05217624E+00  1.11364934E+00
   188  5.64000000E+01  1.11370070E+00  1.05482742E+00  1.11370070E+00
   189  5.67000000E+01  1.11367308E+00  1.05753003E+00  1.11367308E+00
   190  5.70000000E+01  1.11370406E+00  1.06027709E+00  1.11370406E+00
   191  5.73000000E+01  1.11367874E+00  1.06306087E+00  1.11367874E+00
   192  5.76000000E+01  1.11372227E+00  1.06587289E+00  1.11372227E+00
   193  5.79000000E+01  1.11370206E+00  1.06870395E+00  1.11370206E+00
   194  5.82000000E+01  1.11372547E+00  1.07154412E+00  1.11372547E+00
   195  5.85000000E+01  1.11370765E+00  1.07438284E+00  1.11370765E+00
   196  5.88000000E+01  1.11374313E+00  1.07720894E+00  1.11374313E+00
   197  5.91000000E+01  1.11373052E+00  1.08001071E+00  1.11373052E+00
   198  5.94000000E+01  1.11374613E+00  1.08277598E+00  1.11374613E+00
   199  5.97000000E+01  1.11373600E+00  1.08549224E+00  1.11373600E+00
   200  6.00000000E+01  1.11376320E+00  1.08814670E+00  1.11376320E+00
   201  6.03000000E+01  1.11375838E+00  1.09072648E+00  1.11375838E+00
   202  6.06000000E+01  1.11376598E+00  1.09321867E+00  1.11376598E+00
   203  6.09000000E+01  1.11376372E+00  1.09561059E+00  1.11376372E+00
   204  6.12000000E+01  1.11378244E+00  1.09788990E+00  1.11378244E+00
   205  6.15000000E+01  1.11378559E+00  1.10004481E+00  1.11378559E+00
   206  6.18000000E+01  1.11378497E+00  1.10206433E+00  1.11378497E+00
   207  6.21000000E+01  1.11379078E+00  1.10393847E+00  1.11379078E+00
   208  6.24000000E+01  1.11380082E+00  1.10565849E+00  1.11380082E+00
   209  6.27000000E+01  1.11381212E+00  1.10721720E+00  1.11381212E+00
   210  6.30000000E+01  1.11380307E+00  1.10860915E+00  1.11380307E+00
   211  6.33000000E+01  1.11381711E+00  1.10983092E+00  1.11381711E+00
   212  6.36000000E+01  1.11381829E+00  1.11088134E+00  1.11381829E+00
   213  6.39000000E+01  1.11383792E+00  1.11176168E+00  1.11383792E+00
   214  6.42000000E+01  1.11382021E+00  1.11247581E+00  1.11382021E+00
   215  6.45000000E+01  1.11384271E+00  1.11303025E+00  1.11384271E+00
   216  6.48000000E+01  1.11383504E+00  1.11343419E+00  1.11383504E+00
   217  6.51000000E+01  1.11386322E+00  1.11369936E+00  1.11386322E+00
   218  6.54000000E+01  1.11383985E+00  1.11383985E+00  1.11383985E+00
   219  6.57000000E+01  1.11387178E+00  1.11387178E+00  1.11387178E+00
   220  6.60000000E+01  1.11381283E+00  1.11381283E+00  1.11381283E+00
   221  6.63000000E+01  1.11368173E+00  1.11368173E+00  1.11368173E+00
   222  6.66000000E+01  1.11349763E+00  1.11349763E+00  1.11349763E+00
   223  6.69000000E+01  1.11327939E+00  1.11327939E+00  1.11327939E+00
   224  6.72000000E+01  1.11304490E+00  1.11304490E+00  1.11304490E+00
   225  6.75000000E+01  1.11281038E+00  1.11281038E+00  1.11281038E+00
   226  6.78000000E+01  1.11258980E+00  1.11258980E+00  1.11258980E+00
   227  6.81000000E+01  1.11240654E+00  1.11239436E+00  1.11240654E+00
   228  6.84000000E+01  1.11240654E+00  1.11223216E+00  1.11240654E+00
   229  6.87000000E+01  1.11240654E+00  1.11210806E+00  1.11240654E+00
   230  6.90000000E+01  1.11240654E+00  1.11202369E+00  1.11240654E+00
   231  6.93000000E+01  1.11240654E+00  1.11197777E+00  1.11240654E+00
   232  6.96000000E+01  1.11240654E+00  1.11196647E+00  1.11240654E+00
   233  6.99000000E+01  1.11240654E+00  1.11198402E+00  1.11240654E+00
   234  7.02000000E+01  1.11240654E+00  1.11202340E+00  1.11240654E+00
   235  7.05000000E+01  1.11240654E+00  1.11207700E+00  1.11240654E+00
   236  7.08000000E+01  1.11240653E+00  1.11213736E+00  1.11240653E+00
   237  7.11000000E+01  1.11240653E+00  1.11219773E+00  1.11240653E+00
   238  7.14000000E+01  1.11240653E+00  1.11225259E+00  1.11240653E+00
   239  7.17000000E+01  1.11240653E+00  1.11229790E+00  1.11240653E+00
   240  7.20000000E+01  1.11240653E+00  1.11233127E+00  1.11240653E+00
   241  7.23000000E+01  1.11240653E+00  1.11235191E+00  1.11240653E+00
   242  7.26000000E+01  1.11240653E+00  1.11236045E+00  1.11240653E+00
   243  7.29000000E+01  1.11240653E+00  1.11235859E+00  1.11240653E+00
   244  7.32000000E+01  1.11240653E+00  1.11234877E+00  1.11240653E+00
   245  7.35000000E+01  1.11240653E+00  1.11233376E+00  1.11240653E+00
   246  7.38000000E+01  1.11240653E+00  1.11231633E+00  1.11240653E+00
   247  7.41000000E+01  1.11240653E+00  1.11229888E+00  1.11240653E+00
   248  7.44000000E+01  1.11240653E+00  1.11228332E+00  1.11240653E+00
   249  7.47000000E+01  1.11240653E+00  1.11227090E+00  1.11240653E+00
   250  7.50000000E+01  1.11240653E+00  1.11226220E+00  1.11240653E+00
   251  7.53000000E+01  1.11240653E+00  1.11225726E+00  1.11240653E+00
   252  7.56000000E+01  1.11240653E+00  1.11225562E+00  1.11240653E+00
   253  7.59000000E+01  1.11240653E+00  1.11225652E+00  1.11240653E+00
   254  7.62000000E+01  1.11240653E+00  1.11225909E+00  1.11240653E+00
   255  7.65000000E+01  1.11240653E+00  1.11226245E+00  1.11240653E+00
   256  7.68000000E+01  1.11240653E+00  1.11226584E+00  1.11240653E+00
   257  7.71000000E+01  1.11240653E+00  1.11226869E+00  1.11240653E+00
   258  7.74000000E+01  1.11240653E+00  1.11227067E+00  1.11240653E+00
   259  7.77000000E+01  1.11240653E+00  1.11227164E+00  1.11240653E+00
 steady-height stop at step    259: changes <=   1.0000E-05, max-end <=   1.0000E-02, max/end/gap/profile_change =   1.11240653E+00  1.11227164E+00  1.34880917E-04  1.57093193E-06


STDERR:
