COMMAND:
/shared/generate_rom_data/extrudate_swell2d_c_cluster

STDOUT:
 comppar: model =   6
 comppar: lambda,mobility/eps,betav,eta_0 =  6.4000E+00  5.0000E-01  5.0000E-01  1.0000E+00
 comppar: eta_s,eta_p,G =  5.0000E-01  5.0000E-01  7.8125E-02
 comppar: U_avg,deltat,flowrate,nsteps =  1.0000E-01  3.0000E-01  3.1416E-01     700
 comppar: geometry = axisymmetric
 comppar: steady stop change,gap,hold,min =  1.0000E-05  1.0000E-02      10      80
 comppar: ncompc,ncompg =     4     5
 mesh nnodes = 5765
 mesh nelem = 2780
 P1 BC   5.0000000000000000     
 P2 BC   0.0000000000000000     
     1  3.00000000E-01  1.00379158E+00  1.00000000E+00  1.00379158E+00
     2  6.00000000E-01  1.00749522E+00  1.00000000E+00  1.00749522E+00
     3  9.00000000E-01  1.01110829E+00  1.00000000E+00  1.01110829E+00
     4  1.20000000E+00  1.01463374E+00  1.00000000E+00  1.01463374E+00
     5  1.50000000E+00  1.01807325E+00  1.00000000E+00  1.01807325E+00
     6  1.80000000E+00  1.02142562E+00  1.00000000E+00  1.02142562E+00
     7  2.10000000E+00  1.02469654E+00  1.00000000E+00  1.02469654E+00
     8  2.40000000E+00  1.02790438E+00  1.00000000E+00  1.02790438E+00
     9  2.70000000E+00  1.03104111E+00  1.00000001E+00  1.03104111E+00
    10  3.00000000E+00  1.03410365E+00  1.00000001E+00  1.03410365E+00
    11  3.30000000E+00  1.03711393E+00  1.00000001E+00  1.03711393E+00
    12  3.60000000E+00  1.04007305E+00  1.00000001E+00  1.04007305E+00
    13  3.90000000E+00  1.04295719E+00  1.00000000E+00  1.04295719E+00
    14  4.20000000E+00  1.04583290E+00  1.00000000E+00  1.04583290E+00
    15  4.50000000E+00  1.04861322E+00  1.00000000E+00  1.04861322E+00
    16  4.80000000E+00  1.05140571E+00  9.99999998E-01  1.05140571E+00
    17  5.10000000E+00  1.05410100E+00  9.99999994E-01  1.05410100E+00
    18  5.40000000E+00  1.05681073E+00  9.99999989E-01  1.05681073E+00
    19  5.70000000E+00  1.05941000E+00  9.99999982E-01  1.05941000E+00
    20  6.00000000E+00  1.06202360E+00  9.99999975E-01  1.06202360E+00
    21  6.30000000E+00  1.06455791E+00  9.99999966E-01  1.06455791E+00
    22  6.60000000E+00  1.06705231E+00  9.99999955E-01  1.06705231E+00
    23  6.90000000E+00  1.06951918E+00  9.99999942E-01  1.06951918E+00
    24  7.20000000E+00  1.07186351E+00  9.99999927E-01  1.07186351E+00
    25  7.50000000E+00  1.07427679E+00  9.99999909E-01  1.07427679E+00
    26  7.80000000E+00  1.07656845E+00  9.99999889E-01  1.07656845E+00
    27  8.10000000E+00  1.07881593E+00  9.99999866E-01  1.07881593E+00
    28  8.40000000E+00  1.08104914E+00  9.99999840E-01  1.08104914E+00
    29  8.70000000E+00  1.08314573E+00  9.99999810E-01  1.08314573E+00
    30  9.00000000E+00  1.08526859E+00  9.99999776E-01  1.08526859E+00
    31  9.30000000E+00  1.08732742E+00  9.99999739E-01  1.08732742E+00
    32  9.60000000E+00  1.08924333E+00  9.99999696E-01  1.08924333E+00
    33  9.90000000E+00  1.09123831E+00  9.99999648E-01  1.09123831E+00
    34  1.02000000E+01  1.09311061E+00  9.99999595E-01  1.09311061E+00
    35  1.05000000E+01  1.09483886E+00  9.99999536E-01  1.09483886E+00
    36  1.08000000E+01  1.09667474E+00  9.99999470E-01  1.09667474E+00
    37  1.11000000E+01  1.09839037E+00  9.99999397E-01  1.09839037E+00
    38  1.14000000E+01  1.09996741E+00  9.99999317E-01  1.09996741E+00
    39  1.17000000E+01  1.10162680E+00  9.99999227E-01  1.10162680E+00
    40  1.20000000E+01  1.10318696E+00  9.99999129E-01  1.10318696E+00
    41  1.23000000E+01  1.10461853E+00  9.99999021E-01  1.10461853E+00
    42  1.26000000E+01  1.10607041E+00  9.99998902E-01  1.10607041E+00
    43  1.29000000E+01  1.10751360E+00  9.99998771E-01  1.10751360E+00
    44  1.32000000E+01  1.10884010E+00  9.99998628E-01  1.10884010E+00
    45  1.35000000E+01  1.11006471E+00  9.99998472E-01  1.11006471E+00
    46  1.38000000E+01  1.11139149E+00  9.99998300E-01  1.11139149E+00
    47  1.41000000E+01  1.11261972E+00  9.99998114E-01  1.11261972E+00
    48  1.44000000E+01  1.11376062E+00  9.99997910E-01  1.11376062E+00
    49  1.47000000E+01  1.11486131E+00  9.99997688E-01  1.11486131E+00
    50  1.50000000E+01  1.11600952E+00  9.99997447E-01  1.11600952E+00
    51  1.53000000E+01  1.11708257E+00  9.99997185E-01  1.11708257E+00
    52  1.56000000E+01  1.11809304E+00  9.99996900E-01  1.11809304E+00
    53  1.59000000E+01  1.11905019E+00  9.99996591E-01  1.11905019E+00
    54  1.62000000E+01  1.12003684E+00  9.99996257E-01  1.12003684E+00
    55  1.65000000E+01  1.12099654E+00  9.99995896E-01  1.12099654E+00
    56  1.68000000E+01  1.12190839E+00  9.99995505E-01  1.12190839E+00
    57  1.71000000E+01  1.12277389E+00  9.99995083E-01  1.12277389E+00
    58  1.74000000E+01  1.12359976E+00  9.99994628E-01  1.12359976E+00
    59  1.77000000E+01  1.12446416E+00  9.99994138E-01  1.12446416E+00
    60  1.80000000E+01  1.12528061E+00  9.99993610E-01  1.12528061E+00
    61  1.83000000E+01  1.12604535E+00  9.99993041E-01  1.12604535E+00
    62  1.86000000E+01  1.12675325E+00  9.99992431E-01  1.12675325E+00
    63  1.89000000E+01  1.12749578E+00  9.99991775E-01  1.12749578E+00
    64  1.92000000E+01  1.12820954E+00  9.99991072E-01  1.12820954E+00
    65  1.95000000E+01  1.12886173E+00  9.99990318E-01  1.12886173E+00
    66  1.98000000E+01  1.12944809E+00  9.99989511E-01  1.12944809E+00
    67  2.01000000E+01  1.13009274E+00  9.99988648E-01  1.13009274E+00
    68  2.04000000E+01  1.13068514E+00  9.99987725E-01  1.13068514E+00
    69  2.07000000E+01  1.13121086E+00  9.99986739E-01  1.13121086E+00
    70  2.10000000E+01  1.13173546E+00  9.99985688E-01  1.13173546E+00
    71  2.13000000E+01  1.13226784E+00  9.99984567E-01  1.13226784E+00
    72  2.16000000E+01  1.13273285E+00  9.99983373E-01  1.13273285E+00
    73  2.19000000E+01  1.13314452E+00  9.99982103E-01  1.13314452E+00
    74  2.22000000E+01  1.13361785E+00  9.99980752E-01  1.13361785E+00
    75  2.25000000E+01  1.13402609E+00  9.99979318E-01  1.13402609E+00
    76  2.28000000E+01  1.13437301E+00  9.99977796E-01  1.13437301E+00
    77  2.31000000E+01  1.13476778E+00  9.99976182E-01  1.13476778E+00
    78  2.34000000E+01  1.13512000E+00  9.99974473E-01  1.13512000E+00
    79  2.37000000E+01  1.13541572E+00  9.99972666E-01  1.13541572E+00
    80  2.40000000E+01  1.13572860E+00  9.99970755E-01  1.13572860E+00
    81  2.43000000E+01  1.13603211E+00  9.99968737E-01  1.13603211E+00
    82  2.46000000E+01  1.13628486E+00  9.99966609E-01  1.13628486E+00
    83  2.49000000E+01  1.13652795E+00  9.99964366E-01  1.13652795E+00
    84  2.52000000E+01  1.13678478E+00  9.99962007E-01  1.13678478E+00
    85  2.55000000E+01  1.13699744E+00  9.99959526E-01  1.13699744E+00
    86  2.58000000E+01  1.13718452E+00  9.99956921E-01  1.13718452E+00
    87  2.61000000E+01  1.13740292E+00  9.99954189E-01  1.13740292E+00
    88  2.64000000E+01  1.13758328E+00  9.99951328E-01  1.13758328E+00
    89  2.67000000E+01  1.13773308E+00  9.99948336E-01  1.13773308E+00
    90  2.70000000E+01  1.13789623E+00  9.99945210E-01  1.13789623E+00
    91  2.73000000E+01  1.13804812E+00  9.99941949E-01  1.13804812E+00
    92  2.76000000E+01  1.13817565E+00  9.99938553E-01  1.13817565E+00
    93  2.79000000E+01  1.13829471E+00  9.99935022E-01  1.13829471E+00
    94  2.82000000E+01  1.13842394E+00  9.99931356E-01  1.13842394E+00
    95  2.85000000E+01  1.13853343E+00  9.99927557E-01  1.13853343E+00
    96  2.88000000E+01  1.13862809E+00  9.99923627E-01  1.13862809E+00
    97  2.91000000E+01  1.13871158E+00  9.99919571E-01  1.13871158E+00
    98  2.94000000E+01  1.13880532E+00  9.99915392E-01  1.13880532E+00
    99  2.97000000E+01  1.13888976E+00  9.99911097E-01  1.13888976E+00
   100  3.00000000E+01  1.13896553E+00  9.99906694E-01  1.13896553E+00
   101  3.03000000E+01  1.13903428E+00  9.99902192E-01  1.13903428E+00
   102  3.06000000E+01  1.13909705E+00  9.99897601E-01  1.13909705E+00
   103  3.09000000E+01  1.13916179E+00  9.99892936E-01  1.13916179E+00
   104  3.12000000E+01  1.13922414E+00  9.99888211E-01  1.13922414E+00
   105  3.15000000E+01  1.13928141E+00  9.99883444E-01  1.13928141E+00
   106  3.18000000E+01  1.13933402E+00  9.99878656E-01  1.13933402E+00
   107  3.21000000E+01  1.13938228E+00  9.99873870E-01  1.13938228E+00
   108  3.24000000E+01  1.13942654E+00  9.99869114E-01  1.13942654E+00
   109  3.27000000E+01  1.13946717E+00  9.99864417E-01  1.13946717E+00
   110  3.30000000E+01  1.13950832E+00  9.99859814E-01  1.13950832E+00
   111  3.33000000E+01  1.13954942E+00  9.99855344E-01  1.13954942E+00
   112  3.36000000E+01  1.13958722E+00  9.99851051E-01  1.13958722E+00
   113  3.39000000E+01  1.13962216E+00  9.99846981E-01  1.13962216E+00
   114  3.42000000E+01  1.13965469E+00  9.99843190E-01  1.13965469E+00
   115  3.45000000E+01  1.13968515E+00  9.99839736E-01  1.13968515E+00
   116  3.48000000E+01  1.13971386E+00  9.99836687E-01  1.13971386E+00
   117  3.51000000E+01  1.13974102E+00  9.99834115E-01  1.13974102E+00
   118  3.54000000E+01  1.13976675E+00  9.99832102E-01  1.13976675E+00
   119  3.57000000E+01  1.13979114E+00  9.99830736E-01  1.13979114E+00
   120  3.60000000E+01  1.13981423E+00  9.99830115E-01  1.13981423E+00
   121  3.63000000E+01  1.13983607E+00  9.99830346E-01  1.13983607E+00
   122  3.66000000E+01  1.13985925E+00  9.99831548E-01  1.13985925E+00
   123  3.69000000E+01  1.13988118E+00  9.99833848E-01  1.13988118E+00
   124  3.72000000E+01  1.13990188E+00  9.99837387E-01  1.13990188E+00
   125  3.75000000E+01  1.13992136E+00  9.99842317E-01  1.13992136E+00
   126  3.78000000E+01  1.13993966E+00  9.99848807E-01  1.13993966E+00
   127  3.81000000E+01  1.13995682E+00  9.99857035E-01  1.13995682E+00
   128  3.84000000E+01  1.13997286E+00  9.99867200E-01  1.13997286E+00
   129  3.87000000E+01  1.13998786E+00  9.99879515E-01  1.13998786E+00
   130  3.90000000E+01  1.14000184E+00  9.99894210E-01  1.14000184E+00
   131  3.93000000E+01  1.14001487E+00  9.99911538E-01  1.14001487E+00
   132  3.96000000E+01  1.14002699E+00  9.99931769E-01  1.14002699E+00
   133  3.99000000E+01  1.14003824E+00  9.99955196E-01  1.14003824E+00
   134  4.02000000E+01  1.14004866E+00  9.99982135E-01  1.14004866E+00
   135  4.05000000E+01  1.14005831E+00  1.00001293E+00  1.14005831E+00
   136  4.08000000E+01  1.14006722E+00  1.00004794E+00  1.14006722E+00
   137  4.11000000E+01  1.14007543E+00  1.00008757E+00  1.14007543E+00
   138  4.14000000E+01  1.14008298E+00  1.00013224E+00  1.14008298E+00
   139  4.17000000E+01  1.14009116E+00  1.00018241E+00  1.14009116E+00
   140  4.20000000E+01  1.14009879E+00  1.00023857E+00  1.14009879E+00
   141  4.23000000E+01  1.14010580E+00  1.00030124E+00  1.14010580E+00
   142  4.26000000E+01  1.14011222E+00  1.00037098E+00  1.14011222E+00
   143  4.29000000E+01  1.14011811E+00  1.00044840E+00  1.14011811E+00
   144  4.32000000E+01  1.14012349E+00  1.00053413E+00  1.14012349E+00
   145  4.35000000E+01  1.14012840E+00  1.00062887E+00  1.14012840E+00
   146  4.38000000E+01  1.14013289E+00  1.00073335E+00  1.14013289E+00
   147  4.41000000E+01  1.14013697E+00  1.00084833E+00  1.14013697E+00
   148  4.44000000E+01  1.14014068E+00  1.00097466E+00  1.14014068E+00
   149  4.47000000E+01  1.14014405E+00  1.00111322E+00  1.14014405E+00
   150  4.50000000E+01  1.14014711E+00  1.00126494E+00  1.14014711E+00
   151  4.53000000E+01  1.14014989E+00  1.00143082E+00  1.14014989E+00
   152  4.56000000E+01  1.14015240E+00  1.00161192E+00  1.14015240E+00
   153  4.59000000E+01  1.14015467E+00  1.00180935E+00  1.14015467E+00
   154  4.62000000E+01  1.14015673E+00  1.00202430E+00  1.14015673E+00
   155  4.65000000E+01  1.14015858E+00  1.00225801E+00  1.14015858E+00
   156  4.68000000E+01  1.14016026E+00  1.00251180E+00  1.14016026E+00
   157  4.71000000E+01  1.14016177E+00  1.00278707E+00  1.14016177E+00
   158  4.74000000E+01  1.14016314E+00  1.00308528E+00  1.14016314E+00
   159  4.77000000E+01  1.14016437E+00  1.00340796E+00  1.14016437E+00
   160  4.80000000E+01  1.14016547E+00  1.00375674E+00  1.14016547E+00
   161  4.83000000E+01  1.14016647E+00  1.00413329E+00  1.14016647E+00
   162  4.86000000E+01  1.14016737E+00  1.00453938E+00  1.14016737E+00
   163  4.89000000E+01  1.14016818E+00  1.00497688E+00  1.14016818E+00
   164  4.92000000E+01  1.14016891E+00  1.00544769E+00  1.14016891E+00
   165  4.95000000E+01  1.14016957E+00  1.00595383E+00  1.14016957E+00
   166  4.98000000E+01  1.14017016E+00  1.00649736E+00  1.14017016E+00
   167  5.01000000E+01  1.14017070E+00  1.00708046E+00  1.14017070E+00
   168  5.04000000E+01  1.14017118E+00  1.00770533E+00  1.14017118E+00
   169  5.07000000E+01  1.14017162E+00  1.00837427E+00  1.14017162E+00
   170  5.10000000E+01  1.14017201E+00  1.00908964E+00  1.14017201E+00
   171  5.13000000E+01  1.14017237E+00  1.00985384E+00  1.14017237E+00
   172  5.16000000E+01  1.14017269E+00  1.01066934E+00  1.14017269E+00
   173  5.19000000E+01  1.14017298E+00  1.01153863E+00  1.14017298E+00
   174  5.22000000E+01  1.14017325E+00  1.01246423E+00  1.14017325E+00
   175  5.25000000E+01  1.14017349E+00  1.01344870E+00  1.14017349E+00
   176  5.28000000E+01  1.14017371E+00  1.01449459E+00  1.14017371E+00
   177  5.31000000E+01  1.14017391E+00  1.01560442E+00  1.14017391E+00
   178  5.34000000E+01  1.14017409E+00  1.01678070E+00  1.14017409E+00
   179  5.37000000E+01  1.14017425E+00  1.01802589E+00  1.14017425E+00
   180  5.40000000E+01  1.14017441E+00  1.01934236E+00  1.14017441E+00
   181  5.43000000E+01  1.14017454E+00  1.02073241E+00  1.14017454E+00
   182  5.46000000E+01  1.14017467E+00  1.02219819E+00  1.14017467E+00
   183  5.49000000E+01  1.14017479E+00  1.02374171E+00  1.14017479E+00
   184  5.52000000E+01  1.14017490E+00  1.02536482E+00  1.14017490E+00
   185  5.55000000E+01  1.14017500E+00  1.02706912E+00  1.14017500E+00
   186  5.58000000E+01  1.14017509E+00  1.02885599E+00  1.14017509E+00
   187  5.61000000E+01  1.14017518E+00  1.03072654E+00  1.14017518E+00
   188  5.64000000E+01  1.14017525E+00  1.03268154E+00  1.14017525E+00
   189  5.67000000E+01  1.14017533E+00  1.03472140E+00  1.14017533E+00
   190  5.70000000E+01  1.14017540E+00  1.03684617E+00  1.14017540E+00
   191  5.73000000E+01  1.14017546E+00  1.03905544E+00  1.14017546E+00
   192  5.76000000E+01  1.14017552E+00  1.04134833E+00  1.14017552E+00
   193  5.79000000E+01  1.14017557E+00  1.04372345E+00  1.14017557E+00
   194  5.82000000E+01  1.14017563E+00  1.04617889E+00  1.14017563E+00
   195  5.85000000E+01  1.14017567E+00  1.04871211E+00  1.14017567E+00
   196  5.88000000E+01  1.14017572E+00  1.05131999E+00  1.14017572E+00
   197  5.91000000E+01  1.14017576E+00  1.05399876E+00  1.14017576E+00
   198  5.94000000E+01  1.14017580E+00  1.05674399E+00  1.14017580E+00
   199  5.97000000E+01  1.14017584E+00  1.05955056E+00  1.14017584E+00
   200  6.00000000E+01  1.14017587E+00  1.06241267E+00  1.14017587E+00
   201  6.03000000E+01  1.14017591E+00  1.06532381E+00  1.14017591E+00
   202  6.06000000E+01  1.14017594E+00  1.06827680E+00  1.14017594E+00
   203  6.09000000E+01  1.14017597E+00  1.07126378E+00  1.14017597E+00
   204  6.12000000E+01  1.14017599E+00  1.07427624E+00  1.14017599E+00
   205  6.15000000E+01  1.14017602E+00  1.07730505E+00  1.14017602E+00
   206  6.18000000E+01  1.14017604E+00  1.08034053E+00  1.14017604E+00
   207  6.21000000E+01  1.14017607E+00  1.08337248E+00  1.14017607E+00
   208  6.24000000E+01  1.14017609E+00  1.08639025E+00  1.14017609E+00
   209  6.27000000E+01  1.14017611E+00  1.08938285E+00  1.14017611E+00
   210  6.30000000E+01  1.14017613E+00  1.09233904E+00  1.14017613E+00
   211  6.33000000E+01  1.14017615E+00  1.09524745E+00  1.14017615E+00
   212  6.36000000E+01  1.14017616E+00  1.09809670E+00  1.14017616E+00
   213  6.39000000E+01  1.14017618E+00  1.10087555E+00  1.14017618E+00
   214  6.42000000E+01  1.14017620E+00  1.10357310E+00  1.14017620E+00
   215  6.45000000E+01  1.14017621E+00  1.10617893E+00  1.14017621E+00
   216  6.48000000E+01  1.14017622E+00  1.10868334E+00  1.14017622E+00
   217  6.51000000E+01  1.14017624E+00  1.11107748E+00  1.14017624E+00
   218  6.54000000E+01  1.14017625E+00  1.11335367E+00  1.14017625E+00
   219  6.57000000E+01  1.14017626E+00  1.11550549E+00  1.14017626E+00
   220  6.60000000E+01  1.14017627E+00  1.11752806E+00  1.14017627E+00
   221  6.63000000E+01  1.14017628E+00  1.11941817E+00  1.14017628E+00
   222  6.66000000E+01  1.14017629E+00  1.12117440E+00  1.14017629E+00
   223  6.69000000E+01  1.14017630E+00  1.12279725E+00  1.14017630E+00
   224  6.72000000E+01  1.14017631E+00  1.12428913E+00  1.14017631E+00
   225  6.75000000E+01  1.14017632E+00  1.12565431E+00  1.14017632E+00
   226  6.78000000E+01  1.14017633E+00  1.12689882E+00  1.14017633E+00
   227  6.81000000E+01  1.14017633E+00  1.12803022E+00  1.14017633E+00
   228  6.84000000E+01  1.14017634E+00  1.12905730E+00  1.14017634E+00
   229  6.87000000E+01  1.14017635E+00  1.12998971E+00  1.14017635E+00
   230  6.90000000E+01  1.14017635E+00  1.13083758E+00  1.14017635E+00
   231  6.93000000E+01  1.14017636E+00  1.13161097E+00  1.14017636E+00
   232  6.96000000E+01  1.14017637E+00  1.13231951E+00  1.14017637E+00
   233  6.99000000E+01  1.14017637E+00  1.13297190E+00  1.14017637E+00
   234  7.02000000E+01  1.14017638E+00  1.13357556E+00  1.14017638E+00
   235  7.05000000E+01  1.14017638E+00  1.13413637E+00  1.14017638E+00
   236  7.08000000E+01  1.14017639E+00  1.13465850E+00  1.14017639E+00
   237  7.11000000E+01  1.14017639E+00  1.13514443E+00  1.14017639E+00
   238  7.14000000E+01  1.14017639E+00  1.13559506E+00  1.14017639E+00
   239  7.17000000E+01  1.14017640E+00  1.13601002E+00  1.14017640E+00
   240  7.20000000E+01  1.14017640E+00  1.13638803E+00  1.14017640E+00
   241  7.23000000E+01  1.14017640E+00  1.13672734E+00  1.14017640E+00
   242  7.26000000E+01  1.14017641E+00  1.13702628E+00  1.14017641E+00
   243  7.29000000E+01  1.14017641E+00  1.13728367E+00  1.14017641E+00
   244  7.32000000E+01  1.14017641E+00  1.13749924E+00  1.14017641E+00
   245  7.35000000E+01  1.14017642E+00  1.13767392E+00  1.14017642E+00
   246  7.38000000E+01  1.14017642E+00  1.13780994E+00  1.14017642E+00
   247  7.41000000E+01  1.14017642E+00  1.13791088E+00  1.14017642E+00
   248  7.44000000E+01  1.14017642E+00  1.13798144E+00  1.14017642E+00
   249  7.47000000E+01  1.14017643E+00  1.13802720E+00  1.14017643E+00
   250  7.50000000E+01  1.14017643E+00  1.13805420E+00  1.14017643E+00
   251  7.53000000E+01  1.14017643E+00  1.13806851E+00  1.14017643E+00
   252  7.56000000E+01  1.14017643E+00  1.13807583E+00  1.14017643E+00
   253  7.59000000E+01  1.14017643E+00  1.13808110E+00  1.14017643E+00
   254  7.62000000E+01  1.14017644E+00  1.13808822E+00  1.14017644E+00
   255  7.65000000E+01  1.14017644E+00  1.13809989E+00  1.14017644E+00
   256  7.68000000E+01  1.14017644E+00  1.13811758E+00  1.14017644E+00
   257  7.71000000E+01  1.14017644E+00  1.13814163E+00  1.14017644E+00
   258  7.74000000E+01  1.14017644E+00  1.13817142E+00  1.14017644E+00
   259  7.77000000E+01  1.14017644E+00  1.13820562E+00  1.14017644E+00
   260  7.80000000E+01  1.14017644E+00  1.13824252E+00  1.14017644E+00
   261  7.83000000E+01  1.14017644E+00  1.13828028E+00  1.14017644E+00
   262  7.86000000E+01  1.14017645E+00  1.13831719E+00  1.14017645E+00
   263  7.89000000E+01  1.14017645E+00  1.13835184E+00  1.14017645E+00
   264  7.92000000E+01  1.14017645E+00  1.13838329E+00  1.14017645E+00
   265  7.95000000E+01  1.14017645E+00  1.13841104E+00  1.14017645E+00
   266  7.98000000E+01  1.14017645E+00  1.13843502E+00  1.14017645E+00
   267  8.01000000E+01  1.14017645E+00  1.13845553E+00  1.14017645E+00
   268  8.04000000E+01  1.14017645E+00  1.13847312E+00  1.14017645E+00
   269  8.07000000E+01  1.14017645E+00  1.13848844E+00  1.14017645E+00
   270  8.10000000E+01  1.14017645E+00  1.13850218E+00  1.14017645E+00
   271  8.13000000E+01  1.14017645E+00  1.13851491E+00  1.14017645E+00
   272  8.16000000E+01  1.14017645E+00  1.13852709E+00  1.14017645E+00
   273  8.19000000E+01  1.14017645E+00  1.13853900E+00  1.14017645E+00
   274  8.22000000E+01  1.14017645E+00  1.13855075E+00  1.14017645E+00
   275  8.25000000E+01  1.14017645E+00  1.13856233E+00  1.14017645E+00
   276  8.28000000E+01  1.14017646E+00  1.13857362E+00  1.14017646E+00
   277  8.31000000E+01  1.14017646E+00  1.13858447E+00  1.14017646E+00
   278  8.34000000E+01  1.14017646E+00  1.13859470E+00  1.14017646E+00
   279  8.37000000E+01  1.14017646E+00  1.13860419E+00  1.14017646E+00
   280  8.40000000E+01  1.14017646E+00  1.13861284E+00  1.14017646E+00
   281  8.43000000E+01  1.14017646E+00  1.13862062E+00  1.14017646E+00
   282  8.46000000E+01  1.14017646E+00  1.13862755E+00  1.14017646E+00
   283  8.49000000E+01  1.14017646E+00  1.13863370E+00  1.14017646E+00
   284  8.52000000E+01  1.14017646E+00  1.13863915E+00  1.14017646E+00
   285  8.55000000E+01  1.14017646E+00  1.13864402E+00  1.14017646E+00
   286  8.58000000E+01  1.14017646E+00  1.13864839E+00  1.14017646E+00
   287  8.61000000E+01  1.14017646E+00  1.13865236E+00  1.14017646E+00
   288  8.64000000E+01  1.14017646E+00  1.13865599E+00  1.14017646E+00
 steady-height stop at step    288: changes <=   1.0000E-05, max-end <=   1.0000E-02, max/end/gap/profile_change =   1.14017646E+00  1.13865599E+00  1.52046746E-03  3.63014978E-06


STDERR:
