COMMAND:
/shared/generate_rom_data/extrudate_swell2d_c_cluster

STDOUT:
 comppar: model =   6
 comppar: lambda,mobility/eps,betav,eta_0 =  1.0000E+00  2.3333E-01  7.0000E-01  1.0000E+00
 comppar: eta_s,eta_p,G =  7.0000E-01  3.0000E-01  3.0000E-01
 comppar: U_avg,deltat,flowrate,nsteps =  1.0000E-01  3.0000E-01  3.1416E-01     700
 comppar: geometry = axisymmetric
 comppar: steady stop change,gap,hold,min =  1.0000E-05  1.0000E-02      10      80
 comppar: ncompc,ncompg =     4     5
 mesh nnodes = 5765
 mesh nelem = 2780
 P1 BC   5.0000000000000000     
 P2 BC   0.0000000000000000     
     1  3.00000000E-01  1.00379376E+00  1.00000000E+00  1.00379376E+00
     2  6.00000000E-01  1.00749349E+00  1.00000000E+00  1.00749349E+00
     3  9.00000000E-01  1.01109020E+00  1.00000000E+00  1.01109020E+00
     4  1.20000000E+00  1.01459720E+00  1.00000000E+00  1.01459720E+00
     5  1.50000000E+00  1.01802188E+00  1.00000000E+00  1.01802188E+00
     6  1.80000000E+00  1.02136609E+00  1.00000000E+00  1.02136609E+00
     7  2.10000000E+00  1.02463548E+00  1.00000000E+00  1.02463548E+00
     8  2.40000000E+00  1.02784502E+00  1.00000000E+00  1.02784502E+00
     9  2.70000000E+00  1.03098789E+00  1.00000001E+00  1.03098789E+00
    10  3.00000000E+00  1.03405588E+00  1.00000001E+00  1.03405588E+00
    11  3.30000000E+00  1.03706276E+00  1.00000001E+00  1.03706276E+00
    12  3.60000000E+00  1.04001699E+00  1.00000000E+00  1.04001699E+00
    13  3.90000000E+00  1.04288347E+00  1.00000000E+00  1.04288347E+00
    14  4.20000000E+00  1.04572203E+00  1.00000000E+00  1.04572203E+00
    15  4.50000000E+00  1.04847139E+00  9.99999998E-01  1.04847139E+00
    16  4.80000000E+00  1.05117535E+00  9.99999994E-01  1.05117535E+00
    17  5.10000000E+00  1.05381880E+00  9.99999988E-01  1.05381880E+00
    18  5.40000000E+00  1.05638572E+00  9.99999981E-01  1.05638572E+00
    19  5.70000000E+00  1.05890566E+00  9.99999973E-01  1.05890566E+00
    20  6.00000000E+00  1.06135399E+00  9.99999962E-01  1.06135399E+00
    21  6.30000000E+00  1.06375717E+00  9.99999950E-01  1.06375717E+00
    22  6.60000000E+00  1.06608611E+00  9.99999935E-01  1.06608611E+00
    23  6.90000000E+00  1.06835144E+00  9.99999917E-01  1.06835144E+00
    24  7.20000000E+00  1.07058593E+00  9.99999897E-01  1.07058593E+00
    25  7.50000000E+00  1.07271447E+00  9.99999873E-01  1.07271447E+00
    26  7.80000000E+00  1.07485454E+00  9.99999845E-01  1.07485454E+00
    27  8.10000000E+00  1.07682831E+00  9.99999813E-01  1.07682831E+00
    28  8.40000000E+00  1.07887450E+00  9.99999777E-01  1.07887450E+00
    29  8.70000000E+00  1.08078402E+00  9.99999735E-01  1.08078402E+00
    30  9.00000000E+00  1.08265875E+00  9.99999689E-01  1.08265875E+00
    31  9.30000000E+00  1.08450399E+00  9.99999636E-01  1.08450399E+00
    32  9.60000000E+00  1.08617542E+00  9.99999576E-01  1.08617542E+00
    33  9.90000000E+00  1.08796577E+00  9.99999509E-01  1.08796577E+00
    34  1.02000000E+01  1.08961131E+00  9.99999435E-01  1.08961131E+00
    35  1.05000000E+01  1.09118020E+00  9.99999352E-01  1.09118020E+00
    36  1.08000000E+01  1.09279896E+00  9.99999259E-01  1.09279896E+00
    37  1.11000000E+01  1.09424206E+00  9.99999156E-01  1.09424206E+00
    38  1.14000000E+01  1.09569912E+00  9.99999043E-01  1.09569912E+00
    39  1.17000000E+01  1.09715152E+00  9.99998917E-01  1.09715152E+00
    40  1.20000000E+01  1.09842838E+00  9.99998778E-01  1.09842838E+00
    41  1.23000000E+01  1.09979391E+00  9.99998626E-01  1.09979391E+00
    42  1.26000000E+01  1.10107904E+00  9.99998458E-01  1.10107904E+00
    43  1.29000000E+01  1.10219037E+00  9.99998275E-01  1.10219037E+00
    44  1.32000000E+01  1.10345666E+00  9.99998073E-01  1.10345666E+00
    45  1.35000000E+01  1.10458196E+00  9.99997853E-01  1.10458196E+00
    46  1.38000000E+01  1.10559800E+00  9.99997613E-01  1.10559800E+00
    47  1.41000000E+01  1.10673432E+00  9.99997351E-01  1.10673432E+00
    48  1.44000000E+01  1.10770161E+00  9.99997066E-01  1.10770161E+00
    49  1.47000000E+01  1.10865179E+00  9.99996755E-01  1.10865179E+00
    50  1.50000000E+01  1.10963296E+00  9.99996419E-01  1.10963296E+00
    51  1.53000000E+01  1.11045170E+00  9.99996053E-01  1.11045170E+00
    52  1.56000000E+01  1.11135791E+00  9.99995657E-01  1.11135791E+00
    53  1.59000000E+01  1.11218709E+00  9.99995229E-01  1.11218709E+00
    54  1.62000000E+01  1.11288461E+00  9.99994766E-01  1.11288461E+00
    55  1.65000000E+01  1.11372750E+00  9.99994266E-01  1.11372750E+00
    56  1.68000000E+01  1.11441628E+00  9.99993726E-01  1.11441628E+00
    57  1.71000000E+01  1.11509287E+00  9.99993145E-01  1.11509287E+00
    58  1.74000000E+01  1.11579141E+00  9.99992520E-01  1.11579141E+00
    59  1.77000000E+01  1.11634641E+00  9.99991848E-01  1.11634641E+00
    60  1.80000000E+01  1.11700878E+00  9.99991126E-01  1.11700878E+00
    61  1.83000000E+01  1.11757650E+00  9.99990351E-01  1.11757650E+00
    62  1.86000000E+01  1.11807658E+00  9.99989521E-01  1.11807658E+00
    63  1.89000000E+01  1.11865333E+00  9.99988632E-01  1.11865333E+00
    64  1.92000000E+01  1.11909824E+00  9.99987681E-01  1.11909824E+00
    65  1.95000000E+01  1.11960328E+00  9.99986665E-01  1.11960328E+00
    66  1.98000000E+01  1.12005999E+00  9.99985581E-01  1.12005999E+00
    67  2.01000000E+01  1.12042797E+00  9.99984424E-01  1.12042797E+00
    68  2.04000000E+01  1.12089292E+00  9.99983192E-01  1.12089292E+00
    69  2.07000000E+01  1.12123887E+00  9.99981880E-01  1.12123887E+00
    70  2.10000000E+01  1.12162739E+00  9.99980486E-01  1.12162739E+00
    71  2.13000000E+01  1.12198402E+00  9.99979005E-01  1.12198402E+00
    72  2.16000000E+01  1.12225615E+00  9.99977433E-01  1.12225615E+00
    73  2.19000000E+01  1.12262015E+00  9.99975768E-01  1.12262015E+00
    74  2.22000000E+01  1.12287876E+00  9.99974005E-01  1.12287876E+00
    75  2.25000000E+01  1.12318221E+00  9.99972140E-01  1.12318221E+00
    76  2.28000000E+01  1.12345020E+00  9.99970171E-01  1.12345020E+00
    77  2.31000000E+01  1.12365499E+00  9.99968092E-01  1.12365499E+00
    78  2.34000000E+01  1.12392941E+00  9.99965902E-01  1.12392941E+00
    79  2.37000000E+01  1.12411254E+00  9.99963596E-01  1.12411254E+00
    80  2.40000000E+01  1.12435528E+00  9.99961172E-01  1.12435528E+00
    81  2.43000000E+01  1.12454631E+00  9.99958627E-01  1.12454631E+00
    82  2.46000000E+01  1.12470568E+00  9.99955958E-01  1.12470568E+00
    83  2.49000000E+01  1.12490215E+00  9.99953164E-01  1.12490215E+00
    84  2.52000000E+01  1.12502154E+00  9.99950242E-01  1.12502154E+00
    85  2.55000000E+01  1.12522194E+00  9.99947192E-01  1.12522194E+00
    86  2.58000000E+01  1.12534764E+00  9.99944012E-01  1.12534764E+00
    87  2.61000000E+01  1.12547752E+00  9.99940704E-01  1.12547752E+00
    88  2.64000000E+01  1.12560763E+00  9.99937267E-01  1.12560763E+00
    89  2.67000000E+01  1.12570859E+00  9.99933703E-01  1.12570859E+00
    90  2.70000000E+01  1.12584563E+00  9.99930016E-01  1.12584563E+00
    91  2.73000000E+01  1.12591729E+00  9.99926208E-01  1.12591729E+00
    92  2.76000000E+01  1.12602885E+00  9.99922285E-01  1.12602885E+00
    93  2.79000000E+01  1.12610392E+00  9.99918253E-01  1.12610392E+00
    94  2.82000000E+01  1.12619936E+00  9.99914121E-01  1.12619936E+00
    95  2.85000000E+01  1.12627970E+00  9.99909896E-01  1.12627970E+00
    96  2.88000000E+01  1.12632413E+00  9.99905592E-01  1.12632413E+00
    97  2.91000000E+01  1.12640831E+00  9.99901222E-01  1.12640831E+00
    98  2.94000000E+01  1.12644352E+00  9.99896801E-01  1.12644352E+00
    99  2.97000000E+01  1.12653358E+00  9.99892348E-01  1.12653358E+00
   100  3.00000000E+01  1.12656801E+00  9.99887885E-01  1.12656801E+00
   101  3.03000000E+01  1.12661880E+00  9.99883434E-01  1.12661880E+00
   102  3.06000000E+01  1.12665604E+00  9.99879026E-01  1.12665604E+00
   103  3.09000000E+01  1.12670630E+00  9.99874690E-01  1.12670630E+00
   104  3.12000000E+01  1.12674775E+00  9.99870462E-01  1.12674775E+00
   105  3.15000000E+01  1.12675949E+00  9.99866382E-01  1.12675949E+00
   106  3.18000000E+01  1.12680415E+00  9.99862495E-01  1.12680415E+00
   107  3.21000000E+01  1.12681923E+00  9.99858852E-01  1.12681923E+00
   108  3.24000000E+01  1.12686868E+00  9.99855507E-01  1.12686868E+00
   109  3.27000000E+01  1.12687174E+00  9.99852523E-01  1.12687174E+00
   110  3.30000000E+01  1.12690222E+00  9.99849968E-01  1.12690222E+00
   111  3.33000000E+01  1.12690749E+00  9.99847919E-01  1.12690749E+00
   112  3.36000000E+01  1.12694716E+00  9.99846459E-01  1.12694716E+00
   113  3.39000000E+01  1.12695555E+00  9.99845682E-01  1.12695555E+00
   114  3.42000000E+01  1.12696451E+00  9.99845687E-01  1.12696451E+00
   115  3.45000000E+01  1.12697547E+00  9.99846588E-01  1.12697547E+00
   116  3.48000000E+01  1.12699558E+00  9.99848507E-01  1.12699558E+00
   117  3.51000000E+01  1.12701022E+00  9.99851577E-01  1.12701022E+00
   118  3.54000000E+01  1.12700168E+00  9.99855945E-01  1.12700168E+00
   119  3.57000000E+01  1.12701926E+00  9.99861771E-01  1.12701926E+00
   120  3.60000000E+01  1.12702309E+00  9.99869228E-01  1.12702309E+00
   121  3.63000000E+01  1.12704491E+00  9.99878507E-01  1.12704491E+00
   122  3.66000000E+01  1.12702555E+00  9.99889812E-01  1.12702555E+00
   123  3.69000000E+01  1.12704669E+00  9.99903369E-01  1.12704669E+00
   124  3.72000000E+01  1.12703629E+00  9.99919418E-01  1.12703629E+00
   125  3.75000000E+01  1.12706620E+00  9.99938223E-01  1.12706620E+00
   126  3.78000000E+01  1.12705135E+00  9.99960067E-01  1.12705135E+00
   127  3.81000000E+01  1.12706334E+00  9.99985258E-01  1.12706334E+00
   128  3.84000000E+01  1.12705074E+00  1.00001413E+00  1.12705074E+00
   129  3.87000000E+01  1.12707887E+00  1.00004703E+00  1.12707887E+00
   130  3.90000000E+01  1.12706939E+00  1.00008436E+00  1.12706939E+00
   131  3.93000000E+01  1.12707316E+00  1.00012652E+00  1.12707316E+00
   132  3.96000000E+01  1.12706628E+00  1.00017396E+00  1.12706628E+00
   133  3.99000000E+01  1.12708616E+00  1.00022716E+00  1.12708616E+00
   134  4.02000000E+01  1.12708292E+00  1.00028663E+00  1.12708292E+00
   135  4.05000000E+01  1.12707881E+00  1.00035293E+00  1.12707881E+00
   136  4.08000000E+01  1.12707851E+00  1.00042664E+00  1.12707851E+00
   137  4.11000000E+01  1.12709020E+00  1.00050839E+00  1.12709020E+00
   138  4.14000000E+01  1.12709405E+00  1.00059886E+00  1.12709405E+00
   139  4.17000000E+01  1.12708199E+00  1.00069878E+00  1.12708199E+00
   140  4.20000000E+01  1.12708913E+00  1.00080890E+00  1.12708913E+00
   141  4.23000000E+01  1.12709236E+00  1.00093004E+00  1.12709236E+00
   142  4.26000000E+01  1.12710416E+00  1.00106308E+00  1.12710416E+00
   143  4.29000000E+01  1.12708375E+00  1.00120895E+00  1.12708375E+00
   144  4.32000000E+01  1.12709918E+00  1.00136862E+00  1.12709918E+00
   145  4.35000000E+01  1.12709341E+00  1.00154314E+00  1.12709341E+00
   146  4.38000000E+01  1.12711398E+00  1.00173362E+00  1.12711398E+00
   147  4.41000000E+01  1.12708787E+00  1.00194122E+00  1.12708787E+00
   148  4.44000000E+01  1.12710917E+00  1.00216719E+00  1.12710917E+00
   149  4.47000000E+01  1.12709368E+00  1.00241283E+00  1.12709368E+00
   150  4.50000000E+01  1.12712387E+00  1.00267952E+00  1.12712387E+00
   151  4.53000000E+01  1.12710382E+00  1.00296870E+00  1.12710382E+00
   152  4.56000000E+01  1.12711932E+00  1.00328192E+00  1.12711932E+00
   153  4.59000000E+01  1.12710215E+00  1.00362075E+00  1.12710215E+00
   154  4.62000000E+01  1.12713388E+00  1.00398689E+00  1.12713388E+00
   155  4.65000000E+01  1.12712071E+00  1.00438209E+00  1.12712071E+00
   156  4.68000000E+01  1.12712955E+00  1.00480818E+00  1.12712955E+00
   157  4.71000000E+01  1.12711958E+00  1.00526707E+00  1.12711958E+00
   158  4.74000000E+01  1.12714390E+00  1.00576074E+00  1.12714390E+00
   159  4.77000000E+01  1.12713841E+00  1.00629126E+00  1.12713841E+00
   160  4.80000000E+01  1.12713970E+00  1.00686076E+00  1.12713970E+00
   161  4.83000000E+01  1.12713774E+00  1.00747145E+00  1.12713774E+00
   162  4.86000000E+01  1.12715370E+00  1.00812559E+00  1.12715370E+00
   163  4.89000000E+01  1.12715668E+00  1.00882552E+00  1.12715668E+00
   164  4.92000000E+01  1.12714949E+00  1.00957361E+00  1.12714949E+00
   165  4.95000000E+01  1.12715634E+00  1.01037230E+00  1.12715634E+00
   166  4.98000000E+01  1.12716297E+00  1.01122407E+00  1.12716297E+00
   167  5.01000000E+01  1.12717521E+00  1.01213139E+00  1.12717521E+00
   168  5.04000000E+01  1.12715860E+00  1.01309679E+00  1.12715860E+00
   169  5.07000000E+01  1.12717504E+00  1.01412278E+00  1.12717504E+00
   170  5.10000000E+01  1.12717138E+00  1.01521185E+00  1.12717138E+00
   171  5.13000000E+01  1.12719367E+00  1.01636648E+00  1.12719367E+00
   172  5.16000000E+01  1.12716669E+00  1.01758907E+00  1.12716669E+00
   173  5.19000000E+01  1.12719350E+00  1.01888197E+00  1.12719350E+00
   174  5.22000000E+01  1.12717860E+00  1.02024742E+00  1.12717860E+00
   175  5.25000000E+01  1.12721169E+00  1.02168755E+00  1.12721169E+00
   176  5.28000000E+01  1.12718950E+00  1.02320433E+00  1.12718950E+00
   177  5.31000000E+01  1.12721138E+00  1.02479955E+00  1.12721138E+00
   178  5.34000000E+01  1.12719260E+00  1.02647479E+00  1.12719260E+00
   179  5.37000000E+01  1.12722895E+00  1.02823140E+00  1.12722895E+00
   180  5.40000000E+01  1.12721488E+00  1.03007042E+00  1.12721488E+00
   181  5.43000000E+01  1.12722833E+00  1.03199261E+00  1.12722833E+00
   182  5.46000000E+01  1.12721798E+00  1.03399835E+00  1.12721798E+00
   183  5.49000000E+01  1.12724512E+00  1.03608765E+00  1.12724512E+00
   184  5.52000000E+01  1.12723992E+00  1.03826009E+00  1.12723992E+00
   185  5.55000000E+01  1.12724404E+00  1.04051480E+00  1.12724404E+00
   186  5.58000000E+01  1.12724288E+00  1.04285038E+00  1.12724288E+00
   187  5.61000000E+01  1.12725989E+00  1.04526493E+00  1.12725989E+00
   188  5.64000000E+01  1.12726431E+00  1.04775599E+00  1.12726431E+00
   189  5.67000000E+01  1.12725821E+00  1.05032048E+00  1.12725821E+00
   190  5.70000000E+01  1.12726700E+00  1.05295472E+00  1.12726700E+00
   191  5.73000000E+01  1.12727297E+00  1.05565441E+00  1.12727297E+00
   192  5.76000000E+01  1.12728775E+00  1.05841456E+00  1.12728775E+00
   193  5.79000000E+01  1.12727058E+00  1.06122956E+00  1.12727058E+00
   194  5.82000000E+01  1.12729005E+00  1.06409309E+00  1.12729005E+00
   195  5.85000000E+01  1.12728412E+00  1.06699820E+00  1.12728412E+00
   196  5.88000000E+01  1.12730999E+00  1.06993728E+00  1.12730999E+00
   197  5.91000000E+01  1.12728090E+00  1.07290211E+00  1.12728090E+00
   198  5.94000000E+01  1.12731177E+00  1.07588383E+00  1.12731177E+00
   199  5.97000000E+01  1.12729309E+00  1.07887307E+00  1.12729309E+00
   200  6.00000000E+01  1.12733077E+00  1.08185989E+00  1.12733077E+00
   201  6.03000000E+01  1.12730857E+00  1.08483393E+00  1.12730857E+00
   202  6.06000000E+01  1.12733192E+00  1.08778443E+00  1.12733192E+00
   203  6.09000000E+01  1.12731361E+00  1.09070030E+00  1.12731361E+00
   204  6.12000000E+01  1.12734985E+00  1.09357023E+00  1.12734985E+00
   205  6.15000000E+01  1.12733685E+00  1.09638276E+00  1.12733685E+00
   206  6.18000000E+01  1.12735028E+00  1.09912641E+00  1.12735028E+00
   207  6.21000000E+01  1.12734147E+00  1.10178977E+00  1.12734147E+00
   208  6.24000000E+01  1.12736704E+00  1.10436164E+00  1.12736704E+00
   209  6.27000000E+01  1.12736395E+00  1.10683116E+00  1.12736395E+00
   210  6.30000000E+01  1.12736665E+00  1.10918796E+00  1.12736665E+00
   211  6.33000000E+01  1.12736806E+00  1.11142230E+00  1.12736806E+00
   212  6.36000000E+01  1.12738214E+00  1.11352524E+00  1.12738214E+00
   213  6.39000000E+01  1.12738966E+00  1.11548881E+00  1.12738966E+00
   214  6.42000000E+01  1.12738085E+00  1.11730617E+00  1.12738085E+00
   215  6.45000000E+01  1.12739317E+00  1.11897180E+00  1.12739317E+00
   216  6.48000000E+01  1.12739497E+00  1.12048164E+00  1.12739497E+00
   217  6.51000000E+01  1.12741380E+00  1.12183327E+00  1.12741380E+00
   218  6.54000000E+01  1.12739268E+00  1.12302607E+00  1.12739268E+00
   219  6.57000000E+01  1.12741663E+00  1.12406129E+00  1.12741663E+00
   220  6.60000000E+01  1.12740537E+00  1.12494214E+00  1.12740537E+00
   221  6.63000000E+01  1.12743620E+00  1.12567387E+00  1.12743620E+00
   222  6.66000000E+01  1.12740622E+00  1.12626371E+00  1.12740622E+00
   223  6.69000000E+01  1.12743837E+00  1.12672084E+00  1.12743837E+00
   224  6.72000000E+01  1.12741343E+00  1.12705620E+00  1.12741343E+00
   225  6.75000000E+01  1.12745699E+00  1.12728228E+00  1.12745699E+00
   226  6.78000000E+01  1.12743650E+00  1.12741289E+00  1.12743650E+00
   227  6.81000000E+01  1.12746273E+00  1.12746273E+00  1.12746273E+00
   228  6.84000000E+01  1.12744702E+00  1.12744702E+00  1.12744702E+00
   229  6.87000000E+01  1.12738105E+00  1.12738105E+00  1.12738105E+00
   230  6.90000000E+01  1.12727968E+00  1.12727968E+00  1.12727968E+00
   231  6.93000000E+01  1.12715688E+00  1.12715688E+00  1.12715688E+00
   232  6.96000000E+01  1.12702529E+00  1.12702529E+00  1.12702529E+00
   233  6.99000000E+01  1.12689583E+00  1.12689583E+00  1.12689583E+00
   234  7.02000000E+01  1.12689254E+00  1.12677738E+00  1.12689254E+00
   235  7.05000000E+01  1.12689254E+00  1.12667662E+00  1.12689254E+00
   236  7.08000000E+01  1.12689254E+00  1.12659790E+00  1.12689254E+00
   237  7.11000000E+01  1.12689253E+00  1.12654333E+00  1.12689253E+00
   238  7.14000000E+01  1.12689253E+00  1.12651295E+00  1.12689253E+00
   239  7.17000000E+01  1.12689253E+00  1.12650499E+00  1.12689253E+00
   240  7.20000000E+01  1.12689253E+00  1.12651626E+00  1.12689253E+00
   241  7.23000000E+01  1.12689253E+00  1.12654261E+00  1.12689253E+00
   242  7.26000000E+01  1.12689253E+00  1.12657933E+00  1.12689253E+00
   243  7.29000000E+01  1.12689253E+00  1.12662166E+00  1.12689253E+00
   244  7.32000000E+01  1.12689253E+00  1.12666514E+00  1.12689253E+00
   245  7.35000000E+01  1.12689253E+00  1.12670599E+00  1.12689253E+00
   246  7.38000000E+01  1.12689253E+00  1.12674128E+00  1.12689253E+00
   247  7.41000000E+01  1.12689253E+00  1.12676910E+00  1.12689253E+00
   248  7.44000000E+01  1.12689253E+00  1.12678857E+00  1.12689253E+00
   249  7.47000000E+01  1.12689253E+00  1.12679972E+00  1.12689253E+00
   250  7.50000000E+01  1.12689253E+00  1.12680338E+00  1.12689253E+00
   251  7.53000000E+01  1.12689253E+00  1.12680093E+00  1.12689253E+00
   252  7.56000000E+01  1.12689253E+00  1.12679409E+00  1.12689253E+00
   253  7.59000000E+01  1.12689253E+00  1.12678466E+00  1.12689253E+00
   254  7.62000000E+01  1.12689253E+00  1.12677433E+00  1.12689253E+00
   255  7.65000000E+01  1.12689253E+00  1.12676453E+00  1.12689253E+00
   256  7.68000000E+01  1.12689253E+00  1.12675629E+00  1.12689253E+00
   257  7.71000000E+01  1.12689253E+00  1.12675023E+00  1.12689253E+00
   258  7.74000000E+01  1.12689253E+00  1.12674658E+00  1.12689253E+00
   259  7.77000000E+01  1.12689253E+00  1.12674520E+00  1.12689253E+00
   260  7.80000000E+01  1.12689253E+00  1.12674571E+00  1.12689253E+00
   261  7.83000000E+01  1.12689252E+00  1.12674756E+00  1.12689252E+00
   262  7.86000000E+01  1.12689252E+00  1.12675015E+00  1.12689252E+00
   263  7.89000000E+01  1.12689252E+00  1.12675292E+00  1.12689252E+00
   264  7.92000000E+01  1.12689252E+00  1.12675543E+00  1.12689252E+00
 steady-height stop at step    264: changes <=   1.0000E-05, max-end <=   1.0000E-02, max/end/gap/profile_change =   1.12689252E+00  1.12675543E+00  1.37098747E-04  2.50171997E-06


STDERR:
