COMMAND:
/shared/generate_rom_data/extrudate_swell2d_c_cluster

STDOUT:
 comppar: model =   6
 comppar: lambda,mobility/eps,betav,eta_0 =  8.2000E+00  3.6667E-01  5.0000E-01  1.0000E+00
 comppar: eta_s,eta_p,G =  5.0000E-01  5.0000E-01  6.0976E-02
 comppar: U_avg,deltat,flowrate,nsteps =  1.0000E-01  3.0000E-01  3.1416E-01     700
 comppar: geometry = axisymmetric
 comppar: steady stop change,gap,hold,min =  1.0000E-05  1.0000E-02      10      80
 comppar: ncompc,ncompg =     4     5
 mesh nnodes = 5765
 mesh nelem = 2780
 P1 BC   5.0000000000000000     
 P2 BC   0.0000000000000000     
     1  3.00000000E-01  1.00379154E+00  1.00000000E+00  1.00379154E+00
     2  6.00000000E-01  1.00749682E+00  1.00000000E+00  1.00749682E+00
     3  9.00000000E-01  1.01111466E+00  1.00000000E+00  1.01111466E+00
     4  1.20000000E+00  1.01464766E+00  1.00000000E+00  1.01464766E+00
     5  1.50000000E+00  1.01809822E+00  1.00000000E+00  1.01809822E+00
     6  1.80000000E+00  1.02146508E+00  1.00000000E+00  1.02146508E+00
     7  2.10000000E+00  1.02475436E+00  1.00000000E+00  1.02475436E+00
     8  2.40000000E+00  1.02798542E+00  1.00000000E+00  1.02798542E+00
     9  2.70000000E+00  1.03114612E+00  1.00000000E+00  1.03114612E+00
    10  3.00000000E+00  1.03423568E+00  1.00000001E+00  1.03423568E+00
    11  3.30000000E+00  1.03727865E+00  1.00000001E+00  1.03727865E+00
    12  3.60000000E+00  1.04027136E+00  1.00000000E+00  1.04027136E+00
    13  3.90000000E+00  1.04319505E+00  1.00000000E+00  1.04319505E+00
    14  4.20000000E+00  1.04611392E+00  1.00000000E+00  1.04611392E+00
    15  4.50000000E+00  1.04894307E+00  1.00000000E+00  1.04894307E+00
    16  4.80000000E+00  1.05179228E+00  9.99999996E-01  1.05179228E+00
    17  5.10000000E+00  1.05455093E+00  9.99999992E-01  1.05455093E+00
    18  5.40000000E+00  1.05733477E+00  9.99999987E-01  1.05733477E+00
    19  5.70000000E+00  1.06002060E+00  9.99999980E-01  1.06002060E+00
    20  6.00000000E+00  1.06272352E+00  9.99999972E-01  1.06272352E+00
    21  6.30000000E+00  1.06537078E+00  9.99999962E-01  1.06537078E+00
    22  6.60000000E+00  1.06796909E+00  9.99999951E-01  1.06796909E+00
    23  6.90000000E+00  1.07057957E+00  9.99999938E-01  1.07057957E+00
    24  7.20000000E+00  1.07309218E+00  9.99999922E-01  1.07309218E+00
    25  7.50000000E+00  1.07562494E+00  9.99999904E-01  1.07562494E+00
    26  7.80000000E+00  1.07812095E+00  9.99999884E-01  1.07812095E+00
    27  8.10000000E+00  1.08051526E+00  9.99999860E-01  1.08051526E+00
    28  8.40000000E+00  1.08296733E+00  9.99999834E-01  1.08296733E+00
    29  8.70000000E+00  1.08533916E+00  9.99999804E-01  1.08533916E+00
    30  9.00000000E+00  1.08760420E+00  9.99999770E-01  1.08760420E+00
    31  9.30000000E+00  1.08993676E+00  9.99999732E-01  1.08993676E+00
    32  9.60000000E+00  1.09219740E+00  9.99999690E-01  1.09219740E+00
    33  9.90000000E+00  1.09434774E+00  9.99999643E-01  1.09434774E+00
    34  1.02000000E+01  1.09653022E+00  9.99999591E-01  1.09653022E+00
    35  1.05000000E+01  1.09866799E+00  9.99999534E-01  1.09866799E+00
    36  1.08000000E+01  1.10069430E+00  9.99999470E-01  1.10069430E+00
    37  1.11000000E+01  1.10266358E+00  9.99999399E-01  1.10266358E+00
    38  1.14000000E+01  1.10469938E+00  9.99999322E-01  1.10469938E+00
    39  1.17000000E+01  1.10662626E+00  9.99999236E-01  1.10662626E+00
    40  1.20000000E+01  1.10845030E+00  9.99999143E-01  1.10845030E+00
    41  1.23000000E+01  1.11029385E+00  9.99999040E-01  1.11029385E+00
    42  1.26000000E+01  1.11211890E+00  9.99998927E-01  1.11211890E+00
    43  1.29000000E+01  1.11384920E+00  9.99998804E-01  1.11384920E+00
    44  1.32000000E+01  1.11549522E+00  9.99998670E-01  1.11549522E+00
    45  1.35000000E+01  1.11715557E+00  9.99998524E-01  1.11715557E+00
    46  1.38000000E+01  1.11881907E+00  9.99998364E-01  1.11881907E+00
    47  1.41000000E+01  1.12040605E+00  9.99998191E-01  1.12040605E+00
    48  1.44000000E+01  1.12192636E+00  9.99998002E-01  1.12192636E+00
    49  1.47000000E+01  1.12338796E+00  9.99997797E-01  1.12338796E+00
    50  1.50000000E+01  1.12486853E+00  9.99997575E-01  1.12486853E+00
    51  1.53000000E+01  1.12633835E+00  9.99997334E-01  1.12633835E+00
    52  1.56000000E+01  1.12775405E+00  9.99997074E-01  1.12775405E+00
    53  1.59000000E+01  1.12911795E+00  9.99996792E-01  1.12911795E+00
    54  1.62000000E+01  1.13042895E+00  9.99996487E-01  1.13042895E+00
    55  1.65000000E+01  1.13171345E+00  9.99996159E-01  1.13171345E+00
    56  1.68000000E+01  1.13302904E+00  9.99995804E-01  1.13302904E+00
    57  1.71000000E+01  1.13428820E+00  9.99995422E-01  1.13428820E+00
    58  1.74000000E+01  1.13548561E+00  9.99995010E-01  1.13548561E+00
    59  1.77000000E+01  1.13661469E+00  9.99994568E-01  1.13661469E+00
    60  1.80000000E+01  1.13775466E+00  9.99994092E-01  1.13775466E+00
    61  1.83000000E+01  1.13889457E+00  9.99993581E-01  1.13889457E+00
    62  1.86000000E+01  1.13996010E+00  9.99993032E-01  1.13996010E+00
    63  1.89000000E+01  1.14094515E+00  9.99992444E-01  1.14094515E+00
    64  1.92000000E+01  1.14192492E+00  9.99991814E-01  1.14192492E+00
    65  1.95000000E+01  1.14292126E+00  9.99991139E-01  1.14292126E+00
    66  1.98000000E+01  1.14383423E+00  9.99990417E-01  1.14383423E+00
    67  2.01000000E+01  1.14466124E+00  9.99989646E-01  1.14466124E+00
    68  2.04000000E+01  1.14554320E+00  9.99988822E-01  1.14554320E+00
    69  2.07000000E+01  1.14638250E+00  9.99987943E-01  1.14638250E+00
    70  2.10000000E+01  1.14713514E+00  9.99987006E-01  1.14713514E+00
    71  2.13000000E+01  1.14782470E+00  9.99986007E-01  1.14782470E+00
    72  2.16000000E+01  1.14859199E+00  9.99984944E-01  1.14859199E+00
    73  2.19000000E+01  1.14927456E+00  9.99983813E-01  1.14927456E+00
    74  2.22000000E+01  1.14987623E+00  9.99982611E-01  1.14987623E+00
    75  2.25000000E+01  1.15051328E+00  9.99981335E-01  1.15051328E+00
    76  2.28000000E+01  1.15112592E+00  9.99979980E-01  1.15112592E+00
    77  2.31000000E+01  1.15166220E+00  9.99978544E-01  1.15166220E+00
    78  2.34000000E+01  1.15216552E+00  9.99977023E-01  1.15216552E+00
    79  2.37000000E+01  1.15271545E+00  9.99975413E-01  1.15271545E+00
    80  2.40000000E+01  1.15319442E+00  9.99973710E-01  1.15319442E+00
    81  2.43000000E+01  1.15361012E+00  9.99971911E-01  1.15361012E+00
    82  2.46000000E+01  1.15406689E+00  9.99970012E-01  1.15406689E+00
    83  2.49000000E+01  1.15449093E+00  9.99968009E-01  1.15449093E+00
    84  2.52000000E+01  1.15485853E+00  9.99965898E-01  1.15485853E+00
    85  2.55000000E+01  1.15520938E+00  9.99963677E-01  1.15520938E+00
    86  2.58000000E+01  1.15558639E+00  9.99961341E-01  1.15558639E+00
    87  2.61000000E+01  1.15591297E+00  9.99958886E-01  1.15591297E+00
    88  2.64000000E+01  1.15619676E+00  9.99956311E-01  1.15619676E+00
    89  2.67000000E+01  1.15649299E+00  9.99953611E-01  1.15649299E+00
    90  2.70000000E+01  1.15678266E+00  9.99950784E-01  1.15678266E+00
    91  2.73000000E+01  1.15703555E+00  9.99947827E-01  1.15703555E+00
    92  2.76000000E+01  1.15725770E+00  9.99944738E-01  1.15725770E+00
    93  2.79000000E+01  1.15750639E+00  9.99941515E-01  1.15750639E+00
    94  2.82000000E+01  1.15773224E+00  9.99938157E-01  1.15773224E+00
    95  2.85000000E+01  1.15793138E+00  9.99934662E-01  1.15793138E+00
    96  2.88000000E+01  1.15810813E+00  9.99931031E-01  1.15810813E+00
    97  2.91000000E+01  1.15829055E+00  9.99927264E-01  1.15829055E+00
    98  2.94000000E+01  1.15847097E+00  9.99923361E-01  1.15847097E+00
    99  2.97000000E+01  1.15863205E+00  9.99919325E-01  1.15863205E+00
   100  3.00000000E+01  1.15877653E+00  9.99915159E-01  1.15877653E+00
   101  3.03000000E+01  1.15890719E+00  9.99910866E-01  1.15890719E+00
   102  3.06000000E+01  1.15905334E+00  9.99906452E-01  1.15905334E+00
   103  3.09000000E+01  1.15918498E+00  9.99901922E-01  1.15918498E+00
   104  3.12000000E+01  1.15930395E+00  9.99897285E-01  1.15930395E+00
   105  3.15000000E+01  1.15941179E+00  9.99892550E-01  1.15941179E+00
   106  3.18000000E+01  1.15950982E+00  9.99887728E-01  1.15950982E+00
   107  3.21000000E+01  1.15960980E+00  9.99882832E-01  1.15960980E+00
   108  3.24000000E+01  1.15970980E+00  9.99877878E-01  1.15970980E+00
   109  3.27000000E+01  1.15980094E+00  9.99872882E-01  1.15980094E+00
   110  3.30000000E+01  1.15988433E+00  9.99867866E-01  1.15988433E+00
   111  3.33000000E+01  1.15996099E+00  9.99862852E-01  1.15996099E+00
   112  3.36000000E+01  1.16003185E+00  9.99857866E-01  1.16003185E+00
   113  3.39000000E+01  1.16009770E+00  9.99852937E-01  1.16009770E+00
   114  3.42000000E+01  1.16016728E+00  9.99848099E-01  1.16016728E+00
   115  3.45000000E+01  1.16023397E+00  9.99843389E-01  1.16023397E+00
   116  3.48000000E+01  1.16029620E+00  9.99838849E-01  1.16029620E+00
   117  3.51000000E+01  1.16035454E+00  9.99834523E-01  1.16035454E+00
   118  3.54000000E+01  1.16040948E+00  9.99830464E-01  1.16040948E+00
   119  3.57000000E+01  1.16046136E+00  9.99826727E-01  1.16046136E+00
   120  3.60000000E+01  1.16051049E+00  9.99823376E-01  1.16051049E+00
   121  3.63000000E+01  1.16055707E+00  9.99820480E-01  1.16055707E+00
   122  3.66000000E+01  1.16060127E+00  9.99818114E-01  1.16060127E+00
   123  3.69000000E+01  1.16064324E+00  9.99816362E-01  1.16064324E+00
   124  3.72000000E+01  1.16068309E+00  9.99815315E-01  1.16068309E+00
   125  3.75000000E+01  1.16072501E+00  9.99815073E-01  1.16072501E+00
   126  3.78000000E+01  1.16076533E+00  9.99815746E-01  1.16076533E+00
   127  3.81000000E+01  1.16080361E+00  9.99817453E-01  1.16080361E+00
   128  3.84000000E+01  1.16083994E+00  9.99820323E-01  1.16083994E+00
   129  3.87000000E+01  1.16087440E+00  9.99824499E-01  1.16087440E+00
   130  3.90000000E+01  1.16090708E+00  9.99830133E-01  1.16090708E+00
   131  3.93000000E+01  1.16093804E+00  9.99837393E-01  1.16093804E+00
   132  3.96000000E+01  1.16096737E+00  9.99846459E-01  1.16096737E+00
   133  3.99000000E+01  1.16099512E+00  9.99857526E-01  1.16099512E+00
   134  4.02000000E+01  1.16102135E+00  9.99870807E-01  1.16102135E+00
   135  4.05000000E+01  1.16104611E+00  9.99886530E-01  1.16104611E+00
   136  4.08000000E+01  1.16106947E+00  9.99904943E-01  1.16106947E+00
   137  4.11000000E+01  1.16109147E+00  9.99926313E-01  1.16109147E+00
   138  4.14000000E+01  1.16111218E+00  9.99950926E-01  1.16111218E+00
   139  4.17000000E+01  1.16113163E+00  9.99979092E-01  1.16113163E+00
   140  4.20000000E+01  1.16114988E+00  1.00001114E+00  1.16114988E+00
   141  4.23000000E+01  1.16116792E+00  1.00004744E+00  1.16116792E+00
   142  4.26000000E+01  1.16118642E+00  1.00008836E+00  1.16118642E+00
   143  4.29000000E+01  1.16120376E+00  1.00013433E+00  1.16120376E+00
   144  4.32000000E+01  1.16121999E+00  1.00018577E+00  1.16121999E+00
   145  4.35000000E+01  1.16123517E+00  1.00024317E+00  1.16123517E+00
   146  4.38000000E+01  1.16124935E+00  1.00030702E+00  1.16124935E+00
   147  4.41000000E+01  1.16126258E+00  1.00037788E+00  1.16126258E+00
   148  4.44000000E+01  1.16127490E+00  1.00045630E+00  1.16127490E+00
   149  4.47000000E+01  1.16128637E+00  1.00054292E+00  1.16128637E+00
   150  4.50000000E+01  1.16129703E+00  1.00063837E+00  1.16129703E+00
   151  4.53000000E+01  1.16130693E+00  1.00074337E+00  1.16130693E+00
   152  4.56000000E+01  1.16131611E+00  1.00085865E+00  1.16131611E+00
   153  4.59000000E+01  1.16132462E+00  1.00098500E+00  1.16132462E+00
   154  4.62000000E+01  1.16133250E+00  1.00112326E+00  1.16133250E+00
   155  4.65000000E+01  1.16133979E+00  1.00127431E+00  1.16133979E+00
   156  4.68000000E+01  1.16134652E+00  1.00143911E+00  1.16134652E+00
   157  4.71000000E+01  1.16135273E+00  1.00161864E+00  1.16135273E+00
   158  4.74000000E+01  1.16135847E+00  1.00181396E+00  1.16135847E+00
   159  4.77000000E+01  1.16136375E+00  1.00202618E+00  1.16136375E+00
   160  4.80000000E+01  1.16136862E+00  1.00225649E+00  1.16136862E+00
   161  4.83000000E+01  1.16137310E+00  1.00250613E+00  1.16137310E+00
   162  4.86000000E+01  1.16137722E+00  1.00277639E+00  1.16137722E+00
   163  4.89000000E+01  1.16138101E+00  1.00306866E+00  1.16138101E+00
   164  4.92000000E+01  1.16138449E+00  1.00338437E+00  1.16138449E+00
   165  4.95000000E+01  1.16138768E+00  1.00372505E+00  1.16138768E+00
   166  4.98000000E+01  1.16139062E+00  1.00409227E+00  1.16139062E+00
   167  5.01000000E+01  1.16139331E+00  1.00448771E+00  1.16139331E+00
   168  5.04000000E+01  1.16139578E+00  1.00491309E+00  1.16139578E+00
   169  5.07000000E+01  1.16139805E+00  1.00537022E+00  1.16139805E+00
   170  5.10000000E+01  1.16140012E+00  1.00586097E+00  1.16140012E+00
   171  5.13000000E+01  1.16140203E+00  1.00638732E+00  1.16140203E+00
   172  5.16000000E+01  1.16140377E+00  1.00695127E+00  1.16140377E+00
   173  5.19000000E+01  1.16140538E+00  1.00755493E+00  1.16140538E+00
   174  5.22000000E+01  1.16140685E+00  1.00820046E+00  1.16140685E+00
   175  5.25000000E+01  1.16140819E+00  1.00889009E+00  1.16140819E+00
   176  5.28000000E+01  1.16140943E+00  1.00962610E+00  1.16140943E+00
   177  5.31000000E+01  1.16141056E+00  1.01041083E+00  1.16141056E+00
   178  5.34000000E+01  1.16141160E+00  1.01124667E+00  1.16141160E+00
   179  5.37000000E+01  1.16141256E+00  1.01213603E+00  1.16141256E+00
   180  5.40000000E+01  1.16141343E+00  1.01308138E+00  1.16141343E+00
   181  5.43000000E+01  1.16141424E+00  1.01408518E+00  1.16141424E+00
   182  5.46000000E+01  1.16141498E+00  1.01514991E+00  1.16141498E+00
   183  5.49000000E+01  1.16141566E+00  1.01627803E+00  1.16141566E+00
   184  5.52000000E+01  1.16141629E+00  1.01747199E+00  1.16141629E+00
   185  5.55000000E+01  1.16141687E+00  1.01873419E+00  1.16141687E+00
   186  5.58000000E+01  1.16141741E+00  1.02006695E+00  1.16141741E+00
   187  5.61000000E+01  1.16141790E+00  1.02147254E+00  1.16141790E+00
   188  5.64000000E+01  1.16141835E+00  1.02295311E+00  1.16141835E+00
   189  5.67000000E+01  1.16141878E+00  1.02451067E+00  1.16141878E+00
   190  5.70000000E+01  1.16141917E+00  1.02614708E+00  1.16141917E+00
   191  5.73000000E+01  1.16141953E+00  1.02786403E+00  1.16141953E+00
   192  5.76000000E+01  1.16141986E+00  1.02966298E+00  1.16141986E+00
   193  5.79000000E+01  1.16142018E+00  1.03154515E+00  1.16142018E+00
   194  5.82000000E+01  1.16142047E+00  1.03351149E+00  1.16142047E+00
   195  5.85000000E+01  1.16142074E+00  1.03556264E+00  1.16142074E+00
   196  5.88000000E+01  1.16142099E+00  1.03769889E+00  1.16142099E+00
   197  5.91000000E+01  1.16142122E+00  1.03992017E+00  1.16142122E+00
   198  5.94000000E+01  1.16142144E+00  1.04222599E+00  1.16142144E+00
   199  5.97000000E+01  1.16142165E+00  1.04461542E+00  1.16142165E+00
   200  6.00000000E+01  1.16142184E+00  1.04708707E+00  1.16142184E+00
   201  6.03000000E+01  1.16142202E+00  1.04963902E+00  1.16142202E+00
   202  6.06000000E+01  1.16142219E+00  1.05226886E+00  1.16142219E+00
   203  6.09000000E+01  1.16142235E+00  1.05497359E+00  1.16142235E+00
   204  6.12000000E+01  1.16142250E+00  1.05774967E+00  1.16142250E+00
   205  6.15000000E+01  1.16142264E+00  1.06059295E+00  1.16142264E+00
   206  6.18000000E+01  1.16142277E+00  1.06349872E+00  1.16142277E+00
   207  6.21000000E+01  1.16142289E+00  1.06646166E+00  1.16142289E+00
   208  6.24000000E+01  1.16142301E+00  1.06947584E+00  1.16142301E+00
   209  6.27000000E+01  1.16142312E+00  1.07253479E+00  1.16142312E+00
   210  6.30000000E+01  1.16142323E+00  1.07563145E+00  1.16142323E+00
   211  6.33000000E+01  1.16142333E+00  1.07875824E+00  1.16142333E+00
   212  6.36000000E+01  1.16142342E+00  1.08190708E+00  1.16142342E+00
   213  6.39000000E+01  1.16142351E+00  1.08506942E+00  1.16142351E+00
   214  6.42000000E+01  1.16142360E+00  1.08823633E+00  1.16142360E+00
   215  6.45000000E+01  1.16142368E+00  1.09139851E+00  1.16142368E+00
   216  6.48000000E+01  1.16142376E+00  1.09454640E+00  1.16142376E+00
   217  6.51000000E+01  1.16142383E+00  1.09767025E+00  1.16142383E+00
   218  6.54000000E+01  1.16142390E+00  1.10076020E+00  1.16142390E+00
   219  6.57000000E+01  1.16142396E+00  1.10380641E+00  1.16142396E+00
   220  6.60000000E+01  1.16142403E+00  1.10679917E+00  1.16142403E+00
   221  6.63000000E+01  1.16142409E+00  1.10972901E+00  1.16142409E+00
   222  6.66000000E+01  1.16142414E+00  1.11258686E+00  1.16142414E+00
   223  6.69000000E+01  1.16142420E+00  1.11536419E+00  1.16142420E+00
   224  6.72000000E+01  1.16142425E+00  1.11805317E+00  1.16142425E+00
   225  6.75000000E+01  1.16142430E+00  1.12064680E+00  1.16142430E+00
   226  6.78000000E+01  1.16142434E+00  1.12313912E+00  1.16142434E+00
   227  6.81000000E+01  1.16142439E+00  1.12552528E+00  1.16142439E+00
   228  6.84000000E+01  1.16142443E+00  1.12780174E+00  1.16142443E+00
   229  6.87000000E+01  1.16142447E+00  1.12996631E+00  1.16142447E+00
   230  6.90000000E+01  1.16142451E+00  1.13201823E+00  1.16142451E+00
   231  6.93000000E+01  1.16142455E+00  1.13395819E+00  1.16142455E+00
   232  6.96000000E+01  1.16142458E+00  1.13578830E+00  1.16142458E+00
   233  6.99000000E+01  1.16142462E+00  1.13751195E+00  1.16142462E+00
   234  7.02000000E+01  1.16142465E+00  1.13913369E+00  1.16142465E+00
   235  7.05000000E+01  1.16142468E+00  1.14065898E+00  1.16142468E+00
   236  7.08000000E+01  1.16142471E+00  1.14209389E+00  1.16142471E+00
   237  7.11000000E+01  1.16142474E+00  1.14344484E+00  1.16142474E+00
   238  7.14000000E+01  1.16142477E+00  1.14471816E+00  1.16142477E+00
   239  7.17000000E+01  1.16142479E+00  1.14591982E+00  1.16142479E+00
   240  7.20000000E+01  1.16142482E+00  1.14705505E+00  1.16142482E+00
   241  7.23000000E+01  1.16142484E+00  1.14812811E+00  1.16142484E+00
   242  7.26000000E+01  1.16142486E+00  1.14914207E+00  1.16142486E+00
   243  7.29000000E+01  1.16142488E+00  1.15009872E+00  1.16142488E+00
   244  7.32000000E+01  1.16142490E+00  1.15099858E+00  1.16142490E+00
   245  7.35000000E+01  1.16142492E+00  1.15184106E+00  1.16142492E+00
   246  7.38000000E+01  1.16142494E+00  1.15262470E+00  1.16142494E+00
   247  7.41000000E+01  1.16142496E+00  1.15334748E+00  1.16142496E+00
   248  7.44000000E+01  1.16142498E+00  1.15400727E+00  1.16142498E+00
   249  7.47000000E+01  1.16142499E+00  1.15460222E+00  1.16142499E+00
   250  7.50000000E+01  1.16142501E+00  1.15513119E+00  1.16142501E+00
   251  7.53000000E+01  1.16142502E+00  1.15559412E+00  1.16142502E+00
   252  7.56000000E+01  1.16142504E+00  1.15599224E+00  1.16142504E+00
   253  7.59000000E+01  1.16142505E+00  1.15632830E+00  1.16142505E+00
   254  7.62000000E+01  1.16142507E+00  1.15660649E+00  1.16142507E+00
   255  7.65000000E+01  1.16142508E+00  1.15683234E+00  1.16142508E+00
   256  7.68000000E+01  1.16142509E+00  1.15701249E+00  1.16142509E+00
   257  7.71000000E+01  1.16142510E+00  1.15715428E+00  1.16142510E+00
   258  7.74000000E+01  1.16142511E+00  1.15726537E+00  1.16142511E+00
   259  7.77000000E+01  1.16142512E+00  1.15735330E+00  1.16142512E+00
   260  7.80000000E+01  1.16142513E+00  1.15742506E+00  1.16142513E+00
   261  7.83000000E+01  1.16142514E+00  1.15748679E+00  1.16142514E+00
   262  7.86000000E+01  1.16142515E+00  1.15754346E+00  1.16142515E+00
   263  7.89000000E+01  1.16142516E+00  1.15759882E+00  1.16142516E+00
   264  7.92000000E+01  1.16142517E+00  1.15765529E+00  1.16142517E+00
   265  7.95000000E+01  1.16142518E+00  1.15771413E+00  1.16142518E+00
   266  7.98000000E+01  1.16142518E+00  1.15777555E+00  1.16142518E+00
   267  8.01000000E+01  1.16142519E+00  1.15783900E+00  1.16142519E+00
   268  8.04000000E+01  1.16142520E+00  1.15790341E+00  1.16142520E+00
   269  8.07000000E+01  1.16142520E+00  1.15796746E+00  1.16142520E+00
   270  8.10000000E+01  1.16142521E+00  1.15802983E+00  1.16142521E+00
   271  8.13000000E+01  1.16142522E+00  1.15808937E+00  1.16142522E+00
   272  8.16000000E+01  1.16142522E+00  1.15814523E+00  1.16142522E+00
   273  8.19000000E+01  1.16142523E+00  1.15819693E+00  1.16142523E+00
   274  8.22000000E+01  1.16142523E+00  1.15824433E+00  1.16142523E+00
   275  8.25000000E+01  1.16142524E+00  1.15828761E+00  1.16142524E+00
   276  8.28000000E+01  1.16142524E+00  1.15832720E+00  1.16142524E+00
   277  8.31000000E+01  1.16142525E+00  1.15836365E+00  1.16142525E+00
   278  8.34000000E+01  1.16142525E+00  1.15839754E+00  1.16142525E+00
   279  8.37000000E+01  1.16142526E+00  1.15842943E+00  1.16142526E+00
   280  8.40000000E+01  1.16142526E+00  1.15845979E+00  1.16142526E+00
   281  8.43000000E+01  1.16142526E+00  1.15848896E+00  1.16142526E+00
   282  8.46000000E+01  1.16142527E+00  1.15851712E+00  1.16142527E+00
   283  8.49000000E+01  1.16142527E+00  1.15854436E+00  1.16142527E+00
   284  8.52000000E+01  1.16142527E+00  1.15857064E+00  1.16142527E+00
   285  8.55000000E+01  1.16142528E+00  1.15859589E+00  1.16142528E+00
   286  8.58000000E+01  1.16142528E+00  1.15861998E+00  1.16142528E+00
   287  8.61000000E+01  1.16142528E+00  1.15864281E+00  1.16142528E+00
   288  8.64000000E+01  1.16142529E+00  1.15866430E+00  1.16142529E+00
   289  8.67000000E+01  1.16142529E+00  1.15868440E+00  1.16142529E+00
   290  8.70000000E+01  1.16142529E+00  1.15870312E+00  1.16142529E+00
   291  8.73000000E+01  1.16142529E+00  1.15872048E+00  1.16142529E+00
   292  8.76000000E+01  1.16142530E+00  1.15873658E+00  1.16142530E+00
   293  8.79000000E+01  1.16142530E+00  1.15875149E+00  1.16142530E+00
   294  8.82000000E+01  1.16142530E+00  1.15876531E+00  1.16142530E+00
   295  8.85000000E+01  1.16142530E+00  1.15877815E+00  1.16142530E+00
   296  8.88000000E+01  1.16142530E+00  1.15879009E+00  1.16142530E+00
   297  8.91000000E+01  1.16142531E+00  1.15880121E+00  1.16142531E+00
   298  8.94000000E+01  1.16142531E+00  1.15881156E+00  1.16142531E+00
   299  8.97000000E+01  1.16142531E+00  1.15882120E+00  1.16142531E+00
   300  9.00000000E+01  1.16142531E+00  1.15883017E+00  1.16142531E+00
   301  9.03000000E+01  1.16142531E+00  1.15883849E+00  1.16142531E+00
   302  9.06000000E+01  1.16142531E+00  1.15884619E+00  1.16142531E+00
   303  9.09000000E+01  1.16142532E+00  1.15885331E+00  1.16142532E+00
   304  9.12000000E+01  1.16142532E+00  1.15885987E+00  1.16142532E+00
   305  9.15000000E+01  1.16142532E+00  1.15886591E+00  1.16142532E+00
   306  9.18000000E+01  1.16142532E+00  1.15887146E+00  1.16142532E+00
   307  9.21000000E+01  1.16142532E+00  1.15887656E+00  1.16142532E+00
   308  9.24000000E+01  1.16142532E+00  1.15888124E+00  1.16142532E+00
 steady-height stop at step    308: changes <=   1.0000E-05, max-end <=   1.0000E-02, max/end/gap/profile_change =   1.16142532E+00  1.15888124E+00  2.54408491E-03  4.67692517E-06


STDERR:
