COMMAND:
/shared/generate_rom_data/extrudate_swell2d_c_cluster

STDOUT:
 comppar: model =   6
 comppar: lambda,mobility/eps,betav,eta_0 =  1.0000E+01  1.0000E-01  9.0000E-01  1.0000E+00
 comppar: eta_s,eta_p,G =  9.0000E-01  1.0000E-01  1.0000E-02
 comppar: U_avg,deltat,flowrate,nsteps =  1.0000E-01  3.0000E-01  3.1416E-01     700
 comppar: geometry = axisymmetric
 comppar: steady stop change,gap,hold,min =  1.0000E-05  1.0000E-02      10      80
 comppar: ncompc,ncompg =     4     5
 mesh nnodes = 5765
 mesh nelem = 2780
 P1 BC   5.0000000000000000     
 P2 BC   0.0000000000000000     
     1  3.00000000E-01  1.00379478E+00  1.00000000E+00  1.00379478E+00
     2  6.00000000E-01  1.00750817E+00  1.00000000E+00  1.00750817E+00
     3  9.00000000E-01  1.01114334E+00  1.00000000E+00  1.01114334E+00
     4  1.20000000E+00  1.01470011E+00  1.00000000E+00  1.01470011E+00
     5  1.50000000E+00  1.01818089E+00  1.00000000E+00  1.01818089E+00
     6  1.80000000E+00  1.02158220E+00  1.00000000E+00  1.02158220E+00
     7  2.10000000E+00  1.02492238E+00  1.00000000E+00  1.02492238E+00
     8  2.40000000E+00  1.02818990E+00  1.00000000E+00  1.02818990E+00
     9  2.70000000E+00  1.03138009E+00  1.00000000E+00  1.03138009E+00
    10  3.00000000E+00  1.03450042E+00  1.00000000E+00  1.03450042E+00
    11  3.30000000E+00  1.03757545E+00  1.00000000E+00  1.03757545E+00
    12  3.60000000E+00  1.04056611E+00  1.00000000E+00  1.04056611E+00
    13  3.90000000E+00  1.04350143E+00  1.00000000E+00  1.04350143E+00
    14  4.20000000E+00  1.04638869E+00  9.99999999E-01  1.04638869E+00
    15  4.50000000E+00  1.04917631E+00  9.99999996E-01  1.04917631E+00
    16  4.80000000E+00  1.05196376E+00  9.99999991E-01  1.05196376E+00
    17  5.10000000E+00  1.05464327E+00  9.99999986E-01  1.05464327E+00
    18  5.40000000E+00  1.05731576E+00  9.99999979E-01  1.05731576E+00
    19  5.70000000E+00  1.05987270E+00  9.99999970E-01  1.05987270E+00
    20  6.00000000E+00  1.06244442E+00  9.99999959E-01  1.06244442E+00
    21  6.30000000E+00  1.06489094E+00  9.99999947E-01  1.06489094E+00
    22  6.60000000E+00  1.06736472E+00  9.99999932E-01  1.06736472E+00
    23  6.90000000E+00  1.06969582E+00  9.99999914E-01  1.06969582E+00
    24  7.20000000E+00  1.07206881E+00  9.99999893E-01  1.07206881E+00
    25  7.50000000E+00  1.07432915E+00  9.99999869E-01  1.07432915E+00
    26  7.80000000E+00  1.07657183E+00  9.99999842E-01  1.07657183E+00
    27  8.10000000E+00  1.07876387E+00  9.99999810E-01  1.07876387E+00
    28  8.40000000E+00  1.08083408E+00  9.99999775E-01  1.08083408E+00
    29  8.70000000E+00  1.08298940E+00  9.99999734E-01  1.08298940E+00
    30  9.00000000E+00  1.08499998E+00  9.99999688E-01  1.08499998E+00
    31  9.30000000E+00  1.08700354E+00  9.99999637E-01  1.08700354E+00
    32  9.60000000E+00  1.08898060E+00  9.99999579E-01  1.08898060E+00
    33  9.90000000E+00  1.09081193E+00  9.99999514E-01  1.09081193E+00
    34  1.02000000E+01  1.09271755E+00  9.99999442E-01  1.09271755E+00
    35  1.05000000E+01  1.09455286E+00  9.99999362E-01  1.09455286E+00
    36  1.08000000E+01  1.09624448E+00  9.99999274E-01  1.09624448E+00
    37  1.11000000E+01  1.09804979E+00  9.99999176E-01  1.09804979E+00
    38  1.14000000E+01  1.09974607E+00  9.99999068E-01  1.09974607E+00
    39  1.17000000E+01  1.10130209E+00  9.99998949E-01  1.10130209E+00
    40  1.20000000E+01  1.10297493E+00  9.99998819E-01  1.10297493E+00
    41  1.23000000E+01  1.10456800E+00  9.99998676E-01  1.10456800E+00
    42  1.26000000E+01  1.10602585E+00  9.99998519E-01  1.10602585E+00
    43  1.29000000E+01  1.10754818E+00  9.99998348E-01  1.10754818E+00
    44  1.32000000E+01  1.10904051E+00  9.99998162E-01  1.10904051E+00
    45  1.35000000E+01  1.11040325E+00  9.99997958E-01  1.11040325E+00
    46  1.38000000E+01  1.11176350E+00  9.99997737E-01  1.11176350E+00
    47  1.41000000E+01  1.11316475E+00  9.99997497E-01  1.11316475E+00
    48  1.44000000E+01  1.11444336E+00  9.99997236E-01  1.11444336E+00
    49  1.47000000E+01  1.11565675E+00  9.99996954E-01  1.11565675E+00
    50  1.50000000E+01  1.11696951E+00  9.99996649E-01  1.11696951E+00
    51  1.53000000E+01  1.11816715E+00  9.99996319E-01  1.11816715E+00
    52  1.56000000E+01  1.11925929E+00  9.99995962E-01  1.11925929E+00
    53  1.59000000E+01  1.12047057E+00  9.99995578E-01  1.12047057E+00
    54  1.62000000E+01  1.12159694E+00  9.99995164E-01  1.12159694E+00
    55  1.65000000E+01  1.12262732E+00  9.99994719E-01  1.12262732E+00
    56  1.68000000E+01  1.12368725E+00  9.99994240E-01  1.12368725E+00
    57  1.71000000E+01  1.12474624E+00  9.99993726E-01  1.12474624E+00
    58  1.74000000E+01  1.12571918E+00  9.99993175E-01  1.12571918E+00
    59  1.77000000E+01  1.12664029E+00  9.99992584E-01  1.12664029E+00
    60  1.80000000E+01  1.12764191E+00  9.99991951E-01  1.12764191E+00
    61  1.83000000E+01  1.12856728E+00  9.99991274E-01  1.12856728E+00
    62  1.86000000E+01  1.12942871E+00  9.99990551E-01  1.12942871E+00
    63  1.89000000E+01  1.13028907E+00  9.99989778E-01  1.13028907E+00
    64  1.92000000E+01  1.13117164E+00  9.99988954E-01  1.13117164E+00
    65  1.95000000E+01  1.13200024E+00  9.99988075E-01  1.13200024E+00
    66  1.98000000E+01  1.13278640E+00  9.99987140E-01  1.13278640E+00
    67  2.01000000E+01  1.13357955E+00  9.99986144E-01  1.13357955E+00
    68  2.04000000E+01  1.13438266E+00  9.99985086E-01  1.13438266E+00
    69  2.07000000E+01  1.13515111E+00  9.99983962E-01  1.13515111E+00
    70  2.10000000E+01  1.13589418E+00  9.99982769E-01  1.13589418E+00
    71  2.13000000E+01  1.13661949E+00  9.99981504E-01  1.13661949E+00
    72  2.16000000E+01  1.13733280E+00  9.99980164E-01  1.13733280E+00
    73  2.19000000E+01  1.13805594E+00  9.99978746E-01  1.13805594E+00
    74  2.22000000E+01  1.13877950E+00  9.99977246E-01  1.13877950E+00
    75  2.25000000E+01  1.13949425E+00  9.99975662E-01  1.13949425E+00
    76  2.28000000E+01  1.14020252E+00  9.99973989E-01  1.14020252E+00
    77  2.31000000E+01  1.14090490E+00  9.99972225E-01  1.14090490E+00
    78  2.34000000E+01  1.14160053E+00  9.99970367E-01  1.14160053E+00
    79  2.37000000E+01  1.14228741E+00  9.99968410E-01  1.14228741E+00
    80  2.40000000E+01  1.14296282E+00  9.99966353E-01  1.14296282E+00
    81  2.43000000E+01  1.14362369E+00  9.99964192E-01  1.14362369E+00
    82  2.46000000E+01  1.14428665E+00  9.99961924E-01  1.14428665E+00
    83  2.49000000E+01  1.14495579E+00  9.99959547E-01  1.14495579E+00
    84  2.52000000E+01  1.14560824E+00  9.99957057E-01  1.14560824E+00
    85  2.55000000E+01  1.14624128E+00  9.99954453E-01  1.14624128E+00
    86  2.58000000E+01  1.14685273E+00  9.99951732E-01  1.14685273E+00
    87  2.61000000E+01  1.14744107E+00  9.99948892E-01  1.14744107E+00
    88  2.64000000E+01  1.14805701E+00  9.99945932E-01  1.14805701E+00
    89  2.67000000E+01  1.14865478E+00  9.99942851E-01  1.14865478E+00
    90  2.70000000E+01  1.14922838E+00  9.99939648E-01  1.14922838E+00
    91  2.73000000E+01  1.14977756E+00  9.99936323E-01  1.14977756E+00
    92  2.76000000E+01  1.15030259E+00  9.99932877E-01  1.15030259E+00
    93  2.79000000E+01  1.15085663E+00  9.99929311E-01  1.15085663E+00
    94  2.82000000E+01  1.15139095E+00  9.99925626E-01  1.15139095E+00
    95  2.85000000E+01  1.15190124E+00  9.99921825E-01  1.15190124E+00
    96  2.88000000E+01  1.15238827E+00  9.99917912E-01  1.15238827E+00
    97  2.91000000E+01  1.15286389E+00  9.99913892E-01  1.15286389E+00
    98  2.94000000E+01  1.15335843E+00  9.99909770E-01  1.15335843E+00
    99  2.97000000E+01  1.15383026E+00  9.99905554E-01  1.15383026E+00
   100  3.00000000E+01  1.15428029E+00  9.99901252E-01  1.15428029E+00
   101  3.03000000E+01  1.15470938E+00  9.99896874E-01  1.15470938E+00
   102  3.06000000E+01  1.15514113E+00  9.99892431E-01  1.15514113E+00
   103  3.09000000E+01  1.15557685E+00  9.99887939E-01  1.15557685E+00
   104  3.12000000E+01  1.15599197E+00  9.99883411E-01  1.15599197E+00
   105  3.15000000E+01  1.15638717E+00  9.99878865E-01  1.15638717E+00
   106  3.18000000E+01  1.15676304E+00  9.99874323E-01  1.15676304E+00
   107  3.21000000E+01  1.15715468E+00  9.99869807E-01  1.15715468E+00
   108  3.24000000E+01  1.15753641E+00  9.99865343E-01  1.15753641E+00
   109  3.27000000E+01  1.15789914E+00  9.99860959E-01  1.15789914E+00
   110  3.30000000E+01  1.15824337E+00  9.99856688E-01  1.15824337E+00
   111  3.33000000E+01  1.15857601E+00  9.99852566E-01  1.15857601E+00
   112  3.36000000E+01  1.15892555E+00  9.99848634E-01  1.15892555E+00
   113  3.39000000E+01  1.15925694E+00  9.99844935E-01  1.15925694E+00
   114  3.42000000E+01  1.15957069E+00  9.99841519E-01  1.15957069E+00
   115  3.45000000E+01  1.15986735E+00  9.99838439E-01  1.15986735E+00
   116  3.48000000E+01  1.16017100E+00  9.99835757E-01  1.16017100E+00
   117  3.51000000E+01  1.16047251E+00  9.99833536E-01  1.16047251E+00
   118  3.54000000E+01  1.16075731E+00  9.99831849E-01  1.16075731E+00
   119  3.57000000E+01  1.16102606E+00  9.99830775E-01  1.16102606E+00
   120  3.60000000E+01  1.16128424E+00  9.99830399E-01  1.16128424E+00
   121  3.63000000E+01  1.16155746E+00  9.99830814E-01  1.16155746E+00
   122  3.66000000E+01  1.16181509E+00  9.99832125E-01  1.16181509E+00
   123  3.69000000E+01  1.16205781E+00  9.99834440E-01  1.16205781E+00
   124  3.72000000E+01  1.16228631E+00  9.99837882E-01  1.16228631E+00
   125  3.75000000E+01  1.16252304E+00  9.99842582E-01  1.16252304E+00
   126  3.78000000E+01  1.16275534E+00  9.99848681E-01  1.16275534E+00
   127  3.81000000E+01  1.16297393E+00  9.99856335E-01  1.16297393E+00
   128  3.84000000E+01  1.16317949E+00  9.99865709E-01  1.16317949E+00
   129  3.87000000E+01  1.16338006E+00  9.99876984E-01  1.16338006E+00
   130  3.90000000E+01  1.16358906E+00  9.99890355E-01  1.16358906E+00
   131  3.93000000E+01  1.16378549E+00  9.99906030E-01  1.16378549E+00
   132  3.96000000E+01  1.16397000E+00  9.99924236E-01  1.16397000E+00
   133  3.99000000E+01  1.16414321E+00  9.99945216E-01  1.16414321E+00
   134  4.02000000E+01  1.16432627E+00  9.99969231E-01  1.16432627E+00
   135  4.05000000E+01  1.16450242E+00  9.99996561E-01  1.16450242E+00
   136  4.08000000E+01  1.16466770E+00  1.00002751E+00  1.16466770E+00
   137  4.11000000E+01  1.16482268E+00  1.00006239E+00  1.16482268E+00
   138  4.14000000E+01  1.16497685E+00  1.00010157E+00  1.16497685E+00
   139  4.17000000E+01  1.16513446E+00  1.00014540E+00  1.16513446E+00
   140  4.20000000E+01  1.16528216E+00  1.00019428E+00  1.16528216E+00
   141  4.23000000E+01  1.16542048E+00  1.00024864E+00  1.16542048E+00
   142  4.26000000E+01  1.16554995E+00  1.00030892E+00  1.16554995E+00
   143  4.29000000E+01  1.16569010E+00  1.00037562E+00  1.16569010E+00
   144  4.32000000E+01  1.16582184E+00  1.00044924E+00  1.16582184E+00
   145  4.35000000E+01  1.16594507E+00  1.00053034E+00  1.16594507E+00
   146  4.38000000E+01  1.16606028E+00  1.00061949E+00  1.16606028E+00
   147  4.41000000E+01  1.16617808E+00  1.00071732E+00  1.16617808E+00
   148  4.44000000E+01  1.16629530E+00  1.00082449E+00  1.16629530E+00
   149  4.47000000E+01  1.16640482E+00  1.00094168E+00  1.16640482E+00
   150  4.50000000E+01  1.16650710E+00  1.00106965E+00  1.16650710E+00
   151  4.53000000E+01  1.16660479E+00  1.00120918E+00  1.16660479E+00
   152  4.56000000E+01  1.16670889E+00  1.00136110E+00  1.16670889E+00
   153  4.59000000E+01  1.16680607E+00  1.00152629E+00  1.16680607E+00
   154  4.62000000E+01  1.16689672E+00  1.00170567E+00  1.16689672E+00
   155  4.65000000E+01  1.16698124E+00  1.00190023E+00  1.16698124E+00
   156  4.68000000E+01  1.16706974E+00  1.00211100E+00  1.16706974E+00
   157  4.71000000E+01  1.16715577E+00  1.00233906E+00  1.16715577E+00
   158  4.74000000E+01  1.16723594E+00  1.00258556E+00  1.16723594E+00
   159  4.77000000E+01  1.16731062E+00  1.00285170E+00  1.16731062E+00
   160  4.80000000E+01  1.16738335E+00  1.00313874E+00  1.16738335E+00
   161  4.83000000E+01  1.16745940E+00  1.00344800E+00  1.16745940E+00
   162  4.86000000E+01  1.16753021E+00  1.00378087E+00  1.16753021E+00
   163  4.89000000E+01  1.16759610E+00  1.00413879E+00  1.16759610E+00
   164  4.92000000E+01  1.16765737E+00  1.00452328E+00  1.16765737E+00
   165  4.95000000E+01  1.16772292E+00  1.00493590E+00  1.16772292E+00
   166  4.98000000E+01  1.16778532E+00  1.00537830E+00  1.16778532E+00
   167  5.01000000E+01  1.16784333E+00  1.00585217E+00  1.16784333E+00
   168  5.04000000E+01  1.16789722E+00  1.00635928E+00  1.16789722E+00
   169  5.07000000E+01  1.16795060E+00  1.00690146E+00  1.16795060E+00
   170  5.10000000E+01  1.16800551E+00  1.00748058E+00  1.16800551E+00
   171  5.13000000E+01  1.16805650E+00  1.00809859E+00  1.16805650E+00
   172  5.16000000E+01  1.16810383E+00  1.00875748E+00  1.16810383E+00
   173  5.19000000E+01  1.16814773E+00  1.00945930E+00  1.16814773E+00
   174  5.22000000E+01  1.16819519E+00  1.01020614E+00  1.16819519E+00
   175  5.25000000E+01  1.16823991E+00  1.01100013E+00  1.16823991E+00
   176  5.28000000E+01  1.16828138E+00  1.01184343E+00  1.16828138E+00
   177  5.31000000E+01  1.16831979E+00  1.01273823E+00  1.16831979E+00
   178  5.34000000E+01  1.16835788E+00  1.01368673E+00  1.16835788E+00
   179  5.37000000E+01  1.16839705E+00  1.01469116E+00  1.16839705E+00
   180  5.40000000E+01  1.16843333E+00  1.01575370E+00  1.16843333E+00
   181  5.43000000E+01  1.16846690E+00  1.01687656E+00  1.16846690E+00
   182  5.46000000E+01  1.16849795E+00  1.01806189E+00  1.16849795E+00
   183  5.49000000E+01  1.16853134E+00  1.01931181E+00  1.16853134E+00
   184  5.52000000E+01  1.16856299E+00  1.02062837E+00  1.16856299E+00
   185  5.55000000E+01  1.16859225E+00  1.02201352E+00  1.16859225E+00
   186  5.58000000E+01  1.16861929E+00  1.02346914E+00  1.16861929E+00
   187  5.61000000E+01  1.16864568E+00  1.02499698E+00  1.16864568E+00
   188  5.64000000E+01  1.16867326E+00  1.02659862E+00  1.16867326E+00
   189  5.67000000E+01  1.16869873E+00  1.02827551E+00  1.16869873E+00
   190  5.70000000E+01  1.16872224E+00  1.03002887E+00  1.16872224E+00
   191  5.73000000E+01  1.16874391E+00  1.03185972E+00  1.16874391E+00
   192  5.76000000E+01  1.16876711E+00  1.03376885E+00  1.16876711E+00
   193  5.79000000E+01  1.16878922E+00  1.03575675E+00  1.16878922E+00
   194  5.82000000E+01  1.16880960E+00  1.03782363E+00  1.16880960E+00
   195  5.85000000E+01  1.16882836E+00  1.03996937E+00  1.16882836E+00
   196  5.88000000E+01  1.16884635E+00  1.04219350E+00  1.16884635E+00
   197  5.91000000E+01  1.16886551E+00  1.04449517E+00  1.16886551E+00
   198  5.94000000E+01  1.16888315E+00  1.04687313E+00  1.16888315E+00
   199  5.97000000E+01  1.16889937E+00  1.04932572E+00  1.16889937E+00
   200  6.00000000E+01  1.16891428E+00  1.05185081E+00  1.16891428E+00
   201  6.03000000E+01  1.16892959E+00  1.05444583E+00  1.16892959E+00
   202  6.06000000E+01  1.16894481E+00  1.05710774E+00  1.16894481E+00
   203  6.09000000E+01  1.16895879E+00  1.05983298E+00  1.16895879E+00
   204  6.12000000E+01  1.16897162E+00  1.06261752E+00  1.16897162E+00
   205  6.15000000E+01  1.16898339E+00  1.06545684E+00  1.16898339E+00
   206  6.18000000E+01  1.16899620E+00  1.06834590E+00  1.16899620E+00
   207  6.21000000E+01  1.16900823E+00  1.07127920E+00  1.16900823E+00
   208  6.24000000E+01  1.16901925E+00  1.07425074E+00  1.16901925E+00
   209  6.27000000E+01  1.16902934E+00  1.07725408E+00  1.16902934E+00
   210  6.30000000E+01  1.16903899E+00  1.08028236E+00  1.16903899E+00
   211  6.33000000E+01  1.16904930E+00  1.08332830E+00  1.16904930E+00
   212  6.36000000E+01  1.16905873E+00  1.08638427E+00  1.16905873E+00
   213  6.39000000E+01  1.16906736E+00  1.08944232E+00  1.16906736E+00
   214  6.42000000E+01  1.16907523E+00  1.09249424E+00  1.16907523E+00
   215  6.45000000E+01  1.16908316E+00  1.09553160E+00  1.16908316E+00
   216  6.48000000E+01  1.16909122E+00  1.09854582E+00  1.16909122E+00
   217  6.51000000E+01  1.16909858E+00  1.10152822E+00  1.16909858E+00
   218  6.54000000E+01  1.16910528E+00  1.10447013E+00  1.16910528E+00
   219  6.57000000E+01  1.16911139E+00  1.10736294E+00  1.16911139E+00
   220  6.60000000E+01  1.16911784E+00  1.11019816E+00  1.16911784E+00
   221  6.63000000E+01  1.16912408E+00  1.11296756E+00  1.16912408E+00
   222  6.66000000E+01  1.16912977E+00  1.11566321E+00  1.16912977E+00
   223  6.69000000E+01  1.16913494E+00  1.11827763E+00  1.16913494E+00
   224  6.72000000E+01  1.16913963E+00  1.12080381E+00  1.16913963E+00
   225  6.75000000E+01  1.16914467E+00  1.12323539E+00  1.16914467E+00
   226  6.78000000E+01  1.16914947E+00  1.12556674E+00  1.16914947E+00
   227  6.81000000E+01  1.16915383E+00  1.12779302E+00  1.16915383E+00
   228  6.84000000E+01  1.16915778E+00  1.12991033E+00  1.16915778E+00
   229  6.87000000E+01  1.16916136E+00  1.13191581E+00  1.16916136E+00
   230  6.90000000E+01  1.16916529E+00  1.13380768E+00  1.16916529E+00
   231  6.93000000E+01  1.16916895E+00  1.13558536E+00  1.16916895E+00
   232  6.96000000E+01  1.16917226E+00  1.13724952E+00  1.16917226E+00
   233  6.99000000E+01  1.16917524E+00  1.13880209E+00  1.16917524E+00
   234  7.02000000E+01  1.16917793E+00  1.14024630E+00  1.16917793E+00
   235  7.05000000E+01  1.16918089E+00  1.14158665E+00  1.16918089E+00
   236  7.08000000E+01  1.16918365E+00  1.14282886E+00  1.16918365E+00
   237  7.11000000E+01  1.16918613E+00  1.14397972E+00  1.16918613E+00
   238  7.14000000E+01  1.16918836E+00  1.14504701E+00  1.16918836E+00
   239  7.17000000E+01  1.16919036E+00  1.14603928E+00  1.16919036E+00
   240  7.20000000E+01  1.16919244E+00  1.14696565E+00  1.16919244E+00
   241  7.23000000E+01  1.16919449E+00  1.14783551E+00  1.16919449E+00
   242  7.26000000E+01  1.16919633E+00  1.14865830E+00  1.16919633E+00
   243  7.29000000E+01  1.16919797E+00  1.14944315E+00  1.16919797E+00
   244  7.32000000E+01  1.16919942E+00  1.15019866E+00  1.16919942E+00
   245  7.35000000E+01  1.16920078E+00  1.15093256E+00  1.16920078E+00
   246  7.38000000E+01  1.16920228E+00  1.15165150E+00  1.16920228E+00
   247  7.41000000E+01  1.16920361E+00  1.15236084E+00  1.16920361E+00
   248  7.44000000E+01  1.16920480E+00  1.15306456E+00  1.16920480E+00
   249  7.47000000E+01  1.16920584E+00  1.15376513E+00  1.16920584E+00
   250  7.50000000E+01  1.16920676E+00  1.15446358E+00  1.16920676E+00
   251  7.53000000E+01  1.16920768E+00  1.15515958E+00  1.16920768E+00
   252  7.56000000E+01  1.16920863E+00  1.15585157E+00  1.16920863E+00
   253  7.59000000E+01  1.16920946E+00  1.15653704E+00  1.16920946E+00
   254  7.62000000E+01  1.16921019E+00  1.15721273E+00  1.16921019E+00
   255  7.65000000E+01  1.16921083E+00  1.15787501E+00  1.16921083E+00
   256  7.68000000E+01  1.16921138E+00  1.15852008E+00  1.16921138E+00
   257  7.71000000E+01  1.16921194E+00  1.15914434E+00  1.16921194E+00
   258  7.74000000E+01  1.16921251E+00  1.15974459E+00  1.16921251E+00
   259  7.77000000E+01  1.16921300E+00  1.16031822E+00  1.16921300E+00
   260  7.80000000E+01  1.16921342E+00  1.16086338E+00  1.16921342E+00
   261  7.83000000E+01  1.16921377E+00  1.16137902E+00  1.16921377E+00
   262  7.86000000E+01  1.16921407E+00  1.16186487E+00  1.16921407E+00
   263  7.89000000E+01  1.16921432E+00  1.16232140E+00  1.16921432E+00
   264  7.92000000E+01  1.16921460E+00  1.16274974E+00  1.16921460E+00
   265  7.95000000E+01  1.16921486E+00  1.16315143E+00  1.16921486E+00
   266  7.98000000E+01  1.16921507E+00  1.16352838E+00  1.16921507E+00
   267  8.01000000E+01  1.16921524E+00  1.16388260E+00  1.16921524E+00
   268  8.04000000E+01  1.16921537E+00  1.16421610E+00  1.16921537E+00
   269  8.07000000E+01  1.16921547E+00  1.16453078E+00  1.16921547E+00
   270  8.10000000E+01  1.16921555E+00  1.16482827E+00  1.16921555E+00
   271  8.13000000E+01  1.16921559E+00  1.16510995E+00  1.16921559E+00
   272  8.16000000E+01  1.16921563E+00  1.16537690E+00  1.16921563E+00
   273  8.19000000E+01  1.16921569E+00  1.16562992E+00  1.16921569E+00
   274  8.22000000E+01  1.16921571E+00  1.16586958E+00  1.16921571E+00
   275  8.25000000E+01  1.16921572E+00  1.16609628E+00  1.16921572E+00
   276  8.28000000E+01  1.16921571E+00  1.16631030E+00  1.16921571E+00
   277  8.31000000E+01  1.16921569E+00  1.16651190E+00  1.16921569E+00
   278  8.34000000E+01  1.16921565E+00  1.16670134E+00  1.16921565E+00
   279  8.37000000E+01  1.16921560E+00  1.16687894E+00  1.16921560E+00
   280  8.40000000E+01  1.16921554E+00  1.16704508E+00  1.16921554E+00
   281  8.43000000E+01  1.16921548E+00  1.16720025E+00  1.16921548E+00
   282  8.46000000E+01  1.16921540E+00  1.16734499E+00  1.16921540E+00
   283  8.49000000E+01  1.16921533E+00  1.16747991E+00  1.16921533E+00
   284  8.52000000E+01  1.16921525E+00  1.16760563E+00  1.16921525E+00
   285  8.55000000E+01  1.16921516E+00  1.16772281E+00  1.16921516E+00
   286  8.58000000E+01  1.16921507E+00  1.16783206E+00  1.16921507E+00
   287  8.61000000E+01  1.16921498E+00  1.16793396E+00  1.16921498E+00
   288  8.64000000E+01  1.16921490E+00  1.16802905E+00  1.16921490E+00
   289  8.67000000E+01  1.16921481E+00  1.16811779E+00  1.16921481E+00
   290  8.70000000E+01  1.16921472E+00  1.16820062E+00  1.16921472E+00
   291  8.73000000E+01  1.16921463E+00  1.16827788E+00  1.16921463E+00
   292  8.76000000E+01  1.16921454E+00  1.16834992E+00  1.16921454E+00
   293  8.79000000E+01  1.16921445E+00  1.16841701E+00  1.16921445E+00
   294  8.82000000E+01  1.16921437E+00  1.16847945E+00  1.16921437E+00
   295  8.85000000E+01  1.16921428E+00  1.16853748E+00  1.16921428E+00
   296  8.88000000E+01  1.16921420E+00  1.16859135E+00  1.16921420E+00
   297  8.91000000E+01  1.16921412E+00  1.16864132E+00  1.16921412E+00
   298  8.94000000E+01  1.16921405E+00  1.16868762E+00  1.16921405E+00
   299  8.97000000E+01  1.16921397E+00  1.16873050E+00  1.16921397E+00
   300  9.00000000E+01  1.16921390E+00  1.16877019E+00  1.16921390E+00
   301  9.03000000E+01  1.16921383E+00  1.16880690E+00  1.16921383E+00
   302  9.06000000E+01  1.16921376E+00  1.16884086E+00  1.16921376E+00
   303  9.09000000E+01  1.16921370E+00  1.16887224E+00  1.16921370E+00
   304  9.12000000E+01  1.16921364E+00  1.16890125E+00  1.16921364E+00
   305  9.15000000E+01  1.16921358E+00  1.16892805E+00  1.16921358E+00
   306  9.18000000E+01  1.16921352E+00  1.16895278E+00  1.16921352E+00
   307  9.21000000E+01  1.16921346E+00  1.16897560E+00  1.16921346E+00
   308  9.24000000E+01  1.16921341E+00  1.16899664E+00  1.16921341E+00
   309  9.27000000E+01  1.16921336E+00  1.16901603E+00  1.16921336E+00
   310  9.30000000E+01  1.16921331E+00  1.16903386E+00  1.16921331E+00
   311  9.33000000E+01  1.16921327E+00  1.16905026E+00  1.16921327E+00
   312  9.36000000E+01  1.16921323E+00  1.16906533E+00  1.16921323E+00
   313  9.39000000E+01  1.16921318E+00  1.16907916E+00  1.16921318E+00
   314  9.42000000E+01  1.16921315E+00  1.16909184E+00  1.16921315E+00
   315  9.45000000E+01  1.16921311E+00  1.16910347E+00  1.16921311E+00
   316  9.48000000E+01  1.16921307E+00  1.16911411E+00  1.16921307E+00
   317  9.51000000E+01  1.16921304E+00  1.16912384E+00  1.16921304E+00
   318  9.54000000E+01  1.16921301E+00  1.16913274E+00  1.16921301E+00
   319  9.57000000E+01  1.16921298E+00  1.16914086E+00  1.16921298E+00
   320  9.60000000E+01  1.16921295E+00  1.16914827E+00  1.16921295E+00
   321  9.63000000E+01  1.16921292E+00  1.16915503E+00  1.16921292E+00
   322  9.66000000E+01  1.16921290E+00  1.16916118E+00  1.16921290E+00
   323  9.69000000E+01  1.16921287E+00  1.16916677E+00  1.16921287E+00
   324  9.72000000E+01  1.16921285E+00  1.16917185E+00  1.16921285E+00
   325  9.75000000E+01  1.16921283E+00  1.16917646E+00  1.16921283E+00
   326  9.78000000E+01  1.16921281E+00  1.16918064E+00  1.16921281E+00
 steady-height stop at step    326: changes <=   1.0000E-05, max-end <=   1.0000E-02, max/end/gap/profile_change =   1.16921281E+00  1.16918064E+00  3.21660076E-05  4.17640305E-06


STDERR:
