COMMAND:
/shared/generate_rom_data/extrudate_swell2d_c_cluster

STDOUT:
 comppar: model =   6
 comppar: lambda,mobility/eps,betav,eta_0 =  1.0000E+01  3.6667E-01  9.0000E-01  1.0000E+00
 comppar: eta_s,eta_p,G =  9.0000E-01  1.0000E-01  1.0000E-02
 comppar: U_avg,deltat,flowrate,nsteps =  1.0000E-01  3.0000E-01  3.1416E-01     700
 comppar: geometry = axisymmetric
 comppar: steady stop change,gap,hold,min =  1.0000E-05  1.0000E-02      10      80
 comppar: ncompc,ncompg =     4     5
 mesh nnodes = 5765
 mesh nelem = 2780
 P1 BC   5.0000000000000000     
 P2 BC   0.0000000000000000     
     1  3.00000000E-01  1.00379478E+00  1.00000000E+00  1.00379478E+00
     2  6.00000000E-01  1.00750817E+00  1.00000000E+00  1.00750817E+00
     3  9.00000000E-01  1.01114333E+00  1.00000000E+00  1.01114333E+00
     4  1.20000000E+00  1.01470003E+00  1.00000000E+00  1.01470003E+00
     5  1.50000000E+00  1.01818060E+00  1.00000000E+00  1.01818060E+00
     6  1.80000000E+00  1.02158143E+00  1.00000000E+00  1.02158143E+00
     7  2.10000000E+00  1.02492060E+00  1.00000000E+00  1.02492060E+00
     8  2.40000000E+00  1.02818635E+00  1.00000000E+00  1.02818635E+00
     9  2.70000000E+00  1.03137375E+00  1.00000000E+00  1.03137375E+00
    10  3.00000000E+00  1.03449034E+00  1.00000000E+00  1.03449034E+00
    11  3.30000000E+00  1.03756006E+00  1.00000000E+00  1.03756006E+00
    12  3.60000000E+00  1.04054385E+00  1.00000000E+00  1.04054385E+00
    13  3.90000000E+00  1.04347118E+00  1.00000000E+00  1.04347118E+00
    14  4.20000000E+00  1.04634818E+00  9.99999999E-01  1.04634818E+00
    15  4.50000000E+00  1.04912425E+00  9.99999996E-01  1.04912425E+00
    16  4.80000000E+00  1.05189740E+00  9.99999991E-01  1.05189740E+00
    17  5.10000000E+00  1.05456043E+00  9.99999986E-01  1.05456043E+00
    18  5.40000000E+00  1.05721445E+00  9.99999979E-01  1.05721445E+00
    19  5.70000000E+00  1.05975020E+00  9.99999970E-01  1.05975020E+00
    20  6.00000000E+00  1.06229759E+00  9.99999960E-01  1.06229759E+00
    21  6.30000000E+00  1.06471816E+00  9.99999947E-01  1.06471816E+00
    22  6.60000000E+00  1.06716073E+00  9.99999932E-01  1.06716073E+00
    23  6.90000000E+00  1.06945589E+00  9.99999914E-01  1.06945589E+00
    24  7.20000000E+00  1.07179518E+00  9.99999894E-01  1.07179518E+00
    25  7.50000000E+00  1.07401069E+00  9.99999870E-01  1.07401069E+00
    26  7.80000000E+00  1.07621465E+00  9.99999842E-01  1.07621465E+00
    27  8.10000000E+00  1.07835169E+00  9.99999811E-01  1.07835169E+00
    28  8.40000000E+00  1.08038115E+00  9.99999775E-01  1.08038115E+00
    29  8.70000000E+00  1.08247068E+00  9.99999735E-01  1.08247068E+00
    30  9.00000000E+00  1.08440629E+00  9.99999689E-01  1.08440629E+00
    31  9.30000000E+00  1.08636473E+00  9.99999637E-01  1.08636473E+00
    32  9.60000000E+00  1.08825386E+00  9.99999579E-01  1.08825386E+00
    33  9.90000000E+00  1.08998546E+00  9.99999514E-01  1.08998546E+00
    34  1.02000000E+01  1.09185279E+00  9.99999442E-01  1.09185279E+00
    35  1.05000000E+01  1.09357496E+00  9.99999362E-01  1.09357496E+00
    36  1.08000000E+01  1.09520231E+00  9.99999272E-01  1.09520231E+00
    37  1.11000000E+01  1.09691335E+00  9.99999174E-01  1.09691335E+00
    38  1.14000000E+01  1.09846785E+00  9.99999064E-01  1.09846785E+00
    39  1.17000000E+01  1.09995495E+00  9.99998944E-01  1.09995495E+00
    40  1.20000000E+01  1.10153161E+00  9.99998812E-01  1.10153161E+00
    41  1.23000000E+01  1.10295317E+00  9.99998666E-01  1.10295317E+00
    42  1.26000000E+01  1.10431445E+00  9.99998507E-01  1.10431445E+00
    43  1.29000000E+01  1.10575626E+00  9.99998333E-01  1.10575626E+00
    44  1.32000000E+01  1.10704548E+00  9.99998142E-01  1.10704548E+00
    45  1.35000000E+01  1.10827102E+00  9.99997934E-01  1.10827102E+00
    46  1.38000000E+01  1.10958500E+00  9.99997708E-01  1.10958500E+00
    47  1.41000000E+01  1.11075107E+00  9.99997461E-01  1.11075107E+00
    48  1.44000000E+01  1.11186752E+00  9.99997193E-01  1.11186752E+00
    49  1.47000000E+01  1.11305487E+00  9.99996902E-01  1.11305487E+00
    50  1.50000000E+01  1.11410027E+00  9.99996587E-01  1.11410027E+00
    51  1.53000000E+01  1.11510993E+00  9.99996245E-01  1.11510993E+00
    52  1.56000000E+01  1.11617858E+00  9.99995876E-01  1.11617858E+00
    53  1.59000000E+01  1.11711341E+00  9.99995477E-01  1.11711341E+00
    54  1.62000000E+01  1.11802912E+00  9.99995046E-01  1.11802912E+00
    55  1.65000000E+01  1.11898252E+00  9.99994582E-01  1.11898252E+00
    56  1.68000000E+01  1.11981160E+00  9.99994082E-01  1.11981160E+00
    57  1.71000000E+01  1.12064112E+00  9.99993543E-01  1.12064112E+00
    58  1.74000000E+01  1.12149066E+00  9.99992965E-01  1.12149066E+00
    59  1.77000000E+01  1.12222694E+00  9.99992344E-01  1.12222694E+00
    60  1.80000000E+01  1.12296938E+00  9.99991678E-01  1.12296938E+00
    61  1.83000000E+01  1.12372087E+00  9.99990964E-01  1.12372087E+00
    62  1.86000000E+01  1.12437130E+00  9.99990199E-01  1.12437130E+00
    63  1.89000000E+01  1.12504598E+00  9.99989381E-01  1.12504598E+00
    64  1.92000000E+01  1.12571295E+00  9.99988507E-01  1.12571295E+00
    65  1.95000000E+01  1.12629151E+00  9.99987574E-01  1.12629151E+00
    66  1.98000000E+01  1.12687903E+00  9.99986579E-01  1.12687903E+00
    67  2.01000000E+01  1.12746912E+00  9.99985518E-01  1.12746912E+00
    68  2.04000000E+01  1.12798415E+00  9.99984388E-01  1.12798415E+00
    69  2.07000000E+01  1.12851168E+00  9.99983186E-01  1.12851168E+00
    70  2.10000000E+01  1.12903860E+00  9.99981909E-01  1.12903860E+00
    71  2.13000000E+01  1.12950294E+00  9.99980553E-01  1.12950294E+00
    72  2.16000000E+01  1.12994228E+00  9.99979114E-01  1.12994228E+00
    73  2.19000000E+01  1.13041470E+00  9.99977590E-01  1.13041470E+00
    74  2.22000000E+01  1.13083722E+00  9.99975976E-01  1.13083722E+00
    75  2.25000000E+01  1.13122300E+00  9.99974269E-01  1.13122300E+00
    76  2.28000000E+01  1.13165120E+00  9.99972465E-01  1.13165120E+00
    77  2.31000000E+01  1.13204168E+00  9.99970561E-01  1.13204168E+00
    78  2.34000000E+01  1.13240451E+00  9.99968554E-01  1.13240451E+00
    79  2.37000000E+01  1.13274894E+00  9.99966440E-01  1.13274894E+00
    80  2.40000000E+01  1.13310021E+00  9.99964215E-01  1.13310021E+00
    81  2.43000000E+01  1.13344776E+00  9.99961877E-01  1.13344776E+00
    82  2.46000000E+01  1.13378311E+00  9.99959423E-01  1.13378311E+00
    83  2.49000000E+01  1.13411064E+00  9.99956850E-01  1.13411064E+00
    84  2.52000000E+01  1.13443223E+00  9.99954156E-01  1.13443223E+00
    85  2.55000000E+01  1.13474765E+00  9.99951339E-01  1.13474765E+00
    86  2.58000000E+01  1.13505503E+00  9.99948396E-01  1.13505503E+00
    87  2.61000000E+01  1.13536035E+00  9.99945327E-01  1.13536035E+00
    88  2.64000000E+01  1.13566780E+00  9.99942132E-01  1.13566780E+00
    89  2.67000000E+01  1.13596538E+00  9.99938809E-01  1.13596538E+00
    90  2.70000000E+01  1.13624997E+00  9.99935360E-01  1.13624997E+00
    91  2.73000000E+01  1.13651854E+00  9.99931786E-01  1.13651854E+00
    92  2.76000000E+01  1.13678121E+00  9.99928089E-01  1.13678121E+00
    93  2.79000000E+01  1.13705354E+00  9.99924272E-01  1.13705354E+00
    94  2.82000000E+01  1.13730742E+00  9.99920340E-01  1.13730742E+00
    95  2.85000000E+01  1.13754105E+00  9.99916299E-01  1.13754105E+00
    96  2.88000000E+01  1.13776163E+00  9.99912154E-01  1.13776163E+00
    97  2.91000000E+01  1.13799945E+00  9.99907915E-01  1.13799945E+00
    98  2.94000000E+01  1.13821654E+00  9.99903591E-01  1.13821654E+00
    99  2.97000000E+01  1.13841282E+00  9.99899195E-01  1.13841282E+00
   100  3.00000000E+01  1.13861227E+00  9.99894741E-01  1.13861227E+00
   101  3.03000000E+01  1.13881183E+00  9.99890244E-01  1.13881183E+00
   102  3.06000000E+01  1.13899100E+00  9.99885723E-01  1.13899100E+00
   103  3.09000000E+01  1.13915125E+00  9.99881200E-01  1.13915125E+00
   104  3.12000000E+01  1.13932892E+00  9.99876699E-01  1.13932892E+00
   105  3.15000000E+01  1.13949304E+00  9.99872248E-01  1.13949304E+00
   106  3.18000000E+01  1.13963955E+00  9.99867877E-01  1.13963955E+00
   107  3.21000000E+01  1.13977974E+00  9.99863622E-01  1.13977974E+00
   108  3.24000000E+01  1.13992856E+00  9.99859521E-01  1.13992856E+00
   109  3.27000000E+01  1.14006150E+00  9.99855620E-01  1.14006150E+00
   110  3.30000000E+01  1.14018070E+00  9.99851966E-01  1.14018070E+00
   111  3.33000000E+01  1.14030533E+00  9.99848614E-01  1.14030533E+00
   112  3.36000000E+01  1.14042678E+00  9.99845623E-01  1.14042678E+00
   113  3.39000000E+01  1.14053590E+00  9.99843061E-01  1.14053590E+00
   114  3.42000000E+01  1.14063450E+00  9.99841000E-01  1.14063450E+00
   115  3.45000000E+01  1.14073922E+00  9.99839520E-01  1.14073922E+00
   116  3.48000000E+01  1.14083915E+00  9.99838712E-01  1.14083915E+00
   117  3.51000000E+01  1.14092993E+00  9.99838670E-01  1.14092993E+00
   118  3.54000000E+01  1.14101276E+00  9.99839503E-01  1.14101276E+00
   119  3.57000000E+01  1.14110066E+00  9.99841326E-01  1.14110066E+00
   120  3.60000000E+01  1.14118421E+00  9.99844265E-01  1.14118421E+00
   121  3.63000000E+01  1.14126054E+00  9.99848461E-01  1.14126054E+00
   122  3.66000000E+01  1.14133034E+00  9.99854063E-01  1.14133034E+00
   123  3.69000000E+01  1.14139929E+00  9.99861235E-01  1.14139929E+00
   124  3.72000000E+01  1.14147012E+00  9.99870156E-01  1.14147012E+00
   125  3.75000000E+01  1.14153488E+00  9.99881019E-01  1.14153488E+00
   126  3.78000000E+01  1.14159393E+00  9.99894033E-01  1.14159393E+00
   127  3.81000000E+01  1.14164856E+00  9.99909425E-01  1.14164856E+00
   128  3.84000000E+01  1.14170822E+00  9.99927440E-01  1.14170822E+00
   129  3.87000000E+01  1.14176255E+00  9.99948343E-01  1.14176255E+00
   130  3.90000000E+01  1.14181184E+00  9.99972419E-01  1.14181184E+00
   131  3.93000000E+01  1.14185640E+00  9.99999975E-01  1.14185640E+00
   132  3.96000000E+01  1.14190342E+00  1.00003134E+00  1.14190342E+00
   133  3.99000000E+01  1.14194874E+00  1.00006688E+00  1.14194874E+00
   134  4.02000000E+01  1.14198959E+00  1.00010697E+00  1.14198959E+00
   135  4.05000000E+01  1.14202636E+00  1.00015202E+00  1.14202636E+00
   136  4.08000000E+01  1.14206201E+00  1.00020247E+00  1.14206201E+00
   137  4.11000000E+01  1.14209942E+00  1.00025880E+00  1.14209942E+00
   138  4.14000000E+01  1.14213309E+00  1.00032151E+00  1.14213309E+00
   139  4.17000000E+01  1.14216340E+00  1.00039115E+00  1.14216340E+00
   140  4.20000000E+01  1.14219071E+00  1.00046829E+00  1.14219071E+00
   141  4.23000000E+01  1.14221983E+00  1.00055355E+00  1.14221983E+00
   142  4.26000000E+01  1.14224756E+00  1.00064759E+00  1.14224756E+00
   143  4.29000000E+01  1.14227260E+00  1.00075112E+00  1.14227260E+00
   144  4.32000000E+01  1.14229527E+00  1.00086487E+00  1.14229527E+00
   145  4.35000000E+01  1.14231583E+00  1.00098966E+00  1.14231583E+00
   146  4.38000000E+01  1.14233821E+00  1.00112631E+00  1.14233821E+00
   147  4.41000000E+01  1.14235902E+00  1.00127573E+00  1.14235902E+00
   148  4.44000000E+01  1.14237791E+00  1.00143887E+00  1.14237791E+00
   149  4.47000000E+01  1.14239507E+00  1.00161673E+00  1.14239507E+00
   150  4.50000000E+01  1.14241066E+00  1.00181039E+00  1.14241066E+00
   151  4.53000000E+01  1.14242605E+00  1.00202097E+00  1.14242605E+00
   152  4.56000000E+01  1.14244188E+00  1.00224965E+00  1.14244188E+00
   153  4.59000000E+01  1.14245626E+00  1.00249770E+00  1.14245626E+00
   154  4.62000000E+01  1.14246931E+00  1.00276643E+00  1.14246931E+00
   155  4.65000000E+01  1.14248113E+00  1.00305722E+00  1.14248113E+00
   156  4.68000000E+01  1.14249184E+00  1.00337154E+00  1.14249184E+00
   157  4.71000000E+01  1.14250243E+00  1.00371092E+00  1.14250243E+00
   158  4.74000000E+01  1.14251328E+00  1.00407696E+00  1.14251328E+00
   159  4.77000000E+01  1.14252310E+00  1.00447132E+00  1.14252310E+00
   160  4.80000000E+01  1.14253197E+00  1.00489576E+00  1.14253197E+00
   161  4.83000000E+01  1.14253998E+00  1.00535210E+00  1.14253998E+00
   162  4.86000000E+01  1.14254721E+00  1.00584222E+00  1.14254721E+00
   163  4.89000000E+01  1.14255374E+00  1.00636809E+00  1.14255374E+00
   164  4.92000000E+01  1.14256057E+00  1.00693174E+00  1.14256057E+00
   165  4.95000000E+01  1.14256721E+00  1.00753527E+00  1.14256721E+00
   166  4.98000000E+01  1.14257320E+00  1.00818084E+00  1.14257320E+00
   167  5.01000000E+01  1.14257860E+00  1.00887066E+00  1.14257860E+00
   168  5.04000000E+01  1.14258349E+00  1.00960701E+00  1.14258349E+00
   169  5.07000000E+01  1.14258789E+00  1.01039221E+00  1.14258789E+00
   170  5.10000000E+01  1.14259187E+00  1.01122863E+00  1.14259187E+00
   171  5.13000000E+01  1.14259545E+00  1.01211864E+00  1.14259545E+00
   172  5.16000000E+01  1.14259867E+00  1.01306466E+00  1.14259867E+00
   173  5.19000000E+01  1.14260205E+00  1.01406912E+00  1.14260205E+00
   174  5.22000000E+01  1.14260532E+00  1.01513442E+00  1.14260532E+00
   175  5.25000000E+01  1.14260825E+00  1.01626297E+00  1.14260825E+00
   176  5.28000000E+01  1.14261089E+00  1.01745711E+00  1.14261089E+00
   177  5.31000000E+01  1.14261325E+00  1.01871917E+00  1.14261325E+00
   178  5.34000000E+01  1.14261537E+00  1.02005136E+00  1.14261537E+00
   179  5.37000000E+01  1.14261726E+00  1.02145581E+00  1.14261726E+00
   180  5.40000000E+01  1.14261895E+00  1.02293455E+00  1.14261895E+00
   181  5.43000000E+01  1.14262046E+00  1.02448943E+00  1.14262046E+00
   182  5.46000000E+01  1.14262180E+00  1.02612214E+00  1.14262180E+00
   183  5.49000000E+01  1.14262299E+00  1.02783416E+00  1.14262299E+00
   184  5.52000000E+01  1.14262405E+00  1.02962676E+00  1.14262405E+00
   185  5.55000000E+01  1.14262498E+00  1.03150091E+00  1.14262498E+00
   186  5.58000000E+01  1.14262581E+00  1.03345730E+00  1.14262581E+00
   187  5.61000000E+01  1.14262653E+00  1.03549631E+00  1.14262653E+00
   188  5.64000000E+01  1.14262717E+00  1.03761792E+00  1.14262717E+00
   189  5.67000000E+01  1.14262788E+00  1.03982174E+00  1.14262788E+00
   190  5.70000000E+01  1.14262853E+00  1.04210694E+00  1.14262853E+00
   191  5.73000000E+01  1.14262909E+00  1.04447224E+00  1.14262909E+00
   192  5.76000000E+01  1.14262959E+00  1.04691586E+00  1.14262959E+00
   193  5.79000000E+01  1.14263002E+00  1.04943552E+00  1.14263002E+00
   194  5.82000000E+01  1.14263039E+00  1.05202839E+00  1.14263039E+00
   195  5.85000000E+01  1.14263071E+00  1.05469107E+00  1.14263071E+00
   196  5.88000000E+01  1.14263099E+00  1.05741961E+00  1.14263099E+00
   197  5.91000000E+01  1.14263122E+00  1.06020944E+00  1.14263122E+00
   198  5.94000000E+01  1.14263142E+00  1.06305540E+00  1.14263142E+00
   199  5.97000000E+01  1.14263158E+00  1.06595174E+00  1.14263158E+00
   200  6.00000000E+01  1.14263172E+00  1.06889212E+00  1.14263172E+00
   201  6.03000000E+01  1.14263183E+00  1.07186960E+00  1.14263183E+00
   202  6.06000000E+01  1.14263191E+00  1.07487668E+00  1.14263191E+00
   203  6.09000000E+01  1.14263198E+00  1.07790534E+00  1.14263198E+00
   204  6.12000000E+01  1.14263203E+00  1.08094704E+00  1.14263203E+00
   205  6.15000000E+01  1.14263207E+00  1.08399280E+00  1.14263207E+00
   206  6.18000000E+01  1.14263209E+00  1.08703320E+00  1.14263209E+00
   207  6.21000000E+01  1.14263211E+00  1.09005849E+00  1.14263211E+00
   208  6.24000000E+01  1.14263211E+00  1.09305864E+00  1.14263211E+00
   209  6.27000000E+01  1.14263211E+00  1.09602338E+00  1.14263211E+00
   210  6.30000000E+01  1.14263210E+00  1.09894235E+00  1.14263210E+00
   211  6.33000000E+01  1.14263208E+00  1.10180512E+00  1.14263208E+00
   212  6.36000000E+01  1.14263206E+00  1.10460134E+00  1.14263206E+00
   213  6.39000000E+01  1.14263203E+00  1.10732083E+00  1.14263203E+00
   214  6.42000000E+01  1.14263201E+00  1.10995367E+00  1.14263201E+00
   215  6.45000000E+01  1.14263198E+00  1.11249040E+00  1.14263198E+00
   216  6.48000000E+01  1.14263194E+00  1.11492205E+00  1.14263194E+00
   217  6.51000000E+01  1.14263191E+00  1.11724035E+00  1.14263191E+00
   218  6.54000000E+01  1.14263188E+00  1.11943786E+00  1.14263188E+00
   219  6.57000000E+01  1.14263184E+00  1.12150809E+00  1.14263184E+00
   220  6.60000000E+01  1.14263181E+00  1.12344569E+00  1.14263181E+00
   221  6.63000000E+01  1.14263177E+00  1.12524654E+00  1.14263177E+00
   222  6.66000000E+01  1.14263174E+00  1.12690793E+00  1.14263174E+00
   223  6.69000000E+01  1.14263170E+00  1.12842867E+00  1.14263170E+00
   224  6.72000000E+01  1.14263167E+00  1.12980916E+00  1.14263167E+00
   225  6.75000000E+01  1.14263164E+00  1.13105151E+00  1.14263164E+00
   226  6.78000000E+01  1.14263161E+00  1.13215952E+00  1.14263161E+00
   227  6.81000000E+01  1.14263158E+00  1.13313873E+00  1.14263158E+00
   228  6.84000000E+01  1.14263155E+00  1.13399628E+00  1.14263155E+00
   229  6.87000000E+01  1.14263152E+00  1.13474087E+00  1.14263152E+00
   230  6.90000000E+01  1.14263149E+00  1.13538250E+00  1.14263149E+00
   231  6.93000000E+01  1.14263147E+00  1.13593231E+00  1.14263147E+00
   232  6.96000000E+01  1.14263144E+00  1.13640219E+00  1.14263144E+00
   233  6.99000000E+01  1.14263142E+00  1.13680450E+00  1.14263142E+00
   234  7.02000000E+01  1.14263140E+00  1.13715165E+00  1.14263140E+00
   235  7.05000000E+01  1.14263138E+00  1.13745572E+00  1.14263138E+00
   236  7.08000000E+01  1.14263136E+00  1.13772804E+00  1.14263136E+00
   237  7.11000000E+01  1.14263134E+00  1.13797880E+00  1.14263134E+00
   238  7.14000000E+01  1.14263132E+00  1.13821676E+00  1.14263132E+00
   239  7.17000000E+01  1.14263131E+00  1.13844899E+00  1.14263131E+00
   240  7.20000000E+01  1.14263129E+00  1.13868066E+00  1.14263129E+00
   241  7.23000000E+01  1.14263128E+00  1.13891504E+00  1.14263128E+00
   242  7.26000000E+01  1.14263126E+00  1.13915352E+00  1.14263126E+00
   243  7.29000000E+01  1.14263125E+00  1.13939577E+00  1.14263125E+00
   244  7.32000000E+01  1.14263124E+00  1.13964002E+00  1.14263124E+00
   245  7.35000000E+01  1.14263123E+00  1.13988336E+00  1.14263123E+00
   246  7.38000000E+01  1.14263122E+00  1.14012218E+00  1.14263122E+00
   247  7.41000000E+01  1.14263121E+00  1.14035254E+00  1.14263121E+00
   248  7.44000000E+01  1.14263120E+00  1.14057062E+00  1.14263120E+00
   249  7.47000000E+01  1.14263119E+00  1.14077300E+00  1.14263119E+00
   250  7.50000000E+01  1.14263118E+00  1.14095702E+00  1.14263118E+00
   251  7.53000000E+01  1.14263118E+00  1.14112096E+00  1.14263118E+00
   252  7.56000000E+01  1.14263117E+00  1.14126410E+00  1.14263117E+00
   253  7.59000000E+01  1.14263117E+00  1.14138675E+00  1.14263117E+00
   254  7.62000000E+01  1.14263116E+00  1.14149013E+00  1.14263116E+00
   255  7.65000000E+01  1.14263116E+00  1.14157621E+00  1.14263116E+00
   256  7.68000000E+01  1.14263115E+00  1.14164747E+00  1.14263115E+00
   257  7.71000000E+01  1.14263115E+00  1.14170664E+00  1.14263115E+00
   258  7.74000000E+01  1.14263114E+00  1.14175649E+00  1.14263114E+00
   259  7.77000000E+01  1.14263114E+00  1.14179957E+00  1.14263114E+00
   260  7.80000000E+01  1.14263114E+00  1.14183808E+00  1.14263114E+00
   261  7.83000000E+01  1.14263114E+00  1.14187371E+00  1.14263114E+00
   262  7.86000000E+01  1.14263113E+00  1.14190766E+00  1.14263113E+00
   263  7.89000000E+01  1.14263113E+00  1.14194062E+00  1.14263113E+00
   264  7.92000000E+01  1.14263113E+00  1.14197281E+00  1.14263113E+00
   265  7.95000000E+01  1.14263113E+00  1.14200416E+00  1.14263113E+00
   266  7.98000000E+01  1.14263113E+00  1.14203433E+00  1.14263113E+00
   267  8.01000000E+01  1.14263113E+00  1.14206289E+00  1.14263113E+00
   268  8.04000000E+01  1.14263112E+00  1.14208944E+00  1.14263112E+00
   269  8.07000000E+01  1.14263112E+00  1.14211362E+00  1.14263112E+00
   270  8.10000000E+01  1.14263112E+00  1.14213524E+00  1.14263112E+00
   271  8.13000000E+01  1.14263112E+00  1.14215425E+00  1.14263112E+00
   272  8.16000000E+01  1.14263112E+00  1.14217076E+00  1.14263112E+00
   273  8.19000000E+01  1.14263112E+00  1.14218498E+00  1.14263112E+00
   274  8.22000000E+01  1.14263112E+00  1.14219722E+00  1.14263112E+00
   275  8.25000000E+01  1.14263112E+00  1.14220784E+00  1.14263112E+00
   276  8.28000000E+01  1.14263112E+00  1.14221717E+00  1.14263112E+00
   277  8.31000000E+01  1.14263112E+00  1.14222551E+00  1.14263112E+00
   278  8.34000000E+01  1.14263112E+00  1.14223311E+00  1.14263112E+00
   279  8.37000000E+01  1.14263112E+00  1.14224014E+00  1.14263112E+00
   280  8.40000000E+01  1.14263112E+00  1.14224671E+00  1.14263112E+00
   281  8.43000000E+01  1.14263112E+00  1.14225287E+00  1.14263112E+00
   282  8.46000000E+01  1.14263112E+00  1.14225862E+00  1.14263112E+00
   283  8.49000000E+01  1.14263112E+00  1.14226396E+00  1.14263112E+00
   284  8.52000000E+01  1.14263112E+00  1.14226885E+00  1.14263112E+00
   285  8.55000000E+01  1.14263112E+00  1.14227329E+00  1.14263112E+00
 steady-height stop at step    285: changes <=   1.0000E-05, max-end <=   1.0000E-02, max/end/gap/profile_change =   1.14263112E+00  1.14227329E+00  3.57836280E-04  4.43625988E-06


STDERR:
