COMMAND:
/shared/generate_rom_data/extrudate_swell2d_c_cluster

STDOUT:
 comppar: model =   6
 comppar: lambda,mobility/eps,betav,eta_0 =  1.0000E+00  5.0000E-01  9.0000E-01  1.0000E+00
 comppar: eta_s,eta_p,G =  9.0000E-01  1.0000E-01  1.0000E-01
 comppar: U_avg,deltat,flowrate,nsteps =  1.0000E-01  3.0000E-01  3.1416E-01     700
 comppar: geometry = axisymmetric
 comppar: steady stop change,gap,hold,min =  1.0000E-05  1.0000E-02      10      80
 comppar: ncompc,ncompg =     4     5
 mesh nnodes = 5765
 mesh nelem = 2780
 P1 BC   5.0000000000000000     
 P2 BC   0.0000000000000000     
     1  3.00000000E-01  1.00379479E+00  1.00000000E+00  1.00379479E+00
     2  6.00000000E-01  1.00750481E+00  1.00000000E+00  1.00750481E+00
     3  9.00000000E-01  1.01112929E+00  1.00000000E+00  1.01112929E+00
     4  1.20000000E+00  1.01467088E+00  1.00000000E+00  1.01467088E+00
     5  1.50000000E+00  1.01813351E+00  1.00000000E+00  1.01813351E+00
     6  1.80000000E+00  1.02151429E+00  1.00000000E+00  1.02151429E+00
     7  2.10000000E+00  1.02483028E+00  1.00000000E+00  1.02483028E+00
     8  2.40000000E+00  1.02807571E+00  1.00000000E+00  1.02807571E+00
     9  2.70000000E+00  1.03124352E+00  1.00000000E+00  1.03124352E+00
    10  3.00000000E+00  1.03433333E+00  1.00000000E+00  1.03433333E+00
    11  3.30000000E+00  1.03738279E+00  1.00000000E+00  1.03738279E+00
    12  3.60000000E+00  1.04034687E+00  1.00000000E+00  1.04034687E+00
    13  3.90000000E+00  1.04324293E+00  1.00000000E+00  1.04324293E+00
    14  4.20000000E+00  1.04609752E+00  9.99999999E-01  1.04609752E+00
    15  4.50000000E+00  1.04884328E+00  9.99999996E-01  1.04884328E+00
    16  4.80000000E+00  1.05158445E+00  9.99999992E-01  1.05158445E+00
    17  5.10000000E+00  1.05422123E+00  9.99999986E-01  1.05422123E+00
    18  5.40000000E+00  1.05682488E+00  9.99999979E-01  1.05682488E+00
    19  5.70000000E+00  1.05933305E+00  9.99999970E-01  1.05933305E+00
    20  6.00000000E+00  1.06181821E+00  9.99999960E-01  1.06181821E+00
    21  6.30000000E+00  1.06420844E+00  9.99999947E-01  1.06420844E+00
    22  6.60000000E+00  1.06657496E+00  9.99999932E-01  1.06657496E+00
    23  6.90000000E+00  1.06881932E+00  9.99999914E-01  1.06881932E+00
    24  7.20000000E+00  1.07109221E+00  9.99999893E-01  1.07109221E+00
    25  7.50000000E+00  1.07320356E+00  9.99999869E-01  1.07320356E+00
    26  7.80000000E+00  1.07537937E+00  9.99999840E-01  1.07537937E+00
    27  8.10000000E+00  1.07739538E+00  9.99999808E-01  1.07739538E+00
    28  8.40000000E+00  1.07941217E+00  9.99999771E-01  1.07941217E+00
    29  8.70000000E+00  1.08136499E+00  9.99999729E-01  1.08136499E+00
    30  9.00000000E+00  1.08321125E+00  9.99999682E-01  1.08321125E+00
    31  9.30000000E+00  1.08510103E+00  9.99999628E-01  1.08510103E+00
    32  9.60000000E+00  1.08681965E+00  9.99999568E-01  1.08681965E+00
    33  9.90000000E+00  1.08857093E+00  9.99999501E-01  1.08857093E+00
    34  1.02000000E+01  1.09026444E+00  9.99999425E-01  1.09026444E+00
    35  1.05000000E+01  1.09179446E+00  9.99999341E-01  1.09179446E+00
    36  1.08000000E+01  1.09346209E+00  9.99999248E-01  1.09346209E+00
    37  1.11000000E+01  1.09495631E+00  9.99999144E-01  1.09495631E+00
    38  1.14000000E+01  1.09636529E+00  9.99999029E-01  1.09636529E+00
    39  1.17000000E+01  1.09786926E+00  9.99998903E-01  1.09786926E+00
    40  1.20000000E+01  1.09919930E+00  9.99998763E-01  1.09919930E+00
    41  1.23000000E+01  1.10051641E+00  9.99998609E-01  1.10051641E+00
    42  1.26000000E+01  1.10185548E+00  9.99998440E-01  1.10185548E+00
    43  1.29000000E+01  1.10302150E+00  9.99998255E-01  1.10302150E+00
    44  1.32000000E+01  1.10423813E+00  9.99998053E-01  1.10423813E+00
    45  1.35000000E+01  1.10541870E+00  9.99997831E-01  1.10541870E+00
    46  1.38000000E+01  1.10642970E+00  9.99997589E-01  1.10642970E+00
    47  1.41000000E+01  1.10757776E+00  9.99997326E-01  1.10757776E+00
    48  1.44000000E+01  1.10860095E+00  9.99997039E-01  1.10860095E+00
    49  1.47000000E+01  1.10950137E+00  9.99996727E-01  1.10950137E+00
    50  1.50000000E+01  1.11053910E+00  9.99996389E-01  1.11053910E+00
    51  1.53000000E+01  1.11141285E+00  9.99996022E-01  1.11141285E+00
    52  1.56000000E+01  1.11227224E+00  9.99995624E-01  1.11227224E+00
    53  1.59000000E+01  1.11315755E+00  9.99995194E-01  1.11315755E+00
    54  1.62000000E+01  1.11388601E+00  9.99994730E-01  1.11388601E+00
    55  1.65000000E+01  1.11470585E+00  9.99994228E-01  1.11470585E+00
    56  1.68000000E+01  1.11544870E+00  9.99993687E-01  1.11544870E+00
    57  1.71000000E+01  1.11607965E+00  9.99993105E-01  1.11607965E+00
    58  1.74000000E+01  1.11683345E+00  9.99992478E-01  1.11683345E+00
    59  1.77000000E+01  1.11743944E+00  9.99991805E-01  1.11743944E+00
    60  1.80000000E+01  1.11805820E+00  9.99991082E-01  1.11805820E+00
    61  1.83000000E+01  1.11867798E+00  9.99990306E-01  1.11867798E+00
    62  1.86000000E+01  1.11916150E+00  9.99989475E-01  1.11916150E+00
    63  1.89000000E+01  1.11976462E+00  9.99988586E-01  1.11976462E+00
    64  1.92000000E+01  1.12025734E+00  9.99987635E-01  1.12025734E+00
    65  1.95000000E+01  1.12072175E+00  9.99986618E-01  1.12072175E+00
    66  1.98000000E+01  1.12122747E+00  9.99985534E-01  1.12122747E+00
    67  2.01000000E+01  1.12160887E+00  9.99984378E-01  1.12160887E+00
    68  2.04000000E+01  1.12206957E+00  9.99983146E-01  1.12206957E+00
    69  2.07000000E+01  1.12245922E+00  9.99981836E-01  1.12245922E+00
    70  2.10000000E+01  1.12281032E+00  9.99980443E-01  1.12281032E+00
    71  2.13000000E+01  1.12321199E+00  9.99978964E-01  1.12321199E+00
    72  2.16000000E+01  1.12350222E+00  9.99977395E-01  1.12350222E+00
    73  2.19000000E+01  1.12385649E+00  9.99975733E-01  1.12385649E+00
    74  2.22000000E+01  1.12415398E+00  9.99973974E-01  1.12415398E+00
    75  2.25000000E+01  1.12442409E+00  9.99972113E-01  1.12442409E+00
    76  2.28000000E+01  1.12473241E+00  9.99970149E-01  1.12473241E+00
    77  2.31000000E+01  1.12494284E+00  9.99968076E-01  1.12494284E+00
    78  2.34000000E+01  1.12521922E+00  9.99965893E-01  1.12521922E+00
    79  2.37000000E+01  1.12543585E+00  9.99963594E-01  1.12543585E+00
    80  2.40000000E+01  1.12564988E+00  9.99961179E-01  1.12564988E+00
    81  2.43000000E+01  1.12587596E+00  9.99958643E-01  1.12587596E+00
    82  2.46000000E+01  1.12601803E+00  9.99955985E-01  1.12601803E+00
    83  2.49000000E+01  1.12623857E+00  9.99953202E-01  1.12623857E+00
    84  2.52000000E+01  1.12638576E+00  9.99950293E-01  1.12638576E+00
    85  2.55000000E+01  1.12656262E+00  9.99947256E-01  1.12656262E+00
    86  2.58000000E+01  1.12671772E+00  9.99944091E-01  1.12671772E+00
    87  2.61000000E+01  1.12682304E+00  9.99940799E-01  1.12682304E+00
    88  2.64000000E+01  1.12698377E+00  9.99937379E-01  1.12698377E+00
    89  2.67000000E+01  1.12707277E+00  9.99933834E-01  1.12707277E+00
    90  2.70000000E+01  1.12722566E+00  9.99930167E-01  1.12722566E+00
    91  2.73000000E+01  1.12732092E+00  9.99926380E-01  1.12732092E+00
    92  2.76000000E+01  1.12741311E+00  9.99922480E-01  1.12741311E+00
    93  2.79000000E+01  1.12751289E+00  9.99918471E-01  1.12751289E+00
    94  2.82000000E+01  1.12758565E+00  9.99914363E-01  1.12758565E+00
    95  2.85000000E+01  1.12769232E+00  9.99910165E-01  1.12769232E+00
    96  2.88000000E+01  1.12773854E+00  9.99905888E-01  1.12773854E+00
    97  2.91000000E+01  1.12782466E+00  9.99901545E-01  1.12782466E+00
    98  2.94000000E+01  1.12787431E+00  9.99897153E-01  1.12787431E+00
    99  2.97000000E+01  1.12795193E+00  9.99892729E-01  1.12795193E+00
   100  3.00000000E+01  1.12800677E+00  9.99888295E-01  1.12800677E+00
   101  3.03000000E+01  1.12803945E+00  9.99883875E-01  1.12803945E+00
   102  3.06000000E+01  1.12809818E+00  9.99879496E-01  1.12809818E+00
   103  3.09000000E+01  1.12812750E+00  9.99875189E-01  1.12812750E+00
   104  3.12000000E+01  1.12819204E+00  9.99870989E-01  1.12819204E+00
   105  3.15000000E+01  1.12820533E+00  9.99866936E-01  1.12820533E+00
   106  3.18000000E+01  1.12825060E+00  9.99863073E-01  1.12825060E+00
   107  3.21000000E+01  1.12826668E+00  9.99859452E-01  1.12826668E+00
   108  3.24000000E+01  1.12831600E+00  9.99856125E-01  1.12831600E+00
   109  3.27000000E+01  1.12833619E+00  9.99853155E-01  1.12833619E+00
   110  3.30000000E+01  1.12835061E+00  9.99850610E-01  1.12835061E+00
   111  3.33000000E+01  1.12837401E+00  9.99848564E-01  1.12837401E+00
   112  3.36000000E+01  1.12839528E+00  9.99847101E-01  1.12839528E+00
   113  3.39000000E+01  1.12842339E+00  9.99846310E-01  1.12842339E+00
   114  3.42000000E+01  1.12841274E+00  9.99846294E-01  1.12841274E+00
   115  3.45000000E+01  1.12844449E+00  9.99847161E-01  1.12844449E+00
   116  3.48000000E+01  1.12844249E+00  9.99849032E-01  1.12844249E+00
   117  3.51000000E+01  1.12847956E+00  9.99852039E-01  1.12847956E+00
   118  3.54000000E+01  1.12847031E+00  9.99856327E-01  1.12847031E+00
   119  3.57000000E+01  1.12848899E+00  9.99862052E-01  1.12848899E+00
   120  3.60000000E+01  1.12848228E+00  9.99869386E-01  1.12848228E+00
   121  3.63000000E+01  1.12851408E+00  9.99878516E-01  1.12851408E+00
   122  3.66000000E+01  1.12851095E+00  9.99889644E-01  1.12851095E+00
   123  3.69000000E+01  1.12851558E+00  9.99902991E-01  1.12851558E+00
   124  3.72000000E+01  1.12851538E+00  9.99918794E-01  1.12851538E+00
   125  3.75000000E+01  1.12853373E+00  9.99937313E-01  1.12853373E+00
   126  3.78000000E+01  1.12853771E+00  9.99958826E-01  1.12853771E+00
   127  3.81000000E+01  1.12852996E+00  9.99983635E-01  1.12852996E+00
   128  3.84000000E+01  1.12853726E+00  1.00001207E+00  1.12853726E+00
   129  3.87000000E+01  1.12854342E+00  1.00004447E+00  1.12854342E+00
   130  3.90000000E+01  1.12855546E+00  1.00008123E+00  1.12855546E+00
   131  3.93000000E+01  1.12853624E+00  1.00012275E+00  1.12853624E+00
   132  3.96000000E+01  1.12855200E+00  1.00016946E+00  1.12855200E+00
   133  3.99000000E+01  1.12854652E+00  1.00022185E+00  1.12854652E+00
   134  4.02000000E+01  1.12856757E+00  1.00028040E+00  1.12856757E+00
   135  4.05000000E+01  1.12854328E+00  1.00034567E+00  1.12854328E+00
   136  4.08000000E+01  1.12856235E+00  1.00041823E+00  1.12856235E+00
   137  4.11000000E+01  1.12854525E+00  1.00049871E+00  1.12854525E+00
   138  4.14000000E+01  1.12857626E+00  1.00058775E+00  1.12857626E+00
   139  4.17000000E+01  1.12855816E+00  1.00068609E+00  1.12855816E+00
   140  4.20000000E+01  1.12857009E+00  1.00079445E+00  1.12857009E+00
   141  4.23000000E+01  1.12855496E+00  1.00091366E+00  1.12855496E+00
   142  4.26000000E+01  1.12858293E+00  1.00104456E+00  1.12858293E+00
   143  4.29000000E+01  1.12857194E+00  1.00118806E+00  1.12857194E+00
   144  4.32000000E+01  1.12857630E+00  1.00134514E+00  1.12857630E+00
   145  4.35000000E+01  1.12856865E+00  1.00151681E+00  1.12856865E+00
   146  4.38000000E+01  1.12858840E+00  1.00170416E+00  1.12858840E+00
   147  4.41000000E+01  1.12858543E+00  1.00190833E+00  1.12858543E+00
   148  4.44000000E+01  1.12858155E+00  1.00213056E+00  1.12858155E+00
   149  4.47000000E+01  1.12858229E+00  1.00237211E+00  1.12858229E+00
   150  4.50000000E+01  1.12859304E+00  1.00263433E+00  1.12859304E+00
   151  4.53000000E+01  1.12859898E+00  1.00291867E+00  1.12859898E+00
   152  4.56000000E+01  1.12858606E+00  1.00322660E+00  1.12858606E+00
   153  4.59000000E+01  1.12859609E+00  1.00355970E+00  1.12859609E+00
   154  4.62000000E+01  1.12859694E+00  1.00391962E+00  1.12859694E+00
   155  4.65000000E+01  1.12861268E+00  1.00430808E+00  1.12861268E+00
   156  4.68000000E+01  1.12858980E+00  1.00472689E+00  1.12858980E+00
   157  4.71000000E+01  1.12861001E+00  1.00517792E+00  1.12861001E+00
   158  4.74000000E+01  1.12859999E+00  1.00566312E+00  1.12859999E+00
   159  4.77000000E+01  1.12862640E+00  1.00618452E+00  1.12862640E+00
   160  4.80000000E+01  1.12860114E+00  1.00674422E+00  1.12860114E+00
   161  4.83000000E+01  1.12862386E+00  1.00734439E+00  1.12862386E+00
   162  4.86000000E+01  1.12860198E+00  1.00798727E+00  1.12860198E+00
   163  4.89000000E+01  1.12863992E+00  1.00867515E+00  1.12863992E+00
   164  4.92000000E+01  1.12862252E+00  1.00941038E+00  1.12862252E+00
   165  4.95000000E+01  1.12863737E+00  1.01019537E+00  1.12863737E+00
   166  4.98000000E+01  1.12862363E+00  1.01103255E+00  1.12862363E+00
   167  5.01000000E+01  1.12865291E+00  1.01192440E+00  1.12865291E+00
   168  5.04000000E+01  1.12864422E+00  1.01287340E+00  1.12864422E+00
   169  5.07000000E+01  1.12865018E+00  1.01388204E+00  1.12865018E+00
   170  5.10000000E+01  1.12864553E+00  1.01495281E+00  1.12864553E+00
   171  5.13000000E+01  1.12866503E+00  1.01608818E+00  1.12866503E+00
   172  5.16000000E+01  1.12866591E+00  1.01729054E+00  1.12866591E+00
   173  5.19000000E+01  1.12866196E+00  1.01856227E+00  1.12866196E+00
   174  5.22000000E+01  1.12866723E+00  1.01990561E+00  1.12866723E+00
   175  5.25000000E+01  1.12867592E+00  1.02132272E+00  1.12867592E+00
   176  5.28000000E+01  1.12868721E+00  1.02281561E+00  1.12868721E+00
   177  5.31000000E+01  1.12867235E+00  1.02438613E+00  1.12867235E+00
   178  5.34000000E+01  1.12868838E+00  1.02603593E+00  1.12868838E+00
   179  5.37000000E+01  1.12868524E+00  1.02776642E+00  1.12868524E+00
   180  5.40000000E+01  1.12870775E+00  1.02957877E+00  1.12870775E+00
   181  5.43000000E+01  1.12868100E+00  1.03147384E+00  1.12868100E+00
   182  5.46000000E+01  1.12870861E+00  1.03345215E+00  1.12870861E+00
   183  5.49000000E+01  1.12869265E+00  1.03551387E+00  1.12869265E+00
   184  5.52000000E+01  1.12872720E+00  1.03765875E+00  1.12872720E+00
   185  5.55000000E+01  1.12870424E+00  1.03988612E+00  1.12870424E+00
   186  5.58000000E+01  1.12872759E+00  1.04219481E+00  1.12872759E+00
   187  5.61000000E+01  1.12870856E+00  1.04458315E+00  1.12870856E+00
   188  5.64000000E+01  1.12874522E+00  1.04704895E+00  1.12874522E+00
   189  5.67000000E+01  1.12873155E+00  1.04958942E+00  1.12873155E+00
   190  5.70000000E+01  1.12874498E+00  1.05220120E+00  1.12874498E+00
   191  5.73000000E+01  1.12873560E+00  1.05488031E+00  1.12873560E+00
   192  5.76000000E+01  1.12876150E+00  1.05762211E+00  1.12876150E+00
   193  5.79000000E+01  1.12875793E+00  1.06042137E+00  1.12875793E+00
   194  5.82000000E+01  1.12876051E+00  1.06327215E+00  1.12876051E+00
   195  5.85000000E+01  1.12876157E+00  1.06616791E+00  1.12876157E+00
   196  5.88000000E+01  1.12877576E+00  1.06910145E+00  1.12877576E+00
   197  5.91000000E+01  1.12878309E+00  1.07206494E+00  1.12878309E+00
   198  5.94000000E+01  1.12877389E+00  1.07504997E+00  1.12877389E+00
   199  5.97000000E+01  1.12878619E+00  1.07804754E+00  1.12878619E+00
   200  6.00000000E+01  1.12878774E+00  1.08104814E+00  1.12878774E+00
   201  6.03000000E+01  1.12880675E+00  1.08404179E+00  1.12880675E+00
   202  6.06000000E+01  1.12878487E+00  1.08701807E+00  1.12878487E+00
   203  6.09000000E+01  1.12880921E+00  1.08996625E+00  1.12880921E+00
   204  6.12000000E+01  1.12879720E+00  1.09287529E+00  1.12879720E+00
   205  6.15000000E+01  1.12882867E+00  1.09573399E+00  1.12882867E+00
   206  6.18000000E+01  1.12880073E+00  1.09853105E+00  1.12880073E+00
   207  6.21000000E+01  1.12883036E+00  1.10125519E+00  1.12883036E+00
   208  6.24000000E+01  1.12880658E+00  1.10389528E+00  1.12880658E+00
   209  6.27000000E+01  1.12884861E+00  1.10644041E+00  1.12884861E+00
   210  6.30000000E+01  1.12883045E+00  1.10888006E+00  1.12883045E+00
   211  6.33000000E+01  1.12884943E+00  1.11120426E+00  1.12884943E+00
   212  6.36000000E+01  1.12883577E+00  1.11340370E+00  1.12883577E+00
   213  6.39000000E+01  1.12886636E+00  1.11546988E+00  1.12886636E+00
   214  6.42000000E+01  1.12885874E+00  1.11739532E+00  1.12885874E+00
   215  6.45000000E+01  1.12886621E+00  1.11917368E+00  1.12886621E+00
   216  6.48000000E+01  1.12886344E+00  1.12079993E+00  1.12886344E+00
   217  6.51000000E+01  1.12888170E+00  1.12227051E+00  1.12888170E+00
   218  6.54000000E+01  1.12888540E+00  1.12358351E+00  1.12888540E+00
   219  6.57000000E+01  1.12888049E+00  1.12473875E+00  1.12888049E+00
   220  6.60000000E+01  1.12888938E+00  1.12573791E+00  1.12888938E+00
   221  6.63000000E+01  1.12889445E+00  1.12658461E+00  1.12889445E+00
   222  6.66000000E+01  1.12891024E+00  1.12728443E+00  1.12891024E+00
   223  6.69000000E+01  1.12889216E+00  1.12784489E+00  1.12889216E+00
   224  6.72000000E+01  1.12891352E+00  1.12827538E+00  1.12891352E+00
   225  6.75000000E+01  1.12890471E+00  1.12858698E+00  1.12890471E+00
   226  6.78000000E+01  1.12893336E+00  1.12879231E+00  1.12893336E+00
   227  6.81000000E+01  1.12890516E+00  1.12890516E+00  1.12890516E+00
   228  6.84000000E+01  1.12894020E+00  1.12894020E+00  1.12894020E+00
   229  6.87000000E+01  1.12891256E+00  1.12891256E+00  1.12891256E+00
   230  6.90000000E+01  1.12883739E+00  1.12883739E+00  1.12883739E+00
   231  6.93000000E+01  1.12872936E+00  1.12872936E+00  1.12872936E+00
   232  6.96000000E+01  1.12860223E+00  1.12860223E+00  1.12860223E+00
   233  6.99000000E+01  1.12846842E+00  1.12846842E+00  1.12846842E+00
   234  7.02000000E+01  1.12838903E+00  1.12833858E+00  1.12838903E+00
   235  7.05000000E+01  1.12838903E+00  1.12822135E+00  1.12838903E+00
   236  7.08000000E+01  1.12838903E+00  1.12812314E+00  1.12838903E+00
   237  7.11000000E+01  1.12838903E+00  1.12804804E+00  1.12838903E+00
   238  7.14000000E+01  1.12838903E+00  1.12799791E+00  1.12838903E+00
   239  7.17000000E+01  1.12838903E+00  1.12797252E+00  1.12838903E+00
   240  7.20000000E+01  1.12838903E+00  1.12796986E+00  1.12838903E+00
   241  7.23000000E+01  1.12838903E+00  1.12798651E+00  1.12838903E+00
   242  7.26000000E+01  1.12838903E+00  1.12801807E+00  1.12838903E+00
   243  7.29000000E+01  1.12838903E+00  1.12805967E+00  1.12838903E+00
   244  7.32000000E+01  1.12838903E+00  1.12810637E+00  1.12838903E+00
   245  7.35000000E+01  1.12838903E+00  1.12815358E+00  1.12838903E+00
   246  7.38000000E+01  1.12838903E+00  1.12819744E+00  1.12838903E+00
   247  7.41000000E+01  1.12838903E+00  1.12823500E+00  1.12838903E+00
   248  7.44000000E+01  1.12838903E+00  1.12826437E+00  1.12838903E+00
   249  7.47000000E+01  1.12838903E+00  1.12828471E+00  1.12838903E+00
   250  7.50000000E+01  1.12838903E+00  1.12829619E+00  1.12838903E+00
   251  7.53000000E+01  1.12838903E+00  1.12829974E+00  1.12838903E+00
   252  7.56000000E+01  1.12838903E+00  1.12829691E+00  1.12838903E+00
   253  7.59000000E+01  1.12838903E+00  1.12828957E+00  1.12838903E+00
   254  7.62000000E+01  1.12838903E+00  1.12827964E+00  1.12838903E+00
   255  7.65000000E+01  1.12838903E+00  1.12826893E+00  1.12838903E+00
   256  7.68000000E+01  1.12838903E+00  1.12825894E+00  1.12838903E+00
   257  7.71000000E+01  1.12838903E+00  1.12825074E+00  1.12838903E+00
   258  7.74000000E+01  1.12838903E+00  1.12824495E+00  1.12838903E+00
   259  7.77000000E+01  1.12838903E+00  1.12824176E+00  1.12838903E+00
   260  7.80000000E+01  1.12838903E+00  1.12824099E+00  1.12838903E+00
   261  7.83000000E+01  1.12838903E+00  1.12824217E+00  1.12838903E+00
   262  7.86000000E+01  1.12838903E+00  1.12824471E+00  1.12838903E+00
   263  7.89000000E+01  1.12838903E+00  1.12824793E+00  1.12838903E+00
   264  7.92000000E+01  1.12838903E+00  1.12825124E+00  1.12838903E+00
   265  7.95000000E+01  1.12838903E+00  1.12825415E+00  1.12838903E+00
 steady-height stop at step    265: changes <=   1.0000E-05, max-end <=   1.0000E-02, max/end/gap/profile_change =   1.12838903E+00  1.12825415E+00  1.34881035E-04  2.90733751E-06


STDERR:
