COMMAND:
/shared/generate_rom_data/extrudate_swell2d_c_cluster

STDOUT:
 comppar: model =   6
 comppar: lambda,mobility/eps,betav,eta_0 =  6.4000E+00  2.3333E-01  7.0000E-01  1.0000E+00
 comppar: eta_s,eta_p,G =  7.0000E-01  3.0000E-01  4.6875E-02
 comppar: U_avg,deltat,flowrate,nsteps =  1.0000E-01  3.0000E-01  3.1416E-01     700
 comppar: geometry = axisymmetric
 comppar: steady stop change,gap,hold,min =  1.0000E-05  1.0000E-02      10      80
 comppar: ncompc,ncompg =     4     5
 mesh nnodes = 5765
 mesh nelem = 2780
 P1 BC   5.0000000000000000     
 P2 BC   0.0000000000000000     
     1  3.00000000E-01  1.00379361E+00  1.00000000E+00  1.00379361E+00
     2  6.00000000E-01  1.00750347E+00  1.00000000E+00  1.00750347E+00
     3  9.00000000E-01  1.01113042E+00  1.00000000E+00  1.01113042E+00
     4  1.20000000E+00  1.01467571E+00  1.00000000E+00  1.01467571E+00
     5  1.50000000E+00  1.01814191E+00  1.00000000E+00  1.01814191E+00
     6  1.80000000E+00  1.02152637E+00  1.00000000E+00  1.02152637E+00
     7  2.10000000E+00  1.02484340E+00  1.00000000E+00  1.02484340E+00
     8  2.40000000E+00  1.02809493E+00  1.00000000E+00  1.02809493E+00
     9  2.70000000E+00  1.03127339E+00  1.00000000E+00  1.03127339E+00
    10  3.00000000E+00  1.03437790E+00  1.00000000E+00  1.03437790E+00
    11  3.30000000E+00  1.03744532E+00  1.00000000E+00  1.03744532E+00
    12  3.60000000E+00  1.04044216E+00  1.00000000E+00  1.04044216E+00
    13  3.90000000E+00  1.04337625E+00  1.00000000E+00  1.04337625E+00
    14  4.20000000E+00  1.04628579E+00  1.00000000E+00  1.04628579E+00
    15  4.50000000E+00  1.04909803E+00  9.99999997E-01  1.04909803E+00
    16  4.80000000E+00  1.05192584E+00  9.99999994E-01  1.05192584E+00
    17  5.10000000E+00  1.05465508E+00  9.99999989E-01  1.05465508E+00
    18  5.40000000E+00  1.05738985E+00  9.99999982E-01  1.05738985E+00
    19  5.70000000E+00  1.06000587E+00  9.99999975E-01  1.06000587E+00
    20  6.00000000E+00  1.06267130E+00  9.99999965E-01  1.06267130E+00
    21  6.30000000E+00  1.06521923E+00  9.99999954E-01  1.06521923E+00
    22  6.60000000E+00  1.06778363E+00  9.99999940E-01  1.06778363E+00
    23  6.90000000E+00  1.07026684E+00  9.99999925E-01  1.07026684E+00
    24  7.20000000E+00  1.07270512E+00  9.99999906E-01  1.07270512E+00
    25  7.50000000E+00  1.07514867E+00  9.99999885E-01  1.07514867E+00
    26  7.80000000E+00  1.07747231E+00  9.99999861E-01  1.07747231E+00
    27  8.10000000E+00  1.07985184E+00  9.99999833E-01  1.07985184E+00
    28  8.40000000E+00  1.08213717E+00  9.99999802E-01  1.08213717E+00
    29  8.70000000E+00  1.08432938E+00  9.99999766E-01  1.08432938E+00
    30  9.00000000E+00  1.08660253E+00  9.99999726E-01  1.08660253E+00
    31  9.30000000E+00  1.08875507E+00  9.99999681E-01  1.08875507E+00
    32  9.60000000E+00  1.09084723E+00  9.99999630E-01  1.09084723E+00
    33  9.90000000E+00  1.09298619E+00  9.99999574E-01  1.09298619E+00
    34  1.02000000E+01  1.09500367E+00  9.99999512E-01  1.09500367E+00
    35  1.05000000E+01  1.09693435E+00  9.99999442E-01  1.09693435E+00
    36  1.08000000E+01  1.09896671E+00  9.99999366E-01  1.09896671E+00
    37  1.11000000E+01  1.10087852E+00  9.99999281E-01  1.10087852E+00
    38  1.14000000E+01  1.10267136E+00  9.99999188E-01  1.10267136E+00
    39  1.17000000E+01  1.10456910E+00  9.99999085E-01  1.10456910E+00
    40  1.20000000E+01  1.10637280E+00  9.99998972E-01  1.10637280E+00
    41  1.23000000E+01  1.10806124E+00  9.99998849E-01  1.10806124E+00
    42  1.26000000E+01  1.10974883E+00  9.99998714E-01  1.10974883E+00
    43  1.29000000E+01  1.11147195E+00  9.99998566E-01  1.11147195E+00
    44  1.32000000E+01  1.11308424E+00  9.99998405E-01  1.11308424E+00
    45  1.35000000E+01  1.11459251E+00  9.99998230E-01  1.11459251E+00
    46  1.38000000E+01  1.11617930E+00  9.99998039E-01  1.11617930E+00
    47  1.41000000E+01  1.11771382E+00  9.99997832E-01  1.11771382E+00
    48  1.44000000E+01  1.11915065E+00  9.99997607E-01  1.11915065E+00
    49  1.47000000E+01  1.12049905E+00  9.99997363E-01  1.12049905E+00
    50  1.50000000E+01  1.12196231E+00  9.99997099E-01  1.12196231E+00
    51  1.53000000E+01  1.12333554E+00  9.99996813E-01  1.12333554E+00
    52  1.56000000E+01  1.12462730E+00  9.99996504E-01  1.12462730E+00
    53  1.59000000E+01  1.12584722E+00  9.99996171E-01  1.12584722E+00
    54  1.62000000E+01  1.12715499E+00  9.99995812E-01  1.12715499E+00
    55  1.65000000E+01  1.12839174E+00  9.99995424E-01  1.12839174E+00
    56  1.68000000E+01  1.12956389E+00  9.99995007E-01  1.12956389E+00
    57  1.71000000E+01  1.13067984E+00  9.99994559E-01  1.13067984E+00
    58  1.74000000E+01  1.13183593E+00  9.99994077E-01  1.13183593E+00
    59  1.77000000E+01  1.13296457E+00  9.99993560E-01  1.13296457E+00
    60  1.80000000E+01  1.13404195E+00  9.99993005E-01  1.13404195E+00
    61  1.83000000E+01  1.13507399E+00  9.99992410E-01  1.13507399E+00
    62  1.86000000E+01  1.13606491E+00  9.99991773E-01  1.13606491E+00
    63  1.89000000E+01  1.13709202E+00  9.99991092E-01  1.13709202E+00
    64  1.92000000E+01  1.13809222E+00  9.99990363E-01  1.13809222E+00
    65  1.95000000E+01  1.13905337E+00  9.99989585E-01  1.13905337E+00
    66  1.98000000E+01  1.13997655E+00  9.99988755E-01  1.13997655E+00
    67  2.01000000E+01  1.14086137E+00  9.99987870E-01  1.14086137E+00
    68  2.04000000E+01  1.14176352E+00  9.99986926E-01  1.14176352E+00
    69  2.07000000E+01  1.14265453E+00  9.99985922E-01  1.14265453E+00
    70  2.10000000E+01  1.14350598E+00  9.99984854E-01  1.14350598E+00
    71  2.13000000E+01  1.14431576E+00  9.99983718E-01  1.14431576E+00
    72  2.16000000E+01  1.14508128E+00  9.99982512E-01  1.14508128E+00
    73  2.19000000E+01  1.14589074E+00  9.99981233E-01  1.14589074E+00
    74  2.22000000E+01  1.14666565E+00  9.99979876E-01  1.14666565E+00
    75  2.25000000E+01  1.14739403E+00  9.99978440E-01  1.14739403E+00
    76  2.28000000E+01  1.14807369E+00  9.99976919E-01  1.14807369E+00
    77  2.31000000E+01  1.14877024E+00  9.99975310E-01  1.14877024E+00
    78  2.34000000E+01  1.14945934E+00  9.99973611E-01  1.14945934E+00
    79  2.37000000E+01  1.15009892E+00  9.99971818E-01  1.15009892E+00
    80  2.40000000E+01  1.15068832E+00  9.99969926E-01  1.15068832E+00
    81  2.43000000E+01  1.15130474E+00  9.99967933E-01  1.15130474E+00
    82  2.46000000E+01  1.15190377E+00  9.99965835E-01  1.15190377E+00
    83  2.49000000E+01  1.15245266E+00  9.99963629E-01  1.15245266E+00
    84  2.52000000E+01  1.15295275E+00  9.99961311E-01  1.15295275E+00
    85  2.55000000E+01  1.15349648E+00  9.99958878E-01  1.15349648E+00
    86  2.58000000E+01  1.15400691E+00  9.99956328E-01  1.15400691E+00
    87  2.61000000E+01  1.15447031E+00  9.99953658E-01  1.15447031E+00
    88  2.64000000E+01  1.15490461E+00  9.99950864E-01  1.15490461E+00
    89  2.67000000E+01  1.15537653E+00  9.99947946E-01  1.15537653E+00
    90  2.70000000E+01  1.15580351E+00  9.99944900E-01  1.15580351E+00
    91  2.73000000E+01  1.15618893E+00  9.99941726E-01  1.15618893E+00
    92  2.76000000E+01  1.15657524E+00  9.99938422E-01  1.15657524E+00
    93  2.79000000E+01  1.15696928E+00  9.99934988E-01  1.15696928E+00
    94  2.82000000E+01  1.15732438E+00  9.99931424E-01  1.15732438E+00
    95  2.85000000E+01  1.15764430E+00  9.99927731E-01  1.15764430E+00
    96  2.88000000E+01  1.15798357E+00  9.99923909E-01  1.15798357E+00
    97  2.91000000E+01  1.15830954E+00  9.99919963E-01  1.15830954E+00
    98  2.94000000E+01  1.15860332E+00  9.99915894E-01  1.15860332E+00
    99  2.97000000E+01  1.15886842E+00  9.99911707E-01  1.15886842E+00
   100  3.00000000E+01  1.15916589E+00  9.99907409E-01  1.15916589E+00
   101  3.03000000E+01  1.15943609E+00  9.99903004E-01  1.15943609E+00
   102  3.06000000E+01  1.15967988E+00  9.99898502E-01  1.15967988E+00
   103  3.09000000E+01  1.15990102E+00  9.99893913E-01  1.15990102E+00
   104  3.12000000E+01  1.16014949E+00  9.99889248E-01  1.16014949E+00
   105  3.15000000E+01  1.16037399E+00  9.99884520E-01  1.16037399E+00
   106  3.18000000E+01  1.16057705E+00  9.99879746E-01  1.16057705E+00
   107  3.21000000E+01  1.16076440E+00  9.99874943E-01  1.16076440E+00
   108  3.24000000E+01  1.16097091E+00  9.99870131E-01  1.16097091E+00
   109  3.27000000E+01  1.16115770E+00  9.99865334E-01  1.16115770E+00
   110  3.30000000E+01  1.16132669E+00  9.99860578E-01  1.16132669E+00
   111  3.33000000E+01  1.16147953E+00  9.99855892E-01  1.16147953E+00
   112  3.36000000E+01  1.16164781E+00  9.99851310E-01  1.16164781E+00
   113  3.39000000E+01  1.16180380E+00  9.99846869E-01  1.16180380E+00
   114  3.42000000E+01  1.16194480E+00  9.99842609E-01  1.16194480E+00
   115  3.45000000E+01  1.16207209E+00  9.99838578E-01  1.16207209E+00
   116  3.48000000E+01  1.16220727E+00  9.99834824E-01  1.16220727E+00
   117  3.51000000E+01  1.16233689E+00  9.99831405E-01  1.16233689E+00
   118  3.54000000E+01  1.16245386E+00  9.99828383E-01  1.16245386E+00
   119  3.57000000E+01  1.16255927E+00  9.99825825E-01  1.16255927E+00
   120  3.60000000E+01  1.16266214E+00  9.99823805E-01  1.16266214E+00
   121  3.63000000E+01  1.16276987E+00  9.99822407E-01  1.16276987E+00
   122  3.66000000E+01  1.16286686E+00  9.99821720E-01  1.16286686E+00
   123  3.69000000E+01  1.16295413E+00  9.99821841E-01  1.16295413E+00
   124  3.72000000E+01  1.16303264E+00  9.99822879E-01  1.16303264E+00
   125  3.75000000E+01  1.16311975E+00  9.99824949E-01  1.16311975E+00
   126  3.78000000E+01  1.16319991E+00  9.99828178E-01  1.16319991E+00
   127  3.81000000E+01  1.16327202E+00  9.99832706E-01  1.16327202E+00
   128  3.84000000E+01  1.16333693E+00  9.99838680E-01  1.16333693E+00
   129  3.87000000E+01  1.16339785E+00  9.99846265E-01  1.16339785E+00
   130  3.90000000E+01  1.16346418E+00  9.99855635E-01  1.16346418E+00
   131  3.93000000E+01  1.16352391E+00  9.99866981E-01  1.16352391E+00
   132  3.96000000E+01  1.16357776E+00  9.99880509E-01  1.16357776E+00
   133  3.99000000E+01  1.16362637E+00  9.99896440E-01  1.16362637E+00
   134  4.02000000E+01  1.16367173E+00  9.99915013E-01  1.16367173E+00
   135  4.05000000E+01  1.16372126E+00  9.99936487E-01  1.16372126E+00
   136  4.08000000E+01  1.16376597E+00  9.99961139E-01  1.16376597E+00
   137  4.11000000E+01  1.16380637E+00  9.99989268E-01  1.16380637E+00
   138  4.14000000E+01  1.16384289E+00  1.00002119E+00  1.16384289E+00
   139  4.17000000E+01  1.16387590E+00  1.00005726E+00  1.16387590E+00
   140  4.20000000E+01  1.16390968E+00  1.00009784E+00  1.16390968E+00
   141  4.23000000E+01  1.16394341E+00  1.00014333E+00  1.16394341E+00
   142  4.26000000E+01  1.16397391E+00  1.00019415E+00  1.16397391E+00
   143  4.29000000E+01  1.16400150E+00  1.00025075E+00  1.16400150E+00
   144  4.32000000E+01  1.16402643E+00  1.00031362E+00  1.16402643E+00
   145  4.35000000E+01  1.16404897E+00  1.00038327E+00  1.16404897E+00
   146  4.38000000E+01  1.16407071E+00  1.00046027E+00  1.16407071E+00
   147  4.41000000E+01  1.16409370E+00  1.00054519E+00  1.16409370E+00
   148  4.44000000E+01  1.16411448E+00  1.00063866E+00  1.16411448E+00
   149  4.47000000E+01  1.16413326E+00  1.00074135E+00  1.16413326E+00
   150  4.50000000E+01  1.16415025E+00  1.00085397E+00  1.16415025E+00
   151  4.53000000E+01  1.16416561E+00  1.00097727E+00  1.16416561E+00
   152  4.56000000E+01  1.16417950E+00  1.00111204E+00  1.16417950E+00
   153  4.59000000E+01  1.16419207E+00  1.00125915E+00  1.16419207E+00
   154  4.62000000E+01  1.16420501E+00  1.00141947E+00  1.16420501E+00
   155  4.65000000E+01  1.16421786E+00  1.00159396E+00  1.16421786E+00
   156  4.68000000E+01  1.16422948E+00  1.00178362E+00  1.16422948E+00
   157  4.71000000E+01  1.16423999E+00  1.00198952E+00  1.16423999E+00
   158  4.74000000E+01  1.16424951E+00  1.00221277E+00  1.16424951E+00
   159  4.77000000E+01  1.16425812E+00  1.00245454E+00  1.16425812E+00
   160  4.80000000E+01  1.16426591E+00  1.00271607E+00  1.16426591E+00
   161  4.83000000E+01  1.16427296E+00  1.00299868E+00  1.16427296E+00
   162  4.86000000E+01  1.16427933E+00  1.00330372E+00  1.16427933E+00
   163  4.89000000E+01  1.16428509E+00  1.00363263E+00  1.16428509E+00
   164  4.92000000E+01  1.16429029E+00  1.00398691E+00  1.16429029E+00
   165  4.95000000E+01  1.16429500E+00  1.00436813E+00  1.16429500E+00
   166  4.98000000E+01  1.16429992E+00  1.00477793E+00  1.16429992E+00
   167  5.01000000E+01  1.16430472E+00  1.00521802E+00  1.16430472E+00
   168  5.04000000E+01  1.16430905E+00  1.00569017E+00  1.16430905E+00
   169  5.07000000E+01  1.16431296E+00  1.00619624E+00  1.16431296E+00
   170  5.10000000E+01  1.16431650E+00  1.00673814E+00  1.16431650E+00
   171  5.13000000E+01  1.16431968E+00  1.00731784E+00  1.16431968E+00
   172  5.16000000E+01  1.16432256E+00  1.00793740E+00  1.16432256E+00
   173  5.19000000E+01  1.16432514E+00  1.00859891E+00  1.16432514E+00
   174  5.22000000E+01  1.16432748E+00  1.00930455E+00  1.16432748E+00
   175  5.25000000E+01  1.16432958E+00  1.01005651E+00  1.16432958E+00
   176  5.28000000E+01  1.16433147E+00  1.01085707E+00  1.16433147E+00
   177  5.31000000E+01  1.16433316E+00  1.01170852E+00  1.16433316E+00
   178  5.34000000E+01  1.16433469E+00  1.01261320E+00  1.16433469E+00
   179  5.37000000E+01  1.16433606E+00  1.01357345E+00  1.16433606E+00
   180  5.40000000E+01  1.16433729E+00  1.01459165E+00  1.16433729E+00
   181  5.43000000E+01  1.16433839E+00  1.01567016E+00  1.16433839E+00
   182  5.46000000E+01  1.16433938E+00  1.01681132E+00  1.16433938E+00
   183  5.49000000E+01  1.16434026E+00  1.01801747E+00  1.16434026E+00
   184  5.52000000E+01  1.16434105E+00  1.01929088E+00  1.16434105E+00
   185  5.55000000E+01  1.16434175E+00  1.02063376E+00  1.16434175E+00
   186  5.58000000E+01  1.16434238E+00  1.02204823E+00  1.16434238E+00
   187  5.61000000E+01  1.16434295E+00  1.02353633E+00  1.16434295E+00
   188  5.64000000E+01  1.16434345E+00  1.02509993E+00  1.16434345E+00
   189  5.67000000E+01  1.16434389E+00  1.02674079E+00  1.16434389E+00
   190  5.70000000E+01  1.16434429E+00  1.02846047E+00  1.16434429E+00
   191  5.73000000E+01  1.16434464E+00  1.03026031E+00  1.16434464E+00
   192  5.76000000E+01  1.16434495E+00  1.03214145E+00  1.16434495E+00
   193  5.79000000E+01  1.16434523E+00  1.03410473E+00  1.16434523E+00
   194  5.82000000E+01  1.16434547E+00  1.03615073E+00  1.16434547E+00
   195  5.85000000E+01  1.16434569E+00  1.03827969E+00  1.16434569E+00
   196  5.88000000E+01  1.16434588E+00  1.04049150E+00  1.16434588E+00
   197  5.91000000E+01  1.16434605E+00  1.04278567E+00  1.16434605E+00
   198  5.94000000E+01  1.16434620E+00  1.04516131E+00  1.16434620E+00
   199  5.97000000E+01  1.16434633E+00  1.04761708E+00  1.16434633E+00
   200  6.00000000E+01  1.16434644E+00  1.05015118E+00  1.16434644E+00
   201  6.03000000E+01  1.16434655E+00  1.05276133E+00  1.16434655E+00
   202  6.06000000E+01  1.16434663E+00  1.05544474E+00  1.16434663E+00
   203  6.09000000E+01  1.16434671E+00  1.05819810E+00  1.16434671E+00
   204  6.12000000E+01  1.16434678E+00  1.06101758E+00  1.16434678E+00
   205  6.15000000E+01  1.16434684E+00  1.06389880E+00  1.16434684E+00
   206  6.18000000E+01  1.16434689E+00  1.06683683E+00  1.16434689E+00
   207  6.21000000E+01  1.16434694E+00  1.06982622E+00  1.16434694E+00
   208  6.24000000E+01  1.16434698E+00  1.07286100E+00  1.16434698E+00
   209  6.27000000E+01  1.16434702E+00  1.07593466E+00  1.16434702E+00
   210  6.30000000E+01  1.16434705E+00  1.07904024E+00  1.16434705E+00
   211  6.33000000E+01  1.16434707E+00  1.08217031E+00  1.16434707E+00
   212  6.36000000E+01  1.16434710E+00  1.08531702E+00  1.16434710E+00
   213  6.39000000E+01  1.16434712E+00  1.08847217E+00  1.16434712E+00
   214  6.42000000E+01  1.16434714E+00  1.09162722E+00  1.16434714E+00
   215  6.45000000E+01  1.16434715E+00  1.09477336E+00  1.16434715E+00
   216  6.48000000E+01  1.16434717E+00  1.09790161E+00  1.16434717E+00
   217  6.51000000E+01  1.16434718E+00  1.10100283E+00  1.16434718E+00
   218  6.54000000E+01  1.16434719E+00  1.10406787E+00  1.16434719E+00
   219  6.57000000E+01  1.16434720E+00  1.10708756E+00  1.16434720E+00
   220  6.60000000E+01  1.16434721E+00  1.11005292E+00  1.16434721E+00
   221  6.63000000E+01  1.16434722E+00  1.11295514E+00  1.16434722E+00
   222  6.66000000E+01  1.16434723E+00  1.11578575E+00  1.16434723E+00
   223  6.69000000E+01  1.16434723E+00  1.11853672E+00  1.16434723E+00
   224  6.72000000E+01  1.16434724E+00  1.12120055E+00  1.16434724E+00
   225  6.75000000E+01  1.16434724E+00  1.12377041E+00  1.16434724E+00
   226  6.78000000E+01  1.16434725E+00  1.12624022E+00  1.16434725E+00
   227  6.81000000E+01  1.16434725E+00  1.12860480E+00  1.16434725E+00
   228  6.84000000E+01  1.16434726E+00  1.13085997E+00  1.16434726E+00
   229  6.87000000E+01  1.16434726E+00  1.13300261E+00  1.16434726E+00
   230  6.90000000E+01  1.16434727E+00  1.13503082E+00  1.16434727E+00
   231  6.93000000E+01  1.16434727E+00  1.13694391E+00  1.16434727E+00
   232  6.96000000E+01  1.16434727E+00  1.13874250E+00  1.16434727E+00
   233  6.99000000E+01  1.16434728E+00  1.14042848E+00  1.16434728E+00
   234  7.02000000E+01  1.16434728E+00  1.14200502E+00  1.16434728E+00
   235  7.05000000E+01  1.16434729E+00  1.14347647E+00  1.16434729E+00
   236  7.08000000E+01  1.16434729E+00  1.14484828E+00  1.16434729E+00
   237  7.11000000E+01  1.16434729E+00  1.14612680E+00  1.16434729E+00
   238  7.14000000E+01  1.16434729E+00  1.14731912E+00  1.16434729E+00
   239  7.17000000E+01  1.16434730E+00  1.14843279E+00  1.16434730E+00
   240  7.20000000E+01  1.16434730E+00  1.14947557E+00  1.16434730E+00
   241  7.23000000E+01  1.16434730E+00  1.15045514E+00  1.16434730E+00
   242  7.26000000E+01  1.16434731E+00  1.15137883E+00  1.16434731E+00
   243  7.29000000E+01  1.16434731E+00  1.15225333E+00  1.16434731E+00
   244  7.32000000E+01  1.16434731E+00  1.15308444E+00  1.16434731E+00
   245  7.35000000E+01  1.16434731E+00  1.15387692E+00  1.16434731E+00
   246  7.38000000E+01  1.16434732E+00  1.15463432E+00  1.16434732E+00
   247  7.41000000E+01  1.16434732E+00  1.15535897E+00  1.16434732E+00
   248  7.44000000E+01  1.16434732E+00  1.15605199E+00  1.16434732E+00
   249  7.47000000E+01  1.16434733E+00  1.15671341E+00  1.16434733E+00
   250  7.50000000E+01  1.16434733E+00  1.15734235E+00  1.16434733E+00
   251  7.53000000E+01  1.16434733E+00  1.15793725E+00  1.16434733E+00
   252  7.56000000E+01  1.16434733E+00  1.15849619E+00  1.16434733E+00
   253  7.59000000E+01  1.16434733E+00  1.15901715E+00  1.16434733E+00
   254  7.62000000E+01  1.16434734E+00  1.15949833E+00  1.16434734E+00
   255  7.65000000E+01  1.16434734E+00  1.15993840E+00  1.16434734E+00
   256  7.68000000E+01  1.16434734E+00  1.16033672E+00  1.16434734E+00
   257  7.71000000E+01  1.16434734E+00  1.16069346E+00  1.16434734E+00
   258  7.74000000E+01  1.16434734E+00  1.16100970E+00  1.16434734E+00
   259  7.77000000E+01  1.16434735E+00  1.16128737E+00  1.16434735E+00
   260  7.80000000E+01  1.16434735E+00  1.16152922E+00  1.16434735E+00
   261  7.83000000E+01  1.16434735E+00  1.16173858E+00  1.16434735E+00
   262  7.86000000E+01  1.16434735E+00  1.16191927E+00  1.16434735E+00
   263  7.89000000E+01  1.16434735E+00  1.16207527E+00  1.16434735E+00
   264  7.92000000E+01  1.16434735E+00  1.16221057E+00  1.16434735E+00
   265  7.95000000E+01  1.16434736E+00  1.16232894E+00  1.16434736E+00
   266  7.98000000E+01  1.16434736E+00  1.16243375E+00  1.16434736E+00
   267  8.01000000E+01  1.16434736E+00  1.16252787E+00  1.16434736E+00
   268  8.04000000E+01  1.16434736E+00  1.16261359E+00  1.16434736E+00
   269  8.07000000E+01  1.16434736E+00  1.16269263E+00  1.16434736E+00
   270  8.10000000E+01  1.16434736E+00  1.16276613E+00  1.16434736E+00
   271  8.13000000E+01  1.16434736E+00  1.16283478E+00  1.16434736E+00
   272  8.16000000E+01  1.16434736E+00  1.16289891E+00  1.16434736E+00
   273  8.19000000E+01  1.16434737E+00  1.16295860E+00  1.16434737E+00
   274  8.22000000E+01  1.16434737E+00  1.16301377E+00  1.16434737E+00
   275  8.25000000E+01  1.16434737E+00  1.16306433E+00  1.16434737E+00
   276  8.28000000E+01  1.16434737E+00  1.16311021E+00  1.16434737E+00
   277  8.31000000E+01  1.16434737E+00  1.16315146E+00  1.16434737E+00
   278  8.34000000E+01  1.16434737E+00  1.16318822E+00  1.16434737E+00
   279  8.37000000E+01  1.16434737E+00  1.16322076E+00  1.16434737E+00
   280  8.40000000E+01  1.16434737E+00  1.16324946E+00  1.16434737E+00
   281  8.43000000E+01  1.16434737E+00  1.16327474E+00  1.16434737E+00
   282  8.46000000E+01  1.16434737E+00  1.16329708E+00  1.16434737E+00
   283  8.49000000E+01  1.16434737E+00  1.16331693E+00  1.16434737E+00
   284  8.52000000E+01  1.16434737E+00  1.16333470E+00  1.16434737E+00
   285  8.55000000E+01  1.16434738E+00  1.16335077E+00  1.16434738E+00
   286  8.58000000E+01  1.16434738E+00  1.16336542E+00  1.16434738E+00
   287  8.61000000E+01  1.16434738E+00  1.16337886E+00  1.16434738E+00
   288  8.64000000E+01  1.16434738E+00  1.16339123E+00  1.16434738E+00
   289  8.67000000E+01  1.16434738E+00  1.16340264E+00  1.16434738E+00
   290  8.70000000E+01  1.16434738E+00  1.16341314E+00  1.16434738E+00
   291  8.73000000E+01  1.16434738E+00  1.16342277E+00  1.16434738E+00
   292  8.76000000E+01  1.16434738E+00  1.16343155E+00  1.16434738E+00
   293  8.79000000E+01  1.16434738E+00  1.16343951E+00  1.16434738E+00
   294  8.82000000E+01  1.16434738E+00  1.16344669E+00  1.16434738E+00
   295  8.85000000E+01  1.16434738E+00  1.16345314E+00  1.16434738E+00
   296  8.88000000E+01  1.16434738E+00  1.16345891E+00  1.16434738E+00
   297  8.91000000E+01  1.16434738E+00  1.16346406E+00  1.16434738E+00
   298  8.94000000E+01  1.16434738E+00  1.16346868E+00  1.16434738E+00
   299  8.97000000E+01  1.16434738E+00  1.16347281E+00  1.16434738E+00
   300  9.00000000E+01  1.16434738E+00  1.16347653E+00  1.16434738E+00
 steady-height stop at step    300: changes <=   1.0000E-05, max-end <=   1.0000E-02, max/end/gap/profile_change =   1.16434738E+00  1.16347653E+00  8.70853548E-04  3.71708358E-06


STDERR:
