COMMAND:
/shared/generate_rom_data/extrudate_swell2d_c_cluster

STDOUT:
 comppar: model =   6
 comppar: lambda,mobility/eps,betav,eta_0 =  1.0000E+01  1.0000E-01  7.0000E-01  1.0000E+00
 comppar: eta_s,eta_p,G =  7.0000E-01  3.0000E-01  3.0000E-02
 comppar: U_avg,deltat,flowrate,nsteps =  1.0000E-01  3.0000E-01  3.1416E-01     700
 comppar: geometry = axisymmetric
 comppar: steady stop change,gap,hold,min =  1.0000E-05  1.0000E-02      10      80
 comppar: ncompc,ncompg =     4     5
 mesh nnodes = 5765
 mesh nelem = 2780
 P1 BC   5.0000000000000000     
 P2 BC   0.0000000000000000     
     1  3.00000000E-01  1.00379359E+00  1.00000000E+00  1.00379359E+00
     2  6.00000000E-01  1.00750469E+00  1.00000000E+00  1.00750469E+00
     3  9.00000000E-01  1.01113516E+00  1.00000000E+00  1.01113516E+00
     4  1.20000000E+00  1.01468564E+00  1.00000000E+00  1.01468564E+00
     5  1.50000000E+00  1.01815869E+00  1.00000000E+00  1.01815869E+00
     6  1.80000000E+00  1.02155126E+00  1.00000000E+00  1.02155126E+00
     7  2.10000000E+00  1.02488006E+00  1.00000000E+00  1.02488006E+00
     8  2.40000000E+00  1.02814269E+00  1.00000000E+00  1.02814269E+00
     9  2.70000000E+00  1.03133338E+00  1.00000000E+00  1.03133338E+00
    10  3.00000000E+00  1.03445190E+00  1.00000000E+00  1.03445190E+00
    11  3.30000000E+00  1.03753921E+00  1.00000000E+00  1.03753921E+00
    12  3.60000000E+00  1.04055390E+00  1.00000000E+00  1.04055390E+00
    13  3.90000000E+00  1.04351231E+00  1.00000000E+00  1.04351231E+00
    14  4.20000000E+00  1.04644516E+00  1.00000000E+00  1.04644516E+00
    15  4.50000000E+00  1.04928366E+00  9.99999997E-01  1.04928366E+00
    16  4.80000000E+00  1.05214450E+00  9.99999993E-01  1.05214450E+00
    17  5.10000000E+00  1.05490871E+00  9.99999987E-01  1.05490871E+00
    18  5.40000000E+00  1.05768542E+00  9.99999981E-01  1.05768542E+00
    19  5.70000000E+00  1.06034881E+00  9.99999973E-01  1.06034881E+00
    20  6.00000000E+00  1.06306875E+00  9.99999963E-01  1.06306875E+00
    21  6.30000000E+00  1.06567962E+00  9.99999951E-01  1.06567962E+00
    22  6.60000000E+00  1.06831373E+00  9.99999937E-01  1.06831373E+00
    23  6.90000000E+00  1.07088002E+00  9.99999921E-01  1.07088002E+00
    24  7.20000000E+00  1.07340418E+00  9.99999902E-01  1.07340418E+00
    25  7.50000000E+00  1.07595546E+00  9.99999880E-01  1.07595546E+00
    26  7.80000000E+00  1.07840486E+00  9.99999856E-01  1.07840486E+00
    27  8.10000000E+00  1.08089924E+00  9.99999827E-01  1.08089924E+00
    28  8.40000000E+00  1.08334366E+00  9.99999795E-01  1.08334366E+00
    29  8.70000000E+00  1.08569142E+00  9.99999759E-01  1.08569142E+00
    30  9.00000000E+00  1.08812919E+00  9.99999718E-01  1.08812919E+00
    31  9.30000000E+00  1.09050566E+00  9.99999673E-01  1.09050566E+00
    32  9.60000000E+00  1.09279257E+00  9.99999622E-01  1.09279257E+00
    33  9.90000000E+00  1.09514496E+00  9.99999566E-01  1.09514496E+00
    34  1.02000000E+01  1.09746427E+00  9.99999504E-01  1.09746427E+00
    35  1.05000000E+01  1.09970153E+00  9.99999435E-01  1.09970153E+00
    36  1.08000000E+01  1.10189423E+00  9.99999360E-01  1.10189423E+00
    37  1.11000000E+01  1.10419080E+00  9.99999277E-01  1.10419080E+00
    38  1.14000000E+01  1.10641262E+00  9.99999186E-01  1.10641262E+00
    39  1.17000000E+01  1.10856497E+00  9.99999086E-01  1.10856497E+00
    40  1.20000000E+01  1.11068537E+00  9.99998978E-01  1.11068537E+00
    41  1.23000000E+01  1.11289324E+00  9.99998860E-01  1.11289324E+00
    42  1.26000000E+01  1.11503876E+00  9.99998731E-01  1.11503876E+00
    43  1.29000000E+01  1.11712857E+00  9.99998592E-01  1.11712857E+00
    44  1.32000000E+01  1.11916983E+00  9.99998440E-01  1.11916983E+00
    45  1.35000000E+01  1.12124955E+00  9.99998277E-01  1.12124955E+00
    46  1.38000000E+01  1.12335798E+00  9.99998099E-01  1.12335798E+00
    47  1.41000000E+01  1.12542208E+00  9.99997908E-01  1.12542208E+00
    48  1.44000000E+01  1.12744788E+00  9.99997702E-01  1.12744788E+00
    49  1.47000000E+01  1.12944047E+00  9.99997480E-01  1.12944047E+00
    50  1.50000000E+01  1.13140360E+00  9.99997241E-01  1.13140360E+00
    51  1.53000000E+01  1.13340935E+00  9.99996984E-01  1.13340935E+00
    52  1.56000000E+01  1.13542319E+00  9.99996708E-01  1.13542319E+00
    53  1.59000000E+01  1.13740807E+00  9.99996412E-01  1.13740807E+00
    54  1.62000000E+01  1.13936498E+00  9.99996095E-01  1.13936498E+00
    55  1.65000000E+01  1.14129359E+00  9.99995755E-01  1.14129359E+00
    56  1.68000000E+01  1.14319259E+00  9.99995392E-01  1.14319259E+00
    57  1.71000000E+01  1.14506022E+00  9.99995004E-01  1.14506022E+00
    58  1.74000000E+01  1.14698682E+00  9.99994589E-01  1.14698682E+00
    59  1.77000000E+01  1.14889441E+00  9.99994146E-01  1.14889441E+00
    60  1.80000000E+01  1.15076845E+00  9.99993674E-01  1.15076845E+00
    61  1.83000000E+01  1.15260734E+00  9.99993171E-01  1.15260734E+00
    62  1.86000000E+01  1.15440974E+00  9.99992635E-01  1.15440974E+00
    63  1.89000000E+01  1.15617458E+00  9.99992065E-01  1.15617458E+00
    64  1.92000000E+01  1.15794909E+00  9.99991459E-01  1.15794909E+00
    65  1.95000000E+01  1.15974844E+00  9.99990814E-01  1.15974844E+00
    66  1.98000000E+01  1.16150825E+00  9.99990130E-01  1.16150825E+00
    67  2.01000000E+01  1.16322760E+00  9.99989404E-01  1.16322760E+00
    68  2.04000000E+01  1.16490536E+00  9.99988634E-01  1.16490536E+00
    69  2.07000000E+01  1.16654003E+00  9.99987819E-01  1.16654003E+00
    70  2.10000000E+01  1.16818210E+00  9.99986954E-01  1.16818210E+00
    71  2.13000000E+01  1.16984680E+00  9.99986040E-01  1.16984680E+00
    72  2.16000000E+01  1.17146605E+00  9.99985072E-01  1.17146605E+00
    73  2.19000000E+01  1.17303785E+00  9.99984050E-01  1.17303785E+00
    74  2.22000000E+01  1.17455998E+00  9.99982969E-01  1.17455998E+00
    75  2.25000000E+01  1.17603252E+00  9.99981829E-01  1.17603252E+00
    76  2.28000000E+01  1.17758378E+00  9.99980626E-01  1.17758378E+00
    77  2.31000000E+01  1.17908329E+00  9.99979357E-01  1.17908329E+00
    78  2.34000000E+01  1.18052892E+00  9.99978020E-01  1.18052892E+00
    79  2.37000000E+01  1.18191887E+00  9.99976613E-01  1.18191887E+00
    80  2.40000000E+01  1.18325185E+00  9.99975132E-01  1.18325185E+00
    81  2.43000000E+01  1.18465312E+00  9.99973574E-01  1.18465312E+00
    82  2.46000000E+01  1.18601473E+00  9.99971937E-01  1.18601473E+00
    83  2.49000000E+01  1.18731856E+00  9.99970218E-01  1.18731856E+00
    84  2.52000000E+01  1.18856426E+00  9.99968413E-01  1.18856426E+00
    85  2.55000000E+01  1.18977012E+00  9.99966521E-01  1.18977012E+00
    86  2.58000000E+01  1.19104318E+00  9.99964537E-01  1.19104318E+00
    87  2.61000000E+01  1.19225763E+00  9.99962460E-01  1.19225763E+00
    88  2.64000000E+01  1.19341404E+00  9.99960286E-01  1.19341404E+00
    89  2.67000000E+01  1.19451342E+00  9.99958013E-01  1.19451342E+00
    90  2.70000000E+01  1.19563403E+00  9.99955638E-01  1.19563403E+00
    91  2.73000000E+01  1.19675971E+00  9.99953158E-01  1.19675971E+00
    92  2.76000000E+01  1.19782874E+00  9.99950571E-01  1.19782874E+00
    93  2.79000000E+01  1.19884262E+00  9.99947873E-01  1.19884262E+00
    94  2.82000000E+01  1.19981150E+00  9.99945064E-01  1.19981150E+00
    95  2.85000000E+01  1.20084927E+00  9.99942141E-01  1.20084927E+00
    96  2.88000000E+01  1.20183265E+00  9.99939102E-01  1.20183265E+00
    97  2.91000000E+01  1.20276349E+00  9.99935945E-01  1.20276349E+00
    98  2.94000000E+01  1.20364372E+00  9.99932670E-01  1.20364372E+00
    99  2.97000000E+01  1.20454280E+00  9.99929274E-01  1.20454280E+00
   100  3.00000000E+01  1.20544497E+00  9.99925758E-01  1.20544497E+00
   101  3.03000000E+01  1.20629738E+00  9.99922121E-01  1.20629738E+00
   102  3.06000000E+01  1.20710203E+00  9.99918364E-01  1.20710203E+00
   103  3.09000000E+01  1.20786635E+00  9.99914486E-01  1.20786635E+00
   104  3.12000000E+01  1.20869128E+00  9.99910490E-01  1.20869128E+00
   105  3.15000000E+01  1.20946952E+00  9.99906376E-01  1.20946952E+00
   106  3.18000000E+01  1.21020309E+00  9.99902149E-01  1.21020309E+00
   107  3.21000000E+01  1.21089394E+00  9.99897810E-01  1.21089394E+00
   108  3.24000000E+01  1.21160025E+00  9.99893365E-01  1.21160025E+00
   109  3.27000000E+01  1.21230921E+00  9.99888817E-01  1.21230921E+00
   110  3.30000000E+01  1.21297650E+00  9.99884173E-01  1.21297650E+00
   111  3.33000000E+01  1.21360409E+00  9.99879441E-01  1.21360409E+00
   112  3.36000000E+01  1.21419739E+00  9.99874628E-01  1.21419739E+00
   113  3.39000000E+01  1.21484189E+00  9.99869744E-01  1.21484189E+00
   114  3.42000000E+01  1.21544775E+00  9.99864801E-01  1.21544775E+00
   115  3.45000000E+01  1.21601689E+00  9.99859809E-01  1.21601689E+00
   116  3.48000000E+01  1.21655120E+00  9.99854785E-01  1.21655120E+00
   117  3.51000000E+01  1.21709913E+00  9.99849743E-01  1.21709913E+00
   118  3.54000000E+01  1.21764825E+00  9.99844702E-01  1.21764825E+00
   119  3.57000000E+01  1.21816356E+00  9.99839683E-01  1.21816356E+00
   120  3.60000000E+01  1.21864688E+00  9.99834706E-01  1.21864688E+00
   121  3.63000000E+01  1.21910076E+00  9.99829798E-01  1.21910076E+00
   122  3.66000000E+01  1.21959783E+00  9.99824986E-01  1.21959783E+00
   123  3.69000000E+01  1.22006390E+00  9.99820301E-01  1.22006390E+00
   124  3.72000000E+01  1.22050071E+00  9.99815775E-01  1.22050071E+00
   125  3.75000000E+01  1.22090994E+00  9.99811446E-01  1.22090994E+00
   126  3.78000000E+01  1.22132194E+00  9.99807353E-01  1.22132194E+00
   127  3.81000000E+01  1.22174298E+00  9.99803543E-01  1.22174298E+00
   128  3.84000000E+01  1.22213733E+00  9.99800061E-01  1.22213733E+00
   129  3.87000000E+01  1.22250655E+00  9.99796962E-01  1.22250655E+00
   130  3.90000000E+01  1.22285214E+00  9.99794303E-01  1.22285214E+00
   131  3.93000000E+01  1.22321773E+00  9.99792145E-01  1.22321773E+00
   132  3.96000000E+01  1.22357362E+00  9.99790558E-01  1.22357362E+00
   133  3.99000000E+01  1.22390668E+00  9.99789613E-01  1.22390668E+00
   134  4.02000000E+01  1.22421828E+00  9.99789392E-01  1.22421828E+00
   135  4.05000000E+01  1.22451349E+00  9.99789979E-01  1.22451349E+00
   136  4.08000000E+01  1.22483438E+00  9.99791468E-01  1.22483438E+00
   137  4.11000000E+01  1.22513454E+00  9.99793959E-01  1.22513454E+00
   138  4.14000000E+01  1.22541524E+00  9.99797561E-01  1.22541524E+00
   139  4.17000000E+01  1.22567768E+00  9.99802390E-01  1.22567768E+00
   140  4.20000000E+01  1.22593395E+00  9.99808571E-01  1.22593395E+00
   141  4.23000000E+01  1.22620449E+00  9.99816240E-01  1.22620449E+00
   142  4.26000000E+01  1.22645739E+00  9.99825539E-01  1.22645739E+00
   143  4.29000000E+01  1.22669376E+00  9.99836626E-01  1.22669376E+00
   144  4.32000000E+01  1.22691462E+00  9.99849667E-01  1.22691462E+00
   145  4.35000000E+01  1.22713528E+00  9.99864839E-01  1.22713528E+00
   146  4.38000000E+01  1.22736293E+00  9.99882334E-01  1.22736293E+00
   147  4.41000000E+01  1.22757563E+00  9.99902356E-01  1.22757563E+00
   148  4.44000000E+01  1.22777430E+00  9.99925123E-01  1.22777430E+00
   149  4.47000000E+01  1.22795985E+00  9.99950868E-01  1.22795985E+00
   150  4.50000000E+01  1.22814477E+00  9.99979841E-01  1.22814477E+00
   151  4.53000000E+01  1.22833623E+00  1.00001231E+00  1.22833623E+00
   152  4.56000000E+01  1.22851503E+00  1.00004855E+00  1.22851503E+00
   153  4.59000000E+01  1.22868196E+00  1.00008887E+00  1.22868196E+00
   154  4.62000000E+01  1.22883778E+00  1.00013358E+00  1.22883778E+00
   155  4.65000000E+01  1.22899037E+00  1.00018303E+00  1.22899037E+00
   156  4.68000000E+01  1.22915113E+00  1.00023759E+00  1.22915113E+00
   157  4.71000000E+01  1.22930118E+00  1.00029763E+00  1.22930118E+00
   158  4.74000000E+01  1.22944121E+00  1.00036356E+00  1.22944121E+00
   159  4.77000000E+01  1.22957186E+00  1.00043582E+00  1.22957186E+00
   160  4.80000000E+01  1.22969417E+00  1.00051487E+00  1.22969417E+00
   161  4.83000000E+01  1.22982911E+00  1.00060118E+00  1.22982911E+00
   162  4.86000000E+01  1.22995501E+00  1.00069528E+00  1.22995501E+00
   163  4.89000000E+01  1.23007245E+00  1.00079771E+00  1.23007245E+00
   164  4.92000000E+01  1.23018197E+00  1.00090904E+00  1.23018197E+00
   165  4.95000000E+01  1.23028410E+00  1.00102988E+00  1.23028410E+00
   166  4.98000000E+01  1.23039136E+00  1.00116087E+00  1.23039136E+00
   167  5.01000000E+01  1.23049682E+00  1.00130269E+00  1.23049682E+00
   168  5.04000000E+01  1.23059514E+00  1.00145604E+00  1.23059514E+00
   169  5.07000000E+01  1.23068678E+00  1.00162168E+00  1.23068678E+00
   170  5.10000000E+01  1.23077219E+00  1.00180039E+00  1.23077219E+00
   171  5.13000000E+01  1.23085251E+00  1.00199301E+00  1.23085251E+00
   172  5.16000000E+01  1.23094082E+00  1.00220039E+00  1.23094082E+00
   173  5.19000000E+01  1.23102311E+00  1.00242347E+00  1.23102311E+00
   174  5.22000000E+01  1.23109977E+00  1.00266319E+00  1.23109977E+00
   175  5.25000000E+01  1.23117117E+00  1.00292056E+00  1.23117117E+00
   176  5.28000000E+01  1.23123766E+00  1.00319662E+00  1.23123766E+00
   177  5.31000000E+01  1.23130152E+00  1.00349249E+00  1.23130152E+00
   178  5.34000000E+01  1.23137025E+00  1.00380930E+00  1.23137025E+00
   179  5.37000000E+01  1.23143424E+00  1.00414825E+00  1.23143424E+00
   180  5.40000000E+01  1.23149381E+00  1.00451060E+00  1.23149381E+00
   181  5.43000000E+01  1.23154924E+00  1.00489763E+00  1.23154924E+00
   182  5.46000000E+01  1.23160081E+00  1.00531072E+00  1.23160081E+00
   183  5.49000000E+01  1.23164878E+00  1.00575125E+00  1.23164878E+00
   184  5.52000000E+01  1.23170167E+00  1.00622068E+00  1.23170167E+00
   185  5.55000000E+01  1.23175133E+00  1.00672053E+00  1.23175133E+00
   186  5.58000000E+01  1.23179751E+00  1.00725235E+00  1.23179751E+00
   187  5.61000000E+01  1.23184045E+00  1.00781775E+00  1.23184045E+00
   188  5.64000000E+01  1.23188036E+00  1.00841839E+00  1.23188036E+00
   189  5.67000000E+01  1.23191744E+00  1.00905599E+00  1.23191744E+00
   190  5.70000000E+01  1.23195404E+00  1.00973229E+00  1.23195404E+00
   191  5.73000000E+01  1.23199242E+00  1.01044908E+00  1.23199242E+00
   192  5.76000000E+01  1.23202808E+00  1.01120821E+00  1.23202808E+00
   193  5.79000000E+01  1.23206120E+00  1.01201155E+00  1.23206120E+00
   194  5.82000000E+01  1.23209195E+00  1.01286100E+00  1.23209195E+00
   195  5.85000000E+01  1.23212050E+00  1.01375849E+00  1.23212050E+00
   196  5.88000000E+01  1.23214698E+00  1.01470597E+00  1.23214698E+00
   197  5.91000000E+01  1.23217161E+00  1.01570540E+00  1.23217161E+00
   198  5.94000000E+01  1.23219907E+00  1.01675876E+00  1.23219907E+00
   199  5.97000000E+01  1.23222455E+00  1.01786801E+00  1.23222455E+00
   200  6.00000000E+01  1.23224818E+00  1.01903512E+00  1.23224818E+00
   201  6.03000000E+01  1.23227009E+00  1.02026200E+00  1.23227009E+00
   202  6.06000000E+01  1.23229039E+00  1.02155058E+00  1.23229039E+00
   203  6.09000000E+01  1.23230921E+00  1.02290269E+00  1.23230921E+00
   204  6.12000000E+01  1.23232663E+00  1.02432014E+00  1.23232663E+00
   205  6.15000000E+01  1.23234277E+00  1.02580466E+00  1.23234277E+00
   206  6.18000000E+01  1.23235863E+00  1.02735787E+00  1.23235863E+00
   207  6.21000000E+01  1.23237537E+00  1.02898132E+00  1.23237537E+00
   208  6.24000000E+01  1.23239086E+00  1.03067642E+00  1.23239086E+00
   209  6.27000000E+01  1.23240519E+00  1.03244446E+00  1.23240519E+00
   210  6.30000000E+01  1.23241846E+00  1.03428654E+00  1.23241846E+00
   211  6.33000000E+01  1.23243072E+00  1.03620364E+00  1.23243072E+00
   212  6.36000000E+01  1.23244206E+00  1.03819652E+00  1.23244206E+00
   213  6.39000000E+01  1.23245254E+00  1.04026572E+00  1.23245254E+00
   214  6.42000000E+01  1.23246222E+00  1.04241159E+00  1.23246222E+00
   215  6.45000000E+01  1.23247116E+00  1.04463419E+00  1.23247116E+00
   216  6.48000000E+01  1.23247941E+00  1.04693336E+00  1.23247941E+00
   217  6.51000000E+01  1.23248719E+00  1.04930862E+00  1.23248719E+00
   218  6.54000000E+01  1.23249577E+00  1.05175923E+00  1.23249577E+00
   219  6.57000000E+01  1.23250369E+00  1.05428412E+00  1.23250369E+00
   220  6.60000000E+01  1.23251100E+00  1.05688190E+00  1.23251100E+00
   221  6.63000000E+01  1.23251773E+00  1.05955084E+00  1.23251773E+00
   222  6.66000000E+01  1.23252394E+00  1.06228889E+00  1.23252394E+00
   223  6.69000000E+01  1.23252966E+00  1.06509364E+00  1.23252966E+00
   224  6.72000000E+01  1.23253493E+00  1.06796234E+00  1.23253493E+00
   225  6.75000000E+01  1.23253978E+00  1.07089188E+00  1.23253978E+00
   226  6.78000000E+01  1.23254425E+00  1.07387883E+00  1.23254425E+00
   227  6.81000000E+01  1.23254835E+00  1.07691942E+00  1.23254835E+00
   228  6.84000000E+01  1.23255213E+00  1.08000957E+00  1.23255213E+00
   229  6.87000000E+01  1.23255560E+00  1.08314487E+00  1.23255560E+00
   230  6.90000000E+01  1.23255879E+00  1.08632067E+00  1.23255879E+00
   231  6.93000000E+01  1.23256171E+00  1.08953203E+00  1.23256171E+00
   232  6.96000000E+01  1.23256440E+00  1.09277379E+00  1.23256440E+00
   233  6.99000000E+01  1.23256686E+00  1.09604058E+00  1.23256686E+00
   234  7.02000000E+01  1.23256912E+00  1.09932688E+00  1.23256912E+00
   235  7.05000000E+01  1.23257119E+00  1.10262703E+00  1.23257119E+00
   236  7.08000000E+01  1.23257308E+00  1.10593528E+00  1.23257308E+00
   237  7.11000000E+01  1.23257481E+00  1.10924582E+00  1.23257481E+00
   238  7.14000000E+01  1.23257640E+00  1.11255285E+00  1.23257640E+00
   239  7.17000000E+01  1.23257785E+00  1.11585057E+00  1.23257785E+00
   240  7.20000000E+01  1.23257917E+00  1.11913331E+00  1.23257917E+00
   241  7.23000000E+01  1.23258038E+00  1.12239551E+00  1.23258038E+00
   242  7.26000000E+01  1.23258149E+00  1.12563176E+00  1.23258149E+00
   243  7.29000000E+01  1.23258270E+00  1.12883692E+00  1.23258270E+00
   244  7.32000000E+01  1.23258385E+00  1.13200611E+00  1.23258385E+00
   245  7.35000000E+01  1.23258490E+00  1.13513476E+00  1.23258490E+00
   246  7.38000000E+01  1.23258586E+00  1.13821870E+00  1.23258586E+00
   247  7.41000000E+01  1.23258674E+00  1.14125416E+00  1.23258674E+00
   248  7.44000000E+01  1.23258753E+00  1.14423784E+00  1.23258753E+00
   249  7.47000000E+01  1.23258825E+00  1.14716694E+00  1.23258825E+00
   250  7.50000000E+01  1.23258891E+00  1.15003919E+00  1.23258891E+00
   251  7.53000000E+01  1.23258951E+00  1.15285290E+00  1.23258951E+00
   252  7.56000000E+01  1.23259005E+00  1.15560695E+00  1.23259005E+00
   253  7.59000000E+01  1.23259054E+00  1.15830076E+00  1.23259054E+00
   254  7.62000000E+01  1.23259098E+00  1.16093437E+00  1.23259098E+00
   255  7.65000000E+01  1.23259139E+00  1.16350830E+00  1.23259139E+00
   256  7.68000000E+01  1.23259175E+00  1.16602359E+00  1.23259175E+00
   257  7.71000000E+01  1.23259208E+00  1.16848168E+00  1.23259208E+00
   258  7.74000000E+01  1.23259238E+00  1.17088433E+00  1.23259238E+00
   259  7.77000000E+01  1.23259265E+00  1.17323355E+00  1.23259265E+00
   260  7.80000000E+01  1.23259289E+00  1.17553145E+00  1.23259289E+00
   261  7.83000000E+01  1.23259311E+00  1.17778012E+00  1.23259311E+00
   262  7.86000000E+01  1.23259331E+00  1.17998155E+00  1.23259331E+00
   263  7.89000000E+01  1.23259348E+00  1.18213746E+00  1.23259348E+00
   264  7.92000000E+01  1.23259364E+00  1.18424921E+00  1.23259364E+00
   265  7.95000000E+01  1.23259379E+00  1.18631775E+00  1.23259379E+00
   266  7.98000000E+01  1.23259391E+00  1.18834352E+00  1.23259391E+00
   267  8.01000000E+01  1.23259403E+00  1.19032643E+00  1.23259403E+00
   268  8.04000000E+01  1.23259413E+00  1.19226589E+00  1.23259413E+00
   269  8.07000000E+01  1.23259422E+00  1.19416079E+00  1.23259422E+00
   270  8.10000000E+01  1.23259431E+00  1.19600963E+00  1.23259431E+00
   271  8.13000000E+01  1.23259438E+00  1.19781057E+00  1.23259438E+00
   272  8.16000000E+01  1.23259444E+00  1.19956154E+00  1.23259444E+00
   273  8.19000000E+01  1.23259450E+00  1.20126035E+00  1.23259450E+00
   274  8.22000000E+01  1.23259456E+00  1.20290482E+00  1.23259456E+00
   275  8.25000000E+01  1.23259460E+00  1.20449291E+00  1.23259460E+00
   276  8.28000000E+01  1.23259465E+00  1.20602277E+00  1.23259465E+00
   277  8.31000000E+01  1.23259468E+00  1.20749285E+00  1.23259468E+00
   278  8.34000000E+01  1.23259472E+00  1.20890197E+00  1.23259472E+00
   279  8.37000000E+01  1.23259475E+00  1.21024934E+00  1.23259475E+00
   280  8.40000000E+01  1.23259477E+00  1.21153457E+00  1.23259477E+00
   281  8.43000000E+01  1.23259480E+00  1.21275770E+00  1.23259480E+00
   282  8.46000000E+01  1.23259482E+00  1.21391916E+00  1.23259482E+00
   283  8.49000000E+01  1.23259484E+00  1.21501978E+00  1.23259484E+00
   284  8.52000000E+01  1.23259486E+00  1.21606070E+00  1.23259486E+00
   285  8.55000000E+01  1.23259487E+00  1.21704339E+00  1.23259487E+00
   286  8.58000000E+01  1.23259489E+00  1.21796957E+00  1.23259489E+00
   287  8.61000000E+01  1.23259490E+00  1.21884121E+00  1.23259490E+00
   288  8.64000000E+01  1.23259492E+00  1.21966045E+00  1.23259492E+00
   289  8.67000000E+01  1.23259493E+00  1.22042959E+00  1.23259493E+00
   290  8.70000000E+01  1.23259494E+00  1.22115104E+00  1.23259494E+00
   291  8.73000000E+01  1.23259495E+00  1.22182728E+00  1.23259495E+00
   292  8.76000000E+01  1.23259496E+00  1.22246082E+00  1.23259496E+00
   293  8.79000000E+01  1.23259497E+00  1.22305416E+00  1.23259497E+00
   294  8.82000000E+01  1.23259498E+00  1.22360975E+00  1.23259498E+00
   295  8.85000000E+01  1.23259499E+00  1.22412998E+00  1.23259499E+00
   296  8.88000000E+01  1.23259500E+00  1.22461711E+00  1.23259500E+00
   297  8.91000000E+01  1.23259500E+00  1.22507328E+00  1.23259500E+00
   298  8.94000000E+01  1.23259501E+00  1.22550050E+00  1.23259501E+00
   299  8.97000000E+01  1.23259502E+00  1.22590061E+00  1.23259502E+00
   300  9.00000000E+01  1.23259503E+00  1.22627533E+00  1.23259503E+00
   301  9.03000000E+01  1.23259504E+00  1.22662621E+00  1.23259504E+00
   302  9.06000000E+01  1.23259504E+00  1.22695469E+00  1.23259504E+00
   303  9.09000000E+01  1.23259505E+00  1.22726210E+00  1.23259505E+00
   304  9.12000000E+01  1.23259506E+00  1.22754967E+00  1.23259506E+00
   305  9.15000000E+01  1.23259507E+00  1.22781856E+00  1.23259507E+00
   306  9.18000000E+01  1.23259508E+00  1.22806985E+00  1.23259508E+00
   307  9.21000000E+01  1.23259508E+00  1.22830460E+00  1.23259508E+00
   308  9.24000000E+01  1.23259509E+00  1.22852380E+00  1.23259509E+00
   309  9.27000000E+01  1.23259510E+00  1.22872841E+00  1.23259510E+00
   310  9.30000000E+01  1.23259511E+00  1.22891935E+00  1.23259511E+00
   311  9.33000000E+01  1.23259512E+00  1.22909752E+00  1.23259512E+00
   312  9.36000000E+01  1.23259512E+00  1.22926374E+00  1.23259512E+00
   313  9.39000000E+01  1.23259513E+00  1.22941883E+00  1.23259513E+00
   314  9.42000000E+01  1.23259514E+00  1.22956352E+00  1.23259514E+00
   315  9.45000000E+01  1.23259515E+00  1.22969852E+00  1.23259515E+00
   316  9.48000000E+01  1.23259516E+00  1.22982448E+00  1.23259516E+00
   317  9.51000000E+01  1.23259517E+00  1.22994200E+00  1.23259517E+00
   318  9.54000000E+01  1.23259517E+00  1.23005164E+00  1.23259517E+00
   319  9.57000000E+01  1.23259518E+00  1.23015391E+00  1.23259518E+00
   320  9.60000000E+01  1.23259519E+00  1.23024928E+00  1.23259519E+00
   321  9.63000000E+01  1.23259520E+00  1.23033820E+00  1.23259520E+00
   322  9.66000000E+01  1.23259521E+00  1.23042108E+00  1.23259521E+00
   323  9.69000000E+01  1.23259521E+00  1.23049831E+00  1.23259521E+00
   324  9.72000000E+01  1.23259522E+00  1.23057025E+00  1.23259522E+00
   325  9.75000000E+01  1.23259523E+00  1.23063723E+00  1.23259523E+00
   326  9.78000000E+01  1.23259524E+00  1.23069959E+00  1.23259524E+00
   327  9.81000000E+01  1.23259524E+00  1.23075762E+00  1.23259524E+00
   328  9.84000000E+01  1.23259525E+00  1.23081162E+00  1.23259525E+00
   329  9.87000000E+01  1.23259526E+00  1.23086184E+00  1.23259526E+00
   330  9.90000000E+01  1.23259527E+00  1.23090855E+00  1.23259527E+00
   331  9.93000000E+01  1.23259527E+00  1.23095197E+00  1.23259527E+00
   332  9.96000000E+01  1.23259528E+00  1.23099234E+00  1.23259528E+00
   333  9.99000000E+01  1.23259529E+00  1.23102985E+00  1.23259529E+00
   334  1.00200000E+02  1.23259530E+00  1.23106469E+00  1.23259530E+00
   335  1.00500000E+02  1.23259530E+00  1.23109706E+00  1.23259530E+00
   336  1.00800000E+02  1.23259531E+00  1.23112710E+00  1.23259531E+00
   337  1.01100000E+02  1.23259532E+00  1.23115499E+00  1.23259532E+00
   338  1.01400000E+02  1.23259532E+00  1.23118086E+00  1.23259532E+00
   339  1.01700000E+02  1.23259533E+00  1.23120486E+00  1.23259533E+00
   340  1.02000000E+02  1.23259533E+00  1.23122711E+00  1.23259533E+00
   341  1.02300000E+02  1.23259534E+00  1.23124772E+00  1.23259534E+00
   342  1.02600000E+02  1.23259535E+00  1.23126683E+00  1.23259535E+00
   343  1.02900000E+02  1.23259535E+00  1.23128452E+00  1.23259535E+00
   344  1.03200000E+02  1.23259536E+00  1.23130090E+00  1.23259536E+00
   345  1.03500000E+02  1.23259536E+00  1.23131606E+00  1.23259536E+00
   346  1.03800000E+02  1.23259537E+00  1.23133009E+00  1.23259537E+00
   347  1.04100000E+02  1.23259538E+00  1.23134306E+00  1.23259538E+00
   348  1.04400000E+02  1.23259538E+00  1.23135505E+00  1.23259538E+00
   349  1.04700000E+02  1.23259539E+00  1.23136614E+00  1.23259539E+00
   350  1.05000000E+02  1.23259539E+00  1.23137638E+00  1.23259539E+00
   351  1.05300000E+02  1.23259540E+00  1.23138584E+00  1.23259540E+00
   352  1.05600000E+02  1.23259540E+00  1.23139457E+00  1.23259540E+00
   353  1.05900000E+02  1.23259541E+00  1.23140262E+00  1.23259541E+00
   354  1.06200000E+02  1.23259541E+00  1.23141006E+00  1.23259541E+00
   355  1.06500000E+02  1.23259542E+00  1.23141691E+00  1.23259542E+00
   356  1.06800000E+02  1.23259542E+00  1.23142322E+00  1.23259542E+00
   357  1.07100000E+02  1.23259543E+00  1.23142904E+00  1.23259543E+00
   358  1.07400000E+02  1.23259543E+00  1.23143440E+00  1.23259543E+00
   359  1.07700000E+02  1.23259543E+00  1.23143933E+00  1.23259543E+00
   360  1.08000000E+02  1.23259544E+00  1.23144387E+00  1.23259544E+00
 steady-height stop at step    360: changes <=   1.0000E-05, max-end <=   1.0000E-02, max/end/gap/profile_change =   1.23259544E+00  1.23144387E+00  1.15156475E-03  4.53852180E-06


STDERR:
