COMMAND:
/shared/generate_rom_data/extrudate_swell2d_c_cluster

STDOUT:
 comppar: model =   6
 comppar: lambda,mobility/eps,betav,eta_0 =  8.2000E+00  3.6667E-01  7.0000E-01  1.0000E+00
 comppar: eta_s,eta_p,G =  7.0000E-01  3.0000E-01  3.6585E-02
 comppar: U_avg,deltat,flowrate,nsteps =  1.0000E-01  3.0000E-01  3.1416E-01     700
 comppar: geometry = axisymmetric
 comppar: steady stop change,gap,hold,min =  1.0000E-05  1.0000E-02      10      80
 comppar: ncompc,ncompg =     4     5
 mesh nnodes = 5765
 mesh nelem = 2780
 P1 BC   5.0000000000000000     
 P2 BC   0.0000000000000000     
     1  3.00000000E-01  1.00379360E+00  1.00000000E+00  1.00379360E+00
     2  6.00000000E-01  1.00750420E+00  1.00000000E+00  1.00750420E+00
     3  9.00000000E-01  1.01113323E+00  1.00000000E+00  1.01113323E+00
     4  1.20000000E+00  1.01468137E+00  1.00000000E+00  1.01468137E+00
     5  1.50000000E+00  1.01815087E+00  1.00000000E+00  1.01815087E+00
     6  1.80000000E+00  1.02153825E+00  1.00000000E+00  1.02153825E+00
     7  2.10000000E+00  1.02485881E+00  1.00000000E+00  1.02485881E+00
     8  2.40000000E+00  1.02811087E+00  1.00000000E+00  1.02811087E+00
     9  2.70000000E+00  1.03128735E+00  1.00000000E+00  1.03128735E+00
    10  3.00000000E+00  1.03438734E+00  1.00000000E+00  1.03438734E+00
    11  3.30000000E+00  1.03745075E+00  1.00000000E+00  1.03745075E+00
    12  3.60000000E+00  1.04043703E+00  1.00000000E+00  1.04043703E+00
    13  3.90000000E+00  1.04336139E+00  1.00000000E+00  1.04336139E+00
    14  4.20000000E+00  1.04625399E+00  1.00000000E+00  1.04625399E+00
    15  4.50000000E+00  1.04904634E+00  9.99999997E-01  1.04904634E+00
    16  4.80000000E+00  1.05185295E+00  9.99999993E-01  1.05185295E+00
    17  5.10000000E+00  1.05455481E+00  9.99999988E-01  1.05455481E+00
    18  5.40000000E+00  1.05726115E+00  9.99999982E-01  1.05726115E+00
    19  5.70000000E+00  1.05984419E+00  9.99999974E-01  1.05984419E+00
    20  6.00000000E+00  1.06247280E+00  9.99999965E-01  1.06247280E+00
    21  6.30000000E+00  1.06497859E+00  9.99999953E-01  1.06497859E+00
    22  6.60000000E+00  1.06750262E+00  9.99999940E-01  1.06750262E+00
    23  6.90000000E+00  1.06993493E+00  9.99999924E-01  1.06993493E+00
    24  7.20000000E+00  1.07233097E+00  9.99999905E-01  1.07233097E+00
    25  7.50000000E+00  1.07471540E+00  9.99999884E-01  1.07471540E+00
    26  7.80000000E+00  1.07697321E+00  9.99999860E-01  1.07697321E+00
    27  8.10000000E+00  1.07930774E+00  9.99999832E-01  1.07930774E+00
    28  8.40000000E+00  1.08151876E+00  9.99999800E-01  1.08151876E+00
    29  8.70000000E+00  1.08367126E+00  9.99999764E-01  1.08367126E+00
    30  9.00000000E+00  1.08586270E+00  9.99999724E-01  1.08586270E+00
    31  9.30000000E+00  1.08792531E+00  9.99999679E-01  1.08792531E+00
    32  9.60000000E+00  1.08998318E+00  9.99999628E-01  1.08998318E+00
    33  9.90000000E+00  1.09202488E+00  9.99999571E-01  1.09202488E+00
    34  1.02000000E+01  1.09393590E+00  9.99999508E-01  1.09393590E+00
    35  1.05000000E+01  1.09585202E+00  9.99999439E-01  1.09585202E+00
    36  1.08000000E+01  1.09777234E+00  9.99999361E-01  1.09777234E+00
    37  1.11000000E+01  1.09956256E+00  9.99999276E-01  1.09956256E+00
    38  1.14000000E+01  1.10133131E+00  9.99999182E-01  1.10133131E+00
    39  1.17000000E+01  1.10312708E+00  9.99999079E-01  1.10312708E+00
    40  1.20000000E+01  1.10479479E+00  9.99998965E-01  1.10479479E+00
    41  1.23000000E+01  1.10636314E+00  9.99998841E-01  1.10636314E+00
    42  1.26000000E+01  1.10806300E+00  9.99998704E-01  1.10806300E+00
    43  1.29000000E+01  1.10963871E+00  9.99998555E-01  1.10963871E+00
    44  1.32000000E+01  1.11109654E+00  9.99998393E-01  1.11109654E+00
    45  1.35000000E+01  1.11260458E+00  9.99998216E-01  1.11260458E+00
    46  1.38000000E+01  1.11408735E+00  9.99998023E-01  1.11408735E+00
    47  1.41000000E+01  1.11545926E+00  9.99997813E-01  1.11545926E+00
    48  1.44000000E+01  1.11675199E+00  9.99997586E-01  1.11675199E+00
    49  1.47000000E+01  1.11815114E+00  9.99997339E-01  1.11815114E+00
    50  1.50000000E+01  1.11944775E+00  9.99997072E-01  1.11944775E+00
    51  1.53000000E+01  1.12065319E+00  9.99996783E-01  1.12065319E+00
    52  1.56000000E+01  1.12185027E+00  9.99996470E-01  1.12185027E+00
    53  1.59000000E+01  1.12307409E+00  9.99996132E-01  1.12307409E+00
    54  1.62000000E+01  1.12421673E+00  9.99995768E-01  1.12421673E+00
    55  1.65000000E+01  1.12529030E+00  9.99995376E-01  1.12529030E+00
    56  1.68000000E+01  1.12637905E+00  9.99994953E-01  1.12637905E+00
    57  1.71000000E+01  1.12746794E+00  9.99994498E-01  1.12746794E+00
    58  1.74000000E+01  1.12849616E+00  9.99994009E-01  1.12849616E+00
    59  1.77000000E+01  1.12947358E+00  9.99993484E-01  1.12947358E+00
    60  1.80000000E+01  1.13040802E+00  9.99992920E-01  1.13040802E+00
    61  1.83000000E+01  1.13139387E+00  9.99992316E-01  1.13139387E+00
    62  1.86000000E+01  1.13233746E+00  9.99991669E-01  1.13233746E+00
    63  1.89000000E+01  1.13324283E+00  9.99990977E-01  1.13324283E+00
    64  1.92000000E+01  1.13411320E+00  9.99990236E-01  1.13411320E+00
    65  1.95000000E+01  1.13494933E+00  9.99989445E-01  1.13494933E+00
    66  1.98000000E+01  1.13581624E+00  9.99988600E-01  1.13581624E+00
    67  2.01000000E+01  1.13665706E+00  9.99987699E-01  1.13665706E+00
    68  2.04000000E+01  1.13746257E+00  9.99986739E-01  1.13746257E+00
    69  2.07000000E+01  1.13823041E+00  9.99985716E-01  1.13823041E+00
    70  2.10000000E+01  1.13895721E+00  9.99984628E-01  1.13895721E+00
    71  2.13000000E+01  1.13972593E+00  9.99983472E-01  1.13972593E+00
    72  2.16000000E+01  1.14046150E+00  9.99982243E-01  1.14046150E+00
    73  2.19000000E+01  1.14115272E+00  9.99980939E-01  1.14115272E+00
    74  2.22000000E+01  1.14179619E+00  9.99979557E-01  1.14179619E+00
    75  2.25000000E+01  1.14245558E+00  9.99978092E-01  1.14245558E+00
    76  2.28000000E+01  1.14310741E+00  9.99976541E-01  1.14310741E+00
    77  2.31000000E+01  1.14370990E+00  9.99974901E-01  1.14370990E+00
    78  2.34000000E+01  1.14426153E+00  9.99973168E-01  1.14426153E+00
    79  2.37000000E+01  1.14484877E+00  9.99971339E-01  1.14484877E+00
    80  2.40000000E+01  1.14540938E+00  9.99969410E-01  1.14540938E+00
    81  2.43000000E+01  1.14591857E+00  9.99967377E-01  1.14591857E+00
    82  2.46000000E+01  1.14638104E+00  9.99965237E-01  1.14638104E+00
    83  2.49000000E+01  1.14690026E+00  9.99962987E-01  1.14690026E+00
    84  2.52000000E+01  1.14736907E+00  9.99960623E-01  1.14736907E+00
    85  2.55000000E+01  1.14778954E+00  9.99958142E-01  1.14778954E+00
    86  2.58000000E+01  1.14821148E+00  9.99955543E-01  1.14821148E+00
    87  2.61000000E+01  1.14863961E+00  9.99952820E-01  1.14863961E+00
    88  2.64000000E+01  1.14902179E+00  9.99949974E-01  1.14902179E+00
    89  2.67000000E+01  1.14936196E+00  9.99947001E-01  1.14936196E+00
    90  2.70000000E+01  1.14974230E+00  9.99943900E-01  1.14974230E+00
    91  2.73000000E+01  1.15009046E+00  9.99940669E-01  1.15009046E+00
    92  2.76000000E+01  1.15039980E+00  9.99937308E-01  1.15039980E+00
    93  2.79000000E+01  1.15069604E+00  9.99933817E-01  1.15069604E+00
    94  2.82000000E+01  1.15101112E+00  9.99930197E-01  1.15101112E+00
    95  2.85000000E+01  1.15129108E+00  9.99926448E-01  1.15129108E+00
    96  2.88000000E+01  1.15154036E+00  9.99922574E-01  1.15154036E+00
    97  2.91000000E+01  1.15180412E+00  9.99918576E-01  1.15180412E+00
    98  2.94000000E+01  1.15205845E+00  9.99914460E-01  1.15205845E+00
    99  2.97000000E+01  1.15228509E+00  9.99910230E-01  1.15228509E+00
   100  3.00000000E+01  1.15248781E+00  9.99905894E-01  1.15248781E+00
   101  3.03000000E+01  1.15270784E+00  9.99901459E-01  1.15270784E+00
   102  3.06000000E+01  1.15291415E+00  9.99896935E-01  1.15291415E+00
   103  3.09000000E+01  1.15309933E+00  9.99892334E-01  1.15309933E+00
   104  3.12000000E+01  1.15326609E+00  9.99887669E-01  1.15326609E+00
   105  3.15000000E+01  1.15344994E+00  9.99882956E-01  1.15344994E+00
   106  3.18000000E+01  1.15361894E+00  9.99878212E-01  1.15361894E+00
   107  3.21000000E+01  1.15377137E+00  9.99873459E-01  1.15377137E+00
   108  3.24000000E+01  1.15390909E+00  9.99868719E-01  1.15390909E+00
   109  3.27000000E+01  1.15405046E+00  9.99864020E-01  1.15405046E+00
   110  3.30000000E+01  1.15419072E+00  9.99859390E-01  1.15419072E+00
   111  3.33000000E+01  1.15431760E+00  9.99854864E-01  1.15431760E+00
   112  3.36000000E+01  1.15443236E+00  9.99850480E-01  1.15443236E+00
   113  3.39000000E+01  1.15454042E+00  9.99846278E-01  1.15454042E+00
   114  3.42000000E+01  1.15465676E+00  9.99842307E-01  1.15465676E+00
   115  3.45000000E+01  1.15476206E+00  9.99838616E-01  1.15476206E+00
   116  3.48000000E+01  1.15485729E+00  9.99835265E-01  1.15485729E+00
   117  3.51000000E+01  1.15494340E+00  9.99832315E-01  1.15494340E+00
   118  3.54000000E+01  1.15502927E+00  9.99829837E-01  1.15502927E+00
   119  3.57000000E+01  1.15511704E+00  9.99827907E-01  1.15511704E+00
   120  3.60000000E+01  1.15519636E+00  9.99826609E-01  1.15519636E+00
   121  3.63000000E+01  1.15526810E+00  9.99826035E-01  1.15526810E+00
   122  3.66000000E+01  1.15533307E+00  9.99826287E-01  1.15533307E+00
   123  3.69000000E+01  1.15539801E+00  9.99827474E-01  1.15539801E+00
   124  3.72000000E+01  1.15546412E+00  9.99829716E-01  1.15546412E+00
   125  3.75000000E+01  1.15552407E+00  9.99833145E-01  1.15552407E+00
   126  3.78000000E+01  1.15557856E+00  9.99837902E-01  1.15557856E+00
   127  3.81000000E+01  1.15562821E+00  9.99844143E-01  1.15562821E+00
   128  3.84000000E+01  1.15567355E+00  9.99852036E-01  1.15567355E+00
   129  3.87000000E+01  1.15572191E+00  9.99861762E-01  1.15572191E+00
   130  3.90000000E+01  1.15576801E+00  9.99873518E-01  1.15576801E+00
   131  3.93000000E+01  1.15581020E+00  9.99887518E-01  1.15581020E+00
   132  3.96000000E+01  1.15584888E+00  9.99903992E-01  1.15584888E+00
   133  3.99000000E+01  1.15588439E+00  9.99923187E-01  1.15588439E+00
   134  4.02000000E+01  1.15591701E+00  9.99945373E-01  1.15591701E+00
   135  4.05000000E+01  1.15594699E+00  9.99970837E-01  1.15594699E+00
   136  4.08000000E+01  1.15597980E+00  9.99999890E-01  1.15597980E+00
   137  4.11000000E+01  1.15601020E+00  1.00003287E+00  1.15601020E+00
   138  4.14000000E+01  1.15603814E+00  1.00007013E+00  1.15603814E+00
   139  4.17000000E+01  1.15606384E+00  1.00011205E+00  1.15606384E+00
   140  4.20000000E+01  1.15608748E+00  1.00015906E+00  1.15608748E+00
   141  4.23000000E+01  1.15610922E+00  1.00021159E+00  1.15610922E+00
   142  4.26000000E+01  1.15612921E+00  1.00027011E+00  1.15612921E+00
   143  4.29000000E+01  1.15614761E+00  1.00033514E+00  1.15614761E+00
   144  4.32000000E+01  1.15616646E+00  1.00040721E+00  1.15616646E+00
   145  4.35000000E+01  1.15618515E+00  1.00048690E+00  1.15618515E+00
   146  4.38000000E+01  1.15620235E+00  1.00057482E+00  1.15620235E+00
   147  4.41000000E+01  1.15621818E+00  1.00067164E+00  1.15621818E+00
   148  4.44000000E+01  1.15623274E+00  1.00077805E+00  1.15623274E+00
   149  4.47000000E+01  1.15624615E+00  1.00089479E+00  1.15624615E+00
   150  4.50000000E+01  1.15625849E+00  1.00102265E+00  1.15625849E+00
   151  4.53000000E+01  1.15626984E+00  1.00116247E+00  1.15626984E+00
   152  4.56000000E+01  1.15628027E+00  1.00131513E+00  1.15628027E+00
   153  4.59000000E+01  1.15628986E+00  1.00148159E+00  1.15628986E+00
   154  4.62000000E+01  1.15629867E+00  1.00166282E+00  1.15629867E+00
   155  4.65000000E+01  1.15630675E+00  1.00185989E+00  1.15630675E+00
   156  4.68000000E+01  1.15631461E+00  1.00207391E+00  1.15631461E+00
   157  4.71000000E+01  1.15632282E+00  1.00230604E+00  1.15632282E+00
   158  4.74000000E+01  1.15633035E+00  1.00255754E+00  1.15633035E+00
   159  4.77000000E+01  1.15633726E+00  1.00282968E+00  1.15633726E+00
   160  4.80000000E+01  1.15634358E+00  1.00312386E+00  1.15634358E+00
   161  4.83000000E+01  1.15634937E+00  1.00344149E+00  1.15634937E+00
   162  4.86000000E+01  1.15635467E+00  1.00378408E+00  1.15635467E+00
   163  4.89000000E+01  1.15635952E+00  1.00415321E+00  1.15635952E+00
   164  4.92000000E+01  1.15636394E+00  1.00455053E+00  1.15636394E+00
   165  4.95000000E+01  1.15636798E+00  1.00497774E+00  1.15636798E+00
   166  4.98000000E+01  1.15637167E+00  1.00543665E+00  1.15637167E+00
   167  5.01000000E+01  1.15637503E+00  1.00592911E+00  1.15637503E+00
   168  5.04000000E+01  1.15637808E+00  1.00645706E+00  1.15637808E+00
   169  5.07000000E+01  1.15638087E+00  1.00702248E+00  1.15638087E+00
   170  5.10000000E+01  1.15638340E+00  1.00762745E+00  1.15638340E+00
   171  5.13000000E+01  1.15638569E+00  1.00827410E+00  1.15638569E+00
   172  5.16000000E+01  1.15638778E+00  1.00896461E+00  1.15638778E+00
   173  5.19000000E+01  1.15638967E+00  1.00970123E+00  1.15638967E+00
   174  5.22000000E+01  1.15639138E+00  1.01048626E+00  1.15639138E+00
   175  5.25000000E+01  1.15639293E+00  1.01132202E+00  1.15639293E+00
   176  5.28000000E+01  1.15639433E+00  1.01221089E+00  1.15639433E+00
   177  5.31000000E+01  1.15639560E+00  1.01315526E+00  1.15639560E+00
   178  5.34000000E+01  1.15639675E+00  1.01415754E+00  1.15639675E+00
   179  5.37000000E+01  1.15639778E+00  1.01522014E+00  1.15639778E+00
   180  5.40000000E+01  1.15639871E+00  1.01634545E+00  1.15639871E+00
   181  5.43000000E+01  1.15639955E+00  1.01753584E+00  1.15639955E+00
   182  5.46000000E+01  1.15640031E+00  1.01879364E+00  1.15640031E+00
   183  5.49000000E+01  1.15640099E+00  1.02012109E+00  1.15640099E+00
   184  5.52000000E+01  1.15640160E+00  1.02152037E+00  1.15640160E+00
   185  5.55000000E+01  1.15640215E+00  1.02299354E+00  1.15640215E+00
   186  5.58000000E+01  1.15640265E+00  1.02454253E+00  1.15640265E+00
   187  5.61000000E+01  1.15640309E+00  1.02616911E+00  1.15640309E+00
   188  5.64000000E+01  1.15640349E+00  1.02787486E+00  1.15640349E+00
   189  5.67000000E+01  1.15640385E+00  1.02966115E+00  1.15640385E+00
   190  5.70000000E+01  1.15640417E+00  1.03152911E+00  1.15640417E+00
   191  5.73000000E+01  1.15640446E+00  1.03347960E+00  1.15640446E+00
   192  5.76000000E+01  1.15640472E+00  1.03551316E+00  1.15640472E+00
   193  5.79000000E+01  1.15640495E+00  1.03762999E+00  1.15640495E+00
   194  5.82000000E+01  1.15640516E+00  1.03982994E+00  1.15640516E+00
   195  5.85000000E+01  1.15640535E+00  1.04211245E+00  1.15640535E+00
   196  5.88000000E+01  1.15640552E+00  1.04447652E+00  1.15640552E+00
   197  5.91000000E+01  1.15640567E+00  1.04692071E+00  1.15640567E+00
   198  5.94000000E+01  1.15640580E+00  1.04944306E+00  1.15640580E+00
   199  5.97000000E+01  1.15640593E+00  1.05204112E+00  1.15640593E+00
   200  6.00000000E+01  1.15640603E+00  1.05471190E+00  1.15640603E+00
   201  6.03000000E+01  1.15640613E+00  1.05745186E+00  1.15640613E+00
   202  6.06000000E+01  1.15640622E+00  1.06025689E+00  1.15640622E+00
   203  6.09000000E+01  1.15640630E+00  1.06312231E+00  1.15640630E+00
   204  6.12000000E+01  1.15640638E+00  1.06604285E+00  1.15640638E+00
   205  6.15000000E+01  1.15640644E+00  1.06901269E+00  1.15640644E+00
   206  6.18000000E+01  1.15640650E+00  1.07202541E+00  1.15640650E+00
   207  6.21000000E+01  1.15640656E+00  1.07507409E+00  1.15640656E+00
   208  6.24000000E+01  1.15640661E+00  1.07815125E+00  1.15640661E+00
   209  6.27000000E+01  1.15640665E+00  1.08124894E+00  1.15640665E+00
   210  6.30000000E+01  1.15640669E+00  1.08435874E+00  1.15640669E+00
   211  6.33000000E+01  1.15640673E+00  1.08747184E+00  1.15640673E+00
   212  6.36000000E+01  1.15640677E+00  1.09057908E+00  1.15640677E+00
   213  6.39000000E+01  1.15640680E+00  1.09367101E+00  1.15640680E+00
   214  6.42000000E+01  1.15640683E+00  1.09673796E+00  1.15640683E+00
   215  6.45000000E+01  1.15640686E+00  1.09977013E+00  1.15640686E+00
   216  6.48000000E+01  1.15640689E+00  1.10275767E+00  1.15640689E+00
   217  6.51000000E+01  1.15640691E+00  1.10569080E+00  1.15640691E+00
   218  6.54000000E+01  1.15640694E+00  1.10855989E+00  1.15640694E+00
   219  6.57000000E+01  1.15640696E+00  1.11135558E+00  1.15640696E+00
   220  6.60000000E+01  1.15640698E+00  1.11406894E+00  1.15640698E+00
   221  6.63000000E+01  1.15640700E+00  1.11669156E+00  1.15640700E+00
   222  6.66000000E+01  1.15640702E+00  1.11921572E+00  1.15640702E+00
   223  6.69000000E+01  1.15640703E+00  1.12163452E+00  1.15640703E+00
   224  6.72000000E+01  1.15640705E+00  1.12394202E+00  1.15640705E+00
   225  6.75000000E+01  1.15640707E+00  1.12613340E+00  1.15640707E+00
   226  6.78000000E+01  1.15640708E+00  1.12820510E+00  1.15640708E+00
   227  6.81000000E+01  1.15640710E+00  1.13015487E+00  1.15640710E+00
   228  6.84000000E+01  1.15640711E+00  1.13198196E+00  1.15640711E+00
   229  6.87000000E+01  1.15640713E+00  1.13368710E+00  1.15640713E+00
   230  6.90000000E+01  1.15640714E+00  1.13527255E+00  1.15640714E+00
   231  6.93000000E+01  1.15640715E+00  1.13674208E+00  1.15640715E+00
   232  6.96000000E+01  1.15640716E+00  1.13810088E+00  1.15640716E+00
   233  6.99000000E+01  1.15640718E+00  1.13935541E+00  1.15640718E+00
   234  7.02000000E+01  1.15640719E+00  1.14051324E+00  1.15640719E+00
   235  7.05000000E+01  1.15640720E+00  1.14158274E+00  1.15640720E+00
   236  7.08000000E+01  1.15640721E+00  1.14257282E+00  1.15640721E+00
   237  7.11000000E+01  1.15640722E+00  1.14349256E+00  1.15640722E+00
   238  7.14000000E+01  1.15640723E+00  1.14435088E+00  1.15640723E+00
   239  7.17000000E+01  1.15640724E+00  1.14515617E+00  1.15640724E+00
   240  7.20000000E+01  1.15640725E+00  1.14591595E+00  1.15640725E+00
   241  7.23000000E+01  1.15640726E+00  1.14663660E+00  1.15640726E+00
   242  7.26000000E+01  1.15640727E+00  1.14732313E+00  1.15640727E+00
   243  7.29000000E+01  1.15640727E+00  1.14797906E+00  1.15640727E+00
   244  7.32000000E+01  1.15640728E+00  1.14860639E+00  1.15640728E+00
   245  7.35000000E+01  1.15640729E+00  1.14920570E+00  1.15640729E+00
   246  7.38000000E+01  1.15640730E+00  1.14977628E+00  1.15640730E+00
   247  7.41000000E+01  1.15640731E+00  1.15031648E+00  1.15640731E+00
   248  7.44000000E+01  1.15640731E+00  1.15082397E+00  1.15640731E+00
   249  7.47000000E+01  1.15640732E+00  1.15129617E+00  1.15640732E+00
   250  7.50000000E+01  1.15640733E+00  1.15173061E+00  1.15640733E+00
   251  7.53000000E+01  1.15640733E+00  1.15212528E+00  1.15640733E+00
   252  7.56000000E+01  1.15640734E+00  1.15247898E+00  1.15640734E+00
   253  7.59000000E+01  1.15640734E+00  1.15279144E+00  1.15640734E+00
   254  7.62000000E+01  1.15640735E+00  1.15306354E+00  1.15640735E+00
   255  7.65000000E+01  1.15640736E+00  1.15329724E+00  1.15640736E+00
   256  7.68000000E+01  1.15640736E+00  1.15349550E+00  1.15640736E+00
   257  7.71000000E+01  1.15640737E+00  1.15366211E+00  1.15640737E+00
   258  7.74000000E+01  1.15640737E+00  1.15380144E+00  1.15640737E+00
   259  7.77000000E+01  1.15640738E+00  1.15391810E+00  1.15640738E+00
   260  7.80000000E+01  1.15640738E+00  1.15401671E+00  1.15640738E+00
   261  7.83000000E+01  1.15640739E+00  1.15410157E+00  1.15640739E+00
   262  7.86000000E+01  1.15640739E+00  1.15417647E+00  1.15640739E+00
   263  7.89000000E+01  1.15640739E+00  1.15424451E+00  1.15640739E+00
   264  7.92000000E+01  1.15640740E+00  1.15430804E+00  1.15640740E+00
   265  7.95000000E+01  1.15640740E+00  1.15436863E+00  1.15640740E+00
   266  7.98000000E+01  1.15640741E+00  1.15442718E+00  1.15640741E+00
   267  8.01000000E+01  1.15640741E+00  1.15448395E+00  1.15640741E+00
   268  8.04000000E+01  1.15640741E+00  1.15453882E+00  1.15640741E+00
   269  8.07000000E+01  1.15640742E+00  1.15459136E+00  1.15640742E+00
   270  8.10000000E+01  1.15640742E+00  1.15464104E+00  1.15640742E+00
   271  8.13000000E+01  1.15640742E+00  1.15468736E+00  1.15640742E+00
   272  8.16000000E+01  1.15640743E+00  1.15472992E+00  1.15640743E+00
   273  8.19000000E+01  1.15640743E+00  1.15476852E+00  1.15640743E+00
   274  8.22000000E+01  1.15640743E+00  1.15480314E+00  1.15640743E+00
   275  8.25000000E+01  1.15640743E+00  1.15483397E+00  1.15640743E+00
   276  8.28000000E+01  1.15640744E+00  1.15486134E+00  1.15640744E+00
   277  8.31000000E+01  1.15640744E+00  1.15488569E+00  1.15640744E+00
   278  8.34000000E+01  1.15640744E+00  1.15490750E+00  1.15640744E+00
   279  8.37000000E+01  1.15640744E+00  1.15492722E+00  1.15640744E+00
   280  8.40000000E+01  1.15640744E+00  1.15494528E+00  1.15640744E+00
   281  8.43000000E+01  1.15640745E+00  1.15496202E+00  1.15640745E+00
   282  8.46000000E+01  1.15640745E+00  1.15497767E+00  1.15640745E+00
   283  8.49000000E+01  1.15640745E+00  1.15499239E+00  1.15640745E+00
   284  8.52000000E+01  1.15640745E+00  1.15500627E+00  1.15640745E+00
   285  8.55000000E+01  1.15640745E+00  1.15501932E+00  1.15640745E+00
   286  8.58000000E+01  1.15640746E+00  1.15503154E+00  1.15640746E+00
   287  8.61000000E+01  1.15640746E+00  1.15504291E+00  1.15640746E+00
   288  8.64000000E+01  1.15640746E+00  1.15505341E+00  1.15640746E+00
   289  8.67000000E+01  1.15640746E+00  1.15506303E+00  1.15640746E+00
   290  8.70000000E+01  1.15640746E+00  1.15507181E+00  1.15640746E+00
   291  8.73000000E+01  1.15640746E+00  1.15507979E+00  1.15640746E+00
   292  8.76000000E+01  1.15640746E+00  1.15508701E+00  1.15640746E+00
   293  8.79000000E+01  1.15640747E+00  1.15509356E+00  1.15640747E+00
   294  8.82000000E+01  1.15640747E+00  1.15509949E+00  1.15640747E+00
   295  8.85000000E+01  1.15640747E+00  1.15510490E+00  1.15640747E+00
   296  8.88000000E+01  1.15640747E+00  1.15510983E+00  1.15640747E+00
   297  8.91000000E+01  1.15640747E+00  1.15511434E+00  1.15640747E+00
   298  8.94000000E+01  1.15640747E+00  1.15511847E+00  1.15640747E+00
 steady-height stop at step    298: changes <=   1.0000E-05, max-end <=   1.0000E-02, max/end/gap/profile_change =   1.15640747E+00  1.15511847E+00  1.28899781E-03  4.13655563E-06


STDERR:
