COMMAND:
/shared/generate_rom_data/extrudate_swell2d_c_cluster

STDOUT:
 comppar: model =   6
 comppar: lambda,mobility/eps,betav,eta_0 =  4.6000E+00  3.6667E-01  5.0000E-01  1.0000E+00
 comppar: eta_s,eta_p,G =  5.0000E-01  5.0000E-01  1.0870E-01
 comppar: U_avg,deltat,flowrate,nsteps =  1.0000E-01  3.0000E-01  3.1416E-01     700
 comppar: geometry = axisymmetric
 comppar: steady stop change,gap,hold,min =  1.0000E-05  1.0000E-02      10      80
 comppar: ncompc,ncompg =     4     5
 mesh nnodes = 5765
 mesh nelem = 2780
 P1 BC   5.0000000000000000     
 P2 BC   0.0000000000000000     
     1  3.00000000E-01  1.00379164E+00  1.00000000E+00  1.00379164E+00
     2  6.00000000E-01  1.00749259E+00  1.00000000E+00  1.00749259E+00
     3  9.00000000E-01  1.01109806E+00  1.00000000E+00  1.01109806E+00
     4  1.20000000E+00  1.01461310E+00  1.00000000E+00  1.01461310E+00
     5  1.50000000E+00  1.01804055E+00  1.00000000E+00  1.01804055E+00
     6  1.80000000E+00  1.02138122E+00  1.00000000E+00  1.02138122E+00
     7  2.10000000E+00  1.02464217E+00  1.00000000E+00  1.02464217E+00
     8  2.40000000E+00  1.02783717E+00  1.00000000E+00  1.02783717E+00
     9  2.70000000E+00  1.03097035E+00  1.00000001E+00  1.03097035E+00
    10  3.00000000E+00  1.03403330E+00  1.00000001E+00  1.03403330E+00
    11  3.30000000E+00  1.03704008E+00  1.00000001E+00  1.03704008E+00
    12  3.60000000E+00  1.04000847E+00  1.00000001E+00  1.04000847E+00
    13  3.90000000E+00  1.04289909E+00  1.00000000E+00  1.04289909E+00
    14  4.20000000E+00  1.04578837E+00  1.00000000E+00  1.04578837E+00
    15  4.50000000E+00  1.04858943E+00  1.00000000E+00  1.04858943E+00
    16  4.80000000E+00  1.05139459E+00  9.99999998E-01  1.05139459E+00
    17  5.10000000E+00  1.05411481E+00  9.99999995E-01  1.05411481E+00
    18  5.40000000E+00  1.05684054E+00  9.99999990E-01  1.05684054E+00
    19  5.70000000E+00  1.05945637E+00  9.99999983E-01  1.05945637E+00
    20  6.00000000E+00  1.06209785E+00  9.99999976E-01  1.06209785E+00
    21  6.30000000E+00  1.06464895E+00  9.99999967E-01  1.06464895E+00
    22  6.60000000E+00  1.06717060E+00  9.99999955E-01  1.06717060E+00
    23  6.90000000E+00  1.06965294E+00  9.99999942E-01  1.06965294E+00
    24  7.20000000E+00  1.07202223E+00  9.99999927E-01  1.07202223E+00
    25  7.50000000E+00  1.07445313E+00  9.99999909E-01  1.07445313E+00
    26  7.80000000E+00  1.07675738E+00  9.99999889E-01  1.07675738E+00
    27  8.10000000E+00  1.07903346E+00  9.99999865E-01  1.07903346E+00
    28  8.40000000E+00  1.08127777E+00  9.99999838E-01  1.08127777E+00
    29  8.70000000E+00  1.08338522E+00  9.99999808E-01  1.08338522E+00
    30  9.00000000E+00  1.08553891E+00  9.99999773E-01  1.08553891E+00
    31  9.30000000E+00  1.08760795E+00  9.99999734E-01  1.08760795E+00
    32  9.60000000E+00  1.08953442E+00  9.99999690E-01  1.08953442E+00
    33  9.90000000E+00  1.09156097E+00  9.99999640E-01  1.09156097E+00
    34  1.02000000E+01  1.09344389E+00  9.99999585E-01  1.09344389E+00
    35  1.05000000E+01  1.09518652E+00  9.99999523E-01  1.09518652E+00
    36  1.08000000E+01  1.09705656E+00  9.99999455E-01  1.09705656E+00
    37  1.11000000E+01  1.09878292E+00  9.99999379E-01  1.09878292E+00
    38  1.14000000E+01  1.10036885E+00  9.99999295E-01  1.10036885E+00
    39  1.17000000E+01  1.10207277E+00  9.99999202E-01  1.10207277E+00
    40  1.20000000E+01  1.10364254E+00  9.99999099E-01  1.10364254E+00
    41  1.23000000E+01  1.10507924E+00  9.99998986E-01  1.10507924E+00
    42  1.26000000E+01  1.10658890E+00  9.99998861E-01  1.10658890E+00
    43  1.29000000E+01  1.10803833E+00  9.99998724E-01  1.10803833E+00
    44  1.32000000E+01  1.10936388E+00  9.99998574E-01  1.10936388E+00
    45  1.35000000E+01  1.11065780E+00  9.99998410E-01  1.11065780E+00
    46  1.38000000E+01  1.11199025E+00  9.99998231E-01  1.11199025E+00
    47  1.41000000E+01  1.11320960E+00  9.99998035E-01  1.11320960E+00
    48  1.44000000E+01  1.11432938E+00  9.99997821E-01  1.11432938E+00
    49  1.47000000E+01  1.11553242E+00  9.99997588E-01  1.11553242E+00
    50  1.50000000E+01  1.11666166E+00  9.99997335E-01  1.11666166E+00
    51  1.53000000E+01  1.11770247E+00  9.99997060E-01  1.11770247E+00
    52  1.56000000E+01  1.11869152E+00  9.99996761E-01  1.11869152E+00
    53  1.59000000E+01  1.11973741E+00  9.99996438E-01  1.11973741E+00
    54  1.62000000E+01  1.12070636E+00  9.99996087E-01  1.12070636E+00
    55  1.65000000E+01  1.12160947E+00  9.99995708E-01  1.12160947E+00
    56  1.68000000E+01  1.12249671E+00  9.99995299E-01  1.12249671E+00
    57  1.71000000E+01  1.12340300E+00  9.99994856E-01  1.12340300E+00
    58  1.74000000E+01  1.12425008E+00  9.99994380E-01  1.12425008E+00
    59  1.77000000E+01  1.12504410E+00  9.99993866E-01  1.12504410E+00
    60  1.80000000E+01  1.12579358E+00  9.99993313E-01  1.12579358E+00
    61  1.83000000E+01  1.12659110E+00  9.99992718E-01  1.12659110E+00
    62  1.86000000E+01  1.12733910E+00  9.99992079E-01  1.12733910E+00
    63  1.89000000E+01  1.12803857E+00  9.99991394E-01  1.12803857E+00
    64  1.92000000E+01  1.12868857E+00  9.99990658E-01  1.12868857E+00
    65  1.95000000E+01  1.12937716E+00  9.99989871E-01  1.12937716E+00
    66  1.98000000E+01  1.13002861E+00  9.99989028E-01  1.13002861E+00
    67  2.01000000E+01  1.13062970E+00  9.99988127E-01  1.13062970E+00
    68  2.04000000E+01  1.13117837E+00  9.99987164E-01  1.13117837E+00
    69  2.07000000E+01  1.13178225E+00  9.99986136E-01  1.13178225E+00
    70  2.10000000E+01  1.13233660E+00  9.99985040E-01  1.13233660E+00
    71  2.13000000E+01  1.13283693E+00  9.99983872E-01  1.13283693E+00
    72  2.16000000E+01  1.13332069E+00  9.99982630E-01  1.13332069E+00
    73  2.19000000E+01  1.13382599E+00  9.99981308E-01  1.13382599E+00
    74  2.22000000E+01  1.13427733E+00  9.99979904E-01  1.13427733E+00
    75  2.25000000E+01  1.13467475E+00  9.99978414E-01  1.13467475E+00
    76  2.28000000E+01  1.13512254E+00  9.99976834E-01  1.13512254E+00
    77  2.31000000E+01  1.13552582E+00  9.99975159E-01  1.13552582E+00
    78  2.34000000E+01  1.13587624E+00  9.99973388E-01  1.13587624E+00
    79  2.37000000E+01  1.13623561E+00  9.99971515E-01  1.13623561E+00
    80  2.40000000E+01  1.13659304E+00  9.99969536E-01  1.13659304E+00
    81  2.43000000E+01  1.13690032E+00  9.99967449E-01  1.13690032E+00
    82  2.46000000E+01  1.13719238E+00  9.99965249E-01  1.13719238E+00
    83  2.49000000E+01  1.13750497E+00  9.99962932E-01  1.13750497E+00
    84  2.52000000E+01  1.13777047E+00  9.99960497E-01  1.13777047E+00
    85  2.55000000E+01  1.13800264E+00  9.99957938E-01  1.13800264E+00
    86  2.58000000E+01  1.13827492E+00  9.99955255E-01  1.13827492E+00
    87  2.61000000E+01  1.13850405E+00  9.99952442E-01  1.13850405E+00
    88  2.64000000E+01  1.13869526E+00  9.99949499E-01  1.13869526E+00
    89  2.67000000E+01  1.13892038E+00  9.99946424E-01  1.13892038E+00
    90  2.70000000E+01  1.13911513E+00  9.99943215E-01  1.13911513E+00
    91  2.73000000E+01  1.13927682E+00  9.99939871E-01  1.13927682E+00
    92  2.76000000E+01  1.13945897E+00  9.99936391E-01  1.13945897E+00
    93  2.79000000E+01  1.13962499E+00  9.99932777E-01  1.13962499E+00
    94  2.82000000E+01  1.13976238E+00  9.99929029E-01  1.13976238E+00
    95  2.85000000E+01  1.13989964E+00  9.99925150E-01  1.13989964E+00
    96  2.88000000E+01  1.14003954E+00  9.99921142E-01  1.14003954E+00
    97  2.91000000E+01  1.14015559E+00  9.99917010E-01  1.14015559E+00
    98  2.94000000E+01  1.14026361E+00  9.99912759E-01  1.14026361E+00
    99  2.97000000E+01  1.14038218E+00  9.99908397E-01  1.14038218E+00
   100  3.00000000E+01  1.14048075E+00  9.99903931E-01  1.14048075E+00
   101  3.03000000E+01  1.14056371E+00  9.99899373E-01  1.14056371E+00
   102  3.06000000E+01  1.14065211E+00  9.99894733E-01  1.14065211E+00
   103  3.09000000E+01  1.14073636E+00  9.99890026E-01  1.14073636E+00
   104  3.12000000E+01  1.14080828E+00  9.99885269E-01  1.14080828E+00
   105  3.15000000E+01  1.14087241E+00  9.99880482E-01  1.14087241E+00
   106  3.18000000E+01  1.14094462E+00  9.99875685E-01  1.14094462E+00
   107  3.21000000E+01  1.14100687E+00  9.99870905E-01  1.14100687E+00
   108  3.24000000E+01  1.14106140E+00  9.99866169E-01  1.14106140E+00
   109  3.27000000E+01  1.14110976E+00  9.99861510E-01  1.14110976E+00
   110  3.30000000E+01  1.14115786E+00  9.99856965E-01  1.14115786E+00
   111  3.33000000E+01  1.14120696E+00  9.99852574E-01  1.14120696E+00
   112  3.36000000E+01  1.14125084E+00  9.99848382E-01  1.14125084E+00
   113  3.39000000E+01  1.14129013E+00  9.99844441E-01  1.14129013E+00
   114  3.42000000E+01  1.14132524E+00  9.99840806E-01  1.14132524E+00
   115  3.45000000E+01  1.14135955E+00  9.99837541E-01  1.14135955E+00
   116  3.48000000E+01  1.14139471E+00  9.99834714E-01  1.14139471E+00
   117  3.51000000E+01  1.14142616E+00  9.99832402E-01  1.14142616E+00
   118  3.54000000E+01  1.14145415E+00  9.99830689E-01  1.14145415E+00
   119  3.57000000E+01  1.14147897E+00  9.99829668E-01  1.14147897E+00
   120  3.60000000E+01  1.14150092E+00  9.99829439E-01  1.14150092E+00
   121  3.63000000E+01  1.14152483E+00  9.99830116E-01  1.14152483E+00
   122  3.66000000E+01  1.14154715E+00  9.99831819E-01  1.14154715E+00
   123  3.69000000E+01  1.14156688E+00  9.99834681E-01  1.14156688E+00
   124  3.72000000E+01  1.14158439E+00  9.99838848E-01  1.14158439E+00
   125  3.75000000E+01  1.14160004E+00  9.99844478E-01  1.14160004E+00
   126  3.78000000E+01  1.14161415E+00  9.99851743E-01  1.14161415E+00
   127  3.81000000E+01  1.14162700E+00  9.99860828E-01  1.14162700E+00
   128  3.84000000E+01  1.14164080E+00  9.99871939E-01  1.14164080E+00
   129  3.87000000E+01  1.14165372E+00  9.99885293E-01  1.14165372E+00
   130  3.90000000E+01  1.14166554E+00  9.99901129E-01  1.14166554E+00
   131  3.93000000E+01  1.14167642E+00  9.99919705E-01  1.14167642E+00
   132  3.96000000E+01  1.14168647E+00  9.99941299E-01  1.14168647E+00
   133  3.99000000E+01  1.14169578E+00  9.99966212E-01  1.14169578E+00
   134  4.02000000E+01  1.14170439E+00  9.99994769E-01  1.14170439E+00
   135  4.05000000E+01  1.14171235E+00  1.00002732E+00  1.14171235E+00
   136  4.08000000E+01  1.14171969E+00  1.00006423E+00  1.14171969E+00
   137  4.11000000E+01  1.14172644E+00  1.00010593E+00  1.14172644E+00
   138  4.14000000E+01  1.14173263E+00  1.00015282E+00  1.14173263E+00
   139  4.17000000E+01  1.14173831E+00  1.00020540E+00  1.14173831E+00
   140  4.20000000E+01  1.14174388E+00  1.00026415E+00  1.14174388E+00
   141  4.23000000E+01  1.14174962E+00  1.00032960E+00  1.14174962E+00
   142  4.26000000E+01  1.14175488E+00  1.00040234E+00  1.14175488E+00
   143  4.29000000E+01  1.14175969E+00  1.00048297E+00  1.14175969E+00
   144  4.32000000E+01  1.14176409E+00  1.00057216E+00  1.14176409E+00
   145  4.35000000E+01  1.14176812E+00  1.00067058E+00  1.14176812E+00
   146  4.38000000E+01  1.14177180E+00  1.00077900E+00  1.14177180E+00
   147  4.41000000E+01  1.14177516E+00  1.00089820E+00  1.14177516E+00
   148  4.44000000E+01  1.14177822E+00  1.00102903E+00  1.14177822E+00
   149  4.47000000E+01  1.14178100E+00  1.00117237E+00  1.14178100E+00
   150  4.50000000E+01  1.14178352E+00  1.00132919E+00  1.14178352E+00
   151  4.53000000E+01  1.14178581E+00  1.00150048E+00  1.14178581E+00
   152  4.56000000E+01  1.14178788E+00  1.00168733E+00  1.14178788E+00
   153  4.59000000E+01  1.14178974E+00  1.00189085E+00  1.14178974E+00
   154  4.62000000E+01  1.14179142E+00  1.00211226E+00  1.14179142E+00
   155  4.65000000E+01  1.14179293E+00  1.00235280E+00  1.14179293E+00
   156  4.68000000E+01  1.14179428E+00  1.00261382E+00  1.14179428E+00
   157  4.71000000E+01  1.14179549E+00  1.00289672E+00  1.14179549E+00
   158  4.74000000E+01  1.14179657E+00  1.00320296E+00  1.14179657E+00
   159  4.77000000E+01  1.14179753E+00  1.00353411E+00  1.14179753E+00
   160  4.80000000E+01  1.14179839E+00  1.00389179E+00  1.14179839E+00
   161  4.83000000E+01  1.14179915E+00  1.00427769E+00  1.14179915E+00
   162  4.86000000E+01  1.14179982E+00  1.00469361E+00  1.14179982E+00
   163  4.89000000E+01  1.14180042E+00  1.00514138E+00  1.14180042E+00
   164  4.92000000E+01  1.14180095E+00  1.00562296E+00  1.14180095E+00
   165  4.95000000E+01  1.14180141E+00  1.00614034E+00  1.14180141E+00
   166  4.98000000E+01  1.14180182E+00  1.00669562E+00  1.14180182E+00
   167  5.01000000E+01  1.14180218E+00  1.00729094E+00  1.14180218E+00
   168  5.04000000E+01  1.14180250E+00  1.00792853E+00  1.14180250E+00
   169  5.07000000E+01  1.14180277E+00  1.00861068E+00  1.14180277E+00
   170  5.10000000E+01  1.14180301E+00  1.00933975E+00  1.14180301E+00
   171  5.13000000E+01  1.14180322E+00  1.01011814E+00  1.14180322E+00
   172  5.16000000E+01  1.14180340E+00  1.01094830E+00  1.14180340E+00
   173  5.19000000E+01  1.14180356E+00  1.01183271E+00  1.14180356E+00
   174  5.22000000E+01  1.14180370E+00  1.01277389E+00  1.14180370E+00
   175  5.25000000E+01  1.14180381E+00  1.01377438E+00  1.14180381E+00
   176  5.28000000E+01  1.14180392E+00  1.01483669E+00  1.14180392E+00
   177  5.31000000E+01  1.14180400E+00  1.01596335E+00  1.14180400E+00
   178  5.34000000E+01  1.14180408E+00  1.01715682E+00  1.14180408E+00
   179  5.37000000E+01  1.14180415E+00  1.01841955E+00  1.14180415E+00
   180  5.40000000E+01  1.14180420E+00  1.01975388E+00  1.14180420E+00
   181  5.43000000E+01  1.14180425E+00  1.02116206E+00  1.14180425E+00
   182  5.46000000E+01  1.14180429E+00  1.02264622E+00  1.14180429E+00
   183  5.49000000E+01  1.14180433E+00  1.02420835E+00  1.14180433E+00
   184  5.52000000E+01  1.14180436E+00  1.02585023E+00  1.14180436E+00
   185  5.55000000E+01  1.14180438E+00  1.02757346E+00  1.14180438E+00
   186  5.58000000E+01  1.14180441E+00  1.02937937E+00  1.14180441E+00
   187  5.61000000E+01  1.14180443E+00  1.03126903E+00  1.14180443E+00
   188  5.64000000E+01  1.14180444E+00  1.03324319E+00  1.14180444E+00
   189  5.67000000E+01  1.14180446E+00  1.03530225E+00  1.14180446E+00
   190  5.70000000E+01  1.14180447E+00  1.03744622E+00  1.14180447E+00
   191  5.73000000E+01  1.14180448E+00  1.03967470E+00  1.14180448E+00
   192  5.76000000E+01  1.14180449E+00  1.04198682E+00  1.14180449E+00
   193  5.79000000E+01  1.14180450E+00  1.04438121E+00  1.14180450E+00
   194  5.82000000E+01  1.14180450E+00  1.04685598E+00  1.14180450E+00
   195  5.85000000E+01  1.14180451E+00  1.04940867E+00  1.14180451E+00
   196  5.88000000E+01  1.14180452E+00  1.05203622E+00  1.14180452E+00
   197  5.91000000E+01  1.14180452E+00  1.05473498E+00  1.14180452E+00
   198  5.94000000E+01  1.14180453E+00  1.05750064E+00  1.14180453E+00
   199  5.97000000E+01  1.14180453E+00  1.06032824E+00  1.14180453E+00
   200  6.00000000E+01  1.14180453E+00  1.06321218E+00  1.14180453E+00
   201  6.03000000E+01  1.14180454E+00  1.06614617E+00  1.14180454E+00
   202  6.06000000E+01  1.14180454E+00  1.06912331E+00  1.14180454E+00
   203  6.09000000E+01  1.14180454E+00  1.07213603E+00  1.14180454E+00
   204  6.12000000E+01  1.14180455E+00  1.07517617E+00  1.14180455E+00
   205  6.15000000E+01  1.14180455E+00  1.07823497E+00  1.14180455E+00
   206  6.18000000E+01  1.14180455E+00  1.08130316E+00  1.14180455E+00
   207  6.21000000E+01  1.14180455E+00  1.08437097E+00  1.14180455E+00
   208  6.24000000E+01  1.14180456E+00  1.08742824E+00  1.14180456E+00
   209  6.27000000E+01  1.14180456E+00  1.09046444E+00  1.14180456E+00
   210  6.30000000E+01  1.14180456E+00  1.09346880E+00  1.14180456E+00
   211  6.33000000E+01  1.14180456E+00  1.09643041E+00  1.14180456E+00
   212  6.36000000E+01  1.14180456E+00  1.09933829E+00  1.14180456E+00
   213  6.39000000E+01  1.14180457E+00  1.10218156E+00  1.14180457E+00
   214  6.42000000E+01  1.14180457E+00  1.10494955E+00  1.14180457E+00
   215  6.45000000E+01  1.14180457E+00  1.10763195E+00  1.14180457E+00
   216  6.48000000E+01  1.14180457E+00  1.11021898E+00  1.14180457E+00
   217  6.51000000E+01  1.14180457E+00  1.11270155E+00  1.14180457E+00
   218  6.54000000E+01  1.14180457E+00  1.11507144E+00  1.14180457E+00
   219  6.57000000E+01  1.14180457E+00  1.11732145E+00  1.14180457E+00
   220  6.60000000E+01  1.14180458E+00  1.11944563E+00  1.14180458E+00
   221  6.63000000E+01  1.14180458E+00  1.12143939E+00  1.14180458E+00
   222  6.66000000E+01  1.14180458E+00  1.12329966E+00  1.14180458E+00
   223  6.69000000E+01  1.14180458E+00  1.12502503E+00  1.14180458E+00
   224  6.72000000E+01  1.14180458E+00  1.12661580E+00  1.14180458E+00
   225  6.75000000E+01  1.14180458E+00  1.12807403E+00  1.14180458E+00
   226  6.78000000E+01  1.14180458E+00  1.12940351E+00  1.14180458E+00
   227  6.81000000E+01  1.14180458E+00  1.13060967E+00  1.14180458E+00
   228  6.84000000E+01  1.14180458E+00  1.13169946E+00  1.14180458E+00
   229  6.87000000E+01  1.14180458E+00  1.13268105E+00  1.14180458E+00
   230  6.90000000E+01  1.14180458E+00  1.13356362E+00  1.14180458E+00
   231  6.93000000E+01  1.14180459E+00  1.13435696E+00  1.14180459E+00
   232  6.96000000E+01  1.14180459E+00  1.13507110E+00  1.14180459E+00
   233  6.99000000E+01  1.14180459E+00  1.13571593E+00  1.14180459E+00
   234  7.02000000E+01  1.14180459E+00  1.13630079E+00  1.14180459E+00
   235  7.05000000E+01  1.14180459E+00  1.13683410E+00  1.14180459E+00
   236  7.08000000E+01  1.14180459E+00  1.13732311E+00  1.14180459E+00
   237  7.11000000E+01  1.14180459E+00  1.13777363E+00  1.14180459E+00
   238  7.14000000E+01  1.14180459E+00  1.13818999E+00  1.14180459E+00
   239  7.17000000E+01  1.14180459E+00  1.13857502E+00  1.14180459E+00
   240  7.20000000E+01  1.14180459E+00  1.13893019E+00  1.14180459E+00
   241  7.23000000E+01  1.14180459E+00  1.13925584E+00  1.14180459E+00
   242  7.26000000E+01  1.14180459E+00  1.13955154E+00  1.14180459E+00
   243  7.29000000E+01  1.14180459E+00  1.13981637E+00  1.14180459E+00
   244  7.32000000E+01  1.14180459E+00  1.14004941E+00  1.14180459E+00
   245  7.35000000E+01  1.14180459E+00  1.14025005E+00  1.14180459E+00
   246  7.38000000E+01  1.14180459E+00  1.14041828E+00  1.14180459E+00
   247  7.41000000E+01  1.14180459E+00  1.14055494E+00  1.14180459E+00
   248  7.44000000E+01  1.14180459E+00  1.14066182E+00  1.14180459E+00
   249  7.47000000E+01  1.14180459E+00  1.14074162E+00  1.14180459E+00
   250  7.50000000E+01  1.14180459E+00  1.14079787E+00  1.14180459E+00
   251  7.53000000E+01  1.14180459E+00  1.14083470E+00  1.14180459E+00
   252  7.56000000E+01  1.14180459E+00  1.14085653E+00  1.14180459E+00
   253  7.59000000E+01  1.14180459E+00  1.14086783E+00  1.14180459E+00
   254  7.62000000E+01  1.14180459E+00  1.14087276E+00  1.14180459E+00
   255  7.65000000E+01  1.14180459E+00  1.14087496E+00  1.14180459E+00
   256  7.68000000E+01  1.14180459E+00  1.14087730E+00  1.14180459E+00
   257  7.71000000E+01  1.14180459E+00  1.14088183E+00  1.14180459E+00
   258  7.74000000E+01  1.14180459E+00  1.14088972E+00  1.14180459E+00
   259  7.77000000E+01  1.14180459E+00  1.14090136E+00  1.14180459E+00
   260  7.80000000E+01  1.14180459E+00  1.14091644E+00  1.14180459E+00
   261  7.83000000E+01  1.14180459E+00  1.14093420E+00  1.14180459E+00
   262  7.86000000E+01  1.14180459E+00  1.14095355E+00  1.14180459E+00
   263  7.89000000E+01  1.14180459E+00  1.14097334E+00  1.14180459E+00
   264  7.92000000E+01  1.14180459E+00  1.14099248E+00  1.14180459E+00
   265  7.95000000E+01  1.14180459E+00  1.14101009E+00  1.14180459E+00
   266  7.98000000E+01  1.14180459E+00  1.14102555E+00  1.14180459E+00
   267  8.01000000E+01  1.14180459E+00  1.14103859E+00  1.14180459E+00
   268  8.04000000E+01  1.14180459E+00  1.14104918E+00  1.14180459E+00
   269  8.07000000E+01  1.14180459E+00  1.14105755E+00  1.14180459E+00
   270  8.10000000E+01  1.14180459E+00  1.14106408E+00  1.14180459E+00
   271  8.13000000E+01  1.14180459E+00  1.14106926E+00  1.14180459E+00
   272  8.16000000E+01  1.14180459E+00  1.14107353E+00  1.14180459E+00
   273  8.19000000E+01  1.14180459E+00  1.14107732E+00  1.14180459E+00
   274  8.22000000E+01  1.14180459E+00  1.14108094E+00  1.14180459E+00
   275  8.25000000E+01  1.14180459E+00  1.14108459E+00  1.14180459E+00
   276  8.28000000E+01  1.14180459E+00  1.14108838E+00  1.14180459E+00
   277  8.31000000E+01  1.14180459E+00  1.14109228E+00  1.14180459E+00
   278  8.34000000E+01  1.14180459E+00  1.14109625E+00  1.14180459E+00
 steady-height stop at step    278: changes <=   1.0000E-05, max-end <=   1.0000E-02, max/end/gap/profile_change =   1.14180459E+00  1.14109625E+00  7.08348303E-04  3.96224378E-06


STDERR:
