COMMAND:
/shared/generate_rom_data/extrudate_swell2d_c_cluster

STDOUT:
 comppar: model =   6
 comppar: lambda,mobility/eps,betav,eta_0 =  1.0000E+01  3.6667E-01  5.0000E-01  1.0000E+00
 comppar: eta_s,eta_p,G =  5.0000E-01  5.0000E-01  5.0000E-02
 comppar: U_avg,deltat,flowrate,nsteps =  1.0000E-01  3.0000E-01  3.1416E-01     700
 comppar: geometry = axisymmetric
 comppar: steady stop change,gap,hold,min =  1.0000E-05  1.0000E-02      10      80
 comppar: ncompc,ncompg =     4     5
 mesh nnodes = 5765
 mesh nelem = 2780
 P1 BC   5.0000000000000000     
 P2 BC   0.0000000000000000     
     1  3.00000000E-01  1.00379152E+00  1.00000000E+00  1.00379152E+00
     2  6.00000000E-01  1.00749788E+00  1.00000000E+00  1.00749788E+00
     3  9.00000000E-01  1.01111882E+00  1.00000000E+00  1.01111882E+00
     4  1.20000000E+00  1.01465637E+00  1.00000000E+00  1.01465637E+00
     5  1.50000000E+00  1.01811287E+00  1.00000000E+00  1.01811287E+00
     6  1.80000000E+00  1.02148658E+00  1.00000000E+00  1.02148658E+00
     7  2.10000000E+00  1.02478527E+00  1.00000000E+00  1.02478527E+00
     8  2.40000000E+00  1.02802412E+00  1.00000000E+00  1.02802412E+00
     9  2.70000000E+00  1.03119196E+00  1.00000000E+00  1.03119196E+00
    10  3.00000000E+00  1.03428808E+00  1.00000000E+00  1.03428808E+00
    11  3.30000000E+00  1.03734001E+00  1.00000000E+00  1.03734001E+00
    12  3.60000000E+00  1.04033738E+00  1.00000000E+00  1.04033738E+00
    13  3.90000000E+00  1.04326796E+00  1.00000000E+00  1.04326796E+00
    14  4.20000000E+00  1.04619022E+00  1.00000000E+00  1.04619022E+00
    15  4.50000000E+00  1.04902225E+00  9.99999999E-01  1.04902225E+00
    16  4.80000000E+00  1.05187600E+00  9.99999996E-01  1.05187600E+00
    17  5.10000000E+00  1.05463842E+00  9.99999991E-01  1.05463842E+00
    18  5.40000000E+00  1.05742660E+00  9.99999986E-01  1.05742660E+00
    19  5.70000000E+00  1.06011698E+00  9.99999979E-01  1.06011698E+00
    20  6.00000000E+00  1.06282896E+00  9.99999970E-01  1.06282896E+00
    21  6.30000000E+00  1.06548397E+00  9.99999960E-01  1.06548397E+00
    22  6.60000000E+00  1.06809641E+00  9.99999949E-01  1.06809641E+00
    23  6.90000000E+00  1.07072015E+00  9.99999935E-01  1.07072015E+00
    24  7.20000000E+00  1.07325032E+00  9.99999919E-01  1.07325032E+00
    25  7.50000000E+00  1.07580623E+00  9.99999901E-01  1.07580623E+00
    26  7.80000000E+00  1.07832891E+00  9.99999880E-01  1.07832891E+00
    27  8.10000000E+00  1.08075700E+00  9.99999856E-01  1.08075700E+00
    28  8.40000000E+00  1.08324103E+00  9.99999829E-01  1.08324103E+00
    29  8.70000000E+00  1.08565849E+00  9.99999799E-01  1.08565849E+00
    30  9.00000000E+00  1.08797842E+00  9.99999765E-01  1.08797842E+00
    31  9.30000000E+00  1.09034769E+00  9.99999727E-01  1.09034769E+00
    32  9.60000000E+00  1.09267556E+00  9.99999684E-01  1.09267556E+00
    33  9.90000000E+00  1.09490328E+00  9.99999637E-01  1.09490328E+00
    34  1.02000000E+01  1.09712475E+00  9.99999585E-01  1.09712475E+00
    35  1.05000000E+01  1.09935221E+00  9.99999527E-01  1.09935221E+00
    36  1.08000000E+01  1.10147805E+00  9.99999463E-01  1.10147805E+00
    37  1.11000000E+01  1.10350453E+00  9.99999393E-01  1.10350453E+00
    38  1.14000000E+01  1.10562068E+00  9.99999315E-01  1.10562068E+00
    39  1.17000000E+01  1.10766578E+00  9.99999231E-01  1.10766578E+00
    40  1.20000000E+01  1.10961556E+00  9.99999138E-01  1.10961556E+00
    41  1.23000000E+01  1.11148047E+00  9.99999036E-01  1.11148047E+00
    42  1.26000000E+01  1.11343974E+00  9.99998925E-01  1.11343974E+00
    43  1.29000000E+01  1.11531007E+00  9.99998804E-01  1.11531007E+00
    44  1.32000000E+01  1.11710084E+00  9.99998672E-01  1.11710084E+00
    45  1.35000000E+01  1.11882214E+00  9.99998528E-01  1.11882214E+00
    46  1.38000000E+01  1.12057293E+00  9.99998372E-01  1.12057293E+00
    47  1.41000000E+01  1.12231473E+00  9.99998202E-01  1.12231473E+00
    48  1.44000000E+01  1.12399315E+00  9.99998017E-01  1.12399315E+00
    49  1.47000000E+01  1.12561603E+00  9.99997818E-01  1.12561603E+00
    50  1.50000000E+01  1.12718865E+00  9.99997601E-01  1.12718865E+00
    51  1.53000000E+01  1.12871693E+00  9.99997367E-01  1.12871693E+00
    52  1.56000000E+01  1.13030115E+00  9.99997114E-01  1.13030115E+00
    53  1.59000000E+01  1.13183683E+00  9.99996841E-01  1.13183683E+00
    54  1.62000000E+01  1.13332311E+00  9.99996546E-01  1.13332311E+00
    55  1.65000000E+01  1.13475590E+00  9.99996228E-01  1.13475590E+00
    56  1.68000000E+01  1.13612865E+00  9.99995885E-01  1.13612865E+00
    57  1.71000000E+01  1.13750521E+00  9.99995517E-01  1.13750521E+00
    58  1.74000000E+01  1.13888664E+00  9.99995120E-01  1.13888664E+00
    59  1.77000000E+01  1.14020152E+00  9.99994694E-01  1.14020152E+00
    60  1.80000000E+01  1.14144176E+00  9.99994236E-01  1.14144176E+00
    61  1.83000000E+01  1.14261024E+00  9.99993745E-01  1.14261024E+00
    62  1.86000000E+01  1.14386469E+00  9.99993218E-01  1.14386469E+00
    63  1.89000000E+01  1.14503745E+00  9.99992654E-01  1.14503745E+00
    64  1.92000000E+01  1.14612211E+00  9.99992049E-01  1.14612211E+00
    65  1.95000000E+01  1.14712601E+00  9.99991403E-01  1.14712601E+00
    66  1.98000000E+01  1.14822581E+00  9.99990712E-01  1.14822581E+00
    67  2.01000000E+01  1.14923453E+00  9.99989974E-01  1.14923453E+00
    68  2.04000000E+01  1.15015000E+00  9.99989186E-01  1.15015000E+00
    69  2.07000000E+01  1.15105521E+00  9.99988346E-01  1.15105521E+00
    70  2.10000000E+01  1.15198560E+00  9.99987451E-01  1.15198560E+00
    71  2.13000000E+01  1.15282245E+00  9.99986497E-01  1.15282245E+00
    72  2.16000000E+01  1.15356868E+00  9.99985482E-01  1.15356868E+00
    73  2.19000000E+01  1.15437611E+00  9.99984403E-01  1.15437611E+00
    74  2.22000000E+01  1.15513948E+00  9.99983256E-01  1.15513948E+00
    75  2.25000000E+01  1.15581617E+00  9.99982039E-01  1.15581617E+00
    76  2.28000000E+01  1.15645821E+00  9.99980747E-01  1.15645821E+00
    77  2.31000000E+01  1.15714803E+00  9.99979378E-01  1.15714803E+00
    78  2.34000000E+01  1.15775619E+00  9.99977928E-01  1.15775619E+00
    79  2.37000000E+01  1.15829034E+00  9.99976393E-01  1.15829034E+00
    80  2.40000000E+01  1.15887714E+00  9.99974770E-01  1.15887714E+00
    81  2.43000000E+01  1.15942516E+00  9.99973054E-01  1.15942516E+00
    82  2.46000000E+01  1.15990528E+00  9.99971243E-01  1.15990528E+00
    83  2.49000000E+01  1.16034953E+00  9.99969333E-01  1.16034953E+00
    84  2.52000000E+01  1.16083987E+00  9.99967320E-01  1.16083987E+00
    85  2.55000000E+01  1.16126934E+00  9.99965200E-01  1.16126934E+00
    86  2.58000000E+01  1.16164617E+00  9.99962970E-01  1.16164617E+00
    87  2.61000000E+01  1.16203799E+00  9.99960626E-01  1.16203799E+00
    88  2.64000000E+01  1.16242378E+00  9.99958165E-01  1.16242378E+00
    89  2.67000000E+01  1.16276258E+00  9.99955584E-01  1.16276258E+00
    90  2.70000000E+01  1.16306142E+00  9.99952879E-01  1.16306142E+00
    91  2.73000000E+01  1.16337738E+00  9.99950048E-01  1.16337738E+00
    92  2.76000000E+01  1.16368285E+00  9.99947088E-01  1.16368285E+00
    93  2.79000000E+01  1.16395357E+00  9.99943996E-01  1.16395357E+00
    94  2.82000000E+01  1.16419469E+00  9.99940771E-01  1.16419469E+00
    95  2.85000000E+01  1.16444708E+00  9.99937412E-01  1.16444708E+00
    96  2.88000000E+01  1.16469236E+00  9.99933916E-01  1.16469236E+00
    97  2.91000000E+01  1.16491159E+00  9.99930284E-01  1.16491159E+00
    98  2.94000000E+01  1.16510848E+00  9.99926516E-01  1.16510848E+00
    99  2.97000000E+01  1.16528603E+00  9.99922612E-01  1.16528603E+00
   100  3.00000000E+01  1.16548525E+00  9.99918574E-01  1.16548525E+00
   101  3.03000000E+01  1.16566688E+00  9.99914404E-01  1.16566688E+00
   102  3.06000000E+01  1.16583125E+00  9.99910106E-01  1.16583125E+00
   103  3.09000000E+01  1.16598049E+00  9.99905684E-01  1.16598049E+00
   104  3.12000000E+01  1.16611646E+00  9.99901143E-01  1.16611646E+00
   105  3.15000000E+01  1.16626401E+00  9.99896492E-01  1.16626401E+00
   106  3.18000000E+01  1.16640235E+00  9.99891738E-01  1.16640235E+00
   107  3.21000000E+01  1.16652893E+00  9.99886891E-01  1.16652893E+00
   108  3.24000000E+01  1.16664522E+00  9.99881964E-01  1.16664522E+00
   109  3.27000000E+01  1.16675256E+00  9.99876969E-01  1.16675256E+00
   110  3.30000000E+01  1.16685213E+00  9.99871924E-01  1.16685213E+00
   111  3.33000000E+01  1.16695214E+00  9.99866848E-01  1.16695214E+00
   112  3.36000000E+01  1.16705357E+00  9.99861760E-01  1.16705357E+00
   113  3.39000000E+01  1.16714805E+00  9.99856685E-01  1.16714805E+00
   114  3.42000000E+01  1.16723650E+00  9.99851651E-01  1.16723650E+00
   115  3.45000000E+01  1.16731970E+00  9.99846687E-01  1.16731970E+00
   116  3.48000000E+01  1.16739827E+00  9.99841829E-01  1.16739827E+00
   117  3.51000000E+01  1.16747272E+00  9.99837114E-01  1.16747272E+00
   118  3.54000000E+01  1.16754344E+00  9.99832585E-01  1.16754344E+00
   119  3.57000000E+01  1.16761075E+00  9.99828290E-01  1.16761075E+00
   120  3.60000000E+01  1.16767488E+00  9.99824280E-01  1.16767488E+00
   121  3.63000000E+01  1.16774128E+00  9.99820614E-01  1.16774128E+00
   122  3.66000000E+01  1.16780620E+00  9.99817355E-01  1.16780620E+00
   123  3.69000000E+01  1.16786812E+00  9.99814575E-01  1.16786812E+00
   124  3.72000000E+01  1.16792721E+00  9.99812350E-01  1.16792721E+00
   125  3.75000000E+01  1.16798362E+00  9.99810765E-01  1.16798362E+00
   126  3.78000000E+01  1.16803747E+00  9.99809913E-01  1.16803747E+00
   127  3.81000000E+01  1.16808887E+00  9.99809896E-01  1.16808887E+00
   128  3.84000000E+01  1.16813791E+00  9.99810823E-01  1.16813791E+00
   129  3.87000000E+01  1.16818468E+00  9.99812816E-01  1.16818468E+00
   130  3.90000000E+01  1.16822926E+00  9.99816005E-01  1.16822926E+00
   131  3.93000000E+01  1.16827172E+00  9.99820534E-01  1.16827172E+00
   132  3.96000000E+01  1.16831213E+00  9.99826556E-01  1.16831213E+00
   133  3.99000000E+01  1.16835055E+00  9.99834239E-01  1.16835055E+00
   134  4.02000000E+01  1.16838704E+00  9.99843765E-01  1.16838704E+00
   135  4.05000000E+01  1.16842308E+00  9.99855330E-01  1.16842308E+00
   136  4.08000000E+01  1.16846009E+00  9.99869147E-01  1.16846009E+00
   137  4.11000000E+01  1.16849522E+00  9.99885445E-01  1.16849522E+00
   138  4.14000000E+01  1.16852851E+00  9.99904471E-01  1.16852851E+00
   139  4.17000000E+01  1.16856004E+00  9.99926492E-01  1.16856004E+00
   140  4.20000000E+01  1.16858985E+00  9.99951794E-01  1.16858985E+00
   141  4.23000000E+01  1.16861802E+00  9.99980688E-01  1.16861802E+00
   142  4.26000000E+01  1.16864459E+00  1.00001350E+00  1.16864459E+00
   143  4.29000000E+01  1.16866963E+00  1.00005060E+00  1.16866963E+00
   144  4.32000000E+01  1.16869321E+00  1.00009236E+00  1.16869321E+00
   145  4.35000000E+01  1.16871538E+00  1.00013918E+00  1.16871538E+00
   146  4.38000000E+01  1.16873621E+00  1.00019152E+00  1.16873621E+00
   147  4.41000000E+01  1.16875575E+00  1.00024983E+00  1.16875575E+00
   148  4.44000000E+01  1.16877406E+00  1.00031462E+00  1.16877406E+00
   149  4.47000000E+01  1.16879121E+00  1.00038642E+00  1.16879121E+00
   150  4.50000000E+01  1.16880724E+00  1.00046581E+00  1.16880724E+00
   151  4.53000000E+01  1.16882223E+00  1.00055338E+00  1.16882223E+00
   152  4.56000000E+01  1.16883622E+00  1.00064980E+00  1.16883622E+00
   153  4.59000000E+01  1.16884927E+00  1.00075575E+00  1.16884927E+00
   154  4.62000000E+01  1.16886143E+00  1.00087196E+00  1.16886143E+00
   155  4.65000000E+01  1.16887275E+00  1.00099920E+00  1.16887275E+00
   156  4.68000000E+01  1.16888364E+00  1.00113832E+00  1.16888364E+00
   157  4.71000000E+01  1.16889515E+00  1.00129018E+00  1.16889515E+00
   158  4.74000000E+01  1.16890586E+00  1.00145571E+00  1.16890586E+00
   159  4.77000000E+01  1.16891582E+00  1.00163589E+00  1.16891582E+00
   160  4.80000000E+01  1.16892507E+00  1.00183177E+00  1.16892507E+00
   161  4.83000000E+01  1.16893365E+00  1.00204444E+00  1.16893365E+00
   162  4.86000000E+01  1.16894162E+00  1.00227506E+00  1.16894162E+00
   163  4.89000000E+01  1.16894901E+00  1.00252484E+00  1.16894901E+00
   164  4.92000000E+01  1.16895585E+00  1.00279508E+00  1.16895585E+00
   165  4.95000000E+01  1.16896219E+00  1.00308712E+00  1.16896219E+00
   166  4.98000000E+01  1.16896805E+00  1.00340239E+00  1.16896805E+00
   167  5.01000000E+01  1.16897348E+00  1.00374236E+00  1.16897348E+00
   168  5.04000000E+01  1.16897850E+00  1.00410860E+00  1.16897850E+00
   169  5.07000000E+01  1.16898314E+00  1.00450273E+00  1.16898314E+00
   170  5.10000000E+01  1.16898743E+00  1.00492647E+00  1.16898743E+00
   171  5.13000000E+01  1.16899140E+00  1.00538158E+00  1.16899140E+00
   172  5.16000000E+01  1.16899506E+00  1.00586991E+00  1.16899506E+00
   173  5.19000000E+01  1.16899844E+00  1.00639338E+00  1.16899844E+00
   174  5.22000000E+01  1.16900157E+00  1.00695397E+00  1.16900157E+00
   175  5.25000000E+01  1.16900445E+00  1.00755375E+00  1.16900445E+00
   176  5.28000000E+01  1.16900712E+00  1.00819484E+00  1.16900712E+00
   177  5.31000000E+01  1.16900958E+00  1.00887943E+00  1.16900958E+00
   178  5.34000000E+01  1.16901186E+00  1.00960977E+00  1.16901186E+00
   179  5.37000000E+01  1.16901396E+00  1.01038815E+00  1.16901396E+00
   180  5.40000000E+01  1.16901590E+00  1.01121692E+00  1.16901590E+00
   181  5.43000000E+01  1.16901769E+00  1.01209847E+00  1.16901769E+00
   182  5.46000000E+01  1.16901935E+00  1.01303522E+00  1.16901935E+00
   183  5.49000000E+01  1.16902089E+00  1.01402960E+00  1.16902089E+00
   184  5.52000000E+01  1.16902231E+00  1.01508407E+00  1.16902231E+00
   185  5.55000000E+01  1.16902362E+00  1.01620106E+00  1.16902362E+00
   186  5.58000000E+01  1.16902484E+00  1.01738299E+00  1.16902484E+00
   187  5.61000000E+01  1.16902597E+00  1.01863226E+00  1.16902597E+00
   188  5.64000000E+01  1.16902702E+00  1.01995119E+00  1.16902702E+00
   189  5.67000000E+01  1.16902799E+00  1.02134203E+00  1.16902799E+00
   190  5.70000000E+01  1.16902889E+00  1.02280696E+00  1.16902889E+00
   191  5.73000000E+01  1.16902973E+00  1.02434800E+00  1.16902973E+00
   192  5.76000000E+01  1.16903051E+00  1.02596706E+00  1.16903051E+00
   193  5.79000000E+01  1.16903124E+00  1.02766587E+00  1.16903124E+00
   194  5.82000000E+01  1.16903191E+00  1.02944595E+00  1.16903191E+00
   195  5.85000000E+01  1.16903255E+00  1.03130862E+00  1.16903255E+00
   196  5.88000000E+01  1.16903314E+00  1.03325492E+00  1.16903314E+00
   197  5.91000000E+01  1.16903369E+00  1.03528561E+00  1.16903369E+00
   198  5.94000000E+01  1.16903420E+00  1.03740113E+00  1.16903420E+00
   199  5.97000000E+01  1.16903468E+00  1.03960158E+00  1.16903468E+00
   200  6.00000000E+01  1.16903514E+00  1.04188666E+00  1.16903514E+00
   201  6.03000000E+01  1.16903556E+00  1.04425566E+00  1.16903556E+00
   202  6.06000000E+01  1.16903596E+00  1.04670742E+00  1.16903596E+00
   203  6.09000000E+01  1.16903633E+00  1.04924033E+00  1.16903633E+00
   204  6.12000000E+01  1.16903669E+00  1.05185225E+00  1.16903669E+00
   205  6.15000000E+01  1.16903702E+00  1.05454053E+00  1.16903702E+00
   206  6.18000000E+01  1.16903733E+00  1.05730198E+00  1.16903733E+00
   207  6.21000000E+01  1.16903763E+00  1.06013286E+00  1.16903763E+00
   208  6.24000000E+01  1.16903791E+00  1.06302884E+00  1.16903791E+00
   209  6.27000000E+01  1.16903817E+00  1.06598507E+00  1.16903817E+00
   210  6.30000000E+01  1.16903843E+00  1.06899607E+00  1.16903843E+00
   211  6.33000000E+01  1.16903866E+00  1.07205584E+00  1.16903866E+00
   212  6.36000000E+01  1.16903889E+00  1.07515784E+00  1.16903889E+00
   213  6.39000000E+01  1.16903910E+00  1.07829496E+00  1.16903910E+00
   214  6.42000000E+01  1.16903931E+00  1.08145965E+00  1.16903931E+00
   215  6.45000000E+01  1.16903950E+00  1.08464387E+00  1.16903950E+00
   216  6.48000000E+01  1.16903968E+00  1.08783916E+00  1.16903968E+00
   217  6.51000000E+01  1.16903986E+00  1.09103673E+00  1.16903986E+00
   218  6.54000000E+01  1.16904003E+00  1.09422746E+00  1.16904003E+00
   219  6.57000000E+01  1.16904019E+00  1.09740204E+00  1.16904019E+00
   220  6.60000000E+01  1.16904034E+00  1.10055100E+00  1.16904034E+00
   221  6.63000000E+01  1.16904048E+00  1.10366485E+00  1.16904048E+00
   222  6.66000000E+01  1.16904062E+00  1.10673416E+00  1.16904062E+00
   223  6.69000000E+01  1.16904075E+00  1.10974972E+00  1.16904075E+00
   224  6.72000000E+01  1.16904088E+00  1.11270260E+00  1.16904088E+00
   225  6.75000000E+01  1.16904100E+00  1.11558439E+00  1.16904100E+00
   226  6.78000000E+01  1.16904112E+00  1.11838725E+00  1.16904112E+00
   227  6.81000000E+01  1.16904123E+00  1.12110414E+00  1.16904123E+00
   228  6.84000000E+01  1.16904134E+00  1.12372893E+00  1.16904134E+00
   229  6.87000000E+01  1.16904144E+00  1.12625655E+00  1.16904144E+00
   230  6.90000000E+01  1.16904154E+00  1.12868313E+00  1.16904154E+00
   231  6.93000000E+01  1.16904163E+00  1.13100605E+00  1.16904163E+00
   232  6.96000000E+01  1.16904172E+00  1.13322408E+00  1.16904172E+00
   233  6.99000000E+01  1.16904181E+00  1.13533734E+00  1.16904181E+00
   234  7.02000000E+01  1.16904189E+00  1.13734726E+00  1.16904189E+00
   235  7.05000000E+01  1.16904197E+00  1.13925654E+00  1.16904197E+00
   236  7.08000000E+01  1.16904205E+00  1.14106895E+00  1.16904205E+00
   237  7.11000000E+01  1.16904213E+00  1.14278911E+00  1.16904213E+00
   238  7.14000000E+01  1.16904220E+00  1.14442224E+00  1.16904220E+00
   239  7.17000000E+01  1.16904226E+00  1.14597382E+00  1.16904226E+00
   240  7.20000000E+01  1.16904233E+00  1.14744928E+00  1.16904233E+00
   241  7.23000000E+01  1.16904239E+00  1.14885360E+00  1.16904239E+00
   242  7.26000000E+01  1.16904245E+00  1.15019107E+00  1.16904245E+00
   243  7.29000000E+01  1.16904251E+00  1.15146495E+00  1.16904251E+00
   244  7.32000000E+01  1.16904257E+00  1.15267733E+00  1.16904257E+00
   245  7.35000000E+01  1.16904262E+00  1.15382900E+00  1.16904262E+00
   246  7.38000000E+01  1.16904267E+00  1.15491952E+00  1.16904267E+00
   247  7.41000000E+01  1.16904272E+00  1.15594732E+00  1.16904272E+00
   248  7.44000000E+01  1.16904277E+00  1.15690997E+00  1.16904277E+00
   249  7.47000000E+01  1.16904282E+00  1.15780454E+00  1.16904282E+00
   250  7.50000000E+01  1.16904286E+00  1.15862803E+00  1.16904286E+00
   251  7.53000000E+01  1.16904290E+00  1.15937778E+00  1.16904290E+00
   252  7.56000000E+01  1.16904295E+00  1.16005196E+00  1.16904295E+00
   253  7.59000000E+01  1.16904299E+00  1.16064990E+00  1.16904299E+00
   254  7.62000000E+01  1.16904302E+00  1.16117243E+00  1.16904302E+00
   255  7.65000000E+01  1.16904306E+00  1.16162200E+00  1.16904306E+00
   256  7.68000000E+01  1.16904309E+00  1.16200276E+00  1.16904309E+00
   257  7.71000000E+01  1.16904313E+00  1.16232039E+00  1.16904313E+00
   258  7.74000000E+01  1.16904316E+00  1.16258189E+00  1.16904316E+00
   259  7.77000000E+01  1.16904319E+00  1.16279516E+00  1.16904319E+00
   260  7.80000000E+01  1.16904322E+00  1.16296863E+00  1.16904322E+00
   261  7.83000000E+01  1.16904325E+00  1.16311075E+00  1.16904325E+00
   262  7.86000000E+01  1.16904328E+00  1.16322955E+00  1.16904328E+00
   263  7.89000000E+01  1.16904330E+00  1.16333223E+00  1.16904330E+00
   264  7.92000000E+01  1.16904333E+00  1.16342490E+00  1.16904333E+00
   265  7.95000000E+01  1.16904336E+00  1.16351235E+00  1.16904336E+00
   266  7.98000000E+01  1.16904338E+00  1.16359800E+00  1.16904338E+00
   267  8.01000000E+01  1.16904340E+00  1.16368392E+00  1.16904340E+00
   268  8.04000000E+01  1.16904342E+00  1.16377105E+00  1.16904342E+00
   269  8.07000000E+01  1.16904344E+00  1.16385934E+00  1.16904344E+00
   270  8.10000000E+01  1.16904346E+00  1.16394809E+00  1.16904346E+00
   271  8.13000000E+01  1.16904348E+00  1.16403619E+00  1.16904348E+00
   272  8.16000000E+01  1.16904350E+00  1.16412238E+00  1.16904350E+00
   273  8.19000000E+01  1.16904352E+00  1.16420549E+00  1.16904352E+00
   274  8.22000000E+01  1.16904354E+00  1.16428458E+00  1.16904354E+00
   275  8.25000000E+01  1.16904356E+00  1.16435902E+00  1.16904356E+00
   276  8.28000000E+01  1.16904357E+00  1.16442855E+00  1.16904357E+00
   277  8.31000000E+01  1.16904359E+00  1.16449324E+00  1.16904359E+00
   278  8.34000000E+01  1.16904360E+00  1.16455340E+00  1.16904360E+00
   279  8.37000000E+01  1.16904362E+00  1.16460955E+00  1.16904362E+00
   280  8.40000000E+01  1.16904363E+00  1.16466226E+00  1.16904363E+00
   281  8.43000000E+01  1.16904364E+00  1.16471212E+00  1.16904364E+00
   282  8.46000000E+01  1.16904365E+00  1.16475966E+00  1.16904365E+00
   283  8.49000000E+01  1.16904367E+00  1.16480526E+00  1.16904367E+00
   284  8.52000000E+01  1.16904368E+00  1.16484920E+00  1.16904368E+00
   285  8.55000000E+01  1.16904369E+00  1.16489161E+00  1.16904369E+00
   286  8.58000000E+01  1.16904370E+00  1.16493252E+00  1.16904370E+00
   287  8.61000000E+01  1.16904371E+00  1.16497189E+00  1.16904371E+00
   288  8.64000000E+01  1.16904372E+00  1.16500963E+00  1.16904372E+00
   289  8.67000000E+01  1.16904373E+00  1.16504562E+00  1.16904373E+00
   290  8.70000000E+01  1.16904374E+00  1.16507978E+00  1.16904374E+00
   291  8.73000000E+01  1.16904375E+00  1.16511206E+00  1.16904375E+00
   292  8.76000000E+01  1.16904376E+00  1.16514244E+00  1.16904376E+00
   293  8.79000000E+01  1.16904377E+00  1.16517096E+00  1.16904377E+00
   294  8.82000000E+01  1.16904377E+00  1.16519768E+00  1.16904377E+00
   295  8.85000000E+01  1.16904378E+00  1.16522269E+00  1.16904378E+00
   296  8.88000000E+01  1.16904379E+00  1.16524610E+00  1.16904379E+00
   297  8.91000000E+01  1.16904380E+00  1.16526802E+00  1.16904380E+00
   298  8.94000000E+01  1.16904380E+00  1.16528855E+00  1.16904380E+00
   299  8.97000000E+01  1.16904381E+00  1.16530778E+00  1.16904381E+00
   300  9.00000000E+01  1.16904382E+00  1.16532581E+00  1.16904382E+00
   301  9.03000000E+01  1.16904382E+00  1.16534270E+00  1.16904382E+00
   302  9.06000000E+01  1.16904383E+00  1.16535850E+00  1.16904383E+00
   303  9.09000000E+01  1.16904383E+00  1.16537327E+00  1.16904383E+00
   304  9.12000000E+01  1.16904384E+00  1.16538705E+00  1.16904384E+00
   305  9.15000000E+01  1.16904384E+00  1.16539990E+00  1.16904384E+00
   306  9.18000000E+01  1.16904385E+00  1.16541185E+00  1.16904385E+00
   307  9.21000000E+01  1.16904385E+00  1.16542294E+00  1.16904385E+00
   308  9.24000000E+01  1.16904386E+00  1.16543324E+00  1.16904386E+00
   309  9.27000000E+01  1.16904386E+00  1.16544278E+00  1.16904386E+00
   310  9.30000000E+01  1.16904387E+00  1.16545162E+00  1.16904387E+00
   311  9.33000000E+01  1.16904387E+00  1.16545980E+00  1.16904387E+00
   312  9.36000000E+01  1.16904387E+00  1.16546737E+00  1.16904387E+00
   313  9.39000000E+01  1.16904388E+00  1.16547437E+00  1.16904388E+00
   314  9.42000000E+01  1.16904388E+00  1.16548085E+00  1.16904388E+00
   315  9.45000000E+01  1.16904388E+00  1.16548684E+00  1.16904388E+00
   316  9.48000000E+01  1.16904389E+00  1.16549238E+00  1.16904389E+00
   317  9.51000000E+01  1.16904389E+00  1.16549750E+00  1.16904389E+00
   318  9.54000000E+01  1.16904389E+00  1.16550223E+00  1.16904389E+00
 steady-height stop at step    318: changes <=   1.0000E-05, max-end <=   1.0000E-02, max/end/gap/profile_change =   1.16904389E+00  1.16550223E+00  3.54166687E-03  4.72918286E-06


STDERR:
