COMMAND:
/shared/generate_rom_data/extrudate_swell2d_c_cluster

STDOUT:
 comppar: model =   6
 comppar: lambda,mobility/eps,betav,eta_0 =  1.0000E+01  1.0000E-01  1.0000E-01  1.0000E+00
 comppar: eta_s,eta_p,G =  1.0000E-01  9.0000E-01  9.0000E-02
 comppar: U_avg,deltat,flowrate,nsteps =  1.0000E-01  3.0000E-01  3.1416E-01     700
 comppar: geometry = axisymmetric
 comppar: steady stop change,gap,hold,min =  1.0000E-05  1.0000E-02      10      80
 comppar: ncompc,ncompg =     4     5
 mesh nnodes = 5765
 mesh nelem = 2780
 P1 BC   5.0000000000000000     
 P2 BC   0.0000000000000000     
     1  3.00000000E-01  1.00378016E+00  1.00000000E+00  1.00378016E+00
     2  6.00000000E-01  1.00743759E+00  1.00000000E+00  1.00743759E+00
     3  9.00000000E-01  1.01095330E+00  1.00000000E+00  1.01095330E+00
     4  1.20000000E+00  1.01436227E+00  1.00000000E+00  1.01436227E+00
     5  1.50000000E+00  1.01767857E+00  1.00000000E+00  1.01767857E+00
     6  1.80000000E+00  1.02093500E+00  1.00000000E+00  1.02093500E+00
     7  2.10000000E+00  1.02416594E+00  1.00000001E+00  1.02416594E+00
     8  2.40000000E+00  1.02739445E+00  1.00000001E+00  1.02739445E+00
     9  2.70000000E+00  1.03063775E+00  1.00000001E+00  1.03063775E+00
    10  3.00000000E+00  1.03393253E+00  1.00000001E+00  1.03393253E+00
    11  3.30000000E+00  1.03728395E+00  1.00000001E+00  1.03728395E+00
    12  3.60000000E+00  1.04071024E+00  1.00000001E+00  1.04071024E+00
    13  3.90000000E+00  1.04420928E+00  1.00000001E+00  1.04420928E+00
    14  4.20000000E+00  1.04781300E+00  1.00000001E+00  1.04781300E+00
    15  4.50000000E+00  1.05148010E+00  1.00000001E+00  1.05148010E+00
    16  4.80000000E+00  1.05525704E+00  1.00000001E+00  1.05525704E+00
    17  5.10000000E+00  1.05913746E+00  1.00000001E+00  1.05913746E+00
    18  5.40000000E+00  1.06309010E+00  1.00000001E+00  1.06309010E+00
    19  5.70000000E+00  1.06711523E+00  1.00000001E+00  1.06711523E+00
    20  6.00000000E+00  1.07121459E+00  1.00000000E+00  1.07121459E+00
    21  6.30000000E+00  1.07542847E+00  9.99999999E-01  1.07542847E+00
    22  6.60000000E+00  1.07970468E+00  9.99999994E-01  1.07970468E+00
    23  6.90000000E+00  1.08403911E+00  9.99999989E-01  1.08403911E+00
    24  7.20000000E+00  1.08842693E+00  9.99999982E-01  1.08842693E+00
    25  7.50000000E+00  1.09286251E+00  9.99999975E-01  1.09286251E+00
    26  7.80000000E+00  1.09733939E+00  9.99999966E-01  1.09733939E+00
    27  8.10000000E+00  1.10185025E+00  9.99999956E-01  1.10185025E+00
    28  8.40000000E+00  1.10638686E+00  9.99999945E-01  1.10638686E+00
    29  8.70000000E+00  1.11094011E+00  9.99999932E-01  1.11094011E+00
    30  9.00000000E+00  1.11549998E+00  9.99999917E-01  1.11549998E+00
    31  9.30000000E+00  1.12005569E+00  9.99999901E-01  1.12005569E+00
    32  9.60000000E+00  1.12464183E+00  9.99999882E-01  1.12464183E+00
    33  9.90000000E+00  1.12922420E+00  9.99999862E-01  1.12922420E+00
    34  1.02000000E+01  1.13378090E+00  9.99999839E-01  1.13378090E+00
    35  1.05000000E+01  1.13830388E+00  9.99999814E-01  1.13830388E+00
    36  1.08000000E+01  1.14278821E+00  9.99999786E-01  1.14278821E+00
    37  1.11000000E+01  1.14723335E+00  9.99999755E-01  1.14723335E+00
    38  1.14000000E+01  1.15164309E+00  9.99999722E-01  1.15164309E+00
    39  1.17000000E+01  1.15602330E+00  9.99999685E-01  1.15602330E+00
    40  1.20000000E+01  1.16037742E+00  9.99999644E-01  1.16037742E+00
    41  1.23000000E+01  1.16473085E+00  9.99999600E-01  1.16473085E+00
    42  1.26000000E+01  1.16907060E+00  9.99999551E-01  1.16907060E+00
    43  1.29000000E+01  1.17337556E+00  9.99999498E-01  1.17337556E+00
    44  1.32000000E+01  1.17761932E+00  9.99999440E-01  1.17761932E+00
    45  1.35000000E+01  1.18175251E+00  9.99999377E-01  1.18175251E+00
    46  1.38000000E+01  1.18587172E+00  9.99999309E-01  1.18587172E+00
    47  1.41000000E+01  1.18996330E+00  9.99999234E-01  1.18996330E+00
    48  1.44000000E+01  1.19385484E+00  9.99999154E-01  1.19385484E+00
    49  1.47000000E+01  1.19769263E+00  9.99999066E-01  1.19769263E+00
    50  1.50000000E+01  1.20154186E+00  9.99998972E-01  1.20154186E+00
    51  1.53000000E+01  1.20509257E+00  9.99998870E-01  1.20509257E+00
    52  1.56000000E+01  1.20861874E+00  9.99998759E-01  1.20861874E+00
    53  1.59000000E+01  1.21217332E+00  9.99998640E-01  1.21217332E+00
    54  1.62000000E+01  1.21536488E+00  9.99998512E-01  1.21536488E+00
    55  1.65000000E+01  1.21877021E+00  9.99998373E-01  1.21877021E+00
    56  1.68000000E+01  1.22197285E+00  9.99998224E-01  1.22197285E+00
    57  1.71000000E+01  1.22475902E+00  9.99998064E-01  1.22475902E+00
    58  1.74000000E+01  1.22770246E+00  9.99997892E-01  1.22770246E+00
    59  1.77000000E+01  1.23060005E+00  9.99997707E-01  1.23060005E+00
    60  1.80000000E+01  1.23309260E+00  9.99997509E-01  1.23309260E+00
    61  1.83000000E+01  1.23577965E+00  9.99997296E-01  1.23577965E+00
    62  1.86000000E+01  1.23836511E+00  9.99997068E-01  1.23836511E+00
    63  1.89000000E+01  1.24055233E+00  9.99996824E-01  1.24055233E+00
    64  1.92000000E+01  1.24281329E+00  9.99996562E-01  1.24281329E+00
    65  1.95000000E+01  1.24522246E+00  9.99996283E-01  1.24522246E+00
    66  1.98000000E+01  1.24726987E+00  9.99995985E-01  1.24726987E+00
    67  2.01000000E+01  1.24921800E+00  9.99995666E-01  1.24921800E+00
    68  2.04000000E+01  1.25141503E+00  9.99995326E-01  1.25141503E+00
    69  2.07000000E+01  1.25327166E+00  9.99994963E-01  1.25327166E+00
    70  2.10000000E+01  1.25487017E+00  9.99994576E-01  1.25487017E+00
    71  2.13000000E+01  1.25676824E+00  9.99994164E-01  1.25676824E+00
    72  2.16000000E+01  1.25853345E+00  9.99993725E-01  1.25853345E+00
    73  2.19000000E+01  1.26007233E+00  9.99993258E-01  1.26007233E+00
    74  2.22000000E+01  1.26148380E+00  9.99992762E-01  1.26148380E+00
    75  2.25000000E+01  1.26310569E+00  9.99992234E-01  1.26310569E+00
    76  2.28000000E+01  1.26454003E+00  9.99991673E-01  1.26454003E+00
    77  2.31000000E+01  1.26586403E+00  9.99991078E-01  1.26586403E+00
    78  2.34000000E+01  1.26720533E+00  9.99990447E-01  1.26720533E+00
    79  2.37000000E+01  1.26860199E+00  9.99989777E-01  1.26860199E+00
    80  2.40000000E+01  1.26989712E+00  9.99989067E-01  1.26989712E+00
    81  2.43000000E+01  1.27113821E+00  9.99988315E-01  1.27113821E+00
    82  2.46000000E+01  1.27234980E+00  9.99987518E-01  1.27234980E+00
    83  2.49000000E+01  1.27353473E+00  9.99986675E-01  1.27353473E+00
    84  2.52000000E+01  1.27467960E+00  9.99985784E-01  1.27467960E+00
    85  2.55000000E+01  1.27576246E+00  9.99984841E-01  1.27576246E+00
    86  2.58000000E+01  1.27687908E+00  9.99983845E-01  1.27687908E+00
    87  2.61000000E+01  1.27801575E+00  9.99982793E-01  1.27801575E+00
    88  2.64000000E+01  1.27908052E+00  9.99981682E-01  1.27908052E+00
    89  2.67000000E+01  1.28004971E+00  9.99980511E-01  1.28004971E+00
    90  2.70000000E+01  1.28090765E+00  9.99979275E-01  1.28090765E+00
    91  2.73000000E+01  1.28183247E+00  9.99977972E-01  1.28183247E+00
    92  2.76000000E+01  1.28275438E+00  9.99976600E-01  1.28275438E+00
    93  2.79000000E+01  1.28357103E+00  9.99975154E-01  1.28357103E+00
    94  2.82000000E+01  1.28427800E+00  9.99973633E-01  1.28427800E+00
    95  2.85000000E+01  1.28507897E+00  9.99972033E-01  1.28507897E+00
    96  2.88000000E+01  1.28585693E+00  9.99970350E-01  1.28585693E+00
    97  2.91000000E+01  1.28652209E+00  9.99968582E-01  1.28652209E+00
    98  2.94000000E+01  1.28708808E+00  9.99966724E-01  1.28708808E+00
    99  2.97000000E+01  1.28783208E+00  9.99964774E-01  1.28783208E+00
   100  3.00000000E+01  1.28846987E+00  9.99962728E-01  1.28846987E+00
   101  3.03000000E+01  1.28900811E+00  9.99960582E-01  1.28900811E+00
   102  3.06000000E+01  1.28957258E+00  9.99958332E-01  1.28957258E+00
   103  3.09000000E+01  1.29017195E+00  9.99955975E-01  1.29017195E+00
   104  3.12000000E+01  1.29067297E+00  9.99953507E-01  1.29067297E+00
   105  3.15000000E+01  1.29109044E+00  9.99950924E-01  1.29109044E+00
   106  3.18000000E+01  1.29153907E+00  9.99948222E-01  1.29153907E+00
   107  3.21000000E+01  1.29202166E+00  9.99945397E-01  1.29202166E+00
   108  3.24000000E+01  1.29242416E+00  9.99942446E-01  1.29242416E+00
   109  3.27000000E+01  1.29276181E+00  9.99939364E-01  1.29276181E+00
   110  3.30000000E+01  1.29310239E+00  9.99936147E-01  1.29310239E+00
   111  3.33000000E+01  1.29347652E+00  9.99932792E-01  1.29347652E+00
   112  3.36000000E+01  1.29379112E+00  9.99929294E-01  1.29379112E+00
   113  3.39000000E+01  1.29406147E+00  9.99925651E-01  1.29406147E+00
   114  3.42000000E+01  1.29430931E+00  9.99921857E-01  1.29430931E+00
   115  3.45000000E+01  1.29461318E+00  9.99917909E-01  1.29461318E+00
   116  3.48000000E+01  1.29487309E+00  9.99913804E-01  1.29487309E+00
   117  3.51000000E+01  1.29510135E+00  9.99909539E-01  1.29510135E+00
   118  3.54000000E+01  1.29530742E+00  9.99905109E-01  1.29530742E+00
   119  3.57000000E+01  1.29549778E+00  9.99900513E-01  1.29549778E+00
   120  3.60000000E+01  1.29569337E+00  9.99895746E-01  1.29569337E+00
   121  3.63000000E+01  1.29589317E+00  9.99890807E-01  1.29589317E+00
   122  3.66000000E+01  1.29608005E+00  9.99885693E-01  1.29608005E+00
   123  3.69000000E+01  1.29625687E+00  9.99880401E-01  1.29625687E+00
   124  3.72000000E+01  1.29642472E+00  9.99874931E-01  1.29642472E+00
   125  3.75000000E+01  1.29658377E+00  9.99869281E-01  1.29658377E+00
   126  3.78000000E+01  1.29673387E+00  9.99863449E-01  1.29673387E+00
   127  3.81000000E+01  1.29688650E+00  9.99857436E-01  1.29688650E+00
   128  3.84000000E+01  1.29703977E+00  9.99851242E-01  1.29703977E+00
   129  3.87000000E+01  1.29718549E+00  9.99844867E-01  1.29718549E+00
   130  3.90000000E+01  1.29732348E+00  9.99838313E-01  1.29732348E+00
   131  3.93000000E+01  1.29745386E+00  9.99831581E-01  1.29745386E+00
   132  3.96000000E+01  1.29757703E+00  9.99824676E-01  1.29757703E+00
   133  3.99000000E+01  1.29769371E+00  9.99817601E-01  1.29769371E+00
   134  4.02000000E+01  1.29780479E+00  9.99810360E-01  1.29780479E+00
   135  4.05000000E+01  1.29791120E+00  9.99802960E-01  1.29791120E+00
   136  4.08000000E+01  1.29801952E+00  9.99795407E-01  1.29801952E+00
   137  4.11000000E+01  1.29812914E+00  9.99787710E-01  1.29812914E+00
   138  4.14000000E+01  1.29823426E+00  9.99779879E-01  1.29823426E+00
   139  4.17000000E+01  1.29833580E+00  9.99771924E-01  1.29833580E+00
   140  4.20000000E+01  1.29843446E+00  9.99763857E-01  1.29843446E+00
   141  4.23000000E+01  1.29853074E+00  9.99755694E-01  1.29853074E+00
   142  4.26000000E+01  1.29862496E+00  9.99747449E-01  1.29862496E+00
   143  4.29000000E+01  1.29871731E+00  9.99739142E-01  1.29871731E+00
   144  4.32000000E+01  1.29880786E+00  9.99730792E-01  1.29880786E+00
   145  4.35000000E+01  1.29889670E+00  9.99722422E-01  1.29889670E+00
   146  4.38000000E+01  1.29898390E+00  9.99714057E-01  1.29898390E+00
   147  4.41000000E+01  1.29906955E+00  9.99705724E-01  1.29906955E+00
   148  4.44000000E+01  1.29915377E+00  9.99697455E-01  1.29915377E+00
   149  4.47000000E+01  1.29923673E+00  9.99689282E-01  1.29923673E+00
   150  4.50000000E+01  1.29931856E+00  9.99681243E-01  1.29931856E+00
   151  4.53000000E+01  1.29939939E+00  9.99673378E-01  1.29939939E+00
   152  4.56000000E+01  1.29947932E+00  9.99665729E-01  1.29947932E+00
   153  4.59000000E+01  1.29955842E+00  9.99658347E-01  1.29955842E+00
   154  4.62000000E+01  1.29963669E+00  9.99651281E-01  1.29963669E+00
   155  4.65000000E+01  1.29971411E+00  9.99644588E-01  1.29971411E+00
   156  4.68000000E+01  1.29979062E+00  9.99638330E-01  1.29979062E+00
   157  4.71000000E+01  1.29986612E+00  9.99632572E-01  1.29986612E+00
   158  4.74000000E+01  1.29994051E+00  9.99627386E-01  1.29994051E+00
   159  4.77000000E+01  1.30001368E+00  9.99622850E-01  1.30001368E+00
   160  4.80000000E+01  1.30008553E+00  9.99619045E-01  1.30008553E+00
   161  4.83000000E+01  1.30015596E+00  9.99616063E-01  1.30015596E+00
   162  4.86000000E+01  1.30022489E+00  9.99614000E-01  1.30022489E+00
   163  4.89000000E+01  1.30029227E+00  9.99612960E-01  1.30029227E+00
   164  4.92000000E+01  1.30035804E+00  9.99613056E-01  1.30035804E+00
   165  4.95000000E+01  1.30042218E+00  9.99614407E-01  1.30042218E+00
   166  4.98000000E+01  1.30048465E+00  9.99617144E-01  1.30048465E+00
   167  5.01000000E+01  1.30055000E+00  9.99621404E-01  1.30055000E+00
   168  5.04000000E+01  1.30061375E+00  9.99627337E-01  1.30061375E+00
   169  5.07000000E+01  1.30067582E+00  9.99635101E-01  1.30067582E+00
   170  5.10000000E+01  1.30073622E+00  9.99644865E-01  1.30073622E+00
   171  5.13000000E+01  1.30079492E+00  9.99656811E-01  1.30079492E+00
   172  5.16000000E+01  1.30085194E+00  9.99671134E-01  1.30085194E+00
   173  5.19000000E+01  1.30090725E+00  9.99688038E-01  1.30090725E+00
   174  5.22000000E+01  1.30096086E+00  9.99707746E-01  1.30096086E+00
   175  5.25000000E+01  1.30101277E+00  9.99730491E-01  1.30101277E+00
   176  5.28000000E+01  1.30106298E+00  9.99756523E-01  1.30106298E+00
   177  5.31000000E+01  1.30111149E+00  9.99786107E-01  1.30111149E+00
   178  5.34000000E+01  1.30115831E+00  9.99819525E-01  1.30115831E+00
   179  5.37000000E+01  1.30120343E+00  9.99857078E-01  1.30120343E+00
   180  5.40000000E+01  1.30124688E+00  9.99899084E-01  1.30124688E+00
   181  5.43000000E+01  1.30128866E+00  9.99945880E-01  1.30128866E+00
   182  5.46000000E+01  1.30132880E+00  9.99997825E-01  1.30132880E+00
   183  5.49000000E+01  1.30136731E+00  1.00005530E+00  1.30136731E+00
   184  5.52000000E+01  1.30140424E+00  1.00011870E+00  1.30140424E+00
   185  5.55000000E+01  1.30143960E+00  1.00018847E+00  1.30143960E+00
   186  5.58000000E+01  1.30147344E+00  1.00026504E+00  1.30147344E+00
   187  5.61000000E+01  1.30150578E+00  1.00034890E+00  1.30150578E+00
   188  5.64000000E+01  1.30153666E+00  1.00044055E+00  1.30153666E+00
   189  5.67000000E+01  1.30156613E+00  1.00054052E+00  1.30156613E+00
   190  5.70000000E+01  1.30159421E+00  1.00064939E+00  1.30159421E+00
   191  5.73000000E+01  1.30162096E+00  1.00076775E+00  1.30162096E+00
   192  5.76000000E+01  1.30164726E+00  1.00089622E+00  1.30164726E+00
   193  5.79000000E+01  1.30167497E+00  1.00103546E+00  1.30167497E+00
   194  5.82000000E+01  1.30170135E+00  1.00118618E+00  1.30170135E+00
   195  5.85000000E+01  1.30172645E+00  1.00134912E+00  1.30172645E+00
   196  5.88000000E+01  1.30175030E+00  1.00152504E+00  1.30175030E+00
   197  5.91000000E+01  1.30177294E+00  1.00171475E+00  1.30177294E+00
   198  5.94000000E+01  1.30179442E+00  1.00191913E+00  1.30179442E+00
   199  5.97000000E+01  1.30181478E+00  1.00213906E+00  1.30181478E+00
   200  6.00000000E+01  1.30183406E+00  1.00237548E+00  1.30183406E+00
   201  6.03000000E+01  1.30185231E+00  1.00262940E+00  1.30185231E+00
   202  6.06000000E+01  1.30186957E+00  1.00290185E+00  1.30186957E+00
   203  6.09000000E+01  1.30188588E+00  1.00319392E+00  1.30188588E+00
   204  6.12000000E+01  1.30190128E+00  1.00350676E+00  1.30190128E+00
   205  6.15000000E+01  1.30191581E+00  1.00384154E+00  1.30191581E+00
   206  6.18000000E+01  1.30192951E+00  1.00419953E+00  1.30192951E+00
   207  6.21000000E+01  1.30194243E+00  1.00458203E+00  1.30194243E+00
   208  6.24000000E+01  1.30195460E+00  1.00499040E+00  1.30195460E+00
   209  6.27000000E+01  1.30196605E+00  1.00542605E+00  1.30196605E+00
   210  6.30000000E+01  1.30197682E+00  1.00589047E+00  1.30197682E+00
   211  6.33000000E+01  1.30198695E+00  1.00638519E+00  1.30198695E+00
   212  6.36000000E+01  1.30199647E+00  1.00691182E+00  1.30199647E+00
   213  6.39000000E+01  1.30200541E+00  1.00747202E+00  1.30200541E+00
   214  6.42000000E+01  1.30201380E+00  1.00806751E+00  1.30201380E+00
   215  6.45000000E+01  1.30202166E+00  1.00870008E+00  1.30202166E+00
   216  6.48000000E+01  1.30202904E+00  1.00937159E+00  1.30202904E+00
   217  6.51000000E+01  1.30203596E+00  1.01008395E+00  1.30203596E+00
   218  6.54000000E+01  1.30204243E+00  1.01083913E+00  1.30204243E+00
   219  6.57000000E+01  1.30204850E+00  1.01163917E+00  1.30204850E+00
   220  6.60000000E+01  1.30205418E+00  1.01248615E+00  1.30205418E+00
   221  6.63000000E+01  1.30205950E+00  1.01338224E+00  1.30205950E+00
   222  6.66000000E+01  1.30206448E+00  1.01432962E+00  1.30206448E+00
   223  6.69000000E+01  1.30206914E+00  1.01533054E+00  1.30206914E+00
   224  6.72000000E+01  1.30207350E+00  1.01638728E+00  1.30207350E+00
   225  6.75000000E+01  1.30207758E+00  1.01750216E+00  1.30207758E+00
   226  6.78000000E+01  1.30208140E+00  1.01867754E+00  1.30208140E+00
   227  6.81000000E+01  1.30208497E+00  1.01991579E+00  1.30208497E+00
   228  6.84000000E+01  1.30208830E+00  1.02121930E+00  1.30208830E+00
   229  6.87000000E+01  1.30209143E+00  1.02259047E+00  1.30209143E+00
   230  6.90000000E+01  1.30209435E+00  1.02403169E+00  1.30209435E+00
   231  6.93000000E+01  1.30209708E+00  1.02554536E+00  1.30209708E+00
   232  6.96000000E+01  1.30209964E+00  1.02713383E+00  1.30209964E+00
   233  6.99000000E+01  1.30210203E+00  1.02879944E+00  1.30210203E+00
   234  7.02000000E+01  1.30210427E+00  1.03054447E+00  1.30210427E+00
   235  7.05000000E+01  1.30210637E+00  1.03237115E+00  1.30210637E+00
   236  7.08000000E+01  1.30210833E+00  1.03428160E+00  1.30210833E+00
   237  7.11000000E+01  1.30211018E+00  1.03627790E+00  1.30211018E+00
   238  7.14000000E+01  1.30211190E+00  1.03836197E+00  1.30211190E+00
   239  7.17000000E+01  1.30211352E+00  1.04053562E+00  1.30211352E+00
   240  7.20000000E+01  1.30211504E+00  1.04280051E+00  1.30211504E+00
   241  7.23000000E+01  1.30211647E+00  1.04515813E+00  1.30211647E+00
   242  7.26000000E+01  1.30211781E+00  1.04760976E+00  1.30211781E+00
   243  7.29000000E+01  1.30211908E+00  1.05015650E+00  1.30211908E+00
   244  7.32000000E+01  1.30212026E+00  1.05279920E+00  1.30212026E+00
   245  7.35000000E+01  1.30212138E+00  1.05553848E+00  1.30212138E+00
   246  7.38000000E+01  1.30212244E+00  1.05837468E+00  1.30212244E+00
   247  7.41000000E+01  1.30212343E+00  1.06130790E+00  1.30212343E+00
   248  7.44000000E+01  1.30212437E+00  1.06433793E+00  1.30212437E+00
   249  7.47000000E+01  1.30212525E+00  1.06746432E+00  1.30212525E+00
   250  7.50000000E+01  1.30212609E+00  1.07068628E+00  1.30212609E+00
   251  7.53000000E+01  1.30212688E+00  1.07400280E+00  1.30212688E+00
   252  7.56000000E+01  1.30212763E+00  1.07741256E+00  1.30212763E+00
   253  7.59000000E+01  1.30212835E+00  1.08091399E+00  1.30212835E+00
   254  7.62000000E+01  1.30212902E+00  1.08450529E+00  1.30212902E+00
   255  7.65000000E+01  1.30212966E+00  1.08818442E+00  1.30212966E+00
   256  7.68000000E+01  1.30213027E+00  1.09194914E+00  1.30213027E+00
   257  7.71000000E+01  1.30213085E+00  1.09579704E+00  1.30213085E+00
   258  7.74000000E+01  1.30213140E+00  1.09972554E+00  1.30213140E+00
   259  7.77000000E+01  1.30213192E+00  1.10373196E+00  1.30213192E+00
   260  7.80000000E+01  1.30213242E+00  1.10781347E+00  1.30213242E+00
   261  7.83000000E+01  1.30213290E+00  1.11196720E+00  1.30213290E+00
   262  7.86000000E+01  1.30213335E+00  1.11619019E+00  1.30213335E+00
   263  7.89000000E+01  1.30213379E+00  1.12047944E+00  1.30213379E+00
   264  7.92000000E+01  1.30213420E+00  1.12483191E+00  1.30213420E+00
   265  7.95000000E+01  1.30213460E+00  1.12924451E+00  1.30213460E+00
   266  7.98000000E+01  1.30213498E+00  1.13371415E+00  1.30213498E+00
   267  8.01000000E+01  1.30213534E+00  1.13823765E+00  1.30213534E+00
   268  8.04000000E+01  1.30213569E+00  1.14281178E+00  1.30213569E+00
   269  8.07000000E+01  1.30213603E+00  1.14743320E+00  1.30213603E+00
   270  8.10000000E+01  1.30213635E+00  1.15209844E+00  1.30213635E+00
   271  8.13000000E+01  1.30213666E+00  1.15680380E+00  1.30213666E+00
   272  8.16000000E+01  1.30213696E+00  1.16154532E+00  1.30213696E+00
   273  8.19000000E+01  1.30213724E+00  1.16631871E+00  1.30213724E+00
   274  8.22000000E+01  1.30213751E+00  1.17111925E+00  1.30213751E+00
   275  8.25000000E+01  1.30213778E+00  1.17594176E+00  1.30213778E+00
   276  8.28000000E+01  1.30213803E+00  1.18078049E+00  1.30213803E+00
   277  8.31000000E+01  1.30213827E+00  1.18562912E+00  1.30213827E+00
   278  8.34000000E+01  1.30213851E+00  1.19048072E+00  1.30213851E+00
   279  8.37000000E+01  1.30213873E+00  1.19532778E+00  1.30213873E+00
   280  8.40000000E+01  1.30213895E+00  1.20016221E+00  1.30213895E+00
   281  8.43000000E+01  1.30213916E+00  1.20497547E+00  1.30213916E+00
   282  8.46000000E+01  1.30213936E+00  1.20975853E+00  1.30213936E+00
   283  8.49000000E+01  1.30213955E+00  1.21450206E+00  1.30213955E+00
   284  8.52000000E+01  1.30213974E+00  1.21919638E+00  1.30213974E+00
   285  8.55000000E+01  1.30213992E+00  1.22383153E+00  1.30213992E+00
   286  8.58000000E+01  1.30214009E+00  1.22839720E+00  1.30214009E+00
   287  8.61000000E+01  1.30214026E+00  1.23288268E+00  1.30214026E+00
   288  8.64000000E+01  1.30214042E+00  1.23727667E+00  1.30214042E+00
   289  8.67000000E+01  1.30214058E+00  1.24156716E+00  1.30214058E+00
   290  8.70000000E+01  1.30214073E+00  1.24574124E+00  1.30214073E+00
   291  8.73000000E+01  1.30214087E+00  1.24978499E+00  1.30214087E+00
   292  8.76000000E+01  1.30214101E+00  1.25368341E+00  1.30214101E+00
   293  8.79000000E+01  1.30214114E+00  1.25742059E+00  1.30214114E+00
   294  8.82000000E+01  1.30214127E+00  1.26097993E+00  1.30214127E+00
   295  8.85000000E+01  1.30214140E+00  1.26434464E+00  1.30214140E+00
   296  8.88000000E+01  1.30214152E+00  1.26749843E+00  1.30214152E+00
   297  8.91000000E+01  1.30214164E+00  1.27042639E+00  1.30214164E+00
   298  8.94000000E+01  1.30214175E+00  1.27311592E+00  1.30214175E+00
   299  8.97000000E+01  1.30214186E+00  1.27555781E+00  1.30214186E+00
   300  9.00000000E+01  1.30214196E+00  1.27774713E+00  1.30214196E+00
   301  9.03000000E+01  1.30214206E+00  1.27968405E+00  1.30214206E+00
   302  9.06000000E+01  1.30214216E+00  1.28137433E+00  1.30214216E+00
   303  9.09000000E+01  1.30214225E+00  1.28282949E+00  1.30214225E+00
   304  9.12000000E+01  1.30214234E+00  1.28406651E+00  1.30214234E+00
   305  9.15000000E+01  1.30214243E+00  1.28510714E+00  1.30214243E+00
   306  9.18000000E+01  1.30214251E+00  1.28597684E+00  1.30214251E+00
   307  9.21000000E+01  1.30214259E+00  1.28670337E+00  1.30214259E+00
   308  9.24000000E+01  1.30214267E+00  1.28731521E+00  1.30214267E+00
   309  9.27000000E+01  1.30214275E+00  1.28783992E+00  1.30214275E+00
   310  9.30000000E+01  1.30214282E+00  1.28830259E+00  1.30214282E+00
   311  9.33000000E+01  1.30214289E+00  1.28872458E+00  1.30214289E+00
   312  9.36000000E+01  1.30214295E+00  1.28912254E+00  1.30214295E+00
   313  9.39000000E+01  1.30214302E+00  1.28950800E+00  1.30214302E+00
   314  9.42000000E+01  1.30214308E+00  1.28988727E+00  1.30214308E+00
   315  9.45000000E+01  1.30214314E+00  1.29026197E+00  1.30214314E+00
   316  9.48000000E+01  1.30214320E+00  1.29062978E+00  1.30214320E+00
   317  9.51000000E+01  1.30214326E+00  1.29098560E+00  1.30214326E+00
   318  9.54000000E+01  1.30214331E+00  1.29132276E+00  1.30214331E+00
   319  9.57000000E+01  1.30214336E+00  1.29163430E+00  1.30214336E+00
   320  9.60000000E+01  1.30214341E+00  1.29191408E+00  1.30214341E+00
   321  9.63000000E+01  1.30214346E+00  1.29215767E+00  1.30214346E+00
   322  9.66000000E+01  1.30214351E+00  1.29236295E+00  1.30214351E+00
   323  9.69000000E+01  1.30214355E+00  1.29253033E+00  1.30214355E+00
   324  9.72000000E+01  1.30214360E+00  1.29266266E+00  1.30214360E+00
   325  9.75000000E+01  1.30214364E+00  1.29276488E+00  1.30214364E+00
   326  9.78000000E+01  1.30214368E+00  1.29284342E+00  1.30214368E+00
   327  9.81000000E+01  1.30214372E+00  1.29290547E+00  1.30214372E+00
   328  9.84000000E+01  1.30214375E+00  1.29295831E+00  1.30214375E+00
   329  9.87000000E+01  1.30214379E+00  1.29300858E+00  1.30214379E+00
   330  9.90000000E+01  1.30214382E+00  1.29306182E+00  1.30214382E+00
   331  9.93000000E+01  1.30214386E+00  1.29312205E+00  1.30214386E+00
   332  9.96000000E+01  1.30214389E+00  1.29319168E+00  1.30214389E+00
   333  9.99000000E+01  1.30214392E+00  1.29327151E+00  1.30214392E+00
   334  1.00200000E+02  1.30214395E+00  1.29336097E+00  1.30214395E+00
   335  1.00500000E+02  1.30214398E+00  1.29345837E+00  1.30214398E+00
   336  1.00800000E+02  1.30214401E+00  1.29356135E+00  1.30214401E+00
   337  1.01100000E+02  1.30214403E+00  1.29366725E+00  1.30214403E+00
   338  1.01400000E+02  1.30214406E+00  1.29377347E+00  1.30214406E+00
   339  1.01700000E+02  1.30214408E+00  1.29387772E+00  1.30214408E+00
   340  1.02000000E+02  1.30214411E+00  1.29397829E+00  1.30214411E+00
   341  1.02300000E+02  1.30214413E+00  1.29407409E+00  1.30214413E+00
   342  1.02600000E+02  1.30214415E+00  1.29416467E+00  1.30214415E+00
   343  1.02900000E+02  1.30214418E+00  1.29425014E+00  1.30214418E+00
   344  1.03200000E+02  1.30214420E+00  1.29433106E+00  1.30214420E+00
   345  1.03500000E+02  1.30214422E+00  1.29440827E+00  1.30214422E+00
   346  1.03800000E+02  1.30214423E+00  1.29448277E+00  1.30214423E+00
   347  1.04100000E+02  1.30214425E+00  1.29455549E+00  1.30214425E+00
   348  1.04400000E+02  1.30214427E+00  1.29462728E+00  1.30214427E+00
   349  1.04700000E+02  1.30214429E+00  1.29469877E+00  1.30214429E+00
   350  1.05000000E+02  1.30214430E+00  1.29477034E+00  1.30214430E+00
   351  1.05300000E+02  1.30214432E+00  1.29484216E+00  1.30214432E+00
   352  1.05600000E+02  1.30214434E+00  1.29491415E+00  1.30214434E+00
   353  1.05900000E+02  1.30214435E+00  1.29498612E+00  1.30214435E+00
   354  1.06200000E+02  1.30214436E+00  1.29505773E+00  1.30214436E+00
   355  1.06500000E+02  1.30214438E+00  1.29512862E+00  1.30214438E+00
   356  1.06800000E+02  1.30214439E+00  1.29519843E+00  1.30214439E+00
   357  1.07100000E+02  1.30214440E+00  1.29526682E+00  1.30214440E+00
   358  1.07400000E+02  1.30214442E+00  1.29533353E+00  1.30214442E+00
   359  1.07700000E+02  1.30214443E+00  1.29539838E+00  1.30214443E+00
   360  1.08000000E+02  1.30214444E+00  1.29546124E+00  1.30214444E+00
   361  1.08300000E+02  1.30214445E+00  1.29552207E+00  1.30214445E+00
   362  1.08600000E+02  1.30214446E+00  1.29558087E+00  1.30214446E+00
   363  1.08900000E+02  1.30214447E+00  1.29563768E+00  1.30214447E+00
   364  1.09200000E+02  1.30214448E+00  1.29569255E+00  1.30214448E+00
   365  1.09500000E+02  1.30214449E+00  1.29574556E+00  1.30214449E+00
   366  1.09800000E+02  1.30214450E+00  1.29579676E+00  1.30214450E+00
   367  1.10100000E+02  1.30214451E+00  1.29584620E+00  1.30214451E+00
   368  1.10400000E+02  1.30214452E+00  1.29589392E+00  1.30214452E+00
   369  1.10700000E+02  1.30214453E+00  1.29593996E+00  1.30214453E+00
   370  1.11000000E+02  1.30214453E+00  1.29598434E+00  1.30214453E+00
   371  1.11300000E+02  1.30214454E+00  1.29602706E+00  1.30214454E+00
   372  1.11600000E+02  1.30214455E+00  1.29606815E+00  1.30214455E+00
   373  1.11900000E+02  1.30214456E+00  1.29610762E+00  1.30214456E+00
   374  1.12200000E+02  1.30214456E+00  1.29614547E+00  1.30214456E+00
   375  1.12500000E+02  1.30214457E+00  1.29618175E+00  1.30214457E+00
   376  1.12800000E+02  1.30214457E+00  1.29621646E+00  1.30214457E+00
   377  1.13100000E+02  1.30214458E+00  1.29624963E+00  1.30214458E+00
   378  1.13400000E+02  1.30214459E+00  1.29628130E+00  1.30214459E+00
   379  1.13700000E+02  1.30214459E+00  1.29631151E+00  1.30214459E+00
   380  1.14000000E+02  1.30214460E+00  1.29634030E+00  1.30214460E+00
   381  1.14300000E+02  1.30214460E+00  1.29636769E+00  1.30214460E+00
   382  1.14600000E+02  1.30214461E+00  1.29639375E+00  1.30214461E+00
   383  1.14900000E+02  1.30214461E+00  1.29641850E+00  1.30214461E+00
   384  1.15200000E+02  1.30214462E+00  1.29644199E+00  1.30214462E+00
   385  1.15500000E+02  1.30214462E+00  1.29646427E+00  1.30214462E+00
   386  1.15800000E+02  1.30214463E+00  1.29648538E+00  1.30214463E+00
   387  1.16100000E+02  1.30214463E+00  1.29650537E+00  1.30214463E+00
   388  1.16400000E+02  1.30214463E+00  1.29652428E+00  1.30214463E+00
   389  1.16700000E+02  1.30214464E+00  1.29654215E+00  1.30214464E+00
   390  1.17000000E+02  1.30214464E+00  1.29655902E+00  1.30214464E+00
   391  1.17300000E+02  1.30214465E+00  1.29657496E+00  1.30214465E+00
   392  1.17600000E+02  1.30214465E+00  1.29658998E+00  1.30214465E+00
   393  1.17900000E+02  1.30214465E+00  1.29660415E+00  1.30214465E+00
   394  1.18200000E+02  1.30214466E+00  1.29661749E+00  1.30214466E+00
   395  1.18500000E+02  1.30214466E+00  1.29663005E+00  1.30214466E+00
   396  1.18800000E+02  1.30214466E+00  1.29664187E+00  1.30214466E+00
   397  1.19100000E+02  1.30214467E+00  1.29665299E+00  1.30214467E+00
   398  1.19400000E+02  1.30214467E+00  1.29666343E+00  1.30214467E+00
   399  1.19700000E+02  1.30214467E+00  1.29667324E+00  1.30214467E+00
   400  1.20000000E+02  1.30214467E+00  1.29668245E+00  1.30214467E+00
   401  1.20300000E+02  1.30214468E+00  1.29669109E+00  1.30214468E+00
   402  1.20600000E+02  1.30214468E+00  1.29669919E+00  1.30214468E+00
   403  1.20900000E+02  1.30214468E+00  1.29670678E+00  1.30214468E+00
   404  1.21200000E+02  1.30214468E+00  1.29671389E+00  1.30214468E+00
   405  1.21500000E+02  1.30214469E+00  1.29672055E+00  1.30214469E+00
   406  1.21800000E+02  1.30214469E+00  1.29672678E+00  1.30214469E+00
   407  1.22100000E+02  1.30214469E+00  1.29673261E+00  1.30214469E+00
   408  1.22400000E+02  1.30214469E+00  1.29673807E+00  1.30214469E+00
 steady-height stop at step    408: changes <=   1.0000E-05, max-end <=   1.0000E-02, max/end/gap/profile_change =   1.30214469E+00  1.29673807E+00  5.40662044E-03  5.45668195E-06


STDERR:
