COMMAND:
/shared/generate_rom_data/extrudate_swell2d_c_cluster

STDOUT:
 comppar: model =   6
 comppar: lambda,mobility/eps,betav,eta_0 =  2.8000E+00  5.0000E-01  5.0000E-01  1.0000E+00
 comppar: eta_s,eta_p,G =  5.0000E-01  5.0000E-01  1.7857E-01
 comppar: U_avg,deltat,flowrate,nsteps =  1.0000E-01  3.0000E-01  3.1416E-01     700
 comppar: geometry = axisymmetric
 comppar: steady stop change,gap,hold,min =  1.0000E-05  1.0000E-02      10      80
 comppar: ncompc,ncompg =     4     5
 mesh nnodes = 5765
 mesh nelem = 2780
 P1 BC   5.0000000000000000     
 P2 BC   0.0000000000000000     
     1  3.00000000E-01  1.00379177E+00  1.00000000E+00  1.00379177E+00
     2  6.00000000E-01  1.00748740E+00  1.00000000E+00  1.00748740E+00
     3  9.00000000E-01  1.01107706E+00  1.00000000E+00  1.01107706E+00
     4  1.20000000E+00  1.01456818E+00  1.00000000E+00  1.01456818E+00
     5  1.50000000E+00  1.01796396E+00  1.00000000E+00  1.01796396E+00
     6  1.80000000E+00  1.02126759E+00  1.00000000E+00  1.02126759E+00
     7  2.10000000E+00  1.02448681E+00  1.00000000E+00  1.02448681E+00
     8  2.40000000E+00  1.02762928E+00  1.00000001E+00  1.02762928E+00
     9  2.70000000E+00  1.03071216E+00  1.00000001E+00  1.03071216E+00
    10  3.00000000E+00  1.03371958E+00  1.00000001E+00  1.03371958E+00
    11  3.30000000E+00  1.03665731E+00  1.00000001E+00  1.03665731E+00
    12  3.60000000E+00  1.03955726E+00  1.00000001E+00  1.03955726E+00
    13  3.90000000E+00  1.04237134E+00  1.00000001E+00  1.04237134E+00
    14  4.20000000E+00  1.04516215E+00  1.00000000E+00  1.04516215E+00
    15  4.50000000E+00  1.04786902E+00  1.00000000E+00  1.04786902E+00
    16  4.80000000E+00  1.05054596E+00  1.00000000E+00  1.05054596E+00
    17  5.10000000E+00  1.05315103E+00  9.99999996E-01  1.05315103E+00
    18  5.40000000E+00  1.05571164E+00  9.99999991E-01  1.05571164E+00
    19  5.70000000E+00  1.05818010E+00  9.99999985E-01  1.05818010E+00
    20  6.00000000E+00  1.06063849E+00  9.99999977E-01  1.06063849E+00
    21  6.30000000E+00  1.06298082E+00  9.99999968E-01  1.06298082E+00
    22  6.60000000E+00  1.06533266E+00  9.99999956E-01  1.06533266E+00
    23  6.90000000E+00  1.06753309E+00  9.99999942E-01  1.06753309E+00
    24  7.20000000E+00  1.06978260E+00  9.99999926E-01  1.06978260E+00
    25  7.50000000E+00  1.07189168E+00  9.99999907E-01  1.07189168E+00
    26  7.80000000E+00  1.07399252E+00  9.99999885E-01  1.07399252E+00
    27  8.10000000E+00  1.07600735E+00  9.99999860E-01  1.07600735E+00
    28  8.40000000E+00  1.07791885E+00  9.99999830E-01  1.07791885E+00
    29  8.70000000E+00  1.07986889E+00  9.99999797E-01  1.07986889E+00
    30  9.00000000E+00  1.08164715E+00  9.99999759E-01  1.08164715E+00
    31  9.30000000E+00  1.08347677E+00  9.99999716E-01  1.08347677E+00
    32  9.60000000E+00  1.08518748E+00  9.99999667E-01  1.08518748E+00
    33  9.90000000E+00  1.08678161E+00  9.99999612E-01  1.08678161E+00
    34  1.02000000E+01  1.08846239E+00  9.99999550E-01  1.08846239E+00
    35  1.05000000E+01  1.08996598E+00  9.99999482E-01  1.08996598E+00
    36  1.08000000E+01  1.09147406E+00  9.99999405E-01  1.09147406E+00
    37  1.11000000E+01  1.09294701E+00  9.99999319E-01  1.09294701E+00
    38  1.14000000E+01  1.09424300E+00  9.99999224E-01  1.09424300E+00
    39  1.17000000E+01  1.09563480E+00  9.99999119E-01  1.09563480E+00
    40  1.20000000E+01  1.09693734E+00  9.99999002E-01  1.09693734E+00
    41  1.23000000E+01  1.09806834E+00  9.99998873E-01  1.09806834E+00
    42  1.26000000E+01  1.09935196E+00  9.99998731E-01  1.09935196E+00
    43  1.29000000E+01  1.10048623E+00  9.99998576E-01  1.10048623E+00
    44  1.32000000E+01  1.10148678E+00  9.99998404E-01  1.10148678E+00
    45  1.35000000E+01  1.10263123E+00  9.99998216E-01  1.10263123E+00
    46  1.38000000E+01  1.10361281E+00  9.99998011E-01  1.10361281E+00
    47  1.41000000E+01  1.10453403E+00  9.99997786E-01  1.10453403E+00
    48  1.44000000E+01  1.10552145E+00  9.99997541E-01  1.10552145E+00
    49  1.47000000E+01  1.10635720E+00  9.99997273E-01  1.10635720E+00
    50  1.50000000E+01  1.10720435E+00  9.99996982E-01  1.10720435E+00
    51  1.53000000E+01  1.10805052E+00  9.99996665E-01  1.10805052E+00
    52  1.56000000E+01  1.10875957E+00  9.99996321E-01  1.10875957E+00
    53  1.59000000E+01  1.10953300E+00  9.99995948E-01  1.10953300E+00
    54  1.62000000E+01  1.11024655E+00  9.99995544E-01  1.11024655E+00
    55  1.65000000E+01  1.11083954E+00  9.99995107E-01  1.11083954E+00
    56  1.68000000E+01  1.11155488E+00  9.99994634E-01  1.11155488E+00
    57  1.71000000E+01  1.11215616E+00  9.99994123E-01  1.11215616E+00
    58  1.74000000E+01  1.11268773E+00  9.99993573E-01  1.11268773E+00
    59  1.77000000E+01  1.11329294E+00  9.99992979E-01  1.11329294E+00
    60  1.80000000E+01  1.11379365E+00  9.99992340E-01  1.11379365E+00
    61  1.83000000E+01  1.11429386E+00  9.99991653E-01  1.11429386E+00
    62  1.86000000E+01  1.11480143E+00  9.99990916E-01  1.11480143E+00
    63  1.89000000E+01  1.11522163E+00  9.99990124E-01  1.11522163E+00
    64  1.92000000E+01  1.11565672E+00  9.99989275E-01  1.11565672E+00
    65  1.95000000E+01  1.11607900E+00  9.99988366E-01  1.11607900E+00
    66  1.98000000E+01  1.11643154E+00  9.99987393E-01  1.11643154E+00
    67  2.01000000E+01  1.11683569E+00  9.99986354E-01  1.11683569E+00
    68  2.04000000E+01  1.11719102E+00  9.99985244E-01  1.11719102E+00
    69  2.07000000E+01  1.11749131E+00  9.99984060E-01  1.11749131E+00
    70  2.10000000E+01  1.11782415E+00  9.99982798E-01  1.11782415E+00
    71  2.13000000E+01  1.11812519E+00  9.99981455E-01  1.11812519E+00
    72  2.16000000E+01  1.11838539E+00  9.99980028E-01  1.11838539E+00
    73  2.19000000E+01  1.11868652E+00  9.99978511E-01  1.11868652E+00
    74  2.22000000E+01  1.11894576E+00  9.99976901E-01  1.11894576E+00
    75  2.25000000E+01  1.11917430E+00  9.99975195E-01  1.11917430E+00
    76  2.28000000E+01  1.11940420E+00  9.99973388E-01  1.11940420E+00
    77  2.31000000E+01  1.11963293E+00  9.99971476E-01  1.11963293E+00
    78  2.34000000E+01  1.11983982E+00  9.99969457E-01  1.11983982E+00
    79  2.37000000E+01  1.12003705E+00  9.99967326E-01  1.12003705E+00
    80  2.40000000E+01  1.12024075E+00  9.99965081E-01  1.12024075E+00
    81  2.43000000E+01  1.12042782E+00  9.99962716E-01  1.12042782E+00
    82  2.46000000E+01  1.12060154E+00  9.99960230E-01  1.12060154E+00
    83  2.49000000E+01  1.12076266E+00  9.99957620E-01  1.12076266E+00
    84  2.52000000E+01  1.12092570E+00  9.99954884E-01  1.12092570E+00
    85  2.55000000E+01  1.12108786E+00  9.99952018E-01  1.12108786E+00
    86  2.58000000E+01  1.12123685E+00  9.99949022E-01  1.12123685E+00
    87  2.61000000E+01  1.12137083E+00  9.99945895E-01  1.12137083E+00
    88  2.64000000E+01  1.12150908E+00  9.99942635E-01  1.12150908E+00
    89  2.67000000E+01  1.12164233E+00  9.99939244E-01  1.12164233E+00
    90  2.70000000E+01  1.12175987E+00  9.99935722E-01  1.12175987E+00
    91  2.73000000E+01  1.12186731E+00  9.99932072E-01  1.12186731E+00
    92  2.76000000E+01  1.12198655E+00  9.99928296E-01  1.12198655E+00
    93  2.79000000E+01  1.12208857E+00  9.99924398E-01  1.12208857E+00
    94  2.82000000E+01  1.12217265E+00  9.99920385E-01  1.12217265E+00
    95  2.85000000E+01  1.12227231E+00  9.99916262E-01  1.12227231E+00
    96  2.88000000E+01  1.12235823E+00  9.99912040E-01  1.12235823E+00
    97  2.91000000E+01  1.12242693E+00  9.99907727E-01  1.12242693E+00
    98  2.94000000E+01  1.12251068E+00  9.99903337E-01  1.12251068E+00
    99  2.97000000E+01  1.12258074E+00  9.99898884E-01  1.12258074E+00
   100  3.00000000E+01  1.12263431E+00  9.99894385E-01  1.12263431E+00
   101  3.03000000E+01  1.12270193E+00  9.99889860E-01  1.12270193E+00
   102  3.06000000E+01  1.12275779E+00  9.99885332E-01  1.12275779E+00
   103  3.09000000E+01  1.12279939E+00  9.99880828E-01  1.12279939E+00
   104  3.12000000E+01  1.12285643E+00  9.99876376E-01  1.12285643E+00
   105  3.15000000E+01  1.12289838E+00  9.99872012E-01  1.12289838E+00
   106  3.18000000E+01  1.12293164E+00  9.99867772E-01  1.12293164E+00
   107  3.21000000E+01  1.12297581E+00  9.99863700E-01  1.12297581E+00
   108  3.24000000E+01  1.12300685E+00  9.99859845E-01  1.12300685E+00
   109  3.27000000E+01  1.12303491E+00  9.99856258E-01  1.12303491E+00
   110  3.30000000E+01  1.12306659E+00  9.99853002E-01  1.12306659E+00
   111  3.33000000E+01  1.12308745E+00  9.99850141E-01  1.12308745E+00
   112  3.36000000E+01  1.12311179E+00  9.99847749E-01  1.12311179E+00
   113  3.39000000E+01  1.12313417E+00  9.99845908E-01  1.12313417E+00
   114  3.42000000E+01  1.12314797E+00  9.99844708E-01  1.12314797E+00
   115  3.45000000E+01  1.12316611E+00  9.99844247E-01  1.12316611E+00
   116  3.48000000E+01  1.12318006E+00  9.99844635E-01  1.12318006E+00
   117  3.51000000E+01  1.12318893E+00  9.99845992E-01  1.12318893E+00
   118  3.54000000E+01  1.12320405E+00  9.99848448E-01  1.12320405E+00
   119  3.57000000E+01  1.12321247E+00  9.99852147E-01  1.12321247E+00
   120  3.60000000E+01  1.12321701E+00  9.99857245E-01  1.12321701E+00
   121  3.63000000E+01  1.12322544E+00  9.99863914E-01  1.12322544E+00
   122  3.66000000E+01  1.12322959E+00  9.99872339E-01  1.12322959E+00
   123  3.69000000E+01  1.12323443E+00  9.99882724E-01  1.12323443E+00
   124  3.72000000E+01  1.12323876E+00  9.99895289E-01  1.12323876E+00
   125  3.75000000E+01  1.12324050E+00  9.99910272E-01  1.12324050E+00
   126  3.78000000E+01  1.12324142E+00  9.99927933E-01  1.12324142E+00
   127  3.81000000E+01  1.12324268E+00  9.99948553E-01  1.12324268E+00
   128  3.84000000E+01  1.12324666E+00  9.99972437E-01  1.12324666E+00
   129  3.87000000E+01  1.12325123E+00  9.99999912E-01  1.12325123E+00
   130  3.90000000E+01  1.12325554E+00  1.00003133E+00  1.12325554E+00
   131  3.93000000E+01  1.12325929E+00  1.00006709E+00  1.12325929E+00
   132  3.96000000E+01  1.12326229E+00  1.00010758E+00  1.12326229E+00
   133  3.99000000E+01  1.12326453E+00  1.00015326E+00  1.12326453E+00
   134  4.02000000E+01  1.12326766E+00  1.00020461E+00  1.12326766E+00
   135  4.05000000E+01  1.12327012E+00  1.00026213E+00  1.12327012E+00
   136  4.08000000E+01  1.12327187E+00  1.00032638E+00  1.12327187E+00
   137  4.11000000E+01  1.12327302E+00  1.00039795E+00  1.12327302E+00
   138  4.14000000E+01  1.12327374E+00  1.00047746E+00  1.12327374E+00
   139  4.17000000E+01  1.12327418E+00  1.00056560E+00  1.12327418E+00
   140  4.20000000E+01  1.12327447E+00  1.00066309E+00  1.12327447E+00
   141  4.23000000E+01  1.12327471E+00  1.00077069E+00  1.12327471E+00
   142  4.26000000E+01  1.12327494E+00  1.00088923E+00  1.12327494E+00
   143  4.29000000E+01  1.12327519E+00  1.00101959E+00  1.12327519E+00
   144  4.32000000E+01  1.12327543E+00  1.00116269E+00  1.12327543E+00
   145  4.35000000E+01  1.12327566E+00  1.00131953E+00  1.12327566E+00
   146  4.38000000E+01  1.12327586E+00  1.00149115E+00  1.12327586E+00
   147  4.41000000E+01  1.12327609E+00  1.00167868E+00  1.12327609E+00
   148  4.44000000E+01  1.12327628E+00  1.00188329E+00  1.12327628E+00
   149  4.47000000E+01  1.12327641E+00  1.00210624E+00  1.12327641E+00
   150  4.50000000E+01  1.12327647E+00  1.00234885E+00  1.12327647E+00
   151  4.53000000E+01  1.12327647E+00  1.00261251E+00  1.12327647E+00
   152  4.56000000E+01  1.12327640E+00  1.00289869E+00  1.12327640E+00
   153  4.59000000E+01  1.12327630E+00  1.00320894E+00  1.12327630E+00
   154  4.62000000E+01  1.12327616E+00  1.00354488E+00  1.12327616E+00
   155  4.65000000E+01  1.12327600E+00  1.00390821E+00  1.12327600E+00
   156  4.68000000E+01  1.12327583E+00  1.00430072E+00  1.12327583E+00
   157  4.71000000E+01  1.12327566E+00  1.00472427E+00  1.12327566E+00
   158  4.74000000E+01  1.12327548E+00  1.00518081E+00  1.12327548E+00
   159  4.77000000E+01  1.12327531E+00  1.00567235E+00  1.12327531E+00
   160  4.80000000E+01  1.12327514E+00  1.00620099E+00  1.12327514E+00
   161  4.83000000E+01  1.12327497E+00  1.00676891E+00  1.12327497E+00
   162  4.86000000E+01  1.12327481E+00  1.00737836E+00  1.12327481E+00
   163  4.89000000E+01  1.12327464E+00  1.00803165E+00  1.12327464E+00
   164  4.92000000E+01  1.12327448E+00  1.00873115E+00  1.12327448E+00
   165  4.95000000E+01  1.12327432E+00  1.00947931E+00  1.12327432E+00
   166  4.98000000E+01  1.12327417E+00  1.01027860E+00  1.12327417E+00
   167  5.01000000E+01  1.12327403E+00  1.01113155E+00  1.12327403E+00
   168  5.04000000E+01  1.12327390E+00  1.01204069E+00  1.12327390E+00
   169  5.07000000E+01  1.12327377E+00  1.01300860E+00  1.12327377E+00
   170  5.10000000E+01  1.12327365E+00  1.01403782E+00  1.12327365E+00
   171  5.13000000E+01  1.12327353E+00  1.01513091E+00  1.12327353E+00
   172  5.16000000E+01  1.12327343E+00  1.01629038E+00  1.12327343E+00
   173  5.19000000E+01  1.12327333E+00  1.01751866E+00  1.12327333E+00
   174  5.22000000E+01  1.12327324E+00  1.01881812E+00  1.12327324E+00
   175  5.25000000E+01  1.12327315E+00  1.02019104E+00  1.12327315E+00
   176  5.28000000E+01  1.12327307E+00  1.02163952E+00  1.12327307E+00
   177  5.31000000E+01  1.12327300E+00  1.02316552E+00  1.12327300E+00
   178  5.34000000E+01  1.12327293E+00  1.02477082E+00  1.12327293E+00
   179  5.37000000E+01  1.12327287E+00  1.02645693E+00  1.12327287E+00
   180  5.40000000E+01  1.12327282E+00  1.02822513E+00  1.12327282E+00
   181  5.43000000E+01  1.12327276E+00  1.03007637E+00  1.12327276E+00
   182  5.46000000E+01  1.12327272E+00  1.03201127E+00  1.12327272E+00
   183  5.49000000E+01  1.12327267E+00  1.03403006E+00  1.12327267E+00
   184  5.52000000E+01  1.12327263E+00  1.03613256E+00  1.12327263E+00
   185  5.55000000E+01  1.12327260E+00  1.03831810E+00  1.12327260E+00
   186  5.58000000E+01  1.12327257E+00  1.04058554E+00  1.12327257E+00
   187  5.61000000E+01  1.12327254E+00  1.04293317E+00  1.12327254E+00
   188  5.64000000E+01  1.12327251E+00  1.04535870E+00  1.12327251E+00
   189  5.67000000E+01  1.12327248E+00  1.04785923E+00  1.12327248E+00
   190  5.70000000E+01  1.12327246E+00  1.05043120E+00  1.12327246E+00
   191  5.73000000E+01  1.12327244E+00  1.05307037E+00  1.12327244E+00
   192  5.76000000E+01  1.12327242E+00  1.05577180E+00  1.12327242E+00
   193  5.79000000E+01  1.12327241E+00  1.05852982E+00  1.12327241E+00
   194  5.82000000E+01  1.12327239E+00  1.06133805E+00  1.12327239E+00
   195  5.85000000E+01  1.12327238E+00  1.06418935E+00  1.12327238E+00
   196  5.88000000E+01  1.12327237E+00  1.06707587E+00  1.12327237E+00
   197  5.91000000E+01  1.12327236E+00  1.06998904E+00  1.12327236E+00
   198  5.94000000E+01  1.12327235E+00  1.07291962E+00  1.12327235E+00
   199  5.97000000E+01  1.12327234E+00  1.07585770E+00  1.12327234E+00
   200  6.00000000E+01  1.12327233E+00  1.07879278E+00  1.12327233E+00
   201  6.03000000E+01  1.12327232E+00  1.08171385E+00  1.12327232E+00
   202  6.06000000E+01  1.12327232E+00  1.08460939E+00  1.12327232E+00
   203  6.09000000E+01  1.12327231E+00  1.08746754E+00  1.12327231E+00
   204  6.12000000E+01  1.12327231E+00  1.09027615E+00  1.12327231E+00
   205  6.15000000E+01  1.12327230E+00  1.09302291E+00  1.12327230E+00
   206  6.18000000E+01  1.12327230E+00  1.09569551E+00  1.12327230E+00
   207  6.21000000E+01  1.12327229E+00  1.09828176E+00  1.12327229E+00
   208  6.24000000E+01  1.12327229E+00  1.10076975E+00  1.12327229E+00
   209  6.27000000E+01  1.12327229E+00  1.10314809E+00  1.12327229E+00
   210  6.30000000E+01  1.12327229E+00  1.10540606E+00  1.12327229E+00
   211  6.33000000E+01  1.12327228E+00  1.10753384E+00  1.12327228E+00
   212  6.36000000E+01  1.12327228E+00  1.10952274E+00  1.12327228E+00
   213  6.39000000E+01  1.12327228E+00  1.11136543E+00  1.12327228E+00
   214  6.42000000E+01  1.12327228E+00  1.11305615E+00  1.12327228E+00
   215  6.45000000E+01  1.12327228E+00  1.11459098E+00  1.12327228E+00
   216  6.48000000E+01  1.12327227E+00  1.11596795E+00  1.12327227E+00
   217  6.51000000E+01  1.12327227E+00  1.11718728E+00  1.12327227E+00
   218  6.54000000E+01  1.12327227E+00  1.11825143E+00  1.12327227E+00
   219  6.57000000E+01  1.12327227E+00  1.11916519E+00  1.12327227E+00
   220  6.60000000E+01  1.12327227E+00  1.11993564E+00  1.12327227E+00
   221  6.63000000E+01  1.12327227E+00  1.12057201E+00  1.12327227E+00
   222  6.66000000E+01  1.12327227E+00  1.12108551E+00  1.12327227E+00
   223  6.69000000E+01  1.12327227E+00  1.12148901E+00  1.12327227E+00
   224  6.72000000E+01  1.12327227E+00  1.12179665E+00  1.12327227E+00
   225  6.75000000E+01  1.12327227E+00  1.12202337E+00  1.12327227E+00
   226  6.78000000E+01  1.12327226E+00  1.12218436E+00  1.12327226E+00
   227  6.81000000E+01  1.12327226E+00  1.12229456E+00  1.12327226E+00
   228  6.84000000E+01  1.12327226E+00  1.12236801E+00  1.12327226E+00
   229  6.87000000E+01  1.12327226E+00  1.12241743E+00  1.12327226E+00
   230  6.90000000E+01  1.12327226E+00  1.12245369E+00  1.12327226E+00
   231  6.93000000E+01  1.12327226E+00  1.12248557E+00  1.12327226E+00
   232  6.96000000E+01  1.12327226E+00  1.12251948E+00  1.12327226E+00
   233  6.99000000E+01  1.12327226E+00  1.12255947E+00  1.12327226E+00
   234  7.02000000E+01  1.12327226E+00  1.12260735E+00  1.12327226E+00
   235  7.05000000E+01  1.12327226E+00  1.12266293E+00  1.12327226E+00
   236  7.08000000E+01  1.12327226E+00  1.12272445E+00  1.12327226E+00
   237  7.11000000E+01  1.12327226E+00  1.12278902E+00  1.12327226E+00
   238  7.14000000E+01  1.12327226E+00  1.12285314E+00  1.12327226E+00
   239  7.17000000E+01  1.12327226E+00  1.12291324E+00  1.12327226E+00
   240  7.20000000E+01  1.12327226E+00  1.12296613E+00  1.12327226E+00
   241  7.23000000E+01  1.12327226E+00  1.12300933E+00  1.12327226E+00
   242  7.26000000E+01  1.12327226E+00  1.12304136E+00  1.12327226E+00
   243  7.29000000E+01  1.12327226E+00  1.12306178E+00  1.12327226E+00
   244  7.32000000E+01  1.12327226E+00  1.12307121E+00  1.12327226E+00
   245  7.35000000E+01  1.12327226E+00  1.12307115E+00  1.12327226E+00
   246  7.38000000E+01  1.12327226E+00  1.12306375E+00  1.12327226E+00
   247  7.41000000E+01  1.12327226E+00  1.12305149E+00  1.12327226E+00
   248  7.44000000E+01  1.12327226E+00  1.12303691E+00  1.12327226E+00
   249  7.47000000E+01  1.12327226E+00  1.12302233E+00  1.12327226E+00
   250  7.50000000E+01  1.12327226E+00  1.12300960E+00  1.12327226E+00
   251  7.53000000E+01  1.12327226E+00  1.12300001E+00  1.12327226E+00
   252  7.56000000E+01  1.12327226E+00  1.12299420E+00  1.12327226E+00
   253  7.59000000E+01  1.12327226E+00  1.12299225E+00  1.12327226E+00
   254  7.62000000E+01  1.12327226E+00  1.12299368E+00  1.12327226E+00
   255  7.65000000E+01  1.12327226E+00  1.12299772E+00  1.12327226E+00
   256  7.68000000E+01  1.12327226E+00  1.12300339E+00  1.12327226E+00
   257  7.71000000E+01  1.12327226E+00  1.12300967E+00  1.12327226E+00
   258  7.74000000E+01  1.12327226E+00  1.12301569E+00  1.12327226E+00
   259  7.77000000E+01  1.12327226E+00  1.12302078E+00  1.12327226E+00
   260  7.80000000E+01  1.12327226E+00  1.12302450E+00  1.12327226E+00
 steady-height stop at step    260: changes <=   1.0000E-05, max-end <=   1.0000E-02, max/end/gap/profile_change =   1.12327226E+00  1.12302450E+00  2.47757778E-04  3.72453767E-06


STDERR:
