COMMAND:
/shared/generate_rom_data/extrudate_swell2d_c_cluster

STDOUT:
 comppar: model =   6
 comppar: lambda,mobility/eps,betav,eta_0 =  1.0000E+00  5.0000E-01  3.0000E-01  1.0000E+00
 comppar: eta_s,eta_p,G =  3.0000E-01  7.0000E-01  7.0000E-01
 comppar: U_avg,deltat,flowrate,nsteps =  1.0000E-01  3.0000E-01  3.1416E-01     700
 comppar: geometry = axisymmetric
 comppar: steady stop change,gap,hold,min =  1.0000E-05  1.0000E-02      10      80
 comppar: ncompc,ncompg =     4     5
 mesh nnodes = 5765
 mesh nelem = 2780
 P1 BC   5.0000000000000000     
 P2 BC   0.0000000000000000     
     1  3.00000000E-01  1.00379013E+00  1.00000000E+00  1.00379013E+00
     2  6.00000000E-01  1.00744963E+00  1.00000000E+00  1.00744963E+00
     3  9.00000000E-01  1.01093774E+00  1.00000000E+00  1.01093774E+00
     4  1.20000000E+00  1.01430842E+00  1.00000000E+00  1.01430842E+00
     5  1.50000000E+00  1.01758738E+00  1.00000000E+00  1.01758738E+00
     6  1.80000000E+00  1.02078848E+00  1.00000000E+00  1.02078848E+00
     7  2.10000000E+00  1.02391536E+00  1.00000001E+00  1.02391536E+00
     8  2.40000000E+00  1.02696393E+00  1.00000001E+00  1.02696393E+00
     9  2.70000000E+00  1.02994693E+00  1.00000001E+00  1.02994693E+00
    10  3.00000000E+00  1.03287796E+00  1.00000001E+00  1.03287796E+00
    11  3.30000000E+00  1.03572444E+00  1.00000001E+00  1.03572444E+00
    12  3.60000000E+00  1.03851759E+00  1.00000001E+00  1.03851759E+00
    13  3.90000000E+00  1.04125579E+00  1.00000001E+00  1.04125579E+00
    14  4.20000000E+00  1.04389427E+00  1.00000001E+00  1.04389427E+00
    15  4.50000000E+00  1.04652888E+00  1.00000000E+00  1.04652888E+00
    16  4.80000000E+00  1.04905346E+00  9.99999999E-01  1.04905346E+00
    17  5.10000000E+00  1.05155345E+00  9.99999994E-01  1.05155345E+00
    18  5.40000000E+00  1.05394086E+00  9.99999988E-01  1.05394086E+00
    19  5.70000000E+00  1.05631773E+00  9.99999981E-01  1.05631773E+00
    20  6.00000000E+00  1.05859123E+00  9.99999971E-01  1.05859123E+00
    21  6.30000000E+00  1.06084252E+00  9.99999960E-01  1.06084252E+00
    22  6.60000000E+00  1.06298051E+00  9.99999946E-01  1.06298051E+00
    23  6.90000000E+00  1.06512956E+00  9.99999929E-01  1.06512956E+00
    24  7.20000000E+00  1.06713812E+00  9.99999910E-01  1.06713812E+00
    25  7.50000000E+00  1.06918383E+00  9.99999888E-01  1.06918383E+00
    26  7.80000000E+00  1.07105307E+00  9.99999862E-01  1.07105307E+00
    27  8.10000000E+00  1.07298177E+00  9.99999831E-01  1.07298177E+00
    28  8.40000000E+00  1.07477595E+00  9.99999797E-01  1.07477595E+00
    29  8.70000000E+00  1.07654657E+00  9.99999758E-01  1.07654657E+00
    30  9.00000000E+00  1.07826537E+00  9.99999713E-01  1.07826537E+00
    31  9.30000000E+00  1.07982421E+00  9.99999662E-01  1.07982421E+00
    32  9.60000000E+00  1.08150647E+00  9.99999605E-01  1.08150647E+00
    33  9.90000000E+00  1.08299953E+00  9.99999541E-01  1.08299953E+00
    34  1.02000000E+01  1.08451115E+00  9.99999469E-01  1.08451115E+00
    35  1.05000000E+01  1.08596773E+00  9.99999389E-01  1.08596773E+00
    36  1.08000000E+01  1.08722943E+00  9.99999300E-01  1.08722943E+00
    37  1.11000000E+01  1.08866897E+00  9.99999200E-01  1.08866897E+00
    38  1.14000000E+01  1.08993318E+00  9.99999090E-01  1.08993318E+00
    39  1.17000000E+01  1.09112275E+00  9.99998967E-01  1.09112275E+00
    40  1.20000000E+01  1.09238727E+00  9.99998832E-01  1.09238727E+00
    41  1.23000000E+01  1.09345755E+00  9.99998683E-01  1.09345755E+00
    42  1.26000000E+01  1.09457939E+00  9.99998519E-01  1.09457939E+00
    43  1.29000000E+01  1.09565629E+00  9.99998339E-01  1.09565629E+00
    44  1.32000000E+01  1.09655492E+00  9.99998141E-01  1.09655492E+00
    45  1.35000000E+01  1.09763565E+00  9.99997925E-01  1.09763565E+00
    46  1.38000000E+01  1.09852568E+00  9.99997688E-01  1.09852568E+00
    47  1.41000000E+01  1.09939132E+00  9.99997429E-01  1.09939132E+00
    48  1.44000000E+01  1.10028881E+00  9.99997147E-01  1.10028881E+00
    49  1.47000000E+01  1.10100238E+00  9.99996840E-01  1.10100238E+00
    50  1.50000000E+01  1.10186312E+00  9.99996506E-01  1.10186312E+00
    51  1.53000000E+01  1.10258070E+00  9.99996143E-01  1.10258070E+00
    52  1.56000000E+01  1.10325097E+00  9.99995749E-01  1.10325097E+00
    53  1.59000000E+01  1.10397657E+00  9.99995322E-01  1.10397657E+00
    54  1.62000000E+01  1.10452888E+00  9.99994860E-01  1.10452888E+00
    55  1.65000000E+01  1.10521433E+00  9.99994360E-01  1.10521433E+00
    56  1.68000000E+01  1.10577025E+00  9.99993820E-01  1.10577025E+00
    57  1.71000000E+01  1.10630277E+00  9.99993238E-01  1.10630277E+00
    58  1.74000000E+01  1.10686705E+00  9.99992611E-01  1.10686705E+00
    59  1.77000000E+01  1.10727192E+00  9.99991936E-01  1.10727192E+00
    60  1.80000000E+01  1.10782774E+00  9.99991210E-01  1.10782774E+00
    61  1.83000000E+01  1.10823576E+00  9.99990430E-01  1.10823576E+00
    62  1.86000000E+01  1.10867013E+00  9.99989593E-01  1.10867013E+00
    63  1.89000000E+01  1.10908650E+00  9.99988697E-01  1.10908650E+00
    64  1.92000000E+01  1.10940345E+00  9.99987736E-01  1.10940345E+00
    65  1.95000000E+01  1.10982322E+00  9.99986709E-01  1.10982322E+00
    66  1.98000000E+01  1.11009950E+00  9.99985612E-01  1.11009950E+00
    67  2.01000000E+01  1.11047051E+00  9.99984440E-01  1.11047051E+00
    68  2.04000000E+01  1.11075470E+00  9.99983192E-01  1.11075470E+00
    69  2.07000000E+01  1.11102508E+00  9.99981861E-01  1.11102508E+00
    70  2.10000000E+01  1.11131218E+00  9.99980446E-01  1.11131218E+00
    71  2.13000000E+01  1.11150954E+00  9.99978942E-01  1.11150954E+00
    72  2.16000000E+01  1.11180475E+00  9.99977345E-01  1.11180475E+00
    73  2.19000000E+01  1.11197416E+00  9.99975652E-01  1.11197416E+00
    74  2.22000000E+01  1.11221820E+00  9.99973859E-01  1.11221820E+00
    75  2.25000000E+01  1.11238992E+00  9.99971961E-01  1.11238992E+00
    76  2.28000000E+01  1.11258310E+00  9.99969956E-01  1.11258310E+00
    77  2.31000000E+01  1.11276213E+00  9.99967840E-01  1.11276213E+00
    78  2.34000000E+01  1.11288409E+00  9.99965609E-01  1.11288409E+00
    79  2.37000000E+01  1.11306578E+00  9.99963261E-01  1.11306578E+00
    80  2.40000000E+01  1.11314950E+00  9.99960792E-01  1.11314950E+00
    81  2.43000000E+01  1.11333877E+00  9.99958201E-01  1.11333877E+00
    82  2.46000000E+01  1.11341958E+00  9.99955484E-01  1.11341958E+00
    83  2.49000000E+01  1.11355587E+00  9.99952641E-01  1.11355587E+00
    84  2.52000000E+01  1.11363863E+00  9.99949670E-01  1.11363863E+00
    85  2.55000000E+01  1.11375293E+00  9.99946570E-01  1.11375293E+00
    86  2.58000000E+01  1.11384213E+00  9.99943342E-01  1.11384213E+00
    87  2.61000000E+01  1.11390462E+00  9.99939986E-01  1.11390462E+00
    88  2.64000000E+01  1.11399608E+00  9.99936505E-01  1.11399608E+00
    89  2.67000000E+01  1.11404439E+00  9.99932900E-01  1.11404439E+00
    90  2.70000000E+01  1.11414258E+00  9.99929177E-01  1.11414258E+00
    91  2.73000000E+01  1.11414969E+00  9.99925341E-01  1.11414969E+00
    92  2.76000000E+01  1.11424773E+00  9.99921397E-01  1.11424773E+00
    93  2.79000000E+01  1.11425632E+00  9.99917355E-01  1.11425632E+00
    94  2.82000000E+01  1.11435176E+00  9.99913226E-01  1.11435176E+00
    95  2.85000000E+01  1.11436566E+00  9.99909020E-01  1.11436566E+00
    96  2.88000000E+01  1.11442098E+00  9.99904753E-01  1.11442098E+00
    97  2.91000000E+01  1.11443664E+00  9.99900442E-01  1.11443664E+00
    98  2.94000000E+01  1.11449374E+00  9.99896106E-01  1.11449374E+00
    99  2.97000000E+01  1.11451501E+00  9.99891769E-01  1.11451501E+00
   100  3.00000000E+01  1.11453702E+00  9.99887456E-01  1.11453702E+00
   101  3.03000000E+01  1.11456031E+00  9.99883198E-01  1.11456031E+00
   102  3.06000000E+01  1.11458733E+00  9.99879028E-01  1.11458733E+00
   103  3.09000000E+01  1.11461649E+00  9.99874984E-01  1.11461649E+00
   104  3.12000000E+01  1.11461224E+00  9.99871110E-01  1.11461224E+00
   105  3.15000000E+01  1.11464367E+00  9.99867454E-01  1.11464367E+00
   106  3.18000000E+01  1.11464669E+00  9.99864069E-01  1.11464669E+00
   107  3.21000000E+01  1.11468425E+00  9.99861018E-01  1.11468425E+00
   108  3.24000000E+01  1.11465897E+00  9.99858365E-01  1.11465897E+00
   109  3.27000000E+01  1.11469902E+00  9.99856187E-01  1.11469902E+00
   110  3.30000000E+01  1.11468243E+00  9.99854565E-01  1.11468243E+00
   111  3.33000000E+01  1.11472884E+00  9.99853591E-01  1.11472884E+00
   112  3.36000000E+01  1.11469257E+00  9.99853365E-01  1.11469257E+00
   113  3.39000000E+01  1.11473535E+00  9.99853997E-01  1.11473535E+00
   114  3.42000000E+01  1.11470225E+00  9.99855611E-01  1.11470225E+00
   115  3.45000000E+01  1.11475793E+00  9.99858338E-01  1.11475793E+00
   116  3.48000000E+01  1.11472814E+00  9.99862326E-01  1.11472814E+00
   117  3.51000000E+01  1.11475913E+00  9.99867734E-01  1.11475913E+00
   118  3.54000000E+01  1.11473116E+00  9.99874736E-01  1.11473116E+00
   119  3.57000000E+01  1.11477700E+00  9.99883525E-01  1.11477700E+00
   120  3.60000000E+01  1.11475414E+00  9.99894306E-01  1.11475414E+00
   121  3.63000000E+01  1.11477509E+00  9.99907305E-01  1.11477509E+00
   122  3.66000000E+01  1.11475424E+00  9.99922769E-01  1.11475424E+00
   123  3.69000000E+01  1.11479006E+00  9.99940962E-01  1.11479006E+00
   124  3.72000000E+01  1.11477454E+00  9.99962173E-01  1.11477454E+00
   125  3.75000000E+01  1.11478644E+00  9.99986715E-01  1.11478644E+00
   126  3.78000000E+01  1.11477312E+00  1.00001493E+00  1.11477312E+00
   127  3.81000000E+01  1.11479968E+00  1.00004717E+00  1.11479968E+00
   128  3.84000000E+01  1.11479190E+00  1.00008384E+00  1.11479190E+00
   129  3.87000000E+01  1.11479533E+00  1.00012537E+00  1.11479533E+00
   130  3.90000000E+01  1.11478992E+00  1.00017221E+00  1.11478992E+00
   131  3.93000000E+01  1.11480761E+00  1.00022484E+00  1.11480761E+00
   132  3.96000000E+01  1.11480793E+00  1.00028382E+00  1.11480793E+00
   133  3.99000000E+01  1.11480313E+00  1.00034969E+00  1.11480313E+00
   134  4.02000000E+01  1.11480598E+00  1.00042306E+00  1.11480598E+00
   135  4.05000000E+01  1.11481495E+00  1.00050460E+00  1.11481495E+00
   136  4.08000000E+01  1.11482371E+00  1.00059500E+00  1.11482371E+00
   137  4.11000000E+01  1.11481070E+00  1.00069500E+00  1.11481070E+00
   138  4.14000000E+01  1.11482214E+00  1.00080540E+00  1.11482214E+00
   139  4.17000000E+01  1.11482230E+00  1.00092705E+00  1.11482230E+00
   140  4.20000000E+01  1.11483982E+00  1.00106085E+00  1.11483982E+00
   141  4.23000000E+01  1.11481843E+00  1.00120778E+00  1.11481843E+00
   142  4.26000000E+01  1.11483878E+00  1.00136885E+00  1.11483878E+00
   143  4.29000000E+01  1.11482994E+00  1.00154515E+00  1.11482994E+00
   144  4.32000000E+01  1.11485652E+00  1.00173784E+00  1.11485652E+00
   145  4.35000000E+01  1.11482653E+00  1.00194814E+00  1.11482653E+00
   146  4.38000000E+01  1.11485608E+00  1.00217734E+00  1.11485608E+00
   147  4.41000000E+01  1.11483796E+00  1.00242681E+00  1.11483796E+00
   148  4.44000000E+01  1.11487388E+00  1.00269799E+00  1.11487388E+00
   149  4.47000000E+01  1.11483497E+00  1.00299240E+00  1.11483497E+00
   150  4.50000000E+01  1.11487400E+00  1.00331163E+00  1.11487400E+00
   151  4.53000000E+01  1.11484632E+00  1.00365736E+00  1.11484632E+00
   152  4.56000000E+01  1.11489184E+00  1.00403134E+00  1.11489184E+00
   153  4.59000000E+01  1.11484963E+00  1.00443542E+00  1.11484963E+00
   154  4.62000000E+01  1.11489246E+00  1.00487149E+00  1.11489246E+00
   155  4.65000000E+01  1.11485486E+00  1.00534157E+00  1.11485486E+00
   156  4.68000000E+01  1.11491024E+00  1.00584772E+00  1.11491024E+00
   157  4.71000000E+01  1.11487549E+00  1.00639210E+00  1.11487549E+00
   158  4.74000000E+01  1.11491125E+00  1.00697692E+00  1.11491125E+00
   159  4.77000000E+01  1.11487888E+00  1.00760448E+00  1.11487888E+00
   160  4.80000000E+01  1.11492890E+00  1.00827714E+00  1.11492890E+00
   161  4.83000000E+01  1.11490190E+00  1.00899730E+00  1.11490190E+00
   162  4.86000000E+01  1.11493020E+00  1.00976744E+00  1.11493020E+00
   163  4.89000000E+01  1.11490572E+00  1.01059005E+00  1.11490572E+00
   164  4.92000000E+01  1.11494762E+00  1.01146766E+00  1.11494762E+00
   165  4.95000000E+01  1.11492866E+00  1.01240282E+00  1.11492866E+00
   166  4.98000000E+01  1.11494910E+00  1.01339809E+00  1.11494910E+00
   167  5.01000000E+01  1.11493279E+00  1.01445598E+00  1.11493279E+00
   168  5.04000000E+01  1.11496618E+00  1.01557901E+00  1.11496618E+00
   169  5.07000000E+01  1.11495554E+00  1.01676960E+00  1.11495554E+00
   170  5.10000000E+01  1.11496776E+00  1.01803011E+00  1.11496776E+00
   171  5.13000000E+01  1.11495988E+00  1.01936281E+00  1.11495988E+00
   172  5.16000000E+01  1.11498442E+00  1.02076981E+00  1.11498442E+00
   173  5.19000000E+01  1.11498235E+00  1.02225306E+00  1.11498235E+00
   174  5.22000000E+01  1.11498599E+00  1.02381432E+00  1.11498599E+00
   175  5.25000000E+01  1.11498681E+00  1.02545511E+00  1.11498681E+00
   176  5.28000000E+01  1.11500216E+00  1.02717670E+00  1.11500216E+00
   177  5.31000000E+01  1.11500891E+00  1.02898003E+00  1.11500891E+00
   178  5.34000000E+01  1.11500365E+00  1.03086570E+00  1.11500365E+00
   179  5.37000000E+01  1.11501341E+00  1.03283393E+00  1.11501341E+00
   180  5.40000000E+01  1.11501926E+00  1.03488451E+00  1.11501926E+00
   181  5.43000000E+01  1.11503508E+00  1.03701675E+00  1.11503508E+00
   182  5.46000000E+01  1.11502059E+00  1.03922946E+00  1.11502059E+00
   183  5.49000000E+01  1.11503953E+00  1.04152088E+00  1.11503953E+00
   184  5.52000000E+01  1.11503559E+00  1.04388869E+00  1.11503559E+00
   185  5.55000000E+01  1.11506070E+00  1.04632989E+00  1.11506070E+00
   186  5.58000000E+01  1.11503670E+00  1.04884087E+00  1.11503670E+00
   187  5.61000000E+01  1.11506505E+00  1.05141729E+00  1.11506505E+00
   188  5.64000000E+01  1.11505104E+00  1.05405411E+00  1.11505104E+00
   189  5.67000000E+01  1.11508567E+00  1.05674555E+00  1.11508567E+00
   190  5.70000000E+01  1.11505189E+00  1.05948508E+00  1.11505189E+00
   191  5.73000000E+01  1.11508986E+00  1.06226544E+00  1.11508986E+00
   192  5.76000000E+01  1.11506552E+00  1.06507860E+00  1.11506552E+00
   193  5.79000000E+01  1.11510988E+00  1.06791583E+00  1.11510988E+00
   194  5.82000000E+01  1.11506607E+00  1.07076766E+00  1.11506607E+00
   195  5.85000000E+01  1.11511387E+00  1.07362399E+00  1.11511387E+00
   196  5.88000000E+01  1.11507897E+00  1.07647408E+00  1.11507897E+00
   197  5.91000000E+01  1.11513326E+00  1.07930662E+00  1.11513326E+00
   198  5.94000000E+01  1.11509451E+00  1.08210982E+00  1.11509451E+00
   199  5.97000000E+01  1.11513701E+00  1.08487147E+00  1.11513701E+00
   200  6.00000000E+01  1.11510093E+00  1.08757907E+00  1.11510093E+00
   201  6.03000000E+01  1.11515574E+00  1.09021990E+00  1.11515574E+00
   202  6.06000000E+01  1.11512505E+00  1.09278119E+00  1.11512505E+00
   203  6.09000000E+01  1.11515922E+00  1.09525024E+00  1.11515922E+00
   204  6.12000000E+01  1.11513131E+00  1.09761461E+00  1.11513131E+00
   205  6.15000000E+01  1.11517726E+00  1.09986225E+00  1.11517726E+00
   206  6.18000000E+01  1.11515487E+00  1.10198176E+00  1.11515487E+00
   207  6.21000000E+01  1.11518045E+00  1.10396259E+00  1.11518045E+00
   208  6.24000000E+01  1.11516094E+00  1.10579524E+00  1.11516094E+00
   209  6.27000000E+01  1.11519779E+00  1.10747155E+00  1.11519779E+00
   210  6.30000000E+01  1.11518392E+00  1.10898492E+00  1.11518392E+00
   211  6.33000000E+01  1.11520063E+00  1.11033057E+00  1.11520063E+00
   212  6.36000000E+01  1.11518976E+00  1.11150578E+00  1.11518976E+00
   213  6.39000000E+01  1.11521727E+00  1.11251010E+00  1.11521727E+00
   214  6.42000000E+01  1.11521215E+00  1.11334554E+00  1.11521215E+00
   215  6.45000000E+01  1.11521973E+00  1.11401670E+00  1.11521973E+00
   216  6.48000000E+01  1.11521777E+00  1.11453080E+00  1.11521777E+00
   217  6.51000000E+01  1.11523589E+00  1.11489768E+00  1.11523589E+00
   218  6.54000000E+01  1.11523980E+00  1.11512969E+00  1.11523980E+00
   219  6.57000000E+01  1.11524141E+00  1.11524141E+00  1.11524141E+00
   220  6.60000000E+01  1.11524934E+00  1.11524934E+00  1.11524934E+00
   221  6.63000000E+01  1.11517143E+00  1.11517143E+00  1.11517143E+00
   222  6.66000000E+01  1.11502653E+00  1.11502653E+00  1.11502653E+00
   223  6.69000000E+01  1.11483372E+00  1.11483372E+00  1.11483372E+00
   224  6.72000000E+01  1.11461167E+00  1.11461167E+00  1.11461167E+00
   225  6.75000000E+01  1.11437789E+00  1.11437789E+00  1.11437789E+00
   226  6.78000000E+01  1.11414809E+00  1.11414809E+00  1.11414809E+00
   227  6.81000000E+01  1.11393561E+00  1.11393561E+00  1.11393561E+00
   228  6.84000000E+01  1.11383750E+00  1.11375089E+00  1.11383750E+00
   229  6.87000000E+01  1.11383749E+00  1.11360125E+00  1.11383749E+00
   230  6.90000000E+01  1.11383749E+00  1.11349070E+00  1.11383749E+00
   231  6.93000000E+01  1.11383749E+00  1.11342008E+00  1.11383749E+00
   232  6.96000000E+01  1.11383749E+00  1.11338734E+00  1.11383749E+00
   233  6.99000000E+01  1.11383749E+00  1.11338799E+00  1.11383749E+00
   234  7.02000000E+01  1.11383749E+00  1.11341574E+00  1.11383749E+00
   235  7.05000000E+01  1.11383749E+00  1.11346318E+00  1.11383749E+00
   236  7.08000000E+01  1.11383749E+00  1.11352249E+00  1.11383749E+00
   237  7.11000000E+01  1.11383749E+00  1.11358618E+00  1.11383749E+00
   238  7.14000000E+01  1.11383749E+00  1.11364762E+00  1.11383749E+00
   239  7.17000000E+01  1.11383749E+00  1.11370155E+00  1.11383749E+00
   240  7.20000000E+01  1.11383749E+00  1.11374431E+00  1.11383749E+00
   241  7.23000000E+01  1.11383749E+00  1.11377399E+00  1.11383749E+00
   242  7.26000000E+01  1.11383749E+00  1.11379027E+00  1.11383749E+00
   243  7.29000000E+01  1.11383749E+00  1.11379429E+00  1.11383749E+00
   244  7.32000000E+01  1.11383748E+00  1.11378818E+00  1.11383748E+00
   245  7.35000000E+01  1.11383748E+00  1.11377477E+00  1.11383748E+00
   246  7.38000000E+01  1.11383748E+00  1.11375708E+00  1.11383748E+00
   247  7.41000000E+01  1.11383748E+00  1.11373802E+00  1.11383748E+00
   248  7.44000000E+01  1.11383748E+00  1.11372002E+00  1.11383748E+00
   249  7.47000000E+01  1.11383748E+00  1.11370491E+00  1.11383748E+00
   250  7.50000000E+01  1.11383748E+00  1.11369375E+00  1.11383748E+00
   251  7.53000000E+01  1.11383748E+00  1.11368689E+00  1.11383748E+00
   252  7.56000000E+01  1.11383748E+00  1.11368410E+00  1.11383748E+00
   253  7.59000000E+01  1.11383748E+00  1.11368464E+00  1.11383748E+00
   254  7.62000000E+01  1.11383748E+00  1.11368755E+00  1.11383748E+00
   255  7.65000000E+01  1.11383748E+00  1.11369175E+00  1.11383748E+00
   256  7.68000000E+01  1.11383748E+00  1.11369627E+00  1.11383748E+00
   257  7.71000000E+01  1.11383748E+00  1.11370030E+00  1.11383748E+00
   258  7.74000000E+01  1.11383748E+00  1.11370332E+00  1.11383748E+00
   259  7.77000000E+01  1.11383748E+00  1.11370506E+00  1.11383748E+00
   260  7.80000000E+01  1.11383748E+00  1.11370551E+00  1.11383748E+00
 steady-height stop at step    260: changes <=   1.0000E-05, max-end <=   1.0000E-02, max/end/gap/profile_change =   1.11383748E+00  1.11370551E+00  1.31966158E-04  1.95230953E-06


STDERR:
