COMMAND:
/shared/generate_rom_data/extrudate_swell2d_c_cluster

STDOUT:
 comppar: model =   6
 comppar: lambda,mobility/eps,betav,eta_0 =  8.2000E+00  5.0000E-01  5.0000E-01  1.0000E+00
 comppar: eta_s,eta_p,G =  5.0000E-01  5.0000E-01  6.0976E-02
 comppar: U_avg,deltat,flowrate,nsteps =  1.0000E-01  3.0000E-01  3.1416E-01     700
 comppar: geometry = axisymmetric
 comppar: steady stop change,gap,hold,min =  1.0000E-05  1.0000E-02      10      80
 comppar: ncompc,ncompg =     4     5
 mesh nnodes = 5765
 mesh nelem = 2780
 P1 BC   5.0000000000000000     
 P2 BC   0.0000000000000000     
     1  3.00000000E-01  1.00379154E+00  1.00000000E+00  1.00379154E+00
     2  6.00000000E-01  1.00749682E+00  1.00000000E+00  1.00749682E+00
     3  9.00000000E-01  1.01111457E+00  1.00000000E+00  1.01111457E+00
     4  1.20000000E+00  1.01464708E+00  1.00000000E+00  1.01464708E+00
     5  1.50000000E+00  1.01809605E+00  1.00000000E+00  1.01809605E+00
     6  1.80000000E+00  1.02145953E+00  1.00000000E+00  1.02145953E+00
     7  2.10000000E+00  1.02474359E+00  1.00000000E+00  1.02474359E+00
     8  2.40000000E+00  1.02796668E+00  1.00000000E+00  1.02796668E+00
     9  2.70000000E+00  1.03111652E+00  1.00000000E+00  1.03111652E+00
    10  3.00000000E+00  1.03419219E+00  1.00000001E+00  1.03419219E+00
    11  3.30000000E+00  1.03721952E+00  1.00000001E+00  1.03721952E+00
    12  3.60000000E+00  1.04019137E+00  1.00000000E+00  1.04019137E+00
    13  3.90000000E+00  1.04309248E+00  1.00000000E+00  1.04309248E+00
    14  4.20000000E+00  1.04598199E+00  1.00000000E+00  1.04598199E+00
    15  4.50000000E+00  1.04877664E+00  1.00000000E+00  1.04877664E+00
    16  4.80000000E+00  1.05158867E+00  9.99999997E-01  1.05158867E+00
    17  5.10000000E+00  1.05430207E+00  9.99999993E-01  1.05430207E+00
    18  5.40000000E+00  1.05703596E+00  9.99999987E-01  1.05703596E+00
    19  5.70000000E+00  1.05966342E+00  9.99999981E-01  1.05966342E+00
    20  6.00000000E+00  1.06230401E+00  9.99999973E-01  1.06230401E+00
    21  6.30000000E+00  1.06487595E+00  9.99999963E-01  1.06487595E+00
    22  6.60000000E+00  1.06740330E+00  9.99999952E-01  1.06740330E+00
    23  6.90000000E+00  1.06991971E+00  9.99999939E-01  1.06991971E+00
    24  7.20000000E+00  1.07232334E+00  9.99999923E-01  1.07232334E+00
    25  7.50000000E+00  1.07477593E+00  9.99999906E-01  1.07477593E+00
    26  7.80000000E+00  1.07714141E+00  9.99999885E-01  1.07714141E+00
    27  8.10000000E+00  1.07943032E+00  9.99999862E-01  1.07943032E+00
    28  8.40000000E+00  1.08175230E+00  9.99999836E-01  1.08175230E+00
    29  8.70000000E+00  1.08395055E+00  9.99999806E-01  1.08395055E+00
    30  9.00000000E+00  1.08610857E+00  9.99999772E-01  1.08610857E+00
    31  9.30000000E+00  1.08828255E+00  9.99999734E-01  1.08828255E+00
    32  9.60000000E+00  1.09032641E+00  9.99999692E-01  1.09032641E+00
    33  9.90000000E+00  1.09235072E+00  9.99999645E-01  1.09235072E+00
    34  1.02000000E+01  1.09436320E+00  9.99999592E-01  1.09436320E+00
    35  1.05000000E+01  1.09624300E+00  9.99999534E-01  1.09624300E+00
    36  1.08000000E+01  1.09807934E+00  9.99999469E-01  1.09807934E+00
    37  1.11000000E+01  1.09995496E+00  9.99999398E-01  1.09995496E+00
    38  1.14000000E+01  1.10170129E+00  9.99999319E-01  1.10170129E+00
    39  1.17000000E+01  1.10334450E+00  9.99999232E-01  1.10334450E+00
    40  1.20000000E+01  1.10508096E+00  9.99999136E-01  1.10508096E+00
    41  1.23000000E+01  1.10669580E+00  9.99999031E-01  1.10669580E+00
    42  1.26000000E+01  1.10820046E+00  9.99998915E-01  1.10820046E+00
    43  1.29000000E+01  1.10971955E+00  9.99998789E-01  1.10971955E+00
    44  1.32000000E+01  1.11123893E+00  9.99998651E-01  1.11123893E+00
    45  1.35000000E+01  1.11266007E+00  9.99998500E-01  1.11266007E+00
    46  1.38000000E+01  1.11399740E+00  9.99998335E-01  1.11399740E+00
    47  1.41000000E+01  1.11533440E+00  9.99998155E-01  1.11533440E+00
    48  1.44000000E+01  1.11667761E+00  9.99997959E-01  1.11667761E+00
    49  1.47000000E+01  1.11794981E+00  9.99997747E-01  1.11794981E+00
    50  1.50000000E+01  1.11916295E+00  9.99997516E-01  1.11916295E+00
    51  1.53000000E+01  1.12032538E+00  9.99997265E-01  1.12032538E+00
    52  1.56000000E+01  1.12152124E+00  9.99996993E-01  1.12152124E+00
    53  1.59000000E+01  1.12268624E+00  9.99996699E-01  1.12268624E+00
    54  1.62000000E+01  1.12380307E+00  9.99996380E-01  1.12380307E+00
    55  1.65000000E+01  1.12487236E+00  9.99996036E-01  1.12487236E+00
    56  1.68000000E+01  1.12589098E+00  9.99995664E-01  1.12589098E+00
    57  1.71000000E+01  1.12691331E+00  9.99995263E-01  1.12691331E+00
    58  1.74000000E+01  1.12793829E+00  9.99994831E-01  1.12793829E+00
    59  1.77000000E+01  1.12890767E+00  9.99994365E-01  1.12890767E+00
    60  1.80000000E+01  1.12981419E+00  9.99993864E-01  1.12981419E+00
    61  1.83000000E+01  1.13066839E+00  9.99993326E-01  1.13066839E+00
    62  1.86000000E+01  1.13157927E+00  9.99992747E-01  1.13157927E+00
    63  1.89000000E+01  1.13242212E+00  9.99992126E-01  1.13242212E+00
    64  1.92000000E+01  1.13319095E+00  9.99991460E-01  1.13319095E+00
    65  1.95000000E+01  1.13394000E+00  9.99990747E-01  1.13394000E+00
    66  1.98000000E+01  1.13471779E+00  9.99989983E-01  1.13471779E+00
    67  2.01000000E+01  1.13541749E+00  9.99989167E-01  1.13541749E+00
    68  2.04000000E+01  1.13603760E+00  9.99988294E-01  1.13603760E+00
    69  2.07000000E+01  1.13669997E+00  9.99987362E-01  1.13669997E+00
    70  2.10000000E+01  1.13733091E+00  9.99986368E-01  1.13733091E+00
    71  2.13000000E+01  1.13788398E+00  9.99985308E-01  1.13788398E+00
    72  2.16000000E+01  1.13841954E+00  9.99984180E-01  1.13841954E+00
    73  2.19000000E+01  1.13898099E+00  9.99982979E-01  1.13898099E+00
    74  2.22000000E+01  1.13946717E+00  9.99981702E-01  1.13946717E+00
    75  2.25000000E+01  1.13988411E+00  9.99980346E-01  1.13988411E+00
    76  2.28000000E+01  1.14038168E+00  9.99978907E-01  1.14038168E+00
    77  2.31000000E+01  1.14080876E+00  9.99977380E-01  1.14080876E+00
    78  2.34000000E+01  1.14117239E+00  9.99975763E-01  1.14117239E+00
    79  2.37000000E+01  1.14156304E+00  9.99974052E-01  1.14156304E+00
    80  2.40000000E+01  1.14193274E+00  9.99972242E-01  1.14193274E+00
    81  2.43000000E+01  1.14224608E+00  9.99970330E-01  1.14224608E+00
    82  2.46000000E+01  1.14254648E+00  9.99968313E-01  1.14254648E+00
    83  2.49000000E+01  1.14286796E+00  9.99966185E-01  1.14286796E+00
    84  2.52000000E+01  1.14313982E+00  9.99963945E-01  1.14313982E+00
    85  2.55000000E+01  1.14337050E+00  9.99961588E-01  1.14337050E+00
    86  2.58000000E+01  1.14363011E+00  9.99959110E-01  1.14363011E+00
    87  2.61000000E+01  1.14386457E+00  9.99956510E-01  1.14386457E+00
    88  2.64000000E+01  1.14406496E+00  9.99953783E-01  1.14406496E+00
    89  2.67000000E+01  1.14425371E+00  9.99950927E-01  1.14425371E+00
    90  2.70000000E+01  1.14445763E+00  9.99947941E-01  1.14445763E+00
    91  2.73000000E+01  1.14463294E+00  9.99944821E-01  1.14463294E+00
    92  2.76000000E+01  1.14478567E+00  9.99941566E-01  1.14478567E+00
    93  2.79000000E+01  1.14492130E+00  9.99938176E-01  1.14492130E+00
    94  2.82000000E+01  1.14507640E+00  9.99934649E-01  1.14507640E+00
    95  2.85000000E+01  1.14521338E+00  9.99930987E-01  1.14521338E+00
    96  2.88000000E+01  1.14533586E+00  9.99927191E-01  1.14533586E+00
    97  2.91000000E+01  1.14544643E+00  9.99923262E-01  1.14544643E+00
    98  2.94000000E+01  1.14555174E+00  9.99919203E-01  1.14555174E+00
    99  2.97000000E+01  1.14566243E+00  9.99915019E-01  1.14566243E+00
   100  3.00000000E+01  1.14576313E+00  9.99910715E-01  1.14576313E+00
   101  3.03000000E+01  1.14585522E+00  9.99906297E-01  1.14585522E+00
   102  3.06000000E+01  1.14593972E+00  9.99901774E-01  1.14593972E+00
   103  3.09000000E+01  1.14601744E+00  9.99897155E-01  1.14601744E+00
   104  3.12000000E+01  1.14608909E+00  9.99892453E-01  1.14608909E+00
   105  3.15000000E+01  1.14616374E+00  9.99887680E-01  1.14616374E+00
   106  3.18000000E+01  1.14623647E+00  9.99882854E-01  1.14623647E+00
   107  3.21000000E+01  1.14630368E+00  9.99877993E-01  1.14630368E+00
   108  3.24000000E+01  1.14636604E+00  9.99873119E-01  1.14636604E+00
   109  3.27000000E+01  1.14642422E+00  9.99868255E-01  1.14642422E+00
   110  3.30000000E+01  1.14647879E+00  9.99863430E-01  1.14647879E+00
   111  3.33000000E+01  1.14653026E+00  9.99858675E-01  1.14653026E+00
   112  3.36000000E+01  1.14657901E+00  9.99854025E-01  1.14657901E+00
   113  3.39000000E+01  1.14662533E+00  9.99849521E-01  1.14662533E+00
   114  3.42000000E+01  1.14666943E+00  9.99845206E-01  1.14666943E+00
   115  3.45000000E+01  1.14671572E+00  9.99841131E-01  1.14671572E+00
   116  3.48000000E+01  1.14676009E+00  9.99837349E-01  1.14676009E+00
   117  3.51000000E+01  1.14680236E+00  9.99833922E-01  1.14680236E+00
   118  3.54000000E+01  1.14684263E+00  9.99830917E-01  1.14684263E+00
   119  3.57000000E+01  1.14688098E+00  9.99828409E-01  1.14688098E+00
   120  3.60000000E+01  1.14691744E+00  9.99826479E-01  1.14691744E+00
   121  3.63000000E+01  1.14695205E+00  9.99825218E-01  1.14695205E+00
   122  3.66000000E+01  1.14698487E+00  9.99824725E-01  1.14698487E+00
   123  3.69000000E+01  1.14701593E+00  9.99825108E-01  1.14701593E+00
   124  3.72000000E+01  1.14704530E+00  9.99826486E-01  1.14704530E+00
   125  3.75000000E+01  1.14707303E+00  9.99828988E-01  1.14707303E+00
   126  3.78000000E+01  1.14709916E+00  9.99832755E-01  1.14709916E+00
   127  3.81000000E+01  1.14712377E+00  9.99837941E-01  1.14712377E+00
   128  3.84000000E+01  1.14714691E+00  9.99844713E-01  1.14714691E+00
   129  3.87000000E+01  1.14716862E+00  9.99853254E-01  1.14716862E+00
   130  3.90000000E+01  1.14719097E+00  9.99863759E-01  1.14719097E+00
   131  3.93000000E+01  1.14721291E+00  9.99876444E-01  1.14721291E+00
   132  3.96000000E+01  1.14723347E+00  9.99891539E-01  1.14723347E+00
   133  3.99000000E+01  1.14725271E+00  9.99909295E-01  1.14725271E+00
   134  4.02000000E+01  1.14727069E+00  9.99929983E-01  1.14727069E+00
   135  4.05000000E+01  1.14728746E+00  9.99953895E-01  1.14728746E+00
   136  4.08000000E+01  1.14730308E+00  9.99981346E-01  1.14730308E+00
   137  4.11000000E+01  1.14731760E+00  1.00001268E+00  1.14731760E+00
   138  4.14000000E+01  1.14733109E+00  1.00004825E+00  1.14733109E+00
   139  4.17000000E+01  1.14734360E+00  1.00008847E+00  1.14734360E+00
   140  4.20000000E+01  1.14735518E+00  1.00013374E+00  1.14735518E+00
   141  4.23000000E+01  1.14736589E+00  1.00018453E+00  1.14736589E+00
   142  4.26000000E+01  1.14737579E+00  1.00024131E+00  1.14737579E+00
   143  4.29000000E+01  1.14738492E+00  1.00030462E+00  1.14738492E+00
   144  4.32000000E+01  1.14739333E+00  1.00037501E+00  1.14739333E+00
   145  4.35000000E+01  1.14740108E+00  1.00045306E+00  1.14740108E+00
   146  4.38000000E+01  1.14740820E+00  1.00053942E+00  1.14740820E+00
   147  4.41000000E+01  1.14741474E+00  1.00063477E+00  1.14741474E+00
   148  4.44000000E+01  1.14742075E+00  1.00073983E+00  1.14742075E+00
   149  4.47000000E+01  1.14742626E+00  1.00085536E+00  1.14742626E+00
   150  4.50000000E+01  1.14743130E+00  1.00098220E+00  1.14743130E+00
   151  4.53000000E+01  1.14743592E+00  1.00112120E+00  1.14743592E+00
   152  4.56000000E+01  1.14744015E+00  1.00127330E+00  1.14744015E+00
   153  4.59000000E+01  1.14744402E+00  1.00143948E+00  1.14744402E+00
   154  4.62000000E+01  1.14744755E+00  1.00162077E+00  1.14744755E+00
   155  4.65000000E+01  1.14745078E+00  1.00181828E+00  1.14745078E+00
   156  4.68000000E+01  1.14745372E+00  1.00203318E+00  1.14745372E+00
   157  4.71000000E+01  1.14745641E+00  1.00226669E+00  1.14745641E+00
   158  4.74000000E+01  1.14745887E+00  1.00252011E+00  1.14745887E+00
   159  4.77000000E+01  1.14746111E+00  1.00279482E+00  1.14746111E+00
   160  4.80000000E+01  1.14746315E+00  1.00309225E+00  1.14746315E+00
   161  4.83000000E+01  1.14746541E+00  1.00341390E+00  1.14746541E+00
   162  4.86000000E+01  1.14746748E+00  1.00376138E+00  1.14746748E+00
   163  4.89000000E+01  1.14746936E+00  1.00413635E+00  1.14746936E+00
   164  4.92000000E+01  1.14747108E+00  1.00454054E+00  1.14747108E+00
   165  4.95000000E+01  1.14747265E+00  1.00497576E+00  1.14747265E+00
   166  4.98000000E+01  1.14747409E+00  1.00544393E+00  1.14747409E+00
   167  5.01000000E+01  1.14747539E+00  1.00594700E+00  1.14747539E+00
   168  5.04000000E+01  1.14747659E+00  1.00648702E+00  1.14747659E+00
   169  5.07000000E+01  1.14747768E+00  1.00706612E+00  1.14747768E+00
   170  5.10000000E+01  1.14747868E+00  1.00768648E+00  1.14747868E+00
   171  5.13000000E+01  1.14747959E+00  1.00835036E+00  1.14747959E+00
   172  5.16000000E+01  1.14748043E+00  1.00906009E+00  1.14748043E+00
   173  5.19000000E+01  1.14748119E+00  1.00981804E+00  1.14748119E+00
   174  5.22000000E+01  1.14748189E+00  1.01062664E+00  1.14748189E+00
   175  5.25000000E+01  1.14748254E+00  1.01148837E+00  1.14748254E+00
   176  5.28000000E+01  1.14748313E+00  1.01240571E+00  1.14748313E+00
   177  5.31000000E+01  1.14748367E+00  1.01338121E+00  1.14748367E+00
   178  5.34000000E+01  1.14748417E+00  1.01441739E+00  1.14748417E+00
   179  5.37000000E+01  1.14748463E+00  1.01551676E+00  1.14748463E+00
   180  5.40000000E+01  1.14748506E+00  1.01668184E+00  1.14748506E+00
   181  5.43000000E+01  1.14748545E+00  1.01791507E+00  1.14748545E+00
   182  5.46000000E+01  1.14748581E+00  1.01921885E+00  1.14748581E+00
   183  5.49000000E+01  1.14748615E+00  1.02059548E+00  1.14748615E+00
   184  5.52000000E+01  1.14748646E+00  1.02204716E+00  1.14748646E+00
   185  5.55000000E+01  1.14748675E+00  1.02357593E+00  1.14748675E+00
   186  5.58000000E+01  1.14748702E+00  1.02518370E+00  1.14748702E+00
   187  5.61000000E+01  1.14748727E+00  1.02687215E+00  1.14748727E+00
   188  5.64000000E+01  1.14748751E+00  1.02864275E+00  1.14748751E+00
   189  5.67000000E+01  1.14748772E+00  1.03049671E+00  1.14748772E+00
   190  5.70000000E+01  1.14748793E+00  1.03243492E+00  1.14748793E+00
   191  5.73000000E+01  1.14748812E+00  1.03445798E+00  1.14748812E+00
   192  5.76000000E+01  1.14748830E+00  1.03656607E+00  1.14748830E+00
   193  5.79000000E+01  1.14748846E+00  1.03875900E+00  1.14748846E+00
   194  5.82000000E+01  1.14748862E+00  1.04103611E+00  1.14748862E+00
   195  5.85000000E+01  1.14748877E+00  1.04339626E+00  1.14748877E+00
   196  5.88000000E+01  1.14748891E+00  1.04583780E+00  1.14748891E+00
   197  5.91000000E+01  1.14748904E+00  1.04835852E+00  1.14748904E+00
   198  5.94000000E+01  1.14748916E+00  1.05095561E+00  1.14748916E+00
   199  5.97000000E+01  1.14748928E+00  1.05362566E+00  1.14748928E+00
   200  6.00000000E+01  1.14748939E+00  1.05636463E+00  1.14748939E+00
   201  6.03000000E+01  1.14748950E+00  1.05916779E+00  1.14748950E+00
   202  6.06000000E+01  1.14748959E+00  1.06202979E+00  1.14748959E+00
   203  6.09000000E+01  1.14748969E+00  1.06494457E+00  1.14748969E+00
   204  6.12000000E+01  1.14748978E+00  1.06790542E+00  1.14748978E+00
   205  6.15000000E+01  1.14748986E+00  1.07090496E+00  1.14748986E+00
   206  6.18000000E+01  1.14748994E+00  1.07393518E+00  1.14748994E+00
   207  6.21000000E+01  1.14749002E+00  1.07698745E+00  1.14749002E+00
   208  6.24000000E+01  1.14749009E+00  1.08005259E+00  1.14749009E+00
   209  6.27000000E+01  1.14749016E+00  1.08312090E+00  1.14749016E+00
   210  6.30000000E+01  1.14749022E+00  1.08618222E+00  1.14749022E+00
   211  6.33000000E+01  1.14749028E+00  1.08922603E+00  1.14749028E+00
   212  6.36000000E+01  1.14749034E+00  1.09224153E+00  1.14749034E+00
   213  6.39000000E+01  1.14749040E+00  1.09521778E+00  1.14749040E+00
   214  6.42000000E+01  1.14749045E+00  1.09814376E+00  1.14749045E+00
   215  6.45000000E+01  1.14749050E+00  1.10100859E+00  1.14749050E+00
   216  6.48000000E+01  1.14749055E+00  1.10380163E+00  1.14749055E+00
   217  6.51000000E+01  1.14749060E+00  1.10651271E+00  1.14749060E+00
   218  6.54000000E+01  1.14749064E+00  1.10913226E+00  1.14749064E+00
   219  6.57000000E+01  1.14749069E+00  1.11165155E+00  1.14749069E+00
   220  6.60000000E+01  1.14749073E+00  1.11406288E+00  1.14749073E+00
   221  6.63000000E+01  1.14749076E+00  1.11635977E+00  1.14749076E+00
   222  6.66000000E+01  1.14749080E+00  1.11853715E+00  1.14749080E+00
   223  6.69000000E+01  1.14749084E+00  1.12059153E+00  1.14749084E+00
   224  6.72000000E+01  1.14749087E+00  1.12252110E+00  1.14749087E+00
   225  6.75000000E+01  1.14749090E+00  1.12432586E+00  1.14749090E+00
   226  6.78000000E+01  1.14749093E+00  1.12600758E+00  1.14749093E+00
   227  6.81000000E+01  1.14749096E+00  1.12756979E+00  1.14749096E+00
   228  6.84000000E+01  1.14749099E+00  1.12901761E+00  1.14749099E+00
   229  6.87000000E+01  1.14749101E+00  1.13035759E+00  1.14749101E+00
   230  6.90000000E+01  1.14749104E+00  1.13159737E+00  1.14749104E+00
   231  6.93000000E+01  1.14749106E+00  1.13274534E+00  1.14749106E+00
   232  6.96000000E+01  1.14749109E+00  1.13381022E+00  1.14749109E+00
   233  6.99000000E+01  1.14749111E+00  1.13480065E+00  1.14749111E+00
   234  7.02000000E+01  1.14749113E+00  1.13572468E+00  1.14749113E+00
   235  7.05000000E+01  1.14749115E+00  1.13658945E+00  1.14749115E+00
   236  7.08000000E+01  1.14749117E+00  1.13740077E+00  1.14749117E+00
   237  7.11000000E+01  1.14749119E+00  1.13816296E+00  1.14749119E+00
   238  7.14000000E+01  1.14749120E+00  1.13887870E+00  1.14749120E+00
   239  7.17000000E+01  1.14749122E+00  1.13954906E+00  1.14749122E+00
   240  7.20000000E+01  1.14749124E+00  1.14017372E+00  1.14749124E+00
   241  7.23000000E+01  1.14749125E+00  1.14075125E+00  1.14749125E+00
   242  7.26000000E+01  1.14749126E+00  1.14127953E+00  1.14749126E+00
   243  7.29000000E+01  1.14749128E+00  1.14175624E+00  1.14749128E+00
   244  7.32000000E+01  1.14749129E+00  1.14217939E+00  1.14749129E+00
   245  7.35000000E+01  1.14749130E+00  1.14254775E+00  1.14749130E+00
   246  7.38000000E+01  1.14749132E+00  1.14286130E+00  1.14749132E+00
   247  7.41000000E+01  1.14749133E+00  1.14312146E+00  1.14749133E+00
   248  7.44000000E+01  1.14749134E+00  1.14333121E+00  1.14749134E+00
   249  7.47000000E+01  1.14749135E+00  1.14349506E+00  1.14749135E+00
   250  7.50000000E+01  1.14749136E+00  1.14361885E+00  1.14749136E+00
   251  7.53000000E+01  1.14749137E+00  1.14370937E+00  1.14749137E+00
   252  7.56000000E+01  1.14749138E+00  1.14377395E+00  1.14749138E+00
   253  7.59000000E+01  1.14749139E+00  1.14381998E+00  1.14749139E+00
   254  7.62000000E+01  1.14749139E+00  1.14385442E+00  1.14749139E+00
   255  7.65000000E+01  1.14749140E+00  1.14388339E+00  1.14749140E+00
   256  7.68000000E+01  1.14749141E+00  1.14391182E+00  1.14749141E+00
   257  7.71000000E+01  1.14749142E+00  1.14394332E+00  1.14749142E+00
   258  7.74000000E+01  1.14749142E+00  1.14398005E+00  1.14749142E+00
   259  7.77000000E+01  1.14749143E+00  1.14402287E+00  1.14749143E+00
   260  7.80000000E+01  1.14749144E+00  1.14407149E+00  1.14749144E+00
   261  7.83000000E+01  1.14749144E+00  1.14412475E+00  1.14749144E+00
   262  7.86000000E+01  1.14749145E+00  1.14418095E+00  1.14749145E+00
   263  7.89000000E+01  1.14749145E+00  1.14423818E+00  1.14749145E+00
   264  7.92000000E+01  1.14749146E+00  1.14429454E+00  1.14749146E+00
   265  7.95000000E+01  1.14749146E+00  1.14434846E+00  1.14749146E+00
   266  7.98000000E+01  1.14749147E+00  1.14439875E+00  1.14749147E+00
   267  8.01000000E+01  1.14749147E+00  1.14444472E+00  1.14749147E+00
   268  8.04000000E+01  1.14749148E+00  1.14448617E+00  1.14749148E+00
   269  8.07000000E+01  1.14749148E+00  1.14452329E+00  1.14749148E+00
   270  8.10000000E+01  1.14749149E+00  1.14455657E+00  1.14749149E+00
   271  8.13000000E+01  1.14749149E+00  1.14458667E+00  1.14749149E+00
   272  8.16000000E+01  1.14749149E+00  1.14461430E+00  1.14749149E+00
   273  8.19000000E+01  1.14749150E+00  1.14464011E+00  1.14749150E+00
   274  8.22000000E+01  1.14749150E+00  1.14466464E+00  1.14749150E+00
   275  8.25000000E+01  1.14749150E+00  1.14468825E+00  1.14749150E+00
   276  8.28000000E+01  1.14749151E+00  1.14471113E+00  1.14749151E+00
   277  8.31000000E+01  1.14749151E+00  1.14473332E+00  1.14749151E+00
   278  8.34000000E+01  1.14749151E+00  1.14475475E+00  1.14749151E+00
   279  8.37000000E+01  1.14749151E+00  1.14477527E+00  1.14749151E+00
   280  8.40000000E+01  1.14749152E+00  1.14479474E+00  1.14749152E+00
   281  8.43000000E+01  1.14749152E+00  1.14481300E+00  1.14749152E+00
   282  8.46000000E+01  1.14749152E+00  1.14482997E+00  1.14749152E+00
   283  8.49000000E+01  1.14749152E+00  1.14484560E+00  1.14749152E+00
   284  8.52000000E+01  1.14749152E+00  1.14485990E+00  1.14749152E+00
   285  8.55000000E+01  1.14749153E+00  1.14487293E+00  1.14749153E+00
   286  8.58000000E+01  1.14749153E+00  1.14488481E+00  1.14749153E+00
   287  8.61000000E+01  1.14749153E+00  1.14489565E+00  1.14749153E+00
   288  8.64000000E+01  1.14749153E+00  1.14490556E+00  1.14749153E+00
   289  8.67000000E+01  1.14749153E+00  1.14491467E+00  1.14749153E+00
   290  8.70000000E+01  1.14749153E+00  1.14492306E+00  1.14749153E+00
   291  8.73000000E+01  1.14749154E+00  1.14493082E+00  1.14749154E+00
   292  8.76000000E+01  1.14749154E+00  1.14493799E+00  1.14749154E+00
   293  8.79000000E+01  1.14749154E+00  1.14494462E+00  1.14749154E+00
   294  8.82000000E+01  1.14749154E+00  1.14495074E+00  1.14749154E+00
   295  8.85000000E+01  1.14749154E+00  1.14495637E+00  1.14749154E+00
   296  8.88000000E+01  1.14749154E+00  1.14496153E+00  1.14749154E+00
   297  8.91000000E+01  1.14749154E+00  1.14496625E+00  1.14749154E+00
 steady-height stop at step    297: changes <=   1.0000E-05, max-end <=   1.0000E-02, max/end/gap/profile_change =   1.14749154E+00  1.14496625E+00  2.52529574E-03  4.71950117E-06


STDERR:
