COMMAND:
/shared/swell_inference/datas/generate_rom_data/extrudate_swell2d_c_cluster

STDOUT:
 comppar: model =   3
 comppar: lambda,mobility/eps,betav,eta_0 =  8.2000E+00  2.3333E-01  5.0000E-01  1.0000E+00
 comppar: eta_s,eta_p,G =  5.0000E-01  5.0000E-01  6.0976E-02
 comppar: U_avg,deltat,flowrate,nsteps =  2.5000E-02  8.0000E-01  7.8540E-02     700
 comppar: geometry = axisymmetric
 comppar: steady stop change,gap,hold,min =  1.0000E-05  1.0000E-02      10      80
 comppar: ncompc,ncompg =     4     5
 mesh nnodes = 5765
 mesh nelem = 2780
 P1 BC   5.0000000000000000     
 P2 BC   0.0000000000000000     
     1  8.00000000E-01  1.00253024E+00  1.00000000E+00  1.00253024E+00
     2  1.60000000E+00  1.00501924E+00  1.00000000E+00  1.00501924E+00
     3  2.40000000E+00  1.00746081E+00  1.00000000E+00  1.00746081E+00
     4  3.20000000E+00  1.00985516E+00  1.00000000E+00  1.00985516E+00
     5  4.00000000E+00  1.01220192E+00  1.00000000E+00  1.01220192E+00
     6  4.80000000E+00  1.01450715E+00  1.00000000E+00  1.01450715E+00
     7  5.60000000E+00  1.01676565E+00  1.00000000E+00  1.01676565E+00
     8  6.40000000E+00  1.01898273E+00  1.00000000E+00  1.01898273E+00
     9  7.20000000E+00  1.02116679E+00  1.00000000E+00  1.02116679E+00
    10  8.00000000E+00  1.02330431E+00  1.00000000E+00  1.02330431E+00
    11  8.80000000E+00  1.02542673E+00  1.00000000E+00  1.02542673E+00
    12  9.60000000E+00  1.02749429E+00  1.00000001E+00  1.02749429E+00
    13  1.04000000E+01  1.02956013E+00  1.00000001E+00  1.02956013E+00
    14  1.12000000E+01  1.03157207E+00  1.00000001E+00  1.03157207E+00
    15  1.20000000E+01  1.03358235E+00  1.00000001E+00  1.03358235E+00
    16  1.28000000E+01  1.03554488E+00  1.00000001E+00  1.03554488E+00
    17  1.36000000E+01  1.03749196E+00  1.00000001E+00  1.03749196E+00
    18  1.44000000E+01  1.03941731E+00  1.00000001E+00  1.03941731E+00
    19  1.52000000E+01  1.04129664E+00  1.00000001E+00  1.04129664E+00
    20  1.60000000E+01  1.04318771E+00  1.00000000E+00  1.04318771E+00
    21  1.68000000E+01  1.04502431E+00  1.00000000E+00  1.04502431E+00
    22  1.76000000E+01  1.04684373E+00  1.00000000E+00  1.04684373E+00
    23  1.84000000E+01  1.04865829E+00  1.00000000E+00  1.04865829E+00
    24  1.92000000E+01  1.05041593E+00  9.99999998E-01  1.05041593E+00
    25  2.00000000E+01  1.05217648E+00  9.99999995E-01  1.05217648E+00
    26  2.08000000E+01  1.05391318E+00  9.99999991E-01  1.05391318E+00
    27  2.16000000E+01  1.05559005E+00  9.99999987E-01  1.05559005E+00
    28  2.24000000E+01  1.05726241E+00  9.99999982E-01  1.05726241E+00
    29  2.32000000E+01  1.05893123E+00  9.99999977E-01  1.05893123E+00
    30  2.40000000E+01  1.06053798E+00  9.99999970E-01  1.06053798E+00
    31  2.48000000E+01  1.06212621E+00  9.99999963E-01  1.06212621E+00
    32  2.56000000E+01  1.06372516E+00  9.99999955E-01  1.06372516E+00
    33  2.64000000E+01  1.06525963E+00  9.99999946E-01  1.06525963E+00
    34  2.72000000E+01  1.06673580E+00  9.99999935E-01  1.06673580E+00
    35  2.80000000E+01  1.06827869E+00  9.99999924E-01  1.06827869E+00
    36  2.88000000E+01  1.06975559E+00  9.99999911E-01  1.06975559E+00
    37  2.96000000E+01  1.07116365E+00  9.99999897E-01  1.07116365E+00
    38  3.04000000E+01  1.07260324E+00  9.99999881E-01  1.07260324E+00
    39  3.12000000E+01  1.07402146E+00  9.99999864E-01  1.07402146E+00
    40  3.20000000E+01  1.07536947E+00  9.99999845E-01  1.07536947E+00
    41  3.28000000E+01  1.07664988E+00  9.99999824E-01  1.07664988E+00
    42  3.36000000E+01  1.07802823E+00  9.99999802E-01  1.07802823E+00
    43  3.44000000E+01  1.07933589E+00  9.99999777E-01  1.07933589E+00
    44  3.52000000E+01  1.08057065E+00  9.99999750E-01  1.08057065E+00
    45  3.60000000E+01  1.08179186E+00  9.99999721E-01  1.08179186E+00
    46  3.68000000E+01  1.08305861E+00  9.99999689E-01  1.08305861E+00
    47  3.76000000E+01  1.08425208E+00  9.99999655E-01  1.08425208E+00
    48  3.84000000E+01  1.08537066E+00  9.99999618E-01  1.08537066E+00
    49  3.92000000E+01  1.08649150E+00  9.99999578E-01  1.08649150E+00
    50  4.00000000E+01  1.08766741E+00  9.99999534E-01  1.08766741E+00
    51  4.08000000E+01  1.08876889E+00  9.99999488E-01  1.08876889E+00
    52  4.16000000E+01  1.08979499E+00  9.99999438E-01  1.08979499E+00
    53  4.24000000E+01  1.09082666E+00  9.99999384E-01  1.09082666E+00
    54  4.32000000E+01  1.09191024E+00  9.99999326E-01  1.09191024E+00
    55  4.40000000E+01  1.09291872E+00  9.99999264E-01  1.09291872E+00
    56  4.48000000E+01  1.09385194E+00  9.99999197E-01  1.09385194E+00
    57  4.56000000E+01  1.09474187E+00  9.99999126E-01  1.09474187E+00
    58  4.64000000E+01  1.09575520E+00  9.99999050E-01  1.09575520E+00
    59  4.72000000E+01  1.09669393E+00  9.99998969E-01  1.09669393E+00
    60  4.80000000E+01  1.09755872E+00  9.99998882E-01  1.09755872E+00
    61  4.88000000E+01  1.09835117E+00  9.99998789E-01  1.09835117E+00
    62  4.96000000E+01  1.09926206E+00  9.99998690E-01  1.09926206E+00
    63  5.04000000E+01  1.10013052E+00  9.99998585E-01  1.10013052E+00
    64  5.12000000E+01  1.10092646E+00  9.99998473E-01  1.10092646E+00
    65  5.20000000E+01  1.10165239E+00  9.99998354E-01  1.10165239E+00
    66  5.28000000E+01  1.10242480E+00  9.99998228E-01  1.10242480E+00
    67  5.36000000E+01  1.10322878E+00  9.99998094E-01  1.10322878E+00
    68  5.44000000E+01  1.10396304E+00  9.99997951E-01  1.10396304E+00
    69  5.52000000E+01  1.10463092E+00  9.99997800E-01  1.10463092E+00
    70  5.60000000E+01  1.10528921E+00  9.99997640E-01  1.10528921E+00
    71  5.68000000E+01  1.10602830E+00  9.99997470E-01  1.10602830E+00
    72  5.76000000E+01  1.10670053E+00  9.99997291E-01  1.10670053E+00
    73  5.84000000E+01  1.10731008E+00  9.99997101E-01  1.10731008E+00
    74  5.92000000E+01  1.10786242E+00  9.99996900E-01  1.10786242E+00
    75  6.00000000E+01  1.10854291E+00  9.99996687E-01  1.10854291E+00
    76  6.08000000E+01  1.10916046E+00  9.99996463E-01  1.10916046E+00
    77  6.16000000E+01  1.10971972E+00  9.99996226E-01  1.10971972E+00
    78  6.24000000E+01  1.11022573E+00  9.99995976E-01  1.11022573E+00
    79  6.32000000E+01  1.11079555E+00  9.99995712E-01  1.11079555E+00
    80  6.40000000E+01  1.11135835E+00  9.99995435E-01  1.11135835E+00
    81  6.48000000E+01  1.11186747E+00  9.99995142E-01  1.11186747E+00
    82  6.56000000E+01  1.11232822E+00  9.99994834E-01  1.11232822E+00
    83  6.64000000E+01  1.11281245E+00  9.99994509E-01  1.11281245E+00
    84  6.72000000E+01  1.11332836E+00  9.99994168E-01  1.11332836E+00
    85  6.80000000E+01  1.11379485E+00  9.99993809E-01  1.11379485E+00
    86  6.88000000E+01  1.11421695E+00  9.99993431E-01  1.11421695E+00
    87  6.96000000E+01  1.11460502E+00  9.99993035E-01  1.11460502E+00
    88  7.04000000E+01  1.11507457E+00  9.99992619E-01  1.11507457E+00
    89  7.12000000E+01  1.11549945E+00  9.99992182E-01  1.11549945E+00
    90  7.20000000E+01  1.11588449E+00  9.99991724E-01  1.11588449E+00
    91  7.28000000E+01  1.11623400E+00  9.99991243E-01  1.11623400E+00
    92  7.36000000E+01  1.11664127E+00  9.99990740E-01  1.11664127E+00
    93  7.44000000E+01  1.11703014E+00  9.99990212E-01  1.11703014E+00
    94  7.52000000E+01  1.11738236E+00  9.99989659E-01  1.11738236E+00
    95  7.60000000E+01  1.11770178E+00  9.99989081E-01  1.11770178E+00
    96  7.68000000E+01  1.11801555E+00  9.99988475E-01  1.11801555E+00
    97  7.76000000E+01  1.11837047E+00  9.99987842E-01  1.11837047E+00
    98  7.84000000E+01  1.11869252E+00  9.99987181E-01  1.11869252E+00
    99  7.92000000E+01  1.11898500E+00  9.99986489E-01  1.11898500E+00
   100  8.00000000E+01  1.11925062E+00  9.99985767E-01  1.11925062E+00
   101  8.08000000E+01  1.11957163E+00  9.99985013E-01  1.11957163E+00
   102  8.16000000E+01  1.11986559E+00  9.99984226E-01  1.11986559E+00
   103  8.24000000E+01  1.12013214E+00  9.99983405E-01  1.12013214E+00
   104  8.32000000E+01  1.12037374E+00  9.99982549E-01  1.12037374E+00
   105  8.40000000E+01  1.12061610E+00  9.99981658E-01  1.12061610E+00
   106  8.48000000E+01  1.12088531E+00  9.99980729E-01  1.12088531E+00
   107  8.56000000E+01  1.12112950E+00  9.99979762E-01  1.12112950E+00
   108  8.64000000E+01  1.12135071E+00  9.99978755E-01  1.12135071E+00
   109  8.72000000E+01  1.12155069E+00  9.99977708E-01  1.12155069E+00
   110  8.80000000E+01  1.12179576E+00  9.99976619E-01  1.12179576E+00
   111  8.88000000E+01  1.12201763E+00  9.99975487E-01  1.12201763E+00
   112  8.96000000E+01  1.12221822E+00  9.99974312E-01  1.12221822E+00
   113  9.04000000E+01  1.12239917E+00  9.99973091E-01  1.12239917E+00
   114  9.12000000E+01  1.12258171E+00  9.99971824E-01  1.12258171E+00
   115  9.20000000E+01  1.12278477E+00  9.99970510E-01  1.12278477E+00
   116  9.28000000E+01  1.12296805E+00  9.99969148E-01  1.12296805E+00
   117  9.36000000E+01  1.12313301E+00  9.99967737E-01  1.12313301E+00
   118  9.44000000E+01  1.12328109E+00  9.99966275E-01  1.12328109E+00
   119  9.52000000E+01  1.12346426E+00  9.99964761E-01  1.12346426E+00
   120  9.60000000E+01  1.12363007E+00  9.99963196E-01  1.12363007E+00
   121  9.68000000E+01  1.12377911E+00  9.99961577E-01  1.12377911E+00
   122  9.76000000E+01  1.12391278E+00  9.99959904E-01  1.12391278E+00
   123  9.84000000E+01  1.12404736E+00  9.99958176E-01  1.12404736E+00
   124  9.92000000E+01  1.12419845E+00  9.99956392E-01  1.12419845E+00
   125  1.00000000E+02  1.12433394E+00  9.99954552E-01  1.12433394E+00
   126  1.00800000E+02  1.12445521E+00  9.99952656E-01  1.12445521E+00
   127  1.01600000E+02  1.12456359E+00  9.99950701E-01  1.12456359E+00
   128  1.02400000E+02  1.12469794E+00  9.99948689E-01  1.12469794E+00
   129  1.03200000E+02  1.12482027E+00  9.99946619E-01  1.12482027E+00
   130  1.04000000E+02  1.12492972E+00  9.99944490E-01  1.12492972E+00
   131  1.04800000E+02  1.12502757E+00  9.99942303E-01  1.12502757E+00
   132  1.05600000E+02  1.12512345E+00  9.99940058E-01  1.12512345E+00
   133  1.06400000E+02  1.12523443E+00  9.99937754E-01  1.12523443E+00
   134  1.07200000E+02  1.12533360E+00  9.99935393E-01  1.12533360E+00
   135  1.08000000E+02  1.12542220E+00  9.99932975E-01  1.12542220E+00
   136  1.08800000E+02  1.12550141E+00  9.99930501E-01  1.12550141E+00
   137  1.09600000E+02  1.12559578E+00  9.99927971E-01  1.12559578E+00
   138  1.10400000E+02  1.12568533E+00  9.99925388E-01  1.12568533E+00
   139  1.11200000E+02  1.12576535E+00  9.99922752E-01  1.12576535E+00
   140  1.12000000E+02  1.12583692E+00  9.99920065E-01  1.12583692E+00
   141  1.12800000E+02  1.12590098E+00  9.99917329E-01  1.12590098E+00
   142  1.13600000E+02  1.12598155E+00  9.99914547E-01  1.12598155E+00
   143  1.14400000E+02  1.12605407E+00  9.99911721E-01  1.12605407E+00
   144  1.15200000E+02  1.12611898E+00  9.99908855E-01  1.12611898E+00
   145  1.16000000E+02  1.12617715E+00  9.99905951E-01  1.12617715E+00
   146  1.16800000E+02  1.12623868E+00  9.99903014E-01  1.12623868E+00
   147  1.17600000E+02  1.12630419E+00  9.99900048E-01  1.12630419E+00
   148  1.18400000E+02  1.12636282E+00  9.99897057E-01  1.12636282E+00
   149  1.19200000E+02  1.12641531E+00  9.99894048E-01  1.12641531E+00
   150  1.20000000E+02  1.12646232E+00  9.99891024E-01  1.12646232E+00
   151  1.20800000E+02  1.12651234E+00  9.99887994E-01  1.12651234E+00
   152  1.21600000E+02  1.12656558E+00  9.99884964E-01  1.12656558E+00
   153  1.22400000E+02  1.12661328E+00  9.99881941E-01  1.12661328E+00
   154  1.23200000E+02  1.12665599E+00  9.99878934E-01  1.12665599E+00
   155  1.24000000E+02  1.12669418E+00  9.99875952E-01  1.12669418E+00
   156  1.24800000E+02  1.12673982E+00  9.99873004E-01  1.12673982E+00
   157  1.25600000E+02  1.12678275E+00  9.99870103E-01  1.12678275E+00
   158  1.26400000E+02  1.12682111E+00  9.99867258E-01  1.12682111E+00
   159  1.27200000E+02  1.12685529E+00  9.99864482E-01  1.12685529E+00
   160  1.28000000E+02  1.12688566E+00  9.99861789E-01  1.12688566E+00
   161  1.28800000E+02  1.12692163E+00  9.99859193E-01  1.12692163E+00
   162  1.29600000E+02  1.12695639E+00  9.99856710E-01  1.12695639E+00
   163  1.30400000E+02  1.12698730E+00  9.99854356E-01  1.12698730E+00
   164  1.31200000E+02  1.12701465E+00  9.99852149E-01  1.12701465E+00
   165  1.32000000E+02  1.12703946E+00  9.99850108E-01  1.12703946E+00
   166  1.32800000E+02  1.12707052E+00  9.99848254E-01  1.12707052E+00
   167  1.33600000E+02  1.12709803E+00  9.99846609E-01  1.12709803E+00
   168  1.34400000E+02  1.12712227E+00  9.99845195E-01  1.12712227E+00
   169  1.35200000E+02  1.12714350E+00  9.99844040E-01  1.12714350E+00
   170  1.36000000E+02  1.12716227E+00  9.99843168E-01  1.12716227E+00
   171  1.36800000E+02  1.12718698E+00  9.99842610E-01  1.12718698E+00
   172  1.37600000E+02  1.12720863E+00  9.99842394E-01  1.12720863E+00
   173  1.38400000E+02  1.12722749E+00  9.99842555E-01  1.12722749E+00
   174  1.39200000E+02  1.12724378E+00  9.99843126E-01  1.12724378E+00
   175  1.40000000E+02  1.12726022E+00  9.99844144E-01  1.12726022E+00
   176  1.40800000E+02  1.12727928E+00  9.99845647E-01  1.12727928E+00
   177  1.41600000E+02  1.12729579E+00  9.99847678E-01  1.12729579E+00
   178  1.42400000E+02  1.12731000E+00  9.99850280E-01  1.12731000E+00
   179  1.43200000E+02  1.12732213E+00  9.99853499E-01  1.12732213E+00
   180  1.44000000E+02  1.12733440E+00  9.99857384E-01  1.12733440E+00
   181  1.44800000E+02  1.12734891E+00  9.99861988E-01  1.12734891E+00
   182  1.45600000E+02  1.12736131E+00  9.99867366E-01  1.12736131E+00
   183  1.46400000E+02  1.12737183E+00  9.99873575E-01  1.12737183E+00
   184  1.47200000E+02  1.12738072E+00  9.99880677E-01  1.12738072E+00
   185  1.48000000E+02  1.12739100E+00  9.99888738E-01  1.12739100E+00
   186  1.48800000E+02  1.12740172E+00  9.99897825E-01  1.12740172E+00
   187  1.49600000E+02  1.12741078E+00  9.99908011E-01  1.12741078E+00
   188  1.50400000E+02  1.12741838E+00  9.99919373E-01  1.12741838E+00
   189  1.51200000E+02  1.12742474E+00  9.99931992E-01  1.12742474E+00
   190  1.52000000E+02  1.12743133E+00  9.99945952E-01  1.12743133E+00
   191  1.52800000E+02  1.12743911E+00  9.99961343E-01  1.12743911E+00
   192  1.53600000E+02  1.12744562E+00  9.99978259E-01  1.12744562E+00
   193  1.54400000E+02  1.12745105E+00  9.99996800E-01  1.12745105E+00
   194  1.55200000E+02  1.12745557E+00  1.00001707E+00  1.12745557E+00
   195  1.56000000E+02  1.12746024E+00  1.00003918E+00  1.12746024E+00
   196  1.56800000E+02  1.12746576E+00  1.00006324E+00  1.12746576E+00
   197  1.57600000E+02  1.12747034E+00  1.00008938E+00  1.12747034E+00
   198  1.58400000E+02  1.12747414E+00  1.00011772E+00  1.12747414E+00
   199  1.59200000E+02  1.12747729E+00  1.00014840E+00  1.12747729E+00
   200  1.60000000E+02  1.12747988E+00  1.00018155E+00  1.12747988E+00
   201  1.60800000E+02  1.12748248E+00  1.00021733E+00  1.12748248E+00
   202  1.61600000E+02  1.12748572E+00  1.00025588E+00  1.12748572E+00
   203  1.62400000E+02  1.12748839E+00  1.00029738E+00  1.12748839E+00
   204  1.63200000E+02  1.12749061E+00  1.00034198E+00  1.12749061E+00
   205  1.64000000E+02  1.12749243E+00  1.00038987E+00  1.12749243E+00
   206  1.64800000E+02  1.12749392E+00  1.00044122E+00  1.12749392E+00
   207  1.65600000E+02  1.12749512E+00  1.00049624E+00  1.12749512E+00
   208  1.66400000E+02  1.12749681E+00  1.00055512E+00  1.12749681E+00
   209  1.67200000E+02  1.12749828E+00  1.00061808E+00  1.12749828E+00
   210  1.68000000E+02  1.12749946E+00  1.00068534E+00  1.12749946E+00
   211  1.68800000E+02  1.12750039E+00  1.00075712E+00  1.12750039E+00
   212  1.69600000E+02  1.12750109E+00  1.00083366E+00  1.12750109E+00
   213  1.70400000E+02  1.12750161E+00  1.00091523E+00  1.12750161E+00
   214  1.71200000E+02  1.12750195E+00  1.00100207E+00  1.12750195E+00
   215  1.72000000E+02  1.12750213E+00  1.00109446E+00  1.12750213E+00
   216  1.72800000E+02  1.12750218E+00  1.00119269E+00  1.12750218E+00
   217  1.73600000E+02  1.12750247E+00  1.00129704E+00  1.12750247E+00
   218  1.74400000E+02  1.12750268E+00  1.00140784E+00  1.12750268E+00
   219  1.75200000E+02  1.12750276E+00  1.00152539E+00  1.12750276E+00
   220  1.76000000E+02  1.12750271E+00  1.00165002E+00  1.12750271E+00
   221  1.76800000E+02  1.12750257E+00  1.00178210E+00  1.12750257E+00
   222  1.77600000E+02  1.12750234E+00  1.00192196E+00  1.12750234E+00
   223  1.78400000E+02  1.12750204E+00  1.00206999E+00  1.12750204E+00
   224  1.79200000E+02  1.12750169E+00  1.00222657E+00  1.12750169E+00
   225  1.80000000E+02  1.12750130E+00  1.00239210E+00  1.12750130E+00
   226  1.80800000E+02  1.12750088E+00  1.00256700E+00  1.12750088E+00
   227  1.81600000E+02  1.12750044E+00  1.00275169E+00  1.12750044E+00
   228  1.82400000E+02  1.12750000E+00  1.00294662E+00  1.12750000E+00
   229  1.83200000E+02  1.12749954E+00  1.00315224E+00  1.12749954E+00
   230  1.84000000E+02  1.12749909E+00  1.00336903E+00  1.12749909E+00
   231  1.84800000E+02  1.12749864E+00  1.00359749E+00  1.12749864E+00
   232  1.85600000E+02  1.12749819E+00  1.00383811E+00  1.12749819E+00
   233  1.86400000E+02  1.12749775E+00  1.00409141E+00  1.12749775E+00
   234  1.87200000E+02  1.12749731E+00  1.00435794E+00  1.12749731E+00
   235  1.88000000E+02  1.12749689E+00  1.00463824E+00  1.12749689E+00
   236  1.88800000E+02  1.12749647E+00  1.00493289E+00  1.12749647E+00
   237  1.89600000E+02  1.12749607E+00  1.00524246E+00  1.12749607E+00
   238  1.90400000E+02  1.12749567E+00  1.00556756E+00  1.12749567E+00
   239  1.91200000E+02  1.12749529E+00  1.00590880E+00  1.12749529E+00
   240  1.92000000E+02  1.12749492E+00  1.00626681E+00  1.12749492E+00
   241  1.92800000E+02  1.12749456E+00  1.00664223E+00  1.12749456E+00
   242  1.93600000E+02  1.12749422E+00  1.00703572E+00  1.12749422E+00
   243  1.94400000E+02  1.12749388E+00  1.00744796E+00  1.12749388E+00
   244  1.95200000E+02  1.12749357E+00  1.00787962E+00  1.12749357E+00
   245  1.96000000E+02  1.12749326E+00  1.00833141E+00  1.12749326E+00
   246  1.96800000E+02  1.12749297E+00  1.00880404E+00  1.12749297E+00
   247  1.97600000E+02  1.12749268E+00  1.00929822E+00  1.12749268E+00
   248  1.98400000E+02  1.12749242E+00  1.00981469E+00  1.12749242E+00
   249  1.99200000E+02  1.12749216E+00  1.01035419E+00  1.12749216E+00
   250  2.00000000E+02  1.12749191E+00  1.01091746E+00  1.12749191E+00
   251  2.00800000E+02  1.12749168E+00  1.01150527E+00  1.12749168E+00
   252  2.01600000E+02  1.12749145E+00  1.01211836E+00  1.12749145E+00
   253  2.02400000E+02  1.12749124E+00  1.01275750E+00  1.12749124E+00
   254  2.03200000E+02  1.12749104E+00  1.01342345E+00  1.12749104E+00
   255  2.04000000E+02  1.12749084E+00  1.01411696E+00  1.12749084E+00
   256  2.04800000E+02  1.12749066E+00  1.01483881E+00  1.12749066E+00
   257  2.05600000E+02  1.12749048E+00  1.01558972E+00  1.12749048E+00
   258  2.06400000E+02  1.12749032E+00  1.01637044E+00  1.12749032E+00
   259  2.07200000E+02  1.12749016E+00  1.01718170E+00  1.12749016E+00
   260  2.08000000E+02  1.12749001E+00  1.01802421E+00  1.12749001E+00
   261  2.08800000E+02  1.12748986E+00  1.01889865E+00  1.12748986E+00
   262  2.09600000E+02  1.12748973E+00  1.01980570E+00  1.12748973E+00
   263  2.10400000E+02  1.12748960E+00  1.02074600E+00  1.12748960E+00
   264  2.11200000E+02  1.12748948E+00  1.02172017E+00  1.12748948E+00
   265  2.12000000E+02  1.12748936E+00  1.02272879E+00  1.12748936E+00
   266  2.12800000E+02  1.12748925E+00  1.02377239E+00  1.12748925E+00
   267  2.13600000E+02  1.12748915E+00  1.02485149E+00  1.12748915E+00
   268  2.14400000E+02  1.12748905E+00  1.02596653E+00  1.12748905E+00
   269  2.15200000E+02  1.12748896E+00  1.02711793E+00  1.12748896E+00
   270  2.16000000E+02  1.12748887E+00  1.02830602E+00  1.12748887E+00
   271  2.16800000E+02  1.12748879E+00  1.02953112E+00  1.12748879E+00
   272  2.17600000E+02  1.12748871E+00  1.03079342E+00  1.12748871E+00
   273  2.18400000E+02  1.12748864E+00  1.03209311E+00  1.12748864E+00
   274  2.19200000E+02  1.12748857E+00  1.03343024E+00  1.12748857E+00
   275  2.20000000E+02  1.12748850E+00  1.03480482E+00  1.12748850E+00
   276  2.20800000E+02  1.12748844E+00  1.03621676E+00  1.12748844E+00
   277  2.21600000E+02  1.12748838E+00  1.03766589E+00  1.12748838E+00
   278  2.22400000E+02  1.12748833E+00  1.03915191E+00  1.12748833E+00
   279  2.23200000E+02  1.12748827E+00  1.04067445E+00  1.12748827E+00
   280  2.24000000E+02  1.12748823E+00  1.04223302E+00  1.12748823E+00
   281  2.24800000E+02  1.12748818E+00  1.04382702E+00  1.12748818E+00
   282  2.25600000E+02  1.12748814E+00  1.04545573E+00  1.12748814E+00
   283  2.26400000E+02  1.12748810E+00  1.04711831E+00  1.12748810E+00
   284  2.27200000E+02  1.12748806E+00  1.04881378E+00  1.12748806E+00
   285  2.28000000E+02  1.12748802E+00  1.05054105E+00  1.12748802E+00
   286  2.28800000E+02  1.12748799E+00  1.05229890E+00  1.12748799E+00
   287  2.29600000E+02  1.12748796E+00  1.05408596E+00  1.12748796E+00
   288  2.30400000E+02  1.12748793E+00  1.05590072E+00  1.12748793E+00
   289  2.31200000E+02  1.12748790E+00  1.05774156E+00  1.12748790E+00
   290  2.32000000E+02  1.12748788E+00  1.05960670E+00  1.12748788E+00
   291  2.32800000E+02  1.12748785E+00  1.06149423E+00  1.12748785E+00
   292  2.33600000E+02  1.12748783E+00  1.06340209E+00  1.12748783E+00
   293  2.34400000E+02  1.12748781E+00  1.06532811E+00  1.12748781E+00
   294  2.35200000E+02  1.12748779E+00  1.06726997E+00  1.12748779E+00
   295  2.36000000E+02  1.12748777E+00  1.06922521E+00  1.12748777E+00
   296  2.36800000E+02  1.12748775E+00  1.07119128E+00  1.12748775E+00
   297  2.37600000E+02  1.12748774E+00  1.07316547E+00  1.12748774E+00
   298  2.38400000E+02  1.12748772E+00  1.07514497E+00  1.12748772E+00
   299  2.39200000E+02  1.12748771E+00  1.07712686E+00  1.12748771E+00
   300  2.40000000E+02  1.12748769E+00  1.07910812E+00  1.12748769E+00
   301  2.40800000E+02  1.12748768E+00  1.08108562E+00  1.12748768E+00
   302  2.41600000E+02  1.12748767E+00  1.08305617E+00  1.12748767E+00
   303  2.42400000E+02  1.12748766E+00  1.08501646E+00  1.12748766E+00
   304  2.43200000E+02  1.12748765E+00  1.08696314E+00  1.12748765E+00
   305  2.44000000E+02  1.12748764E+00  1.08889281E+00  1.12748764E+00
   306  2.44800000E+02  1.12748763E+00  1.09080201E+00  1.12748763E+00
   307  2.45600000E+02  1.12748762E+00  1.09268725E+00  1.12748762E+00
   308  2.46400000E+02  1.12748762E+00  1.09454502E+00  1.12748762E+00
   309  2.47200000E+02  1.12748761E+00  1.09637183E+00  1.12748761E+00
   310  2.48000000E+02  1.12748760E+00  1.09816418E+00  1.12748760E+00
   311  2.48800000E+02  1.12748760E+00  1.09991862E+00  1.12748760E+00
   312  2.49600000E+02  1.12748759E+00  1.10163175E+00  1.12748759E+00
   313  2.50400000E+02  1.12748759E+00  1.10330023E+00  1.12748759E+00
   314  2.51200000E+02  1.12748758E+00  1.10492084E+00  1.12748758E+00
   315  2.52000000E+02  1.12748758E+00  1.10649045E+00  1.12748758E+00
   316  2.52800000E+02  1.12748757E+00  1.10800610E+00  1.12748757E+00
   317  2.53600000E+02  1.12748757E+00  1.10946498E+00  1.12748757E+00
   318  2.54400000E+02  1.12748756E+00  1.11086448E+00  1.12748756E+00
   319  2.55200000E+02  1.12748756E+00  1.11220225E+00  1.12748756E+00
   320  2.56000000E+02  1.12748756E+00  1.11347618E+00  1.12748756E+00
   321  2.56800000E+02  1.12748756E+00  1.11468447E+00  1.12748756E+00
   322  2.57600000E+02  1.12748755E+00  1.11582566E+00  1.12748755E+00
   323  2.58400000E+02  1.12748755E+00  1.11689868E+00  1.12748755E+00
   324  2.59200000E+02  1.12748755E+00  1.11790287E+00  1.12748755E+00
   325  2.60000000E+02  1.12748755E+00  1.11883802E+00  1.12748755E+00
   326  2.60800000E+02  1.12748754E+00  1.11970440E+00  1.12748754E+00
   327  2.61600000E+02  1.12748754E+00  1.12050278E+00  1.12748754E+00
   328  2.62400000E+02  1.12748754E+00  1.12123444E+00  1.12748754E+00
   329  2.63200000E+02  1.12748754E+00  1.12190117E+00  1.12748754E+00
   330  2.64000000E+02  1.12748754E+00  1.12250529E+00  1.12748754E+00
   331  2.64800000E+02  1.12748754E+00  1.12304955E+00  1.12748754E+00
   332  2.65600000E+02  1.12748753E+00  1.12353715E+00  1.12748753E+00
   333  2.66400000E+02  1.12748753E+00  1.12397167E+00  1.12748753E+00
   334  2.67200000E+02  1.12748753E+00  1.12435697E+00  1.12748753E+00
   335  2.68000000E+02  1.12748753E+00  1.12469713E+00  1.12748753E+00
   336  2.68800000E+02  1.12748753E+00  1.12499637E+00  1.12748753E+00
   337  2.69600000E+02  1.12748753E+00  1.12525892E+00  1.12748753E+00
   338  2.70400000E+02  1.12748753E+00  1.12548897E+00  1.12748753E+00
   339  2.71200000E+02  1.12748753E+00  1.12569055E+00  1.12748753E+00
   340  2.72000000E+02  1.12748753E+00  1.12586746E+00  1.12748753E+00
   341  2.72800000E+02  1.12748753E+00  1.12602321E+00  1.12748753E+00
   342  2.73600000E+02  1.12748753E+00  1.12616095E+00  1.12748753E+00
   343  2.74400000E+02  1.12748753E+00  1.12628346E+00  1.12748753E+00
   344  2.75200000E+02  1.12748752E+00  1.12639313E+00  1.12748752E+00
   345  2.76000000E+02  1.12748752E+00  1.12649194E+00  1.12748752E+00
   346  2.76800000E+02  1.12748752E+00  1.12658149E+00  1.12748752E+00
   347  2.77600000E+02  1.12748752E+00  1.12666308E+00  1.12748752E+00
   348  2.78400000E+02  1.12748752E+00  1.12673766E+00  1.12748752E+00
   349  2.79200000E+02  1.12748752E+00  1.12680595E+00  1.12748752E+00
   350  2.80000000E+02  1.12748752E+00  1.12686848E+00  1.12748752E+00
   351  2.80800000E+02  1.12748752E+00  1.12692563E+00  1.12748752E+00
   352  2.81600000E+02  1.12748752E+00  1.12697768E+00  1.12748752E+00
   353  2.82400000E+02  1.12748752E+00  1.12702484E+00  1.12748752E+00
   354  2.83200000E+02  1.12748752E+00  1.12706731E+00  1.12748752E+00
   355  2.84000000E+02  1.12748752E+00  1.12710531E+00  1.12748752E+00
   356  2.84800000E+02  1.12748752E+00  1.12713904E+00  1.12748752E+00
   357  2.85600000E+02  1.12748752E+00  1.12716876E+00  1.12748752E+00
   358  2.86400000E+02  1.12748752E+00  1.12719474E+00  1.12748752E+00
   359  2.87200000E+02  1.12748752E+00  1.12721728E+00  1.12748752E+00
   360  2.88000000E+02  1.12748752E+00  1.12723670E+00  1.12748752E+00
   361  2.88800000E+02  1.12748752E+00  1.12725332E+00  1.12748752E+00
   362  2.89600000E+02  1.12748752E+00  1.12726747E+00  1.12748752E+00
   363  2.90400000E+02  1.12748752E+00  1.12727944E+00  1.12748752E+00
   364  2.91200000E+02  1.12748752E+00  1.12728952E+00  1.12748752E+00
   365  2.92000000E+02  1.12748752E+00  1.12729797E+00  1.12748752E+00
   366  2.92800000E+02  1.12748752E+00  1.12730503E+00  1.12748752E+00
   367  2.93600000E+02  1.12748752E+00  1.12731089E+00  1.12748752E+00
   368  2.94400000E+02  1.12748752E+00  1.12731573E+00  1.12748752E+00
   369  2.95200000E+02  1.12748752E+00  1.12731969E+00  1.12748752E+00
   370  2.96000000E+02  1.12748752E+00  1.12732291E+00  1.12748752E+00
   371  2.96800000E+02  1.12748752E+00  1.12732549E+00  1.12748752E+00
   372  2.97600000E+02  1.12748752E+00  1.12732752E+00  1.12748752E+00
   373  2.98400000E+02  1.12748752E+00  1.12732908E+00  1.12748752E+00
   374  2.99200000E+02  1.12748752E+00  1.12733025E+00  1.12748752E+00
 steady-height stop at step    374: changes <=   1.0000E-05, max-end <=   1.0000E-02, max/end/gap/profile_change =   1.12748752E+00  1.12733025E+00  1.57265033E-04  1.16844025E-06


STDERR:
