COMMAND:
/shared/swell_inference/datas/generate_rom_data/extrudate_swell2d_c_cluster

STDOUT:
 comppar: model =   3
 comppar: lambda,mobility/eps,betav,eta_0 =  2.8000E+00  1.0000E-01  3.0000E-01  1.0000E+00
 comppar: eta_s,eta_p,G =  3.0000E-01  7.0000E-01  2.5000E-01
 comppar: U_avg,deltat,flowrate,nsteps =  2.5000E-02  8.0000E-01  7.8540E-02     700
 comppar: geometry = axisymmetric
 comppar: steady stop change,gap,hold,min =  1.0000E-05  1.0000E-02      10      80
 comppar: ncompc,ncompg =     4     5
 mesh nnodes = 5765
 mesh nelem = 2780
 P1 BC   5.0000000000000000     
 P2 BC   0.0000000000000000     
     1  8.00000000E-01  1.00252925E+00  1.00000000E+00  1.00252925E+00
     2  1.60000000E+00  1.00499734E+00  1.00000000E+00  1.00499734E+00
     3  2.40000000E+00  1.00738692E+00  1.00000000E+00  1.00738692E+00
     4  3.20000000E+00  1.00972293E+00  1.00000000E+00  1.00972293E+00
     5  4.00000000E+00  1.01201308E+00  1.00000000E+00  1.01201308E+00
     6  4.80000000E+00  1.01426327E+00  1.00000000E+00  1.01426327E+00
     7  5.60000000E+00  1.01649034E+00  1.00000000E+00  1.01649034E+00
     8  6.40000000E+00  1.01867978E+00  1.00000000E+00  1.01867978E+00
     9  7.20000000E+00  1.02084534E+00  1.00000000E+00  1.02084534E+00
    10  8.00000000E+00  1.02298411E+00  1.00000000E+00  1.02298411E+00
    11  8.80000000E+00  1.02509226E+00  1.00000001E+00  1.02509226E+00
    12  9.60000000E+00  1.02717617E+00  1.00000001E+00  1.02717617E+00
    13  1.04000000E+01  1.02923392E+00  1.00000001E+00  1.02923392E+00
    14  1.12000000E+01  1.03126177E+00  1.00000001E+00  1.03126177E+00
    15  1.20000000E+01  1.03327018E+00  1.00000001E+00  1.03327018E+00
    16  1.28000000E+01  1.03522805E+00  1.00000001E+00  1.03522805E+00
    17  1.36000000E+01  1.03719533E+00  1.00000001E+00  1.03719533E+00
    18  1.44000000E+01  1.03910661E+00  1.00000001E+00  1.03910661E+00
    19  1.52000000E+01  1.04100911E+00  1.00000000E+00  1.04100911E+00
    20  1.60000000E+01  1.04287972E+00  1.00000000E+00  1.04287972E+00
    21  1.68000000E+01  1.04469409E+00  1.00000000E+00  1.04469409E+00
    22  1.76000000E+01  1.04653507E+00  1.00000000E+00  1.04653507E+00
    23  1.84000000E+01  1.04831559E+00  9.99999998E-01  1.04831559E+00
    24  1.92000000E+01  1.05006676E+00  9.99999995E-01  1.05006676E+00
    25  2.00000000E+01  1.05181893E+00  9.99999991E-01  1.05181893E+00
    26  2.08000000E+01  1.05350706E+00  9.99999987E-01  1.05350706E+00
    27  2.16000000E+01  1.05517171E+00  9.99999982E-01  1.05517171E+00
    28  2.24000000E+01  1.05684582E+00  9.99999977E-01  1.05684582E+00
    29  2.32000000E+01  1.05845344E+00  9.99999970E-01  1.05845344E+00
    30  2.40000000E+01  1.06004365E+00  9.99999963E-01  1.06004365E+00
    31  2.48000000E+01  1.06163895E+00  9.99999955E-01  1.06163895E+00
    32  2.56000000E+01  1.06316532E+00  9.99999945E-01  1.06316532E+00
    33  2.64000000E+01  1.06465498E+00  9.99999935E-01  1.06465498E+00
    34  2.72000000E+01  1.06618700E+00  9.99999923E-01  1.06618700E+00
    35  2.80000000E+01  1.06764868E+00  9.99999911E-01  1.06764868E+00
    36  2.88000000E+01  1.06903694E+00  9.99999896E-01  1.06903694E+00
    37  2.96000000E+01  1.07050398E+00  9.99999880E-01  1.07050398E+00
    38  3.04000000E+01  1.07190083E+00  9.99999863E-01  1.07190083E+00
    39  3.12000000E+01  1.07322295E+00  9.99999844E-01  1.07322295E+00
    40  3.20000000E+01  1.07455195E+00  9.99999823E-01  1.07455195E+00
    41  3.28000000E+01  1.07590434E+00  9.99999800E-01  1.07590434E+00
    42  3.36000000E+01  1.07718163E+00  9.99999775E-01  1.07718163E+00
    43  3.44000000E+01  1.07838130E+00  9.99999747E-01  1.07838130E+00
    44  3.52000000E+01  1.07967310E+00  9.99999718E-01  1.07967310E+00
    45  3.60000000E+01  1.08090554E+00  9.99999685E-01  1.08090554E+00
    46  3.68000000E+01  1.08206000E+00  9.99999650E-01  1.08206000E+00
    47  3.76000000E+01  1.08315303E+00  9.99999613E-01  1.08315303E+00
    48  3.84000000E+01  1.08436519E+00  9.99999572E-01  1.08436519E+00
    49  3.92000000E+01  1.08549981E+00  9.99999528E-01  1.08549981E+00
    50  4.00000000E+01  1.08655491E+00  9.99999480E-01  1.08655491E+00
    51  4.08000000E+01  1.08757988E+00  9.99999429E-01  1.08757988E+00
    52  4.16000000E+01  1.08869437E+00  9.99999374E-01  1.08869437E+00
    53  4.24000000E+01  1.08972966E+00  9.99999314E-01  1.08972966E+00
    54  4.32000000E+01  1.09068428E+00  9.99999251E-01  1.09068428E+00
    55  4.40000000E+01  1.09158481E+00  9.99999183E-01  1.09158481E+00
    56  4.48000000E+01  1.09262347E+00  9.99999110E-01  1.09262347E+00
    57  4.56000000E+01  1.09358229E+00  9.99999032E-01  1.09358229E+00
    58  4.64000000E+01  1.09446033E+00  9.99998948E-01  1.09446033E+00
    59  4.72000000E+01  1.09525726E+00  9.99998859E-01  1.09525726E+00
    60  4.80000000E+01  1.09621862E+00  9.99998764E-01  1.09621862E+00
    61  4.88000000E+01  1.09710024E+00  9.99998663E-01  1.09710024E+00
    62  4.96000000E+01  1.09790108E+00  9.99998555E-01  1.09790108E+00
    63  5.04000000E+01  1.09862145E+00  9.99998440E-01  1.09862145E+00
    64  5.12000000E+01  1.09946607E+00  9.99998318E-01  1.09946607E+00
    65  5.20000000E+01  1.10027387E+00  9.99998188E-01  1.10027387E+00
    66  5.28000000E+01  1.10100182E+00  9.99998050E-01  1.10100182E+00
    67  5.36000000E+01  1.10165106E+00  9.99997903E-01  1.10165106E+00
    68  5.44000000E+01  1.10241414E+00  9.99997747E-01  1.10241414E+00
    69  5.52000000E+01  1.10314760E+00  9.99997583E-01  1.10314760E+00
    70  5.60000000E+01  1.10380227E+00  9.99997408E-01  1.10380227E+00
    71  5.68000000E+01  1.10438013E+00  9.99997223E-01  1.10438013E+00
    72  5.76000000E+01  1.10505791E+00  9.99997027E-01  1.10505791E+00
    73  5.84000000E+01  1.10572015E+00  9.99996820E-01  1.10572015E+00
    74  5.92000000E+01  1.10630596E+00  9.99996601E-01  1.10630596E+00
    75  6.00000000E+01  1.10681825E+00  9.99996370E-01  1.10681825E+00
    76  6.08000000E+01  1.10743615E+00  9.99996126E-01  1.10743615E+00
    77  6.16000000E+01  1.10802688E+00  9.99995868E-01  1.10802688E+00
    78  6.24000000E+01  1.10854372E+00  9.99995597E-01  1.10854372E+00
    79  6.32000000E+01  1.10899050E+00  9.99995310E-01  1.10899050E+00
    80  6.40000000E+01  1.10955175E+00  9.99995008E-01  1.10955175E+00
    81  6.48000000E+01  1.11007645E+00  9.99994690E-01  1.11007645E+00
    82  6.56000000E+01  1.11053109E+00  9.99994356E-01  1.11053109E+00
    83  6.64000000E+01  1.11092023E+00  9.99994003E-01  1.11092023E+00
    84  6.72000000E+01  1.11143618E+00  9.99993633E-01  1.11143618E+00
    85  6.80000000E+01  1.11189493E+00  9.99993244E-01  1.11189493E+00
    86  6.88000000E+01  1.11228769E+00  9.99992835E-01  1.11228769E+00
    87  6.96000000E+01  1.11263615E+00  9.99992406E-01  1.11263615E+00
    88  7.04000000E+01  1.11310268E+00  9.99991955E-01  1.11310268E+00
    89  7.12000000E+01  1.11350299E+00  9.99991482E-01  1.11350299E+00
    90  7.20000000E+01  1.11384213E+00  9.99990986E-01  1.11384213E+00
    91  7.28000000E+01  1.11416225E+00  9.99990467E-01  1.11416225E+00
    92  7.36000000E+01  1.11456634E+00  9.99989922E-01  1.11456634E+00
    93  7.44000000E+01  1.11490876E+00  9.99989352E-01  1.11490876E+00
    94  7.52000000E+01  1.11519519E+00  9.99988755E-01  1.11519519E+00
    95  7.60000000E+01  1.11550456E+00  9.99988130E-01  1.11550456E+00
    96  7.68000000E+01  1.11585415E+00  9.99987477E-01  1.11585415E+00
    97  7.76000000E+01  1.11614707E+00  9.99986794E-01  1.11614707E+00
    98  7.84000000E+01  1.11638911E+00  9.99986081E-01  1.11638911E+00
    99  7.92000000E+01  1.11667210E+00  9.99985336E-01  1.11667210E+00
   100  8.00000000E+01  1.11696807E+00  9.99984558E-01  1.11696807E+00
   101  8.08000000E+01  1.11721274E+00  9.99983746E-01  1.11721274E+00
   102  8.16000000E+01  1.11741217E+00  9.99982900E-01  1.11741217E+00
   103  8.24000000E+01  1.11769569E+00  9.99982017E-01  1.11769569E+00
   104  8.32000000E+01  1.11794622E+00  9.99981098E-01  1.11794622E+00
   105  8.40000000E+01  1.11815051E+00  9.99980140E-01  1.11815051E+00
   106  8.48000000E+01  1.11831533E+00  9.99979143E-01  1.11831533E+00
   107  8.56000000E+01  1.11856873E+00  9.99978105E-01  1.11856873E+00
   108  8.64000000E+01  1.11877548E+00  9.99977026E-01  1.11877548E+00
   109  8.72000000E+01  1.11894157E+00  9.99975904E-01  1.11894157E+00
   110  8.80000000E+01  1.11912140E+00  9.99974738E-01  1.11912140E+00
   111  8.88000000E+01  1.11933337E+00  9.99973527E-01  1.11933337E+00
   112  8.96000000E+01  1.11950363E+00  9.99972270E-01  1.11950363E+00
   113  9.04000000E+01  1.11963792E+00  9.99970966E-01  1.11963792E+00
   114  9.12000000E+01  1.11979772E+00  9.99969614E-01  1.11979772E+00
   115  9.20000000E+01  1.11997029E+00  9.99968212E-01  1.11997029E+00
   116  9.28000000E+01  1.12010660E+00  9.99966760E-01  1.12010660E+00
   117  9.36000000E+01  1.12021218E+00  9.99965257E-01  1.12021218E+00
   118  9.44000000E+01  1.12038931E+00  9.99963701E-01  1.12038931E+00
   119  9.52000000E+01  1.12052910E+00  9.99962092E-01  1.12052910E+00
   120  9.60000000E+01  1.12063711E+00  9.99960429E-01  1.12063711E+00
   121  9.68000000E+01  1.12072928E+00  9.99958711E-01  1.12072928E+00
   122  9.76000000E+01  1.12087127E+00  9.99956938E-01  1.12087127E+00
   123  9.84000000E+01  1.12098119E+00  9.99955109E-01  1.12098119E+00
   124  9.92000000E+01  1.12106427E+00  9.99953222E-01  1.12106427E+00
   125  1.00000000E+02  1.12118170E+00  9.99951278E-01  1.12118170E+00
   126  1.00800000E+02  1.12129445E+00  9.99949277E-01  1.12129445E+00
   127  1.01600000E+02  1.12137939E+00  9.99947217E-01  1.12137939E+00
   128  1.02400000E+02  1.12144139E+00  9.99945099E-01  1.12144139E+00
   129  1.03200000E+02  1.12154009E+00  9.99942924E-01  1.12154009E+00
   130  1.04000000E+02  1.12162682E+00  9.99940690E-01  1.12162682E+00
   131  1.04800000E+02  1.12169040E+00  9.99938398E-01  1.12169040E+00
   132  1.05600000E+02  1.12176694E+00  9.99936049E-01  1.12176694E+00
   133  1.06400000E+02  1.12185588E+00  9.99933643E-01  1.12185588E+00
   134  1.07200000E+02  1.12192076E+00  9.99931181E-01  1.12192076E+00
   135  1.08000000E+02  1.12196612E+00  9.99928665E-01  1.12196612E+00
   136  1.08800000E+02  1.12202803E+00  9.99926095E-01  1.12202803E+00
   137  1.09600000E+02  1.12209457E+00  9.99923473E-01  1.12209457E+00
   138  1.10400000E+02  1.12214140E+00  9.99920802E-01  1.12214140E+00
   139  1.11200000E+02  1.12219146E+00  9.99918082E-01  1.12219146E+00
   140  1.12000000E+02  1.12225963E+00  9.99915317E-01  1.12225963E+00
   141  1.12800000E+02  1.12230726E+00  9.99912509E-01  1.12230726E+00
   142  1.13600000E+02  1.12233854E+00  9.99909662E-01  1.12233854E+00
   143  1.14400000E+02  1.12237640E+00  9.99906779E-01  1.12237640E+00
   144  1.15200000E+02  1.12242556E+00  9.99903864E-01  1.12242556E+00
   145  1.16000000E+02  1.12245818E+00  9.99900922E-01  1.12245818E+00
   146  1.16800000E+02  1.12249235E+00  9.99897957E-01  1.12249235E+00
   147  1.17600000E+02  1.12254260E+00  9.99894975E-01  1.12254260E+00
   148  1.18400000E+02  1.12257558E+00  9.99891982E-01  1.12257558E+00
   149  1.19200000E+02  1.12259513E+00  9.99888985E-01  1.12259513E+00
   150  1.20000000E+02  1.12261846E+00  9.99885991E-01  1.12261846E+00
   151  1.20800000E+02  1.12265283E+00  9.99883007E-01  1.12265283E+00
   152  1.21600000E+02  1.12267360E+00  9.99880044E-01  1.12267360E+00
   153  1.22400000E+02  1.12269933E+00  9.99877109E-01  1.12269933E+00
   154  1.23200000E+02  1.12273430E+00  9.99874213E-01  1.12273430E+00
   155  1.24000000E+02  1.12275501E+00  9.99871367E-01  1.12275501E+00
   156  1.24800000E+02  1.12276497E+00  9.99868584E-01  1.12276497E+00
   157  1.25600000E+02  1.12278052E+00  9.99865876E-01  1.12278052E+00
   158  1.26400000E+02  1.12280249E+00  9.99863256E-01  1.12280249E+00
   159  1.27200000E+02  1.12281354E+00  9.99860741E-01  1.12281354E+00
   160  1.28000000E+02  1.12283603E+00  9.99858346E-01  1.12283603E+00
   161  1.28800000E+02  1.12285815E+00  9.99856088E-01  1.12285815E+00
   162  1.29600000E+02  1.12286879E+00  9.99853986E-01  1.12286879E+00
   163  1.30400000E+02  1.12287110E+00  9.99852059E-01  1.12287110E+00
   164  1.31200000E+02  1.12288339E+00  9.99850330E-01  1.12288339E+00
   165  1.32000000E+02  1.12289515E+00  9.99848822E-01  1.12289515E+00
   166  1.32800000E+02  1.12289842E+00  9.99847557E-01  1.12289842E+00
   167  1.33600000E+02  1.12292086E+00  9.99846564E-01  1.12292086E+00
   168  1.34400000E+02  1.12293237E+00  9.99845869E-01  1.12293237E+00
   169  1.35200000E+02  1.12293493E+00  9.99845502E-01  1.12293493E+00
   170  1.36000000E+02  1.12293131E+00  9.99845496E-01  1.12293131E+00
   171  1.36800000E+02  1.12294320E+00  9.99845883E-01  1.12294320E+00
   172  1.37600000E+02  1.12294674E+00  9.99846699E-01  1.12294674E+00
   173  1.38400000E+02  1.12295547E+00  9.99847984E-01  1.12295547E+00
   174  1.39200000E+02  1.12296808E+00  9.99849777E-01  1.12296808E+00
   175  1.40000000E+02  1.12297103E+00  9.99852121E-01  1.12297103E+00
   176  1.40800000E+02  1.12296728E+00  9.99855062E-01  1.12296728E+00
   177  1.41600000E+02  1.12296832E+00  9.99858648E-01  1.12296832E+00
   178  1.42400000E+02  1.12297228E+00  9.99862930E-01  1.12297228E+00
   179  1.43200000E+02  1.12297113E+00  9.99867962E-01  1.12297113E+00
   180  1.44000000E+02  1.12298506E+00  9.99873802E-01  1.12298506E+00
   181  1.44800000E+02  1.12298858E+00  9.99880511E-01  1.12298858E+00
   182  1.45600000E+02  1.12298480E+00  9.99888151E-01  1.12298480E+00
   183  1.46400000E+02  1.12297834E+00  9.99896792E-01  1.12297834E+00
   184  1.47200000E+02  1.12298290E+00  9.99906504E-01  1.12298290E+00
   185  1.48000000E+02  1.12298001E+00  9.99917363E-01  1.12298001E+00
   186  1.48800000E+02  1.12298995E+00  9.99929450E-01  1.12298995E+00
   187  1.49600000E+02  1.12299423E+00  9.99942847E-01  1.12299423E+00
   188  1.50400000E+02  1.12299056E+00  9.99957643E-01  1.12299056E+00
   189  1.51200000E+02  1.12298171E+00  9.99973932E-01  1.12298171E+00
   190  1.52000000E+02  1.12298430E+00  9.99991812E-01  1.12298430E+00
   191  1.52800000E+02  1.12298154E+00  1.00001139E+00  1.12298154E+00
   192  1.53600000E+02  1.12298761E+00  1.00003277E+00  1.12298761E+00
   193  1.54400000E+02  1.12299285E+00  1.00005606E+00  1.12299285E+00
   194  1.55200000E+02  1.12298943E+00  1.00008139E+00  1.12298943E+00
   195  1.56000000E+02  1.12298029E+00  1.00010889E+00  1.12298029E+00
   196  1.56800000E+02  1.12298048E+00  1.00013869E+00  1.12298048E+00
   197  1.57600000E+02  1.12297800E+00  1.00017092E+00  1.12297800E+00
   198  1.58400000E+02  1.12298130E+00  1.00020573E+00  1.12298130E+00
   199  1.59200000E+02  1.12298773E+00  1.00024327E+00  1.12298773E+00
   200  1.60000000E+02  1.12298473E+00  1.00028372E+00  1.12298473E+00
   201  1.60800000E+02  1.12297541E+00  1.00032722E+00  1.12297541E+00
   202  1.61600000E+02  1.12297420E+00  1.00037396E+00  1.12297420E+00
   203  1.62400000E+02  1.12297309E+00  1.00042413E+00  1.12297309E+00
   204  1.63200000E+02  1.12297467E+00  1.00047791E+00  1.12297467E+00
   205  1.64000000E+02  1.12298110E+00  1.00053551E+00  1.12298110E+00
   206  1.64800000E+02  1.12297871E+00  1.00059713E+00  1.12297871E+00
   207  1.65600000E+02  1.12297771E+00  1.00066301E+00  1.12297771E+00
   208  1.66400000E+02  1.12297904E+00  1.00073335E+00  1.12297904E+00
   209  1.67200000E+02  1.12298007E+00  1.00080842E+00  1.12298007E+00
   210  1.68000000E+02  1.12298089E+00  1.00088845E+00  1.12298089E+00
   211  1.68800000E+02  1.12298158E+00  1.00097371E+00  1.12298158E+00
   212  1.69600000E+02  1.12298218E+00  1.00106447E+00  1.12298218E+00
   213  1.70400000E+02  1.12298274E+00  1.00116101E+00  1.12298274E+00
   214  1.71200000E+02  1.12298327E+00  1.00126363E+00  1.12298327E+00
   215  1.72000000E+02  1.12298378E+00  1.00137264E+00  1.12298378E+00
   216  1.72800000E+02  1.12298425E+00  1.00148835E+00  1.12298425E+00
   217  1.73600000E+02  1.12298470E+00  1.00161111E+00  1.12298470E+00
   218  1.74400000E+02  1.12298509E+00  1.00174124E+00  1.12298509E+00
   219  1.75200000E+02  1.12298543E+00  1.00187913E+00  1.12298543E+00
   220  1.76000000E+02  1.12298569E+00  1.00202512E+00  1.12298569E+00
   221  1.76800000E+02  1.12298589E+00  1.00217963E+00  1.12298589E+00
   222  1.77600000E+02  1.12298601E+00  1.00234303E+00  1.12298601E+00
   223  1.78400000E+02  1.12298606E+00  1.00251576E+00  1.12298606E+00
   224  1.79200000E+02  1.12298605E+00  1.00269824E+00  1.12298605E+00
   225  1.80000000E+02  1.12298607E+00  1.00289091E+00  1.12298607E+00
   226  1.80800000E+02  1.12298613E+00  1.00309423E+00  1.12298613E+00
   227  1.81600000E+02  1.12298612E+00  1.00330869E+00  1.12298612E+00
   228  1.82400000E+02  1.12298605E+00  1.00353478E+00  1.12298605E+00
   229  1.83200000E+02  1.12298593E+00  1.00377299E+00  1.12298593E+00
   230  1.84000000E+02  1.12298577E+00  1.00402385E+00  1.12298577E+00
   231  1.84800000E+02  1.12298558E+00  1.00428791E+00  1.12298558E+00
   232  1.85600000E+02  1.12298537E+00  1.00456572E+00  1.12298537E+00
   233  1.86400000E+02  1.12298514E+00  1.00485784E+00  1.12298514E+00
   234  1.87200000E+02  1.12298490E+00  1.00516487E+00  1.12298490E+00
   235  1.88000000E+02  1.12298465E+00  1.00548741E+00  1.12298465E+00
   236  1.88800000E+02  1.12298439E+00  1.00582607E+00  1.12298439E+00
   237  1.89600000E+02  1.12298413E+00  1.00618150E+00  1.12298413E+00
   238  1.90400000E+02  1.12298387E+00  1.00655433E+00  1.12298387E+00
   239  1.91200000E+02  1.12298361E+00  1.00694523E+00  1.12298361E+00
   240  1.92000000E+02  1.12298334E+00  1.00735488E+00  1.12298334E+00
   241  1.92800000E+02  1.12298307E+00  1.00778397E+00  1.12298307E+00
   242  1.93600000E+02  1.12298281E+00  1.00823320E+00  1.12298281E+00
   243  1.94400000E+02  1.12298254E+00  1.00870328E+00  1.12298254E+00
   244  1.95200000E+02  1.12298228E+00  1.00919495E+00  1.12298228E+00
   245  1.96000000E+02  1.12298202E+00  1.00970893E+00  1.12298202E+00
   246  1.96800000E+02  1.12298176E+00  1.01024598E+00  1.12298176E+00
   247  1.97600000E+02  1.12298151E+00  1.01080684E+00  1.12298151E+00
   248  1.98400000E+02  1.12298126E+00  1.01139228E+00  1.12298126E+00
   249  1.99200000E+02  1.12298102E+00  1.01200306E+00  1.12298102E+00
   250  2.00000000E+02  1.12298079E+00  1.01263994E+00  1.12298079E+00
   251  2.00800000E+02  1.12298056E+00  1.01330370E+00  1.12298056E+00
   252  2.01600000E+02  1.12298034E+00  1.01399509E+00  1.12298034E+00
   253  2.02400000E+02  1.12298013E+00  1.01471488E+00  1.12298013E+00
   254  2.03200000E+02  1.12297992E+00  1.01546381E+00  1.12297992E+00
   255  2.04000000E+02  1.12297972E+00  1.01624265E+00  1.12297972E+00
   256  2.04800000E+02  1.12297953E+00  1.01705211E+00  1.12297953E+00
   257  2.05600000E+02  1.12297935E+00  1.01789291E+00  1.12297935E+00
   258  2.06400000E+02  1.12297917E+00  1.01876576E+00  1.12297917E+00
   259  2.07200000E+02  1.12297901E+00  1.01967132E+00  1.12297901E+00
   260  2.08000000E+02  1.12297885E+00  1.02061025E+00  1.12297885E+00
   261  2.08800000E+02  1.12297869E+00  1.02158317E+00  1.12297869E+00
   262  2.09600000E+02  1.12297854E+00  1.02259065E+00  1.12297854E+00
   263  2.10400000E+02  1.12297840E+00  1.02363325E+00  1.12297840E+00
   264  2.11200000E+02  1.12297827E+00  1.02471148E+00  1.12297827E+00
   265  2.12000000E+02  1.12297814E+00  1.02582579E+00  1.12297814E+00
   266  2.12800000E+02  1.12298077E+00  1.02697658E+00  1.12298077E+00
   267  2.13600000E+02  1.12298152E+00  1.02816421E+00  1.12298152E+00
   268  2.14400000E+02  1.12297780E+00  1.02938897E+00  1.12297780E+00
   269  2.15200000E+02  1.12297769E+00  1.03065108E+00  1.12297769E+00
   270  2.16000000E+02  1.12297759E+00  1.03195068E+00  1.12297759E+00
   271  2.16800000E+02  1.12297750E+00  1.03328784E+00  1.12297750E+00
   272  2.17600000E+02  1.12298633E+00  1.03466257E+00  1.12298633E+00
   273  2.18400000E+02  1.12298948E+00  1.03607474E+00  1.12298948E+00
   274  2.19200000E+02  1.12297950E+00  1.03752418E+00  1.12297950E+00
   275  2.20000000E+02  1.12297843E+00  1.03901058E+00  1.12297843E+00
   276  2.20800000E+02  1.12298293E+00  1.04053354E+00  1.12298293E+00
   277  2.21600000E+02  1.12297703E+00  1.04209256E+00  1.12297703E+00
   278  2.22400000E+02  1.12299201E+00  1.04368701E+00  1.12299201E+00
   279  2.23200000E+02  1.12299786E+00  1.04531615E+00  1.12299786E+00
   280  2.24000000E+02  1.12298949E+00  1.04697909E+00  1.12298949E+00
   281  2.24800000E+02  1.12298413E+00  1.04867486E+00  1.12298413E+00
   282  2.25600000E+02  1.12299142E+00  1.05040231E+00  1.12299142E+00
   283  2.26400000E+02  1.12298416E+00  1.05216019E+00  1.12298416E+00
   284  2.27200000E+02  1.12299757E+00  1.05394709E+00  1.12299757E+00
   285  2.28000000E+02  1.12300643E+00  1.05576147E+00  1.12300643E+00
   286  2.28800000E+02  1.12299996E+00  1.05760166E+00  1.12299996E+00
   287  2.29600000E+02  1.12298965E+00  1.05946584E+00  1.12298965E+00
   288  2.30400000E+02  1.12300003E+00  1.06135204E+00  1.12300003E+00
   289  2.31200000E+02  1.12299474E+00  1.06325816E+00  1.12299474E+00
   290  2.32000000E+02  1.12300283E+00  1.06518198E+00  1.12300283E+00
   291  2.32800000E+02  1.12301502E+00  1.06712112E+00  1.12301502E+00
   292  2.33600000E+02  1.12301073E+00  1.06907306E+00  1.12301073E+00
   293  2.34400000E+02  1.12299479E+00  1.07103519E+00  1.12299479E+00
   294  2.35200000E+02  1.12300859E+00  1.07300473E+00  1.12300859E+00
   295  2.36000000E+02  1.12300556E+00  1.07497882E+00  1.12300556E+00
   296  2.36800000E+02  1.12300762E+00  1.07695445E+00  1.12300762E+00
   297  2.37600000E+02  1.12302346E+00  1.07892853E+00  1.12302346E+00
   298  2.38400000E+02  1.12302163E+00  1.08089787E+00  1.12302163E+00
   299  2.39200000E+02  1.12300662E+00  1.08285917E+00  1.12300662E+00
   300  2.40000000E+02  1.12301694E+00  1.08480907E+00  1.12301694E+00
   301  2.40800000E+02  1.12301645E+00  1.08674412E+00  1.12301645E+00
   302  2.41600000E+02  1.12301177E+00  1.08866083E+00  1.12301177E+00
   303  2.42400000E+02  1.12303158E+00  1.09055565E+00  1.12303158E+00
   304  2.43200000E+02  1.12303253E+00  1.09242498E+00  1.12303253E+00
   305  2.44000000E+02  1.12301919E+00  1.09426524E+00  1.12301919E+00
   306  2.44800000E+02  1.12302492E+00  1.09607281E+00  1.12302492E+00
   307  2.45600000E+02  1.12302729E+00  1.09784408E+00  1.12302729E+00
   308  2.46400000E+02  1.12301514E+00  1.09957548E+00  1.12301514E+00
   309  2.47200000E+02  1.12303925E+00  1.10126348E+00  1.12303925E+00
   310  2.48000000E+02  1.12304328E+00  1.10290462E+00  1.12304328E+00
   311  2.48800000E+02  1.12303189E+00  1.10449550E+00  1.12303189E+00
   312  2.49600000E+02  1.12303240E+00  1.10603286E+00  1.12303240E+00
   313  2.50400000E+02  1.12303794E+00  1.10751354E+00  1.12303794E+00
   314  2.51200000E+02  1.12302772E+00  1.10893456E+00  1.12302772E+00
   315  2.52000000E+02  1.12304634E+00  1.11029310E+00  1.12304634E+00
   316  2.52800000E+02  1.12305375E+00  1.11158656E+00  1.12305375E+00
   317  2.53600000E+02  1.12304460E+00  1.11281259E+00  1.12304460E+00
   318  2.54400000E+02  1.12303925E+00  1.11396910E+00  1.12303925E+00
   319  2.55200000E+02  1.12304827E+00  1.11505432E+00  1.12304827E+00
   320  2.56000000E+02  1.12304037E+00  1.11606684E+00  1.12304037E+00
   321  2.56800000E+02  1.12305272E+00  1.11700563E+00  1.12305272E+00
   322  2.57600000E+02  1.12306385E+00  1.11787010E+00  1.12306385E+00
   323  2.58400000E+02  1.12305722E+00  1.11866012E+00  1.12305722E+00
   324  2.59200000E+02  1.12304534E+00  1.11937607E+00  1.12304534E+00
   325  2.60000000E+02  1.12305818E+00  1.12001887E+00  1.12305818E+00
   326  2.60800000E+02  1.12305289E+00  1.12058999E+00  1.12305289E+00
   327  2.61600000E+02  1.12305829E+00  1.12109146E+00  1.12305829E+00
   328  2.62400000E+02  1.12307345E+00  1.12152588E+00  1.12307345E+00
   329  2.63200000E+02  1.12306966E+00  1.12189642E+00  1.12306966E+00
   330  2.64000000E+02  1.12305153E+00  1.12220675E+00  1.12305153E+00
   331  2.64800000E+02  1.12306771E+00  1.12246103E+00  1.12306771E+00
   332  2.65600000E+02  1.12306539E+00  1.12266380E+00  1.12306539E+00
   333  2.66400000E+02  1.12306331E+00  1.12281997E+00  1.12306331E+00
   334  2.67200000E+02  1.12308287E+00  1.12293465E+00  1.12308287E+00
   335  2.68000000E+02  1.12308224E+00  1.12301311E+00  1.12308224E+00
   336  2.68800000E+02  1.12306614E+00  1.12306064E+00  1.12306614E+00
   337  2.69600000E+02  1.12308246E+00  1.12308246E+00  1.12308246E+00
   338  2.70400000E+02  1.12308359E+00  1.12308359E+00  1.12308359E+00
   339  2.71200000E+02  1.12306876E+00  1.12306876E+00  1.12306876E+00
   340  2.72000000E+02  1.12304234E+00  1.12304234E+00  1.12304234E+00
   341  2.72800000E+02  1.12300827E+00  1.12300827E+00  1.12300827E+00
   342  2.73600000E+02  1.12297599E+00  1.12296996E+00  1.12297599E+00
   343  2.74400000E+02  1.12297599E+00  1.12293034E+00  1.12297599E+00
   344  2.75200000E+02  1.12297599E+00  1.12289174E+00  1.12297599E+00
   345  2.76000000E+02  1.12297599E+00  1.12285601E+00  1.12297599E+00
   346  2.76800000E+02  1.12297599E+00  1.12282447E+00  1.12297599E+00
   347  2.77600000E+02  1.12297599E+00  1.12279796E+00  1.12297599E+00
   348  2.78400000E+02  1.12297599E+00  1.12277692E+00  1.12297599E+00
   349  2.79200000E+02  1.12297599E+00  1.12276143E+00  1.12297599E+00
   350  2.80000000E+02  1.12297599E+00  1.12275127E+00  1.12297599E+00
   351  2.80800000E+02  1.12297599E+00  1.12274601E+00  1.12297599E+00
   352  2.81600000E+02  1.12297598E+00  1.12274505E+00  1.12297598E+00
   353  2.82400000E+02  1.12297598E+00  1.12274770E+00  1.12297598E+00
   354  2.83200000E+02  1.12297598E+00  1.12275322E+00  1.12297598E+00
   355  2.84000000E+02  1.12297598E+00  1.12276086E+00  1.12297598E+00
   356  2.84800000E+02  1.12297598E+00  1.12276992E+00  1.12297598E+00
   357  2.85600000E+02  1.12297598E+00  1.12277977E+00  1.12297598E+00
   358  2.86400000E+02  1.12297598E+00  1.12278985E+00  1.12297598E+00
   359  2.87200000E+02  1.12297598E+00  1.12279969E+00  1.12297598E+00
   360  2.88000000E+02  1.12297598E+00  1.12280893E+00  1.12297598E+00
   361  2.88800000E+02  1.12297598E+00  1.12281731E+00  1.12297598E+00
   362  2.89600000E+02  1.12297598E+00  1.12282466E+00  1.12297598E+00
   363  2.90400000E+02  1.12297598E+00  1.12283087E+00  1.12297598E+00
   364  2.91200000E+02  1.12297598E+00  1.12283595E+00  1.12297598E+00
   365  2.92000000E+02  1.12297598E+00  1.12283991E+00  1.12297598E+00
   366  2.92800000E+02  1.12297598E+00  1.12284285E+00  1.12297598E+00
   367  2.93600000E+02  1.12297598E+00  1.12284488E+00  1.12297598E+00
   368  2.94400000E+02  1.12297598E+00  1.12284614E+00  1.12297598E+00
 steady-height stop at step    368: changes <=   1.0000E-05, max-end <=   1.0000E-02, max/end/gap/profile_change =   1.12297598E+00  1.12284614E+00  1.29838070E-04  1.26043705E-06


STDERR:
