COMMAND:
/shared/swell_inference/datas/generate_rom_data/extrudate_swell2d_c_cluster

STDOUT:
 comppar: model =   3
 comppar: lambda,mobility/eps,betav,eta_0 =  1.0000E+00  5.0000E-01  7.0000E-01  1.0000E+00
 comppar: eta_s,eta_p,G =  7.0000E-01  3.0000E-01  3.0000E-01
 comppar: U_avg,deltat,flowrate,nsteps =  2.5000E-02  8.0000E-01  7.8540E-02     700
 comppar: geometry = axisymmetric
 comppar: steady stop change,gap,hold,min =  1.0000E-05  1.0000E-02      10      80
 comppar: ncompc,ncompg =     4     5
 mesh nnodes = 5765
 mesh nelem = 2780
 P1 BC   5.0000000000000000     
 P2 BC   0.0000000000000000     
     1  8.00000000E-01  1.00253185E+00  1.00000000E+00  1.00253185E+00
     2  1.60000000E+00  1.00502351E+00  1.00000000E+00  1.00502351E+00
     3  2.40000000E+00  1.00746353E+00  1.00000000E+00  1.00746353E+00
     4  3.20000000E+00  1.00986112E+00  1.00000000E+00  1.00986112E+00
     5  4.00000000E+00  1.01222652E+00  1.00000000E+00  1.01222652E+00
     6  4.80000000E+00  1.01455870E+00  1.00000000E+00  1.01455870E+00
     7  5.60000000E+00  1.01685250E+00  1.00000000E+00  1.01685250E+00
     8  6.40000000E+00  1.01912417E+00  1.00000000E+00  1.01912417E+00
     9  7.20000000E+00  1.02135347E+00  1.00000000E+00  1.02135347E+00
    10  8.00000000E+00  1.02356055E+00  1.00000000E+00  1.02356055E+00
    11  8.80000000E+00  1.02572987E+00  1.00000000E+00  1.02572987E+00
    12  9.60000000E+00  1.02787348E+00  1.00000000E+00  1.02787348E+00
    13  1.04000000E+01  1.02997775E+00  1.00000000E+00  1.02997775E+00
    14  1.12000000E+01  1.03206515E+00  1.00000000E+00  1.03206515E+00
    15  1.20000000E+01  1.03410543E+00  1.00000000E+00  1.03410543E+00
    16  1.28000000E+01  1.03613862E+00  1.00000000E+00  1.03613862E+00
    17  1.36000000E+01  1.03811324E+00  1.00000000E+00  1.03811324E+00
    18  1.44000000E+01  1.04008928E+00  1.00000000E+00  1.04008928E+00
    19  1.52000000E+01  1.04201910E+00  1.00000000E+00  1.04201910E+00
    20  1.60000000E+01  1.04392095E+00  1.00000000E+00  1.04392095E+00
    21  1.68000000E+01  1.04580787E+00  9.99999999E-01  1.04580787E+00
    22  1.76000000E+01  1.04763200E+00  9.99999997E-01  1.04763200E+00
    23  1.84000000E+01  1.04947026E+00  9.99999994E-01  1.04947026E+00
    24  1.92000000E+01  1.05126423E+00  9.99999991E-01  1.05126423E+00
    25  2.00000000E+01  1.05300787E+00  9.99999988E-01  1.05300787E+00
    26  2.08000000E+01  1.05477310E+00  9.99999983E-01  1.05477310E+00
    27  2.16000000E+01  1.05647324E+00  9.99999978E-01  1.05647324E+00
    28  2.24000000E+01  1.05813221E+00  9.99999973E-01  1.05813221E+00
    29  2.32000000E+01  1.05981874E+00  9.99999966E-01  1.05981874E+00
    30  2.40000000E+01  1.06143820E+00  9.99999959E-01  1.06143820E+00
    31  2.48000000E+01  1.06302041E+00  9.99999950E-01  1.06302041E+00
    32  2.56000000E+01  1.06462817E+00  9.99999941E-01  1.06462817E+00
    33  2.64000000E+01  1.06616687E+00  9.99999930E-01  1.06616687E+00
    34  2.72000000E+01  1.06764143E+00  9.99999918E-01  1.06764143E+00
    35  2.80000000E+01  1.06918663E+00  9.99999905E-01  1.06918663E+00
    36  2.88000000E+01  1.07066173E+00  9.99999891E-01  1.07066173E+00
    37  2.96000000E+01  1.07206395E+00  9.99999875E-01  1.07206395E+00
    38  3.04000000E+01  1.07351548E+00  9.99999857E-01  1.07351548E+00
    39  3.12000000E+01  1.07492719E+00  9.99999838E-01  1.07492719E+00
    40  3.20000000E+01  1.07626503E+00  9.99999816E-01  1.07626503E+00
    41  3.28000000E+01  1.07757698E+00  9.99999793E-01  1.07757698E+00
    42  3.36000000E+01  1.07894593E+00  9.99999768E-01  1.07894593E+00
    43  3.44000000E+01  1.08024087E+00  9.99999740E-01  1.08024087E+00
    44  3.52000000E+01  1.08145952E+00  9.99999710E-01  1.08145952E+00
    45  3.60000000E+01  1.08273211E+00  9.99999677E-01  1.08273211E+00
    46  3.68000000E+01  1.08398421E+00  9.99999642E-01  1.08398421E+00
    47  3.76000000E+01  1.08515984E+00  9.99999604E-01  1.08515984E+00
    48  3.84000000E+01  1.08625712E+00  9.99999562E-01  1.08625712E+00
    49  3.92000000E+01  1.08745927E+00  9.99999518E-01  1.08745927E+00
    50  4.00000000E+01  1.08861703E+00  9.99999470E-01  1.08861703E+00
    51  4.08000000E+01  1.08969700E+00  9.99999418E-01  1.08969700E+00
    52  4.16000000E+01  1.09069769E+00  9.99999362E-01  1.09069769E+00
    53  4.24000000E+01  1.09182916E+00  9.99999303E-01  1.09182916E+00
    54  4.32000000E+01  1.09289131E+00  9.99999239E-01  1.09289131E+00
    55  4.40000000E+01  1.09387461E+00  9.99999170E-01  1.09387461E+00
    56  4.48000000E+01  1.09477801E+00  9.99999097E-01  1.09477801E+00
    57  4.56000000E+01  1.09580184E+00  9.99999018E-01  1.09580184E+00
    58  4.64000000E+01  1.09679093E+00  9.99998934E-01  1.09679093E+00
    59  4.72000000E+01  1.09770093E+00  9.99998845E-01  1.09770093E+00
    60  4.80000000E+01  1.09853125E+00  9.99998749E-01  1.09853125E+00
    61  4.88000000E+01  1.09944427E+00  9.99998647E-01  1.09944427E+00
    62  4.96000000E+01  1.10035959E+00  9.99998539E-01  1.10035959E+00
    63  5.04000000E+01  1.10119565E+00  9.99998424E-01  1.10119565E+00
    64  5.12000000E+01  1.10195237E+00  9.99998301E-01  1.10195237E+00
    65  5.20000000E+01  1.10274327E+00  9.99998171E-01  1.10274327E+00
    66  5.28000000E+01  1.10358782E+00  9.99998032E-01  1.10358782E+00
    67  5.36000000E+01  1.10435362E+00  9.99997885E-01  1.10435362E+00
    68  5.44000000E+01  1.10504125E+00  9.99997730E-01  1.10504125E+00
    69  5.52000000E+01  1.10574632E+00  9.99997565E-01  1.10574632E+00
    70  5.60000000E+01  1.10651948E+00  9.99997390E-01  1.10651948E+00
    71  5.68000000E+01  1.10721451E+00  9.99997205E-01  1.10721451E+00
    72  5.76000000E+01  1.10783263E+00  9.99997009E-01  1.10783263E+00
    73  5.84000000E+01  1.10844921E+00  9.99996802E-01  1.10844921E+00
    74  5.92000000E+01  1.10915324E+00  9.99996584E-01  1.10915324E+00
    75  6.00000000E+01  1.10978072E+00  9.99996353E-01  1.10978072E+00
    76  6.08000000E+01  1.11033354E+00  9.99996109E-01  1.11033354E+00
    77  6.16000000E+01  1.11089019E+00  9.99995852E-01  1.11089019E+00
    78  6.24000000E+01  1.11152463E+00  9.99995581E-01  1.11152463E+00
    79  6.32000000E+01  1.11208420E+00  9.99995296E-01  1.11208420E+00
    80  6.40000000E+01  1.11257154E+00  9.99994995E-01  1.11257154E+00
    81  6.48000000E+01  1.11306949E+00  9.99994678E-01  1.11306949E+00
    82  6.56000000E+01  1.11363827E+00  9.99994345E-01  1.11363827E+00
    83  6.64000000E+01  1.11413483E+00  9.99993995E-01  1.11413483E+00
    84  6.72000000E+01  1.11456239E+00  9.99993627E-01  1.11456239E+00
    85  6.80000000E+01  1.11501909E+00  9.99993240E-01  1.11501909E+00
    86  6.88000000E+01  1.11552201E+00  9.99992833E-01  1.11552201E+00
    87  6.96000000E+01  1.11595556E+00  9.99992407E-01  1.11595556E+00
    88  7.04000000E+01  1.11632361E+00  9.99991959E-01  1.11632361E+00
    89  7.12000000E+01  1.11674830E+00  9.99991489E-01  1.11674830E+00
    90  7.20000000E+01  1.11719081E+00  9.99990997E-01  1.11719081E+00
    91  7.28000000E+01  1.11756747E+00  9.99990482E-01  1.11756747E+00
    92  7.36000000E+01  1.11788262E+00  9.99989941E-01  1.11788262E+00
    93  7.44000000E+01  1.11827640E+00  9.99989376E-01  1.11827640E+00
    94  7.52000000E+01  1.11865869E+00  9.99988784E-01  1.11865869E+00
    95  7.60000000E+01  1.11897899E+00  9.99988165E-01  1.11897899E+00
    96  7.68000000E+01  1.11924213E+00  9.99987518E-01  1.11924213E+00
    97  7.76000000E+01  1.11962161E+00  9.99986842E-01  1.11962161E+00
    98  7.84000000E+01  1.11995012E+00  9.99986136E-01  1.11995012E+00
    99  7.92000000E+01  1.12022086E+00  9.99985398E-01  1.12022086E+00
   100  8.00000000E+01  1.12045922E+00  9.99984628E-01  1.12045922E+00
   101  8.08000000E+01  1.12079308E+00  9.99983826E-01  1.12079308E+00
   102  8.16000000E+01  1.12106862E+00  9.99982988E-01  1.12106862E+00
   103  8.24000000E+01  1.12129100E+00  9.99982116E-01  1.12129100E+00
   104  8.32000000E+01  1.12153500E+00  9.99981207E-01  1.12153500E+00
   105  8.40000000E+01  1.12181837E+00  9.99980260E-01  1.12181837E+00
   106  8.48000000E+01  1.12204786E+00  9.99979275E-01  1.12204786E+00
   107  8.56000000E+01  1.12222891E+00  9.99978251E-01  1.12222891E+00
   108  8.64000000E+01  1.12246030E+00  9.99977185E-01  1.12246030E+00
   109  8.72000000E+01  1.12269429E+00  9.99976077E-01  1.12269429E+00
   110  8.80000000E+01  1.12287924E+00  9.99974927E-01  1.12287924E+00
   111  8.88000000E+01  1.12302483E+00  9.99973732E-01  1.12302483E+00
   112  8.96000000E+01  1.12326624E+00  9.99972492E-01  1.12326624E+00
   113  9.04000000E+01  1.12345780E+00  9.99971206E-01  1.12345780E+00
   114  9.12000000E+01  1.12360517E+00  9.99969872E-01  1.12360517E+00
   115  9.20000000E+01  1.12374745E+00  9.99968490E-01  1.12374745E+00
   116  9.28000000E+01  1.12394320E+00  9.99967059E-01  1.12394320E+00
   117  9.36000000E+01  1.12409412E+00  9.99965577E-01  1.12409412E+00
   118  9.44000000E+01  1.12420609E+00  9.99964044E-01  1.12420609E+00
   119  9.52000000E+01  1.12437401E+00  9.99962459E-01  1.12437401E+00
   120  9.60000000E+01  1.12453103E+00  9.99960821E-01  1.12453103E+00
   121  9.68000000E+01  1.12464814E+00  9.99959129E-01  1.12464814E+00
   122  9.76000000E+01  1.12473123E+00  9.99957383E-01  1.12473123E+00
   123  9.84000000E+01  1.12488933E+00  9.99955581E-01  1.12488933E+00
   124  9.92000000E+01  1.12500966E+00  9.99953723E-01  1.12500966E+00
   125  1.00000000E+02  1.12509537E+00  9.99951809E-01  1.12509537E+00
   126  1.00800000E+02  1.12520998E+00  9.99949839E-01  1.12520998E+00
   127  1.01600000E+02  1.12533584E+00  9.99947811E-01  1.12533584E+00
   128  1.02400000E+02  1.12542608E+00  9.99945726E-01  1.12542608E+00
   129  1.03200000E+02  1.12548657E+00  9.99943584E-01  1.12548657E+00
   130  1.04000000E+02  1.12559526E+00  9.99941384E-01  1.12559526E+00
   131  1.04800000E+02  1.12568837E+00  9.99939128E-01  1.12568837E+00
   132  1.05600000E+02  1.12575115E+00  9.99936815E-01  1.12575115E+00
   133  1.06400000E+02  1.12583095E+00  9.99934446E-01  1.12583095E+00
   134  1.07200000E+02  1.12592897E+00  9.99932021E-01  1.12592897E+00
   135  1.08000000E+02  1.12599564E+00  9.99929542E-01  1.12599564E+00
   136  1.08800000E+02  1.12603672E+00  9.99927011E-01  1.12603672E+00
   137  1.09600000E+02  1.12611254E+00  9.99924427E-01  1.12611254E+00
   138  1.10400000E+02  1.12618173E+00  9.99921794E-01  1.12618173E+00
   139  1.11200000E+02  1.12622477E+00  9.99919113E-01  1.12622477E+00
   140  1.12000000E+02  1.12628382E+00  9.99916386E-01  1.12628382E+00
   141  1.12800000E+02  1.12635727E+00  9.99913616E-01  1.12635727E+00
   142  1.13600000E+02  1.12640352E+00  9.99910807E-01  1.12640352E+00
   143  1.14400000E+02  1.12642820E+00  9.99907960E-01  1.12642820E+00
   144  1.15200000E+02  1.12648345E+00  9.99905081E-01  1.12648345E+00
   145  1.16000000E+02  1.12653188E+00  9.99902174E-01  1.12653188E+00
   146  1.16800000E+02  1.12655821E+00  9.99899242E-01  1.12655821E+00
   147  1.17600000E+02  1.12660666E+00  9.99896291E-01  1.12660666E+00
   148  1.18400000E+02  1.12665867E+00  9.99893327E-01  1.12665867E+00
   149  1.19200000E+02  1.12668751E+00  9.99890356E-01  1.12668751E+00
   150  1.20000000E+02  1.12669861E+00  9.99887385E-01  1.12669861E+00
   151  1.20800000E+02  1.12674226E+00  9.99884421E-01  1.12674226E+00
   152  1.21600000E+02  1.12677295E+00  9.99881472E-01  1.12677295E+00
   153  1.22400000E+02  1.12678540E+00  9.99878547E-01  1.12678540E+00
   154  1.23200000E+02  1.12683012E+00  9.99875656E-01  1.12683012E+00
   155  1.24000000E+02  1.12686368E+00  9.99872809E-01  1.12686368E+00
   156  1.24800000E+02  1.12687796E+00  9.99870018E-01  1.12687796E+00
   157  1.25600000E+02  1.12688055E+00  9.99867294E-01  1.12688055E+00
   158  1.26400000E+02  1.12691616E+00  9.99864650E-01  1.12691616E+00
   159  1.27200000E+02  1.12693195E+00  9.99862102E-01  1.12693195E+00
   160  1.28000000E+02  1.12693969E+00  9.99859664E-01  1.12693969E+00
   161  1.28800000E+02  1.12697854E+00  9.99857352E-01  1.12697854E+00
   162  1.29600000E+02  1.12699651E+00  9.99855184E-01  1.12699651E+00
   163  1.30400000E+02  1.12699885E+00  9.99853179E-01  1.12699885E+00
   164  1.31200000E+02  1.12700706E+00  9.99851357E-01  1.12700706E+00
   165  1.32000000E+02  1.12702673E+00  9.99849739E-01  1.12702673E+00
   166  1.32800000E+02  1.12703029E+00  9.99848349E-01  1.12703029E+00
   167  1.33600000E+02  1.12704888E+00  9.99847211E-01  1.12704888E+00
   168  1.34400000E+02  1.12707109E+00  9.99846351E-01  1.12707109E+00
   169  1.35200000E+02  1.12707613E+00  9.99845797E-01  1.12707613E+00
   170  1.36000000E+02  1.12706898E+00  9.99845579E-01  1.12706898E+00
   171  1.36800000E+02  1.12708442E+00  9.99845729E-01  1.12708442E+00
   172  1.37600000E+02  1.12709085E+00  9.99846281E-01  1.12709085E+00
   173  1.38400000E+02  1.12708749E+00  9.99847270E-01  1.12708749E+00
   174  1.39200000E+02  1.12711447E+00  9.99848734E-01  1.12711447E+00
   175  1.40000000E+02  1.12712272E+00  9.99850715E-01  1.12712272E+00
   176  1.40800000E+02  1.12711733E+00  9.99853254E-01  1.12711733E+00
   177  1.41600000E+02  1.12711607E+00  9.99856398E-01  1.12711607E+00
   178  1.42400000E+02  1.12712587E+00  9.99860194E-01  1.12712587E+00
   179  1.43200000E+02  1.12712156E+00  9.99864695E-01  1.12712156E+00
   180  1.44000000E+02  1.12713621E+00  9.99869953E-01  1.12713621E+00
   181  1.44800000E+02  1.12714818E+00  9.99876025E-01  1.12714818E+00
   182  1.45600000E+02  1.12714502E+00  9.99882974E-01  1.12714502E+00
   183  1.46400000E+02  1.12713149E+00  9.99890861E-01  1.12713149E+00
   184  1.47200000E+02  1.12714358E+00  9.99899755E-01  1.12714358E+00
   185  1.48000000E+02  1.12714164E+00  9.99909727E-01  1.12714164E+00
   186  1.48800000E+02  1.12714324E+00  9.99920852E-01  1.12714324E+00
   187  1.49600000E+02  1.12715945E+00  9.99933208E-01  1.12715945E+00
   188  1.50400000E+02  1.12715898E+00  9.99946879E-01  1.12715898E+00
   189  1.51200000E+02  1.12714676E+00  9.99961954E-01  1.12714676E+00
   190  1.52000000E+02  1.12714983E+00  9.99978523E-01  1.12714983E+00
   191  1.52800000E+02  1.12715075E+00  9.99996685E-01  1.12715075E+00
   192  1.53600000E+02  1.12714057E+00  1.00001654E+00  1.12714057E+00
   193  1.54400000E+02  1.12716154E+00  1.00003820E+00  1.12716154E+00
   194  1.55200000E+02  1.12716427E+00  1.00006178E+00  1.12716427E+00
   195  1.56000000E+02  1.12715802E+00  1.00008738E+00  1.12715802E+00
   196  1.56800000E+02  1.12716200E+00  1.00011515E+00  1.12716200E+00
   197  1.57600000E+02  1.12716641E+00  1.00014521E+00  1.12716641E+00
   198  1.58400000E+02  1.12717202E+00  1.00017769E+00  1.12717202E+00
   199  1.59200000E+02  1.12717640E+00  1.00021274E+00  1.12717640E+00
   200  1.60000000E+02  1.12717983E+00  1.00025051E+00  1.12717983E+00
   201  1.60800000E+02  1.12718258E+00  1.00029116E+00  1.12718258E+00
   202  1.61600000E+02  1.12718538E+00  1.00033486E+00  1.12718538E+00
   203  1.62400000E+02  1.12718876E+00  1.00038177E+00  1.12718876E+00
   204  1.63200000E+02  1.12719145E+00  1.00043209E+00  1.12719145E+00
   205  1.64000000E+02  1.12719371E+00  1.00048599E+00  1.12719371E+00
   206  1.64800000E+02  1.12719573E+00  1.00054367E+00  1.12719573E+00
   207  1.65600000E+02  1.12719764E+00  1.00060535E+00  1.12719764E+00
   208  1.66400000E+02  1.12719951E+00  1.00067124E+00  1.12719951E+00
   209  1.67200000E+02  1.12720138E+00  1.00074157E+00  1.12720138E+00
   210  1.68000000E+02  1.12720326E+00  1.00081656E+00  1.12720326E+00
   211  1.68800000E+02  1.12720512E+00  1.00089648E+00  1.12720512E+00
   212  1.69600000E+02  1.12720691E+00  1.00098156E+00  1.12720691E+00
   213  1.70400000E+02  1.12720860E+00  1.00107208E+00  1.12720860E+00
   214  1.71200000E+02  1.12721016E+00  1.00116833E+00  1.12721016E+00
   215  1.72000000E+02  1.12721179E+00  1.00127057E+00  1.12721179E+00
   216  1.72800000E+02  1.12721344E+00  1.00137913E+00  1.12721344E+00
   217  1.73600000E+02  1.12721497E+00  1.00149431E+00  1.12721497E+00
   218  1.74400000E+02  1.12721637E+00  1.00161643E+00  1.12721637E+00
   219  1.75200000E+02  1.12721760E+00  1.00174584E+00  1.12721760E+00
   220  1.76000000E+02  1.12721866E+00  1.00188288E+00  1.12721866E+00
   221  1.76800000E+02  1.12721954E+00  1.00202792E+00  1.12721954E+00
   222  1.77600000E+02  1.12722026E+00  1.00218134E+00  1.12722026E+00
   223  1.78400000E+02  1.12722081E+00  1.00234353E+00  1.12722081E+00
   224  1.79200000E+02  1.12722131E+00  1.00251489E+00  1.12722131E+00
   225  1.80000000E+02  1.12722203E+00  1.00269585E+00  1.12722203E+00
   226  1.80800000E+02  1.12722260E+00  1.00288684E+00  1.12722260E+00
   227  1.81600000E+02  1.12722303E+00  1.00308831E+00  1.12722303E+00
   228  1.82400000E+02  1.12722334E+00  1.00330073E+00  1.12722334E+00
   229  1.83200000E+02  1.12722355E+00  1.00352457E+00  1.12722355E+00
   230  1.84000000E+02  1.12722368E+00  1.00376033E+00  1.12722368E+00
   231  1.84800000E+02  1.12722376E+00  1.00400852E+00  1.12722376E+00
   232  1.85600000E+02  1.12722379E+00  1.00426967E+00  1.12722379E+00
   233  1.86400000E+02  1.12722378E+00  1.00454432E+00  1.12722378E+00
   234  1.87200000E+02  1.12722374E+00  1.00483303E+00  1.12722374E+00
   235  1.88000000E+02  1.12722368E+00  1.00513637E+00  1.12722368E+00
   236  1.88800000E+02  1.12722359E+00  1.00545493E+00  1.12722359E+00
   237  1.89600000E+02  1.12722348E+00  1.00578931E+00  1.12722348E+00
   238  1.90400000E+02  1.12722336E+00  1.00614013E+00  1.12722336E+00
   239  1.91200000E+02  1.12722321E+00  1.00650803E+00  1.12722321E+00
   240  1.92000000E+02  1.12722305E+00  1.00689366E+00  1.12722305E+00
   241  1.92800000E+02  1.12722287E+00  1.00729766E+00  1.12722287E+00
   242  1.93600000E+02  1.12722268E+00  1.00772073E+00  1.12722268E+00
   243  1.94400000E+02  1.12722247E+00  1.00816355E+00  1.12722247E+00
   244  1.95200000E+02  1.12722226E+00  1.00862681E+00  1.12722226E+00
   245  1.96000000E+02  1.12722204E+00  1.00911123E+00  1.12722204E+00
   246  1.96800000E+02  1.12722182E+00  1.00961753E+00  1.12722182E+00
   247  1.97600000E+02  1.12722159E+00  1.01014644E+00  1.12722159E+00
   248  1.98400000E+02  1.12722136E+00  1.01069870E+00  1.12722136E+00
   249  1.99200000E+02  1.12722113E+00  1.01127505E+00  1.12722113E+00
   250  2.00000000E+02  1.12722091E+00  1.01187624E+00  1.12722091E+00
   251  2.00800000E+02  1.12722068E+00  1.01250303E+00  1.12722068E+00
   252  2.01600000E+02  1.12722047E+00  1.01315617E+00  1.12722047E+00
   253  2.02400000E+02  1.12722025E+00  1.01383641E+00  1.12722025E+00
   254  2.03200000E+02  1.12722004E+00  1.01454452E+00  1.12722004E+00
   255  2.04000000E+02  1.12721983E+00  1.01528123E+00  1.12721983E+00
   256  2.04800000E+02  1.12721963E+00  1.01604729E+00  1.12721963E+00
   257  2.05600000E+02  1.12721944E+00  1.01684343E+00  1.12721944E+00
   258  2.06400000E+02  1.12721925E+00  1.01767037E+00  1.12721925E+00
   259  2.07200000E+02  1.12721907E+00  1.01852881E+00  1.12721907E+00
   260  2.08000000E+02  1.12721889E+00  1.01941944E+00  1.12721889E+00
   261  2.08800000E+02  1.12721872E+00  1.02034292E+00  1.12721872E+00
   262  2.09600000E+02  1.12721855E+00  1.02129989E+00  1.12721855E+00
   263  2.10400000E+02  1.12721839E+00  1.02229094E+00  1.12721839E+00
   264  2.11200000E+02  1.12721824E+00  1.02331666E+00  1.12721824E+00
   265  2.12000000E+02  1.12721809E+00  1.02437758E+00  1.12721809E+00
   266  2.12800000E+02  1.12721795E+00  1.02547419E+00  1.12721795E+00
   267  2.13600000E+02  1.12721782E+00  1.02660693E+00  1.12721782E+00
   268  2.14400000E+02  1.12721769E+00  1.02777619E+00  1.12721769E+00
   269  2.15200000E+02  1.12721757E+00  1.02898233E+00  1.12721757E+00
   270  2.16000000E+02  1.12721745E+00  1.03022560E+00  1.12721745E+00
   271  2.16800000E+02  1.12721734E+00  1.03150623E+00  1.12721734E+00
   272  2.17600000E+02  1.12721723E+00  1.03282435E+00  1.12721723E+00
   273  2.18400000E+02  1.12721713E+00  1.03418002E+00  1.12721713E+00
   274  2.19200000E+02  1.12721703E+00  1.03557323E+00  1.12721703E+00
   275  2.20000000E+02  1.12721694E+00  1.03700387E+00  1.12721694E+00
   276  2.20800000E+02  1.12721685E+00  1.03847175E+00  1.12721685E+00
   277  2.21600000E+02  1.12721677E+00  1.03997658E+00  1.12721677E+00
   278  2.22400000E+02  1.12721669E+00  1.04151796E+00  1.12721669E+00
   279  2.23200000E+02  1.12721661E+00  1.04309540E+00  1.12721661E+00
   280  2.24000000E+02  1.12721654E+00  1.04470828E+00  1.12721654E+00
   281  2.24800000E+02  1.12721647E+00  1.04635590E+00  1.12721647E+00
   282  2.25600000E+02  1.12721641E+00  1.04803740E+00  1.12721641E+00
   283  2.26400000E+02  1.12721635E+00  1.04975182E+00  1.12721635E+00
   284  2.27200000E+02  1.12721629E+00  1.05149809E+00  1.12721629E+00
   285  2.28000000E+02  1.12721624E+00  1.05327497E+00  1.12721624E+00
   286  2.28800000E+02  1.12721619E+00  1.05508113E+00  1.12721619E+00
   287  2.29600000E+02  1.12721614E+00  1.05691509E+00  1.12721614E+00
   288  2.30400000E+02  1.12721609E+00  1.05877524E+00  1.12721609E+00
   289  2.31200000E+02  1.12721605E+00  1.06065983E+00  1.12721605E+00
   290  2.32000000E+02  1.12721601E+00  1.06256698E+00  1.12721601E+00
   291  2.32800000E+02  1.12721597E+00  1.06449469E+00  1.12721597E+00
   292  2.33600000E+02  1.12721593E+00  1.06644080E+00  1.12721593E+00
   293  2.34400000E+02  1.12721660E+00  1.06840304E+00  1.12721660E+00
   294  2.35200000E+02  1.12721587E+00  1.07037902E+00  1.12721587E+00
   295  2.36000000E+02  1.12721584E+00  1.07236620E+00  1.12721584E+00
   296  2.36800000E+02  1.12721581E+00  1.07436195E+00  1.12721581E+00
   297  2.37600000E+02  1.12721578E+00  1.07636350E+00  1.12721578E+00
   298  2.38400000E+02  1.12721576E+00  1.07836799E+00  1.12721576E+00
   299  2.39200000E+02  1.12722368E+00  1.08037246E+00  1.12722368E+00
   300  2.40000000E+02  1.12722778E+00  1.08237384E+00  1.12722778E+00
   301  2.40800000E+02  1.12721569E+00  1.08436898E+00  1.12721569E+00
   302  2.41600000E+02  1.12721646E+00  1.08635467E+00  1.12721646E+00
   303  2.42400000E+02  1.12722284E+00  1.08832760E+00  1.12722284E+00
   304  2.43200000E+02  1.12721563E+00  1.09028442E+00  1.12721563E+00
   305  2.44000000E+02  1.12722937E+00  1.09222174E+00  1.12722937E+00
   306  2.44800000E+02  1.12723917E+00  1.09413612E+00  1.12723917E+00
   307  2.45600000E+02  1.12722830E+00  1.09602411E+00  1.12722830E+00
   308  2.46400000E+02  1.12722161E+00  1.09788222E+00  1.12722161E+00
   309  2.47200000E+02  1.12723386E+00  1.09970699E+00  1.12723386E+00
   310  2.48000000E+02  1.12722487E+00  1.10149498E+00  1.12722487E+00
   311  2.48800000E+02  1.12723349E+00  1.10324276E+00  1.12723349E+00
   312  2.49600000E+02  1.12724945E+00  1.10494697E+00  1.12724945E+00
   313  2.50400000E+02  1.12724319E+00  1.10660430E+00  1.12724319E+00
   314  2.51200000E+02  1.12722510E+00  1.10821154E+00  1.12722510E+00
   315  2.52000000E+02  1.12724371E+00  1.10976558E+00  1.12724371E+00
   316  2.52800000E+02  1.12723949E+00  1.11126342E+00  1.12723949E+00
   317  2.53600000E+02  1.12723583E+00  1.11270221E+00  1.12723583E+00
   318  2.54400000E+02  1.12725845E+00  1.11407929E+00  1.12725845E+00
   319  2.55200000E+02  1.12725725E+00  1.11539217E+00  1.12725725E+00
   320  2.56000000E+02  1.12723746E+00  1.11663859E+00  1.12723746E+00
   321  2.56800000E+02  1.12725219E+00  1.11781653E+00  1.12725219E+00
   322  2.57600000E+02  1.12725321E+00  1.11892428E+00  1.12725321E+00
   323  2.58400000E+02  1.12723623E+00  1.11996039E+00  1.12723623E+00
   324  2.59200000E+02  1.12726597E+00  1.12092379E+00  1.12726597E+00
   325  2.60000000E+02  1.12727031E+00  1.12181379E+00  1.12727031E+00
   326  2.60800000E+02  1.12725452E+00  1.12263007E+00  1.12725452E+00
   327  2.61600000E+02  1.12725911E+00  1.12337279E+00  1.12725911E+00
   328  2.62400000E+02  1.12726586E+00  1.12404257E+00  1.12726586E+00
   329  2.63200000E+02  1.12725189E+00  1.12464051E+00  1.12725189E+00
   330  2.64000000E+02  1.12727185E+00  1.12516823E+00  1.12727185E+00
   331  2.64800000E+02  1.12728221E+00  1.12562788E+00  1.12728221E+00
   332  2.65600000E+02  1.12727088E+00  1.12602211E+00  1.12727088E+00
   333  2.66400000E+02  1.12726440E+00  1.12635411E+00  1.12726440E+00
   334  2.67200000E+02  1.12727740E+00  1.12662755E+00  1.12727740E+00
   335  2.68000000E+02  1.12726811E+00  1.12684655E+00  1.12726811E+00
   336  2.68800000E+02  1.12727627E+00  1.12701561E+00  1.12727627E+00
   337  2.69600000E+02  1.12729316E+00  1.12713962E+00  1.12729316E+00
   338  2.70400000E+02  1.12728679E+00  1.12722368E+00  1.12728679E+00
   339  2.71200000E+02  1.12727308E+00  1.12727308E+00  1.12727308E+00
   340  2.72000000E+02  1.12729320E+00  1.12729320E+00  1.12729320E+00
   341  2.72800000E+02  1.12728936E+00  1.12728936E+00  1.12728936E+00
   342  2.73600000E+02  1.12726677E+00  1.12726677E+00  1.12726677E+00
   343  2.74400000E+02  1.12723039E+00  1.12723039E+00  1.12723039E+00
   344  2.75200000E+02  1.12721537E+00  1.12718484E+00  1.12721537E+00
   345  2.76000000E+02  1.12721537E+00  1.12713432E+00  1.12721537E+00
   346  2.76800000E+02  1.12721537E+00  1.12708252E+00  1.12721537E+00
   347  2.77600000E+02  1.12721537E+00  1.12703259E+00  1.12721537E+00
   348  2.78400000E+02  1.12721536E+00  1.12698706E+00  1.12721536E+00
   349  2.79200000E+02  1.12721536E+00  1.12694785E+00  1.12721536E+00
   350  2.80000000E+02  1.12721536E+00  1.12691629E+00  1.12721536E+00
   351  2.80800000E+02  1.12721536E+00  1.12689311E+00  1.12721536E+00
   352  2.81600000E+02  1.12721536E+00  1.12687851E+00  1.12721536E+00
   353  2.82400000E+02  1.12721536E+00  1.12687221E+00  1.12721536E+00
   354  2.83200000E+02  1.12721536E+00  1.12687355E+00  1.12721536E+00
   355  2.84000000E+02  1.12721536E+00  1.12688155E+00  1.12721536E+00
   356  2.84800000E+02  1.12721536E+00  1.12689502E+00  1.12721536E+00
   357  2.85600000E+02  1.12721535E+00  1.12691265E+00  1.12721535E+00
   358  2.86400000E+02  1.12721535E+00  1.12693307E+00  1.12721535E+00
   359  2.87200000E+02  1.12721535E+00  1.12695499E+00  1.12721535E+00
   360  2.88000000E+02  1.12721535E+00  1.12697720E+00  1.12721535E+00
   361  2.88800000E+02  1.12721535E+00  1.12699865E+00  1.12721535E+00
   362  2.89600000E+02  1.12721535E+00  1.12701851E+00  1.12721535E+00
   363  2.90400000E+02  1.12721535E+00  1.12703615E+00  1.12721535E+00
   364  2.91200000E+02  1.12721535E+00  1.12705116E+00  1.12721535E+00
   365  2.92000000E+02  1.12721535E+00  1.12706336E+00  1.12721535E+00
   366  2.92800000E+02  1.12721535E+00  1.12707276E+00  1.12721535E+00
   367  2.93600000E+02  1.12721535E+00  1.12707950E+00  1.12721535E+00
   368  2.94400000E+02  1.12721535E+00  1.12708388E+00  1.12721535E+00
   369  2.95200000E+02  1.12721535E+00  1.12708627E+00  1.12721535E+00
   370  2.96000000E+02  1.12721535E+00  1.12708708E+00  1.12721535E+00
   371  2.96800000E+02  1.12721535E+00  1.12708675E+00  1.12721535E+00
   372  2.97600000E+02  1.12721535E+00  1.12708569E+00  1.12721535E+00
   373  2.98400000E+02  1.12721535E+00  1.12708425E+00  1.12721535E+00
   374  2.99200000E+02  1.12721534E+00  1.12708275E+00  1.12721534E+00
   375  3.00000000E+02  1.12721534E+00  1.12708142E+00  1.12721534E+00
 steady-height stop at step    375: changes <=   1.0000E-05, max-end <=   1.0000E-02, max/end/gap/profile_change =   1.12721534E+00  1.12708142E+00  1.33925874E-04  1.33322691E-06


STDERR:
