COMMAND:
/shared/swell_inference/datas/generate_rom_data/extrudate_swell2d_c_cluster

STDOUT:
 comppar: model =   3
 comppar: lambda,mobility/eps,betav,eta_0 =  8.2000E+00  3.6667E-01  3.0000E-01  1.0000E+00
 comppar: eta_s,eta_p,G =  3.0000E-01  7.0000E-01  8.5366E-02
 comppar: U_avg,deltat,flowrate,nsteps =  2.5000E-02  8.0000E-01  7.8540E-02     700
 comppar: geometry = axisymmetric
 comppar: steady stop change,gap,hold,min =  1.0000E-05  1.0000E-02      10      80
 comppar: ncompc,ncompg =     4     5
 mesh nnodes = 5765
 mesh nelem = 2780
 P1 BC   5.0000000000000000     
 P2 BC   0.0000000000000000     
     1  8.00000000E-01  1.00252835E+00  1.00000000E+00  1.00252835E+00
     2  1.60000000E+00  1.00500569E+00  1.00000000E+00  1.00500569E+00
     3  2.40000000E+00  1.00742045E+00  1.00000000E+00  1.00742045E+00
     4  3.20000000E+00  1.00977616E+00  1.00000000E+00  1.00977616E+00
     5  4.00000000E+00  1.01207043E+00  1.00000000E+00  1.01207043E+00
     6  4.80000000E+00  1.01431025E+00  1.00000000E+00  1.01431025E+00
     7  5.60000000E+00  1.01650377E+00  1.00000000E+00  1.01650377E+00
     8  6.40000000E+00  1.01864363E+00  1.00000000E+00  1.01864363E+00
     9  7.20000000E+00  1.02074493E+00  1.00000000E+00  1.02074493E+00
    10  8.00000000E+00  1.02280982E+00  1.00000000E+00  1.02280982E+00
    11  8.80000000E+00  1.02482951E+00  1.00000001E+00  1.02482951E+00
    12  9.60000000E+00  1.02682628E+00  1.00000001E+00  1.02682628E+00
    13  1.04000000E+01  1.02878088E+00  1.00000001E+00  1.02878088E+00
    14  1.12000000E+01  1.03071395E+00  1.00000001E+00  1.03071395E+00
    15  1.20000000E+01  1.03261076E+00  1.00000001E+00  1.03261076E+00
    16  1.28000000E+01  1.03447131E+00  1.00000001E+00  1.03447131E+00
    17  1.36000000E+01  1.03632238E+00  1.00000001E+00  1.03632238E+00
    18  1.44000000E+01  1.03811670E+00  1.00000001E+00  1.03811670E+00
    19  1.52000000E+01  1.03991728E+00  1.00000001E+00  1.03991728E+00
    20  1.60000000E+01  1.04166950E+00  1.00000001E+00  1.04166950E+00
    21  1.68000000E+01  1.04338403E+00  1.00000001E+00  1.04338403E+00
    22  1.76000000E+01  1.04510586E+00  1.00000000E+00  1.04510586E+00
    23  1.84000000E+01  1.04676845E+00  1.00000000E+00  1.04676845E+00
    24  1.92000000E+01  1.04841395E+00  1.00000000E+00  1.04841395E+00
    25  2.00000000E+01  1.05004773E+00  9.99999998E-01  1.05004773E+00
    26  2.08000000E+01  1.05161874E+00  9.99999995E-01  1.05161874E+00
    27  2.16000000E+01  1.05316424E+00  9.99999991E-01  1.05316424E+00
    28  2.24000000E+01  1.05471962E+00  9.99999986E-01  1.05471962E+00
    29  2.32000000E+01  1.05620935E+00  9.99999981E-01  1.05620935E+00
    30  2.40000000E+01  1.05767270E+00  9.99999974E-01  1.05767270E+00
    31  2.48000000E+01  1.05914802E+00  9.99999967E-01  1.05914802E+00
    32  2.56000000E+01  1.06055453E+00  9.99999959E-01  1.06055453E+00
    33  2.64000000E+01  1.06192050E+00  9.99999950E-01  1.06192050E+00
    34  2.72000000E+01  1.06333018E+00  9.99999940E-01  1.06333018E+00
    35  2.80000000E+01  1.06466884E+00  9.99999929E-01  1.06466884E+00
    36  2.88000000E+01  1.06593622E+00  9.99999916E-01  1.06593622E+00
    37  2.96000000E+01  1.06727954E+00  9.99999902E-01  1.06727954E+00
    38  3.04000000E+01  1.06854957E+00  9.99999887E-01  1.06854957E+00
    39  3.12000000E+01  1.06974294E+00  9.99999870E-01  1.06974294E+00
    40  3.20000000E+01  1.07095564E+00  9.99999851E-01  1.07095564E+00
    41  3.28000000E+01  1.07217706E+00  9.99999831E-01  1.07217706E+00
    42  3.36000000E+01  1.07332090E+00  9.99999808E-01  1.07332090E+00
    43  3.44000000E+01  1.07439619E+00  9.99999784E-01  1.07439619E+00
    44  3.52000000E+01  1.07556882E+00  9.99999757E-01  1.07556882E+00
    45  3.60000000E+01  1.07666289E+00  9.99999728E-01  1.07666289E+00
    46  3.68000000E+01  1.07767595E+00  9.99999696E-01  1.07767595E+00
    47  3.76000000E+01  1.07867936E+00  9.99999662E-01  1.07867936E+00
    48  3.84000000E+01  1.07974843E+00  9.99999625E-01  1.07974843E+00
    49  3.92000000E+01  1.08073676E+00  9.99999585E-01  1.08073676E+00
    50  4.00000000E+01  1.08164285E+00  9.99999542E-01  1.08164285E+00
    51  4.08000000E+01  1.08259844E+00  9.99999495E-01  1.08259844E+00
    52  4.16000000E+01  1.08356160E+00  9.99999445E-01  1.08356160E+00
    53  4.24000000E+01  1.08444265E+00  9.99999391E-01  1.08444265E+00
    54  4.32000000E+01  1.08524120E+00  9.99999333E-01  1.08524120E+00
    55  4.40000000E+01  1.08610382E+00  9.99999270E-01  1.08610382E+00
    56  4.48000000E+01  1.08698401E+00  9.99999204E-01  1.08698401E+00
    57  4.56000000E+01  1.08778253E+00  9.99999132E-01  1.08778253E+00
    58  4.64000000E+01  1.08850023E+00  9.99999055E-01  1.08850023E+00
    59  4.72000000E+01  1.08928323E+00  9.99998973E-01  1.08928323E+00
    60  4.80000000E+01  1.09007971E+00  9.99998886E-01  1.09007971E+00
    61  4.88000000E+01  1.09079535E+00  9.99998792E-01  1.09079535E+00
    62  4.96000000E+01  1.09143226E+00  9.99998693E-01  1.09143226E+00
    63  5.04000000E+01  1.09212334E+00  9.99998586E-01  1.09212334E+00
    64  5.12000000E+01  1.09284153E+00  9.99998473E-01  1.09284153E+00
    65  5.20000000E+01  1.09348173E+00  9.99998353E-01  1.09348173E+00
    66  5.28000000E+01  1.09404754E+00  9.99998225E-01  1.09404754E+00
    67  5.36000000E+01  1.09467588E+00  9.99998089E-01  1.09467588E+00
    68  5.44000000E+01  1.09531567E+00  9.99997944E-01  1.09531567E+00
    69  5.52000000E+01  1.09588072E+00  9.99997790E-01  1.09588072E+00
    70  5.60000000E+01  1.09637604E+00  9.99997628E-01  1.09637604E+00
    71  5.68000000E+01  1.09694017E+00  9.99997455E-01  1.09694017E+00
    72  5.76000000E+01  1.09750907E+00  9.99997272E-01  1.09750907E+00
    73  5.84000000E+01  1.09800862E+00  9.99997078E-01  1.09800862E+00
    74  5.92000000E+01  1.09844484E+00  9.99996873E-01  1.09844484E+00
    75  6.00000000E+01  1.09895088E+00  9.99996657E-01  1.09895088E+00
    76  6.08000000E+01  1.09944944E+00  9.99996428E-01  1.09944944E+00
    77  6.16000000E+01  1.09988439E+00  9.99996185E-01  1.09988439E+00
    78  6.24000000E+01  1.10026279E+00  9.99995930E-01  1.10026279E+00
    79  6.32000000E+01  1.10072353E+00  9.99995660E-01  1.10072353E+00
    80  6.40000000E+01  1.10116269E+00  9.99995376E-01  1.10116269E+00
    81  6.48000000E+01  1.10154493E+00  9.99995076E-01  1.10154493E+00
    82  6.56000000E+01  1.10187739E+00  9.99994759E-01  1.10187739E+00
    83  6.64000000E+01  1.10228000E+00  9.99994427E-01  1.10228000E+00
    84  6.72000000E+01  1.10266100E+00  9.99994076E-01  1.10266100E+00
    85  6.80000000E+01  1.10299220E+00  9.99993707E-01  1.10299220E+00
    86  6.88000000E+01  1.10328093E+00  9.99993320E-01  1.10328093E+00
    87  6.96000000E+01  1.10365431E+00  9.99992912E-01  1.10365431E+00
    88  7.04000000E+01  1.10398862E+00  9.99992484E-01  1.10398862E+00
    89  7.12000000E+01  1.10427939E+00  9.99992034E-01  1.10427939E+00
    90  7.20000000E+01  1.10453323E+00  9.99991562E-01  1.10453323E+00
    91  7.28000000E+01  1.10484118E+00  9.99991067E-01  1.10484118E+00
    92  7.36000000E+01  1.10513099E+00  9.99990548E-01  1.10513099E+00
    93  7.44000000E+01  1.10538410E+00  9.99990004E-01  1.10538410E+00
    94  7.52000000E+01  1.10560648E+00  9.99989433E-01  1.10560648E+00
    95  7.60000000E+01  1.10589210E+00  9.99988836E-01  1.10589210E+00
    96  7.68000000E+01  1.10614629E+00  9.99988211E-01  1.10614629E+00
    97  7.76000000E+01  1.10636852E+00  9.99987557E-01  1.10636852E+00
    98  7.84000000E+01  1.10656377E+00  9.99986874E-01  1.10656377E+00
    99  7.92000000E+01  1.10678685E+00  9.99986159E-01  1.10678685E+00
   100  8.00000000E+01  1.10700878E+00  9.99985413E-01  1.10700878E+00
   101  8.08000000E+01  1.10720408E+00  9.99984633E-01  1.10720408E+00
   102  8.16000000E+01  1.10737670E+00  9.99983819E-01  1.10737670E+00
   103  8.24000000E+01  1.10758403E+00  9.99982971E-01  1.10758403E+00
   104  8.32000000E+01  1.10777846E+00  9.99982085E-01  1.10777846E+00
   105  8.40000000E+01  1.10794932E+00  9.99981163E-01  1.10794932E+00
   106  8.48000000E+01  1.10809978E+00  9.99980202E-01  1.10809978E+00
   107  8.56000000E+01  1.10825233E+00  9.99979201E-01  1.10825233E+00
   108  8.64000000E+01  1.10842362E+00  9.99978159E-01  1.10842362E+00
   109  8.72000000E+01  1.10857481E+00  9.99977076E-01  1.10857481E+00
   110  8.80000000E+01  1.10870805E+00  9.99975949E-01  1.10870805E+00
   111  8.88000000E+01  1.10884886E+00  9.99974779E-01  1.10884886E+00
   112  8.96000000E+01  1.10899803E+00  9.99973563E-01  1.10899803E+00
   113  9.04000000E+01  1.10912899E+00  9.99972301E-01  1.10912899E+00
   114  9.12000000E+01  1.10924348E+00  9.99970991E-01  1.10924348E+00
   115  9.20000000E+01  1.10934269E+00  9.99969634E-01  1.10934269E+00
   116  9.28000000E+01  1.10947449E+00  9.99968226E-01  1.10947449E+00
   117  9.36000000E+01  1.10959007E+00  9.99966769E-01  1.10959007E+00
   118  9.44000000E+01  1.10969041E+00  9.99965260E-01  1.10969041E+00
   119  9.52000000E+01  1.10978214E+00  9.99963699E-01  1.10978214E+00
   120  9.60000000E+01  1.10989560E+00  9.99962085E-01  1.10989560E+00
   121  9.68000000E+01  1.10999406E+00  9.99960418E-01  1.10999406E+00
   122  9.76000000E+01  1.11007850E+00  9.99958696E-01  1.11007850E+00
   123  9.84000000E+01  1.11014975E+00  9.99956919E-01  1.11014975E+00
   124  9.92000000E+01  1.11024122E+00  9.99955086E-01  1.11024122E+00
   125  1.00000000E+02  1.11032679E+00  9.99953198E-01  1.11032679E+00
   126  1.00800000E+02  1.11039906E+00  9.99951253E-01  1.11039906E+00
   127  1.01600000E+02  1.11045878E+00  9.99949252E-01  1.11045878E+00
   128  1.02400000E+02  1.11054161E+00  9.99947195E-01  1.11054161E+00
   129  1.03200000E+02  1.11061284E+00  9.99945081E-01  1.11061284E+00
   130  1.04000000E+02  1.11067205E+00  9.99942911E-01  1.11067205E+00
   131  1.04800000E+02  1.11072008E+00  9.99940685E-01  1.11072008E+00
   132  1.05600000E+02  1.11078525E+00  9.99938404E-01  1.11078525E+00
   133  1.06400000E+02  1.11084538E+00  9.99936069E-01  1.11084538E+00
   134  1.07200000E+02  1.11089415E+00  9.99933681E-01  1.11089415E+00
   135  1.08000000E+02  1.11093348E+00  9.99931241E-01  1.11093348E+00
   136  1.08800000E+02  1.11099296E+00  9.99928750E-01  1.11099296E+00
   137  1.09600000E+02  1.11104153E+00  9.99926211E-01  1.11104153E+00
   138  1.10400000E+02  1.11108013E+00  9.99923626E-01  1.11108013E+00
   139  1.11200000E+02  1.11110981E+00  9.99920996E-01  1.11110981E+00
   140  1.12000000E+02  1.11115881E+00  9.99918325E-01  1.11115881E+00
   141  1.12800000E+02  1.11119803E+00  9.99915616E-01  1.11119803E+00
   142  1.13600000E+02  1.11122813E+00  9.99912873E-01  1.11122813E+00
   143  1.14400000E+02  1.11125768E+00  9.99910099E-01  1.11125768E+00
   144  1.15200000E+02  1.11129694E+00  9.99907299E-01  1.11129694E+00
   145  1.16000000E+02  1.11132738E+00  9.99904477E-01  1.11132738E+00
   146  1.16800000E+02  1.11135010E+00  9.99901640E-01  1.11135010E+00
   147  1.17600000E+02  1.11137298E+00  9.99898794E-01  1.11137298E+00
   148  1.18400000E+02  1.11140392E+00  9.99895945E-01  1.11140392E+00
   149  1.19200000E+02  1.11142695E+00  9.99893100E-01  1.11142695E+00
   150  1.20000000E+02  1.11144331E+00  9.99890268E-01  1.11144331E+00
   151  1.20800000E+02  1.11146762E+00  9.99887457E-01  1.11146762E+00
   152  1.21600000E+02  1.11149108E+00  9.99884677E-01  1.11149108E+00
   153  1.22400000E+02  1.11150792E+00  9.99881938E-01  1.11150792E+00
   154  1.23200000E+02  1.11151934E+00  9.99879252E-01  1.11151934E+00
   155  1.24000000E+02  1.11153771E+00  9.99876630E-01  1.11153771E+00
   156  1.24800000E+02  1.11155480E+00  9.99874086E-01  1.11155480E+00
   157  1.25600000E+02  1.11156633E+00  9.99871633E-01  1.11156633E+00
   158  1.26400000E+02  1.11157610E+00  9.99869288E-01  1.11157610E+00
   159  1.27200000E+02  1.11159363E+00  9.99867066E-01  1.11159363E+00
   160  1.28000000E+02  1.11160561E+00  9.99864986E-01  1.11160561E+00
   161  1.28800000E+02  1.11161314E+00  9.99863065E-01  1.11161314E+00
   162  1.29600000E+02  1.11161923E+00  9.99861325E-01  1.11161923E+00
   163  1.30400000E+02  1.11163137E+00  9.99859787E-01  1.11163137E+00
   164  1.31200000E+02  1.11163898E+00  9.99858476E-01  1.11163898E+00
   165  1.32000000E+02  1.11164317E+00  9.99857415E-01  1.11164317E+00
   166  1.32800000E+02  1.11165284E+00  9.99856632E-01  1.11165284E+00
   167  1.33600000E+02  1.11166082E+00  9.99856156E-01  1.11166082E+00
   168  1.34400000E+02  1.11166525E+00  9.99856017E-01  1.11166525E+00
   169  1.35200000E+02  1.11166711E+00  9.99856248E-01  1.11166711E+00
   170  1.36000000E+02  1.11167218E+00  9.99856884E-01  1.11167218E+00
   171  1.36800000E+02  1.11167665E+00  9.99857962E-01  1.11167665E+00
   172  1.37600000E+02  1.11167852E+00  9.99859521E-01  1.11167852E+00
   173  1.38400000E+02  1.11168200E+00  9.99861603E-01  1.11168200E+00
   174  1.39200000E+02  1.11168675E+00  9.99864252E-01  1.11168675E+00
   175  1.40000000E+02  1.11168874E+00  9.99867516E-01  1.11168874E+00
   176  1.40800000E+02  1.11168885E+00  9.99871444E-01  1.11168885E+00
   177  1.41600000E+02  1.11168870E+00  9.99876089E-01  1.11168870E+00
   178  1.42400000E+02  1.11169072E+00  9.99881507E-01  1.11169072E+00
   179  1.43200000E+02  1.11169083E+00  9.99887757E-01  1.11169083E+00
   180  1.44000000E+02  1.11169102E+00  9.99894903E-01  1.11169102E+00
   181  1.44800000E+02  1.11169321E+00  9.99903011E-01  1.11169321E+00
   182  1.45600000E+02  1.11169334E+00  9.99912151E-01  1.11169334E+00
   183  1.46400000E+02  1.11169215E+00  9.99922397E-01  1.11169215E+00
   184  1.47200000E+02  1.11169026E+00  9.99933828E-01  1.11169026E+00
   185  1.48000000E+02  1.11168940E+00  9.99946527E-01  1.11168940E+00
   186  1.48800000E+02  1.11168823E+00  9.99960582E-01  1.11168823E+00
   187  1.49600000E+02  1.11168697E+00  9.99976084E-01  1.11168697E+00
   188  1.50400000E+02  1.11168719E+00  9.99993132E-01  1.11168719E+00
   189  1.51200000E+02  1.11168593E+00  1.00001183E+00  1.11168593E+00
   190  1.52000000E+02  1.11168384E+00  1.00003228E+00  1.11168384E+00
   191  1.52800000E+02  1.11168139E+00  1.00005460E+00  1.11168139E+00
   192  1.53600000E+02  1.11167893E+00  1.00007891E+00  1.11167893E+00
   193  1.54400000E+02  1.11167662E+00  1.00010534E+00  1.11167662E+00
   194  1.55200000E+02  1.11167490E+00  1.00013401E+00  1.11167490E+00
   195  1.56000000E+02  1.11167364E+00  1.00016507E+00  1.11167364E+00
   196  1.56800000E+02  1.11167139E+00  1.00019866E+00  1.11167139E+00
   197  1.57600000E+02  1.11166901E+00  1.00023494E+00  1.11166901E+00
   198  1.58400000E+02  1.11166706E+00  1.00027406E+00  1.11166706E+00
   199  1.59200000E+02  1.11166491E+00  1.00031620E+00  1.11166491E+00
   200  1.60000000E+02  1.11166250E+00  1.00036152E+00  1.11166250E+00
   201  1.60800000E+02  1.11166061E+00  1.00041022E+00  1.11166061E+00
   202  1.61600000E+02  1.11165854E+00  1.00046249E+00  1.11165854E+00
   203  1.62400000E+02  1.11165619E+00  1.00051852E+00  1.11165619E+00
   204  1.63200000E+02  1.11165355E+00  1.00057854E+00  1.11165355E+00
   205  1.64000000E+02  1.11165085E+00  1.00064275E+00  1.11165085E+00
   206  1.64800000E+02  1.11164853E+00  1.00071140E+00  1.11164853E+00
   207  1.65600000E+02  1.11164597E+00  1.00078472E+00  1.11164597E+00
   208  1.66400000E+02  1.11164318E+00  1.00086297E+00  1.11164318E+00
   209  1.67200000E+02  1.11164053E+00  1.00094640E+00  1.11164053E+00
   210  1.68000000E+02  1.11163800E+00  1.00103529E+00  1.11163800E+00
   211  1.68800000E+02  1.11163522E+00  1.00112993E+00  1.11163522E+00
   212  1.69600000E+02  1.11163223E+00  1.00123062E+00  1.11163223E+00
   213  1.70400000E+02  1.11162934E+00  1.00133766E+00  1.11162934E+00
   214  1.71200000E+02  1.11162810E+00  1.00145139E+00  1.11162810E+00
   215  1.72000000E+02  1.11162704E+00  1.00157212E+00  1.11162704E+00
   216  1.72800000E+02  1.11162620E+00  1.00170023E+00  1.11162620E+00
   217  1.73600000E+02  1.11162543E+00  1.00183606E+00  1.11162543E+00
   218  1.74400000E+02  1.11162472E+00  1.00198001E+00  1.11162472E+00
   219  1.75200000E+02  1.11162406E+00  1.00213245E+00  1.11162406E+00
   220  1.76000000E+02  1.11162346E+00  1.00229379E+00  1.11162346E+00
   221  1.76800000E+02  1.11162291E+00  1.00246446E+00  1.11162291E+00
   222  1.77600000E+02  1.11162240E+00  1.00264489E+00  1.11162240E+00
   223  1.78400000E+02  1.11162194E+00  1.00283553E+00  1.11162194E+00
   224  1.79200000E+02  1.11162151E+00  1.00303685E+00  1.11162151E+00
   225  1.80000000E+02  1.11162112E+00  1.00324933E+00  1.11162112E+00
   226  1.80800000E+02  1.11162075E+00  1.00347346E+00  1.11162075E+00
   227  1.81600000E+02  1.11162041E+00  1.00370977E+00  1.11162041E+00
   228  1.82400000E+02  1.11162010E+00  1.00395879E+00  1.11162010E+00
   229  1.83200000E+02  1.11161980E+00  1.00422105E+00  1.11161980E+00
   230  1.84000000E+02  1.11161952E+00  1.00449712E+00  1.11161952E+00
   231  1.84800000E+02  1.11161926E+00  1.00478758E+00  1.11161926E+00
   232  1.85600000E+02  1.11161902E+00  1.00509303E+00  1.11161902E+00
   233  1.86400000E+02  1.11161879E+00  1.00541406E+00  1.11161879E+00
   234  1.87200000E+02  1.11161857E+00  1.00575131E+00  1.11161857E+00
   235  1.88000000E+02  1.11161837E+00  1.00610542E+00  1.11161837E+00
   236  1.88800000E+02  1.11161818E+00  1.00647703E+00  1.11161818E+00
   237  1.89600000E+02  1.11161800E+00  1.00686683E+00  1.11161800E+00
   238  1.90400000E+02  1.11161783E+00  1.00727548E+00  1.11161783E+00
   239  1.91200000E+02  1.11161767E+00  1.00770369E+00  1.11161767E+00
   240  1.92000000E+02  1.11161755E+00  1.00815215E+00  1.11161755E+00
   241  1.92800000E+02  1.11161742E+00  1.00862160E+00  1.11161742E+00
   242  1.93600000E+02  1.11161731E+00  1.00911276E+00  1.11161731E+00
   243  1.94400000E+02  1.11161720E+00  1.00962636E+00  1.11161720E+00
   244  1.95200000E+02  1.11161710E+00  1.01016316E+00  1.11161710E+00
   245  1.96000000E+02  1.11161700E+00  1.01072390E+00  1.11161700E+00
   246  1.96800000E+02  1.11161691E+00  1.01130934E+00  1.11161691E+00
   247  1.97600000E+02  1.11161682E+00  1.01192024E+00  1.11161682E+00
   248  1.98400000E+02  1.11161673E+00  1.01255736E+00  1.11161673E+00
   249  1.99200000E+02  1.11161666E+00  1.01322145E+00  1.11161666E+00
   250  2.00000000E+02  1.11161658E+00  1.01391326E+00  1.11161658E+00
   251  2.00800000E+02  1.11161651E+00  1.01463354E+00  1.11161651E+00
   252  2.01600000E+02  1.11161644E+00  1.01538300E+00  1.11161644E+00
   253  2.02400000E+02  1.11161638E+00  1.01616238E+00  1.11161638E+00
   254  2.03200000E+02  1.11161632E+00  1.01697236E+00  1.11161632E+00
   255  2.04000000E+02  1.11161626E+00  1.01781362E+00  1.11161626E+00
   256  2.04800000E+02  1.11161621E+00  1.01868682E+00  1.11161621E+00
   257  2.05600000E+02  1.11161616E+00  1.01959258E+00  1.11161616E+00
   258  2.06400000E+02  1.11161611E+00  1.02053149E+00  1.11161611E+00
   259  2.07200000E+02  1.11161607E+00  1.02150411E+00  1.11161607E+00
   260  2.08000000E+02  1.11161603E+00  1.02251095E+00  1.11161603E+00
   261  2.08800000E+02  1.11161599E+00  1.02355247E+00  1.11161599E+00
   262  2.09600000E+02  1.11161595E+00  1.02462911E+00  1.11161595E+00
   263  2.10400000E+02  1.11161591E+00  1.02574122E+00  1.11161591E+00
   264  2.11200000E+02  1.11161588E+00  1.02688911E+00  1.11161588E+00
   265  2.12000000E+02  1.11161585E+00  1.02807302E+00  1.11161585E+00
   266  2.12800000E+02  1.11161582E+00  1.02929312E+00  1.11161582E+00
   267  2.13600000E+02  1.11161579E+00  1.03054950E+00  1.11161579E+00
   268  2.14400000E+02  1.11161577E+00  1.03184217E+00  1.11161577E+00
   269  2.15200000E+02  1.11161574E+00  1.03317105E+00  1.11161574E+00
   270  2.16000000E+02  1.11161572E+00  1.03453597E+00  1.11161572E+00
   271  2.16800000E+02  1.11161570E+00  1.03593664E+00  1.11161570E+00
   272  2.17600000E+02  1.11161568E+00  1.03737269E+00  1.11161568E+00
   273  2.18400000E+02  1.11161566E+00  1.03884362E+00  1.11161566E+00
   274  2.19200000E+02  1.11161565E+00  1.04034881E+00  1.11161565E+00
   275  2.20000000E+02  1.11161563E+00  1.04188751E+00  1.11161563E+00
   276  2.20800000E+02  1.11161561E+00  1.04345885E+00  1.11161561E+00
   277  2.21600000E+02  1.11161560E+00  1.04506183E+00  1.11161560E+00
   278  2.22400000E+02  1.11161559E+00  1.04669529E+00  1.11161559E+00
   279  2.23200000E+02  1.11161557E+00  1.04835794E+00  1.11161557E+00
   280  2.24000000E+02  1.11161556E+00  1.05004834E+00  1.11161556E+00
   281  2.24800000E+02  1.11161555E+00  1.05176491E+00  1.11161555E+00
   282  2.25600000E+02  1.11161554E+00  1.05350590E+00  1.11161554E+00
   283  2.26400000E+02  1.11161553E+00  1.05526944E+00  1.11161553E+00
   284  2.27200000E+02  1.11161553E+00  1.05705347E+00  1.11161553E+00
   285  2.28000000E+02  1.11161552E+00  1.05885581E+00  1.11161552E+00
   286  2.28800000E+02  1.11161551E+00  1.06067411E+00  1.11161551E+00
   287  2.29600000E+02  1.11161550E+00  1.06250588E+00  1.11161550E+00
   288  2.30400000E+02  1.11161550E+00  1.06434848E+00  1.11161550E+00
   289  2.31200000E+02  1.11161549E+00  1.06619913E+00  1.11161549E+00
   290  2.32000000E+02  1.11161549E+00  1.06805491E+00  1.11161549E+00
   291  2.32800000E+02  1.11161548E+00  1.06991276E+00  1.11161548E+00
   292  2.33600000E+02  1.11161548E+00  1.07176949E+00  1.11161548E+00
   293  2.34400000E+02  1.11161547E+00  1.07362180E+00  1.11161547E+00
   294  2.35200000E+02  1.11161547E+00  1.07546627E+00  1.11161547E+00
   295  2.36000000E+02  1.11161546E+00  1.07729937E+00  1.11161546E+00
   296  2.36800000E+02  1.11161546E+00  1.07911747E+00  1.11161546E+00
   297  2.37600000E+02  1.11161546E+00  1.08091688E+00  1.11161546E+00
   298  2.38400000E+02  1.11161545E+00  1.08269382E+00  1.11161545E+00
   299  2.39200000E+02  1.11161545E+00  1.08444445E+00  1.11161545E+00
   300  2.40000000E+02  1.11161545E+00  1.08616492E+00  1.11161545E+00
   301  2.40800000E+02  1.11161545E+00  1.08785133E+00  1.11161545E+00
   302  2.41600000E+02  1.11161544E+00  1.08949981E+00  1.11161544E+00
   303  2.42400000E+02  1.11161544E+00  1.09110649E+00  1.11161544E+00
   304  2.43200000E+02  1.11161544E+00  1.09266757E+00  1.11161544E+00
   305  2.44000000E+02  1.11161544E+00  1.09417932E+00  1.11161544E+00
   306  2.44800000E+02  1.11161544E+00  1.09563811E+00  1.11161544E+00
   307  2.45600000E+02  1.11161544E+00  1.09704047E+00  1.11161544E+00
   308  2.46400000E+02  1.11161543E+00  1.09838309E+00  1.11161543E+00
   309  2.47200000E+02  1.11161543E+00  1.09966291E+00  1.11161543E+00
   310  2.48000000E+02  1.11161543E+00  1.10087710E+00  1.11161543E+00
   311  2.48800000E+02  1.11161543E+00  1.10202320E+00  1.11161543E+00
   312  2.49600000E+02  1.11161543E+00  1.10309906E+00  1.11161543E+00
   313  2.50400000E+02  1.11161543E+00  1.10410302E+00  1.11161543E+00
   314  2.51200000E+02  1.11161543E+00  1.10503386E+00  1.11161543E+00
   315  2.52000000E+02  1.11161543E+00  1.10589092E+00  1.11161543E+00
   316  2.52800000E+02  1.11161543E+00  1.10667412E+00  1.11161543E+00
   317  2.53600000E+02  1.11161543E+00  1.10738403E+00  1.11161543E+00
   318  2.54400000E+02  1.11161543E+00  1.10802187E+00  1.11161543E+00
   319  2.55200000E+02  1.11161542E+00  1.10858955E+00  1.11161542E+00
   320  2.56000000E+02  1.11161542E+00  1.10908964E+00  1.11161542E+00
   321  2.56800000E+02  1.11161542E+00  1.10952537E+00  1.11161542E+00
   322  2.57600000E+02  1.11161542E+00  1.10990059E+00  1.11161542E+00
   323  2.58400000E+02  1.11161542E+00  1.11021965E+00  1.11161542E+00
   324  2.59200000E+02  1.11161542E+00  1.11048735E+00  1.11161542E+00
   325  2.60000000E+02  1.11161542E+00  1.11070882E+00  1.11161542E+00
   326  2.60800000E+02  1.11161542E+00  1.11088935E+00  1.11161542E+00
   327  2.61600000E+02  1.11161542E+00  1.11103431E+00  1.11161542E+00
   328  2.62400000E+02  1.11161542E+00  1.11114897E+00  1.11161542E+00
   329  2.63200000E+02  1.11161542E+00  1.11123838E+00  1.11161542E+00
   330  2.64000000E+02  1.11161542E+00  1.11130725E+00  1.11161542E+00
   331  2.64800000E+02  1.11161542E+00  1.11135983E+00  1.11161542E+00
   332  2.65600000E+02  1.11161542E+00  1.11139986E+00  1.11161542E+00
   333  2.66400000E+02  1.11161542E+00  1.11143050E+00  1.11161542E+00
   334  2.67200000E+02  1.11161542E+00  1.11145431E+00  1.11161542E+00
   335  2.68000000E+02  1.11161542E+00  1.11147331E+00  1.11161542E+00
   336  2.68800000E+02  1.11161542E+00  1.11148894E+00  1.11161542E+00
   337  2.69600000E+02  1.11161542E+00  1.11150219E+00  1.11161542E+00
   338  2.70400000E+02  1.11161542E+00  1.11151365E+00  1.11161542E+00
   339  2.71200000E+02  1.11161542E+00  1.11152362E+00  1.11161542E+00
   340  2.72000000E+02  1.11161542E+00  1.11153214E+00  1.11161542E+00
   341  2.72800000E+02  1.11161542E+00  1.11153917E+00  1.11161542E+00
   342  2.73600000E+02  1.11161542E+00  1.11154459E+00  1.11161542E+00
   343  2.74400000E+02  1.11161542E+00  1.11154829E+00  1.11161542E+00
   344  2.75200000E+02  1.11161542E+00  1.11155022E+00  1.11161542E+00
   345  2.76000000E+02  1.11161542E+00  1.11155041E+00  1.11161542E+00
   346  2.76800000E+02  1.11161542E+00  1.11154897E+00  1.11161542E+00
   347  2.77600000E+02  1.11161542E+00  1.11154611E+00  1.11161542E+00
   348  2.78400000E+02  1.11161542E+00  1.11154209E+00  1.11161542E+00
 steady-height stop at step    348: changes <=   1.0000E-05, max-end <=   1.0000E-02, max/end/gap/profile_change =   1.11161542E+00  1.11154209E+00  7.33289627E-05  5.56400973E-06


STDERR:
