COMMAND:
/shared/swell_inference/datas/generate_rom_data/extrudate_swell2d_c_cluster

STDOUT:
 comppar: model =   3
 comppar: lambda,mobility/eps,betav,eta_0 =  6.4000E+00  5.0000E-01  5.0000E-01  1.0000E+00
 comppar: eta_s,eta_p,G =  5.0000E-01  5.0000E-01  7.8125E-02
 comppar: U_avg,deltat,flowrate,nsteps =  2.5000E-02  8.0000E-01  7.8540E-02     700
 comppar: geometry = axisymmetric
 comppar: steady stop change,gap,hold,min =  1.0000E-05  1.0000E-02      10      80
 comppar: ncompc,ncompg =     4     5
 mesh nnodes = 5765
 mesh nelem = 2780
 P1 BC   5.0000000000000000     
 P2 BC   0.0000000000000000     
     1  8.00000000E-01  1.00253029E+00  1.00000000E+00  1.00253029E+00
     2  1.60000000E+00  1.00501749E+00  1.00000000E+00  1.00501749E+00
     3  2.40000000E+00  1.00745291E+00  1.00000000E+00  1.00745291E+00
     4  3.20000000E+00  1.00983686E+00  1.00000000E+00  1.00983686E+00
     5  4.00000000E+00  1.01216714E+00  1.00000000E+00  1.01216714E+00
     6  4.80000000E+00  1.01445157E+00  1.00000000E+00  1.01445157E+00
     7  5.60000000E+00  1.01668369E+00  1.00000000E+00  1.01668369E+00
     8  6.40000000E+00  1.01886554E+00  1.00000000E+00  1.01886554E+00
     9  7.20000000E+00  1.02101092E+00  1.00000000E+00  1.02101092E+00
    10  8.00000000E+00  1.02310184E+00  1.00000000E+00  1.02310184E+00
    11  8.80000000E+00  1.02516945E+00  1.00000000E+00  1.02516945E+00
    12  9.60000000E+00  1.02717869E+00  1.00000001E+00  1.02717869E+00
    13  1.04000000E+01  1.02917406E+00  1.00000001E+00  1.02917406E+00
    14  1.12000000E+01  1.03111033E+00  1.00000001E+00  1.03111033E+00
    15  1.20000000E+01  1.03304067E+00  1.00000001E+00  1.03304067E+00
    16  1.28000000E+01  1.03490996E+00  1.00000001E+00  1.03490996E+00
    17  1.36000000E+01  1.03677206E+00  1.00000001E+00  1.03677206E+00
    18  1.44000000E+01  1.03859064E+00  1.00000001E+00  1.03859064E+00
    19  1.52000000E+01  1.04037838E+00  1.00000001E+00  1.04037838E+00
    20  1.60000000E+01  1.04215023E+00  1.00000000E+00  1.04215023E+00
    21  1.68000000E+01  1.04385949E+00  1.00000000E+00  1.04385949E+00
    22  1.76000000E+01  1.04558455E+00  1.00000000E+00  1.04558455E+00
    23  1.84000000E+01  1.04726111E+00  9.99999999E-01  1.04726111E+00
    24  1.92000000E+01  1.04889358E+00  9.99999996E-01  1.04889358E+00
    25  2.00000000E+01  1.05053941E+00  9.99999993E-01  1.05053941E+00
    26  2.08000000E+01  1.05212051E+00  9.99999989E-01  1.05212051E+00
    27  2.16000000E+01  1.05366622E+00  9.99999984E-01  1.05366622E+00
    28  2.24000000E+01  1.05523144E+00  9.99999979E-01  1.05523144E+00
    29  2.32000000E+01  1.05672942E+00  9.99999973E-01  1.05672942E+00
    30  2.40000000E+01  1.05820348E+00  9.99999966E-01  1.05820348E+00
    31  2.48000000E+01  1.05968751E+00  9.99999958E-01  1.05968751E+00
    32  2.56000000E+01  1.06110150E+00  9.99999950E-01  1.06110150E+00
    33  2.64000000E+01  1.06248171E+00  9.99999940E-01  1.06248171E+00
    34  2.72000000E+01  1.06389986E+00  9.99999928E-01  1.06389986E+00
    35  2.80000000E+01  1.06524610E+00  9.99999916E-01  1.06524610E+00
    36  2.88000000E+01  1.06653435E+00  9.99999902E-01  1.06653435E+00
    37  2.96000000E+01  1.06788619E+00  9.99999887E-01  1.06788619E+00
    38  3.04000000E+01  1.06916415E+00  9.99999870E-01  1.06916415E+00
    39  3.12000000E+01  1.07036494E+00  9.99999852E-01  1.07036494E+00
    40  3.20000000E+01  1.07161417E+00  9.99999831E-01  1.07161417E+00
    41  3.28000000E+01  1.07284416E+00  9.99999809E-01  1.07284416E+00
    42  3.36000000E+01  1.07399619E+00  9.99999785E-01  1.07399619E+00
    43  3.44000000E+01  1.07511599E+00  9.99999758E-01  1.07511599E+00
    44  3.52000000E+01  1.07629785E+00  9.99999729E-01  1.07629785E+00
    45  3.60000000E+01  1.07740086E+00  9.99999698E-01  1.07740086E+00
    46  3.68000000E+01  1.07842241E+00  9.99999664E-01  1.07842241E+00
    47  3.76000000E+01  1.07948298E+00  9.99999627E-01  1.07948298E+00
    48  3.84000000E+01  1.08056203E+00  9.99999587E-01  1.08056203E+00
    49  3.92000000E+01  1.08155983E+00  9.99999544E-01  1.08155983E+00
    50  4.00000000E+01  1.08247441E+00  9.99999497E-01  1.08247441E+00
    51  4.08000000E+01  1.08349342E+00  9.99999447E-01  1.08349342E+00
    52  4.16000000E+01  1.08446711E+00  9.99999393E-01  1.08446711E+00
    53  4.24000000E+01  1.08535768E+00  9.99999336E-01  1.08535768E+00
    54  4.32000000E+01  1.08616393E+00  9.99999273E-01  1.08616393E+00
    55  4.40000000E+01  1.08710220E+00  9.99999207E-01  1.08710220E+00
    56  4.48000000E+01  1.08799282E+00  9.99999135E-01  1.08799282E+00
    57  4.56000000E+01  1.08879993E+00  9.99999059E-01  1.08879993E+00
    58  4.64000000E+01  1.08952325E+00  9.99998977E-01  1.08952325E+00
    59  4.72000000E+01  1.09038734E+00  9.99998890E-01  1.09038734E+00
    60  4.80000000E+01  1.09119384E+00  9.99998797E-01  1.09119384E+00
    61  4.88000000E+01  1.09191671E+00  9.99998697E-01  1.09191671E+00
    62  4.96000000E+01  1.09255663E+00  9.99998591E-01  1.09255663E+00
    63  5.04000000E+01  1.09333305E+00  9.99998478E-01  1.09333305E+00
    64  5.12000000E+01  1.09405911E+00  9.99998358E-01  1.09405911E+00
    65  5.20000000E+01  1.09470294E+00  9.99998230E-01  1.09470294E+00
    66  5.28000000E+01  1.09526638E+00  9.99998094E-01  1.09526638E+00
    67  5.36000000E+01  1.09598985E+00  9.99997950E-01  1.09598985E+00
    68  5.44000000E+01  1.09663493E+00  9.99997797E-01  1.09663493E+00
    69  5.52000000E+01  1.09719947E+00  9.99997635E-01  1.09719947E+00
    70  5.60000000E+01  1.09770302E+00  9.99997462E-01  1.09770302E+00
    71  5.68000000E+01  1.09835171E+00  9.99997280E-01  1.09835171E+00
    72  5.76000000E+01  1.09892047E+00  9.99997087E-01  1.09892047E+00
    73  5.84000000E+01  1.09941217E+00  9.99996882E-01  1.09941217E+00
    74  5.92000000E+01  1.09988707E+00  9.99996666E-01  1.09988707E+00
    75  6.00000000E+01  1.10045679E+00  9.99996438E-01  1.10045679E+00
    76  6.08000000E+01  1.10094923E+00  9.99996196E-01  1.10094923E+00
    77  6.16000000E+01  1.10136845E+00  9.99995942E-01  1.10136845E+00
    78  6.24000000E+01  1.10181329E+00  9.99995673E-01  1.10181329E+00
    79  6.32000000E+01  1.10231020E+00  9.99995389E-01  1.10231020E+00
    80  6.40000000E+01  1.10273411E+00  9.99995090E-01  1.10273411E+00
    81  6.48000000E+01  1.10308995E+00  9.99994775E-01  1.10308995E+00
    82  6.56000000E+01  1.10351611E+00  9.99994444E-01  1.10351611E+00
    83  6.64000000E+01  1.10394053E+00  9.99994094E-01  1.10394053E+00
    84  6.72000000E+01  1.10429664E+00  9.99993727E-01  1.10429664E+00
    85  6.80000000E+01  1.10459025E+00  9.99993341E-01  1.10459025E+00
    86  6.88000000E+01  1.10500683E+00  9.99992935E-01  1.10500683E+00
    87  6.96000000E+01  1.10536754E+00  9.99992509E-01  1.10536754E+00
    88  7.04000000E+01  1.10566546E+00  9.99992061E-01  1.10566546E+00
    89  7.12000000E+01  1.10594019E+00  9.99991591E-01  1.10594019E+00
    90  7.20000000E+01  1.10630129E+00  9.99991098E-01  1.10630129E+00
    91  7.28000000E+01  1.10659940E+00  9.99990582E-01  1.10659940E+00
    92  7.36000000E+01  1.10684078E+00  9.99990040E-01  1.10684078E+00
    93  7.44000000E+01  1.10712461E+00  9.99989473E-01  1.10712461E+00
    94  7.52000000E+01  1.10742708E+00  9.99988879E-01  1.10742708E+00
    95  7.60000000E+01  1.10767235E+00  9.99988257E-01  1.10767235E+00
    96  7.68000000E+01  1.10786688E+00  9.99987607E-01  1.10786688E+00
    97  7.76000000E+01  1.10813986E+00  9.99986927E-01  1.10813986E+00
    98  7.84000000E+01  1.10838530E+00  9.99986216E-01  1.10838530E+00
    99  7.92000000E+01  1.10857988E+00  9.99985474E-01  1.10857988E+00
   100  8.00000000E+01  1.10876924E+00  9.99984699E-01  1.10876924E+00
   101  8.08000000E+01  1.10901870E+00  9.99983890E-01  1.10901870E+00
   102  8.16000000E+01  1.10921666E+00  9.99983046E-01  1.10921666E+00
   103  8.24000000E+01  1.10936972E+00  9.99982166E-01  1.10936972E+00
   104  8.32000000E+01  1.10955447E+00  9.99981250E-01  1.10955447E+00
   105  8.40000000E+01  1.10975262E+00  9.99980295E-01  1.10975262E+00
   106  8.48000000E+01  1.10990576E+00  9.99979300E-01  1.10990576E+00
   107  8.56000000E+01  1.11002940E+00  9.99978266E-01  1.11002940E+00
   108  8.64000000E+01  1.11023112E+00  9.99977190E-01  1.11023112E+00
   109  8.72000000E+01  1.11038711E+00  9.99976071E-01  1.11038711E+00
   110  8.80000000E+01  1.11050393E+00  9.99974908E-01  1.11050393E+00
   111  8.88000000E+01  1.11062674E+00  9.99973701E-01  1.11062674E+00
   112  8.96000000E+01  1.11078295E+00  9.99972448E-01  1.11078295E+00
   113  9.04000000E+01  1.11089992E+00  9.99971148E-01  1.11089992E+00
   114  9.12000000E+01  1.11098413E+00  9.99969801E-01  1.11098413E+00
   115  9.20000000E+01  1.11114014E+00  9.99968404E-01  1.11114014E+00
   116  9.28000000E+01  1.11125937E+00  9.99966957E-01  1.11125937E+00
   117  9.36000000E+01  1.11134503E+00  9.99965460E-01  1.11134503E+00
   118  9.44000000E+01  1.11142665E+00  9.99963911E-01  1.11142665E+00
   119  9.52000000E+01  1.11154614E+00  9.99962310E-01  1.11154614E+00
   120  9.60000000E+01  1.11163199E+00  9.99960656E-01  1.11163199E+00
   121  9.68000000E+01  1.11169041E+00  9.99958948E-01  1.11169041E+00
   122  9.76000000E+01  1.11180927E+00  9.99957185E-01  1.11180927E+00
   123  9.84000000E+01  1.11189681E+00  9.99955368E-01  1.11189681E+00
   124  9.92000000E+01  1.11195610E+00  9.99953495E-01  1.11195610E+00
   125  1.00000000E+02  1.11201175E+00  9.99951566E-01  1.11201175E+00
   126  1.00800000E+02  1.11209957E+00  9.99949582E-01  1.11209957E+00
   127  1.01600000E+02  1.11215911E+00  9.99947542E-01  1.11215911E+00
   128  1.02400000E+02  1.11220116E+00  9.99945446E-01  1.11220116E+00
   129  1.03200000E+02  1.11229091E+00  9.99943294E-01  1.11229091E+00
   130  1.04000000E+02  1.11235155E+00  9.99941087E-01  1.11235155E+00
   131  1.04800000E+02  1.11238900E+00  9.99938826E-01  1.11238900E+00
   132  1.05600000E+02  1.11243009E+00  9.99936511E-01  1.11243009E+00
   133  1.06400000E+02  1.11249103E+00  9.99934143E-01  1.11249103E+00
   134  1.07200000E+02  1.11252875E+00  9.99931723E-01  1.11252875E+00
   135  1.08000000E+02  1.11256619E+00  9.99929254E-01  1.11256619E+00
   136  1.08800000E+02  1.11262847E+00  9.99926737E-01  1.11262847E+00
   137  1.09600000E+02  1.11266673E+00  9.99924173E-01  1.11266673E+00
   138  1.10400000E+02  1.11268649E+00  9.99921566E-01  1.11268649E+00
   139  1.11200000E+02  1.11272046E+00  9.99918918E-01  1.11272046E+00
   140  1.12000000E+02  1.11275904E+00  9.99916232E-01  1.11275904E+00
   141  1.12800000E+02  1.11277910E+00  9.99913512E-01  1.11277910E+00
   142  1.13600000E+02  1.11281710E+00  9.99910761E-01  1.11281710E+00
   143  1.14400000E+02  1.11285642E+00  9.99907984E-01  1.11285642E+00
   144  1.15200000E+02  1.11287650E+00  9.99905186E-01  1.11287650E+00
   145  1.16000000E+02  1.11288237E+00  9.99902372E-01  1.11288237E+00
   146  1.16800000E+02  1.11291389E+00  9.99899548E-01  1.11291389E+00
   147  1.17600000E+02  1.11293428E+00  9.99896720E-01  1.11293428E+00
   148  1.18400000E+02  1.11294096E+00  9.99893897E-01  1.11294096E+00
   149  1.19200000E+02  1.11298158E+00  9.99891085E-01  1.11298158E+00
   150  1.20000000E+02  1.11300217E+00  9.99888293E-01  1.11300217E+00
   151  1.20800000E+02  1.11300788E+00  9.99885531E-01  1.11300788E+00
   152  1.21600000E+02  1.11301398E+00  9.99882809E-01  1.11301398E+00
   153  1.22400000E+02  1.11303491E+00  9.99880137E-01  1.11303491E+00
   154  1.23200000E+02  1.11304095E+00  9.99877528E-01  1.11304095E+00
   155  1.24000000E+02  1.11306059E+00  9.99874995E-01  1.11306059E+00
   156  1.24800000E+02  1.11308189E+00  9.99872551E-01  1.11308189E+00
   157  1.25600000E+02  1.11308760E+00  9.99870211E-01  1.11308760E+00
   158  1.26400000E+02  1.11308241E+00  9.99867992E-01  1.11308241E+00
   159  1.27200000E+02  1.11309704E+00  9.99865911E-01  1.11309704E+00
   160  1.28000000E+02  1.11310308E+00  9.99863986E-01  1.11310308E+00
   161  1.28800000E+02  1.11310732E+00  9.99862238E-01  1.11310732E+00
   162  1.29600000E+02  1.11312952E+00  9.99860687E-01  1.11312952E+00
   163  1.30400000E+02  1.11313539E+00  9.99859357E-01  1.11313539E+00
   164  1.31200000E+02  1.11312974E+00  9.99858272E-01  1.11312974E+00
   165  1.32000000E+02  1.11313272E+00  9.99857458E-01  1.11313272E+00
   166  1.32800000E+02  1.11313893E+00  9.99856945E-01  1.11313893E+00
   167  1.33600000E+02  1.11313362E+00  9.99856761E-01  1.11313362E+00
   168  1.34400000E+02  1.11315548E+00  9.99856938E-01  1.11315548E+00
   169  1.35200000E+02  1.11316167E+00  9.99857511E-01  1.11316167E+00
   170  1.36000000E+02  1.11315569E+00  9.99858516E-01  1.11315569E+00
   171  1.36800000E+02  1.11315082E+00  9.99859991E-01  1.11315082E+00
   172  1.37600000E+02  1.11315737E+00  9.99861977E-01  1.11315737E+00
   173  1.38400000E+02  1.11315172E+00  9.99864518E-01  1.11315172E+00
   174  1.39200000E+02  1.11316730E+00  9.99867659E-01  1.11316730E+00
   175  1.40000000E+02  1.11317399E+00  9.99871451E-01  1.11317399E+00
   176  1.40800000E+02  1.11316780E+00  9.99875943E-01  1.11316780E+00
   177  1.41600000E+02  1.11315772E+00  9.99881192E-01  1.11315772E+00
   178  1.42400000E+02  1.11316477E+00  9.99887256E-01  1.11316477E+00
   179  1.43200000E+02  1.11315892E+00  9.99894195E-01  1.11315892E+00
   180  1.44000000E+02  1.11317035E+00  9.99902075E-01  1.11317035E+00
   181  1.44800000E+02  1.11317769E+00  9.99910964E-01  1.11317769E+00
   182  1.45600000E+02  1.11317144E+00  9.99920936E-01  1.11317144E+00
   183  1.46400000E+02  1.11315801E+00  9.99932067E-01  1.11315801E+00
   184  1.47200000E+02  1.11316572E+00  9.99944438E-01  1.11316572E+00
   185  1.48000000E+02  1.11315980E+00  9.99958135E-01  1.11315980E+00
   186  1.48800000E+02  1.11316856E+00  9.99973248E-01  1.11316856E+00
   187  1.49600000E+02  1.11317671E+00  9.99989872E-01  1.11317671E+00
   188  1.50400000E+02  1.11317053E+00  1.00000811E+00  1.11317053E+00
   189  1.51200000E+02  1.11315487E+00  1.00002806E+00  1.11315487E+00
   190  1.52000000E+02  1.11316341E+00  1.00004984E+00  1.11316341E+00
   191  1.52800000E+02  1.11315755E+00  1.00007356E+00  1.11315755E+00
   192  1.53600000E+02  1.11316448E+00  1.00009935E+00  1.11316448E+00
   193  1.54400000E+02  1.11317360E+00  1.00012734E+00  1.11317360E+00
   194  1.55200000E+02  1.11316762E+00  1.00015766E+00  1.11316762E+00
   195  1.56000000E+02  1.11315133E+00  1.00019045E+00  1.11315133E+00
   196  1.56800000E+02  1.11315993E+00  1.00022587E+00  1.11315993E+00
   197  1.57600000E+02  1.11315429E+00  1.00026407E+00  1.11315429E+00
   198  1.58400000E+02  1.11315980E+00  1.00030521E+00  1.11315980E+00
   199  1.59200000E+02  1.11317005E+00  1.00034947E+00  1.11317005E+00
   200  1.60000000E+02  1.11316442E+00  1.00039703E+00  1.11316442E+00
   201  1.60800000E+02  1.11314780E+00  1.00044807E+00  1.11314780E+00
   202  1.61600000E+02  1.11315663E+00  1.00050279E+00  1.11315663E+00
   203  1.62400000E+02  1.11315134E+00  1.00056141E+00  1.11315134E+00
   204  1.63200000E+02  1.11315560E+00  1.00062413E+00  1.11315560E+00
   205  1.64000000E+02  1.11316715E+00  1.00069117E+00  1.11316715E+00
   206  1.64800000E+02  1.11316201E+00  1.00076279E+00  1.11316201E+00
   207  1.65600000E+02  1.11314517E+00  1.00083921E+00  1.11314517E+00
   208  1.66400000E+02  1.11315435E+00  1.00092071E+00  1.11315435E+00
   209  1.67200000E+02  1.11314954E+00  1.00100754E+00  1.11314954E+00
   210  1.68000000E+02  1.11315247E+00  1.00109998E+00  1.11315247E+00
   211  1.68800000E+02  1.11316548E+00  1.00119833E+00  1.11316548E+00
   212  1.69600000E+02  1.11316097E+00  1.00130289E+00  1.11316097E+00
   213  1.70400000E+02  1.11314403E+00  1.00141397E+00  1.11314403E+00
   214  1.71200000E+02  1.11315346E+00  1.00153191E+00  1.11315346E+00
   215  1.72000000E+02  1.11314929E+00  1.00165704E+00  1.11314929E+00
   216  1.72800000E+02  1.11315069E+00  1.00178972E+00  1.11315069E+00
   217  1.73600000E+02  1.11316531E+00  1.00193032E+00  1.11316531E+00
   218  1.74400000E+02  1.11316157E+00  1.00207922E+00  1.11316157E+00
   219  1.75200000E+02  1.11314466E+00  1.00223681E+00  1.11314466E+00
   220  1.76000000E+02  1.11315415E+00  1.00240351E+00  1.11315415E+00
   221  1.76800000E+02  1.11315077E+00  1.00257974E+00  1.11315077E+00
   222  1.77600000E+02  1.11315032E+00  1.00276595E+00  1.11315032E+00
   223  1.78400000E+02  1.11316671E+00  1.00296259E+00  1.11316671E+00
   224  1.79200000E+02  1.11316388E+00  1.00317013E+00  1.11316388E+00
   225  1.80000000E+02  1.11314713E+00  1.00338905E+00  1.11314713E+00
   226  1.80800000E+02  1.11315639E+00  1.00361987E+00  1.11315639E+00
   227  1.81600000E+02  1.11315394E+00  1.00386310E+00  1.11315394E+00
   228  1.82400000E+02  1.11315130E+00  1.00411927E+00  1.11315130E+00
   229  1.83200000E+02  1.11316962E+00  1.00438893E+00  1.11316962E+00
   230  1.84000000E+02  1.11316785E+00  1.00467266E+00  1.11316785E+00
   231  1.84800000E+02  1.11315138E+00  1.00497102E+00  1.11315138E+00
   232  1.85600000E+02  1.11316010E+00  1.00528463E+00  1.11316010E+00
   233  1.86400000E+02  1.11315872E+00  1.00561408E+00  1.11315872E+00
   234  1.87200000E+02  1.11315349E+00  1.00596002E+00  1.11315349E+00
   235  1.88000000E+02  1.11317388E+00  1.00632308E+00  1.11317388E+00
   236  1.88800000E+02  1.11317332E+00  1.00670391E+00  1.11317332E+00
   237  1.89600000E+02  1.11315727E+00  1.00710319E+00  1.11315727E+00
   238  1.90400000E+02  1.11316507E+00  1.00752161E+00  1.11316507E+00
   239  1.91200000E+02  1.11316492E+00  1.00795985E+00  1.11316492E+00
   240  1.92000000E+02  1.11315670E+00  1.00841862E+00  1.11315670E+00
   241  1.92800000E+02  1.11317932E+00  1.00889864E+00  1.11317932E+00
   242  1.93600000E+02  1.11318012E+00  1.00940064E+00  1.11318012E+00
   243  1.94400000E+02  1.11316461E+00  1.00992536E+00  1.11316461E+00
   244  1.95200000E+02  1.11317114E+00  1.01047354E+00  1.11317114E+00
   245  1.96000000E+02  1.11317236E+00  1.01104592E+00  1.11317236E+00
   246  1.96800000E+02  1.11316074E+00  1.01164326E+00  1.11316074E+00
   247  1.97600000E+02  1.11318574E+00  1.01226631E+00  1.11318574E+00
   248  1.98400000E+02  1.11318803E+00  1.01291582E+00  1.11318803E+00
   249  1.99200000E+02  1.11317320E+00  1.01359254E+00  1.11317320E+00
   250  2.00000000E+02  1.11317808E+00  1.01429722E+00  1.11317808E+00
   251  2.00800000E+02  1.11318082E+00  1.01503060E+00  1.11318082E+00
   252  2.01600000E+02  1.11316631E+00  1.01579338E+00  1.11316631E+00
   253  2.02400000E+02  1.11319293E+00  1.01658630E+00  1.11319293E+00
   254  2.03200000E+02  1.11319686E+00  1.01741002E+00  1.11319686E+00
   255  2.04000000E+02  1.11318284E+00  1.01826524E+00  1.11318284E+00
   256  2.04800000E+02  1.11318571E+00  1.01915258E+00  1.11318571E+00
   257  2.05600000E+02  1.11319012E+00  1.02007268E+00  1.11319012E+00
   258  2.06400000E+02  1.11317643E+00  1.02102610E+00  1.11317643E+00
   259  2.07200000E+02  1.11320070E+00  1.02201340E+00  1.11320070E+00
   260  2.08000000E+02  1.11320642E+00  1.02303509E+00  1.11320642E+00
   261  2.08800000E+02  1.11319335E+00  1.02409162E+00  1.11319335E+00
   262  2.09600000E+02  1.11319384E+00  1.02518340E+00  1.11319384E+00
   263  2.10400000E+02  1.11320006E+00  1.02631080E+00  1.11320006E+00
   264  2.11200000E+02  1.11318734E+00  1.02747409E+00  1.11318734E+00
   265  2.12000000E+02  1.11320889E+00  1.02867351E+00  1.11320889E+00
   266  2.12800000E+02  1.11321654E+00  1.02990922E+00  1.11321654E+00
   267  2.13600000E+02  1.11320456E+00  1.03118130E+00  1.11320456E+00
   268  2.14400000E+02  1.11320231E+00  1.03248975E+00  1.11320231E+00
   269  2.15200000E+02  1.11321049E+00  1.03383448E+00  1.11321049E+00
   270  2.16000000E+02  1.11319888E+00  1.03521529E+00  1.11319888E+00
   271  2.16800000E+02  1.11321734E+00  1.03663192E+00  1.11321734E+00
   272  2.17600000E+02  1.11322707E+00  1.03808398E+00  1.11322707E+00
   273  2.18400000E+02  1.11321631E+00  1.03957095E+00  1.11321631E+00
   274  2.19200000E+02  1.11321098E+00  1.04109223E+00  1.11321098E+00
   275  2.20000000E+02  1.11322127E+00  1.04264708E+00  1.11322127E+00
   276  2.20800000E+02  1.11321090E+00  1.04423463E+00  1.11321090E+00
   277  2.21600000E+02  1.11322592E+00  1.04585389E+00  1.11322592E+00
   278  2.22400000E+02  1.11323787E+00  1.04750372E+00  1.11323787E+00
   279  2.23200000E+02  1.11322846E+00  1.04918287E+00  1.11322846E+00
   280  2.24000000E+02  1.11321973E+00  1.05088991E+00  1.11321973E+00
   281  2.24800000E+02  1.11323226E+00  1.05262329E+00  1.11323226E+00
   282  2.25600000E+02  1.11322327E+00  1.05438132E+00  1.11322327E+00
   283  2.26400000E+02  1.11323451E+00  1.05616214E+00  1.11323451E+00
   284  2.27200000E+02  1.11324882E+00  1.05796377E+00  1.11324882E+00
   285  2.28000000E+02  1.11324092E+00  1.05978405E+00  1.11324092E+00
   286  2.28800000E+02  1.11322844E+00  1.06162072E+00  1.11322844E+00
   287  2.29600000E+02  1.11324337E+00  1.06347133E+00  1.11324337E+00
   288  2.30400000E+02  1.11323590E+00  1.06533332E+00  1.11323590E+00
   289  2.31200000E+02  1.11324302E+00  1.06720398E+00  1.11324302E+00
   290  2.32000000E+02  1.11325983E+00  1.06908046E+00  1.11325983E+00
   291  2.32800000E+02  1.11325356E+00  1.07095979E+00  1.11325356E+00
   292  2.33600000E+02  1.11323703E+00  1.07283889E+00  1.11323703E+00
   293  2.34400000E+02  1.11325449E+00  1.07471452E+00  1.11325449E+00
   294  2.35200000E+02  1.11324869E+00  1.07658338E+00  1.11324869E+00
   295  2.36000000E+02  1.11325137E+00  1.07844204E+00  1.11325137E+00
   296  2.36800000E+02  1.11327082E+00  1.08028699E+00  1.11327082E+00
   297  2.37600000E+02  1.11326632E+00  1.08211462E+00  1.11326632E+00
   298  2.38400000E+02  1.11324543E+00  1.08392127E+00  1.11324543E+00
   299  2.39200000E+02  1.11326556E+00  1.08570323E+00  1.11326556E+00
   300  2.40000000E+02  1.11326156E+00  1.08745672E+00  1.11326156E+00
   301  2.40800000E+02  1.11325949E+00  1.08917795E+00  1.11325949E+00
   302  2.41600000E+02  1.11328171E+00  1.09086312E+00  1.11328171E+00
   303  2.42400000E+02  1.11327912E+00  1.09250844E+00  1.11327912E+00
   304  2.43200000E+02  1.11325740E+00  1.09411015E+00  1.11325740E+00
   305  2.44000000E+02  1.11327651E+00  1.09566453E+00  1.11327651E+00
   306  2.44800000E+02  1.11327444E+00  1.09716796E+00  1.11327444E+00
   307  2.45600000E+02  1.11326731E+00  1.09861689E+00  1.11326731E+00
   308  2.46400000E+02  1.11329245E+00  1.10000793E+00  1.11329245E+00
   309  2.47200000E+02  1.11329190E+00  1.10133784E+00  1.11329190E+00
   310  2.48000000E+02  1.11327139E+00  1.10260358E+00  1.11327139E+00
   311  2.48800000E+02  1.11328728E+00  1.10380236E+00  1.11328728E+00
   312  2.49600000E+02  1.11328729E+00  1.10493166E+00  1.11328729E+00
   313  2.50400000E+02  1.11327480E+00  1.10598930E+00  1.11327480E+00
   314  2.51200000E+02  1.11330298E+00  1.10697346E+00  1.11330298E+00
   315  2.52000000E+02  1.11330462E+00  1.10788275E+00  1.11330462E+00
   316  2.52800000E+02  1.11328545E+00  1.10871628E+00  1.11328545E+00
   317  2.53600000E+02  1.11329782E+00  1.10947365E+00  1.11329782E+00
   318  2.54400000E+02  1.11330004E+00  1.11015508E+00  1.11330004E+00
   319  2.55200000E+02  1.11328190E+00  1.11076137E+00  1.11328190E+00
   320  2.56000000E+02  1.11331327E+00  1.11129397E+00  1.11331327E+00
   321  2.56800000E+02  1.11331723E+00  1.11175500E+00  1.11331723E+00
   322  2.57600000E+02  1.11329954E+00  1.11214725E+00  1.11329954E+00
   323  2.58400000E+02  1.11330815E+00  1.11247414E+00  1.11330815E+00
   324  2.59200000E+02  1.11331278E+00  1.11273971E+00  1.11331278E+00
   325  2.60000000E+02  1.11329557E+00  1.11294858E+00  1.11329557E+00
   326  2.60800000E+02  1.11332363E+00  1.11310581E+00  1.11332363E+00
   327  2.61600000E+02  1.11333009E+00  1.11321690E+00  1.11333009E+00
   328  2.62400000E+02  1.11331405E+00  1.11328757E+00  1.11331405E+00
   329  2.63200000E+02  1.11332373E+00  1.11332373E+00  1.11332373E+00
   330  2.64000000E+02  1.11333131E+00  1.11333131E+00  1.11333131E+00
   331  2.64800000E+02  1.11331609E+00  1.11331609E+00  1.11331609E+00
   332  2.65600000E+02  1.11328363E+00  1.11328363E+00  1.11328363E+00
   333  2.66400000E+02  1.11323913E+00  1.11323913E+00  1.11323913E+00
   334  2.67200000E+02  1.11318729E+00  1.11318729E+00  1.11318729E+00
   335  2.68000000E+02  1.11313225E+00  1.11313225E+00  1.11313225E+00
   336  2.68800000E+02  1.11307758E+00  1.11307754E+00  1.11307758E+00
   337  2.69600000E+02  1.11307758E+00  1.11302599E+00  1.11307758E+00
   338  2.70400000E+02  1.11307758E+00  1.11297980E+00  1.11307758E+00
   339  2.71200000E+02  1.11307758E+00  1.11294045E+00  1.11307758E+00
   340  2.72000000E+02  1.11307758E+00  1.11290884E+00  1.11307758E+00
   341  2.72800000E+02  1.11307758E+00  1.11288527E+00  1.11307758E+00
   342  2.73600000E+02  1.11307758E+00  1.11286958E+00  1.11307758E+00
   343  2.74400000E+02  1.11307758E+00  1.11286119E+00  1.11307758E+00
   344  2.75200000E+02  1.11307758E+00  1.11285923E+00  1.11307758E+00
   345  2.76000000E+02  1.11307758E+00  1.11286262E+00  1.11307758E+00
   346  2.76800000E+02  1.11307758E+00  1.11287016E+00  1.11307758E+00
   347  2.77600000E+02  1.11307758E+00  1.11288063E+00  1.11307758E+00
   348  2.78400000E+02  1.11307758E+00  1.11289287E+00  1.11307758E+00
   349  2.79200000E+02  1.11307758E+00  1.11290580E+00  1.11307758E+00
   350  2.80000000E+02  1.11307758E+00  1.11291852E+00  1.11307758E+00
   351  2.80800000E+02  1.11307758E+00  1.11293030E+00  1.11307758E+00
   352  2.81600000E+02  1.11307758E+00  1.11294059E+00  1.11307758E+00
   353  2.82400000E+02  1.11307758E+00  1.11294906E+00  1.11307758E+00
   354  2.83200000E+02  1.11307758E+00  1.11295554E+00  1.11307758E+00
   355  2.84000000E+02  1.11307758E+00  1.11296003E+00  1.11307758E+00
   356  2.84800000E+02  1.11307758E+00  1.11296264E+00  1.11307758E+00
   357  2.85600000E+02  1.11307758E+00  1.11296361E+00  1.11307758E+00
   358  2.86400000E+02  1.11307758E+00  1.11296323E+00  1.11307758E+00
   359  2.87200000E+02  1.11307758E+00  1.11296181E+00  1.11307758E+00
   360  2.88000000E+02  1.11307758E+00  1.11295968E+00  1.11307758E+00
   361  2.88800000E+02  1.11307758E+00  1.11295714E+00  1.11307758E+00
   362  2.89600000E+02  1.11307758E+00  1.11295449E+00  1.11307758E+00
 steady-height stop at step    362: changes <=   1.0000E-05, max-end <=   1.0000E-02, max/end/gap/profile_change =   1.11307758E+00  1.11295449E+00  1.23093720E-04  2.65967286E-06


STDERR:
