COMMAND:
/shared/swell_inference/datas/generate_rom_data/extrudate_swell2d_c_cluster

STDOUT:
 comppar: model =   3
 comppar: lambda,mobility/eps,betav,eta_0 =  2.8000E+00  5.0000E-01  5.0000E-01  1.0000E+00
 comppar: eta_s,eta_p,G =  5.0000E-01  5.0000E-01  1.7857E-01
 comppar: U_avg,deltat,flowrate,nsteps =  2.5000E-02  8.0000E-01  7.8540E-02     700
 comppar: geometry = axisymmetric
 comppar: steady stop change,gap,hold,min =  1.0000E-05  1.0000E-02      10      80
 comppar: ncompc,ncompg =     4     5
 mesh nnodes = 5765
 mesh nelem = 2780
 P1 BC   5.0000000000000000     
 P2 BC   0.0000000000000000     
     1  8.00000000E-01  1.00253053E+00  1.00000000E+00  1.00253053E+00
     2  1.60000000E+00  1.00501143E+00  1.00000000E+00  1.00501143E+00
     3  2.40000000E+00  1.00742651E+00  1.00000000E+00  1.00742651E+00
     4  3.20000000E+00  1.00978458E+00  1.00000000E+00  1.00978458E+00
     5  4.00000000E+00  1.01208656E+00  1.00000000E+00  1.01208656E+00
     6  4.80000000E+00  1.01434771E+00  1.00000000E+00  1.01434771E+00
     7  5.60000000E+00  1.01656365E+00  1.00000000E+00  1.01656365E+00
     8  6.40000000E+00  1.01873245E+00  1.00000000E+00  1.01873245E+00
     9  7.20000000E+00  1.02087659E+00  1.00000000E+00  1.02087659E+00
    10  8.00000000E+00  1.02297303E+00  1.00000000E+00  1.02297303E+00
    11  8.80000000E+00  1.02505058E+00  1.00000000E+00  1.02505058E+00
    12  9.60000000E+00  1.02707845E+00  1.00000000E+00  1.02707845E+00
    13  1.04000000E+01  1.02909690E+00  1.00000001E+00  1.02909690E+00
    14  1.12000000E+01  1.03106208E+00  1.00000001E+00  1.03106208E+00
    15  1.20000000E+01  1.03302575E+00  1.00000001E+00  1.03302575E+00
    16  1.28000000E+01  1.03493255E+00  1.00000001E+00  1.03493255E+00
    17  1.36000000E+01  1.03683475E+00  1.00000001E+00  1.03683475E+00
    18  1.44000000E+01  1.03869698E+00  1.00000000E+00  1.03869698E+00
    19  1.52000000E+01  1.04052987E+00  1.00000000E+00  1.04052987E+00
    20  1.60000000E+01  1.04234962E+00  1.00000000E+00  1.04234962E+00
    21  1.68000000E+01  1.04410804E+00  1.00000000E+00  1.04410804E+00
    22  1.76000000E+01  1.04588245E+00  9.99999998E-01  1.04588245E+00
    23  1.84000000E+01  1.04761049E+00  9.99999996E-01  1.04761049E+00
    24  1.92000000E+01  1.04929516E+00  9.99999993E-01  1.04929516E+00
    25  2.00000000E+01  1.05099408E+00  9.99999989E-01  1.05099408E+00
    26  2.08000000E+01  1.05262847E+00  9.99999985E-01  1.05262847E+00
    27  2.16000000E+01  1.05423273E+00  9.99999980E-01  1.05423273E+00
    28  2.24000000E+01  1.05585251E+00  9.99999974E-01  1.05585251E+00
    29  2.32000000E+01  1.05740516E+00  9.99999967E-01  1.05740516E+00
    30  2.40000000E+01  1.05894024E+00  9.99999960E-01  1.05894024E+00
    31  2.48000000E+01  1.06048000E+00  9.99999952E-01  1.06048000E+00
    32  2.56000000E+01  1.06194999E+00  9.99999942E-01  1.06194999E+00
    33  2.64000000E+01  1.06339003E+00  9.99999931E-01  1.06339003E+00
    34  2.72000000E+01  1.06486516E+00  9.99999920E-01  1.06486516E+00
    35  2.80000000E+01  1.06626892E+00  9.99999906E-01  1.06626892E+00
    36  2.88000000E+01  1.06761455E+00  9.99999892E-01  1.06761455E+00
    37  2.96000000E+01  1.06902480E+00  9.99999876E-01  1.06902480E+00
    38  3.04000000E+01  1.07036200E+00  9.99999858E-01  1.07036200E+00
    39  3.12000000E+01  1.07162307E+00  9.99999838E-01  1.07162307E+00
    40  3.20000000E+01  1.07292682E+00  9.99999817E-01  1.07292682E+00
    41  3.28000000E+01  1.07421793E+00  9.99999794E-01  1.07421793E+00
    42  3.36000000E+01  1.07543236E+00  9.99999768E-01  1.07543236E+00
    43  3.44000000E+01  1.07660174E+00  9.99999740E-01  1.07660174E+00
    44  3.52000000E+01  1.07784676E+00  9.99999710E-01  1.07784676E+00
    45  3.60000000E+01  1.07901443E+00  9.99999677E-01  1.07901443E+00
    46  3.68000000E+01  1.08010222E+00  9.99999642E-01  1.08010222E+00
    47  3.76000000E+01  1.08120170E+00  9.99999603E-01  1.08120170E+00
    48  3.84000000E+01  1.08234750E+00  9.99999562E-01  1.08234750E+00
    49  3.92000000E+01  1.08341373E+00  9.99999517E-01  1.08341373E+00
    50  4.00000000E+01  1.08439828E+00  9.99999469E-01  1.08439828E+00
    51  4.08000000E+01  1.08544523E+00  9.99999416E-01  1.08544523E+00
    52  4.16000000E+01  1.08648963E+00  9.99999360E-01  1.08648963E+00
    53  4.24000000E+01  1.08745257E+00  9.99999300E-01  1.08745257E+00
    54  4.32000000E+01  1.08833243E+00  9.99999236E-01  1.08833243E+00
    55  4.40000000E+01  1.08928289E+00  9.99999167E-01  1.08928289E+00
    56  4.48000000E+01  1.09024779E+00  9.99999093E-01  1.09024779E+00
    57  4.56000000E+01  1.09113043E+00  9.99999014E-01  1.09113043E+00
    58  4.64000000E+01  1.09192982E+00  9.99998929E-01  1.09192982E+00
    59  4.72000000E+01  1.09279368E+00  9.99998838E-01  1.09279368E+00
    60  4.80000000E+01  1.09367802E+00  9.99998742E-01  1.09367802E+00
    61  4.88000000E+01  1.09447949E+00  9.99998639E-01  1.09447949E+00
    62  4.96000000E+01  1.09519771E+00  9.99998530E-01  1.09519771E+00
    63  5.04000000E+01  1.09596007E+00  9.99998413E-01  1.09596007E+00
    64  5.12000000E+01  1.09676645E+00  9.99998289E-01  1.09676645E+00
    65  5.20000000E+01  1.09749027E+00  9.99998157E-01  1.09749027E+00
    66  5.28000000E+01  1.09813200E+00  9.99998017E-01  1.09813200E+00
    67  5.36000000E+01  1.09883274E+00  9.99997868E-01  1.09883274E+00
    68  5.44000000E+01  1.09956039E+00  9.99997711E-01  1.09956039E+00
    69  5.52000000E+01  1.10020599E+00  9.99997543E-01  1.10020599E+00
    70  5.60000000E+01  1.10077089E+00  9.99997366E-01  1.10077089E+00
    71  5.68000000E+01  1.10140307E+00  9.99997179E-01  1.10140307E+00
    72  5.76000000E+01  1.10205440E+00  9.99996980E-01  1.10205440E+00
    73  5.84000000E+01  1.10262554E+00  9.99996770E-01  1.10262554E+00
    74  5.92000000E+01  1.10311882E+00  9.99996548E-01  1.10311882E+00
    75  6.00000000E+01  1.10371189E+00  9.99996314E-01  1.10371189E+00
    76  6.08000000E+01  1.10428647E+00  9.99996066E-01  1.10428647E+00
    77  6.16000000E+01  1.10478297E+00  9.99995805E-01  1.10478297E+00
    78  6.24000000E+01  1.10520472E+00  9.99995530E-01  1.10520472E+00
    79  6.32000000E+01  1.10575727E+00  9.99995239E-01  1.10575727E+00
    80  6.40000000E+01  1.10626006E+00  9.99994933E-01  1.10626006E+00
    81  6.48000000E+01  1.10668827E+00  9.99994611E-01  1.10668827E+00
    82  6.56000000E+01  1.10706752E+00  9.99994272E-01  1.10706752E+00
    83  6.64000000E+01  1.10757344E+00  9.99993915E-01  1.10757344E+00
    84  6.72000000E+01  1.10800450E+00  9.99993539E-01  1.10800450E+00
    85  6.80000000E+01  1.10836481E+00  9.99993145E-01  1.10836481E+00
    86  6.88000000E+01  1.10873183E+00  9.99992731E-01  1.10873183E+00
    87  6.96000000E+01  1.10916921E+00  9.99992296E-01  1.10916921E+00
    88  7.04000000E+01  1.10953581E+00  9.99991839E-01  1.10953581E+00
    89  7.12000000E+01  1.10983643E+00  9.99991360E-01  1.10983643E+00
    90  7.20000000E+01  1.11019425E+00  9.99990858E-01  1.11019425E+00
    91  7.28000000E+01  1.11056343E+00  9.99990331E-01  1.11056343E+00
    92  7.36000000E+01  1.11086628E+00  9.99989780E-01  1.11086628E+00
    93  7.44000000E+01  1.11110834E+00  9.99989202E-01  1.11110834E+00
    94  7.52000000E+01  1.11146944E+00  9.99988597E-01  1.11146944E+00
    95  7.60000000E+01  1.11177834E+00  9.99987965E-01  1.11177834E+00
    96  7.68000000E+01  1.11202604E+00  9.99987304E-01  1.11202604E+00
    97  7.76000000E+01  1.11225873E+00  9.99986613E-01  1.11225873E+00
    98  7.84000000E+01  1.11257002E+00  9.99985891E-01  1.11257002E+00
    99  7.92000000E+01  1.11281974E+00  9.99985137E-01  1.11281974E+00
   100  8.00000000E+01  1.11301387E+00  9.99984350E-01  1.11301387E+00
   101  8.08000000E+01  1.11326740E+00  9.99983529E-01  1.11326740E+00
   102  8.16000000E+01  1.11352288E+00  9.99982672E-01  1.11352288E+00
   103  8.24000000E+01  1.11372218E+00  9.99981780E-01  1.11372218E+00
   104  8.32000000E+01  1.11387159E+00  9.99980850E-01  1.11387159E+00
   105  8.40000000E+01  1.11412404E+00  9.99979882E-01  1.11412404E+00
   106  8.48000000E+01  1.11432518E+00  9.99978875E-01  1.11432518E+00
   107  8.56000000E+01  1.11447608E+00  9.99977826E-01  1.11447608E+00
   108  8.64000000E+01  1.11465435E+00  9.99976736E-01  1.11465435E+00
   109  8.72000000E+01  1.11486087E+00  9.99975604E-01  1.11486087E+00
   110  8.80000000E+01  1.11501646E+00  9.99974427E-01  1.11501646E+00
   111  8.88000000E+01  1.11512759E+00  9.99973205E-01  1.11512759E+00
   112  8.96000000E+01  1.11531021E+00  9.99971937E-01  1.11531021E+00
   113  9.04000000E+01  1.11546747E+00  9.99970623E-01  1.11546747E+00
   114  9.12000000E+01  1.11557993E+00  9.99969260E-01  1.11557993E+00
   115  9.20000000E+01  1.11570878E+00  9.99967847E-01  1.11570878E+00
   116  9.28000000E+01  1.11587097E+00  9.99966385E-01  1.11587097E+00
   117  9.36000000E+01  1.11598757E+00  9.99964872E-01  1.11598757E+00
   118  9.44000000E+01  1.11606518E+00  9.99963307E-01  1.11606518E+00
   119  9.52000000E+01  1.11620100E+00  9.99961689E-01  1.11620100E+00
   120  9.60000000E+01  1.11631911E+00  9.99960018E-01  1.11631911E+00
   121  9.68000000E+01  1.11639788E+00  9.99958293E-01  1.11639788E+00
   122  9.76000000E+01  1.11649716E+00  9.99956513E-01  1.11649716E+00
   123  9.84000000E+01  1.11661968E+00  9.99954677E-01  1.11661968E+00
   124  9.92000000E+01  1.11670201E+00  9.99952786E-01  1.11670201E+00
   125  1.00000000E+02  1.11675075E+00  9.99950839E-01  1.11675075E+00
   126  1.00800000E+02  1.11685723E+00  9.99948836E-01  1.11685723E+00
   127  1.01600000E+02  1.11694089E+00  9.99946776E-01  1.11694089E+00
   128  1.02400000E+02  1.11699063E+00  9.99944660E-01  1.11699063E+00
   129  1.03200000E+02  1.11707491E+00  9.99942487E-01  1.11707491E+00
   130  1.04000000E+02  1.11716239E+00  9.99940259E-01  1.11716239E+00
   131  1.04800000E+02  1.11721506E+00  9.99937976E-01  1.11721506E+00
   132  1.05600000E+02  1.11724049E+00  9.99935638E-01  1.11724049E+00
   133  1.06400000E+02  1.11732946E+00  9.99933247E-01  1.11732946E+00
   134  1.07200000E+02  1.11738327E+00  9.99930803E-01  1.11738327E+00
   135  1.08000000E+02  1.11740847E+00  9.99928308E-01  1.11740847E+00
   136  1.08800000E+02  1.11748799E+00  9.99925764E-01  1.11748799E+00
   137  1.09600000E+02  1.11754500E+00  9.99923172E-01  1.11754500E+00
   138  1.10400000E+02  1.11757247E+00  9.99920536E-01  1.11757247E+00
   139  1.11200000E+02  1.11760067E+00  9.99917857E-01  1.11760067E+00
   140  1.12000000E+02  1.11765896E+00  9.99915138E-01  1.11765896E+00
   141  1.12800000E+02  1.11768739E+00  9.99912383E-01  1.11768739E+00
   142  1.13600000E+02  1.11771178E+00  9.99909596E-01  1.11771178E+00
   143  1.14400000E+02  1.11777353E+00  9.99906781E-01  1.11777353E+00
   144  1.15200000E+02  1.11780450E+00  9.99903942E-01  1.11780450E+00
   145  1.16000000E+02  1.11781104E+00  9.99901085E-01  1.11781104E+00
   146  1.16800000E+02  1.11784716E+00  9.99898214E-01  1.11784716E+00
   147  1.17600000E+02  1.11787920E+00  9.99895338E-01  1.11787920E+00
   148  1.18400000E+02  1.11788651E+00  9.99892461E-01  1.11788651E+00
   149  1.19200000E+02  1.11792671E+00  9.99889593E-01  1.11792671E+00
   150  1.20000000E+02  1.11796154E+00  9.99886741E-01  1.11796154E+00
   151  1.20800000E+02  1.11797071E+00  9.99883913E-01  1.11797071E+00
   152  1.21600000E+02  1.11797082E+00  9.99881121E-01  1.11797082E+00
   153  1.22400000E+02  1.11800684E+00  9.99878374E-01  1.11800684E+00
   154  1.23200000E+02  1.11801688E+00  9.99875683E-01  1.11801688E+00
   155  1.24000000E+02  1.11802488E+00  9.99873062E-01  1.11802488E+00
   156  1.24800000E+02  1.11806394E+00  9.99870523E-01  1.11806394E+00
   157  1.25600000E+02  1.11807608E+00  9.99868081E-01  1.11807608E+00
   158  1.26400000E+02  1.11806747E+00  9.99865751E-01  1.11806747E+00
   159  1.27200000E+02  1.11808817E+00  9.99863551E-01  1.11808817E+00
   160  1.28000000E+02  1.11810127E+00  9.99861497E-01  1.11810127E+00
   161  1.28800000E+02  1.11809334E+00  9.99859609E-01  1.11809334E+00
   162  1.29600000E+02  1.11812723E+00  9.99857907E-01  1.11812723E+00
   163  1.30400000E+02  1.11814268E+00  9.99856414E-01  1.11814268E+00
   164  1.31200000E+02  1.11813616E+00  9.99855154E-01  1.11813616E+00
   165  1.32000000E+02  1.11813672E+00  9.99854150E-01  1.11813672E+00
   166  1.32800000E+02  1.11815324E+00  9.99853431E-01  1.11815324E+00
   167  1.33600000E+02  1.11814748E+00  9.99853025E-01  1.11814748E+00
   168  1.34400000E+02  1.11816318E+00  9.99852962E-01  1.11816318E+00
   169  1.35200000E+02  1.11818227E+00  9.99853276E-01  1.11818227E+00
   170  1.36000000E+02  1.11817815E+00  9.99854000E-01  1.11817815E+00
   171  1.36800000E+02  1.11816263E+00  9.99855173E-01  1.11816263E+00
   172  1.37600000E+02  1.11818289E+00  9.99856832E-01  1.11818289E+00
   173  1.38400000E+02  1.11817961E+00  9.99859020E-01  1.11817961E+00
   174  1.39200000E+02  1.11818047E+00  9.99861782E-01  1.11818047E+00
   175  1.40000000E+02  1.11820354E+00  9.99865163E-01  1.11820354E+00
   176  1.40800000E+02  1.11820212E+00  9.99869214E-01  1.11820212E+00
   177  1.41600000E+02  1.11818226E+00  9.99873988E-01  1.11818226E+00
   178  1.42400000E+02  1.11819765E+00  9.99879539E-01  1.11819765E+00
   179  1.43200000E+02  1.11819716E+00  9.99885928E-01  1.11819716E+00
   180  1.44000000E+02  1.11818542E+00  9.99893216E-01  1.11818542E+00
   181  1.44800000E+02  1.11821277E+00  9.99901470E-01  1.11821277E+00
   182  1.45600000E+02  1.11821437E+00  9.99910759E-01  1.11821437E+00
   183  1.46400000E+02  1.11819631E+00  9.99921157E-01  1.11819631E+00
   184  1.47200000E+02  1.11820288E+00  9.99932741E-01  1.11820288E+00
   185  1.48000000E+02  1.11820549E+00  9.99945595E-01  1.11820549E+00
   186  1.48800000E+02  1.11818813E+00  9.99959803E-01  1.11818813E+00
   187  1.49600000E+02  1.11821456E+00  9.99975457E-01  1.11821456E+00
   188  1.50400000E+02  1.11821947E+00  9.99992654E-01  1.11821947E+00
   189  1.51200000E+02  1.11820349E+00  1.00001149E+00  1.11820349E+00
   190  1.52000000E+02  1.11820237E+00  1.00003208E+00  1.11820237E+00
   191  1.52800000E+02  1.11820838E+00  1.00005454E+00  1.11820838E+00
   192  1.53600000E+02  1.11819317E+00  1.00007897E+00  1.11819317E+00
   193  1.54400000E+02  1.11821199E+00  1.00010550E+00  1.11821199E+00
   194  1.55200000E+02  1.11822051E+00  1.00013427E+00  1.11822051E+00
   195  1.56000000E+02  1.11820690E+00  1.00016540E+00  1.11820690E+00
   196  1.56800000E+02  1.11819869E+00  1.00019905E+00  1.11819869E+00
   197  1.57600000E+02  1.11820840E+00  1.00023536E+00  1.11820840E+00
   198  1.58400000E+02  1.11819562E+00  1.00027448E+00  1.11819562E+00
   199  1.59200000E+02  1.11820716E+00  1.00031660E+00  1.11820716E+00
   200  1.60000000E+02  1.11821960E+00  1.00036186E+00  1.11821960E+00
   201  1.60800000E+02  1.11820863E+00  1.00041047E+00  1.11820863E+00
   202  1.61600000E+02  1.11819352E+00  1.00046260E+00  1.11819352E+00
   203  1.62400000E+02  1.11820722E+00  1.00051846E+00  1.11820722E+00
   204  1.63200000E+02  1.11819717E+00  1.00057825E+00  1.11819717E+00
   205  1.64000000E+02  1.11820145E+00  1.00064218E+00  1.11820145E+00
   206  1.64800000E+02  1.11821808E+00  1.00071049E+00  1.11821808E+00
   207  1.65600000E+02  1.11821004E+00  1.00078340E+00  1.11821004E+00
   208  1.66400000E+02  1.11818793E+00  1.00086117E+00  1.11818793E+00
   209  1.67200000E+02  1.11820592E+00  1.00094406E+00  1.11820592E+00
   210  1.68000000E+02  1.11819888E+00  1.00103232E+00  1.11819888E+00
   211  1.68800000E+02  1.11819565E+00  1.00112624E+00  1.11819565E+00
   212  1.69600000E+02  1.11821675E+00  1.00122611E+00  1.11821675E+00
   213  1.70400000E+02  1.11821193E+00  1.00133223E+00  1.11821193E+00
   214  1.71200000E+02  1.11818723E+00  1.00144492E+00  1.11818723E+00
   215  1.72000000E+02  1.11820507E+00  1.00156451E+00  1.11820507E+00
   216  1.72800000E+02  1.11820131E+00  1.00169133E+00  1.11820131E+00
   217  1.73600000E+02  1.11819018E+00  1.00182574E+00  1.11819018E+00
   218  1.74400000E+02  1.11821604E+00  1.00196810E+00  1.11821604E+00
   219  1.75200000E+02  1.11821470E+00  1.00211881E+00  1.11821470E+00
   220  1.76000000E+02  1.11819225E+00  1.00227825E+00  1.11819225E+00
   221  1.76800000E+02  1.11820494E+00  1.00244683E+00  1.11820494E+00
   222  1.77600000E+02  1.11820475E+00  1.00262497E+00  1.11820475E+00
   223  1.78400000E+02  1.11818520E+00  1.00281312E+00  1.11818520E+00
   224  1.79200000E+02  1.11821609E+00  1.00301174E+00  1.11821609E+00
   225  1.80000000E+02  1.11821851E+00  1.00322128E+00  1.11821851E+00
   226  1.80800000E+02  1.11819858E+00  1.00344223E+00  1.11819858E+00
   227  1.81600000E+02  1.11820561E+00  1.00367510E+00  1.11820561E+00
   228  1.82400000E+02  1.11820926E+00  1.00392040E+00  1.11820926E+00
   229  1.83200000E+02  1.11819021E+00  1.00417867E+00  1.11819021E+00
   230  1.84000000E+02  1.11821691E+00  1.00445044E+00  1.11821691E+00
   231  1.84800000E+02  1.11822335E+00  1.00473629E+00  1.11822335E+00
   232  1.85600000E+02  1.11820621E+00  1.00503679E+00  1.11820621E+00
   233  1.86400000E+02  1.11820699E+00  1.00535254E+00  1.11820699E+00
   234  1.87200000E+02  1.11821475E+00  1.00568415E+00  1.11821475E+00
   235  1.88000000E+02  1.11819857E+00  1.00603224E+00  1.11819857E+00
   236  1.88800000E+02  1.11821836E+00  1.00639746E+00  1.11821836E+00
   237  1.89600000E+02  1.11822910E+00  1.00678045E+00  1.11822910E+00
   238  1.90400000E+02  1.11821501E+00  1.00718188E+00  1.11821501E+00
   239  1.91200000E+02  1.11820893E+00  1.00760244E+00  1.11820893E+00
   240  1.92000000E+02  1.11822108E+00  1.00804282E+00  1.11822108E+00
   241  1.92800000E+02  1.11820802E+00  1.00850373E+00  1.11820802E+00
   242  1.93600000E+02  1.11822027E+00  1.00898587E+00  1.11822027E+00
   243  1.94400000E+02  1.11823558E+00  1.00948998E+00  1.11823558E+00
   244  1.95200000E+02  1.11822480E+00  1.01001679E+00  1.11822480E+00
   245  1.96000000E+02  1.11821124E+00  1.01056704E+00  1.11821124E+00
   246  1.96800000E+02  1.11822804E+00  1.01114148E+00  1.11822804E+00
   247  1.97600000E+02  1.11821837E+00  1.01174086E+00  1.11821837E+00
   248  1.98400000E+02  1.11822244E+00  1.01236593E+00  1.11822244E+00
   249  1.99200000E+02  1.11824256E+00  1.01301746E+00  1.11824256E+00
   250  2.00000000E+02  1.11823536E+00  1.01369618E+00  1.11823536E+00
   251  2.00800000E+02  1.11821369E+00  1.01440286E+00  1.11821369E+00
   252  2.01600000E+02  1.11823540E+00  1.01513822E+00  1.11823540E+00
   253  2.02400000E+02  1.11822938E+00  1.01590301E+00  1.11822938E+00
   254  2.03200000E+02  1.11822464E+00  1.01669794E+00  1.11822464E+00
   255  2.04000000E+02  1.11824984E+00  1.01752371E+00  1.11824984E+00
   256  2.04800000E+02  1.11824647E+00  1.01838102E+00  1.11824647E+00
   257  2.05600000E+02  1.11822061E+00  1.01927051E+00  1.11822061E+00
   258  2.06400000E+02  1.11824296E+00  1.02019282E+00  1.11824296E+00
   259  2.07200000E+02  1.11824086E+00  1.02114857E+00  1.11824086E+00
   260  2.08000000E+02  1.11822666E+00  1.02213831E+00  1.11822666E+00
   261  2.08800000E+02  1.11825720E+00  1.02316259E+00  1.11825720E+00
   262  2.09600000E+02  1.11825792E+00  1.02422190E+00  1.11825792E+00
   263  2.10400000E+02  1.11823492E+00  1.02531667E+00  1.11823492E+00
   264  2.11200000E+02  1.11825050E+00  1.02644730E+00  1.11825050E+00
   265  2.12000000E+02  1.11825257E+00  1.02761413E+00  1.11825257E+00
   266  2.12800000E+02  1.11823056E+00  1.02881741E+00  1.11823056E+00
   267  2.13600000E+02  1.11826443E+00  1.03005736E+00  1.11826443E+00
   268  2.14400000E+02  1.11826950E+00  1.03133412E+00  1.11826950E+00
   269  2.15200000E+02  1.11824963E+00  1.03264772E+00  1.11824963E+00
   270  2.16000000E+02  1.11825782E+00  1.03399815E+00  1.11825782E+00
   271  2.16800000E+02  1.11826433E+00  1.03538528E+00  1.11826433E+00
   272  2.17600000E+02  1.11824552E+00  1.03680891E+00  1.11824552E+00
   273  2.18400000E+02  1.11827135E+00  1.03826871E+00  1.11827135E+00
   274  2.19200000E+02  1.11828102E+00  1.03976427E+00  1.11828102E+00
   275  2.20000000E+02  1.11826453E+00  1.04129506E+00  1.11826453E+00
   276  2.20800000E+02  1.11826476E+00  1.04286044E+00  1.11826476E+00
   277  2.21600000E+02  1.11827596E+00  1.04445964E+00  1.11827596E+00
   278  2.22400000E+02  1.11826060E+00  1.04609178E+00  1.11826060E+00
   279  2.23200000E+02  1.11827781E+00  1.04775583E+00  1.11827781E+00
   280  2.24000000E+02  1.11829233E+00  1.04945066E+00  1.11829233E+00
   281  2.24800000E+02  1.11827946E+00  1.05117497E+00  1.11827946E+00
   282  2.25600000E+02  1.11827116E+00  1.05292734E+00  1.11827116E+00
   283  2.26400000E+02  1.11828729E+00  1.05470623E+00  1.11828729E+00
   284  2.27200000E+02  1.11827565E+00  1.05650992E+00  1.11827565E+00
   285  2.28000000E+02  1.11828364E+00  1.05833657E+00  1.11828364E+00
   286  2.28800000E+02  1.11830326E+00  1.06018422E+00  1.11830326E+00
   287  2.29600000E+02  1.11829427E+00  1.06205072E+00  1.11829427E+00
   288  2.30400000E+02  1.11827687E+00  1.06393382E+00  1.11827687E+00
   289  2.31200000E+02  1.11829819E+00  1.06583111E+00  1.11829819E+00
   290  2.32000000E+02  1.11829051E+00  1.06774008E+00  1.11829051E+00
   291  2.32800000E+02  1.11828873E+00  1.06965804E+00  1.11828873E+00
   292  2.33600000E+02  1.11831368E+00  1.07158221E+00  1.11831368E+00
   293  2.34400000E+02  1.11830882E+00  1.07350967E+00  1.11830882E+00
   294  2.35200000E+02  1.11828179E+00  1.07543740E+00  1.11828179E+00
   295  2.36000000E+02  1.11830854E+00  1.07736226E+00  1.11830854E+00
   296  2.36800000E+02  1.11830506E+00  1.07928101E+00  1.11830506E+00
   297  2.37600000E+02  1.11829296E+00  1.08119032E+00  1.11829296E+00
   298  2.38400000E+02  1.11832349E+00  1.08308677E+00  1.11832349E+00
   299  2.39200000E+02  1.11832300E+00  1.08496687E+00  1.11832300E+00
   300  2.40000000E+02  1.11829754E+00  1.08682708E+00  1.11829754E+00
   301  2.40800000E+02  1.11831821E+00  1.08866378E+00  1.11831821E+00
   302  2.41600000E+02  1.11831919E+00  1.09047334E+00  1.11831919E+00
   303  2.42400000E+02  1.11829624E+00  1.09225210E+00  1.11829624E+00
   304  2.43200000E+02  1.11833258E+00  1.09399639E+00  1.11833258E+00
   305  2.44000000E+02  1.11833671E+00  1.09570254E+00  1.11833671E+00
   306  2.44800000E+02  1.11831466E+00  1.09736690E+00  1.11831466E+00
   307  2.45600000E+02  1.11832712E+00  1.09898590E+00  1.11832712E+00
   308  2.46400000E+02  1.11833281E+00  1.10055600E+00  1.11833281E+00
   309  2.47200000E+02  1.11831192E+00  1.10207375E+00  1.11831192E+00
   310  2.48000000E+02  1.11834086E+00  1.10353582E+00  1.11834086E+00
   311  2.48800000E+02  1.11834984E+00  1.10493902E+00  1.11834984E+00
   312  2.49600000E+02  1.11833146E+00  1.10628030E+00  1.11833146E+00
   313  2.50400000E+02  1.11833519E+00  1.10755681E+00  1.11833519E+00
   314  2.51200000E+02  1.11834582E+00  1.10876595E+00  1.11834582E+00
   315  2.52000000E+02  1.11832867E+00  1.10990536E+00  1.11832867E+00
   316  2.52800000E+02  1.11834825E+00  1.11097297E+00  1.11834825E+00
   317  2.53600000E+02  1.11836233E+00  1.11196707E+00  1.11836233E+00
   318  2.54400000E+02  1.11834785E+00  1.11288634E+00  1.11834785E+00
   319  2.55200000E+02  1.11834232E+00  1.11372988E+00  1.11834232E+00
   320  2.56000000E+02  1.11835814E+00  1.11449725E+00  1.11835814E+00
   321  2.56800000E+02  1.11834498E+00  1.11518856E+00  1.11834498E+00
   322  2.57600000E+02  1.11835468E+00  1.11580446E+00  1.11835468E+00
   323  2.58400000E+02  1.11837410E+00  1.11634617E+00  1.11837410E+00
   324  2.59200000E+02  1.11836377E+00  1.11681554E+00  1.11836377E+00
   325  2.60000000E+02  1.11834847E+00  1.11721507E+00  1.11834847E+00
   326  2.60800000E+02  1.11836975E+00  1.11754782E+00  1.11836975E+00
   327  2.61600000E+02  1.11836087E+00  1.11781752E+00  1.11836087E+00
   328  2.62400000E+02  1.11836039E+00  1.11802842E+00  1.11836039E+00
   329  2.63200000E+02  1.11838541E+00  1.11818532E+00  1.11838541E+00
   330  2.64000000E+02  1.11837952E+00  1.11829344E+00  1.11837952E+00
   331  2.64800000E+02  1.11835835E+00  1.11835835E+00  1.11835835E+00
   332  2.65600000E+02  1.11838589E+00  1.11838589E+00  1.11838589E+00
   333  2.66400000E+02  1.11838202E+00  1.11838202E+00  1.11838202E+00
   334  2.67200000E+02  1.11835269E+00  1.11835269E+00  1.11835269E+00
   335  2.68000000E+02  1.11830374E+00  1.11830374E+00  1.11830374E+00
   336  2.68800000E+02  1.11824076E+00  1.11824076E+00  1.11824076E+00
   337  2.69600000E+02  1.11816894E+00  1.11816894E+00  1.11816894E+00
   338  2.70400000E+02  1.11809303E+00  1.11809303E+00  1.11809303E+00
   339  2.71200000E+02  1.11801716E+00  1.11801716E+00  1.11801716E+00
   340  2.72000000E+02  1.11799031E+00  1.11794486E+00  1.11799031E+00
   341  2.72800000E+02  1.11799030E+00  1.11787893E+00  1.11799030E+00
   342  2.73600000E+02  1.11799030E+00  1.11782151E+00  1.11799030E+00
   343  2.74400000E+02  1.11799030E+00  1.11777399E+00  1.11799030E+00
   344  2.75200000E+02  1.11799030E+00  1.11773713E+00  1.11799030E+00
   345  2.76000000E+02  1.11799030E+00  1.11771104E+00  1.11799030E+00
   346  2.76800000E+02  1.11799030E+00  1.11769534E+00  1.11799030E+00
   347  2.77600000E+02  1.11799030E+00  1.11768916E+00  1.11799030E+00
   348  2.78400000E+02  1.11799030E+00  1.11769131E+00  1.11799030E+00
   349  2.79200000E+02  1.11799030E+00  1.11770037E+00  1.11799030E+00
   350  2.80000000E+02  1.11799030E+00  1.11771477E+00  1.11799030E+00
   351  2.80800000E+02  1.11799030E+00  1.11773291E+00  1.11799030E+00
   352  2.81600000E+02  1.11799030E+00  1.11775325E+00  1.11799030E+00
   353  2.82400000E+02  1.11799030E+00  1.11777438E+00  1.11799030E+00
   354  2.83200000E+02  1.11799030E+00  1.11779509E+00  1.11799030E+00
   355  2.84000000E+02  1.11799030E+00  1.11781437E+00  1.11799030E+00
   356  2.84800000E+02  1.11799030E+00  1.11783150E+00  1.11799030E+00
   357  2.85600000E+02  1.11799030E+00  1.11784597E+00  1.11799030E+00
   358  2.86400000E+02  1.11799030E+00  1.11785754E+00  1.11799030E+00
   359  2.87200000E+02  1.11799030E+00  1.11786619E+00  1.11799030E+00
   360  2.88000000E+02  1.11799030E+00  1.11787206E+00  1.11799030E+00
   361  2.88800000E+02  1.11799030E+00  1.11787545E+00  1.11799030E+00
   362  2.89600000E+02  1.11799030E+00  1.11787675E+00  1.11799030E+00
   363  2.90400000E+02  1.11799030E+00  1.11787641E+00  1.11799030E+00
   364  2.91200000E+02  1.11799030E+00  1.11787489E+00  1.11799030E+00
   365  2.92000000E+02  1.11799030E+00  1.11787262E+00  1.11799030E+00
   366  2.92800000E+02  1.11799030E+00  1.11787001E+00  1.11799030E+00
   367  2.93600000E+02  1.11799030E+00  1.11786740E+00  1.11799030E+00
   368  2.94400000E+02  1.11799030E+00  1.11786502E+00  1.11799030E+00
 steady-height stop at step    368: changes <=   1.0000E-05, max-end <=   1.0000E-02, max/end/gap/profile_change =   1.11799030E+00  1.11786502E+00  1.25275635E-04  2.37470901E-06


STDERR:
