COMMAND:
/shared/swell_inference/datas/generate_rom_data/extrudate_swell2d_c_cluster

STDOUT:
 comppar: model =   3
 comppar: lambda,mobility/eps,betav,eta_0 =  6.4000E+00  2.3333E-01  5.0000E-01  1.0000E+00
 comppar: eta_s,eta_p,G =  5.0000E-01  5.0000E-01  7.8125E-02
 comppar: U_avg,deltat,flowrate,nsteps =  2.5000E-02  8.0000E-01  7.8540E-02     700
 comppar: geometry = axisymmetric
 comppar: steady stop change,gap,hold,min =  1.0000E-05  1.0000E-02      10      80
 comppar: ncompc,ncompg =     4     5
 mesh nnodes = 5765
 mesh nelem = 2780
 P1 BC   5.0000000000000000     
 P2 BC   0.0000000000000000     
     1  8.00000000E-01  1.00253029E+00  1.00000000E+00  1.00253029E+00
     2  1.60000000E+00  1.00501766E+00  1.00000000E+00  1.00501766E+00
     3  2.40000000E+00  1.00745439E+00  1.00000000E+00  1.00745439E+00
     4  3.20000000E+00  1.00984198E+00  1.00000000E+00  1.00984198E+00
     5  4.00000000E+00  1.01217953E+00  1.00000000E+00  1.01217953E+00
     6  4.80000000E+00  1.01447585E+00  1.00000000E+00  1.01447585E+00
     7  5.60000000E+00  1.01672548E+00  1.00000000E+00  1.01672548E+00
     8  6.40000000E+00  1.01893146E+00  1.00000000E+00  1.01893146E+00
     9  7.20000000E+00  1.02110747E+00  1.00000000E+00  1.02110747E+00
    10  8.00000000E+00  1.02323582E+00  1.00000000E+00  1.02323582E+00
    11  8.80000000E+00  1.02534909E+00  1.00000000E+00  1.02534909E+00
    12  9.60000000E+00  1.02740914E+00  1.00000001E+00  1.02740914E+00
    13  1.04000000E+01  1.02946454E+00  1.00000001E+00  1.02946454E+00
    14  1.12000000E+01  1.03146499E+00  1.00000001E+00  1.03146499E+00
    15  1.20000000E+01  1.03346722E+00  1.00000001E+00  1.03346722E+00
    16  1.28000000E+01  1.03541658E+00  1.00000001E+00  1.03541658E+00
    17  1.36000000E+01  1.03735494E+00  1.00000001E+00  1.03735494E+00
    18  1.44000000E+01  1.03926469E+00  1.00000001E+00  1.03926469E+00
    19  1.52000000E+01  1.04113407E+00  1.00000001E+00  1.04113407E+00
    20  1.60000000E+01  1.04300657E+00  1.00000000E+00  1.04300657E+00
    21  1.68000000E+01  1.04482214E+00  1.00000000E+00  1.04482214E+00
    22  1.76000000E+01  1.04663092E+00  1.00000000E+00  1.04663092E+00
    23  1.84000000E+01  1.04842107E+00  9.99999999E-01  1.04842107E+00
    24  1.92000000E+01  1.05015126E+00  9.99999997E-01  1.05015126E+00
    25  2.00000000E+01  1.05190105E+00  9.99999994E-01  1.05190105E+00
    26  2.08000000E+01  1.05360679E+00  9.99999990E-01  1.05360679E+00
    27  2.16000000E+01  1.05524929E+00  9.99999986E-01  1.05524929E+00
    28  2.24000000E+01  1.05691752E+00  9.99999981E-01  1.05691752E+00
    29  2.32000000E+01  1.05854927E+00  9.99999975E-01  1.05854927E+00
    30  2.40000000E+01  1.06011531E+00  9.99999968E-01  1.06011531E+00
    31  2.48000000E+01  1.06170532E+00  9.99999961E-01  1.06170532E+00
    32  2.56000000E+01  1.06326139E+00  9.99999952E-01  1.06326139E+00
    33  2.64000000E+01  1.06474924E+00  9.99999942E-01  1.06474924E+00
    34  2.72000000E+01  1.06624016E+00  9.99999932E-01  1.06624016E+00
    35  2.80000000E+01  1.06773540E+00  9.99999920E-01  1.06773540E+00
    36  2.88000000E+01  1.06916087E+00  9.99999906E-01  1.06916087E+00
    37  2.96000000E+01  1.07054581E+00  9.99999892E-01  1.07054581E+00
    38  3.04000000E+01  1.07197952E+00  9.99999875E-01  1.07197952E+00
    39  3.12000000E+01  1.07334188E+00  9.99999857E-01  1.07334188E+00
    40  3.20000000E+01  1.07463013E+00  9.99999838E-01  1.07463013E+00
    41  3.28000000E+01  1.07595852E+00  9.99999816E-01  1.07595852E+00
    42  3.36000000E+01  1.07727777E+00  9.99999792E-01  1.07727777E+00
    43  3.44000000E+01  1.07852247E+00  9.99999767E-01  1.07852247E+00
    44  3.52000000E+01  1.07969983E+00  9.99999739E-01  1.07969983E+00
    45  3.60000000E+01  1.08097572E+00  9.99999708E-01  1.08097572E+00
    46  3.68000000E+01  1.08217654E+00  9.99999675E-01  1.08217654E+00
    47  3.76000000E+01  1.08330017E+00  9.99999640E-01  1.08330017E+00
    48  3.84000000E+01  1.08438454E+00  9.99999601E-01  1.08438454E+00
    49  3.92000000E+01  1.08556578E+00  9.99999559E-01  1.08556578E+00
    50  4.00000000E+01  1.08667024E+00  9.99999514E-01  1.08667024E+00
    51  4.08000000E+01  1.08769638E+00  9.99999466E-01  1.08769638E+00
    52  4.16000000E+01  1.08870750E+00  9.99999414E-01  1.08870750E+00
    53  4.24000000E+01  1.08979232E+00  9.99999358E-01  1.08979232E+00
    54  4.32000000E+01  1.09079909E+00  9.99999298E-01  1.09079909E+00
    55  4.40000000E+01  1.09172692E+00  9.99999233E-01  1.09172692E+00
    56  4.48000000E+01  1.09261028E+00  9.99999164E-01  1.09261028E+00
    57  4.56000000E+01  1.09362069E+00  9.99999090E-01  1.09362069E+00
    58  4.64000000E+01  1.09455293E+00  9.99999011E-01  1.09455293E+00
    59  4.72000000E+01  1.09540685E+00  9.99998926E-01  1.09540685E+00
    60  4.80000000E+01  1.09618317E+00  9.99998836E-01  1.09618317E+00
    61  4.88000000E+01  1.09711498E+00  9.99998740E-01  1.09711498E+00
    62  4.96000000E+01  1.09797208E+00  9.99998637E-01  1.09797208E+00
    63  5.04000000E+01  1.09875161E+00  9.99998528E-01  1.09875161E+00
    64  5.12000000E+01  1.09945514E+00  9.99998412E-01  1.09945514E+00
    65  5.20000000E+01  1.10026504E+00  9.99998288E-01  1.10026504E+00
    66  5.28000000E+01  1.10105176E+00  9.99998157E-01  1.10105176E+00
    67  5.36000000E+01  1.10176297E+00  9.99998018E-01  1.10176297E+00
    68  5.44000000E+01  1.10240121E+00  9.99997870E-01  1.10240121E+00
    69  5.52000000E+01  1.10311855E+00  9.99997713E-01  1.10311855E+00
    70  5.60000000E+01  1.10383446E+00  9.99997546E-01  1.10383446E+00
    71  5.68000000E+01  1.10447705E+00  9.99997370E-01  1.10447705E+00
    72  5.76000000E+01  1.10504980E+00  9.99997184E-01  1.10504980E+00
    73  5.84000000E+01  1.10567622E+00  9.99996986E-01  1.10567622E+00
    74  5.92000000E+01  1.10632653E+00  9.99996778E-01  1.10632653E+00
    75  6.00000000E+01  1.10690707E+00  9.99996557E-01  1.10690707E+00
    76  6.08000000E+01  1.10742202E+00  9.99996324E-01  1.10742202E+00
    77  6.16000000E+01  1.10797214E+00  9.99996078E-01  1.10797214E+00
    78  6.24000000E+01  1.10855664E+00  9.99995819E-01  1.10855664E+00
    79  6.32000000E+01  1.10907509E+00  9.99995545E-01  1.10907509E+00
    80  6.40000000E+01  1.10953240E+00  9.99995257E-01  1.10953240E+00
    81  6.48000000E+01  1.11001764E+00  9.99994953E-01  1.11001764E+00
    82  6.56000000E+01  1.11054360E+00  9.99994634E-01  1.11054360E+00
    83  6.64000000E+01  1.11100798E+00  9.99994297E-01  1.11100798E+00
    84  6.72000000E+01  1.11141595E+00  9.99993943E-01  1.11141595E+00
    85  6.80000000E+01  1.11183703E+00  9.99993571E-01  1.11183703E+00
    86  6.88000000E+01  1.11230465E+00  9.99993179E-01  1.11230465E+00
    87  6.96000000E+01  1.11271546E+00  9.99992768E-01  1.11271546E+00
    88  7.04000000E+01  1.11307498E+00  9.99992337E-01  1.11307498E+00
    89  7.12000000E+01  1.11345422E+00  9.99991884E-01  1.11345422E+00
    90  7.20000000E+01  1.11387152E+00  9.99991409E-01  1.11387152E+00
    91  7.28000000E+01  1.11423664E+00  9.99990911E-01  1.11423664E+00
    92  7.36000000E+01  1.11455498E+00  9.99990389E-01  1.11455498E+00
    93  7.44000000E+01  1.11487405E+00  9.99989842E-01  1.11487405E+00
    94  7.52000000E+01  1.11524189E+00  9.99989270E-01  1.11524189E+00
    95  7.60000000E+01  1.11556267E+00  9.99988670E-01  1.11556267E+00
    96  7.68000000E+01  1.11584174E+00  9.99988044E-01  1.11584174E+00
    97  7.76000000E+01  1.11613360E+00  9.99987388E-01  1.11613360E+00
    98  7.84000000E+01  1.11645929E+00  9.99986703E-01  1.11645929E+00
    99  7.92000000E+01  1.11674221E+00  9.99985987E-01  1.11674221E+00
   100  8.00000000E+01  1.11698743E+00  9.99985240E-01  1.11698743E+00
   101  8.08000000E+01  1.11722575E+00  9.99984459E-01  1.11722575E+00
   102  8.16000000E+01  1.11751109E+00  9.99983645E-01  1.11751109E+00
   103  8.24000000E+01  1.11775852E+00  9.99982796E-01  1.11775852E+00
   104  8.32000000E+01  1.11797276E+00  9.99981912E-01  1.11797276E+00
   105  8.40000000E+01  1.11819521E+00  9.99980990E-01  1.11819521E+00
   106  8.48000000E+01  1.11844588E+00  9.99980029E-01  1.11844588E+00
   107  8.56000000E+01  1.11866240E+00  9.99979030E-01  1.11866240E+00
   108  8.64000000E+01  1.11884916E+00  9.99977990E-01  1.11884916E+00
   109  8.72000000E+01  1.11902322E+00  9.99976908E-01  1.11902322E+00
   110  8.80000000E+01  1.11924195E+00  9.99975784E-01  1.11924195E+00
   111  8.88000000E+01  1.11943077E+00  9.99974616E-01  1.11943077E+00
   112  8.96000000E+01  1.11959362E+00  9.99973403E-01  1.11959362E+00
   113  9.04000000E+01  1.11975876E+00  9.99972144E-01  1.11975876E+00
   114  9.12000000E+01  1.11994941E+00  9.99970837E-01  1.11994941E+00
   115  9.20000000E+01  1.12011338E+00  9.99969483E-01  1.12011338E+00
   116  9.28000000E+01  1.12025428E+00  9.99968079E-01  1.12025428E+00
   117  9.36000000E+01  1.12037706E+00  9.99966625E-01  1.12037706E+00
   118  9.44000000E+01  1.12054305E+00  9.99965120E-01  1.12054305E+00
   119  9.52000000E+01  1.12068586E+00  9.99963563E-01  1.12068586E+00
   120  9.60000000E+01  1.12080865E+00  9.99961952E-01  1.12080865E+00
   121  9.68000000E+01  1.12092716E+00  9.99960287E-01  1.12092716E+00
   122  9.76000000E+01  1.12107079E+00  9.99958568E-01  1.12107079E+00
   123  9.84000000E+01  1.12119396E+00  9.99956793E-01  1.12119396E+00
   124  9.92000000E+01  1.12129960E+00  9.99954962E-01  1.12129960E+00
   125  1.00000000E+02  1.12139024E+00  9.99953075E-01  1.12139024E+00
   126  1.00800000E+02  1.12150696E+00  9.99951130E-01  1.12150696E+00
   127  1.01600000E+02  1.12161430E+00  9.99949127E-01  1.12161430E+00
   128  1.02400000E+02  1.12170649E+00  9.99947067E-01  1.12170649E+00
   129  1.03200000E+02  1.12178692E+00  9.99944948E-01  1.12178692E+00
   130  1.04000000E+02  1.12189447E+00  9.99942772E-01  1.12189447E+00
   131  1.04800000E+02  1.12198665E+00  9.99940537E-01  1.12198665E+00
   132  1.05600000E+02  1.12206577E+00  9.99938245E-01  1.12206577E+00
   133  1.06400000E+02  1.12213382E+00  9.99935896E-01  1.12213382E+00
   134  1.07200000E+02  1.12220973E+00  9.99933491E-01  1.12220973E+00
   135  1.08000000E+02  1.12229031E+00  9.99931029E-01  1.12229031E+00
   136  1.08800000E+02  1.12235967E+00  9.99928513E-01  1.12235967E+00
   137  1.09600000E+02  1.12241956E+00  9.99925944E-01  1.12241956E+00
   138  1.10400000E+02  1.12248976E+00  9.99923324E-01  1.12248976E+00
   139  1.11200000E+02  1.12255893E+00  9.99920653E-01  1.12255893E+00
   140  1.12000000E+02  1.12261858E+00  9.99917935E-01  1.12261858E+00
   141  1.12800000E+02  1.12267028E+00  9.99915172E-01  1.12267028E+00
   142  1.13600000E+02  1.12271534E+00  9.99912366E-01  1.12271534E+00
   143  1.14400000E+02  1.12277503E+00  9.99909521E-01  1.12277503E+00
   144  1.15200000E+02  1.12282778E+00  9.99906640E-01  1.12282778E+00
   145  1.16000000E+02  1.12287376E+00  9.99903728E-01  1.12287376E+00
   146  1.16800000E+02  1.12291412E+00  9.99900788E-01  1.12291412E+00
   147  1.17600000E+02  1.12296587E+00  9.99897827E-01  1.12296587E+00
   148  1.18400000E+02  1.12301158E+00  9.99894848E-01  1.12301158E+00
   149  1.19200000E+02  1.12305168E+00  9.99891858E-01  1.12305168E+00
   150  1.20000000E+02  1.12308714E+00  9.99888865E-01  1.12308714E+00
   151  1.20800000E+02  1.12311878E+00  9.99885874E-01  1.12311878E+00
   152  1.21600000E+02  1.12315799E+00  9.99882894E-01  1.12315799E+00
   153  1.22400000E+02  1.12319417E+00  9.99879934E-01  1.12319417E+00
   154  1.23200000E+02  1.12322643E+00  9.99877003E-01  1.12322643E+00
   155  1.24000000E+02  1.12325543E+00  9.99874111E-01  1.12325543E+00
   156  1.24800000E+02  1.12328631E+00  9.99871269E-01  1.12328631E+00
   157  1.25600000E+02  1.12331830E+00  9.99868490E-01  1.12331830E+00
   158  1.26400000E+02  1.12334702E+00  9.99865785E-01  1.12334702E+00
   159  1.27200000E+02  1.12337302E+00  9.99863169E-01  1.12337302E+00
   160  1.28000000E+02  1.12339670E+00  9.99860657E-01  1.12339670E+00
   161  1.28800000E+02  1.12341833E+00  9.99858265E-01  1.12341833E+00
   162  1.29600000E+02  1.12344275E+00  9.99856010E-01  1.12344275E+00
   163  1.30400000E+02  1.12346687E+00  9.99853910E-01  1.12346687E+00
   164  1.31200000E+02  1.12348891E+00  9.99851986E-01  1.12348891E+00
   165  1.32000000E+02  1.12350906E+00  9.99850258E-01  1.12350906E+00
   166  1.32800000E+02  1.12352746E+00  9.99848750E-01  1.12352746E+00
   167  1.33600000E+02  1.12354661E+00  9.99847485E-01  1.12354661E+00
   168  1.34400000E+02  1.12356656E+00  9.99846491E-01  1.12356656E+00
   169  1.35200000E+02  1.12358480E+00  9.99845794E-01  1.12358480E+00
   170  1.36000000E+02  1.12360139E+00  9.99845424E-01  1.12360139E+00
   171  1.36800000E+02  1.12361639E+00  9.99845412E-01  1.12361639E+00
   172  1.37600000E+02  1.12362983E+00  9.99845793E-01  1.12362983E+00
   173  1.38400000E+02  1.12364484E+00  9.99846603E-01  1.12364484E+00
   174  1.39200000E+02  1.12366013E+00  9.99847878E-01  1.12366013E+00
   175  1.40000000E+02  1.12367384E+00  9.99849659E-01  1.12367384E+00
   176  1.40800000E+02  1.12368599E+00  9.99851990E-01  1.12368599E+00
   177  1.41600000E+02  1.12369661E+00  9.99854914E-01  1.12369661E+00
   178  1.42400000E+02  1.12370743E+00  9.99858481E-01  1.12370743E+00
   179  1.43200000E+02  1.12371963E+00  9.99862742E-01  1.12371963E+00
   180  1.44000000E+02  1.12373035E+00  9.99867749E-01  1.12373035E+00
   181  1.44800000E+02  1.12373965E+00  9.99873560E-01  1.12373965E+00
   182  1.45600000E+02  1.12374760E+00  9.99880236E-01  1.12374760E+00
   183  1.46400000E+02  1.12375491E+00  9.99887839E-01  1.12375491E+00
   184  1.47200000E+02  1.12376439E+00  9.99896438E-01  1.12376439E+00
   185  1.48000000E+02  1.12377250E+00  9.99906103E-01  1.12377250E+00
   186  1.48800000E+02  1.12377934E+00  9.99916910E-01  1.12377934E+00
   187  1.49600000E+02  1.12378502E+00  9.99928937E-01  1.12378502E+00
   188  1.50400000E+02  1.12379004E+00  9.99942268E-01  1.12379004E+00
   189  1.51200000E+02  1.12379703E+00  9.99956991E-01  1.12379703E+00
   190  1.52000000E+02  1.12380288E+00  9.99973199E-01  1.12380288E+00
   191  1.52800000E+02  1.12380769E+00  9.99990989E-01  1.12380769E+00
   192  1.53600000E+02  1.12381161E+00  1.00001046E+00  1.12381161E+00
   193  1.54400000E+02  1.12381478E+00  1.00003173E+00  1.12381478E+00
   194  1.55200000E+02  1.12381930E+00  1.00005491E+00  1.12381930E+00
   195  1.56000000E+02  1.12382329E+00  1.00008011E+00  1.12382329E+00
   196  1.56800000E+02  1.12382650E+00  1.00010747E+00  1.12382650E+00
   197  1.57600000E+02  1.12382908E+00  1.00013711E+00  1.12382908E+00
   198  1.58400000E+02  1.12383116E+00  1.00016917E+00  1.12383116E+00
   199  1.59200000E+02  1.12383361E+00  1.00020380E+00  1.12383361E+00
   200  1.60000000E+02  1.12383627E+00  1.00024114E+00  1.12383627E+00
   201  1.60800000E+02  1.12383840E+00  1.00028137E+00  1.12383840E+00
   202  1.61600000E+02  1.12384010E+00  1.00032464E+00  1.12384010E+00
   203  1.62400000E+02  1.12384149E+00  1.00037113E+00  1.12384149E+00
   204  1.63200000E+02  1.12384262E+00  1.00042103E+00  1.12384262E+00
   205  1.64000000E+02  1.12384358E+00  1.00047452E+00  1.12384358E+00
   206  1.64800000E+02  1.12384439E+00  1.00053180E+00  1.12384439E+00
   207  1.65600000E+02  1.12384546E+00  1.00059309E+00  1.12384546E+00
   208  1.66400000E+02  1.12384644E+00  1.00065860E+00  1.12384644E+00
   209  1.67200000E+02  1.12384728E+00  1.00072856E+00  1.12384728E+00
   210  1.68000000E+02  1.12384801E+00  1.00080321E+00  1.12384801E+00
   211  1.68800000E+02  1.12384864E+00  1.00088279E+00  1.12384864E+00
   212  1.69600000E+02  1.12384918E+00  1.00096757E+00  1.12384918E+00
   213  1.70400000E+02  1.12384964E+00  1.00105781E+00  1.12384964E+00
   214  1.71200000E+02  1.12385001E+00  1.00115381E+00  1.12385001E+00
   215  1.72000000E+02  1.12385029E+00  1.00125584E+00  1.12385029E+00
   216  1.72800000E+02  1.12385049E+00  1.00136422E+00  1.12385049E+00
   217  1.73600000E+02  1.12385060E+00  1.00147926E+00  1.12385060E+00
   218  1.74400000E+02  1.12385064E+00  1.00160129E+00  1.12385064E+00
   219  1.75200000E+02  1.12385061E+00  1.00173067E+00  1.12385061E+00
   220  1.76000000E+02  1.12385052E+00  1.00186773E+00  1.12385052E+00
   221  1.76800000E+02  1.12385047E+00  1.00201286E+00  1.12385047E+00
   222  1.77600000E+02  1.12385045E+00  1.00216644E+00  1.12385045E+00
   223  1.78400000E+02  1.12385037E+00  1.00232886E+00  1.12385037E+00
   224  1.79200000E+02  1.12385024E+00  1.00250054E+00  1.12385024E+00
   225  1.80000000E+02  1.12385007E+00  1.00268191E+00  1.12385007E+00
   226  1.80800000E+02  1.12384986E+00  1.00287341E+00  1.12384986E+00
   227  1.81600000E+02  1.12384963E+00  1.00307549E+00  1.12384963E+00
   228  1.82400000E+02  1.12384938E+00  1.00328863E+00  1.12384938E+00
   229  1.83200000E+02  1.12384912E+00  1.00351331E+00  1.12384912E+00
   230  1.84000000E+02  1.12384885E+00  1.00375005E+00  1.12384885E+00
   231  1.84800000E+02  1.12384857E+00  1.00399935E+00  1.12384857E+00
   232  1.85600000E+02  1.12384829E+00  1.00426176E+00  1.12384829E+00
   233  1.86400000E+02  1.12384801E+00  1.00453782E+00  1.12384801E+00
   234  1.87200000E+02  1.12384773E+00  1.00482811E+00  1.12384773E+00
   235  1.88000000E+02  1.12384745E+00  1.00513320E+00  1.12384745E+00
   236  1.88800000E+02  1.12384717E+00  1.00545370E+00  1.12384717E+00
   237  1.89600000E+02  1.12384689E+00  1.00579022E+00  1.12384689E+00
   238  1.90400000E+02  1.12384662E+00  1.00614338E+00  1.12384662E+00
   239  1.91200000E+02  1.12384634E+00  1.00651384E+00  1.12384634E+00
   240  1.92000000E+02  1.12384607E+00  1.00690224E+00  1.12384607E+00
   241  1.92800000E+02  1.12384581E+00  1.00730927E+00  1.12384581E+00
   242  1.93600000E+02  1.12384555E+00  1.00773560E+00  1.12384555E+00
   243  1.94400000E+02  1.12384529E+00  1.00818193E+00  1.12384529E+00
   244  1.95200000E+02  1.12384504E+00  1.00864899E+00  1.12384504E+00
   245  1.96000000E+02  1.12384480E+00  1.00913748E+00  1.12384480E+00
   246  1.96800000E+02  1.12384457E+00  1.00964814E+00  1.12384457E+00
   247  1.97600000E+02  1.12384434E+00  1.01018171E+00  1.12384434E+00
   248  1.98400000E+02  1.12384412E+00  1.01073894E+00  1.12384412E+00
   249  1.99200000E+02  1.12384391E+00  1.01132058E+00  1.12384391E+00
   250  2.00000000E+02  1.12384370E+00  1.01192739E+00  1.12384370E+00
   251  2.00800000E+02  1.12384350E+00  1.01256015E+00  1.12384350E+00
   252  2.01600000E+02  1.12384331E+00  1.01321960E+00  1.12384331E+00
   253  2.02400000E+02  1.12384313E+00  1.01390651E+00  1.12384313E+00
   254  2.03200000E+02  1.12384295E+00  1.01462164E+00  1.12384295E+00
   255  2.04000000E+02  1.12384278E+00  1.01536574E+00  1.12384278E+00
   256  2.04800000E+02  1.12384262E+00  1.01613954E+00  1.12384262E+00
   257  2.05600000E+02  1.12384247E+00  1.01694379E+00  1.12384247E+00
   258  2.06400000E+02  1.12384232E+00  1.01777919E+00  1.12384232E+00
   259  2.07200000E+02  1.12384218E+00  1.01864644E+00  1.12384218E+00
   260  2.08000000E+02  1.12384204E+00  1.01954620E+00  1.12384204E+00
   261  2.08800000E+02  1.12384191E+00  1.02047914E+00  1.12384191E+00
   262  2.09600000E+02  1.12384179E+00  1.02144585E+00  1.12384179E+00
   263  2.10400000E+02  1.12384167E+00  1.02244694E+00  1.12384167E+00
   264  2.11200000E+02  1.12384156E+00  1.02348294E+00  1.12384156E+00
   265  2.12000000E+02  1.12384146E+00  1.02455436E+00  1.12384146E+00
   266  2.12800000E+02  1.12384136E+00  1.02566165E+00  1.12384136E+00
   267  2.13600000E+02  1.12384126E+00  1.02680523E+00  1.12384126E+00
   268  2.14400000E+02  1.12384117E+00  1.02798545E+00  1.12384117E+00
   269  2.15200000E+02  1.12384109E+00  1.02920259E+00  1.12384109E+00
   270  2.16000000E+02  1.12384101E+00  1.03045689E+00  1.12384101E+00
   271  2.16800000E+02  1.12384093E+00  1.03174849E+00  1.12384093E+00
   272  2.17600000E+02  1.12384086E+00  1.03307747E+00  1.12384086E+00
   273  2.18400000E+02  1.12384080E+00  1.03444383E+00  1.12384080E+00
   274  2.19200000E+02  1.12384075E+00  1.03584748E+00  1.12384075E+00
   275  2.20000000E+02  1.12384070E+00  1.03728823E+00  1.12384070E+00
   276  2.20800000E+02  1.12384065E+00  1.03876580E+00  1.12384065E+00
   277  2.21600000E+02  1.12384060E+00  1.04027980E+00  1.12384060E+00
   278  2.22400000E+02  1.12384056E+00  1.04182974E+00  1.12384056E+00
   279  2.23200000E+02  1.12384052E+00  1.04341499E+00  1.12384052E+00
   280  2.24000000E+02  1.12384049E+00  1.04503484E+00  1.12384049E+00
   281  2.24800000E+02  1.12384045E+00  1.04668843E+00  1.12384045E+00
   282  2.25600000E+02  1.12384042E+00  1.04837478E+00  1.12384042E+00
   283  2.26400000E+02  1.12384039E+00  1.05009277E+00  1.12384039E+00
   284  2.27200000E+02  1.12384036E+00  1.05184116E+00  1.12384036E+00
   285  2.28000000E+02  1.12384034E+00  1.05361857E+00  1.12384034E+00
   286  2.28800000E+02  1.12384031E+00  1.05542348E+00  1.12384031E+00
   287  2.29600000E+02  1.12384029E+00  1.05725422E+00  1.12384029E+00
   288  2.30400000E+02  1.12384027E+00  1.05910901E+00  1.12384027E+00
   289  2.31200000E+02  1.12384025E+00  1.06098588E+00  1.12384025E+00
   290  2.32000000E+02  1.12384023E+00  1.06288278E+00  1.12384023E+00
   291  2.32800000E+02  1.12384021E+00  1.06479748E+00  1.12384021E+00
   292  2.33600000E+02  1.12384019E+00  1.06672763E+00  1.12384019E+00
   293  2.34400000E+02  1.12384018E+00  1.06867073E+00  1.12384018E+00
   294  2.35200000E+02  1.12384016E+00  1.07062419E+00  1.12384016E+00
   295  2.36000000E+02  1.12384015E+00  1.07258526E+00  1.12384015E+00
   296  2.36800000E+02  1.12384014E+00  1.07455108E+00  1.12384014E+00
   297  2.37600000E+02  1.12384013E+00  1.07651869E+00  1.12384013E+00
   298  2.38400000E+02  1.12384012E+00  1.07848500E+00  1.12384012E+00
   299  2.39200000E+02  1.12384011E+00  1.08044683E+00  1.12384011E+00
   300  2.40000000E+02  1.12384010E+00  1.08240092E+00  1.12384010E+00
   301  2.40800000E+02  1.12384009E+00  1.08434392E+00  1.12384009E+00
   302  2.41600000E+02  1.12384008E+00  1.08627240E+00  1.12384008E+00
   303  2.42400000E+02  1.12384007E+00  1.08818289E+00  1.12384007E+00
   304  2.43200000E+02  1.12384007E+00  1.09007186E+00  1.12384007E+00
   305  2.44000000E+02  1.12384006E+00  1.09193573E+00  1.12384006E+00
   306  2.44800000E+02  1.12384005E+00  1.09377092E+00  1.12384005E+00
   307  2.45600000E+02  1.12384005E+00  1.09557385E+00  1.12384005E+00
   308  2.46400000E+02  1.12384004E+00  1.09734094E+00  1.12384004E+00
   309  2.47200000E+02  1.12384004E+00  1.09906862E+00  1.12384004E+00
   310  2.48000000E+02  1.12384003E+00  1.10075341E+00  1.12384003E+00
   311  2.48800000E+02  1.12384003E+00  1.10239187E+00  1.12384003E+00
   312  2.49600000E+02  1.12384003E+00  1.10398066E+00  1.12384003E+00
   313  2.50400000E+02  1.12384002E+00  1.10551655E+00  1.12384002E+00
   314  2.51200000E+02  1.12384002E+00  1.10699646E+00  1.12384002E+00
   315  2.52000000E+02  1.12384002E+00  1.10841745E+00  1.12384002E+00
   316  2.52800000E+02  1.12384001E+00  1.10977682E+00  1.12384001E+00
   317  2.53600000E+02  1.12384001E+00  1.11107206E+00  1.12384001E+00
   318  2.54400000E+02  1.12384001E+00  1.11230096E+00  1.12384001E+00
   319  2.55200000E+02  1.12384000E+00  1.11346160E+00  1.12384000E+00
   320  2.56000000E+02  1.12384000E+00  1.11455239E+00  1.12384000E+00
   321  2.56800000E+02  1.12384000E+00  1.11557214E+00  1.12384000E+00
   322  2.57600000E+02  1.12384000E+00  1.11652008E+00  1.12384000E+00
   323  2.58400000E+02  1.12384000E+00  1.11739589E+00  1.12384000E+00
   324  2.59200000E+02  1.12384000E+00  1.11819977E+00  1.12384000E+00
   325  2.60000000E+02  1.12383999E+00  1.11893243E+00  1.12383999E+00
   326  2.60800000E+02  1.12383999E+00  1.11959511E+00  1.12383999E+00
   327  2.61600000E+02  1.12383999E+00  1.12018963E+00  1.12383999E+00
   328  2.62400000E+02  1.12383999E+00  1.12071832E+00  1.12383999E+00
   329  2.63200000E+02  1.12383999E+00  1.12118407E+00  1.12383999E+00
   330  2.64000000E+02  1.12383999E+00  1.12159024E+00  1.12383999E+00
   331  2.64800000E+02  1.12383999E+00  1.12194064E+00  1.12383999E+00
   332  2.65600000E+02  1.12383999E+00  1.12223945E+00  1.12383999E+00
   333  2.66400000E+02  1.12383999E+00  1.12249114E+00  1.12383999E+00
   334  2.67200000E+02  1.12383998E+00  1.12270040E+00  1.12383998E+00
   335  2.68000000E+02  1.12383998E+00  1.12287200E+00  1.12383998E+00
   336  2.68800000E+02  1.12383998E+00  1.12301072E+00  1.12383998E+00
   337  2.69600000E+02  1.12383998E+00  1.12312126E+00  1.12383998E+00
   338  2.70400000E+02  1.12383998E+00  1.12320812E+00  1.12383998E+00
   339  2.71200000E+02  1.12383998E+00  1.12327552E+00  1.12383998E+00
   340  2.72000000E+02  1.12383998E+00  1.12332734E+00  1.12383998E+00
   341  2.72800000E+02  1.12383998E+00  1.12336704E+00  1.12383998E+00
   342  2.73600000E+02  1.12383998E+00  1.12339765E+00  1.12383998E+00
   343  2.74400000E+02  1.12383998E+00  1.12342176E+00  1.12383998E+00
   344  2.75200000E+02  1.12383998E+00  1.12344146E+00  1.12383998E+00
   345  2.76000000E+02  1.12383998E+00  1.12345844E+00  1.12383998E+00
   346  2.76800000E+02  1.12383998E+00  1.12347392E+00  1.12383998E+00
   347  2.77600000E+02  1.12383998E+00  1.12348881E+00  1.12383998E+00
   348  2.78400000E+02  1.12383998E+00  1.12350365E+00  1.12383998E+00
   349  2.79200000E+02  1.12383998E+00  1.12351874E+00  1.12383998E+00
   350  2.80000000E+02  1.12383998E+00  1.12353415E+00  1.12383998E+00
   351  2.80800000E+02  1.12383998E+00  1.12354982E+00  1.12383998E+00
   352  2.81600000E+02  1.12383998E+00  1.12356557E+00  1.12383998E+00
   353  2.82400000E+02  1.12383998E+00  1.12358115E+00  1.12383998E+00
   354  2.83200000E+02  1.12383998E+00  1.12359632E+00  1.12383998E+00
   355  2.84000000E+02  1.12383998E+00  1.12361081E+00  1.12383998E+00
   356  2.84800000E+02  1.12383998E+00  1.12362439E+00  1.12383998E+00
   357  2.85600000E+02  1.12383998E+00  1.12363690E+00  1.12383998E+00
   358  2.86400000E+02  1.12383997E+00  1.12364819E+00  1.12383997E+00
   359  2.87200000E+02  1.12383997E+00  1.12365819E+00  1.12383997E+00
   360  2.88000000E+02  1.12383997E+00  1.12366686E+00  1.12383997E+00
   361  2.88800000E+02  1.12383997E+00  1.12367422E+00  1.12383997E+00
   362  2.89600000E+02  1.12383997E+00  1.12368033E+00  1.12383997E+00
   363  2.90400000E+02  1.12383997E+00  1.12368527E+00  1.12383997E+00
   364  2.91200000E+02  1.12383997E+00  1.12368915E+00  1.12383997E+00
   365  2.92000000E+02  1.12383997E+00  1.12369209E+00  1.12383997E+00
   366  2.92800000E+02  1.12383997E+00  1.12369424E+00  1.12383997E+00
   367  2.93600000E+02  1.12383997E+00  1.12369571E+00  1.12383997E+00
   368  2.94400000E+02  1.12383997E+00  1.12369664E+00  1.12383997E+00
 steady-height stop at step    368: changes <=   1.0000E-05, max-end <=   1.0000E-02, max/end/gap/profile_change =   1.12383997E+00  1.12369664E+00  1.43338410E-04  9.28168995E-07


STDERR:
