COMMAND:
/shared/swell_inference/datas/generate_rom_data/extrudate_swell2d_c_cluster

STDOUT:
 comppar: model =   3
 comppar: lambda,mobility/eps,betav,eta_0 =  6.4000E+00  3.6667E-01  1.0000E-01  1.0000E+00
 comppar: eta_s,eta_p,G =  1.0000E-01  9.0000E-01  1.4062E-01
 comppar: U_avg,deltat,flowrate,nsteps =  2.5000E-02  8.0000E-01  7.8540E-02     700
 comppar: geometry = axisymmetric
 comppar: steady stop change,gap,hold,min =  1.0000E-05  1.0000E-02      10      80
 comppar: ncompc,ncompg =     4     5
 mesh nnodes = 5765
 mesh nelem = 2780
 P1 BC   5.0000000000000000     
 P2 BC   0.0000000000000000     
     1  8.00000000E-01  1.00252543E+00  1.00000000E+00  1.00252543E+00
     2  1.60000000E+00  1.00496883E+00  1.00000000E+00  1.00496883E+00
     3  2.40000000E+00  1.00730401E+00  1.00000000E+00  1.00730401E+00
     4  3.20000000E+00  1.00956479E+00  1.00000000E+00  1.00956479E+00
     5  4.00000000E+00  1.01176217E+00  1.00000000E+00  1.01176217E+00
     6  4.80000000E+00  1.01390531E+00  1.00000000E+00  1.01390531E+00
     7  5.60000000E+00  1.01599621E+00  1.00000000E+00  1.01599621E+00
     8  6.40000000E+00  1.01805226E+00  1.00000000E+00  1.01805226E+00
     9  7.20000000E+00  1.02007169E+00  1.00000000E+00  1.02007169E+00
    10  8.00000000E+00  1.02205064E+00  1.00000001E+00  1.02205064E+00
    11  8.80000000E+00  1.02400156E+00  1.00000001E+00  1.02400156E+00
    12  9.60000000E+00  1.02591534E+00  1.00000001E+00  1.02591534E+00
    13  1.04000000E+01  1.02779890E+00  1.00000001E+00  1.02779890E+00
    14  1.12000000E+01  1.02965180E+00  1.00000001E+00  1.02965180E+00
    15  1.20000000E+01  1.03145805E+00  1.00000001E+00  1.03145805E+00
    16  1.28000000E+01  1.03326087E+00  1.00000001E+00  1.03326087E+00
    17  1.36000000E+01  1.03500711E+00  1.00000001E+00  1.03500711E+00
    18  1.44000000E+01  1.03674714E+00  1.00000001E+00  1.03674714E+00
    19  1.52000000E+01  1.03844758E+00  1.00000001E+00  1.03844758E+00
    20  1.60000000E+01  1.04010119E+00  1.00000001E+00  1.04010119E+00
    21  1.68000000E+01  1.04176806E+00  1.00000001E+00  1.04176806E+00
    22  1.76000000E+01  1.04337544E+00  1.00000001E+00  1.04337544E+00
    23  1.84000000E+01  1.04495783E+00  1.00000000E+00  1.04495783E+00
    24  1.92000000E+01  1.04653399E+00  1.00000000E+00  1.04653399E+00
    25  2.00000000E+01  1.04804654E+00  9.99999998E-01  1.04804654E+00
    26  2.08000000E+01  1.04952848E+00  9.99999995E-01  1.04952848E+00
    27  2.16000000E+01  1.05102334E+00  9.99999990E-01  1.05102334E+00
    28  2.24000000E+01  1.05245097E+00  9.99999985E-01  1.05245097E+00
    29  2.32000000E+01  1.05386457E+00  9.99999980E-01  1.05386457E+00
    30  2.40000000E+01  1.05527611E+00  9.99999973E-01  1.05527611E+00
    31  2.48000000E+01  1.05661640E+00  9.99999966E-01  1.05661640E+00
    32  2.56000000E+01  1.05796027E+00  9.99999958E-01  1.05796027E+00
    33  2.64000000E+01  1.05930288E+00  9.99999948E-01  1.05930288E+00
    34  2.72000000E+01  1.06057124E+00  9.99999938E-01  1.06057124E+00
    35  2.80000000E+01  1.06183207E+00  9.99999926E-01  1.06183207E+00
    36  2.88000000E+01  1.06310433E+00  9.99999913E-01  1.06310433E+00
    37  2.96000000E+01  1.06429922E+00  9.99999898E-01  1.06429922E+00
    38  3.04000000E+01  1.06541790E+00  9.99999882E-01  1.06541790E+00
    39  3.12000000E+01  1.06663851E+00  9.99999865E-01  1.06663851E+00
    40  3.20000000E+01  1.06778008E+00  9.99999846E-01  1.06778008E+00
    41  3.28000000E+01  1.06883867E+00  9.99999824E-01  1.06883867E+00
    42  3.36000000E+01  1.06994499E+00  9.99999801E-01  1.06994499E+00
    43  3.44000000E+01  1.07103282E+00  9.99999776E-01  1.07103282E+00
    44  3.52000000E+01  1.07203618E+00  9.99999748E-01  1.07203618E+00
    45  3.60000000E+01  1.07297581E+00  9.99999718E-01  1.07297581E+00
    46  3.68000000E+01  1.07403440E+00  9.99999686E-01  1.07403440E+00
    47  3.76000000E+01  1.07500840E+00  9.99999651E-01  1.07500840E+00
    48  3.84000000E+01  1.07589505E+00  9.99999613E-01  1.07589505E+00
    49  3.92000000E+01  1.07681357E+00  9.99999571E-01  1.07681357E+00
    50  4.00000000E+01  1.07775809E+00  9.99999527E-01  1.07775809E+00
    51  4.08000000E+01  1.07861510E+00  9.99999479E-01  1.07861510E+00
    52  4.16000000E+01  1.07938299E+00  9.99999427E-01  1.07938299E+00
    53  4.24000000E+01  1.08023184E+00  9.99999371E-01  1.08023184E+00
    54  4.32000000E+01  1.08108440E+00  9.99999312E-01  1.08108440E+00
    55  4.40000000E+01  1.08184869E+00  9.99999247E-01  1.08184869E+00
    56  4.48000000E+01  1.08252434E+00  9.99999179E-01  1.08252434E+00
    57  4.56000000E+01  1.08332751E+00  9.99999105E-01  1.08332751E+00
    58  4.64000000E+01  1.08408669E+00  9.99999026E-01  1.08408669E+00
    59  4.72000000E+01  1.08475739E+00  9.99998941E-01  1.08475739E+00
    60  4.80000000E+01  1.08534052E+00  9.99998851E-01  1.08534052E+00
    61  4.88000000E+01  1.08608104E+00  9.99998755E-01  1.08608104E+00
    62  4.96000000E+01  1.08675078E+00  9.99998652E-01  1.08675078E+00
    63  5.04000000E+01  1.08733390E+00  9.99998542E-01  1.08733390E+00
    64  5.12000000E+01  1.08787895E+00  9.99998426E-01  1.08787895E+00
    65  5.20000000E+01  1.08854567E+00  9.99998301E-01  1.08854567E+00
    66  5.28000000E+01  1.08912566E+00  9.99998169E-01  1.08912566E+00
    67  5.36000000E+01  1.08962153E+00  9.99998029E-01  1.08962153E+00
    68  5.44000000E+01  1.09013063E+00  9.99997879E-01  1.09013063E+00
    69  5.52000000E+01  1.09071057E+00  9.99997721E-01  1.09071057E+00
    70  5.60000000E+01  1.09120731E+00  9.99997553E-01  1.09120731E+00
    71  5.68000000E+01  1.09162535E+00  9.99997374E-01  1.09162535E+00
    72  5.76000000E+01  1.09212489E+00  9.99997185E-01  1.09212489E+00
    73  5.84000000E+01  1.09261823E+00  9.99996985E-01  1.09261823E+00
    74  5.92000000E+01  1.09303260E+00  9.99996773E-01  1.09303260E+00
    75  6.00000000E+01  1.09337439E+00  9.99996549E-01  1.09337439E+00
    76  6.08000000E+01  1.09386096E+00  9.99996312E-01  1.09386096E+00
    77  6.16000000E+01  1.09427711E+00  9.99996062E-01  1.09427711E+00
    78  6.24000000E+01  1.09462143E+00  9.99995797E-01  1.09462143E+00
    79  6.32000000E+01  1.09496361E+00  9.99995518E-01  1.09496361E+00
    80  6.40000000E+01  1.09537616E+00  9.99995224E-01  1.09537616E+00
    81  6.48000000E+01  1.09571667E+00  9.99994913E-01  1.09571667E+00
    82  6.56000000E+01  1.09599306E+00  9.99994586E-01  1.09599306E+00
    83  6.64000000E+01  1.09634414E+00  9.99994241E-01  1.09634414E+00
    84  6.72000000E+01  1.09668710E+00  9.99993878E-01  1.09668710E+00
    85  6.80000000E+01  1.09696625E+00  9.99993496E-01  1.09696625E+00
    86  6.88000000E+01  1.09719026E+00  9.99993095E-01  1.09719026E+00
    87  6.96000000E+01  1.09752926E+00  9.99992673E-01  1.09752926E+00
    88  7.04000000E+01  1.09780470E+00  9.99992229E-01  1.09780470E+00
    89  7.12000000E+01  1.09802513E+00  9.99991763E-01  1.09802513E+00
    90  7.20000000E+01  1.09827157E+00  9.99991274E-01  1.09827157E+00
    91  7.28000000E+01  1.09854976E+00  9.99990761E-01  1.09854976E+00
    92  7.36000000E+01  1.09877271E+00  9.99990223E-01  1.09877271E+00
    93  7.44000000E+01  1.09894937E+00  9.99989659E-01  1.09894937E+00
    94  7.52000000E+01  1.09918575E+00  9.99989068E-01  1.09918575E+00
    95  7.60000000E+01  1.09940535E+00  9.99988450E-01  1.09940535E+00
    96  7.68000000E+01  1.09957897E+00  9.99987802E-01  1.09957897E+00
    97  7.76000000E+01  1.09975073E+00  9.99987125E-01  1.09975073E+00
    98  7.84000000E+01  1.09997283E+00  9.99986416E-01  1.09997283E+00
    99  7.92000000E+01  1.10014828E+00  9.99985676E-01  1.10014828E+00
   100  8.00000000E+01  1.10028571E+00  9.99984903E-01  1.10028571E+00
   101  8.08000000E+01  1.10044465E+00  9.99984095E-01  1.10044465E+00
   102  8.16000000E+01  1.10061722E+00  9.99983252E-01  1.10061722E+00
   103  8.24000000E+01  1.10075222E+00  9.99982373E-01  1.10075222E+00
   104  8.32000000E+01  1.10086880E+00  9.99981457E-01  1.10086880E+00
   105  8.40000000E+01  1.10104323E+00  9.99980502E-01  1.10104323E+00
   106  8.48000000E+01  1.10117911E+00  9.99979507E-01  1.10117911E+00
   107  8.56000000E+01  1.10128439E+00  9.99978472E-01  1.10128439E+00
   108  8.64000000E+01  1.10138652E+00  9.99977394E-01  1.10138652E+00
   109  8.72000000E+01  1.10152011E+00  9.99976274E-01  1.10152011E+00
   110  8.80000000E+01  1.10162362E+00  9.99975109E-01  1.10162362E+00
   111  8.88000000E+01  1.10170410E+00  9.99973899E-01  1.10170410E+00
   112  8.96000000E+01  1.10183665E+00  9.99972643E-01  1.10183665E+00
   113  9.04000000E+01  1.10194000E+00  9.99971340E-01  1.10194000E+00
   114  9.12000000E+01  1.10201914E+00  9.99969988E-01  1.10201914E+00
   115  9.20000000E+01  1.10208056E+00  9.99968587E-01  1.10208056E+00
   116  9.28000000E+01  1.10218222E+00  9.99967136E-01  1.10218222E+00
   117  9.36000000E+01  1.10226023E+00  9.99965634E-01  1.10226023E+00
   118  9.44000000E+01  1.10232043E+00  9.99964080E-01  1.10232043E+00
   119  9.52000000E+01  1.10241277E+00  9.99962474E-01  1.10241277E+00
   120  9.60000000E+01  1.10248966E+00  9.99960814E-01  1.10248966E+00
   121  9.68000000E+01  1.10254769E+00  9.99959100E-01  1.10254769E+00
   122  9.76000000E+01  1.10259151E+00  9.99957332E-01  1.10259151E+00
   123  9.84000000E+01  1.10265653E+00  9.99955509E-01  1.10265653E+00
   124  9.92000000E+01  1.10271400E+00  9.99953630E-01  1.10271400E+00
   125  1.00000000E+02  1.10275780E+00  9.99951697E-01  1.10275780E+00
   126  1.00800000E+02  1.10282223E+00  9.99949707E-01  1.10282223E+00
   127  1.01600000E+02  1.10287779E+00  9.99947663E-01  1.10287779E+00
   128  1.02400000E+02  1.10291885E+00  9.99945563E-01  1.10291885E+00
   129  1.03200000E+02  1.10294900E+00  9.99943409E-01  1.10294900E+00
   130  1.04000000E+02  1.10298949E+00  9.99941201E-01  1.10298949E+00
   131  1.04800000E+02  1.10303048E+00  9.99938939E-01  1.10303048E+00
   132  1.05600000E+02  1.10306101E+00  9.99936626E-01  1.10306101E+00
   133  1.06400000E+02  1.10310608E+00  9.99934261E-01  1.10310608E+00
   134  1.07200000E+02  1.10314457E+00  9.99931847E-01  1.10314457E+00
   135  1.08000000E+02  1.10317205E+00  9.99929386E-01  1.10317205E+00
   136  1.08800000E+02  1.10319120E+00  9.99926880E-01  1.10319120E+00
   137  1.09600000E+02  1.10321554E+00  9.99924330E-01  1.10321554E+00
   138  1.10400000E+02  1.10324335E+00  9.99921741E-01  1.10324335E+00
   139  1.11200000E+02  1.10326315E+00  9.99919115E-01  1.10326315E+00
   140  1.12000000E+02  1.10329531E+00  9.99916455E-01  1.10329531E+00
   141  1.12800000E+02  1.10332026E+00  9.99913767E-01  1.10332026E+00
   142  1.13600000E+02  1.10333693E+00  9.99911054E-01  1.10333693E+00
   143  1.14400000E+02  1.10334723E+00  9.99908321E-01  1.10334723E+00
   144  1.15200000E+02  1.10336202E+00  9.99905574E-01  1.10336202E+00
   145  1.16000000E+02  1.10337931E+00  9.99902820E-01  1.10337931E+00
   146  1.16800000E+02  1.10339188E+00  9.99900065E-01  1.10339188E+00
   147  1.17600000E+02  1.10341442E+00  9.99897317E-01  1.10341442E+00
   148  1.18400000E+02  1.10342872E+00  9.99894583E-01  1.10342872E+00
   149  1.19200000E+02  1.10343685E+00  9.99891874E-01  1.10343685E+00
   150  1.20000000E+02  1.10344009E+00  9.99889199E-01  1.10344009E+00
   151  1.20800000E+02  1.10345026E+00  9.99886567E-01  1.10345026E+00
   152  1.21600000E+02  1.10345919E+00  9.99883992E-01  1.10345919E+00
   153  1.22400000E+02  1.10347097E+00  9.99881485E-01  1.10347097E+00
   154  1.23200000E+02  1.10348296E+00  9.99879060E-01  1.10348296E+00
   155  1.24000000E+02  1.10348896E+00  9.99876732E-01  1.10348896E+00
   156  1.24800000E+02  1.10349039E+00  9.99874515E-01  1.10349039E+00
   157  1.25600000E+02  1.10349018E+00  9.99872427E-01  1.10349018E+00
   158  1.26400000E+02  1.10349693E+00  9.99870486E-01  1.10349693E+00
   159  1.27200000E+02  1.10350197E+00  9.99868712E-01  1.10350197E+00
   160  1.28000000E+02  1.10351172E+00  9.99867125E-01  1.10351172E+00
   161  1.28800000E+02  1.10351561E+00  9.99865749E-01  1.10351561E+00
   162  1.29600000E+02  1.10351522E+00  9.99864607E-01  1.10351522E+00
   163  1.30400000E+02  1.10351147E+00  9.99863725E-01  1.10351147E+00
   164  1.31200000E+02  1.10351408E+00  9.99863132E-01  1.10351408E+00
   165  1.32000000E+02  1.10351626E+00  9.99862856E-01  1.10351626E+00
   166  1.32800000E+02  1.10352384E+00  9.99862931E-01  1.10352384E+00
   167  1.33600000E+02  1.10352566E+00  9.99863389E-01  1.10352566E+00
   168  1.34400000E+02  1.10352343E+00  9.99864266E-01  1.10352343E+00
   169  1.35200000E+02  1.10351821E+00  9.99865602E-01  1.10351821E+00
   170  1.36000000E+02  1.10351801E+00  9.99867436E-01  1.10351801E+00
   171  1.36800000E+02  1.10352008E+00  9.99869812E-01  1.10352008E+00
   172  1.37600000E+02  1.10352555E+00  9.99872775E-01  1.10352555E+00
   173  1.38400000E+02  1.10352533E+00  9.99876376E-01  1.10352533E+00
   174  1.39200000E+02  1.10352127E+00  9.99880665E-01  1.10352127E+00
   175  1.40000000E+02  1.10351452E+00  9.99885697E-01  1.10351452E+00
   176  1.40800000E+02  1.10351398E+00  9.99891530E-01  1.10351398E+00
   177  1.41600000E+02  1.10351793E+00  9.99898227E-01  1.10351793E+00
   178  1.42400000E+02  1.10352137E+00  9.99905852E-01  1.10352137E+00
   179  1.43200000E+02  1.10351913E+00  9.99914474E-01  1.10351913E+00
   180  1.44000000E+02  1.10351322E+00  9.99924167E-01  1.10351322E+00
   181  1.44800000E+02  1.10350762E+00  9.99935008E-01  1.10350762E+00
   182  1.45600000E+02  1.10350595E+00  9.99947079E-01  1.10350595E+00
   183  1.46400000E+02  1.10351309E+00  9.99960466E-01  1.10351309E+00
   184  1.47200000E+02  1.10351453E+00  9.99975260E-01  1.10351453E+00
   185  1.48000000E+02  1.10351030E+00  9.99991559E-01  1.10351030E+00
   186  1.48800000E+02  1.10350256E+00  1.00000946E+00  1.10350256E+00
   187  1.49600000E+02  1.10350005E+00  1.00002908E+00  1.10350005E+00
   188  1.50400000E+02  1.10349906E+00  1.00005052E+00  1.10349906E+00
   189  1.51200000E+02  1.10350745E+00  1.00007391E+00  1.10350745E+00
   190  1.52000000E+02  1.10350695E+00  1.00009937E+00  1.10350695E+00
   191  1.52800000E+02  1.10350077E+00  1.00012702E+00  1.10350077E+00
   192  1.53600000E+02  1.10349279E+00  1.00015702E+00  1.10349279E+00
   193  1.54400000E+02  1.10349250E+00  1.00018950E+00  1.10349250E+00
   194  1.55200000E+02  1.10349565E+00  1.00022461E+00  1.10349565E+00
   195  1.56000000E+02  1.10350233E+00  1.00026252E+00  1.10350233E+00
   196  1.56800000E+02  1.10349995E+00  1.00030340E+00  1.10349995E+00
   197  1.57600000E+02  1.10349184E+00  1.00034741E+00  1.10349184E+00
   198  1.58400000E+02  1.10348821E+00  1.00039474E+00  1.10348821E+00
   199  1.59200000E+02  1.10348599E+00  1.00044559E+00  1.10348599E+00
   200  1.60000000E+02  1.10349350E+00  1.00050016E+00  1.10349350E+00
   201  1.60800000E+02  1.10349854E+00  1.00055866E+00  1.10349854E+00
   202  1.61600000E+02  1.10349433E+00  1.00062130E+00  1.10349433E+00
   203  1.62400000E+02  1.10348433E+00  1.00068833E+00  1.10348433E+00
   204  1.63200000E+02  1.10348521E+00  1.00075997E+00  1.10348521E+00
   205  1.64000000E+02  1.10348112E+00  1.00083649E+00  1.10348112E+00
   206  1.64800000E+02  1.10349297E+00  1.00091814E+00  1.10349297E+00
   207  1.65600000E+02  1.10349643E+00  1.00100521E+00  1.10349643E+00
   208  1.66400000E+02  1.10349044E+00  1.00109798E+00  1.10349044E+00
   209  1.67200000E+02  1.10348070E+00  1.00119675E+00  1.10348070E+00
   210  1.68000000E+02  1.10348394E+00  1.00130183E+00  1.10348394E+00
   211  1.68800000E+02  1.10347803E+00  1.00141354E+00  1.10347803E+00
   212  1.69600000E+02  1.10349418E+00  1.00153223E+00  1.10349418E+00
   213  1.70400000E+02  1.10349613E+00  1.00165825E+00  1.10349613E+00
   214  1.71200000E+02  1.10348840E+00  1.00179196E+00  1.10348840E+00
   215  1.72000000E+02  1.10348285E+00  1.00193375E+00  1.10348285E+00
   216  1.72800000E+02  1.10348454E+00  1.00208400E+00  1.10348454E+00
   217  1.73600000E+02  1.10348205E+00  1.00224313E+00  1.10348205E+00
   218  1.74400000E+02  1.10349714E+00  1.00241156E+00  1.10349714E+00
   219  1.75200000E+02  1.10349762E+00  1.00258973E+00  1.10349762E+00
   220  1.76000000E+02  1.10348821E+00  1.00277809E+00  1.10348821E+00
   221  1.76800000E+02  1.10348668E+00  1.00297712E+00  1.10348668E+00
   222  1.77600000E+02  1.10348688E+00  1.00318730E+00  1.10348688E+00
   223  1.78400000E+02  1.10348771E+00  1.00340912E+00  1.10348771E+00
   224  1.79200000E+02  1.10350173E+00  1.00364313E+00  1.10350173E+00
   225  1.80000000E+02  1.10350081E+00  1.00388983E+00  1.10350081E+00
   226  1.80800000E+02  1.10348975E+00  1.00414979E+00  1.10348975E+00
   227  1.81600000E+02  1.10349207E+00  1.00442357E+00  1.10349207E+00
   228  1.82400000E+02  1.10349084E+00  1.00471176E+00  1.10349084E+00
   229  1.83200000E+02  1.10349478E+00  1.00501495E+00  1.10349478E+00
   230  1.84000000E+02  1.10350777E+00  1.00533375E+00  1.10350777E+00
   231  1.84800000E+02  1.10350550E+00  1.00566880E+00  1.10350550E+00
   232  1.85600000E+02  1.10349284E+00  1.00602075E+00  1.10349284E+00
   233  1.86400000E+02  1.10349882E+00  1.00639023E+00  1.10349882E+00
   234  1.87200000E+02  1.10349620E+00  1.00677794E+00  1.10349620E+00
   235  1.88000000E+02  1.10350307E+00  1.00718456E+00  1.10350307E+00
   236  1.88800000E+02  1.10351509E+00  1.00761078E+00  1.10351509E+00
   237  1.89600000E+02  1.10351151E+00  1.00805732E+00  1.10351151E+00
   238  1.90400000E+02  1.10349730E+00  1.00852490E+00  1.10349730E+00
   239  1.91200000E+02  1.10350676E+00  1.00901425E+00  1.10350676E+00
   240  1.92000000E+02  1.10350281E+00  1.00952612E+00  1.10350281E+00
   241  1.92800000E+02  1.10351238E+00  1.01006124E+00  1.10351238E+00
   242  1.93600000E+02  1.10352348E+00  1.01062038E+00  1.10352348E+00
   243  1.94400000E+02  1.10351865E+00  1.01120428E+00  1.10351865E+00
   244  1.95200000E+02  1.10350522E+00  1.01181371E+00  1.10350522E+00
   245  1.96000000E+02  1.10351567E+00  1.01244941E+00  1.10351567E+00
   246  1.96800000E+02  1.10351045E+00  1.01311214E+00  1.10351045E+00
   247  1.97600000E+02  1.10352255E+00  1.01380264E+00  1.10352255E+00
   248  1.98400000E+02  1.10353276E+00  1.01452163E+00  1.10353276E+00
   249  1.99200000E+02  1.10352673E+00  1.01526983E+00  1.10352673E+00
   250  2.00000000E+02  1.10351585E+00  1.01604794E+00  1.10351585E+00
   251  2.00800000E+02  1.10352541E+00  1.01685665E+00  1.10352541E+00
   252  2.01600000E+02  1.10351896E+00  1.01769659E+00  1.10351896E+00
   253  2.02400000E+02  1.10353340E+00  1.01856841E+00  1.10353340E+00
   254  2.03200000E+02  1.10354279E+00  1.01947269E+00  1.10354279E+00
   255  2.04000000E+02  1.10353559E+00  1.02040998E+00  1.10353559E+00
   256  2.04800000E+02  1.10352710E+00  1.02138082E+00  1.10352710E+00
   257  2.05600000E+02  1.10353581E+00  1.02238567E+00  1.10353581E+00
   258  2.06400000E+02  1.10352818E+00  1.02342496E+00  1.10352818E+00
   259  2.07200000E+02  1.10354481E+00  1.02449905E+00  1.10354481E+00
   260  2.08000000E+02  1.10355341E+00  1.02560826E+00  1.10355341E+00
   261  2.08800000E+02  1.10354510E+00  1.02675282E+00  1.10354510E+00
   262  2.09600000E+02  1.10353883E+00  1.02793293E+00  1.10353883E+00
   263  2.10400000E+02  1.10354675E+00  1.02914866E+00  1.10354675E+00
   264  2.11200000E+02  1.10353798E+00  1.03040003E+00  1.10353798E+00
   265  2.12000000E+02  1.10355665E+00  1.03168697E+00  1.10355665E+00
   266  2.12800000E+02  1.10356451E+00  1.03300929E+00  1.10356451E+00
   267  2.13600000E+02  1.10355512E+00  1.03436672E+00  1.10355512E+00
   268  2.14400000E+02  1.10355094E+00  1.03575887E+00  1.10355094E+00
   269  2.15200000E+02  1.10355811E+00  1.03718522E+00  1.10355811E+00
   270  2.16000000E+02  1.10354824E+00  1.03864515E+00  1.10354824E+00
   271  2.16800000E+02  1.10356882E+00  1.04013789E+00  1.10356882E+00
   272  2.17600000E+02  1.10357597E+00  1.04166254E+00  1.10357597E+00
   273  2.18400000E+02  1.10356554E+00  1.04321806E+00  1.10356554E+00
   274  2.19200000E+02  1.10356334E+00  1.04480327E+00  1.10356334E+00
   275  2.20000000E+02  1.10356978E+00  1.04641683E+00  1.10356978E+00
   276  2.20800000E+02  1.10355887E+00  1.04805725E+00  1.10355887E+00
   277  2.21600000E+02  1.10358123E+00  1.04972289E+00  1.10358123E+00
   278  2.22400000E+02  1.10358771E+00  1.05141195E+00  1.10358771E+00
   279  2.23200000E+02  1.10357629E+00  1.05312248E+00  1.10357629E+00
   280  2.24000000E+02  1.10357594E+00  1.05485234E+00  1.10357594E+00
   281  2.24800000E+02  1.10358171E+00  1.05659926E+00  1.10358171E+00
   282  2.25600000E+02  1.10356979E+00  1.05836081E+00  1.10356979E+00
   283  2.26400000E+02  1.10359382E+00  1.06013438E+00  1.10359382E+00
   284  2.27200000E+02  1.10359967E+00  1.06191723E+00  1.10359967E+00
   285  2.28000000E+02  1.10358730E+00  1.06370644E+00  1.10358730E+00
   286  2.28800000E+02  1.10358869E+00  1.06549896E+00  1.10358869E+00
   287  2.29600000E+02  1.10359382E+00  1.06729159E+00  1.10359382E+00
   288  2.30400000E+02  1.10358093E+00  1.06908097E+00  1.10358093E+00
   289  2.31200000E+02  1.10360653E+00  1.07086364E+00  1.10360653E+00
   290  2.32000000E+02  1.10361178E+00  1.07263598E+00  1.10361178E+00
   291  2.32800000E+02  1.10359849E+00  1.07439427E+00  1.10359849E+00
   292  2.33600000E+02  1.10360154E+00  1.07613468E+00  1.10360154E+00
   293  2.34400000E+02  1.10360607E+00  1.07785327E+00  1.10360607E+00
   294  2.35200000E+02  1.10359224E+00  1.07954604E+00  1.10359224E+00
   295  2.36000000E+02  1.10361932E+00  1.08120891E+00  1.10361932E+00
   296  2.36800000E+02  1.10362401E+00  1.08283777E+00  1.10362401E+00
   297  2.37600000E+02  1.10360984E+00  1.08442845E+00  1.10360984E+00
   298  2.38400000E+02  1.10361445E+00  1.08597681E+00  1.10361445E+00
   299  2.39200000E+02  1.10361841E+00  1.08747872E+00  1.10361841E+00
   300  2.40000000E+02  1.10360369E+00  1.08893012E+00  1.10360369E+00
   301  2.40800000E+02  1.10363216E+00  1.09032702E+00  1.10363216E+00
   302  2.41600000E+02  1.10363633E+00  1.09166556E+00  1.10363633E+00
   303  2.42400000E+02  1.10362131E+00  1.09294206E+00  1.10362131E+00
   304  2.43200000E+02  1.10362740E+00  1.09415305E+00  1.10362740E+00
   305  2.44000000E+02  1.10363082E+00  1.09529533E+00  1.10363082E+00
   306  2.44800000E+02  1.10361576E+00  1.09636606E+00  1.10361576E+00
   307  2.45600000E+02  1.10364502E+00  1.09736275E+00  1.10364502E+00
   308  2.46400000E+02  1.10364869E+00  1.09828342E+00  1.10364869E+00
   309  2.47200000E+02  1.10363286E+00  1.09912660E+00  1.10363286E+00
   310  2.48000000E+02  1.10364034E+00  1.09989147E+00  1.10364034E+00
   311  2.48800000E+02  1.10364327E+00  1.10057785E+00  1.10364327E+00
   312  2.49600000E+02  1.10362876E+00  1.10118633E+00  1.10362876E+00
   313  2.50400000E+02  1.10365789E+00  1.10171829E+00  1.10365789E+00
   314  2.51200000E+02  1.10366110E+00  1.10217590E+00  1.10366110E+00
   315  2.52000000E+02  1.10364449E+00  1.10256220E+00  1.10364449E+00
   316  2.52800000E+02  1.10365332E+00  1.10288100E+00  1.10365332E+00
   317  2.53600000E+02  1.10365584E+00  1.10313688E+00  1.10365584E+00
   318  2.54400000E+02  1.10364206E+00  1.10333508E+00  1.10364206E+00
   319  2.55200000E+02  1.10367114E+00  1.10348140E+00  1.10367114E+00
   320  2.56000000E+02  1.10367397E+00  1.10358206E+00  1.10367397E+00
   321  2.56800000E+02  1.10365666E+00  1.10364352E+00  1.10365666E+00
   322  2.57600000E+02  1.10367232E+00  1.10367232E+00  1.10367232E+00
   323  2.58400000E+02  1.10367486E+00  1.10367486E+00  1.10367486E+00
   324  2.59200000E+02  1.10365729E+00  1.10365729E+00  1.10365729E+00
   325  2.60000000E+02  1.10362527E+00  1.10362527E+00  1.10362527E+00
   326  2.60800000E+02  1.10358388E+00  1.10358388E+00  1.10358388E+00
   327  2.61600000E+02  1.10353749E+00  1.10353749E+00  1.10353749E+00
   328  2.62400000E+02  1.10348970E+00  1.10348970E+00  1.10348970E+00
   329  2.63200000E+02  1.10344334E+00  1.10344334E+00  1.10344334E+00
   330  2.64000000E+02  1.10340043E+00  1.10340043E+00  1.10340043E+00
   331  2.64800000E+02  1.10336228E+00  1.10336228E+00  1.10336228E+00
   332  2.65600000E+02  1.10332988E+00  1.10332957E+00  1.10332988E+00
   333  2.66400000E+02  1.10332988E+00  1.10330244E+00  1.10332988E+00
   334  2.67200000E+02  1.10332988E+00  1.10328060E+00  1.10332988E+00
   335  2.68000000E+02  1.10332988E+00  1.10326351E+00  1.10332988E+00
   336  2.68800000E+02  1.10332988E+00  1.10325044E+00  1.10332988E+00
   337  2.69600000E+02  1.10332988E+00  1.10324062E+00  1.10332988E+00
   338  2.70400000E+02  1.10332988E+00  1.10323329E+00  1.10332988E+00
   339  2.71200000E+02  1.10332988E+00  1.10322778E+00  1.10332988E+00
   340  2.72000000E+02  1.10332988E+00  1.10322356E+00  1.10332988E+00
   341  2.72800000E+02  1.10332988E+00  1.10322023E+00  1.10332988E+00
   342  2.73600000E+02  1.10332988E+00  1.10321754E+00  1.10332988E+00
   343  2.74400000E+02  1.10332988E+00  1.10321533E+00  1.10332988E+00
   344  2.75200000E+02  1.10332988E+00  1.10321355E+00  1.10332988E+00
   345  2.76000000E+02  1.10332988E+00  1.10321220E+00  1.10332988E+00
   346  2.76800000E+02  1.10332988E+00  1.10321128E+00  1.10332988E+00
 steady-height stop at step    346: changes <=   1.0000E-05, max-end <=   1.0000E-02, max/end/gap/profile_change =   1.10332988E+00  1.10321128E+00  1.18596101E-04  2.25601195E-06


STDERR:
