COMMAND:
/shared/swell_inference/datas/generate_rom_data/extrudate_swell2d_c_cluster

STDOUT:
 comppar: model =   3
 comppar: lambda,mobility/eps,betav,eta_0 =  8.2000E+00  5.0000E-01  7.0000E-01  1.0000E+00
 comppar: eta_s,eta_p,G =  7.0000E-01  3.0000E-01  3.6585E-02
 comppar: U_avg,deltat,flowrate,nsteps =  2.5000E-02  8.0000E-01  7.8540E-02     700
 comppar: geometry = axisymmetric
 comppar: steady stop change,gap,hold,min =  1.0000E-05  1.0000E-02      10      80
 comppar: ncompc,ncompg =     4     5
 mesh nnodes = 5765
 mesh nelem = 2780
 P1 BC   5.0000000000000000     
 P2 BC   0.0000000000000000     
     1  8.00000000E-01  1.00253157E+00  1.00000000E+00  1.00253157E+00
     2  1.60000000E+00  1.00502619E+00  1.00000000E+00  1.00502619E+00
     3  2.40000000E+00  1.00748076E+00  1.00000000E+00  1.00748076E+00
     4  3.20000000E+00  1.00989364E+00  1.00000000E+00  1.00989364E+00
     5  4.00000000E+00  1.01226856E+00  1.00000000E+00  1.01226856E+00
     6  4.80000000E+00  1.01460105E+00  1.00000000E+00  1.01460105E+00
     7  5.60000000E+00  1.01688718E+00  1.00000000E+00  1.01688718E+00
     8  6.40000000E+00  1.01914362E+00  1.00000000E+00  1.01914362E+00
     9  7.20000000E+00  1.02135079E+00  1.00000000E+00  1.02135079E+00
    10  8.00000000E+00  1.02352667E+00  1.00000000E+00  1.02352667E+00
    11  8.80000000E+00  1.02566272E+00  1.00000000E+00  1.02566272E+00
    12  9.60000000E+00  1.02776213E+00  1.00000000E+00  1.02776213E+00
    13  1.04000000E+01  1.02982603E+00  1.00000000E+00  1.02982603E+00
    14  1.12000000E+01  1.03185958E+00  1.00000001E+00  1.03185958E+00
    15  1.20000000E+01  1.03385447E+00  1.00000001E+00  1.03385447E+00
    16  1.28000000E+01  1.03582682E+00  1.00000001E+00  1.03582682E+00
    17  1.36000000E+01  1.03774236E+00  1.00000000E+00  1.03774236E+00
    18  1.44000000E+01  1.03966537E+00  1.00000000E+00  1.03966537E+00
    19  1.52000000E+01  1.04152746E+00  1.00000000E+00  1.04152746E+00
    20  1.60000000E+01  1.04338035E+00  1.00000000E+00  1.04338035E+00
    21  1.68000000E+01  1.04519720E+00  1.00000000E+00  1.04519720E+00
    22  1.76000000E+01  1.04695782E+00  9.99999999E-01  1.04695782E+00
    23  1.84000000E+01  1.04874247E+00  9.99999997E-01  1.04874247E+00
    24  1.92000000E+01  1.05046447E+00  9.99999994E-01  1.05046447E+00
    25  2.00000000E+01  1.05216137E+00  9.99999991E-01  1.05216137E+00
    26  2.08000000E+01  1.05385407E+00  9.99999987E-01  1.05385407E+00
    27  2.16000000E+01  1.05548156E+00  9.99999983E-01  1.05548156E+00
    28  2.24000000E+01  1.05709383E+00  9.99999977E-01  1.05709383E+00
    29  2.32000000E+01  1.05870732E+00  9.99999971E-01  1.05870732E+00
    30  2.40000000E+01  1.06025376E+00  9.99999964E-01  1.06025376E+00
    31  2.48000000E+01  1.06178872E+00  9.99999957E-01  1.06178872E+00
    32  2.56000000E+01  1.06332303E+00  9.99999948E-01  1.06332303E+00
    33  2.64000000E+01  1.06478825E+00  9.99999938E-01  1.06478825E+00
    34  2.72000000E+01  1.06622060E+00  9.99999927E-01  1.06622060E+00
    35  2.80000000E+01  1.06769176E+00  9.99999914E-01  1.06769176E+00
    36  2.88000000E+01  1.06909261E+00  9.99999901E-01  1.06909261E+00
    37  2.96000000E+01  1.07042274E+00  9.99999885E-01  1.07042274E+00
    38  3.04000000E+01  1.07183078E+00  9.99999869E-01  1.07183078E+00
    39  3.12000000E+01  1.07316716E+00  9.99999850E-01  1.07316716E+00
    40  3.20000000E+01  1.07442918E+00  9.99999830E-01  1.07442918E+00
    41  3.28000000E+01  1.07570606E+00  9.99999808E-01  1.07570606E+00
    42  3.36000000E+01  1.07699833E+00  9.99999784E-01  1.07699833E+00
    43  3.44000000E+01  1.07821587E+00  9.99999757E-01  1.07821587E+00
    44  3.52000000E+01  1.07935637E+00  9.99999729E-01  1.07935637E+00
    45  3.60000000E+01  1.08059701E+00  9.99999698E-01  1.08059701E+00
    46  3.68000000E+01  1.08176990E+00  9.99999664E-01  1.08176990E+00
    47  3.76000000E+01  1.08286539E+00  9.99999627E-01  1.08286539E+00
    48  3.84000000E+01  1.08391144E+00  9.99999588E-01  1.08391144E+00
    49  3.92000000E+01  1.08506407E+00  9.99999545E-01  1.08506407E+00
    50  4.00000000E+01  1.08613966E+00  9.99999499E-01  1.08613966E+00
    51  4.08000000E+01  1.08713656E+00  9.99999450E-01  1.08713656E+00
    52  4.16000000E+01  1.08811783E+00  9.99999396E-01  1.08811783E+00
    53  4.24000000E+01  1.08917312E+00  9.99999339E-01  1.08917312E+00
    54  4.32000000E+01  1.09014993E+00  9.99999278E-01  1.09014993E+00
    55  4.40000000E+01  1.09104721E+00  9.99999212E-01  1.09104721E+00
    56  4.48000000E+01  1.09191217E+00  9.99999141E-01  1.09191217E+00
    57  4.56000000E+01  1.09289191E+00  9.99999066E-01  1.09289191E+00
    58  4.64000000E+01  1.09379285E+00  9.99998985E-01  1.09379285E+00
    59  4.72000000E+01  1.09461460E+00  9.99998899E-01  1.09461460E+00
    60  4.80000000E+01  1.09537962E+00  9.99998807E-01  1.09537962E+00
    61  4.88000000E+01  1.09628293E+00  9.99998709E-01  1.09628293E+00
    62  4.96000000E+01  1.09710728E+00  9.99998604E-01  1.09710728E+00
    63  5.04000000E+01  1.09785297E+00  9.99998493E-01  1.09785297E+00
    64  5.12000000E+01  1.09852122E+00  9.99998374E-01  1.09852122E+00
    65  5.20000000E+01  1.09933578E+00  9.99998249E-01  1.09933578E+00
    66  5.28000000E+01  1.10008791E+00  9.99998115E-01  1.10008791E+00
    67  5.36000000E+01  1.10076316E+00  9.99997973E-01  1.10076316E+00
    68  5.44000000E+01  1.10136366E+00  9.99997822E-01  1.10136366E+00
    69  5.52000000E+01  1.10209730E+00  9.99997662E-01  1.10209730E+00
    70  5.60000000E+01  1.10277675E+00  9.99997493E-01  1.10277675E+00
    71  5.68000000E+01  1.10338124E+00  9.99997314E-01  1.10338124E+00
    72  5.76000000E+01  1.10391383E+00  9.99997124E-01  1.10391383E+00
    73  5.84000000E+01  1.10456742E+00  9.99996924E-01  1.10456742E+00
    74  5.92000000E+01  1.10517889E+00  9.99996711E-01  1.10517889E+00
    75  6.00000000E+01  1.10571861E+00  9.99996487E-01  1.10571861E+00
    76  6.08000000E+01  1.10619034E+00  9.99996251E-01  1.10619034E+00
    77  6.16000000E+01  1.10678047E+00  9.99996001E-01  1.10678047E+00
    78  6.24000000E+01  1.10732382E+00  9.99995737E-01  1.10732382E+00
    79  6.32000000E+01  1.10779883E+00  9.99995459E-01  1.10779883E+00
    80  6.40000000E+01  1.10821002E+00  9.99995167E-01  1.10821002E+00
    81  6.48000000E+01  1.10874560E+00  9.99994858E-01  1.10874560E+00
    82  6.56000000E+01  1.10922749E+00  9.99994534E-01  1.10922749E+00
    83  6.64000000E+01  1.10964523E+00  9.99994192E-01  1.10964523E+00
    84  6.72000000E+01  1.11000373E+00  9.99993833E-01  1.11000373E+00
    85  6.80000000E+01  1.11048756E+00  9.99993455E-01  1.11048756E+00
    86  6.88000000E+01  1.11090833E+00  9.99993058E-01  1.11090833E+00
    87  6.96000000E+01  1.11126952E+00  9.99992641E-01  1.11126952E+00
    88  7.04000000E+01  1.11160036E+00  9.99992204E-01  1.11160036E+00
    89  7.12000000E+01  1.11202774E+00  9.99991745E-01  1.11202774E+00
    90  7.20000000E+01  1.11239502E+00  9.99991263E-01  1.11239502E+00
    91  7.28000000E+01  1.11270738E+00  9.99990758E-01  1.11270738E+00
    92  7.36000000E+01  1.11300334E+00  9.99990230E-01  1.11300334E+00
    93  7.44000000E+01  1.11337348E+00  9.99989676E-01  1.11337348E+00
    94  7.52000000E+01  1.11368835E+00  9.99989096E-01  1.11368835E+00
    95  7.60000000E+01  1.11395347E+00  9.99988489E-01  1.11395347E+00
    96  7.68000000E+01  1.11423771E+00  9.99987854E-01  1.11423771E+00
    97  7.76000000E+01  1.11455822E+00  9.99987191E-01  1.11455822E+00
    98  7.84000000E+01  1.11482821E+00  9.99986498E-01  1.11482821E+00
    99  7.92000000E+01  1.11505327E+00  9.99985773E-01  1.11505327E+00
   100  8.00000000E+01  1.11530529E+00  9.99985017E-01  1.11530529E+00
   101  8.08000000E+01  1.11557767E+00  9.99984228E-01  1.11557767E+00
   102  8.16000000E+01  1.11580478E+00  9.99983405E-01  1.11580478E+00
   103  8.24000000E+01  1.11599230E+00  9.99982547E-01  1.11599230E+00
   104  8.32000000E+01  1.11624238E+00  9.99981653E-01  1.11624238E+00
   105  8.40000000E+01  1.11647386E+00  9.99980722E-01  1.11647386E+00
   106  8.48000000E+01  1.11666489E+00  9.99979752E-01  1.11666489E+00
   107  8.56000000E+01  1.11682105E+00  9.99978743E-01  1.11682105E+00
   108  8.64000000E+01  1.11703762E+00  9.99977693E-01  1.11703762E+00
   109  8.72000000E+01  1.11723058E+00  9.99976602E-01  1.11723058E+00
   110  8.80000000E+01  1.11738837E+00  9.99975468E-01  1.11738837E+00
   111  8.88000000E+01  1.11753879E+00  9.99974290E-01  1.11753879E+00
   112  8.96000000E+01  1.11773559E+00  9.99973067E-01  1.11773559E+00
   113  9.04000000E+01  1.11789637E+00  9.99971798E-01  1.11789637E+00
   114  9.12000000E+01  1.11802660E+00  9.99970482E-01  1.11802660E+00
   115  9.20000000E+01  1.11815214E+00  9.99969118E-01  1.11815214E+00
   116  9.28000000E+01  1.11831471E+00  9.99967705E-01  1.11831471E+00
   117  9.36000000E+01  1.11844643E+00  9.99966242E-01  1.11844643E+00
   118  9.44000000E+01  1.11855257E+00  9.99964728E-01  1.11855257E+00
   119  9.52000000E+01  1.11869065E+00  9.99963162E-01  1.11869065E+00
   120  9.60000000E+01  1.11882484E+00  9.99961543E-01  1.11882484E+00
   121  9.68000000E+01  1.11893264E+00  9.99959871E-01  1.11893264E+00
   122  9.76000000E+01  1.11901901E+00  9.99958145E-01  1.11901901E+00
   123  9.84000000E+01  1.11912815E+00  9.99956364E-01  1.11912815E+00
   124  9.92000000E+01  1.11923731E+00  9.99954527E-01  1.11923731E+00
   125  1.00000000E+02  1.11932482E+00  9.99952635E-01  1.11932482E+00
   126  1.00800000E+02  1.11940392E+00  9.99950686E-01  1.11940392E+00
   127  1.01600000E+02  1.11951503E+00  9.99948681E-01  1.11951503E+00
   128  1.02400000E+02  1.11960369E+00  9.99946620E-01  1.11960369E+00
   129  1.03200000E+02  1.11967458E+00  9.99944501E-01  1.11967458E+00
   130  1.04000000E+02  1.11973189E+00  9.99942326E-01  1.11973189E+00
   131  1.04800000E+02  1.11981952E+00  9.99940095E-01  1.11981952E+00
   132  1.05600000E+02  1.11989143E+00  9.99937808E-01  1.11989143E+00
   133  1.06400000E+02  1.11994959E+00  9.99935466E-01  1.11994959E+00
   134  1.07200000E+02  1.12001997E+00  9.99933070E-01  1.12001997E+00
   135  1.08000000E+02  1.12009255E+00  9.99930620E-01  1.12009255E+00
   136  1.08800000E+02  1.12015072E+00  9.99928119E-01  1.12015072E+00
   137  1.09600000E+02  1.12019828E+00  9.99925567E-01  1.12019828E+00
   138  1.10400000E+02  1.12024111E+00  9.99922967E-01  1.12024111E+00
   139  1.11200000E+02  1.12030020E+00  9.99920321E-01  1.12030020E+00
   140  1.12000000E+02  1.12034853E+00  9.99917631E-01  1.12034853E+00
   141  1.12800000E+02  1.12038936E+00  9.99914899E-01  1.12038936E+00
   142  1.13600000E+02  1.12044257E+00  9.99912130E-01  1.12044257E+00
   143  1.14400000E+02  1.12049050E+00  9.99909327E-01  1.12049050E+00
   144  1.15200000E+02  1.12053044E+00  9.99906493E-01  1.12053044E+00
   145  1.16000000E+02  1.12056517E+00  9.99903633E-01  1.12056517E+00
   146  1.16800000E+02  1.12059687E+00  9.99900751E-01  1.12059687E+00
   147  1.17600000E+02  1.12063022E+00  9.99897854E-01  1.12063022E+00
   148  1.18400000E+02  1.12066558E+00  9.99894948E-01  1.12066558E+00
   149  1.19200000E+02  1.12069787E+00  9.99892038E-01  1.12069787E+00
   150  1.20000000E+02  1.12072873E+00  9.99889132E-01  1.12072873E+00
   151  1.20800000E+02  1.12076213E+00  9.99886238E-01  1.12076213E+00
   152  1.21600000E+02  1.12079293E+00  9.99883364E-01  1.12079293E+00
   153  1.22400000E+02  1.12082212E+00  9.99880519E-01  1.12082212E+00
   154  1.23200000E+02  1.12085267E+00  9.99877715E-01  1.12085267E+00
   155  1.24000000E+02  1.12088405E+00  9.99874961E-01  1.12088405E+00
   156  1.24800000E+02  1.12091483E+00  9.99872269E-01  1.12091483E+00
   157  1.25600000E+02  1.12094444E+00  9.99869653E-01  1.12094444E+00
   158  1.26400000E+02  1.12097233E+00  9.99867126E-01  1.12097233E+00
   159  1.27200000E+02  1.12099991E+00  9.99864703E-01  1.12099991E+00
   160  1.28000000E+02  1.12102902E+00  9.99862400E-01  1.12102902E+00
   161  1.28800000E+02  1.12105672E+00  9.99860234E-01  1.12105672E+00
   162  1.29600000E+02  1.12108251E+00  9.99858223E-01  1.12108251E+00
   163  1.30400000E+02  1.12110601E+00  9.99856387E-01  1.12110601E+00
   164  1.31200000E+02  1.12112696E+00  9.99854747E-01  1.12112696E+00
   165  1.32000000E+02  1.12115153E+00  9.99853326E-01  1.12115153E+00
   166  1.32800000E+02  1.12117541E+00  9.99852148E-01  1.12117541E+00
   167  1.33600000E+02  1.12119668E+00  9.99851238E-01  1.12119668E+00
   168  1.34400000E+02  1.12121521E+00  9.99850625E-01  1.12121521E+00
   169  1.35200000E+02  1.12123106E+00  9.99850338E-01  1.12123106E+00
   170  1.36000000E+02  1.12124970E+00  9.99850407E-01  1.12124970E+00
   171  1.36800000E+02  1.12126876E+00  9.99850867E-01  1.12126876E+00
   172  1.37600000E+02  1.12128520E+00  9.99851752E-01  1.12128520E+00
   173  1.38400000E+02  1.12129909E+00  9.99853101E-01  1.12129909E+00
   174  1.39200000E+02  1.12131152E+00  9.99854954E-01  1.12131152E+00
   175  1.40000000E+02  1.12132815E+00  9.99857352E-01  1.12132815E+00
   176  1.40800000E+02  1.12134217E+00  9.99860342E-01  1.12134217E+00
   177  1.41600000E+02  1.12135380E+00  9.99863970E-01  1.12135380E+00
   178  1.42400000E+02  1.12136333E+00  9.99868288E-01  1.12136333E+00
   179  1.43200000E+02  1.12137390E+00  9.99873348E-01  1.12137390E+00
   180  1.44000000E+02  1.12138610E+00  9.99879209E-01  1.12138610E+00
   181  1.44800000E+02  1.12139612E+00  9.99885929E-01  1.12139612E+00
   182  1.45600000E+02  1.12140427E+00  9.99893572E-01  1.12140427E+00
   183  1.46400000E+02  1.12141086E+00  9.99902204E-01  1.12141086E+00
   184  1.47200000E+02  1.12142017E+00  9.99911898E-01  1.12142017E+00
   185  1.48000000E+02  1.12142833E+00  9.99922726E-01  1.12142833E+00
   186  1.48800000E+02  1.12143492E+00  9.99934769E-01  1.12143492E+00
   187  1.49600000E+02  1.12144026E+00  9.99948108E-01  1.12144026E+00
   188  1.50400000E+02  1.12144552E+00  9.99962832E-01  1.12144552E+00
   189  1.51200000E+02  1.12145244E+00  9.99979032E-01  1.12145244E+00
   190  1.52000000E+02  1.12145801E+00  9.99996807E-01  1.12145801E+00
   191  1.52800000E+02  1.12146252E+00  1.00001626E+00  1.12146252E+00
   192  1.53600000E+02  1.12146625E+00  1.00003749E+00  1.12146625E+00
   193  1.54400000E+02  1.12146942E+00  1.00006062E+00  1.12146942E+00
   194  1.55200000E+02  1.12147348E+00  1.00008577E+00  1.12147348E+00
   195  1.56000000E+02  1.12147720E+00  1.00011305E+00  1.12147720E+00
   196  1.56800000E+02  1.12148038E+00  1.00014261E+00  1.12148038E+00
   197  1.57600000E+02  1.12148319E+00  1.00017457E+00  1.12148319E+00
   198  1.58400000E+02  1.12148575E+00  1.00020909E+00  1.12148575E+00
   199  1.59200000E+02  1.12148813E+00  1.00024631E+00  1.12148813E+00
   200  1.60000000E+02  1.12149038E+00  1.00028640E+00  1.12149038E+00
   201  1.60800000E+02  1.12149275E+00  1.00032951E+00  1.12149275E+00
   202  1.61600000E+02  1.12149501E+00  1.00037583E+00  1.12149501E+00
   203  1.62400000E+02  1.12149712E+00  1.00042553E+00  1.12149712E+00
   204  1.63200000E+02  1.12149912E+00  1.00047880E+00  1.12149912E+00
   205  1.64000000E+02  1.12150100E+00  1.00053585E+00  1.12150100E+00
   206  1.64800000E+02  1.12150275E+00  1.00059689E+00  1.12150275E+00
   207  1.65600000E+02  1.12150434E+00  1.00066212E+00  1.12150434E+00
   208  1.66400000E+02  1.12150577E+00  1.00073178E+00  1.12150577E+00
   209  1.67200000E+02  1.12150701E+00  1.00080610E+00  1.12150701E+00
   210  1.68000000E+02  1.12150807E+00  1.00088533E+00  1.12150807E+00
   211  1.68800000E+02  1.12150895E+00  1.00096973E+00  1.12150895E+00
   212  1.69600000E+02  1.12150974E+00  1.00105957E+00  1.12150974E+00
   213  1.70400000E+02  1.12151082E+00  1.00115512E+00  1.12151082E+00
   214  1.71200000E+02  1.12151172E+00  1.00125669E+00  1.12151172E+00
   215  1.72000000E+02  1.12151244E+00  1.00136456E+00  1.12151244E+00
   216  1.72800000E+02  1.12151300E+00  1.00147907E+00  1.12151300E+00
   217  1.73600000E+02  1.12151342E+00  1.00160053E+00  1.12151342E+00
   218  1.74400000E+02  1.12151372E+00  1.00172929E+00  1.12151372E+00
   219  1.75200000E+02  1.12151394E+00  1.00186570E+00  1.12151394E+00
   220  1.76000000E+02  1.12151408E+00  1.00201013E+00  1.12151408E+00
   221  1.76800000E+02  1.12151416E+00  1.00216296E+00  1.12151416E+00
   222  1.77600000E+02  1.12151421E+00  1.00232459E+00  1.12151421E+00
   223  1.78400000E+02  1.12151422E+00  1.00249542E+00  1.12151422E+00
   224  1.79200000E+02  1.12151420E+00  1.00267589E+00  1.12151420E+00
   225  1.80000000E+02  1.12151416E+00  1.00286643E+00  1.12151416E+00
   226  1.80800000E+02  1.12151410E+00  1.00306749E+00  1.12151410E+00
   227  1.81600000E+02  1.12151403E+00  1.00327955E+00  1.12151403E+00
   228  1.82400000E+02  1.12151394E+00  1.00350309E+00  1.12151394E+00
   229  1.83200000E+02  1.12151384E+00  1.00373861E+00  1.12151384E+00
   230  1.84000000E+02  1.12151376E+00  1.00398662E+00  1.12151376E+00
   231  1.84800000E+02  1.12151367E+00  1.00424767E+00  1.12151367E+00
   232  1.85600000E+02  1.12151356E+00  1.00452228E+00  1.12151356E+00
   233  1.86400000E+02  1.12151344E+00  1.00481104E+00  1.12151344E+00
   234  1.87200000E+02  1.12151330E+00  1.00511451E+00  1.12151330E+00
   235  1.88000000E+02  1.12151316E+00  1.00543329E+00  1.12151316E+00
   236  1.88800000E+02  1.12151301E+00  1.00576799E+00  1.12151301E+00
   237  1.89600000E+02  1.12151285E+00  1.00611924E+00  1.12151285E+00
   238  1.90400000E+02  1.12151268E+00  1.00648766E+00  1.12151268E+00
   239  1.91200000E+02  1.12151251E+00  1.00687392E+00  1.12151251E+00
   240  1.92000000E+02  1.12151234E+00  1.00727868E+00  1.12151234E+00
   241  1.92800000E+02  1.12151216E+00  1.00770262E+00  1.12151216E+00
   242  1.93600000E+02  1.12151199E+00  1.00814643E+00  1.12151199E+00
   243  1.94400000E+02  1.12151182E+00  1.00861082E+00  1.12151182E+00
   244  1.95200000E+02  1.12151165E+00  1.00909649E+00  1.12151165E+00
   245  1.96000000E+02  1.12151148E+00  1.00960418E+00  1.12151148E+00
   246  1.96800000E+02  1.12151131E+00  1.01013460E+00  1.12151131E+00
   247  1.97600000E+02  1.12151115E+00  1.01068852E+00  1.12151115E+00
   248  1.98400000E+02  1.12151100E+00  1.01126666E+00  1.12151100E+00
   249  1.99200000E+02  1.12151084E+00  1.01186979E+00  1.12151084E+00
   250  2.00000000E+02  1.12151069E+00  1.01249864E+00  1.12151069E+00
   251  2.00800000E+02  1.12151055E+00  1.01315399E+00  1.12151055E+00
   252  2.01600000E+02  1.12151041E+00  1.01383656E+00  1.12151041E+00
   253  2.02400000E+02  1.12151028E+00  1.01454712E+00  1.12151028E+00
   254  2.03200000E+02  1.12151015E+00  1.01528640E+00  1.12151015E+00
   255  2.04000000E+02  1.12151002E+00  1.01605514E+00  1.12151002E+00
   256  2.04800000E+02  1.12150990E+00  1.01685404E+00  1.12150990E+00
   257  2.05600000E+02  1.12150978E+00  1.01768382E+00  1.12150978E+00
   258  2.06400000E+02  1.12150967E+00  1.01854516E+00  1.12150967E+00
   259  2.07200000E+02  1.12150956E+00  1.01943871E+00  1.12150956E+00
   260  2.08000000E+02  1.12150947E+00  1.02036511E+00  1.12150947E+00
   261  2.08800000E+02  1.12150938E+00  1.02132498E+00  1.12150938E+00
   262  2.09600000E+02  1.12150930E+00  1.02231887E+00  1.12150930E+00
   263  2.10400000E+02  1.12150923E+00  1.02334733E+00  1.12150923E+00
   264  2.11200000E+02  1.12150916E+00  1.02441084E+00  1.12150916E+00
   265  2.12000000E+02  1.12150909E+00  1.02550986E+00  1.12150909E+00
   266  2.12800000E+02  1.12150902E+00  1.02664477E+00  1.12150902E+00
   267  2.13600000E+02  1.12150896E+00  1.02781592E+00  1.12150896E+00
   268  2.14400000E+02  1.12150890E+00  1.02902358E+00  1.12150890E+00
   269  2.15200000E+02  1.12150885E+00  1.03026796E+00  1.12150885E+00
   270  2.16000000E+02  1.12150879E+00  1.03154920E+00  1.12150879E+00
   271  2.16800000E+02  1.12150875E+00  1.03286736E+00  1.12150875E+00
   272  2.17600000E+02  1.12150870E+00  1.03422243E+00  1.12150870E+00
   273  2.18400000E+02  1.12150865E+00  1.03561431E+00  1.12150865E+00
   274  2.19200000E+02  1.12150861E+00  1.03704278E+00  1.12150861E+00
   275  2.20000000E+02  1.12150857E+00  1.03850757E+00  1.12150857E+00
   276  2.20800000E+02  1.12150854E+00  1.04000825E+00  1.12150854E+00
   277  2.21600000E+02  1.12150850E+00  1.04154434E+00  1.12150850E+00
   278  2.22400000E+02  1.12150847E+00  1.04311521E+00  1.12150847E+00
   279  2.23200000E+02  1.12150844E+00  1.04472012E+00  1.12150844E+00
   280  2.24000000E+02  1.12150841E+00  1.04635820E+00  1.12150841E+00
   281  2.24800000E+02  1.12150839E+00  1.04802848E+00  1.12150839E+00
   282  2.25600000E+02  1.12150836E+00  1.04972984E+00  1.12150836E+00
   283  2.26400000E+02  1.12150834E+00  1.05146103E+00  1.12150834E+00
   284  2.27200000E+02  1.12150832E+00  1.05322066E+00  1.12150832E+00
   285  2.28000000E+02  1.12150830E+00  1.05500721E+00  1.12150830E+00
   286  2.28800000E+02  1.12150828E+00  1.05681903E+00  1.12150828E+00
   287  2.29600000E+02  1.12150826E+00  1.05865432E+00  1.12150826E+00
   288  2.30400000E+02  1.12150824E+00  1.06051113E+00  1.12150824E+00
   289  2.31200000E+02  1.12150823E+00  1.06238740E+00  1.12150823E+00
   290  2.32000000E+02  1.12150821E+00  1.06428091E+00  1.12150821E+00
   291  2.32800000E+02  1.12150820E+00  1.06618931E+00  1.12150820E+00
   292  2.33600000E+02  1.12150819E+00  1.06811013E+00  1.12150819E+00
   293  2.34400000E+02  1.12150817E+00  1.07004074E+00  1.12150817E+00
   294  2.35200000E+02  1.12150816E+00  1.07197843E+00  1.12150816E+00
   295  2.36000000E+02  1.12150815E+00  1.07392034E+00  1.12150815E+00
   296  2.36800000E+02  1.12150814E+00  1.07586350E+00  1.12150814E+00
   297  2.37600000E+02  1.12150813E+00  1.07780484E+00  1.12150813E+00
   298  2.38400000E+02  1.12150813E+00  1.07974120E+00  1.12150813E+00
   299  2.39200000E+02  1.12150812E+00  1.08166931E+00  1.12150812E+00
   300  2.40000000E+02  1.12150811E+00  1.08358583E+00  1.12150811E+00
   301  2.40800000E+02  1.12150810E+00  1.08548734E+00  1.12150810E+00
   302  2.41600000E+02  1.12150810E+00  1.08737038E+00  1.12150810E+00
   303  2.42400000E+02  1.12150809E+00  1.08923142E+00  1.12150809E+00
   304  2.43200000E+02  1.12150809E+00  1.09106690E+00  1.12150809E+00
   305  2.44000000E+02  1.12150808E+00  1.09287325E+00  1.12150808E+00
   306  2.44800000E+02  1.12150808E+00  1.09464688E+00  1.12150808E+00
   307  2.45600000E+02  1.12150807E+00  1.09638421E+00  1.12150807E+00
   308  2.46400000E+02  1.12150807E+00  1.09808170E+00  1.12150807E+00
   309  2.47200000E+02  1.12150807E+00  1.09973586E+00  1.12150807E+00
   310  2.48000000E+02  1.12150806E+00  1.10134323E+00  1.12150806E+00
   311  2.48800000E+02  1.12150806E+00  1.10290049E+00  1.12150806E+00
   312  2.49600000E+02  1.12150806E+00  1.10440438E+00  1.12150806E+00
   313  2.50400000E+02  1.12150805E+00  1.10585182E+00  1.12150805E+00
   314  2.51200000E+02  1.12150805E+00  1.10723986E+00  1.12150805E+00
   315  2.52000000E+02  1.12150805E+00  1.10856577E+00  1.12150805E+00
   316  2.52800000E+02  1.12150805E+00  1.10982703E+00  1.12150805E+00
   317  2.53600000E+02  1.12150804E+00  1.11102138E+00  1.12150804E+00
   318  2.54400000E+02  1.12150804E+00  1.11214686E+00  1.12150804E+00
   319  2.55200000E+02  1.12150804E+00  1.11320184E+00  1.12150804E+00
   320  2.56000000E+02  1.12150804E+00  1.11418508E+00  1.12150804E+00
   321  2.56800000E+02  1.12150804E+00  1.11509574E+00  1.12150804E+00
   322  2.57600000E+02  1.12150804E+00  1.11593344E+00  1.12150804E+00
   323  2.58400000E+02  1.12150804E+00  1.11669829E+00  1.12150804E+00
   324  2.59200000E+02  1.12150803E+00  1.11739091E+00  1.12150803E+00
   325  2.60000000E+02  1.12150803E+00  1.11801249E+00  1.12150803E+00
   326  2.60800000E+02  1.12150803E+00  1.11856475E+00  1.12150803E+00
   327  2.61600000E+02  1.12150803E+00  1.11905000E+00  1.12150803E+00
   328  2.62400000E+02  1.12150803E+00  1.11947109E+00  1.12150803E+00
   329  2.63200000E+02  1.12150803E+00  1.11983141E+00  1.12150803E+00
   330  2.64000000E+02  1.12150803E+00  1.12013482E+00  1.12150803E+00
   331  2.64800000E+02  1.12150803E+00  1.12038563E+00  1.12150803E+00
   332  2.65600000E+02  1.12150803E+00  1.12058853E+00  1.12150803E+00
   333  2.66400000E+02  1.12150803E+00  1.12074847E+00  1.12150803E+00
   334  2.67200000E+02  1.12150803E+00  1.12087059E+00  1.12150803E+00
   335  2.68000000E+02  1.12150803E+00  1.12096012E+00  1.12150803E+00
   336  2.68800000E+02  1.12150802E+00  1.12102226E+00  1.12150802E+00
   337  2.69600000E+02  1.12150802E+00  1.12106208E+00  1.12150802E+00
   338  2.70400000E+02  1.12150802E+00  1.12108442E+00  1.12150802E+00
   339  2.71200000E+02  1.12150802E+00  1.12109378E+00  1.12150802E+00
   340  2.72000000E+02  1.12150802E+00  1.12109422E+00  1.12150802E+00
   341  2.72800000E+02  1.12150802E+00  1.12108936E+00  1.12150802E+00
   342  2.73600000E+02  1.12150802E+00  1.12108226E+00  1.12150802E+00
   343  2.74400000E+02  1.12150802E+00  1.12107540E+00  1.12150802E+00
   344  2.75200000E+02  1.12150802E+00  1.12107071E+00  1.12150802E+00
   345  2.76000000E+02  1.12150802E+00  1.12106954E+00  1.12150802E+00
   346  2.76800000E+02  1.12150802E+00  1.12107273E+00  1.12150802E+00
   347  2.77600000E+02  1.12150802E+00  1.12108063E+00  1.12150802E+00
   348  2.78400000E+02  1.12150802E+00  1.12109317E+00  1.12150802E+00
   349  2.79200000E+02  1.12150802E+00  1.12110993E+00  1.12150802E+00
   350  2.80000000E+02  1.12150802E+00  1.12113025E+00  1.12150802E+00
   351  2.80800000E+02  1.12150802E+00  1.12115326E+00  1.12150802E+00
   352  2.81600000E+02  1.12150802E+00  1.12117801E+00  1.12150802E+00
   353  2.82400000E+02  1.12150802E+00  1.12120351E+00  1.12150802E+00
   354  2.83200000E+02  1.12150802E+00  1.12122884E+00  1.12150802E+00
   355  2.84000000E+02  1.12150802E+00  1.12125313E+00  1.12150802E+00
   356  2.84800000E+02  1.12150802E+00  1.12127568E+00  1.12150802E+00
   357  2.85600000E+02  1.12150802E+00  1.12129595E+00  1.12150802E+00
   358  2.86400000E+02  1.12150802E+00  1.12131354E+00  1.12150802E+00
   359  2.87200000E+02  1.12150802E+00  1.12132828E+00  1.12150802E+00
   360  2.88000000E+02  1.12150802E+00  1.12134013E+00  1.12150802E+00
   361  2.88800000E+02  1.12150802E+00  1.12134921E+00  1.12150802E+00
   362  2.89600000E+02  1.12150802E+00  1.12135574E+00  1.12150802E+00
   363  2.90400000E+02  1.12150802E+00  1.12136006E+00  1.12150802E+00
   364  2.91200000E+02  1.12150802E+00  1.12136254E+00  1.12150802E+00
   365  2.92000000E+02  1.12150802E+00  1.12136358E+00  1.12150802E+00
   366  2.92800000E+02  1.12150802E+00  1.12136358E+00  1.12150802E+00
   367  2.93600000E+02  1.12150802E+00  1.12136291E+00  1.12150802E+00
   368  2.94400000E+02  1.12150802E+00  1.12136190E+00  1.12150802E+00
   369  2.95200000E+02  1.12150802E+00  1.12136082E+00  1.12150802E+00
   370  2.96000000E+02  1.12150802E+00  1.12135986E+00  1.12150802E+00
 steady-height stop at step    370: changes <=   1.0000E-05, max-end <=   1.0000E-02, max/end/gap/profile_change =   1.12150802E+00  1.12135986E+00  1.48163046E-04  9.60654309E-07


STDERR:
