COMMAND:
/shared/swell_inference/datas/generate_rom_data/extrudate_swell2d_c_cluster

STDOUT:
 comppar: model =   3
 comppar: lambda,mobility/eps,betav,eta_0 =  1.0000E+01  5.0000E-01  5.0000E-01  1.0000E+00
 comppar: eta_s,eta_p,G =  5.0000E-01  5.0000E-01  5.0000E-02
 comppar: U_avg,deltat,flowrate,nsteps =  2.5000E-02  8.0000E-01  7.8540E-02     700
 comppar: geometry = axisymmetric
 comppar: steady stop change,gap,hold,min =  1.0000E-05  1.0000E-02      10      80
 comppar: ncompc,ncompg =     4     5
 mesh nnodes = 5765
 mesh nelem = 2780
 P1 BC   5.0000000000000000     
 P2 BC   0.0000000000000000     
     1  8.00000000E-01  1.00253021E+00  1.00000000E+00  1.00253021E+00
     2  1.60000000E+00  1.00502030E+00  1.00000000E+00  1.00502030E+00
     3  2.40000000E+00  1.00746473E+00  1.00000000E+00  1.00746473E+00
     4  3.20000000E+00  1.00986233E+00  1.00000000E+00  1.00986233E+00
     5  4.00000000E+00  1.01221241E+00  1.00000000E+00  1.01221241E+00
     6  4.80000000E+00  1.01451822E+00  1.00000000E+00  1.01451822E+00
     7  5.60000000E+00  1.01677374E+00  1.00000000E+00  1.01677374E+00
     8  6.40000000E+00  1.01898529E+00  1.00000000E+00  1.01898529E+00
     9  7.20000000E+00  1.02115601E+00  1.00000000E+00  1.02115601E+00
    10  8.00000000E+00  1.02327657E+00  1.00000000E+00  1.02327657E+00
    11  8.80000000E+00  1.02537246E+00  1.00000000E+00  1.02537246E+00
    12  9.60000000E+00  1.02740905E+00  1.00000001E+00  1.02740905E+00
    13  1.04000000E+01  1.02943384E+00  1.00000001E+00  1.02943384E+00
    14  1.12000000E+01  1.03139978E+00  1.00000001E+00  1.03139978E+00
    15  1.20000000E+01  1.03335520E+00  1.00000001E+00  1.03335520E+00
    16  1.28000000E+01  1.03525675E+00  1.00000001E+00  1.03525675E+00
    17  1.36000000E+01  1.03713669E+00  1.00000001E+00  1.03713669E+00
    18  1.44000000E+01  1.03898692E+00  1.00000001E+00  1.03898692E+00
    19  1.52000000E+01  1.04078887E+00  1.00000001E+00  1.04078887E+00
    20  1.60000000E+01  1.04259178E+00  1.00000000E+00  1.04259178E+00
    21  1.68000000E+01  1.04433323E+00  1.00000000E+00  1.04433323E+00
    22  1.76000000E+01  1.04606391E+00  1.00000000E+00  1.04606391E+00
    23  1.84000000E+01  1.04777222E+00  1.00000000E+00  1.04777222E+00
    24  1.92000000E+01  1.04941712E+00  9.99999998E-01  1.04941712E+00
    25  2.00000000E+01  1.05108151E+00  9.99999995E-01  1.05108151E+00
    26  2.08000000E+01  1.05269600E+00  9.99999991E-01  1.05269600E+00
    27  2.16000000E+01  1.05424453E+00  9.99999987E-01  1.05424453E+00
    28  2.24000000E+01  1.05582209E+00  9.99999982E-01  1.05582209E+00
    29  2.32000000E+01  1.05735501E+00  9.99999977E-01  1.05735501E+00
    30  2.40000000E+01  1.05881995E+00  9.99999970E-01  1.05881995E+00
    31  2.48000000E+01  1.06031614E+00  9.99999963E-01  1.06031614E+00
    32  2.56000000E+01  1.06176697E+00  9.99999955E-01  1.06176697E+00
    33  2.64000000E+01  1.06314748E+00  9.99999945E-01  1.06314748E+00
    34  2.72000000E+01  1.06454755E+00  9.99999935E-01  1.06454755E+00
    35  2.80000000E+01  1.06593197E+00  9.99999923E-01  1.06593197E+00
    36  2.88000000E+01  1.06724453E+00  9.99999911E-01  1.06724453E+00
    37  2.96000000E+01  1.06854256E+00  9.99999896E-01  1.06854256E+00
    38  3.04000000E+01  1.06986032E+00  9.99999880E-01  1.06986032E+00
    39  3.12000000E+01  1.07110455E+00  9.99999863E-01  1.07110455E+00
    40  3.20000000E+01  1.07227244E+00  9.99999844E-01  1.07227244E+00
    41  3.28000000E+01  1.07352457E+00  9.99999823E-01  1.07352457E+00
    42  3.36000000E+01  1.07472099E+00  9.99999800E-01  1.07472099E+00
    43  3.44000000E+01  1.07584050E+00  9.99999775E-01  1.07584050E+00
    44  3.52000000E+01  1.07695172E+00  9.99999748E-01  1.07695172E+00
    45  3.60000000E+01  1.07810027E+00  9.99999718E-01  1.07810027E+00
    46  3.68000000E+01  1.07917124E+00  9.99999686E-01  1.07917124E+00
    47  3.76000000E+01  1.08016263E+00  9.99999651E-01  1.08016263E+00
    48  3.84000000E+01  1.08120445E+00  9.99999614E-01  1.08120445E+00
    49  3.92000000E+01  1.08225170E+00  9.99999573E-01  1.08225170E+00
    50  4.00000000E+01  1.08321972E+00  9.99999529E-01  1.08321972E+00
    51  4.08000000E+01  1.08410735E+00  9.99999482E-01  1.08410735E+00
    52  4.16000000E+01  1.08509402E+00  9.99999431E-01  1.08509402E+00
    53  4.24000000E+01  1.08603820E+00  9.99999376E-01  1.08603820E+00
    54  4.32000000E+01  1.08690218E+00  9.99999317E-01  1.08690218E+00
    55  4.40000000E+01  1.08768581E+00  9.99999254E-01  1.08768581E+00
    56  4.48000000E+01  1.08857918E+00  9.99999187E-01  1.08857918E+00
    57  4.56000000E+01  1.08944328E+00  9.99999114E-01  1.08944328E+00
    58  4.64000000E+01  1.09022782E+00  9.99999037E-01  1.09022782E+00
    59  4.72000000E+01  1.09093384E+00  9.99998954E-01  1.09093384E+00
    60  4.80000000E+01  1.09173837E+00  9.99998865E-01  1.09173837E+00
    61  4.88000000E+01  1.09252180E+00  9.99998771E-01  1.09252180E+00
    62  4.96000000E+01  1.09322666E+00  9.99998670E-01  1.09322666E+00
    63  5.04000000E+01  1.09385515E+00  9.99998563E-01  1.09385515E+00
    64  5.12000000E+01  1.09456169E+00  9.99998449E-01  1.09456169E+00
    65  5.20000000E+01  1.09527001E+00  9.99998327E-01  1.09527001E+00
    66  5.28000000E+01  1.09590259E+00  9.99998198E-01  1.09590259E+00
    67  5.36000000E+01  1.09646280E+00  9.99998061E-01  1.09646280E+00
    68  5.44000000E+01  1.09709881E+00  9.99997915E-01  1.09709881E+00
    69  5.52000000E+01  1.09773192E+00  9.99997761E-01  1.09773192E+00
    70  5.60000000E+01  1.09829238E+00  9.99997597E-01  1.09829238E+00
    71  5.68000000E+01  1.09878476E+00  9.99997423E-01  1.09878476E+00
    72  5.76000000E+01  1.09935261E+00  9.99997240E-01  1.09935261E+00
    73  5.84000000E+01  1.09991752E+00  9.99997045E-01  1.09991752E+00
    74  5.92000000E+01  1.10041451E+00  9.99996839E-01  1.10041451E+00
    75  6.00000000E+01  1.10084888E+00  9.99996621E-01  1.10084888E+00
    76  6.08000000E+01  1.10135550E+00  9.99996391E-01  1.10135550E+00
    77  6.16000000E+01  1.10185261E+00  9.99996148E-01  1.10185261E+00
    78  6.24000000E+01  1.10228686E+00  9.99995892E-01  1.10228686E+00
    79  6.32000000E+01  1.10266434E+00  9.99995621E-01  1.10266434E+00
    80  6.40000000E+01  1.10312352E+00  9.99995336E-01  1.10312352E+00
    81  6.48000000E+01  1.10356222E+00  9.99995035E-01  1.10356222E+00
    82  6.56000000E+01  1.10394370E+00  9.99994719E-01  1.10394370E+00
    83  6.64000000E+01  1.10427417E+00  9.99994385E-01  1.10427417E+00
    84  6.72000000E+01  1.10467672E+00  9.99994034E-01  1.10467672E+00
    85  6.80000000E+01  1.10505809E+00  9.99993665E-01  1.10505809E+00
    86  6.88000000E+01  1.10538837E+00  9.99993277E-01  1.10538837E+00
    87  6.96000000E+01  1.10567395E+00  9.99992870E-01  1.10567395E+00
    88  7.04000000E+01  1.10604711E+00  9.99992441E-01  1.10604711E+00
    89  7.12000000E+01  1.10638079E+00  9.99991992E-01  1.10638079E+00
    90  7.20000000E+01  1.10666889E+00  9.99991520E-01  1.10666889E+00
    91  7.28000000E+01  1.10691751E+00  9.99991025E-01  1.10691751E+00
    92  7.36000000E+01  1.10723198E+00  9.99990506E-01  1.10723198E+00
    93  7.44000000E+01  1.10752002E+00  9.99989963E-01  1.10752002E+00
    94  7.52000000E+01  1.10776862E+00  9.99989394E-01  1.10776862E+00
    95  7.60000000E+01  1.10798633E+00  9.99988798E-01  1.10798633E+00
    96  7.68000000E+01  1.10827716E+00  9.99988174E-01  1.10827716E+00
    97  7.76000000E+01  1.10852762E+00  9.99987522E-01  1.10852762E+00
    98  7.84000000E+01  1.10874347E+00  9.99986840E-01  1.10874347E+00
    99  7.92000000E+01  1.10893000E+00  9.99986127E-01  1.10893000E+00
   100  8.00000000E+01  1.10916748E+00  9.99985383E-01  1.10916748E+00
   101  8.08000000E+01  1.10938352E+00  9.99984606E-01  1.10938352E+00
   102  8.16000000E+01  1.10957033E+00  9.99983795E-01  1.10957033E+00
   103  8.24000000E+01  1.10973840E+00  9.99982949E-01  1.10973840E+00
   104  8.32000000E+01  1.10995569E+00  9.99982068E-01  1.10995569E+00
   105  8.40000000E+01  1.11014289E+00  9.99981149E-01  1.11014289E+00
   106  8.48000000E+01  1.11030483E+00  9.99980192E-01  1.11030483E+00
   107  8.56000000E+01  1.11044569E+00  9.99979196E-01  1.11044569E+00
   108  8.64000000E+01  1.11061615E+00  9.99978159E-01  1.11061615E+00
   109  8.72000000E+01  1.11077855E+00  9.99977081E-01  1.11077855E+00
   110  8.80000000E+01  1.11091998E+00  9.99975961E-01  1.11091998E+00
   111  8.88000000E+01  1.11104395E+00  9.99974796E-01  1.11104395E+00
   112  8.96000000E+01  1.11120300E+00  9.99973588E-01  1.11120300E+00
   113  9.04000000E+01  1.11134376E+00  9.99972333E-01  1.11134376E+00
   114  9.12000000E+01  1.11146664E+00  9.99971031E-01  1.11146664E+00
   115  9.20000000E+01  1.11157468E+00  9.99969682E-01  1.11157468E+00
   116  9.28000000E+01  1.11168713E+00  9.99968283E-01  1.11168713E+00
   117  9.36000000E+01  1.11181069E+00  9.99966835E-01  1.11181069E+00
   118  9.44000000E+01  1.11191950E+00  9.99965336E-01  1.11191950E+00
   119  9.52000000E+01  1.11201600E+00  9.99963786E-01  1.11201600E+00
   120  9.60000000E+01  1.11211925E+00  9.99962183E-01  1.11211925E+00
   121  9.68000000E+01  1.11222682E+00  9.99960527E-01  1.11222682E+00
   122  9.76000000E+01  1.11232195E+00  9.99958818E-01  1.11232195E+00
   123  9.84000000E+01  1.11240669E+00  9.99957054E-01  1.11240669E+00
   124  9.92000000E+01  1.11248264E+00  9.99955235E-01  1.11248264E+00
   125  1.00000000E+02  1.11256675E+00  9.99953361E-01  1.11256675E+00
   126  1.00800000E+02  1.11265234E+00  9.99951431E-01  1.11265234E+00
   127  1.01600000E+02  1.11272914E+00  9.99949445E-01  1.11272914E+00
   128  1.02400000E+02  1.11279834E+00  9.99947403E-01  1.11279834E+00
   129  1.03200000E+02  1.11286939E+00  9.99945306E-01  1.11286939E+00
   130  1.04000000E+02  1.11294487E+00  9.99943153E-01  1.11294487E+00
   131  1.04800000E+02  1.11301289E+00  9.99940945E-01  1.11301289E+00
   132  1.05600000E+02  1.11307439E+00  9.99938682E-01  1.11307439E+00
   133  1.06400000E+02  1.11313006E+00  9.99936366E-01  1.11313006E+00
   134  1.07200000E+02  1.11318331E+00  9.99933996E-01  1.11318331E+00
   135  1.08000000E+02  1.11324562E+00  9.99931575E-01  1.11324562E+00
   136  1.08800000E+02  1.11330203E+00  9.99929105E-01  1.11330203E+00
   137  1.09600000E+02  1.11335305E+00  9.99926586E-01  1.11335305E+00
   138  1.10400000E+02  1.11339902E+00  9.99924020E-01  1.11339902E+00
   139  1.11200000E+02  1.11344872E+00  9.99921411E-01  1.11344872E+00
   140  1.12000000E+02  1.11349906E+00  9.99918761E-01  1.11349906E+00
   141  1.12800000E+02  1.11354455E+00  9.99916072E-01  1.11354455E+00
   142  1.13600000E+02  1.11358544E+00  9.99913349E-01  1.11358544E+00
   143  1.14400000E+02  1.11362191E+00  9.99910596E-01  1.11362191E+00
   144  1.15200000E+02  1.11366079E+00  9.99907815E-01  1.11366079E+00
   145  1.16000000E+02  1.11370223E+00  9.99905013E-01  1.11370223E+00
   146  1.16800000E+02  1.11373919E+00  9.99902195E-01  1.11373919E+00
   147  1.17600000E+02  1.11377184E+00  9.99899366E-01  1.11377184E+00
   148  1.18400000E+02  1.11380035E+00  9.99896534E-01  1.11380035E+00
   149  1.19200000E+02  1.11383542E+00  9.99893704E-01  1.11383542E+00
   150  1.20000000E+02  1.11386800E+00  9.99890886E-01  1.11386800E+00
   151  1.20800000E+02  1.11389653E+00  9.99888086E-01  1.11389653E+00
   152  1.21600000E+02  1.11392120E+00  9.99885316E-01  1.11392120E+00
   153  1.22400000E+02  1.11394382E+00  9.99882584E-01  1.11394382E+00
   154  1.23200000E+02  1.11397273E+00  9.99879902E-01  1.11397273E+00
   155  1.24000000E+02  1.11399769E+00  9.99877281E-01  1.11399769E+00
   156  1.24800000E+02  1.11401891E+00  9.99874734E-01  1.11401891E+00
   157  1.25600000E+02  1.11403662E+00  9.99872275E-01  1.11403662E+00
   158  1.26400000E+02  1.11405854E+00  9.99869919E-01  1.11405854E+00
   159  1.27200000E+02  1.11407993E+00  9.99867681E-01  1.11407993E+00
   160  1.28000000E+02  1.11409783E+00  9.99865579E-01  1.11409783E+00
   161  1.28800000E+02  1.11411251E+00  9.99863631E-01  1.11411251E+00
   162  1.29600000E+02  1.11412653E+00  9.99861857E-01  1.11412653E+00
   163  1.30400000E+02  1.11414465E+00  9.99860278E-01  1.11414465E+00
   164  1.31200000E+02  1.11415949E+00  9.99858917E-01  1.11415949E+00
   165  1.32000000E+02  1.11417133E+00  9.99857798E-01  1.11417133E+00
   166  1.32800000E+02  1.11418051E+00  9.99856947E-01  1.11418051E+00
   167  1.33600000E+02  1.11419538E+00  9.99856392E-01  1.11419538E+00
   168  1.34400000E+02  1.11420745E+00  9.99856163E-01  1.11420745E+00
   169  1.35200000E+02  1.11421683E+00  9.99856290E-01  1.11421683E+00
   170  1.36000000E+02  1.11422385E+00  9.99856809E-01  1.11422385E+00
   171  1.36800000E+02  1.11423328E+00  9.99857754E-01  1.11423328E+00
   172  1.37600000E+02  1.11424276E+00  9.99859165E-01  1.11424276E+00
   173  1.38400000E+02  1.11424985E+00  9.99861080E-01  1.11424985E+00
   174  1.39200000E+02  1.11425487E+00  9.99863544E-01  1.11425487E+00
   175  1.40000000E+02  1.11426151E+00  9.99866602E-01  1.11426151E+00
   176  1.40800000E+02  1.11426879E+00  9.99870301E-01  1.11426879E+00
   177  1.41600000E+02  1.11427397E+00  9.99874695E-01  1.11427397E+00
   178  1.42400000E+02  1.11427739E+00  9.99879836E-01  1.11427739E+00
   179  1.43200000E+02  1.11428028E+00  9.99885782E-01  1.11428028E+00
   180  1.44000000E+02  1.11428552E+00  9.99892594E-01  1.11428552E+00
   181  1.44800000E+02  1.11428897E+00  9.99900337E-01  1.11428897E+00
   182  1.45600000E+02  1.11429097E+00  9.99909077E-01  1.11429097E+00
   183  1.46400000E+02  1.11429281E+00  9.99918888E-01  1.11429281E+00
   184  1.47200000E+02  1.11429639E+00  9.99929845E-01  1.11429639E+00
   185  1.48000000E+02  1.11429848E+00  9.99942028E-01  1.11429848E+00
   186  1.48800000E+02  1.11429936E+00  9.99955522E-01  1.11429936E+00
   187  1.49600000E+02  1.11429932E+00  9.99970416E-01  1.11429932E+00
   188  1.50400000E+02  1.11430061E+00  9.99986804E-01  1.11430061E+00
   189  1.51200000E+02  1.11430152E+00  1.00000479E+00  1.11430152E+00
   190  1.52000000E+02  1.11430151E+00  1.00002446E+00  1.11430151E+00
   191  1.52800000E+02  1.11430082E+00  1.00004595E+00  1.11430082E+00
   192  1.53600000E+02  1.11430154E+00  1.00006936E+00  1.11430154E+00
   193  1.54400000E+02  1.11430153E+00  1.00009481E+00  1.11430153E+00
   194  1.55200000E+02  1.11430081E+00  1.00012244E+00  1.11430081E+00
   195  1.56000000E+02  1.11429959E+00  1.00015237E+00  1.11429959E+00
   196  1.56800000E+02  1.11429806E+00  1.00018475E+00  1.11429806E+00
   197  1.57600000E+02  1.11429710E+00  1.00021972E+00  1.11429710E+00
   198  1.58400000E+02  1.11429591E+00  1.00025745E+00  1.11429591E+00
   199  1.59200000E+02  1.11429440E+00  1.00029808E+00  1.11429440E+00
   200  1.60000000E+02  1.11429272E+00  1.00034180E+00  1.11429272E+00
   201  1.60800000E+02  1.11429134E+00  1.00038878E+00  1.11429134E+00
   202  1.61600000E+02  1.11428975E+00  1.00043921E+00  1.11428975E+00
   203  1.62400000E+02  1.11428796E+00  1.00049327E+00  1.11428796E+00
   204  1.63200000E+02  1.11428610E+00  1.00055119E+00  1.11428610E+00
   205  1.64000000E+02  1.11428423E+00  1.00061316E+00  1.11428423E+00
   206  1.64800000E+02  1.11428268E+00  1.00067942E+00  1.11428268E+00
   207  1.65600000E+02  1.11428120E+00  1.00075019E+00  1.11428120E+00
   208  1.66400000E+02  1.11427977E+00  1.00082573E+00  1.11427977E+00
   209  1.67200000E+02  1.11427839E+00  1.00090627E+00  1.11427839E+00
   210  1.68000000E+02  1.11427705E+00  1.00099209E+00  1.11427705E+00
   211  1.68800000E+02  1.11427575E+00  1.00108347E+00  1.11427575E+00
   212  1.69600000E+02  1.11427450E+00  1.00118069E+00  1.11427450E+00
   213  1.70400000E+02  1.11427343E+00  1.00128404E+00  1.11427343E+00
   214  1.71200000E+02  1.11427249E+00  1.00139386E+00  1.11427249E+00
   215  1.72000000E+02  1.11427163E+00  1.00151045E+00  1.11427163E+00
   216  1.72800000E+02  1.11427083E+00  1.00163415E+00  1.11427083E+00
   217  1.73600000E+02  1.11427011E+00  1.00176533E+00  1.11427011E+00
   218  1.74400000E+02  1.11426946E+00  1.00190433E+00  1.11426946E+00
   219  1.75200000E+02  1.11426887E+00  1.00205154E+00  1.11426887E+00
   220  1.76000000E+02  1.11426835E+00  1.00220736E+00  1.11426835E+00
   221  1.76800000E+02  1.11426787E+00  1.00237218E+00  1.11426787E+00
   222  1.77600000E+02  1.11426744E+00  1.00254644E+00  1.11426744E+00
   223  1.78400000E+02  1.11426709E+00  1.00273056E+00  1.11426709E+00
   224  1.79200000E+02  1.11426684E+00  1.00292499E+00  1.11426684E+00
   225  1.80000000E+02  1.11426661E+00  1.00313022E+00  1.11426661E+00
   226  1.80800000E+02  1.11426641E+00  1.00334670E+00  1.11426641E+00
   227  1.81600000E+02  1.11426623E+00  1.00357496E+00  1.11426623E+00
   228  1.82400000E+02  1.11426606E+00  1.00381549E+00  1.11426606E+00
   229  1.83200000E+02  1.11426591E+00  1.00406883E+00  1.11426591E+00
   230  1.84000000E+02  1.11426578E+00  1.00433552E+00  1.11426578E+00
   231  1.84800000E+02  1.11426566E+00  1.00461612E+00  1.11426566E+00
   232  1.85600000E+02  1.11426555E+00  1.00491122E+00  1.11426555E+00
   233  1.86400000E+02  1.11426545E+00  1.00522139E+00  1.11426545E+00
   234  1.87200000E+02  1.11426536E+00  1.00554726E+00  1.11426536E+00
   235  1.88000000E+02  1.11426528E+00  1.00588943E+00  1.11426528E+00
   236  1.88800000E+02  1.11426520E+00  1.00624856E+00  1.11426520E+00
   237  1.89600000E+02  1.11426513E+00  1.00662528E+00  1.11426513E+00
   238  1.90400000E+02  1.11426507E+00  1.00702027E+00  1.11426507E+00
   239  1.91200000E+02  1.11426501E+00  1.00743419E+00  1.11426501E+00
   240  1.92000000E+02  1.11426495E+00  1.00786775E+00  1.11426495E+00
   241  1.92800000E+02  1.11426490E+00  1.00832165E+00  1.11426490E+00
   242  1.93600000E+02  1.11426485E+00  1.00879659E+00  1.11426485E+00
   243  1.94400000E+02  1.11426480E+00  1.00929330E+00  1.11426480E+00
   244  1.95200000E+02  1.11426475E+00  1.00981251E+00  1.11426475E+00
   245  1.96000000E+02  1.11426471E+00  1.01035496E+00  1.11426471E+00
   246  1.96800000E+02  1.11426467E+00  1.01092140E+00  1.11426467E+00
   247  1.97600000E+02  1.11426463E+00  1.01151257E+00  1.11426463E+00
   248  1.98400000E+02  1.11426459E+00  1.01212922E+00  1.11426459E+00
   249  1.99200000E+02  1.11426455E+00  1.01277211E+00  1.11426455E+00
   250  2.00000000E+02  1.11426452E+00  1.01344197E+00  1.11426452E+00
   251  2.00800000E+02  1.11426448E+00  1.01413956E+00  1.11426448E+00
   252  2.01600000E+02  1.11426445E+00  1.01486561E+00  1.11426445E+00
   253  2.02400000E+02  1.11426442E+00  1.01562083E+00  1.11426442E+00
   254  2.03200000E+02  1.11426439E+00  1.01640594E+00  1.11426439E+00
   255  2.04000000E+02  1.11426436E+00  1.01722163E+00  1.11426436E+00
   256  2.04800000E+02  1.11426433E+00  1.01806856E+00  1.11426433E+00
   257  2.05600000E+02  1.11426430E+00  1.01894740E+00  1.11426430E+00
   258  2.06400000E+02  1.11426427E+00  1.01985874E+00  1.11426427E+00
   259  2.07200000E+02  1.11426425E+00  1.02080319E+00  1.11426425E+00
   260  2.08000000E+02  1.11426422E+00  1.02178129E+00  1.11426422E+00
   261  2.08800000E+02  1.11426420E+00  1.02279354E+00  1.11426420E+00
   262  2.09600000E+02  1.11426417E+00  1.02384042E+00  1.11426417E+00
   263  2.10400000E+02  1.11426415E+00  1.02492235E+00  1.11426415E+00
   264  2.11200000E+02  1.11426413E+00  1.02603968E+00  1.11426413E+00
   265  2.12000000E+02  1.11426411E+00  1.02719271E+00  1.11426411E+00
   266  2.12800000E+02  1.11426409E+00  1.02838170E+00  1.11426409E+00
   267  2.13600000E+02  1.11426407E+00  1.02960679E+00  1.11426407E+00
   268  2.14400000E+02  1.11426405E+00  1.03086810E+00  1.11426405E+00
   269  2.15200000E+02  1.11426403E+00  1.03216563E+00  1.11426403E+00
   270  2.16000000E+02  1.11426402E+00  1.03349931E+00  1.11426402E+00
   271  2.16800000E+02  1.11426400E+00  1.03486897E+00  1.11426400E+00
   272  2.17600000E+02  1.11426398E+00  1.03627434E+00  1.11426398E+00
   273  2.18400000E+02  1.11426397E+00  1.03771507E+00  1.11426397E+00
   274  2.19200000E+02  1.11426396E+00  1.03919066E+00  1.11426396E+00
   275  2.20000000E+02  1.11426394E+00  1.04070052E+00  1.11426394E+00
   276  2.20800000E+02  1.11426393E+00  1.04224394E+00  1.11426393E+00
   277  2.21600000E+02  1.11426392E+00  1.04382008E+00  1.11426392E+00
   278  2.22400000E+02  1.11426391E+00  1.04542796E+00  1.11426391E+00
   279  2.23200000E+02  1.11426390E+00  1.04706648E+00  1.11426390E+00
   280  2.24000000E+02  1.11426389E+00  1.04873440E+00  1.11426389E+00
   281  2.24800000E+02  1.11426388E+00  1.05043032E+00  1.11426388E+00
   282  2.25600000E+02  1.11426387E+00  1.05215272E+00  1.11426387E+00
   283  2.26400000E+02  1.11426386E+00  1.05389993E+00  1.11426386E+00
   284  2.27200000E+02  1.11426385E+00  1.05567012E+00  1.11426385E+00
   285  2.28000000E+02  1.11426384E+00  1.05746133E+00  1.11426384E+00
   286  2.28800000E+02  1.11426384E+00  1.05927144E+00  1.11426384E+00
   287  2.29600000E+02  1.11426383E+00  1.06109819E+00  1.11426383E+00
   288  2.30400000E+02  1.11426382E+00  1.06293918E+00  1.11426382E+00
   289  2.31200000E+02  1.11426382E+00  1.06479186E+00  1.11426382E+00
   290  2.32000000E+02  1.11426381E+00  1.06665356E+00  1.11426381E+00
   291  2.32800000E+02  1.11426381E+00  1.06852144E+00  1.11426381E+00
   292  2.33600000E+02  1.11426380E+00  1.07039256E+00  1.11426380E+00
   293  2.34400000E+02  1.11426380E+00  1.07226386E+00  1.11426380E+00
   294  2.35200000E+02  1.11426379E+00  1.07413214E+00  1.11426379E+00
   295  2.36000000E+02  1.11426379E+00  1.07599411E+00  1.11426379E+00
   296  2.36800000E+02  1.11426379E+00  1.07784637E+00  1.11426379E+00
   297  2.37600000E+02  1.11426378E+00  1.07968544E+00  1.11426378E+00
   298  2.38400000E+02  1.11426378E+00  1.08150774E+00  1.11426378E+00
   299  2.39200000E+02  1.11426378E+00  1.08330964E+00  1.11426378E+00
   300  2.40000000E+02  1.11426377E+00  1.08508745E+00  1.11426377E+00
   301  2.40800000E+02  1.11426377E+00  1.08683746E+00  1.11426377E+00
   302  2.41600000E+02  1.11426377E+00  1.08855591E+00  1.11426377E+00
   303  2.42400000E+02  1.11426377E+00  1.09023905E+00  1.11426377E+00
   304  2.43200000E+02  1.11426376E+00  1.09188316E+00  1.11426376E+00
   305  2.44000000E+02  1.11426376E+00  1.09348453E+00  1.11426376E+00
   306  2.44800000E+02  1.11426376E+00  1.09503955E+00  1.11426376E+00
   307  2.45600000E+02  1.11426376E+00  1.09654465E+00  1.11426376E+00
   308  2.46400000E+02  1.11426376E+00  1.09799643E+00  1.11426376E+00
   309  2.47200000E+02  1.11426376E+00  1.09939160E+00  1.11426376E+00
   310  2.48000000E+02  1.11426375E+00  1.10072708E+00  1.11426375E+00
   311  2.48800000E+02  1.11426375E+00  1.10199998E+00  1.11426375E+00
   312  2.49600000E+02  1.11426375E+00  1.10320771E+00  1.11426375E+00
   313  2.50400000E+02  1.11426375E+00  1.10434795E+00  1.11426375E+00
   314  2.51200000E+02  1.11426375E+00  1.10541877E+00  1.11426375E+00
   315  2.52000000E+02  1.11426375E+00  1.10641862E+00  1.11426375E+00
   316  2.52800000E+02  1.11426375E+00  1.10734641E+00  1.11426375E+00
   317  2.53600000E+02  1.11426375E+00  1.10820156E+00  1.11426375E+00
   318  2.54400000E+02  1.11426375E+00  1.10898404E+00  1.11426375E+00
   319  2.55200000E+02  1.11426375E+00  1.10969438E+00  1.11426375E+00
   320  2.56000000E+02  1.11426374E+00  1.11033376E+00  1.11426374E+00
   321  2.56800000E+02  1.11426374E+00  1.11090395E+00  1.11426374E+00
   322  2.57600000E+02  1.11426374E+00  1.11140739E+00  1.11426374E+00
   323  2.58400000E+02  1.11426374E+00  1.11184710E+00  1.11426374E+00
   324  2.59200000E+02  1.11426374E+00  1.11222670E+00  1.11426374E+00
   325  2.60000000E+02  1.11426374E+00  1.11255031E+00  1.11426374E+00
   326  2.60800000E+02  1.11426374E+00  1.11282250E+00  1.11426374E+00
   327  2.61600000E+02  1.11426374E+00  1.11304818E+00  1.11426374E+00
   328  2.62400000E+02  1.11426374E+00  1.11323250E+00  1.11426374E+00
   329  2.63200000E+02  1.11426374E+00  1.11338074E+00  1.11426374E+00
   330  2.64000000E+02  1.11426374E+00  1.11349815E+00  1.11426374E+00
   331  2.64800000E+02  1.11426374E+00  1.11358986E+00  1.11426374E+00
   332  2.65600000E+02  1.11426374E+00  1.11366073E+00  1.11426374E+00
   333  2.66400000E+02  1.11426374E+00  1.11371528E+00  1.11426374E+00
   334  2.67200000E+02  1.11426374E+00  1.11375755E+00  1.11426374E+00
   335  2.68000000E+02  1.11426374E+00  1.11379109E+00  1.11426374E+00
   336  2.68800000E+02  1.11426374E+00  1.11381885E+00  1.11426374E+00
   337  2.69600000E+02  1.11426374E+00  1.11384323E+00  1.11426374E+00
   338  2.70400000E+02  1.11426374E+00  1.11386603E+00  1.11426374E+00
   339  2.71200000E+02  1.11426374E+00  1.11388850E+00  1.11426374E+00
   340  2.72000000E+02  1.11426374E+00  1.11391141E+00  1.11426374E+00
   341  2.72800000E+02  1.11426374E+00  1.11393506E+00  1.11426374E+00
   342  2.73600000E+02  1.11426374E+00  1.11395946E+00  1.11426374E+00
   343  2.74400000E+02  1.11426374E+00  1.11398429E+00  1.11426374E+00
   344  2.75200000E+02  1.11426374E+00  1.11400909E+00  1.11426374E+00
   345  2.76000000E+02  1.11426374E+00  1.11403329E+00  1.11426374E+00
   346  2.76800000E+02  1.11426374E+00  1.11405629E+00  1.11426374E+00
   347  2.77600000E+02  1.11426374E+00  1.11407753E+00  1.11426374E+00
   348  2.78400000E+02  1.11426374E+00  1.11409652E+00  1.11426374E+00
   349  2.79200000E+02  1.11426374E+00  1.11411291E+00  1.11426374E+00
   350  2.80000000E+02  1.11426374E+00  1.11412647E+00  1.11426374E+00
   351  2.80800000E+02  1.11426374E+00  1.11413712E+00  1.11426374E+00
   352  2.81600000E+02  1.11426374E+00  1.11414490E+00  1.11426374E+00
   353  2.82400000E+02  1.11426374E+00  1.11414998E+00  1.11426374E+00
   354  2.83200000E+02  1.11426374E+00  1.11415263E+00  1.11426374E+00
   355  2.84000000E+02  1.11426374E+00  1.11415319E+00  1.11426374E+00
   356  2.84800000E+02  1.11426374E+00  1.11415202E+00  1.11426374E+00
   357  2.85600000E+02  1.11426374E+00  1.11414952E+00  1.11426374E+00
   358  2.86400000E+02  1.11426374E+00  1.11414608E+00  1.11426374E+00
   359  2.87200000E+02  1.11426374E+00  1.11414205E+00  1.11426374E+00
   360  2.88000000E+02  1.11426374E+00  1.11413773E+00  1.11426374E+00
   361  2.88800000E+02  1.11426374E+00  1.11413340E+00  1.11426374E+00
 steady-height stop at step    361: changes <=   1.0000E-05, max-end <=   1.0000E-02, max/end/gap/profile_change =   1.11426374E+00  1.11413340E+00  1.30337336E-04  4.33397432E-06


STDERR:
