COMMAND:
/shared/swell_inference/datas/generate_rom_data/extrudate_swell2d_c_cluster

STDOUT:
 comppar: model =   3
 comppar: lambda,mobility/eps,betav,eta_0 =  1.0000E+01  2.3333E-01  5.0000E-01  1.0000E+00
 comppar: eta_s,eta_p,G =  5.0000E-01  5.0000E-01  5.0000E-02
 comppar: U_avg,deltat,flowrate,nsteps =  2.5000E-02  8.0000E-01  7.8540E-02     700
 comppar: geometry = axisymmetric
 comppar: steady stop change,gap,hold,min =  1.0000E-05  1.0000E-02      10      80
 comppar: ncompc,ncompg =     4     5
 mesh nnodes = 5765
 mesh nelem = 2780
 P1 BC   5.0000000000000000     
 P2 BC   0.0000000000000000     
     1  8.00000000E-01  1.00253021E+00  1.00000000E+00  1.00253021E+00
     2  1.60000000E+00  1.00502038E+00  1.00000000E+00  1.00502038E+00
     3  2.40000000E+00  1.00746541E+00  1.00000000E+00  1.00746541E+00
     4  3.20000000E+00  1.00986480E+00  1.00000000E+00  1.00986480E+00
     5  4.00000000E+00  1.01221873E+00  1.00000000E+00  1.01221873E+00
     6  4.80000000E+00  1.01453132E+00  1.00000000E+00  1.01453132E+00
     7  5.60000000E+00  1.01679750E+00  1.00000000E+00  1.01679750E+00
     8  6.40000000E+00  1.01902458E+00  1.00000000E+00  1.01902458E+00
     9  7.20000000E+00  1.02121637E+00  1.00000000E+00  1.02121637E+00
    10  8.00000000E+00  1.02336454E+00  1.00000000E+00  1.02336454E+00
    11  8.80000000E+00  1.02549464E+00  1.00000000E+00  1.02549464E+00
    12  9.60000000E+00  1.02757337E+00  1.00000001E+00  1.02757337E+00
    13  1.04000000E+01  1.02964685E+00  1.00000001E+00  1.02964685E+00
    14  1.12000000E+01  1.03167090E+00  1.00000001E+00  1.03167090E+00
    15  1.20000000E+01  1.03368973E+00  1.00000001E+00  1.03368973E+00
    16  1.28000000E+01  1.03566601E+00  1.00000001E+00  1.03566601E+00
    17  1.36000000E+01  1.03762241E+00  1.00000001E+00  1.03762241E+00
    18  1.44000000E+01  1.03956381E+00  1.00000001E+00  1.03956381E+00
    19  1.52000000E+01  1.04145397E+00  1.00000001E+00  1.04145397E+00
    20  1.60000000E+01  1.04336396E+00  1.00000000E+00  1.04336396E+00
    21  1.68000000E+01  1.04522174E+00  1.00000000E+00  1.04522174E+00
    22  1.76000000E+01  1.04705330E+00  1.00000000E+00  1.04705330E+00
    23  1.84000000E+01  1.04889253E+00  1.00000000E+00  1.04889253E+00
    24  1.92000000E+01  1.05067773E+00  9.99999998E-01  1.05067773E+00
    25  2.00000000E+01  1.05245169E+00  9.99999995E-01  1.05245169E+00
    26  2.08000000E+01  1.05421974E+00  9.99999992E-01  1.05421974E+00
    27  2.16000000E+01  1.05593138E+00  9.99999988E-01  1.05593138E+00
    28  2.24000000E+01  1.05761276E+00  9.99999983E-01  1.05761276E+00
    29  2.32000000E+01  1.05931957E+00  9.99999978E-01  1.05931957E+00
    30  2.40000000E+01  1.06096805E+00  9.99999972E-01  1.06096805E+00
    31  2.48000000E+01  1.06256083E+00  9.99999965E-01  1.06256083E+00
    32  2.56000000E+01  1.06420431E+00  9.99999957E-01  1.06420431E+00
    33  2.64000000E+01  1.06578730E+00  9.99999948E-01  1.06578730E+00
    34  2.72000000E+01  1.06730699E+00  9.99999938E-01  1.06730699E+00
    35  2.80000000E+01  1.06884939E+00  9.99999927E-01  1.06884939E+00
    36  2.88000000E+01  1.07038054E+00  9.99999915E-01  1.07038054E+00
    37  2.96000000E+01  1.07184713E+00  9.99999901E-01  1.07184713E+00
    38  3.04000000E+01  1.07326840E+00  9.99999886E-01  1.07326840E+00
    39  3.12000000E+01  1.07474627E+00  9.99999869E-01  1.07474627E+00
    40  3.20000000E+01  1.07615825E+00  9.99999851E-01  1.07615825E+00
    41  3.28000000E+01  1.07750210E+00  9.99999831E-01  1.07750210E+00
    42  3.36000000E+01  1.07884089E+00  9.99999809E-01  1.07884089E+00
    43  3.44000000E+01  1.08021663E+00  9.99999786E-01  1.08021663E+00
    44  3.52000000E+01  1.08152389E+00  9.99999760E-01  1.08152389E+00
    45  3.60000000E+01  1.08276097E+00  9.99999732E-01  1.08276097E+00
    46  3.68000000E+01  1.08402633E+00  9.99999701E-01  1.08402633E+00
    47  3.76000000E+01  1.08529605E+00  9.99999668E-01  1.08529605E+00
    48  3.84000000E+01  1.08649534E+00  9.99999632E-01  1.08649534E+00
    49  3.92000000E+01  1.08762314E+00  9.99999594E-01  1.08762314E+00
    50  4.00000000E+01  1.08877486E+00  9.99999552E-01  1.08877486E+00
    51  4.08000000E+01  1.08995916E+00  9.99999507E-01  1.08995916E+00
    52  4.16000000E+01  1.09107245E+00  9.99999459E-01  1.09107245E+00
    53  4.24000000E+01  1.09211443E+00  9.99999407E-01  1.09211443E+00
    54  4.32000000E+01  1.09315627E+00  9.99999351E-01  1.09315627E+00
    55  4.40000000E+01  1.09425385E+00  9.99999291E-01  1.09425385E+00
    56  4.48000000E+01  1.09528038E+00  9.99999228E-01  1.09528038E+00
    57  4.56000000E+01  1.09623639E+00  9.99999159E-01  1.09623639E+00
    58  4.64000000E+01  1.09712338E+00  9.99999086E-01  1.09712338E+00
    59  4.72000000E+01  1.09814808E+00  9.99999008E-01  1.09814808E+00
    60  4.80000000E+01  1.09911078E+00  9.99998924E-01  1.09911078E+00
    61  4.88000000E+01  1.10000491E+00  9.99998835E-01  1.10000491E+00
    62  4.96000000E+01  1.10083287E+00  9.99998740E-01  1.10083287E+00
    63  5.04000000E+01  1.10169866E+00  9.99998639E-01  1.10169866E+00
    64  5.12000000E+01  1.10259697E+00  9.99998531E-01  1.10259697E+00
    65  5.20000000E+01  1.10342871E+00  9.99998417E-01  1.10342871E+00
    66  5.28000000E+01  1.10419714E+00  9.99998295E-01  1.10419714E+00
    67  5.36000000E+01  1.10490648E+00  9.99998166E-01  1.10490648E+00
    68  5.44000000E+01  1.10574405E+00  9.99998029E-01  1.10574405E+00
    69  5.52000000E+01  1.10652126E+00  9.99997884E-01  1.10652126E+00
    70  5.60000000E+01  1.10723905E+00  9.99997730E-01  1.10723905E+00
    71  5.68000000E+01  1.10790198E+00  9.99997567E-01  1.10790198E+00
    72  5.76000000E+01  1.10858864E+00  9.99997394E-01  1.10858864E+00
    73  5.84000000E+01  1.10931082E+00  9.99997212E-01  1.10931082E+00
    74  5.92000000E+01  1.10997755E+00  9.99997018E-01  1.10997755E+00
    75  6.00000000E+01  1.11059384E+00  9.99996814E-01  1.11059384E+00
    76  6.08000000E+01  1.11116479E+00  9.99996599E-01  1.11116479E+00
    77  6.16000000E+01  1.11182674E+00  9.99996371E-01  1.11182674E+00
    78  6.24000000E+01  1.11245008E+00  9.99996131E-01  1.11245008E+00
    79  6.32000000E+01  1.11302689E+00  9.99995877E-01  1.11302689E+00
    80  6.40000000E+01  1.11356182E+00  9.99995610E-01  1.11356182E+00
    81  6.48000000E+01  1.11407895E+00  9.99995329E-01  1.11407895E+00
    82  6.56000000E+01  1.11465906E+00  9.99995032E-01  1.11465906E+00
    83  6.64000000E+01  1.11519703E+00  9.99994720E-01  1.11519703E+00
    84  6.72000000E+01  1.11569718E+00  9.99994392E-01  1.11569718E+00
    85  6.80000000E+01  1.11616320E+00  9.99994047E-01  1.11616320E+00
    86  6.88000000E+01  1.11665014E+00  9.99993684E-01  1.11665014E+00
    87  6.96000000E+01  1.11715415E+00  9.99993303E-01  1.11715415E+00
    88  7.04000000E+01  1.11762282E+00  9.99992903E-01  1.11762282E+00
    89  7.12000000E+01  1.11805925E+00  9.99992483E-01  1.11805925E+00
    90  7.20000000E+01  1.11846584E+00  9.99992042E-01  1.11846584E+00
    91  7.28000000E+01  1.11889049E+00  9.99991580E-01  1.11889049E+00
    92  7.36000000E+01  1.11933005E+00  9.99991095E-01  1.11933005E+00
    93  7.44000000E+01  1.11973984E+00  9.99990587E-01  1.11973984E+00
    94  7.52000000E+01  1.12012162E+00  9.99990056E-01  1.12012162E+00
    95  7.60000000E+01  1.12047664E+00  9.99989499E-01  1.12047664E+00
    96  7.68000000E+01  1.12086804E+00  9.99988916E-01  1.12086804E+00
    97  7.76000000E+01  1.12125090E+00  9.99988307E-01  1.12125090E+00
    98  7.84000000E+01  1.12160684E+00  9.99987670E-01  1.12160684E+00
    99  7.92000000E+01  1.12193703E+00  9.99987004E-01  1.12193703E+00
   100  8.00000000E+01  1.12224239E+00  9.99986309E-01  1.12224239E+00
   101  8.08000000E+01  1.12258277E+00  9.99985582E-01  1.12258277E+00
   102  8.16000000E+01  1.12291632E+00  9.99984825E-01  1.12291632E+00
   103  8.24000000E+01  1.12322495E+00  9.99984034E-01  1.12322495E+00
   104  8.32000000E+01  1.12350946E+00  9.99983209E-01  1.12350946E+00
   105  8.40000000E+01  1.12377291E+00  9.99982350E-01  1.12377291E+00
   106  8.48000000E+01  1.12408288E+00  9.99981454E-01  1.12408288E+00
   107  8.56000000E+01  1.12436902E+00  9.99980522E-01  1.12436902E+00
   108  8.64000000E+01  1.12463220E+00  9.99979551E-01  1.12463220E+00
   109  8.72000000E+01  1.12487339E+00  9.99978541E-01  1.12487339E+00
   110  8.80000000E+01  1.12510819E+00  9.99977490E-01  1.12510819E+00
   111  8.88000000E+01  1.12537446E+00  9.99976398E-01  1.12537446E+00
   112  8.96000000E+01  1.12561851E+00  9.99975263E-01  1.12561851E+00
   113  9.04000000E+01  1.12584138E+00  9.99974085E-01  1.12584138E+00
   114  9.12000000E+01  1.12604431E+00  9.99972861E-01  1.12604431E+00
   115  9.20000000E+01  1.12626321E+00  9.99971591E-01  1.12626321E+00
   116  9.28000000E+01  1.12648845E+00  9.99970274E-01  1.12648845E+00
   117  9.36000000E+01  1.12669384E+00  9.99968909E-01  1.12669384E+00
   118  9.44000000E+01  1.12688063E+00  9.99967495E-01  1.12688063E+00
   119  9.52000000E+01  1.12705017E+00  9.99966030E-01  1.12705017E+00
   120  9.60000000E+01  1.12724812E+00  9.99964514E-01  1.12724812E+00
   121  9.68000000E+01  1.12743717E+00  9.99962946E-01  1.12743717E+00
   122  9.76000000E+01  1.12760870E+00  9.99961325E-01  1.12760870E+00
   123  9.84000000E+01  1.12776414E+00  9.99959649E-01  1.12776414E+00
   124  9.92000000E+01  1.12791508E+00  9.99957919E-01  1.12791508E+00
   125  1.00000000E+02  1.12808900E+00  9.99956133E-01  1.12808900E+00
   126  1.00800000E+02  1.12824666E+00  9.99954290E-01  1.12824666E+00
   127  1.01600000E+02  1.12838938E+00  9.99952391E-01  1.12838938E+00
   128  1.02400000E+02  1.12851850E+00  9.99950434E-01  1.12851850E+00
   129  1.03200000E+02  1.12865295E+00  9.99948419E-01  1.12865295E+00
   130  1.04000000E+02  1.12879741E+00  9.99946345E-01  1.12879741E+00
   131  1.04800000E+02  1.12892809E+00  9.99944213E-01  1.12892809E+00
   132  1.05600000E+02  1.12904627E+00  9.99942023E-01  1.12904627E+00
   133  1.06400000E+02  1.12915314E+00  9.99939773E-01  1.12915314E+00
   134  1.07200000E+02  1.12927872E+00  9.99937466E-01  1.12927872E+00
   135  1.08000000E+02  1.12939848E+00  9.99935100E-01  1.12939848E+00
   136  1.08800000E+02  1.12950664E+00  9.99932676E-01  1.12950664E+00
   137  1.09600000E+02  1.12960428E+00  9.99930195E-01  1.12960428E+00
   138  1.10400000E+02  1.12969237E+00  9.99927659E-01  1.12969237E+00
   139  1.11200000E+02  1.12979973E+00  9.99925067E-01  1.12979973E+00
   140  1.12000000E+02  1.12989867E+00  9.99922422E-01  1.12989867E+00
   141  1.12800000E+02  1.12998797E+00  9.99919726E-01  1.12998797E+00
   142  1.13600000E+02  1.13006849E+00  9.99916979E-01  1.13006849E+00
   143  1.14400000E+02  1.13014870E+00  9.99914184E-01  1.13014870E+00
   144  1.15200000E+02  1.13023900E+00  9.99911344E-01  1.13023900E+00
   145  1.16000000E+02  1.13032033E+00  9.99908461E-01  1.13032033E+00
   146  1.16800000E+02  1.13039348E+00  9.99905539E-01  1.13039348E+00
   147  1.17600000E+02  1.13045917E+00  9.99902581E-01  1.13045917E+00
   148  1.18400000E+02  1.13052555E+00  9.99899592E-01  1.13052555E+00
   149  1.19200000E+02  1.13059982E+00  9.99896575E-01  1.13059982E+00
   150  1.20000000E+02  1.13066656E+00  9.99893536E-01  1.13066656E+00
   151  1.20800000E+02  1.13072636E+00  9.99890480E-01  1.13072636E+00
   152  1.21600000E+02  1.13077978E+00  9.99887413E-01  1.13077978E+00
   153  1.22400000E+02  1.13084059E+00  9.99884341E-01  1.13084059E+00
   154  1.23200000E+02  1.13090097E+00  9.99881273E-01  1.13090097E+00
   155  1.24000000E+02  1.13095492E+00  9.99878216E-01  1.13095492E+00
   156  1.24800000E+02  1.13100296E+00  9.99875178E-01  1.13100296E+00
   157  1.25600000E+02  1.13104558E+00  9.99872169E-01  1.13104558E+00
   158  1.26400000E+02  1.13109573E+00  9.99869198E-01  1.13109573E+00
   159  1.27200000E+02  1.13114466E+00  9.99866278E-01  1.13114466E+00
   160  1.28000000E+02  1.13118808E+00  9.99863419E-01  1.13118808E+00
   161  1.28800000E+02  1.13122646E+00  9.99860634E-01  1.13122646E+00
   162  1.29600000E+02  1.13126153E+00  9.99857937E-01  1.13126153E+00
   163  1.30400000E+02  1.13130546E+00  9.99855343E-01  1.13130546E+00
   164  1.31200000E+02  1.13134433E+00  9.99852867E-01  1.13134433E+00
   165  1.32000000E+02  1.13137857E+00  9.99850527E-01  1.13137857E+00
   166  1.32800000E+02  1.13140859E+00  9.99848340E-01  1.13140859E+00
   167  1.33600000E+02  1.13143680E+00  9.99846326E-01  1.13143680E+00
   168  1.34400000E+02  1.13147174E+00  9.99844507E-01  1.13147174E+00
   169  1.35200000E+02  1.13150239E+00  9.99842904E-01  1.13150239E+00
   170  1.36000000E+02  1.13152916E+00  9.99841541E-01  1.13152916E+00
   171  1.36800000E+02  1.13155244E+00  9.99840444E-01  1.13155244E+00
   172  1.37600000E+02  1.13157811E+00  9.99839641E-01  1.13157811E+00
   173  1.38400000E+02  1.13160532E+00  9.99839159E-01  1.13160532E+00
   174  1.39200000E+02  1.13162900E+00  9.99839031E-01  1.13162900E+00
   175  1.40000000E+02  1.13164953E+00  9.99839289E-01  1.13164953E+00
   176  1.40800000E+02  1.13166726E+00  9.99839967E-01  1.13166726E+00
   177  1.41600000E+02  1.13168696E+00  9.99841104E-01  1.13168696E+00
   178  1.42400000E+02  1.13170795E+00  9.99842737E-01  1.13170795E+00
   179  1.43200000E+02  1.13172609E+00  9.99844910E-01  1.13172609E+00
   180  1.44000000E+02  1.13174170E+00  9.99847666E-01  1.13174170E+00
   181  1.44800000E+02  1.13175510E+00  9.99851051E-01  1.13175510E+00
   182  1.45600000E+02  1.13177200E+00  9.99855116E-01  1.13177200E+00
   183  1.46400000E+02  1.13178790E+00  9.99859913E-01  1.13178790E+00
   184  1.47200000E+02  1.13180154E+00  9.99865497E-01  1.13180154E+00
   185  1.48000000E+02  1.13181320E+00  9.99871927E-01  1.13181320E+00
   186  1.48800000E+02  1.13182315E+00  9.99879265E-01  1.13182315E+00
   187  1.49600000E+02  1.13183472E+00  9.99887576E-01  1.13183472E+00
   188  1.50400000E+02  1.13184668E+00  9.99896929E-01  1.13184668E+00
   189  1.51200000E+02  1.13185688E+00  9.99907397E-01  1.13185688E+00
   190  1.52000000E+02  1.13186556E+00  9.99919056E-01  1.13186556E+00
   191  1.52800000E+02  1.13187293E+00  9.99931988E-01  1.13187293E+00
   192  1.53600000E+02  1.13188186E+00  9.99946279E-01  1.13188186E+00
   193  1.54400000E+02  1.13189067E+00  9.99962017E-01  1.13189067E+00
   194  1.55200000E+02  1.13189813E+00  9.99979297E-01  1.13189813E+00
   195  1.56000000E+02  1.13190442E+00  9.99998220E-01  1.13190442E+00
   196  1.56800000E+02  1.13190971E+00  1.00001889E+00  1.13190971E+00
   197  1.57600000E+02  1.13191412E+00  1.00004141E+00  1.13191412E+00
   198  1.58400000E+02  1.13192059E+00  1.00006591E+00  1.13192059E+00
   199  1.59200000E+02  1.13192604E+00  1.00009250E+00  1.13192604E+00
   200  1.60000000E+02  1.13193060E+00  1.00012132E+00  1.13193060E+00
   201  1.60800000E+02  1.13193438E+00  1.00015248E+00  1.13193438E+00
   202  1.61600000E+02  1.13193748E+00  1.00018614E+00  1.13193748E+00
   203  1.62400000E+02  1.13194112E+00  1.00022245E+00  1.13194112E+00
   204  1.63200000E+02  1.13194493E+00  1.00026154E+00  1.13194493E+00
   205  1.64000000E+02  1.13194805E+00  1.00030360E+00  1.13194805E+00
   206  1.64800000E+02  1.13195057E+00  1.00034878E+00  1.13195057E+00
   207  1.65600000E+02  1.13195257E+00  1.00039725E+00  1.13195257E+00
   208  1.66400000E+02  1.13195410E+00  1.00044922E+00  1.13195410E+00
   209  1.67200000E+02  1.13195533E+00  1.00050486E+00  1.13195533E+00
   210  1.68000000E+02  1.13195743E+00  1.00056439E+00  1.13195743E+00
   211  1.68800000E+02  1.13195905E+00  1.00062800E+00  1.13195905E+00
   212  1.69600000E+02  1.13196025E+00  1.00069592E+00  1.13196025E+00
   213  1.70400000E+02  1.13196110E+00  1.00076838E+00  1.13196110E+00
   214  1.71200000E+02  1.13196163E+00  1.00084562E+00  1.13196163E+00
   215  1.72000000E+02  1.13196189E+00  1.00092788E+00  1.13196189E+00
   216  1.72800000E+02  1.13196210E+00  1.00101544E+00  1.13196210E+00
   217  1.73600000E+02  1.13196265E+00  1.00110855E+00  1.13196265E+00
   218  1.74400000E+02  1.13196292E+00  1.00120750E+00  1.13196292E+00
   219  1.75200000E+02  1.13196297E+00  1.00131258E+00  1.13196297E+00
   220  1.76000000E+02  1.13196282E+00  1.00142410E+00  1.13196282E+00
   221  1.76800000E+02  1.13196251E+00  1.00154238E+00  1.13196251E+00
   222  1.77600000E+02  1.13196207E+00  1.00166775E+00  1.13196207E+00
   223  1.78400000E+02  1.13196153E+00  1.00180055E+00  1.13196153E+00
   224  1.79200000E+02  1.13196091E+00  1.00194113E+00  1.13196091E+00
   225  1.80000000E+02  1.13196023E+00  1.00208987E+00  1.13196023E+00
   226  1.80800000E+02  1.13195950E+00  1.00224715E+00  1.13195950E+00
   227  1.81600000E+02  1.13195874E+00  1.00241336E+00  1.13195874E+00
   228  1.82400000E+02  1.13195797E+00  1.00258892E+00  1.13195797E+00
   229  1.83200000E+02  1.13195719E+00  1.00277425E+00  1.13195719E+00
   230  1.84000000E+02  1.13195642E+00  1.00296980E+00  1.13195642E+00
   231  1.84800000E+02  1.13195565E+00  1.00317601E+00  1.13195565E+00
   232  1.85600000E+02  1.13195487E+00  1.00339336E+00  1.13195487E+00
   233  1.86400000E+02  1.13195413E+00  1.00362234E+00  1.13195413E+00
   234  1.87200000E+02  1.13195340E+00  1.00386344E+00  1.13195340E+00
   235  1.88000000E+02  1.13195269E+00  1.00411718E+00  1.13195269E+00
   236  1.88800000E+02  1.13195200E+00  1.00438409E+00  1.13195200E+00
   237  1.89600000E+02  1.13195134E+00  1.00466472E+00  1.13195134E+00
   238  1.90400000E+02  1.13195070E+00  1.00495964E+00  1.13195070E+00
   239  1.91200000E+02  1.13195008E+00  1.00526942E+00  1.13195008E+00
   240  1.92000000E+02  1.13194950E+00  1.00559466E+00  1.13194950E+00
   241  1.92800000E+02  1.13194894E+00  1.00593596E+00  1.13194894E+00
   242  1.93600000E+02  1.13194841E+00  1.00629395E+00  1.13194841E+00
   243  1.94400000E+02  1.13194790E+00  1.00666927E+00  1.13194790E+00
   244  1.95200000E+02  1.13194742E+00  1.00706257E+00  1.13194742E+00
   245  1.96000000E+02  1.13194696E+00  1.00747452E+00  1.13194696E+00
   246  1.96800000E+02  1.13194652E+00  1.00790579E+00  1.13194652E+00
   247  1.97600000E+02  1.13194611E+00  1.00835708E+00  1.13194611E+00
   248  1.98400000E+02  1.13194573E+00  1.00882910E+00  1.13194573E+00
   249  1.99200000E+02  1.13194536E+00  1.00932255E+00  1.13194536E+00
   250  2.00000000E+02  1.13194502E+00  1.00983816E+00  1.13194502E+00
   251  2.00800000E+02  1.13194469E+00  1.01037668E+00  1.13194469E+00
   252  2.01600000E+02  1.13194438E+00  1.01093884E+00  1.13194438E+00
   253  2.02400000E+02  1.13194409E+00  1.01152539E+00  1.13194409E+00
   254  2.03200000E+02  1.13194382E+00  1.01213708E+00  1.13194382E+00
   255  2.04000000E+02  1.13194356E+00  1.01277468E+00  1.13194356E+00
   256  2.04800000E+02  1.13194332E+00  1.01343894E+00  1.13194332E+00
   257  2.05600000E+02  1.13194310E+00  1.01413061E+00  1.13194310E+00
   258  2.06400000E+02  1.13194288E+00  1.01485045E+00  1.13194288E+00
   259  2.07200000E+02  1.13194268E+00  1.01559921E+00  1.13194268E+00
   260  2.08000000E+02  1.13194249E+00  1.01637763E+00  1.13194249E+00
   261  2.08800000E+02  1.13194232E+00  1.01718642E+00  1.13194232E+00
   262  2.09600000E+02  1.13194215E+00  1.01802630E+00  1.13194215E+00
   263  2.10400000E+02  1.13194199E+00  1.01889797E+00  1.13194199E+00
   264  2.11200000E+02  1.13194185E+00  1.01980210E+00  1.13194185E+00
   265  2.12000000E+02  1.13194171E+00  1.02073934E+00  1.13194171E+00
   266  2.12800000E+02  1.13194158E+00  1.02171030E+00  1.13194158E+00
   267  2.13600000E+02  1.13194146E+00  1.02271557E+00  1.13194146E+00
   268  2.14400000E+02  1.13194135E+00  1.02375572E+00  1.13194135E+00
   269  2.15200000E+02  1.13194124E+00  1.02483125E+00  1.13194124E+00
   270  2.16000000E+02  1.13194114E+00  1.02594262E+00  1.13194114E+00
   271  2.16800000E+02  1.13194104E+00  1.02709027E+00  1.13194104E+00
   272  2.17600000E+02  1.13194096E+00  1.02827456E+00  1.13194096E+00
   273  2.18400000E+02  1.13194087E+00  1.02949580E+00  1.13194087E+00
   274  2.19200000E+02  1.13194079E+00  1.03075424E+00  1.13194079E+00
   275  2.20000000E+02  1.13194072E+00  1.03205006E+00  1.13194072E+00
   276  2.20800000E+02  1.13194065E+00  1.03338336E+00  1.13194065E+00
   277  2.21600000E+02  1.13194059E+00  1.03475418E+00  1.13194059E+00
   278  2.22400000E+02  1.13194053E+00  1.03616246E+00  1.13194053E+00
   279  2.23200000E+02  1.13194047E+00  1.03760806E+00  1.13194047E+00
   280  2.24000000E+02  1.13194042E+00  1.03909073E+00  1.13194042E+00
   281  2.24800000E+02  1.13194037E+00  1.04061015E+00  1.13194037E+00
   282  2.25600000E+02  1.13194032E+00  1.04216587E+00  1.13194032E+00
   283  2.26400000E+02  1.13194028E+00  1.04375734E+00  1.13194028E+00
   284  2.27200000E+02  1.13194024E+00  1.04538390E+00  1.13194024E+00
   285  2.28000000E+02  1.13194020E+00  1.04704476E+00  1.13194020E+00
   286  2.28800000E+02  1.13194016E+00  1.04873901E+00  1.13194016E+00
   287  2.29600000E+02  1.13194013E+00  1.05046564E+00  1.13194013E+00
   288  2.30400000E+02  1.13194010E+00  1.05222346E+00  1.13194010E+00
   289  2.31200000E+02  1.13194007E+00  1.05401120E+00  1.13194007E+00
   290  2.32000000E+02  1.13194004E+00  1.05582744E+00  1.13194004E+00
   291  2.32800000E+02  1.13194001E+00  1.05767060E+00  1.13194001E+00
   292  2.33600000E+02  1.13193999E+00  1.05953901E+00  1.13193999E+00
   293  2.34400000E+02  1.13193997E+00  1.06143083E+00  1.13193997E+00
   294  2.35200000E+02  1.13193994E+00  1.06334411E+00  1.13193994E+00
   295  2.36000000E+02  1.13193992E+00  1.06527674E+00  1.13193992E+00
   296  2.36800000E+02  1.13193991E+00  1.06722652E+00  1.13193991E+00
   297  2.37600000E+02  1.13193989E+00  1.06919108E+00  1.13193989E+00
   298  2.38400000E+02  1.13193987E+00  1.07116795E+00  1.13193987E+00
   299  2.39200000E+02  1.13193986E+00  1.07315454E+00  1.13193986E+00
   300  2.40000000E+02  1.13193984E+00  1.07514814E+00  1.13193984E+00
   301  2.40800000E+02  1.13193983E+00  1.07714594E+00  1.13193983E+00
   302  2.41600000E+02  1.13193982E+00  1.07914500E+00  1.13193982E+00
   303  2.42400000E+02  1.13193980E+00  1.08114233E+00  1.13193980E+00
   304  2.43200000E+02  1.13193979E+00  1.08313481E+00  1.13193979E+00
   305  2.44000000E+02  1.13193978E+00  1.08511927E+00  1.13193978E+00
   306  2.44800000E+02  1.13193977E+00  1.08709247E+00  1.13193977E+00
   307  2.45600000E+02  1.13193977E+00  1.08905109E+00  1.13193977E+00
   308  2.46400000E+02  1.13193976E+00  1.09099179E+00  1.13193976E+00
   309  2.47200000E+02  1.13193975E+00  1.09291121E+00  1.13193975E+00
   310  2.48000000E+02  1.13193974E+00  1.09480592E+00  1.13193974E+00
   311  2.48800000E+02  1.13193974E+00  1.09667256E+00  1.13193974E+00
   312  2.49600000E+02  1.13193973E+00  1.09850772E+00  1.13193973E+00
   313  2.50400000E+02  1.13193972E+00  1.10030805E+00  1.13193972E+00
   314  2.51200000E+02  1.13193972E+00  1.10207026E+00  1.13193972E+00
   315  2.52000000E+02  1.13193971E+00  1.10379110E+00  1.13193971E+00
   316  2.52800000E+02  1.13193971E+00  1.10546744E+00  1.13193971E+00
   317  2.53600000E+02  1.13193970E+00  1.10709624E+00  1.13193970E+00
   318  2.54400000E+02  1.13193970E+00  1.10867459E+00  1.13193970E+00
   319  2.55200000E+02  1.13193970E+00  1.11019977E+00  1.13193970E+00
   320  2.56000000E+02  1.13193969E+00  1.11166921E+00  1.13193969E+00
   321  2.56800000E+02  1.13193969E+00  1.11308060E+00  1.13193969E+00
   322  2.57600000E+02  1.13193969E+00  1.11443184E+00  1.13193969E+00
   323  2.58400000E+02  1.13193968E+00  1.11572115E+00  1.13193968E+00
   324  2.59200000E+02  1.13193968E+00  1.11694704E+00  1.13193968E+00
   325  2.60000000E+02  1.13193968E+00  1.11810839E+00  1.13193968E+00
   326  2.60800000E+02  1.13193967E+00  1.11920447E+00  1.13193967E+00
   327  2.61600000E+02  1.13193967E+00  1.12023497E+00  1.13193967E+00
   328  2.62400000E+02  1.13193967E+00  1.12120002E+00  1.13193967E+00
   329  2.63200000E+02  1.13193967E+00  1.12210023E+00  1.13193967E+00
   330  2.64000000E+02  1.13193967E+00  1.12293666E+00  1.13193967E+00
   331  2.64800000E+02  1.13193967E+00  1.12371089E+00  1.13193967E+00
   332  2.65600000E+02  1.13193966E+00  1.12442491E+00  1.13193966E+00
   333  2.66400000E+02  1.13193966E+00  1.12508119E+00  1.13193966E+00
   334  2.67200000E+02  1.13193966E+00  1.12568254E+00  1.13193966E+00
   335  2.68000000E+02  1.13193966E+00  1.12623214E+00  1.13193966E+00
   336  2.68800000E+02  1.13193966E+00  1.12673343E+00  1.13193966E+00
   337  2.69600000E+02  1.13193966E+00  1.12719000E+00  1.13193966E+00
   338  2.70400000E+02  1.13193966E+00  1.12760556E+00  1.13193966E+00
   339  2.71200000E+02  1.13193966E+00  1.12798384E+00  1.13193966E+00
   340  2.72000000E+02  1.13193965E+00  1.12832845E+00  1.13193965E+00
   341  2.72800000E+02  1.13193965E+00  1.12864288E+00  1.13193965E+00
   342  2.73600000E+02  1.13193965E+00  1.12893037E+00  1.13193965E+00
   343  2.74400000E+02  1.13193965E+00  1.12919387E+00  1.13193965E+00
   344  2.75200000E+02  1.13193965E+00  1.12943600E+00  1.13193965E+00
   345  2.76000000E+02  1.13193965E+00  1.12965904E+00  1.13193965E+00
   346  2.76800000E+02  1.13193965E+00  1.12986490E+00  1.13193965E+00
   347  2.77600000E+02  1.13193965E+00  1.13005517E+00  1.13193965E+00
   348  2.78400000E+02  1.13193965E+00  1.13023110E+00  1.13193965E+00
   349  2.79200000E+02  1.13193965E+00  1.13039370E+00  1.13193965E+00
   350  2.80000000E+02  1.13193965E+00  1.13054372E+00  1.13193965E+00
   351  2.80800000E+02  1.13193965E+00  1.13068177E+00  1.13193965E+00
   352  2.81600000E+02  1.13193965E+00  1.13080834E+00  1.13193965E+00
   353  2.82400000E+02  1.13193965E+00  1.13092386E+00  1.13193965E+00
   354  2.83200000E+02  1.13193965E+00  1.13102871E+00  1.13193965E+00
   355  2.84000000E+02  1.13193965E+00  1.13112333E+00  1.13193965E+00
   356  2.84800000E+02  1.13193965E+00  1.13120818E+00  1.13193965E+00
   357  2.85600000E+02  1.13193965E+00  1.13128376E+00  1.13193965E+00
   358  2.86400000E+02  1.13193965E+00  1.13135066E+00  1.13193965E+00
   359  2.87200000E+02  1.13193965E+00  1.13140952E+00  1.13193965E+00
   360  2.88000000E+02  1.13193965E+00  1.13146099E+00  1.13193965E+00
   361  2.88800000E+02  1.13193965E+00  1.13150578E+00  1.13193965E+00
   362  2.89600000E+02  1.13193965E+00  1.13154460E+00  1.13193965E+00
   363  2.90400000E+02  1.13193965E+00  1.13157814E+00  1.13193965E+00
   364  2.91200000E+02  1.13193965E+00  1.13160706E+00  1.13193965E+00
   365  2.92000000E+02  1.13193965E+00  1.13163197E+00  1.13193965E+00
   366  2.92800000E+02  1.13193964E+00  1.13165342E+00  1.13193964E+00
   367  2.93600000E+02  1.13193964E+00  1.13167191E+00  1.13193964E+00
   368  2.94400000E+02  1.13193964E+00  1.13168785E+00  1.13193964E+00
   369  2.95200000E+02  1.13193964E+00  1.13170160E+00  1.13193964E+00
   370  2.96000000E+02  1.13193964E+00  1.13171345E+00  1.13193964E+00
   371  2.96800000E+02  1.13193964E+00  1.13172365E+00  1.13193964E+00
   372  2.97600000E+02  1.13193964E+00  1.13173239E+00  1.13193964E+00
   373  2.98400000E+02  1.13193964E+00  1.13173984E+00  1.13193964E+00
   374  2.99200000E+02  1.13193964E+00  1.13174614E+00  1.13193964E+00
   375  3.00000000E+02  1.13193964E+00  1.13175141E+00  1.13193964E+00
   376  3.00800000E+02  1.13193964E+00  1.13175575E+00  1.13193964E+00
   377  3.01600000E+02  1.13193964E+00  1.13175925E+00  1.13193964E+00
   378  3.02400000E+02  1.13193964E+00  1.13176203E+00  1.13193964E+00
   379  3.03200000E+02  1.13193964E+00  1.13176416E+00  1.13193964E+00
   380  3.04000000E+02  1.13193964E+00  1.13176574E+00  1.13193964E+00
   381  3.04800000E+02  1.13193964E+00  1.13176684E+00  1.13193964E+00
 steady-height stop at step    381: changes <=   1.0000E-05, max-end <=   1.0000E-02, max/end/gap/profile_change =   1.13193964E+00  1.13176684E+00  1.72802134E-04  1.10146448E-06


STDERR:
