COMMAND:
/shared/swell_inference/datas/generate_rom_data/extrudate_swell2d_c_cluster

STDOUT:
 comppar: model =   3
 comppar: lambda,mobility/eps,betav,eta_0 =  6.4000E+00  3.6667E-01  9.0000E-01  1.0000E+00
 comppar: eta_s,eta_p,G =  9.0000E-01  1.0000E-01  1.5625E-02
 comppar: U_avg,deltat,flowrate,nsteps =  2.5000E-02  8.0000E-01  7.8540E-02     700
 comppar: geometry = axisymmetric
 comppar: steady stop change,gap,hold,min =  1.0000E-05  1.0000E-02      10      80
 comppar: ncompc,ncompg =     4     5
 mesh nnodes = 5765
 mesh nelem = 2780
 P1 BC   5.0000000000000000     
 P2 BC   0.0000000000000000     
     1  8.00000000E-01  1.00253247E+00  1.00000000E+00  1.00253247E+00
     2  1.60000000E+00  1.00503008E+00  1.00000000E+00  1.00503008E+00
     3  2.40000000E+00  1.00749222E+00  1.00000000E+00  1.00749222E+00
     4  3.20000000E+00  1.00991723E+00  1.00000000E+00  1.00991723E+00
     5  4.00000000E+00  1.01231186E+00  1.00000000E+00  1.01231186E+00
     6  4.80000000E+00  1.01466680E+00  1.00000000E+00  1.01466680E+00
     7  5.60000000E+00  1.01698584E+00  1.00000000E+00  1.01698584E+00
     8  6.40000000E+00  1.01927517E+00  1.00000000E+00  1.01927517E+00
     9  7.20000000E+00  1.02151726E+00  1.00000000E+00  1.02151726E+00
    10  8.00000000E+00  1.02374322E+00  1.00000000E+00  1.02374322E+00
    11  8.80000000E+00  1.02591953E+00  1.00000000E+00  1.02591953E+00
    12  9.60000000E+00  1.02807923E+00  1.00000000E+00  1.02807923E+00
    13  1.04000000E+01  1.03018532E+00  1.00000000E+00  1.03018532E+00
    14  1.12000000E+01  1.03228637E+00  1.00000000E+00  1.03228637E+00
    15  1.20000000E+01  1.03432947E+00  1.00000000E+00  1.03432947E+00
    16  1.28000000E+01  1.03637105E+00  1.00000000E+00  1.03637105E+00
    17  1.36000000E+01  1.03835785E+00  1.00000000E+00  1.03835785E+00
    18  1.44000000E+01  1.04032839E+00  1.00000000E+00  1.04032839E+00
    19  1.52000000E+01  1.04226991E+00  1.00000000E+00  1.04226991E+00
    20  1.60000000E+01  1.04416523E+00  1.00000000E+00  1.04416523E+00
    21  1.68000000E+01  1.04606382E+00  1.00000000E+00  1.04606382E+00
    22  1.76000000E+01  1.04790040E+00  9.99999998E-01  1.04790040E+00
    23  1.84000000E+01  1.04972782E+00  9.99999995E-01  1.04972782E+00
    24  1.92000000E+01  1.05153451E+00  9.99999992E-01  1.05153451E+00
    25  2.00000000E+01  1.05327652E+00  9.99999989E-01  1.05327652E+00
    26  2.08000000E+01  1.05504459E+00  9.99999985E-01  1.05504459E+00
    27  2.16000000E+01  1.05675893E+00  9.99999980E-01  1.05675893E+00
    28  2.24000000E+01  1.05840597E+00  9.99999974E-01  1.05840597E+00
    29  2.32000000E+01  1.06010200E+00  9.99999968E-01  1.06010200E+00
    30  2.40000000E+01  1.06173713E+00  9.99999961E-01  1.06173713E+00
    31  2.48000000E+01  1.06330326E+00  9.99999953E-01  1.06330326E+00
    32  2.56000000E+01  1.06492389E+00  9.99999943E-01  1.06492389E+00
    33  2.64000000E+01  1.06647976E+00  9.99999933E-01  1.06647976E+00
    34  2.72000000E+01  1.06796485E+00  9.99999921E-01  1.06796485E+00
    35  2.80000000E+01  1.06949049E+00  9.99999909E-01  1.06949049E+00
    36  2.88000000E+01  1.07098394E+00  9.99999894E-01  1.07098394E+00
    37  2.96000000E+01  1.07240571E+00  9.99999879E-01  1.07240571E+00
    38  3.04000000E+01  1.07382765E+00  9.99999861E-01  1.07382765E+00
    39  3.12000000E+01  1.07525885E+00  9.99999842E-01  1.07525885E+00
    40  3.20000000E+01  1.07661736E+00  9.99999822E-01  1.07661736E+00
    41  3.28000000E+01  1.07790080E+00  9.99999799E-01  1.07790080E+00
    42  3.36000000E+01  1.07928011E+00  9.99999774E-01  1.07928011E+00
    43  3.44000000E+01  1.08059647E+00  9.99999747E-01  1.08059647E+00
    44  3.52000000E+01  1.08183768E+00  9.99999717E-01  1.08183768E+00
    45  3.60000000E+01  1.08306812E+00  9.99999685E-01  1.08306812E+00
    46  3.68000000E+01  1.08434235E+00  9.99999650E-01  1.08434235E+00
    47  3.76000000E+01  1.08554122E+00  9.99999613E-01  1.08554122E+00
    48  3.84000000E+01  1.08666285E+00  9.99999572E-01  1.08666285E+00
    49  3.92000000E+01  1.08781043E+00  9.99999528E-01  1.08781043E+00
    50  4.00000000E+01  1.08899176E+00  9.99999481E-01  1.08899176E+00
    51  4.08000000E+01  1.09009638E+00  9.99999430E-01  1.09009638E+00
    52  4.16000000E+01  1.09112281E+00  9.99999376E-01  1.09112281E+00
    53  4.24000000E+01  1.09219621E+00  9.99999317E-01  1.09219621E+00
    54  4.32000000E+01  1.09328333E+00  9.99999254E-01  1.09328333E+00
    55  4.40000000E+01  1.09429264E+00  9.99999187E-01  1.09429264E+00
    56  4.48000000E+01  1.09522312E+00  9.99999114E-01  1.09522312E+00
    57  4.56000000E+01  1.09617670E+00  9.99999037E-01  1.09617670E+00
    58  4.64000000E+01  1.09719184E+00  9.99998955E-01  1.09719184E+00
    59  4.72000000E+01  1.09812894E+00  9.99998867E-01  1.09812894E+00
    60  4.80000000E+01  1.09898745E+00  9.99998773E-01  1.09898745E+00
    61  4.88000000E+01  1.09982716E+00  9.99998673E-01  1.09982716E+00
    62  4.96000000E+01  1.10076961E+00  9.99998566E-01  1.10076961E+00
    63  5.04000000E+01  1.10163385E+00  9.99998452E-01  1.10163385E+00
    64  5.12000000E+01  1.10241984E+00  9.99998332E-01  1.10241984E+00
    65  5.20000000E+01  1.10313388E+00  9.99998203E-01  1.10313388E+00
    66  5.28000000E+01  1.10400669E+00  9.99998067E-01  1.10400669E+00
    67  5.36000000E+01  1.10480185E+00  9.99997923E-01  1.10480185E+00
    68  5.44000000E+01  1.10551998E+00  9.99997769E-01  1.10551998E+00
    69  5.52000000E+01  1.10616247E+00  9.99997607E-01  1.10616247E+00
    70  5.60000000E+01  1.10694818E+00  9.99997435E-01  1.10694818E+00
    71  5.68000000E+01  1.10767371E+00  9.99997253E-01  1.10767371E+00
    72  5.76000000E+01  1.10832350E+00  9.99997060E-01  1.10832350E+00
    73  5.84000000E+01  1.10889964E+00  9.99996856E-01  1.10889964E+00
    74  5.92000000E+01  1.10959301E+00  9.99996641E-01  1.10959301E+00
    75  6.00000000E+01  1.11025227E+00  9.99996414E-01  1.11025227E+00
    76  6.08000000E+01  1.11083806E+00  9.99996174E-01  1.11083806E+00
    77  6.16000000E+01  1.11135309E+00  9.99995921E-01  1.11135309E+00
    78  6.24000000E+01  1.11197673E+00  9.99995654E-01  1.11197673E+00
    79  6.32000000E+01  1.11256932E+00  9.99995373E-01  1.11256932E+00
    80  6.40000000E+01  1.11309084E+00  9.99995076E-01  1.11309084E+00
    81  6.48000000E+01  1.11354466E+00  9.99994764E-01  1.11354466E+00
    82  6.56000000E+01  1.11410455E+00  9.99994436E-01  1.11410455E+00
    83  6.64000000E+01  1.11463539E+00  9.99994091E-01  1.11463539E+00
    84  6.72000000E+01  1.11509831E+00  9.99993728E-01  1.11509831E+00
    85  6.80000000E+01  1.11549713E+00  9.99993346E-01  1.11549713E+00
    86  6.88000000E+01  1.11600388E+00  9.99992946E-01  1.11600388E+00
    87  6.96000000E+01  1.11647290E+00  9.99992525E-01  1.11647290E+00
    88  7.04000000E+01  1.11687739E+00  9.99992084E-01  1.11687739E+00
    89  7.12000000E+01  1.11722168E+00  9.99991621E-01  1.11722168E+00
    90  7.20000000E+01  1.11769008E+00  9.99991136E-01  1.11769008E+00
    91  7.28000000E+01  1.11810325E+00  9.99990627E-01  1.11810325E+00
    92  7.36000000E+01  1.11845566E+00  9.99990094E-01  1.11845566E+00
    93  7.44000000E+01  1.11875788E+00  9.99989537E-01  1.11875788E+00
    94  7.52000000E+01  1.11917687E+00  9.99988953E-01  1.11917687E+00
    95  7.60000000E+01  1.11953463E+00  9.99988342E-01  1.11953463E+00
    96  7.68000000E+01  1.11983578E+00  9.99987704E-01  1.11983578E+00
    97  7.76000000E+01  1.12012274E+00  9.99987037E-01  1.12012274E+00
    98  7.84000000E+01  1.12048879E+00  9.99986340E-01  1.12048879E+00
    99  7.92000000E+01  1.12079758E+00  9.99985612E-01  1.12079758E+00
   100  8.00000000E+01  1.12105402E+00  9.99984853E-01  1.12105402E+00
   101  8.08000000E+01  1.12131541E+00  9.99984060E-01  1.12131541E+00
   102  8.16000000E+01  1.12162926E+00  9.99983234E-01  1.12162926E+00
   103  8.24000000E+01  1.12189022E+00  9.99982372E-01  1.12189022E+00
   104  8.32000000E+01  1.12210350E+00  9.99981475E-01  1.12210350E+00
   105  8.40000000E+01  1.12236322E+00  9.99980540E-01  1.12236322E+00
   106  8.48000000E+01  1.12263137E+00  9.99979567E-01  1.12263137E+00
   107  8.56000000E+01  1.12285102E+00  9.99978555E-01  1.12285102E+00
   108  8.64000000E+01  1.12302755E+00  9.99977502E-01  1.12302755E+00
   109  8.72000000E+01  1.12326309E+00  9.99976408E-01  1.12326309E+00
   110  8.80000000E+01  1.12348696E+00  9.99975271E-01  1.12348696E+00
   111  8.88000000E+01  1.12366712E+00  9.99974091E-01  1.12366712E+00
   112  8.96000000E+01  1.12382041E+00  9.99972865E-01  1.12382041E+00
   113  9.04000000E+01  1.12405100E+00  9.99971594E-01  1.12405100E+00
   114  9.12000000E+01  1.12423703E+00  9.99970275E-01  1.12423703E+00
   115  9.20000000E+01  1.12438398E+00  9.99968909E-01  1.12438398E+00
   116  9.28000000E+01  1.12452306E+00  9.99967493E-01  1.12452306E+00
   117  9.36000000E+01  1.12471300E+00  9.99966027E-01  1.12471300E+00
   118  9.44000000E+01  1.12486326E+00  9.99964511E-01  1.12486326E+00
   119  9.52000000E+01  1.12497943E+00  9.99962942E-01  1.12497943E+00
   120  9.60000000E+01  1.12513661E+00  9.99961321E-01  1.12513661E+00
   121  9.68000000E+01  1.12529220E+00  9.99959646E-01  1.12529220E+00
   122  9.76000000E+01  1.12541274E+00  9.99957917E-01  1.12541274E+00
   123  9.84000000E+01  1.12550375E+00  9.99956132E-01  1.12550375E+00
   124  9.92000000E+01  1.12564212E+00  9.99954292E-01  1.12564212E+00
   125  1.00000000E+02  1.12576565E+00  9.99952395E-01  1.12576565E+00
   126  1.00800000E+02  1.12585910E+00  9.99950442E-01  1.12585910E+00
   127  1.01600000E+02  1.12595616E+00  9.99948432E-01  1.12595616E+00
   128  1.02400000E+02  1.12608445E+00  9.99946365E-01  1.12608445E+00
   129  1.03200000E+02  1.12618168E+00  9.99944240E-01  1.12618168E+00
   130  1.04000000E+02  1.12625326E+00  9.99942057E-01  1.12625326E+00
   131  1.04800000E+02  1.12633639E+00  9.99939817E-01  1.12633639E+00
   132  1.05600000E+02  1.12643629E+00  9.99937521E-01  1.12643629E+00
   133  1.06400000E+02  1.12651001E+00  9.99935168E-01  1.12651001E+00
   134  1.07200000E+02  1.12656598E+00  9.99932759E-01  1.12656598E+00
   135  1.08000000E+02  1.12667003E+00  9.99930295E-01  1.12667003E+00
   136  1.08800000E+02  1.12674691E+00  9.99927777E-01  1.12674691E+00
   137  1.09600000E+02  1.12680189E+00  9.99925207E-01  1.12680189E+00
   138  1.10400000E+02  1.12684695E+00  9.99922586E-01  1.12684695E+00
   139  1.11200000E+02  1.12692618E+00  9.99919916E-01  1.12692618E+00
   140  1.12000000E+02  1.12698300E+00  9.99917199E-01  1.12698300E+00
   141  1.12800000E+02  1.12702244E+00  9.99914438E-01  1.12702244E+00
   142  1.13600000E+02  1.12709527E+00  9.99911635E-01  1.12709527E+00
   143  1.14400000E+02  1.12715461E+00  9.99908794E-01  1.12715461E+00
   144  1.15200000E+02  1.12719561E+00  9.99905918E-01  1.12719561E+00
   145  1.16000000E+02  1.12722293E+00  9.99903011E-01  1.12722293E+00
   146  1.16800000E+02  1.12727692E+00  9.99900077E-01  1.12727692E+00
   147  1.17600000E+02  1.12731947E+00  9.99897122E-01  1.12731947E+00
   148  1.18400000E+02  1.12734795E+00  9.99894151E-01  1.12734795E+00
   149  1.19200000E+02  1.12739757E+00  9.99891169E-01  1.12739757E+00
   150  1.20000000E+02  1.12744202E+00  9.99888184E-01  1.12744202E+00
   151  1.20800000E+02  1.12747145E+00  9.99885202E-01  1.12747145E+00
   152  1.21600000E+02  1.12749022E+00  9.99882231E-01  1.12749022E+00
   153  1.22400000E+02  1.12752204E+00  9.99879280E-01  1.12752204E+00
   154  1.23200000E+02  1.12755277E+00  9.99876357E-01  1.12755277E+00
   155  1.24000000E+02  1.12757248E+00  9.99873473E-01  1.12757248E+00
   156  1.24800000E+02  1.12760686E+00  9.99870639E-01  1.12760686E+00
   157  1.25600000E+02  1.12763886E+00  9.99867866E-01  1.12763886E+00
   158  1.26400000E+02  1.12765895E+00  9.99865167E-01  1.12765895E+00
   159  1.27200000E+02  1.12767110E+00  9.99862556E-01  1.12767110E+00
   160  1.28000000E+02  1.12768799E+00  9.99860047E-01  1.12768799E+00
   161  1.28800000E+02  1.12770914E+00  9.99857656E-01  1.12770914E+00
   162  1.29600000E+02  1.12772204E+00  9.99855400E-01  1.12772204E+00
   163  1.30400000E+02  1.12774680E+00  9.99853297E-01  1.12774680E+00
   164  1.31200000E+02  1.12776862E+00  9.99851367E-01  1.12776862E+00
   165  1.32000000E+02  1.12778136E+00  9.99849630E-01  1.12778136E+00
   166  1.32800000E+02  1.12778862E+00  9.99848109E-01  1.12778862E+00
   167  1.33600000E+02  1.12779568E+00  9.99846827E-01  1.12779568E+00
   168  1.34400000E+02  1.12780927E+00  9.99845809E-01  1.12780927E+00
   169  1.35200000E+02  1.12781711E+00  9.99845084E-01  1.12781711E+00
   170  1.36000000E+02  1.12783590E+00  9.99844678E-01  1.12783590E+00
   171  1.36800000E+02  1.12784974E+00  9.99844624E-01  1.12784974E+00
   172  1.37600000E+02  1.12787103E+00  9.99844954E-01  1.12787103E+00
   173  1.38400000E+02  1.12789065E+00  9.99845703E-01  1.12789065E+00
   174  1.39200000E+02  1.12790828E+00  9.99846907E-01  1.12790828E+00
   175  1.40000000E+02  1.12792728E+00  9.99848606E-01  1.12792728E+00
   176  1.40800000E+02  1.12794728E+00  9.99850842E-01  1.12794728E+00
   177  1.41600000E+02  1.12796522E+00  9.99853658E-01  1.12796522E+00
   178  1.42400000E+02  1.12798091E+00  9.99857102E-01  1.12798091E+00
   179  1.43200000E+02  1.12799434E+00  9.99861222E-01  1.12799434E+00
   180  1.44000000E+02  1.12800690E+00  9.99866072E-01  1.12800690E+00
   181  1.44800000E+02  1.12802329E+00  9.99871706E-01  1.12802329E+00
   182  1.45600000E+02  1.12803748E+00  9.99878184E-01  1.12803748E+00
   183  1.46400000E+02  1.12804952E+00  9.99885567E-01  1.12804952E+00
   184  1.47200000E+02  1.12805959E+00  9.99893920E-01  1.12805959E+00
   185  1.48000000E+02  1.12807183E+00  9.99903314E-01  1.12807183E+00
   186  1.48800000E+02  1.12808400E+00  9.99913819E-01  1.12808400E+00
   187  1.49600000E+02  1.12809414E+00  9.99925514E-01  1.12809414E+00
   188  1.50400000E+02  1.12810251E+00  9.99938480E-01  1.12810251E+00
   189  1.51200000E+02  1.12810940E+00  9.99952800E-01  1.12810940E+00
   190  1.52000000E+02  1.12811913E+00  9.99968566E-01  1.12811913E+00
   191  1.52800000E+02  1.12812809E+00  9.99985872E-01  1.12812809E+00
   192  1.53600000E+02  1.12813546E+00  1.00000482E+00  1.12813546E+00
   193  1.54400000E+02  1.12814153E+00  1.00002551E+00  1.12814153E+00
   194  1.55200000E+02  1.12814660E+00  1.00004805E+00  1.12814660E+00
   195  1.56000000E+02  1.12815398E+00  1.00007256E+00  1.12815398E+00
   196  1.56800000E+02  1.12816004E+00  1.00009916E+00  1.12816004E+00
   197  1.57600000E+02  1.12816508E+00  1.00012798E+00  1.12816508E+00
   198  1.58400000E+02  1.12816939E+00  1.00015915E+00  1.12816939E+00
   199  1.59200000E+02  1.12817318E+00  1.00019281E+00  1.12817318E+00
   200  1.60000000E+02  1.12817832E+00  1.00022911E+00  1.12817832E+00
   201  1.60800000E+02  1.12818276E+00  1.00026820E+00  1.12818276E+00
   202  1.61600000E+02  1.12818659E+00  1.00031024E+00  1.12818659E+00
   203  1.62400000E+02  1.12818999E+00  1.00035541E+00  1.12818999E+00
   204  1.63200000E+02  1.12819313E+00  1.00040387E+00  1.12819313E+00
   205  1.64000000E+02  1.12819609E+00  1.00045582E+00  1.12819609E+00
   206  1.64800000E+02  1.12819893E+00  1.00051144E+00  1.12819893E+00
   207  1.65600000E+02  1.12820167E+00  1.00057094E+00  1.12820167E+00
   208  1.66400000E+02  1.12820430E+00  1.00063453E+00  1.12820430E+00
   209  1.67200000E+02  1.12820680E+00  1.00070243E+00  1.12820680E+00
   210  1.68000000E+02  1.12820934E+00  1.00077487E+00  1.12820934E+00
   211  1.68800000E+02  1.12821203E+00  1.00085208E+00  1.12821203E+00
   212  1.69600000E+02  1.12821459E+00  1.00093433E+00  1.12821459E+00
   213  1.70400000E+02  1.12821699E+00  1.00102186E+00  1.12821699E+00
   214  1.71200000E+02  1.12821919E+00  1.00111495E+00  1.12821919E+00
   215  1.72000000E+02  1.12822118E+00  1.00121388E+00  1.12822118E+00
   216  1.72800000E+02  1.12822294E+00  1.00131895E+00  1.12822294E+00
   217  1.73600000E+02  1.12822448E+00  1.00143047E+00  1.12822448E+00
   218  1.74400000E+02  1.12822579E+00  1.00154874E+00  1.12822579E+00
   219  1.75200000E+02  1.12822691E+00  1.00167410E+00  1.12822691E+00
   220  1.76000000E+02  1.12822839E+00  1.00180690E+00  1.12822839E+00
   221  1.76800000E+02  1.12822976E+00  1.00194749E+00  1.12822976E+00
   222  1.77600000E+02  1.12823092E+00  1.00209623E+00  1.12823092E+00
   223  1.78400000E+02  1.12823190E+00  1.00225353E+00  1.12823190E+00
   224  1.79200000E+02  1.12823271E+00  1.00241976E+00  1.12823271E+00
   225  1.80000000E+02  1.12823338E+00  1.00259535E+00  1.12823338E+00
   226  1.80800000E+02  1.12823393E+00  1.00278071E+00  1.12823393E+00
   227  1.81600000E+02  1.12823438E+00  1.00297630E+00  1.12823438E+00
   228  1.82400000E+02  1.12823475E+00  1.00318256E+00  1.12823475E+00
   229  1.83200000E+02  1.12823506E+00  1.00339996E+00  1.12823506E+00
   230  1.84000000E+02  1.12823532E+00  1.00362900E+00  1.12823532E+00
   231  1.84800000E+02  1.12823570E+00  1.00387018E+00  1.12823570E+00
   232  1.85600000E+02  1.12823601E+00  1.00412400E+00  1.12823601E+00
   233  1.86400000E+02  1.12823626E+00  1.00439101E+00  1.12823626E+00
   234  1.87200000E+02  1.12823647E+00  1.00467174E+00  1.12823647E+00
   235  1.88000000E+02  1.12823664E+00  1.00496678E+00  1.12823664E+00
   236  1.88800000E+02  1.12823677E+00  1.00527668E+00  1.12823677E+00
   237  1.89600000E+02  1.12823687E+00  1.00560206E+00  1.12823687E+00
   238  1.90400000E+02  1.12823694E+00  1.00594351E+00  1.12823694E+00
   239  1.91200000E+02  1.12823697E+00  1.00630166E+00  1.12823697E+00
   240  1.92000000E+02  1.12823698E+00  1.00667715E+00  1.12823698E+00
   241  1.92800000E+02  1.12823696E+00  1.00707064E+00  1.12823696E+00
   242  1.93600000E+02  1.12823693E+00  1.00748279E+00  1.12823693E+00
   243  1.94400000E+02  1.12823687E+00  1.00791427E+00  1.12823687E+00
   244  1.95200000E+02  1.12823679E+00  1.00836579E+00  1.12823679E+00
   245  1.96000000E+02  1.12823670E+00  1.00883804E+00  1.12823670E+00
   246  1.96800000E+02  1.12823660E+00  1.00933174E+00  1.12823660E+00
   247  1.97600000E+02  1.12823648E+00  1.00984762E+00  1.12823648E+00
   248  1.98400000E+02  1.12823636E+00  1.01038640E+00  1.12823636E+00
   249  1.99200000E+02  1.12823624E+00  1.01094882E+00  1.12823624E+00
   250  2.00000000E+02  1.12823611E+00  1.01153564E+00  1.12823611E+00
   251  2.00800000E+02  1.12823598E+00  1.01214761E+00  1.12823598E+00
   252  2.01600000E+02  1.12823585E+00  1.01278547E+00  1.12823585E+00
   253  2.02400000E+02  1.12823571E+00  1.01344999E+00  1.12823571E+00
   254  2.03200000E+02  1.12823558E+00  1.01414192E+00  1.12823558E+00
   255  2.04000000E+02  1.12823545E+00  1.01486200E+00  1.12823545E+00
   256  2.04800000E+02  1.12823532E+00  1.01561099E+00  1.12823532E+00
   257  2.05600000E+02  1.12823519E+00  1.01638963E+00  1.12823519E+00
   258  2.06400000E+02  1.12823506E+00  1.01719863E+00  1.12823506E+00
   259  2.07200000E+02  1.12823494E+00  1.01803871E+00  1.12823494E+00
   260  2.08000000E+02  1.12823482E+00  1.01891057E+00  1.12823482E+00
   261  2.08800000E+02  1.12823470E+00  1.01981488E+00  1.12823470E+00
   262  2.09600000E+02  1.12823458E+00  1.02075229E+00  1.12823458E+00
   263  2.10400000E+02  1.12823447E+00  1.02172343E+00  1.12823447E+00
   264  2.11200000E+02  1.12823436E+00  1.02272890E+00  1.12823436E+00
   265  2.12000000E+02  1.12823426E+00  1.02376923E+00  1.12823426E+00
   266  2.12800000E+02  1.12823416E+00  1.02484497E+00  1.12823416E+00
   267  2.13600000E+02  1.12823406E+00  1.02595657E+00  1.12823406E+00
   268  2.14400000E+02  1.12823397E+00  1.02710446E+00  1.12823397E+00
   269  2.15200000E+02  1.12823388E+00  1.02828903E+00  1.12823388E+00
   270  2.16000000E+02  1.12823379E+00  1.02951057E+00  1.12823379E+00
   271  2.16800000E+02  1.12823371E+00  1.03076934E+00  1.12823371E+00
   272  2.17600000E+02  1.12823364E+00  1.03206554E+00  1.12823364E+00
   273  2.18400000E+02  1.12823356E+00  1.03339926E+00  1.12823356E+00
   274  2.19200000E+02  1.12823349E+00  1.03477055E+00  1.12823349E+00
   275  2.20000000E+02  1.12823342E+00  1.03617935E+00  1.12823342E+00
   276  2.20800000E+02  1.12823336E+00  1.03762553E+00  1.12823336E+00
   277  2.21600000E+02  1.12823330E+00  1.03910886E+00  1.12823330E+00
   278  2.22400000E+02  1.12823324E+00  1.04062901E+00  1.12823324E+00
   279  2.23200000E+02  1.12823319E+00  1.04218556E+00  1.12823319E+00
   280  2.24000000E+02  1.12823314E+00  1.04377797E+00  1.12823314E+00
   281  2.24800000E+02  1.12823309E+00  1.04540559E+00  1.12823309E+00
   282  2.25600000E+02  1.12823304E+00  1.04706766E+00  1.12823304E+00
   283  2.26400000E+02  1.12823300E+00  1.04876330E+00  1.12823300E+00
   284  2.27200000E+02  1.12823296E+00  1.05049150E+00  1.12823296E+00
   285  2.28000000E+02  1.12823292E+00  1.05225114E+00  1.12823292E+00
   286  2.28800000E+02  1.12823288E+00  1.05404095E+00  1.12823288E+00
   287  2.29600000E+02  1.12823285E+00  1.05585956E+00  1.12823285E+00
   288  2.30400000E+02  1.12823282E+00  1.05770543E+00  1.12823282E+00
   289  2.31200000E+02  1.12823279E+00  1.05957691E+00  1.12823279E+00
   290  2.32000000E+02  1.12823276E+00  1.06147222E+00  1.12823276E+00
   291  2.32800000E+02  1.12823273E+00  1.06338944E+00  1.12823273E+00
   292  2.33600000E+02  1.12823271E+00  1.06532651E+00  1.12823271E+00
   293  2.34400000E+02  1.12823269E+00  1.06728125E+00  1.12823269E+00
   294  2.35200000E+02  1.12823266E+00  1.06925136E+00  1.12823266E+00
   295  2.36000000E+02  1.12823264E+00  1.07123440E+00  1.12823264E+00
   296  2.36800000E+02  1.12823262E+00  1.07322780E+00  1.12823262E+00
   297  2.37600000E+02  1.12823261E+00  1.07522891E+00  1.12823261E+00
   298  2.38400000E+02  1.12823259E+00  1.07723493E+00  1.12823259E+00
   299  2.39200000E+02  1.12823257E+00  1.07924298E+00  1.12823257E+00
   300  2.40000000E+02  1.12823256E+00  1.08125007E+00  1.12823256E+00
   301  2.40800000E+02  1.12823255E+00  1.08325312E+00  1.12823255E+00
   302  2.41600000E+02  1.12823253E+00  1.08524898E+00  1.12823253E+00
   303  2.42400000E+02  1.12823252E+00  1.08723440E+00  1.12823252E+00
   304  2.43200000E+02  1.12823251E+00  1.08920609E+00  1.12823251E+00
   305  2.44000000E+02  1.12823250E+00  1.09116070E+00  1.12823250E+00
   306  2.44800000E+02  1.12823249E+00  1.09309483E+00  1.12823249E+00
   307  2.45600000E+02  1.12823248E+00  1.09500505E+00  1.12823248E+00
   308  2.46400000E+02  1.12823247E+00  1.09688792E+00  1.12823247E+00
   309  2.47200000E+02  1.12823247E+00  1.09873997E+00  1.12823247E+00
   310  2.48000000E+02  1.12823246E+00  1.10055778E+00  1.12823246E+00
   311  2.48800000E+02  1.12823245E+00  1.10233792E+00  1.12823245E+00
   312  2.49600000E+02  1.12823245E+00  1.10407700E+00  1.12823245E+00
   313  2.50400000E+02  1.12823244E+00  1.10577170E+00  1.12823244E+00
   314  2.51200000E+02  1.12823244E+00  1.10741877E+00  1.12823244E+00
   315  2.52000000E+02  1.12823243E+00  1.10901505E+00  1.12823243E+00
   316  2.52800000E+02  1.12823243E+00  1.11055749E+00  1.12823243E+00
   317  2.53600000E+02  1.12823242E+00  1.11204317E+00  1.12823242E+00
   318  2.54400000E+02  1.12823242E+00  1.11346934E+00  1.12823242E+00
   319  2.55200000E+02  1.12823241E+00  1.11483341E+00  1.12823241E+00
   320  2.56000000E+02  1.12823241E+00  1.11613302E+00  1.12823241E+00
   321  2.56800000E+02  1.12823241E+00  1.11736602E+00  1.12823241E+00
   322  2.57600000E+02  1.12823240E+00  1.11853054E+00  1.12823240E+00
   323  2.58400000E+02  1.12823240E+00  1.11962499E+00  1.12823240E+00
   324  2.59200000E+02  1.12823240E+00  1.12064813E+00  1.12823240E+00
   325  2.60000000E+02  1.12823240E+00  1.12159905E+00  1.12823240E+00
   326  2.60800000E+02  1.12823239E+00  1.12247724E+00  1.12823239E+00
   327  2.61600000E+02  1.12823239E+00  1.12328263E+00  1.12823239E+00
   328  2.62400000E+02  1.12823239E+00  1.12401559E+00  1.12823239E+00
   329  2.63200000E+02  1.12823239E+00  1.12467694E+00  1.12823239E+00
   330  2.64000000E+02  1.12823239E+00  1.12526805E+00  1.12823239E+00
   331  2.64800000E+02  1.12823239E+00  1.12579073E+00  1.12823239E+00
   332  2.65600000E+02  1.12823238E+00  1.12624737E+00  1.12823238E+00
   333  2.66400000E+02  1.12823238E+00  1.12664079E+00  1.12823238E+00
   334  2.67200000E+02  1.12823238E+00  1.12697435E+00  1.12823238E+00
   335  2.68000000E+02  1.12823238E+00  1.12725184E+00  1.12823238E+00
   336  2.68800000E+02  1.12823238E+00  1.12747743E+00  1.12823238E+00
   337  2.69600000E+02  1.12823238E+00  1.12765568E+00  1.12823238E+00
   338  2.70400000E+02  1.12823238E+00  1.12779140E+00  1.12823238E+00
   339  2.71200000E+02  1.12823238E+00  1.12788961E+00  1.12823238E+00
   340  2.72000000E+02  1.12823238E+00  1.12795541E+00  1.12823238E+00
   341  2.72800000E+02  1.12823238E+00  1.12799395E+00  1.12823238E+00
   342  2.73600000E+02  1.12823238E+00  1.12801027E+00  1.12823238E+00
   343  2.74400000E+02  1.12823238E+00  1.12800922E+00  1.12823238E+00
   344  2.75200000E+02  1.12823237E+00  1.12799538E+00  1.12823237E+00
   345  2.76000000E+02  1.12823237E+00  1.12797298E+00  1.12823237E+00
   346  2.76800000E+02  1.12823237E+00  1.12794578E+00  1.12823237E+00
   347  2.77600000E+02  1.12823237E+00  1.12791705E+00  1.12823237E+00
   348  2.78400000E+02  1.12823237E+00  1.12788954E+00  1.12823237E+00
   349  2.79200000E+02  1.12823237E+00  1.12786541E+00  1.12823237E+00
   350  2.80000000E+02  1.12823237E+00  1.12784626E+00  1.12823237E+00
   351  2.80800000E+02  1.12823237E+00  1.12783312E+00  1.12823237E+00
   352  2.81600000E+02  1.12823237E+00  1.12782654E+00  1.12823237E+00
   353  2.82400000E+02  1.12823237E+00  1.12782657E+00  1.12823237E+00
   354  2.83200000E+02  1.12823237E+00  1.12783286E+00  1.12823237E+00
   355  2.84000000E+02  1.12823237E+00  1.12784475E+00  1.12823237E+00
   356  2.84800000E+02  1.12823237E+00  1.12786134E+00  1.12823237E+00
   357  2.85600000E+02  1.12823237E+00  1.12788154E+00  1.12823237E+00
   358  2.86400000E+02  1.12823237E+00  1.12790422E+00  1.12823237E+00
   359  2.87200000E+02  1.12823237E+00  1.12792822E+00  1.12823237E+00
   360  2.88000000E+02  1.12823237E+00  1.12795246E+00  1.12823237E+00
   361  2.88800000E+02  1.12823237E+00  1.12797598E+00  1.12823237E+00
   362  2.89600000E+02  1.12823237E+00  1.12799798E+00  1.12823237E+00
   363  2.90400000E+02  1.12823237E+00  1.12801783E+00  1.12823237E+00
   364  2.91200000E+02  1.12823237E+00  1.12803513E+00  1.12823237E+00
   365  2.92000000E+02  1.12823237E+00  1.12804965E+00  1.12823237E+00
   366  2.92800000E+02  1.12823237E+00  1.12806133E+00  1.12823237E+00
   367  2.93600000E+02  1.12823237E+00  1.12807030E+00  1.12823237E+00
   368  2.94400000E+02  1.12823237E+00  1.12807680E+00  1.12823237E+00
   369  2.95200000E+02  1.12823237E+00  1.12808115E+00  1.12823237E+00
   370  2.96000000E+02  1.12823237E+00  1.12808375E+00  1.12823237E+00
   371  2.96800000E+02  1.12823237E+00  1.12808500E+00  1.12823237E+00
   372  2.97600000E+02  1.12823237E+00  1.12808530E+00  1.12823237E+00
   373  2.98400000E+02  1.12823237E+00  1.12808503E+00  1.12823237E+00
   374  2.99200000E+02  1.12823237E+00  1.12808450E+00  1.12823237E+00
   375  3.00000000E+02  1.12823237E+00  1.12808396E+00  1.12823237E+00
   376  3.00800000E+02  1.12823237E+00  1.12808361E+00  1.12823237E+00
 steady-height stop at step    376: changes <=   1.0000E-05, max-end <=   1.0000E-02, max/end/gap/profile_change =   1.12823237E+00  1.12808361E+00  1.48757471E-04  1.50601777E-06


STDERR:
