COMMAND:
/shared/swell_inference/datas/generate_rom_data/extrudate_swell2d_c_cluster

STDOUT:
 comppar: model =   3
 comppar: lambda,mobility/eps,betav,eta_0 =  6.4000E+00  1.0000E-01  1.0000E-01  1.0000E+00
 comppar: eta_s,eta_p,G =  1.0000E-01  9.0000E-01  1.4062E-01
 comppar: U_avg,deltat,flowrate,nsteps =  2.5000E-02  8.0000E-01  7.8540E-02     700
 comppar: geometry = axisymmetric
 comppar: steady stop change,gap,hold,min =  1.0000E-05  1.0000E-02      10      80
 comppar: ncompc,ncompg =     4     5
 mesh nnodes = 5765
 mesh nelem = 2780
 P1 BC   5.0000000000000000     
 P2 BC   0.0000000000000000     
     1  8.00000000E-01  1.00252543E+00  1.00000000E+00  1.00252543E+00
     2  1.60000000E+00  1.00496963E+00  1.00000000E+00  1.00496963E+00
     3  2.40000000E+00  1.00731063E+00  1.00000000E+00  1.00731063E+00
     4  3.20000000E+00  1.00958701E+00  1.00000000E+00  1.00958701E+00
     5  4.00000000E+00  1.01181344E+00  1.00000000E+00  1.01181344E+00
     6  4.80000000E+00  1.01400233E+00  1.00000000E+00  1.01400233E+00
     7  5.60000000E+00  1.01615776E+00  1.00000000E+00  1.01615776E+00
     8  6.40000000E+00  1.01830062E+00  1.00000000E+00  1.01830062E+00
     9  7.20000000E+00  1.02042630E+00  1.00000000E+00  1.02042630E+00
    10  8.00000000E+00  1.02253637E+00  1.00000001E+00  1.02253637E+00
    11  8.80000000E+00  1.02463390E+00  1.00000001E+00  1.02463390E+00
    12  9.60000000E+00  1.02672133E+00  1.00000001E+00  1.02672133E+00
    13  1.04000000E+01  1.02878648E+00  1.00000001E+00  1.02878648E+00
    14  1.12000000E+01  1.03085102E+00  1.00000001E+00  1.03085102E+00
    15  1.20000000E+01  1.03287715E+00  1.00000001E+00  1.03287715E+00
    16  1.28000000E+01  1.03490951E+00  1.00000001E+00  1.03490951E+00
    17  1.36000000E+01  1.03691651E+00  1.00000001E+00  1.03691651E+00
    18  1.44000000E+01  1.03888903E+00  1.00000001E+00  1.03888903E+00
    19  1.52000000E+01  1.04087523E+00  1.00000001E+00  1.04087523E+00
    20  1.60000000E+01  1.04281682E+00  1.00000001E+00  1.04281682E+00
    21  1.68000000E+01  1.04473243E+00  1.00000001E+00  1.04473243E+00
    22  1.76000000E+01  1.04665964E+00  1.00000001E+00  1.04665964E+00
    23  1.84000000E+01  1.04853796E+00  1.00000000E+00  1.04853796E+00
    24  1.92000000E+01  1.05038154E+00  1.00000000E+00  1.05038154E+00
    25  2.00000000E+01  1.05224333E+00  1.00000000E+00  1.05224333E+00
    26  2.08000000E+01  1.05405221E+00  9.99999997E-01  1.05405221E+00
    27  2.16000000E+01  1.05580469E+00  9.99999993E-01  1.05580469E+00
    28  2.24000000E+01  1.05757156E+00  9.99999989E-01  1.05757156E+00
    29  2.32000000E+01  1.05931734E+00  9.99999983E-01  1.05931734E+00
    30  2.40000000E+01  1.06100410E+00  9.99999977E-01  1.06100410E+00
    31  2.48000000E+01  1.06267614E+00  9.99999971E-01  1.06267614E+00
    32  2.56000000E+01  1.06435565E+00  9.99999963E-01  1.06435565E+00
    33  2.64000000E+01  1.06597369E+00  9.99999954E-01  1.06597369E+00
    34  2.72000000E+01  1.06754139E+00  9.99999944E-01  1.06754139E+00
    35  2.80000000E+01  1.06916787E+00  9.99999933E-01  1.06916787E+00
    36  2.88000000E+01  1.07073140E+00  9.99999921E-01  1.07073140E+00
    37  2.96000000E+01  1.07222940E+00  9.99999908E-01  1.07222940E+00
    38  3.04000000E+01  1.07374483E+00  9.99999893E-01  1.07374483E+00
    39  3.12000000E+01  1.07525298E+00  9.99999876E-01  1.07525298E+00
    40  3.20000000E+01  1.07669441E+00  9.99999858E-01  1.07669441E+00
    41  3.28000000E+01  1.07806712E+00  9.99999838E-01  1.07806712E+00
    42  3.36000000E+01  1.07948668E+00  9.99999817E-01  1.07948668E+00
    43  3.44000000E+01  1.08089089E+00  9.99999793E-01  1.08089089E+00
    44  3.52000000E+01  1.08222640E+00  9.99999767E-01  1.08222640E+00
    45  3.60000000E+01  1.08349195E+00  9.99999739E-01  1.08349195E+00
    46  3.68000000E+01  1.08482823E+00  9.99999709E-01  1.08482823E+00
    47  3.76000000E+01  1.08612608E+00  9.99999676E-01  1.08612608E+00
    48  3.84000000E+01  1.08735405E+00  9.99999641E-01  1.08735405E+00
    49  3.92000000E+01  1.08851178E+00  9.99999602E-01  1.08851178E+00
    50  4.00000000E+01  1.08973666E+00  9.99999561E-01  1.08973666E+00
    51  4.08000000E+01  1.09095021E+00  9.99999516E-01  1.09095021E+00
    52  4.16000000E+01  1.09209435E+00  9.99999468E-01  1.09209435E+00
    53  4.24000000E+01  1.09316951E+00  9.99999416E-01  1.09316951E+00
    54  4.32000000E+01  1.09427527E+00  9.99999361E-01  1.09427527E+00
    55  4.40000000E+01  1.09540463E+00  9.99999301E-01  1.09540463E+00
    56  4.48000000E+01  1.09646550E+00  9.99999237E-01  1.09646550E+00
    57  4.56000000E+01  1.09745913E+00  9.99999169E-01  1.09745913E+00
    58  4.64000000E+01  1.09839136E+00  9.99999096E-01  1.09839136E+00
    59  4.72000000E+01  1.09945934E+00  9.99999018E-01  1.09945934E+00
    60  4.80000000E+01  1.10046041E+00  9.99998934E-01  1.10046041E+00
    61  4.88000000E+01  1.10139635E+00  9.99998845E-01  1.10139635E+00
    62  4.96000000E+01  1.10226972E+00  9.99998751E-01  1.10226972E+00
    63  5.04000000E+01  1.10316853E+00  9.99998650E-01  1.10316853E+00
    64  5.12000000E+01  1.10410954E+00  9.99998542E-01  1.10410954E+00
    65  5.20000000E+01  1.10498760E+00  9.99998428E-01  1.10498760E+00
    66  5.28000000E+01  1.10580584E+00  9.99998306E-01  1.10580584E+00
    67  5.36000000E+01  1.10656824E+00  9.99998177E-01  1.10656824E+00
    68  5.44000000E+01  1.10742204E+00  9.99998040E-01  1.10742204E+00
    69  5.52000000E+01  1.10824914E+00  9.99997895E-01  1.10824914E+00
    70  5.60000000E+01  1.10902005E+00  9.99997741E-01  1.10902005E+00
    71  5.68000000E+01  1.10973941E+00  9.99997578E-01  1.10973941E+00
    72  5.76000000E+01  1.11042866E+00  9.99997405E-01  1.11042866E+00
    73  5.84000000E+01  1.11120466E+00  9.99997222E-01  1.11120466E+00
    74  5.92000000E+01  1.11192813E+00  9.99997029E-01  1.11192813E+00
    75  6.00000000E+01  1.11260433E+00  9.99996824E-01  1.11260433E+00
    76  6.08000000E+01  1.11323908E+00  9.99996608E-01  1.11323908E+00
    77  6.16000000E+01  1.11388033E+00  9.99996380E-01  1.11388033E+00
    78  6.24000000E+01  1.11456417E+00  9.99996140E-01  1.11456417E+00
    79  6.32000000E+01  1.11520552E+00  9.99995886E-01  1.11520552E+00
    80  6.40000000E+01  1.11580996E+00  9.99995618E-01  1.11580996E+00
    81  6.48000000E+01  1.11638265E+00  9.99995336E-01  1.11638265E+00
    82  6.56000000E+01  1.11693178E+00  9.99995039E-01  1.11693178E+00
    83  6.64000000E+01  1.11753838E+00  9.99994727E-01  1.11753838E+00
    84  6.72000000E+01  1.11811288E+00  9.99994398E-01  1.11811288E+00
    85  6.80000000E+01  1.11865990E+00  9.99994052E-01  1.11865990E+00
    86  6.88000000E+01  1.11918266E+00  9.99993688E-01  1.11918266E+00
    87  6.96000000E+01  1.11968260E+00  9.99993306E-01  1.11968260E+00
    88  7.04000000E+01  1.12021017E+00  9.99992905E-01  1.12021017E+00
    89  7.12000000E+01  1.12073373E+00  9.99992484E-01  1.12073373E+00
    90  7.20000000E+01  1.12123296E+00  9.99992042E-01  1.12123296E+00
    91  7.28000000E+01  1.12170791E+00  9.99991578E-01  1.12170791E+00
    92  7.36000000E+01  1.12215702E+00  9.99991092E-01  1.12215702E+00
    93  7.44000000E+01  1.12258599E+00  9.99990583E-01  1.12258599E+00
    94  7.52000000E+01  1.12306483E+00  9.99990049E-01  1.12306483E+00
    95  7.60000000E+01  1.12351875E+00  9.99989490E-01  1.12351875E+00
    96  7.68000000E+01  1.12394493E+00  9.99988906E-01  1.12394493E+00
    97  7.76000000E+01  1.12433967E+00  9.99988294E-01  1.12433967E+00
    98  7.84000000E+01  1.12472021E+00  9.99987655E-01  1.12472021E+00
    99  7.92000000E+01  1.12514542E+00  9.99986986E-01  1.12514542E+00
   100  8.00000000E+01  1.12554025E+00  9.99986288E-01  1.12554025E+00
   101  8.08000000E+01  1.12590147E+00  9.99985559E-01  1.12590147E+00
   102  8.16000000E+01  1.12622615E+00  9.99984798E-01  1.12622615E+00
   103  8.24000000E+01  1.12659404E+00  9.99984003E-01  1.12659404E+00
   104  8.32000000E+01  1.12696186E+00  9.99983175E-01  1.12696186E+00
   105  8.40000000E+01  1.12729323E+00  9.99982311E-01  1.12729323E+00
   106  8.48000000E+01  1.12758575E+00  9.99981412E-01  1.12758575E+00
   107  8.56000000E+01  1.12787607E+00  9.99980474E-01  1.12787607E+00
   108  8.64000000E+01  1.12821054E+00  9.99979498E-01  1.12821054E+00
   109  8.72000000E+01  1.12850803E+00  9.99978482E-01  1.12850803E+00
   110  8.80000000E+01  1.12876728E+00  9.99977426E-01  1.12876728E+00
   111  8.88000000E+01  1.12901733E+00  9.99976327E-01  1.12901733E+00
   112  8.96000000E+01  1.12932139E+00  9.99975185E-01  1.12932139E+00
   113  9.04000000E+01  1.12958679E+00  9.99973998E-01  1.12958679E+00
   114  9.12000000E+01  1.12981329E+00  9.99972766E-01  1.12981329E+00
   115  9.20000000E+01  1.13001241E+00  9.99971487E-01  1.13001241E+00
   116  9.28000000E+01  1.13028374E+00  9.99970161E-01  1.13028374E+00
   117  9.36000000E+01  1.13051757E+00  9.99968785E-01  1.13051757E+00
   118  9.44000000E+01  1.13071467E+00  9.99967360E-01  1.13071467E+00
   119  9.52000000E+01  1.13089366E+00  9.99965883E-01  1.13089366E+00
   120  9.60000000E+01  1.13113329E+00  9.99964354E-01  1.13113329E+00
   121  9.68000000E+01  1.13133543E+00  9.99962771E-01  1.13133543E+00
   122  9.76000000E+01  1.13150202E+00  9.99961135E-01  1.13150202E+00
   123  9.84000000E+01  1.13164988E+00  9.99959443E-01  1.13164988E+00
   124  9.92000000E+01  1.13185973E+00  9.99957695E-01  1.13185973E+00
   125  1.00000000E+02  1.13203456E+00  9.99955889E-01  1.13203456E+00
   126  1.00800000E+02  1.13217695E+00  9.99954026E-01  1.13217695E+00
   127  1.01600000E+02  1.13231416E+00  9.99952105E-01  1.13231416E+00
   128  1.02400000E+02  1.13249363E+00  9.99950124E-01  1.13249363E+00
   129  1.03200000E+02  1.13263975E+00  9.99948083E-01  1.13263975E+00
   130  1.04000000E+02  1.13275609E+00  9.99945982E-01  1.13275609E+00
   131  1.04800000E+02  1.13287811E+00  9.99943820E-01  1.13287811E+00
   132  1.05600000E+02  1.13303232E+00  9.99941598E-01  1.13303232E+00
   133  1.06400000E+02  1.13315636E+00  9.99939314E-01  1.13315636E+00
   134  1.07200000E+02  1.13325404E+00  9.99936969E-01  1.13325404E+00
   135  1.08000000E+02  1.13336484E+00  9.99934563E-01  1.13336484E+00
   136  1.08800000E+02  1.13349225E+00  9.99932097E-01  1.13349225E+00
   137  1.09600000E+02  1.13359243E+00  9.99929571E-01  1.13359243E+00
   138  1.10400000E+02  1.13366977E+00  9.99926985E-01  1.13366977E+00
   139  1.11200000E+02  1.13377518E+00  9.99924340E-01  1.13377518E+00
   140  1.12000000E+02  1.13388254E+00  9.99921639E-01  1.13388254E+00
   141  1.12800000E+02  1.13396600E+00  9.99918881E-01  1.13396600E+00
   142  1.13600000E+02  1.13402985E+00  9.99916068E-01  1.13402985E+00
   143  1.14400000E+02  1.13412012E+00  9.99913203E-01  1.13412012E+00
   144  1.15200000E+02  1.13420577E+00  9.99910287E-01  1.13420577E+00
   145  1.16000000E+02  1.13427112E+00  9.99907324E-01  1.13427112E+00
   146  1.16800000E+02  1.13432066E+00  9.99904315E-01  1.13432066E+00
   147  1.17600000E+02  1.13441290E+00  9.99901264E-01  1.13441290E+00
   148  1.18400000E+02  1.13448364E+00  9.99898175E-01  1.13448364E+00
   149  1.19200000E+02  1.13453712E+00  9.99895051E-01  1.13453712E+00
   150  1.20000000E+02  1.13457746E+00  9.99891897E-01  1.13457746E+00
   151  1.20800000E+02  1.13464964E+00  9.99888719E-01  1.13464964E+00
   152  1.21600000E+02  1.13470440E+00  9.99885521E-01  1.13470440E+00
   153  1.22400000E+02  1.13474554E+00  9.99882309E-01  1.13474554E+00
   154  1.23200000E+02  1.13479446E+00  9.99879091E-01  1.13479446E+00
   155  1.24000000E+02  1.13485390E+00  9.99875874E-01  1.13485390E+00
   156  1.24800000E+02  1.13489830E+00  9.99872665E-01  1.13489830E+00
   157  1.25600000E+02  1.13493156E+00  9.99869473E-01  1.13493156E+00
   158  1.26400000E+02  1.13496426E+00  9.99866308E-01  1.13496426E+00
   159  1.27200000E+02  1.13500973E+00  9.99863179E-01  1.13500973E+00
   160  1.28000000E+02  1.13504365E+00  9.99860098E-01  1.13504365E+00
   161  1.28800000E+02  1.13506966E+00  9.99857077E-01  1.13506966E+00
   162  1.29600000E+02  1.13511239E+00  9.99854127E-01  1.13511239E+00
   163  1.30400000E+02  1.13514888E+00  9.99851264E-01  1.13514888E+00
   164  1.31200000E+02  1.13517609E+00  9.99848501E-01  1.13517609E+00
   165  1.32000000E+02  1.13519721E+00  9.99845854E-01  1.13519721E+00
   166  1.32800000E+02  1.13521911E+00  9.99843341E-01  1.13521911E+00
   167  1.33600000E+02  1.13524686E+00  9.99840980E-01  1.13524686E+00
   168  1.34400000E+02  1.13526831E+00  9.99838790E-01  1.13526831E+00
   169  1.35200000E+02  1.13528743E+00  9.99836793E-01  1.13528743E+00
   170  1.36000000E+02  1.13531711E+00  9.99835011E-01  1.13531711E+00
   171  1.36800000E+02  1.13533920E+00  9.99833468E-01  1.13533920E+00
   172  1.37600000E+02  1.13535661E+00  9.99832189E-01  1.13535661E+00
   173  1.38400000E+02  1.13537158E+00  9.99831203E-01  1.13537158E+00
   174  1.39200000E+02  1.13538573E+00  9.99830538E-01  1.13538573E+00
   175  1.40000000E+02  1.13540003E+00  9.99830226E-01  1.13540003E+00
   176  1.40800000E+02  1.13541494E+00  9.99830299E-01  1.13541494E+00
   177  1.41600000E+02  1.13543045E+00  9.99830793E-01  1.13543045E+00
   178  1.42400000E+02  1.13544630E+00  9.99831745E-01  1.13544630E+00
   179  1.43200000E+02  1.13546203E+00  9.99833194E-01  1.13546203E+00
   180  1.44000000E+02  1.13547712E+00  9.99835183E-01  1.13547712E+00
   181  1.44800000E+02  1.13549111E+00  9.99837755E-01  1.13549111E+00
   182  1.45600000E+02  1.13550672E+00  9.99840958E-01  1.13550672E+00
   183  1.46400000E+02  1.13552251E+00  9.99844840E-01  1.13552251E+00
   184  1.47200000E+02  1.13553716E+00  9.99849456E-01  1.13553716E+00
   185  1.48000000E+02  1.13555025E+00  9.99854860E-01  1.13555025E+00
   186  1.48800000E+02  1.13556152E+00  9.99861112E-01  1.13556152E+00
   187  1.49600000E+02  1.13557089E+00  9.99868272E-01  1.13557089E+00
   188  1.50400000E+02  1.13558356E+00  9.99876407E-01  1.13558356E+00
   189  1.51200000E+02  1.13559520E+00  9.99885587E-01  1.13559520E+00
   190  1.52000000E+02  1.13560514E+00  9.99895884E-01  1.13560514E+00
   191  1.52800000E+02  1.13561331E+00  9.99907376E-01  1.13561331E+00
   192  1.53600000E+02  1.13562076E+00  9.99920143E-01  1.13562076E+00
   193  1.54400000E+02  1.13563113E+00  9.99934272E-01  1.13563113E+00
   194  1.55200000E+02  1.13563963E+00  9.99949853E-01  1.13563963E+00
   195  1.56000000E+02  1.13564632E+00  9.99966980E-01  1.13564632E+00
   196  1.56800000E+02  1.13565139E+00  9.99985755E-01  1.13565139E+00
   197  1.57600000E+02  1.13565643E+00  1.00000628E+00  1.13565643E+00
   198  1.58400000E+02  1.13566380E+00  1.00002867E+00  1.13566380E+00
   199  1.59200000E+02  1.13566953E+00  1.00005304E+00  1.13566953E+00
   200  1.60000000E+02  1.13567379E+00  1.00007951E+00  1.13567379E+00
   201  1.60800000E+02  1.13567683E+00  1.00010820E+00  1.13567683E+00
   202  1.61600000E+02  1.13568161E+00  1.00013926E+00  1.13568161E+00
   203  1.62400000E+02  1.13568600E+00  1.00017283E+00  1.13568600E+00
   204  1.63200000E+02  1.13568909E+00  1.00020904E+00  1.13568909E+00
   205  1.64000000E+02  1.13569118E+00  1.00024806E+00  1.13569118E+00
   206  1.64800000E+02  1.13569254E+00  1.00029005E+00  1.13569254E+00
   207  1.65600000E+02  1.13569602E+00  1.00033517E+00  1.13569602E+00
   208  1.66400000E+02  1.13569852E+00  1.00038361E+00  1.13569852E+00
   209  1.67200000E+02  1.13570015E+00  1.00043554E+00  1.13570015E+00
   210  1.68000000E+02  1.13570114E+00  1.00049117E+00  1.13570114E+00
   211  1.68800000E+02  1.13570172E+00  1.00055069E+00  1.13570172E+00
   212  1.69600000E+02  1.13570272E+00  1.00061431E+00  1.13570272E+00
   213  1.70400000E+02  1.13570370E+00  1.00068225E+00  1.13570370E+00
   214  1.71200000E+02  1.13570427E+00  1.00075476E+00  1.13570427E+00
   215  1.72000000E+02  1.13570459E+00  1.00083205E+00  1.13570459E+00
   216  1.72800000E+02  1.13570481E+00  1.00091439E+00  1.13570481E+00
   217  1.73600000E+02  1.13570500E+00  1.00100204E+00  1.13570500E+00
   218  1.74400000E+02  1.13570521E+00  1.00109527E+00  1.13570521E+00
   219  1.75200000E+02  1.13570543E+00  1.00119436E+00  1.13570543E+00
   220  1.76000000E+02  1.13570566E+00  1.00129961E+00  1.13570566E+00
   221  1.76800000E+02  1.13570587E+00  1.00141132E+00  1.13570587E+00
   222  1.77600000E+02  1.13570604E+00  1.00152982E+00  1.13570604E+00
   223  1.78400000E+02  1.13570613E+00  1.00165544E+00  1.13570613E+00
   224  1.79200000E+02  1.13570613E+00  1.00178852E+00  1.13570613E+00
   225  1.80000000E+02  1.13570604E+00  1.00192942E+00  1.13570604E+00
   226  1.80800000E+02  1.13570586E+00  1.00207852E+00  1.13570586E+00
   227  1.81600000E+02  1.13570559E+00  1.00223620E+00  1.13570559E+00
   228  1.82400000E+02  1.13570527E+00  1.00240285E+00  1.13570527E+00
   229  1.83200000E+02  1.13570511E+00  1.00257890E+00  1.13570511E+00
   230  1.84000000E+02  1.13570488E+00  1.00276478E+00  1.13570488E+00
   231  1.84800000E+02  1.13570457E+00  1.00296091E+00  1.13570457E+00
   232  1.85600000E+02  1.13570420E+00  1.00316778E+00  1.13570420E+00
   233  1.86400000E+02  1.13570379E+00  1.00338584E+00  1.13570379E+00
   234  1.87200000E+02  1.13570334E+00  1.00361558E+00  1.13570334E+00
   235  1.88000000E+02  1.13570286E+00  1.00385752E+00  1.13570286E+00
   236  1.88800000E+02  1.13570238E+00  1.00411218E+00  1.13570238E+00
   237  1.89600000E+02  1.13570190E+00  1.00438008E+00  1.13570190E+00
   238  1.90400000E+02  1.13570142E+00  1.00466179E+00  1.13570142E+00
   239  1.91200000E+02  1.13570095E+00  1.00495787E+00  1.13570095E+00
   240  1.92000000E+02  1.13570048E+00  1.00526890E+00  1.13570048E+00
   241  1.92800000E+02  1.13570003E+00  1.00559549E+00  1.13570003E+00
   242  1.93600000E+02  1.13569959E+00  1.00593825E+00  1.13569959E+00
   243  1.94400000E+02  1.13569915E+00  1.00629781E+00  1.13569915E+00
   244  1.95200000E+02  1.13569873E+00  1.00667481E+00  1.13569873E+00
   245  1.96000000E+02  1.13569831E+00  1.00706992E+00  1.13569831E+00
   246  1.96800000E+02  1.13569790E+00  1.00748381E+00  1.13569790E+00
   247  1.97600000E+02  1.13569750E+00  1.00791716E+00  1.13569750E+00
   248  1.98400000E+02  1.13569710E+00  1.00837068E+00  1.13569710E+00
   249  1.99200000E+02  1.13569672E+00  1.00884509E+00  1.13569672E+00
   250  2.00000000E+02  1.13569634E+00  1.00934111E+00  1.13569634E+00
   251  2.00800000E+02  1.13569598E+00  1.00985948E+00  1.13569598E+00
   252  2.01600000E+02  1.13569562E+00  1.01040094E+00  1.13569562E+00
   253  2.02400000E+02  1.13569528E+00  1.01096626E+00  1.13569528E+00
   254  2.03200000E+02  1.13569494E+00  1.01155619E+00  1.13569494E+00
   255  2.04000000E+02  1.13569462E+00  1.01217150E+00  1.13569462E+00
   256  2.04800000E+02  1.13569431E+00  1.01281297E+00  1.13569431E+00
   257  2.05600000E+02  1.13569401E+00  1.01348138E+00  1.13569401E+00
   258  2.06400000E+02  1.13569373E+00  1.01417748E+00  1.13569373E+00
   259  2.07200000E+02  1.13569345E+00  1.01490206E+00  1.13569345E+00
   260  2.08000000E+02  1.13569318E+00  1.01565588E+00  1.13569318E+00
   261  2.08800000E+02  1.13569295E+00  1.01643968E+00  1.13569295E+00
   262  2.09600000E+02  1.13569273E+00  1.01725423E+00  1.13569273E+00
   263  2.10400000E+02  1.13569253E+00  1.01810024E+00  1.13569253E+00
   264  2.11200000E+02  1.13569233E+00  1.01897843E+00  1.13569233E+00
   265  2.12000000E+02  1.13569215E+00  1.01988949E+00  1.13569215E+00
   266  2.12800000E+02  1.13569197E+00  1.02083408E+00  1.13569197E+00
   267  2.13600000E+02  1.13569180E+00  1.02181286E+00  1.13569180E+00
   268  2.14400000E+02  1.13569164E+00  1.02282642E+00  1.13569164E+00
   269  2.15200000E+02  1.13569148E+00  1.02387534E+00  1.13569148E+00
   270  2.16000000E+02  1.13569134E+00  1.02496015E+00  1.13569134E+00
   271  2.16800000E+02  1.13569120E+00  1.02608135E+00  1.13569120E+00
   272  2.17600000E+02  1.13569107E+00  1.02723939E+00  1.13569107E+00
   273  2.18400000E+02  1.13569094E+00  1.02843465E+00  1.13569094E+00
   274  2.19200000E+02  1.13569082E+00  1.02966747E+00  1.13569082E+00
   275  2.20000000E+02  1.13569071E+00  1.03093814E+00  1.13569071E+00
   276  2.20800000E+02  1.13569060E+00  1.03224685E+00  1.13569060E+00
   277  2.21600000E+02  1.13569050E+00  1.03359375E+00  1.13569050E+00
   278  2.22400000E+02  1.13569040E+00  1.03497889E+00  1.13569040E+00
   279  2.23200000E+02  1.13569031E+00  1.03640226E+00  1.13569031E+00
   280  2.24000000E+02  1.13569023E+00  1.03786373E+00  1.13569023E+00
   281  2.24800000E+02  1.13569015E+00  1.03936311E+00  1.13569015E+00
   282  2.25600000E+02  1.13569007E+00  1.04090007E+00  1.13569007E+00
   283  2.26400000E+02  1.13569000E+00  1.04247422E+00  1.13569000E+00
   284  2.27200000E+02  1.13568993E+00  1.04408503E+00  1.13568993E+00
   285  2.28000000E+02  1.13568986E+00  1.04573185E+00  1.13568986E+00
   286  2.28800000E+02  1.13568980E+00  1.04741393E+00  1.13568980E+00
   287  2.29600000E+02  1.13568975E+00  1.04913040E+00  1.13568975E+00
   288  2.30400000E+02  1.13568969E+00  1.05088022E+00  1.13568969E+00
   289  2.31200000E+02  1.13568964E+00  1.05266228E+00  1.13568964E+00
   290  2.32000000E+02  1.13568959E+00  1.05447529E+00  1.13568959E+00
   291  2.32800000E+02  1.13568955E+00  1.05631785E+00  1.13568955E+00
   292  2.33600000E+02  1.13568951E+00  1.05818842E+00  1.13568951E+00
   293  2.34400000E+02  1.13568947E+00  1.06008533E+00  1.13568947E+00
   294  2.35200000E+02  1.13568943E+00  1.06200677E+00  1.13568943E+00
   295  2.36000000E+02  1.13568939E+00  1.06395078E+00  1.13568939E+00
   296  2.36800000E+02  1.13568936E+00  1.06591531E+00  1.13568936E+00
   297  2.37600000E+02  1.13568933E+00  1.06789814E+00  1.13568933E+00
   298  2.38400000E+02  1.13568930E+00  1.06989694E+00  1.13568930E+00
   299  2.39200000E+02  1.13568927E+00  1.07190926E+00  1.13568927E+00
   300  2.40000000E+02  1.13568925E+00  1.07393253E+00  1.13568925E+00
   301  2.40800000E+02  1.13568922E+00  1.07596406E+00  1.13568922E+00
   302  2.41600000E+02  1.13568920E+00  1.07800106E+00  1.13568920E+00
   303  2.42400000E+02  1.13568918E+00  1.08004064E+00  1.13568918E+00
   304  2.43200000E+02  1.13568916E+00  1.08207980E+00  1.13568916E+00
   305  2.44000000E+02  1.13568914E+00  1.08411546E+00  1.13568914E+00
   306  2.44800000E+02  1.13568913E+00  1.08614449E+00  1.13568913E+00
   307  2.45600000E+02  1.13568911E+00  1.08816365E+00  1.13568911E+00
   308  2.46400000E+02  1.13568909E+00  1.09016968E+00  1.13568909E+00
   309  2.47200000E+02  1.13568908E+00  1.09215926E+00  1.13568908E+00
   310  2.48000000E+02  1.13568907E+00  1.09412903E+00  1.13568907E+00
   311  2.48800000E+02  1.13568905E+00  1.09607564E+00  1.13568905E+00
   312  2.49600000E+02  1.13568904E+00  1.09799571E+00  1.13568904E+00
   313  2.50400000E+02  1.13568903E+00  1.09988589E+00  1.13568903E+00
   314  2.51200000E+02  1.13568902E+00  1.10174287E+00  1.13568902E+00
   315  2.52000000E+02  1.13568901E+00  1.10356338E+00  1.13568901E+00
   316  2.52800000E+02  1.13568900E+00  1.10534422E+00  1.13568900E+00
   317  2.53600000E+02  1.13568900E+00  1.10708229E+00  1.13568900E+00
   318  2.54400000E+02  1.13568899E+00  1.10877460E+00  1.13568899E+00
   319  2.55200000E+02  1.13568898E+00  1.11041830E+00  1.13568898E+00
   320  2.56000000E+02  1.13568897E+00  1.11201071E+00  1.13568897E+00
   321  2.56800000E+02  1.13568897E+00  1.11354931E+00  1.13568897E+00
   322  2.57600000E+02  1.13568896E+00  1.11503183E+00  1.13568896E+00
   323  2.58400000E+02  1.13568896E+00  1.11645622E+00  1.13568896E+00
   324  2.59200000E+02  1.13568895E+00  1.11782072E+00  1.13568895E+00
   325  2.60000000E+02  1.13568895E+00  1.11912385E+00  1.13568895E+00
   326  2.60800000E+02  1.13568894E+00  1.12036450E+00  1.13568894E+00
   327  2.61600000E+02  1.13568894E+00  1.12154192E+00  1.13568894E+00
   328  2.62400000E+02  1.13568894E+00  1.12265574E+00  1.13568894E+00
   329  2.63200000E+02  1.13568893E+00  1.12370603E+00  1.13568893E+00
   330  2.64000000E+02  1.13568893E+00  1.12469330E+00  1.13568893E+00
   331  2.64800000E+02  1.13568893E+00  1.12561853E+00  1.13568893E+00
   332  2.65600000E+02  1.13568892E+00  1.12648314E+00  1.13568892E+00
   333  2.66400000E+02  1.13568892E+00  1.12728898E+00  1.13568892E+00
   334  2.67200000E+02  1.13568892E+00  1.12803835E+00  1.13568892E+00
   335  2.68000000E+02  1.13568891E+00  1.12873387E+00  1.13568891E+00
   336  2.68800000E+02  1.13568891E+00  1.12937850E+00  1.13568891E+00
   337  2.69600000E+02  1.13568891E+00  1.12997538E+00  1.13568891E+00
   338  2.70400000E+02  1.13568891E+00  1.13052781E+00  1.13568891E+00
   339  2.71200000E+02  1.13568891E+00  1.13103910E+00  1.13568891E+00
   340  2.72000000E+02  1.13568890E+00  1.13151248E+00  1.13568890E+00
   341  2.72800000E+02  1.13568890E+00  1.13195099E+00  1.13568890E+00
   342  2.73600000E+02  1.13568890E+00  1.13235742E+00  1.13568890E+00
   343  2.74400000E+02  1.13568890E+00  1.13273418E+00  1.13568890E+00
   344  2.75200000E+02  1.13568890E+00  1.13308329E+00  1.13568890E+00
   345  2.76000000E+02  1.13568890E+00  1.13340634E+00  1.13568890E+00
   346  2.76800000E+02  1.13568890E+00  1.13370448E+00  1.13568890E+00
   347  2.77600000E+02  1.13568890E+00  1.13397848E+00  1.13568890E+00
   348  2.78400000E+02  1.13568889E+00  1.13422878E+00  1.13568889E+00
   349  2.79200000E+02  1.13568889E+00  1.13445558E+00  1.13568889E+00
   350  2.80000000E+02  1.13568889E+00  1.13465894E+00  1.13568889E+00
   351  2.80800000E+02  1.13568889E+00  1.13483889E+00  1.13568889E+00
   352  2.81600000E+02  1.13568889E+00  1.13499556E+00  1.13568889E+00
   353  2.82400000E+02  1.13568889E+00  1.13512928E+00  1.13568889E+00
   354  2.83200000E+02  1.13568889E+00  1.13524064E+00  1.13568889E+00
   355  2.84000000E+02  1.13568889E+00  1.13533060E+00  1.13568889E+00
   356  2.84800000E+02  1.13568889E+00  1.13540047E+00  1.13568889E+00
   357  2.85600000E+02  1.13568889E+00  1.13545196E+00  1.13568889E+00
   358  2.86400000E+02  1.13568889E+00  1.13548708E+00  1.13568889E+00
   359  2.87200000E+02  1.13568889E+00  1.13550814E+00  1.13568889E+00
   360  2.88000000E+02  1.13568889E+00  1.13551764E+00  1.13568889E+00
   361  2.88800000E+02  1.13568889E+00  1.13551813E+00  1.13568889E+00
   362  2.89600000E+02  1.13568889E+00  1.13551217E+00  1.13568889E+00
   363  2.90400000E+02  1.13568889E+00  1.13550215E+00  1.13568889E+00
   364  2.91200000E+02  1.13568888E+00  1.13549026E+00  1.13568888E+00
   365  2.92000000E+02  1.13568888E+00  1.13547834E+00  1.13568888E+00
   366  2.92800000E+02  1.13568888E+00  1.13546787E+00  1.13568888E+00
   367  2.93600000E+02  1.13568888E+00  1.13545992E+00  1.13568888E+00
   368  2.94400000E+02  1.13568888E+00  1.13545516E+00  1.13568888E+00
   369  2.95200000E+02  1.13568888E+00  1.13545385E+00  1.13568888E+00
   370  2.96000000E+02  1.13568888E+00  1.13545593E+00  1.13568888E+00
   371  2.96800000E+02  1.13568888E+00  1.13546103E+00  1.13568888E+00
   372  2.97600000E+02  1.13568888E+00  1.13546859E+00  1.13568888E+00
   373  2.98400000E+02  1.13568888E+00  1.13547791E+00  1.13568888E+00
   374  2.99200000E+02  1.13568888E+00  1.13548825E+00  1.13568888E+00
   375  3.00000000E+02  1.13568888E+00  1.13549885E+00  1.13568888E+00
   376  3.00800000E+02  1.13568888E+00  1.13550907E+00  1.13568888E+00
   377  3.01600000E+02  1.13568888E+00  1.13551834E+00  1.13568888E+00
   378  3.02400000E+02  1.13568888E+00  1.13552626E+00  1.13568888E+00
   379  3.03200000E+02  1.13568888E+00  1.13553257E+00  1.13568888E+00
   380  3.04000000E+02  1.13568888E+00  1.13553719E+00  1.13568888E+00
   381  3.04800000E+02  1.13568888E+00  1.13554013E+00  1.13568888E+00
   382  3.05600000E+02  1.13568888E+00  1.13554155E+00  1.13568888E+00
   383  3.06400000E+02  1.13568888E+00  1.13554167E+00  1.13568888E+00
   384  3.07200000E+02  1.13568888E+00  1.13554077E+00  1.13568888E+00
   385  3.08000000E+02  1.13568888E+00  1.13553915E+00  1.13568888E+00
   386  3.08800000E+02  1.13568888E+00  1.13553710E+00  1.13568888E+00
 steady-height stop at step    386: changes <=   1.0000E-05, max-end <=   1.0000E-02, max/end/gap/profile_change =   1.13568888E+00  1.13553710E+00  1.51784535E-04  2.05398116E-06


STDERR:
