COMMAND:
/shared/swell_inference/datas/generate_rom_data/extrudate_swell2d_c_cluster

STDOUT:
 comppar: model =   3
 comppar: lambda,mobility/eps,betav,eta_0 =  4.6000E+00  2.3333E-01  5.0000E-01  1.0000E+00
 comppar: eta_s,eta_p,G =  5.0000E-01  5.0000E-01  1.0870E-01
 comppar: U_avg,deltat,flowrate,nsteps =  2.5000E-02  8.0000E-01  7.8540E-02     700
 comppar: geometry = axisymmetric
 comppar: steady stop change,gap,hold,min =  1.0000E-05  1.0000E-02      10      80
 comppar: ncompc,ncompg =     4     5
 mesh nnodes = 5765
 mesh nelem = 2780
 P1 BC   5.0000000000000000     
 P2 BC   0.0000000000000000     
     1  8.00000000E-01  1.00253037E+00  1.00000000E+00  1.00253037E+00
     2  1.60000000E+00  1.00501536E+00  1.00000000E+00  1.00501536E+00
     3  2.40000000E+00  1.00744503E+00  1.00000000E+00  1.00744503E+00
     4  3.20000000E+00  1.00982348E+00  1.00000000E+00  1.00982348E+00
     5  4.00000000E+00  1.01214967E+00  1.00000000E+00  1.01214967E+00
     6  4.80000000E+00  1.01443632E+00  1.00000000E+00  1.01443632E+00
     7  5.60000000E+00  1.01667750E+00  1.00000000E+00  1.01667750E+00
     8  6.40000000E+00  1.01887385E+00  1.00000000E+00  1.01887385E+00
     9  7.20000000E+00  1.02104429E+00  1.00000000E+00  1.02104429E+00
    10  8.00000000E+00  1.02316803E+00  1.00000000E+00  1.02316803E+00
    11  8.80000000E+00  1.02527491E+00  1.00000000E+00  1.02527491E+00
    12  9.60000000E+00  1.02733172E+00  1.00000001E+00  1.02733172E+00
    13  1.04000000E+01  1.02938142E+00  1.00000001E+00  1.02938142E+00
    14  1.12000000E+01  1.03137712E+00  1.00000001E+00  1.03137712E+00
    15  1.20000000E+01  1.03337445E+00  1.00000001E+00  1.03337445E+00
    16  1.28000000E+01  1.03531651E+00  1.00000001E+00  1.03531651E+00
    17  1.36000000E+01  1.03725052E+00  1.00000001E+00  1.03725052E+00
    18  1.44000000E+01  1.03915075E+00  1.00000001E+00  1.03915075E+00
    19  1.52000000E+01  1.04101494E+00  1.00000000E+00  1.04101494E+00
    20  1.60000000E+01  1.04287526E+00  1.00000000E+00  1.04287526E+00
    21  1.68000000E+01  1.04467634E+00  1.00000000E+00  1.04467634E+00
    22  1.76000000E+01  1.04647970E+00  1.00000000E+00  1.04647970E+00
    23  1.84000000E+01  1.04825250E+00  9.99999998E-01  1.04825250E+00
    24  1.92000000E+01  1.04996265E+00  9.99999996E-01  1.04996265E+00
    25  2.00000000E+01  1.05170800E+00  9.99999992E-01  1.05170800E+00
    26  2.08000000E+01  1.05339101E+00  9.99999988E-01  1.05339101E+00
    27  2.16000000E+01  1.05500995E+00  9.99999984E-01  1.05500995E+00
    28  2.24000000E+01  1.05667936E+00  9.99999978E-01  1.05667936E+00
    29  2.32000000E+01  1.05828372E+00  9.99999972E-01  1.05828372E+00
    30  2.40000000E+01  1.05982639E+00  9.99999965E-01  1.05982639E+00
    31  2.48000000E+01  1.06141860E+00  9.99999957E-01  1.06141860E+00
    32  2.56000000E+01  1.06294313E+00  9.99999948E-01  1.06294313E+00
    33  2.64000000E+01  1.06439659E+00  9.99999938E-01  1.06439659E+00
    34  2.72000000E+01  1.06590776E+00  9.99999927E-01  1.06590776E+00
    35  2.80000000E+01  1.06736826E+00  9.99999914E-01  1.06736826E+00
    36  2.88000000E+01  1.06875623E+00  9.99999900E-01  1.06875623E+00
    37  2.96000000E+01  1.07016791E+00  9.99999885E-01  1.07016791E+00
    38  3.04000000E+01  1.07156400E+00  9.99999868E-01  1.07156400E+00
    39  3.12000000E+01  1.07288605E+00  9.99999849E-01  1.07288605E+00
    40  3.20000000E+01  1.07415493E+00  9.99999829E-01  1.07415493E+00
    41  3.28000000E+01  1.07550651E+00  9.99999806E-01  1.07550651E+00
    42  3.36000000E+01  1.07678353E+00  9.99999782E-01  1.07678353E+00
    43  3.44000000E+01  1.07798335E+00  9.99999755E-01  1.07798335E+00
    44  3.52000000E+01  1.07921563E+00  9.99999726E-01  1.07921563E+00
    45  3.60000000E+01  1.08044752E+00  9.99999695E-01  1.08044752E+00
    46  3.68000000E+01  1.08160172E+00  9.99999660E-01  1.08160172E+00
    47  3.76000000E+01  1.08267607E+00  9.99999623E-01  1.08267607E+00
    48  3.84000000E+01  1.08384080E+00  9.99999583E-01  1.08384080E+00
    49  3.92000000E+01  1.08497455E+00  9.99999540E-01  1.08497455E+00
    50  4.00000000E+01  1.08602889E+00  9.99999493E-01  1.08602889E+00
    51  4.08000000E+01  1.08700223E+00  9.99999443E-01  1.08700223E+00
    52  4.16000000E+01  1.08810498E+00  9.99999389E-01  1.08810498E+00
    53  4.24000000E+01  1.08913887E+00  9.99999331E-01  1.08913887E+00
    54  4.32000000E+01  1.09009204E+00  9.99999269E-01  1.09009204E+00
    55  4.40000000E+01  1.09096356E+00  9.99999202E-01  1.09096356E+00
    56  4.48000000E+01  1.09196503E+00  9.99999131E-01  1.09196503E+00
    57  4.56000000E+01  1.09292170E+00  9.99999054E-01  1.09292170E+00
    58  4.64000000E+01  1.09379751E+00  9.99998972E-01  1.09379751E+00
    59  4.72000000E+01  1.09459222E+00  9.99998885E-01  1.09459222E+00
    60  4.80000000E+01  1.09549359E+00  9.99998791E-01  1.09549359E+00
    61  4.88000000E+01  1.09637223E+00  9.99998692E-01  1.09637223E+00
    62  4.96000000E+01  1.09717003E+00  9.99998586E-01  1.09717003E+00
    63  5.04000000E+01  1.09788746E+00  9.99998473E-01  1.09788746E+00
    64  5.12000000E+01  1.09867634E+00  9.99998353E-01  1.09867634E+00
    65  5.20000000E+01  1.09948053E+00  9.99998225E-01  1.09948053E+00
    66  5.28000000E+01  1.10020497E+00  9.99998089E-01  1.10020497E+00
    67  5.36000000E+01  1.10085108E+00  9.99997945E-01  1.10085108E+00
    68  5.44000000E+01  1.10156301E+00  9.99997793E-01  1.10156301E+00
    69  5.52000000E+01  1.10229217E+00  9.99997630E-01  1.10229217E+00
    70  5.60000000E+01  1.10294285E+00  9.99997459E-01  1.10294285E+00
    71  5.68000000E+01  1.10351738E+00  9.99997277E-01  1.10351738E+00
    72  5.76000000E+01  1.10414877E+00  9.99997084E-01  1.10414877E+00
    73  5.84000000E+01  1.10480657E+00  9.99996881E-01  1.10480657E+00
    74  5.92000000E+01  1.10538856E+00  9.99996665E-01  1.10538856E+00
    75  6.00000000E+01  1.10589798E+00  9.99996438E-01  1.10589798E+00
    76  6.08000000E+01  1.10647200E+00  9.99996197E-01  1.10647200E+00
    77  6.16000000E+01  1.10705813E+00  9.99995944E-01  1.10705813E+00
    78  6.24000000E+01  1.10757131E+00  9.99995676E-01  1.10757131E+00
    79  6.32000000E+01  1.10801568E+00  9.99995394E-01  1.10801568E+00
    80  6.40000000E+01  1.10853648E+00  9.99995097E-01  1.10853648E+00
    81  6.48000000E+01  1.10905703E+00  9.99994784E-01  1.10905703E+00
    82  6.56000000E+01  1.10950868E+00  9.99994454E-01  1.10950868E+00
    83  6.64000000E+01  1.10989615E+00  9.99994107E-01  1.10989615E+00
    84  6.72000000E+01  1.11037256E+00  9.99993742E-01  1.11037256E+00
    85  6.80000000E+01  1.11082762E+00  9.99993358E-01  1.11082762E+00
    86  6.88000000E+01  1.11121810E+00  9.99992955E-01  1.11121810E+00
    87  6.96000000E+01  1.11154937E+00  9.99992532E-01  1.11154937E+00
    88  7.04000000E+01  1.11199565E+00  9.99992088E-01  1.11199565E+00
    89  7.12000000E+01  1.11239302E+00  9.99991621E-01  1.11239302E+00
    90  7.20000000E+01  1.11273061E+00  9.99991132E-01  1.11273061E+00
    91  7.28000000E+01  1.11301793E+00  9.99990620E-01  1.11301793E+00
    92  7.36000000E+01  1.11341848E+00  9.99990083E-01  1.11341848E+00
    93  7.44000000E+01  1.11375884E+00  9.99989520E-01  1.11375884E+00
    94  7.52000000E+01  1.11404464E+00  9.99988931E-01  1.11404464E+00
    95  7.60000000E+01  1.11432346E+00  9.99988315E-01  1.11432346E+00
    96  7.68000000E+01  1.11467028E+00  9.99987670E-01  1.11467028E+00
    97  7.76000000E+01  1.11496180E+00  9.99986996E-01  1.11496180E+00
    98  7.84000000E+01  1.11520373E+00  9.99986292E-01  1.11520373E+00
    99  7.92000000E+01  1.11545666E+00  9.99985556E-01  1.11545666E+00
   100  8.00000000E+01  1.11575080E+00  9.99984788E-01  1.11575080E+00
   101  8.08000000E+01  1.11599501E+00  9.99983986E-01  1.11599501E+00
   102  8.16000000E+01  1.11619513E+00  9.99983150E-01  1.11619513E+00
   103  8.24000000E+01  1.11645030E+00  9.99982278E-01  1.11645030E+00
   104  8.32000000E+01  1.11669963E+00  9.99981370E-01  1.11669963E+00
   105  8.40000000E+01  1.11690392E+00  9.99980424E-01  1.11690392E+00
   106  8.48000000E+01  1.11706889E+00  9.99979438E-01  1.11706889E+00
   107  8.56000000E+01  1.11729595E+00  9.99978413E-01  1.11729595E+00
   108  8.64000000E+01  1.11750242E+00  9.99977346E-01  1.11750242E+00
   109  8.72000000E+01  1.11766928E+00  9.99976237E-01  1.11766928E+00
   110  8.80000000E+01  1.11782562E+00  9.99975085E-01  1.11782562E+00
   111  8.88000000E+01  1.11803661E+00  9.99973888E-01  1.11803661E+00
   112  8.96000000E+01  1.11820703E+00  9.99972645E-01  1.11820703E+00
   113  9.04000000E+01  1.11834246E+00  9.99971356E-01  1.11834246E+00
   114  9.12000000E+01  1.11847969E+00  9.99970019E-01  1.11847969E+00
   115  9.20000000E+01  1.11865218E+00  9.99968632E-01  1.11865218E+00
   116  9.28000000E+01  1.11878942E+00  9.99967196E-01  1.11878942E+00
   117  9.36000000E+01  1.11889672E+00  9.99965709E-01  1.11889672E+00
   118  9.44000000E+01  1.11905194E+00  9.99964171E-01  1.11905194E+00
   119  9.52000000E+01  1.11919214E+00  9.99962579E-01  1.11919214E+00
   120  9.60000000E+01  1.11930151E+00  9.99960934E-01  1.11930151E+00
   121  9.68000000E+01  1.11938509E+00  9.99959235E-01  1.11938509E+00
   122  9.76000000E+01  1.11951716E+00  9.99957480E-01  1.11951716E+00
   123  9.84000000E+01  1.11962824E+00  9.99955670E-01  1.11962824E+00
   124  9.92000000E+01  1.11971332E+00  9.99953803E-01  1.11971332E+00
   125  1.00000000E+02  1.11981215E+00  9.99951879E-01  1.11981215E+00
   126  1.00800000E+02  1.11992562E+00  9.99949898E-01  1.11992562E+00
   127  1.01600000E+02  1.12001225E+00  9.99947860E-01  1.12001225E+00
   128  1.02400000E+02  1.12007680E+00  9.99945764E-01  1.12007680E+00
   129  1.03200000E+02  1.12015769E+00  9.99943610E-01  1.12015769E+00
   130  1.04000000E+02  1.12024591E+00  9.99941399E-01  1.12024591E+00
   131  1.04800000E+02  1.12031184E+00  9.99939131E-01  1.12031184E+00
   132  1.05600000E+02  1.12037220E+00  9.99936805E-01  1.12037220E+00
   133  1.06400000E+02  1.12046227E+00  9.99934424E-01  1.12046227E+00
   134  1.07200000E+02  1.12052927E+00  9.99931987E-01  1.12052927E+00
   135  1.08000000E+02  1.12057767E+00  9.99929496E-01  1.12057767E+00
   136  1.08800000E+02  1.12062380E+00  9.99926953E-01  1.12062380E+00
   137  1.09600000E+02  1.12069226E+00  9.99924358E-01  1.12069226E+00
   138  1.10400000E+02  1.12074193E+00  9.99921713E-01  1.12074193E+00
   139  1.11200000E+02  1.12077752E+00  9.99919021E-01  1.12077752E+00
   140  1.12000000E+02  1.12084732E+00  9.99916284E-01  1.12084732E+00
   141  1.12800000E+02  1.12089760E+00  9.99913506E-01  1.12089760E+00
   142  1.13600000E+02  1.12093249E+00  9.99910688E-01  1.12093249E+00
   143  1.14400000E+02  1.12095589E+00  9.99907835E-01  1.12095589E+00
   144  1.15200000E+02  1.12100751E+00  9.99904951E-01  1.12100751E+00
   145  1.16000000E+02  1.12104355E+00  9.99902040E-01  1.12104355E+00
   146  1.16800000E+02  1.12106769E+00  9.99899107E-01  1.12106769E+00
   147  1.17600000E+02  1.12111672E+00  9.99896158E-01  1.12111672E+00
   148  1.18400000E+02  1.12115296E+00  9.99893199E-01  1.12115296E+00
   149  1.19200000E+02  1.12117677E+00  9.99890236E-01  1.12117677E+00
   150  1.20000000E+02  1.12119142E+00  9.99887276E-01  1.12119142E+00
   151  1.20800000E+02  1.12122374E+00  9.99884328E-01  1.12122374E+00
   152  1.21600000E+02  1.12124858E+00  9.99881400E-01  1.12124858E+00
   153  1.22400000E+02  1.12126413E+00  9.99878501E-01  1.12126413E+00
   154  1.23200000E+02  1.12129906E+00  9.99875643E-01  1.12129906E+00
   155  1.24000000E+02  1.12132372E+00  9.99872835E-01  1.12132372E+00
   156  1.24800000E+02  1.12133863E+00  9.99870090E-01  1.12133863E+00
   157  1.25600000E+02  1.12134671E+00  9.99867421E-01  1.12134671E+00
   158  1.26400000E+02  1.12136621E+00  9.99864842E-01  1.12136621E+00
   159  1.27200000E+02  1.12138204E+00  9.99862368E-01  1.12138204E+00
   160  1.28000000E+02  1.12139134E+00  9.99860014E-01  1.12139134E+00
   161  1.28800000E+02  1.12141705E+00  9.99857799E-01  1.12141705E+00
   162  1.29600000E+02  1.12143235E+00  9.99855740E-01  1.12143235E+00
   163  1.30400000E+02  1.12144032E+00  9.99853859E-01  1.12144032E+00
   164  1.31200000E+02  1.12144349E+00  9.99852175E-01  1.12144349E+00
   165  1.32000000E+02  1.12145488E+00  9.99850713E-01  1.12145488E+00
   166  1.32800000E+02  1.12146365E+00  9.99849496E-01  1.12146365E+00
   167  1.33600000E+02  1.12147241E+00  9.99848551E-01  1.12147241E+00
   168  1.34400000E+02  1.12148827E+00  9.99847906E-01  1.12148827E+00
   169  1.35200000E+02  1.12149623E+00  9.99847590E-01  1.12149623E+00
   170  1.36000000E+02  1.12149896E+00  9.99847636E-01  1.12149896E+00
   171  1.36800000E+02  1.12149867E+00  9.99848076E-01  1.12149867E+00
   172  1.37600000E+02  1.12150509E+00  9.99848948E-01  1.12150509E+00
   173  1.38400000E+02  1.12150855E+00  9.99850289E-01  1.12150855E+00
   174  1.39200000E+02  1.12151824E+00  9.99852140E-01  1.12151824E+00
   175  1.40000000E+02  1.12152630E+00  9.99854544E-01  1.12152630E+00
   176  1.40800000E+02  1.12152868E+00  9.99857546E-01  1.12152868E+00
   177  1.41600000E+02  1.12152769E+00  9.99861195E-01  1.12152769E+00
   178  1.42400000E+02  1.12152540E+00  9.99865543E-01  1.12152540E+00
   179  1.43200000E+02  1.12152851E+00  9.99870643E-01  1.12152851E+00
   180  1.44000000E+02  1.12153095E+00  9.99876553E-01  1.12153095E+00
   181  1.44800000E+02  1.12153926E+00  9.99883334E-01  1.12153926E+00
   182  1.45600000E+02  1.12154455E+00  9.99891050E-01  1.12154455E+00
   183  1.46400000E+02  1.12155096E+00  9.99899768E-01  1.12155096E+00
   184  1.47200000E+02  1.12155668E+00  9.99909562E-01  1.12155668E+00
   185  1.48000000E+02  1.12156418E+00  9.99920505E-01  1.12156418E+00
   186  1.48800000E+02  1.12157083E+00  9.99932678E-01  1.12157083E+00
   187  1.49600000E+02  1.12157656E+00  9.99946166E-01  1.12157656E+00
   188  1.50400000E+02  1.12158135E+00  9.99961057E-01  1.12158135E+00
   189  1.51200000E+02  1.12158539E+00  9.99977445E-01  1.12158539E+00
   190  1.52000000E+02  1.12159118E+00  9.99995428E-01  1.12159118E+00
   191  1.52800000E+02  1.12159601E+00  1.00001511E+00  1.12159601E+00
   192  1.53600000E+02  1.12159992E+00  1.00003660E+00  1.12159992E+00
   193  1.54400000E+02  1.12160302E+00  1.00006001E+00  1.12160302E+00
   194  1.55200000E+02  1.12160543E+00  1.00008547E+00  1.12160543E+00
   195  1.56000000E+02  1.12160876E+00  1.00011310E+00  1.12160876E+00
   196  1.56800000E+02  1.12161211E+00  1.00014302E+00  1.12161211E+00
   197  1.57600000E+02  1.12161473E+00  1.00017540E+00  1.12161473E+00
   198  1.58400000E+02  1.12161674E+00  1.00021036E+00  1.12161674E+00
   199  1.59200000E+02  1.12161828E+00  1.00024806E+00  1.12161828E+00
   200  1.60000000E+02  1.12161975E+00  1.00028867E+00  1.12161975E+00
   201  1.60800000E+02  1.12162174E+00  1.00033235E+00  1.12162174E+00
   202  1.61600000E+02  1.12162325E+00  1.00037927E+00  1.12162325E+00
   203  1.62400000E+02  1.12162442E+00  1.00042963E+00  1.12162442E+00
   204  1.63200000E+02  1.12162536E+00  1.00048362E+00  1.12162536E+00
   205  1.64000000E+02  1.12162616E+00  1.00054143E+00  1.12162616E+00
   206  1.64800000E+02  1.12162688E+00  1.00060328E+00  1.12162688E+00
   207  1.65600000E+02  1.12162758E+00  1.00066940E+00  1.12162758E+00
   208  1.66400000E+02  1.12162825E+00  1.00074000E+00  1.12162825E+00
   209  1.67200000E+02  1.12162892E+00  1.00081533E+00  1.12162892E+00
   210  1.68000000E+02  1.12162957E+00  1.00089564E+00  1.12162957E+00
   211  1.68800000E+02  1.12163019E+00  1.00098120E+00  1.12163019E+00
   212  1.69600000E+02  1.12163075E+00  1.00107227E+00  1.12163075E+00
   213  1.70400000E+02  1.12163125E+00  1.00116914E+00  1.12163125E+00
   214  1.71200000E+02  1.12163173E+00  1.00127211E+00  1.12163173E+00
   215  1.72000000E+02  1.12163227E+00  1.00138149E+00  1.12163227E+00
   216  1.72800000E+02  1.12163276E+00  1.00149758E+00  1.12163276E+00
   217  1.73600000E+02  1.12163318E+00  1.00162074E+00  1.12163318E+00
   218  1.74400000E+02  1.12163352E+00  1.00175131E+00  1.12163352E+00
   219  1.75200000E+02  1.12163379E+00  1.00188964E+00  1.12163379E+00
   220  1.76000000E+02  1.12163397E+00  1.00203611E+00  1.12163397E+00
   221  1.76800000E+02  1.12163408E+00  1.00219110E+00  1.12163408E+00
   222  1.77600000E+02  1.12163412E+00  1.00235503E+00  1.12163412E+00
   223  1.78400000E+02  1.12163409E+00  1.00252830E+00  1.12163409E+00
   224  1.79200000E+02  1.12163402E+00  1.00271135E+00  1.12163402E+00
   225  1.80000000E+02  1.12163391E+00  1.00290463E+00  1.12163391E+00
   226  1.80800000E+02  1.12163377E+00  1.00310858E+00  1.12163377E+00
   227  1.81600000E+02  1.12163360E+00  1.00332370E+00  1.12163360E+00
   228  1.82400000E+02  1.12163342E+00  1.00355047E+00  1.12163342E+00
   229  1.83200000E+02  1.12163322E+00  1.00378941E+00  1.12163322E+00
   230  1.84000000E+02  1.12163302E+00  1.00404103E+00  1.12163302E+00
   231  1.84800000E+02  1.12163281E+00  1.00430588E+00  1.12163281E+00
   232  1.85600000E+02  1.12163259E+00  1.00458451E+00  1.12163259E+00
   233  1.86400000E+02  1.12163237E+00  1.00487749E+00  1.12163237E+00
   234  1.87200000E+02  1.12163214E+00  1.00518541E+00  1.12163214E+00
   235  1.88000000E+02  1.12163191E+00  1.00550888E+00  1.12163191E+00
   236  1.88800000E+02  1.12163168E+00  1.00584852E+00  1.12163168E+00
   237  1.89600000E+02  1.12163145E+00  1.00620494E+00  1.12163145E+00
   238  1.90400000E+02  1.12163121E+00  1.00657882E+00  1.12163121E+00
   239  1.91200000E+02  1.12163098E+00  1.00697080E+00  1.12163098E+00
   240  1.92000000E+02  1.12163075E+00  1.00738156E+00  1.12163075E+00
   241  1.92800000E+02  1.12163052E+00  1.00781180E+00  1.12163052E+00
   242  1.93600000E+02  1.12163029E+00  1.00826221E+00  1.12163029E+00
   243  1.94400000E+02  1.12163007E+00  1.00873351E+00  1.12163007E+00
   244  1.95200000E+02  1.12162985E+00  1.00922643E+00  1.12162985E+00
   245  1.96000000E+02  1.12162964E+00  1.00974169E+00  1.12162964E+00
   246  1.96800000E+02  1.12162943E+00  1.01028005E+00  1.12162943E+00
   247  1.97600000E+02  1.12162923E+00  1.01084226E+00  1.12162923E+00
   248  1.98400000E+02  1.12162904E+00  1.01142906E+00  1.12162904E+00
   249  1.99200000E+02  1.12162885E+00  1.01204122E+00  1.12162885E+00
   250  2.00000000E+02  1.12162867E+00  1.01267951E+00  1.12162867E+00
   251  2.00800000E+02  1.12162850E+00  1.01334468E+00  1.12162850E+00
   252  2.01600000E+02  1.12162833E+00  1.01403750E+00  1.12162833E+00
   253  2.02400000E+02  1.12162817E+00  1.01475872E+00  1.12162817E+00
   254  2.03200000E+02  1.12162802E+00  1.01550909E+00  1.12162802E+00
   255  2.04000000E+02  1.12162787E+00  1.01628935E+00  1.12162787E+00
   256  2.04800000E+02  1.12162773E+00  1.01710022E+00  1.12162773E+00
   257  2.05600000E+02  1.12162759E+00  1.01794242E+00  1.12162759E+00
   258  2.06400000E+02  1.12162746E+00  1.01881662E+00  1.12162746E+00
   259  2.07200000E+02  1.12162734E+00  1.01972350E+00  1.12162734E+00
   260  2.08000000E+02  1.12162722E+00  1.02066369E+00  1.12162722E+00
   261  2.08800000E+02  1.12162711E+00  1.02163781E+00  1.12162711E+00
   262  2.09600000E+02  1.12162701E+00  1.02264642E+00  1.12162701E+00
   263  2.10400000E+02  1.12162690E+00  1.02369005E+00  1.12162690E+00
   264  2.11200000E+02  1.12162681E+00  1.02476921E+00  1.12162681E+00
   265  2.12000000E+02  1.12162672E+00  1.02588432E+00  1.12162672E+00
   266  2.12800000E+02  1.12162663E+00  1.02703578E+00  1.12162663E+00
   267  2.13600000E+02  1.12162655E+00  1.02822393E+00  1.12162655E+00
   268  2.14400000E+02  1.12162648E+00  1.02944903E+00  1.12162648E+00
   269  2.15200000E+02  1.12162640E+00  1.03071127E+00  1.12162640E+00
   270  2.16000000E+02  1.12162633E+00  1.03201080E+00  1.12162633E+00
   271  2.16800000E+02  1.12162627E+00  1.03334765E+00  1.12162627E+00
   272  2.17600000E+02  1.12162621E+00  1.03472180E+00  1.12162621E+00
   273  2.18400000E+02  1.12162615E+00  1.03613312E+00  1.12162615E+00
   274  2.19200000E+02  1.12162610E+00  1.03758138E+00  1.12162610E+00
   275  2.20000000E+02  1.12162605E+00  1.03906627E+00  1.12162605E+00
   276  2.20800000E+02  1.12162600E+00  1.04058736E+00  1.12162600E+00
   277  2.21600000E+02  1.12162596E+00  1.04214411E+00  1.12162596E+00
   278  2.22400000E+02  1.12162591E+00  1.04373586E+00  1.12162591E+00
   279  2.23200000E+02  1.12162587E+00  1.04536185E+00  1.12162587E+00
   280  2.24000000E+02  1.12162584E+00  1.04702115E+00  1.12162584E+00
   281  2.24800000E+02  1.12162580E+00  1.04871276E+00  1.12162580E+00
   282  2.25600000E+02  1.12162577E+00  1.05043549E+00  1.12162577E+00
   283  2.26400000E+02  1.12162574E+00  1.05218806E+00  1.12162574E+00
   284  2.27200000E+02  1.12162571E+00  1.05396903E+00  1.12162571E+00
   285  2.28000000E+02  1.12162568E+00  1.05577682E+00  1.12162568E+00
   286  2.28800000E+02  1.12162566E+00  1.05760971E+00  1.12162566E+00
   287  2.29600000E+02  1.12162563E+00  1.05946585E+00  1.12162563E+00
   288  2.30400000E+02  1.12162561E+00  1.06134323E+00  1.12162561E+00
   289  2.31200000E+02  1.12162559E+00  1.06323973E+00  1.12162559E+00
   290  2.32000000E+02  1.12162557E+00  1.06515306E+00  1.12162557E+00
   291  2.32800000E+02  1.12162556E+00  1.06708082E+00  1.12162556E+00
   292  2.33600000E+02  1.12162554E+00  1.06902045E+00  1.12162554E+00
   293  2.34400000E+02  1.12162552E+00  1.07096928E+00  1.12162552E+00
   294  2.35200000E+02  1.12162551E+00  1.07292452E+00  1.12162551E+00
   295  2.36000000E+02  1.12162549E+00  1.07488324E+00  1.12162549E+00
   296  2.36800000E+02  1.12162548E+00  1.07684243E+00  1.12162548E+00
   297  2.37600000E+02  1.12162547E+00  1.07879893E+00  1.12162547E+00
   298  2.38400000E+02  1.12162546E+00  1.08074952E+00  1.12162546E+00
   299  2.39200000E+02  1.12162545E+00  1.08269087E+00  1.12162545E+00
   300  2.40000000E+02  1.12162544E+00  1.08461958E+00  1.12162544E+00
   301  2.40800000E+02  1.12162543E+00  1.08653217E+00  1.12162543E+00
   302  2.41600000E+02  1.12162542E+00  1.08842512E+00  1.12162542E+00
   303  2.42400000E+02  1.12162541E+00  1.09029483E+00  1.12162541E+00
   304  2.43200000E+02  1.12162541E+00  1.09213770E+00  1.12162541E+00
   305  2.44000000E+02  1.12162540E+00  1.09395009E+00  1.12162540E+00
   306  2.44800000E+02  1.12162539E+00  1.09572838E+00  1.12162539E+00
   307  2.45600000E+02  1.12162539E+00  1.09746894E+00  1.12162539E+00
   308  2.46400000E+02  1.12162538E+00  1.09916817E+00  1.12162538E+00
   309  2.47200000E+02  1.12162538E+00  1.10082255E+00  1.12162538E+00
   310  2.48000000E+02  1.12162537E+00  1.10242860E+00  1.12162537E+00
   311  2.48800000E+02  1.12162537E+00  1.10398294E+00  1.12162537E+00
   312  2.49600000E+02  1.12162537E+00  1.10548231E+00  1.12162537E+00
   313  2.50400000E+02  1.12162536E+00  1.10692360E+00  1.12162536E+00
   314  2.51200000E+02  1.12162536E+00  1.10830385E+00  1.12162536E+00
   315  2.52000000E+02  1.12162536E+00  1.10962031E+00  1.12162536E+00
   316  2.52800000E+02  1.12162535E+00  1.11087048E+00  1.12162535E+00
   317  2.53600000E+02  1.12162535E+00  1.11205209E+00  1.12162535E+00
   318  2.54400000E+02  1.12162535E+00  1.11316322E+00  1.12162535E+00
   319  2.55200000E+02  1.12162534E+00  1.11420225E+00  1.12162534E+00
   320  2.56000000E+02  1.12162534E+00  1.11516799E+00  1.12162534E+00
   321  2.56800000E+02  1.12162534E+00  1.11605965E+00  1.12162534E+00
   322  2.57600000E+02  1.12162534E+00  1.11687694E+00  1.12162534E+00
   323  2.58400000E+02  1.12162534E+00  1.11762003E+00  1.12162534E+00
   324  2.59200000E+02  1.12162533E+00  1.11828968E+00  1.12162533E+00
   325  2.60000000E+02  1.12162533E+00  1.11888718E+00  1.12162533E+00
   326  2.60800000E+02  1.12162533E+00  1.11941441E+00  1.12162533E+00
   327  2.61600000E+02  1.12162533E+00  1.11987382E+00  1.12162533E+00
   328  2.62400000E+02  1.12162533E+00  1.12026844E+00  1.12162533E+00
   329  2.63200000E+02  1.12162533E+00  1.12060180E+00  1.12162533E+00
   330  2.64000000E+02  1.12162533E+00  1.12087797E+00  1.12162533E+00
   331  2.64800000E+02  1.12162532E+00  1.12110141E+00  1.12162532E+00
   332  2.65600000E+02  1.12162532E+00  1.12127695E+00  1.12162532E+00
   333  2.66400000E+02  1.12162532E+00  1.12140966E+00  1.12162532E+00
   334  2.67200000E+02  1.12162532E+00  1.12150480E+00  1.12162532E+00
   335  2.68000000E+02  1.12162532E+00  1.12156767E+00  1.12162532E+00
   336  2.68800000E+02  1.12162532E+00  1.12160351E+00  1.12162532E+00
   337  2.69600000E+02  1.12162532E+00  1.12161740E+00  1.12162532E+00
   338  2.70400000E+02  1.12162532E+00  1.12161416E+00  1.12162532E+00
   339  2.71200000E+02  1.12162532E+00  1.12159827E+00  1.12162532E+00
   340  2.72000000E+02  1.12162532E+00  1.12157375E+00  1.12162532E+00
   341  2.72800000E+02  1.12162532E+00  1.12154417E+00  1.12162532E+00
   342  2.73600000E+02  1.12162532E+00  1.12151254E+00  1.12162532E+00
   343  2.74400000E+02  1.12162532E+00  1.12148135E+00  1.12162532E+00
   344  2.75200000E+02  1.12162532E+00  1.12145253E+00  1.12162532E+00
   345  2.76000000E+02  1.12162532E+00  1.12142750E+00  1.12162532E+00
   346  2.76800000E+02  1.12162531E+00  1.12140717E+00  1.12162531E+00
   347  2.77600000E+02  1.12162531E+00  1.12139202E+00  1.12162531E+00
   348  2.78400000E+02  1.12162531E+00  1.12138215E+00  1.12162531E+00
   349  2.79200000E+02  1.12162531E+00  1.12137735E+00  1.12162531E+00
   350  2.80000000E+02  1.12162531E+00  1.12137715E+00  1.12162531E+00
   351  2.80800000E+02  1.12162531E+00  1.12138090E+00  1.12162531E+00
   352  2.81600000E+02  1.12162531E+00  1.12138786E+00  1.12162531E+00
   353  2.82400000E+02  1.12162531E+00  1.12139723E+00  1.12162531E+00
   354  2.83200000E+02  1.12162531E+00  1.12140821E+00  1.12162531E+00
   355  2.84000000E+02  1.12162531E+00  1.12142005E+00  1.12162531E+00
   356  2.84800000E+02  1.12162531E+00  1.12143207E+00  1.12162531E+00
   357  2.85600000E+02  1.12162531E+00  1.12144372E+00  1.12162531E+00
   358  2.86400000E+02  1.12162531E+00  1.12145453E+00  1.12162531E+00
   359  2.87200000E+02  1.12162531E+00  1.12146418E+00  1.12162531E+00
   360  2.88000000E+02  1.12162531E+00  1.12147246E+00  1.12162531E+00
   361  2.88800000E+02  1.12162531E+00  1.12147926E+00  1.12162531E+00
   362  2.89600000E+02  1.12162531E+00  1.12148459E+00  1.12162531E+00
   363  2.90400000E+02  1.12162531E+00  1.12148851E+00  1.12162531E+00
   364  2.91200000E+02  1.12162531E+00  1.12149117E+00  1.12162531E+00
   365  2.92000000E+02  1.12162531E+00  1.12149275E+00  1.12162531E+00
   366  2.92800000E+02  1.12162531E+00  1.12149345E+00  1.12162531E+00
   367  2.93600000E+02  1.12162531E+00  1.12149348E+00  1.12162531E+00
   368  2.94400000E+02  1.12162531E+00  1.12149304E+00  1.12162531E+00
 steady-height stop at step    368: changes <=   1.0000E-05, max-end <=   1.0000E-02, max/end/gap/profile_change =   1.12162531E+00  1.12149304E+00  1.32265387E-04  8.38229600E-07


STDERR:
