COMMAND:
/shared/swell_inference/datas/generate_rom_data/extrudate_swell2d_c_cluster

STDOUT:
 comppar: model =   3
 comppar: lambda,mobility/eps,betav,eta_0 =  1.0000E+00  3.6667E-01  9.0000E-01  1.0000E+00
 comppar: eta_s,eta_p,G =  9.0000E-01  1.0000E-01  1.0000E-01
 comppar: U_avg,deltat,flowrate,nsteps =  2.5000E-02  8.0000E-01  7.8540E-02     700
 comppar: geometry = axisymmetric
 comppar: steady stop change,gap,hold,min =  1.0000E-05  1.0000E-02      10      80
 comppar: ncompc,ncompg =     4     5
 mesh nnodes = 5765
 mesh nelem = 2780
 P1 BC   5.0000000000000000     
 P2 BC   0.0000000000000000     
     1  8.00000000E-01  1.00253249E+00  1.00000000E+00  1.00253249E+00
     2  1.60000000E+00  1.00502955E+00  1.00000000E+00  1.00502955E+00
     3  2.40000000E+00  1.00748789E+00  1.00000000E+00  1.00748789E+00
     4  3.20000000E+00  1.00990862E+00  1.00000000E+00  1.00990862E+00
     5  4.00000000E+00  1.01230110E+00  1.00000000E+00  1.01230110E+00
     6  4.80000000E+00  1.01465650E+00  1.00000000E+00  1.01465650E+00
     7  5.60000000E+00  1.01697812E+00  1.00000000E+00  1.01697812E+00
     8  6.40000000E+00  1.01927261E+00  1.00000000E+00  1.01927261E+00
     9  7.20000000E+00  1.02152221E+00  1.00000000E+00  1.02152221E+00
    10  8.00000000E+00  1.02375684E+00  1.00000000E+00  1.02375684E+00
    11  8.80000000E+00  1.02594282E+00  1.00000000E+00  1.02594282E+00
    12  9.60000000E+00  1.02811524E+00  1.00000000E+00  1.02811524E+00
    13  1.04000000E+01  1.03023245E+00  1.00000000E+00  1.03023245E+00
    14  1.12000000E+01  1.03234848E+00  1.00000000E+00  1.03234848E+00
    15  1.20000000E+01  1.03440765E+00  1.00000000E+00  1.03440765E+00
    16  1.28000000E+01  1.03646139E+00  1.00000000E+00  1.03646139E+00
    17  1.36000000E+01  1.03846524E+00  1.00000000E+00  1.03846524E+00
    18  1.44000000E+01  1.04044715E+00  1.00000000E+00  1.04044715E+00
    19  1.52000000E+01  1.04240610E+00  1.00000000E+00  1.04240610E+00
    20  1.60000000E+01  1.04431228E+00  1.00000000E+00  1.04431228E+00
    21  1.68000000E+01  1.04622833E+00  9.99999999E-01  1.04622833E+00
    22  1.76000000E+01  1.04808237E+00  9.99999997E-01  1.04808237E+00
    23  1.84000000E+01  1.04991870E+00  9.99999994E-01  1.04991870E+00
    24  1.92000000E+01  1.05174250E+00  9.99999991E-01  1.05174250E+00
    25  2.00000000E+01  1.05350148E+00  9.99999988E-01  1.05350148E+00
    26  2.08000000E+01  1.05527783E+00  9.99999984E-01  1.05527783E+00
    27  2.16000000E+01  1.05700869E+00  9.99999979E-01  1.05700869E+00
    28  2.24000000E+01  1.05867202E+00  9.99999973E-01  1.05867202E+00
    29  2.32000000E+01  1.06037536E+00  9.99999967E-01  1.06037536E+00
    30  2.40000000E+01  1.06202640E+00  9.99999959E-01  1.06202640E+00
    31  2.48000000E+01  1.06360821E+00  9.99999951E-01  1.06360821E+00
    32  2.56000000E+01  1.06523580E+00  9.99999941E-01  1.06523580E+00
    33  2.64000000E+01  1.06680706E+00  9.99999931E-01  1.06680706E+00
    34  2.72000000E+01  1.06830737E+00  9.99999919E-01  1.06830737E+00
    35  2.80000000E+01  1.06983840E+00  9.99999906E-01  1.06983840E+00
    36  2.88000000E+01  1.07134691E+00  9.99999892E-01  1.07134691E+00
    37  2.96000000E+01  1.07278363E+00  9.99999876E-01  1.07278363E+00
    38  3.04000000E+01  1.07421068E+00  9.99999858E-01  1.07421068E+00
    39  3.12000000E+01  1.07565675E+00  9.99999839E-01  1.07565675E+00
    40  3.20000000E+01  1.07703010E+00  9.99999818E-01  1.07703010E+00
    41  3.28000000E+01  1.07832835E+00  9.99999795E-01  1.07832835E+00
    42  3.36000000E+01  1.07971147E+00  9.99999769E-01  1.07971147E+00
    43  3.44000000E+01  1.08104269E+00  9.99999742E-01  1.08104269E+00
    44  3.52000000E+01  1.08229881E+00  9.99999712E-01  1.08229881E+00
    45  3.60000000E+01  1.08353275E+00  9.99999680E-01  1.08353275E+00
    46  3.68000000E+01  1.08482200E+00  9.99999644E-01  1.08482200E+00
    47  3.76000000E+01  1.08603597E+00  9.99999606E-01  1.08603597E+00
    48  3.84000000E+01  1.08717280E+00  9.99999565E-01  1.08717280E+00
    49  3.92000000E+01  1.08832173E+00  9.99999521E-01  1.08832173E+00
    50  4.00000000E+01  1.08951843E+00  9.99999473E-01  1.08951843E+00
    51  4.08000000E+01  1.09063855E+00  9.99999422E-01  1.09063855E+00
    52  4.16000000E+01  1.09168056E+00  9.99999367E-01  1.09168056E+00
    53  4.24000000E+01  1.09275422E+00  9.99999307E-01  1.09275422E+00
    54  4.32000000E+01  1.09385718E+00  9.99999244E-01  1.09385718E+00
    55  4.40000000E+01  1.09488247E+00  9.99999175E-01  1.09488247E+00
    56  4.48000000E+01  1.09582894E+00  9.99999102E-01  1.09582894E+00
    57  4.56000000E+01  1.09678034E+00  9.99999024E-01  1.09678034E+00
    58  4.64000000E+01  1.09781183E+00  9.99998941E-01  1.09781183E+00
    59  4.72000000E+01  1.09876532E+00  9.99998852E-01  1.09876532E+00
    60  4.80000000E+01  1.09964010E+00  9.99998757E-01  1.09964010E+00
    61  4.88000000E+01  1.10047630E+00  9.99998656E-01  1.10047630E+00
    62  4.96000000E+01  1.10143562E+00  9.99998548E-01  1.10143562E+00
    63  5.04000000E+01  1.10231670E+00  9.99998433E-01  1.10231670E+00
    64  5.12000000E+01  1.10311925E+00  9.99998311E-01  1.10311925E+00
    65  5.20000000E+01  1.10384365E+00  9.99998182E-01  1.10384365E+00
    66  5.28000000E+01  1.10471813E+00  9.99998044E-01  1.10471813E+00
    67  5.36000000E+01  1.10553024E+00  9.99997898E-01  1.10553024E+00
    68  5.44000000E+01  1.10626476E+00  9.99997744E-01  1.10626476E+00
    69  5.52000000E+01  1.10692272E+00  9.99997580E-01  1.10692272E+00
    70  5.60000000E+01  1.10770448E+00  9.99997406E-01  1.10770448E+00
    71  5.68000000E+01  1.10844708E+00  9.99997222E-01  1.10844708E+00
    72  5.76000000E+01  1.10911309E+00  9.99997028E-01  1.10911309E+00
    73  5.84000000E+01  1.10970418E+00  9.99996823E-01  1.10970418E+00
    74  5.92000000E+01  1.11039269E+00  9.99996605E-01  1.11039269E+00
    75  6.00000000E+01  1.11106859E+00  9.99996376E-01  1.11106859E+00
    76  6.08000000E+01  1.11166981E+00  9.99996134E-01  1.11166981E+00
    77  6.16000000E+01  1.11219865E+00  9.99995879E-01  1.11219865E+00
    78  6.24000000E+01  1.11281919E+00  9.99995610E-01  1.11281919E+00
    79  6.32000000E+01  1.11342796E+00  9.99995327E-01  1.11342796E+00
    80  6.40000000E+01  1.11396407E+00  9.99995028E-01  1.11396407E+00
    81  6.48000000E+01  1.11443049E+00  9.99994714E-01  1.11443049E+00
    82  6.56000000E+01  1.11498714E+00  9.99994383E-01  1.11498714E+00
    83  6.64000000E+01  1.11553309E+00  9.99994035E-01  1.11553309E+00
    84  6.72000000E+01  1.11600921E+00  9.99993669E-01  1.11600921E+00
    85  6.80000000E+01  1.11641894E+00  9.99993285E-01  1.11641894E+00
    86  6.88000000E+01  1.11692553E+00  9.99992882E-01  1.11692553E+00
    87  6.96000000E+01  1.11740852E+00  9.99992458E-01  1.11740852E+00
    88  7.04000000E+01  1.11782470E+00  9.99992014E-01  1.11782470E+00
    89  7.12000000E+01  1.11817807E+00  9.99991548E-01  1.11817807E+00
    90  7.20000000E+01  1.11864706E+00  9.99991060E-01  1.11864706E+00
    91  7.28000000E+01  1.11907257E+00  9.99990548E-01  1.11907257E+00
    92  7.36000000E+01  1.11943480E+00  9.99990012E-01  1.11943480E+00
    93  7.44000000E+01  1.11973814E+00  9.99989451E-01  1.11973814E+00
    94  7.52000000E+01  1.12016811E+00  9.99988863E-01  1.12016811E+00
    95  7.60000000E+01  1.12053642E+00  9.99988249E-01  1.12053642E+00
    96  7.68000000E+01  1.12084531E+00  9.99987607E-01  1.12084531E+00
    97  7.76000000E+01  1.12113242E+00  9.99986936E-01  1.12113242E+00
    98  7.84000000E+01  1.12150971E+00  9.99986235E-01  1.12150971E+00
    99  7.92000000E+01  1.12182701E+00  9.99985503E-01  1.12182701E+00
   100  8.00000000E+01  1.12208902E+00  9.99984739E-01  1.12208902E+00
   101  8.08000000E+01  1.12235527E+00  9.99983943E-01  1.12235527E+00
   102  8.16000000E+01  1.12267834E+00  9.99983112E-01  1.12267834E+00
   103  8.24000000E+01  1.12294554E+00  9.99982246E-01  1.12294554E+00
   104  8.32000000E+01  1.12316195E+00  9.99981344E-01  1.12316195E+00
   105  8.40000000E+01  1.12342854E+00  9.99980405E-01  1.12342854E+00
   106  8.48000000E+01  1.12370372E+00  9.99979427E-01  1.12370372E+00
   107  8.56000000E+01  1.12392734E+00  9.99978410E-01  1.12392734E+00
   108  8.64000000E+01  1.12410471E+00  9.99977353E-01  1.12410471E+00
   109  8.72000000E+01  1.12435226E+00  9.99976254E-01  1.12435226E+00
   110  8.80000000E+01  1.12458074E+00  9.99975112E-01  1.12458074E+00
   111  8.88000000E+01  1.12476233E+00  9.99973926E-01  1.12476233E+00
   112  8.96000000E+01  1.12492321E+00  9.99972695E-01  1.12492321E+00
   113  9.04000000E+01  1.12515925E+00  9.99971418E-01  1.12515925E+00
   114  9.12000000E+01  1.12534756E+00  9.99970095E-01  1.12534756E+00
   115  9.20000000E+01  1.12549364E+00  9.99968723E-01  1.12549364E+00
   116  9.28000000E+01  1.12564557E+00  9.99967302E-01  1.12564557E+00
   117  9.36000000E+01  1.12583840E+00  9.99965830E-01  1.12583840E+00
   118  9.44000000E+01  1.12598834E+00  9.99964308E-01  1.12598834E+00
   119  9.52000000E+01  1.12610108E+00  9.99962734E-01  1.12610108E+00
   120  9.60000000E+01  1.12627416E+00  9.99961107E-01  1.12627416E+00
   121  9.68000000E+01  1.12643029E+00  9.99959426E-01  1.12643029E+00
   122  9.76000000E+01  1.12654826E+00  9.99957691E-01  1.12654826E+00
   123  9.84000000E+01  1.12663377E+00  9.99955900E-01  1.12663377E+00
   124  9.92000000E+01  1.12679274E+00  9.99954054E-01  1.12679274E+00
   125  1.00000000E+02  1.12691420E+00  9.99952152E-01  1.12691420E+00
   126  1.00800000E+02  1.12700255E+00  9.99950193E-01  1.12700255E+00
   127  1.01600000E+02  1.12711697E+00  9.99948177E-01  1.12711697E+00
   128  1.02400000E+02  1.12724405E+00  9.99946103E-01  1.12724405E+00
   129  1.03200000E+02  1.12733701E+00  9.99943972E-01  1.12733701E+00
   130  1.04000000E+02  1.12740154E+00  9.99941783E-01  1.12740154E+00
   131  1.04800000E+02  1.12750651E+00  9.99939537E-01  1.12750651E+00
   132  1.05600000E+02  1.12760259E+00  9.99937234E-01  1.12760259E+00
   133  1.06400000E+02  1.12766960E+00  9.99934875E-01  1.12766960E+00
   134  1.07200000E+02  1.12774464E+00  9.99932460E-01  1.12774464E+00
   135  1.08000000E+02  1.12784573E+00  9.99929990E-01  1.12784573E+00
   136  1.08800000E+02  1.12791671E+00  9.99927466E-01  1.12791671E+00
   137  1.09600000E+02  1.12796316E+00  9.99924889E-01  1.12796316E+00
   138  1.10400000E+02  1.12803141E+00  9.99922262E-01  1.12803141E+00
   139  1.11200000E+02  1.12810514E+00  9.99919585E-01  1.12810514E+00
   140  1.12000000E+02  1.12815373E+00  9.99916862E-01  1.12815373E+00
   141  1.12800000E+02  1.12820417E+00  9.99914094E-01  1.12820417E+00
   142  1.13600000E+02  1.12828226E+00  9.99911285E-01  1.12828226E+00
   143  1.14400000E+02  1.12833415E+00  9.99908437E-01  1.12833415E+00
   144  1.15200000E+02  1.12836527E+00  9.99905554E-01  1.12836527E+00
   145  1.16000000E+02  1.12840981E+00  9.99902641E-01  1.12840981E+00
   146  1.16800000E+02  1.12846408E+00  9.99899700E-01  1.12846408E+00
   147  1.17600000E+02  1.12849701E+00  9.99896739E-01  1.12849701E+00
   148  1.18400000E+02  1.12853372E+00  9.99893760E-01  1.12853372E+00
   149  1.19200000E+02  1.12859168E+00  9.99890772E-01  1.12859168E+00
   150  1.20000000E+02  1.12862722E+00  9.99887779E-01  1.12862722E+00
   151  1.20800000E+02  1.12864556E+00  9.99884790E-01  1.12864556E+00
   152  1.21600000E+02  1.12867605E+00  9.99881811E-01  1.12867605E+00
   153  1.22400000E+02  1.12871362E+00  9.99878852E-01  1.12871362E+00
   154  1.23200000E+02  1.12873345E+00  9.99875922E-01  1.12873345E+00
   155  1.24000000E+02  1.12876400E+00  9.99873029E-01  1.12876400E+00
   156  1.24800000E+02  1.12880457E+00  9.99870186E-01  1.12880457E+00
   157  1.25600000E+02  1.12882633E+00  9.99867405E-01  1.12882633E+00
   158  1.26400000E+02  1.12883425E+00  9.99864696E-01  1.12883425E+00
   159  1.27200000E+02  1.12885735E+00  9.99862075E-01  1.12885735E+00
   160  1.28000000E+02  1.12888080E+00  9.99859555E-01  1.12888080E+00
   161  1.28800000E+02  1.12888993E+00  9.99857153E-01  1.12888993E+00
   162  1.29600000E+02  1.12891936E+00  9.99854886E-01  1.12891936E+00
   163  1.30400000E+02  1.12894512E+00  9.99852770E-01  1.12894512E+00
   164  1.31200000E+02  1.12895551E+00  9.99850827E-01  1.12895551E+00
   165  1.32000000E+02  1.12895518E+00  9.99849076E-01  1.12895518E+00
   166  1.32800000E+02  1.12897531E+00  9.99847539E-01  1.12897531E+00
   167  1.33600000E+02  1.12898707E+00  9.99846240E-01  1.12898707E+00
   168  1.34400000E+02  1.12898861E+00  9.99845205E-01  1.12898861E+00
   169  1.35200000E+02  1.12901896E+00  9.99844461E-01  1.12901896E+00
   170  1.36000000E+02  1.12903235E+00  9.99844035E-01  1.12903235E+00
   171  1.36800000E+02  1.12903357E+00  9.99843958E-01  1.12903357E+00
   172  1.37600000E+02  1.12903182E+00  9.99844264E-01  1.12903182E+00
   173  1.38400000E+02  1.12904677E+00  9.99844986E-01  1.12904677E+00
   174  1.39200000E+02  1.12904908E+00  9.99846162E-01  1.12904908E+00
   175  1.40000000E+02  1.12906077E+00  9.99847830E-01  1.12906077E+00
   176  1.40800000E+02  1.12907771E+00  9.99850032E-01  1.12907771E+00
   177  1.41600000E+02  1.12908099E+00  9.99852811E-01  1.12908099E+00
   178  1.42400000E+02  1.12907508E+00  9.99856215E-01  1.12907508E+00
   179  1.43200000E+02  1.12908022E+00  9.99860292E-01  1.12908022E+00
   180  1.44000000E+02  1.12908474E+00  9.99865094E-01  1.12908474E+00
   181  1.44800000E+02  1.12908024E+00  9.99870678E-01  1.12908024E+00
   182  1.45600000E+02  1.12910129E+00  9.99877100E-01  1.12910129E+00
   183  1.46400000E+02  1.12910713E+00  9.99884422E-01  1.12910713E+00
   184  1.47200000E+02  1.12910239E+00  9.99892710E-01  1.12910239E+00
   185  1.48000000E+02  1.12911338E+00  9.99902033E-01  1.12911338E+00
   186  1.48800000E+02  1.12912543E+00  9.99912462E-01  1.12912543E+00
   187  1.49600000E+02  1.12913552E+00  9.99924074E-01  1.12913552E+00
   188  1.50400000E+02  1.12914381E+00  9.99936950E-01  1.12914381E+00
   189  1.51200000E+02  1.12915166E+00  9.99951174E-01  1.12915166E+00
   190  1.52000000E+02  1.12916252E+00  9.99966835E-01  1.12916252E+00
   191  1.52800000E+02  1.12917152E+00  9.99984027E-01  1.12917152E+00
   192  1.53600000E+02  1.12917888E+00  1.00000285E+00  1.12917888E+00
   193  1.54400000E+02  1.12918486E+00  1.00002341E+00  1.12918486E+00
   194  1.55200000E+02  1.12919240E+00  1.00004581E+00  1.12919240E+00
   195  1.56000000E+02  1.12919977E+00  1.00007016E+00  1.12919977E+00
   196  1.56800000E+02  1.12920574E+00  1.00009660E+00  1.12920574E+00
   197  1.57600000E+02  1.12921059E+00  1.00012524E+00  1.12921059E+00
   198  1.58400000E+02  1.12921464E+00  1.00015622E+00  1.12921464E+00
   199  1.59200000E+02  1.12922030E+00  1.00018967E+00  1.12922030E+00
   200  1.60000000E+02  1.12922554E+00  1.00022575E+00  1.12922554E+00
   201  1.60800000E+02  1.12922982E+00  1.00026460E+00  1.12922982E+00
   202  1.61600000E+02  1.12923341E+00  1.00030639E+00  1.12923341E+00
   203  1.62400000E+02  1.12923654E+00  1.00035128E+00  1.12923654E+00
   204  1.63200000E+02  1.12923937E+00  1.00039944E+00  1.12923937E+00
   205  1.64000000E+02  1.12924263E+00  1.00045107E+00  1.12924263E+00
   206  1.64800000E+02  1.12924573E+00  1.00050635E+00  1.12924573E+00
   207  1.65600000E+02  1.12924855E+00  1.00056549E+00  1.12924855E+00
   208  1.66400000E+02  1.12925123E+00  1.00062869E+00  1.12925123E+00
   209  1.67200000E+02  1.12925384E+00  1.00069617E+00  1.12925384E+00
   210  1.68000000E+02  1.12925641E+00  1.00076816E+00  1.12925641E+00
   211  1.68800000E+02  1.12925893E+00  1.00084489E+00  1.12925893E+00
   212  1.69600000E+02  1.12926138E+00  1.00092663E+00  1.12926138E+00
   213  1.70400000E+02  1.12926372E+00  1.00101362E+00  1.12926372E+00
   214  1.71200000E+02  1.12926592E+00  1.00110613E+00  1.12926592E+00
   215  1.72000000E+02  1.12926794E+00  1.00120445E+00  1.12926794E+00
   216  1.72800000E+02  1.12926976E+00  1.00130886E+00  1.12926976E+00
   217  1.73600000E+02  1.12927136E+00  1.00141968E+00  1.12927136E+00
   218  1.74400000E+02  1.12927310E+00  1.00153721E+00  1.12927310E+00
   219  1.75200000E+02  1.12927493E+00  1.00166178E+00  1.12927493E+00
   220  1.76000000E+02  1.12927657E+00  1.00179374E+00  1.12927657E+00
   221  1.76800000E+02  1.12927801E+00  1.00193344E+00  1.12927801E+00
   222  1.77600000E+02  1.12927925E+00  1.00208125E+00  1.12927925E+00
   223  1.78400000E+02  1.12928029E+00  1.00223754E+00  1.12928029E+00
   224  1.79200000E+02  1.12928116E+00  1.00240272E+00  1.12928116E+00
   225  1.80000000E+02  1.12928187E+00  1.00257719E+00  1.12928187E+00
   226  1.80800000E+02  1.12928245E+00  1.00276137E+00  1.12928245E+00
   227  1.81600000E+02  1.12928322E+00  1.00295570E+00  1.12928322E+00
   228  1.82400000E+02  1.12928394E+00  1.00316064E+00  1.12928394E+00
   229  1.83200000E+02  1.12928453E+00  1.00337665E+00  1.12928453E+00
   230  1.84000000E+02  1.12928501E+00  1.00360422E+00  1.12928501E+00
   231  1.84800000E+02  1.12928540E+00  1.00384383E+00  1.12928540E+00
   232  1.85600000E+02  1.12928571E+00  1.00409602E+00  1.12928571E+00
   233  1.86400000E+02  1.12928597E+00  1.00436130E+00  1.12928597E+00
   234  1.87200000E+02  1.12928617E+00  1.00464023E+00  1.12928617E+00
   235  1.88000000E+02  1.12928634E+00  1.00493335E+00  1.12928634E+00
   236  1.88800000E+02  1.12928646E+00  1.00524125E+00  1.12928646E+00
   237  1.89600000E+02  1.12928655E+00  1.00556452E+00  1.12928655E+00
   238  1.90400000E+02  1.12928661E+00  1.00590376E+00  1.12928661E+00
   239  1.91200000E+02  1.12928665E+00  1.00625960E+00  1.12928665E+00
   240  1.92000000E+02  1.12928665E+00  1.00663266E+00  1.12928665E+00
   241  1.92800000E+02  1.12928662E+00  1.00702361E+00  1.12928662E+00
   242  1.93600000E+02  1.12928658E+00  1.00743310E+00  1.12928658E+00
   243  1.94400000E+02  1.12928651E+00  1.00786182E+00  1.12928651E+00
   244  1.95200000E+02  1.12928642E+00  1.00831044E+00  1.12928642E+00
   245  1.96000000E+02  1.12928632E+00  1.00877967E+00  1.12928632E+00
   246  1.96800000E+02  1.12928620E+00  1.00927022E+00  1.12928620E+00
   247  1.97600000E+02  1.12928608E+00  1.00978282E+00  1.12928608E+00
   248  1.98400000E+02  1.12928594E+00  1.01031820E+00  1.12928594E+00
   249  1.99200000E+02  1.12928580E+00  1.01087708E+00  1.12928580E+00
   250  2.00000000E+02  1.12928566E+00  1.01146023E+00  1.12928566E+00
   251  2.00800000E+02  1.12928551E+00  1.01206838E+00  1.12928551E+00
   252  2.01600000E+02  1.12928536E+00  1.01270230E+00  1.12928536E+00
   253  2.02400000E+02  1.12928521E+00  1.01336274E+00  1.12928521E+00
   254  2.03200000E+02  1.12928506E+00  1.01405045E+00  1.12928506E+00
   255  2.04000000E+02  1.12928491E+00  1.01476618E+00  1.12928491E+00
   256  2.04800000E+02  1.12928477E+00  1.01551068E+00  1.12928477E+00
   257  2.05600000E+02  1.12928462E+00  1.01628470E+00  1.12928462E+00
   258  2.06400000E+02  1.12928448E+00  1.01708896E+00  1.12928448E+00
   259  2.07200000E+02  1.12928434E+00  1.01792417E+00  1.12928434E+00
   260  2.08000000E+02  1.12928420E+00  1.01879105E+00  1.12928420E+00
   261  2.08800000E+02  1.12928407E+00  1.01969026E+00  1.12928407E+00
   262  2.09600000E+02  1.12928394E+00  1.02062248E+00  1.12928394E+00
   263  2.10400000E+02  1.12928381E+00  1.02158834E+00  1.12928381E+00
   264  2.11200000E+02  1.12928369E+00  1.02258843E+00  1.12928369E+00
   265  2.12000000E+02  1.12928357E+00  1.02362333E+00  1.12928357E+00
   266  2.12800000E+02  1.12928346E+00  1.02469356E+00  1.12928346E+00
   267  2.13600000E+02  1.12928335E+00  1.02579962E+00  1.12928335E+00
   268  2.14400000E+02  1.12928325E+00  1.02694195E+00  1.12928325E+00
   269  2.15200000E+02  1.12928315E+00  1.02812094E+00  1.12928315E+00
   270  2.16000000E+02  1.12928305E+00  1.02933692E+00  1.12928305E+00
   271  2.16800000E+02  1.12928296E+00  1.03059017E+00  1.12928296E+00
   272  2.17600000E+02  1.12928287E+00  1.03188089E+00  1.12928287E+00
   273  2.18400000E+02  1.12928279E+00  1.03320922E+00  1.12928279E+00
   274  2.19200000E+02  1.12928270E+00  1.03457522E+00  1.12928270E+00
   275  2.20000000E+02  1.12928263E+00  1.03597886E+00  1.12928263E+00
   276  2.20800000E+02  1.12928256E+00  1.03742005E+00  1.12928256E+00
   277  2.21600000E+02  1.12928249E+00  1.03889858E+00  1.12928249E+00
   278  2.22400000E+02  1.12928242E+00  1.04041417E+00  1.12928242E+00
   279  2.23200000E+02  1.12928236E+00  1.04196642E+00  1.12928236E+00
   280  2.24000000E+02  1.12928230E+00  1.04355484E+00  1.12928230E+00
   281  2.24800000E+02  1.12928224E+00  1.04517881E+00  1.12928224E+00
   282  2.25600000E+02  1.12928219E+00  1.04683762E+00  1.12928219E+00
   283  2.26400000E+02  1.12928214E+00  1.04853043E+00  1.12928214E+00
   284  2.27200000E+02  1.12928209E+00  1.05025629E+00  1.12928209E+00
   285  2.28000000E+02  1.12928205E+00  1.05201411E+00  1.12928205E+00
   286  2.28800000E+02  1.12928201E+00  1.05380269E+00  1.12928201E+00
   287  2.29600000E+02  1.12928197E+00  1.05562069E+00  1.12928197E+00
   288  2.30400000E+02  1.12928193E+00  1.05746665E+00  1.12928193E+00
   289  2.31200000E+02  1.12928189E+00  1.05933896E+00  1.12928189E+00
   290  2.32000000E+02  1.12928186E+00  1.06123590E+00  1.12928186E+00
   291  2.32800000E+02  1.12928183E+00  1.06315560E+00  1.12928183E+00
   292  2.33600000E+02  1.12928180E+00  1.06509607E+00  1.12928180E+00
   293  2.34400000E+02  1.12928177E+00  1.06705519E+00  1.12928177E+00
   294  2.35200000E+02  1.12928174E+00  1.06903070E+00  1.12928174E+00
   295  2.36000000E+02  1.12928172E+00  1.07102024E+00  1.12928172E+00
   296  2.36800000E+02  1.12928170E+00  1.07302129E+00  1.12928170E+00
   297  2.37600000E+02  1.12928168E+00  1.07503126E+00  1.12928168E+00
   298  2.38400000E+02  1.12928166E+00  1.07704740E+00  1.12928166E+00
   299  2.39200000E+02  1.12928164E+00  1.07906689E+00  1.12928164E+00
   300  2.40000000E+02  1.12928162E+00  1.08108680E+00  1.12928162E+00
   301  2.40800000E+02  1.12928160E+00  1.08310410E+00  1.12928160E+00
   302  2.41600000E+02  1.12928159E+00  1.08511567E+00  1.12928159E+00
   303  2.42400000E+02  1.12928157E+00  1.08711834E+00  1.12928157E+00
   304  2.43200000E+02  1.12928156E+00  1.08910886E+00  1.12928156E+00
   305  2.44000000E+02  1.12928154E+00  1.09108390E+00  1.12928154E+00
   306  2.44800000E+02  1.12928153E+00  1.09304012E+00  1.12928153E+00
   307  2.45600000E+02  1.12928152E+00  1.09497411E+00  1.12928152E+00
   308  2.46400000E+02  1.12928151E+00  1.09688247E+00  1.12928151E+00
   309  2.47200000E+02  1.12928150E+00  1.09876177E+00  1.12928150E+00
   310  2.48000000E+02  1.12928149E+00  1.10060857E+00  1.12928149E+00
   311  2.48800000E+02  1.12928148E+00  1.10241948E+00  1.12928148E+00
   312  2.49600000E+02  1.12928148E+00  1.10419111E+00  1.12928148E+00
   313  2.50400000E+02  1.12928147E+00  1.10592013E+00  1.12928147E+00
   314  2.51200000E+02  1.12928146E+00  1.10760327E+00  1.12928146E+00
   315  2.52000000E+02  1.12928145E+00  1.10923735E+00  1.12928145E+00
   316  2.52800000E+02  1.12928145E+00  1.11081928E+00  1.12928145E+00
   317  2.53600000E+02  1.12928144E+00  1.11234609E+00  1.12928144E+00
   318  2.54400000E+02  1.12928144E+00  1.11381494E+00  1.12928144E+00
   319  2.55200000E+02  1.12928143E+00  1.11522317E+00  1.12928143E+00
   320  2.56000000E+02  1.12928143E+00  1.11656830E+00  1.12928143E+00
   321  2.56800000E+02  1.12928142E+00  1.11784805E+00  1.12928142E+00
   322  2.57600000E+02  1.12928142E+00  1.11906039E+00  1.12928142E+00
   323  2.58400000E+02  1.12928141E+00  1.12020353E+00  1.12928141E+00
   324  2.59200000E+02  1.12928141E+00  1.12127601E+00  1.12928141E+00
   325  2.60000000E+02  1.12928141E+00  1.12227666E+00  1.12928141E+00
   326  2.60800000E+02  1.12928140E+00  1.12320469E+00  1.12928140E+00
   327  2.61600000E+02  1.12928140E+00  1.12405969E+00  1.12928140E+00
   328  2.62400000E+02  1.12928140E+00  1.12484166E+00  1.12928140E+00
   329  2.63200000E+02  1.12928140E+00  1.12555106E+00  1.12928140E+00
   330  2.64000000E+02  1.12928139E+00  1.12618880E+00  1.12928139E+00
   331  2.64800000E+02  1.12928139E+00  1.12675628E+00  1.12928139E+00
   332  2.65600000E+02  1.12928139E+00  1.12725542E+00  1.12928139E+00
   333  2.66400000E+02  1.12928139E+00  1.12768862E+00  1.12928139E+00
   334  2.67200000E+02  1.12928139E+00  1.12805878E+00  1.12928139E+00
   335  2.68000000E+02  1.12928138E+00  1.12836928E+00  1.12928138E+00
   336  2.68800000E+02  1.12928138E+00  1.12862397E+00  1.12928138E+00
   337  2.69600000E+02  1.12928138E+00  1.12882707E+00  1.12928138E+00
   338  2.70400000E+02  1.12928138E+00  1.12898317E+00  1.12928138E+00
   339  2.71200000E+02  1.12928138E+00  1.12909715E+00  1.12928138E+00
   340  2.72000000E+02  1.12928138E+00  1.12917408E+00  1.12928138E+00
   341  2.72800000E+02  1.12928138E+00  1.12921915E+00  1.12928138E+00
   342  2.73600000E+02  1.12928137E+00  1.12923758E+00  1.12928137E+00
   343  2.74400000E+02  1.12928137E+00  1.12923449E+00  1.12928137E+00
   344  2.75200000E+02  1.12928137E+00  1.12921483E+00  1.12928137E+00
   345  2.76000000E+02  1.12928137E+00  1.12918328E+00  1.12928137E+00
   346  2.76800000E+02  1.12928137E+00  1.12914415E+00  1.12928137E+00
   347  2.77600000E+02  1.12928137E+00  1.12910130E+00  1.12928137E+00
   348  2.78400000E+02  1.12928137E+00  1.12905808E+00  1.12928137E+00
   349  2.79200000E+02  1.12928137E+00  1.12901729E+00  1.12928137E+00
   350  2.80000000E+02  1.12928137E+00  1.12898115E+00  1.12928137E+00
   351  2.80800000E+02  1.12928137E+00  1.12895128E+00  1.12928137E+00
   352  2.81600000E+02  1.12928137E+00  1.12892873E+00  1.12928137E+00
   353  2.82400000E+02  1.12928137E+00  1.12891400E+00  1.12928137E+00
   354  2.83200000E+02  1.12928137E+00  1.12890711E+00  1.12928137E+00
   355  2.84000000E+02  1.12928136E+00  1.12890764E+00  1.12928136E+00
   356  2.84800000E+02  1.12928136E+00  1.12891485E+00  1.12928136E+00
   357  2.85600000E+02  1.12928136E+00  1.12892771E+00  1.12928136E+00
   358  2.86400000E+02  1.12928136E+00  1.12894504E+00  1.12928136E+00
   359  2.87200000E+02  1.12928136E+00  1.12896556E+00  1.12928136E+00
   360  2.88000000E+02  1.12928136E+00  1.12898802E+00  1.12928136E+00
   361  2.88800000E+02  1.12928136E+00  1.12901119E+00  1.12928136E+00
   362  2.89600000E+02  1.12928136E+00  1.12903401E+00  1.12928136E+00
   363  2.90400000E+02  1.12928136E+00  1.12905556E+00  1.12928136E+00
   364  2.91200000E+02  1.12928136E+00  1.12907515E+00  1.12928136E+00
   365  2.92000000E+02  1.12928136E+00  1.12909228E+00  1.12928136E+00
   366  2.92800000E+02  1.12928136E+00  1.12910667E+00  1.12928136E+00
   367  2.93600000E+02  1.12928136E+00  1.12911824E+00  1.12928136E+00
   368  2.94400000E+02  1.12928136E+00  1.12912706E+00  1.12928136E+00
   369  2.95200000E+02  1.12928136E+00  1.12913336E+00  1.12928136E+00
   370  2.96000000E+02  1.12928136E+00  1.12913748E+00  1.12928136E+00
   371  2.96800000E+02  1.12928136E+00  1.12913979E+00  1.12928136E+00
   372  2.97600000E+02  1.12928136E+00  1.12914073E+00  1.12928136E+00
   373  2.98400000E+02  1.12928136E+00  1.12914071E+00  1.12928136E+00
   374  2.99200000E+02  1.12928136E+00  1.12914011E+00  1.12928136E+00
   375  3.00000000E+02  1.12928136E+00  1.12913926E+00  1.12928136E+00
   376  3.00800000E+02  1.12928136E+00  1.12913843E+00  1.12928136E+00
   377  3.01600000E+02  1.12928136E+00  1.12913782E+00  1.12928136E+00
 steady-height stop at step    377: changes <=   1.0000E-05, max-end <=   1.0000E-02, max/end/gap/profile_change =   1.12928136E+00  1.12913782E+00  1.43539839E-04  1.46678160E-06


STDERR:
