COMMAND:
/shared/swell_inference/datas/generate_rom_data/extrudate_swell2d_c_cluster

STDOUT:
 comppar: model =   3
 comppar: lambda,mobility/eps,betav,eta_0 =  1.0000E+01  5.0000E-01  7.0000E-01  1.0000E+00
 comppar: eta_s,eta_p,G =  7.0000E-01  3.0000E-01  3.0000E-02
 comppar: U_avg,deltat,flowrate,nsteps =  2.5000E-02  8.0000E-01  7.8540E-02     700
 comppar: geometry = axisymmetric
 comppar: steady stop change,gap,hold,min =  1.0000E-05  1.0000E-02      10      80
 comppar: ncompc,ncompg =     4     5
 mesh nnodes = 5765
 mesh nelem = 2780
 P1 BC   5.0000000000000000     
 P2 BC   0.0000000000000000     
     1  8.00000000E-01  1.00253156E+00  1.00000000E+00  1.00253156E+00
     2  1.60000000E+00  1.00502677E+00  1.00000000E+00  1.00502677E+00
     3  2.40000000E+00  1.00748315E+00  1.00000000E+00  1.00748315E+00
     4  3.20000000E+00  1.00989891E+00  1.00000000E+00  1.00989891E+00
     5  4.00000000E+00  1.01227823E+00  1.00000000E+00  1.01227823E+00
     6  4.80000000E+00  1.01461576E+00  1.00000000E+00  1.01461576E+00
     7  5.60000000E+00  1.01690810E+00  1.00000000E+00  1.01690810E+00
     8  6.40000000E+00  1.01917191E+00  1.00000000E+00  1.01917191E+00
     9  7.20000000E+00  1.02138609E+00  1.00000000E+00  1.02138609E+00
    10  8.00000000E+00  1.02357133E+00  1.00000000E+00  1.02357133E+00
    11  8.80000000E+00  1.02571518E+00  1.00000000E+00  1.02571518E+00
    12  9.60000000E+00  1.02782503E+00  1.00000000E+00  1.02782503E+00
    13  1.04000000E+01  1.02989683E+00  1.00000000E+00  1.02989683E+00
    14  1.12000000E+01  1.03194153E+00  1.00000001E+00  1.03194153E+00
    15  1.20000000E+01  1.03394439E+00  1.00000001E+00  1.03394439E+00
    16  1.28000000E+01  1.03592840E+00  1.00000001E+00  1.03592840E+00
    17  1.36000000E+01  1.03785122E+00  1.00000000E+00  1.03785122E+00
    18  1.44000000E+01  1.03978626E+00  1.00000000E+00  1.03978626E+00
    19  1.52000000E+01  1.04166082E+00  1.00000000E+00  1.04166082E+00
    20  1.60000000E+01  1.04352040E+00  1.00000000E+00  1.04352040E+00
    21  1.68000000E+01  1.04535012E+00  1.00000000E+00  1.04535012E+00
    22  1.76000000E+01  1.04711667E+00  1.00000000E+00  1.04711667E+00
    23  1.84000000E+01  1.04891363E+00  9.99999997E-01  1.04891363E+00
    24  1.92000000E+01  1.05064952E+00  9.99999995E-01  1.05064952E+00
    25  2.00000000E+01  1.05234997E+00  9.99999991E-01  1.05234997E+00
    26  2.08000000E+01  1.05405697E+00  9.99999988E-01  1.05405697E+00
    27  2.16000000E+01  1.05569966E+00  9.99999983E-01  1.05569966E+00
    28  2.24000000E+01  1.05731127E+00  9.99999978E-01  1.05731127E+00
    29  2.32000000E+01  1.05894021E+00  9.99999972E-01  1.05894021E+00
    30  2.40000000E+01  1.06050319E+00  9.99999965E-01  1.06050319E+00
    31  2.48000000E+01  1.06203401E+00  9.99999958E-01  1.06203401E+00
    32  2.56000000E+01  1.06358507E+00  9.99999949E-01  1.06358507E+00
    33  2.64000000E+01  1.06506832E+00  9.99999939E-01  1.06506832E+00
    34  2.72000000E+01  1.06648974E+00  9.99999928E-01  1.06648974E+00
    35  2.80000000E+01  1.06797879E+00  9.99999916E-01  1.06797879E+00
    36  2.88000000E+01  1.06939894E+00  9.99999903E-01  1.06939894E+00
    37  2.96000000E+01  1.07074742E+00  9.99999888E-01  1.07074742E+00
    38  3.04000000E+01  1.07214088E+00  9.99999871E-01  1.07214088E+00
    39  3.12000000E+01  1.07349788E+00  9.99999853E-01  1.07349788E+00
    40  3.20000000E+01  1.07478209E+00  9.99999833E-01  1.07478209E+00
    41  3.28000000E+01  1.07603171E+00  9.99999811E-01  1.07603171E+00
    42  3.36000000E+01  1.07734556E+00  9.99999788E-01  1.07734556E+00
    43  3.44000000E+01  1.07858630E+00  9.99999762E-01  1.07858630E+00
    44  3.52000000E+01  1.07975170E+00  9.99999734E-01  1.07975170E+00
    45  3.60000000E+01  1.08095733E+00  9.99999703E-01  1.08095733E+00
    46  3.68000000E+01  1.08215442E+00  9.99999670E-01  1.08215442E+00
    47  3.76000000E+01  1.08327584E+00  9.99999634E-01  1.08327584E+00
    48  3.84000000E+01  1.08431987E+00  9.99999595E-01  1.08431987E+00
    49  3.92000000E+01  1.08545081E+00  9.99999553E-01  1.08545081E+00
    50  4.00000000E+01  1.08655282E+00  9.99999508E-01  1.08655282E+00
    51  4.08000000E+01  1.08757788E+00  9.99999459E-01  1.08757788E+00
    52  4.16000000E+01  1.08852488E+00  9.99999407E-01  1.08852488E+00
    53  4.24000000E+01  1.08958500E+00  9.99999350E-01  1.08958500E+00
    54  4.32000000E+01  1.09059045E+00  9.99999290E-01  1.09059045E+00
    55  4.40000000E+01  1.09151811E+00  9.99999225E-01  1.09151811E+00
    56  4.48000000E+01  1.09236760E+00  9.99999156E-01  1.09236760E+00
    57  4.56000000E+01  1.09331864E+00  9.99999082E-01  1.09331864E+00
    58  4.64000000E+01  1.09424996E+00  9.99999002E-01  1.09424996E+00
    59  4.72000000E+01  1.09510383E+00  9.99998918E-01  1.09510383E+00
    60  4.80000000E+01  1.09588064E+00  9.99998827E-01  1.09588064E+00
    61  4.88000000E+01  1.09672272E+00  9.99998731E-01  1.09672272E+00
    62  4.96000000E+01  1.09757921E+00  9.99998628E-01  1.09757921E+00
    63  5.04000000E+01  1.09835872E+00  9.99998519E-01  1.09835872E+00
    64  5.12000000E+01  1.09906247E+00  9.99998402E-01  1.09906247E+00
    65  5.20000000E+01  1.09978677E+00  9.99998279E-01  1.09978677E+00
    66  5.28000000E+01  1.10057274E+00  9.99998147E-01  1.10057274E+00
    67  5.36000000E+01  1.10128345E+00  9.99998008E-01  1.10128345E+00
    68  5.44000000E+01  1.10192099E+00  9.99997859E-01  1.10192099E+00
    69  5.52000000E+01  1.10255909E+00  9.99997702E-01  1.10255909E+00
    70  5.60000000E+01  1.10327405E+00  9.99997536E-01  1.10327405E+00
    71  5.68000000E+01  1.10391562E+00  9.99997360E-01  1.10391562E+00
    72  5.76000000E+01  1.10448678E+00  9.99997173E-01  1.10448678E+00
    73  5.84000000E+01  1.10504042E+00  9.99996976E-01  1.10504042E+00
    74  5.92000000E+01  1.10568902E+00  9.99996768E-01  1.10568902E+00
    75  6.00000000E+01  1.10626734E+00  9.99996547E-01  1.10626734E+00
    76  6.08000000E+01  1.10677904E+00  9.99996315E-01  1.10677904E+00
    77  6.16000000E+01  1.10726540E+00  9.99996069E-01  1.10726540E+00
    78  6.24000000E+01  1.10784744E+00  9.99995810E-01  1.10784744E+00
    79  6.32000000E+01  1.10836251E+00  9.99995537E-01  1.10836251E+00
    80  6.40000000E+01  1.10881502E+00  9.99995249E-01  1.10881502E+00
    81  6.48000000E+01  1.10924346E+00  9.99994946E-01  1.10924346E+00
    82  6.56000000E+01  1.10976551E+00  9.99994626E-01  1.10976551E+00
    83  6.64000000E+01  1.11022463E+00  9.99994290E-01  1.11022463E+00
    84  6.72000000E+01  1.11062559E+00  9.99993937E-01  1.11062559E+00
    85  6.80000000E+01  1.11099985E+00  9.99993566E-01  1.11099985E+00
    86  6.88000000E+01  1.11146215E+00  9.99993175E-01  1.11146215E+00
    87  6.96000000E+01  1.11186594E+00  9.99992765E-01  1.11186594E+00
    88  7.04000000E+01  1.11221637E+00  9.99992335E-01  1.11221637E+00
    89  7.12000000E+01  1.11255602E+00  9.99991884E-01  1.11255602E+00
    90  7.20000000E+01  1.11296600E+00  9.99991410E-01  1.11296600E+00
    91  7.28000000E+01  1.11332194E+00  9.99990913E-01  1.11332194E+00
    92  7.36000000E+01  1.11362910E+00  9.99990393E-01  1.11362910E+00
    93  7.44000000E+01  1.11391958E+00  9.99989848E-01  1.11391958E+00
    94  7.52000000E+01  1.11427821E+00  9.99989278E-01  1.11427821E+00
    95  7.60000000E+01  1.11458774E+00  9.99988680E-01  1.11458774E+00
    96  7.68000000E+01  1.11485360E+00  9.99988056E-01  1.11485360E+00
    97  7.76000000E+01  1.11512353E+00  9.99987403E-01  1.11512353E+00
    98  7.84000000E+01  1.11543805E+00  9.99986720E-01  1.11543805E+00
    99  7.92000000E+01  1.11570804E+00  9.99986008E-01  1.11570804E+00
   100  8.00000000E+01  1.11593886E+00  9.99985263E-01  1.11593886E+00
   101  8.08000000E+01  1.11616411E+00  9.99984487E-01  1.11616411E+00
   102  8.16000000E+01  1.11643637E+00  9.99983676E-01  1.11643637E+00
   103  8.24000000E+01  1.11666917E+00  9.99982831E-01  1.11666917E+00
   104  8.32000000E+01  1.11686779E+00  9.99981951E-01  1.11686779E+00
   105  8.40000000E+01  1.11708249E+00  9.99981034E-01  1.11708249E+00
   106  8.48000000E+01  1.11731891E+00  9.99980078E-01  1.11731891E+00
   107  8.56000000E+01  1.11752030E+00  9.99979084E-01  1.11752030E+00
   108  8.64000000E+01  1.11769178E+00  9.99978050E-01  1.11769178E+00
   109  8.72000000E+01  1.11786324E+00  9.99976975E-01  1.11786324E+00
   110  8.80000000E+01  1.11806650E+00  9.99975857E-01  1.11806650E+00
   111  8.88000000E+01  1.11823958E+00  9.99974696E-01  1.11823958E+00
   112  8.96000000E+01  1.11838734E+00  9.99973491E-01  1.11838734E+00
   113  9.04000000E+01  1.11855352E+00  9.99972240E-01  1.11855352E+00
   114  9.12000000E+01  1.11872890E+00  9.99970942E-01  1.11872890E+00
   115  9.20000000E+01  1.11887819E+00  9.99969597E-01  1.11887819E+00
   116  9.28000000E+01  1.11900596E+00  9.99968204E-01  1.11900596E+00
   117  9.36000000E+01  1.11912964E+00  9.99966760E-01  1.11912964E+00
   118  9.44000000E+01  1.11928043E+00  9.99965266E-01  1.11928043E+00
   119  9.52000000E+01  1.11940948E+00  9.99963721E-01  1.11940948E+00
   120  9.60000000E+01  1.11952098E+00  9.99962123E-01  1.11952098E+00
   121  9.68000000E+01  1.11964168E+00  9.99960473E-01  1.11964168E+00
   122  9.76000000E+01  1.11977182E+00  9.99958768E-01  1.11977182E+00
   123  9.84000000E+01  1.11988377E+00  9.99957009E-01  1.11988377E+00
   124  9.92000000E+01  1.11998133E+00  9.99955195E-01  1.11998133E+00
   125  1.00000000E+02  1.12006778E+00  9.99953325E-01  1.12006778E+00
   126  1.00800000E+02  1.12017401E+00  9.99951399E-01  1.12017401E+00
   127  1.01600000E+02  1.12027260E+00  9.99949417E-01  1.12027260E+00
   128  1.02400000E+02  1.12035997E+00  9.99947378E-01  1.12035997E+00
   129  1.03200000E+02  1.12043890E+00  9.99945282E-01  1.12043890E+00
   130  1.04000000E+02  1.12053538E+00  9.99943130E-01  1.12053538E+00
   131  1.04800000E+02  1.12062232E+00  9.99940921E-01  1.12062232E+00
   132  1.05600000E+02  1.12070043E+00  9.99938656E-01  1.12070043E+00
   133  1.06400000E+02  1.12077206E+00  9.99936336E-01  1.12077206E+00
   134  1.07200000E+02  1.12083899E+00  9.99933961E-01  1.12083899E+00
   135  1.08000000E+02  1.12090544E+00  9.99931533E-01  1.12090544E+00
   136  1.08800000E+02  1.12097787E+00  9.99929052E-01  1.12097787E+00
   137  1.09600000E+02  1.12104557E+00  9.99926520E-01  1.12104557E+00
   138  1.10400000E+02  1.12110985E+00  9.99923938E-01  1.12110985E+00
   139  1.11200000E+02  1.12117152E+00  9.99921309E-01  1.12117152E+00
   140  1.12000000E+02  1.12123101E+00  9.99918635E-01  1.12123101E+00
   141  1.12800000E+02  1.12129163E+00  9.99915918E-01  1.12129163E+00
   142  1.13600000E+02  1.12135191E+00  9.99913162E-01  1.12135191E+00
   143  1.14400000E+02  1.12141009E+00  9.99910370E-01  1.12141009E+00
   144  1.15200000E+02  1.12146631E+00  9.99907545E-01  1.12146631E+00
   145  1.16000000E+02  1.12152047E+00  9.99904692E-01  1.12152047E+00
   146  1.16800000E+02  1.12157227E+00  9.99901815E-01  1.12157227E+00
   147  1.17600000E+02  1.12162133E+00  9.99898919E-01  1.12162133E+00
   148  1.18400000E+02  1.12166724E+00  9.99896011E-01  1.12166724E+00
   149  1.19200000E+02  1.12171700E+00  9.99893096E-01  1.12171700E+00
   150  1.20000000E+02  1.12176678E+00  9.99890181E-01  1.12176678E+00
   151  1.20800000E+02  1.12181336E+00  9.99887273E-01  1.12181336E+00
   152  1.21600000E+02  1.12185637E+00  9.99884381E-01  1.12185637E+00
   153  1.22400000E+02  1.12189553E+00  9.99881514E-01  1.12189553E+00
   154  1.23200000E+02  1.12193201E+00  9.99878681E-01  1.12193201E+00
   155  1.24000000E+02  1.12197510E+00  9.99875893E-01  1.12197510E+00
   156  1.24800000E+02  1.12201456E+00  9.99873161E-01  1.12201456E+00
   157  1.25600000E+02  1.12205020E+00  9.99870497E-01  1.12205020E+00
   158  1.26400000E+02  1.12208193E+00  9.99867915E-01  1.12208193E+00
   159  1.27200000E+02  1.12211231E+00  9.99865428E-01  1.12211231E+00
   160  1.28000000E+02  1.12214843E+00  9.99863053E-01  1.12214843E+00
   161  1.28800000E+02  1.12218057E+00  9.99860804E-01  1.12218057E+00
   162  1.29600000E+02  1.12220878E+00  9.99858701E-01  1.12220878E+00
   163  1.30400000E+02  1.12223327E+00  9.99856762E-01  1.12223327E+00
   164  1.31200000E+02  1.12225834E+00  9.99855008E-01  1.12225834E+00
   165  1.32000000E+02  1.12228722E+00  9.99853459E-01  1.12228722E+00
   166  1.32800000E+02  1.12231238E+00  9.99852140E-01  1.12231238E+00
   167  1.33600000E+02  1.12233408E+00  9.99851074E-01  1.12233408E+00
   168  1.34400000E+02  1.12235263E+00  9.99850289E-01  1.12235263E+00
   169  1.35200000E+02  1.12237545E+00  9.99849813E-01  1.12237545E+00
   170  1.36000000E+02  1.12239736E+00  9.99849677E-01  1.12239736E+00
   171  1.36800000E+02  1.12241605E+00  9.99849911E-01  1.12241605E+00
   172  1.37600000E+02  1.12243194E+00  9.99850550E-01  1.12243194E+00
   173  1.38400000E+02  1.12244618E+00  9.99851632E-01  1.12244618E+00
   174  1.39200000E+02  1.12246550E+00  9.99853193E-01  1.12246550E+00
   175  1.40000000E+02  1.12248190E+00  9.99855276E-01  1.12248190E+00
   176  1.40800000E+02  1.12249578E+00  9.99857924E-01  1.12249578E+00
   177  1.41600000E+02  1.12250753E+00  9.99861182E-01  1.12250753E+00
   178  1.42400000E+02  1.12251950E+00  9.99865100E-01  1.12251950E+00
   179  1.43200000E+02  1.12253347E+00  9.99869730E-01  1.12253347E+00
   180  1.44000000E+02  1.12254530E+00  9.99875125E-01  1.12254530E+00
   181  1.44800000E+02  1.12255535E+00  9.99881345E-01  1.12255535E+00
   182  1.45600000E+02  1.12256399E+00  9.99888449E-01  1.12256399E+00
   183  1.46400000E+02  1.12257422E+00  9.99896503E-01  1.12257422E+00
   184  1.47200000E+02  1.12258451E+00  9.99905576E-01  1.12258451E+00
   185  1.48000000E+02  1.12259326E+00  9.99915739E-01  1.12259326E+00
   186  1.48800000E+02  1.12260080E+00  9.99927068E-01  1.12260080E+00
   187  1.49600000E+02  1.12260737E+00  9.99939643E-01  1.12260737E+00
   188  1.50400000E+02  1.12261318E+00  9.99953550E-01  1.12261318E+00
   189  1.51200000E+02  1.12262060E+00  9.99968877E-01  1.12262060E+00
   190  1.52000000E+02  1.12262723E+00  9.99985719E-01  1.12262723E+00
   191  1.52800000E+02  1.12263312E+00  1.00000417E+00  1.12263312E+00
   192  1.53600000E+02  1.12263839E+00  1.00002435E+00  1.12263839E+00
   193  1.54400000E+02  1.12264317E+00  1.00004634E+00  1.12264317E+00
   194  1.55200000E+02  1.12264749E+00  1.00007028E+00  1.12264749E+00
   195  1.56000000E+02  1.12265259E+00  1.00009629E+00  1.12265259E+00
   196  1.56800000E+02  1.12265725E+00  1.00012448E+00  1.12265725E+00
   197  1.57600000E+02  1.12266147E+00  1.00015499E+00  1.12266147E+00
   198  1.58400000E+02  1.12266529E+00  1.00018797E+00  1.12266529E+00
   199  1.59200000E+02  1.12266876E+00  1.00022355E+00  1.12266876E+00
   200  1.60000000E+02  1.12267187E+00  1.00026190E+00  1.12267187E+00
   201  1.60800000E+02  1.12267463E+00  1.00030317E+00  1.12267463E+00
   202  1.61600000E+02  1.12267705E+00  1.00034753E+00  1.12267705E+00
   203  1.62400000E+02  1.12268002E+00  1.00039516E+00  1.12268002E+00
   204  1.63200000E+02  1.12268285E+00  1.00044625E+00  1.12268285E+00
   205  1.64000000E+02  1.12268534E+00  1.00050098E+00  1.12268534E+00
   206  1.64800000E+02  1.12268749E+00  1.00055956E+00  1.12268749E+00
   207  1.65600000E+02  1.12268932E+00  1.00062220E+00  1.12268932E+00
   208  1.66400000E+02  1.12269086E+00  1.00068912E+00  1.12269086E+00
   209  1.67200000E+02  1.12269213E+00  1.00076055E+00  1.12269213E+00
   210  1.68000000E+02  1.12269321E+00  1.00083673E+00  1.12269321E+00
   211  1.68800000E+02  1.12269479E+00  1.00091790E+00  1.12269479E+00
   212  1.69600000E+02  1.12269610E+00  1.00100434E+00  1.12269610E+00
   213  1.70400000E+02  1.12269717E+00  1.00109631E+00  1.12269717E+00
   214  1.71200000E+02  1.12269804E+00  1.00119410E+00  1.12269804E+00
   215  1.72000000E+02  1.12269873E+00  1.00129800E+00  1.12269873E+00
   216  1.72800000E+02  1.12269928E+00  1.00140832E+00  1.12269928E+00
   217  1.73600000E+02  1.12269971E+00  1.00152538E+00  1.12269971E+00
   218  1.74400000E+02  1.12270004E+00  1.00164951E+00  1.12270004E+00
   219  1.75200000E+02  1.12270030E+00  1.00178105E+00  1.12270030E+00
   220  1.76000000E+02  1.12270049E+00  1.00192037E+00  1.12270049E+00
   221  1.76800000E+02  1.12270063E+00  1.00206783E+00  1.12270063E+00
   222  1.77600000E+02  1.12270081E+00  1.00222382E+00  1.12270081E+00
   223  1.78400000E+02  1.12270101E+00  1.00238874E+00  1.12270101E+00
   224  1.79200000E+02  1.12270116E+00  1.00256301E+00  1.12270116E+00
   225  1.80000000E+02  1.12270126E+00  1.00274705E+00  1.12270126E+00
   226  1.80800000E+02  1.12270133E+00  1.00294130E+00  1.12270133E+00
   227  1.81600000E+02  1.12270137E+00  1.00314623E+00  1.12270137E+00
   228  1.82400000E+02  1.12270138E+00  1.00336230E+00  1.12270138E+00
   229  1.83200000E+02  1.12270136E+00  1.00359001E+00  1.12270136E+00
   230  1.84000000E+02  1.12270131E+00  1.00382986E+00  1.12270131E+00
   231  1.84800000E+02  1.12270125E+00  1.00408237E+00  1.12270125E+00
   232  1.85600000E+02  1.12270117E+00  1.00434807E+00  1.12270117E+00
   233  1.86400000E+02  1.12270107E+00  1.00462753E+00  1.12270107E+00
   234  1.87200000E+02  1.12270097E+00  1.00492129E+00  1.12270097E+00
   235  1.88000000E+02  1.12270085E+00  1.00522995E+00  1.12270085E+00
   236  1.88800000E+02  1.12270072E+00  1.00555410E+00  1.12270072E+00
   237  1.89600000E+02  1.12270059E+00  1.00589436E+00  1.12270059E+00
   238  1.90400000E+02  1.12270045E+00  1.00625135E+00  1.12270045E+00
   239  1.91200000E+02  1.12270031E+00  1.00662571E+00  1.12270031E+00
   240  1.92000000E+02  1.12270017E+00  1.00701810E+00  1.12270017E+00
   241  1.92800000E+02  1.12270003E+00  1.00742918E+00  1.12270003E+00
   242  1.93600000E+02  1.12269990E+00  1.00785965E+00  1.12269990E+00
   243  1.94400000E+02  1.12269976E+00  1.00831018E+00  1.12269976E+00
   244  1.95200000E+02  1.12269962E+00  1.00878149E+00  1.12269962E+00
   245  1.96000000E+02  1.12269949E+00  1.00927430E+00  1.12269949E+00
   246  1.96800000E+02  1.12269936E+00  1.00978932E+00  1.12269936E+00
   247  1.97600000E+02  1.12269923E+00  1.01032729E+00  1.12269923E+00
   248  1.98400000E+02  1.12269911E+00  1.01088894E+00  1.12269911E+00
   249  1.99200000E+02  1.12269899E+00  1.01147504E+00  1.12269899E+00
   250  2.00000000E+02  1.12269887E+00  1.01208632E+00  1.12269887E+00
   251  2.00800000E+02  1.12269876E+00  1.01272353E+00  1.12269876E+00
   252  2.01600000E+02  1.12269865E+00  1.01338742E+00  1.12269865E+00
   253  2.02400000E+02  1.12269854E+00  1.01407875E+00  1.12269854E+00
   254  2.03200000E+02  1.12269843E+00  1.01479826E+00  1.12269843E+00
   255  2.04000000E+02  1.12269834E+00  1.01554667E+00  1.12269834E+00
   256  2.04800000E+02  1.12269824E+00  1.01632472E+00  1.12269824E+00
   257  2.05600000E+02  1.12269815E+00  1.01713312E+00  1.12269815E+00
   258  2.06400000E+02  1.12269806E+00  1.01797256E+00  1.12269806E+00
   259  2.07200000E+02  1.12269797E+00  1.01884372E+00  1.12269797E+00
   260  2.08000000E+02  1.12269789E+00  1.01974725E+00  1.12269789E+00
   261  2.08800000E+02  1.12269781E+00  1.02068378E+00  1.12269781E+00
   262  2.09600000E+02  1.12269774E+00  1.02165389E+00  1.12269774E+00
   263  2.10400000E+02  1.12269767E+00  1.02265815E+00  1.12269767E+00
   264  2.11200000E+02  1.12269760E+00  1.02369709E+00  1.12269760E+00
   265  2.12000000E+02  1.12269754E+00  1.02477117E+00  1.12269754E+00
   266  2.12800000E+02  1.12269748E+00  1.02588083E+00  1.12269748E+00
   267  2.13600000E+02  1.12269742E+00  1.02702644E+00  1.12269742E+00
   268  2.14400000E+02  1.12269736E+00  1.02820833E+00  1.12269736E+00
   269  2.15200000E+02  1.12269731E+00  1.02942675E+00  1.12269731E+00
   270  2.16000000E+02  1.12269726E+00  1.03068190E+00  1.12269726E+00
   271  2.16800000E+02  1.12269721E+00  1.03197389E+00  1.12269721E+00
   272  2.17600000E+02  1.12269716E+00  1.03330277E+00  1.12269716E+00
   273  2.18400000E+02  1.12269712E+00  1.03466848E+00  1.12269712E+00
   274  2.19200000E+02  1.12269708E+00  1.03607091E+00  1.12269708E+00
   275  2.20000000E+02  1.12269704E+00  1.03750983E+00  1.12269704E+00
   276  2.20800000E+02  1.12269701E+00  1.03898491E+00  1.12269701E+00
   277  2.21600000E+02  1.12269697E+00  1.04049573E+00  1.12269697E+00
   278  2.22400000E+02  1.12269694E+00  1.04204175E+00  1.12269694E+00
   279  2.23200000E+02  1.12269691E+00  1.04362232E+00  1.12269691E+00
   280  2.24000000E+02  1.12269688E+00  1.04523667E+00  1.12269688E+00
   281  2.24800000E+02  1.12269685E+00  1.04688392E+00  1.12269685E+00
   282  2.25600000E+02  1.12269683E+00  1.04856305E+00  1.12269683E+00
   283  2.26400000E+02  1.12269680E+00  1.05027290E+00  1.12269680E+00
   284  2.27200000E+02  1.12269678E+00  1.05201220E+00  1.12269678E+00
   285  2.28000000E+02  1.12269676E+00  1.05377953E+00  1.12269676E+00
   286  2.28800000E+02  1.12269674E+00  1.05557335E+00  1.12269674E+00
   287  2.29600000E+02  1.12269672E+00  1.05739196E+00  1.12269672E+00
   288  2.30400000E+02  1.12269670E+00  1.05923353E+00  1.12269670E+00
   289  2.31200000E+02  1.12269669E+00  1.06109611E+00  1.12269669E+00
   290  2.32000000E+02  1.12269667E+00  1.06297758E+00  1.12269667E+00
   291  2.32800000E+02  1.12269666E+00  1.06487571E+00  1.12269666E+00
   292  2.33600000E+02  1.12269664E+00  1.06678813E+00  1.12269664E+00
   293  2.34400000E+02  1.12269663E+00  1.06871232E+00  1.12269663E+00
   294  2.35200000E+02  1.12269662E+00  1.07064568E+00  1.12269662E+00
   295  2.36000000E+02  1.12269661E+00  1.07258544E+00  1.12269661E+00
   296  2.36800000E+02  1.12269660E+00  1.07452875E+00  1.12269660E+00
   297  2.37600000E+02  1.12269659E+00  1.07647261E+00  1.12269659E+00
   298  2.38400000E+02  1.12269658E+00  1.07841396E+00  1.12269658E+00
   299  2.39200000E+02  1.12269657E+00  1.08034963E+00  1.12269657E+00
   300  2.40000000E+02  1.12269656E+00  1.08227634E+00  1.12269656E+00
   301  2.40800000E+02  1.12269655E+00  1.08419077E+00  1.12269655E+00
   302  2.41600000E+02  1.12269655E+00  1.08608950E+00  1.12269655E+00
   303  2.42400000E+02  1.12269654E+00  1.08796909E+00  1.12269654E+00
   304  2.43200000E+02  1.12269653E+00  1.08982602E+00  1.12269653E+00
   305  2.44000000E+02  1.12269653E+00  1.09165677E+00  1.12269653E+00
   306  2.44800000E+02  1.12269652E+00  1.09345779E+00  1.12269652E+00
   307  2.45600000E+02  1.12269652E+00  1.09522553E+00  1.12269652E+00
   308  2.46400000E+02  1.12269651E+00  1.09695646E+00  1.12269651E+00
   309  2.47200000E+02  1.12269651E+00  1.09864710E+00  1.12269651E+00
   310  2.48000000E+02  1.12269650E+00  1.10029400E+00  1.12269650E+00
   311  2.48800000E+02  1.12269650E+00  1.10189380E+00  1.12269650E+00
   312  2.49600000E+02  1.12269650E+00  1.10344324E+00  1.12269650E+00
   313  2.50400000E+02  1.12269649E+00  1.10493916E+00  1.12269649E+00
   314  2.51200000E+02  1.12269649E+00  1.10637856E+00  1.12269649E+00
   315  2.52000000E+02  1.12269649E+00  1.10775862E+00  1.12269649E+00
   316  2.52800000E+02  1.12269649E+00  1.10907673E+00  1.12269649E+00
   317  2.53600000E+02  1.12269648E+00  1.11033049E+00  1.12269648E+00
   318  2.54400000E+02  1.12269648E+00  1.11151780E+00  1.12269648E+00
   319  2.55200000E+02  1.12269648E+00  1.11263686E+00  1.12269648E+00
   320  2.56000000E+02  1.12269648E+00  1.11368621E+00  1.12269648E+00
   321  2.56800000E+02  1.12269648E+00  1.11466478E+00  1.12269648E+00
   322  2.57600000E+02  1.12269647E+00  1.11557195E+00  1.12269647E+00
   323  2.58400000E+02  1.12269647E+00  1.11640753E+00  1.12269647E+00
   324  2.59200000E+02  1.12269647E+00  1.11717185E+00  1.12269647E+00
   325  2.60000000E+02  1.12269647E+00  1.11786573E+00  1.12269647E+00
   326  2.60800000E+02  1.12269647E+00  1.11849057E+00  1.12269647E+00
   327  2.61600000E+02  1.12269647E+00  1.11904829E+00  1.12269647E+00
   328  2.62400000E+02  1.12269647E+00  1.11954136E+00  1.12269647E+00
   329  2.63200000E+02  1.12269646E+00  1.11997279E+00  1.12269646E+00
   330  2.64000000E+02  1.12269646E+00  1.12034606E+00  1.12269646E+00
   331  2.64800000E+02  1.12269646E+00  1.12066513E+00  1.12269646E+00
   332  2.65600000E+02  1.12269646E+00  1.12093431E+00  1.12269646E+00
   333  2.66400000E+02  1.12269646E+00  1.12115824E+00  1.12269646E+00
   334  2.67200000E+02  1.12269646E+00  1.12134177E+00  1.12269646E+00
   335  2.68000000E+02  1.12269646E+00  1.12148989E+00  1.12269646E+00
   336  2.68800000E+02  1.12269646E+00  1.12160758E+00  1.12269646E+00
   337  2.69600000E+02  1.12269646E+00  1.12169977E+00  1.12269646E+00
   338  2.70400000E+02  1.12269646E+00  1.12177117E+00  1.12269646E+00
   339  2.71200000E+02  1.12269646E+00  1.12182622E+00  1.12269646E+00
   340  2.72000000E+02  1.12269646E+00  1.12186901E+00  1.12269646E+00
   341  2.72800000E+02  1.12269646E+00  1.12190318E+00  1.12269646E+00
   342  2.73600000E+02  1.12269646E+00  1.12193185E+00  1.12269646E+00
   343  2.74400000E+02  1.12269646E+00  1.12195766E+00  1.12269646E+00
   344  2.75200000E+02  1.12269646E+00  1.12198269E+00  1.12269646E+00
   345  2.76000000E+02  1.12269646E+00  1.12200846E+00  1.12269646E+00
   346  2.76800000E+02  1.12269646E+00  1.12203601E+00  1.12269646E+00
   347  2.77600000E+02  1.12269646E+00  1.12206589E+00  1.12269646E+00
   348  2.78400000E+02  1.12269645E+00  1.12209826E+00  1.12269645E+00
   349  2.79200000E+02  1.12269645E+00  1.12213291E+00  1.12269645E+00
   350  2.80000000E+02  1.12269645E+00  1.12216936E+00  1.12269645E+00
   351  2.80800000E+02  1.12269645E+00  1.12220695E+00  1.12269645E+00
   352  2.81600000E+02  1.12269645E+00  1.12224489E+00  1.12269645E+00
   353  2.82400000E+02  1.12269645E+00  1.12228236E+00  1.12269645E+00
   354  2.83200000E+02  1.12269645E+00  1.12231853E+00  1.12269645E+00
   355  2.84000000E+02  1.12269645E+00  1.12235269E+00  1.12269645E+00
   356  2.84800000E+02  1.12269645E+00  1.12238420E+00  1.12269645E+00
   357  2.85600000E+02  1.12269645E+00  1.12241259E+00  1.12269645E+00
   358  2.86400000E+02  1.12269645E+00  1.12243755E+00  1.12269645E+00
   359  2.87200000E+02  1.12269645E+00  1.12245894E+00  1.12269645E+00
   360  2.88000000E+02  1.12269645E+00  1.12247675E+00  1.12269645E+00
   361  2.88800000E+02  1.12269645E+00  1.12249116E+00  1.12269645E+00
   362  2.89600000E+02  1.12269645E+00  1.12250241E+00  1.12269645E+00
   363  2.90400000E+02  1.12269645E+00  1.12251087E+00  1.12269645E+00
   364  2.91200000E+02  1.12269645E+00  1.12251696E+00  1.12269645E+00
   365  2.92000000E+02  1.12269645E+00  1.12252111E+00  1.12269645E+00
   366  2.92800000E+02  1.12269645E+00  1.12252376E+00  1.12269645E+00
   367  2.93600000E+02  1.12269645E+00  1.12252533E+00  1.12269645E+00
   368  2.94400000E+02  1.12269645E+00  1.12252620E+00  1.12269645E+00
   369  2.95200000E+02  1.12269645E+00  1.12252667E+00  1.12269645E+00
   370  2.96000000E+02  1.12269645E+00  1.12252699E+00  1.12269645E+00
   371  2.96800000E+02  1.12269645E+00  1.12252735E+00  1.12269645E+00
   372  2.97600000E+02  1.12269645E+00  1.12252786E+00  1.12269645E+00
 steady-height stop at step    372: changes <=   1.0000E-05, max-end <=   1.0000E-02, max/end/gap/profile_change =   1.12269645E+00  1.12252786E+00  1.68592512E-04  1.41090550E-06


STDERR:
