COMMAND:
/shared/swell_inference/datas/generate_rom_data/extrudate_swell2d_c_cluster

STDOUT:
 comppar: model =   3
 comppar: lambda,mobility/eps,betav,eta_0 =  1.0000E+00  1.0000E-01  5.0000E-01  1.0000E+00
 comppar: eta_s,eta_p,G =  5.0000E-01  5.0000E-01  5.0000E-01
 comppar: U_avg,deltat,flowrate,nsteps =  2.5000E-02  8.0000E-01  7.8540E-02     700
 comppar: geometry = axisymmetric
 comppar: steady stop change,gap,hold,min =  1.0000E-05  1.0000E-02      10      80
 comppar: ncompc,ncompg =     4     5
 mesh nnodes = 5765
 mesh nelem = 2780
 P1 BC   5.0000000000000000     
 P2 BC   0.0000000000000000     
     1  8.00000000E-01  1.00253114E+00  1.00000000E+00  1.00253114E+00
     2  1.60000000E+00  1.00502400E+00  1.00000000E+00  1.00502400E+00
     3  2.40000000E+00  1.00745995E+00  1.00000000E+00  1.00745995E+00
     4  3.20000000E+00  1.00985017E+00  1.00000000E+00  1.00985017E+00
     5  4.00000000E+00  1.01220746E+00  1.00000000E+00  1.01220746E+00
     6  4.80000000E+00  1.01453612E+00  1.00000000E+00  1.01453612E+00
     7  5.60000000E+00  1.01682838E+00  1.00000000E+00  1.01682838E+00
     8  6.40000000E+00  1.01909307E+00  1.00000000E+00  1.01909307E+00
     9  7.20000000E+00  1.02132381E+00  1.00000000E+00  1.02132381E+00
    10  8.00000000E+00  1.02352430E+00  1.00000000E+00  1.02352430E+00
    11  8.80000000E+00  1.02569686E+00  1.00000000E+00  1.02569686E+00
    12  9.60000000E+00  1.02783394E+00  1.00000000E+00  1.02783394E+00
    13  1.04000000E+01  1.02994405E+00  1.00000000E+00  1.02994405E+00
    14  1.12000000E+01  1.03202496E+00  1.00000000E+00  1.03202496E+00
    15  1.20000000E+01  1.03407215E+00  1.00000000E+00  1.03407215E+00
    16  1.28000000E+01  1.03609873E+00  1.00000000E+00  1.03609873E+00
    17  1.36000000E+01  1.03807026E+00  1.00000000E+00  1.03807026E+00
    18  1.44000000E+01  1.04005211E+00  1.00000000E+00  1.04005211E+00
    19  1.52000000E+01  1.04197452E+00  1.00000000E+00  1.04197452E+00
    20  1.60000000E+01  1.04388686E+00  1.00000000E+00  1.04388686E+00
    21  1.68000000E+01  1.04576625E+00  1.00000000E+00  1.04576625E+00
    22  1.76000000E+01  1.04758609E+00  9.99999998E-01  1.04758609E+00
    23  1.84000000E+01  1.04943463E+00  9.99999995E-01  1.04943463E+00
    24  1.92000000E+01  1.05122031E+00  9.99999992E-01  1.05122031E+00
    25  2.00000000E+01  1.05297824E+00  9.99999988E-01  1.05297824E+00
    26  2.08000000E+01  1.05473513E+00  9.99999984E-01  1.05473513E+00
    27  2.16000000E+01  1.05642611E+00  9.99999979E-01  1.05642611E+00
    28  2.24000000E+01  1.05810223E+00  9.99999973E-01  1.05810223E+00
    29  2.32000000E+01  1.05977972E+00  9.99999967E-01  1.05977972E+00
    30  2.40000000E+01  1.06138933E+00  9.99999959E-01  1.06138933E+00
    31  2.48000000E+01  1.06298945E+00  9.99999951E-01  1.06298945E+00
    32  2.56000000E+01  1.06458744E+00  9.99999942E-01  1.06458744E+00
    33  2.64000000E+01  1.06611555E+00  9.99999931E-01  1.06611555E+00
    34  2.72000000E+01  1.06761247E+00  9.99999919E-01  1.06761247E+00
    35  2.80000000E+01  1.06914736E+00  9.99999906E-01  1.06914736E+00
    36  2.88000000E+01  1.07061132E+00  9.99999892E-01  1.07061132E+00
    37  2.96000000E+01  1.07200468E+00  9.99999876E-01  1.07200468E+00
    38  3.04000000E+01  1.07347673E+00  9.99999858E-01  1.07347673E+00
    39  3.12000000E+01  1.07487671E+00  9.99999838E-01  1.07487671E+00
    40  3.20000000E+01  1.07620201E+00  9.99999817E-01  1.07620201E+00
    41  3.28000000E+01  1.07754178E+00  9.99999794E-01  1.07754178E+00
    42  3.36000000E+01  1.07889863E+00  9.99999769E-01  1.07889863E+00
    43  3.44000000E+01  1.08018066E+00  9.99999741E-01  1.08018066E+00
    44  3.52000000E+01  1.08138558E+00  9.99999711E-01  1.08138558E+00
    45  3.60000000E+01  1.08268696E+00  9.99999678E-01  1.08268696E+00
    46  3.68000000E+01  1.08392573E+00  9.99999643E-01  1.08392573E+00
    47  3.76000000E+01  1.08508723E+00  9.99999605E-01  1.08508723E+00
    48  3.84000000E+01  1.08618684E+00  9.99999563E-01  1.08618684E+00
    49  3.92000000E+01  1.08740706E+00  9.99999519E-01  1.08740706E+00
    50  4.00000000E+01  1.08855053E+00  9.99999471E-01  1.08855053E+00
    51  4.08000000E+01  1.08961545E+00  9.99999419E-01  1.08961545E+00
    52  4.16000000E+01  1.09064279E+00  9.99999363E-01  1.09064279E+00
    53  4.24000000E+01  1.09176786E+00  9.99999304E-01  1.09176786E+00
    54  4.32000000E+01  1.09281477E+00  9.99999240E-01  1.09281477E+00
    55  4.40000000E+01  1.09378210E+00  9.99999171E-01  1.09378210E+00
    56  4.48000000E+01  1.09468239E+00  9.99999097E-01  1.09468239E+00
    57  4.56000000E+01  1.09573428E+00  9.99999019E-01  1.09573428E+00
    58  4.64000000E+01  1.09670742E+00  9.99998935E-01  1.09670742E+00
    59  4.72000000E+01  1.09760080E+00  9.99998845E-01  1.09760080E+00
    60  4.80000000E+01  1.09841391E+00  9.99998750E-01  1.09841391E+00
    61  4.88000000E+01  1.09936882E+00  9.99998648E-01  1.09936882E+00
    62  4.96000000E+01  1.10026748E+00  9.99998539E-01  1.10026748E+00
    63  5.04000000E+01  1.10108629E+00  9.99998424E-01  1.10108629E+00
    64  5.12000000E+01  1.10182522E+00  9.99998301E-01  1.10182522E+00
    65  5.20000000E+01  1.10265883E+00  9.99998170E-01  1.10265883E+00
    66  5.28000000E+01  1.10348608E+00  9.99998032E-01  1.10348608E+00
    67  5.36000000E+01  1.10423406E+00  9.99997885E-01  1.10423406E+00
    68  5.44000000E+01  1.10490343E+00  9.99997729E-01  1.10490343E+00
    69  5.52000000E+01  1.10565128E+00  9.99997564E-01  1.10565128E+00
    70  5.60000000E+01  1.10640653E+00  9.99997388E-01  1.10640653E+00
    71  5.68000000E+01  1.10708321E+00  9.99997203E-01  1.10708321E+00
    72  5.76000000E+01  1.10768264E+00  9.99997007E-01  1.10768264E+00
    73  5.84000000E+01  1.10834228E+00  9.99996800E-01  1.10834228E+00
    74  5.92000000E+01  1.10902789E+00  9.99996581E-01  1.10902789E+00
    75  6.00000000E+01  1.10963661E+00  9.99996350E-01  1.10963661E+00
    76  6.08000000E+01  1.11017053E+00  9.99996105E-01  1.11017053E+00
    77  6.16000000E+01  1.11076989E+00  9.99995848E-01  1.11076989E+00
    78  6.24000000E+01  1.11138544E+00  9.99995576E-01  1.11138544E+00
    79  6.32000000E+01  1.11192594E+00  9.99995290E-01  1.11192594E+00
    80  6.40000000E+01  1.11239421E+00  9.99994989E-01  1.11239421E+00
    81  6.48000000E+01  1.11293487E+00  9.99994671E-01  1.11293487E+00
    82  6.56000000E+01  1.11348450E+00  9.99994337E-01  1.11348450E+00
    83  6.64000000E+01  1.11396192E+00  9.99993986E-01  1.11396192E+00
    84  6.72000000E+01  1.11437060E+00  9.99993617E-01  1.11437060E+00
    85  6.80000000E+01  1.11486915E+00  9.99993229E-01  1.11486915E+00
    86  6.88000000E+01  1.11535273E+00  9.99992821E-01  1.11535273E+00
    87  6.96000000E+01  1.11576714E+00  9.99992394E-01  1.11576714E+00
    88  7.04000000E+01  1.11611655E+00  9.99991945E-01  1.11611655E+00
    89  7.12000000E+01  1.11658282E+00  9.99991474E-01  1.11658282E+00
    90  7.20000000E+01  1.11700611E+00  9.99990980E-01  1.11700611E+00
    91  7.28000000E+01  1.11736402E+00  9.99990463E-01  1.11736402E+00
    92  7.36000000E+01  1.11766530E+00  9.99989921E-01  1.11766530E+00
    93  7.44000000E+01  1.11809443E+00  9.99989354E-01  1.11809443E+00
    94  7.52000000E+01  1.11845771E+00  9.99988761E-01  1.11845771E+00
    95  7.60000000E+01  1.11875971E+00  9.99988140E-01  1.11875971E+00
    96  7.68000000E+01  1.11905180E+00  9.99987491E-01  1.11905180E+00
    97  7.76000000E+01  1.11942367E+00  9.99986812E-01  1.11942367E+00
    98  7.84000000E+01  1.11973375E+00  9.99986104E-01  1.11973375E+00
    99  7.92000000E+01  1.11998702E+00  9.99985364E-01  1.11998702E+00
   100  8.00000000E+01  1.12026341E+00  9.99984591E-01  1.12026341E+00
   101  8.08000000E+01  1.12057855E+00  9.99983786E-01  1.12057855E+00
   102  8.16000000E+01  1.12083632E+00  9.99982946E-01  1.12083632E+00
   103  8.24000000E+01  1.12104214E+00  9.99982070E-01  1.12104214E+00
   104  8.32000000E+01  1.12132315E+00  9.99981158E-01  1.12132315E+00
   105  8.40000000E+01  1.12158857E+00  9.99980208E-01  1.12158857E+00
   106  8.48000000E+01  1.12180125E+00  9.99979219E-01  1.12180125E+00
   107  8.56000000E+01  1.12196686E+00  9.99978191E-01  1.12196686E+00
   108  8.64000000E+01  1.12223195E+00  9.99977121E-01  1.12223195E+00
   109  8.72000000E+01  1.12244882E+00  9.99976009E-01  1.12244882E+00
   110  8.80000000E+01  1.12261803E+00  9.99974854E-01  1.12261803E+00
   111  8.88000000E+01  1.12279889E+00  9.99973655E-01  1.12279889E+00
   112  8.96000000E+01  1.12302296E+00  9.99972410E-01  1.12302296E+00
   113  9.04000000E+01  1.12319849E+00  9.99971119E-01  1.12319849E+00
   114  9.12000000E+01  1.12333130E+00  9.99969780E-01  1.12333130E+00
   115  9.20000000E+01  1.12350534E+00  9.99968392E-01  1.12350534E+00
   116  9.28000000E+01  1.12368475E+00  9.99966955E-01  1.12368475E+00
   117  9.36000000E+01  1.12382084E+00  9.99965467E-01  1.12382084E+00
   118  9.44000000E+01  1.12393144E+00  9.99963928E-01  1.12393144E+00
   119  9.52000000E+01  1.12411753E+00  9.99962336E-01  1.12411753E+00
   120  9.60000000E+01  1.12425937E+00  9.99960691E-01  1.12425937E+00
   121  9.68000000E+01  1.12436285E+00  9.99958992E-01  1.12436285E+00
   122  9.76000000E+01  1.12447296E+00  9.99957238E-01  1.12447296E+00
   123  9.84000000E+01  1.12461837E+00  9.99955428E-01  1.12461837E+00
   124  9.92000000E+01  1.12472481E+00  9.99953562E-01  1.12472481E+00
   125  1.00000000E+02  1.12479825E+00  9.99951640E-01  1.12479825E+00
   126  1.00800000E+02  1.12494079E+00  9.99949660E-01  1.12494079E+00
   127  1.01600000E+02  1.12505238E+00  9.99947624E-01  1.12505238E+00
   128  1.02400000E+02  1.12512995E+00  9.99945529E-01  1.12512995E+00
   129  1.03200000E+02  1.12519756E+00  9.99943377E-01  1.12519756E+00
   130  1.04000000E+02  1.12531238E+00  9.99941168E-01  1.12531238E+00
   131  1.04800000E+02  1.12539259E+00  9.99938901E-01  1.12539259E+00
   132  1.05600000E+02  1.12544408E+00  9.99936577E-01  1.12544408E+00
   133  1.06400000E+02  1.12554968E+00  9.99934196E-01  1.12554968E+00
   134  1.07200000E+02  1.12563440E+00  9.99931761E-01  1.12563440E+00
   135  1.08000000E+02  1.12568935E+00  9.99929270E-01  1.12568935E+00
   136  1.08800000E+02  1.12573089E+00  9.99926726E-01  1.12573089E+00
   137  1.09600000E+02  1.12581850E+00  9.99924130E-01  1.12581850E+00
   138  1.10400000E+02  1.12587577E+00  9.99921484E-01  1.12587577E+00
   139  1.11200000E+02  1.12590849E+00  9.99918790E-01  1.12590849E+00
   140  1.12000000E+02  1.12599123E+00  9.99916050E-01  1.12599123E+00
   141  1.12800000E+02  1.12605234E+00  9.99913267E-01  1.12605234E+00
   142  1.13600000E+02  1.12608785E+00  9.99910443E-01  1.12608785E+00
   143  1.14400000E+02  1.12611539E+00  9.99907583E-01  1.12611539E+00
   144  1.15200000E+02  1.12617904E+00  9.99904690E-01  1.12617904E+00
   145  1.16000000E+02  1.12621653E+00  9.99901767E-01  1.12621653E+00
   146  1.16800000E+02  1.12623568E+00  9.99898821E-01  1.12623568E+00
   147  1.17600000E+02  1.12630355E+00  9.99895856E-01  1.12630355E+00
   148  1.18400000E+02  1.12634420E+00  9.99892877E-01  1.12634420E+00
   149  1.19200000E+02  1.12636324E+00  9.99889891E-01  1.12636324E+00
   150  1.20000000E+02  1.12638546E+00  9.99886904E-01  1.12638546E+00
   151  1.20800000E+02  1.12642830E+00  9.99883925E-01  1.12642830E+00
   152  1.21600000E+02  1.12644901E+00  9.99880962E-01  1.12644901E+00
   153  1.22400000E+02  1.12647092E+00  9.99878022E-01  1.12647092E+00
   154  1.23200000E+02  1.12651729E+00  9.99875117E-01  1.12651729E+00
   155  1.24000000E+02  1.12654046E+00  9.99872256E-01  1.12654046E+00
   156  1.24800000E+02  1.12654583E+00  9.99869450E-01  1.12654583E+00
   157  1.25600000E+02  1.12656841E+00  9.99866713E-01  1.12656841E+00
   158  1.26400000E+02  1.12659344E+00  9.99864057E-01  1.12659344E+00
   159  1.27200000E+02  1.12660019E+00  9.99861496E-01  1.12660019E+00
   160  1.28000000E+02  1.12662893E+00  9.99859046E-01  1.12662893E+00
   161  1.28800000E+02  1.12665679E+00  9.99856724E-01  1.12665679E+00
   162  1.29600000E+02  1.12666531E+00  9.99854546E-01  1.12666531E+00
   163  1.30400000E+02  1.12665961E+00  9.99852533E-01  1.12665961E+00
   164  1.31200000E+02  1.12668598E+00  9.99850703E-01  1.12668598E+00
   165  1.32000000E+02  1.12669604E+00  9.99849080E-01  1.12669604E+00
   166  1.32800000E+02  1.12669591E+00  9.99847685E-01  1.12669591E+00
   167  1.33600000E+02  1.12672901E+00  9.99846545E-01  1.12672901E+00
   168  1.34400000E+02  1.12674119E+00  9.99845684E-01  1.12674119E+00
   169  1.35200000E+02  1.12673769E+00  9.99845132E-01  1.12673769E+00
   170  1.36000000E+02  1.12674128E+00  9.99844918E-01  1.12674128E+00
   171  1.36800000E+02  1.12675517E+00  9.99845075E-01  1.12675517E+00
   172  1.37600000E+02  1.12675292E+00  9.99845636E-01  1.12675292E+00
   173  1.38400000E+02  1.12676988E+00  9.99846637E-01  1.12676988E+00
   174  1.39200000E+02  1.12678624E+00  9.99848118E-01  1.12678624E+00
   175  1.40000000E+02  1.12678542E+00  9.99850118E-01  1.12678542E+00
   176  1.40800000E+02  1.12677236E+00  9.99852681E-01  1.12677236E+00
   177  1.41600000E+02  1.12678863E+00  9.99855853E-01  1.12678863E+00
   178  1.42400000E+02  1.12678920E+00  9.99859682E-01  1.12678920E+00
   179  1.43200000E+02  1.12678895E+00  9.99864221E-01  1.12678895E+00
   180  1.44000000E+02  1.12681001E+00  9.99869522E-01  1.12681001E+00
   181  1.44800000E+02  1.12681234E+00  9.99875645E-01  1.12681234E+00
   182  1.45600000E+02  1.12680102E+00  9.99882649E-01  1.12680102E+00
   183  1.46400000E+02  1.12680460E+00  9.99890600E-01  1.12680460E+00
   184  1.47200000E+02  1.12680848E+00  9.99899564E-01  1.12680848E+00
   185  1.48000000E+02  1.12679825E+00  9.99909615E-01  1.12679825E+00
   186  1.48800000E+02  1.12681940E+00  9.99920826E-01  1.12681940E+00
   187  1.49600000E+02  1.12682538E+00  9.99933279E-01  1.12682538E+00
   188  1.50400000E+02  1.12681624E+00  9.99947058E-01  1.12681624E+00
   189  1.51200000E+02  1.12680893E+00  9.99962249E-01  1.12680893E+00
   190  1.52000000E+02  1.12681662E+00  9.99978948E-01  1.12681662E+00
   191  1.52800000E+02  1.12680871E+00  9.99997251E-01  1.12680871E+00
   192  1.53600000E+02  1.12681942E+00  1.00001726E+00  1.12681942E+00
   193  1.54400000E+02  1.12682955E+00  1.00003909E+00  1.12682955E+00
   194  1.55200000E+02  1.12682304E+00  1.00006285E+00  1.12682304E+00
   195  1.56000000E+02  1.12680581E+00  1.00008866E+00  1.12680581E+00
   196  1.56800000E+02  1.12681783E+00  1.00011664E+00  1.12681783E+00
   197  1.57600000E+02  1.12681269E+00  1.00014693E+00  1.12681269E+00
   198  1.58400000E+02  1.12681353E+00  1.00017966E+00  1.12681353E+00
   199  1.59200000E+02  1.12682832E+00  1.00021499E+00  1.12682832E+00
   200  1.60000000E+02  1.12682492E+00  1.00025306E+00  1.12682492E+00
   201  1.60800000E+02  1.12680836E+00  1.00029403E+00  1.12680836E+00
   202  1.61600000E+02  1.12681495E+00  1.00033806E+00  1.12681495E+00
   203  1.62400000E+02  1.12681307E+00  1.00038535E+00  1.12681307E+00
   204  1.63200000E+02  1.12680405E+00  1.00043605E+00  1.12680405E+00
   205  1.64000000E+02  1.12682401E+00  1.00049038E+00  1.12682401E+00
   206  1.64800000E+02  1.12682420E+00  1.00054852E+00  1.12682420E+00
   207  1.65600000E+02  1.12680976E+00  1.00061069E+00  1.12680976E+00
   208  1.66400000E+02  1.12680984E+00  1.00067710E+00  1.12680984E+00
   209  1.67200000E+02  1.12681172E+00  1.00074798E+00  1.12681172E+00
   210  1.68000000E+02  1.12679847E+00  1.00082357E+00  1.12679847E+00
   211  1.68800000E+02  1.12681812E+00  1.00090412E+00  1.12681812E+00
   212  1.69600000E+02  1.12682238E+00  1.00098988E+00  1.12682238E+00
   213  1.70400000E+02  1.12681050E+00  1.00108113E+00  1.12681050E+00
   214  1.71200000E+02  1.12680369E+00  1.00117814E+00  1.12680369E+00
   215  1.72000000E+02  1.12680981E+00  1.00128121E+00  1.12680981E+00
   216  1.72800000E+02  1.12679928E+00  1.00139063E+00  1.12679928E+00
   217  1.73600000E+02  1.12681152E+00  1.00150674E+00  1.12681152E+00
   218  1.74400000E+02  1.12682035E+00  1.00162984E+00  1.12682035E+00
   219  1.75200000E+02  1.12681150E+00  1.00176030E+00  1.12681150E+00
   220  1.76000000E+02  1.12680232E+00  1.00189845E+00  1.12680232E+00
   221  1.76800000E+02  1.12680799E+00  1.00204467E+00  1.12680799E+00
   222  1.77600000E+02  1.12680327E+00  1.00219933E+00  1.12680327E+00
   223  1.78400000E+02  1.12680467E+00  1.00236284E+00  1.12680467E+00
   224  1.79200000E+02  1.12681857E+00  1.00253560E+00  1.12681857E+00
   225  1.80000000E+02  1.12681321E+00  1.00271804E+00  1.12681321E+00
   226  1.80800000E+02  1.12680516E+00  1.00291059E+00  1.12680516E+00
   227  1.81600000E+02  1.12680654E+00  1.00311372E+00  1.12680654E+00
   228  1.82400000E+02  1.12680537E+00  1.00332787E+00  1.12680537E+00
   229  1.83200000E+02  1.12680535E+00  1.00355356E+00  1.12680535E+00
   230  1.84000000E+02  1.12681717E+00  1.00379126E+00  1.12681717E+00
   231  1.84800000E+02  1.12681579E+00  1.00404150E+00  1.12681579E+00
   232  1.85600000E+02  1.12680494E+00  1.00430480E+00  1.12680494E+00
   233  1.86400000E+02  1.12680550E+00  1.00458172E+00  1.12680550E+00
   234  1.87200000E+02  1.12680593E+00  1.00487282E+00  1.12680593E+00
   235  1.88000000E+02  1.12680428E+00  1.00517867E+00  1.12680428E+00
   236  1.88800000E+02  1.12681612E+00  1.00549987E+00  1.12681612E+00
   237  1.89600000E+02  1.12681918E+00  1.00583703E+00  1.12681918E+00
   238  1.90400000E+02  1.12680508E+00  1.00619077E+00  1.12680508E+00
   239  1.91200000E+02  1.12680474E+00  1.00656173E+00  1.12680474E+00
   240  1.92000000E+02  1.12680979E+00  1.00695056E+00  1.12680979E+00
   241  1.92800000E+02  1.12680259E+00  1.00735792E+00  1.12680259E+00
   242  1.93600000E+02  1.12681522E+00  1.00778451E+00  1.12681522E+00
   243  1.94400000E+02  1.12682322E+00  1.00823102E+00  1.12682322E+00
   244  1.95200000E+02  1.12681250E+00  1.00869814E+00  1.12681250E+00
   245  1.96000000E+02  1.12680403E+00  1.00918659E+00  1.12680403E+00
   246  1.96800000E+02  1.12681420E+00  1.00969710E+00  1.12681420E+00
   247  1.97600000E+02  1.12680508E+00  1.01023041E+00  1.12680508E+00
   248  1.98400000E+02  1.12681421E+00  1.01078725E+00  1.12681421E+00
   249  1.99200000E+02  1.12682765E+00  1.01136839E+00  1.12682765E+00
   250  2.00000000E+02  1.12682078E+00  1.01197456E+00  1.12682078E+00
   251  2.00800000E+02  1.12680310E+00  1.01260654E+00  1.12680310E+00
   252  2.01600000E+02  1.12681887E+00  1.01326507E+00  1.12681887E+00
   253  2.02400000E+02  1.12681377E+00  1.01395092E+00  1.12681377E+00
   254  2.03200000E+02  1.12681281E+00  1.01466485E+00  1.12681281E+00
   255  2.04000000E+02  1.12683217E+00  1.01540760E+00  1.12683217E+00
   256  2.04800000E+02  1.12682962E+00  1.01617993E+00  1.12682962E+00
   257  2.05600000E+02  1.12681041E+00  1.01698256E+00  1.12681041E+00
   258  2.06400000E+02  1.12682350E+00  1.01781621E+00  1.12682350E+00
   259  2.07200000E+02  1.12682288E+00  1.01868160E+00  1.12682288E+00
   260  2.08000000E+02  1.12681070E+00  1.01957940E+00  1.12681070E+00
   261  2.08800000E+02  1.12683646E+00  1.02051027E+00  1.12683646E+00
   262  2.09600000E+02  1.12683871E+00  1.02147485E+00  1.12683871E+00
   263  2.10400000E+02  1.12682277E+00  1.02247374E+00  1.12682277E+00
   264  2.11200000E+02  1.12682777E+00  1.02350752E+00  1.12682777E+00
   265  2.12000000E+02  1.12683212E+00  1.02457670E+00  1.12683212E+00
   266  2.12800000E+02  1.12681774E+00  1.02568178E+00  1.12681774E+00
   267  2.13600000E+02  1.12684022E+00  1.02682320E+00  1.12684022E+00
   268  2.14400000E+02  1.12684775E+00  1.02800133E+00  1.12684775E+00
   269  2.15200000E+02  1.12683553E+00  1.02921651E+00  1.12683553E+00
   270  2.16000000E+02  1.12683136E+00  1.03046901E+00  1.12683136E+00
   271  2.16800000E+02  1.12684118E+00  1.03175901E+00  1.12684118E+00
   272  2.17600000E+02  1.12683067E+00  1.03308665E+00  1.12683067E+00
   273  2.18400000E+02  1.12684314E+00  1.03445196E+00  1.12684314E+00
   274  2.19200000E+02  1.12685644E+00  1.03585493E+00  1.12685644E+00
   275  2.20000000E+02  1.12684840E+00  1.03729542E+00  1.12684840E+00
   276  2.20800000E+02  1.12683399E+00  1.03877322E+00  1.12683399E+00
   277  2.21600000E+02  1.12684975E+00  1.04028800E+00  1.12684975E+00
   278  2.22400000E+02  1.12684359E+00  1.04183937E+00  1.12684359E+00
   279  2.23200000E+02  1.12684494E+00  1.04342678E+00  1.12684494E+00
   280  2.24000000E+02  1.12686448E+00  1.04504961E+00  1.12686448E+00
   281  2.24800000E+02  1.12686109E+00  1.04670709E+00  1.12686109E+00
   282  2.25600000E+02  1.12684005E+00  1.04839836E+00  1.12684005E+00
   283  2.26400000E+02  1.12685756E+00  1.05012241E+00  1.12685756E+00
   284  2.27200000E+02  1.12685623E+00  1.05187812E+00  1.12685623E+00
   285  2.28000000E+02  1.12684534E+00  1.05366424E+00  1.12684534E+00
   286  2.28800000E+02  1.12687161E+00  1.05547937E+00  1.12687161E+00
   287  2.29600000E+02  1.12687335E+00  1.05732200E+00  1.12687335E+00
   288  2.30400000E+02  1.12685589E+00  1.05919046E+00  1.12685589E+00
   289  2.31200000E+02  1.12686434E+00  1.06108296E+00  1.12686434E+00
   290  2.32000000E+02  1.12686831E+00  1.06299758E+00  1.12686831E+00
   291  2.32800000E+02  1.12685253E+00  1.06493224E+00  1.12685253E+00
   292  2.33600000E+02  1.12687757E+00  1.06688476E+00  1.12687757E+00
   293  2.34400000E+02  1.12688491E+00  1.06885281E+00  1.12688491E+00
   294  2.35200000E+02  1.12687150E+00  1.07083393E+00  1.12687150E+00
   295  2.36000000E+02  1.12686987E+00  1.07282554E+00  1.12686987E+00
   296  2.36800000E+02  1.12687962E+00  1.07482495E+00  1.12687962E+00
   297  2.37600000E+02  1.12686803E+00  1.07682934E+00  1.12686803E+00
   298  2.38400000E+02  1.12688215E+00  1.07883580E+00  1.12688215E+00
   299  2.39200000E+02  1.12689556E+00  1.08084129E+00  1.12689556E+00
   300  2.40000000E+02  1.12688666E+00  1.08284272E+00  1.12688666E+00
   301  2.40800000E+02  1.12687390E+00  1.08483688E+00  1.12687390E+00
   302  2.41600000E+02  1.12688991E+00  1.08682049E+00  1.12688991E+00
   303  2.42400000E+02  1.12688300E+00  1.08879022E+00  1.12688300E+00
   304  2.43200000E+02  1.12688512E+00  1.09074266E+00  1.12688512E+00
   305  2.44000000E+02  1.12690508E+00  1.09267438E+00  1.12690508E+00
   306  2.44800000E+02  1.12690114E+00  1.09458189E+00  1.12690114E+00
   307  2.45600000E+02  1.12687858E+00  1.09646170E+00  1.12687858E+00
   308  2.46400000E+02  1.12689898E+00  1.09831032E+00  1.12689898E+00
   309  2.47200000E+02  1.12689721E+00  1.10012423E+00  1.12689721E+00
   310  2.48000000E+02  1.12688628E+00  1.10189998E+00  1.12688628E+00
   311  2.48800000E+02  1.12691326E+00  1.10363413E+00  1.12691326E+00
   312  2.49600000E+02  1.12691476E+00  1.10532329E+00  1.12691476E+00
   313  2.50400000E+02  1.12689609E+00  1.10696416E+00  1.12689609E+00
   314  2.51200000E+02  1.12690664E+00  1.10855352E+00  1.12690664E+00
   315  2.52000000E+02  1.12691049E+00  1.11008828E+00  1.12691049E+00
   316  2.52800000E+02  1.12689359E+00  1.11156545E+00  1.12689359E+00
   317  2.53600000E+02  1.12691993E+00  1.11298223E+00  1.12691993E+00
   318  2.54400000E+02  1.12692733E+00  1.11433599E+00  1.12692733E+00
   319  2.55200000E+02  1.12691301E+00  1.11562428E+00  1.12691301E+00
   320  2.56000000E+02  1.12691270E+00  1.11684492E+00  1.12691270E+00
   321  2.56800000E+02  1.12692263E+00  1.11799596E+00  1.12692263E+00
   322  2.57600000E+02  1.12691026E+00  1.11907577E+00  1.12691026E+00
   323  2.58400000E+02  1.12692490E+00  1.12008304E+00  1.12692490E+00
   324  2.59200000E+02  1.12693867E+00  1.12101680E+00  1.12693867E+00
   325  2.60000000E+02  1.12692916E+00  1.12187650E+00  1.12692916E+00
   326  2.60800000E+02  1.12691699E+00  1.12266200E+00  1.12691699E+00
   327  2.61600000E+02  1.12693348E+00  1.12337363E+00  1.12693348E+00
   328  2.62400000E+02  1.12692608E+00  1.12401219E+00  1.12692608E+00
   329  2.63200000E+02  1.12692801E+00  1.12457902E+00  1.12692801E+00
   330  2.64000000E+02  1.12694862E+00  1.12507595E+00  1.12694862E+00
   331  2.64800000E+02  1.12694439E+00  1.12550536E+00  1.12694439E+00
   332  2.65600000E+02  1.12692058E+00  1.12587017E+00  1.12692058E+00
   333  2.66400000E+02  1.12694296E+00  1.12617379E+00  1.12694296E+00
   334  2.67200000E+02  1.12694106E+00  1.12642013E+00  1.12694106E+00
   335  2.68000000E+02  1.12692943E+00  1.12661352E+00  1.12692943E+00
   336  2.68800000E+02  1.12695739E+00  1.12675871E+00  1.12695739E+00
   337  2.69600000E+02  1.12695892E+00  1.12686071E+00  1.12695892E+00
   338  2.70400000E+02  1.12693935E+00  1.12692478E+00  1.12693935E+00
   339  2.71200000E+02  1.12695632E+00  1.12695632E+00  1.12695632E+00
   340  2.72000000E+02  1.12696074E+00  1.12696074E+00  1.12696074E+00
   341  2.72800000E+02  1.12694337E+00  1.12694337E+00  1.12694337E+00
   342  2.73600000E+02  1.12690937E+00  1.12690937E+00  1.12690937E+00
   343  2.74400000E+02  1.12686361E+00  1.12686361E+00  1.12686361E+00
   344  2.75200000E+02  1.12681055E+00  1.12681055E+00  1.12681055E+00
   345  2.76000000E+02  1.12679281E+00  1.12675422E+00  1.12679281E+00
   346  2.76800000E+02  1.12679281E+00  1.12669811E+00  1.12679281E+00
   347  2.77600000E+02  1.12679281E+00  1.12664511E+00  1.12679281E+00
   348  2.78400000E+02  1.12679281E+00  1.12659752E+00  1.12679281E+00
   349  2.79200000E+02  1.12679280E+00  1.12655702E+00  1.12679280E+00
   350  2.80000000E+02  1.12679280E+00  1.12652470E+00  1.12679280E+00
   351  2.80800000E+02  1.12679280E+00  1.12650108E+00  1.12679280E+00
   352  2.81600000E+02  1.12679280E+00  1.12648618E+00  1.12679280E+00
   353  2.82400000E+02  1.12679280E+00  1.12647955E+00  1.12679280E+00
   354  2.83200000E+02  1.12679280E+00  1.12648044E+00  1.12679280E+00
   355  2.84000000E+02  1.12679279E+00  1.12648777E+00  1.12679279E+00
   356  2.84800000E+02  1.12679279E+00  1.12650032E+00  1.12679279E+00
   357  2.85600000E+02  1.12679279E+00  1.12651677E+00  1.12679279E+00
   358  2.86400000E+02  1.12679279E+00  1.12653577E+00  1.12679279E+00
   359  2.87200000E+02  1.12679279E+00  1.12655608E+00  1.12679279E+00
   360  2.88000000E+02  1.12679279E+00  1.12657653E+00  1.12679279E+00
   361  2.88800000E+02  1.12679279E+00  1.12659616E+00  1.12679279E+00
   362  2.89600000E+02  1.12679279E+00  1.12661419E+00  1.12679279E+00
   363  2.90400000E+02  1.12679278E+00  1.12663005E+00  1.12679278E+00
   364  2.91200000E+02  1.12679278E+00  1.12664340E+00  1.12679278E+00
   365  2.92000000E+02  1.12679278E+00  1.12665409E+00  1.12679278E+00
   366  2.92800000E+02  1.12679278E+00  1.12666214E+00  1.12679278E+00
   367  2.93600000E+02  1.12679278E+00  1.12666774E+00  1.12679278E+00
   368  2.94400000E+02  1.12679278E+00  1.12667116E+00  1.12679278E+00
   369  2.95200000E+02  1.12679278E+00  1.12667276E+00  1.12679278E+00
   370  2.96000000E+02  1.12679278E+00  1.12667295E+00  1.12679278E+00
   371  2.96800000E+02  1.12679278E+00  1.12667213E+00  1.12679278E+00
   372  2.97600000E+02  1.12679278E+00  1.12667066E+00  1.12679278E+00
   373  2.98400000E+02  1.12679278E+00  1.12666890E+00  1.12679278E+00
   374  2.99200000E+02  1.12679278E+00  1.12666712E+00  1.12679278E+00
   375  3.00000000E+02  1.12679278E+00  1.12666553E+00  1.12679278E+00
 steady-height stop at step    375: changes <=   1.0000E-05, max-end <=   1.0000E-02, max/end/gap/profile_change =   1.12679278E+00  1.12666553E+00  1.27250923E-04  1.59612715E-06


STDERR:
